OpenJDK 64-Bit Server VM (25.212-b04) for linux-amd64 JRE (1.8.0_212-b04), built on May  4 2019 17:56:12 by "buildozer" with gcc 8.3.0
Memory: 4k page, physical 1883492k(360376k free), swap 0k(0k free)
CommandLine flags: -XX:+CMSClassUnloadingEnabled -XX:CMSFullGCsBeforeCompaction=9 -XX:CMSInitiatingOccupancyFraction=60 -XX:+CMSParallelRemarkEnabled -XX:+DisableExplicitGC -XX:+ExplicitGCInvokesConcurrent -XX:GCLogFileSize=5242880 -XX:+HeapDumpOnOutOfMemoryError -XX:HeapDumpPath=/opt/logs/100003173/HeapDumpOnOutOfMemoryError/ -XX:InitialHeapSize=30135872 -XX:MaxHeapSize=482173952 -XX:MaxNewSize=160083968 -XX:MaxTenuringThreshold=9 -XX:NumberOfGCLogFiles=5 -XX:OldPLABSize=16 -XX:-OmitStackTraceInFastThrow -XX:ParallelGCThreads=4 -XX:+PrintGC -XX:+PrintGCApplicationConcurrentTime -XX:+PrintGCDateStamps -XX:+PrintGCDetails -XX:+PrintGCTimeStamps -XX:+PrintHeapAtGC -XX:+ScavengeBeforeFullGC -XX:SoftRefLRUPolicyMSPerMB=0 -XX:+UseCMSCompactAtFullCollection -XX:+UseCMSInitiatingOccupancyOnly -XX:+UseCompressedClassPointers -XX:+UseCompressedOops -XX:+UseConcMarkSweepGC -XX:+UseGCLogFileRotation -XX:+UseParNewGC 
2020-11-07T20:04:06.484+0800: 0.330: Application time: 0.2075005 seconds
{Heap before GC invocations=0 (full 0):
 par new generation   total 9216K, used 8192K [0x00000000e3400000, 0x00000000e3e00000, 0x00000000ecca0000)
  eden space 8192K, 100% used [0x00000000e3400000, 0x00000000e3c00000, 0x00000000e3c00000)
  from space 1024K,   0% used [0x00000000e3c00000, 0x00000000e3c00000, 0x00000000e3d00000)
  to   space 1024K,   0% used [0x00000000e3d00000, 0x00000000e3d00000, 0x00000000e3e00000)
 concurrent mark-sweep generation total 20480K, used 0K [0x00000000ecca0000, 0x00000000ee0a0000, 0x0000000100000000)
 Metaspace       used 3678K, capacity 4664K, committed 4864K, reserved 1056768K
  class space    used 345K, capacity 424K, committed 512K, reserved 1048576K
2020-11-07T20:04:06.484+0800: 0.330: [GC (Allocation Failure) 2020-11-07T20:04:06.484+0800: 0.330: [ParNew: 8192K->1024K(9216K), 0.0969856 secs] 8192K->7280K(29696K), 0.0970632 secs] [Times: user=0.08 sys=0.01, real=0.10 secs] 
Heap after GC invocations=1 (full 0):
 par new generation   total 9216K, used 1024K [0x00000000e3400000, 0x00000000e3e00000, 0x00000000ecca0000)
  eden space 8192K,   0% used [0x00000000e3400000, 0x00000000e3400000, 0x00000000e3c00000)
  from space 1024K, 100% used [0x00000000e3d00000, 0x00000000e3e00000, 0x00000000e3e00000)
  to   space 1024K,   0% used [0x00000000e3c00000, 0x00000000e3c00000, 0x00000000e3d00000)
 concurrent mark-sweep generation total 20480K, used 6256K [0x00000000ecca0000, 0x00000000ee0a0000, 0x0000000100000000)
 Metaspace       used 3678K, capacity 4664K, committed 4864K, reserved 1056768K
  class space    used 345K, capacity 424K, committed 512K, reserved 1048576K
}
2020-11-07T20:04:06.611+0800: 0.457: Application time: 0.0295094 seconds
2020-11-07T20:04:06.827+0800: 0.673: Application time: 0.2159165 seconds
{Heap before GC invocations=1 (full 0):
 par new generation   total 9216K, used 9216K [0x00000000e3400000, 0x00000000e3e00000, 0x00000000ecca0000)
  eden space 8192K, 100% used [0x00000000e3400000, 0x00000000e3c00000, 0x00000000e3c00000)
  from space 1024K, 100% used [0x00000000e3d00000, 0x00000000e3e00000, 0x00000000e3e00000)
  to   space 1024K,   0% used [0x00000000e3c00000, 0x00000000e3c00000, 0x00000000e3d00000)
 concurrent mark-sweep generation total 20480K, used 6256K [0x00000000ecca0000, 0x00000000ee0a0000, 0x0000000100000000)
 Metaspace       used 4409K, capacity 5160K, committed 5376K, reserved 1056768K
  class space    used 412K, capacity 464K, committed 512K, reserved 1048576K
2020-11-07T20:04:06.827+0800: 0.673: [GC (Allocation Failure) 2020-11-07T20:04:06.827+0800: 0.673: [ParNew: 9216K->1024K(9216K), 0.0309274 secs] 15472K->10882K(29696K), 0.0309905 secs] [Times: user=0.02 sys=0.00, real=0.03 secs] 
Heap after GC invocations=2 (full 0):
 par new generation   total 9216K, used 1024K [0x00000000e3400000, 0x00000000e3e00000, 0x00000000ecca0000)
  eden space 8192K,   0% used [0x00000000e3400000, 0x00000000e3400000, 0x00000000e3c00000)
  from space 1024K, 100% used [0x00000000e3c00000, 0x00000000e3d00000, 0x00000000e3d00000)
  to   space 1024K,   0% used [0x00000000e3d00000, 0x00000000e3d00000, 0x00000000e3e00000)
 concurrent mark-sweep generation total 20480K, used 9858K [0x00000000ecca0000, 0x00000000ee0a0000, 0x0000000100000000)
 Metaspace       used 4409K, capacity 5160K, committed 5376K, reserved 1056768K
  class space    used 412K, capacity 464K, committed 512K, reserved 1048576K
}
2020-11-07T20:04:06.956+0800: 0.802: Application time: 0.0977692 seconds
2020-11-07T20:04:07.047+0800: 0.892: Application time: 0.0903361 seconds
{Heap before GC invocations=2 (full 0):
 par new generation   total 9216K, used 9216K [0x00000000e3400000, 0x00000000e3e00000, 0x00000000ecca0000)
  eden space 8192K, 100% used [0x00000000e3400000, 0x00000000e3c00000, 0x00000000e3c00000)
  from space 1024K, 100% used [0x00000000e3c00000, 0x00000000e3d00000, 0x00000000e3d00000)
  to   space 1024K,   0% used [0x00000000e3d00000, 0x00000000e3d00000, 0x00000000e3e00000)
 concurrent mark-sweep generation total 20480K, used 9858K [0x00000000ecca0000, 0x00000000ee0a0000, 0x0000000100000000)
 Metaspace       used 5093K, capacity 5392K, committed 5504K, reserved 1056768K
  class space    used 512K, capacity 568K, committed 640K, reserved 1048576K
2020-11-07T20:04:07.047+0800: 0.893: [GC (Allocation Failure) 2020-11-07T20:04:07.047+0800: 0.893: [ParNew: 9216K->1024K(9216K), 0.0298893 secs] 19074K->12057K(29696K), 0.0299441 secs] [Times: user=0.02 sys=0.00, real=0.03 secs] 
Heap after GC invocations=3 (full 0):
 par new generation   total 9216K, used 1024K [0x00000000e3400000, 0x00000000e3e00000, 0x00000000ecca0000)
  eden space 8192K,   0% used [0x00000000e3400000, 0x00000000e3400000, 0x00000000e3c00000)
  from space 1024K, 100% used [0x00000000e3d00000, 0x00000000e3e00000, 0x00000000e3e00000)
  to   space 1024K,   0% used [0x00000000e3c00000, 0x00000000e3c00000, 0x00000000e3d00000)
 concurrent mark-sweep generation total 20480K, used 11033K [0x00000000ecca0000, 0x00000000ee0a0000, 0x0000000100000000)
 Metaspace       used 5093K, capacity 5392K, committed 5504K, reserved 1056768K
  class space    used 512K, capacity 568K, committed 640K, reserved 1048576K
}
2020-11-07T20:04:07.141+0800: 0.987: Application time: 0.0646902 seconds
{Heap before GC invocations=3 (full 0):
 par new generation   total 9216K, used 9216K [0x00000000e3400000, 0x00000000e3e00000, 0x00000000ecca0000)
  eden space 8192K, 100% used [0x00000000e3400000, 0x00000000e3c00000, 0x00000000e3c00000)
  from space 1024K, 100% used [0x00000000e3d00000, 0x00000000e3e00000, 0x00000000e3e00000)
  to   space 1024K,   0% used [0x00000000e3c00000, 0x00000000e3c00000, 0x00000000e3d00000)
 concurrent mark-sweep generation total 20480K, used 11033K [0x00000000ecca0000, 0x00000000ee0a0000, 0x0000000100000000)
 Metaspace       used 5286K, capacity 5584K, committed 5760K, reserved 1056768K
  class space    used 535K, capacity 568K, committed 640K, reserved 1048576K
2020-11-07T20:04:07.142+0800: 0.987: [GC (Allocation Failure) 2020-11-07T20:04:07.142+0800: 0.987: [ParNew: 9216K->413K(9216K), 0.0103510 secs] 20249K->11446K(29696K), 0.0104159 secs] [Times: user=0.01 sys=0.00, real=0.01 secs] 
Heap after GC invocations=4 (full 0):
 par new generation   total 9216K, used 413K [0x00000000e3400000, 0x00000000e3e00000, 0x00000000ecca0000)
  eden space 8192K,   0% used [0x00000000e3400000, 0x00000000e3400000, 0x00000000e3c00000)
  from space 1024K,  40% used [0x00000000e3c00000, 0x00000000e3c67638, 0x00000000e3d00000)
  to   space 1024K,   0% used [0x00000000e3d00000, 0x00000000e3d00000, 0x00000000e3e00000)
 concurrent mark-sweep generation total 20480K, used 11033K [0x00000000ecca0000, 0x00000000ee0a0000, 0x0000000100000000)
 Metaspace       used 5286K, capacity 5584K, committed 5760K, reserved 1056768K
  class space    used 535K, capacity 568K, committed 640K, reserved 1048576K
}
2020-11-07T20:04:07.221+0800: 1.067: Application time: 0.0691501 seconds
{Heap before GC invocations=4 (full 0):
 par new generation   total 9216K, used 8605K [0x00000000e3400000, 0x00000000e3e00000, 0x00000000ecca0000)
  eden space 8192K, 100% used [0x00000000e3400000, 0x00000000e3c00000, 0x00000000e3c00000)
  from space 1024K,  40% used [0x00000000e3c00000, 0x00000000e3c67638, 0x00000000e3d00000)
  to   space 1024K,   0% used [0x00000000e3d00000, 0x00000000e3d00000, 0x00000000e3e00000)
 concurrent mark-sweep generation total 20480K, used 11033K [0x00000000ecca0000, 0x00000000ee0a0000, 0x0000000100000000)
 Metaspace       used 5424K, capacity 5680K, committed 5760K, reserved 1056768K
  class space    used 563K, capacity 600K, committed 640K, reserved 1048576K
2020-11-07T20:04:07.221+0800: 1.067: [GC (Allocation Failure) 2020-11-07T20:04:07.221+0800: 1.067: [ParNew: 8605K->402K(9216K), 0.0020662 secs] 19638K->11435K(29696K), 0.0021322 secs] [Times: user=0.00 sys=0.00, real=0.00 secs] 
Heap after GC invocations=5 (full 0):
 par new generation   total 9216K, used 402K [0x00000000e3400000, 0x00000000e3e00000, 0x00000000ecca0000)
  eden space 8192K,   0% used [0x00000000e3400000, 0x00000000e3400000, 0x00000000e3c00000)
  from space 1024K,  39% used [0x00000000e3d00000, 0x00000000e3d648a0, 0x00000000e3e00000)
  to   space 1024K,   0% used [0x00000000e3c00000, 0x00000000e3c00000, 0x00000000e3d00000)
 concurrent mark-sweep generation total 20480K, used 11033K [0x00000000ecca0000, 0x00000000ee0a0000, 0x0000000100000000)
 Metaspace       used 5424K, capacity 5680K, committed 5760K, reserved 1056768K
  class space    used 563K, capacity 600K, committed 640K, reserved 1048576K
}
2020-11-07T20:04:07.232+0800: 1.078: Application time: 0.0080983 seconds
2020-11-07T20:04:07.392+0800: 1.238: Application time: 0.1600350 seconds
{Heap before GC invocations=5 (full 0):
 par new generation   total 9216K, used 8594K [0x00000000e3400000, 0x00000000e3e00000, 0x00000000ecca0000)
  eden space 8192K, 100% used [0x00000000e3400000, 0x00000000e3c00000, 0x00000000e3c00000)
  from space 1024K,  39% used [0x00000000e3d00000, 0x00000000e3d648a0, 0x00000000e3e00000)
  to   space 1024K,   0% used [0x00000000e3c00000, 0x00000000e3c00000, 0x00000000e3d00000)
 concurrent mark-sweep generation total 20480K, used 11033K [0x00000000ecca0000, 0x00000000ee0a0000, 0x0000000100000000)
 Metaspace       used 6599K, capacity 6744K, committed 6912K, reserved 1056768K
  class space    used 697K, capacity 760K, committed 768K, reserved 1048576K
2020-11-07T20:04:07.392+0800: 1.238: [GC (Allocation Failure) 2020-11-07T20:04:07.392+0800: 1.238: [ParNew: 8594K->621K(9216K), 0.0180484 secs] 19627K->11654K(29696K), 0.0181034 secs] [Times: user=0.02 sys=0.00, real=0.02 secs] 
Heap after GC invocations=6 (full 0):
 par new generation   total 9216K, used 621K [0x00000000e3400000, 0x00000000e3e00000, 0x00000000ecca0000)
  eden space 8192K,   0% used [0x00000000e3400000, 0x00000000e3400000, 0x00000000e3c00000)
  from space 1024K,  60% used [0x00000000e3c00000, 0x00000000e3c9b508, 0x00000000e3d00000)
  to   space 1024K,   0% used [0x00000000e3d00000, 0x00000000e3d00000, 0x00000000e3e00000)
 concurrent mark-sweep generation total 20480K, used 11033K [0x00000000ecca0000, 0x00000000ee0a0000, 0x0000000100000000)
 Metaspace       used 6599K, capacity 6744K, committed 6912K, reserved 1056768K
  class space    used 697K, capacity 760K, committed 768K, reserved 1048576K
}
2020-11-07T20:04:07.817+0800: 1.663: Application time: 0.4069775 seconds
{Heap before GC invocations=6 (full 0):
 par new generation   total 9216K, used 8813K [0x00000000e3400000, 0x00000000e3e00000, 0x00000000ecca0000)
  eden space 8192K, 100% used [0x00000000e3400000, 0x00000000e3c00000, 0x00000000e3c00000)
  from space 1024K,  60% used [0x00000000e3c00000, 0x00000000e3c9b508, 0x00000000e3d00000)
  to   space 1024K,   0% used [0x00000000e3d00000, 0x00000000e3d00000, 0x00000000e3e00000)
 concurrent mark-sweep generation total 20480K, used 11033K [0x00000000ecca0000, 0x00000000ee0a0000, 0x0000000100000000)
 Metaspace       used 6738K, capacity 6904K, committed 7040K, reserved 1056768K
  class space    used 719K, capacity 792K, committed 896K, reserved 1048576K
2020-11-07T20:04:07.817+0800: 1.663: [GC (Allocation Failure) 2020-11-07T20:04:07.817+0800: 1.663: [ParNew: 8813K->527K(9216K), 0.0093243 secs] 19846K->11704K(29696K), 0.0093962 secs] [Times: user=0.01 sys=0.00, real=0.01 secs] 
Heap after GC invocations=7 (full 0):
 par new generation   total 9216K, used 527K [0x00000000e3400000, 0x00000000e3e00000, 0x00000000ecca0000)
  eden space 8192K,   0% used [0x00000000e3400000, 0x00000000e3400000, 0x00000000e3c00000)
  from space 1024K,  51% used [0x00000000e3d00000, 0x00000000e3d83c08, 0x00000000e3e00000)
  to   space 1024K,   0% used [0x00000000e3c00000, 0x00000000e3c00000, 0x00000000e3d00000)
 concurrent mark-sweep generation total 20480K, used 11177K [0x00000000ecca0000, 0x00000000ee0a0000, 0x0000000100000000)
 Metaspace       used 6738K, capacity 6904K, committed 7040K, reserved 1056768K
  class space    used 719K, capacity 792K, committed 896K, reserved 1048576K
}
2020-11-07T20:04:07.897+0800: 1.743: Application time: 0.0703687 seconds
{Heap before GC invocations=7 (full 0):
 par new generation   total 9216K, used 8719K [0x00000000e3400000, 0x00000000e3e00000, 0x00000000ecca0000)
  eden space 8192K, 100% used [0x00000000e3400000, 0x00000000e3c00000, 0x00000000e3c00000)
  from space 1024K,  51% used [0x00000000e3d00000, 0x00000000e3d83c08, 0x00000000e3e00000)
  to   space 1024K,   0% used [0x00000000e3c00000, 0x00000000e3c00000, 0x00000000e3d00000)
 concurrent mark-sweep generation total 20480K, used 11177K [0x00000000ecca0000, 0x00000000ee0a0000, 0x0000000100000000)
 Metaspace       used 6980K, capacity 7128K, committed 7296K, reserved 1056768K
  class space    used 753K, capacity 824K, committed 896K, reserved 1048576K
2020-11-07T20:04:07.897+0800: 1.743: [GC (Allocation Failure) 2020-11-07T20:04:07.897+0800: 1.743: [ParNew: 8719K->668K(9216K), 0.0168626 secs] 19896K->11846K(29696K), 0.0169202 secs] [Times: user=0.01 sys=0.00, real=0.01 secs] 
Heap after GC invocations=8 (full 0):
 par new generation   total 9216K, used 668K [0x00000000e3400000, 0x00000000e3e00000, 0x00000000ecca0000)
  eden space 8192K,   0% used [0x00000000e3400000, 0x00000000e3400000, 0x00000000e3c00000)
  from space 1024K,  65% used [0x00000000e3c00000, 0x00000000e3ca7228, 0x00000000e3d00000)
  to   space 1024K,   0% used [0x00000000e3d00000, 0x00000000e3d00000, 0x00000000e3e00000)
 concurrent mark-sweep generation total 20480K, used 11177K [0x00000000ecca0000, 0x00000000ee0a0000, 0x0000000100000000)
 Metaspace       used 6980K, capacity 7128K, committed 7296K, reserved 1056768K
  class space    used 753K, capacity 824K, committed 896K, reserved 1048576K
}
2020-11-07T20:04:07.948+0800: 1.794: Application time: 0.0334694 seconds
{Heap before GC invocations=8 (full 0):
 par new generation   total 9216K, used 8860K [0x00000000e3400000, 0x00000000e3e00000, 0x00000000ecca0000)
  eden space 8192K, 100% used [0x00000000e3400000, 0x00000000e3c00000, 0x00000000e3c00000)
  from space 1024K,  65% used [0x00000000e3c00000, 0x00000000e3ca7228, 0x00000000e3d00000)
  to   space 1024K,   0% used [0x00000000e3d00000, 0x00000000e3d00000, 0x00000000e3e00000)
 concurrent mark-sweep generation total 20480K, used 11177K [0x00000000ecca0000, 0x00000000ee0a0000, 0x0000000100000000)
 Metaspace       used 7070K, capacity 7224K, committed 7296K, reserved 1056768K
  class space    used 784K, capacity 856K, committed 896K, reserved 1048576K
2020-11-07T20:04:07.948+0800: 1.794: [GC (Allocation Failure) 2020-11-07T20:04:07.948+0800: 1.794: [ParNew: 8860K->452K(9216K), 0.0048396 secs] 20038K->11689K(29696K), 0.0048777 secs] [Times: user=0.01 sys=0.00, real=0.00 secs] 
Heap after GC invocations=9 (full 0):
 par new generation   total 9216K, used 452K [0x00000000e3400000, 0x00000000e3e00000, 0x00000000ecca0000)
  eden space 8192K,   0% used [0x00000000e3400000, 0x00000000e3400000, 0x00000000e3c00000)
  from space 1024K,  44% used [0x00000000e3d00000, 0x00000000e3d712c0, 0x00000000e3e00000)
  to   space 1024K,   0% used [0x00000000e3c00000, 0x00000000e3c00000, 0x00000000e3d00000)
 concurrent mark-sweep generation total 20480K, used 11237K [0x00000000ecca0000, 0x00000000ee0a0000, 0x0000000100000000)
 Metaspace       used 7070K, capacity 7224K, committed 7296K, reserved 1056768K
  class space    used 784K, capacity 856K, committed 896K, reserved 1048576K
}
2020-11-07T20:04:08.033+0800: 1.878: Application time: 0.0797736 seconds
2020-11-07T20:04:08.099+0800: 1.945: Application time: 0.0667110 seconds
{Heap before GC invocations=9 (full 0):
 par new generation   total 9216K, used 8644K [0x00000000e3400000, 0x00000000e3e00000, 0x00000000ecca0000)
  eden space 8192K, 100% used [0x00000000e3400000, 0x00000000e3c00000, 0x00000000e3c00000)
  from space 1024K,  44% used [0x00000000e3d00000, 0x00000000e3d712c0, 0x00000000e3e00000)
  to   space 1024K,   0% used [0x00000000e3c00000, 0x00000000e3c00000, 0x00000000e3d00000)
 concurrent mark-sweep generation total 20480K, used 11237K [0x00000000ecca0000, 0x00000000ee0a0000, 0x0000000100000000)
 Metaspace       used 7914K, capacity 8056K, committed 8192K, reserved 1056768K
  class space    used 876K, capacity 920K, committed 1024K, reserved 1048576K
2020-11-07T20:04:08.100+0800: 1.945: [GC (Allocation Failure) 2020-11-07T20:04:08.100+0800: 1.945: [ParNew: 8644K->862K(9216K), 0.0123142 secs] 19881K->12099K(29696K), 0.0123668 secs] [Times: user=0.01 sys=0.00, real=0.01 secs] 
Heap after GC invocations=10 (full 0):
 par new generation   total 9216K, used 862K [0x00000000e3400000, 0x00000000e3e00000, 0x00000000ecca0000)
  eden space 8192K,   0% used [0x00000000e3400000, 0x00000000e3400000, 0x00000000e3c00000)
  from space 1024K,  84% used [0x00000000e3c00000, 0x00000000e3cd7970, 0x00000000e3d00000)
  to   space 1024K,   0% used [0x00000000e3d00000, 0x00000000e3d00000, 0x00000000e3e00000)
 concurrent mark-sweep generation total 20480K, used 11237K [0x00000000ecca0000, 0x00000000ee0a0000, 0x0000000100000000)
 Metaspace       used 7914K, capacity 8056K, committed 8192K, reserved 1056768K
  class space    used 876K, capacity 920K, committed 1024K, reserved 1048576K
}
2020-11-07T20:04:08.206+0800: 2.052: Application time: 0.0942983 seconds
{Heap before GC invocations=10 (full 0):
 par new generation   total 9216K, used 9054K [0x00000000e3400000, 0x00000000e3e00000, 0x00000000ecca0000)
  eden space 8192K, 100% used [0x00000000e3400000, 0x00000000e3c00000, 0x00000000e3c00000)
  from space 1024K,  84% used [0x00000000e3c00000, 0x00000000e3cd7970, 0x00000000e3d00000)
  to   space 1024K,   0% used [0x00000000e3d00000, 0x00000000e3d00000, 0x00000000e3e00000)
 concurrent mark-sweep generation total 20480K, used 11237K [0x00000000ecca0000, 0x00000000ee0a0000, 0x0000000100000000)
 Metaspace       used 8249K, capacity 8408K, committed 8704K, reserved 1056768K
  class space    used 913K, capacity 952K, committed 1024K, reserved 1048576K
2020-11-07T20:04:08.207+0800: 2.052: [GC (Allocation Failure) 2020-11-07T20:04:08.207+0800: 2.052: [ParNew: 9054K->957K(9216K), 0.0126129 secs] 20291K->12499K(29696K), 0.0126658 secs] [Times: user=0.01 sys=0.00, real=0.01 secs] 
Heap after GC invocations=11 (full 0):
 par new generation   total 9216K, used 957K [0x00000000e3400000, 0x00000000e3e00000, 0x00000000ecca0000)
  eden space 8192K,   0% used [0x00000000e3400000, 0x00000000e3400000, 0x00000000e3c00000)
  from space 1024K,  93% used [0x00000000e3d00000, 0x00000000e3def408, 0x00000000e3e00000)
  to   space 1024K,   0% used [0x00000000e3c00000, 0x00000000e3c00000, 0x00000000e3d00000)
 concurrent mark-sweep generation total 20480K, used 11542K [0x00000000ecca0000, 0x00000000ee0a0000, 0x0000000100000000)
 Metaspace       used 8249K, capacity 8408K, committed 8704K, reserved 1056768K
  class space    used 913K, capacity 952K, committed 1024K, reserved 1048576K
}
2020-11-07T20:04:08.505+0800: 2.351: Application time: 0.2855925 seconds
{Heap before GC invocations=11 (full 0):
 par new generation   total 9216K, used 9149K [0x00000000e3400000, 0x00000000e3e00000, 0x00000000ecca0000)
  eden space 8192K, 100% used [0x00000000e3400000, 0x00000000e3c00000, 0x00000000e3c00000)
  from space 1024K,  93% used [0x00000000e3d00000, 0x00000000e3def408, 0x00000000e3e00000)
  to   space 1024K,   0% used [0x00000000e3c00000, 0x00000000e3c00000, 0x00000000e3d00000)
 concurrent mark-sweep generation total 20480K, used 11542K [0x00000000ecca0000, 0x00000000ee0a0000, 0x0000000100000000)
 Metaspace       used 9742K, capacity 9906K, committed 10240K, reserved 1058816K
  class space    used 1085K, capacity 1157K, committed 1280K, reserved 1048576K
2020-11-07T20:04:08.505+0800: 2.351: [GC (Allocation Failure) 2020-11-07T20:04:08.505+0800: 2.351: [ParNew: 9149K->1023K(9216K), 0.0249214 secs] 20691K->12928K(29696K), 0.0250081 secs] [Times: user=0.02 sys=0.00, real=0.02 secs] 
Heap after GC invocations=12 (full 0):
 par new generation   total 9216K, used 1023K [0x00000000e3400000, 0x00000000e3e00000, 0x00000000ecca0000)
  eden space 8192K,   0% used [0x00000000e3400000, 0x00000000e3400000, 0x00000000e3c00000)
  from space 1024K,  99% used [0x00000000e3c00000, 0x00000000e3cfffb0, 0x00000000e3d00000)
  to   space 1024K,   0% used [0x00000000e3d00000, 0x00000000e3d00000, 0x00000000e3e00000)
 concurrent mark-sweep generation total 20480K, used 11904K [0x00000000ecca0000, 0x00000000ee0a0000, 0x0000000100000000)
 Metaspace       used 9742K, capacity 9906K, committed 10240K, reserved 1058816K
  class space    used 1085K, capacity 1157K, committed 1280K, reserved 1048576K
}
2020-11-07T20:04:08.602+0800: 2.447: Application time: 0.0713973 seconds
{Heap before GC invocations=12 (full 0):
 par new generation   total 9216K, used 9215K [0x00000000e3400000, 0x00000000e3e00000, 0x00000000ecca0000)
  eden space 8192K, 100% used [0x00000000e3400000, 0x00000000e3c00000, 0x00000000e3c00000)
  from space 1024K,  99% used [0x00000000e3c00000, 0x00000000e3cfffb0, 0x00000000e3d00000)
  to   space 1024K,   0% used [0x00000000e3d00000, 0x00000000e3d00000, 0x00000000e3e00000)
 concurrent mark-sweep generation total 20480K, used 11904K [0x00000000ecca0000, 0x00000000ee0a0000, 0x0000000100000000)
 Metaspace       used 9986K, capacity 10228K, committed 10496K, reserved 1058816K
  class space    used 1121K, capacity 1222K, committed 1280K, reserved 1048576K
2020-11-07T20:04:08.602+0800: 2.448: [GC (Allocation Failure) 2020-11-07T20:04:08.602+0800: 2.448: [ParNew: 9215K->445K(9216K), 0.0248726 secs] 21120K->12929K(29696K), 0.0249250 secs] [Times: user=0.02 sys=0.01, real=0.03 secs] 
Heap after GC invocations=13 (full 0):
 par new generation   total 9216K, used 445K [0x00000000e3400000, 0x00000000e3e00000, 0x00000000ecca0000)
  eden space 8192K,   0% used [0x00000000e3400000, 0x00000000e3400000, 0x00000000e3c00000)
  from space 1024K,  43% used [0x00000000e3d00000, 0x00000000e3d6f600, 0x00000000e3e00000)
  to   space 1024K,   0% used [0x00000000e3c00000, 0x00000000e3c00000, 0x00000000e3d00000)
 concurrent mark-sweep generation total 20480K, used 12484K [0x00000000ecca0000, 0x00000000ee0a0000, 0x0000000100000000)
 Metaspace       used 9986K, capacity 10228K, committed 10496K, reserved 1058816K
  class space    used 1121K, capacity 1222K, committed 1280K, reserved 1048576K
}
2020-11-07T20:04:08.630+0800: 2.476: Application time: 0.0032335 seconds
2020-11-07T20:04:08.630+0800: 2.476: [GC (CMS Initial Mark) [1 CMS-initial-mark: 12484K(20480K)] 13265K(29696K), 0.0009519 secs] [Times: user=0.00 sys=0.00, real=0.00 secs] 
2020-11-07T20:04:08.631+0800: 2.477: [CMS-concurrent-mark-start]
2020-11-07T20:04:08.668+0800: 2.514: [CMS-concurrent-mark: 0.037/0.037 secs] [Times: user=0.03 sys=0.00, real=0.04 secs] 
2020-11-07T20:04:08.669+0800: 2.514: [CMS-concurrent-preclean-start]
2020-11-07T20:04:08.669+0800: 2.515: [CMS-concurrent-preclean: 0.000/0.001 secs] [Times: user=0.00 sys=0.00, real=0.00 secs] 
2020-11-07T20:04:08.677+0800: 2.523: Application time: 0.0456332 seconds
2020-11-07T20:04:08.678+0800: 2.523: [GC (CMS Final Remark) [YG occupancy: 1434 K (9216 K)]2020-11-07T20:04:08.678+0800: 2.523: [Rescan (parallel) , 0.0024407 secs]2020-11-07T20:04:08.680+0800: 2.526: [weak refs processing, 0.0001911 secs]2020-11-07T20:04:08.680+0800: 2.526: [class unloading, 0.0026114 secs]2020-11-07T20:04:08.683+0800: 2.529: [scrub symbol table, 0.0031908 secs]2020-11-07T20:04:08.686+0800: 2.532: [scrub string table, 0.0005383 secs][1 CMS-remark: 12484K(20480K)] 13918K(29696K), 0.0094005 secs] [Times: user=0.01 sys=0.00, real=0.01 secs] 
2020-11-07T20:04:08.687+0800: 2.533: [CMS-concurrent-sweep-start]
2020-11-07T20:04:08.707+0800: 2.552: [CMS-concurrent-sweep: 0.019/0.019 secs] [Times: user=0.02 sys=0.00, real=0.02 secs] 
2020-11-07T20:04:08.707+0800: 2.552: [CMS-concurrent-reset-start]
2020-11-07T20:04:08.726+0800: 2.572: [CMS-concurrent-reset: 0.020/0.020 secs] [Times: user=0.01 sys=0.00, real=0.02 secs] 
2020-11-07T20:04:08.805+0800: 2.650: Application time: 0.1174891 seconds
{Heap before GC invocations=13 (full 1):
 par new generation   total 9216K, used 8637K [0x00000000e3400000, 0x00000000e3e00000, 0x00000000ecca0000)
  eden space 8192K, 100% used [0x00000000e3400000, 0x00000000e3c00000, 0x00000000e3c00000)
  from space 1024K,  43% used [0x00000000e3d00000, 0x00000000e3d6f600, 0x00000000e3e00000)
  to   space 1024K,   0% used [0x00000000e3c00000, 0x00000000e3c00000, 0x00000000e3d00000)
 concurrent mark-sweep generation total 20480K, used 10047K [0x00000000ecca0000, 0x00000000ee0a0000, 0x0000000100000000)
 Metaspace       used 10553K, capacity 10806K, committed 11136K, reserved 1058816K
  class space    used 1201K, capacity 1307K, committed 1408K, reserved 1048576K
2020-11-07T20:04:08.805+0800: 2.651: [GC (Allocation Failure) 2020-11-07T20:04:08.805+0800: 2.651: [ParNew: 8637K->1024K(9216K), 0.0179795 secs] 18685K->11420K(29696K), 0.0180493 secs] [Times: user=0.02 sys=0.00, real=0.01 secs] 
Heap after GC invocations=14 (full 1):
 par new generation   total 9216K, used 1024K [0x00000000e3400000, 0x00000000e3e00000, 0x00000000ecca0000)
  eden space 8192K,   0% used [0x00000000e3400000, 0x00000000e3400000, 0x00000000e3c00000)
  from space 1024K, 100% used [0x00000000e3c00000, 0x00000000e3d00000, 0x00000000e3d00000)
  to   space 1024K,   0% used [0x00000000e3d00000, 0x00000000e3d00000, 0x00000000e3e00000)
 concurrent mark-sweep generation total 20480K, used 10396K [0x00000000ecca0000, 0x00000000ee0a0000, 0x0000000100000000)
 Metaspace       used 10553K, capacity 10806K, committed 11136K, reserved 1058816K
  class space    used 1201K, capacity 1307K, committed 1408K, reserved 1048576K
}
2020-11-07T20:04:08.899+0800: 2.745: Application time: 0.0766720 seconds
{Heap before GC invocations=14 (full 1):
 par new generation   total 9216K, used 9188K [0x00000000e3400000, 0x00000000e3e00000, 0x00000000ecca0000)
  eden space 8192K,  99% used [0x00000000e3400000, 0x00000000e3bf9378, 0x00000000e3c00000)
  from space 1024K, 100% used [0x00000000e3c00000, 0x00000000e3d00000, 0x00000000e3d00000)
  to   space 1024K,   0% used [0x00000000e3d00000, 0x00000000e3d00000, 0x00000000e3e00000)
 concurrent mark-sweep generation total 20480K, used 10396K [0x00000000ecca0000, 0x00000000ee0a0000, 0x0000000100000000)
 Metaspace       used 10884K, capacity 11118K, committed 11392K, reserved 1058816K
  class space    used 1255K, capacity 1343K, committed 1408K, reserved 1048576K
2020-11-07T20:04:08.902+0800: 2.748: [GC (Allocation Failure) 2020-11-07T20:04:08.902+0800: 2.748: [ParNew: 9188K->766K(9216K), 0.0150127 secs] 19585K->12154K(29696K), 0.0150745 secs] [Times: user=0.01 sys=0.00, real=0.02 secs] 
Heap after GC invocations=15 (full 1):
 par new generation   total 9216K, used 766K [0x00000000e3400000, 0x00000000e3e00000, 0x00000000ecca0000)
  eden space 8192K,   0% used [0x00000000e3400000, 0x00000000e3400000, 0x00000000e3c00000)
  from space 1024K,  74% used [0x00000000e3d00000, 0x00000000e3dbfb18, 0x00000000e3e00000)
  to   space 1024K,   0% used [0x00000000e3c00000, 0x00000000e3c00000, 0x00000000e3d00000)
 concurrent mark-sweep generation total 20480K, used 11388K [0x00000000ecca0000, 0x00000000ee0a0000, 0x0000000100000000)
 Metaspace       used 10884K, capacity 11118K, committed 11392K, reserved 1058816K
  class space    used 1255K, capacity 1343K, committed 1408K, reserved 1048576K
}
2020-11-07T20:04:08.971+0800: 2.816: Application time: 0.0532920 seconds
{Heap before GC invocations=15 (full 1):
 par new generation   total 9216K, used 8958K [0x00000000e3400000, 0x00000000e3e00000, 0x00000000ecca0000)
  eden space 8192K, 100% used [0x00000000e3400000, 0x00000000e3c00000, 0x00000000e3c00000)
  from space 1024K,  74% used [0x00000000e3d00000, 0x00000000e3dbfb18, 0x00000000e3e00000)
  to   space 1024K,   0% used [0x00000000e3c00000, 0x00000000e3c00000, 0x00000000e3d00000)
 concurrent mark-sweep generation total 20480K, used 11388K [0x00000000ecca0000, 0x00000000ee0a0000, 0x0000000100000000)
 Metaspace       used 11449K, capacity 11718K, committed 12032K, reserved 1060864K
  class space    used 1306K, capacity 1415K, committed 1536K, reserved 1048576K
2020-11-07T20:04:08.971+0800: 2.817: [GC (Allocation Failure) 2020-11-07T20:04:08.971+0800: 2.817: [ParNew: 8958K->490K(9216K), 0.0029565 secs] 20346K->11878K(29696K), 0.0029971 secs] [Times: user=0.00 sys=0.00, real=0.00 secs] 
Heap after GC invocations=16 (full 1):
 par new generation   total 9216K, used 490K [0x00000000e3400000, 0x00000000e3e00000, 0x00000000ecca0000)
  eden space 8192K,   0% used [0x00000000e3400000, 0x00000000e3400000, 0x00000000e3c00000)
  from space 1024K,  47% used [0x00000000e3c00000, 0x00000000e3c7aa88, 0x00000000e3d00000)
  to   space 1024K,   0% used [0x00000000e3d00000, 0x00000000e3d00000, 0x00000000e3e00000)
 concurrent mark-sweep generation total 20480K, used 11388K [0x00000000ecca0000, 0x00000000ee0a0000, 0x0000000100000000)
 Metaspace       used 11449K, capacity 11718K, committed 12032K, reserved 1060864K
  class space    used 1306K, capacity 1415K, committed 1536K, reserved 1048576K
}
2020-11-07T20:04:09.074+0800: 2.919: Application time: 0.0996825 seconds
2020-11-07T20:04:09.074+0800: 2.920: Application time: 0.0005586 seconds
2020-11-07T20:04:09.076+0800: 2.922: Application time: 0.0019036 seconds
{Heap before GC invocations=16 (full 1):
 par new generation   total 9216K, used 8682K [0x00000000e3400000, 0x00000000e3e00000, 0x00000000ecca0000)
  eden space 8192K, 100% used [0x00000000e3400000, 0x00000000e3c00000, 0x00000000e3c00000)
  from space 1024K,  47% used [0x00000000e3c00000, 0x00000000e3c7aa88, 0x00000000e3d00000)
  to   space 1024K,   0% used [0x00000000e3d00000, 0x00000000e3d00000, 0x00000000e3e00000)
 concurrent mark-sweep generation total 20480K, used 11388K [0x00000000ecca0000, 0x00000000ee0a0000, 0x0000000100000000)
 Metaspace       used 12127K, capacity 12458K, committed 12544K, reserved 1060864K
  class space    used 1382K, capacity 1511K, committed 1536K, reserved 1048576K
2020-11-07T20:04:09.077+0800: 2.922: [GC (Allocation Failure) 2020-11-07T20:04:09.077+0800: 2.922: [ParNew: 8682K->626K(9216K), 0.0122719 secs] 20070K->12014K(29696K), 0.0123257 secs] [Times: user=0.01 sys=0.00, real=0.01 secs] 
Heap after GC invocations=17 (full 1):
 par new generation   total 9216K, used 626K [0x00000000e3400000, 0x00000000e3e00000, 0x00000000ecca0000)
  eden space 8192K,   0% used [0x00000000e3400000, 0x00000000e3400000, 0x00000000e3c00000)
  from space 1024K,  61% used [0x00000000e3d00000, 0x00000000e3d9c968, 0x00000000e3e00000)
  to   space 1024K,   0% used [0x00000000e3c00000, 0x00000000e3c00000, 0x00000000e3d00000)
 concurrent mark-sweep generation total 20480K, used 11388K [0x00000000ecca0000, 0x00000000ee0a0000, 0x0000000100000000)
 Metaspace       used 12127K, capacity 12458K, committed 12544K, reserved 1060864K
  class space    used 1382K, capacity 1511K, committed 1536K, reserved 1048576K
}
2020-11-07T20:04:09.145+0800: 2.991: Application time: 0.0562576 seconds
{Heap before GC invocations=17 (full 1):
 par new generation   total 9216K, used 8818K [0x00000000e3400000, 0x00000000e3e00000, 0x00000000ecca0000)
  eden space 8192K, 100% used [0x00000000e3400000, 0x00000000e3c00000, 0x00000000e3c00000)
  from space 1024K,  61% used [0x00000000e3d00000, 0x00000000e3d9c968, 0x00000000e3e00000)
  to   space 1024K,   0% used [0x00000000e3c00000, 0x00000000e3c00000, 0x00000000e3d00000)
 concurrent mark-sweep generation total 20480K, used 11388K [0x00000000ecca0000, 0x00000000ee0a0000, 0x0000000100000000)
 Metaspace       used 12513K, capacity 12788K, committed 13056K, reserved 1060864K
  class space    used 1423K, capacity 1514K, committed 1536K, reserved 1048576K
2020-11-07T20:04:09.145+0800: 2.991: [GC (Allocation Failure) 2020-11-07T20:04:09.145+0800: 2.991: [ParNew: 8818K->664K(9216K), 0.0094689 secs] 20206K->12147K(29696K), 0.0095486 secs] [Times: user=0.00 sys=0.00, real=0.01 secs] 
Heap after GC invocations=18 (full 1):
 par new generation   total 9216K, used 664K [0x00000000e3400000, 0x00000000e3e00000, 0x00000000ecca0000)
  eden space 8192K,   0% used [0x00000000e3400000, 0x00000000e3400000, 0x00000000e3c00000)
  from space 1024K,  64% used [0x00000000e3c00000, 0x00000000e3ca6018, 0x00000000e3d00000)
  to   space 1024K,   0% used [0x00000000e3d00000, 0x00000000e3d00000, 0x00000000e3e00000)
 concurrent mark-sweep generation total 20480K, used 11483K [0x00000000ecca0000, 0x00000000ee0a0000, 0x0000000100000000)
 Metaspace       used 12513K, capacity 12788K, committed 13056K, reserved 1060864K
  class space    used 1423K, capacity 1514K, committed 1536K, reserved 1048576K
}
2020-11-07T20:04:09.221+0800: 3.067: Application time: 0.0662933 seconds
{Heap before GC invocations=18 (full 1):
 par new generation   total 9216K, used 8856K [0x00000000e3400000, 0x00000000e3e00000, 0x00000000ecca0000)
  eden space 8192K, 100% used [0x00000000e3400000, 0x00000000e3c00000, 0x00000000e3c00000)
  from space 1024K,  64% used [0x00000000e3c00000, 0x00000000e3ca6018, 0x00000000e3d00000)
  to   space 1024K,   0% used [0x00000000e3d00000, 0x00000000e3d00000, 0x00000000e3e00000)
 concurrent mark-sweep generation total 20480K, used 11483K [0x00000000ecca0000, 0x00000000ee0a0000, 0x0000000100000000)
 Metaspace       used 12819K, capacity 13184K, committed 13440K, reserved 1060864K
  class space    used 1454K, capacity 1582K, committed 1664K, reserved 1048576K
2020-11-07T20:04:09.222+0800: 3.067: [GC (Allocation Failure) 2020-11-07T20:04:09.222+0800: 3.067: [ParNew: 8856K->682K(9216K), 0.0084136 secs] 20339K->12165K(29696K), 0.0084751 secs] [Times: user=0.01 sys=0.00, real=0.01 secs] 
Heap after GC invocations=19 (full 1):
 par new generation   total 9216K, used 682K [0x00000000e3400000, 0x00000000e3e00000, 0x00000000ecca0000)
  eden space 8192K,   0% used [0x00000000e3400000, 0x00000000e3400000, 0x00000000e3c00000)
  from space 1024K,  66% used [0x00000000e3d00000, 0x00000000e3daaa58, 0x00000000e3e00000)
  to   space 1024K,   0% used [0x00000000e3c00000, 0x00000000e3c00000, 0x00000000e3d00000)
 concurrent mark-sweep generation total 20480K, used 11483K [0x00000000ecca0000, 0x00000000ee0a0000, 0x0000000100000000)
 Metaspace       used 12819K, capacity 13184K, committed 13440K, reserved 1060864K
  class space    used 1454K, capacity 1582K, committed 1664K, reserved 1048576K
}
2020-11-07T20:04:09.283+0800: 3.129: Application time: 0.0528740 seconds
{Heap before GC invocations=19 (full 1):
 par new generation   total 9216K, used 8874K [0x00000000e3400000, 0x00000000e3e00000, 0x00000000ecca0000)
  eden space 8192K, 100% used [0x00000000e3400000, 0x00000000e3c00000, 0x00000000e3c00000)
  from space 1024K,  66% used [0x00000000e3d00000, 0x00000000e3daaa58, 0x00000000e3e00000)
  to   space 1024K,   0% used [0x00000000e3c00000, 0x00000000e3c00000, 0x00000000e3d00000)
 concurrent mark-sweep generation total 20480K, used 11483K [0x00000000ecca0000, 0x00000000ee0a0000, 0x0000000100000000)
 Metaspace       used 13163K, capacity 13472K, committed 13696K, reserved 1060864K
  class space    used 1489K, capacity 1614K, committed 1664K, reserved 1048576K
2020-11-07T20:04:09.283+0800: 3.129: [GC (Allocation Failure) 2020-11-07T20:04:09.283+0800: 3.129: [ParNew: 8874K->450K(9216K), 0.0140729 secs] 20357K->12155K(29696K), 0.0141352 secs] [Times: user=0.01 sys=0.00, real=0.02 secs] 
Heap after GC invocations=20 (full 1):
 par new generation   total 9216K, used 450K [0x00000000e3400000, 0x00000000e3e00000, 0x00000000ecca0000)
  eden space 8192K,   0% used [0x00000000e3400000, 0x00000000e3400000, 0x00000000e3c00000)
  from space 1024K,  43% used [0x00000000e3c00000, 0x00000000e3c70850, 0x00000000e3d00000)
  to   space 1024K,   0% used [0x00000000e3d00000, 0x00000000e3d00000, 0x00000000e3e00000)
 concurrent mark-sweep generation total 20480K, used 11704K [0x00000000ecca0000, 0x00000000ee0a0000, 0x0000000100000000)
 Metaspace       used 13163K, capacity 13472K, committed 13696K, reserved 1060864K
  class space    used 1489K, capacity 1614K, committed 1664K, reserved 1048576K
}
2020-11-07T20:04:09.343+0800: 3.189: Application time: 0.0456744 seconds
{Heap before GC invocations=20 (full 1):
 par new generation   total 9216K, used 8642K [0x00000000e3400000, 0x00000000e3e00000, 0x00000000ecca0000)
  eden space 8192K, 100% used [0x00000000e3400000, 0x00000000e3c00000, 0x00000000e3c00000)
  from space 1024K,  43% used [0x00000000e3c00000, 0x00000000e3c70850, 0x00000000e3d00000)
  to   space 1024K,   0% used [0x00000000e3d00000, 0x00000000e3d00000, 0x00000000e3e00000)
 concurrent mark-sweep generation total 20480K, used 11704K [0x00000000ecca0000, 0x00000000ee0a0000, 0x0000000100000000)
 Metaspace       used 13300K, capacity 13702K, committed 13952K, reserved 1060864K
  class space    used 1515K, capacity 1663K, committed 1664K, reserved 1048576K
2020-11-07T20:04:09.347+0800: 3.192: [GC (Allocation Failure) 2020-11-07T20:04:09.347+0800: 3.192: [ParNew: 8642K->406K(9216K), 0.0080906 secs] 20347K->12111K(29696K), 0.0081451 secs] [Times: user=0.01 sys=0.00, real=0.01 secs] 
Heap after GC invocations=21 (full 1):
 par new generation   total 9216K, used 406K [0x00000000e3400000, 0x00000000e3e00000, 0x00000000ecca0000)
  eden space 8192K,   0% used [0x00000000e3400000, 0x00000000e3400000, 0x00000000e3c00000)
  from space 1024K,  39% used [0x00000000e3d00000, 0x00000000e3d65918, 0x00000000e3e00000)
  to   space 1024K,   0% used [0x00000000e3c00000, 0x00000000e3c00000, 0x00000000e3d00000)
 concurrent mark-sweep generation total 20480K, used 11704K [0x00000000ecca0000, 0x00000000ee0a0000, 0x0000000100000000)
 Metaspace       used 13300K, capacity 13702K, committed 13952K, reserved 1060864K
  class space    used 1515K, capacity 1663K, committed 1664K, reserved 1048576K
}
2020-11-07T20:04:09.385+0800: 3.230: Application time: 0.0298724 seconds
{Heap before GC invocations=21 (full 1):
 par new generation   total 9216K, used 8598K [0x00000000e3400000, 0x00000000e3e00000, 0x00000000ecca0000)
  eden space 8192K, 100% used [0x00000000e3400000, 0x00000000e3c00000, 0x00000000e3c00000)
  from space 1024K,  39% used [0x00000000e3d00000, 0x00000000e3d65918, 0x00000000e3e00000)
  to   space 1024K,   0% used [0x00000000e3c00000, 0x00000000e3c00000, 0x00000000e3d00000)
 concurrent mark-sweep generation total 20480K, used 11704K [0x00000000ecca0000, 0x00000000ee0a0000, 0x0000000100000000)
 Metaspace       used 13433K, capacity 13784K, committed 14080K, reserved 1060864K
  class space    used 1531K, capacity 1668K, committed 1792K, reserved 1048576K
2020-11-07T20:04:09.389+0800: 3.235: [GC (Allocation Failure) 2020-11-07T20:04:09.389+0800: 3.235: [ParNew: 8598K->472K(9216K), 0.0032623 secs] 20303K->12177K(29696K), 0.0033143 secs] [Times: user=0.00 sys=0.00, real=0.00 secs] 
Heap after GC invocations=22 (full 1):
 par new generation   total 9216K, used 472K [0x00000000e3400000, 0x00000000e3e00000, 0x00000000ecca0000)
  eden space 8192K,   0% used [0x00000000e3400000, 0x00000000e3400000, 0x00000000e3c00000)
  from space 1024K,  46% used [0x00000000e3c00000, 0x00000000e3c76130, 0x00000000e3d00000)
  to   space 1024K,   0% used [0x00000000e3d00000, 0x00000000e3d00000, 0x00000000e3e00000)
 concurrent mark-sweep generation total 20480K, used 11704K [0x00000000ecca0000, 0x00000000ee0a0000, 0x0000000100000000)
 Metaspace       used 13433K, capacity 13784K, committed 14080K, reserved 1060864K
  class space    used 1531K, capacity 1668K, committed 1792K, reserved 1048576K
}
2020-11-07T20:04:09.421+0800: 3.266: Application time: 0.0283009 seconds
{Heap before GC invocations=22 (full 1):
 par new generation   total 9216K, used 8664K [0x00000000e3400000, 0x00000000e3e00000, 0x00000000ecca0000)
  eden space 8192K, 100% used [0x00000000e3400000, 0x00000000e3c00000, 0x00000000e3c00000)
  from space 1024K,  46% used [0x00000000e3c00000, 0x00000000e3c76130, 0x00000000e3d00000)
  to   space 1024K,   0% used [0x00000000e3d00000, 0x00000000e3d00000, 0x00000000e3e00000)
 concurrent mark-sweep generation total 20480K, used 11704K [0x00000000ecca0000, 0x00000000ee0a0000, 0x0000000100000000)
 Metaspace       used 13532K, capacity 13880K, committed 14080K, reserved 1060864K
  class space    used 1547K, capacity 1700K, committed 1792K, reserved 1048576K
2020-11-07T20:04:09.421+0800: 3.267: [GC (Allocation Failure) 2020-11-07T20:04:09.421+0800: 3.267: [ParNew: 8664K->506K(9216K), 0.0115564 secs] 20369K->12211K(29696K), 0.0116341 secs] [Times: user=0.01 sys=0.00, real=0.01 secs] 
Heap after GC invocations=23 (full 1):
 par new generation   total 9216K, used 506K [0x00000000e3400000, 0x00000000e3e00000, 0x00000000ecca0000)
  eden space 8192K,   0% used [0x00000000e3400000, 0x00000000e3400000, 0x00000000e3c00000)
  from space 1024K,  49% used [0x00000000e3d00000, 0x00000000e3d7e9e0, 0x00000000e3e00000)
  to   space 1024K,   0% used [0x00000000e3c00000, 0x00000000e3c00000, 0x00000000e3d00000)
 concurrent mark-sweep generation total 20480K, used 11704K [0x00000000ecca0000, 0x00000000ee0a0000, 0x0000000100000000)
 Metaspace       used 13532K, capacity 13880K, committed 14080K, reserved 1060864K
  class space    used 1547K, capacity 1700K, committed 1792K, reserved 1048576K
}
2020-11-07T20:04:09.506+0800: 3.352: Application time: 0.0732183 seconds
{Heap before GC invocations=23 (full 1):
 par new generation   total 9216K, used 8698K [0x00000000e3400000, 0x00000000e3e00000, 0x00000000ecca0000)
  eden space 8192K, 100% used [0x00000000e3400000, 0x00000000e3c00000, 0x00000000e3c00000)
  from space 1024K,  49% used [0x00000000e3d00000, 0x00000000e3d7e9e0, 0x00000000e3e00000)
  to   space 1024K,   0% used [0x00000000e3c00000, 0x00000000e3c00000, 0x00000000e3d00000)
 concurrent mark-sweep generation total 20480K, used 11704K [0x00000000ecca0000, 0x00000000ee0a0000, 0x0000000100000000)
 Metaspace       used 13721K, capacity 14072K, committed 14336K, reserved 1062912K
  class space    used 1574K, capacity 1700K, committed 1792K, reserved 1048576K
2020-11-07T20:04:09.518+0800: 3.363: [GC (Allocation Failure) 2020-11-07T20:04:09.518+0800: 3.363: [ParNew: 8698K->492K(9216K), 0.0038834 secs] 20403K->12197K(29696K), 0.0039408 secs] [Times: user=0.01 sys=0.00, real=0.00 secs] 
Heap after GC invocations=24 (full 1):
 par new generation   total 9216K, used 492K [0x00000000e3400000, 0x00000000e3e00000, 0x00000000ecca0000)
  eden space 8192K,   0% used [0x00000000e3400000, 0x00000000e3400000, 0x00000000e3c00000)
  from space 1024K,  48% used [0x00000000e3c00000, 0x00000000e3c7b228, 0x00000000e3d00000)
  to   space 1024K,   0% used [0x00000000e3d00000, 0x00000000e3d00000, 0x00000000e3e00000)
 concurrent mark-sweep generation total 20480K, used 11704K [0x00000000ecca0000, 0x00000000ee0a0000, 0x0000000100000000)
 Metaspace       used 13721K, capacity 14072K, committed 14336K, reserved 1062912K
  class space    used 1574K, capacity 1700K, committed 1792K, reserved 1048576K
}
2020-11-07T20:04:09.555+0800: 3.401: Application time: 0.0338667 seconds
{Heap before GC invocations=24 (full 1):
 par new generation   total 9216K, used 8684K [0x00000000e3400000, 0x00000000e3e00000, 0x00000000ecca0000)
  eden space 8192K, 100% used [0x00000000e3400000, 0x00000000e3c00000, 0x00000000e3c00000)
  from space 1024K,  48% used [0x00000000e3c00000, 0x00000000e3c7b228, 0x00000000e3d00000)
  to   space 1024K,   0% used [0x00000000e3d00000, 0x00000000e3d00000, 0x00000000e3e00000)
 concurrent mark-sweep generation total 20480K, used 11704K [0x00000000ecca0000, 0x00000000ee0a0000, 0x0000000100000000)
 Metaspace       used 13902K, capacity 14296K, committed 14592K, reserved 1062912K
  class space    used 1601K, capacity 1732K, committed 1792K, reserved 1048576K
2020-11-07T20:04:09.556+0800: 3.401: [GC (Allocation Failure) 2020-11-07T20:04:09.556+0800: 3.401: [ParNew: 8684K->626K(9216K), 0.0165185 secs] 20389K->12331K(29696K), 0.0165703 secs] [Times: user=0.01 sys=0.00, real=0.01 secs] 
Heap after GC invocations=25 (full 1):
 par new generation   total 9216K, used 626K [0x00000000e3400000, 0x00000000e3e00000, 0x00000000ecca0000)
  eden space 8192K,   0% used [0x00000000e3400000, 0x00000000e3400000, 0x00000000e3c00000)
  from space 1024K,  61% used [0x00000000e3d00000, 0x00000000e3d9c900, 0x00000000e3e00000)
  to   space 1024K,   0% used [0x00000000e3c00000, 0x00000000e3c00000, 0x00000000e3d00000)
 concurrent mark-sweep generation total 20480K, used 11704K [0x00000000ecca0000, 0x00000000ee0a0000, 0x0000000100000000)
 Metaspace       used 13902K, capacity 14296K, committed 14592K, reserved 1062912K
  class space    used 1601K, capacity 1732K, committed 1792K, reserved 1048576K
}
2020-11-07T20:04:09.604+0800: 3.450: Application time: 0.0320121 seconds
{Heap before GC invocations=25 (full 1):
 par new generation   total 9216K, used 8818K [0x00000000e3400000, 0x00000000e3e00000, 0x00000000ecca0000)
  eden space 8192K, 100% used [0x00000000e3400000, 0x00000000e3c00000, 0x00000000e3c00000)
  from space 1024K,  61% used [0x00000000e3d00000, 0x00000000e3d9c900, 0x00000000e3e00000)
  to   space 1024K,   0% used [0x00000000e3c00000, 0x00000000e3c00000, 0x00000000e3d00000)
 concurrent mark-sweep generation total 20480K, used 11704K [0x00000000ecca0000, 0x00000000ee0a0000, 0x0000000100000000)
 Metaspace       used 14047K, capacity 14374K, committed 14592K, reserved 1062912K
  class space    used 1621K, capacity 1737K, committed 1792K, reserved 1048576K
2020-11-07T20:04:09.605+0800: 3.450: [GC (Allocation Failure) 2020-11-07T20:04:09.605+0800: 3.450: [ParNew: 8818K->605K(9216K), 0.0084871 secs] 20523K->12310K(29696K), 0.0085445 secs] [Times: user=0.01 sys=0.00, real=0.00 secs] 
Heap after GC invocations=26 (full 1):
 par new generation   total 9216K, used 605K [0x00000000e3400000, 0x00000000e3e00000, 0x00000000ecca0000)
  eden space 8192K,   0% used [0x00000000e3400000, 0x00000000e3400000, 0x00000000e3c00000)
  from space 1024K,  59% used [0x00000000e3c00000, 0x00000000e3c97538, 0x00000000e3d00000)
  to   space 1024K,   0% used [0x00000000e3d00000, 0x00000000e3d00000, 0x00000000e3e00000)
 concurrent mark-sweep generation total 20480K, used 11704K [0x00000000ecca0000, 0x00000000ee0a0000, 0x0000000100000000)
 Metaspace       used 14047K, capacity 14374K, committed 14592K, reserved 1062912K
  class space    used 1621K, capacity 1737K, committed 1792K, reserved 1048576K
}
2020-11-07T20:04:09.642+0800: 3.487: Application time: 0.0283954 seconds
{Heap before GC invocations=26 (full 1):
 par new generation   total 9216K, used 8797K [0x00000000e3400000, 0x00000000e3e00000, 0x00000000ecca0000)
  eden space 8192K, 100% used [0x00000000e3400000, 0x00000000e3c00000, 0x00000000e3c00000)
  from space 1024K,  59% used [0x00000000e3c00000, 0x00000000e3c97538, 0x00000000e3d00000)
  to   space 1024K,   0% used [0x00000000e3d00000, 0x00000000e3d00000, 0x00000000e3e00000)
 concurrent mark-sweep generation total 20480K, used 11704K [0x00000000ecca0000, 0x00000000ee0a0000, 0x0000000100000000)
 Metaspace       used 14177K, capacity 14636K, committed 14976K, reserved 1062912K
  class space    used 1643K, capacity 1802K, committed 1920K, reserved 1048576K
2020-11-07T20:04:09.642+0800: 3.487: [GC (Allocation Failure) 2020-11-07T20:04:09.642+0800: 3.487: [ParNew: 8797K->589K(9216K), 0.0044605 secs] 20502K->12352K(29696K), 0.0045083 secs] [Times: user=0.00 sys=0.00, real=0.01 secs] 
Heap after GC invocations=27 (full 1):
 par new generation   total 9216K, used 589K [0x00000000e3400000, 0x00000000e3e00000, 0x00000000ecca0000)
  eden space 8192K,   0% used [0x00000000e3400000, 0x00000000e3400000, 0x00000000e3c00000)
  from space 1024K,  57% used [0x00000000e3d00000, 0x00000000e3d935b0, 0x00000000e3e00000)
  to   space 1024K,   0% used [0x00000000e3c00000, 0x00000000e3c00000, 0x00000000e3d00000)
 concurrent mark-sweep generation total 20480K, used 11763K [0x00000000ecca0000, 0x00000000ee0a0000, 0x0000000100000000)
 Metaspace       used 14177K, capacity 14636K, committed 14976K, reserved 1062912K
  class space    used 1643K, capacity 1802K, committed 1920K, reserved 1048576K
}
2020-11-07T20:04:09.688+0800: 3.533: Application time: 0.0413927 seconds
{Heap before GC invocations=27 (full 1):
 par new generation   total 9216K, used 8781K [0x00000000e3400000, 0x00000000e3e00000, 0x00000000ecca0000)
  eden space 8192K, 100% used [0x00000000e3400000, 0x00000000e3c00000, 0x00000000e3c00000)
  from space 1024K,  57% used [0x00000000e3d00000, 0x00000000e3d935b0, 0x00000000e3e00000)
  to   space 1024K,   0% used [0x00000000e3c00000, 0x00000000e3c00000, 0x00000000e3d00000)
 concurrent mark-sweep generation total 20480K, used 11763K [0x00000000ecca0000, 0x00000000ee0a0000, 0x0000000100000000)
 Metaspace       used 14307K, capacity 14712K, committed 14976K, reserved 1062912K
  class space    used 1666K, capacity 1804K, committed 1920K, reserved 1048576K
2020-11-07T20:04:09.691+0800: 3.536: [GC (Allocation Failure) 2020-11-07T20:04:09.691+0800: 3.536: [ParNew: 8781K->619K(9216K), 0.0085758 secs] 20544K->12476K(29696K), 0.0086347 secs] [Times: user=0.01 sys=0.00, real=0.01 secs] 
Heap after GC invocations=28 (full 1):
 par new generation   total 9216K, used 619K [0x00000000e3400000, 0x00000000e3e00000, 0x00000000ecca0000)
  eden space 8192K,   0% used [0x00000000e3400000, 0x00000000e3400000, 0x00000000e3c00000)
  from space 1024K,  60% used [0x00000000e3c00000, 0x00000000e3c9aed8, 0x00000000e3d00000)
  to   space 1024K,   0% used [0x00000000e3d00000, 0x00000000e3d00000, 0x00000000e3e00000)
 concurrent mark-sweep generation total 20480K, used 11856K [0x00000000ecca0000, 0x00000000ee0a0000, 0x0000000100000000)
 Metaspace       used 14307K, capacity 14712K, committed 14976K, reserved 1062912K
  class space    used 1666K, capacity 1804K, committed 1920K, reserved 1048576K
}
2020-11-07T20:04:09.731+0800: 3.576: Application time: 0.0312374 seconds
{Heap before GC invocations=28 (full 1):
 par new generation   total 9216K, used 8811K [0x00000000e3400000, 0x00000000e3e00000, 0x00000000ecca0000)
  eden space 8192K, 100% used [0x00000000e3400000, 0x00000000e3c00000, 0x00000000e3c00000)
  from space 1024K,  60% used [0x00000000e3c00000, 0x00000000e3c9aed8, 0x00000000e3d00000)
  to   space 1024K,   0% used [0x00000000e3d00000, 0x00000000e3d00000, 0x00000000e3e00000)
 concurrent mark-sweep generation total 20480K, used 11856K [0x00000000ecca0000, 0x00000000ee0a0000, 0x0000000100000000)
 Metaspace       used 14508K, capacity 14872K, committed 15232K, reserved 1062912K
  class space    used 1699K, capacity 1836K, committed 1920K, reserved 1048576K
2020-11-07T20:04:09.731+0800: 3.577: [GC (Allocation Failure) 2020-11-07T20:04:09.731+0800: 3.577: [ParNew: 8811K->539K(9216K), 0.0078999 secs] 20668K->12461K(29696K), 0.0079493 secs] [Times: user=0.01 sys=0.00, real=0.01 secs] 
Heap after GC invocations=29 (full 1):
 par new generation   total 9216K, used 539K [0x00000000e3400000, 0x00000000e3e00000, 0x00000000ecca0000)
  eden space 8192K,   0% used [0x00000000e3400000, 0x00000000e3400000, 0x00000000e3c00000)
  from space 1024K,  52% used [0x00000000e3d00000, 0x00000000e3d86f30, 0x00000000e3e00000)
  to   space 1024K,   0% used [0x00000000e3c00000, 0x00000000e3c00000, 0x00000000e3d00000)
 concurrent mark-sweep generation total 20480K, used 11921K [0x00000000ecca0000, 0x00000000ee0a0000, 0x0000000100000000)
 Metaspace       used 14508K, capacity 14872K, committed 15232K, reserved 1062912K
  class space    used 1699K, capacity 1836K, committed 1920K, reserved 1048576K
}
2020-11-07T20:04:09.765+0800: 3.611: Application time: 0.0262698 seconds
{Heap before GC invocations=29 (full 1):
 par new generation   total 9216K, used 8731K [0x00000000e3400000, 0x00000000e3e00000, 0x00000000ecca0000)
  eden space 8192K, 100% used [0x00000000e3400000, 0x00000000e3c00000, 0x00000000e3c00000)
  from space 1024K,  52% used [0x00000000e3d00000, 0x00000000e3d86f30, 0x00000000e3e00000)
  to   space 1024K,   0% used [0x00000000e3c00000, 0x00000000e3c00000, 0x00000000e3d00000)
 concurrent mark-sweep generation total 20480K, used 11921K [0x00000000ecca0000, 0x00000000ee0a0000, 0x0000000100000000)
 Metaspace       used 14600K, capacity 14968K, committed 15232K, reserved 1062912K
  class space    used 1722K, capacity 1868K, committed 1920K, reserved 1048576K
2020-11-07T20:04:09.765+0800: 3.611: [GC (Allocation Failure) 2020-11-07T20:04:09.765+0800: 3.611: [ParNew: 8731K->519K(9216K), 0.0098925 secs] 20653K->12480K(29696K), 0.0099677 secs] [Times: user=0.01 sys=0.00, real=0.01 secs] 
Heap after GC invocations=30 (full 1):
 par new generation   total 9216K, used 519K [0x00000000e3400000, 0x00000000e3e00000, 0x00000000ecca0000)
  eden space 8192K,   0% used [0x00000000e3400000, 0x00000000e3400000, 0x00000000e3c00000)
  from space 1024K,  50% used [0x00000000e3c00000, 0x00000000e3c81c50, 0x00000000e3d00000)
  to   space 1024K,   0% used [0x00000000e3d00000, 0x00000000e3d00000, 0x00000000e3e00000)
 concurrent mark-sweep generation total 20480K, used 11961K [0x00000000ecca0000, 0x00000000ee0a0000, 0x0000000100000000)
 Metaspace       used 14600K, capacity 14968K, committed 15232K, reserved 1062912K
  class space    used 1722K, capacity 1868K, committed 1920K, reserved 1048576K
}
2020-11-07T20:04:09.800+0800: 3.645: Application time: 0.0244075 seconds
2020-11-07T20:04:09.839+0800: 3.684: Application time: 0.0377802 seconds
{Heap before GC invocations=30 (full 1):
 par new generation   total 9216K, used 8711K [0x00000000e3400000, 0x00000000e3e00000, 0x00000000ecca0000)
  eden space 8192K, 100% used [0x00000000e3400000, 0x00000000e3c00000, 0x00000000e3c00000)
  from space 1024K,  50% used [0x00000000e3c00000, 0x00000000e3c81c50, 0x00000000e3d00000)
  to   space 1024K,   0% used [0x00000000e3d00000, 0x00000000e3d00000, 0x00000000e3e00000)
 concurrent mark-sweep generation total 20480K, used 11961K [0x00000000ecca0000, 0x00000000ee0a0000, 0x0000000100000000)
 Metaspace       used 14781K, capacity 15184K, committed 15232K, reserved 1062912K
  class space    used 1760K, capacity 1912K, committed 1920K, reserved 1048576K
2020-11-07T20:04:09.839+0800: 3.685: [GC (Allocation Failure) 2020-11-07T20:04:09.839+0800: 3.685: [ParNew: 8711K->526K(9216K), 0.0111239 secs] 20672K->12511K(29696K), 0.0111890 secs] [Times: user=0.01 sys=0.00, real=0.01 secs] 
Heap after GC invocations=31 (full 1):
 par new generation   total 9216K, used 526K [0x00000000e3400000, 0x00000000e3e00000, 0x00000000ecca0000)
  eden space 8192K,   0% used [0x00000000e3400000, 0x00000000e3400000, 0x00000000e3c00000)
  from space 1024K,  51% used [0x00000000e3d00000, 0x00000000e3d83850, 0x00000000e3e00000)
  to   space 1024K,   0% used [0x00000000e3c00000, 0x00000000e3c00000, 0x00000000e3d00000)
 concurrent mark-sweep generation total 20480K, used 11985K [0x00000000ecca0000, 0x00000000ee0a0000, 0x0000000100000000)
 Metaspace       used 14781K, capacity 15184K, committed 15232K, reserved 1062912K
  class space    used 1760K, capacity 1912K, committed 1920K, reserved 1048576K
}
2020-11-07T20:04:09.886+0800: 3.731: Application time: 0.0355469 seconds
{Heap before GC invocations=31 (full 1):
 par new generation   total 9216K, used 8718K [0x00000000e3400000, 0x00000000e3e00000, 0x00000000ecca0000)
  eden space 8192K, 100% used [0x00000000e3400000, 0x00000000e3c00000, 0x00000000e3c00000)
  from space 1024K,  51% used [0x00000000e3d00000, 0x00000000e3d83850, 0x00000000e3e00000)
  to   space 1024K,   0% used [0x00000000e3c00000, 0x00000000e3c00000, 0x00000000e3d00000)
 concurrent mark-sweep generation total 20480K, used 11985K [0x00000000ecca0000, 0x00000000ee0a0000, 0x0000000100000000)
 Metaspace       used 14937K, capacity 15448K, committed 15616K, reserved 1062912K
  class space    used 1799K, capacity 1954K, committed 2048K, reserved 1048576K
2020-11-07T20:04:09.886+0800: 3.732: [GC (Allocation Failure) 2020-11-07T20:04:09.886+0800: 3.732: [ParNew: 8718K->701K(9216K), 0.0107606 secs] 20703K->12710K(29696K), 0.0108244 secs] [Times: user=0.02 sys=0.00, real=0.01 secs] 
Heap after GC invocations=32 (full 1):
 par new generation   total 9216K, used 701K [0x00000000e3400000, 0x00000000e3e00000, 0x00000000ecca0000)
  eden space 8192K,   0% used [0x00000000e3400000, 0x00000000e3400000, 0x00000000e3c00000)
  from space 1024K,  68% used [0x00000000e3c00000, 0x00000000e3caf598, 0x00000000e3d00000)
  to   space 1024K,   0% used [0x00000000e3d00000, 0x00000000e3d00000, 0x00000000e3e00000)
 concurrent mark-sweep generation total 20480K, used 12008K [0x00000000ecca0000, 0x00000000ee0a0000, 0x0000000100000000)
 Metaspace       used 14937K, capacity 15448K, committed 15616K, reserved 1062912K
  class space    used 1799K, capacity 1954K, committed 2048K, reserved 1048576K
}
2020-11-07T20:04:09.939+0800: 3.785: Application time: 0.0426331 seconds
{Heap before GC invocations=32 (full 1):
 par new generation   total 9216K, used 8893K [0x00000000e3400000, 0x00000000e3e00000, 0x00000000ecca0000)
  eden space 8192K, 100% used [0x00000000e3400000, 0x00000000e3c00000, 0x00000000e3c00000)
  from space 1024K,  68% used [0x00000000e3c00000, 0x00000000e3caf598, 0x00000000e3d00000)
  to   space 1024K,   0% used [0x00000000e3d00000, 0x00000000e3d00000, 0x00000000e3e00000)
 concurrent mark-sweep generation total 20480K, used 12008K [0x00000000ecca0000, 0x00000000ee0a0000, 0x0000000100000000)
 Metaspace       used 15082K, capacity 15546K, committed 15616K, reserved 1062912K
  class space    used 1831K, capacity 1987K, committed 2048K, reserved 1048576K
2020-11-07T20:04:09.940+0800: 3.785: [GC (Allocation Failure) 2020-11-07T20:04:09.940+0800: 3.785: [ParNew: 8893K->680K(9216K), 0.0169536 secs] 20902K->12763K(29696K), 0.0170200 secs] [Times: user=0.02 sys=0.00, real=0.02 secs] 
Heap after GC invocations=33 (full 1):
 par new generation   total 9216K, used 680K [0x00000000e3400000, 0x00000000e3e00000, 0x00000000ecca0000)
  eden space 8192K,   0% used [0x00000000e3400000, 0x00000000e3400000, 0x00000000e3c00000)
  from space 1024K,  66% used [0x00000000e3d00000, 0x00000000e3daa3a8, 0x00000000e3e00000)
  to   space 1024K,   0% used [0x00000000e3c00000, 0x00000000e3c00000, 0x00000000e3d00000)
 concurrent mark-sweep generation total 20480K, used 12082K [0x00000000ecca0000, 0x00000000ee0a0000, 0x0000000100000000)
 Metaspace       used 15082K, capacity 15546K, committed 15616K, reserved 1062912K
  class space    used 1831K, capacity 1987K, committed 2048K, reserved 1048576K
}
2020-11-07T20:04:09.986+0800: 3.832: Application time: 0.0291477 seconds
{Heap before GC invocations=33 (full 1):
 par new generation   total 9216K, used 8872K [0x00000000e3400000, 0x00000000e3e00000, 0x00000000ecca0000)
  eden space 8192K, 100% used [0x00000000e3400000, 0x00000000e3c00000, 0x00000000e3c00000)
  from space 1024K,  66% used [0x00000000e3d00000, 0x00000000e3daa3a8, 0x00000000e3e00000)
  to   space 1024K,   0% used [0x00000000e3c00000, 0x00000000e3c00000, 0x00000000e3d00000)
 concurrent mark-sweep generation total 20480K, used 12082K [0x00000000ecca0000, 0x00000000ee0a0000, 0x0000000100000000)
 Metaspace       used 15119K, capacity 15610K, committed 15872K, reserved 1062912K
  class space    used 1840K, capacity 1987K, committed 2048K, reserved 1048576K
2020-11-07T20:04:09.986+0800: 3.832: [GC (Allocation Failure) 2020-11-07T20:04:09.986+0800: 3.832: [ParNew: 8872K->629K(9216K), 0.0176406 secs] 20955K->12824K(29696K), 0.0177088 secs] [Times: user=0.01 sys=0.00, real=0.01 secs] 
Heap after GC invocations=34 (full 1):
 par new generation   total 9216K, used 629K [0x00000000e3400000, 0x00000000e3e00000, 0x00000000ecca0000)
  eden space 8192K,   0% used [0x00000000e3400000, 0x00000000e3400000, 0x00000000e3c00000)
  from space 1024K,  61% used [0x00000000e3c00000, 0x00000000e3c9d5d0, 0x00000000e3d00000)
  to   space 1024K,   0% used [0x00000000e3d00000, 0x00000000e3d00000, 0x00000000e3e00000)
 concurrent mark-sweep generation total 20480K, used 12194K [0x00000000ecca0000, 0x00000000ee0a0000, 0x0000000100000000)
 Metaspace       used 15119K, capacity 15610K, committed 15872K, reserved 1062912K
  class space    used 1840K, capacity 1987K, committed 2048K, reserved 1048576K
}
2020-11-07T20:04:10.034+0800: 3.879: Application time: 0.0294686 seconds
{Heap before GC invocations=34 (full 1):
 par new generation   total 9216K, used 8821K [0x00000000e3400000, 0x00000000e3e00000, 0x00000000ecca0000)
  eden space 8192K, 100% used [0x00000000e3400000, 0x00000000e3c00000, 0x00000000e3c00000)
  from space 1024K,  61% used [0x00000000e3c00000, 0x00000000e3c9d5d0, 0x00000000e3d00000)
  to   space 1024K,   0% used [0x00000000e3d00000, 0x00000000e3d00000, 0x00000000e3e00000)
 concurrent mark-sweep generation total 20480K, used 12194K [0x00000000ecca0000, 0x00000000ee0a0000, 0x0000000100000000)
 Metaspace       used 15181K, capacity 15610K, committed 15872K, reserved 1062912K
  class space    used 1852K, capacity 1987K, committed 2048K, reserved 1048576K
2020-11-07T20:04:10.034+0800: 3.880: [GC (Allocation Failure) 2020-11-07T20:04:10.034+0800: 3.880: [ParNew: 8821K->714K(9216K), 0.0131941 secs] 21016K->12909K(29696K), 0.0132583 secs] [Times: user=0.01 sys=0.00, real=0.02 secs] 
Heap after GC invocations=35 (full 1):
 par new generation   total 9216K, used 714K [0x00000000e3400000, 0x00000000e3e00000, 0x00000000ecca0000)
  eden space 8192K,   0% used [0x00000000e3400000, 0x00000000e3400000, 0x00000000e3c00000)
  from space 1024K,  69% used [0x00000000e3d00000, 0x00000000e3db2ae8, 0x00000000e3e00000)
  to   space 1024K,   0% used [0x00000000e3c00000, 0x00000000e3c00000, 0x00000000e3d00000)
 concurrent mark-sweep generation total 20480K, used 12194K [0x00000000ecca0000, 0x00000000ee0a0000, 0x0000000100000000)
 Metaspace       used 15181K, capacity 15610K, committed 15872K, reserved 1062912K
  class space    used 1852K, capacity 1987K, committed 2048K, reserved 1048576K
}
2020-11-07T20:04:10.073+0800: 3.919: Application time: 0.0262213 seconds
{Heap before GC invocations=35 (full 1):
 par new generation   total 9216K, used 8906K [0x00000000e3400000, 0x00000000e3e00000, 0x00000000ecca0000)
  eden space 8192K, 100% used [0x00000000e3400000, 0x00000000e3c00000, 0x00000000e3c00000)
  from space 1024K,  69% used [0x00000000e3d00000, 0x00000000e3db2ae8, 0x00000000e3e00000)
  to   space 1024K,   0% used [0x00000000e3c00000, 0x00000000e3c00000, 0x00000000e3d00000)
 concurrent mark-sweep generation total 20480K, used 12194K [0x00000000ecca0000, 0x00000000ee0a0000, 0x0000000100000000)
 Metaspace       used 15223K, capacity 15674K, committed 15872K, reserved 1062912K
  class space    used 1860K, capacity 1987K, committed 2048K, reserved 1048576K
2020-11-07T20:04:10.074+0800: 3.919: [GC (Allocation Failure) 2020-11-07T20:04:10.074+0800: 3.919: [ParNew: 8906K->596K(9216K), 0.0126811 secs] 21101K->12841K(29696K), 0.0127372 secs] [Times: user=0.01 sys=0.00, real=0.02 secs] 
Heap after GC invocations=36 (full 1):
 par new generation   total 9216K, used 596K [0x00000000e3400000, 0x00000000e3e00000, 0x00000000ecca0000)
  eden space 8192K,   0% used [0x00000000e3400000, 0x00000000e3400000, 0x00000000e3c00000)
  from space 1024K,  58% used [0x00000000e3c00000, 0x00000000e3c95000, 0x00000000e3d00000)
  to   space 1024K,   0% used [0x00000000e3d00000, 0x00000000e3d00000, 0x00000000e3e00000)
 concurrent mark-sweep generation total 20480K, used 12245K [0x00000000ecca0000, 0x00000000ee0a0000, 0x0000000100000000)
 Metaspace       used 15223K, capacity 15674K, committed 15872K, reserved 1062912K
  class space    used 1860K, capacity 1987K, committed 2048K, reserved 1048576K
}
2020-11-07T20:04:10.127+0800: 3.972: Application time: 0.0401747 seconds
{Heap before GC invocations=36 (full 1):
 par new generation   total 9216K, used 8788K [0x00000000e3400000, 0x00000000e3e00000, 0x00000000ecca0000)
  eden space 8192K, 100% used [0x00000000e3400000, 0x00000000e3c00000, 0x00000000e3c00000)
  from space 1024K,  58% used [0x00000000e3c00000, 0x00000000e3c95000, 0x00000000e3d00000)
  to   space 1024K,   0% used [0x00000000e3d00000, 0x00000000e3d00000, 0x00000000e3e00000)
 concurrent mark-sweep generation total 20480K, used 12245K [0x00000000ecca0000, 0x00000000ee0a0000, 0x0000000100000000)
 Metaspace       used 15396K, capacity 15862K, committed 16128K, reserved 1062912K
  class space    used 1884K, capacity 2027K, committed 2048K, reserved 1048576K
2020-11-07T20:04:10.127+0800: 3.973: [GC (Allocation Failure) 2020-11-07T20:04:10.127+0800: 3.973: [ParNew: 8788K->626K(9216K), 0.0140237 secs] 21033K->12872K(29696K), 0.0140969 secs] [Times: user=0.01 sys=0.00, real=0.01 secs] 
Heap after GC invocations=37 (full 1):
 par new generation   total 9216K, used 626K [0x00000000e3400000, 0x00000000e3e00000, 0x00000000ecca0000)
  eden space 8192K,   0% used [0x00000000e3400000, 0x00000000e3400000, 0x00000000e3c00000)
  from space 1024K,  61% used [0x00000000e3d00000, 0x00000000e3d9c9d8, 0x00000000e3e00000)
  to   space 1024K,   0% used [0x00000000e3c00000, 0x00000000e3c00000, 0x00000000e3d00000)
 concurrent mark-sweep generation total 20480K, used 12245K [0x00000000ecca0000, 0x00000000ee0a0000, 0x0000000100000000)
 Metaspace       used 15396K, capacity 15862K, committed 16128K, reserved 1062912K
  class space    used 1884K, capacity 2027K, committed 2048K, reserved 1048576K
}
2020-11-07T20:04:10.203+0800: 4.048: Application time: 0.0613274 seconds
{Heap before GC invocations=37 (full 1):
 par new generation   total 9216K, used 8818K [0x00000000e3400000, 0x00000000e3e00000, 0x00000000ecca0000)
  eden space 8192K, 100% used [0x00000000e3400000, 0x00000000e3c00000, 0x00000000e3c00000)
  from space 1024K,  61% used [0x00000000e3d00000, 0x00000000e3d9c9d8, 0x00000000e3e00000)
  to   space 1024K,   0% used [0x00000000e3c00000, 0x00000000e3c00000, 0x00000000e3d00000)
 concurrent mark-sweep generation total 20480K, used 12245K [0x00000000ecca0000, 0x00000000ee0a0000, 0x0000000100000000)
 Metaspace       used 15629K, capacity 16130K, committed 16256K, reserved 1062912K
  class space    used 1920K, capacity 2069K, committed 2176K, reserved 1048576K
2020-11-07T20:04:10.203+0800: 4.049: [GC (Allocation Failure) 2020-11-07T20:04:10.203+0800: 4.049: [ParNew: 8818K->658K(9216K), 0.0045172 secs] 21064K->12944K(29696K), 0.0045719 secs] [Times: user=0.01 sys=0.00, real=0.01 secs] 
Heap after GC invocations=38 (full 1):
 par new generation   total 9216K, used 658K [0x00000000e3400000, 0x00000000e3e00000, 0x00000000ecca0000)
  eden space 8192K,   0% used [0x00000000e3400000, 0x00000000e3400000, 0x00000000e3c00000)
  from space 1024K,  64% used [0x00000000e3c00000, 0x00000000e3ca4978, 0x00000000e3d00000)
  to   space 1024K,   0% used [0x00000000e3d00000, 0x00000000e3d00000, 0x00000000e3e00000)
 concurrent mark-sweep generation total 20480K, used 12286K [0x00000000ecca0000, 0x00000000ee0a0000, 0x0000000100000000)
 Metaspace       used 15629K, capacity 16130K, committed 16256K, reserved 1062912K
  class space    used 1920K, capacity 2069K, committed 2176K, reserved 1048576K
}
2020-11-07T20:04:10.219+0800: 4.065: Application time: 0.0114154 seconds
2020-11-07T20:04:10.244+0800: 4.089: Application time: 0.0236405 seconds
{Heap before GC invocations=38 (full 1):
 par new generation   total 9216K, used 8850K [0x00000000e3400000, 0x00000000e3e00000, 0x00000000ecca0000)
  eden space 8192K, 100% used [0x00000000e3400000, 0x00000000e3c00000, 0x00000000e3c00000)
  from space 1024K,  64% used [0x00000000e3c00000, 0x00000000e3ca4978, 0x00000000e3d00000)
  to   space 1024K,   0% used [0x00000000e3d00000, 0x00000000e3d00000, 0x00000000e3e00000)
 concurrent mark-sweep generation total 20480K, used 12286K [0x00000000ecca0000, 0x00000000ee0a0000, 0x0000000100000000)
 Metaspace       used 15833K, capacity 16360K, committed 16512K, reserved 1062912K
  class space    used 1945K, capacity 2102K, committed 2176K, reserved 1048576K
2020-11-07T20:04:10.244+0800: 4.089: [GC (Allocation Failure) 2020-11-07T20:04:10.244+0800: 4.089: [ParNew: 8850K->538K(9216K), 0.0045396 secs] 21136K->12927K(29696K), 0.0045874 secs] [Times: user=0.00 sys=0.00, real=0.01 secs] 
Heap after GC invocations=39 (full 1):
 par new generation   total 9216K, used 538K [0x00000000e3400000, 0x00000000e3e00000, 0x00000000ecca0000)
  eden space 8192K,   0% used [0x00000000e3400000, 0x00000000e3400000, 0x00000000e3c00000)
  from space 1024K,  52% used [0x00000000e3d00000, 0x00000000e3d869f8, 0x00000000e3e00000)
  to   space 1024K,   0% used [0x00000000e3c00000, 0x00000000e3c00000, 0x00000000e3d00000)
 concurrent mark-sweep generation total 20480K, used 12388K [0x00000000ecca0000, 0x00000000ee0a0000, 0x0000000100000000)
 Metaspace       used 15833K, capacity 16360K, committed 16512K, reserved 1062912K
  class space    used 1945K, capacity 2102K, committed 2176K, reserved 1048576K
}
2020-11-07T20:04:10.251+0800: 4.097: Application time: 0.0031833 seconds
2020-11-07T20:04:10.252+0800: 4.097: [GC (CMS Initial Mark) [1 CMS-initial-mark: 12388K(20480K)] 13574K(29696K), 0.0018010 secs] [Times: user=0.00 sys=0.00, real=0.00 secs] 
2020-11-07T20:04:10.253+0800: 4.099: [CMS-concurrent-mark-start]
2020-11-07T20:04:10.333+0800: 4.178: Application time: 0.0792276 seconds
2020-11-07T20:04:10.365+0800: 4.211: [CMS-concurrent-mark: 0.107/0.111 secs] [Times: user=0.10 sys=0.01, real=0.12 secs] 
2020-11-07T20:04:10.365+0800: 4.211: Application time: 0.0281488 seconds
{Heap before GC invocations=39 (full 2):
 par new generation   total 9216K, used 8730K [0x00000000e3400000, 0x00000000e3e00000, 0x00000000ecca0000)
  eden space 8192K, 100% used [0x00000000e3400000, 0x00000000e3c00000, 0x00000000e3c00000)
  from space 1024K,  52% used [0x00000000e3d00000, 0x00000000e3d869f8, 0x00000000e3e00000)
  to   space 1024K,   0% used [0x00000000e3c00000, 0x00000000e3c00000, 0x00000000e3d00000)
 concurrent mark-sweep generation total 20480K, used 12388K [0x00000000ecca0000, 0x00000000ee0a0000, 0x0000000100000000)
 Metaspace       used 16003K, capacity 16488K, committed 16768K, reserved 1064960K
  class space    used 1967K, capacity 2102K, committed 2176K, reserved 1048576K
2020-11-07T20:04:10.365+0800: 4.211: [GC (Allocation Failure) 2020-11-07T20:04:10.365+0800: 4.211: [ParNew: 8730K->848K(9216K), 0.0184654 secs] 21119K->13237K(29696K), 0.0185224 secs] [Times: user=0.02 sys=0.00, real=0.01 secs] 
Heap after GC invocations=40 (full 2):
 par new generation   total 9216K, used 848K [0x00000000e3400000, 0x00000000e3e00000, 0x00000000ecca0000)
  eden space 8192K,   0% used [0x00000000e3400000, 0x00000000e3400000, 0x00000000e3c00000)
  from space 1024K,  82% used [0x00000000e3c00000, 0x00000000e3cd43e0, 0x00000000e3d00000)
  to   space 1024K,   0% used [0x00000000e3d00000, 0x00000000e3d00000, 0x00000000e3e00000)
 concurrent mark-sweep generation total 20480K, used 12388K [0x00000000ecca0000, 0x00000000ee0a0000, 0x0000000100000000)
 Metaspace       used 16003K, capacity 16488K, committed 16768K, reserved 1064960K
  class space    used 1967K, capacity 2102K, committed 2176K, reserved 1048576K
}
2020-11-07T20:04:10.393+0800: 4.238: Application time: 0.0089109 seconds
2020-11-07T20:04:10.394+0800: 4.240: [CMS-concurrent-preclean-start]
2020-11-07T20:04:10.396+0800: 4.242: [CMS-concurrent-preclean: 0.002/0.002 secs] [Times: user=0.00 sys=0.00, real=0.01 secs] 
2020-11-07T20:04:10.396+0800: 4.242: [CMS-concurrent-abortable-preclean-start]
2020-11-07T20:04:10.408+0800: 4.253: Application time: 0.0147418 seconds
2020-11-07T20:04:10.408+0800: 4.254: Application time: 0.0000367 seconds
2020-11-07T20:04:10.408+0800: 4.254: Application time: 0.0000225 seconds
2020-11-07T20:04:10.447+0800: 4.293: Application time: 0.0395721 seconds
{Heap before GC invocations=40 (full 2):
 par new generation   total 9216K, used 9040K [0x00000000e3400000, 0x00000000e3e00000, 0x00000000ecca0000)
  eden space 8192K, 100% used [0x00000000e3400000, 0x00000000e3c00000, 0x00000000e3c00000)
  from space 1024K,  82% used [0x00000000e3c00000, 0x00000000e3cd43e0, 0x00000000e3d00000)
  to   space 1024K,   0% used [0x00000000e3d00000, 0x00000000e3d00000, 0x00000000e3e00000)
 concurrent mark-sweep generation total 20480K, used 12388K [0x00000000ecca0000, 0x00000000ee0a0000, 0x0000000100000000)
 Metaspace       used 16100K, capacity 16626K, committed 16768K, reserved 1064960K
  class space    used 1979K, capacity 2141K, committed 2176K, reserved 1048576K
2020-11-07T20:04:10.448+0800: 4.293: [GC (Allocation Failure) 2020-11-07T20:04:10.448+0800: 4.293: [ParNew: 9040K->655K(9216K), 0.0241348 secs] 21429K->13336K(29696K), 0.0242005 secs] [Times: user=0.02 sys=0.00, real=0.02 secs] 
Heap after GC invocations=41 (full 2):
 par new generation   total 9216K, used 655K [0x00000000e3400000, 0x00000000e3e00000, 0x00000000ecca0000)
  eden space 8192K,   0% used [0x00000000e3400000, 0x00000000e3400000, 0x00000000e3c00000)
  from space 1024K,  64% used [0x00000000e3d00000, 0x00000000e3da3e88, 0x00000000e3e00000)
  to   space 1024K,   0% used [0x00000000e3c00000, 0x00000000e3c00000, 0x00000000e3d00000)
 concurrent mark-sweep generation total 20480K, used 12681K [0x00000000ecca0000, 0x00000000ee0a0000, 0x0000000100000000)
 Metaspace       used 16100K, capacity 16626K, committed 16768K, reserved 1064960K
  class space    used 1979K, capacity 2141K, committed 2176K, reserved 1048576K
}
2020-11-07T20:04:10.479+0800: 4.324: Application time: 0.0068307 seconds
2020-11-07T20:04:10.479+0800: 4.325: Application time: 0.0000264 seconds
2020-11-07T20:04:10.479+0800: 4.325: Application time: 0.0000163 seconds
2020-11-07T20:04:10.479+0800: 4.325: Application time: 0.0000170 seconds
2020-11-07T20:04:10.479+0800: 4.325: Application time: 0.0000563 seconds
2020-11-07T20:04:10.479+0800: 4.325: Application time: 0.0000201 seconds
2020-11-07T20:04:10.479+0800: 4.325: Application time: 0.0000168 seconds
2020-11-07T20:04:10.479+0800: 4.325: Application time: 0.0000165 seconds
2020-11-07T20:04:10.479+0800: 4.325: Application time: 0.0000160 seconds
2020-11-07T20:04:10.479+0800: 4.325: Application time: 0.0000163 seconds
2020-11-07T20:04:10.479+0800: 4.325: Application time: 0.0000171 seconds
2020-11-07T20:04:10.479+0800: 4.325: Application time: 0.0000167 seconds
2020-11-07T20:04:10.479+0800: 4.325: Application time: 0.0000161 seconds
2020-11-07T20:04:10.479+0800: 4.325: Application time: 0.0000165 seconds
2020-11-07T20:04:10.479+0800: 4.325: Application time: 0.0000165 seconds
2020-11-07T20:04:10.479+0800: 4.325: Application time: 0.0000165 seconds
2020-11-07T20:04:10.534+0800: 4.380: Application time: 0.0547729 seconds
2020-11-07T20:04:10.539+0800: 4.385: [CMS-concurrent-abortable-preclean: 0.049/0.143 secs] [Times: user=0.13 sys=0.00, real=0.14 secs] 
2020-11-07T20:04:10.541+0800: 4.386: Application time: 0.0048918 seconds
2020-11-07T20:04:10.541+0800: 4.386: Application time: 0.0000286 seconds
2020-11-07T20:04:10.541+0800: 4.387: [GC (CMS Final Remark) [YG occupancy: 7906 K (9216 K)]2020-11-07T20:04:10.541+0800: 4.387: [Rescan (parallel) , 0.0099991 secs]2020-11-07T20:04:10.551+0800: 4.397: [weak refs processing, 0.0000535 secs]2020-11-07T20:04:10.551+0800: 4.397: [class unloading, 0.0044357 secs]2020-11-07T20:04:10.555+0800: 4.401: [scrub symbol table, 0.0043942 secs]2020-11-07T20:04:10.560+0800: 4.406: [scrub string table, 0.0005832 secs][1 CMS-remark: 12681K(20480K)] 20587K(29696K), 0.0196924 secs] [Times: user=0.02 sys=0.00, real=0.02 secs] 
2020-11-07T20:04:10.564+0800: 4.410: Application time: 0.0033099 seconds
2020-11-07T20:04:10.566+0800: 4.412: [CMS-concurrent-sweep-start]
2020-11-07T20:04:10.577+0800: 4.423: Application time: 0.0136441 seconds
{Heap before GC invocations=41 (full 2):
 par new generation   total 9216K, used 8847K [0x00000000e3400000, 0x00000000e3e00000, 0x00000000ecca0000)
  eden space 8192K, 100% used [0x00000000e3400000, 0x00000000e3c00000, 0x00000000e3c00000)
  from space 1024K,  64% used [0x00000000e3d00000, 0x00000000e3da3e88, 0x00000000e3e00000)
  to   space 1024K,   0% used [0x00000000e3c00000, 0x00000000e3c00000, 0x00000000e3d00000)
 concurrent mark-sweep generation total 20480K, used 12598K [0x00000000ecca0000, 0x00000000ee0a0000, 0x0000000100000000)
 Metaspace       used 16267K, capacity 16774K, committed 17024K, reserved 1064960K
  class space    used 1999K, capacity 2147K, committed 2176K, reserved 1048576K
2020-11-07T20:04:10.578+0800: 4.423: [GC (Allocation Failure) 2020-11-07T20:04:10.578+0800: 4.424: [ParNew: 8847K->567K(9216K), 0.0128317 secs] 21446K->13166K(29696K), 0.0129139 secs] [Times: user=0.01 sys=0.00, real=0.01 secs] 
Heap after GC invocations=42 (full 2):
 par new generation   total 9216K, used 567K [0x00000000e3400000, 0x00000000e3e00000, 0x00000000ecca0000)
  eden space 8192K,   0% used [0x00000000e3400000, 0x00000000e3400000, 0x00000000e3c00000)
  from space 1024K,  55% used [0x00000000e3c00000, 0x00000000e3c8df10, 0x00000000e3d00000)
  to   space 1024K,   0% used [0x00000000e3d00000, 0x00000000e3d00000, 0x00000000e3e00000)
 concurrent mark-sweep generation total 20480K, used 12598K [0x00000000ecca0000, 0x00000000ee0a0000, 0x0000000100000000)
 Metaspace       used 16267K, capacity 16774K, committed 17024K, reserved 1064960K
  class space    used 1999K, capacity 2147K, committed 2176K, reserved 1048576K
}
2020-11-07T20:04:10.604+0800: 4.450: Application time: 0.0133421 seconds
2020-11-07T20:04:10.607+0800: 4.453: [CMS-concurrent-sweep: 0.014/0.040 secs] [Times: user=0.04 sys=0.00, real=0.04 secs] 
2020-11-07T20:04:10.607+0800: 4.453: [CMS-concurrent-reset-start]
2020-11-07T20:04:10.608+0800: 4.454: Application time: 0.0038798 seconds
2020-11-07T20:04:10.608+0800: 4.454: Application time: 0.0000359 seconds
2020-11-07T20:04:10.608+0800: 4.454: Application time: 0.0000240 seconds
2020-11-07T20:04:10.609+0800: 4.454: Application time: 0.0000245 seconds
2020-11-07T20:04:10.609+0800: 4.454: Application time: 0.0000228 seconds
2020-11-07T20:04:10.609+0800: 4.454: Application time: 0.0000221 seconds
2020-11-07T20:04:10.609+0800: 4.455: Application time: 0.0000232 seconds
2020-11-07T20:04:10.609+0800: 4.455: Application time: 0.0000186 seconds
2020-11-07T20:04:10.609+0800: 4.455: Application time: 0.0000193 seconds
2020-11-07T20:04:10.609+0800: 4.455: Application time: 0.0000222 seconds
2020-11-07T20:04:10.609+0800: 4.455: Application time: 0.0000306 seconds
2020-11-07T20:04:10.609+0800: 4.455: Application time: 0.0000214 seconds
2020-11-07T20:04:10.609+0800: 4.455: Application time: 0.0000230 seconds
2020-11-07T20:04:10.609+0800: 4.455: Application time: 0.0000348 seconds
2020-11-07T20:04:10.609+0800: 4.455: Application time: 0.0000224 seconds
2020-11-07T20:04:10.610+0800: 4.455: Application time: 0.0000276 seconds
2020-11-07T20:04:10.610+0800: 4.455: Application time: 0.0000210 seconds
2020-11-07T20:04:10.610+0800: 4.455: Application time: 0.0000209 seconds
2020-11-07T20:04:10.610+0800: 4.456: Application time: 0.0000177 seconds
2020-11-07T20:04:10.610+0800: 4.456: [CMS-concurrent-reset: 0.002/0.003 secs] [Times: user=0.00 sys=0.00, real=0.00 secs] 
2020-11-07T20:04:10.633+0800: 4.479: Application time: 0.0234336 seconds
2020-11-07T20:04:10.651+0800: 4.497: Application time: 0.0129158 seconds
{Heap before GC invocations=42 (full 2):
 par new generation   total 9216K, used 8759K [0x00000000e3400000, 0x00000000e3e00000, 0x00000000ecca0000)
  eden space 8192K, 100% used [0x00000000e3400000, 0x00000000e3c00000, 0x00000000e3c00000)
  from space 1024K,  55% used [0x00000000e3c00000, 0x00000000e3c8df10, 0x00000000e3d00000)
  to   space 1024K,   0% used [0x00000000e3d00000, 0x00000000e3d00000, 0x00000000e3e00000)
 concurrent mark-sweep generation total 20756K, used 12452K [0x00000000ecca0000, 0x00000000ee0e5000, 0x0000000100000000)
 Metaspace       used 16608K, capacity 17104K, committed 17408K, reserved 1064960K
  class space    used 2040K, capacity 2170K, committed 2304K, reserved 1048576K
2020-11-07T20:04:10.651+0800: 4.497: [GC (Allocation Failure) 2020-11-07T20:04:10.651+0800: 4.497: [ParNew: 8759K->914K(9216K), 0.0101744 secs] 21212K->13366K(29972K), 0.0102608 secs] [Times: user=0.01 sys=0.00, real=0.01 secs] 
Heap after GC invocations=43 (full 2):
 par new generation   total 9216K, used 914K [0x00000000e3400000, 0x00000000e3e00000, 0x00000000ecca0000)
  eden space 8192K,   0% used [0x00000000e3400000, 0x00000000e3400000, 0x00000000e3c00000)
  from space 1024K,  89% used [0x00000000e3d00000, 0x00000000e3de4800, 0x00000000e3e00000)
  to   space 1024K,   0% used [0x00000000e3c00000, 0x00000000e3c00000, 0x00000000e3d00000)
 concurrent mark-sweep generation total 20756K, used 12452K [0x00000000ecca0000, 0x00000000ee0e5000, 0x0000000100000000)
 Metaspace       used 16608K, capacity 17104K, committed 17408K, reserved 1064960K
  class space    used 2040K, capacity 2170K, committed 2304K, reserved 1048576K
}
2020-11-07T20:04:10.718+0800: 4.564: Application time: 0.0564343 seconds
2020-11-07T20:04:10.741+0800: 4.587: Application time: 0.0158335 seconds
{Heap before GC invocations=43 (full 2):
 par new generation   total 9216K, used 9106K [0x00000000e3400000, 0x00000000e3e00000, 0x00000000ecca0000)
  eden space 8192K, 100% used [0x00000000e3400000, 0x00000000e3c00000, 0x00000000e3c00000)
  from space 1024K,  89% used [0x00000000e3d00000, 0x00000000e3de4800, 0x00000000e3e00000)
  to   space 1024K,   0% used [0x00000000e3c00000, 0x00000000e3c00000, 0x00000000e3d00000)
 concurrent mark-sweep generation total 20756K, used 12452K [0x00000000ecca0000, 0x00000000ee0e5000, 0x0000000100000000)
 Metaspace       used 16999K, capacity 17496K, committed 17664K, reserved 1064960K
  class space    used 2097K, capacity 2236K, committed 2304K, reserved 1048576K
2020-11-07T20:04:10.756+0800: 4.602: [GC (Allocation Failure) 2020-11-07T20:04:10.756+0800: 4.602: [ParNew: 9106K->402K(9216K), 0.0056791 secs] 21558K->13288K(29972K), 0.0057490 secs] [Times: user=0.01 sys=0.00, real=0.00 secs] 
Heap after GC invocations=44 (full 2):
 par new generation   total 9216K, used 402K [0x00000000e3400000, 0x00000000e3e00000, 0x00000000ecca0000)
  eden space 8192K,   0% used [0x00000000e3400000, 0x00000000e3400000, 0x00000000e3c00000)
  from space 1024K,  39% used [0x00000000e3c00000, 0x00000000e3c64b10, 0x00000000e3d00000)
  to   space 1024K,   0% used [0x00000000e3d00000, 0x00000000e3d00000, 0x00000000e3e00000)
 concurrent mark-sweep generation total 20756K, used 12885K [0x00000000ecca0000, 0x00000000ee0e5000, 0x0000000100000000)
 Metaspace       used 16999K, capacity 17496K, committed 17664K, reserved 1064960K
  class space    used 2097K, capacity 2236K, committed 2304K, reserved 1048576K
}
2020-11-07T20:04:10.766+0800: 4.612: Application time: 0.0038803 seconds
2020-11-07T20:04:10.766+0800: 4.612: [GC (CMS Initial Mark) [1 CMS-initial-mark: 12885K(20756K)] 15395K(29972K), 0.0021654 secs] [Times: user=0.01 sys=0.00, real=0.00 secs] 
2020-11-07T20:04:10.768+0800: 4.614: [CMS-concurrent-mark-start]
2020-11-07T20:04:10.835+0800: 4.681: Application time: 0.0672195 seconds
{Heap before GC invocations=44 (full 3):
 par new generation   total 9216K, used 8594K [0x00000000e3400000, 0x00000000e3e00000, 0x00000000ecca0000)
  eden space 8192K, 100% used [0x00000000e3400000, 0x00000000e3c00000, 0x00000000e3c00000)
  from space 1024K,  39% used [0x00000000e3c00000, 0x00000000e3c64b10, 0x00000000e3d00000)
  to   space 1024K,   0% used [0x00000000e3d00000, 0x00000000e3d00000, 0x00000000e3e00000)
 concurrent mark-sweep generation total 20756K, used 12885K [0x00000000ecca0000, 0x00000000ee0e5000, 0x0000000100000000)
 Metaspace       used 17406K, capacity 17888K, committed 18048K, reserved 1064960K
  class space    used 2153K, capacity 2304K, committed 2432K, reserved 1048576K
2020-11-07T20:04:10.835+0800: 4.681: [GC (Allocation Failure) 2020-11-07T20:04:10.835+0800: 4.681: [ParNew: 8594K->377K(9216K), 0.0118688 secs] 21480K->13262K(29972K), 0.0119522 secs] [Times: user=0.01 sys=0.00, real=0.01 secs] 
Heap after GC invocations=45 (full 3):
 par new generation   total 9216K, used 377K [0x00000000e3400000, 0x00000000e3e00000, 0x00000000ecca0000)
  eden space 8192K,   0% used [0x00000000e3400000, 0x00000000e3400000, 0x00000000e3c00000)
  from space 1024K,  36% used [0x00000000e3d00000, 0x00000000e3d5e450, 0x00000000e3e00000)
  to   space 1024K,   0% used [0x00000000e3c00000, 0x00000000e3c00000, 0x00000000e3d00000)
 concurrent mark-sweep generation total 20756K, used 12885K [0x00000000ecca0000, 0x00000000ee0e5000, 0x0000000100000000)
 Metaspace       used 17406K, capacity 17888K, committed 18048K, reserved 1064960K
  class space    used 2153K, capacity 2304K, committed 2432K, reserved 1048576K
}
2020-11-07T20:04:10.863+0800: 4.709: [CMS-concurrent-mark: 0.073/0.095 secs] [Times: user=0.08 sys=0.00, real=0.09 secs] 
2020-11-07T20:04:10.863+0800: 4.709: [CMS-concurrent-preclean-start]
2020-11-07T20:04:10.864+0800: 4.710: [CMS-concurrent-preclean: 0.001/0.001 secs] [Times: user=0.00 sys=0.00, real=0.00 secs] 
2020-11-07T20:04:10.864+0800: 4.710: [CMS-concurrent-abortable-preclean-start]
2020-11-07T20:04:10.877+0800: 4.723: Application time: 0.0295458 seconds
2020-11-07T20:04:10.898+0800: 4.744: Application time: 0.0210359 seconds
2020-11-07T20:04:10.920+0800: 4.766: Application time: 0.0215232 seconds
{Heap before GC invocations=45 (full 3):
 par new generation   total 9216K, used 8569K [0x00000000e3400000, 0x00000000e3e00000, 0x00000000ecca0000)
  eden space 8192K, 100% used [0x00000000e3400000, 0x00000000e3c00000, 0x00000000e3c00000)
  from space 1024K,  36% used [0x00000000e3d00000, 0x00000000e3d5e450, 0x00000000e3e00000)
  to   space 1024K,   0% used [0x00000000e3c00000, 0x00000000e3c00000, 0x00000000e3d00000)
 concurrent mark-sweep generation total 20756K, used 12885K [0x00000000ecca0000, 0x00000000ee0e5000, 0x0000000100000000)
 Metaspace       used 17722K, capacity 18310K, committed 18560K, reserved 1064960K
  class space    used 2186K, capacity 2339K, committed 2432K, reserved 1048576K
2020-11-07T20:04:10.920+0800: 4.766: [GC (Allocation Failure) 2020-11-07T20:04:10.920+0800: 4.766: [ParNew: 8569K->668K(9216K), 0.0187846 secs] 21454K->13554K(29972K), 0.0188856 secs] [Times: user=0.01 sys=0.00, real=0.02 secs] 
Heap after GC invocations=46 (full 3):
 par new generation   total 9216K, used 668K [0x00000000e3400000, 0x00000000e3e00000, 0x00000000ecca0000)
  eden space 8192K,   0% used [0x00000000e3400000, 0x00000000e3400000, 0x00000000e3c00000)
  from space 1024K,  65% used [0x00000000e3c00000, 0x00000000e3ca7270, 0x00000000e3d00000)
  to   space 1024K,   0% used [0x00000000e3d00000, 0x00000000e3d00000, 0x00000000e3e00000)
 concurrent mark-sweep generation total 20756K, used 12885K [0x00000000ecca0000, 0x00000000ee0e5000, 0x0000000100000000)
 Metaspace       used 17722K, capacity 18310K, committed 18560K, reserved 1064960K
  class space    used 2186K, capacity 2339K, committed 2432K, reserved 1048576K
}
2020-11-07T20:04:10.968+0800: 4.814: Application time: 0.0291827 seconds
2020-11-07T20:04:10.976+0800: 4.821: Application time: 0.0071409 seconds
{Heap before GC invocations=46 (full 3):
 par new generation   total 9216K, used 8860K [0x00000000e3400000, 0x00000000e3e00000, 0x00000000ecca0000)
  eden space 8192K, 100% used [0x00000000e3400000, 0x00000000e3c00000, 0x00000000e3c00000)
  from space 1024K,  65% used [0x00000000e3c00000, 0x00000000e3ca7270, 0x00000000e3d00000)
  to   space 1024K,   0% used [0x00000000e3d00000, 0x00000000e3d00000, 0x00000000e3e00000)
 concurrent mark-sweep generation total 20756K, used 12885K [0x00000000ecca0000, 0x00000000ee0e5000, 0x0000000100000000)
 Metaspace       used 18017K, capacity 18598K, committed 18816K, reserved 1064960K
  class space    used 2219K, capacity 2371K, committed 2432K, reserved 1048576K
2020-11-07T20:04:10.976+0800: 4.822: [GC (Allocation Failure) 2020-11-07T20:04:10.976+0800: 4.822: [ParNew: 8860K->350K(9216K), 0.0107698 secs] 21746K->13494K(29972K), 0.0108384 secs] [Times: user=0.01 sys=0.00, real=0.01 secs] 
Heap after GC invocations=47 (full 3):
 par new generation   total 9216K, used 350K [0x00000000e3400000, 0x00000000e3e00000, 0x00000000ecca0000)
  eden space 8192K,   0% used [0x00000000e3400000, 0x00000000e3400000, 0x00000000e3c00000)
  from space 1024K,  34% used [0x00000000e3d00000, 0x00000000e3d57910, 0x00000000e3e00000)
  to   space 1024K,   0% used [0x00000000e3c00000, 0x00000000e3c00000, 0x00000000e3d00000)
 concurrent mark-sweep generation total 20756K, used 13144K [0x00000000ecca0000, 0x00000000ee0e5000, 0x0000000100000000)
 Metaspace       used 18017K, capacity 18598K, committed 18816K, reserved 1064960K
  class space    used 2219K, capacity 2371K, committed 2432K, reserved 1048576K
}
2020-11-07T20:04:10.987+0800: 4.833: [CMS-concurrent-abortable-preclean: 0.025/0.123 secs] [Times: user=0.12 sys=0.00, real=0.13 secs] 
2020-11-07T20:04:10.987+0800: 4.833: Application time: 0.0003437 seconds
2020-11-07T20:04:10.987+0800: 4.833: [GC (CMS Final Remark) [YG occupancy: 433 K (9216 K)]2020-11-07T20:04:10.987+0800: 4.833: [Rescan (parallel) , 0.0031084 secs]2020-11-07T20:04:10.990+0800: 4.836: [weak refs processing, 0.0000480 secs]2020-11-07T20:04:10.990+0800: 4.836: [class unloading, 0.0037177 secs]2020-11-07T20:04:10.994+0800: 4.840: [scrub symbol table, 0.0050023 secs]2020-11-07T20:04:10.999+0800: 4.845: [scrub string table, 0.0005192 secs][1 CMS-remark: 13144K(20756K)] 13577K(29972K), 0.0125811 secs] [Times: user=0.01 sys=0.00, real=0.01 secs] 
2020-11-07T20:04:11.000+0800: 4.846: [CMS-concurrent-sweep-start]
2020-11-07T20:04:11.018+0800: 4.864: [CMS-concurrent-sweep: 0.018/0.018 secs] [Times: user=0.02 sys=0.00, real=0.02 secs] 
2020-11-07T20:04:11.018+0800: 4.864: [CMS-concurrent-reset-start]
2020-11-07T20:04:11.019+0800: 4.865: [CMS-concurrent-reset: 0.001/0.001 secs] [Times: user=0.00 sys=0.00, real=0.00 secs] 
2020-11-07T20:04:11.065+0800: 4.911: Application time: 0.0656275 seconds
{Heap before GC invocations=47 (full 3):
 par new generation   total 9216K, used 8542K [0x00000000e3400000, 0x00000000e3e00000, 0x00000000ecca0000)
  eden space 8192K, 100% used [0x00000000e3400000, 0x00000000e3c00000, 0x00000000e3c00000)
  from space 1024K,  34% used [0x00000000e3d00000, 0x00000000e3d57910, 0x00000000e3e00000)
  to   space 1024K,   0% used [0x00000000e3c00000, 0x00000000e3c00000, 0x00000000e3d00000)
 concurrent mark-sweep generation total 21812K, used 13084K [0x00000000ecca0000, 0x00000000ee1ed000, 0x0000000100000000)
 Metaspace       used 18375K, capacity 18950K, committed 19072K, reserved 1067008K
  class space    used 2250K, capacity 2403K, committed 2432K, reserved 1048576K
2020-11-07T20:04:11.076+0800: 4.922: [GC (Allocation Failure) 2020-11-07T20:04:11.076+0800: 4.922: [ParNew: 8542K->467K(9216K), 0.0031918 secs] 21627K->13552K(31028K), 0.0032836 secs] [Times: user=0.00 sys=0.00, real=0.00 secs] 
Heap after GC invocations=48 (full 3):
 par new generation   total 9216K, used 467K [0x00000000e3400000, 0x00000000e3e00000, 0x00000000ecca0000)
  eden space 8192K,   0% used [0x00000000e3400000, 0x00000000e3400000, 0x00000000e3c00000)
  from space 1024K,  45% used [0x00000000e3c00000, 0x00000000e3c74fb8, 0x00000000e3d00000)
  to   space 1024K,   0% used [0x00000000e3d00000, 0x00000000e3d00000, 0x00000000e3e00000)
 concurrent mark-sweep generation total 21812K, used 13084K [0x00000000ecca0000, 0x00000000ee1ed000, 0x0000000100000000)
 Metaspace       used 18375K, capacity 18950K, committed 19072K, reserved 1067008K
  class space    used 2250K, capacity 2403K, committed 2432K, reserved 1048576K
}
2020-11-07T20:04:11.136+0800: 4.982: Application time: 0.0566213 seconds
{Heap before GC invocations=48 (full 3):
 par new generation   total 9216K, used 8659K [0x00000000e3400000, 0x00000000e3e00000, 0x00000000ecca0000)
  eden space 8192K, 100% used [0x00000000e3400000, 0x00000000e3c00000, 0x00000000e3c00000)
  from space 1024K,  45% used [0x00000000e3c00000, 0x00000000e3c74fb8, 0x00000000e3d00000)
  to   space 1024K,   0% used [0x00000000e3d00000, 0x00000000e3d00000, 0x00000000e3e00000)
 concurrent mark-sweep generation total 21812K, used 13084K [0x00000000ecca0000, 0x00000000ee1ed000, 0x0000000100000000)
 Metaspace       used 18746K, capacity 19318K, committed 19712K, reserved 1067008K
  class space    used 2292K, capacity 2441K, committed 2560K, reserved 1048576K
2020-11-07T20:04:11.137+0800: 4.982: [GC (Allocation Failure) 2020-11-07T20:04:11.137+0800: 4.982: [ParNew: 8659K->539K(9216K), 0.0157121 secs] 21744K->13624K(31028K), 0.0157737 secs] [Times: user=0.01 sys=0.00, real=0.01 secs] 
Heap after GC invocations=49 (full 3):
 par new generation   total 9216K, used 539K [0x00000000e3400000, 0x00000000e3e00000, 0x00000000ecca0000)
  eden space 8192K,   0% used [0x00000000e3400000, 0x00000000e3400000, 0x00000000e3c00000)
  from space 1024K,  52% used [0x00000000e3d00000, 0x00000000e3d86f80, 0x00000000e3e00000)
  to   space 1024K,   0% used [0x00000000e3c00000, 0x00000000e3c00000, 0x00000000e3d00000)
 concurrent mark-sweep generation total 21812K, used 13084K [0x00000000ecca0000, 0x00000000ee1ed000, 0x0000000100000000)
 Metaspace       used 18746K, capacity 19318K, committed 19712K, reserved 1067008K
  class space    used 2292K, capacity 2441K, committed 2560K, reserved 1048576K
}
2020-11-07T20:04:11.205+0800: 5.051: Application time: 0.0526706 seconds
{Heap before GC invocations=49 (full 3):
 par new generation   total 9216K, used 8731K [0x00000000e3400000, 0x00000000e3e00000, 0x00000000ecca0000)
  eden space 8192K, 100% used [0x00000000e3400000, 0x00000000e3c00000, 0x00000000e3c00000)
  from space 1024K,  52% used [0x00000000e3d00000, 0x00000000e3d86f80, 0x00000000e3e00000)
  to   space 1024K,   0% used [0x00000000e3c00000, 0x00000000e3c00000, 0x00000000e3d00000)
 concurrent mark-sweep generation total 21812K, used 13084K [0x00000000ecca0000, 0x00000000ee1ed000, 0x0000000100000000)
 Metaspace       used 19235K, capacity 19734K, committed 19968K, reserved 1067008K
  class space    used 2338K, capacity 2473K, committed 2560K, reserved 1048576K
2020-11-07T20:04:11.205+0800: 5.051: [GC (Allocation Failure) 2020-11-07T20:04:11.205+0800: 5.051: [ParNew: 8731K->568K(9216K), 0.0092371 secs] 21816K->13653K(31028K), 0.0092877 secs] [Times: user=0.01 sys=0.00, real=0.01 secs] 
Heap after GC invocations=50 (full 3):
 par new generation   total 9216K, used 568K [0x00000000e3400000, 0x00000000e3e00000, 0x00000000ecca0000)
  eden space 8192K,   0% used [0x00000000e3400000, 0x00000000e3400000, 0x00000000e3c00000)
  from space 1024K,  55% used [0x00000000e3c00000, 0x00000000e3c8e3e0, 0x00000000e3d00000)
  to   space 1024K,   0% used [0x00000000e3d00000, 0x00000000e3d00000, 0x00000000e3e00000)
 concurrent mark-sweep generation total 21812K, used 13084K [0x00000000ecca0000, 0x00000000ee1ed000, 0x0000000100000000)
 Metaspace       used 19235K, capacity 19734K, committed 19968K, reserved 1067008K
  class space    used 2338K, capacity 2473K, committed 2560K, reserved 1048576K
}
2020-11-07T20:04:11.227+0800: 5.073: Application time: 0.0123759 seconds
2020-11-07T20:04:11.229+0800: 5.075: Application time: 0.0000630 seconds
2020-11-07T20:04:11.318+0800: 5.164: Application time: 0.0883345 seconds
{Heap before GC invocations=50 (full 3):
 par new generation   total 9216K, used 8760K [0x00000000e3400000, 0x00000000e3e00000, 0x00000000ecca0000)
  eden space 8192K, 100% used [0x00000000e3400000, 0x00000000e3c00000, 0x00000000e3c00000)
  from space 1024K,  55% used [0x00000000e3c00000, 0x00000000e3c8e3e0, 0x00000000e3d00000)
  to   space 1024K,   0% used [0x00000000e3d00000, 0x00000000e3d00000, 0x00000000e3e00000)
 concurrent mark-sweep generation total 21812K, used 13084K [0x00000000ecca0000, 0x00000000ee1ed000, 0x0000000100000000)
 Metaspace       used 19726K, capacity 20316K, committed 20480K, reserved 1067008K
  class space    used 2396K, capacity 2538K, committed 2560K, reserved 1048576K
2020-11-07T20:04:11.324+0800: 5.170: [GC (Allocation Failure) 2020-11-07T20:04:11.324+0800: 5.170: [ParNew: 8760K->642K(9216K), 0.0188667 secs] 21845K->13751K(31028K), 0.0189326 secs] [Times: user=0.01 sys=0.00, real=0.02 secs] 
Heap after GC invocations=51 (full 3):
 par new generation   total 9216K, used 642K [0x00000000e3400000, 0x00000000e3e00000, 0x00000000ecca0000)
  eden space 8192K,   0% used [0x00000000e3400000, 0x00000000e3400000, 0x00000000e3c00000)
  from space 1024K,  62% used [0x00000000e3d00000, 0x00000000e3da0a00, 0x00000000e3e00000)
  to   space 1024K,   0% used [0x00000000e3c00000, 0x00000000e3c00000, 0x00000000e3d00000)
 concurrent mark-sweep generation total 21812K, used 13108K [0x00000000ecca0000, 0x00000000ee1ed000, 0x0000000100000000)
 Metaspace       used 19726K, capacity 20316K, committed 20480K, reserved 1067008K
  class space    used 2396K, capacity 2538K, committed 2560K, reserved 1048576K
}
2020-11-07T20:04:11.346+0800: 5.192: Application time: 0.0029010 seconds
2020-11-07T20:04:11.346+0800: 5.192: [GC (CMS Initial Mark) [1 CMS-initial-mark: 13108K(21812K)] 14173K(31028K), 0.0017916 secs] [Times: user=0.00 sys=0.00, real=0.00 secs] 
2020-11-07T20:04:11.348+0800: 5.194: [CMS-concurrent-mark-start]
2020-11-07T20:04:11.425+0800: 5.270: Application time: 0.0765320 seconds
2020-11-07T20:04:11.439+0800: 5.284: [CMS-concurrent-mark: 0.080/0.091 secs] [Times: user=0.09 sys=0.00, real=0.09 secs] 
2020-11-07T20:04:11.439+0800: 5.285: [CMS-concurrent-preclean-start]
2020-11-07T20:04:11.440+0800: 5.286: [CMS-concurrent-preclean: 0.001/0.001 secs] [Times: user=0.00 sys=0.00, real=0.00 secs] 
2020-11-07T20:04:11.440+0800: 5.286: [CMS-concurrent-abortable-preclean-start]
2020-11-07T20:04:11.670+0800: 5.516: Application time: 0.2384755 seconds
{Heap before GC invocations=51 (full 4):
 par new generation   total 9216K, used 8834K [0x00000000e3400000, 0x00000000e3e00000, 0x00000000ecca0000)
  eden space 8192K, 100% used [0x00000000e3400000, 0x00000000e3c00000, 0x00000000e3c00000)
  from space 1024K,  62% used [0x00000000e3d00000, 0x00000000e3da0a00, 0x00000000e3e00000)
  to   space 1024K,   0% used [0x00000000e3c00000, 0x00000000e3c00000, 0x00000000e3d00000)
 concurrent mark-sweep generation total 21812K, used 13108K [0x00000000ecca0000, 0x00000000ee1ed000, 0x0000000100000000)
 Metaspace       used 20135K, capacity 20682K, committed 20864K, reserved 1067008K
  class space    used 2458K, capacity 2639K, committed 2688K, reserved 1048576K
2020-11-07T20:04:11.887+0800: 5.732: [GC (Allocation Failure) 2020-11-07T20:04:11.887+0800: 5.732: [ParNew: 8834K->570K(9216K), 0.0054627 secs] 21943K->13808K(31028K), 0.0055507 secs] [Times: user=0.01 sys=0.00, real=0.00 secs] 
Heap after GC invocations=52 (full 4):
 par new generation   total 9216K, used 570K [0x00000000e3400000, 0x00000000e3e00000, 0x00000000ecca0000)
  eden space 8192K,   0% used [0x00000000e3400000, 0x00000000e3400000, 0x00000000e3c00000)
  from space 1024K,  55% used [0x00000000e3c00000, 0x00000000e3c8eb48, 0x00000000e3d00000)
  to   space 1024K,   0% used [0x00000000e3d00000, 0x00000000e3d00000, 0x00000000e3e00000)
 concurrent mark-sweep generation total 21812K, used 13237K [0x00000000ecca0000, 0x00000000ee1ed000, 0x0000000100000000)
 Metaspace       used 20135K, capacity 20682K, committed 20864K, reserved 1067008K
  class space    used 2458K, capacity 2639K, committed 2688K, reserved 1048576K
}
2020-11-07T20:04:11.958+0800: 5.804: Application time: 0.0662119 seconds
{Heap before GC invocations=52 (full 4):
 par new generation   total 9216K, used 8762K [0x00000000e3400000, 0x00000000e3e00000, 0x00000000ecca0000)
  eden space 8192K, 100% used [0x00000000e3400000, 0x00000000e3c00000, 0x00000000e3c00000)
  from space 1024K,  55% used [0x00000000e3c00000, 0x00000000e3c8eb48, 0x00000000e3d00000)
  to   space 1024K,   0% used [0x00000000e3d00000, 0x00000000e3d00000, 0x00000000e3e00000)
 concurrent mark-sweep generation total 21812K, used 13237K [0x00000000ecca0000, 0x00000000ee1ed000, 0x0000000100000000)
 Metaspace       used 20726K, capacity 21280K, committed 21504K, reserved 1069056K
  class space    used 2535K, capacity 2708K, committed 2816K, reserved 1048576K
2020-11-07T20:04:11.959+0800: 5.804: [GC (Allocation Failure) 2020-11-07T20:04:11.959+0800: 5.804: [ParNew: 8762K->764K(9216K), 0.0130876 secs] 22000K->14095K(31028K), 0.0131466 secs] [Times: user=0.01 sys=0.00, real=0.01 secs] 
Heap after GC invocations=53 (full 4):
 par new generation   total 9216K, used 764K [0x00000000e3400000, 0x00000000e3e00000, 0x00000000ecca0000)
  eden space 8192K,   0% used [0x00000000e3400000, 0x00000000e3400000, 0x00000000e3c00000)
  from space 1024K,  74% used [0x00000000e3d00000, 0x00000000e3dbf298, 0x00000000e3e00000)
  to   space 1024K,   0% used [0x00000000e3c00000, 0x00000000e3c00000, 0x00000000e3d00000)
 concurrent mark-sweep generation total 21812K, used 13330K [0x00000000ecca0000, 0x00000000ee1ed000, 0x0000000100000000)
 Metaspace       used 20726K, capacity 21280K, committed 21504K, reserved 1069056K
  class space    used 2535K, capacity 2708K, committed 2816K, reserved 1048576K
}
2020-11-07T20:04:12.082+0800: 5.927: [CMS-concurrent-abortable-preclean: 0.242/0.642 secs] [Times: user=0.40 sys=0.18, real=0.64 secs] 
2020-11-07T20:04:12.082+0800: 5.927: Application time: 0.1099000 seconds
2020-11-07T20:04:12.103+0800: 5.949: [GC (CMS Final Remark) [YG occupancy: 6396 K (9216 K)]2020-11-07T20:04:12.103+0800: 5.949: [Rescan (parallel) , 0.0103263 secs]2020-11-07T20:04:12.113+0800: 5.959: [weak refs processing, 0.0007052 secs]2020-11-07T20:04:12.114+0800: 5.960: [class unloading, 0.0039084 secs]2020-11-07T20:04:12.118+0800: 5.964: [scrub symbol table, 0.0065324 secs]2020-11-07T20:04:12.124+0800: 5.970: [scrub string table, 0.0004544 secs][1 CMS-remark: 13330K(21812K)] 19727K(31028K), 0.0221186 secs] [Times: user=0.01 sys=0.00, real=0.03 secs] 
2020-11-07T20:04:12.139+0800: 5.985: [CMS-concurrent-sweep-start]
2020-11-07T20:04:12.190+0800: 6.036: Application time: 0.0655575 seconds
{Heap before GC invocations=53 (full 4):
 par new generation   total 9216K, used 8956K [0x00000000e3400000, 0x00000000e3e00000, 0x00000000ecca0000)
  eden space 8192K, 100% used [0x00000000e3400000, 0x00000000e3c00000, 0x00000000e3c00000)
  from space 1024K,  74% used [0x00000000e3d00000, 0x00000000e3dbf298, 0x00000000e3e00000)
  to   space 1024K,   0% used [0x00000000e3c00000, 0x00000000e3c00000, 0x00000000e3d00000)
 concurrent mark-sweep generation total 21812K, used 13261K [0x00000000ecca0000, 0x00000000ee1ed000, 0x0000000100000000)
 Metaspace       used 21250K, capacity 21806K, committed 22016K, reserved 1069056K
  class space    used 2604K, capacity 2777K, committed 2816K, reserved 1048576K
2020-11-07T20:04:12.191+0800: 6.036: [GC (Allocation Failure) 2020-11-07T20:04:12.191+0800: 6.037: [ParNew: 8956K->573K(9216K), 0.0588032 secs] 22217K->13977K(31028K), 0.0588818 secs] [Times: user=0.03 sys=0.00, real=0.06 secs] 
Heap after GC invocations=54 (full 4):
 par new generation   total 9216K, used 573K [0x00000000e3400000, 0x00000000e3e00000, 0x00000000ecca0000)
  eden space 8192K,   0% used [0x00000000e3400000, 0x00000000e3400000, 0x00000000e3c00000)
  from space 1024K,  55% used [0x00000000e3c00000, 0x00000000e3c8f458, 0x00000000e3d00000)
  to   space 1024K,   0% used [0x00000000e3d00000, 0x00000000e3d00000, 0x00000000e3e00000)
 concurrent mark-sweep generation total 21812K, used 13404K [0x00000000ecca0000, 0x00000000ee1ed000, 0x0000000100000000)
 Metaspace       used 21250K, capacity 21806K, committed 22016K, reserved 1069056K
  class space    used 2604K, capacity 2777K, committed 2816K, reserved 1048576K
}
2020-11-07T20:04:12.250+0800: 6.096: [CMS-concurrent-sweep: 0.052/0.111 secs] [Times: user=0.06 sys=0.00, real=0.11 secs] 
2020-11-07T20:04:12.261+0800: 6.107: [CMS-concurrent-reset-start]
2020-11-07T20:04:12.262+0800: 6.108: [CMS-concurrent-reset: 0.001/0.001 secs] [Times: user=0.00 sys=0.00, real=0.00 secs] 
2020-11-07T20:04:12.313+0800: 6.159: Application time: 0.0637925 seconds
{Heap before GC invocations=54 (full 4):
 par new generation   total 9216K, used 8765K [0x00000000e3400000, 0x00000000e3e00000, 0x00000000ecca0000)
  eden space 8192K, 100% used [0x00000000e3400000, 0x00000000e3c00000, 0x00000000e3c00000)
  from space 1024K,  55% used [0x00000000e3c00000, 0x00000000e3c8f458, 0x00000000e3d00000)
  to   space 1024K,   0% used [0x00000000e3d00000, 0x00000000e3d00000, 0x00000000e3e00000)
 concurrent mark-sweep generation total 22284K, used 13369K [0x00000000ecca0000, 0x00000000ee263000, 0x0000000100000000)
 Metaspace       used 21394K, capacity 21998K, committed 22272K, reserved 1069056K
  class space    used 2626K, capacity 2777K, committed 2816K, reserved 1048576K
2020-11-07T20:04:12.314+0800: 6.159: [GC (Allocation Failure) 2020-11-07T20:04:12.314+0800: 6.160: [ParNew: 8765K->214K(9216K), 0.0337125 secs] 22134K->13661K(31500K), 0.0337981 secs] [Times: user=0.01 sys=0.00, real=0.04 secs] 
Heap after GC invocations=55 (full 4):
 par new generation   total 9216K, used 214K [0x00000000e3400000, 0x00000000e3e00000, 0x00000000ecca0000)
  eden space 8192K,   0% used [0x00000000e3400000, 0x00000000e3400000, 0x00000000e3c00000)
  from space 1024K,  20% used [0x00000000e3d00000, 0x00000000e3d35918, 0x00000000e3e00000)
  to   space 1024K,   0% used [0x00000000e3c00000, 0x00000000e3c00000, 0x00000000e3d00000)
 concurrent mark-sweep generation total 22284K, used 13447K [0x00000000ecca0000, 0x00000000ee263000, 0x0000000100000000)
 Metaspace       used 21394K, capacity 21998K, committed 22272K, reserved 1069056K
  class space    used 2626K, capacity 2777K, committed 2816K, reserved 1048576K
}
2020-11-07T20:04:12.351+0800: 6.197: Application time: 0.0039479 seconds
2020-11-07T20:04:12.352+0800: 6.198: [GC (CMS Initial Mark) [1 CMS-initial-mark: 13447K(22284K)] 14007K(31500K), 0.0015494 secs] [Times: user=0.00 sys=0.00, real=0.00 secs] 
2020-11-07T20:04:12.354+0800: 6.199: [CMS-concurrent-mark-start]
2020-11-07T20:04:12.383+0800: 6.229: Application time: 0.0292314 seconds
2020-11-07T20:04:12.445+0800: 6.291: Application time: 0.0619572 seconds
2020-11-07T20:04:12.523+0800: 6.369: Application time: 0.0778044 seconds
2020-11-07T20:04:12.583+0800: 6.429: Application time: 0.0597494 seconds
{Heap before GC invocations=55 (full 5):
 par new generation   total 9216K, used 8406K [0x00000000e3400000, 0x00000000e3e00000, 0x00000000ecca0000)
  eden space 8192K, 100% used [0x00000000e3400000, 0x00000000e3c00000, 0x00000000e3c00000)
  from space 1024K,  20% used [0x00000000e3d00000, 0x00000000e3d35918, 0x00000000e3e00000)
  to   space 1024K,   0% used [0x00000000e3c00000, 0x00000000e3c00000, 0x00000000e3d00000)
 concurrent mark-sweep generation total 22284K, used 13447K [0x00000000ecca0000, 0x00000000ee263000, 0x0000000100000000)
 Metaspace       used 21768K, capacity 22322K, committed 22656K, reserved 1069056K
  class space    used 2682K, capacity 2843K, committed 2944K, reserved 1048576K
2020-11-07T20:04:12.583+0800: 6.429: [GC (Allocation Failure) 2020-11-07T20:04:12.583+0800: 6.429: [ParNew: 8406K->531K(9216K), 0.0360229 secs] 21853K->13978K(31500K), 0.0360865 secs] [Times: user=0.01 sys=0.00, real=0.04 secs] 
Heap after GC invocations=56 (full 5):
 par new generation   total 9216K, used 531K [0x00000000e3400000, 0x00000000e3e00000, 0x00000000ecca0000)
  eden space 8192K,   0% used [0x00000000e3400000, 0x00000000e3400000, 0x00000000e3c00000)
  from space 1024K,  51% used [0x00000000e3c00000, 0x00000000e3c84e38, 0x00000000e3d00000)
  to   space 1024K,   0% used [0x00000000e3d00000, 0x00000000e3d00000, 0x00000000e3e00000)
 concurrent mark-sweep generation total 22284K, used 13447K [0x00000000ecca0000, 0x00000000ee263000, 0x0000000100000000)
 Metaspace       used 21768K, capacity 22322K, committed 22656K, reserved 1069056K
  class space    used 2682K, capacity 2843K, committed 2944K, reserved 1048576K
}
2020-11-07T20:04:12.621+0800: 6.467: Application time: 0.0017223 seconds
2020-11-07T20:04:12.642+0800: 6.488: [CMS-concurrent-mark: 0.223/0.288 secs] [Times: user=0.14 sys=0.00, real=0.29 secs] 
2020-11-07T20:04:12.642+0800: 6.488: [CMS-concurrent-preclean-start]
2020-11-07T20:04:12.643+0800: 6.489: [CMS-concurrent-preclean: 0.001/0.002 secs] [Times: user=0.00 sys=0.00, real=0.00 secs] 
2020-11-07T20:04:12.644+0800: 6.489: [CMS-concurrent-abortable-preclean-start]
2020-11-07T20:04:12.711+0800: 6.557: Application time: 0.0902618 seconds
2020-11-07T20:04:12.726+0800: 6.572: Application time: 0.0143269 seconds
2020-11-07T20:04:12.730+0800: 6.576: Application time: 0.0022709 seconds
2020-11-07T20:04:12.751+0800: 6.597: Application time: 0.0212334 seconds
2020-11-07T20:04:12.757+0800: 6.603: Application time: 0.0048539 seconds
2020-11-07T20:04:12.760+0800: 6.606: Application time: 0.0033394 seconds
{Heap before GC invocations=56 (full 5):
 par new generation   total 9216K, used 8723K [0x00000000e3400000, 0x00000000e3e00000, 0x00000000ecca0000)
  eden space 8192K, 100% used [0x00000000e3400000, 0x00000000e3c00000, 0x00000000e3c00000)
  from space 1024K,  51% used [0x00000000e3c00000, 0x00000000e3c84e38, 0x00000000e3d00000)
  to   space 1024K,   0% used [0x00000000e3d00000, 0x00000000e3d00000, 0x00000000e3e00000)
 concurrent mark-sweep generation total 22284K, used 13447K [0x00000000ecca0000, 0x00000000ee263000, 0x0000000100000000)
 Metaspace       used 22287K, capacity 22874K, committed 23168K, reserved 1069056K
  class space    used 2740K, capacity 2903K, committed 2944K, reserved 1048576K
2020-11-07T20:04:12.761+0800: 6.606: [GC (Allocation Failure) 2020-11-07T20:04:12.761+0800: 6.606: [ParNew: 8723K->691K(9216K), 0.0043033 secs] 22170K->14138K(31500K), 0.0043506 secs] [Times: user=0.01 sys=0.00, real=0.01 secs] 
Heap after GC invocations=57 (full 5):
 par new generation   total 9216K, used 691K [0x00000000e3400000, 0x00000000e3e00000, 0x00000000ecca0000)
  eden space 8192K,   0% used [0x00000000e3400000, 0x00000000e3400000, 0x00000000e3c00000)
  from space 1024K,  67% used [0x00000000e3d00000, 0x00000000e3dacc58, 0x00000000e3e00000)
  to   space 1024K,   0% used [0x00000000e3c00000, 0x00000000e3c00000, 0x00000000e3d00000)
 concurrent mark-sweep generation total 22284K, used 13447K [0x00000000ecca0000, 0x00000000ee263000, 0x0000000100000000)
 Metaspace       used 22287K, capacity 22874K, committed 23168K, reserved 1069056K
  class space    used 2740K, capacity 2903K, committed 2944K, reserved 1048576K
}
2020-11-07T20:04:12.807+0800: 6.653: Application time: 0.0417789 seconds
2020-11-07T20:04:12.814+0800: 6.660: Application time: 0.0075394 seconds
2020-11-07T20:04:12.850+0800: 6.696: Application time: 0.0353582 seconds
{Heap before GC invocations=57 (full 5):
 par new generation   total 9216K, used 8882K [0x00000000e3400000, 0x00000000e3e00000, 0x00000000ecca0000)
  eden space 8192K,  99% used [0x00000000e3400000, 0x00000000e3bffe38, 0x00000000e3c00000)
  from space 1024K,  67% used [0x00000000e3d00000, 0x00000000e3dacc58, 0x00000000e3e00000)
  to   space 1024K,   0% used [0x00000000e3c00000, 0x00000000e3c00000, 0x00000000e3d00000)
 concurrent mark-sweep generation total 22284K, used 13447K [0x00000000ecca0000, 0x00000000ee263000, 0x0000000100000000)
 Metaspace       used 22511K, capacity 23098K, committed 23168K, reserved 1069056K
  class space    used 2772K, capacity 2935K, committed 2944K, reserved 1048576K
2020-11-07T20:04:12.850+0800: 6.696: [GC (Allocation Failure) 2020-11-07T20:04:12.850+0800: 6.696: [ParNew: 8882K->303K(9216K), 0.0108093 secs] 22329K->14103K(31500K), 0.0108615 secs] [Times: user=0.01 sys=0.00, real=0.01 secs] 
Heap after GC invocations=58 (full 5):
 par new generation   total 9216K, used 303K [0x00000000e3400000, 0x00000000e3e00000, 0x00000000ecca0000)
  eden space 8192K,   0% used [0x00000000e3400000, 0x00000000e3400000, 0x00000000e3c00000)
  from space 1024K,  29% used [0x00000000e3c00000, 0x00000000e3c4beb0, 0x00000000e3d00000)
  to   space 1024K,   0% used [0x00000000e3d00000, 0x00000000e3d00000, 0x00000000e3e00000)
 concurrent mark-sweep generation total 22284K, used 13799K [0x00000000ecca0000, 0x00000000ee263000, 0x0000000100000000)
 Metaspace       used 22511K, capacity 23098K, committed 23168K, reserved 1069056K
  class space    used 2772K, capacity 2935K, committed 2944K, reserved 1048576K
}
2020-11-07T20:04:12.861+0800: 6.707: [CMS-concurrent-abortable-preclean: 0.054/0.218 secs] [Times: user=0.21 sys=0.01, real=0.22 secs] 
2020-11-07T20:04:12.865+0800: 6.711: Application time: 0.0039505 seconds
2020-11-07T20:04:12.865+0800: 6.711: [GC (CMS Final Remark) [YG occupancy: 740 K (9216 K)]2020-11-07T20:04:12.865+0800: 6.711: [Rescan (parallel) , 0.0038607 secs]2020-11-07T20:04:12.869+0800: 6.715: [weak refs processing, 0.0000460 secs]2020-11-07T20:04:12.869+0800: 6.715: [class unloading, 0.0042502 secs]2020-11-07T20:04:12.873+0800: 6.719: [scrub symbol table, 0.0083396 secs]2020-11-07T20:04:12.882+0800: 6.728: [scrub string table, 0.0005342 secs][1 CMS-remark: 13799K(22284K)] 14540K(31500K), 0.0172463 secs] [Times: user=0.02 sys=0.00, real=0.01 secs] 
2020-11-07T20:04:12.892+0800: 6.738: [CMS-concurrent-sweep-start]
2020-11-07T20:04:12.900+0800: 6.746: Application time: 0.0173190 seconds
{Heap before GC invocations=58 (full 5):
 par new generation   total 9216K, used 8495K [0x00000000e3400000, 0x00000000e3e00000, 0x00000000ecca0000)
  eden space 8192K, 100% used [0x00000000e3400000, 0x00000000e3c00000, 0x00000000e3c00000)
  from space 1024K,  29% used [0x00000000e3c00000, 0x00000000e3c4beb0, 0x00000000e3d00000)
  to   space 1024K,   0% used [0x00000000e3d00000, 0x00000000e3d00000, 0x00000000e3e00000)
 concurrent mark-sweep generation total 22284K, used 13794K [0x00000000ecca0000, 0x00000000ee263000, 0x0000000100000000)
 Metaspace       used 22525K, capacity 23098K, committed 23168K, reserved 1069056K
  class space    used 2775K, capacity 2935K, committed 2944K, reserved 1048576K
2020-11-07T20:04:12.900+0800: 6.746: [GC (Allocation Failure) 2020-11-07T20:04:12.900+0800: 6.746: [ParNew: 8495K->298K(9216K), 0.0050540 secs] 22290K->14093K(31500K), 0.0051390 secs] [Times: user=0.01 sys=0.00, real=0.01 secs] 
Heap after GC invocations=59 (full 5):
 par new generation   total 9216K, used 298K [0x00000000e3400000, 0x00000000e3e00000, 0x00000000ecca0000)
  eden space 8192K,   0% used [0x00000000e3400000, 0x00000000e3400000, 0x00000000e3c00000)
  from space 1024K,  29% used [0x00000000e3d00000, 0x00000000e3d4a860, 0x00000000e3e00000)
  to   space 1024K,   0% used [0x00000000e3c00000, 0x00000000e3c00000, 0x00000000e3d00000)
 concurrent mark-sweep generation total 22284K, used 13794K [0x00000000ecca0000, 0x00000000ee263000, 0x0000000100000000)
 Metaspace       used 22525K, capacity 23098K, committed 23168K, reserved 1069056K
  class space    used 2775K, capacity 2935K, committed 2944K, reserved 1048576K
}
2020-11-07T20:04:12.907+0800: 6.752: Application time: 0.0016357 seconds
{Heap before GC invocations=59 (full 5):
 par new generation   total 9216K, used 8467K [0x00000000e3400000, 0x00000000e3e00000, 0x00000000ecca0000)
  eden space 8192K,  99% used [0x00000000e3400000, 0x00000000e3bfa758, 0x00000000e3c00000)
  from space 1024K,  29% used [0x00000000e3d00000, 0x00000000e3d4a860, 0x00000000e3e00000)
  to   space 1024K,   0% used [0x00000000e3c00000, 0x00000000e3c00000, 0x00000000e3d00000)
 concurrent mark-sweep generation total 22284K, used 13794K [0x00000000ecca0000, 0x00000000ee263000, 0x0000000100000000)
 Metaspace       used 22525K, capacity 23098K, committed 23168K, reserved 1069056K
  class space    used 2775K, capacity 2935K, committed 2944K, reserved 1048576K
2020-11-07T20:04:12.907+0800: 6.753: [GC (Allocation Failure) 2020-11-07T20:04:12.907+0800: 6.753: [ParNew: 8467K->262K(9216K), 0.0035030 secs] 22262K->14057K(31500K), 0.0035519 secs] [Times: user=0.00 sys=0.00, real=0.00 secs] 
Heap after GC invocations=60 (full 5):
 par new generation   total 9216K, used 262K [0x00000000e3400000, 0x00000000e3e00000, 0x00000000ecca0000)
  eden space 8192K,   0% used [0x00000000e3400000, 0x00000000e3400000, 0x00000000e3c00000)
  from space 1024K,  25% used [0x00000000e3c00000, 0x00000000e3c418e0, 0x00000000e3d00000)
  to   space 1024K,   0% used [0x00000000e3d00000, 0x00000000e3d00000, 0x00000000e3e00000)
 concurrent mark-sweep generation total 22284K, used 13794K [0x00000000ecca0000, 0x00000000ee263000, 0x0000000100000000)
 Metaspace       used 22525K, capacity 23098K, committed 23168K, reserved 1069056K
  class space    used 2775K, capacity 2935K, committed 2944K, reserved 1048576K
}
2020-11-07T20:04:12.914+0800: 6.760: [CMS-concurrent-sweep: 0.011/0.021 secs] [Times: user=0.02 sys=0.00, real=0.02 secs] 
2020-11-07T20:04:12.916+0800: 6.761: Application time: 0.0051825 seconds
{Heap before GC invocations=60 (full 5):
 par new generation   total 9216K, used 8419K [0x00000000e3400000, 0x00000000e3e00000, 0x00000000ecca0000)
  eden space 8192K,  99% used [0x00000000e3400000, 0x00000000e3bf7628, 0x00000000e3c00000)
  from space 1024K,  25% used [0x00000000e3c00000, 0x00000000e3c418e0, 0x00000000e3d00000)
  to   space 1024K,   0% used [0x00000000e3d00000, 0x00000000e3d00000, 0x00000000e3e00000)
 concurrent mark-sweep generation total 22284K, used 13676K [0x00000000ecca0000, 0x00000000ee263000, 0x0000000100000000)
 Metaspace       used 22525K, capacity 23098K, committed 23168K, reserved 1069056K
  class space    used 2775K, capacity 2935K, committed 2944K, reserved 1048576K
2020-11-07T20:04:12.916+0800: 6.762: [GC (Allocation Failure) 2020-11-07T20:04:12.916+0800: 6.762: [ParNew: 8419K->273K(9216K), 0.0026331 secs] 22096K->13950K(31500K), 0.0026826 secs] [Times: user=0.00 sys=0.00, real=0.00 secs] 
Heap after GC invocations=61 (full 5):
 par new generation   total 9216K, used 273K [0x00000000e3400000, 0x00000000e3e00000, 0x00000000ecca0000)
  eden space 8192K,   0% used [0x00000000e3400000, 0x00000000e3400000, 0x00000000e3c00000)
  from space 1024K,  26% used [0x00000000e3d00000, 0x00000000e3d44458, 0x00000000e3e00000)
  to   space 1024K,   0% used [0x00000000e3c00000, 0x00000000e3c00000, 0x00000000e3d00000)
 concurrent mark-sweep generation total 22284K, used 13676K [0x00000000ecca0000, 0x00000000ee263000, 0x0000000100000000)
 Metaspace       used 22525K, capacity 23098K, committed 23168K, reserved 1069056K
  class space    used 2775K, capacity 2935K, committed 2944K, reserved 1048576K
}
2020-11-07T20:04:12.925+0800: 6.771: Application time: 0.0065043 seconds
2020-11-07T20:04:12.931+0800: 6.776: Application time: 0.0051591 seconds
2020-11-07T20:04:12.931+0800: 6.776: Application time: 0.0000513 seconds
2020-11-07T20:04:12.933+0800: 6.779: [CMS-concurrent-reset-start]
2020-11-07T20:04:12.934+0800: 6.780: [CMS-concurrent-reset: 0.001/0.001 secs] [Times: user=0.01 sys=0.00, real=0.00 secs] 
2020-11-07T20:04:12.934+0800: 6.780: Application time: 0.0036148 seconds
{Heap before GC invocations=61 (full 5):
 par new generation   total 9216K, used 8465K [0x00000000e3400000, 0x00000000e3e00000, 0x00000000ecca0000)
  eden space 8192K, 100% used [0x00000000e3400000, 0x00000000e3c00000, 0x00000000e3c00000)
  from space 1024K,  26% used [0x00000000e3d00000, 0x00000000e3d44458, 0x00000000e3e00000)
  to   space 1024K,   0% used [0x00000000e3c00000, 0x00000000e3c00000, 0x00000000e3d00000)
 concurrent mark-sweep generation total 22796K, used 13676K [0x00000000ecca0000, 0x00000000ee2e3000, 0x0000000100000000)
 Metaspace       used 22547K, capacity 23098K, committed 23168K, reserved 1069056K
  class space    used 2780K, capacity 2935K, committed 2944K, reserved 1048576K
2020-11-07T20:04:12.934+0800: 6.780: [GC (Allocation Failure) 2020-11-07T20:04:12.934+0800: 6.780: [ParNew: 8465K->366K(9216K), 0.0039853 secs] 22142K->14043K(32012K), 0.0040373 secs] [Times: user=0.00 sys=0.00, real=0.00 secs] 
Heap after GC invocations=62 (full 5):
 par new generation   total 9216K, used 366K [0x00000000e3400000, 0x00000000e3e00000, 0x00000000ecca0000)
  eden space 8192K,   0% used [0x00000000e3400000, 0x00000000e3400000, 0x00000000e3c00000)
  from space 1024K,  35% used [0x00000000e3c00000, 0x00000000e3c5b8a0, 0x00000000e3d00000)
  to   space 1024K,   0% used [0x00000000e3d00000, 0x00000000e3d00000, 0x00000000e3e00000)
 concurrent mark-sweep generation total 22796K, used 13676K [0x00000000ecca0000, 0x00000000ee2e3000, 0x0000000100000000)
 Metaspace       used 22547K, capacity 23098K, committed 23168K, reserved 1069056K
  class space    used 2780K, capacity 2935K, committed 2944K, reserved 1048576K
}
2020-11-07T20:04:12.976+0800: 6.822: Application time: 0.0374804 seconds
2020-11-07T20:04:13.186+0800: 7.031: Application time: 0.2055057 seconds
{Heap before GC invocations=62 (full 5):
 par new generation   total 9216K, used 8558K [0x00000000e3400000, 0x00000000e3e00000, 0x00000000ecca0000)
  eden space 8192K, 100% used [0x00000000e3400000, 0x00000000e3c00000, 0x00000000e3c00000)
  from space 1024K,  35% used [0x00000000e3c00000, 0x00000000e3c5b8a0, 0x00000000e3d00000)
  to   space 1024K,   0% used [0x00000000e3d00000, 0x00000000e3d00000, 0x00000000e3e00000)
 concurrent mark-sweep generation total 22796K, used 13676K [0x00000000ecca0000, 0x00000000ee2e3000, 0x0000000100000000)
 Metaspace       used 22831K, capacity 23502K, committed 23808K, reserved 1071104K
  class space    used 2812K, capacity 3013K, committed 3072K, reserved 1048576K
2020-11-07T20:04:13.197+0800: 7.043: [GC (Allocation Failure) 2020-11-07T20:04:13.197+0800: 7.043: [ParNew: 8558K->1024K(9216K), 0.0254577 secs] 22235K->14901K(32012K), 0.0255363 secs] [Times: user=0.02 sys=0.01, real=0.02 secs] 
Heap after GC invocations=63 (full 5):
 par new generation   total 9216K, used 1024K [0x00000000e3400000, 0x00000000e3e00000, 0x00000000ecca0000)
  eden space 8192K,   0% used [0x00000000e3400000, 0x00000000e3400000, 0x00000000e3c00000)
  from space 1024K, 100% used [0x00000000e3d00000, 0x00000000e3e00000, 0x00000000e3e00000)
  to   space 1024K,   0% used [0x00000000e3c00000, 0x00000000e3c00000, 0x00000000e3d00000)
 concurrent mark-sweep generation total 22796K, used 13877K [0x00000000ecca0000, 0x00000000ee2e3000, 0x0000000100000000)
 Metaspace       used 22831K, capacity 23502K, committed 23808K, reserved 1071104K
  class space    used 2812K, capacity 3013K, committed 3072K, reserved 1048576K
}
2020-11-07T20:04:13.228+0800: 7.074: Application time: 0.0054661 seconds
2020-11-07T20:04:13.228+0800: 7.074: [GC (CMS Initial Mark) [1 CMS-initial-mark: 13877K(22796K)] 15150K(32012K), 0.0031592 secs] [Times: user=0.01 sys=0.00, real=0.00 secs] 
2020-11-07T20:04:13.231+0800: 7.077: [CMS-concurrent-mark-start]
2020-11-07T20:04:13.336+0800: 7.182: [CMS-concurrent-mark: 0.104/0.104 secs] [Times: user=0.10 sys=0.00, real=0.11 secs] 
2020-11-07T20:04:13.336+0800: 7.182: [CMS-concurrent-preclean-start]
2020-11-07T20:04:13.337+0800: 7.183: [CMS-concurrent-preclean: 0.001/0.001 secs] [Times: user=0.00 sys=0.00, real=0.00 secs] 
2020-11-07T20:04:13.337+0800: 7.183: [CMS-concurrent-abortable-preclean-start]
2020-11-07T20:04:13.658+0800: 7.504: Application time: 0.4264567 seconds
{Heap before GC invocations=63 (full 6):
 par new generation   total 9216K, used 9216K [0x00000000e3400000, 0x00000000e3e00000, 0x00000000ecca0000)
  eden space 8192K, 100% used [0x00000000e3400000, 0x00000000e3c00000, 0x00000000e3c00000)
  from space 1024K, 100% used [0x00000000e3d00000, 0x00000000e3e00000, 0x00000000e3e00000)
  to   space 1024K,   0% used [0x00000000e3c00000, 0x00000000e3c00000, 0x00000000e3d00000)
 concurrent mark-sweep generation total 22796K, used 13877K [0x00000000ecca0000, 0x00000000ee2e3000, 0x0000000100000000)
 Metaspace       used 23241K, capacity 23956K, committed 24064K, reserved 1071104K
  class space    used 2849K, capacity 3062K, committed 3072K, reserved 1048576K
2020-11-07T20:04:13.658+0800: 7.504: [GC (Allocation Failure) 2020-11-07T20:04:13.658+0800: 7.504: [ParNew: 9216K->1023K(9216K), 0.0195305 secs] 23093K->16075K(32012K), 0.0196112 secs] [Times: user=0.01 sys=0.00, real=0.02 secs] 
Heap after GC invocations=64 (full 6):
 par new generation   total 9216K, used 1023K [0x00000000e3400000, 0x00000000e3e00000, 0x00000000ecca0000)
  eden space 8192K,   0% used [0x00000000e3400000, 0x00000000e3400000, 0x00000000e3c00000)
  from space 1024K,  99% used [0x00000000e3c00000, 0x00000000e3cffff0, 0x00000000e3d00000)
  to   space 1024K,   0% used [0x00000000e3d00000, 0x00000000e3d00000, 0x00000000e3e00000)
 concurrent mark-sweep generation total 22796K, used 15051K [0x00000000ecca0000, 0x00000000ee2e3000, 0x0000000100000000)
 Metaspace       used 23241K, capacity 23956K, committed 24064K, reserved 1071104K
  class space    used 2849K, capacity 3062K, committed 3072K, reserved 1048576K
}
2020-11-07T20:04:13.812+0800: 7.658: [CMS-concurrent-abortable-preclean: 0.101/0.475 secs] [Times: user=0.43 sys=0.02, real=0.47 secs] 
2020-11-07T20:04:13.819+0800: 7.664: Application time: 0.1409055 seconds
2020-11-07T20:04:13.819+0800: 7.665: [GC (CMS Final Remark) [YG occupancy: 7507 K (9216 K)]2020-11-07T20:04:13.819+0800: 7.665: [Rescan (parallel) , 0.0245796 secs]2020-11-07T20:04:13.843+0800: 7.689: [weak refs processing, 0.0013023 secs]2020-11-07T20:04:13.845+0800: 7.691: [class unloading, 0.0053276 secs]2020-11-07T20:04:13.850+0800: 7.696: [scrub symbol table, 0.0071611 secs]2020-11-07T20:04:13.857+0800: 7.703: [scrub string table, 0.0004714 secs][1 CMS-remark: 15051K(22796K)] 22559K(32012K), 0.0391013 secs] [Times: user=0.04 sys=0.00, real=0.04 secs] 
2020-11-07T20:04:13.871+0800: 7.716: [CMS-concurrent-sweep-start]
2020-11-07T20:04:13.894+0800: 7.740: [CMS-concurrent-sweep: 0.023/0.023 secs] [Times: user=0.02 sys=0.00, real=0.02 secs] 
2020-11-07T20:04:13.897+0800: 7.743: Application time: 0.0390674 seconds
{Heap before GC invocations=64 (full 6):
 par new generation   total 9216K, used 9215K [0x00000000e3400000, 0x00000000e3e00000, 0x00000000ecca0000)
  eden space 8192K, 100% used [0x00000000e3400000, 0x00000000e3c00000, 0x00000000e3c00000)
  from space 1024K,  99% used [0x00000000e3c00000, 0x00000000e3cffff0, 0x00000000e3d00000)
  to   space 1024K,   0% used [0x00000000e3d00000, 0x00000000e3d00000, 0x00000000e3e00000)
 concurrent mark-sweep generation total 22796K, used 14760K [0x00000000ecca0000, 0x00000000ee2e3000, 0x0000000100000000)
 Metaspace       used 23978K, capacity 24752K, committed 24960K, reserved 1071104K
  class space    used 2933K, capacity 3128K, committed 3200K, reserved 1048576K
2020-11-07T20:04:13.897+0800: 7.743: [GC (Allocation Failure) 2020-11-07T20:04:13.897+0800: 7.743: [ParNew: 9215K->1024K(9216K), 0.0262112 secs] 23976K->16493K(32012K), 0.0263063 secs] [Times: user=0.03 sys=0.00, real=0.02 secs] 
Heap after GC invocations=65 (full 6):
 par new generation   total 9216K, used 1024K [0x00000000e3400000, 0x00000000e3e00000, 0x00000000ecca0000)
  eden space 8192K,   0% used [0x00000000e3400000, 0x00000000e3400000, 0x00000000e3c00000)
  from space 1024K, 100% used [0x00000000e3d00000, 0x00000000e3e00000, 0x00000000e3e00000)
  to   space 1024K,   0% used [0x00000000e3c00000, 0x00000000e3c00000, 0x00000000e3d00000)
 concurrent mark-sweep generation total 22796K, used 15469K [0x00000000ecca0000, 0x00000000ee2e3000, 0x0000000100000000)
 Metaspace       used 23978K, capacity 24752K, committed 24960K, reserved 1071104K
  class space    used 2933K, capacity 3128K, committed 3200K, reserved 1048576K
}
2020-11-07T20:04:13.929+0800: 7.775: [CMS-concurrent-reset-start]
2020-11-07T20:04:13.930+0800: 7.776: [CMS-concurrent-reset: 0.001/0.001 secs] [Times: user=0.01 sys=0.00, real=0.00 secs] 
2020-11-07T20:04:14.081+0800: 7.927: Application time: 0.1573539 seconds
{Heap before GC invocations=65 (full 6):
 par new generation   total 9216K, used 9216K [0x00000000e3400000, 0x00000000e3e00000, 0x00000000ecca0000)
  eden space 8192K, 100% used [0x00000000e3400000, 0x00000000e3c00000, 0x00000000e3c00000)
  from space 1024K, 100% used [0x00000000e3d00000, 0x00000000e3e00000, 0x00000000e3e00000)
  to   space 1024K,   0% used [0x00000000e3c00000, 0x00000000e3c00000, 0x00000000e3d00000)
 concurrent mark-sweep generation total 25784K, used 15469K [0x00000000ecca0000, 0x00000000ee5ce000, 0x0000000100000000)
 Metaspace       used 24320K, capacity 25046K, committed 25216K, reserved 1071104K
  class space    used 2975K, capacity 3161K, committed 3200K, reserved 1048576K
2020-11-07T20:04:14.081+0800: 7.927: [GC (Allocation Failure) 2020-11-07T20:04:14.081+0800: 7.927: [ParNew: 9216K->1024K(9216K), 0.0251400 secs] 24685K->17493K(35000K), 0.0252285 secs] [Times: user=0.02 sys=0.00, real=0.03 secs] 
Heap after GC invocations=66 (full 6):
 par new generation   total 9216K, used 1024K [0x00000000e3400000, 0x00000000e3e00000, 0x00000000ecca0000)
  eden space 8192K,   0% used [0x00000000e3400000, 0x00000000e3400000, 0x00000000e3c00000)
  from space 1024K, 100% used [0x00000000e3c00000, 0x00000000e3d00000, 0x00000000e3d00000)
  to   space 1024K,   0% used [0x00000000e3d00000, 0x00000000e3d00000, 0x00000000e3e00000)
 concurrent mark-sweep generation total 25784K, used 16469K [0x00000000ecca0000, 0x00000000ee5ce000, 0x0000000100000000)
 Metaspace       used 24320K, capacity 25046K, committed 25216K, reserved 1071104K
  class space    used 2975K, capacity 3161K, committed 3200K, reserved 1048576K
}
2020-11-07T20:04:14.112+0800: 7.957: Application time: 0.0050479 seconds
2020-11-07T20:04:14.112+0800: 7.957: [GC (CMS Initial Mark) [1 CMS-initial-mark: 16469K(25784K)] 17981K(35000K), 0.0036431 secs] [Times: user=0.01 sys=0.00, real=0.01 secs] 
2020-11-07T20:04:14.120+0800: 7.966: [CMS-concurrent-mark-start]
2020-11-07T20:04:14.227+0800: 8.073: [CMS-concurrent-mark: 0.107/0.107 secs] [Times: user=0.10 sys=0.00, real=0.11 secs] 
2020-11-07T20:04:14.227+0800: 8.073: [CMS-concurrent-preclean-start]
2020-11-07T20:04:14.238+0800: 8.084: [CMS-concurrent-preclean: 0.011/0.011 secs] [Times: user=0.01 sys=0.00, real=0.01 secs] 
2020-11-07T20:04:14.238+0800: 8.084: [CMS-concurrent-abortable-preclean-start]
2020-11-07T20:04:14.257+0800: 8.103: Application time: 0.1413487 seconds
{Heap before GC invocations=66 (full 7):
 par new generation   total 9216K, used 9216K [0x00000000e3400000, 0x00000000e3e00000, 0x00000000ecca0000)
  eden space 8192K, 100% used [0x00000000e3400000, 0x00000000e3c00000, 0x00000000e3c00000)
  from space 1024K, 100% used [0x00000000e3c00000, 0x00000000e3d00000, 0x00000000e3d00000)
  to   space 1024K,   0% used [0x00000000e3d00000, 0x00000000e3d00000, 0x00000000e3e00000)
 concurrent mark-sweep generation total 25784K, used 16469K [0x00000000ecca0000, 0x00000000ee5ce000, 0x0000000100000000)
 Metaspace       used 24411K, capacity 25110K, committed 25216K, reserved 1071104K
  class space    used 2980K, capacity 3161K, committed 3200K, reserved 1048576K
2020-11-07T20:04:14.257+0800: 8.103: [GC (Allocation Failure) 2020-11-07T20:04:14.257+0800: 8.103: [ParNew: 9216K->997K(9216K), 0.0248995 secs] 25685K->18155K(35000K), 0.0249862 secs] [Times: user=0.02 sys=0.00, real=0.02 secs] 
Heap after GC invocations=67 (full 7):
 par new generation   total 9216K, used 997K [0x00000000e3400000, 0x00000000e3e00000, 0x00000000ecca0000)
  eden space 8192K,   0% used [0x00000000e3400000, 0x00000000e3400000, 0x00000000e3c00000)
  from space 1024K,  97% used [0x00000000e3d00000, 0x00000000e3df95c0, 0x00000000e3e00000)
  to   space 1024K,   0% used [0x00000000e3c00000, 0x00000000e3c00000, 0x00000000e3d00000)
 concurrent mark-sweep generation total 25784K, used 17158K [0x00000000ecca0000, 0x00000000ee5ce000, 0x0000000100000000)
 Metaspace       used 24411K, capacity 25110K, committed 25216K, reserved 1071104K
  class space    used 2980K, capacity 3161K, committed 3200K, reserved 1048576K
}
2020-11-07T20:04:14.344+0800: 8.190: Application time: 0.0625923 seconds
{Heap before GC invocations=67 (full 7):
 par new generation   total 9216K, used 9180K [0x00000000e3400000, 0x00000000e3e00000, 0x00000000ecca0000)
  eden space 8192K,  99% used [0x00000000e3400000, 0x00000000e3bfdb10, 0x00000000e3c00000)
  from space 1024K,  97% used [0x00000000e3d00000, 0x00000000e3df95c0, 0x00000000e3e00000)
  to   space 1024K,   0% used [0x00000000e3c00000, 0x00000000e3c00000, 0x00000000e3d00000)
 concurrent mark-sweep generation total 25784K, used 17158K [0x00000000ecca0000, 0x00000000ee5ce000, 0x0000000100000000)
 Metaspace       used 24470K, capacity 25182K, committed 25472K, reserved 1071104K
  class space    used 2981K, capacity 3163K, committed 3200K, reserved 1048576K
2020-11-07T20:04:14.345+0800: 8.190: [GC (Allocation Failure) 2020-11-07T20:04:14.345+0800: 8.190: [ParNew: 9180K->910K(9216K), 0.0274707 secs] 26338K->18399K(35000K), 0.0275305 secs] [Times: user=0.03 sys=0.00, real=0.02 secs] 
Heap after GC invocations=68 (full 7):
 par new generation   total 9216K, used 910K [0x00000000e3400000, 0x00000000e3e00000, 0x00000000ecca0000)
  eden space 8192K,   0% used [0x00000000e3400000, 0x00000000e3400000, 0x00000000e3c00000)
  from space 1024K,  88% used [0x00000000e3c00000, 0x00000000e3ce3ba8, 0x00000000e3d00000)
  to   space 1024K,   0% used [0x00000000e3d00000, 0x00000000e3d00000, 0x00000000e3e00000)
 concurrent mark-sweep generation total 25784K, used 17488K [0x00000000ecca0000, 0x00000000ee5ce000, 0x0000000100000000)
 Metaspace       used 24470K, capacity 25182K, committed 25472K, reserved 1071104K
  class space    used 2981K, capacity 3163K, committed 3200K, reserved 1048576K
}
2020-11-07T20:04:14.465+0800: 8.311: Application time: 0.0925526 seconds
{Heap before GC invocations=68 (full 7):
 par new generation   total 9216K, used 9102K [0x00000000e3400000, 0x00000000e3e00000, 0x00000000ecca0000)
  eden space 8192K, 100% used [0x00000000e3400000, 0x00000000e3c00000, 0x00000000e3c00000)
  from space 1024K,  88% used [0x00000000e3c00000, 0x00000000e3ce3ba8, 0x00000000e3d00000)
  to   space 1024K,   0% used [0x00000000e3d00000, 0x00000000e3d00000, 0x00000000e3e00000)
 concurrent mark-sweep generation total 25784K, used 17488K [0x00000000ecca0000, 0x00000000ee5ce000, 0x0000000100000000)
 Metaspace       used 24566K, capacity 25284K, committed 25472K, reserved 1071104K
  class space    used 2991K, capacity 3196K, committed 3200K, reserved 1048576K
2020-11-07T20:04:14.465+0800: 8.311: [GC (Allocation Failure) 2020-11-07T20:04:14.465+0800: 8.311: [ParNew: 9102K->707K(9216K), 0.0457187 secs] 26591K->18628K(35000K), 0.0457902 secs] [Times: user=0.05 sys=0.00, real=0.04 secs] 
Heap after GC invocations=69 (full 7):
 par new generation   total 9216K, used 707K [0x00000000e3400000, 0x00000000e3e00000, 0x00000000ecca0000)
  eden space 8192K,   0% used [0x00000000e3400000, 0x00000000e3400000, 0x00000000e3c00000)
  from space 1024K,  69% used [0x00000000e3d00000, 0x00000000e3db0cb0, 0x00000000e3e00000)
  to   space 1024K,   0% used [0x00000000e3c00000, 0x00000000e3c00000, 0x00000000e3d00000)
 concurrent mark-sweep generation total 25784K, used 17921K [0x00000000ecca0000, 0x00000000ee5ce000, 0x0000000100000000)
 Metaspace       used 24566K, capacity 25284K, committed 25472K, reserved 1071104K
  class space    used 2991K, capacity 3196K, committed 3200K, reserved 1048576K
}
2020-11-07T20:04:14.620+0800: 8.466: Application time: 0.1090409 seconds
{Heap before GC invocations=69 (full 7):
 par new generation   total 9216K, used 8899K [0x00000000e3400000, 0x00000000e3e00000, 0x00000000ecca0000)
  eden space 8192K, 100% used [0x00000000e3400000, 0x00000000e3c00000, 0x00000000e3c00000)
  from space 1024K,  69% used [0x00000000e3d00000, 0x00000000e3db0cb0, 0x00000000e3e00000)
  to   space 1024K,   0% used [0x00000000e3c00000, 0x00000000e3c00000, 0x00000000e3d00000)
 concurrent mark-sweep generation total 25784K, used 17921K [0x00000000ecca0000, 0x00000000ee5ce000, 0x0000000100000000)
 Metaspace       used 24656K, capacity 25378K, committed 25600K, reserved 1071104K
  class space    used 3006K, capacity 3205K, committed 3328K, reserved 1048576K
2020-11-07T20:04:14.634+0800: 8.479: [GC (Allocation Failure) 2020-11-07T20:04:14.634+0800: 8.479: [ParNew2020-11-07T20:04:14.650+0800: 8.496: [CMS-concurrent-abortable-preclean: 0.114/0.412 secs] [Times: user=0.39 sys=0.01, real=0.41 secs] 
: 8899K->794K(9216K), 0.0253736 secs] 26820K->19059K(35000K), 0.0254409 secs] [Times: user=0.02 sys=0.00, real=0.03 secs] 
Heap after GC invocations=70 (full 7):
 par new generation   total 9216K, used 794K [0x00000000e3400000, 0x00000000e3e00000, 0x00000000ecca0000)
  eden space 8192K,   0% used [0x00000000e3400000, 0x00000000e3400000, 0x00000000e3c00000)
  from space 1024K,  77% used [0x00000000e3c00000, 0x00000000e3cc6bf0, 0x00000000e3d00000)
  to   space 1024K,   0% used [0x00000000e3d00000, 0x00000000e3d00000, 0x00000000e3e00000)
 concurrent mark-sweep generation total 25784K, used 18264K [0x00000000ecca0000, 0x00000000ee5ce000, 0x0000000100000000)
 Metaspace       used 24656K, capacity 25378K, committed 25600K, reserved 1071104K
  class space    used 3006K, capacity 3205K, committed 3328K, reserved 1048576K
}
2020-11-07T20:04:14.659+0800: 8.505: Application time: 0.0001629 seconds
2020-11-07T20:04:14.662+0800: 8.508: Application time: 0.0026215 seconds
2020-11-07T20:04:14.662+0800: 8.508: [GC (CMS Final Remark) [YG occupancy: 1814 K (9216 K)]2020-11-07T20:04:14.662+0800: 8.508: [Rescan (parallel) , 0.0042375 secs]2020-11-07T20:04:14.666+0800: 8.512: [weak refs processing, 0.0001461 secs]2020-11-07T20:04:14.667+0800: 8.512: [class unloading, 0.0064068 secs]2020-11-07T20:04:14.673+0800: 8.519: [scrub symbol table, 0.0075383 secs]2020-11-07T20:04:14.681+0800: 8.526: [scrub string table, 0.0004866 secs][1 CMS-remark: 18264K(25784K)] 20079K(35000K), 0.0190572 secs] [Times: user=0.01 sys=0.00, real=0.02 secs] 
2020-11-07T20:04:14.687+0800: 8.533: Application time: 0.0060077 seconds
2020-11-07T20:04:14.693+0800: 8.539: [CMS-concurrent-sweep-start]
2020-11-07T20:04:14.701+0800: 8.546: Application time: 0.0132041 seconds
{Heap before GC invocations=70 (full 7):
 par new generation   total 9216K, used 8986K [0x00000000e3400000, 0x00000000e3e00000, 0x00000000ecca0000)
  eden space 8192K, 100% used [0x00000000e3400000, 0x00000000e3c00000, 0x00000000e3c00000)
  from space 1024K,  77% used [0x00000000e3c00000, 0x00000000e3cc6bf0, 0x00000000e3d00000)
  to   space 1024K,   0% used [0x00000000e3d00000, 0x00000000e3d00000, 0x00000000e3e00000)
 concurrent mark-sweep generation total 25784K, used 17725K [0x00000000ecca0000, 0x00000000ee5ce000, 0x0000000100000000)
 Metaspace       used 24702K, capacity 25442K, committed 25600K, reserved 1071104K
  class space    used 3013K, capacity 3205K, committed 3328K, reserved 1048576K
2020-11-07T20:04:14.703+0800: 8.549: [GC (Allocation Failure) 2020-11-07T20:04:14.703+0800: 8.549: [ParNew: 8986K->255K(9216K), 0.0157658 secs] 26712K->18468K(35000K), 0.0158519 secs] [Times: user=0.01 sys=0.00, real=0.02 secs] 
Heap after GC invocations=71 (full 7):
 par new generation   total 9216K, used 255K [0x00000000e3400000, 0x00000000e3e00000, 0x00000000ecca0000)
  eden space 8192K,   0% used [0x00000000e3400000, 0x00000000e3400000, 0x00000000e3c00000)
  from space 1024K,  24% used [0x00000000e3d00000, 0x00000000e3d3fde0, 0x00000000e3e00000)
  to   space 1024K,   0% used [0x00000000e3c00000, 0x00000000e3c00000, 0x00000000e3d00000)
 concurrent mark-sweep generation total 25784K, used 18212K [0x00000000ecca0000, 0x00000000ee5ce000, 0x0000000100000000)
 Metaspace       used 24702K, capacity 25442K, committed 25600K, reserved 1071104K
  class space    used 3013K, capacity 3205K, committed 3328K, reserved 1048576K
}
2020-11-07T20:04:14.722+0800: 8.568: [CMS-concurrent-sweep: 0.009/0.029 secs] [Times: user=0.02 sys=0.00, real=0.03 secs] 
2020-11-07T20:04:14.722+0800: 8.568: [CMS-concurrent-reset-start]
2020-11-07T20:04:14.723+0800: 8.569: [CMS-concurrent-reset: 0.001/0.001 secs] [Times: user=0.00 sys=0.00, real=0.00 secs] 
2020-11-07T20:04:14.727+0800: 8.573: Application time: 0.0079627 seconds
2020-11-07T20:04:14.737+0800: 8.583: Application time: 0.0104823 seconds
2020-11-07T20:04:14.740+0800: 8.586: Application time: 0.0024687 seconds
2020-11-07T20:04:14.740+0800: 8.586: Application time: 0.0000395 seconds
2020-11-07T20:04:14.740+0800: 8.586: Application time: 0.0000247 seconds
2020-11-07T20:04:14.740+0800: 8.586: Application time: 0.0000343 seconds
2020-11-07T20:04:14.740+0800: 8.586: Application time: 0.0000319 seconds
2020-11-07T20:04:14.741+0800: 8.587: Application time: 0.0006081 seconds
{Heap before GC invocations=71 (full 7):
 par new generation   total 9216K, used 8447K [0x00000000e3400000, 0x00000000e3e00000, 0x00000000ecca0000)
  eden space 8192K, 100% used [0x00000000e3400000, 0x00000000e3c00000, 0x00000000e3c00000)
  from space 1024K,  24% used [0x00000000e3d00000, 0x00000000e3d3fde0, 0x00000000e3e00000)
  to   space 1024K,   0% used [0x00000000e3c00000, 0x00000000e3c00000, 0x00000000e3d00000)
 concurrent mark-sweep generation total 29740K, used 17841K [0x00000000ecca0000, 0x00000000ee9ab000, 0x0000000100000000)
 Metaspace       used 24754K, capacity 25482K, committed 25856K, reserved 1071104K
  class space    used 3017K, capacity 3201K, committed 3328K, reserved 1048576K
2020-11-07T20:04:14.741+0800: 8.587: [GC (Allocation Failure) 2020-11-07T20:04:14.741+0800: 8.587: [ParNew: 8447K->131K(9216K), 0.0121631 secs] 26289K->17972K(38956K), 0.0122138 secs] [Times: user=0.01 sys=0.00, real=0.01 secs] 
Heap after GC invocations=72 (full 7):
 par new generation   total 9216K, used 131K [0x00000000e3400000, 0x00000000e3e00000, 0x00000000ecca0000)
  eden space 8192K,   0% used [0x00000000e3400000, 0x00000000e3400000, 0x00000000e3c00000)
  from space 1024K,  12% used [0x00000000e3c00000, 0x00000000e3c20cd8, 0x00000000e3d00000)
  to   space 1024K,   0% used [0x00000000e3d00000, 0x00000000e3d00000, 0x00000000e3e00000)
 concurrent mark-sweep generation total 29740K, used 17841K [0x00000000ecca0000, 0x00000000ee9ab000, 0x0000000100000000)
 Metaspace       used 24754K, capacity 25482K, committed 25856K, reserved 1071104K
  class space    used 3017K, capacity 3201K, committed 3328K, reserved 1048576K
}
2020-11-07T20:04:14.757+0800: 8.603: Application time: 0.0038191 seconds
2020-11-07T20:04:14.760+0800: 8.606: Application time: 0.0031212 seconds
2020-11-07T20:04:14.760+0800: 8.606: Application time: 0.0000314 seconds
2020-11-07T20:04:14.760+0800: 8.606: Application time: 0.0000201 seconds
2020-11-07T20:04:14.760+0800: 8.606: Application time: 0.0000943 seconds
2020-11-07T20:04:14.761+0800: 8.606: Application time: 0.0000246 seconds
2020-11-07T20:04:14.761+0800: 8.606: Application time: 0.0000242 seconds
2020-11-07T20:04:14.761+0800: 8.607: Application time: 0.0000336 seconds
2020-11-07T20:04:14.761+0800: 8.607: Application time: 0.0000451 seconds
2020-11-07T20:04:14.761+0800: 8.607: Application time: 0.0000260 seconds
2020-11-07T20:04:14.761+0800: 8.607: Application time: 0.0000268 seconds
2020-11-07T20:04:14.761+0800: 8.607: Application time: 0.0000182 seconds
2020-11-07T20:04:14.761+0800: 8.607: Application time: 0.0000232 seconds
2020-11-07T20:04:14.773+0800: 8.619: Application time: 0.0119127 seconds
{Heap before GC invocations=72 (full 7):
 par new generation   total 9216K, used 8323K [0x00000000e3400000, 0x00000000e3e00000, 0x00000000ecca0000)
  eden space 8192K, 100% used [0x00000000e3400000, 0x00000000e3c00000, 0x00000000e3c00000)
  from space 1024K,  12% used [0x00000000e3c00000, 0x00000000e3c20cd8, 0x00000000e3d00000)
  to   space 1024K,   0% used [0x00000000e3d00000, 0x00000000e3d00000, 0x00000000e3e00000)
 concurrent mark-sweep generation total 29740K, used 17841K [0x00000000ecca0000, 0x00000000ee9ab000, 0x0000000100000000)
 Metaspace       used 24807K, capacity 25546K, committed 25856K, reserved 1071104K
  class space    used 3020K, capacity 3201K, committed 3328K, reserved 1048576K
2020-11-07T20:04:14.790+0800: 8.635: [GC (Allocation Failure) 2020-11-07T20:04:14.790+0800: 8.635: [ParNew: 8323K->155K(9216K), 0.0030689 secs] 26164K->17997K(38956K), 0.0031234 secs] [Times: user=0.01 sys=0.00, real=0.00 secs] 
Heap after GC invocations=73 (full 7):
 par new generation   total 9216K, used 155K [0x00000000e3400000, 0x00000000e3e00000, 0x00000000ecca0000)
  eden space 8192K,   0% used [0x00000000e3400000, 0x00000000e3400000, 0x00000000e3c00000)
  from space 1024K,  15% used [0x00000000e3d00000, 0x00000000e3d26ef8, 0x00000000e3e00000)
  to   space 1024K,   0% used [0x00000000e3c00000, 0x00000000e3c00000, 0x00000000e3d00000)
 concurrent mark-sweep generation total 29740K, used 17841K [0x00000000ecca0000, 0x00000000ee9ab000, 0x0000000100000000)
 Metaspace       used 24807K, capacity 25546K, committed 25856K, reserved 1071104K
  class space    used 3020K, capacity 3201K, committed 3328K, reserved 1048576K
}
2020-11-07T20:04:14.804+0800: 8.649: Application time: 0.0107681 seconds
{Heap before GC invocations=73 (full 7):
 par new generation   total 9216K, used 8347K [0x00000000e3400000, 0x00000000e3e00000, 0x00000000ecca0000)
  eden space 8192K, 100% used [0x00000000e3400000, 0x00000000e3c00000, 0x00000000e3c00000)
  from space 1024K,  15% used [0x00000000e3d00000, 0x00000000e3d26ef8, 0x00000000e3e00000)
  to   space 1024K,   0% used [0x00000000e3c00000, 0x00000000e3c00000, 0x00000000e3d00000)
 concurrent mark-sweep generation total 29740K, used 17841K [0x00000000ecca0000, 0x00000000ee9ab000, 0x0000000100000000)
 Metaspace       used 24827K, capacity 25546K, committed 25856K, reserved 1071104K
  class space    used 3022K, capacity 3201K, committed 3328K, reserved 1048576K
2020-11-07T20:04:14.810+0800: 8.655: [GC (Allocation Failure) 2020-11-07T20:04:14.810+0800: 8.655: [ParNew: 8347K->121K(9216K), 0.0026385 secs] 26189K->17963K(38956K), 0.0026902 secs] [Times: user=0.01 sys=0.00, real=0.00 secs] 
Heap after GC invocations=74 (full 7):
 par new generation   total 9216K, used 121K [0x00000000e3400000, 0x00000000e3e00000, 0x00000000ecca0000)
  eden space 8192K,   0% used [0x00000000e3400000, 0x00000000e3400000, 0x00000000e3c00000)
  from space 1024K,  11% used [0x00000000e3c00000, 0x00000000e3c1e618, 0x00000000e3d00000)
  to   space 1024K,   0% used [0x00000000e3d00000, 0x00000000e3d00000, 0x00000000e3e00000)
 concurrent mark-sweep generation total 29740K, used 17841K [0x00000000ecca0000, 0x00000000ee9ab000, 0x0000000100000000)
 Metaspace       used 24827K, capacity 25546K, committed 25856K, reserved 1071104K
  class space    used 3022K, capacity 3201K, committed 3328K, reserved 1048576K
}
2020-11-07T20:04:14.813+0800: 8.659: Application time: 0.0003481 seconds
2020-11-07T20:04:14.813+0800: 8.659: Application time: 0.0000331 seconds
2020-11-07T20:04:14.813+0800: 8.659: Application time: 0.0005095 seconds
2020-11-07T20:04:14.817+0800: 8.663: Application time: 0.0040790 seconds
2020-11-07T20:04:14.826+0800: 8.672: Application time: 0.0088462 seconds
{Heap before GC invocations=74 (full 7):
 par new generation   total 9216K, used 8313K [0x00000000e3400000, 0x00000000e3e00000, 0x00000000ecca0000)
  eden space 8192K, 100% used [0x00000000e3400000, 0x00000000e3c00000, 0x00000000e3c00000)
  from space 1024K,  11% used [0x00000000e3c00000, 0x00000000e3c1e618, 0x00000000e3d00000)
  to   space 1024K,   0% used [0x00000000e3d00000, 0x00000000e3d00000, 0x00000000e3e00000)
 concurrent mark-sweep generation total 29740K, used 17841K [0x00000000ecca0000, 0x00000000ee9ab000, 0x0000000100000000)
 Metaspace       used 24896K, capacity 25610K, committed 25856K, reserved 1071104K
  class space    used 3026K, capacity 3201K, committed 3328K, reserved 1048576K
2020-11-07T20:04:14.831+0800: 8.677: [GC (Allocation Failure) 2020-11-07T20:04:14.831+0800: 8.677: [ParNew: 8313K->246K(9216K), 0.0028866 secs] 26155K->18088K(38956K), 0.0029651 secs] [Times: user=0.00 sys=0.00, real=0.00 secs] 
Heap after GC invocations=75 (full 7):
 par new generation   total 9216K, used 246K [0x00000000e3400000, 0x00000000e3e00000, 0x00000000ecca0000)
  eden space 8192K,   0% used [0x00000000e3400000, 0x00000000e3400000, 0x00000000e3c00000)
  from space 1024K,  24% used [0x00000000e3d00000, 0x00000000e3d3d900, 0x00000000e3e00000)
  to   space 1024K,   0% used [0x00000000e3c00000, 0x00000000e3c00000, 0x00000000e3d00000)
 concurrent mark-sweep generation total 29740K, used 17841K [0x00000000ecca0000, 0x00000000ee9ab000, 0x0000000100000000)
 Metaspace       used 24896K, capacity 25610K, committed 25856K, reserved 1071104K
  class space    used 3026K, capacity 3201K, committed 3328K, reserved 1048576K
}
2020-11-07T20:04:14.836+0800: 8.681: Application time: 0.0019021 seconds
2020-11-07T20:04:14.837+0800: 8.682: Application time: 0.0009079 seconds
2020-11-07T20:04:14.837+0800: 8.682: Application time: 0.0000435 seconds
2020-11-07T20:04:14.837+0800: 8.683: Application time: 0.0004406 seconds
2020-11-07T20:04:14.837+0800: 8.683: Application time: 0.0000501 seconds
2020-11-07T20:04:14.837+0800: 8.683: Application time: 0.0000234 seconds
2020-11-07T20:04:14.838+0800: 8.684: Application time: 0.0003862 seconds
2020-11-07T20:04:14.838+0800: 8.684: Application time: 0.0003842 seconds
2020-11-07T20:04:14.839+0800: 8.685: Application time: 0.0009461 seconds
2020-11-07T20:04:14.840+0800: 8.686: Application time: 0.0009393 seconds
2020-11-07T20:04:14.840+0800: 8.686: Application time: 0.0000286 seconds
2020-11-07T20:04:14.841+0800: 8.687: Application time: 0.0005192 seconds
2020-11-07T20:04:14.841+0800: 8.687: Application time: 0.0003998 seconds
2020-11-07T20:04:14.844+0800: 8.690: Application time: 0.0031246 seconds
2020-11-07T20:04:14.850+0800: 8.696: Application time: 0.0054257 seconds
{Heap before GC invocations=75 (full 7):
 par new generation   total 9216K, used 8438K [0x00000000e3400000, 0x00000000e3e00000, 0x00000000ecca0000)
  eden space 8192K, 100% used [0x00000000e3400000, 0x00000000e3c00000, 0x00000000e3c00000)
  from space 1024K,  24% used [0x00000000e3d00000, 0x00000000e3d3d900, 0x00000000e3e00000)
  to   space 1024K,   0% used [0x00000000e3c00000, 0x00000000e3c00000, 0x00000000e3d00000)
 concurrent mark-sweep generation total 29740K, used 17841K [0x00000000ecca0000, 0x00000000ee9ab000, 0x0000000100000000)
 Metaspace       used 24976K, capacity 25706K, committed 25856K, reserved 1071104K
  class space    used 3036K, capacity 3233K, committed 3328K, reserved 1048576K
2020-11-07T20:04:14.859+0800: 8.705: [GC (Allocation Failure) 2020-11-07T20:04:14.859+0800: 8.705: [ParNew: 8438K->251K(9216K), 0.0033141 secs] 26280K->18092K(38956K), 0.0033654 secs] [Times: user=0.00 sys=0.00, real=0.00 secs] 
Heap after GC invocations=76 (full 7):
 par new generation   total 9216K, used 251K [0x00000000e3400000, 0x00000000e3e00000, 0x00000000ecca0000)
  eden space 8192K,   0% used [0x00000000e3400000, 0x00000000e3400000, 0x00000000e3c00000)
  from space 1024K,  24% used [0x00000000e3c00000, 0x00000000e3c3eca0, 0x00000000e3d00000)
  to   space 1024K,   0% used [0x00000000e3d00000, 0x00000000e3d00000, 0x00000000e3e00000)
 concurrent mark-sweep generation total 29740K, used 17841K [0x00000000ecca0000, 0x00000000ee9ab000, 0x0000000100000000)
 Metaspace       used 24976K, capacity 25706K, committed 25856K, reserved 1071104K
  class space    used 3036K, capacity 3233K, committed 3328K, reserved 1048576K
}
2020-11-07T20:04:14.874+0800: 8.719: Application time: 0.0114731 seconds
{Heap before GC invocations=76 (full 7):
 par new generation   total 9216K, used 8443K [0x00000000e3400000, 0x00000000e3e00000, 0x00000000ecca0000)
  eden space 8192K, 100% used [0x00000000e3400000, 0x00000000e3c00000, 0x00000000e3c00000)
  from space 1024K,  24% used [0x00000000e3c00000, 0x00000000e3c3eca0, 0x00000000e3d00000)
  to   space 1024K,   0% used [0x00000000e3d00000, 0x00000000e3d00000, 0x00000000e3e00000)
 concurrent mark-sweep generation total 29740K, used 17841K [0x00000000ecca0000, 0x00000000ee9ab000, 0x0000000100000000)
 Metaspace       used 24997K, capacity 25770K, committed 26112K, reserved 1073152K
  class space    used 3041K, capacity 3233K, committed 3328K, reserved 1048576K
2020-11-07T20:04:14.877+0800: 8.723: [GC (Allocation Failure) 2020-11-07T20:04:14.877+0800: 8.723: [ParNew: 8443K->214K(9216K), 0.0109471 secs] 26284K->18056K(38956K), 0.0110065 secs] [Times: user=0.02 sys=0.00, real=0.01 secs] 
Heap after GC invocations=77 (full 7):
 par new generation   total 9216K, used 214K [0x00000000e3400000, 0x00000000e3e00000, 0x00000000ecca0000)
  eden space 8192K,   0% used [0x00000000e3400000, 0x00000000e3400000, 0x00000000e3c00000)
  from space 1024K,  20% used [0x00000000e3d00000, 0x00000000e3d359f8, 0x00000000e3e00000)
  to   space 1024K,   0% used [0x00000000e3c00000, 0x00000000e3c00000, 0x00000000e3d00000)
 concurrent mark-sweep generation total 29740K, used 17841K [0x00000000ecca0000, 0x00000000ee9ab000, 0x0000000100000000)
 Metaspace       used 24997K, capacity 25770K, committed 26112K, reserved 1073152K
  class space    used 3041K, capacity 3233K, committed 3328K, reserved 1048576K
}
2020-11-07T20:04:14.897+0800: 8.743: Application time: 0.0091301 seconds
{Heap before GC invocations=77 (full 7):
 par new generation   total 9216K, used 8406K [0x00000000e3400000, 0x00000000e3e00000, 0x00000000ecca0000)
  eden space 8192K, 100% used [0x00000000e3400000, 0x00000000e3c00000, 0x00000000e3c00000)
  from space 1024K,  20% used [0x00000000e3d00000, 0x00000000e3d359f8, 0x00000000e3e00000)
  to   space 1024K,   0% used [0x00000000e3c00000, 0x00000000e3c00000, 0x00000000e3d00000)
 concurrent mark-sweep generation total 29740K, used 17841K [0x00000000ecca0000, 0x00000000ee9ab000, 0x0000000100000000)
 Metaspace       used 25005K, capacity 25770K, committed 26112K, reserved 1073152K
  class space    used 3042K, capacity 3233K, committed 3328K, reserved 1048576K
2020-11-07T20:04:14.897+0800: 8.743: [GC (Allocation Failure) 2020-11-07T20:04:14.897+0800: 8.743: [ParNew: 8406K->234K(9216K), 0.0086771 secs] 26248K->18076K(38956K), 0.0087254 secs] [Times: user=0.01 sys=0.00, real=0.01 secs] 
Heap after GC invocations=78 (full 7):
 par new generation   total 9216K, used 234K [0x00000000e3400000, 0x00000000e3e00000, 0x00000000ecca0000)
  eden space 8192K,   0% used [0x00000000e3400000, 0x00000000e3400000, 0x00000000e3c00000)
  from space 1024K,  22% used [0x00000000e3c00000, 0x00000000e3c3a928, 0x00000000e3d00000)
  to   space 1024K,   0% used [0x00000000e3d00000, 0x00000000e3d00000, 0x00000000e3e00000)
 concurrent mark-sweep generation total 29740K, used 17841K [0x00000000ecca0000, 0x00000000ee9ab000, 0x0000000100000000)
 Metaspace       used 25005K, capacity 25770K, committed 26112K, reserved 1073152K
  class space    used 3042K, capacity 3233K, committed 3328K, reserved 1048576K
}
2020-11-07T20:04:14.916+0800: 8.762: Application time: 0.0097140 seconds
{Heap before GC invocations=78 (full 7):
 par new generation   total 9216K, used 8426K [0x00000000e3400000, 0x00000000e3e00000, 0x00000000ecca0000)
  eden space 8192K, 100% used [0x00000000e3400000, 0x00000000e3c00000, 0x00000000e3c00000)
  from space 1024K,  22% used [0x00000000e3c00000, 0x00000000e3c3a928, 0x00000000e3d00000)
  to   space 1024K,   0% used [0x00000000e3d00000, 0x00000000e3d00000, 0x00000000e3e00000)
 concurrent mark-sweep generation total 29740K, used 17841K [0x00000000ecca0000, 0x00000000ee9ab000, 0x0000000100000000)
 Metaspace       used 25005K, capacity 25770K, committed 26112K, reserved 1073152K
  class space    used 3042K, capacity 3233K, committed 3328K, reserved 1048576K
2020-11-07T20:04:14.922+0800: 8.768: [GC (Allocation Failure) 2020-11-07T20:04:14.922+0800: 8.768: [ParNew: 8426K->210K(9216K), 0.0116056 secs] 26268K->18051K(38956K), 0.0116611 secs] [Times: user=0.01 sys=0.00, real=0.01 secs] 
Heap after GC invocations=79 (full 7):
 par new generation   total 9216K, used 210K [0x00000000e3400000, 0x00000000e3e00000, 0x00000000ecca0000)
  eden space 8192K,   0% used [0x00000000e3400000, 0x00000000e3400000, 0x00000000e3c00000)
  from space 1024K,  20% used [0x00000000e3d00000, 0x00000000e3d348d0, 0x00000000e3e00000)
  to   space 1024K,   0% used [0x00000000e3c00000, 0x00000000e3c00000, 0x00000000e3d00000)
 concurrent mark-sweep generation total 29740K, used 17841K [0x00000000ecca0000, 0x00000000ee9ab000, 0x0000000100000000)
 Metaspace       used 25005K, capacity 25770K, committed 26112K, reserved 1073152K
  class space    used 3042K, capacity 3233K, committed 3328K, reserved 1048576K
}
2020-11-07T20:04:14.935+0800: 8.781: Application time: 0.0012857 seconds
2020-11-07T20:04:14.937+0800: 8.783: Application time: 0.0019590 seconds
2020-11-07T20:04:14.937+0800: 8.783: Application time: 0.0000322 seconds
2020-11-07T20:04:14.938+0800: 8.784: Application time: 0.0005681 seconds
2020-11-07T20:04:14.946+0800: 8.792: Application time: 0.0079756 seconds
{Heap before GC invocations=79 (full 7):
 par new generation   total 9216K, used 8402K [0x00000000e3400000, 0x00000000e3e00000, 0x00000000ecca0000)
  eden space 8192K, 100% used [0x00000000e3400000, 0x00000000e3c00000, 0x00000000e3c00000)
  from space 1024K,  20% used [0x00000000e3d00000, 0x00000000e3d348d0, 0x00000000e3e00000)
  to   space 1024K,   0% used [0x00000000e3c00000, 0x00000000e3c00000, 0x00000000e3d00000)
 concurrent mark-sweep generation total 29740K, used 17841K [0x00000000ecca0000, 0x00000000ee9ab000, 0x0000000100000000)
 Metaspace       used 25029K, capacity 25770K, committed 26112K, reserved 1073152K
  class space    used 3047K, capacity 3233K, committed 3328K, reserved 1048576K
2020-11-07T20:04:14.946+0800: 8.792: [GC (Allocation Failure) 2020-11-07T20:04:14.946+0800: 8.792: [ParNew: 8402K->241K(9216K), 0.0147514 secs] 26243K->18094K(38956K), 0.0148049 secs] [Times: user=0.01 sys=0.00, real=0.01 secs] 
Heap after GC invocations=80 (full 7):
 par new generation   total 9216K, used 241K [0x00000000e3400000, 0x00000000e3e00000, 0x00000000ecca0000)
  eden space 8192K,   0% used [0x00000000e3400000, 0x00000000e3400000, 0x00000000e3c00000)
  from space 1024K,  23% used [0x00000000e3c00000, 0x00000000e3c3c738, 0x00000000e3d00000)
  to   space 1024K,   0% used [0x00000000e3d00000, 0x00000000e3d00000, 0x00000000e3e00000)
 concurrent mark-sweep generation total 29740K, used 17852K [0x00000000ecca0000, 0x00000000ee9ab000, 0x0000000100000000)
 Metaspace       used 25029K, capacity 25770K, committed 26112K, reserved 1073152K
  class space    used 3047K, capacity 3233K, committed 3328K, reserved 1048576K
}
2020-11-07T20:04:14.964+0800: 8.810: Application time: 0.0034118 seconds
2020-11-07T20:04:14.964+0800: 8.810: [GC (CMS Initial Mark) [1 CMS-initial-mark: 17852K(29740K)] 19798K(38956K), 0.0030946 secs] [Times: user=0.00 sys=0.00, real=0.01 secs] 
2020-11-07T20:04:14.967+0800: 8.813: [CMS-concurrent-mark-start]
2020-11-07T20:04:14.998+0800: 8.843: Application time: 0.0302832 seconds
{Heap before GC invocations=80 (full 8):
 par new generation   total 9216K, used 8433K [0x00000000e3400000, 0x00000000e3e00000, 0x00000000ecca0000)
  eden space 8192K, 100% used [0x00000000e3400000, 0x00000000e3c00000, 0x00000000e3c00000)
  from space 1024K,  23% used [0x00000000e3c00000, 0x00000000e3c3c738, 0x00000000e3d00000)
  to   space 1024K,   0% used [0x00000000e3d00000, 0x00000000e3d00000, 0x00000000e3e00000)
 concurrent mark-sweep generation total 29740K, used 17852K [0x00000000ecca0000, 0x00000000ee9ab000, 0x0000000100000000)
 Metaspace       used 25079K, capacity 25770K, committed 26112K, reserved 1073152K
  class space    used 3057K, capacity 3233K, committed 3328K, reserved 1048576K
2020-11-07T20:04:15.009+0800: 8.854: [GC (Allocation Failure) 2020-11-07T20:04:15.009+0800: 8.855: [ParNew: 8433K->389K(9216K), 0.0163096 secs] 26286K->18286K(38956K), 0.0163919 secs] [Times: user=0.01 sys=0.00, real=0.02 secs] 
Heap after GC invocations=81 (full 8):
 par new generation   total 9216K, used 389K [0x00000000e3400000, 0x00000000e3e00000, 0x00000000ecca0000)
  eden space 8192K,   0% used [0x00000000e3400000, 0x00000000e3400000, 0x00000000e3c00000)
  from space 1024K,  37% used [0x00000000e3d00000, 0x00000000e3d61410, 0x00000000e3e00000)
  to   space 1024K,   0% used [0x00000000e3c00000, 0x00000000e3c00000, 0x00000000e3d00000)
 concurrent mark-sweep generation total 29740K, used 17897K [0x00000000ecca0000, 0x00000000ee9ab000, 0x0000000100000000)
 Metaspace       used 25079K, capacity 25770K, committed 26112K, reserved 1073152K
  class space    used 3057K, capacity 3233K, committed 3328K, reserved 1048576K
}
2020-11-07T20:04:15.052+0800: 8.898: [CMS-concurrent-mark: 0.057/0.085 secs] [Times: user=0.08 sys=0.01, real=0.08 secs] 
2020-11-07T20:04:15.052+0800: 8.898: [CMS-concurrent-preclean-start]
2020-11-07T20:04:15.054+0800: 8.899: [CMS-concurrent-preclean: 0.001/0.001 secs] [Times: user=0.00 sys=0.00, real=0.00 secs] 
2020-11-07T20:04:15.054+0800: 8.900: Application time: 0.0287049 seconds
2020-11-07T20:04:15.071+0800: 8.917: [GC (CMS Final Remark) [YG occupancy: 993 K (9216 K)]2020-11-07T20:04:15.071+0800: 8.917: [Rescan (parallel) , 0.0023323 secs]2020-11-07T20:04:15.073+0800: 8.919: [weak refs processing, 0.0015909 secs]2020-11-07T20:04:15.075+0800: 8.921: [class unloading, 0.0069997 secs]2020-11-07T20:04:15.082+0800: 8.928: [scrub symbol table, 0.0065625 secs]2020-11-07T20:04:15.089+0800: 8.934: [scrub string table, 0.0004852 secs][1 CMS-remark: 17897K(29740K)] 18891K(38956K), 0.0181725 secs] [Times: user=0.01 sys=0.00, real=0.02 secs] 
2020-11-07T20:04:15.089+0800: 8.935: [CMS-concurrent-sweep-start]
2020-11-07T20:04:15.099+0800: 8.945: [CMS-concurrent-sweep: 0.009/0.009 secs] [Times: user=0.01 sys=0.00, real=0.01 secs] 
2020-11-07T20:04:15.099+0800: 8.945: [CMS-concurrent-reset-start]
2020-11-07T20:04:15.100+0800: 8.946: [CMS-concurrent-reset: 0.001/0.001 secs] [Times: user=0.00 sys=0.00, real=0.00 secs] 
2020-11-07T20:04:15.100+0800: 8.946: Application time: 0.0107039 seconds
2020-11-07T20:04:15.101+0800: 8.947: Application time: 0.0014054 seconds
2020-11-07T20:04:15.109+0800: 8.955: Application time: 0.0079296 seconds
{Heap before GC invocations=81 (full 8):
 par new generation   total 9216K, used 8581K [0x00000000e3400000, 0x00000000e3e00000, 0x00000000ecca0000)
  eden space 8192K, 100% used [0x00000000e3400000, 0x00000000e3c00000, 0x00000000e3c00000)
  from space 1024K,  37% used [0x00000000e3d00000, 0x00000000e3d61410, 0x00000000e3e00000)
  to   space 1024K,   0% used [0x00000000e3c00000, 0x00000000e3c00000, 0x00000000e3d00000)
 concurrent mark-sweep generation total 29740K, used 17371K [0x00000000ecca0000, 0x00000000ee9ab000, 0x0000000100000000)
 Metaspace       used 25062K, capacity 25804K, committed 26112K, reserved 1073152K
  class space    used 3053K, capacity 3226K, committed 3328K, reserved 1048576K
2020-11-07T20:04:15.110+0800: 8.955: [GC (Allocation Failure) 2020-11-07T20:04:15.110+0800: 8.955: [ParNew: 8581K->655K(9216K), 0.0134011 secs] 25952K->18052K(38956K), 0.0134715 secs] [Times: user=0.01 sys=0.00, real=0.01 secs] 
Heap after GC invocations=82 (full 8):
 par new generation   total 9216K, used 655K [0x00000000e3400000, 0x00000000e3e00000, 0x00000000ecca0000)
  eden space 8192K,   0% used [0x00000000e3400000, 0x00000000e3400000, 0x00000000e3c00000)
  from space 1024K,  64% used [0x00000000e3c00000, 0x00000000e3ca3eb0, 0x00000000e3d00000)
  to   space 1024K,   0% used [0x00000000e3d00000, 0x00000000e3d00000, 0x00000000e3e00000)
 concurrent mark-sweep generation total 29740K, used 17396K [0x00000000ecca0000, 0x00000000ee9ab000, 0x0000000100000000)
 Metaspace       used 25062K, capacity 25804K, committed 26112K, reserved 1073152K
  class space    used 3053K, capacity 3226K, committed 3328K, reserved 1048576K
}
2020-11-07T20:04:15.124+0800: 8.970: Application time: 0.0006142 seconds
2020-11-07T20:04:15.129+0800: 8.975: Application time: 0.0051658 seconds
2020-11-07T20:04:15.129+0800: 8.975: Application time: 0.0000333 seconds
2020-11-07T20:04:15.130+0800: 8.975: Application time: 0.0003834 seconds
2020-11-07T20:04:15.130+0800: 8.976: Application time: 0.0008482 seconds
2020-11-07T20:04:15.131+0800: 8.976: Application time: 0.0000435 seconds
2020-11-07T20:04:15.131+0800: 8.977: Application time: 0.0003382 seconds
2020-11-07T20:04:15.133+0800: 8.978: Application time: 0.0015909 seconds
2020-11-07T20:04:15.133+0800: 8.978: Application time: 0.0000421 seconds
2020-11-07T20:04:15.133+0800: 8.979: Application time: 0.0003172 seconds
2020-11-07T20:04:15.134+0800: 8.979: Application time: 0.0004720 seconds
{Heap before GC invocations=82 (full 8):
 par new generation   total 9216K, used 8847K [0x00000000e3400000, 0x00000000e3e00000, 0x00000000ecca0000)
  eden space 8192K, 100% used [0x00000000e3400000, 0x00000000e3c00000, 0x00000000e3c00000)
  from space 1024K,  64% used [0x00000000e3c00000, 0x00000000e3ca3eb0, 0x00000000e3d00000)
  to   space 1024K,   0% used [0x00000000e3d00000, 0x00000000e3d00000, 0x00000000e3e00000)
 concurrent mark-sweep generation total 29740K, used 17396K [0x00000000ecca0000, 0x00000000ee9ab000, 0x0000000100000000)
 Metaspace       used 25062K, capacity 25804K, committed 26112K, reserved 1073152K
  class space    used 3053K, capacity 3226K, committed 3328K, reserved 1048576K
2020-11-07T20:04:15.134+0800: 8.979: [GC (Allocation Failure) 2020-11-07T20:04:15.134+0800: 8.980: [ParNew: 8847K->511K(9216K), 0.0043245 secs] 26244K->18028K(38956K), 0.0043729 secs] [Times: user=0.01 sys=0.00, real=0.01 secs] 
Heap after GC invocations=83 (full 8):
 par new generation   total 9216K, used 511K [0x00000000e3400000, 0x00000000e3e00000, 0x00000000ecca0000)
  eden space 8192K,   0% used [0x00000000e3400000, 0x00000000e3400000, 0x00000000e3c00000)
  from space 1024K,  49% used [0x00000000e3d00000, 0x00000000e3d7ff60, 0x00000000e3e00000)
  to   space 1024K,   0% used [0x00000000e3c00000, 0x00000000e3c00000, 0x00000000e3d00000)
 concurrent mark-sweep generation total 29740K, used 17516K [0x00000000ecca0000, 0x00000000ee9ab000, 0x0000000100000000)
 Metaspace       used 25062K, capacity 25804K, committed 26112K, reserved 1073152K
  class space    used 3053K, capacity 3226K, committed 3328K, reserved 1048576K
}
2020-11-07T20:04:15.139+0800: 8.985: Application time: 0.0005797 seconds
2020-11-07T20:04:15.139+0800: 8.985: Application time: 0.0000387 seconds
2020-11-07T20:04:15.155+0800: 9.001: Application time: 0.0160700 seconds
{Heap before GC invocations=83 (full 8):
 par new generation   total 9216K, used 8703K [0x00000000e3400000, 0x00000000e3e00000, 0x00000000ecca0000)
  eden space 8192K, 100% used [0x00000000e3400000, 0x00000000e3c00000, 0x00000000e3c00000)
  from space 1024K,  49% used [0x00000000e3d00000, 0x00000000e3d7ff60, 0x00000000e3e00000)
  to   space 1024K,   0% used [0x00000000e3c00000, 0x00000000e3c00000, 0x00000000e3d00000)
 concurrent mark-sweep generation total 29740K, used 17516K [0x00000000ecca0000, 0x00000000ee9ab000, 0x0000000100000000)
 Metaspace       used 25063K, capacity 25804K, committed 26112K, reserved 1073152K
  class space    used 3053K, capacity 3226K, committed 3328K, reserved 1048576K
2020-11-07T20:04:15.155+0800: 9.001: [GC (Allocation Failure) 2020-11-07T20:04:15.155+0800: 9.001: [ParNew: 8703K->469K(9216K), 0.0029754 secs] 26220K->17985K(38956K), 0.0030344 secs] [Times: user=0.01 sys=0.00, real=0.00 secs] 
Heap after GC invocations=84 (full 8):
 par new generation   total 9216K, used 469K [0x00000000e3400000, 0x00000000e3e00000, 0x00000000ecca0000)
  eden space 8192K,   0% used [0x00000000e3400000, 0x00000000e3400000, 0x00000000e3c00000)
  from space 1024K,  45% used [0x00000000e3c00000, 0x00000000e3c754e0, 0x00000000e3d00000)
  to   space 1024K,   0% used [0x00000000e3d00000, 0x00000000e3d00000, 0x00000000e3e00000)
 concurrent mark-sweep generation total 29740K, used 17516K [0x00000000ecca0000, 0x00000000ee9ab000, 0x0000000100000000)
 Metaspace       used 25063K, capacity 25804K, committed 26112K, reserved 1073152K
  class space    used 3053K, capacity 3226K, committed 3328K, reserved 1048576K
}
2020-11-07T20:04:15.167+0800: 9.013: Application time: 0.0089061 seconds
{Heap before GC invocations=84 (full 8):
 par new generation   total 9216K, used 8661K [0x00000000e3400000, 0x00000000e3e00000, 0x00000000ecca0000)
  eden space 8192K, 100% used [0x00000000e3400000, 0x00000000e3c00000, 0x00000000e3c00000)
  from space 1024K,  45% used [0x00000000e3c00000, 0x00000000e3c754e0, 0x00000000e3d00000)
  to   space 1024K,   0% used [0x00000000e3d00000, 0x00000000e3d00000, 0x00000000e3e00000)
 concurrent mark-sweep generation total 29740K, used 17516K [0x00000000ecca0000, 0x00000000ee9ab000, 0x0000000100000000)
 Metaspace       used 25063K, capacity 25804K, committed 26112K, reserved 1073152K
  class space    used 3053K, capacity 3226K, committed 3328K, reserved 1048576K
2020-11-07T20:04:15.167+0800: 9.013: [GC (Allocation Failure) 2020-11-07T20:04:15.167+0800: 9.013: [ParNew: 8661K->582K(9216K), 0.0029172 secs] 26177K->18098K(38956K), 0.0029601 secs] [Times: user=0.01 sys=0.00, real=0.00 secs] 
Heap after GC invocations=85 (full 8):
 par new generation   total 9216K, used 582K [0x00000000e3400000, 0x00000000e3e00000, 0x00000000ecca0000)
  eden space 8192K,   0% used [0x00000000e3400000, 0x00000000e3400000, 0x00000000e3c00000)
  from space 1024K,  56% used [0x00000000e3d00000, 0x00000000e3d918c0, 0x00000000e3e00000)
  to   space 1024K,   0% used [0x00000000e3c00000, 0x00000000e3c00000, 0x00000000e3d00000)
 concurrent mark-sweep generation total 29740K, used 17516K [0x00000000ecca0000, 0x00000000ee9ab000, 0x0000000100000000)
 Metaspace       used 25063K, capacity 25804K, committed 26112K, reserved 1073152K
  class space    used 3053K, capacity 3226K, committed 3328K, reserved 1048576K
}
2020-11-07T20:04:15.185+0800: 9.031: Application time: 0.0145911 seconds
{Heap before GC invocations=85 (full 8):
 par new generation   total 9216K, used 8774K [0x00000000e3400000, 0x00000000e3e00000, 0x00000000ecca0000)
  eden space 8192K, 100% used [0x00000000e3400000, 0x00000000e3c00000, 0x00000000e3c00000)
  from space 1024K,  56% used [0x00000000e3d00000, 0x00000000e3d918c0, 0x00000000e3e00000)
  to   space 1024K,   0% used [0x00000000e3c00000, 0x00000000e3c00000, 0x00000000e3d00000)
 concurrent mark-sweep generation total 29740K, used 17516K [0x00000000ecca0000, 0x00000000ee9ab000, 0x0000000100000000)
 Metaspace       used 25066K, capacity 25804K, committed 26112K, reserved 1073152K
  class space    used 3053K, capacity 3226K, committed 3328K, reserved 1048576K
2020-11-07T20:04:15.186+0800: 9.031: [GC (Allocation Failure) 2020-11-07T20:04:15.186+0800: 9.031: [ParNew: 8774K->583K(9216K), 0.0028316 secs] 26290K->18099K(38956K), 0.0028819 secs] [Times: user=0.01 sys=0.00, real=0.00 secs] 
Heap after GC invocations=86 (full 8):
 par new generation   total 9216K, used 583K [0x00000000e3400000, 0x00000000e3e00000, 0x00000000ecca0000)
  eden space 8192K,   0% used [0x00000000e3400000, 0x00000000e3400000, 0x00000000e3c00000)
  from space 1024K,  56% used [0x00000000e3c00000, 0x00000000e3c91e10, 0x00000000e3d00000)
  to   space 1024K,   0% used [0x00000000e3d00000, 0x00000000e3d00000, 0x00000000e3e00000)
 concurrent mark-sweep generation total 29740K, used 17516K [0x00000000ecca0000, 0x00000000ee9ab000, 0x0000000100000000)
 Metaspace       used 25066K, capacity 25804K, committed 26112K, reserved 1073152K
  class space    used 3053K, capacity 3226K, committed 3328K, reserved 1048576K
}
2020-11-07T20:04:15.201+0800: 9.047: Application time: 0.0122289 seconds
{Heap before GC invocations=86 (full 8):
 par new generation   total 9216K, used 8775K [0x00000000e3400000, 0x00000000e3e00000, 0x00000000ecca0000)
  eden space 8192K, 100% used [0x00000000e3400000, 0x00000000e3c00000, 0x00000000e3c00000)
  from space 1024K,  56% used [0x00000000e3c00000, 0x00000000e3c91e10, 0x00000000e3d00000)
  to   space 1024K,   0% used [0x00000000e3d00000, 0x00000000e3d00000, 0x00000000e3e00000)
 concurrent mark-sweep generation total 29740K, used 17516K [0x00000000ecca0000, 0x00000000ee9ab000, 0x0000000100000000)
 Metaspace       used 25067K, capacity 25804K, committed 26112K, reserved 1073152K
  class space    used 3053K, capacity 3226K, committed 3328K, reserved 1048576K
2020-11-07T20:04:15.201+0800: 9.047: [GC (Allocation Failure) 2020-11-07T20:04:15.201+0800: 9.047: [ParNew: 8775K->587K(9216K), 0.0050972 secs] 26291K->18103K(38956K), 0.0051465 secs] [Times: user=0.00 sys=0.00, real=0.01 secs] 
Heap after GC invocations=87 (full 8):
 par new generation   total 9216K, used 587K [0x00000000e3400000, 0x00000000e3e00000, 0x00000000ecca0000)
  eden space 8192K,   0% used [0x00000000e3400000, 0x00000000e3400000, 0x00000000e3c00000)
  from space 1024K,  57% used [0x00000000e3d00000, 0x00000000e3d92f18, 0x00000000e3e00000)
  to   space 1024K,   0% used [0x00000000e3c00000, 0x00000000e3c00000, 0x00000000e3d00000)
 concurrent mark-sweep generation total 29740K, used 17516K [0x00000000ecca0000, 0x00000000ee9ab000, 0x0000000100000000)
 Metaspace       used 25067K, capacity 25804K, committed 26112K, reserved 1073152K
  class space    used 3053K, capacity 3226K, committed 3328K, reserved 1048576K
}
2020-11-07T20:04:15.222+0800: 9.068: Application time: 0.0163163 seconds
{Heap before GC invocations=87 (full 8):
 par new generation   total 9216K, used 8779K [0x00000000e3400000, 0x00000000e3e00000, 0x00000000ecca0000)
  eden space 8192K, 100% used [0x00000000e3400000, 0x00000000e3c00000, 0x00000000e3c00000)
  from space 1024K,  57% used [0x00000000e3d00000, 0x00000000e3d92f18, 0x00000000e3e00000)
  to   space 1024K,   0% used [0x00000000e3c00000, 0x00000000e3c00000, 0x00000000e3d00000)
 concurrent mark-sweep generation total 29740K, used 17516K [0x00000000ecca0000, 0x00000000ee9ab000, 0x0000000100000000)
 Metaspace       used 25069K, capacity 25804K, committed 26112K, reserved 1073152K
  class space    used 3053K, capacity 3226K, committed 3328K, reserved 1048576K
2020-11-07T20:04:15.223+0800: 9.068: [GC (Allocation Failure) 2020-11-07T20:04:15.223+0800: 9.068: [ParNew: 8779K->590K(9216K), 0.0035345 secs] 26295K->18106K(38956K), 0.0035756 secs] [Times: user=0.00 sys=0.00, real=0.01 secs] 
Heap after GC invocations=88 (full 8):
 par new generation   total 9216K, used 590K [0x00000000e3400000, 0x00000000e3e00000, 0x00000000ecca0000)
  eden space 8192K,   0% used [0x00000000e3400000, 0x00000000e3400000, 0x00000000e3c00000)
  from space 1024K,  57% used [0x00000000e3c00000, 0x00000000e3c93a58, 0x00000000e3d00000)
  to   space 1024K,   0% used [0x00000000e3d00000, 0x00000000e3d00000, 0x00000000e3e00000)
 concurrent mark-sweep generation total 29740K, used 17516K [0x00000000ecca0000, 0x00000000ee9ab000, 0x0000000100000000)
 Metaspace       used 25069K, capacity 25804K, committed 26112K, reserved 1073152K
  class space    used 3053K, capacity 3226K, committed 3328K, reserved 1048576K
}
2020-11-07T20:04:15.230+0800: 9.076: Application time: 0.0040039 seconds
2020-11-07T20:04:15.239+0800: 9.085: Application time: 0.0087405 seconds
{Heap before GC invocations=88 (full 8):
 par new generation   total 9216K, used 8782K [0x00000000e3400000, 0x00000000e3e00000, 0x00000000ecca0000)
  eden space 8192K, 100% used [0x00000000e3400000, 0x00000000e3c00000, 0x00000000e3c00000)
  from space 1024K,  57% used [0x00000000e3c00000, 0x00000000e3c93a58, 0x00000000e3d00000)
  to   space 1024K,   0% used [0x00000000e3d00000, 0x00000000e3d00000, 0x00000000e3e00000)
 concurrent mark-sweep generation total 29740K, used 17516K [0x00000000ecca0000, 0x00000000ee9ab000, 0x0000000100000000)
 Metaspace       used 25069K, capacity 25804K, committed 26112K, reserved 1073152K
  class space    used 3053K, capacity 3226K, committed 3328K, reserved 1048576K
2020-11-07T20:04:15.239+0800: 9.085: [GC (Allocation Failure) 2020-11-07T20:04:15.239+0800: 9.085: [ParNew: 8782K->594K(9216K), 0.0051848 secs] 26298K->18110K(38956K), 0.0052418 secs] [Times: user=0.01 sys=0.00, real=0.00 secs] 
Heap after GC invocations=89 (full 8):
 par new generation   total 9216K, used 594K [0x00000000e3400000, 0x00000000e3e00000, 0x00000000ecca0000)
  eden space 8192K,   0% used [0x00000000e3400000, 0x00000000e3400000, 0x00000000e3c00000)
  from space 1024K,  58% used [0x00000000e3d00000, 0x00000000e3d94ac0, 0x00000000e3e00000)
  to   space 1024K,   0% used [0x00000000e3c00000, 0x00000000e3c00000, 0x00000000e3d00000)
 concurrent mark-sweep generation total 29740K, used 17516K [0x00000000ecca0000, 0x00000000ee9ab000, 0x0000000100000000)
 Metaspace       used 25069K, capacity 25804K, committed 26112K, reserved 1073152K
  class space    used 3053K, capacity 3226K, committed 3328K, reserved 1048576K
}
2020-11-07T20:04:15.255+0800: 9.101: Application time: 0.0108206 seconds
{Heap before GC invocations=89 (full 8):
 par new generation   total 9216K, used 8786K [0x00000000e3400000, 0x00000000e3e00000, 0x00000000ecca0000)
  eden space 8192K, 100% used [0x00000000e3400000, 0x00000000e3c00000, 0x00000000e3c00000)
  from space 1024K,  58% used [0x00000000e3d00000, 0x00000000e3d94ac0, 0x00000000e3e00000)
  to   space 1024K,   0% used [0x00000000e3c00000, 0x00000000e3c00000, 0x00000000e3d00000)
 concurrent mark-sweep generation total 29740K, used 17516K [0x00000000ecca0000, 0x00000000ee9ab000, 0x0000000100000000)
 Metaspace       used 25076K, capacity 25804K, committed 26112K, reserved 1073152K
  class space    used 3053K, capacity 3226K, committed 3328K, reserved 1048576K
2020-11-07T20:04:15.255+0800: 9.101: [GC (Allocation Failure) 2020-11-07T20:04:15.255+0800: 9.101: [ParNew: 8786K->477K(9216K), 0.0039489 secs] 26302K->18105K(38956K), 0.0040058 secs] [Times: user=0.00 sys=0.00, real=0.00 secs] 
Heap after GC invocations=90 (full 8):
 par new generation   total 9216K, used 477K [0x00000000e3400000, 0x00000000e3e00000, 0x00000000ecca0000)
  eden space 8192K,   0% used [0x00000000e3400000, 0x00000000e3400000, 0x00000000e3c00000)
  from space 1024K,  46% used [0x00000000e3c00000, 0x00000000e3c77680, 0x00000000e3d00000)
  to   space 1024K,   0% used [0x00000000e3d00000, 0x00000000e3d00000, 0x00000000e3e00000)
 concurrent mark-sweep generation total 29740K, used 17627K [0x00000000ecca0000, 0x00000000ee9ab000, 0x0000000100000000)
 Metaspace       used 25076K, capacity 25804K, committed 26112K, reserved 1073152K
  class space    used 3053K, capacity 3226K, committed 3328K, reserved 1048576K
}
2020-11-07T20:04:15.290+0800: 9.135: Application time: 0.0301645 seconds
2020-11-07T20:04:15.294+0800: 9.140: Application time: 0.0027647 seconds
{Heap before GC invocations=90 (full 8):
 par new generation   total 9216K, used 8669K [0x00000000e3400000, 0x00000000e3e00000, 0x00000000ecca0000)
  eden space 8192K, 100% used [0x00000000e3400000, 0x00000000e3c00000, 0x00000000e3c00000)
  from space 1024K,  46% used [0x00000000e3c00000, 0x00000000e3c77680, 0x00000000e3d00000)
  to   space 1024K,   0% used [0x00000000e3d00000, 0x00000000e3d00000, 0x00000000e3e00000)
 concurrent mark-sweep generation total 29740K, used 17627K [0x00000000ecca0000, 0x00000000ee9ab000, 0x0000000100000000)
 Metaspace       used 25078K, capacity 25804K, committed 26112K, reserved 1073152K
  class space    used 3053K, capacity 3226K, committed 3328K, reserved 1048576K
2020-11-07T20:04:15.295+0800: 9.140: [GC (Allocation Failure) 2020-11-07T20:04:15.295+0800: 9.140: [ParNew: 8669K->546K(9216K), 0.0126471 secs] 26297K->18513K(38956K), 0.0126984 secs] [Times: user=0.02 sys=0.00, real=0.01 secs] 
Heap after GC invocations=91 (full 8):
 par new generation   total 9216K, used 546K [0x00000000e3400000, 0x00000000e3e00000, 0x00000000ecca0000)
  eden space 8192K,   0% used [0x00000000e3400000, 0x00000000e3400000, 0x00000000e3c00000)
  from space 1024K,  53% used [0x00000000e3d00000, 0x00000000e3d88a80, 0x00000000e3e00000)
  to   space 1024K,   0% used [0x00000000e3c00000, 0x00000000e3c00000, 0x00000000e3d00000)
 concurrent mark-sweep generation total 29740K, used 17966K [0x00000000ecca0000, 0x00000000ee9ab000, 0x0000000100000000)
 Metaspace       used 25078K, capacity 25804K, committed 26112K, reserved 1073152K
  class space    used 3053K, capacity 3226K, committed 3328K, reserved 1048576K
}
2020-11-07T20:04:15.311+0800: 9.157: Application time: 0.0037156 seconds
2020-11-07T20:04:15.311+0800: 9.157: [GC (CMS Initial Mark) [1 CMS-initial-mark: 17966K(29740K)] 21974K(38956K), 0.0034722 secs] [Times: user=0.00 sys=0.00, real=0.01 secs] 
2020-11-07T20:04:15.315+0800: 9.160: [CMS-concurrent-mark-start]
2020-11-07T20:04:15.333+0800: 9.179: Application time: 0.0182848 seconds
{Heap before GC invocations=91 (full 9):
 par new generation   total 9216K, used 8738K [0x00000000e3400000, 0x00000000e3e00000, 0x00000000ecca0000)
  eden space 8192K, 100% used [0x00000000e3400000, 0x00000000e3c00000, 0x00000000e3c00000)
  from space 1024K,  53% used [0x00000000e3d00000, 0x00000000e3d88a80, 0x00000000e3e00000)
  to   space 1024K,   0% used [0x00000000e3c00000, 0x00000000e3c00000, 0x00000000e3d00000)
 concurrent mark-sweep generation total 29740K, used 17966K [0x00000000ecca0000, 0x00000000ee9ab000, 0x0000000100000000)
 Metaspace       used 25078K, capacity 25804K, committed 26112K, reserved 1073152K
  class space    used 3053K, capacity 3226K, committed 3328K, reserved 1048576K
2020-11-07T20:04:15.333+0800: 9.179: [GC (Allocation Failure) 2020-11-07T20:04:15.333+0800: 9.179: [ParNew: 8738K->341K(9216K), 0.0148991 secs] 26705K->18308K(38956K), 0.0149638 secs] [Times: user=0.01 sys=0.00, real=0.02 secs] 
Heap after GC invocations=92 (full 9):
 par new generation   total 9216K, used 341K [0x00000000e3400000, 0x00000000e3e00000, 0x00000000ecca0000)
  eden space 8192K,   0% used [0x00000000e3400000, 0x00000000e3400000, 0x00000000e3c00000)
  from space 1024K,  33% used [0x00000000e3c00000, 0x00000000e3c55600, 0x00000000e3d00000)
  to   space 1024K,   0% used [0x00000000e3d00000, 0x00000000e3d00000, 0x00000000e3e00000)
 concurrent mark-sweep generation total 29740K, used 17966K [0x00000000ecca0000, 0x00000000ee9ab000, 0x0000000100000000)
 Metaspace       used 25078K, capacity 25804K, committed 26112K, reserved 1073152K
  class space    used 3053K, capacity 3226K, committed 3328K, reserved 1048576K
}
2020-11-07T20:04:15.356+0800: 9.202: Application time: 0.0080832 seconds
{Heap before GC invocations=92 (full 9):
 par new generation   total 9216K, used 8533K [0x00000000e3400000, 0x00000000e3e00000, 0x00000000ecca0000)
  eden space 8192K, 100% used [0x00000000e3400000, 0x00000000e3c00000, 0x00000000e3c00000)
  from space 1024K,  33% used [0x00000000e3c00000, 0x00000000e3c55600, 0x00000000e3d00000)
  to   space 1024K,   0% used [0x00000000e3d00000, 0x00000000e3d00000, 0x00000000e3e00000)
 concurrent mark-sweep generation total 29740K, used 17966K [0x00000000ecca0000, 0x00000000ee9ab000, 0x0000000100000000)
 Metaspace       used 25078K, capacity 25804K, committed 26112K, reserved 1073152K
  class space    used 3053K, capacity 3226K, committed 3328K, reserved 1048576K
2020-11-07T20:04:15.356+0800: 9.202: [GC (Allocation Failure) 2020-11-07T20:04:15.356+0800: 9.202: [ParNew: 8533K->329K(9216K), 0.0104076 secs] 26500K->18295K(38956K), 0.0104575 secs] [Times: user=0.01 sys=0.00, real=0.01 secs] 
Heap after GC invocations=93 (full 9):
 par new generation   total 9216K, used 329K [0x00000000e3400000, 0x00000000e3e00000, 0x00000000ecca0000)
  eden space 8192K,   0% used [0x00000000e3400000, 0x00000000e3400000, 0x00000000e3c00000)
  from space 1024K,  32% used [0x00000000e3d00000, 0x00000000e3d52440, 0x00000000e3e00000)
  to   space 1024K,   0% used [0x00000000e3c00000, 0x00000000e3c00000, 0x00000000e3d00000)
 concurrent mark-sweep generation total 29740K, used 17966K [0x00000000ecca0000, 0x00000000ee9ab000, 0x0000000100000000)
 Metaspace       used 25078K, capacity 25804K, committed 26112K, reserved 1073152K
  class space    used 3053K, capacity 3226K, committed 3328K, reserved 1048576K
}
2020-11-07T20:04:15.384+0800: 9.230: Application time: 0.0169974 seconds
{Heap before GC invocations=93 (full 9):
 par new generation   total 9216K, used 8521K [0x00000000e3400000, 0x00000000e3e00000, 0x00000000ecca0000)
  eden space 8192K, 100% used [0x00000000e3400000, 0x00000000e3c00000, 0x00000000e3c00000)
  from space 1024K,  32% used [0x00000000e3d00000, 0x00000000e3d52440, 0x00000000e3e00000)
  to   space 1024K,   0% used [0x00000000e3c00000, 0x00000000e3c00000, 0x00000000e3d00000)
 concurrent mark-sweep generation total 29740K, used 17966K [0x00000000ecca0000, 0x00000000ee9ab000, 0x0000000100000000)
 Metaspace       used 25078K, capacity 25804K, committed 26112K, reserved 1073152K
  class space    used 3053K, capacity 3226K, committed 3328K, reserved 1048576K
2020-11-07T20:04:15.384+0800: 9.230: [GC (Allocation Failure) 2020-11-07T20:04:15.384+0800: 9.230: [ParNew: 8521K->410K(9216K), 0.0080225 secs] 26487K->18377K(38956K), 0.0080720 secs] [Times: user=0.01 sys=0.00, real=0.01 secs] 
Heap after GC invocations=94 (full 9):
 par new generation   total 9216K, used 410K [0x00000000e3400000, 0x00000000e3e00000, 0x00000000ecca0000)
  eden space 8192K,   0% used [0x00000000e3400000, 0x00000000e3400000, 0x00000000e3c00000)
  from space 1024K,  40% used [0x00000000e3c00000, 0x00000000e3c66a08, 0x00000000e3d00000)
  to   space 1024K,   0% used [0x00000000e3d00000, 0x00000000e3d00000, 0x00000000e3e00000)
 concurrent mark-sweep generation total 29740K, used 17966K [0x00000000ecca0000, 0x00000000ee9ab000, 0x0000000100000000)
 Metaspace       used 25078K, capacity 25804K, committed 26112K, reserved 1073152K
  class space    used 3053K, capacity 3226K, committed 3328K, reserved 1048576K
}
2020-11-07T20:04:15.400+0800: 9.245: Application time: 0.0074569 seconds
{Heap before GC invocations=94 (full 9):
 par new generation   total 9216K, used 8602K [0x00000000e3400000, 0x00000000e3e00000, 0x00000000ecca0000)
  eden space 8192K, 100% used [0x00000000e3400000, 0x00000000e3c00000, 0x00000000e3c00000)
  from space 1024K,  40% used [0x00000000e3c00000, 0x00000000e3c66a08, 0x00000000e3d00000)
  to   space 1024K,   0% used [0x00000000e3d00000, 0x00000000e3d00000, 0x00000000e3e00000)
 concurrent mark-sweep generation total 29740K, used 17966K [0x00000000ecca0000, 0x00000000ee9ab000, 0x0000000100000000)
 Metaspace       used 25078K, capacity 25804K, committed 26112K, reserved 1073152K
  class space    used 3053K, capacity 3226K, committed 3328K, reserved 1048576K
2020-11-07T20:04:15.400+0800: 9.246: [GC (Allocation Failure) 2020-11-07T20:04:15.400+0800: 9.246: [ParNew: 8602K->413K(9216K), 0.0059522 secs] 26569K->18379K(38956K), 0.0060051 secs] [Times: user=0.01 sys=0.00, real=0.01 secs] 
Heap after GC invocations=95 (full 9):
 par new generation   total 9216K, used 413K [0x00000000e3400000, 0x00000000e3e00000, 0x00000000ecca0000)
  eden space 8192K,   0% used [0x00000000e3400000, 0x00000000e3400000, 0x00000000e3c00000)
  from space 1024K,  40% used [0x00000000e3d00000, 0x00000000e3d67430, 0x00000000e3e00000)
  to   space 1024K,   0% used [0x00000000e3c00000, 0x00000000e3c00000, 0x00000000e3d00000)
 concurrent mark-sweep generation total 29740K, used 17966K [0x00000000ecca0000, 0x00000000ee9ab000, 0x0000000100000000)
 Metaspace       used 25078K, capacity 25804K, committed 26112K, reserved 1073152K
  class space    used 3053K, capacity 3226K, committed 3328K, reserved 1048576K
}
2020-11-07T20:04:15.421+0800: 9.267: Application time: 0.0151366 seconds
{Heap before GC invocations=95 (full 9):
 par new generation   total 9216K, used 8605K [0x00000000e3400000, 0x00000000e3e00000, 0x00000000ecca0000)
  eden space 8192K, 100% used [0x00000000e3400000, 0x00000000e3c00000, 0x00000000e3c00000)
  from space 1024K,  40% used [0x00000000e3d00000, 0x00000000e3d67430, 0x00000000e3e00000)
  to   space 1024K,   0% used [0x00000000e3c00000, 0x00000000e3c00000, 0x00000000e3d00000)
 concurrent mark-sweep generation total 29740K, used 17966K [0x00000000ecca0000, 0x00000000ee9ab000, 0x0000000100000000)
 Metaspace       used 25078K, capacity 25804K, committed 26112K, reserved 1073152K
  class space    used 3053K, capacity 3226K, committed 3328K, reserved 1048576K
2020-11-07T20:04:15.421+0800: 9.267: [GC (Allocation Failure) 2020-11-07T20:04:15.421+0800: 9.267: [ParNew: 8605K->416K(9216K), 0.0023330 secs] 26571K->18383K(38956K), 0.0023748 secs] [Times: user=0.00 sys=0.00, real=0.00 secs] 
Heap after GC invocations=96 (full 9):
 par new generation   total 9216K, used 416K [0x00000000e3400000, 0x00000000e3e00000, 0x00000000ecca0000)
  eden space 8192K,   0% used [0x00000000e3400000, 0x00000000e3400000, 0x00000000e3c00000)
  from space 1024K,  40% used [0x00000000e3c00000, 0x00000000e3c68088, 0x00000000e3d00000)
  to   space 1024K,   0% used [0x00000000e3d00000, 0x00000000e3d00000, 0x00000000e3e00000)
 concurrent mark-sweep generation total 29740K, used 17966K [0x00000000ecca0000, 0x00000000ee9ab000, 0x0000000100000000)
 Metaspace       used 25078K, capacity 25804K, committed 26112K, reserved 1073152K
  class space    used 3053K, capacity 3226K, committed 3328K, reserved 1048576K
}
2020-11-07T20:04:15.438+0800: 9.284: Application time: 0.0141975 seconds
2020-11-07T20:04:15.440+0800: 9.286: [CMS-concurrent-mark: 0.063/0.125 secs] [Times: user=0.12 sys=0.00, real=0.12 secs] 
2020-11-07T20:04:15.440+0800: 9.286: [CMS-concurrent-preclean-start]
2020-11-07T20:04:15.441+0800: 9.287: [CMS-concurrent-preclean: 0.001/0.001 secs] [Times: user=0.00 sys=0.00, real=0.00 secs] 
2020-11-07T20:04:15.441+0800: 9.287: [CMS-concurrent-abortable-preclean-start]
2020-11-07T20:04:15.614+0800: 9.460: Application time: 0.1765113 seconds
{Heap before GC invocations=96 (full 9):
 par new generation   total 9216K, used 8608K [0x00000000e3400000, 0x00000000e3e00000, 0x00000000ecca0000)
  eden space 8192K, 100% used [0x00000000e3400000, 0x00000000e3c00000, 0x00000000e3c00000)
  from space 1024K,  40% used [0x00000000e3c00000, 0x00000000e3c68088, 0x00000000e3d00000)
  to   space 1024K,   0% used [0x00000000e3d00000, 0x00000000e3d00000, 0x00000000e3e00000)
 concurrent mark-sweep generation total 29740K, used 17966K [0x00000000ecca0000, 0x00000000ee9ab000, 0x0000000100000000)
 Metaspace       used 25078K, capacity 25804K, committed 26112K, reserved 1073152K
  class space    used 3053K, capacity 3226K, committed 3328K, reserved 1048576K
2020-11-07T20:04:15.614+0800: 9.460: [GC (Allocation Failure) 2020-11-07T20:04:15.615+0800: 9.460: [ParNew: 8608K->419K(9216K), 0.0023674 secs] 26575K->18386K(38956K), 0.0024292 secs] [Times: user=0.01 sys=0.00, real=0.00 secs] 
Heap after GC invocations=97 (full 9):
 par new generation   total 9216K, used 419K [0x00000000e3400000, 0x00000000e3e00000, 0x00000000ecca0000)
  eden space 8192K,   0% used [0x00000000e3400000, 0x00000000e3400000, 0x00000000e3c00000)
  from space 1024K,  40% used [0x00000000e3d00000, 0x00000000e3d68cb8, 0x00000000e3e00000)
  to   space 1024K,   0% used [0x00000000e3c00000, 0x00000000e3c00000, 0x00000000e3d00000)
 concurrent mark-sweep generation total 29740K, used 17966K [0x00000000ecca0000, 0x00000000ee9ab000, 0x0000000100000000)
 Metaspace       used 25078K, capacity 25804K, committed 26112K, reserved 1073152K
  class space    used 3053K, capacity 3226K, committed 3328K, reserved 1048576K
}
2020-11-07T20:04:15.628+0800: 9.474: Application time: 0.0115025 seconds
{Heap before GC invocations=97 (full 9):
 par new generation   total 9216K, used 8611K [0x00000000e3400000, 0x00000000e3e00000, 0x00000000ecca0000)
  eden space 8192K, 100% used [0x00000000e3400000, 0x00000000e3c00000, 0x00000000e3c00000)
  from space 1024K,  40% used [0x00000000e3d00000, 0x00000000e3d68cb8, 0x00000000e3e00000)
  to   space 1024K,   0% used [0x00000000e3c00000, 0x00000000e3c00000, 0x00000000e3d00000)
 concurrent mark-sweep generation total 29740K, used 17966K [0x00000000ecca0000, 0x00000000ee9ab000, 0x0000000100000000)
 Metaspace       used 25080K, capacity 25804K, committed 26112K, reserved 1073152K
  class space    used 3053K, capacity 3226K, committed 3328K, reserved 1048576K
2020-11-07T20:04:15.629+0800: 9.474: [GC (Allocation Failure) 2020-11-07T20:04:15.629+0800: 9.474: [ParNew: 8611K->422K(9216K), 0.0028607 secs] 26578K->18389K(38956K), 0.0029177 secs] [Times: user=0.00 sys=0.00, real=0.00 secs] 
Heap after GC invocations=98 (full 9):
 par new generation   total 9216K, used 422K [0x00000000e3400000, 0x00000000e3e00000, 0x00000000ecca0000)
  eden space 8192K,   0% used [0x00000000e3400000, 0x00000000e3400000, 0x00000000e3c00000)
  from space 1024K,  41% used [0x00000000e3c00000, 0x00000000e3c69898, 0x00000000e3d00000)
  to   space 1024K,   0% used [0x00000000e3d00000, 0x00000000e3d00000, 0x00000000e3e00000)
 concurrent mark-sweep generation total 29740K, used 17966K [0x00000000ecca0000, 0x00000000ee9ab000, 0x0000000100000000)
 Metaspace       used 25080K, capacity 25804K, committed 26112K, reserved 1073152K
  class space    used 3053K, capacity 3226K, committed 3328K, reserved 1048576K
}
2020-11-07T20:04:15.656+0800: 9.502: Application time: 0.0246144 seconds
{Heap before GC invocations=98 (full 9):
 par new generation   total 9216K, used 8614K [0x00000000e3400000, 0x00000000e3e00000, 0x00000000ecca0000)
  eden space 8192K, 100% used [0x00000000e3400000, 0x00000000e3c00000, 0x00000000e3c00000)
  from space 1024K,  41% used [0x00000000e3c00000, 0x00000000e3c69898, 0x00000000e3d00000)
  to   space 1024K,   0% used [0x00000000e3d00000, 0x00000000e3d00000, 0x00000000e3e00000)
 concurrent mark-sweep generation total 29740K, used 17966K [0x00000000ecca0000, 0x00000000ee9ab000, 0x0000000100000000)
 Metaspace       used 25080K, capacity 25804K, committed 26112K, reserved 1073152K
  class space    used 3053K, capacity 3226K, committed 3328K, reserved 1048576K
2020-11-07T20:04:15.656+0800: 9.502: [GC (Allocation Failure) 2020-11-07T20:04:15.656+0800: 9.502: [ParNew: 8614K->426K(9216K), 0.0043939 secs] 26581K->18393K(38956K), 0.0044429 secs] [Times: user=0.01 sys=0.00, real=0.00 secs] 
Heap after GC invocations=99 (full 9):
 par new generation   total 9216K, used 426K [0x00000000e3400000, 0x00000000e3e00000, 0x00000000ecca0000)
  eden space 8192K,   0% used [0x00000000e3400000, 0x00000000e3400000, 0x00000000e3c00000)
  from space 1024K,  41% used [0x00000000e3d00000, 0x00000000e3d6a888, 0x00000000e3e00000)
  to   space 1024K,   0% used [0x00000000e3c00000, 0x00000000e3c00000, 0x00000000e3d00000)
 concurrent mark-sweep generation total 29740K, used 17967K [0x00000000ecca0000, 0x00000000ee9ab000, 0x0000000100000000)
 Metaspace       used 25080K, capacity 25804K, committed 26112K, reserved 1073152K
  class space    used 3053K, capacity 3226K, committed 3328K, reserved 1048576K
}
2020-11-07T20:04:15.741+0800: 9.587: Application time: 0.0800267 seconds
{Heap before GC invocations=99 (full 9):
 par new generation   total 9216K, used 8618K [0x00000000e3400000, 0x00000000e3e00000, 0x00000000ecca0000)
  eden space 8192K, 100% used [0x00000000e3400000, 0x00000000e3c00000, 0x00000000e3c00000)
  from space 1024K,  41% used [0x00000000e3d00000, 0x00000000e3d6a888, 0x00000000e3e00000)
  to   space 1024K,   0% used [0x00000000e3c00000, 0x00000000e3c00000, 0x00000000e3d00000)
 concurrent mark-sweep generation total 29740K, used 17967K [0x00000000ecca0000, 0x00000000ee9ab000, 0x0000000100000000)
 Metaspace       used 25146K, capacity 25868K, committed 26112K, reserved 1073152K
  class space    used 3062K, capacity 3266K, committed 3328K, reserved 1048576K
2020-11-07T20:04:15.741+0800: 9.587: [GC (Allocation Failure) 2020-11-07T20:04:15.741+0800: 9.587: [ParNew: 8618K->267K(9216K), 0.0137015 secs] 26585K->18235K(38956K), 0.0137564 secs] [Times: user=0.01 sys=0.00, real=0.02 secs] 
Heap after GC invocations=100 (full 9):
 par new generation   total 9216K, used 267K [0x00000000e3400000, 0x00000000e3e00000, 0x00000000ecca0000)
  eden space 8192K,   0% used [0x00000000e3400000, 0x00000000e3400000, 0x00000000e3c00000)
  from space 1024K,  26% used [0x00000000e3c00000, 0x00000000e3c42dc8, 0x00000000e3d00000)
  to   space 1024K,   0% used [0x00000000e3d00000, 0x00000000e3d00000, 0x00000000e3e00000)
 concurrent mark-sweep generation total 29740K, used 17967K [0x00000000ecca0000, 0x00000000ee9ab000, 0x0000000100000000)
 Metaspace       used 25146K, capacity 25868K, committed 26112K, reserved 1073152K
  class space    used 3062K, capacity 3266K, committed 3328K, reserved 1048576K
}
2020-11-07T20:04:15.780+0800: 9.626: Application time: 0.0255808 seconds
{Heap before GC invocations=100 (full 9):
 par new generation   total 9216K, used 8459K [0x00000000e3400000, 0x00000000e3e00000, 0x00000000ecca0000)
  eden space 8192K, 100% used [0x00000000e3400000, 0x00000000e3c00000, 0x00000000e3c00000)
  from space 1024K,  26% used [0x00000000e3c00000, 0x00000000e3c42dc8, 0x00000000e3d00000)
  to   space 1024K,   0% used [0x00000000e3d00000, 0x00000000e3d00000, 0x00000000e3e00000)
 concurrent mark-sweep generation total 29740K, used 17967K [0x00000000ecca0000, 0x00000000ee9ab000, 0x0000000100000000)
 Metaspace       used 25207K, capacity 25938K, committed 26112K, reserved 1073152K
  class space    used 3069K, capacity 3267K, committed 3328K, reserved 1048576K
2020-11-07T20:04:15.781+0800: 9.626: [GC (Allocation Failure) 2020-11-07T20:04:15.781+0800: 9.626: [ParNew: 8459K->248K(9216K), 0.0152343 secs] 26427K->18216K(38956K), 0.0153012 secs] [Times: user=0.01 sys=0.00, real=0.02 secs] 
Heap after GC invocations=101 (full 9):
 par new generation   total 9216K, used 248K [0x00000000e3400000, 0x00000000e3e00000, 0x00000000ecca0000)
  eden space 8192K,   0% used [0x00000000e3400000, 0x00000000e3400000, 0x00000000e3c00000)
  from space 1024K,  24% used [0x00000000e3d00000, 0x00000000e3d3e3c0, 0x00000000e3e00000)
  to   space 1024K,   0% used [0x00000000e3c00000, 0x00000000e3c00000, 0x00000000e3d00000)
 concurrent mark-sweep generation total 29740K, used 17967K [0x00000000ecca0000, 0x00000000ee9ab000, 0x0000000100000000)
 Metaspace       used 25207K, capacity 25938K, committed 26112K, reserved 1073152K
  class space    used 3069K, capacity 3267K, committed 3328K, reserved 1048576K
}
2020-11-07T20:04:15.821+0800: 9.667: Application time: 0.0252381 seconds
{Heap before GC invocations=101 (full 9):
 par new generation   total 9216K, used 8440K [0x00000000e3400000, 0x00000000e3e00000, 0x00000000ecca0000)
  eden space 8192K, 100% used [0x00000000e3400000, 0x00000000e3c00000, 0x00000000e3c00000)
  from space 1024K,  24% used [0x00000000e3d00000, 0x00000000e3d3e3c0, 0x00000000e3e00000)
  to   space 1024K,   0% used [0x00000000e3c00000, 0x00000000e3c00000, 0x00000000e3d00000)
 concurrent mark-sweep generation total 29740K, used 17967K [0x00000000ecca0000, 0x00000000ee9ab000, 0x0000000100000000)
 Metaspace       used 25224K, capacity 25938K, committed 26112K, reserved 1073152K
  class space    used 3071K, capacity 3267K, committed 3328K, reserved 1048576K
2020-11-07T20:04:15.821+0800: 9.667: [GC (Allocation Failure) 2020-11-07T20:04:15.821+0800: 9.667: [ParNew: 8440K->279K(9216K), 0.0246813 secs] 26408K->18247K(38956K), 0.0247383 secs] [Times: user=0.03 sys=0.00, real=0.03 secs] 
Heap after GC invocations=102 (full 9):
 par new generation   total 9216K, used 279K [0x00000000e3400000, 0x00000000e3e00000, 0x00000000ecca0000)
  eden space 8192K,   0% used [0x00000000e3400000, 0x00000000e3400000, 0x00000000e3c00000)
  from space 1024K,  27% used [0x00000000e3c00000, 0x00000000e3c45f20, 0x00000000e3d00000)
  to   space 1024K,   0% used [0x00000000e3d00000, 0x00000000e3d00000, 0x00000000e3e00000)
 concurrent mark-sweep generation total 29740K, used 17967K [0x00000000ecca0000, 0x00000000ee9ab000, 0x0000000100000000)
 Metaspace       used 25224K, capacity 25938K, committed 26112K, reserved 1073152K
  class space    used 3071K, capacity 3267K, committed 3328K, reserved 1048576K
}
2020-11-07T20:04:15.941+0800: 9.787: Application time: 0.0952725 seconds
{Heap before GC invocations=102 (full 9):
 par new generation   total 9216K, used 8471K [0x00000000e3400000, 0x00000000e3e00000, 0x00000000ecca0000)
  eden space 8192K, 100% used [0x00000000e3400000, 0x00000000e3c00000, 0x00000000e3c00000)
  from space 1024K,  27% used [0x00000000e3c00000, 0x00000000e3c45f20, 0x00000000e3d00000)
  to   space 1024K,   0% used [0x00000000e3d00000, 0x00000000e3d00000, 0x00000000e3e00000)
 concurrent mark-sweep generation total 29740K, used 17967K [0x00000000ecca0000, 0x00000000ee9ab000, 0x0000000100000000)
 Metaspace       used 25707K, capacity 26456K, committed 26752K, reserved 1073152K
  class space    used 3132K, capacity 3332K, committed 3456K, reserved 1048576K
2020-11-07T20:04:15.942+0800: 9.787: [GC (Allocation Failure) 2020-11-07T20:04:15.942+0800: 9.787: [ParNew2020-11-07T20:04:15.953+0800: 9.799: [CMS-concurrent-abortable-preclean: 0.191/0.512 secs] [Times: user=0.47 sys=0.02, real=0.51 secs] 
: 8471K->909K(9216K), 0.0177532 secs] 26439K->18877K(38956K), 0.0178037 secs] [Times: user=0.02 sys=0.00, real=0.02 secs] 
Heap after GC invocations=103 (full 9):
 par new generation   total 9216K, used 909K [0x00000000e3400000, 0x00000000e3e00000, 0x00000000ecca0000)
  eden space 8192K,   0% used [0x00000000e3400000, 0x00000000e3400000, 0x00000000e3c00000)
  from space 1024K,  88% used [0x00000000e3d00000, 0x00000000e3de3560, 0x00000000e3e00000)
  to   space 1024K,   0% used [0x00000000e3c00000, 0x00000000e3c00000, 0x00000000e3d00000)
 concurrent mark-sweep generation total 29740K, used 17967K [0x00000000ecca0000, 0x00000000ee9ab000, 0x0000000100000000)
 Metaspace       used 25707K, capacity 26456K, committed 26752K, reserved 1073152K
  class space    used 3132K, capacity 3332K, committed 3456K, reserved 1048576K
}
2020-11-07T20:04:15.969+0800: 9.815: Application time: 0.0098232 seconds
2020-11-07T20:04:15.974+0800: 9.819: [GC (CMS Final Remark) [YG occupancy: 1863 K (9216 K)]2020-11-07T20:04:15.974+0800: 9.819: [Rescan (parallel) , 0.0144663 secs]2020-11-07T20:04:15.988+0800: 9.834: [weak refs processing, 0.0016538 secs]2020-11-07T20:04:15.990+0800: 9.836: [class unloading, 0.0056667 secs]2020-11-07T20:04:15.995+0800: 9.841: [scrub symbol table, 0.0084660 secs]2020-11-07T20:04:16.004+0800: 9.850: [scrub string table, 0.0005025 secs][1 CMS-remark: 17967K(29740K)] 19831K(38956K), 0.0309396 secs] [Times: user=0.03 sys=0.00, real=0.04 secs] 
2020-11-07T20:04:16.005+0800: 9.850: [CMS-concurrent-sweep-start]
2020-11-07T20:04:16.013+0800: 9.859: [CMS-concurrent-sweep: 0.009/0.009 secs] [Times: user=0.01 sys=0.00, real=0.00 secs] 
2020-11-07T20:04:16.030+0800: 9.876: [CMS-concurrent-reset-start]
2020-11-07T20:04:16.031+0800: 9.877: [CMS-concurrent-reset: 0.001/0.001 secs] [Times: user=0.00 sys=0.00, real=0.00 secs] 
2020-11-07T20:04:16.054+0800: 9.900: Application time: 0.0495494 seconds
{Heap before GC invocations=103 (full 9):
 par new generation   total 9216K, used 9101K [0x00000000e3400000, 0x00000000e3e00000, 0x00000000ecca0000)
  eden space 8192K, 100% used [0x00000000e3400000, 0x00000000e3c00000, 0x00000000e3c00000)
  from space 1024K,  88% used [0x00000000e3d00000, 0x00000000e3de3560, 0x00000000e3e00000)
  to   space 1024K,   0% used [0x00000000e3c00000, 0x00000000e3c00000, 0x00000000e3d00000)
 concurrent mark-sweep generation total 29740K, used 17264K [0x00000000ecca0000, 0x00000000ee9ab000, 0x0000000100000000)
 Metaspace       used 25760K, capacity 26534K, committed 26752K, reserved 1073152K
  class space    used 3139K, capacity 3335K, committed 3456K, reserved 1048576K
2020-11-07T20:04:16.054+0800: 9.900: [GC (Allocation Failure) 2020-11-07T20:04:16.054+0800: 9.900: [ParNew: 9101K->277K(9216K), 0.0185938 secs] 26366K->17851K(38956K), 0.0186597 secs] [Times: user=0.01 sys=0.00, real=0.02 secs] 
Heap after GC invocations=104 (full 9):
 par new generation   total 9216K, used 277K [0x00000000e3400000, 0x00000000e3e00000, 0x00000000ecca0000)
  eden space 8192K,   0% used [0x00000000e3400000, 0x00000000e3400000, 0x00000000e3c00000)
  from space 1024K,  27% used [0x00000000e3c00000, 0x00000000e3c454a8, 0x00000000e3d00000)
  to   space 1024K,   0% used [0x00000000e3d00000, 0x00000000e3d00000, 0x00000000e3e00000)
 concurrent mark-sweep generation total 29740K, used 17574K [0x00000000ecca0000, 0x00000000ee9ab000, 0x0000000100000000)
 Metaspace       used 25760K, capacity 26534K, committed 26752K, reserved 1073152K
  class space    used 3139K, capacity 3335K, committed 3456K, reserved 1048576K
}
2020-11-07T20:04:16.099+0800: 9.945: Application time: 0.0259090 seconds
{Heap before GC invocations=104 (full 9):
 par new generation   total 9216K, used 8469K [0x00000000e3400000, 0x00000000e3e00000, 0x00000000ecca0000)
  eden space 8192K, 100% used [0x00000000e3400000, 0x00000000e3c00000, 0x00000000e3c00000)
  from space 1024K,  27% used [0x00000000e3c00000, 0x00000000e3c454a8, 0x00000000e3d00000)
  to   space 1024K,   0% used [0x00000000e3d00000, 0x00000000e3d00000, 0x00000000e3e00000)
 concurrent mark-sweep generation total 29740K, used 17574K [0x00000000ecca0000, 0x00000000ee9ab000, 0x0000000100000000)
 Metaspace       used 25782K, capacity 26534K, committed 26752K, reserved 1073152K
  class space    used 3144K, capacity 3335K, committed 3456K, reserved 1048576K
2020-11-07T20:04:16.099+0800: 9.945: [GC (Allocation Failure) 2020-11-07T20:04:16.099+0800: 9.945: [ParNew: 8469K->246K(9216K), 0.0037451 secs] 26043K->17821K(38956K), 0.0037949 secs] [Times: user=0.00 sys=0.00, real=0.00 secs] 
Heap after GC invocations=105 (full 9):
 par new generation   total 9216K, used 246K [0x00000000e3400000, 0x00000000e3e00000, 0x00000000ecca0000)
  eden space 8192K,   0% used [0x00000000e3400000, 0x00000000e3400000, 0x00000000e3c00000)
  from space 1024K,  24% used [0x00000000e3d00000, 0x00000000e3d3db68, 0x00000000e3e00000)
  to   space 1024K,   0% used [0x00000000e3c00000, 0x00000000e3c00000, 0x00000000e3d00000)
 concurrent mark-sweep generation total 29740K, used 17574K [0x00000000ecca0000, 0x00000000ee9ab000, 0x0000000100000000)
 Metaspace       used 25782K, capacity 26534K, committed 26752K, reserved 1073152K
  class space    used 3144K, capacity 3335K, committed 3456K, reserved 1048576K
}
2020-11-07T20:04:16.136+0800: 9.982: Application time: 0.0335613 seconds
{Heap before GC invocations=105 (full 9):
 par new generation   total 9216K, used 8438K [0x00000000e3400000, 0x00000000e3e00000, 0x00000000ecca0000)
  eden space 8192K, 100% used [0x00000000e3400000, 0x00000000e3c00000, 0x00000000e3c00000)
  from space 1024K,  24% used [0x00000000e3d00000, 0x00000000e3d3db68, 0x00000000e3e00000)
  to   space 1024K,   0% used [0x00000000e3c00000, 0x00000000e3c00000, 0x00000000e3d00000)
 concurrent mark-sweep generation total 29740K, used 17574K [0x00000000ecca0000, 0x00000000ee9ab000, 0x0000000100000000)
 Metaspace       used 25790K, capacity 26534K, committed 26752K, reserved 1073152K
  class space    used 3145K, capacity 3335K, committed 3456K, reserved 1048576K
2020-11-07T20:04:16.137+0800: 9.982: [GC (Allocation Failure) 2020-11-07T20:04:16.137+0800: 9.982: [ParNew: 8438K->424K(9216K), 0.0123599 secs] 26013K->17998K(38956K), 0.0124088 secs] [Times: user=0.02 sys=0.00, real=0.01 secs] 
Heap after GC invocations=106 (full 9):
 par new generation   total 9216K, used 424K [0x00000000e3400000, 0x00000000e3e00000, 0x00000000ecca0000)
  eden space 8192K,   0% used [0x00000000e3400000, 0x00000000e3400000, 0x00000000e3c00000)
  from space 1024K,  41% used [0x00000000e3c00000, 0x00000000e3c6a0f8, 0x00000000e3d00000)
  to   space 1024K,   0% used [0x00000000e3d00000, 0x00000000e3d00000, 0x00000000e3e00000)
 concurrent mark-sweep generation total 29740K, used 17574K [0x00000000ecca0000, 0x00000000ee9ab000, 0x0000000100000000)
 Metaspace       used 25790K, capacity 26534K, committed 26752K, reserved 1073152K
  class space    used 3145K, capacity 3335K, committed 3456K, reserved 1048576K
}
2020-11-07T20:04:16.200+0800: 10.046: Application time: 0.0506533 seconds
{Heap before GC invocations=106 (full 9):
 par new generation   total 9216K, used 8616K [0x00000000e3400000, 0x00000000e3e00000, 0x00000000ecca0000)
  eden space 8192K, 100% used [0x00000000e3400000, 0x00000000e3c00000, 0x00000000e3c00000)
  from space 1024K,  41% used [0x00000000e3c00000, 0x00000000e3c6a0f8, 0x00000000e3d00000)
  to   space 1024K,   0% used [0x00000000e3d00000, 0x00000000e3d00000, 0x00000000e3e00000)
 concurrent mark-sweep generation total 29740K, used 17574K [0x00000000ecca0000, 0x00000000ee9ab000, 0x0000000100000000)
 Metaspace       used 25825K, capacity 26552K, committed 26752K, reserved 1073152K
  class space    used 3150K, capacity 3338K, committed 3456K, reserved 1048576K
2020-11-07T20:04:16.200+0800: 10.046: [GC (Allocation Failure) 2020-11-07T20:04:16.200+0800: 10.046: [ParNew: 8616K->435K(9216K), 0.0128784 secs] 26190K->18009K(38956K), 0.0129386 secs] [Times: user=0.02 sys=0.00, real=0.01 secs] 
Heap after GC invocations=107 (full 9):
 par new generation   total 9216K, used 435K [0x00000000e3400000, 0x00000000e3e00000, 0x00000000ecca0000)
  eden space 8192K,   0% used [0x00000000e3400000, 0x00000000e3400000, 0x00000000e3c00000)
  from space 1024K,  42% used [0x00000000e3d00000, 0x00000000e3d6cdb0, 0x00000000e3e00000)
  to   space 1024K,   0% used [0x00000000e3c00000, 0x00000000e3c00000, 0x00000000e3d00000)
 concurrent mark-sweep generation total 29740K, used 17574K [0x00000000ecca0000, 0x00000000ee9ab000, 0x0000000100000000)
 Metaspace       used 25825K, capacity 26552K, committed 26752K, reserved 1073152K
  class space    used 3150K, capacity 3338K, committed 3456K, reserved 1048576K
}
2020-11-07T20:04:16.250+0800: 10.096: Application time: 0.0374475 seconds
{Heap before GC invocations=107 (full 9):
 par new generation   total 9216K, used 8627K [0x00000000e3400000, 0x00000000e3e00000, 0x00000000ecca0000)
  eden space 8192K, 100% used [0x00000000e3400000, 0x00000000e3c00000, 0x00000000e3c00000)
  from space 1024K,  42% used [0x00000000e3d00000, 0x00000000e3d6cdb0, 0x00000000e3e00000)
  to   space 1024K,   0% used [0x00000000e3c00000, 0x00000000e3c00000, 0x00000000e3d00000)
 concurrent mark-sweep generation total 29740K, used 17574K [0x00000000ecca0000, 0x00000000ee9ab000, 0x0000000100000000)
 Metaspace       used 25881K, capacity 26622K, committed 27008K, reserved 1073152K
  class space    used 3154K, capacity 3339K, committed 3456K, reserved 1048576K
2020-11-07T20:04:16.250+0800: 10.096: [GC (Allocation Failure) 2020-11-07T20:04:16.250+0800: 10.096: [ParNew: 8627K->696K(9216K), 0.0312577 secs] 26201K->18271K(38956K), 0.0313228 secs] [Times: user=0.03 sys=0.00, real=0.03 secs] 
Heap after GC invocations=108 (full 9):
 par new generation   total 9216K, used 696K [0x00000000e3400000, 0x00000000e3e00000, 0x00000000ecca0000)
  eden space 8192K,   0% used [0x00000000e3400000, 0x00000000e3400000, 0x00000000e3c00000)
  from space 1024K,  68% used [0x00000000e3c00000, 0x00000000e3cae378, 0x00000000e3d00000)
  to   space 1024K,   0% used [0x00000000e3d00000, 0x00000000e3d00000, 0x00000000e3e00000)
 concurrent mark-sweep generation total 29740K, used 17574K [0x00000000ecca0000, 0x00000000ee9ab000, 0x0000000100000000)
 Metaspace       used 25881K, capacity 26622K, committed 27008K, reserved 1073152K
  class space    used 3154K, capacity 3339K, committed 3456K, reserved 1048576K
}
2020-11-07T20:04:16.311+0800: 10.157: Application time: 0.0289513 seconds
{Heap before GC invocations=108 (full 9):
 par new generation   total 9216K, used 8888K [0x00000000e3400000, 0x00000000e3e00000, 0x00000000ecca0000)
  eden space 8192K, 100% used [0x00000000e3400000, 0x00000000e3c00000, 0x00000000e3c00000)
  from space 1024K,  68% used [0x00000000e3c00000, 0x00000000e3cae378, 0x00000000e3d00000)
  to   space 1024K,   0% used [0x00000000e3d00000, 0x00000000e3d00000, 0x00000000e3e00000)
 concurrent mark-sweep generation total 29740K, used 17574K [0x00000000ecca0000, 0x00000000ee9ab000, 0x0000000100000000)
 Metaspace       used 25975K, capacity 26732K, committed 27008K, reserved 1073152K
  class space    used 3164K, capacity 3374K, committed 3456K, reserved 1048576K
2020-11-07T20:04:16.311+0800: 10.157: [GC (Allocation Failure) 2020-11-07T20:04:16.311+0800: 10.157: [ParNew: 8888K->533K(9216K), 0.0129581 secs] 26463K->18208K(38956K), 0.0130103 secs] [Times: user=0.02 sys=0.00, real=0.01 secs] 
Heap after GC invocations=109 (full 9):
 par new generation   total 9216K, used 533K [0x00000000e3400000, 0x00000000e3e00000, 0x00000000ecca0000)
  eden space 8192K,   0% used [0x00000000e3400000, 0x00000000e3400000, 0x00000000e3c00000)
  from space 1024K,  52% used [0x00000000e3d00000, 0x00000000e3d85588, 0x00000000e3e00000)
  to   space 1024K,   0% used [0x00000000e3c00000, 0x00000000e3c00000, 0x00000000e3d00000)
 concurrent mark-sweep generation total 29740K, used 17675K [0x00000000ecca0000, 0x00000000ee9ab000, 0x0000000100000000)
 Metaspace       used 25975K, capacity 26732K, committed 27008K, reserved 1073152K
  class space    used 3164K, capacity 3374K, committed 3456K, reserved 1048576K
}
2020-11-07T20:04:16.363+0800: 10.209: Application time: 0.0387573 seconds
{Heap before GC invocations=109 (full 9):
 par new generation   total 9216K, used 8725K [0x00000000e3400000, 0x00000000e3e00000, 0x00000000ecca0000)
  eden space 8192K, 100% used [0x00000000e3400000, 0x00000000e3c00000, 0x00000000e3c00000)
  from space 1024K,  52% used [0x00000000e3d00000, 0x00000000e3d85588, 0x00000000e3e00000)
  to   space 1024K,   0% used [0x00000000e3c00000, 0x00000000e3c00000, 0x00000000e3d00000)
 concurrent mark-sweep generation total 29740K, used 17675K [0x00000000ecca0000, 0x00000000ee9ab000, 0x0000000100000000)
 Metaspace       used 25990K, capacity 26732K, committed 27008K, reserved 1073152K
  class space    used 3166K, capacity 3374K, committed 3456K, reserved 1048576K
2020-11-07T20:04:16.363+0800: 10.209: [GC (Allocation Failure) 2020-11-07T20:04:16.363+0800: 10.209: [ParNew: 8725K->466K(9216K), 0.0172129 secs] 26400K->18141K(38956K), 0.0172628 secs] [Times: user=0.02 sys=0.00, real=0.02 secs] 
Heap after GC invocations=110 (full 9):
 par new generation   total 9216K, used 466K [0x00000000e3400000, 0x00000000e3e00000, 0x00000000ecca0000)
  eden space 8192K,   0% used [0x00000000e3400000, 0x00000000e3400000, 0x00000000e3c00000)
  from space 1024K,  45% used [0x00000000e3c00000, 0x00000000e3c748b8, 0x00000000e3d00000)
  to   space 1024K,   0% used [0x00000000e3d00000, 0x00000000e3d00000, 0x00000000e3e00000)
 concurrent mark-sweep generation total 29740K, used 17675K [0x00000000ecca0000, 0x00000000ee9ab000, 0x0000000100000000)
 Metaspace       used 25990K, capacity 26732K, committed 27008K, reserved 1073152K
  class space    used 3166K, capacity 3374K, committed 3456K, reserved 1048576K
}
2020-11-07T20:04:16.444+0800: 10.290: Application time: 0.0639401 seconds
{Heap before GC invocations=110 (full 9):
 par new generation   total 9216K, used 8658K [0x00000000e3400000, 0x00000000e3e00000, 0x00000000ecca0000)
  eden space 8192K, 100% used [0x00000000e3400000, 0x00000000e3c00000, 0x00000000e3c00000)
  from space 1024K,  45% used [0x00000000e3c00000, 0x00000000e3c748b8, 0x00000000e3d00000)
  to   space 1024K,   0% used [0x00000000e3d00000, 0x00000000e3d00000, 0x00000000e3e00000)
 concurrent mark-sweep generation total 29740K, used 17675K [0x00000000ecca0000, 0x00000000ee9ab000, 0x0000000100000000)
 Metaspace       used 26029K, capacity 26774K, committed 27008K, reserved 1073152K
  class space    used 3172K, capacity 3381K, committed 3456K, reserved 1048576K
2020-11-07T20:04:16.444+0800: 10.290: [GC (Allocation Failure) 2020-11-07T20:04:16.444+0800: 10.290: [ParNew: 8658K->917K(9216K), 0.0233260 secs] 26333K->18592K(38956K), 0.0233788 secs] [Times: user=0.02 sys=0.00, real=0.03 secs] 
Heap after GC invocations=111 (full 9):
 par new generation   total 9216K, used 917K [0x00000000e3400000, 0x00000000e3e00000, 0x00000000ecca0000)
  eden space 8192K,   0% used [0x00000000e3400000, 0x00000000e3400000, 0x00000000e3c00000)
  from space 1024K,  89% used [0x00000000e3d00000, 0x00000000e3de55a0, 0x00000000e3e00000)
  to   space 1024K,   0% used [0x00000000e3c00000, 0x00000000e3c00000, 0x00000000e3d00000)
 concurrent mark-sweep generation total 29740K, used 17675K [0x00000000ecca0000, 0x00000000ee9ab000, 0x0000000100000000)
 Metaspace       used 26029K, capacity 26774K, committed 27008K, reserved 1073152K
  class space    used 3172K, capacity 3381K, committed 3456K, reserved 1048576K
}
2020-11-07T20:04:16.512+0800: 10.358: Application time: 0.0443110 seconds
{Heap before GC invocations=111 (full 9):
 par new generation   total 9216K, used 9109K [0x00000000e3400000, 0x00000000e3e00000, 0x00000000ecca0000)
  eden space 8192K, 100% used [0x00000000e3400000, 0x00000000e3c00000, 0x00000000e3c00000)
  from space 1024K,  89% used [0x00000000e3d00000, 0x00000000e3de55a0, 0x00000000e3e00000)
  to   space 1024K,   0% used [0x00000000e3c00000, 0x00000000e3c00000, 0x00000000e3d00000)
 concurrent mark-sweep generation total 29740K, used 17675K [0x00000000ecca0000, 0x00000000ee9ab000, 0x0000000100000000)
 Metaspace       used 26052K, capacity 26844K, committed 27008K, reserved 1073152K
  class space    used 3174K, capacity 3382K, committed 3456K, reserved 1048576K
2020-11-07T20:04:16.512+0800: 10.358: [GC (Allocation Failure) 2020-11-07T20:04:16.512+0800: 10.358: [ParNew: 9109K->787K(9216K), 0.0567067 secs] 26784K->18747K(38956K), 0.0567631 secs] [Times: user=0.03 sys=0.00, real=0.06 secs] 
Heap after GC invocations=112 (full 9):
 par new generation   total 9216K, used 787K [0x00000000e3400000, 0x00000000e3e00000, 0x00000000ecca0000)
  eden space 8192K,   0% used [0x00000000e3400000, 0x00000000e3400000, 0x00000000e3c00000)
  from space 1024K,  76% used [0x00000000e3c00000, 0x00000000e3cc4eb8, 0x00000000e3d00000)
  to   space 1024K,   0% used [0x00000000e3d00000, 0x00000000e3d00000, 0x00000000e3e00000)
 concurrent mark-sweep generation total 29740K, used 17959K [0x00000000ecca0000, 0x00000000ee9ab000, 0x0000000100000000)
 Metaspace       used 26052K, capacity 26844K, committed 27008K, reserved 1073152K
  class space    used 3174K, capacity 3382K, committed 3456K, reserved 1048576K
}
2020-11-07T20:04:16.571+0800: 10.417: Application time: 0.0016639 seconds
{Heap before GC invocations=112 (full 9):
 par new generation   total 9216K, used 8961K [0x00000000e3400000, 0x00000000e3e00000, 0x00000000ecca0000)
  eden space 8192K,  99% used [0x00000000e3400000, 0x00000000e3bfb5a8, 0x00000000e3c00000)
  from space 1024K,  76% used [0x00000000e3c00000, 0x00000000e3cc4eb8, 0x00000000e3d00000)
  to   space 1024K,   0% used [0x00000000e3d00000, 0x00000000e3d00000, 0x00000000e3e00000)
 concurrent mark-sweep generation total 29740K, used 17959K [0x00000000ecca0000, 0x00000000ee9ab000, 0x0000000100000000)
 Metaspace       used 26052K, capacity 26844K, committed 27008K, reserved 1073152K
  class space    used 3174K, capacity 3382K, committed 3456K, reserved 1048576K
2020-11-07T20:04:16.571+0800: 10.417: [GC (Allocation Failure) 2020-11-07T20:04:16.571+0800: 10.417: [ParNew: 8961K->425K(9216K), 0.0240141 secs] 26920K->18695K(38956K), 0.0240638 secs] [Times: user=0.02 sys=0.00, real=0.03 secs] 
Heap after GC invocations=113 (full 9):
 par new generation   total 9216K, used 425K [0x00000000e3400000, 0x00000000e3e00000, 0x00000000ecca0000)
  eden space 8192K,   0% used [0x00000000e3400000, 0x00000000e3400000, 0x00000000e3c00000)
  from space 1024K,  41% used [0x00000000e3d00000, 0x00000000e3d6a518, 0x00000000e3e00000)
  to   space 1024K,   0% used [0x00000000e3c00000, 0x00000000e3c00000, 0x00000000e3d00000)
 concurrent mark-sweep generation total 29740K, used 18270K [0x00000000ecca0000, 0x00000000ee9ab000, 0x0000000100000000)
 Metaspace       used 26052K, capacity 26844K, committed 27008K, reserved 1073152K
  class space    used 3174K, capacity 3382K, committed 3456K, reserved 1048576K
}
2020-11-07T20:04:16.597+0800: 10.442: Application time: 0.0016129 seconds
{Heap before GC invocations=113 (full 9):
 par new generation   total 9216K, used 8581K [0x00000000e3400000, 0x00000000e3e00000, 0x00000000ecca0000)
  eden space 8192K,  99% used [0x00000000e3400000, 0x00000000e3bf7088, 0x00000000e3c00000)
  from space 1024K,  41% used [0x00000000e3d00000, 0x00000000e3d6a518, 0x00000000e3e00000)
  to   space 1024K,   0% used [0x00000000e3c00000, 0x00000000e3c00000, 0x00000000e3d00000)
 concurrent mark-sweep generation total 29740K, used 18270K [0x00000000ecca0000, 0x00000000ee9ab000, 0x0000000100000000)
 Metaspace       used 26052K, capacity 26844K, committed 27008K, reserved 1073152K
  class space    used 3174K, capacity 3382K, committed 3456K, reserved 1048576K
2020-11-07T20:04:16.597+0800: 10.443: [GC (Allocation Failure) 2020-11-07T20:04:16.597+0800: 10.443: [ParNew: 8581K->371K(9216K), 0.0088293 secs] 26851K->18641K(38956K), 0.0088973 secs] [Times: user=0.01 sys=0.00, real=0.01 secs] 
Heap after GC invocations=114 (full 9):
 par new generation   total 9216K, used 371K [0x00000000e3400000, 0x00000000e3e00000, 0x00000000ecca0000)
  eden space 8192K,   0% used [0x00000000e3400000, 0x00000000e3400000, 0x00000000e3c00000)
  from space 1024K,  36% used [0x00000000e3c00000, 0x00000000e3c5cce0, 0x00000000e3d00000)
  to   space 1024K,   0% used [0x00000000e3d00000, 0x00000000e3d00000, 0x00000000e3e00000)
 concurrent mark-sweep generation total 29740K, used 18270K [0x00000000ecca0000, 0x00000000ee9ab000, 0x0000000100000000)
 Metaspace       used 26052K, capacity 26844K, committed 27008K, reserved 1073152K
  class space    used 3174K, capacity 3382K, committed 3456K, reserved 1048576K
}
2020-11-07T20:04:16.607+0800: 10.453: Application time: 0.0015997 seconds
{Heap before GC invocations=114 (full 9):
 par new generation   total 9216K, used 8506K [0x00000000e3400000, 0x00000000e3e00000, 0x00000000ecca0000)
  eden space 8192K,  99% used [0x00000000e3400000, 0x00000000e3bf1e38, 0x00000000e3c00000)
  from space 1024K,  36% used [0x00000000e3c00000, 0x00000000e3c5cce0, 0x00000000e3d00000)
  to   space 1024K,   0% used [0x00000000e3d00000, 0x00000000e3d00000, 0x00000000e3e00000)
 concurrent mark-sweep generation total 29740K, used 18270K [0x00000000ecca0000, 0x00000000ee9ab000, 0x0000000100000000)
 Metaspace       used 26052K, capacity 26844K, committed 27008K, reserved 1073152K
  class space    used 3174K, capacity 3382K, committed 3456K, reserved 1048576K
2020-11-07T20:04:16.607+0800: 10.453: [GC (Allocation Failure) 2020-11-07T20:04:16.607+0800: 10.453: [ParNew: 8506K->332K(9216K), 0.0031023 secs] 26777K->18602K(38956K), 0.0031584 secs] [Times: user=0.00 sys=0.00, real=0.00 secs] 
Heap after GC invocations=115 (full 9):
 par new generation   total 9216K, used 332K [0x00000000e3400000, 0x00000000e3e00000, 0x00000000ecca0000)
  eden space 8192K,   0% used [0x00000000e3400000, 0x00000000e3400000, 0x00000000e3c00000)
  from space 1024K,  32% used [0x00000000e3d00000, 0x00000000e3d53080, 0x00000000e3e00000)
  to   space 1024K,   0% used [0x00000000e3c00000, 0x00000000e3c00000, 0x00000000e3d00000)
 concurrent mark-sweep generation total 29740K, used 18270K [0x00000000ecca0000, 0x00000000ee9ab000, 0x0000000100000000)
 Metaspace       used 26052K, capacity 26844K, committed 27008K, reserved 1073152K
  class space    used 3174K, capacity 3382K, committed 3456K, reserved 1048576K
}
2020-11-07T20:04:16.617+0800: 10.463: Application time: 0.0063845 seconds
2020-11-07T20:04:16.617+0800: 10.463: [GC (CMS Initial Mark) [1 CMS-initial-mark: 18270K(29740K)] 22492K(38956K), 0.0031252 secs] [Times: user=0.00 sys=0.00, real=0.00 secs] 
2020-11-07T20:04:16.620+0800: 10.466: [CMS-concurrent-mark-start]
2020-11-07T20:04:16.646+0800: 10.492: Application time: 0.0259648 seconds
{Heap before GC invocations=115 (full 10):
 par new generation   total 9216K, used 8524K [0x00000000e3400000, 0x00000000e3e00000, 0x00000000ecca0000)
  eden space 8192K, 100% used [0x00000000e3400000, 0x00000000e3c00000, 0x00000000e3c00000)
  from space 1024K,  32% used [0x00000000e3d00000, 0x00000000e3d53080, 0x00000000e3e00000)
  to   space 1024K,   0% used [0x00000000e3c00000, 0x00000000e3c00000, 0x00000000e3d00000)
 concurrent mark-sweep generation total 29740K, used 18270K [0x00000000ecca0000, 0x00000000ee9ab000, 0x0000000100000000)
 Metaspace       used 26089K, capacity 26844K, committed 27008K, reserved 1073152K
  class space    used 3176K, capacity 3382K, committed 3456K, reserved 1048576K
2020-11-07T20:04:16.646+0800: 10.492: [GC (Allocation Failure) 2020-11-07T20:04:16.646+0800: 10.492: [ParNew: 8524K->601K(9216K), 0.0235395 secs] 26794K->18871K(38956K), 0.0236036 secs] [Times: user=0.02 sys=0.00, real=0.02 secs] 
Heap after GC invocations=116 (full 10):
 par new generation   total 9216K, used 601K [0x00000000e3400000, 0x00000000e3e00000, 0x00000000ecca0000)
  eden space 8192K,   0% used [0x00000000e3400000, 0x00000000e3400000, 0x00000000e3c00000)
  from space 1024K,  58% used [0x00000000e3c00000, 0x00000000e3c965b0, 0x00000000e3d00000)
  to   space 1024K,   0% used [0x00000000e3d00000, 0x00000000e3d00000, 0x00000000e3e00000)
 concurrent mark-sweep generation total 29740K, used 18270K [0x00000000ecca0000, 0x00000000ee9ab000, 0x0000000100000000)
 Metaspace       used 26089K, capacity 26844K, committed 27008K, reserved 1073152K
  class space    used 3176K, capacity 3382K, committed 3456K, reserved 1048576K
}
2020-11-07T20:04:16.700+0800: 10.546: Application time: 0.0299300 seconds
{Heap before GC invocations=116 (full 10):
 par new generation   total 9216K, used 8793K [0x00000000e3400000, 0x00000000e3e00000, 0x00000000ecca0000)
  eden space 8192K, 100% used [0x00000000e3400000, 0x00000000e3c00000, 0x00000000e3c00000)
  from space 1024K,  58% used [0x00000000e3c00000, 0x00000000e3c965b0, 0x00000000e3d00000)
  to   space 1024K,   0% used [0x00000000e3d00000, 0x00000000e3d00000, 0x00000000e3e00000)
 concurrent mark-sweep generation total 29740K, used 18270K [0x00000000ecca0000, 0x00000000ee9ab000, 0x0000000100000000)
 Metaspace       used 26135K, capacity 26916K, committed 27008K, reserved 1073152K
  class space    used 3185K, capacity 3384K, committed 3456K, reserved 1048576K
2020-11-07T20:04:16.700+0800: 10.546: [GC (Allocation Failure) 2020-11-07T20:04:16.700+0800: 10.546: [ParNew: 8793K->477K(9216K), 0.0125540 secs] 27063K->18748K(38956K), 0.0126048 secs] [Times: user=0.01 sys=0.00, real=0.01 secs] 
Heap after GC invocations=117 (full 10):
 par new generation   total 9216K, used 477K [0x00000000e3400000, 0x00000000e3e00000, 0x00000000ecca0000)
  eden space 8192K,   0% used [0x00000000e3400000, 0x00000000e3400000, 0x00000000e3c00000)
  from space 1024K,  46% used [0x00000000e3d00000, 0x00000000e3d77718, 0x00000000e3e00000)
  to   space 1024K,   0% used [0x00000000e3c00000, 0x00000000e3c00000, 0x00000000e3d00000)
 concurrent mark-sweep generation total 29740K, used 18270K [0x00000000ecca0000, 0x00000000ee9ab000, 0x0000000100000000)
 Metaspace       used 26135K, capacity 26916K, committed 27008K, reserved 1073152K
  class space    used 3185K, capacity 3384K, committed 3456K, reserved 1048576K
}
2020-11-07T20:04:16.741+0800: 10.587: [CMS-concurrent-mark: 0.081/0.121 secs] [Times: user=0.11 sys=0.00, real=0.12 secs] 
2020-11-07T20:04:16.741+0800: 10.587: [CMS-concurrent-preclean-start]
2020-11-07T20:04:16.742+0800: 10.588: [CMS-concurrent-preclean: 0.001/0.001 secs] [Times: user=0.01 sys=0.00, real=0.00 secs] 
2020-11-07T20:04:16.742+0800: 10.588: [CMS-concurrent-abortable-preclean-start]
2020-11-07T20:04:16.752+0800: 10.598: Application time: 0.0394032 seconds
{Heap before GC invocations=117 (full 10):
 par new generation   total 9216K, used 8669K [0x00000000e3400000, 0x00000000e3e00000, 0x00000000ecca0000)
  eden space 8192K,  99% used [0x00000000e3400000, 0x00000000e3bffff8, 0x00000000e3c00000)
  from space 1024K,  46% used [0x00000000e3d00000, 0x00000000e3d77718, 0x00000000e3e00000)
  to   space 1024K,   0% used [0x00000000e3c00000, 0x00000000e3c00000, 0x00000000e3d00000)
 concurrent mark-sweep generation total 29740K, used 18270K [0x00000000ecca0000, 0x00000000ee9ab000, 0x0000000100000000)
 Metaspace       used 26149K, capacity 26916K, committed 27008K, reserved 1073152K
  class space    used 3186K, capacity 3384K, committed 3456K, reserved 1048576K
2020-11-07T20:04:16.752+0800: 10.598: [GC (Allocation Failure) 2020-11-07T20:04:16.752+0800: 10.598: [ParNew: 8669K->426K(9216K), 0.0206828 secs] 26940K->18697K(38956K), 0.0207485 secs] [Times: user=0.02 sys=0.00, real=0.02 secs] 
Heap after GC invocations=118 (full 10):
 par new generation   total 9216K, used 426K [0x00000000e3400000, 0x00000000e3e00000, 0x00000000ecca0000)
  eden space 8192K,   0% used [0x00000000e3400000, 0x00000000e3400000, 0x00000000e3c00000)
  from space 1024K,  41% used [0x00000000e3c00000, 0x00000000e3c6abe0, 0x00000000e3d00000)
  to   space 1024K,   0% used [0x00000000e3d00000, 0x00000000e3d00000, 0x00000000e3e00000)
 concurrent mark-sweep generation total 29740K, used 18270K [0x00000000ecca0000, 0x00000000ee9ab000, 0x0000000100000000)
 Metaspace       used 26149K, capacity 26916K, committed 27008K, reserved 1073152K
  class space    used 3186K, capacity 3384K, committed 3456K, reserved 1048576K
}
2020-11-07T20:04:16.795+0800: 10.641: Application time: 0.0220291 seconds
{Heap before GC invocations=118 (full 10):
 par new generation   total 9216K, used 8618K [0x00000000e3400000, 0x00000000e3e00000, 0x00000000ecca0000)
  eden space 8192K, 100% used [0x00000000e3400000, 0x00000000e3c00000, 0x00000000e3c00000)
  from space 1024K,  41% used [0x00000000e3c00000, 0x00000000e3c6abe0, 0x00000000e3d00000)
  to   space 1024K,   0% used [0x00000000e3d00000, 0x00000000e3d00000, 0x00000000e3e00000)
 concurrent mark-sweep generation total 29740K, used 18270K [0x00000000ecca0000, 0x00000000ee9ab000, 0x0000000100000000)
 Metaspace       used 26158K, capacity 26920K, committed 27008K, reserved 1073152K
  class space    used 3186K, capacity 3384K, committed 3456K, reserved 1048576K
2020-11-07T20:04:16.795+0800: 10.641: [GC (Allocation Failure) 2020-11-07T20:04:16.795+0800: 10.641: [ParNew: 8618K->558K(9216K), 0.0229762 secs] 26889K->18828K(38956K), 0.0230285 secs] [Times: user=0.02 sys=0.00, real=0.02 secs] 
Heap after GC invocations=119 (full 10):
 par new generation   total 9216K, used 558K [0x00000000e3400000, 0x00000000e3e00000, 0x00000000ecca0000)
  eden space 8192K,   0% used [0x00000000e3400000, 0x00000000e3400000, 0x00000000e3c00000)
  from space 1024K,  54% used [0x00000000e3d00000, 0x00000000e3d8b9a8, 0x00000000e3e00000)
  to   space 1024K,   0% used [0x00000000e3c00000, 0x00000000e3c00000, 0x00000000e3d00000)
 concurrent mark-sweep generation total 29740K, used 18270K [0x00000000ecca0000, 0x00000000ee9ab000, 0x0000000100000000)
 Metaspace       used 26158K, capacity 26920K, committed 27008K, reserved 1073152K
  class space    used 3186K, capacity 3384K, committed 3456K, reserved 1048576K
}
2020-11-07T20:04:16.845+0800: 10.691: Application time: 0.0271072 seconds
{Heap before GC invocations=119 (full 10):
 par new generation   total 9216K, used 8750K [0x00000000e3400000, 0x00000000e3e00000, 0x00000000ecca0000)
  eden space 8192K, 100% used [0x00000000e3400000, 0x00000000e3c00000, 0x00000000e3c00000)
  from space 1024K,  54% used [0x00000000e3d00000, 0x00000000e3d8b9a8, 0x00000000e3e00000)
  to   space 1024K,   0% used [0x00000000e3c00000, 0x00000000e3c00000, 0x00000000e3d00000)
 concurrent mark-sweep generation total 29740K, used 18270K [0x00000000ecca0000, 0x00000000ee9ab000, 0x0000000100000000)
 Metaspace       used 26166K, capacity 26984K, committed 27264K, reserved 1073152K
  class space    used 3188K, capacity 3384K, committed 3456K, reserved 1048576K
2020-11-07T20:04:16.846+0800: 10.691: [GC (Allocation Failure) 2020-11-07T20:04:16.846+0800: 10.691: [ParNew: 8750K->500K(9216K), 0.0039605 secs] 27020K->18770K(38956K), 0.0040083 secs] [Times: user=0.01 sys=0.00, real=0.00 secs] 
Heap after GC invocations=120 (full 10):
 par new generation   total 9216K, used 500K [0x00000000e3400000, 0x00000000e3e00000, 0x00000000ecca0000)
  eden space 8192K,   0% used [0x00000000e3400000, 0x00000000e3400000, 0x00000000e3c00000)
  from space 1024K,  48% used [0x00000000e3c00000, 0x00000000e3c7d258, 0x00000000e3d00000)
  to   space 1024K,   0% used [0x00000000e3d00000, 0x00000000e3d00000, 0x00000000e3e00000)
 concurrent mark-sweep generation total 29740K, used 18270K [0x00000000ecca0000, 0x00000000ee9ab000, 0x0000000100000000)
 Metaspace       used 26166K, capacity 26984K, committed 27264K, reserved 1073152K
  class space    used 3188K, capacity 3384K, committed 3456K, reserved 1048576K
}
2020-11-07T20:04:16.892+0800: 10.738: Application time: 0.0420597 seconds
{Heap before GC invocations=120 (full 10):
 par new generation   total 9216K, used 8692K [0x00000000e3400000, 0x00000000e3e00000, 0x00000000ecca0000)
  eden space 8192K, 100% used [0x00000000e3400000, 0x00000000e3c00000, 0x00000000e3c00000)
  from space 1024K,  48% used [0x00000000e3c00000, 0x00000000e3c7d258, 0x00000000e3d00000)
  to   space 1024K,   0% used [0x00000000e3d00000, 0x00000000e3d00000, 0x00000000e3e00000)
 concurrent mark-sweep generation total 29740K, used 18270K [0x00000000ecca0000, 0x00000000ee9ab000, 0x0000000100000000)
 Metaspace       used 26171K, capacity 26990K, committed 27264K, reserved 1073152K
  class space    used 3188K, capacity 3385K, committed 3456K, reserved 1048576K
2020-11-07T20:04:16.892+0800: 10.738: [GC (Allocation Failure) 2020-11-07T20:04:16.892+0800: 10.738: [ParNew: 8692K->615K(9216K), 0.0193044 secs] 26962K->19055K(38956K), 0.0193555 secs] [Times: user=0.02 sys=0.00, real=0.02 secs] 
Heap after GC invocations=121 (full 10):
 par new generation   total 9216K, used 615K [0x00000000e3400000, 0x00000000e3e00000, 0x00000000ecca0000)
  eden space 8192K,   0% used [0x00000000e3400000, 0x00000000e3400000, 0x00000000e3c00000)
  from space 1024K,  60% used [0x00000000e3d00000, 0x00000000e3d99fc0, 0x00000000e3e00000)
  to   space 1024K,   0% used [0x00000000e3c00000, 0x00000000e3c00000, 0x00000000e3d00000)
 concurrent mark-sweep generation total 29740K, used 18439K [0x00000000ecca0000, 0x00000000ee9ab000, 0x0000000100000000)
 Metaspace       used 26171K, capacity 26990K, committed 27264K, reserved 1073152K
  class space    used 3188K, capacity 3385K, committed 3456K, reserved 1048576K
}
2020-11-07T20:04:16.950+0800: 10.796: Application time: 0.0388777 seconds
{Heap before GC invocations=121 (full 10):
 par new generation   total 9216K, used 8807K [0x00000000e3400000, 0x00000000e3e00000, 0x00000000ecca0000)
  eden space 8192K, 100% used [0x00000000e3400000, 0x00000000e3c00000, 0x00000000e3c00000)
  from space 1024K,  60% used [0x00000000e3d00000, 0x00000000e3d99fc0, 0x00000000e3e00000)
  to   space 1024K,   0% used [0x00000000e3c00000, 0x00000000e3c00000, 0x00000000e3d00000)
 concurrent mark-sweep generation total 29740K, used 18439K [0x00000000ecca0000, 0x00000000ee9ab000, 0x0000000100000000)
 Metaspace       used 26244K, capacity 27078K, committed 27264K, reserved 1073152K
  class space    used 3202K, capacity 3395K, committed 3456K, reserved 1048576K
2020-11-07T20:04:16.950+0800: 10.796: [GC (Allocation Failure) 2020-11-07T20:04:16.950+0800: 10.796: [ParNew: 8807K->685K(9216K), 0.0254319 secs] 27247K->19194K(38956K), 0.0254842 secs] [Times: user=0.02 sys=0.00, real=0.03 secs] 
Heap after GC invocations=122 (full 10):
 par new generation   total 9216K, used 685K [0x00000000e3400000, 0x00000000e3e00000, 0x00000000ecca0000)
  eden space 8192K,   0% used [0x00000000e3400000, 0x00000000e3400000, 0x00000000e3c00000)
  from space 1024K,  66% used [0x00000000e3c00000, 0x00000000e3cab450, 0x00000000e3d00000)
  to   space 1024K,   0% used [0x00000000e3d00000, 0x00000000e3d00000, 0x00000000e3e00000)
 concurrent mark-sweep generation total 29740K, used 18509K [0x00000000ecca0000, 0x00000000ee9ab000, 0x0000000100000000)
 Metaspace       used 26244K, capacity 27078K, committed 27264K, reserved 1073152K
  class space    used 3202K, capacity 3395K, committed 3456K, reserved 1048576K
}
2020-11-07T20:04:17.003+0800: 10.849: Application time: 0.0274610 seconds
{Heap before GC invocations=122 (full 10):
 par new generation   total 9216K, used 8877K [0x00000000e3400000, 0x00000000e3e00000, 0x00000000ecca0000)
  eden space 8192K, 100% used [0x00000000e3400000, 0x00000000e3c00000, 0x00000000e3c00000)
  from space 1024K,  66% used [0x00000000e3c00000, 0x00000000e3cab450, 0x00000000e3d00000)
  to   space 1024K,   0% used [0x00000000e3d00000, 0x00000000e3d00000, 0x00000000e3e00000)
 concurrent mark-sweep generation total 29740K, used 18509K [0x00000000ecca0000, 0x00000000ee9ab000, 0x0000000100000000)
 Metaspace       used 26250K, capacity 27078K, committed 27264K, reserved 1073152K
  class space    used 3203K, capacity 3395K, committed 3456K, reserved 1048576K
2020-11-07T20:04:17.003+0800: 10.849: [GC (Allocation Failure) 2020-11-07T20:04:17.003+0800: 10.849: [ParNew: 8877K->550K(9216K), 0.0216767 secs] 27386K->19197K(38956K), 0.0217394 secs] [Times: user=0.02 sys=0.00, real=0.03 secs] 
Heap after GC invocations=123 (full 10):
 par new generation   total 9216K, used 550K [0x00000000e3400000, 0x00000000e3e00000, 0x00000000ecca0000)
  eden space 8192K,   0% used [0x00000000e3400000, 0x00000000e3400000, 0x00000000e3c00000)
  from space 1024K,  53% used [0x00000000e3d00000, 0x00000000e3d89960, 0x00000000e3e00000)
  to   space 1024K,   0% used [0x00000000e3c00000, 0x00000000e3c00000, 0x00000000e3d00000)
 concurrent mark-sweep generation total 29740K, used 18646K [0x00000000ecca0000, 0x00000000ee9ab000, 0x0000000100000000)
 Metaspace       used 26250K, capacity 27078K, committed 27264K, reserved 1073152K
  class space    used 3203K, capacity 3395K, committed 3456K, reserved 1048576K
}
2020-11-07T20:04:17.025+0800: 10.871: [CMS-concurrent-abortable-preclean: 0.069/0.283 secs] [Times: user=0.26 sys=0.01, real=0.29 secs] 
2020-11-07T20:04:17.033+0800: 10.879: Application time: 0.0079188 seconds
2020-11-07T20:04:17.033+0800: 10.879: [GC (CMS Final Remark) [YG occupancy: 2355 K (9216 K)]2020-11-07T20:04:17.033+0800: 10.879: [Rescan (parallel) , 0.0202687 secs]2020-11-07T20:04:17.054+0800: 10.899: [weak refs processing, 0.0000798 secs]2020-11-07T20:04:17.054+0800: 10.900: [class unloading, 0.0072734 secs]2020-11-07T20:04:17.061+0800: 10.907: [scrub symbol table, 0.0070948 secs]2020-11-07T20:04:17.068+0800: 10.914: [scrub string table, 0.0009969 secs][1 CMS-remark: 18646K(29740K)] 21002K(38956K), 0.0358973 secs] [Times: user=0.03 sys=0.00, real=0.04 secs] 
2020-11-07T20:04:17.076+0800: 10.921: [CMS-concurrent-sweep-start]
2020-11-07T20:04:17.085+0800: 10.931: [CMS-concurrent-sweep: 0.009/0.009 secs] [Times: user=0.00 sys=0.00, real=0.01 secs] 
2020-11-07T20:04:17.085+0800: 10.931: [CMS-concurrent-reset-start]
2020-11-07T20:04:17.094+0800: 10.940: [CMS-concurrent-reset: 0.009/0.009 secs] [Times: user=0.01 sys=0.00, real=0.01 secs] 
2020-11-07T20:04:17.099+0800: 10.944: Application time: 0.0294792 seconds
{Heap before GC invocations=123 (full 10):
 par new generation   total 9216K, used 8742K [0x00000000e3400000, 0x00000000e3e00000, 0x00000000ecca0000)
  eden space 8192K, 100% used [0x00000000e3400000, 0x00000000e3c00000, 0x00000000e3c00000)
  from space 1024K,  53% used [0x00000000e3d00000, 0x00000000e3d89960, 0x00000000e3e00000)
  to   space 1024K,   0% used [0x00000000e3c00000, 0x00000000e3c00000, 0x00000000e3d00000)
 concurrent mark-sweep generation total 30960K, used 18574K [0x00000000ecca0000, 0x00000000eeadc000, 0x0000000100000000)
 Metaspace       used 26254K, capacity 27054K, committed 27264K, reserved 1073152K
  class space    used 3201K, capacity 3391K, committed 3456K, reserved 1048576K
2020-11-07T20:04:17.099+0800: 10.945: [GC (Allocation Failure) 2020-11-07T20:04:17.099+0800: 10.945: [ParNew: 8742K->789K(9216K), 0.0257513 secs] 27316K->19363K(40176K), 0.0258163 secs] [Times: user=0.02 sys=0.00, real=0.03 secs] 
Heap after GC invocations=124 (full 10):
 par new generation   total 9216K, used 789K [0x00000000e3400000, 0x00000000e3e00000, 0x00000000ecca0000)
  eden space 8192K,   0% used [0x00000000e3400000, 0x00000000e3400000, 0x00000000e3c00000)
  from space 1024K,  77% used [0x00000000e3c00000, 0x00000000e3cc54c0, 0x00000000e3d00000)
  to   space 1024K,   0% used [0x00000000e3d00000, 0x00000000e3d00000, 0x00000000e3e00000)
 concurrent mark-sweep generation total 30960K, used 18574K [0x00000000ecca0000, 0x00000000eeadc000, 0x0000000100000000)
 Metaspace       used 26254K, capacity 27054K, committed 27264K, reserved 1073152K
  class space    used 3201K, capacity 3391K, committed 3456K, reserved 1048576K
}
2020-11-07T20:04:17.159+0800: 11.005: Application time: 0.0340385 seconds
{Heap before GC invocations=124 (full 10):
 par new generation   total 9216K, used 8981K [0x00000000e3400000, 0x00000000e3e00000, 0x00000000ecca0000)
  eden space 8192K, 100% used [0x00000000e3400000, 0x00000000e3c00000, 0x00000000e3c00000)
  from space 1024K,  77% used [0x00000000e3c00000, 0x00000000e3cc54c0, 0x00000000e3d00000)
  to   space 1024K,   0% used [0x00000000e3d00000, 0x00000000e3d00000, 0x00000000e3e00000)
 concurrent mark-sweep generation total 30960K, used 18574K [0x00000000ecca0000, 0x00000000eeadc000, 0x0000000100000000)
 Metaspace       used 26333K, capacity 27170K, committed 27264K, reserved 1073152K
  class space    used 3210K, capacity 3425K, committed 3456K, reserved 1048576K
2020-11-07T20:04:17.159+0800: 11.005: [GC (Allocation Failure) 2020-11-07T20:04:17.159+0800: 11.005: [ParNew: 8981K->774K(9216K), 0.0299031 secs] 27555K->19555K(40176K), 0.0299556 secs] [Times: user=0.03 sys=0.00, real=0.03 secs] 
Heap after GC invocations=125 (full 10):
 par new generation   total 9216K, used 774K [0x00000000e3400000, 0x00000000e3e00000, 0x00000000ecca0000)
  eden space 8192K,   0% used [0x00000000e3400000, 0x00000000e3400000, 0x00000000e3c00000)
  from space 1024K,  75% used [0x00000000e3d00000, 0x00000000e3dc18e0, 0x00000000e3e00000)
  to   space 1024K,   0% used [0x00000000e3c00000, 0x00000000e3c00000, 0x00000000e3d00000)
 concurrent mark-sweep generation total 30960K, used 18781K [0x00000000ecca0000, 0x00000000eeadc000, 0x0000000100000000)
 Metaspace       used 26333K, capacity 27170K, committed 27264K, reserved 1073152K
  class space    used 3210K, capacity 3425K, committed 3456K, reserved 1048576K
}
2020-11-07T20:04:17.193+0800: 11.039: Application time: 0.0039129 seconds
2020-11-07T20:04:17.193+0800: 11.039: [GC (CMS Initial Mark) [1 CMS-initial-mark: 18781K(30960K)] 21208K(40176K), 0.0034055 secs] [Times: user=0.00 sys=0.00, real=0.01 secs] 
2020-11-07T20:04:17.197+0800: 11.042: [CMS-concurrent-mark-start]
2020-11-07T20:04:17.213+0800: 11.058: Application time: 0.0161835 seconds
2020-11-07T20:04:17.263+0800: 11.108: Application time: 0.0494234 seconds
2020-11-07T20:04:17.305+0800: 11.151: [CMS-concurrent-mark: 0.107/0.108 secs] [Times: user=0.10 sys=0.00, real=0.11 secs] 
2020-11-07T20:04:17.305+0800: 11.151: [CMS-concurrent-preclean-start]
2020-11-07T20:04:17.319+0800: 11.165: Application time: 0.0558539 seconds
{Heap before GC invocations=125 (full 11):
 par new generation   total 9216K, used 8966K [0x00000000e3400000, 0x00000000e3e00000, 0x00000000ecca0000)
  eden space 8192K, 100% used [0x00000000e3400000, 0x00000000e3c00000, 0x00000000e3c00000)
  from space 1024K,  75% used [0x00000000e3d00000, 0x00000000e3dc18e0, 0x00000000e3e00000)
  to   space 1024K,   0% used [0x00000000e3c00000, 0x00000000e3c00000, 0x00000000e3d00000)
 concurrent mark-sweep generation total 30960K, used 18781K [0x00000000ecca0000, 0x00000000eeadc000, 0x0000000100000000)
 Metaspace       used 26571K, capacity 27370K, committed 27520K, reserved 1073152K
  class space    used 3248K, capacity 3443K, committed 3456K, reserved 1048576K
2020-11-07T20:04:17.319+0800: 11.165: [GC (Allocation Failure) 2020-11-07T20:04:17.319+0800: 11.165: [ParNew: 8966K->782K(9216K), 0.0298655 secs] 27747K->19686K(40176K), 0.0299305 secs] [Times: user=0.03 sys=0.00, real=0.03 secs] 
Heap after GC invocations=126 (full 11):
 par new generation   total 9216K, used 782K [0x00000000e3400000, 0x00000000e3e00000, 0x00000000ecca0000)
  eden space 8192K,   0% used [0x00000000e3400000, 0x00000000e3400000, 0x00000000e3c00000)
  from space 1024K,  76% used [0x00000000e3c00000, 0x00000000e3cc3ab8, 0x00000000e3d00000)
  to   space 1024K,   0% used [0x00000000e3d00000, 0x00000000e3d00000, 0x00000000e3e00000)
 concurrent mark-sweep generation total 30960K, used 18903K [0x00000000ecca0000, 0x00000000eeadc000, 0x0000000100000000)
 Metaspace       used 26571K, capacity 27370K, committed 27520K, reserved 1073152K
  class space    used 3248K, capacity 3443K, committed 3456K, reserved 1048576K
}
2020-11-07T20:04:17.349+0800: 11.195: [CMS-concurrent-preclean: 0.014/0.044 secs] [Times: user=0.04 sys=0.00, real=0.04 secs] 
2020-11-07T20:04:17.353+0800: 11.199: Application time: 0.0039802 seconds
2020-11-07T20:04:17.353+0800: 11.199: [GC (CMS Final Remark) [YG occupancy: 1767 K (9216 K)]2020-11-07T20:04:17.353+0800: 11.199: [Rescan (parallel) , 0.0276540 secs]2020-11-07T20:04:17.381+0800: 11.227: [weak refs processing, 0.0000510 secs]2020-11-07T20:04:17.381+0800: 11.227: [class unloading, 0.0080008 secs]2020-11-07T20:04:17.389+0800: 11.235: [scrub symbol table, 0.0082378 secs]2020-11-07T20:04:17.397+0800: 11.243: [scrub string table, 0.0005268 secs][1 CMS-remark: 18903K(30960K)] 20670K(40176K), 0.0446445 secs] [Times: user=0.05 sys=0.00, real=0.05 secs] 
2020-11-07T20:04:17.403+0800: 11.248: [CMS-concurrent-sweep-start]
2020-11-07T20:04:17.425+0800: 11.271: [CMS-concurrent-sweep: 0.023/0.023 secs] [Times: user=0.02 sys=0.00, real=0.03 secs] 
2020-11-07T20:04:17.425+0800: 11.271: [CMS-concurrent-reset-start]
2020-11-07T20:04:17.426+0800: 11.272: [CMS-concurrent-reset: 0.001/0.001 secs] [Times: user=0.00 sys=0.00, real=0.00 secs] 
2020-11-07T20:04:17.907+0800: 11.753: Application time: 0.5096258 seconds
{Heap before GC invocations=126 (full 11):
 par new generation   total 9216K, used 8974K [0x00000000e3400000, 0x00000000e3e00000, 0x00000000ecca0000)
  eden space 8192K, 100% used [0x00000000e3400000, 0x00000000e3c00000, 0x00000000e3c00000)
  from space 1024K,  76% used [0x00000000e3c00000, 0x00000000e3cc3ab8, 0x00000000e3d00000)
  to   space 1024K,   0% used [0x00000000e3d00000, 0x00000000e3d00000, 0x00000000e3e00000)
 concurrent mark-sweep generation total 31404K, used 18841K [0x00000000ecca0000, 0x00000000eeb4b000, 0x0000000100000000)
 Metaspace       used 26871K, capacity 27672K, committed 27904K, reserved 1073152K
  class space    used 3298K, capacity 3504K, committed 3584K, reserved 1048576K
2020-11-07T20:04:17.908+0800: 11.753: [GC (Allocation Failure) 2020-11-07T20:04:17.908+0800: 11.753: [ParNew: 8974K->771K(9216K), 0.0207422 secs] 27816K->19712K(40620K), 0.0208101 secs] [Times: user=0.02 sys=0.00, real=0.02 secs] 
Heap after GC invocations=127 (full 11):
 par new generation   total 9216K, used 771K [0x00000000e3400000, 0x00000000e3e00000, 0x00000000ecca0000)
  eden space 8192K,   0% used [0x00000000e3400000, 0x00000000e3400000, 0x00000000e3c00000)
  from space 1024K,  75% used [0x00000000e3d00000, 0x00000000e3dc0d00, 0x00000000e3e00000)
  to   space 1024K,   0% used [0x00000000e3c00000, 0x00000000e3c00000, 0x00000000e3d00000)
 concurrent mark-sweep generation total 31404K, used 18941K [0x00000000ecca0000, 0x00000000eeb4b000, 0x0000000100000000)
 Metaspace       used 26871K, capacity 27672K, committed 27904K, reserved 1073152K
  class space    used 3298K, capacity 3504K, committed 3584K, reserved 1048576K
}
2020-11-07T20:04:17.935+0800: 11.781: Application time: 0.0069314 seconds
2020-11-07T20:04:17.935+0800: 11.781: [GC (CMS Initial Mark) [1 CMS-initial-mark: 18941K(31404K)] 22663K(40620K), 0.0044020 secs] [Times: user=0.00 sys=0.00, real=0.00 secs] 
2020-11-07T20:04:17.940+0800: 11.786: [CMS-concurrent-mark-start]
2020-11-07T20:04:18.020+0800: 11.866: Application time: 0.0800073 seconds
{Heap before GC invocations=127 (full 12):
 par new generation   total 9216K, used 8963K [0x00000000e3400000, 0x00000000e3e00000, 0x00000000ecca0000)
  eden space 8192K, 100% used [0x00000000e3400000, 0x00000000e3c00000, 0x00000000e3c00000)
  from space 1024K,  75% used [0x00000000e3d00000, 0x00000000e3dc0d00, 0x00000000e3e00000)
  to   space 1024K,   0% used [0x00000000e3c00000, 0x00000000e3c00000, 0x00000000e3d00000)
 concurrent mark-sweep generation total 31404K, used 18941K [0x00000000ecca0000, 0x00000000eeb4b000, 0x0000000100000000)
 Metaspace       used 27035K, capacity 27856K, committed 27904K, reserved 1073152K
  class space    used 3321K, capacity 3544K, committed 3584K, reserved 1048576K
2020-11-07T20:04:18.020+0800: 11.866: [GC (Allocation Failure) 2020-11-07T20:04:18.020+0800: 11.866: [ParNew: 8963K->419K(9216K), 0.0200772 secs] 27904K->19593K(40620K), 0.0201508 secs] [Times: user=0.02 sys=0.00, real=0.02 secs] 
Heap after GC invocations=128 (full 12):
 par new generation   total 9216K, used 419K [0x00000000e3400000, 0x00000000e3e00000, 0x00000000ecca0000)
  eden space 8192K,   0% used [0x00000000e3400000, 0x00000000e3400000, 0x00000000e3c00000)
  from space 1024K,  40% used [0x00000000e3c00000, 0x00000000e3c68d60, 0x00000000e3d00000)
  to   space 1024K,   0% used [0x00000000e3d00000, 0x00000000e3d00000, 0x00000000e3e00000)
 concurrent mark-sweep generation total 31404K, used 19174K [0x00000000ecca0000, 0x00000000eeb4b000, 0x0000000100000000)
 Metaspace       used 27035K, capacity 27856K, committed 27904K, reserved 1073152K
  class space    used 3321K, capacity 3544K, committed 3584K, reserved 1048576K
}
2020-11-07T20:04:18.086+0800: 11.932: [CMS-concurrent-mark: 0.125/0.146 secs] [Times: user=0.14 sys=0.00, real=0.15 secs] 
2020-11-07T20:04:18.086+0800: 11.932: [CMS-concurrent-preclean-start]
2020-11-07T20:04:18.101+0800: 11.947: [CMS-concurrent-preclean: 0.015/0.015 secs] [Times: user=0.02 sys=0.00, real=0.01 secs] 
2020-11-07T20:04:18.101+0800: 11.947: [CMS-concurrent-abortable-preclean-start]
2020-11-07T20:04:18.116+0800: 11.962: Application time: 0.0760672 seconds
{Heap before GC invocations=128 (full 12):
 par new generation   total 9216K, used 8611K [0x00000000e3400000, 0x00000000e3e00000, 0x00000000ecca0000)
  eden space 8192K, 100% used [0x00000000e3400000, 0x00000000e3c00000, 0x00000000e3c00000)
  from space 1024K,  40% used [0x00000000e3c00000, 0x00000000e3c68d60, 0x00000000e3d00000)
  to   space 1024K,   0% used [0x00000000e3d00000, 0x00000000e3d00000, 0x00000000e3e00000)
 concurrent mark-sweep generation total 31404K, used 19174K [0x00000000ecca0000, 0x00000000eeb4b000, 0x0000000100000000)
 Metaspace       used 27091K, capacity 27920K, committed 28160K, reserved 1073152K
  class space    used 3329K, capacity 3544K, committed 3584K, reserved 1048576K
2020-11-07T20:04:18.117+0800: 11.962: [GC (Allocation Failure) 2020-11-07T20:04:18.117+0800: 11.962: [ParNew: 8611K->464K(9216K), 0.0060970 secs] 27785K->19638K(40620K), 0.0061778 secs] [Times: user=0.01 sys=0.00, real=0.00 secs] 
Heap after GC invocations=129 (full 12):
 par new generation   total 9216K, used 464K [0x00000000e3400000, 0x00000000e3e00000, 0x00000000ecca0000)
  eden space 8192K,   0% used [0x00000000e3400000, 0x00000000e3400000, 0x00000000e3c00000)
  from space 1024K,  45% used [0x00000000e3d00000, 0x00000000e3d74090, 0x00000000e3e00000)
  to   space 1024K,   0% used [0x00000000e3c00000, 0x00000000e3c00000, 0x00000000e3d00000)
 concurrent mark-sweep generation total 31404K, used 19174K [0x00000000ecca0000, 0x00000000eeb4b000, 0x0000000100000000)
 Metaspace       used 27091K, capacity 27920K, committed 28160K, reserved 1073152K
  class space    used 3329K, capacity 3544K, committed 3584K, reserved 1048576K
}
2020-11-07T20:04:18.183+0800: 12.029: Application time: 0.0605694 seconds
{Heap before GC invocations=129 (full 12):
 par new generation   total 9216K, used 8656K [0x00000000e3400000, 0x00000000e3e00000, 0x00000000ecca0000)
  eden space 8192K, 100% used [0x00000000e3400000, 0x00000000e3c00000, 0x00000000e3c00000)
  from space 1024K,  45% used [0x00000000e3d00000, 0x00000000e3d74090, 0x00000000e3e00000)
  to   space 1024K,   0% used [0x00000000e3c00000, 0x00000000e3c00000, 0x00000000e3d00000)
 concurrent mark-sweep generation total 31404K, used 19174K [0x00000000ecca0000, 0x00000000eeb4b000, 0x0000000100000000)
 Metaspace       used 27197K, capacity 27988K, committed 28160K, reserved 1073152K
  class space    used 3344K, capacity 3544K, committed 3584K, reserved 1048576K
2020-11-07T20:04:18.184+0800: 12.029: [GC (Allocation Failure) 2020-11-07T20:04:18.184+0800: 12.029: [ParNew: 8656K->503K(9216K), 0.0084313 secs] 27830K->19678K(40620K), 0.0084823 secs] [Times: user=0.01 sys=0.00, real=0.01 secs] 
Heap after GC invocations=130 (full 12):
 par new generation   total 9216K, used 503K [0x00000000e3400000, 0x00000000e3e00000, 0x00000000ecca0000)
  eden space 8192K,   0% used [0x00000000e3400000, 0x00000000e3400000, 0x00000000e3c00000)
  from space 1024K,  49% used [0x00000000e3c00000, 0x00000000e3c7de40, 0x00000000e3d00000)
  to   space 1024K,   0% used [0x00000000e3d00000, 0x00000000e3d00000, 0x00000000e3e00000)
 concurrent mark-sweep generation total 31404K, used 19174K [0x00000000ecca0000, 0x00000000eeb4b000, 0x0000000100000000)
 Metaspace       used 27197K, capacity 27988K, committed 28160K, reserved 1073152K
  class space    used 3344K, capacity 3544K, committed 3584K, reserved 1048576K
}
2020-11-07T20:04:18.283+0800: 12.129: Application time: 0.0908725 seconds
{Heap before GC invocations=130 (full 12):
 par new generation   total 9216K, used 8695K [0x00000000e3400000, 0x00000000e3e00000, 0x00000000ecca0000)
  eden space 8192K, 100% used [0x00000000e3400000, 0x00000000e3c00000, 0x00000000e3c00000)
  from space 1024K,  49% used [0x00000000e3c00000, 0x00000000e3c7de40, 0x00000000e3d00000)
  to   space 1024K,   0% used [0x00000000e3d00000, 0x00000000e3d00000, 0x00000000e3e00000)
 concurrent mark-sweep generation total 31404K, used 19174K [0x00000000ecca0000, 0x00000000eeb4b000, 0x0000000100000000)
 Metaspace       used 27476K, capacity 28276K, committed 28416K, reserved 1075200K
  class space    used 3376K, capacity 3576K, committed 3584K, reserved 1048576K
2020-11-07T20:04:18.283+0800: 12.129: [GC (Allocation Failure) 2020-11-07T20:04:18.283+0800: 12.129: [ParNew: 8695K->693K(9216K), 0.0068484 secs] 27870K->19868K(40620K), 0.0069165 secs] [Times: user=0.01 sys=0.00, real=0.01 secs] 
Heap after GC invocations=131 (full 12):
 par new generation   total 9216K, used 693K [0x00000000e3400000, 0x00000000e3e00000, 0x00000000ecca0000)
  eden space 8192K,   0% used [0x00000000e3400000, 0x00000000e3400000, 0x00000000e3c00000)
  from space 1024K,  67% used [0x00000000e3d00000, 0x00000000e3dad718, 0x00000000e3e00000)
  to   space 1024K,   0% used [0x00000000e3c00000, 0x00000000e3c00000, 0x00000000e3d00000)
 concurrent mark-sweep generation total 31404K, used 19174K [0x00000000ecca0000, 0x00000000eeb4b000, 0x0000000100000000)
 Metaspace       used 27476K, capacity 28276K, committed 28416K, reserved 1075200K
  class space    used 3376K, capacity 3576K, committed 3584K, reserved 1048576K
}
2020-11-07T20:04:18.406+0800: 12.251: Application time: 0.1153543 seconds
{Heap before GC invocations=131 (full 12):
 par new generation   total 9216K, used 8885K [0x00000000e3400000, 0x00000000e3e00000, 0x00000000ecca0000)
  eden space 8192K, 100% used [0x00000000e3400000, 0x00000000e3c00000, 0x00000000e3c00000)
  from space 1024K,  67% used [0x00000000e3d00000, 0x00000000e3dad718, 0x00000000e3e00000)
  to   space 1024K,   0% used [0x00000000e3c00000, 0x00000000e3c00000, 0x00000000e3d00000)
 concurrent mark-sweep generation total 31404K, used 19174K [0x00000000ecca0000, 0x00000000eeb4b000, 0x0000000100000000)
 Metaspace       used 27592K, capacity 28454K, committed 28800K, reserved 1075200K
  class space    used 3401K, capacity 3611K, committed 3712K, reserved 1048576K
2020-11-07T20:04:18.406+0800: 12.252: [GC (Allocation Failure) 2020-11-07T20:04:18.406+0800: 12.252: [ParNew: 8885K->563K(9216K), 0.0105861 secs] 28060K->19889K(40620K), 0.0106372 secs] [Times: user=0.01 sys=0.00, real=0.01 secs] 
Heap after GC invocations=132 (full 12):
 par new generation   total 9216K, used 563K [0x00000000e3400000, 0x00000000e3e00000, 0x00000000ecca0000)
  eden space 8192K,   0% used [0x00000000e3400000, 0x00000000e3400000, 0x00000000e3c00000)
  from space 1024K,  55% used [0x00000000e3c00000, 0x00000000e3c8ce20, 0x00000000e3d00000)
  to   space 1024K,   0% used [0x00000000e3d00000, 0x00000000e3d00000, 0x00000000e3e00000)
 concurrent mark-sweep generation total 31404K, used 19325K [0x00000000ecca0000, 0x00000000eeb4b000, 0x0000000100000000)
 Metaspace       used 27592K, capacity 28454K, committed 28800K, reserved 1075200K
  class space    used 3401K, capacity 3611K, committed 3712K, reserved 1048576K
}
2020-11-07T20:04:18.488+0800: 12.334: Application time: 0.0715137 seconds
{Heap before GC invocations=132 (full 12):
 par new generation   total 9216K, used 8755K [0x00000000e3400000, 0x00000000e3e00000, 0x00000000ecca0000)
  eden space 8192K, 100% used [0x00000000e3400000, 0x00000000e3c00000, 0x00000000e3c00000)
  from space 1024K,  55% used [0x00000000e3c00000, 0x00000000e3c8ce20, 0x00000000e3d00000)
  to   space 1024K,   0% used [0x00000000e3d00000, 0x00000000e3d00000, 0x00000000e3e00000)
 concurrent mark-sweep generation total 31404K, used 19325K [0x00000000ecca0000, 0x00000000eeb4b000, 0x0000000100000000)
 Metaspace       used 27676K, capacity 28558K, committed 28800K, reserved 1075200K
  class space    used 3417K, capacity 3645K, committed 3712K, reserved 1048576K
2020-11-07T20:04:18.488+0800: 12.334: [GC (Allocation Failure) 2020-11-07T20:04:18.488+0800: 12.334: [ParNew: 8755K->633K(9216K), 0.0323688 secs] 28081K->19959K(40620K), 0.0324325 secs] [Times: user=0.03 sys=0.00, real=0.03 secs] 
Heap after GC invocations=133 (full 12):
 par new generation   total 9216K, used 633K [0x00000000e3400000, 0x00000000e3e00000, 0x00000000ecca0000)
  eden space 8192K,   0% used [0x00000000e3400000, 0x00000000e3400000, 0x00000000e3c00000)
  from space 1024K,  61% used [0x00000000e3d00000, 0x00000000e3d9e660, 0x00000000e3e00000)
  to   space 1024K,   0% used [0x00000000e3c00000, 0x00000000e3c00000, 0x00000000e3d00000)
 concurrent mark-sweep generation total 31404K, used 19325K [0x00000000ecca0000, 0x00000000eeb4b000, 0x0000000100000000)
 Metaspace       used 27676K, capacity 28558K, committed 28800K, reserved 1075200K
  class space    used 3417K, capacity 3645K, committed 3712K, reserved 1048576K
}
2020-11-07T20:04:18.623+0800: 12.469: Application time: 0.1023768 seconds
{Heap before GC invocations=133 (full 12):
 par new generation   total 9216K, used 8825K [0x00000000e3400000, 0x00000000e3e00000, 0x00000000ecca0000)
  eden space 8192K, 100% used [0x00000000e3400000, 0x00000000e3c00000, 0x00000000e3c00000)
  from space 1024K,  61% used [0x00000000e3d00000, 0x00000000e3d9e660, 0x00000000e3e00000)
  to   space 1024K,   0% used [0x00000000e3c00000, 0x00000000e3c00000, 0x00000000e3d00000)
 concurrent mark-sweep generation total 31404K, used 19325K [0x00000000ecca0000, 0x00000000eeb4b000, 0x0000000100000000)
 Metaspace       used 27833K, capacity 28700K, committed 28800K, reserved 1075200K
  class space    used 3441K, capacity 3646K, committed 3712K, reserved 1048576K
2020-11-07T20:04:18.623+0800: 12.469: [GC (Allocation Failure) 2020-11-07T20:04:18.623+0800: 12.469: [ParNew2020-11-07T20:04:18.630+0800: 12.475: [CMS-concurrent-abortable-preclean: 0.114/0.528 secs] [Times: user=0.49 sys=0.01, real=0.53 secs] 
: 8825K->706K(9216K), 0.0159731 secs] 28151K->20032K(40620K), 0.0160238 secs] [Times: user=0.02 sys=0.00, real=0.02 secs] 
Heap after GC invocations=134 (full 12):
 par new generation   total 9216K, used 706K [0x00000000e3400000, 0x00000000e3e00000, 0x00000000ecca0000)
  eden space 8192K,   0% used [0x00000000e3400000, 0x00000000e3400000, 0x00000000e3c00000)
  from space 1024K,  68% used [0x00000000e3c00000, 0x00000000e3cb09f0, 0x00000000e3d00000)
  to   space 1024K,   0% used [0x00000000e3d00000, 0x00000000e3d00000, 0x00000000e3e00000)
 concurrent mark-sweep generation total 31404K, used 19325K [0x00000000ecca0000, 0x00000000eeb4b000, 0x0000000100000000)
 Metaspace       used 27833K, capacity 28700K, committed 28800K, reserved 1075200K
  class space    used 3441K, capacity 3646K, committed 3712K, reserved 1048576K
}
2020-11-07T20:04:18.645+0800: 12.490: Application time: 0.0052699 seconds
2020-11-07T20:04:18.645+0800: 12.490: [GC (CMS Final Remark) [YG occupancy: 1525 K (9216 K)]2020-11-07T20:04:18.645+0800: 12.490: [Rescan (parallel) , 0.0119781 secs]2020-11-07T20:04:18.657+0800: 12.502: [weak refs processing, 0.0000472 secs]2020-11-07T20:04:18.657+0800: 12.503: [class unloading, 0.0088011 secs]2020-11-07T20:04:18.666+0800: 12.511: [scrub symbol table, 0.0109177 secs]2020-11-07T20:04:18.676+0800: 12.522: [scrub string table, 0.0005474 secs][1 CMS-remark: 19325K(31404K)] 20851K(40620K), 0.0325099 secs] [Times: user=0.03 sys=0.00, real=0.03 secs] 
2020-11-07T20:04:18.687+0800: 12.533: [CMS-concurrent-sweep-start]
2020-11-07T20:04:18.707+0800: 12.552: [CMS-concurrent-sweep: 0.020/0.020 secs] [Times: user=0.02 sys=0.00, real=0.02 secs] 
2020-11-07T20:04:18.707+0800: 12.552: [CMS-concurrent-reset-start]
2020-11-07T20:04:18.718+0800: 12.564: [CMS-concurrent-reset: 0.011/0.011 secs] [Times: user=0.01 sys=0.00, real=0.01 secs] 
2020-11-07T20:04:18.786+0800: 12.632: Application time: 0.1089446 seconds
{Heap before GC invocations=134 (full 12):
 par new generation   total 9216K, used 8898K [0x00000000e3400000, 0x00000000e3e00000, 0x00000000ecca0000)
  eden space 8192K, 100% used [0x00000000e3400000, 0x00000000e3c00000, 0x00000000e3c00000)
  from space 1024K,  68% used [0x00000000e3c00000, 0x00000000e3cb09f0, 0x00000000e3d00000)
  to   space 1024K,   0% used [0x00000000e3d00000, 0x00000000e3d00000, 0x00000000e3e00000)
 concurrent mark-sweep generation total 32132K, used 19277K [0x00000000ecca0000, 0x00000000eec01000, 0x0000000100000000)
 Metaspace       used 27971K, capacity 28840K, committed 29056K, reserved 1075200K
  class space    used 3466K, capacity 3674K, committed 3712K, reserved 1048576K
2020-11-07T20:04:18.786+0800: 12.632: [GC (Allocation Failure) 2020-11-07T20:04:18.786+0800: 12.632: [ParNew: 8898K->761K(9216K), 0.0261111 secs] 28175K->20177K(41348K), 0.0262026 secs] [Times: user=0.03 sys=0.00, real=0.02 secs] 
Heap after GC invocations=135 (full 12):
 par new generation   total 9216K, used 761K [0x00000000e3400000, 0x00000000e3e00000, 0x00000000ecca0000)
  eden space 8192K,   0% used [0x00000000e3400000, 0x00000000e3400000, 0x00000000e3c00000)
  from space 1024K,  74% used [0x00000000e3d00000, 0x00000000e3dbe7c8, 0x00000000e3e00000)
  to   space 1024K,   0% used [0x00000000e3c00000, 0x00000000e3c00000, 0x00000000e3d00000)
 concurrent mark-sweep generation total 32132K, used 19415K [0x00000000ecca0000, 0x00000000eec01000, 0x0000000100000000)
 Metaspace       used 27971K, capacity 28840K, committed 29056K, reserved 1075200K
  class space    used 3466K, capacity 3674K, committed 3712K, reserved 1048576K
}
2020-11-07T20:04:18.818+0800: 12.664: Application time: 0.0058196 seconds
2020-11-07T20:04:18.818+0800: 12.664: [GC (CMS Initial Mark) [1 CMS-initial-mark: 19415K(32132K)] 20835K(41348K), 0.0029221 secs] [Times: user=0.01 sys=0.00, real=0.00 secs] 
2020-11-07T20:04:18.822+0800: 12.667: [CMS-concurrent-mark-start]
2020-11-07T20:04:18.939+0800: 12.785: [CMS-concurrent-mark: 0.117/0.117 secs] [Times: user=0.11 sys=0.00, real=0.12 secs] 
2020-11-07T20:04:18.939+0800: 12.785: [CMS-concurrent-preclean-start]
2020-11-07T20:04:18.941+0800: 12.787: [CMS-concurrent-preclean: 0.002/0.002 secs] [Times: user=0.00 sys=0.00, real=0.00 secs] 
2020-11-07T20:04:18.941+0800: 12.787: [CMS-concurrent-abortable-preclean-start]
2020-11-07T20:04:18.972+0800: 12.818: Application time: 0.1505783 seconds
{Heap before GC invocations=135 (full 13):
 par new generation   total 9216K, used 8953K [0x00000000e3400000, 0x00000000e3e00000, 0x00000000ecca0000)
  eden space 8192K, 100% used [0x00000000e3400000, 0x00000000e3c00000, 0x00000000e3c00000)
  from space 1024K,  74% used [0x00000000e3d00000, 0x00000000e3dbe7c8, 0x00000000e3e00000)
  to   space 1024K,   0% used [0x00000000e3c00000, 0x00000000e3c00000, 0x00000000e3d00000)
 concurrent mark-sweep generation total 32132K, used 19415K [0x00000000ecca0000, 0x00000000eec01000, 0x0000000100000000)
 Metaspace       used 28130K, capacity 29012K, committed 29056K, reserved 1075200K
  class space    used 3491K, capacity 3708K, committed 3712K, reserved 1048576K
2020-11-07T20:04:18.972+0800: 12.818: [GC (Allocation Failure) 2020-11-07T20:04:18.972+0800: 12.818: [ParNew: 8953K->758K(9216K), 0.0251440 secs] 28369K->20388K(41348K), 0.0252107 secs] [Times: user=0.02 sys=0.00, real=0.03 secs] 
Heap after GC invocations=136 (full 13):
 par new generation   total 9216K, used 758K [0x00000000e3400000, 0x00000000e3e00000, 0x00000000ecca0000)
  eden space 8192K,   0% used [0x00000000e3400000, 0x00000000e3400000, 0x00000000e3c00000)
  from space 1024K,  74% used [0x00000000e3c00000, 0x00000000e3cbdab8, 0x00000000e3d00000)
  to   space 1024K,   0% used [0x00000000e3d00000, 0x00000000e3d00000, 0x00000000e3e00000)
 concurrent mark-sweep generation total 32132K, used 19629K [0x00000000ecca0000, 0x00000000eec01000, 0x0000000100000000)
 Metaspace       used 28130K, capacity 29012K, committed 29056K, reserved 1075200K
  class space    used 3491K, capacity 3708K, committed 3712K, reserved 1048576K
}
2020-11-07T20:04:19.063+0800: 12.909: Application time: 0.0652755 seconds
{Heap before GC invocations=136 (full 13):
 par new generation   total 9216K, used 8945K [0x00000000e3400000, 0x00000000e3e00000, 0x00000000ecca0000)
  eden space 8192K,  99% used [0x00000000e3400000, 0x00000000e3bfeae8, 0x00000000e3c00000)
  from space 1024K,  74% used [0x00000000e3c00000, 0x00000000e3cbdab8, 0x00000000e3d00000)
  to   space 1024K,   0% used [0x00000000e3d00000, 0x00000000e3d00000, 0x00000000e3e00000)
 concurrent mark-sweep generation total 32132K, used 19629K [0x00000000ecca0000, 0x00000000eec01000, 0x0000000100000000)
 Metaspace       used 28226K, capacity 29082K, committed 29312K, reserved 1075200K
  class space    used 3503K, capacity 3709K, committed 3712K, reserved 1048576K
2020-11-07T20:04:19.063+0800: 12.909: [GC (Allocation Failure) 2020-11-07T20:04:19.063+0800: 12.909: [ParNew: 8945K->660K(9216K), 0.0339381 secs] 28575K->20438K(41348K), 0.0339917 secs] [Times: user=0.03 sys=0.00, real=0.04 secs] 
Heap after GC invocations=137 (full 13):
 par new generation   total 9216K, used 660K [0x00000000e3400000, 0x00000000e3e00000, 0x00000000ecca0000)
  eden space 8192K,   0% used [0x00000000e3400000, 0x00000000e3400000, 0x00000000e3c00000)
  from space 1024K,  64% used [0x00000000e3d00000, 0x00000000e3da5388, 0x00000000e3e00000)
  to   space 1024K,   0% used [0x00000000e3c00000, 0x00000000e3c00000, 0x00000000e3d00000)
 concurrent mark-sweep generation total 32132K, used 19777K [0x00000000ecca0000, 0x00000000eec01000, 0x0000000100000000)
 Metaspace       used 28226K, capacity 29082K, committed 29312K, reserved 1075200K
  class space    used 3503K, capacity 3709K, committed 3712K, reserved 1048576K
}
2020-11-07T20:04:19.104+0800: 12.950: Application time: 0.0070908 seconds
{Heap before GC invocations=137 (full 13):
 par new generation   total 9216K, used 8822K [0x00000000e3400000, 0x00000000e3e00000, 0x00000000ecca0000)
  eden space 8192K,  99% used [0x00000000e3400000, 0x00000000e3bf8690, 0x00000000e3c00000)
  from space 1024K,  64% used [0x00000000e3d00000, 0x00000000e3da5388, 0x00000000e3e00000)
  to   space 1024K,   0% used [0x00000000e3c00000, 0x00000000e3c00000, 0x00000000e3d00000)
 concurrent mark-sweep generation total 32132K, used 19777K [0x00000000ecca0000, 0x00000000eec01000, 0x0000000100000000)
 Metaspace       used 28226K, capacity 29082K, committed 29312K, reserved 1075200K
  class space    used 3503K, capacity 3709K, committed 3712K, reserved 1048576K
2020-11-07T20:04:19.104+0800: 12.950: [GC (Allocation Failure) 2020-11-07T20:04:19.104+0800: 12.950: [ParNew: 8822K->548K(9216K), 0.0038253 secs] 28600K->20326K(41348K), 0.0038827 secs] [Times: user=0.00 sys=0.00, real=0.01 secs] 
Heap after GC invocations=138 (full 13):
 par new generation   total 9216K, used 548K [0x00000000e3400000, 0x00000000e3e00000, 0x00000000ecca0000)
  eden space 8192K,   0% used [0x00000000e3400000, 0x00000000e3400000, 0x00000000e3c00000)
  from space 1024K,  53% used [0x00000000e3c00000, 0x00000000e3c89348, 0x00000000e3d00000)
  to   space 1024K,   0% used [0x00000000e3d00000, 0x00000000e3d00000, 0x00000000e3e00000)
 concurrent mark-sweep generation total 32132K, used 19777K [0x00000000ecca0000, 0x00000000eec01000, 0x0000000100000000)
 Metaspace       used 28226K, capacity 29082K, committed 29312K, reserved 1075200K
  class space    used 3503K, capacity 3709K, committed 3712K, reserved 1048576K
}
2020-11-07T20:04:19.110+0800: 12.956: Application time: 0.0016675 seconds
{Heap before GC invocations=138 (full 13):
 par new generation   total 9216K, used 8710K [0x00000000e3400000, 0x00000000e3e00000, 0x00000000ecca0000)
  eden space 8192K,  99% used [0x00000000e3400000, 0x00000000e3bf8580, 0x00000000e3c00000)
  from space 1024K,  53% used [0x00000000e3c00000, 0x00000000e3c89348, 0x00000000e3d00000)
  to   space 1024K,   0% used [0x00000000e3d00000, 0x00000000e3d00000, 0x00000000e3e00000)
 concurrent mark-sweep generation total 32132K, used 19777K [0x00000000ecca0000, 0x00000000eec01000, 0x0000000100000000)
 Metaspace       used 28226K, capacity 29082K, committed 29312K, reserved 1075200K
  class space    used 3503K, capacity 3709K, committed 3712K, reserved 1048576K
2020-11-07T20:04:19.110+0800: 12.956: [GC (Allocation Failure) 2020-11-07T20:04:19.110+0800: 12.956: [ParNew: 8710K->732K(9216K), 0.0150027 secs] 28487K->20510K(41348K), 0.0150681 secs] [Times: user=0.02 sys=0.00, real=0.02 secs] 
Heap after GC invocations=139 (full 13):
 par new generation   total 9216K, used 732K [0x00000000e3400000, 0x00000000e3e00000, 0x00000000ecca0000)
  eden space 8192K,   0% used [0x00000000e3400000, 0x00000000e3400000, 0x00000000e3c00000)
  from space 1024K,  71% used [0x00000000e3d00000, 0x00000000e3db71b8, 0x00000000e3e00000)
  to   space 1024K,   0% used [0x00000000e3c00000, 0x00000000e3c00000, 0x00000000e3d00000)
 concurrent mark-sweep generation total 32132K, used 19777K [0x00000000ecca0000, 0x00000000eec01000, 0x0000000100000000)
 Metaspace       used 28226K, capacity 29082K, committed 29312K, reserved 1075200K
  class space    used 3503K, capacity 3709K, committed 3712K, reserved 1048576K
}
2020-11-07T20:04:19.132+0800: 12.978: Application time: 0.0070819 seconds
{Heap before GC invocations=139 (full 13):
 par new generation   total 9216K, used 8875K [0x00000000e3400000, 0x00000000e3e00000, 0x00000000ecca0000)
  eden space 8192K,  99% used [0x00000000e3400000, 0x00000000e3bf3d50, 0x00000000e3c00000)
  from space 1024K,  71% used [0x00000000e3d00000, 0x00000000e3db71b8, 0x00000000e3e00000)
  to   space 1024K,   0% used [0x00000000e3c00000, 0x00000000e3c00000, 0x00000000e3d00000)
 concurrent mark-sweep generation total 32132K, used 19777K [0x00000000ecca0000, 0x00000000eec01000, 0x0000000100000000)
 Metaspace       used 28226K, capacity 29082K, committed 29312K, reserved 1075200K
  class space    used 3503K, capacity 3709K, committed 3712K, reserved 1048576K
2020-11-07T20:04:19.132+0800: 12.978: [GC (Allocation Failure) 2020-11-07T20:04:19.132+0800: 12.978: [ParNew: 8875K->525K(9216K), 0.0168205 secs] 28653K->20449K(41348K), 0.0168710 secs] [Times: user=0.02 sys=0.00, real=0.02 secs] 
Heap after GC invocations=140 (full 13):
 par new generation   total 9216K, used 525K [0x00000000e3400000, 0x00000000e3e00000, 0x00000000ecca0000)
  eden space 8192K,   0% used [0x00000000e3400000, 0x00000000e3400000, 0x00000000e3c00000)
  from space 1024K,  51% used [0x00000000e3c00000, 0x00000000e3c83768, 0x00000000e3d00000)
  to   space 1024K,   0% used [0x00000000e3d00000, 0x00000000e3d00000, 0x00000000e3e00000)
 concurrent mark-sweep generation total 32132K, used 19923K [0x00000000ecca0000, 0x00000000eec01000, 0x0000000100000000)
 Metaspace       used 28226K, capacity 29082K, committed 29312K, reserved 1075200K
  class space    used 3503K, capacity 3709K, committed 3712K, reserved 1048576K
}
2020-11-07T20:04:19.159+0800: 13.005: [CMS-concurrent-abortable-preclean: 0.055/0.218 secs] [Times: user=0.20 sys=0.00, real=0.22 secs] 
2020-11-07T20:04:19.159+0800: 13.005: Application time: 0.0096897 seconds
2020-11-07T20:04:19.159+0800: 13.005: [GC (CMS Final Remark) [YG occupancy: 3343 K (9216 K)]2020-11-07T20:04:19.159+0800: 13.005: [Rescan (parallel) , 0.0114340 secs]2020-11-07T20:04:19.171+0800: 13.017: [weak refs processing, 0.0001463 secs]2020-11-07T20:04:19.171+0800: 13.017: [class unloading, 0.0077529 secs]2020-11-07T20:04:19.179+0800: 13.025: [scrub symbol table, 0.0091059 secs]2020-11-07T20:04:19.188+0800: 13.034: [scrub string table, 0.0005718 secs][1 CMS-remark: 19923K(32132K)] 23266K(41348K), 0.0292055 secs] [Times: user=0.03 sys=0.00, real=0.03 secs] 
2020-11-07T20:04:19.193+0800: 13.039: [CMS-concurrent-sweep-start]
2020-11-07T20:04:19.204+0800: 13.050: Application time: 0.0153068 seconds
2020-11-07T20:04:19.205+0800: 13.051: Application time: 0.0004543 seconds
2020-11-07T20:04:19.217+0800: 13.063: [CMS-concurrent-sweep: 0.015/0.024 secs] [Times: user=0.02 sys=0.00, real=0.03 secs] 
2020-11-07T20:04:19.217+0800: 13.063: [CMS-concurrent-reset-start]
2020-11-07T20:04:19.218+0800: 13.064: [CMS-concurrent-reset: 0.001/0.001 secs] [Times: user=0.00 sys=0.00, real=0.00 secs] 
2020-11-07T20:04:19.243+0800: 13.089: Application time: 0.0376473 seconds
{Heap before GC invocations=140 (full 13):
 par new generation   total 9216K, used 8717K [0x00000000e3400000, 0x00000000e3e00000, 0x00000000ecca0000)
  eden space 8192K, 100% used [0x00000000e3400000, 0x00000000e3c00000, 0x00000000e3c00000)
  from space 1024K,  51% used [0x00000000e3c00000, 0x00000000e3c83768, 0x00000000e3d00000)
  to   space 1024K,   0% used [0x00000000e3d00000, 0x00000000e3d00000, 0x00000000e3e00000)
 concurrent mark-sweep generation total 33100K, used 19858K [0x00000000ecca0000, 0x00000000eecf3000, 0x0000000100000000)
 Metaspace       used 28303K, capacity 29168K, committed 29440K, reserved 1075200K
  class space    used 3515K, capacity 3740K, committed 3840K, reserved 1048576K
2020-11-07T20:04:19.243+0800: 13.089: [GC (Allocation Failure) 2020-11-07T20:04:19.243+0800: 13.089: [ParNew: 8717K->465K(9216K), 0.0388433 secs] 28575K->20323K(42316K), 0.0389238 secs] [Times: user=0.03 sys=0.00, real=0.04 secs] 
Heap after GC invocations=141 (full 13):
 par new generation   total 9216K, used 465K [0x00000000e3400000, 0x00000000e3e00000, 0x00000000ecca0000)
  eden space 8192K,   0% used [0x00000000e3400000, 0x00000000e3400000, 0x00000000e3c00000)
  from space 1024K,  45% used [0x00000000e3d00000, 0x00000000e3d74610, 0x00000000e3e00000)
  to   space 1024K,   0% used [0x00000000e3c00000, 0x00000000e3c00000, 0x00000000e3d00000)
 concurrent mark-sweep generation total 33100K, used 19858K [0x00000000ecca0000, 0x00000000eecf3000, 0x0000000100000000)
 Metaspace       used 28303K, capacity 29168K, committed 29440K, reserved 1075200K
  class space    used 3515K, capacity 3740K, committed 3840K, reserved 1048576K
}
2020-11-07T20:04:19.341+0800: 13.187: Application time: 0.0589975 seconds
{Heap before GC invocations=141 (full 13):
 par new generation   total 9216K, used 8657K [0x00000000e3400000, 0x00000000e3e00000, 0x00000000ecca0000)
  eden space 8192K, 100% used [0x00000000e3400000, 0x00000000e3c00000, 0x00000000e3c00000)
  from space 1024K,  45% used [0x00000000e3d00000, 0x00000000e3d74610, 0x00000000e3e00000)
  to   space 1024K,   0% used [0x00000000e3c00000, 0x00000000e3c00000, 0x00000000e3d00000)
 concurrent mark-sweep generation total 33100K, used 19858K [0x00000000ecca0000, 0x00000000eecf3000, 0x0000000100000000)
 Metaspace       used 28369K, capacity 29232K, committed 29440K, reserved 1075200K
  class space    used 3525K, capacity 3740K, committed 3840K, reserved 1048576K
2020-11-07T20:04:19.341+0800: 13.187: [GC (Allocation Failure) 2020-11-07T20:04:19.341+0800: 13.187: [ParNew: 8657K->514K(9216K), 0.0274344 secs] 28515K->20372K(42316K), 0.0274889 secs] [Times: user=0.03 sys=0.00, real=0.03 secs] 
Heap after GC invocations=142 (full 13):
 par new generation   total 9216K, used 514K [0x00000000e3400000, 0x00000000e3e00000, 0x00000000ecca0000)
  eden space 8192K,   0% used [0x00000000e3400000, 0x00000000e3400000, 0x00000000e3c00000)
  from space 1024K,  50% used [0x00000000e3c00000, 0x00000000e3c80840, 0x00000000e3d00000)
  to   space 1024K,   0% used [0x00000000e3d00000, 0x00000000e3d00000, 0x00000000e3e00000)
 concurrent mark-sweep generation total 33100K, used 19858K [0x00000000ecca0000, 0x00000000eecf3000, 0x0000000100000000)
 Metaspace       used 28369K, capacity 29232K, committed 29440K, reserved 1075200K
  class space    used 3525K, capacity 3740K, committed 3840K, reserved 1048576K
}
2020-11-07T20:04:19.432+0800: 13.278: Application time: 0.0635415 seconds
{Heap before GC invocations=142 (full 13):
 par new generation   total 9216K, used 8706K [0x00000000e3400000, 0x00000000e3e00000, 0x00000000ecca0000)
  eden space 8192K, 100% used [0x00000000e3400000, 0x00000000e3c00000, 0x00000000e3c00000)
  from space 1024K,  50% used [0x00000000e3c00000, 0x00000000e3c80840, 0x00000000e3d00000)
  to   space 1024K,   0% used [0x00000000e3d00000, 0x00000000e3d00000, 0x00000000e3e00000)
 concurrent mark-sweep generation total 33100K, used 19858K [0x00000000ecca0000, 0x00000000eecf3000, 0x0000000100000000)
 Metaspace       used 28520K, capacity 29410K, committed 29696K, reserved 1075200K
  class space    used 3547K, capacity 3775K, committed 3840K, reserved 1048576K
2020-11-07T20:04:19.433+0800: 13.278: [GC (Allocation Failure) 2020-11-07T20:04:19.433+0800: 13.278: [ParNew: 8706K->780K(9216K), 0.0321205 secs] 28564K->20638K(42316K), 0.0321925 secs] [Times: user=0.03 sys=0.00, real=0.04 secs] 
Heap after GC invocations=143 (full 13):
 par new generation   total 9216K, used 780K [0x00000000e3400000, 0x00000000e3e00000, 0x00000000ecca0000)
  eden space 8192K,   0% used [0x00000000e3400000, 0x00000000e3400000, 0x00000000e3c00000)
  from space 1024K,  76% used [0x00000000e3d00000, 0x00000000e3dc3278, 0x00000000e3e00000)
  to   space 1024K,   0% used [0x00000000e3c00000, 0x00000000e3c00000, 0x00000000e3d00000)
 concurrent mark-sweep generation total 33100K, used 19858K [0x00000000ecca0000, 0x00000000eecf3000, 0x0000000100000000)
 Metaspace       used 28520K, capacity 29410K, committed 29696K, reserved 1075200K
  class space    used 3547K, capacity 3775K, committed 3840K, reserved 1048576K
}
2020-11-07T20:04:19.500+0800: 13.345: Application time: 0.0347491 seconds
2020-11-07T20:04:19.519+0800: 13.365: Application time: 0.0190837 seconds
{Heap before GC invocations=143 (full 13):
 par new generation   total 9216K, used 8972K [0x00000000e3400000, 0x00000000e3e00000, 0x00000000ecca0000)
  eden space 8192K, 100% used [0x00000000e3400000, 0x00000000e3c00000, 0x00000000e3c00000)
  from space 1024K,  76% used [0x00000000e3d00000, 0x00000000e3dc3278, 0x00000000e3e00000)
  to   space 1024K,   0% used [0x00000000e3c00000, 0x00000000e3c00000, 0x00000000e3d00000)
 concurrent mark-sweep generation total 33100K, used 19858K [0x00000000ecca0000, 0x00000000eecf3000, 0x0000000100000000)
 Metaspace       used 28692K, capacity 29578K, committed 29696K, reserved 1075200K
  class space    used 3571K, capacity 3783K, committed 3840K, reserved 1048576K
2020-11-07T20:04:19.519+0800: 13.365: [GC (Allocation Failure) 2020-11-07T20:04:19.519+0800: 13.365: [ParNew: 8972K->688K(9216K), 0.0269952 secs] 28830K->20683K(42316K), 0.0270488 secs] [Times: user=0.02 sys=0.00, real=0.03 secs] 
Heap after GC invocations=144 (full 13):
 par new generation   total 9216K, used 688K [0x00000000e3400000, 0x00000000e3e00000, 0x00000000ecca0000)
  eden space 8192K,   0% used [0x00000000e3400000, 0x00000000e3400000, 0x00000000e3c00000)
  from space 1024K,  67% used [0x00000000e3c00000, 0x00000000e3cac1f8, 0x00000000e3d00000)
  to   space 1024K,   0% used [0x00000000e3d00000, 0x00000000e3d00000, 0x00000000e3e00000)
 concurrent mark-sweep generation total 33100K, used 19995K [0x00000000ecca0000, 0x00000000eecf3000, 0x0000000100000000)
 Metaspace       used 28692K, capacity 29578K, committed 29696K, reserved 1075200K
  class space    used 3571K, capacity 3783K, committed 3840K, reserved 1048576K
}
2020-11-07T20:04:19.547+0800: 13.393: Application time: 0.0004574 seconds
2020-11-07T20:04:19.547+0800: 13.393: [GC (CMS Initial Mark) [1 CMS-initial-mark: 19995K(33100K)] 20847K(42316K), 0.0024631 secs] [Times: user=0.00 sys=0.00, real=0.00 secs] 
2020-11-07T20:04:19.549+0800: 13.395: [CMS-concurrent-mark-start]
2020-11-07T20:04:19.631+0800: 13.477: Application time: 0.0812463 seconds
{Heap before GC invocations=144 (full 14):
 par new generation   total 9216K, used 8880K [0x00000000e3400000, 0x00000000e3e00000, 0x00000000ecca0000)
  eden space 8192K, 100% used [0x00000000e3400000, 0x00000000e3c00000, 0x00000000e3c00000)
  from space 1024K,  67% used [0x00000000e3c00000, 0x00000000e3cac1f8, 0x00000000e3d00000)
  to   space 1024K,   0% used [0x00000000e3d00000, 0x00000000e3d00000, 0x00000000e3e00000)
 concurrent mark-sweep generation total 33100K, used 19995K [0x00000000ecca0000, 0x00000000eecf3000, 0x0000000100000000)
 Metaspace       used 28739K, capacity 29648K, committed 29952K, reserved 1075200K
  class space    used 3576K, capacity 3784K, committed 3840K, reserved 1048576K
2020-11-07T20:04:19.631+0800: 13.477: [GC (Allocation Failure) 2020-11-07T20:04:19.631+0800: 13.477: [ParNew: 8880K->518K(9216K), 0.0122459 secs] 28875K->20637K(42316K), 0.0123223 secs] [Times: user=0.01 sys=0.00, real=0.01 secs] 
Heap after GC invocations=145 (full 14):
 par new generation   total 9216K, used 518K [0x00000000e3400000, 0x00000000e3e00000, 0x00000000ecca0000)
  eden space 8192K,   0% used [0x00000000e3400000, 0x00000000e3400000, 0x00000000e3c00000)
  from space 1024K,  50% used [0x00000000e3d00000, 0x00000000e3d81bd0, 0x00000000e3e00000)
  to   space 1024K,   0% used [0x00000000e3c00000, 0x00000000e3c00000, 0x00000000e3d00000)
 concurrent mark-sweep generation total 33100K, used 20118K [0x00000000ecca0000, 0x00000000eecf3000, 0x0000000100000000)
 Metaspace       used 28739K, capacity 29648K, committed 29952K, reserved 1075200K
  class space    used 3576K, capacity 3784K, committed 3840K, reserved 1048576K
}
2020-11-07T20:04:19.676+0800: 13.522: Application time: 0.0330361 seconds
{Heap before GC invocations=145 (full 14):
 par new generation   total 9216K, used 8709K [0x00000000e3400000, 0x00000000e3e00000, 0x00000000ecca0000)
  eden space 8192K,  99% used [0x00000000e3400000, 0x00000000e3bffa50, 0x00000000e3c00000)
  from space 1024K,  50% used [0x00000000e3d00000, 0x00000000e3d81bd0, 0x00000000e3e00000)
  to   space 1024K,   0% used [0x00000000e3c00000, 0x00000000e3c00000, 0x00000000e3d00000)
 concurrent mark-sweep generation total 33100K, used 20118K [0x00000000ecca0000, 0x00000000eecf3000, 0x0000000100000000)
 Metaspace       used 28798K, capacity 29648K, committed 29952K, reserved 1075200K
  class space    used 3581K, capacity 3784K, committed 3840K, reserved 1048576K
2020-11-07T20:04:19.676+0800: 13.522: [GC (Allocation Failure) 2020-11-07T20:04:19.676+0800: 13.522: [ParNew: 8709K->680K(9216K), 0.0126529 secs] 28828K->20798K(42316K), 0.0127047 secs] [Times: user=0.01 sys=0.00, real=0.01 secs] 
Heap after GC invocations=146 (full 14):
 par new generation   total 9216K, used 680K [0x00000000e3400000, 0x00000000e3e00000, 0x00000000ecca0000)
  eden space 8192K,   0% used [0x00000000e3400000, 0x00000000e3400000, 0x00000000e3c00000)
  from space 1024K,  66% used [0x00000000e3c00000, 0x00000000e3caa060, 0x00000000e3d00000)
  to   space 1024K,   0% used [0x00000000e3d00000, 0x00000000e3d00000, 0x00000000e3e00000)
 concurrent mark-sweep generation total 33100K, used 20118K [0x00000000ecca0000, 0x00000000eecf3000, 0x0000000100000000)
 Metaspace       used 28798K, capacity 29648K, committed 29952K, reserved 1075200K
  class space    used 3581K, capacity 3784K, committed 3840K, reserved 1048576K
}
2020-11-07T20:04:19.694+0800: 13.540: Application time: 0.0046176 seconds
{Heap before GC invocations=146 (full 14):
 par new generation   total 9216K, used 8846K [0x00000000e3400000, 0x00000000e3e00000, 0x00000000ecca0000)
  eden space 8192K,  99% used [0x00000000e3400000, 0x00000000e3bf9958, 0x00000000e3c00000)
  from space 1024K,  66% used [0x00000000e3c00000, 0x00000000e3caa060, 0x00000000e3d00000)
  to   space 1024K,   0% used [0x00000000e3d00000, 0x00000000e3d00000, 0x00000000e3e00000)
 concurrent mark-sweep generation total 33100K, used 20118K [0x00000000ecca0000, 0x00000000eecf3000, 0x0000000100000000)
 Metaspace       used 28798K, capacity 29648K, committed 29952K, reserved 1075200K
  class space    used 3581K, capacity 3784K, committed 3840K, reserved 1048576K
2020-11-07T20:04:19.694+0800: 13.540: [GC (Allocation Failure) 2020-11-07T20:04:19.694+0800: 13.540: [ParNew: 8846K->412K(9216K), 0.0049288 secs] 28965K->20602K(42316K), 0.0049806 secs] [Times: user=0.00 sys=0.00, real=0.01 secs] 
Heap after GC invocations=147 (full 14):
 par new generation   total 9216K, used 412K [0x00000000e3400000, 0x00000000e3e00000, 0x00000000ecca0000)
  eden space 8192K,   0% used [0x00000000e3400000, 0x00000000e3400000, 0x00000000e3c00000)
  from space 1024K,  40% used [0x00000000e3d00000, 0x00000000e3d67078, 0x00000000e3e00000)
  to   space 1024K,   0% used [0x00000000e3c00000, 0x00000000e3c00000, 0x00000000e3d00000)
 concurrent mark-sweep generation total 33100K, used 20190K [0x00000000ecca0000, 0x00000000eecf3000, 0x0000000100000000)
 Metaspace       used 28798K, capacity 29648K, committed 29952K, reserved 1075200K
  class space    used 3581K, capacity 3784K, committed 3840K, reserved 1048576K
}
2020-11-07T20:04:19.714+0800: 13.560: Application time: 0.0148883 seconds
{Heap before GC invocations=147 (full 14):
 par new generation   total 9216K, used 8574K [0x00000000e3400000, 0x00000000e3e00000, 0x00000000ecca0000)
  eden space 8192K,  99% used [0x00000000e3400000, 0x00000000e3bf88c8, 0x00000000e3c00000)
  from space 1024K,  40% used [0x00000000e3d00000, 0x00000000e3d67078, 0x00000000e3e00000)
  to   space 1024K,   0% used [0x00000000e3c00000, 0x00000000e3c00000, 0x00000000e3d00000)
 concurrent mark-sweep generation total 33100K, used 20190K [0x00000000ecca0000, 0x00000000eecf3000, 0x0000000100000000)
 Metaspace       used 28798K, capacity 29648K, committed 29952K, reserved 1075200K
  class space    used 3581K, capacity 3784K, committed 3840K, reserved 1048576K
2020-11-07T20:04:19.714+0800: 13.560: [GC (Allocation Failure) 2020-11-07T20:04:19.714+0800: 13.560: [ParNew: 8574K->464K(9216K), 0.0064215 secs] 28764K->20655K(42316K), 0.0064738 secs] [Times: user=0.00 sys=0.00, real=0.01 secs] 
Heap after GC invocations=148 (full 14):
 par new generation   total 9216K, used 464K [0x00000000e3400000, 0x00000000e3e00000, 0x00000000ecca0000)
  eden space 8192K,   0% used [0x00000000e3400000, 0x00000000e3400000, 0x00000000e3c00000)
  from space 1024K,  45% used [0x00000000e3c00000, 0x00000000e3c743f8, 0x00000000e3d00000)
  to   space 1024K,   0% used [0x00000000e3d00000, 0x00000000e3d00000, 0x00000000e3e00000)
 concurrent mark-sweep generation total 33100K, used 20190K [0x00000000ecca0000, 0x00000000eecf3000, 0x0000000100000000)
 Metaspace       used 28798K, capacity 29648K, committed 29952K, reserved 1075200K
  class space    used 3581K, capacity 3784K, committed 3840K, reserved 1048576K
}
2020-11-07T20:04:19.740+0800: 13.585: [CMS-concurrent-mark: 0.147/0.190 secs] [Times: user=0.18 sys=0.00, real=0.19 secs] 
2020-11-07T20:04:19.740+0800: 13.585: [CMS-concurrent-preclean-start]
2020-11-07T20:04:19.742+0800: 13.588: [CMS-concurrent-preclean: 0.002/0.002 secs] [Times: user=0.00 sys=0.00, real=0.00 secs] 
2020-11-07T20:04:19.742+0800: 13.588: [CMS-concurrent-abortable-preclean-start]
2020-11-07T20:04:19.747+0800: 13.593: Application time: 0.0263043 seconds
2020-11-07T20:04:19.754+0800: 13.600: Application time: 0.0067300 seconds
{Heap before GC invocations=148 (full 14):
 par new generation   total 9216K, used 8656K [0x00000000e3400000, 0x00000000e3e00000, 0x00000000ecca0000)
  eden space 8192K, 100% used [0x00000000e3400000, 0x00000000e3c00000, 0x00000000e3c00000)
  from space 1024K,  45% used [0x00000000e3c00000, 0x00000000e3c743f8, 0x00000000e3d00000)
  to   space 1024K,   0% used [0x00000000e3d00000, 0x00000000e3d00000, 0x00000000e3e00000)
 concurrent mark-sweep generation total 33100K, used 20190K [0x00000000ecca0000, 0x00000000eecf3000, 0x0000000100000000)
 Metaspace       used 28849K, capacity 29802K, committed 29952K, reserved 1075200K
  class space    used 3594K, capacity 3831K, committed 3840K, reserved 1048576K
2020-11-07T20:04:19.754+0800: 13.600: [GC (Allocation Failure) 2020-11-07T20:04:19.754+0800: 13.600: [ParNew: 8656K->611K(9216K), 0.0167329 secs] 28847K->20801K(42316K), 0.0168037 secs] [Times: user=0.01 sys=0.00, real=0.02 secs] 
Heap after GC invocations=149 (full 14):
 par new generation   total 9216K, used 611K [0x00000000e3400000, 0x00000000e3e00000, 0x00000000ecca0000)
  eden space 8192K,   0% used [0x00000000e3400000, 0x00000000e3400000, 0x00000000e3c00000)
  from space 1024K,  59% used [0x00000000e3d00000, 0x00000000e3d98cd0, 0x00000000e3e00000)
  to   space 1024K,   0% used [0x00000000e3c00000, 0x00000000e3c00000, 0x00000000e3d00000)
 concurrent mark-sweep generation total 33100K, used 20190K [0x00000000ecca0000, 0x00000000eecf3000, 0x0000000100000000)
 Metaspace       used 28849K, capacity 29802K, committed 29952K, reserved 1075200K
  class space    used 3594K, capacity 3831K, committed 3840K, reserved 1048576K
}
2020-11-07T20:04:19.826+0800: 13.672: Application time: 0.0552636 seconds
{Heap before GC invocations=149 (full 14):
 par new generation   total 9216K, used 8803K [0x00000000e3400000, 0x00000000e3e00000, 0x00000000ecca0000)
  eden space 8192K, 100% used [0x00000000e3400000, 0x00000000e3c00000, 0x00000000e3c00000)
  from space 1024K,  59% used [0x00000000e3d00000, 0x00000000e3d98cd0, 0x00000000e3e00000)
  to   space 1024K,   0% used [0x00000000e3c00000, 0x00000000e3c00000, 0x00000000e3d00000)
 concurrent mark-sweep generation total 33100K, used 20190K [0x00000000ecca0000, 0x00000000eecf3000, 0x0000000100000000)
 Metaspace       used 28989K, capacity 30014K, committed 30336K, reserved 1075200K
  class space    used 3617K, capacity 3877K, committed 3968K, reserved 1048576K
2020-11-07T20:04:19.827+0800: 13.672: [GC (Allocation Failure) 2020-11-07T20:04:19.827+0800: 13.672: [ParNew: 8803K->480K(9216K), 0.0116203 secs] 28993K->20670K(42316K), 0.0116711 secs] [Times: user=0.01 sys=0.00, real=0.01 secs] 
Heap after GC invocations=150 (full 14):
 par new generation   total 9216K, used 480K [0x00000000e3400000, 0x00000000e3e00000, 0x00000000ecca0000)
  eden space 8192K,   0% used [0x00000000e3400000, 0x00000000e3400000, 0x00000000e3c00000)
  from space 1024K,  46% used [0x00000000e3c00000, 0x00000000e3c78178, 0x00000000e3d00000)
  to   space 1024K,   0% used [0x00000000e3d00000, 0x00000000e3d00000, 0x00000000e3e00000)
 concurrent mark-sweep generation total 33100K, used 20190K [0x00000000ecca0000, 0x00000000eecf3000, 0x0000000100000000)
 Metaspace       used 28989K, capacity 30014K, committed 30336K, reserved 1075200K
  class space    used 3617K, capacity 3877K, committed 3968K, reserved 1048576K
}
2020-11-07T20:04:19.885+0800: 13.731: Application time: 0.0471213 seconds
{Heap before GC invocations=150 (full 14):
 par new generation   total 9216K, used 8668K [0x00000000e3400000, 0x00000000e3e00000, 0x00000000ecca0000)
  eden space 8192K,  99% used [0x00000000e3400000, 0x00000000e3bff0d0, 0x00000000e3c00000)
  from space 1024K,  46% used [0x00000000e3c00000, 0x00000000e3c78178, 0x00000000e3d00000)
  to   space 1024K,   0% used [0x00000000e3d00000, 0x00000000e3d00000, 0x00000000e3e00000)
 concurrent mark-sweep generation total 33100K, used 20190K [0x00000000ecca0000, 0x00000000eecf3000, 0x0000000100000000)
 Metaspace       used 29014K, capacity 30022K, committed 30336K, reserved 1075200K
  class space    used 3621K, capacity 3877K, committed 3968K, reserved 1048576K
2020-11-07T20:04:19.886+0800: 13.732: [GC (Allocation Failure) 2020-11-07T20:04:19.886+0800: 13.732: [ParNew: 8668K->726K(9216K), 0.0090410 secs] 28858K->20916K(42316K), 0.0090922 secs] [Times: user=0.01 sys=0.00, real=0.01 secs] 
Heap after GC invocations=151 (full 14):
 par new generation   total 9216K, used 726K [0x00000000e3400000, 0x00000000e3e00000, 0x00000000ecca0000)
  eden space 8192K,   0% used [0x00000000e3400000, 0x00000000e3400000, 0x00000000e3c00000)
  from space 1024K,  70% used [0x00000000e3d00000, 0x00000000e3db59e8, 0x00000000e3e00000)
  to   space 1024K,   0% used [0x00000000e3c00000, 0x00000000e3c00000, 0x00000000e3d00000)
 concurrent mark-sweep generation total 33100K, used 20190K [0x00000000ecca0000, 0x00000000eecf3000, 0x0000000100000000)
 Metaspace       used 29014K, capacity 30022K, committed 30336K, reserved 1075200K
  class space    used 3621K, capacity 3877K, committed 3968K, reserved 1048576K
}
2020-11-07T20:04:19.910+0800: 13.755: Application time: 0.0147965 seconds
2020-11-07T20:04:19.948+0800: 13.793: Application time: 0.0378358 seconds
{Heap before GC invocations=151 (full 14):
 par new generation   total 9216K, used 8918K [0x00000000e3400000, 0x00000000e3e00000, 0x00000000ecca0000)
  eden space 8192K, 100% used [0x00000000e3400000, 0x00000000e3c00000, 0x00000000e3c00000)
  from space 1024K,  70% used [0x00000000e3d00000, 0x00000000e3db59e8, 0x00000000e3e00000)
  to   space 1024K,   0% used [0x00000000e3c00000, 0x00000000e3c00000, 0x00000000e3d00000)
 concurrent mark-sweep generation total 33100K, used 20190K [0x00000000ecca0000, 0x00000000eecf3000, 0x0000000100000000)
 Metaspace       used 29035K, capacity 30022K, committed 30336K, reserved 1075200K
  class space    used 3623K, capacity 3877K, committed 3968K, reserved 1048576K
2020-11-07T20:04:19.948+0800: 13.794: [GC (Allocation Failure) 2020-11-07T20:04:19.948+0800: 13.794: [ParNew: 8918K->603K(9216K), 0.0119920 secs] 29108K->20889K(42316K), 0.0120566 secs] [Times: user=0.01 sys=0.00, real=0.01 secs] 
Heap after GC invocations=152 (full 14):
 par new generation   total 9216K, used 603K [0x00000000e3400000, 0x00000000e3e00000, 0x00000000ecca0000)
  eden space 8192K,   0% used [0x00000000e3400000, 0x00000000e3400000, 0x00000000e3c00000)
  from space 1024K,  58% used [0x00000000e3c00000, 0x00000000e3c96e78, 0x00000000e3d00000)
  to   space 1024K,   0% used [0x00000000e3d00000, 0x00000000e3d00000, 0x00000000e3e00000)
 concurrent mark-sweep generation total 33100K, used 20285K [0x00000000ecca0000, 0x00000000eecf3000, 0x0000000100000000)
 Metaspace       used 29035K, capacity 30022K, committed 30336K, reserved 1075200K
  class space    used 3623K, capacity 3877K, committed 3968K, reserved 1048576K
}
2020-11-07T20:04:19.999+0800: 13.845: Application time: 0.0394153 seconds
{Heap before GC invocations=152 (full 14):
 par new generation   total 9216K, used 8795K [0x00000000e3400000, 0x00000000e3e00000, 0x00000000ecca0000)
  eden space 8192K, 100% used [0x00000000e3400000, 0x00000000e3c00000, 0x00000000e3c00000)
  from space 1024K,  58% used [0x00000000e3c00000, 0x00000000e3c96e78, 0x00000000e3d00000)
  to   space 1024K,   0% used [0x00000000e3d00000, 0x00000000e3d00000, 0x00000000e3e00000)
 concurrent mark-sweep generation total 33100K, used 20285K [0x00000000ecca0000, 0x00000000eecf3000, 0x0000000100000000)
 Metaspace       used 29057K, capacity 30098K, committed 30336K, reserved 1075200K
  class space    used 3627K, capacity 3877K, committed 3968K, reserved 1048576K
2020-11-07T20:04:19.999+0800: 13.845: [GC (Allocation Failure) 2020-11-07T20:04:19.999+0800: 13.845: [ParNew: 8795K->365K(9216K), 0.0121972 secs] 29081K->20710K(42316K), 0.0122515 secs] [Times: user=0.01 sys=0.01, real=0.01 secs] 
Heap after GC invocations=153 (full 14):
 par new generation   total 9216K, used 365K [0x00000000e3400000, 0x00000000e3e00000, 0x00000000ecca0000)
  eden space 8192K,   0% used [0x00000000e3400000, 0x00000000e3400000, 0x00000000e3c00000)
  from space 1024K,  35% used [0x00000000e3d00000, 0x00000000e3d5b560, 0x00000000e3e00000)
  to   space 1024K,   0% used [0x00000000e3c00000, 0x00000000e3c00000, 0x00000000e3d00000)
 concurrent mark-sweep generation total 33100K, used 20344K [0x00000000ecca0000, 0x00000000eecf3000, 0x0000000100000000)
 Metaspace       used 29057K, capacity 30098K, committed 30336K, reserved 1075200K
  class space    used 3627K, capacity 3877K, committed 3968K, reserved 1048576K
}
2020-11-07T20:04:20.042+0800: 13.887: Application time: 0.0298679 seconds
{Heap before GC invocations=153 (full 14):
 par new generation   total 9216K, used 8557K [0x00000000e3400000, 0x00000000e3e00000, 0x00000000ecca0000)
  eden space 8192K, 100% used [0x00000000e3400000, 0x00000000e3c00000, 0x00000000e3c00000)
  from space 1024K,  35% used [0x00000000e3d00000, 0x00000000e3d5b560, 0x00000000e3e00000)
  to   space 1024K,   0% used [0x00000000e3c00000, 0x00000000e3c00000, 0x00000000e3d00000)
 concurrent mark-sweep generation total 33100K, used 20344K [0x00000000ecca0000, 0x00000000eecf3000, 0x0000000100000000)
 Metaspace       used 29072K, capacity 30098K, committed 30336K, reserved 1075200K
  class space    used 3630K, capacity 3877K, committed 3968K, reserved 1048576K
2020-11-07T20:04:20.042+0800: 13.888: [GC (Allocation Failure) 2020-11-07T20:04:20.042+0800: 13.888: [ParNew: 8557K->221K(9216K), 0.0191358 secs] 28902K->20623K(42316K), 0.0191874 secs] [Times: user=0.01 sys=0.00, real=0.02 secs] 
Heap after GC invocations=154 (full 14):
 par new generation   total 9216K, used 221K [0x00000000e3400000, 0x00000000e3e00000, 0x00000000ecca0000)
  eden space 8192K,   0% used [0x00000000e3400000, 0x00000000e3400000, 0x00000000e3c00000)
  from space 1024K,  21% used [0x00000000e3c00000, 0x00000000e3c37658, 0x00000000e3d00000)
  to   space 1024K,   0% used [0x00000000e3d00000, 0x00000000e3d00000, 0x00000000e3e00000)
 concurrent mark-sweep generation total 33100K, used 20401K [0x00000000ecca0000, 0x00000000eecf3000, 0x0000000100000000)
 Metaspace       used 29072K, capacity 30098K, committed 30336K, reserved 1075200K
  class space    used 3630K, capacity 3877K, committed 3968K, reserved 1048576K
}
2020-11-07T20:04:20.123+0800: 13.969: Application time: 0.0618860 seconds
2020-11-07T20:04:20.127+0800: 13.972: [CMS-concurrent-abortable-preclean: 0.073/0.385 secs] [Times: user=0.36 sys=0.01, real=0.39 secs] 
2020-11-07T20:04:20.133+0800: 13.979: Application time: 0.0095828 seconds
2020-11-07T20:04:20.145+0800: 13.991: [GC (CMS Final Remark) [YG occupancy: 7623 K (9216 K)]2020-11-07T20:04:20.145+0800: 13.991: [Rescan (parallel) , 0.0300660 secs]2020-11-07T20:04:20.175+0800: 14.021: [weak refs processing, 0.0014169 secs]2020-11-07T20:04:20.177+0800: 14.022: [class unloading, 0.0091503 secs]2020-11-07T20:04:20.186+0800: 14.032: [scrub symbol table, 0.0100927 secs]2020-11-07T20:04:20.196+0800: 14.042: [scrub string table, 0.0006131 secs][1 CMS-remark: 20401K(33100K)] 28025K(42316K), 0.0515817 secs] [Times: user=0.05 sys=0.00, real=0.05 secs] 
2020-11-07T20:04:20.204+0800: 14.050: [CMS-concurrent-sweep-start]
2020-11-07T20:04:20.224+0800: 14.070: Application time: 0.0272567 seconds
{Heap before GC invocations=154 (full 14):
 par new generation   total 9216K, used 8413K [0x00000000e3400000, 0x00000000e3e00000, 0x00000000ecca0000)
  eden space 8192K, 100% used [0x00000000e3400000, 0x00000000e3c00000, 0x00000000e3c00000)
  from space 1024K,  21% used [0x00000000e3c00000, 0x00000000e3c37658, 0x00000000e3d00000)
  to   space 1024K,   0% used [0x00000000e3d00000, 0x00000000e3d00000, 0x00000000e3e00000)
 concurrent mark-sweep generation total 33100K, used 20397K [0x00000000ecca0000, 0x00000000eecf3000, 0x0000000100000000)
 Metaspace       used 29194K, capacity 30226K, committed 30336K, reserved 1075200K
  class space    used 3656K, capacity 3903K, committed 3968K, reserved 1048576K
2020-11-07T20:04:20.224+0800: 14.070: [GC (Allocation Failure) 2020-11-07T20:04:20.224+0800: 14.070: [ParNew: 8413K->402K(9216K), 0.0110291 secs] 28811K->20809K(42316K), 0.0111026 secs] [Times: user=0.01 sys=0.00, real=0.02 secs] 
Heap after GC invocations=155 (full 14):
 par new generation   total 9216K, used 402K [0x00000000e3400000, 0x00000000e3e00000, 0x00000000ecca0000)
  eden space 8192K,   0% used [0x00000000e3400000, 0x00000000e3400000, 0x00000000e3c00000)
  from space 1024K,  39% used [0x00000000e3d00000, 0x00000000e3d64808, 0x00000000e3e00000)
  to   space 1024K,   0% used [0x00000000e3c00000, 0x00000000e3c00000, 0x00000000e3d00000)
 concurrent mark-sweep generation total 33100K, used 20407K [0x00000000ecca0000, 0x00000000eecf3000, 0x0000000100000000)
 Metaspace       used 29194K, capacity 30226K, committed 30336K, reserved 1075200K
  class space    used 3656K, capacity 3903K, committed 3968K, reserved 1048576K
}
2020-11-07T20:04:20.246+0800: 14.092: [CMS-concurrent-sweep: 0.024/0.042 secs] [Times: user=0.04 sys=0.00, real=0.05 secs] 
2020-11-07T20:04:20.246+0800: 14.092: [CMS-concurrent-reset-start]
2020-11-07T20:04:20.247+0800: 14.093: [CMS-concurrent-reset: 0.001/0.001 secs] [Times: user=0.00 sys=0.00, real=0.00 secs] 
2020-11-07T20:04:20.274+0800: 14.120: Application time: 0.0388317 seconds
{Heap before GC invocations=155 (full 14):
 par new generation   total 9216K, used 8593K [0x00000000e3400000, 0x00000000e3e00000, 0x00000000ecca0000)
  eden space 8192K,  99% used [0x00000000e3400000, 0x00000000e3bfffd0, 0x00000000e3c00000)
  from space 1024K,  39% used [0x00000000e3d00000, 0x00000000e3d64808, 0x00000000e3e00000)
  to   space 1024K,   0% used [0x00000000e3c00000, 0x00000000e3c00000, 0x00000000e3d00000)
 concurrent mark-sweep generation total 33852K, used 20309K [0x00000000ecca0000, 0x00000000eedaf000, 0x0000000100000000)
 Metaspace       used 29219K, capacity 30292K, committed 30592K, reserved 1075200K
  class space    used 3658K, capacity 3930K, committed 3968K, reserved 1048576K
2020-11-07T20:04:20.274+0800: 14.120: [GC (Allocation Failure) 2020-11-07T20:04:20.274+0800: 14.120: [ParNew: 8593K->675K(9216K), 0.0433507 secs] 28903K->20985K(43068K), 0.0434372 secs] [Times: user=0.04 sys=0.00, real=0.05 secs] 
Heap after GC invocations=156 (full 14):
 par new generation   total 9216K, used 675K [0x00000000e3400000, 0x00000000e3e00000, 0x00000000ecca0000)
  eden space 8192K,   0% used [0x00000000e3400000, 0x00000000e3400000, 0x00000000e3c00000)
  from space 1024K,  66% used [0x00000000e3c00000, 0x00000000e3ca8fb8, 0x00000000e3d00000)
  to   space 1024K,   0% used [0x00000000e3d00000, 0x00000000e3d00000, 0x00000000e3e00000)
 concurrent mark-sweep generation total 33852K, used 20309K [0x00000000ecca0000, 0x00000000eedaf000, 0x0000000100000000)
 Metaspace       used 29219K, capacity 30292K, committed 30592K, reserved 1075200K
  class space    used 3658K, capacity 3930K, committed 3968K, reserved 1048576K
}
2020-11-07T20:04:20.356+0800: 14.202: Application time: 0.0380380 seconds
{Heap before GC invocations=156 (full 14):
 par new generation   total 9216K, used 8867K [0x00000000e3400000, 0x00000000e3e00000, 0x00000000ecca0000)
  eden space 8192K, 100% used [0x00000000e3400000, 0x00000000e3c00000, 0x00000000e3c00000)
  from space 1024K,  66% used [0x00000000e3c00000, 0x00000000e3ca8fb8, 0x00000000e3d00000)
  to   space 1024K,   0% used [0x00000000e3d00000, 0x00000000e3d00000, 0x00000000e3e00000)
 concurrent mark-sweep generation total 33852K, used 20309K [0x00000000ecca0000, 0x00000000eedaf000, 0x0000000100000000)
 Metaspace       used 29298K, capacity 30362K, committed 30592K, reserved 1075200K
  class space    used 3673K, capacity 3931K, committed 3968K, reserved 1048576K
2020-11-07T20:04:20.356+0800: 14.202: [GC (Allocation Failure) 2020-11-07T20:04:20.356+0800: 14.202: [ParNew: 8867K->629K(9216K), 0.0251471 secs] 29177K->20986K(43068K), 0.0251994 secs] [Times: user=0.03 sys=0.00, real=0.02 secs] 
Heap after GC invocations=157 (full 14):
 par new generation   total 9216K, used 629K [0x00000000e3400000, 0x00000000e3e00000, 0x00000000ecca0000)
  eden space 8192K,   0% used [0x00000000e3400000, 0x00000000e3400000, 0x00000000e3c00000)
  from space 1024K,  61% used [0x00000000e3d00000, 0x00000000e3d9d760, 0x00000000e3e00000)
  to   space 1024K,   0% used [0x00000000e3c00000, 0x00000000e3c00000, 0x00000000e3d00000)
 concurrent mark-sweep generation total 33852K, used 20357K [0x00000000ecca0000, 0x00000000eedaf000, 0x0000000100000000)
 Metaspace       used 29298K, capacity 30362K, committed 30592K, reserved 1075200K
  class space    used 3673K, capacity 3931K, committed 3968K, reserved 1048576K
}
2020-11-07T20:04:20.385+0800: 14.231: Application time: 0.0037318 seconds
2020-11-07T20:04:20.385+0800: 14.231: [GC (CMS Initial Mark) [1 CMS-initial-mark: 20357K(33852K)] 21806K(43068K), 0.0031763 secs] [Times: user=0.00 sys=0.00, real=0.00 secs] 
2020-11-07T20:04:20.388+0800: 14.234: [CMS-concurrent-mark-start]
2020-11-07T20:04:20.714+0800: 14.559: Application time: 0.3252674 seconds
{Heap before GC invocations=157 (full 15):
 par new generation   total 9216K, used 8821K [0x00000000e3400000, 0x00000000e3e00000, 0x00000000ecca0000)
  eden space 8192K, 100% used [0x00000000e3400000, 0x00000000e3c00000, 0x00000000e3c00000)
  from space 1024K,  61% used [0x00000000e3d00000, 0x00000000e3d9d760, 0x00000000e3e00000)
  to   space 1024K,   0% used [0x00000000e3c00000, 0x00000000e3c00000, 0x00000000e3d00000)
 concurrent mark-sweep generation total 33852K, used 20357K [0x00000000ecca0000, 0x00000000eedaf000, 0x0000000100000000)
 Metaspace       used 29395K, capacity 30474K, committed 30592K, reserved 1075200K
  class space    used 3688K, capacity 3965K, committed 3968K, reserved 1048576K
2020-11-07T20:04:20.714+0800: 14.560: [GC (Allocation Failure) 2020-11-07T20:04:20.714+0800: 14.560: [ParNew: 8821K->745K(9216K), 0.0374807 secs] 29178K->21102K(43068K), 0.0375588 secs] [Times: user=0.04 sys=0.00, real=0.04 secs] 
Heap after GC invocations=158 (full 15):
 par new generation   total 9216K, used 745K [0x00000000e3400000, 0x00000000e3e00000, 0x00000000ecca0000)
  eden space 8192K,   0% used [0x00000000e3400000, 0x00000000e3400000, 0x00000000e3c00000)
  from space 1024K,  72% used [0x00000000e3c00000, 0x00000000e3cba540, 0x00000000e3d00000)
  to   space 1024K,   0% used [0x00000000e3d00000, 0x00000000e3d00000, 0x00000000e3e00000)
 concurrent mark-sweep generation total 33852K, used 20357K [0x00000000ecca0000, 0x00000000eedaf000, 0x0000000100000000)
 Metaspace       used 29395K, capacity 30474K, committed 30592K, reserved 1075200K
  class space    used 3688K, capacity 3965K, committed 3968K, reserved 1048576K
}
2020-11-07T20:04:20.779+0800: 14.625: [CMS-concurrent-mark: 0.348/0.391 secs] [Times: user=0.37 sys=0.02, real=0.39 secs] 
2020-11-07T20:04:20.779+0800: 14.625: [CMS-concurrent-preclean-start]
2020-11-07T20:04:20.782+0800: 14.628: [CMS-concurrent-preclean: 0.002/0.003 secs] [Times: user=0.01 sys=0.00, real=0.00 secs] 
2020-11-07T20:04:20.782+0800: 14.628: [CMS-concurrent-abortable-preclean-start]
2020-11-07T20:04:20.808+0800: 14.654: Application time: 0.0570969 seconds
{Heap before GC invocations=158 (full 15):
 par new generation   total 9216K, used 8937K [0x00000000e3400000, 0x00000000e3e00000, 0x00000000ecca0000)
  eden space 8192K, 100% used [0x00000000e3400000, 0x00000000e3c00000, 0x00000000e3c00000)
  from space 1024K,  72% used [0x00000000e3c00000, 0x00000000e3cba540, 0x00000000e3d00000)
  to   space 1024K,   0% used [0x00000000e3d00000, 0x00000000e3d00000, 0x00000000e3e00000)
 concurrent mark-sweep generation total 33852K, used 20357K [0x00000000ecca0000, 0x00000000eedaf000, 0x0000000100000000)
 Metaspace       used 29571K, capacity 30666K, committed 30848K, reserved 1077248K
  class space    used 3716K, capacity 3965K, committed 3968K, reserved 1048576K
2020-11-07T20:04:20.809+0800: 14.654: [GC (Allocation Failure) 2020-11-07T20:04:20.809+0800: 14.654: [ParNew: 8937K->741K(9216K), 0.0369318 secs] 29294K->21309K(43068K), 0.0370003 secs] [Times: user=0.03 sys=0.00, real=0.04 secs] 
Heap after GC invocations=159 (full 15):
 par new generation   total 9216K, used 741K [0x00000000e3400000, 0x00000000e3e00000, 0x00000000ecca0000)
  eden space 8192K,   0% used [0x00000000e3400000, 0x00000000e3400000, 0x00000000e3c00000)
  from space 1024K,  72% used [0x00000000e3d00000, 0x00000000e3db9780, 0x00000000e3e00000)
  to   space 1024K,   0% used [0x00000000e3c00000, 0x00000000e3c00000, 0x00000000e3d00000)
 concurrent mark-sweep generation total 33852K, used 20567K [0x00000000ecca0000, 0x00000000eedaf000, 0x0000000100000000)
 Metaspace       used 29571K, capacity 30666K, committed 30848K, reserved 1077248K
  class space    used 3716K, capacity 3965K, committed 3968K, reserved 1048576K
}
2020-11-07T20:04:20.973+0800: 14.819: [CMS-concurrent-abortable-preclean: 0.032/0.191 secs] [Times: user=0.17 sys=0.01, real=0.19 secs] 
2020-11-07T20:04:20.976+0800: 14.822: Application time: 0.1303106 seconds
2020-11-07T20:04:20.987+0800: 14.833: [GC (CMS Final Remark) [YG occupancy: 8868 K (9216 K)]2020-11-07T20:04:20.987+0800: 14.833: [Rescan (parallel) , 0.0108813 secs]2020-11-07T20:04:20.998+0800: 14.844: [weak refs processing, 0.0000665 secs]2020-11-07T20:04:20.998+0800: 14.844: [class unloading, 0.0089368 secs]2020-11-07T20:04:21.007+0800: 14.853: [scrub symbol table, 0.0155773 secs]2020-11-07T20:04:21.023+0800: 14.869: [scrub string table, 0.0005940 secs][1 CMS-remark: 20567K(33852K)] 29435K(43068K), 0.0362819 secs] [Times: user=0.04 sys=0.00, real=0.03 secs] 
2020-11-07T20:04:21.025+0800: 14.871: [CMS-concurrent-sweep-start]
2020-11-07T20:04:21.047+0800: 14.893: Application time: 0.0241017 seconds
{Heap before GC invocations=159 (full 15):
 par new generation   total 9216K, used 8933K [0x00000000e3400000, 0x00000000e3e00000, 0x00000000ecca0000)
  eden space 8192K, 100% used [0x00000000e3400000, 0x00000000e3c00000, 0x00000000e3c00000)
  from space 1024K,  72% used [0x00000000e3d00000, 0x00000000e3db9780, 0x00000000e3e00000)
  to   space 1024K,   0% used [0x00000000e3c00000, 0x00000000e3c00000, 0x00000000e3d00000)
 concurrent mark-sweep generation total 33852K, used 20549K [0x00000000ecca0000, 0x00000000eedaf000, 0x0000000100000000)
 Metaspace       used 30053K, capacity 31114K, committed 31232K, reserved 1077248K
  class space    used 3786K, capacity 4029K, committed 4096K, reserved 1048576K
2020-11-07T20:04:21.048+0800: 14.893: [GC (Allocation Failure) 2020-11-07T20:04:21.048+0800: 14.893: [ParNew: 8933K->767K(9216K), 0.0216567 secs] 29482K->21453K(43068K), 0.0217495 secs] [Times: user=0.02 sys=0.00, real=0.02 secs] 
Heap after GC invocations=160 (full 15):
 par new generation   total 9216K, used 767K [0x00000000e3400000, 0x00000000e3e00000, 0x00000000ecca0000)
  eden space 8192K,   0% used [0x00000000e3400000, 0x00000000e3400000, 0x00000000e3c00000)
  from space 1024K,  74% used [0x00000000e3c00000, 0x00000000e3cbfe70, 0x00000000e3d00000)
  to   space 1024K,   0% used [0x00000000e3d00000, 0x00000000e3d00000, 0x00000000e3e00000)
 concurrent mark-sweep generation total 33852K, used 20686K [0x00000000ecca0000, 0x00000000eedaf000, 0x0000000100000000)
 Metaspace       used 30053K, capacity 31114K, committed 31232K, reserved 1077248K
  class space    used 3786K, capacity 4029K, committed 4096K, reserved 1048576K
}
2020-11-07T20:04:21.078+0800: 14.924: [CMS-concurrent-sweep: 0.023/0.053 secs] [Times: user=0.05 sys=0.00, real=0.05 secs] 
2020-11-07T20:04:21.078+0800: 14.924: [CMS-concurrent-reset-start]
2020-11-07T20:04:21.079+0800: 14.925: [CMS-concurrent-reset: 0.001/0.001 secs] [Times: user=0.00 sys=0.00, real=0.00 secs] 
2020-11-07T20:04:21.319+0800: 15.165: Application time: 0.2493086 seconds
{Heap before GC invocations=160 (full 15):
 par new generation   total 9216K, used 8959K [0x00000000e3400000, 0x00000000e3e00000, 0x00000000ecca0000)
  eden space 8192K, 100% used [0x00000000e3400000, 0x00000000e3c00000, 0x00000000e3c00000)
  from space 1024K,  74% used [0x00000000e3c00000, 0x00000000e3cbfe70, 0x00000000e3d00000)
  to   space 1024K,   0% used [0x00000000e3d00000, 0x00000000e3d00000, 0x00000000e3e00000)
 concurrent mark-sweep generation total 34452K, used 20670K [0x00000000ecca0000, 0x00000000eee45000, 0x0000000100000000)
 Metaspace       used 30394K, capacity 31480K, committed 31744K, reserved 1077248K
  class space    used 3825K, capacity 4090K, committed 4096K, reserved 1048576K
2020-11-07T20:04:21.319+0800: 15.165: [GC (Allocation Failure) 2020-11-07T20:04:21.319+0800: 15.165: [ParNew: 8959K->670K(9216K), 0.0265776 secs] 29629K->21549K(43668K), 0.0266535 secs] [Times: user=0.02 sys=0.00, real=0.03 secs] 
Heap after GC invocations=161 (full 15):
 par new generation   total 9216K, used 670K [0x00000000e3400000, 0x00000000e3e00000, 0x00000000ecca0000)
  eden space 8192K,   0% used [0x00000000e3400000, 0x00000000e3400000, 0x00000000e3c00000)
  from space 1024K,  65% used [0x00000000e3d00000, 0x00000000e3da7aa0, 0x00000000e3e00000)
  to   space 1024K,   0% used [0x00000000e3c00000, 0x00000000e3c00000, 0x00000000e3d00000)
 concurrent mark-sweep generation total 34452K, used 20878K [0x00000000ecca0000, 0x00000000eee45000, 0x0000000100000000)
 Metaspace       used 30394K, capacity 31480K, committed 31744K, reserved 1077248K
  class space    used 3825K, capacity 4090K, committed 4096K, reserved 1048576K
}
2020-11-07T20:04:21.349+0800: 15.195: Application time: 0.0034358 seconds
2020-11-07T20:04:21.349+0800: 15.195: [GC (CMS Initial Mark) [1 CMS-initial-mark: 20878K(34452K)] 21717K(43668K), 0.0023890 secs] [Times: user=0.00 sys=0.00, real=0.00 secs] 
2020-11-07T20:04:21.352+0800: 15.197: [CMS-concurrent-mark-start]
2020-11-07T20:04:21.507+0800: 15.353: [CMS-concurrent-mark: 0.155/0.155 secs] [Times: user=0.15 sys=0.00, real=0.16 secs] 
2020-11-07T20:04:21.507+0800: 15.353: Application time: 0.1551942 seconds
{Heap before GC invocations=161 (full 16):
 par new generation   total 9216K, used 8862K [0x00000000e3400000, 0x00000000e3e00000, 0x00000000ecca0000)
  eden space 8192K, 100% used [0x00000000e3400000, 0x00000000e3c00000, 0x00000000e3c00000)
  from space 1024K,  65% used [0x00000000e3d00000, 0x00000000e3da7aa0, 0x00000000e3e00000)
  to   space 1024K,   0% used [0x00000000e3c00000, 0x00000000e3c00000, 0x00000000e3d00000)
 concurrent mark-sweep generation total 34452K, used 20878K [0x00000000ecca0000, 0x00000000eee45000, 0x0000000100000000)
 Metaspace       used 30519K, capacity 31614K, committed 31744K, reserved 1077248K
  class space    used 3832K, capacity 4091K, committed 4096K, reserved 1048576K
2020-11-07T20:04:21.507+0800: 15.353: [GC (Allocation Failure) 2020-11-07T20:04:21.507+0800: 15.353: [ParNew: 8862K->520K(9216K), 0.0242554 secs] 29741K->21516K(43668K), 0.0243318 secs] [Times: user=0.02 sys=0.00, real=0.02 secs] 
Heap after GC invocations=162 (full 16):
 par new generation   total 9216K, used 520K [0x00000000e3400000, 0x00000000e3e00000, 0x00000000ecca0000)
  eden space 8192K,   0% used [0x00000000e3400000, 0x00000000e3400000, 0x00000000e3c00000)
  from space 1024K,  50% used [0x00000000e3c00000, 0x00000000e3c82000, 0x00000000e3d00000)
  to   space 1024K,   0% used [0x00000000e3d00000, 0x00000000e3d00000, 0x00000000e3e00000)
 concurrent mark-sweep generation total 34452K, used 20996K [0x00000000ecca0000, 0x00000000eee45000, 0x0000000100000000)
 Metaspace       used 30519K, capacity 31614K, committed 31744K, reserved 1077248K
  class space    used 3832K, capacity 4091K, committed 4096K, reserved 1048576K
}
2020-11-07T20:04:21.531+0800: 15.377: [CMS-concurrent-preclean-start]
2020-11-07T20:04:21.534+0800: 15.380: [CMS-concurrent-preclean: 0.002/0.002 secs] [Times: user=0.00 sys=0.00, real=0.00 secs] 
2020-11-07T20:04:21.549+0800: 15.395: Application time: 0.0175980 seconds
2020-11-07T20:04:21.552+0800: 15.398: [GC (CMS Final Remark) [YG occupancy: 1011 K (9216 K)]2020-11-07T20:04:21.552+0800: 15.398: [Rescan (parallel) , 0.0028537 secs]2020-11-07T20:04:21.555+0800: 15.401: [weak refs processing, 0.0000718 secs]2020-11-07T20:04:21.555+0800: 15.401: [class unloading, 0.0088700 secs]2020-11-07T20:04:21.564+0800: 15.410: [scrub symbol table, 0.0103233 secs]2020-11-07T20:04:21.574+0800: 15.420: [scrub string table, 0.0006049 secs][1 CMS-remark: 20996K(34452K)] 22007K(43668K), 0.0258548 secs] [Times: user=0.02 sys=0.00, real=0.03 secs] 
2020-11-07T20:04:21.593+0800: 15.439: [CMS-concurrent-sweep-start]
2020-11-07T20:04:21.626+0800: 15.472: [CMS-concurrent-sweep: 0.033/0.033 secs] [Times: user=0.03 sys=0.00, real=0.04 secs] 
2020-11-07T20:04:21.626+0800: 15.472: [CMS-concurrent-reset-start]
2020-11-07T20:04:21.627+0800: 15.473: [CMS-concurrent-reset: 0.001/0.001 secs] [Times: user=0.00 sys=0.00, real=0.00 secs] 
2020-11-07T20:04:21.845+0800: 15.691: Application time: 0.2670118 seconds
{Heap before GC invocations=162 (full 16):
 par new generation   total 9216K, used 8712K [0x00000000e3400000, 0x00000000e3e00000, 0x00000000ecca0000)
  eden space 8192K, 100% used [0x00000000e3400000, 0x00000000e3c00000, 0x00000000e3c00000)
  from space 1024K,  50% used [0x00000000e3c00000, 0x00000000e3c82000, 0x00000000e3d00000)
  to   space 1024K,   0% used [0x00000000e3d00000, 0x00000000e3d00000, 0x00000000e3e00000)
 concurrent mark-sweep generation total 34452K, used 18876K [0x00000000ecca0000, 0x00000000eee45000, 0x0000000100000000)
 Metaspace       used 30832K, capacity 31948K, committed 32128K, reserved 1077248K
  class space    used 3855K, capacity 4120K, committed 4224K, reserved 1048576K
2020-11-07T20:04:21.845+0800: 15.691: [GC (Allocation Failure) 2020-11-07T20:04:21.845+0800: 15.691: [ParNew: 8712K->982K(9216K), 0.0355516 secs] 27588K->19858K(43668K), 0.0356264 secs] [Times: user=0.03 sys=0.00, real=0.03 secs] 
Heap after GC invocations=163 (full 16):
 par new generation   total 9216K, used 982K [0x00000000e3400000, 0x00000000e3e00000, 0x00000000ecca0000)
  eden space 8192K,   0% used [0x00000000e3400000, 0x00000000e3400000, 0x00000000e3c00000)
  from space 1024K,  95% used [0x00000000e3d00000, 0x00000000e3df5818, 0x00000000e3e00000)
  to   space 1024K,   0% used [0x00000000e3c00000, 0x00000000e3c00000, 0x00000000e3d00000)
 concurrent mark-sweep generation total 34452K, used 18876K [0x00000000ecca0000, 0x00000000eee45000, 0x0000000100000000)
 Metaspace       used 30832K, capacity 31948K, committed 32128K, reserved 1077248K
  class space    used 3855K, capacity 4120K, committed 4224K, reserved 1048576K
}
2020-11-07T20:04:22.059+0800: 15.905: Application time: 0.1779249 seconds
{Heap before GC invocations=163 (full 16):
 par new generation   total 9216K, used 9174K [0x00000000e3400000, 0x00000000e3e00000, 0x00000000ecca0000)
  eden space 8192K, 100% used [0x00000000e3400000, 0x00000000e3c00000, 0x00000000e3c00000)
  from space 1024K,  95% used [0x00000000e3d00000, 0x00000000e3df5818, 0x00000000e3e00000)
  to   space 1024K,   0% used [0x00000000e3c00000, 0x00000000e3c00000, 0x00000000e3d00000)
 concurrent mark-sweep generation total 34452K, used 18876K [0x00000000ecca0000, 0x00000000eee45000, 0x0000000100000000)
 Metaspace       used 31132K, capacity 32210K, committed 32384K, reserved 1077248K
  class space    used 3882K, capacity 4121K, committed 4224K, reserved 1048576K
2020-11-07T20:04:22.059+0800: 15.905: [GC (Allocation Failure) 2020-11-07T20:04:22.059+0800: 15.905: [ParNew: 9174K->567K(9216K), 0.0184933 secs] 28050K->20309K(43668K), 0.0185459 secs] [Times: user=0.02 sys=0.00, real=0.02 secs] 
Heap after GC invocations=164 (full 16):
 par new generation   total 9216K, used 567K [0x00000000e3400000, 0x00000000e3e00000, 0x00000000ecca0000)
  eden space 8192K,   0% used [0x00000000e3400000, 0x00000000e3400000, 0x00000000e3c00000)
  from space 1024K,  55% used [0x00000000e3c00000, 0x00000000e3c8dfc0, 0x00000000e3d00000)
  to   space 1024K,   0% used [0x00000000e3d00000, 0x00000000e3d00000, 0x00000000e3e00000)
 concurrent mark-sweep generation total 34452K, used 19741K [0x00000000ecca0000, 0x00000000eee45000, 0x0000000100000000)
 Metaspace       used 31132K, capacity 32210K, committed 32384K, reserved 1077248K
  class space    used 3882K, capacity 4121K, committed 4224K, reserved 1048576K
}
2020-11-07T20:04:22.180+0800: 16.025: Application time: 0.1019959 seconds
{Heap before GC invocations=164 (full 16):
 par new generation   total 9216K, used 8759K [0x00000000e3400000, 0x00000000e3e00000, 0x00000000ecca0000)
  eden space 8192K, 100% used [0x00000000e3400000, 0x00000000e3c00000, 0x00000000e3c00000)
  from space 1024K,  55% used [0x00000000e3c00000, 0x00000000e3c8dfc0, 0x00000000e3d00000)
  to   space 1024K,   0% used [0x00000000e3d00000, 0x00000000e3d00000, 0x00000000e3e00000)
 concurrent mark-sweep generation total 34452K, used 19741K [0x00000000ecca0000, 0x00000000eee45000, 0x0000000100000000)
 Metaspace       used 31245K, capacity 32310K, committed 32640K, reserved 1077248K
  class space    used 3896K, capacity 4155K, committed 4224K, reserved 1048576K
2020-11-07T20:04:22.180+0800: 16.026: [GC (Allocation Failure) 2020-11-07T20:04:22.180+0800: 16.026: [ParNew: 8759K->1024K(9216K), 0.0386152 secs] 28501K->21125K(43668K), 0.0386849 secs] [Times: user=0.03 sys=0.00, real=0.04 secs] 
Heap after GC invocations=165 (full 16):
 par new generation   total 9216K, used 1024K [0x00000000e3400000, 0x00000000e3e00000, 0x00000000ecca0000)
  eden space 8192K,   0% used [0x00000000e3400000, 0x00000000e3400000, 0x00000000e3c00000)
  from space 1024K, 100% used [0x00000000e3d00000, 0x00000000e3e00000, 0x00000000e3e00000)
  to   space 1024K,   0% used [0x00000000e3c00000, 0x00000000e3c00000, 0x00000000e3d00000)
 concurrent mark-sweep generation total 34452K, used 20101K [0x00000000ecca0000, 0x00000000eee45000, 0x0000000100000000)
 Metaspace       used 31245K, capacity 32310K, committed 32640K, reserved 1077248K
  class space    used 3896K, capacity 4155K, committed 4224K, reserved 1048576K
}
2020-11-07T20:04:22.246+0800: 16.092: Application time: 0.0279263 seconds
{Heap before GC invocations=165 (full 16):
 par new generation   total 9216K, used 9216K [0x00000000e3400000, 0x00000000e3e00000, 0x00000000ecca0000)
  eden space 8192K, 100% used [0x00000000e3400000, 0x00000000e3c00000, 0x00000000e3c00000)
  from space 1024K, 100% used [0x00000000e3d00000, 0x00000000e3e00000, 0x00000000e3e00000)
  to   space 1024K,   0% used [0x00000000e3c00000, 0x00000000e3c00000, 0x00000000e3d00000)
 concurrent mark-sweep generation total 34452K, used 20101K [0x00000000ecca0000, 0x00000000eee45000, 0x0000000100000000)
 Metaspace       used 31286K, capacity 32398K, committed 32640K, reserved 1077248K
  class space    used 3900K, capacity 4161K, committed 4224K, reserved 1048576K
2020-11-07T20:04:22.247+0800: 16.092: [GC (Allocation Failure) 2020-11-07T20:04:22.247+0800: 16.092: [ParNew: 9216K->409K(9216K), 0.0240900 secs] 29317K->21452K(43668K), 0.0241556 secs] [Times: user=0.02 sys=0.00, real=0.02 secs] 
Heap after GC invocations=166 (full 16):
 par new generation   total 9216K, used 409K [0x00000000e3400000, 0x00000000e3e00000, 0x00000000ecca0000)
  eden space 8192K,   0% used [0x00000000e3400000, 0x00000000e3400000, 0x00000000e3c00000)
  from space 1024K,  40% used [0x00000000e3c00000, 0x00000000e3c66708, 0x00000000e3d00000)
  to   space 1024K,   0% used [0x00000000e3d00000, 0x00000000e3d00000, 0x00000000e3e00000)
 concurrent mark-sweep generation total 34452K, used 21043K [0x00000000ecca0000, 0x00000000eee45000, 0x0000000100000000)
 Metaspace       used 31286K, capacity 32398K, committed 32640K, reserved 1077248K
  class space    used 3900K, capacity 4161K, committed 4224K, reserved 1048576K
}
2020-11-07T20:04:22.274+0800: 16.120: Application time: 0.0031373 seconds
2020-11-07T20:04:22.274+0800: 16.120: [GC (CMS Initial Mark) [1 CMS-initial-mark: 21043K(34452K)] 22928K(43668K), 0.0025821 secs] [Times: user=0.01 sys=0.00, real=0.01 secs] 
2020-11-07T20:04:22.277+0800: 16.123: [CMS-concurrent-mark-start]
2020-11-07T20:04:22.322+0800: 16.168: Application time: 0.0457478 seconds
{Heap before GC invocations=166 (full 17):
 par new generation   total 9216K, used 8601K [0x00000000e3400000, 0x00000000e3e00000, 0x00000000ecca0000)
  eden space 8192K, 100% used [0x00000000e3400000, 0x00000000e3c00000, 0x00000000e3c00000)
  from space 1024K,  40% used [0x00000000e3c00000, 0x00000000e3c66708, 0x00000000e3d00000)
  to   space 1024K,   0% used [0x00000000e3d00000, 0x00000000e3d00000, 0x00000000e3e00000)
 concurrent mark-sweep generation total 34452K, used 21043K [0x00000000ecca0000, 0x00000000eee45000, 0x0000000100000000)
 Metaspace       used 31300K, capacity 32398K, committed 32640K, reserved 1077248K
  class space    used 3901K, capacity 4161K, committed 4224K, reserved 1048576K
2020-11-07T20:04:22.323+0800: 16.168: [GC (Allocation Failure) 2020-11-07T20:04:22.323+0800: 16.168: [ParNew: 8601K->111K(9216K), 0.0194889 secs] 29644K->21154K(43668K), 0.0195665 secs] [Times: user=0.02 sys=0.00, real=0.02 secs] 
Heap after GC invocations=167 (full 17):
 par new generation   total 9216K, used 111K [0x00000000e3400000, 0x00000000e3e00000, 0x00000000ecca0000)
  eden space 8192K,   0% used [0x00000000e3400000, 0x00000000e3400000, 0x00000000e3c00000)
  from space 1024K,  10% used [0x00000000e3d00000, 0x00000000e3d1bc08, 0x00000000e3e00000)
  to   space 1024K,   0% used [0x00000000e3c00000, 0x00000000e3c00000, 0x00000000e3d00000)
 concurrent mark-sweep generation total 34452K, used 21043K [0x00000000ecca0000, 0x00000000eee45000, 0x0000000100000000)
 Metaspace       used 31300K, capacity 32398K, committed 32640K, reserved 1077248K
  class space    used 3901K, capacity 4161K, committed 4224K, reserved 1048576K
}
2020-11-07T20:04:22.428+0800: 16.273: [CMS-concurrent-mark: 0.126/0.151 secs] [Times: user=0.13 sys=0.00, real=0.15 secs] 
2020-11-07T20:04:22.428+0800: 16.273: [CMS-concurrent-preclean-start]
2020-11-07T20:04:22.429+0800: 16.275: [CMS-concurrent-preclean: 0.001/0.002 secs] [Times: user=0.01 sys=0.00, real=0.00 secs] 
2020-11-07T20:04:22.429+0800: 16.275: [CMS-concurrent-abortable-preclean-start]
2020-11-07T20:04:22.890+0800: 16.736: Application time: 0.5482613 seconds
{Heap before GC invocations=167 (full 17):
 par new generation   total 9216K, used 8303K [0x00000000e3400000, 0x00000000e3e00000, 0x00000000ecca0000)
  eden space 8192K, 100% used [0x00000000e3400000, 0x00000000e3c00000, 0x00000000e3c00000)
  from space 1024K,  10% used [0x00000000e3d00000, 0x00000000e3d1bc08, 0x00000000e3e00000)
  to   space 1024K,   0% used [0x00000000e3c00000, 0x00000000e3c00000, 0x00000000e3d00000)
 concurrent mark-sweep generation total 34452K, used 21043K [0x00000000ecca0000, 0x00000000eee45000, 0x0000000100000000)
 Metaspace       used 31365K, capacity 32428K, committed 32640K, reserved 1077248K
  class space    used 3910K, capacity 4166K, committed 4224K, reserved 1048576K
2020-11-07T20:04:22.891+0800: 16.736: [GC (Allocation Failure) 2020-11-07T20:04:22.891+0800: 16.736: [ParNew: 8303K->745K(9216K), 0.0264738 secs] 29346K->21788K(43668K), 0.0265585 secs] [Times: user=0.03 sys=0.00, real=0.03 secs] 
Heap after GC invocations=168 (full 17):
 par new generation   total 9216K, used 745K [0x00000000e3400000, 0x00000000e3e00000, 0x00000000ecca0000)
  eden space 8192K,   0% used [0x00000000e3400000, 0x00000000e3400000, 0x00000000e3c00000)
  from space 1024K,  72% used [0x00000000e3c00000, 0x00000000e3cba4e0, 0x00000000e3d00000)
  to   space 1024K,   0% used [0x00000000e3d00000, 0x00000000e3d00000, 0x00000000e3e00000)
 concurrent mark-sweep generation total 34452K, used 21043K [0x00000000ecca0000, 0x00000000eee45000, 0x0000000100000000)
 Metaspace       used 31365K, capacity 32428K, committed 32640K, reserved 1077248K
  class space    used 3910K, capacity 4166K, committed 4224K, reserved 1048576K
}
2020-11-07T20:04:22.942+0800: 16.788: Application time: 0.0247712 seconds
{Heap before GC invocations=168 (full 17):
 par new generation   total 9216K, used 8937K [0x00000000e3400000, 0x00000000e3e00000, 0x00000000ecca0000)
  eden space 8192K, 100% used [0x00000000e3400000, 0x00000000e3c00000, 0x00000000e3c00000)
  from space 1024K,  72% used [0x00000000e3c00000, 0x00000000e3cba4e0, 0x00000000e3d00000)
  to   space 1024K,   0% used [0x00000000e3d00000, 0x00000000e3d00000, 0x00000000e3e00000)
 concurrent mark-sweep generation total 34452K, used 21043K [0x00000000ecca0000, 0x00000000eee45000, 0x0000000100000000)
 Metaspace       used 31377K, capacity 32428K, committed 32640K, reserved 1077248K
  class space    used 3910K, capacity 4166K, committed 4224K, reserved 1048576K
2020-11-07T20:04:22.942+0800: 16.788: [GC (Allocation Failure) 2020-11-07T20:04:22.942+0800: 16.788: [ParNew: 8937K->274K(9216K), 0.0296056 secs] 29980K->22043K(43668K), 0.0296558 secs] [Times: user=0.03 sys=0.00, real=0.03 secs] 
Heap after GC invocations=169 (full 17):
 par new generation   total 9216K, used 274K [0x00000000e3400000, 0x00000000e3e00000, 0x00000000ecca0000)
  eden space 8192K,   0% used [0x00000000e3400000, 0x00000000e3400000, 0x00000000e3c00000)
  from space 1024K,  26% used [0x00000000e3d00000, 0x00000000e3d44ae0, 0x00000000e3e00000)
  to   space 1024K,   0% used [0x00000000e3c00000, 0x00000000e3c00000, 0x00000000e3d00000)
 concurrent mark-sweep generation total 34452K, used 21768K [0x00000000ecca0000, 0x00000000eee45000, 0x0000000100000000)
 Metaspace       used 31377K, capacity 32428K, committed 32640K, reserved 1077248K
  class space    used 3910K, capacity 4166K, committed 4224K, reserved 1048576K
}
2020-11-07T20:04:22.975+0800: 16.821: [CMS-concurrent-abortable-preclean: 0.248/0.546 secs] [Times: user=0.50 sys=0.02, real=0.55 secs] 
2020-11-07T20:04:22.982+0800: 16.828: Application time: 0.0101624 seconds
2020-11-07T20:04:22.982+0800: 16.828: [GC (CMS Final Remark) [YG occupancy: 3715 K (9216 K)]2020-11-07T20:04:22.982+0800: 16.828: [Rescan (parallel) , 0.0092675 secs]2020-11-07T20:04:22.992+0800: 16.837: [weak refs processing, 0.0010439 secs]2020-11-07T20:04:22.993+0800: 16.838: [class unloading, 0.0104303 secs]2020-11-07T20:04:23.003+0800: 16.849: [scrub symbol table, 0.0103314 secs]2020-11-07T20:04:23.013+0800: 16.859: [scrub string table, 0.0009539 secs][1 CMS-remark: 21768K(34452K)] 25484K(43668K), 0.0322848 secs] [Times: user=0.03 sys=0.00, real=0.04 secs] 
2020-11-07T20:04:23.018+0800: 16.864: [CMS-concurrent-sweep-start]
2020-11-07T20:04:23.045+0800: 16.891: Application time: 0.0309769 seconds
{Heap before GC invocations=169 (full 17):
 par new generation   total 9216K, used 8466K [0x00000000e3400000, 0x00000000e3e00000, 0x00000000ecca0000)
  eden space 8192K, 100% used [0x00000000e3400000, 0x00000000e3c00000, 0x00000000e3c00000)
  from space 1024K,  26% used [0x00000000e3d00000, 0x00000000e3d44ae0, 0x00000000e3e00000)
  to   space 1024K,   0% used [0x00000000e3c00000, 0x00000000e3c00000, 0x00000000e3d00000)
 concurrent mark-sweep generation total 34452K, used 21578K [0x00000000ecca0000, 0x00000000eee45000, 0x0000000100000000)
 Metaspace       used 31402K, capacity 32492K, committed 32640K, reserved 1077248K
  class space    used 3914K, capacity 4166K, committed 4224K, reserved 1048576K
2020-11-07T20:04:23.046+0800: 16.891: [GC (Allocation Failure) 2020-11-07T20:04:23.046+0800: 16.892: [ParNew: 8466K->122K(9216K), 0.0038409 secs] 30045K->21701K(43668K), 0.0039197 secs] [Times: user=0.00 sys=0.00, real=0.00 secs] 
Heap after GC invocations=170 (full 17):
 par new generation   total 9216K, used 122K [0x00000000e3400000, 0x00000000e3e00000, 0x00000000ecca0000)
  eden space 8192K,   0% used [0x00000000e3400000, 0x00000000e3400000, 0x00000000e3c00000)
  from space 1024K,  12% used [0x00000000e3c00000, 0x00000000e3c1ebe8, 0x00000000e3d00000)
  to   space 1024K,   0% used [0x00000000e3d00000, 0x00000000e3d00000, 0x00000000e3e00000)
 concurrent mark-sweep generation total 34452K, used 21578K [0x00000000ecca0000, 0x00000000eee45000, 0x0000000100000000)
 Metaspace       used 31402K, capacity 32492K, committed 32640K, reserved 1077248K
  class space    used 3914K, capacity 4166K, committed 4224K, reserved 1048576K
}
2020-11-07T20:04:23.059+0800: 16.905: [CMS-concurrent-sweep: 0.037/0.041 secs] [Times: user=0.04 sys=0.00, real=0.04 secs] 
2020-11-07T20:04:23.059+0800: 16.905: [CMS-concurrent-reset-start]
2020-11-07T20:04:23.060+0800: 16.906: [CMS-concurrent-reset: 0.001/0.001 secs] [Times: user=0.00 sys=0.00, real=0.00 secs] 
2020-11-07T20:04:23.079+0800: 16.925: Application time: 0.0296972 seconds
{Heap before GC invocations=170 (full 17):
 par new generation   total 9216K, used 8314K [0x00000000e3400000, 0x00000000e3e00000, 0x00000000ecca0000)
  eden space 8192K, 100% used [0x00000000e3400000, 0x00000000e3c00000, 0x00000000e3c00000)
  from space 1024K,  12% used [0x00000000e3c00000, 0x00000000e3c1ebe8, 0x00000000e3d00000)
  to   space 1024K,   0% used [0x00000000e3d00000, 0x00000000e3d00000, 0x00000000e3e00000)
 concurrent mark-sweep generation total 35576K, used 21343K [0x00000000ecca0000, 0x00000000eef5e000, 0x0000000100000000)
 Metaspace       used 31398K, capacity 32480K, committed 32640K, reserved 1077248K
  class space    used 3913K, capacity 4164K, committed 4224K, reserved 1048576K
2020-11-07T20:04:23.079+0800: 16.925: [GC (Allocation Failure) 2020-11-07T20:04:23.080+0800: 16.925: [ParNew: 8314K->120K(9216K), 0.0048286 secs] 29658K->21463K(44792K), 0.0048996 secs] [Times: user=0.00 sys=0.00, real=0.00 secs] 
Heap after GC invocations=171 (full 17):
 par new generation   total 9216K, used 120K [0x00000000e3400000, 0x00000000e3e00000, 0x00000000ecca0000)
  eden space 8192K,   0% used [0x00000000e3400000, 0x00000000e3400000, 0x00000000e3c00000)
  from space 1024K,  11% used [0x00000000e3d00000, 0x00000000e3d1e230, 0x00000000e3e00000)
  to   space 1024K,   0% used [0x00000000e3c00000, 0x00000000e3c00000, 0x00000000e3d00000)
 concurrent mark-sweep generation total 35576K, used 21343K [0x00000000ecca0000, 0x00000000eef5e000, 0x0000000100000000)
 Metaspace       used 31398K, capacity 32480K, committed 32640K, reserved 1077248K
  class space    used 3913K, capacity 4164K, committed 4224K, reserved 1048576K
}
2020-11-07T20:04:23.100+0800: 16.945: Application time: 0.0152048 seconds
{Heap before GC invocations=171 (full 17):
 par new generation   total 9216K, used 8312K [0x00000000e3400000, 0x00000000e3e00000, 0x00000000ecca0000)
  eden space 8192K, 100% used [0x00000000e3400000, 0x00000000e3c00000, 0x00000000e3c00000)
  from space 1024K,  11% used [0x00000000e3d00000, 0x00000000e3d1e230, 0x00000000e3e00000)
  to   space 1024K,   0% used [0x00000000e3c00000, 0x00000000e3c00000, 0x00000000e3d00000)
 concurrent mark-sweep generation total 35576K, used 21343K [0x00000000ecca0000, 0x00000000eef5e000, 0x0000000100000000)
 Metaspace       used 31401K, capacity 32544K, committed 32896K, reserved 1077248K
  class space    used 3913K, capacity 4164K, committed 4224K, reserved 1048576K
2020-11-07T20:04:23.100+0800: 16.946: [GC (Allocation Failure) 2020-11-07T20:04:23.100+0800: 16.946: [ParNew: 8312K->139K(9216K), 0.0034093 secs] 29655K->21483K(44792K), 0.0034663 secs] [Times: user=0.00 sys=0.00, real=0.00 secs] 
Heap after GC invocations=172 (full 17):
 par new generation   total 9216K, used 139K [0x00000000e3400000, 0x00000000e3e00000, 0x00000000ecca0000)
  eden space 8192K,   0% used [0x00000000e3400000, 0x00000000e3400000, 0x00000000e3c00000)
  from space 1024K,  13% used [0x00000000e3c00000, 0x00000000e3c22f10, 0x00000000e3d00000)
  to   space 1024K,   0% used [0x00000000e3d00000, 0x00000000e3d00000, 0x00000000e3e00000)
 concurrent mark-sweep generation total 35576K, used 21343K [0x00000000ecca0000, 0x00000000eef5e000, 0x0000000100000000)
 Metaspace       used 31401K, capacity 32544K, committed 32896K, reserved 1077248K
  class space    used 3913K, capacity 4164K, committed 4224K, reserved 1048576K
}
2020-11-07T20:04:23.165+0800: 17.011: Application time: 0.0616611 seconds
{Heap before GC invocations=172 (full 17):
 par new generation   total 9216K, used 8331K [0x00000000e3400000, 0x00000000e3e00000, 0x00000000ecca0000)
  eden space 8192K, 100% used [0x00000000e3400000, 0x00000000e3c00000, 0x00000000e3c00000)
  from space 1024K,  13% used [0x00000000e3c00000, 0x00000000e3c22f10, 0x00000000e3d00000)
  to   space 1024K,   0% used [0x00000000e3d00000, 0x00000000e3d00000, 0x00000000e3e00000)
 concurrent mark-sweep generation total 35576K, used 21343K [0x00000000ecca0000, 0x00000000eef5e000, 0x0000000100000000)
 Metaspace       used 31524K, capacity 32672K, committed 32896K, reserved 1077248K
  class space    used 3935K, capacity 4178K, committed 4224K, reserved 1048576K
2020-11-07T20:04:23.165+0800: 17.011: [GC (Allocation Failure) 2020-11-07T20:04:23.165+0800: 17.011: [ParNew: 8331K->381K(9216K), 0.0152630 secs] 29675K->21724K(44792K), 0.0153249 secs] [Times: user=0.01 sys=0.00, real=0.01 secs] 
Heap after GC invocations=173 (full 17):
 par new generation   total 9216K, used 381K [0x00000000e3400000, 0x00000000e3e00000, 0x00000000ecca0000)
  eden space 8192K,   0% used [0x00000000e3400000, 0x00000000e3400000, 0x00000000e3c00000)
  from space 1024K,  37% used [0x00000000e3d00000, 0x00000000e3d5f4e8, 0x00000000e3e00000)
  to   space 1024K,   0% used [0x00000000e3c00000, 0x00000000e3c00000, 0x00000000e3d00000)
 concurrent mark-sweep generation total 35576K, used 21343K [0x00000000ecca0000, 0x00000000eef5e000, 0x0000000100000000)
 Metaspace       used 31524K, capacity 32672K, committed 32896K, reserved 1077248K
  class space    used 3935K, capacity 4178K, committed 4224K, reserved 1048576K
}
2020-11-07T20:04:23.226+0800: 17.071: Application time: 0.0450381 seconds
{Heap before GC invocations=173 (full 17):
 par new generation   total 9216K, used 8573K [0x00000000e3400000, 0x00000000e3e00000, 0x00000000ecca0000)
  eden space 8192K, 100% used [0x00000000e3400000, 0x00000000e3c00000, 0x00000000e3c00000)
  from space 1024K,  37% used [0x00000000e3d00000, 0x00000000e3d5f4e8, 0x00000000e3e00000)
  to   space 1024K,   0% used [0x00000000e3c00000, 0x00000000e3c00000, 0x00000000e3d00000)
 concurrent mark-sweep generation total 35576K, used 21343K [0x00000000ecca0000, 0x00000000eef5e000, 0x0000000100000000)
 Metaspace       used 31586K, capacity 32768K, committed 32896K, reserved 1077248K
  class space    used 3943K, capacity 4210K, committed 4224K, reserved 1048576K
2020-11-07T20:04:23.226+0800: 17.072: [GC (Allocation Failure) 2020-11-07T20:04:23.226+0800: 17.072: [ParNew: 8573K->389K(9216K), 0.0107923 secs] 29916K->21732K(44792K), 0.0108474 secs] [Times: user=0.01 sys=0.00, real=0.01 secs] 
Heap after GC invocations=174 (full 17):
 par new generation   total 9216K, used 389K [0x00000000e3400000, 0x00000000e3e00000, 0x00000000ecca0000)
  eden space 8192K,   0% used [0x00000000e3400000, 0x00000000e3400000, 0x00000000e3c00000)
  from space 1024K,  38% used [0x00000000e3c00000, 0x00000000e3c61628, 0x00000000e3d00000)
  to   space 1024K,   0% used [0x00000000e3d00000, 0x00000000e3d00000, 0x00000000e3e00000)
 concurrent mark-sweep generation total 35576K, used 21343K [0x00000000ecca0000, 0x00000000eef5e000, 0x0000000100000000)
 Metaspace       used 31586K, capacity 32768K, committed 32896K, reserved 1077248K
  class space    used 3943K, capacity 4210K, committed 4224K, reserved 1048576K
}
2020-11-07T20:04:23.364+0800: 17.209: Application time: 0.1269341 seconds
{Heap before GC invocations=174 (full 17):
 par new generation   total 9216K, used 8581K [0x00000000e3400000, 0x00000000e3e00000, 0x00000000ecca0000)
  eden space 8192K, 100% used [0x00000000e3400000, 0x00000000e3c00000, 0x00000000e3c00000)
  from space 1024K,  38% used [0x00000000e3c00000, 0x00000000e3c61628, 0x00000000e3d00000)
  to   space 1024K,   0% used [0x00000000e3d00000, 0x00000000e3d00000, 0x00000000e3e00000)
 concurrent mark-sweep generation total 35576K, used 21343K [0x00000000ecca0000, 0x00000000eef5e000, 0x0000000100000000)
 Metaspace       used 31772K, capacity 32962K, committed 33280K, reserved 1079296K
  class space    used 3975K, capacity 4253K, committed 4352K, reserved 1048576K
2020-11-07T20:04:23.364+0800: 17.210: [GC (Allocation Failure) 2020-11-07T20:04:23.364+0800: 17.210: [ParNew: 8581K->619K(9216K), 0.0162592 secs] 29924K->21963K(44792K), 0.0163261 secs] [Times: user=0.02 sys=0.00, real=0.02 secs] 
Heap after GC invocations=175 (full 17):
 par new generation   total 9216K, used 619K [0x00000000e3400000, 0x00000000e3e00000, 0x00000000ecca0000)
  eden space 8192K,   0% used [0x00000000e3400000, 0x00000000e3400000, 0x00000000e3c00000)
  from space 1024K,  60% used [0x00000000e3d00000, 0x00000000e3d9afc0, 0x00000000e3e00000)
  to   space 1024K,   0% used [0x00000000e3c00000, 0x00000000e3c00000, 0x00000000e3d00000)
 concurrent mark-sweep generation total 35576K, used 21343K [0x00000000ecca0000, 0x00000000eef5e000, 0x0000000100000000)
 Metaspace       used 31772K, capacity 32962K, committed 33280K, reserved 1079296K
  class space    used 3975K, capacity 4253K, committed 4352K, reserved 1048576K
}
2020-11-07T20:04:23.410+0800: 17.256: Application time: 0.0299776 seconds
{Heap before GC invocations=175 (full 17):
 par new generation   total 9216K, used 8811K [0x00000000e3400000, 0x00000000e3e00000, 0x00000000ecca0000)
  eden space 8192K, 100% used [0x00000000e3400000, 0x00000000e3c00000, 0x00000000e3c00000)
  from space 1024K,  60% used [0x00000000e3d00000, 0x00000000e3d9afc0, 0x00000000e3e00000)
  to   space 1024K,   0% used [0x00000000e3c00000, 0x00000000e3c00000, 0x00000000e3d00000)
 concurrent mark-sweep generation total 35576K, used 21343K [0x00000000ecca0000, 0x00000000eef5e000, 0x0000000100000000)
 Metaspace       used 31778K, capacity 32962K, committed 33280K, reserved 1079296K
  class space    used 3975K, capacity 4253K, committed 4352K, reserved 1048576K
2020-11-07T20:04:23.410+0800: 17.256: [GC (Allocation Failure) 2020-11-07T20:04:23.410+0800: 17.256: [ParNew: 8811K->305K(9216K), 0.0077119 secs] 30155K->21718K(44792K), 0.0077611 secs] [Times: user=0.00 sys=0.00, real=0.01 secs] 
Heap after GC invocations=176 (full 17):
 par new generation   total 9216K, used 305K [0x00000000e3400000, 0x00000000e3e00000, 0x00000000ecca0000)
  eden space 8192K,   0% used [0x00000000e3400000, 0x00000000e3400000, 0x00000000e3c00000)
  from space 1024K,  29% used [0x00000000e3c00000, 0x00000000e3c4c500, 0x00000000e3d00000)
  to   space 1024K,   0% used [0x00000000e3d00000, 0x00000000e3d00000, 0x00000000e3e00000)
 concurrent mark-sweep generation total 35576K, used 21412K [0x00000000ecca0000, 0x00000000eef5e000, 0x0000000100000000)
 Metaspace       used 31778K, capacity 32962K, committed 33280K, reserved 1079296K
  class space    used 3975K, capacity 4253K, committed 4352K, reserved 1048576K
}
2020-11-07T20:04:23.422+0800: 17.268: Application time: 0.0035479 seconds
2020-11-07T20:04:23.422+0800: 17.268: [GC (CMS Initial Mark) [1 CMS-initial-mark: 21412K(35576K)] 22866K(44792K), 0.0033007 secs] [Times: user=0.00 sys=0.00, real=0.01 secs] 
2020-11-07T20:04:23.425+0800: 17.271: [CMS-concurrent-mark-start]
2020-11-07T20:04:23.486+0800: 17.332: Application time: 0.0612190 seconds
{Heap before GC invocations=176 (full 18):
 par new generation   total 9216K, used 8497K [0x00000000e3400000, 0x00000000e3e00000, 0x00000000ecca0000)
  eden space 8192K, 100% used [0x00000000e3400000, 0x00000000e3c00000, 0x00000000e3c00000)
  from space 1024K,  29% used [0x00000000e3c00000, 0x00000000e3c4c500, 0x00000000e3d00000)
  to   space 1024K,   0% used [0x00000000e3d00000, 0x00000000e3d00000, 0x00000000e3e00000)
 concurrent mark-sweep generation total 35576K, used 21412K [0x00000000ecca0000, 0x00000000eef5e000, 0x0000000100000000)
 Metaspace       used 31828K, capacity 32962K, committed 33280K, reserved 1079296K
  class space    used 3982K, capacity 4253K, committed 4352K, reserved 1048576K
2020-11-07T20:04:23.487+0800: 17.332: [GC (Allocation Failure) 2020-11-07T20:04:23.487+0800: 17.332: [ParNew: 8497K->441K(9216K), 0.0045100 secs] 29910K->21854K(44792K), 0.0045771 secs] [Times: user=0.00 sys=0.00, real=0.00 secs] 
Heap after GC invocations=177 (full 18):
 par new generation   total 9216K, used 441K [0x00000000e3400000, 0x00000000e3e00000, 0x00000000ecca0000)
  eden space 8192K,   0% used [0x00000000e3400000, 0x00000000e3400000, 0x00000000e3c00000)
  from space 1024K,  43% used [0x00000000e3d00000, 0x00000000e3d6e758, 0x00000000e3e00000)
  to   space 1024K,   0% used [0x00000000e3c00000, 0x00000000e3c00000, 0x00000000e3d00000)
 concurrent mark-sweep generation total 35576K, used 21412K [0x00000000ecca0000, 0x00000000eef5e000, 0x0000000100000000)
 Metaspace       used 31828K, capacity 32962K, committed 33280K, reserved 1079296K
  class space    used 3982K, capacity 4253K, committed 4352K, reserved 1048576K
}
2020-11-07T20:04:23.565+0800: 17.411: Application time: 0.0740839 seconds
{Heap before GC invocations=177 (full 18):
 par new generation   total 9216K, used 8633K [0x00000000e3400000, 0x00000000e3e00000, 0x00000000ecca0000)
  eden space 8192K, 100% used [0x00000000e3400000, 0x00000000e3c00000, 0x00000000e3c00000)
  from space 1024K,  43% used [0x00000000e3d00000, 0x00000000e3d6e758, 0x00000000e3e00000)
  to   space 1024K,   0% used [0x00000000e3c00000, 0x00000000e3c00000, 0x00000000e3d00000)
 concurrent mark-sweep generation total 35576K, used 21412K [0x00000000ecca0000, 0x00000000eef5e000, 0x0000000100000000)
 Metaspace       used 31839K, capacity 32962K, committed 33280K, reserved 1079296K
  class space    used 3983K, capacity 4253K, committed 4352K, reserved 1048576K
2020-11-07T20:04:23.565+0800: 17.411: [GC (Allocation Failure) 2020-11-07T20:04:23.565+0800: 17.411: [ParNew: 8633K->525K(9216K), 0.0128618 secs] 30046K->21938K(44792K), 0.0129276 secs] [Times: user=0.02 sys=0.00, real=0.01 secs] 
Heap after GC invocations=178 (full 18):
 par new generation   total 9216K, used 525K [0x00000000e3400000, 0x00000000e3e00000, 0x00000000ecca0000)
  eden space 8192K,   0% used [0x00000000e3400000, 0x00000000e3400000, 0x00000000e3c00000)
  from space 1024K,  51% used [0x00000000e3c00000, 0x00000000e3c83570, 0x00000000e3d00000)
  to   space 1024K,   0% used [0x00000000e3d00000, 0x00000000e3d00000, 0x00000000e3e00000)
 concurrent mark-sweep generation total 35576K, used 21412K [0x00000000ecca0000, 0x00000000eef5e000, 0x0000000100000000)
 Metaspace       used 31839K, capacity 32962K, committed 33280K, reserved 1079296K
  class space    used 3983K, capacity 4253K, committed 4352K, reserved 1048576K
}
2020-11-07T20:04:23.600+0800: 17.446: [CMS-concurrent-mark: 0.154/0.175 secs] [Times: user=0.17 sys=0.00, real=0.17 secs] 
2020-11-07T20:04:23.600+0800: 17.446: [CMS-concurrent-preclean-start]
2020-11-07T20:04:23.602+0800: 17.448: [CMS-concurrent-preclean: 0.002/0.002 secs] [Times: user=0.00 sys=0.00, real=0.00 secs] 
2020-11-07T20:04:23.602+0800: 17.448: [CMS-concurrent-abortable-preclean-start]
2020-11-07T20:04:23.606+0800: 17.451: Application time: 0.0271930 seconds
{Heap before GC invocations=178 (full 18):
 par new generation   total 9216K, used 8717K [0x00000000e3400000, 0x00000000e3e00000, 0x00000000ecca0000)
  eden space 8192K, 100% used [0x00000000e3400000, 0x00000000e3c00000, 0x00000000e3c00000)
  from space 1024K,  51% used [0x00000000e3c00000, 0x00000000e3c83570, 0x00000000e3d00000)
  to   space 1024K,   0% used [0x00000000e3d00000, 0x00000000e3d00000, 0x00000000e3e00000)
 concurrent mark-sweep generation total 35576K, used 21412K [0x00000000ecca0000, 0x00000000eef5e000, 0x0000000100000000)
 Metaspace       used 31846K, capacity 32962K, committed 33280K, reserved 1079296K
  class space    used 3984K, capacity 4253K, committed 4352K, reserved 1048576K
2020-11-07T20:04:23.606+0800: 17.452: [GC (Allocation Failure) 2020-11-07T20:04:23.606+0800: 17.452: [ParNew: 8717K->411K(9216K), 0.0052274 secs] 30130K->21824K(44792K), 0.0053011 secs] [Times: user=0.01 sys=0.00, real=0.00 secs] 
Heap after GC invocations=179 (full 18):
 par new generation   total 9216K, used 411K [0x00000000e3400000, 0x00000000e3e00000, 0x00000000ecca0000)
  eden space 8192K,   0% used [0x00000000e3400000, 0x00000000e3400000, 0x00000000e3c00000)
  from space 1024K,  40% used [0x00000000e3d00000, 0x00000000e3d66ce0, 0x00000000e3e00000)
  to   space 1024K,   0% used [0x00000000e3c00000, 0x00000000e3c00000, 0x00000000e3d00000)
 concurrent mark-sweep generation total 35576K, used 21412K [0x00000000ecca0000, 0x00000000eef5e000, 0x0000000100000000)
 Metaspace       used 31846K, capacity 32962K, committed 33280K, reserved 1079296K
  class space    used 3984K, capacity 4253K, committed 4352K, reserved 1048576K
}
2020-11-07T20:04:23.704+0800: 17.550: Application time: 0.0932923 seconds
{Heap before GC invocations=179 (full 18):
 par new generation   total 9216K, used 8603K [0x00000000e3400000, 0x00000000e3e00000, 0x00000000ecca0000)
  eden space 8192K, 100% used [0x00000000e3400000, 0x00000000e3c00000, 0x00000000e3c00000)
  from space 1024K,  40% used [0x00000000e3d00000, 0x00000000e3d66ce0, 0x00000000e3e00000)
  to   space 1024K,   0% used [0x00000000e3c00000, 0x00000000e3c00000, 0x00000000e3d00000)
 concurrent mark-sweep generation total 35576K, used 21412K [0x00000000ecca0000, 0x00000000eef5e000, 0x0000000100000000)
 Metaspace       used 32031K, capacity 33160K, committed 33280K, reserved 1079296K
  class space    used 4007K, capacity 4254K, committed 4352K, reserved 1048576K
2020-11-07T20:04:23.705+0800: 17.550: [GC (Allocation Failure) 2020-11-07T20:04:23.705+0800: 17.550: [ParNew: 8603K->607K(9216K), 0.0175712 secs] 30016K->22057K(44792K), 0.0176237 secs] [Times: user=0.02 sys=0.00, real=0.01 secs] 
Heap after GC invocations=180 (full 18):
 par new generation   total 9216K, used 607K [0x00000000e3400000, 0x00000000e3e00000, 0x00000000ecca0000)
  eden space 8192K,   0% used [0x00000000e3400000, 0x00000000e3400000, 0x00000000e3c00000)
  from space 1024K,  59% used [0x00000000e3c00000, 0x00000000e3c97fd0, 0x00000000e3d00000)
  to   space 1024K,   0% used [0x00000000e3d00000, 0x00000000e3d00000, 0x00000000e3e00000)
 concurrent mark-sweep generation total 35576K, used 21449K [0x00000000ecca0000, 0x00000000eef5e000, 0x0000000100000000)
 Metaspace       used 32031K, capacity 33160K, committed 33280K, reserved 1079296K
  class space    used 4007K, capacity 4254K, committed 4352K, reserved 1048576K
}
2020-11-07T20:04:23.847+0800: 17.693: Application time: 0.1246240 seconds
{Heap before GC invocations=180 (full 18):
 par new generation   total 9216K, used 8799K [0x00000000e3400000, 0x00000000e3e00000, 0x00000000ecca0000)
  eden space 8192K, 100% used [0x00000000e3400000, 0x00000000e3c00000, 0x00000000e3c00000)
  from space 1024K,  59% used [0x00000000e3c00000, 0x00000000e3c97fd0, 0x00000000e3d00000)
  to   space 1024K,   0% used [0x00000000e3d00000, 0x00000000e3d00000, 0x00000000e3e00000)
 concurrent mark-sweep generation total 35576K, used 21449K [0x00000000ecca0000, 0x00000000eef5e000, 0x0000000100000000)
 Metaspace       used 32179K, capacity 33386K, committed 33536K, reserved 1079296K
  class space    used 4027K, capacity 4297K, committed 4352K, reserved 1048576K
2020-11-07T20:04:23.847+0800: 17.693: [GC (Allocation Failure) 2020-11-07T20:04:23.847+0800: 17.693: [ParNew: 8799K->870K(9216K), 0.0189886 secs] 30249K->22433K(44792K), 0.0190661 secs] [Times: user=0.02 sys=0.00, real=0.02 secs] 
Heap after GC invocations=181 (full 18):
 par new generation   total 9216K, used 870K [0x00000000e3400000, 0x00000000e3e00000, 0x00000000ecca0000)
  eden space 8192K,   0% used [0x00000000e3400000, 0x00000000e3400000, 0x00000000e3c00000)
  from space 1024K,  84% used [0x00000000e3d00000, 0x00000000e3dd9960, 0x00000000e3e00000)
  to   space 1024K,   0% used [0x00000000e3c00000, 0x00000000e3c00000, 0x00000000e3d00000)
 concurrent mark-sweep generation total 35576K, used 21563K [0x00000000ecca0000, 0x00000000eef5e000, 0x0000000100000000)
 Metaspace       used 32179K, capacity 33386K, committed 33536K, reserved 1079296K
  class space    used 4027K, capacity 4297K, committed 4352K, reserved 1048576K
}
2020-11-07T20:04:23.951+0800: 17.797: Application time: 0.0845411 seconds
{Heap before GC invocations=181 (full 18):
 par new generation   total 9216K, used 9062K [0x00000000e3400000, 0x00000000e3e00000, 0x00000000ecca0000)
  eden space 8192K, 100% used [0x00000000e3400000, 0x00000000e3c00000, 0x00000000e3c00000)
  from space 1024K,  84% used [0x00000000e3d00000, 0x00000000e3dd9960, 0x00000000e3e00000)
  to   space 1024K,   0% used [0x00000000e3c00000, 0x00000000e3c00000, 0x00000000e3d00000)
 concurrent mark-sweep generation total 35576K, used 21563K [0x00000000ecca0000, 0x00000000eef5e000, 0x0000000100000000)
 Metaspace       used 32464K, capacity 33674K, committed 33792K, reserved 1079296K
  class space    used 4055K, capacity 4329K, committed 4352K, reserved 1048576K
2020-11-07T20:04:23.951+0800: 17.797: [GC (Allocation Failure) 2020-11-07T20:04:23.951+0800: 17.797: [ParNew: 9062K->857K(9216K), 0.0324321 secs] 30625K->22640K(44792K), 0.0324927 secs] [Times: user=0.03 sys=0.00, real=0.03 secs] 
Heap after GC invocations=182 (full 18):
 par new generation   total 9216K, used 857K [0x00000000e3400000, 0x00000000e3e00000, 0x00000000ecca0000)
  eden space 8192K,   0% used [0x00000000e3400000, 0x00000000e3400000, 0x00000000e3c00000)
  from space 1024K,  83% used [0x00000000e3c00000, 0x00000000e3cd6520, 0x00000000e3d00000)
  to   space 1024K,   0% used [0x00000000e3d00000, 0x00000000e3d00000, 0x00000000e3e00000)
 concurrent mark-sweep generation total 35576K, used 21783K [0x00000000ecca0000, 0x00000000eef5e000, 0x0000000100000000)
 Metaspace       used 32464K, capacity 33674K, committed 33792K, reserved 1079296K
  class space    used 4055K, capacity 4329K, committed 4352K, reserved 1048576K
}
2020-11-07T20:04:23.983+0800: 17.829: [CMS-concurrent-abortable-preclean: 0.117/0.381 secs] [Times: user=0.35 sys=0.01, real=0.38 secs] 
2020-11-07T20:04:23.990+0800: 17.836: Application time: 0.0067213 seconds
2020-11-07T20:04:23.990+0800: 17.836: [GC (CMS Final Remark) [YG occupancy: 1525 K (9216 K)]2020-11-07T20:04:23.990+0800: 17.836: [Rescan (parallel) , 0.0180643 secs]2020-11-07T20:04:24.009+0800: 17.854: [weak refs processing, 0.0000947 secs]2020-11-07T20:04:24.009+0800: 17.854: [class unloading, 0.0110887 secs]2020-11-07T20:04:24.020+0800: 17.866: [scrub symbol table, 0.0172617 secs]2020-11-07T20:04:24.037+0800: 17.883: [scrub string table, 0.0006407 secs][1 CMS-remark: 21783K(35576K)] 23308K(44792K), 0.0473835 secs] [Times: user=0.05 sys=0.00, real=0.05 secs] 
2020-11-07T20:04:24.042+0800: 17.888: [CMS-concurrent-sweep-start]
2020-11-07T20:04:24.066+0800: 17.912: [CMS-concurrent-sweep: 0.024/0.024 secs] [Times: user=0.02 sys=0.00, real=0.03 secs] 
2020-11-07T20:04:24.066+0800: 17.912: [CMS-concurrent-reset-start]
2020-11-07T20:04:24.067+0800: 17.913: [CMS-concurrent-reset: 0.001/0.001 secs] [Times: user=0.00 sys=0.00, real=0.00 secs] 
2020-11-07T20:04:24.112+0800: 17.958: Application time: 0.0745800 seconds
{Heap before GC invocations=182 (full 18):
 par new generation   total 9216K, used 9049K [0x00000000e3400000, 0x00000000e3e00000, 0x00000000ecca0000)
  eden space 8192K, 100% used [0x00000000e3400000, 0x00000000e3c00000, 0x00000000e3c00000)
  from space 1024K,  83% used [0x00000000e3c00000, 0x00000000e3cd6520, 0x00000000e3d00000)
  to   space 1024K,   0% used [0x00000000e3d00000, 0x00000000e3d00000, 0x00000000e3e00000)
 concurrent mark-sweep generation total 36172K, used 21702K [0x00000000ecca0000, 0x00000000eeff3000, 0x0000000100000000)
 Metaspace       used 32850K, capacity 34002K, committed 34176K, reserved 1079296K
  class space    used 4099K, capacity 4357K, committed 4480K, reserved 1048576K
2020-11-07T20:04:24.113+0800: 17.958: [GC (Allocation Failure) 2020-11-07T20:04:24.113+0800: 17.958: [ParNew: 9049K->628K(9216K), 0.0316254 secs] 30752K->22750K(45388K), 0.0317124 secs] [Times: user=0.03 sys=0.00, real=0.03 secs] 
Heap after GC invocations=183 (full 18):
 par new generation   total 9216K, used 628K [0x00000000e3400000, 0x00000000e3e00000, 0x00000000ecca0000)
  eden space 8192K,   0% used [0x00000000e3400000, 0x00000000e3400000, 0x00000000e3c00000)
  from space 1024K,  61% used [0x00000000e3d00000, 0x00000000e3d9d008, 0x00000000e3e00000)
  to   space 1024K,   0% used [0x00000000e3c00000, 0x00000000e3c00000, 0x00000000e3d00000)
 concurrent mark-sweep generation total 36172K, used 22122K [0x00000000ecca0000, 0x00000000eeff3000, 0x0000000100000000)
 Metaspace       used 32850K, capacity 34002K, committed 34176K, reserved 1079296K
  class space    used 4099K, capacity 4357K, committed 4480K, reserved 1048576K
}
2020-11-07T20:04:24.148+0800: 17.994: Application time: 0.0033787 seconds
2020-11-07T20:04:24.148+0800: 17.994: [GC (CMS Initial Mark) [1 CMS-initial-mark: 22122K(36172K)] 23566K(45388K), 0.0022410 secs] [Times: user=0.00 sys=0.00, real=0.00 secs] 
2020-11-07T20:04:24.150+0800: 17.996: [CMS-concurrent-mark-start]
2020-11-07T20:04:24.216+0800: 18.062: Application time: 0.0659187 seconds
{Heap before GC invocations=183 (full 19):
 par new generation   total 9216K, used 8820K [0x00000000e3400000, 0x00000000e3e00000, 0x00000000ecca0000)
  eden space 8192K, 100% used [0x00000000e3400000, 0x00000000e3c00000, 0x00000000e3c00000)
  from space 1024K,  61% used [0x00000000e3d00000, 0x00000000e3d9d008, 0x00000000e3e00000)
  to   space 1024K,   0% used [0x00000000e3c00000, 0x00000000e3c00000, 0x00000000e3d00000)
 concurrent mark-sweep generation total 36172K, used 22122K [0x00000000ecca0000, 0x00000000eeff3000, 0x0000000100000000)
 Metaspace       used 33250K, capacity 34418K, committed 34688K, reserved 1079296K
  class space    used 4136K, capacity 4389K, committed 4480K, reserved 1048576K
2020-11-07T20:04:24.216+0800: 18.062: [GC (Allocation Failure) 2020-11-07T20:04:24.216+0800: 18.062: [ParNew: 8820K->606K(9216K), 0.0156260 secs] 30942K->22729K(45388K), 0.0156921 secs] [Times: user=0.02 sys=0.00, real=0.01 secs] 
Heap after GC invocations=184 (full 19):
 par new generation   total 9216K, used 606K [0x00000000e3400000, 0x00000000e3e00000, 0x00000000ecca0000)
  eden space 8192K,   0% used [0x00000000e3400000, 0x00000000e3400000, 0x00000000e3c00000)
  from space 1024K,  59% used [0x00000000e3c00000, 0x00000000e3c97bc8, 0x00000000e3d00000)
  to   space 1024K,   0% used [0x00000000e3d00000, 0x00000000e3d00000, 0x00000000e3e00000)
 concurrent mark-sweep generation total 36172K, used 22122K [0x00000000ecca0000, 0x00000000eeff3000, 0x0000000100000000)
 Metaspace       used 33250K, capacity 34418K, committed 34688K, reserved 1079296K
  class space    used 4136K, capacity 4389K, committed 4480K, reserved 1048576K
}
2020-11-07T20:04:24.241+0800: 18.087: Application time: 0.0094123 seconds
2020-11-07T20:04:24.247+0800: 18.093: Application time: 0.0055057 seconds
2020-11-07T20:04:24.269+0800: 18.114: [CMS-concurrent-mark: 0.099/0.118 secs] [Times: user=0.12 sys=0.00, real=0.12 secs] 
2020-11-07T20:04:24.269+0800: 18.114: [CMS-concurrent-preclean-start]
2020-11-07T20:04:24.283+0800: 18.129: [CMS-concurrent-preclean: 0.014/0.014 secs] [Times: user=0.01 sys=0.00, real=0.01 secs] 
2020-11-07T20:04:24.283+0800: 18.129: [CMS-concurrent-abortable-preclean-start]
2020-11-07T20:04:24.316+0800: 18.162: Application time: 0.0677807 seconds
{Heap before GC invocations=184 (full 19):
 par new generation   total 9216K, used 8798K [0x00000000e3400000, 0x00000000e3e00000, 0x00000000ecca0000)
  eden space 8192K, 100% used [0x00000000e3400000, 0x00000000e3c00000, 0x00000000e3c00000)
  from space 1024K,  59% used [0x00000000e3c00000, 0x00000000e3c97bc8, 0x00000000e3d00000)
  to   space 1024K,   0% used [0x00000000e3d00000, 0x00000000e3d00000, 0x00000000e3e00000)
 concurrent mark-sweep generation total 36172K, used 22122K [0x00000000ecca0000, 0x00000000eeff3000, 0x0000000100000000)
 Metaspace       used 33605K, capacity 34802K, committed 34944K, reserved 1079296K
  class space    used 4184K, capacity 4453K, committed 4480K, reserved 1048576K
2020-11-07T20:04:24.316+0800: 18.162: [GC (Allocation Failure) 2020-11-07T20:04:24.316+0800: 18.162: [ParNew: 8798K->350K(9216K), 0.0263511 secs] 30921K->22618K(45388K), 0.0264586 secs] [Times: user=0.02 sys=0.01, real=0.02 secs] 
Heap after GC invocations=185 (full 19):
 par new generation   total 9216K, used 350K [0x00000000e3400000, 0x00000000e3e00000, 0x00000000ecca0000)
  eden space 8192K,   0% used [0x00000000e3400000, 0x00000000e3400000, 0x00000000e3c00000)
  from space 1024K,  34% used [0x00000000e3d00000, 0x00000000e3d57b08, 0x00000000e3e00000)
  to   space 1024K,   0% used [0x00000000e3c00000, 0x00000000e3c00000, 0x00000000e3d00000)
 concurrent mark-sweep generation total 36172K, used 22267K [0x00000000ecca0000, 0x00000000eeff3000, 0x0000000100000000)
 Metaspace       used 33605K, capacity 34802K, committed 34944K, reserved 1079296K
  class space    used 4184K, capacity 4453K, committed 4480K, reserved 1048576K
}
2020-11-07T20:04:24.645+0800: 18.491: [CMS-concurrent-abortable-preclean: 0.008/0.362 secs] [Times: user=0.34 sys=0.02, real=0.37 secs] 
2020-11-07T20:04:24.645+0800: 18.491: Application time: 0.3026557 seconds
2020-11-07T20:04:24.645+0800: 18.491: [GC (CMS Final Remark) [YG occupancy: 6489 K (9216 K)]2020-11-07T20:04:24.645+0800: 18.491: [Rescan (parallel) , 0.0066845 secs]2020-11-07T20:04:24.652+0800: 18.498: [weak refs processing, 0.0019285 secs]2020-11-07T20:04:24.654+0800: 18.500: [class unloading, 0.0105427 secs]2020-11-07T20:04:24.665+0800: 18.510: [scrub symbol table, 0.0106383 secs]2020-11-07T20:04:24.675+0800: 18.521: [scrub string table, 0.0007016 secs][1 CMS-remark: 22267K(36172K)] 28757K(45388K), 0.0306957 secs] [Times: user=0.03 sys=0.00, real=0.03 secs] 
2020-11-07T20:04:24.682+0800: 18.528: [CMS-concurrent-sweep-start]
2020-11-07T20:04:24.691+0800: 18.537: Application time: 0.0145861 seconds
{Heap before GC invocations=185 (full 19):
 par new generation   total 9216K, used 8542K [0x00000000e3400000, 0x00000000e3e00000, 0x00000000ecca0000)
  eden space 8192K, 100% used [0x00000000e3400000, 0x00000000e3c00000, 0x00000000e3c00000)
  from space 1024K,  34% used [0x00000000e3d00000, 0x00000000e3d57b08, 0x00000000e3e00000)
  to   space 1024K,   0% used [0x00000000e3c00000, 0x00000000e3c00000, 0x00000000e3d00000)
 concurrent mark-sweep generation total 36172K, used 22246K [0x00000000ecca0000, 0x00000000eeff3000, 0x0000000100000000)
 Metaspace       used 33850K, capacity 35026K, committed 35328K, reserved 1079296K
  class space    used 4216K, capacity 4485K, committed 4608K, reserved 1048576K
2020-11-07T20:04:24.691+0800: 18.537: [GC (Allocation Failure) 2020-11-07T20:04:24.691+0800: 18.537: [ParNew: 8542K->276K(9216K), 0.0109582 secs] 30789K->22522K(45388K), 0.0110271 secs] [Times: user=0.01 sys=0.00, real=0.01 secs] 
Heap after GC invocations=186 (full 19):
 par new generation   total 9216K, used 276K [0x00000000e3400000, 0x00000000e3e00000, 0x00000000ecca0000)
  eden space 8192K,   0% used [0x00000000e3400000, 0x00000000e3400000, 0x00000000e3c00000)
  from space 1024K,  26% used [0x00000000e3c00000, 0x00000000e3c45030, 0x00000000e3d00000)
  to   space 1024K,   0% used [0x00000000e3d00000, 0x00000000e3d00000, 0x00000000e3e00000)
 concurrent mark-sweep generation total 36172K, used 22246K [0x00000000ecca0000, 0x00000000eeff3000, 0x0000000100000000)
 Metaspace       used 33850K, capacity 35026K, committed 35328K, reserved 1079296K
  class space    used 4216K, capacity 4485K, committed 4608K, reserved 1048576K
}
2020-11-07T20:04:24.713+0800: 18.559: [CMS-concurrent-sweep: 0.012/0.031 secs] [Times: user=0.03 sys=0.00, real=0.03 secs] 
2020-11-07T20:04:24.713+0800: 18.559: [CMS-concurrent-reset-start]
2020-11-07T20:04:24.718+0800: 18.564: [CMS-concurrent-reset: 0.005/0.005 secs] [Times: user=0.01 sys=0.00, real=0.01 secs] 
2020-11-07T20:04:24.732+0800: 18.578: Application time: 0.0300741 seconds
{Heap before GC invocations=186 (full 19):
 par new generation   total 9216K, used 8468K [0x00000000e3400000, 0x00000000e3e00000, 0x00000000ecca0000)
  eden space 8192K, 100% used [0x00000000e3400000, 0x00000000e3c00000, 0x00000000e3c00000)
  from space 1024K,  26% used [0x00000000e3c00000, 0x00000000e3c45030, 0x00000000e3d00000)
  to   space 1024K,   0% used [0x00000000e3d00000, 0x00000000e3d00000, 0x00000000e3e00000)
 concurrent mark-sweep generation total 36992K, used 22193K [0x00000000ecca0000, 0x00000000ef0c0000, 0x0000000100000000)
 Metaspace       used 33895K, capacity 35050K, committed 35328K, reserved 1079296K
  class space    used 4223K, capacity 4515K, committed 4608K, reserved 1048576K
2020-11-07T20:04:24.732+0800: 18.578: [GC (Allocation Failure) 2020-11-07T20:04:24.732+0800: 18.578: [ParNew: 8468K->203K(9216K), 0.0043801 secs] 30661K->22396K(46208K), 0.0044611 secs] [Times: user=0.01 sys=0.00, real=0.01 secs] 
Heap after GC invocations=187 (full 19):
 par new generation   total 9216K, used 203K [0x00000000e3400000, 0x00000000e3e00000, 0x00000000ecca0000)
  eden space 8192K,   0% used [0x00000000e3400000, 0x00000000e3400000, 0x00000000e3c00000)
  from space 1024K,  19% used [0x00000000e3d00000, 0x00000000e3d32cd8, 0x00000000e3e00000)
  to   space 1024K,   0% used [0x00000000e3c00000, 0x00000000e3c00000, 0x00000000e3d00000)
 concurrent mark-sweep generation total 36992K, used 22193K [0x00000000ecca0000, 0x00000000ef0c0000, 0x0000000100000000)
 Metaspace       used 33895K, capacity 35050K, committed 35328K, reserved 1079296K
  class space    used 4223K, capacity 4515K, committed 4608K, reserved 1048576K
}
2020-11-07T20:04:24.764+0800: 18.610: Application time: 0.0277126 seconds
{Heap before GC invocations=187 (full 19):
 par new generation   total 9216K, used 8395K [0x00000000e3400000, 0x00000000e3e00000, 0x00000000ecca0000)
  eden space 8192K, 100% used [0x00000000e3400000, 0x00000000e3c00000, 0x00000000e3c00000)
  from space 1024K,  19% used [0x00000000e3d00000, 0x00000000e3d32cd8, 0x00000000e3e00000)
  to   space 1024K,   0% used [0x00000000e3c00000, 0x00000000e3c00000, 0x00000000e3d00000)
 concurrent mark-sweep generation total 36992K, used 22193K [0x00000000ecca0000, 0x00000000ef0c0000, 0x0000000100000000)
 Metaspace       used 33963K, capacity 35120K, committed 35328K, reserved 1079296K
  class space    used 4234K, capacity 4516K, committed 4608K, reserved 1048576K
2020-11-07T20:04:24.765+0800: 18.610: [GC (Allocation Failure) 2020-11-07T20:04:24.765+0800: 18.610: [ParNew: 8395K->297K(9216K), 0.0042763 secs] 30588K->22490K(46208K), 0.0043186 secs] [Times: user=0.01 sys=0.00, real=0.00 secs] 
Heap after GC invocations=188 (full 19):
 par new generation   total 9216K, used 297K [0x00000000e3400000, 0x00000000e3e00000, 0x00000000ecca0000)
  eden space 8192K,   0% used [0x00000000e3400000, 0x00000000e3400000, 0x00000000e3c00000)
  from space 1024K,  29% used [0x00000000e3c00000, 0x00000000e3c4a670, 0x00000000e3d00000)
  to   space 1024K,   0% used [0x00000000e3d00000, 0x00000000e3d00000, 0x00000000e3e00000)
 concurrent mark-sweep generation total 36992K, used 22193K [0x00000000ecca0000, 0x00000000ef0c0000, 0x0000000100000000)
 Metaspace       used 33963K, capacity 35120K, committed 35328K, reserved 1079296K
  class space    used 4234K, capacity 4516K, committed 4608K, reserved 1048576K
}
2020-11-07T20:04:24.795+0800: 18.640: Application time: 0.0255879 seconds
{Heap before GC invocations=188 (full 19):
 par new generation   total 9216K, used 8489K [0x00000000e3400000, 0x00000000e3e00000, 0x00000000ecca0000)
  eden space 8192K, 100% used [0x00000000e3400000, 0x00000000e3c00000, 0x00000000e3c00000)
  from space 1024K,  29% used [0x00000000e3c00000, 0x00000000e3c4a670, 0x00000000e3d00000)
  to   space 1024K,   0% used [0x00000000e3d00000, 0x00000000e3d00000, 0x00000000e3e00000)
 concurrent mark-sweep generation total 36992K, used 22193K [0x00000000ecca0000, 0x00000000ef0c0000, 0x0000000100000000)
 Metaspace       used 33972K, capacity 35120K, committed 35328K, reserved 1079296K
  class space    used 4235K, capacity 4516K, committed 4608K, reserved 1048576K
2020-11-07T20:04:24.795+0800: 18.641: [GC (Allocation Failure) 2020-11-07T20:04:24.795+0800: 18.641: [ParNew: 8489K->340K(9216K), 0.0113058 secs] 30682K->22534K(46208K), 0.0113782 secs] [Times: user=0.02 sys=0.00, real=0.01 secs] 
Heap after GC invocations=189 (full 19):
 par new generation   total 9216K, used 340K [0x00000000e3400000, 0x00000000e3e00000, 0x00000000ecca0000)
  eden space 8192K,   0% used [0x00000000e3400000, 0x00000000e3400000, 0x00000000e3c00000)
  from space 1024K,  33% used [0x00000000e3d00000, 0x00000000e3d55388, 0x00000000e3e00000)
  to   space 1024K,   0% used [0x00000000e3c00000, 0x00000000e3c00000, 0x00000000e3d00000)
 concurrent mark-sweep generation total 36992K, used 22193K [0x00000000ecca0000, 0x00000000ef0c0000, 0x0000000100000000)
 Metaspace       used 33972K, capacity 35120K, committed 35328K, reserved 1079296K
  class space    used 4235K, capacity 4516K, committed 4608K, reserved 1048576K
}
2020-11-07T20:04:24.831+0800: 18.676: Application time: 0.0243304 seconds
{Heap before GC invocations=189 (full 19):
 par new generation   total 9216K, used 8532K [0x00000000e3400000, 0x00000000e3e00000, 0x00000000ecca0000)
  eden space 8192K, 100% used [0x00000000e3400000, 0x00000000e3c00000, 0x00000000e3c00000)
  from space 1024K,  33% used [0x00000000e3d00000, 0x00000000e3d55388, 0x00000000e3e00000)
  to   space 1024K,   0% used [0x00000000e3c00000, 0x00000000e3c00000, 0x00000000e3d00000)
 concurrent mark-sweep generation total 36992K, used 22193K [0x00000000ecca0000, 0x00000000ef0c0000, 0x0000000100000000)
 Metaspace       used 34001K, capacity 35126K, committed 35328K, reserved 1079296K
  class space    used 4238K, capacity 4517K, committed 4608K, reserved 1048576K
2020-11-07T20:04:24.831+0800: 18.677: [GC (Allocation Failure) 2020-11-07T20:04:24.831+0800: 18.677: [ParNew: 8532K->434K(9216K), 0.0089079 secs] 30726K->22627K(46208K), 0.0089764 secs] [Times: user=0.01 sys=0.00, real=0.01 secs] 
Heap after GC invocations=190 (full 19):
 par new generation   total 9216K, used 434K [0x00000000e3400000, 0x00000000e3e00000, 0x00000000ecca0000)
  eden space 8192K,   0% used [0x00000000e3400000, 0x00000000e3400000, 0x00000000e3c00000)
  from space 1024K,  42% used [0x00000000e3c00000, 0x00000000e3c6ca08, 0x00000000e3d00000)
  to   space 1024K,   0% used [0x00000000e3d00000, 0x00000000e3d00000, 0x00000000e3e00000)
 concurrent mark-sweep generation total 36992K, used 22193K [0x00000000ecca0000, 0x00000000ef0c0000, 0x0000000100000000)
 Metaspace       used 34001K, capacity 35126K, committed 35328K, reserved 1079296K
  class space    used 4238K, capacity 4517K, committed 4608K, reserved 1048576K
}
2020-11-07T20:04:24.857+0800: 18.703: Application time: 0.0171298 seconds
{Heap before GC invocations=190 (full 19):
 par new generation   total 9216K, used 8626K [0x00000000e3400000, 0x00000000e3e00000, 0x00000000ecca0000)
  eden space 8192K, 100% used [0x00000000e3400000, 0x00000000e3c00000, 0x00000000e3c00000)
  from space 1024K,  42% used [0x00000000e3c00000, 0x00000000e3c6ca08, 0x00000000e3d00000)
  to   space 1024K,   0% used [0x00000000e3d00000, 0x00000000e3d00000, 0x00000000e3e00000)
 concurrent mark-sweep generation total 36992K, used 22193K [0x00000000ecca0000, 0x00000000ef0c0000, 0x0000000100000000)
 Metaspace       used 34006K, capacity 35126K, committed 35328K, reserved 1079296K
  class space    used 4240K, capacity 4517K, committed 4608K, reserved 1048576K
2020-11-07T20:04:24.857+0800: 18.703: [GC (Allocation Failure) 2020-11-07T20:04:24.857+0800: 18.703: [ParNew: 8626K->408K(9216K), 0.0050528 secs] 30819K->22601K(46208K), 0.0051345 secs] [Times: user=0.01 sys=0.00, real=0.00 secs] 
Heap after GC invocations=191 (full 19):
 par new generation   total 9216K, used 408K [0x00000000e3400000, 0x00000000e3e00000, 0x00000000ecca0000)
  eden space 8192K,   0% used [0x00000000e3400000, 0x00000000e3400000, 0x00000000e3c00000)
  from space 1024K,  39% used [0x00000000e3d00000, 0x00000000e3d660d0, 0x00000000e3e00000)
  to   space 1024K,   0% used [0x00000000e3c00000, 0x00000000e3c00000, 0x00000000e3d00000)
 concurrent mark-sweep generation total 36992K, used 22193K [0x00000000ecca0000, 0x00000000ef0c0000, 0x0000000100000000)
 Metaspace       used 34006K, capacity 35126K, committed 35328K, reserved 1079296K
  class space    used 4240K, capacity 4517K, committed 4608K, reserved 1048576K
}
2020-11-07T20:04:24.894+0800: 18.740: Application time: 0.0318619 seconds
{Heap before GC invocations=191 (full 19):
 par new generation   total 9216K, used 8600K [0x00000000e3400000, 0x00000000e3e00000, 0x00000000ecca0000)
  eden space 8192K, 100% used [0x00000000e3400000, 0x00000000e3c00000, 0x00000000e3c00000)
  from space 1024K,  39% used [0x00000000e3d00000, 0x00000000e3d660d0, 0x00000000e3e00000)
  to   space 1024K,   0% used [0x00000000e3c00000, 0x00000000e3c00000, 0x00000000e3d00000)
 concurrent mark-sweep generation total 36992K, used 22193K [0x00000000ecca0000, 0x00000000ef0c0000, 0x0000000100000000)
 Metaspace       used 34045K, capacity 35222K, committed 35328K, reserved 1079296K
  class space    used 4245K, capacity 4549K, committed 4608K, reserved 1048576K
2020-11-07T20:04:24.894+0800: 18.740: [GC (Allocation Failure) 2020-11-07T20:04:24.894+0800: 18.740: [ParNew: 8600K->543K(9216K), 0.0054388 secs] 30793K->22737K(46208K), 0.0054825 secs] [Times: user=0.00 sys=0.00, real=0.01 secs] 
Heap after GC invocations=192 (full 19):
 par new generation   total 9216K, used 543K [0x00000000e3400000, 0x00000000e3e00000, 0x00000000ecca0000)
  eden space 8192K,   0% used [0x00000000e3400000, 0x00000000e3400000, 0x00000000e3c00000)
  from space 1024K,  53% used [0x00000000e3c00000, 0x00000000e3c87f48, 0x00000000e3d00000)
  to   space 1024K,   0% used [0x00000000e3d00000, 0x00000000e3d00000, 0x00000000e3e00000)
 concurrent mark-sweep generation total 36992K, used 22193K [0x00000000ecca0000, 0x00000000ef0c0000, 0x0000000100000000)
 Metaspace       used 34045K, capacity 35222K, committed 35328K, reserved 1079296K
  class space    used 4245K, capacity 4549K, committed 4608K, reserved 1048576K
}
2020-11-07T20:04:24.919+0800: 18.765: Application time: 0.0196723 seconds
{Heap before GC invocations=192 (full 19):
 par new generation   total 9216K, used 8735K [0x00000000e3400000, 0x00000000e3e00000, 0x00000000ecca0000)
  eden space 8192K, 100% used [0x00000000e3400000, 0x00000000e3c00000, 0x00000000e3c00000)
  from space 1024K,  53% used [0x00000000e3c00000, 0x00000000e3c87f48, 0x00000000e3d00000)
  to   space 1024K,   0% used [0x00000000e3d00000, 0x00000000e3d00000, 0x00000000e3e00000)
 concurrent mark-sweep generation total 36992K, used 22193K [0x00000000ecca0000, 0x00000000ef0c0000, 0x0000000100000000)
 Metaspace       used 34062K, capacity 35222K, committed 35328K, reserved 1079296K
  class space    used 4247K, capacity 4549K, committed 4608K, reserved 1048576K
2020-11-07T20:04:24.920+0800: 18.765: [GC (Allocation Failure) 2020-11-07T20:04:24.920+0800: 18.765: [ParNew: 8735K->532K(9216K), 0.0052300 secs] 30929K->22746K(46208K), 0.0052817 secs] [Times: user=0.01 sys=0.00, real=0.01 secs] 
Heap after GC invocations=193 (full 19):
 par new generation   total 9216K, used 532K [0x00000000e3400000, 0x00000000e3e00000, 0x00000000ecca0000)
  eden space 8192K,   0% used [0x00000000e3400000, 0x00000000e3400000, 0x00000000e3c00000)
  from space 1024K,  51% used [0x00000000e3d00000, 0x00000000e3d851e8, 0x00000000e3e00000)
  to   space 1024K,   0% used [0x00000000e3c00000, 0x00000000e3c00000, 0x00000000e3d00000)
 concurrent mark-sweep generation total 36992K, used 22214K [0x00000000ecca0000, 0x00000000ef0c0000, 0x0000000100000000)
 Metaspace       used 34062K, capacity 35222K, committed 35328K, reserved 1079296K
  class space    used 4247K, capacity 4549K, committed 4608K, reserved 1048576K
}
2020-11-07T20:04:24.929+0800: 18.774: Application time: 0.0036751 seconds
2020-11-07T20:04:24.929+0800: 18.775: [GC (CMS Initial Mark) [1 CMS-initial-mark: 22214K(36992K)] 24058K(46208K), 0.0035977 secs] [Times: user=0.00 sys=0.00, real=0.00 secs] 
2020-11-07T20:04:24.932+0800: 18.778: [CMS-concurrent-mark-start]
2020-11-07T20:04:24.965+0800: 18.811: Application time: 0.0327666 seconds
{Heap before GC invocations=193 (full 20):
 par new generation   total 9216K, used 8724K [0x00000000e3400000, 0x00000000e3e00000, 0x00000000ecca0000)
  eden space 8192K, 100% used [0x00000000e3400000, 0x00000000e3c00000, 0x00000000e3c00000)
  from space 1024K,  51% used [0x00000000e3d00000, 0x00000000e3d851e8, 0x00000000e3e00000)
  to   space 1024K,   0% used [0x00000000e3c00000, 0x00000000e3c00000, 0x00000000e3d00000)
 concurrent mark-sweep generation total 36992K, used 22214K [0x00000000ecca0000, 0x00000000ef0c0000, 0x0000000100000000)
 Metaspace       used 34121K, capacity 35286K, committed 35584K, reserved 1081344K
  class space    used 4257K, capacity 4549K, committed 4608K, reserved 1048576K
2020-11-07T20:04:24.965+0800: 18.811: [GC (Allocation Failure) 2020-11-07T20:04:24.965+0800: 18.811: [ParNew: 8724K->601K(9216K), 0.0053360 secs] 30938K->22847K(46208K), 0.0054061 secs] [Times: user=0.00 sys=0.00, real=0.00 secs] 
Heap after GC invocations=194 (full 20):
 par new generation   total 9216K, used 601K [0x00000000e3400000, 0x00000000e3e00000, 0x00000000ecca0000)
  eden space 8192K,   0% used [0x00000000e3400000, 0x00000000e3400000, 0x00000000e3c00000)
  from space 1024K,  58% used [0x00000000e3c00000, 0x00000000e3c96418, 0x00000000e3d00000)
  to   space 1024K,   0% used [0x00000000e3d00000, 0x00000000e3d00000, 0x00000000e3e00000)
 concurrent mark-sweep generation total 36992K, used 22246K [0x00000000ecca0000, 0x00000000ef0c0000, 0x0000000100000000)
 Metaspace       used 34121K, capacity 35286K, committed 35584K, reserved 1081344K
  class space    used 4257K, capacity 4549K, committed 4608K, reserved 1048576K
}
2020-11-07T20:04:25.049+0800: 18.894: Application time: 0.0778233 seconds
{Heap before GC invocations=194 (full 20):
 par new generation   total 9216K, used 8793K [0x00000000e3400000, 0x00000000e3e00000, 0x00000000ecca0000)
  eden space 8192K, 100% used [0x00000000e3400000, 0x00000000e3c00000, 0x00000000e3c00000)
  from space 1024K,  58% used [0x00000000e3c00000, 0x00000000e3c96418, 0x00000000e3d00000)
  to   space 1024K,   0% used [0x00000000e3d00000, 0x00000000e3d00000, 0x00000000e3e00000)
 concurrent mark-sweep generation total 36992K, used 22246K [0x00000000ecca0000, 0x00000000ef0c0000, 0x0000000100000000)
 Metaspace       used 34208K, capacity 35414K, committed 35584K, reserved 1081344K
  class space    used 4268K, capacity 4549K, committed 4608K, reserved 1048576K
2020-11-07T20:04:25.049+0800: 18.895: [GC (Allocation Failure) 2020-11-07T20:04:25.049+0800: 18.895: [ParNew: 8793K->575K(9216K), 0.0199774 secs] 31039K->22874K(46208K), 0.0200330 secs] [Times: user=0.02 sys=0.00, real=0.02 secs] 
Heap after GC invocations=195 (full 20):
 par new generation   total 9216K, used 575K [0x00000000e3400000, 0x00000000e3e00000, 0x00000000ecca0000)
  eden space 8192K,   0% used [0x00000000e3400000, 0x00000000e3400000, 0x00000000e3c00000)
  from space 1024K,  56% used [0x00000000e3d00000, 0x00000000e3d8ffe0, 0x00000000e3e00000)
  to   space 1024K,   0% used [0x00000000e3c00000, 0x00000000e3c00000, 0x00000000e3d00000)
 concurrent mark-sweep generation total 36992K, used 22298K [0x00000000ecca0000, 0x00000000ef0c0000, 0x0000000100000000)
 Metaspace       used 34208K, capacity 35414K, committed 35584K, reserved 1081344K
  class space    used 4268K, capacity 4549K, committed 4608K, reserved 1048576K
}
2020-11-07T20:04:25.080+0800: 18.926: Application time: 0.0114697 seconds
2020-11-07T20:04:25.083+0800: 18.929: [CMS-concurrent-mark: 0.121/0.151 secs] [Times: user=0.15 sys=0.00, real=0.15 secs] 
2020-11-07T20:04:25.083+0800: 18.929: [CMS-concurrent-preclean-start]
2020-11-07T20:04:25.086+0800: 18.932: Application time: 0.0056238 seconds
2020-11-07T20:04:25.089+0800: 18.935: [CMS-concurrent-preclean: 0.003/0.006 secs] [Times: user=0.01 sys=0.00, real=0.01 secs] 
2020-11-07T20:04:25.089+0800: 18.935: [CMS-concurrent-abortable-preclean-start]
2020-11-07T20:04:25.129+0800: 18.975: Application time: 0.0431835 seconds
{Heap before GC invocations=195 (full 20):
 par new generation   total 9216K, used 8767K [0x00000000e3400000, 0x00000000e3e00000, 0x00000000ecca0000)
  eden space 8192K, 100% used [0x00000000e3400000, 0x00000000e3c00000, 0x00000000e3c00000)
  from space 1024K,  56% used [0x00000000e3d00000, 0x00000000e3d8ffe0, 0x00000000e3e00000)
  to   space 1024K,   0% used [0x00000000e3c00000, 0x00000000e3c00000, 0x00000000e3d00000)
 concurrent mark-sweep generation total 36992K, used 22298K [0x00000000ecca0000, 0x00000000ef0c0000, 0x0000000100000000)
 Metaspace       used 34516K, capacity 35702K, committed 35840K, reserved 1081344K
  class space    used 4299K, capacity 4581K, committed 4608K, reserved 1048576K
2020-11-07T20:04:25.129+0800: 18.975: [GC (Allocation Failure) 2020-11-07T20:04:25.129+0800: 18.975: [ParNew: 8767K->938K(9216K), 0.0356598 secs] 31066K->23284K(46208K), 0.0357355 secs] [Times: user=0.04 sys=0.00, real=0.04 secs] 
Heap after GC invocations=196 (full 20):
 par new generation   total 9216K, used 938K [0x00000000e3400000, 0x00000000e3e00000, 0x00000000ecca0000)
  eden space 8192K,   0% used [0x00000000e3400000, 0x00000000e3400000, 0x00000000e3c00000)
  from space 1024K,  91% used [0x00000000e3c00000, 0x00000000e3ceab68, 0x00000000e3d00000)
  to   space 1024K,   0% used [0x00000000e3d00000, 0x00000000e3d00000, 0x00000000e3e00000)
 concurrent mark-sweep generation total 36992K, used 22345K [0x00000000ecca0000, 0x00000000ef0c0000, 0x0000000100000000)
 Metaspace       used 34516K, capacity 35702K, committed 35840K, reserved 1081344K
  class space    used 4299K, capacity 4581K, committed 4608K, reserved 1048576K
}
2020-11-07T20:04:25.199+0800: 19.045: Application time: 0.0340474 seconds
{Heap before GC invocations=196 (full 20):
 par new generation   total 9216K, used 9130K [0x00000000e3400000, 0x00000000e3e00000, 0x00000000ecca0000)
  eden space 8192K, 100% used [0x00000000e3400000, 0x00000000e3c00000, 0x00000000e3c00000)
  from space 1024K,  91% used [0x00000000e3c00000, 0x00000000e3ceab68, 0x00000000e3d00000)
  to   space 1024K,   0% used [0x00000000e3d00000, 0x00000000e3d00000, 0x00000000e3e00000)
 concurrent mark-sweep generation total 36992K, used 22345K [0x00000000ecca0000, 0x00000000ef0c0000, 0x0000000100000000)
 Metaspace       used 34524K, capacity 35708K, committed 35840K, reserved 1081344K
  class space    used 4299K, capacity 4582K, committed 4608K, reserved 1048576K
2020-11-07T20:04:25.199+0800: 19.045: [GC (Allocation Failure) 2020-11-07T20:04:25.199+0800: 19.045: [ParNew: 9130K->544K(9216K), 0.0316315 secs] 31476K->23137K(46208K), 0.0316823 secs] [Times: user=0.03 sys=0.00, real=0.03 secs] 
Heap after GC invocations=197 (full 20):
 par new generation   total 9216K, used 544K [0x00000000e3400000, 0x00000000e3e00000, 0x00000000ecca0000)
  eden space 8192K,   0% used [0x00000000e3400000, 0x00000000e3400000, 0x00000000e3c00000)
  from space 1024K,  53% used [0x00000000e3d00000, 0x00000000e3d88160, 0x00000000e3e00000)
  to   space 1024K,   0% used [0x00000000e3c00000, 0x00000000e3c00000, 0x00000000e3d00000)
 concurrent mark-sweep generation total 36992K, used 22592K [0x00000000ecca0000, 0x00000000ef0c0000, 0x0000000100000000)
 Metaspace       used 34524K, capacity 35708K, committed 35840K, reserved 1081344K
  class space    used 4299K, capacity 4582K, committed 4608K, reserved 1048576K
}
2020-11-07T20:04:25.251+0800: 19.097: Application time: 0.0200044 seconds
{Heap before GC invocations=197 (full 20):
 par new generation   total 9216K, used 8736K [0x00000000e3400000, 0x00000000e3e00000, 0x00000000ecca0000)
  eden space 8192K, 100% used [0x00000000e3400000, 0x00000000e3c00000, 0x00000000e3c00000)
  from space 1024K,  53% used [0x00000000e3d00000, 0x00000000e3d88160, 0x00000000e3e00000)
  to   space 1024K,   0% used [0x00000000e3c00000, 0x00000000e3c00000, 0x00000000e3d00000)
 concurrent mark-sweep generation total 36992K, used 22592K [0x00000000ecca0000, 0x00000000ef0c0000, 0x0000000100000000)
 Metaspace       used 34526K, capacity 35708K, committed 35840K, reserved 1081344K
  class space    used 4299K, capacity 4582K, committed 4608K, reserved 1048576K
2020-11-07T20:04:25.251+0800: 19.097: [GC (Allocation Failure) 2020-11-07T20:04:25.251+0800: 19.097: [ParNew: 8736K->580K(9216K), 0.0295159 secs] 31329K->23173K(46208K), 0.0295682 secs] [Times: user=0.03 sys=0.00, real=0.03 secs] 
Heap after GC invocations=198 (full 20):
 par new generation   total 9216K, used 580K [0x00000000e3400000, 0x00000000e3e00000, 0x00000000ecca0000)
  eden space 8192K,   0% used [0x00000000e3400000, 0x00000000e3400000, 0x00000000e3c00000)
  from space 1024K,  56% used [0x00000000e3c00000, 0x00000000e3c911e0, 0x00000000e3d00000)
  to   space 1024K,   0% used [0x00000000e3d00000, 0x00000000e3d00000, 0x00000000e3e00000)
 concurrent mark-sweep generation total 36992K, used 22592K [0x00000000ecca0000, 0x00000000ef0c0000, 0x0000000100000000)
 Metaspace       used 34526K, capacity 35708K, committed 35840K, reserved 1081344K
  class space    used 4299K, capacity 4582K, committed 4608K, reserved 1048576K
}
2020-11-07T20:04:25.311+0800: 19.157: Application time: 0.0302075 seconds
{Heap before GC invocations=198 (full 20):
 par new generation   total 9216K, used 8772K [0x00000000e3400000, 0x00000000e3e00000, 0x00000000ecca0000)
  eden space 8192K, 100% used [0x00000000e3400000, 0x00000000e3c00000, 0x00000000e3c00000)
  from space 1024K,  56% used [0x00000000e3c00000, 0x00000000e3c911e0, 0x00000000e3d00000)
  to   space 1024K,   0% used [0x00000000e3d00000, 0x00000000e3d00000, 0x00000000e3e00000)
 concurrent mark-sweep generation total 36992K, used 22592K [0x00000000ecca0000, 0x00000000ef0c0000, 0x0000000100000000)
 Metaspace       used 34537K, capacity 35708K, committed 35840K, reserved 1081344K
  class space    used 4300K, capacity 4582K, committed 4608K, reserved 1048576K
2020-11-07T20:04:25.311+0800: 19.157: [GC (Allocation Failure) 2020-11-07T20:04:25.311+0800: 19.157: [ParNew: 8772K->614K(9216K), 0.0357861 secs] 31365K->23206K(46208K), 0.0358546 secs] [Times: user=0.03 sys=0.00, real=0.04 secs] 
Heap after GC invocations=199 (full 20):
 par new generation   total 9216K, used 614K [0x00000000e3400000, 0x00000000e3e00000, 0x00000000ecca0000)
  eden space 8192K,   0% used [0x00000000e3400000, 0x00000000e3400000, 0x00000000e3c00000)
  from space 1024K,  59% used [0x00000000e3d00000, 0x00000000e3d99890, 0x00000000e3e00000)
  to   space 1024K,   0% used [0x00000000e3c00000, 0x00000000e3c00000, 0x00000000e3d00000)
 concurrent mark-sweep generation total 36992K, used 22592K [0x00000000ecca0000, 0x00000000ef0c0000, 0x0000000100000000)
 Metaspace       used 34537K, capacity 35708K, committed 35840K, reserved 1081344K
  class space    used 4300K, capacity 4582K, committed 4608K, reserved 1048576K
}
2020-11-07T20:04:25.347+0800: 19.193: [CMS-concurrent-abortable-preclean: 0.072/0.258 secs] [Times: user=0.24 sys=0.01, real=0.26 secs] 
2020-11-07T20:04:25.356+0800: 19.202: Application time: 0.0090767 seconds
2020-11-07T20:04:25.356+0800: 19.202: [GC (CMS Final Remark) [YG occupancy: 2582 K (9216 K)]2020-11-07T20:04:25.357+0800: 19.202: [Rescan (parallel) , 0.0131021 secs]2020-11-07T20:04:25.370+0800: 19.215: [weak refs processing, 0.0001534 secs]2020-11-07T20:04:25.370+0800: 19.216: [class unloading, 0.0117368 secs]2020-11-07T20:04:25.382+0800: 19.227: [scrub symbol table, 0.0147416 secs]2020-11-07T20:04:25.396+0800: 19.242: [scrub string table, 0.0006596 secs][1 CMS-remark: 22592K(36992K)] 25175K(46208K), 0.0405912 secs] [Times: user=0.04 sys=0.00, real=0.04 secs] 
2020-11-07T20:04:25.404+0800: 19.250: [CMS-concurrent-sweep-start]
2020-11-07T20:04:25.435+0800: 19.281: [CMS-concurrent-sweep: 0.030/0.030 secs] [Times: user=0.03 sys=0.00, real=0.04 secs] 
2020-11-07T20:04:25.435+0800: 19.281: [CMS-concurrent-reset-start]
2020-11-07T20:04:25.436+0800: 19.282: [CMS-concurrent-reset: 0.001/0.001 secs] [Times: user=0.00 sys=0.00, real=0.00 secs] 
2020-11-07T20:04:25.446+0800: 19.292: Application time: 0.0487487 seconds
{Heap before GC invocations=199 (full 20):
 par new generation   total 9216K, used 8806K [0x00000000e3400000, 0x00000000e3e00000, 0x00000000ecca0000)
  eden space 8192K, 100% used [0x00000000e3400000, 0x00000000e3c00000, 0x00000000e3c00000)
  from space 1024K,  59% used [0x00000000e3d00000, 0x00000000e3d99890, 0x00000000e3e00000)
  to   space 1024K,   0% used [0x00000000e3c00000, 0x00000000e3c00000, 0x00000000e3d00000)
 concurrent mark-sweep generation total 37584K, used 22549K [0x00000000ecca0000, 0x00000000ef154000, 0x0000000100000000)
 Metaspace       used 34535K, capacity 35706K, committed 35840K, reserved 1081344K
  class space    used 4299K, capacity 4571K, committed 4608K, reserved 1048576K
2020-11-07T20:04:25.446+0800: 19.292: [GC (Allocation Failure) 2020-11-07T20:04:25.446+0800: 19.292: [ParNew: 8806K->750K(9216K), 0.0245926 secs] 31355K->23299K(46800K), 0.0246704 secs] [Times: user=0.02 sys=0.00, real=0.02 secs] 
Heap after GC invocations=200 (full 20):
 par new generation   total 9216K, used 750K [0x00000000e3400000, 0x00000000e3e00000, 0x00000000ecca0000)
  eden space 8192K,   0% used [0x00000000e3400000, 0x00000000e3400000, 0x00000000e3c00000)
  from space 1024K,  73% used [0x00000000e3c00000, 0x00000000e3cbb818, 0x00000000e3d00000)
  to   space 1024K,   0% used [0x00000000e3d00000, 0x00000000e3d00000, 0x00000000e3e00000)
 concurrent mark-sweep generation total 37584K, used 22549K [0x00000000ecca0000, 0x00000000ef154000, 0x0000000100000000)
 Metaspace       used 34535K, capacity 35706K, committed 35840K, reserved 1081344K
  class space    used 4299K, capacity 4571K, committed 4608K, reserved 1048576K
}
2020-11-07T20:04:25.588+0800: 19.434: Application time: 0.1168049 seconds
{Heap before GC invocations=200 (full 20):
 par new generation   total 9216K, used 8942K [0x00000000e3400000, 0x00000000e3e00000, 0x00000000ecca0000)
  eden space 8192K, 100% used [0x00000000e3400000, 0x00000000e3c00000, 0x00000000e3c00000)
  from space 1024K,  73% used [0x00000000e3c00000, 0x00000000e3cbb818, 0x00000000e3d00000)
  to   space 1024K,   0% used [0x00000000e3d00000, 0x00000000e3d00000, 0x00000000e3e00000)
 concurrent mark-sweep generation total 37584K, used 22549K [0x00000000ecca0000, 0x00000000ef154000, 0x0000000100000000)
 Metaspace       used 34652K, capacity 35880K, committed 36224K, reserved 1081344K
  class space    used 4320K, capacity 4622K, committed 4736K, reserved 1048576K
2020-11-07T20:04:25.588+0800: 19.434: [GC (Allocation Failure) 2020-11-07T20:04:25.588+0800: 19.434: [ParNew: 8942K->845K(9216K), 0.0329296 secs] 31491K->23469K(46800K), 0.0329840 secs] [Times: user=0.03 sys=0.00, real=0.03 secs] 
Heap after GC invocations=201 (full 20):
 par new generation   total 9216K, used 845K [0x00000000e3400000, 0x00000000e3e00000, 0x00000000ecca0000)
  eden space 8192K,   0% used [0x00000000e3400000, 0x00000000e3400000, 0x00000000e3c00000)
  from space 1024K,  82% used [0x00000000e3d00000, 0x00000000e3dd34f8, 0x00000000e3e00000)
  to   space 1024K,   0% used [0x00000000e3c00000, 0x00000000e3c00000, 0x00000000e3d00000)
 concurrent mark-sweep generation total 37584K, used 22624K [0x00000000ecca0000, 0x00000000ef154000, 0x0000000100000000)
 Metaspace       used 34652K, capacity 35880K, committed 36224K, reserved 1081344K
  class space    used 4320K, capacity 4622K, committed 4736K, reserved 1048576K
}
2020-11-07T20:04:25.626+0800: 19.472: Application time: 0.0048716 seconds
2020-11-07T20:04:25.626+0800: 19.472: [GC (CMS Initial Mark) [1 CMS-initial-mark: 22624K(37584K)] 26748K(46800K), 0.0047091 secs] [Times: user=0.00 sys=0.00, real=0.00 secs] 
2020-11-07T20:04:25.631+0800: 19.477: [CMS-concurrent-mark-start]
2020-11-07T20:04:25.672+0800: 19.517: Application time: 0.0408908 seconds
{Heap before GC invocations=201 (full 21):
 par new generation   total 9216K, used 9037K [0x00000000e3400000, 0x00000000e3e00000, 0x00000000ecca0000)
  eden space 8192K, 100% used [0x00000000e3400000, 0x00000000e3c00000, 0x00000000e3c00000)
  from space 1024K,  82% used [0x00000000e3d00000, 0x00000000e3dd34f8, 0x00000000e3e00000)
  to   space 1024K,   0% used [0x00000000e3c00000, 0x00000000e3c00000, 0x00000000e3d00000)
 concurrent mark-sweep generation total 37584K, used 22624K [0x00000000ecca0000, 0x00000000ef154000, 0x0000000100000000)
 Metaspace       used 34672K, capacity 35880K, committed 36224K, reserved 1081344K
  class space    used 4320K, capacity 4622K, committed 4736K, reserved 1048576K
2020-11-07T20:04:25.672+0800: 19.518: [GC (Allocation Failure) 2020-11-07T20:04:25.672+0800: 19.518: [ParNew: 9037K->473K(9216K), 0.0144903 secs] 31661K->23315K(46800K), 0.0145778 secs] [Times: user=0.02 sys=0.00, real=0.02 secs] 
Heap after GC invocations=202 (full 21):
 par new generation   total 9216K, used 473K [0x00000000e3400000, 0x00000000e3e00000, 0x00000000ecca0000)
  eden space 8192K,   0% used [0x00000000e3400000, 0x00000000e3400000, 0x00000000e3c00000)
  from space 1024K,  46% used [0x00000000e3c00000, 0x00000000e3c767e8, 0x00000000e3d00000)
  to   space 1024K,   0% used [0x00000000e3d00000, 0x00000000e3d00000, 0x00000000e3e00000)
 concurrent mark-sweep generation total 37584K, used 22841K [0x00000000ecca0000, 0x00000000ef154000, 0x0000000100000000)
 Metaspace       used 34672K, capacity 35880K, committed 36224K, reserved 1081344K
  class space    used 4320K, capacity 4622K, committed 4736K, reserved 1048576K
}
2020-11-07T20:04:25.753+0800: 19.599: Application time: 0.0667207 seconds
{Heap before GC invocations=202 (full 21):
 par new generation   total 9216K, used 8665K [0x00000000e3400000, 0x00000000e3e00000, 0x00000000ecca0000)
  eden space 8192K, 100% used [0x00000000e3400000, 0x00000000e3c00000, 0x00000000e3c00000)
  from space 1024K,  46% used [0x00000000e3c00000, 0x00000000e3c767e8, 0x00000000e3d00000)
  to   space 1024K,   0% used [0x00000000e3d00000, 0x00000000e3d00000, 0x00000000e3e00000)
 concurrent mark-sweep generation total 37584K, used 22841K [0x00000000ecca0000, 0x00000000ef154000, 0x0000000100000000)
 Metaspace       used 34706K, capacity 35958K, committed 36224K, reserved 1081344K
  class space    used 4324K, capacity 4625K, committed 4736K, reserved 1048576K
2020-11-07T20:04:25.753+0800: 19.599: [GC (Allocation Failure) 2020-11-07T20:04:25.753+0800: 19.599: [ParNew: 8665K->614K(9216K), 0.0345368 secs] 31507K->23456K(46800K), 0.0345911 secs] [Times: user=0.03 sys=0.00, real=0.04 secs] 
Heap after GC invocations=203 (full 21):
 par new generation   total 9216K, used 614K [0x00000000e3400000, 0x00000000e3e00000, 0x00000000ecca0000)
  eden space 8192K,   0% used [0x00000000e3400000, 0x00000000e3400000, 0x00000000e3c00000)
  from space 1024K,  60% used [0x00000000e3d00000, 0x00000000e3d99b10, 0x00000000e3e00000)
  to   space 1024K,   0% used [0x00000000e3c00000, 0x00000000e3c00000, 0x00000000e3d00000)
 concurrent mark-sweep generation total 37584K, used 22841K [0x00000000ecca0000, 0x00000000ef154000, 0x0000000100000000)
 Metaspace       used 34706K, capacity 35958K, committed 36224K, reserved 1081344K
  class space    used 4324K, capacity 4625K, committed 4736K, reserved 1048576K
}
2020-11-07T20:04:25.824+0800: 19.670: [CMS-concurrent-mark: 0.138/0.193 secs] [Times: user=0.19 sys=0.00, real=0.19 secs] 
2020-11-07T20:04:25.824+0800: 19.670: [CMS-concurrent-preclean-start]
2020-11-07T20:04:25.827+0800: 19.673: [CMS-concurrent-preclean: 0.002/0.002 secs] [Times: user=0.00 sys=0.00, real=0.01 secs] 
2020-11-07T20:04:25.827+0800: 19.673: [CMS-concurrent-abortable-preclean-start]
2020-11-07T20:04:25.832+0800: 19.678: Application time: 0.0440781 seconds
{Heap before GC invocations=203 (full 21):
 par new generation   total 9216K, used 8806K [0x00000000e3400000, 0x00000000e3e00000, 0x00000000ecca0000)
  eden space 8192K, 100% used [0x00000000e3400000, 0x00000000e3c00000, 0x00000000e3c00000)
  from space 1024K,  60% used [0x00000000e3d00000, 0x00000000e3d99b10, 0x00000000e3e00000)
  to   space 1024K,   0% used [0x00000000e3c00000, 0x00000000e3c00000, 0x00000000e3d00000)
 concurrent mark-sweep generation total 37584K, used 22841K [0x00000000ecca0000, 0x00000000ef154000, 0x0000000100000000)
 Metaspace       used 34725K, capacity 35958K, committed 36224K, reserved 1081344K
  class space    used 4326K, capacity 4625K, committed 4736K, reserved 1048576K
2020-11-07T20:04:25.832+0800: 19.678: [GC (Allocation Failure) 2020-11-07T20:04:25.832+0800: 19.678: [ParNew: 8806K->598K(9216K), 0.0286000 secs] 31648K->23439K(46800K), 0.0286940 secs] [Times: user=0.03 sys=0.01, real=0.03 secs] 
Heap after GC invocations=204 (full 21):
 par new generation   total 9216K, used 598K [0x00000000e3400000, 0x00000000e3e00000, 0x00000000ecca0000)
  eden space 8192K,   0% used [0x00000000e3400000, 0x00000000e3400000, 0x00000000e3c00000)
  from space 1024K,  58% used [0x00000000e3c00000, 0x00000000e3c958c0, 0x00000000e3d00000)
  to   space 1024K,   0% used [0x00000000e3d00000, 0x00000000e3d00000, 0x00000000e3e00000)
 concurrent mark-sweep generation total 37584K, used 22841K [0x00000000ecca0000, 0x00000000ef154000, 0x0000000100000000)
 Metaspace       used 34725K, capacity 35958K, committed 36224K, reserved 1081344K
  class space    used 4326K, capacity 4625K, committed 4736K, reserved 1048576K
}
2020-11-07T20:04:25.894+0800: 19.740: Application time: 0.0331094 seconds
{Heap before GC invocations=204 (full 21):
 par new generation   total 9216K, used 8790K [0x00000000e3400000, 0x00000000e3e00000, 0x00000000ecca0000)
  eden space 8192K, 100% used [0x00000000e3400000, 0x00000000e3c00000, 0x00000000e3c00000)
  from space 1024K,  58% used [0x00000000e3c00000, 0x00000000e3c958c0, 0x00000000e3d00000)
  to   space 1024K,   0% used [0x00000000e3d00000, 0x00000000e3d00000, 0x00000000e3e00000)
 concurrent mark-sweep generation total 37584K, used 22841K [0x00000000ecca0000, 0x00000000ef154000, 0x0000000100000000)
 Metaspace       used 34736K, capacity 35958K, committed 36224K, reserved 1081344K
  class space    used 4326K, capacity 4625K, committed 4736K, reserved 1048576K
2020-11-07T20:04:25.894+0800: 19.740: [GC (Allocation Failure) 2020-11-07T20:04:25.894+0800: 19.740: [ParNew: 8790K->632K(9216K), 0.0306205 secs] 31631K->23580K(46800K), 0.0306759 secs] [Times: user=0.03 sys=0.00, real=0.04 secs] 
Heap after GC invocations=205 (full 21):
 par new generation   total 9216K, used 632K [0x00000000e3400000, 0x00000000e3e00000, 0x00000000ecca0000)
  eden space 8192K,   0% used [0x00000000e3400000, 0x00000000e3400000, 0x00000000e3c00000)
  from space 1024K,  61% used [0x00000000e3d00000, 0x00000000e3d9e2c8, 0x00000000e3e00000)
  to   space 1024K,   0% used [0x00000000e3c00000, 0x00000000e3c00000, 0x00000000e3d00000)
 concurrent mark-sweep generation total 37584K, used 22948K [0x00000000ecca0000, 0x00000000ef154000, 0x0000000100000000)
 Metaspace       used 34736K, capacity 35958K, committed 36224K, reserved 1081344K
  class space    used 4326K, capacity 4625K, committed 4736K, reserved 1048576K
}
2020-11-07T20:04:25.983+0800: 19.829: Application time: 0.0578848 seconds
{Heap before GC invocations=205 (full 21):
 par new generation   total 9216K, used 8824K [0x00000000e3400000, 0x00000000e3e00000, 0x00000000ecca0000)
  eden space 8192K, 100% used [0x00000000e3400000, 0x00000000e3c00000, 0x00000000e3c00000)
  from space 1024K,  61% used [0x00000000e3d00000, 0x00000000e3d9e2c8, 0x00000000e3e00000)
  to   space 1024K,   0% used [0x00000000e3c00000, 0x00000000e3c00000, 0x00000000e3d00000)
 concurrent mark-sweep generation total 37584K, used 22948K [0x00000000ecca0000, 0x00000000ef154000, 0x0000000100000000)
 Metaspace       used 34834K, capacity 36126K, committed 36224K, reserved 1081344K
  class space    used 4345K, capacity 4647K, committed 4736K, reserved 1048576K
2020-11-07T20:04:25.983+0800: 19.829: [GC (Allocation Failure) 2020-11-07T20:04:25.983+0800: 19.829: [ParNew: 8824K->681K(9216K), 0.0328882 secs] 31772K->23678K(46800K), 0.0329465 secs] [Times: user=0.04 sys=0.00, real=0.04 secs] 
Heap after GC invocations=206 (full 21):
 par new generation   total 9216K, used 681K [0x00000000e3400000, 0x00000000e3e00000, 0x00000000ecca0000)
  eden space 8192K,   0% used [0x00000000e3400000, 0x00000000e3400000, 0x00000000e3c00000)
  from space 1024K,  66% used [0x00000000e3c00000, 0x00000000e3caa7a0, 0x00000000e3d00000)
  to   space 1024K,   0% used [0x00000000e3d00000, 0x00000000e3d00000, 0x00000000e3e00000)
 concurrent mark-sweep generation total 37584K, used 22996K [0x00000000ecca0000, 0x00000000ef154000, 0x0000000100000000)
 Metaspace       used 34834K, capacity 36126K, committed 36224K, reserved 1081344K
  class space    used 4345K, capacity 4647K, committed 4736K, reserved 1048576K
}
2020-11-07T20:04:26.149+0800: 19.995: [CMS-concurrent-abortable-preclean: 0.077/0.322 secs] [Times: user=0.31 sys=0.01, real=0.32 secs] 
2020-11-07T20:04:26.152+0800: 19.997: Application time: 0.1355831 seconds
2020-11-07T20:04:26.164+0800: 20.009: [GC (CMS Final Remark) [YG occupancy: 8873 K (9216 K)]2020-11-07T20:04:26.164+0800: 20.009: [Rescan (parallel) , 0.0368759 secs]2020-11-07T20:04:26.201+0800: 20.046: [weak refs processing, 0.0000647 secs]2020-11-07T20:04:26.201+0800: 20.046: [class unloading, 0.0117561 secs]2020-11-07T20:04:26.212+0800: 20.058: [scrub symbol table, 0.0209147 secs]2020-11-07T20:04:26.233+0800: 20.079: [scrub string table, 0.0010371 secs][1 CMS-remark: 22996K(37584K)] 31870K(46800K), 0.0709122 secs] [Times: user=0.06 sys=0.01, real=0.08 secs] 
2020-11-07T20:04:26.235+0800: 20.081: [CMS-concurrent-sweep-start]
2020-11-07T20:04:26.241+0800: 20.086: Application time: 0.0060060 seconds
{Heap before GC invocations=206 (full 21):
 par new generation   total 9216K, used 8873K [0x00000000e3400000, 0x00000000e3e00000, 0x00000000ecca0000)
  eden space 8192K, 100% used [0x00000000e3400000, 0x00000000e3c00000, 0x00000000e3c00000)
  from space 1024K,  66% used [0x00000000e3c00000, 0x00000000e3caa7a0, 0x00000000e3d00000)
  to   space 1024K,   0% used [0x00000000e3d00000, 0x00000000e3d00000, 0x00000000e3e00000)
 concurrent mark-sweep generation total 37584K, used 22994K [0x00000000ecca0000, 0x00000000ef154000, 0x0000000100000000)
 Metaspace       used 34992K, capacity 36526K, committed 36736K, reserved 1081344K
  class space    used 4381K, capacity 4709K, committed 4736K, reserved 1048576K
2020-11-07T20:04:26.241+0800: 20.087: [GC (Allocation Failure) 2020-11-07T20:04:26.241+0800: 20.087: [ParNew: 8873K->659K(9216K), 0.0292010 secs] 31868K->23734K(46800K), 0.0292879 secs] [Times: user=0.03 sys=0.00, real=0.03 secs] 
Heap after GC invocations=207 (full 21):
 par new generation   total 9216K, used 659K [0x00000000e3400000, 0x00000000e3e00000, 0x00000000ecca0000)
  eden space 8192K,   0% used [0x00000000e3400000, 0x00000000e3400000, 0x00000000e3c00000)
  from space 1024K,  64% used [0x00000000e3d00000, 0x00000000e3da4fe0, 0x00000000e3e00000)
  to   space 1024K,   0% used [0x00000000e3c00000, 0x00000000e3c00000, 0x00000000e3d00000)
 concurrent mark-sweep generation total 37584K, used 23074K [0x00000000ecca0000, 0x00000000ef154000, 0x0000000100000000)
 Metaspace       used 34992K, capacity 36526K, committed 36736K, reserved 1081344K
  class space    used 4381K, capacity 4709K, committed 4736K, reserved 1048576K
}
2020-11-07T20:04:26.299+0800: 20.145: [CMS-concurrent-sweep: 0.028/0.064 secs] [Times: user=0.06 sys=0.00, real=0.06 secs] 
2020-11-07T20:04:26.299+0800: 20.145: [CMS-concurrent-reset-start]
2020-11-07T20:04:26.300+0800: 20.146: [CMS-concurrent-reset: 0.001/0.001 secs] [Times: user=0.00 sys=0.00, real=0.00 secs] 
2020-11-07T20:04:26.319+0800: 20.165: Application time: 0.0486300 seconds
{Heap before GC invocations=207 (full 21):
 par new generation   total 9216K, used 8851K [0x00000000e3400000, 0x00000000e3e00000, 0x00000000ecca0000)
  eden space 8192K, 100% used [0x00000000e3400000, 0x00000000e3c00000, 0x00000000e3c00000)
  from space 1024K,  64% used [0x00000000e3d00000, 0x00000000e3da4fe0, 0x00000000e3e00000)
  to   space 1024K,   0% used [0x00000000e3c00000, 0x00000000e3c00000, 0x00000000e3d00000)
 concurrent mark-sweep generation total 38404K, used 23041K [0x00000000ecca0000, 0x00000000ef221000, 0x0000000100000000)
 Metaspace       used 35016K, capacity 36520K, committed 36736K, reserved 1081344K
  class space    used 4382K, capacity 4708K, committed 4736K, reserved 1048576K
2020-11-07T20:04:26.319+0800: 20.165: [GC (Allocation Failure) 2020-11-07T20:04:26.319+0800: 20.165: [ParNew: 8851K->557K(9216K), 0.0489116 secs] 31893K->23725K(47620K), 0.0490273 secs] [Times: user=0.05 sys=0.00, real=0.05 secs] 
Heap after GC invocations=208 (full 21):
 par new generation   total 9216K, used 557K [0x00000000e3400000, 0x00000000e3e00000, 0x00000000ecca0000)
  eden space 8192K,   0% used [0x00000000e3400000, 0x00000000e3400000, 0x00000000e3c00000)
  from space 1024K,  54% used [0x00000000e3c00000, 0x00000000e3c8b690, 0x00000000e3d00000)
  to   space 1024K,   0% used [0x00000000e3d00000, 0x00000000e3d00000, 0x00000000e3e00000)
 concurrent mark-sweep generation total 38404K, used 23167K [0x00000000ecca0000, 0x00000000ef221000, 0x0000000100000000)
 Metaspace       used 35016K, capacity 36520K, committed 36736K, reserved 1081344K
  class space    used 4382K, capacity 4708K, committed 4736K, reserved 1048576K
}
2020-11-07T20:04:26.378+0800: 20.224: Application time: 0.0102253 seconds
2020-11-07T20:04:26.379+0800: 20.224: [GC (CMS Initial Mark) [1 CMS-initial-mark: 23167K(38404K)] 26351K(47620K), 0.0055927 secs] [Times: user=0.01 sys=0.00, real=0.00 secs] 
2020-11-07T20:04:26.384+0800: 20.230: [CMS-concurrent-mark-start]
2020-11-07T20:04:26.437+0800: 20.282: Application time: 0.0522469 seconds
{Heap before GC invocations=208 (full 22):
 par new generation   total 9216K, used 8749K [0x00000000e3400000, 0x00000000e3e00000, 0x00000000ecca0000)
  eden space 8192K, 100% used [0x00000000e3400000, 0x00000000e3c00000, 0x00000000e3c00000)
  from space 1024K,  54% used [0x00000000e3c00000, 0x00000000e3c8b690, 0x00000000e3d00000)
  to   space 1024K,   0% used [0x00000000e3d00000, 0x00000000e3d00000, 0x00000000e3e00000)
 concurrent mark-sweep generation total 38404K, used 23167K [0x00000000ecca0000, 0x00000000ef221000, 0x0000000100000000)
 Metaspace       used 35020K, capacity 36520K, committed 36736K, reserved 1081344K
  class space    used 4382K, capacity 4708K, committed 4736K, reserved 1048576K
2020-11-07T20:04:26.437+0800: 20.283: [GC (Allocation Failure) 2020-11-07T20:04:26.437+0800: 20.283: [ParNew: 8749K->768K(9216K), 1.0419202 secs] 31917K->23935K(47620K), 1.0420050 secs] [Times: user=1.00 sys=0.01, real=1.04 secs] 
Heap after GC invocations=209 (full 22):
 par new generation   total 9216K, used 768K [0x00000000e3400000, 0x00000000e3e00000, 0x00000000ecca0000)
  eden space 8192K,   0% used [0x00000000e3400000, 0x00000000e3400000, 0x00000000e3c00000)
  from space 1024K,  75% used [0x00000000e3d00000, 0x00000000e3dc0060, 0x00000000e3e00000)
  to   space 1024K,   0% used [0x00000000e3c00000, 0x00000000e3c00000, 0x00000000e3d00000)
 concurrent mark-sweep generation total 38404K, used 23167K [0x00000000ecca0000, 0x00000000ef221000, 0x0000000100000000)
 Metaspace       used 35020K, capacity 36520K, committed 36736K, reserved 1081344K
  class space    used 4382K, capacity 4708K, committed 4736K, reserved 1048576K
}
2020-11-07T20:04:27.541+0800: 21.386: Application time: 0.0617450 seconds
{Heap before GC invocations=209 (full 22):
 par new generation   total 9216K, used 8960K [0x00000000e3400000, 0x00000000e3e00000, 0x00000000ecca0000)
  eden space 8192K, 100% used [0x00000000e3400000, 0x00000000e3c00000, 0x00000000e3c00000)
  from space 1024K,  75% used [0x00000000e3d00000, 0x00000000e3dc0060, 0x00000000e3e00000)
  to   space 1024K,   0% used [0x00000000e3c00000, 0x00000000e3c00000, 0x00000000e3d00000)
 concurrent mark-sweep generation total 38404K, used 23167K [0x00000000ecca0000, 0x00000000ef221000, 0x0000000100000000)
 Metaspace       used 35137K, capacity 36686K, committed 36864K, reserved 1081344K
  class space    used 4406K, capacity 4741K, committed 4864K, reserved 1048576K
2020-11-07T20:04:27.541+0800: 21.387: [GC (Allocation Failure) 2020-11-07T20:04:27.541+0800: 21.387: [ParNew: 8960K->868K(9216K), 0.0438521 secs] 32127K->24081K(47620K), 0.0439206 secs] [Times: user=0.04 sys=0.01, real=0.05 secs] 
Heap after GC invocations=210 (full 22):
 par new generation   total 9216K, used 868K [0x00000000e3400000, 0x00000000e3e00000, 0x00000000ecca0000)
  eden space 8192K,   0% used [0x00000000e3400000, 0x00000000e3400000, 0x00000000e3c00000)
  from space 1024K,  84% used [0x00000000e3c00000, 0x00000000e3cd93c0, 0x00000000e3d00000)
  to   space 1024K,   0% used [0x00000000e3d00000, 0x00000000e3d00000, 0x00000000e3e00000)
 concurrent mark-sweep generation total 38404K, used 23212K [0x00000000ecca0000, 0x00000000ef221000, 0x0000000100000000)
 Metaspace       used 35137K, capacity 36686K, committed 36864K, reserved 1081344K
  class space    used 4406K, capacity 4741K, committed 4864K, reserved 1048576K
}
2020-11-07T20:04:27.617+0800: 21.463: [CMS-concurrent-mark: 0.147/1.233 secs] [Times: user=1.18 sys=0.02, real=1.24 secs] 
2020-11-07T20:04:27.618+0800: 21.463: [CMS-concurrent-preclean-start]
2020-11-07T20:04:27.622+0800: 21.468: Application time: 0.0372331 seconds
{Heap before GC invocations=210 (full 22):
 par new generation   total 9216K, used 9060K [0x00000000e3400000, 0x00000000e3e00000, 0x00000000ecca0000)
  eden space 8192K, 100% used [0x00000000e3400000, 0x00000000e3c00000, 0x00000000e3c00000)
  from space 1024K,  84% used [0x00000000e3c00000, 0x00000000e3cd93c0, 0x00000000e3d00000)
  to   space 1024K,   0% used [0x00000000e3d00000, 0x00000000e3d00000, 0x00000000e3e00000)
 concurrent mark-sweep generation total 38404K, used 23212K [0x00000000ecca0000, 0x00000000ef221000, 0x0000000100000000)
 Metaspace       used 35142K, capacity 36686K, committed 36864K, reserved 1081344K
  class space    used 4407K, capacity 4741K, committed 4864K, reserved 1048576K
2020-11-07T20:04:27.622+0800: 21.468: [GC (Allocation Failure) 2020-11-07T20:04:27.622+0800: 21.468: [ParNew: 9060K->443K(9216K), 0.0179294 secs] 32273K->23870K(47620K), 0.0180068 secs] [Times: user=0.01 sys=0.00, real=0.02 secs] 
Heap after GC invocations=211 (full 22):
 par new generation   total 9216K, used 443K [0x00000000e3400000, 0x00000000e3e00000, 0x00000000ecca0000)
  eden space 8192K,   0% used [0x00000000e3400000, 0x00000000e3400000, 0x00000000e3c00000)
  from space 1024K,  43% used [0x00000000e3d00000, 0x00000000e3d6ee20, 0x00000000e3e00000)
  to   space 1024K,   0% used [0x00000000e3c00000, 0x00000000e3c00000, 0x00000000e3d00000)
 concurrent mark-sweep generation total 38404K, used 23426K [0x00000000ecca0000, 0x00000000ef221000, 0x0000000100000000)
 Metaspace       used 35142K, capacity 36686K, committed 36864K, reserved 1081344K
  class space    used 4407K, capacity 4741K, committed 4864K, reserved 1048576K
}
2020-11-07T20:04:27.656+0800: 21.502: [CMS-concurrent-preclean: 0.020/0.038 secs] [Times: user=0.03 sys=0.00, real=0.04 secs] 
2020-11-07T20:04:27.656+0800: 21.502: Application time: 0.0156769 seconds
2020-11-07T20:04:27.656+0800: 21.502: [GC (CMS Final Remark) [YG occupancy: 1100 K (9216 K)]2020-11-07T20:04:27.656+0800: 21.502: [Rescan (parallel) , 0.0046831 secs]2020-11-07T20:04:27.661+0800: 21.506: [weak refs processing, 0.0000686 secs]2020-11-07T20:04:27.661+0800: 21.507: [class unloading, 0.0121652 secs]2020-11-07T20:04:27.673+0800: 21.519: [scrub symbol table, 0.0113132 secs]2020-11-07T20:04:27.684+0800: 21.530: [scrub string table, 0.0007587 secs][1 CMS-remark: 23426K(38404K)] 24527K(47620K), 0.0291942 secs] [Times: user=0.03 sys=0.00, real=0.03 secs] 
2020-11-07T20:04:27.695+0800: 21.540: [CMS-concurrent-sweep-start]
2020-11-07T20:04:27.728+0800: 21.574: [CMS-concurrent-sweep: 0.033/0.033 secs] [Times: user=0.03 sys=0.00, real=0.03 secs] 
2020-11-07T20:04:27.728+0800: 21.574: [CMS-concurrent-reset-start]
2020-11-07T20:04:27.729+0800: 21.575: [CMS-concurrent-reset: 0.001/0.001 secs] [Times: user=0.00 sys=0.00, real=0.00 secs] 
2020-11-07T20:04:27.751+0800: 21.597: Application time: 0.0658212 seconds
{Heap before GC invocations=211 (full 22):
 par new generation   total 9216K, used 8635K [0x00000000e3400000, 0x00000000e3e00000, 0x00000000ecca0000)
  eden space 8192K, 100% used [0x00000000e3400000, 0x00000000e3c00000, 0x00000000e3c00000)
  from space 1024K,  43% used [0x00000000e3d00000, 0x00000000e3d6ee20, 0x00000000e3e00000)
  to   space 1024K,   0% used [0x00000000e3c00000, 0x00000000e3c00000, 0x00000000e3d00000)
 concurrent mark-sweep generation total 38844K, used 23305K [0x00000000ecca0000, 0x00000000ef28f000, 0x0000000100000000)
 Metaspace       used 35164K, capacity 36684K, committed 36864K, reserved 1081344K
  class space    used 4408K, capacity 4740K, committed 4864K, reserved 1048576K
2020-11-07T20:04:27.751+0800: 21.597: [GC (Allocation Failure) 2020-11-07T20:04:27.751+0800: 21.597: [ParNew: 8635K->839K(9216K), 0.0139468 secs] 31940K->24144K(48060K), 0.0140338 secs] [Times: user=0.02 sys=0.00, real=0.02 secs] 
Heap after GC invocations=212 (full 22):
 par new generation   total 9216K, used 839K [0x00000000e3400000, 0x00000000e3e00000, 0x00000000ecca0000)
  eden space 8192K,   0% used [0x00000000e3400000, 0x00000000e3400000, 0x00000000e3c00000)
  from space 1024K,  82% used [0x00000000e3c00000, 0x00000000e3cd1f78, 0x00000000e3d00000)
  to   space 1024K,   0% used [0x00000000e3d00000, 0x00000000e3d00000, 0x00000000e3e00000)
 concurrent mark-sweep generation total 38844K, used 23305K [0x00000000ecca0000, 0x00000000ef28f000, 0x0000000100000000)
 Metaspace       used 35164K, capacity 36684K, committed 36864K, reserved 1081344K
  class space    used 4408K, capacity 4740K, committed 4864K, reserved 1048576K
}
2020-11-07T20:04:27.814+0800: 21.659: Application time: 0.0483211 seconds
{Heap before GC invocations=212 (full 22):
 par new generation   total 9216K, used 9031K [0x00000000e3400000, 0x00000000e3e00000, 0x00000000ecca0000)
  eden space 8192K, 100% used [0x00000000e3400000, 0x00000000e3c00000, 0x00000000e3c00000)
  from space 1024K,  82% used [0x00000000e3c00000, 0x00000000e3cd1f78, 0x00000000e3d00000)
  to   space 1024K,   0% used [0x00000000e3d00000, 0x00000000e3d00000, 0x00000000e3e00000)
 concurrent mark-sweep generation total 38844K, used 23305K [0x00000000ecca0000, 0x00000000ef28f000, 0x0000000100000000)
 Metaspace       used 35193K, capacity 36688K, committed 36864K, reserved 1081344K
  class space    used 4412K, capacity 4740K, committed 4864K, reserved 1048576K
2020-11-07T20:04:27.814+0800: 21.660: [GC (Allocation Failure) 2020-11-07T20:04:27.814+0800: 21.660: [ParNew: 9031K->596K(9216K), 0.0239719 secs] 32336K->24074K(48060K), 0.0240359 secs] [Times: user=0.03 sys=0.00, real=0.03 secs] 
Heap after GC invocations=213 (full 22):
 par new generation   total 9216K, used 596K [0x00000000e3400000, 0x00000000e3e00000, 0x00000000ecca0000)
  eden space 8192K,   0% used [0x00000000e3400000, 0x00000000e3400000, 0x00000000e3c00000)
  from space 1024K,  58% used [0x00000000e3d00000, 0x00000000e3d952b8, 0x00000000e3e00000)
  to   space 1024K,   0% used [0x00000000e3c00000, 0x00000000e3c00000, 0x00000000e3d00000)
 concurrent mark-sweep generation total 38844K, used 23477K [0x00000000ecca0000, 0x00000000ef28f000, 0x0000000100000000)
 Metaspace       used 35193K, capacity 36688K, committed 36864K, reserved 1081344K
  class space    used 4412K, capacity 4740K, committed 4864K, reserved 1048576K
}
2020-11-07T20:04:27.843+0800: 21.688: Application time: 0.0046593 seconds
2020-11-07T20:04:27.843+0800: 21.689: [GC (CMS Initial Mark) [1 CMS-initial-mark: 23477K(38844K)] 27026K(48060K), 0.0055603 secs] [Times: user=0.01 sys=0.00, real=0.01 secs] 
2020-11-07T20:04:27.852+0800: 21.698: [CMS-concurrent-mark-start]
2020-11-07T20:04:27.898+0800: 21.744: Application time: 0.0496928 seconds
{Heap before GC invocations=213 (full 23):
 par new generation   total 9216K, used 8788K [0x00000000e3400000, 0x00000000e3e00000, 0x00000000ecca0000)
  eden space 8192K, 100% used [0x00000000e3400000, 0x00000000e3c00000, 0x00000000e3c00000)
  from space 1024K,  58% used [0x00000000e3d00000, 0x00000000e3d952b8, 0x00000000e3e00000)
  to   space 1024K,   0% used [0x00000000e3c00000, 0x00000000e3c00000, 0x00000000e3d00000)
 concurrent mark-sweep generation total 38844K, used 23477K [0x00000000ecca0000, 0x00000000ef28f000, 0x0000000100000000)
 Metaspace       used 35221K, capacity 36752K, committed 37120K, reserved 1081344K
  class space    used 4415K, capacity 4740K, committed 4864K, reserved 1048576K
2020-11-07T20:04:27.898+0800: 21.744: [GC (Allocation Failure) 2020-11-07T20:04:27.898+0800: 21.744: [ParNew: 8788K->706K(9216K), 0.0269174 secs] 32266K->24228K(48060K), 0.0270203 secs] [Times: user=0.02 sys=0.00, real=0.03 secs] 
Heap after GC invocations=214 (full 23):
 par new generation   total 9216K, used 706K [0x00000000e3400000, 0x00000000e3e00000, 0x00000000ecca0000)
  eden space 8192K,   0% used [0x00000000e3400000, 0x00000000e3400000, 0x00000000e3c00000)
  from space 1024K,  69% used [0x00000000e3c00000, 0x00000000e3cb0ac8, 0x00000000e3d00000)
  to   space 1024K,   0% used [0x00000000e3d00000, 0x00000000e3d00000, 0x00000000e3e00000)
 concurrent mark-sweep generation total 38844K, used 23521K [0x00000000ecca0000, 0x00000000ef28f000, 0x0000000100000000)
 Metaspace       used 35221K, capacity 36752K, committed 37120K, reserved 1081344K
  class space    used 4415K, capacity 4740K, committed 4864K, reserved 1048576K
}
2020-11-07T20:04:27.992+0800: 21.837: Application time: 0.0662164 seconds
{Heap before GC invocations=214 (full 23):
 par new generation   total 9216K, used 8898K [0x00000000e3400000, 0x00000000e3e00000, 0x00000000ecca0000)
  eden space 8192K, 100% used [0x00000000e3400000, 0x00000000e3c00000, 0x00000000e3c00000)
  from space 1024K,  69% used [0x00000000e3c00000, 0x00000000e3cb0ac8, 0x00000000e3d00000)
  to   space 1024K,   0% used [0x00000000e3d00000, 0x00000000e3d00000, 0x00000000e3e00000)
 concurrent mark-sweep generation total 38844K, used 23521K [0x00000000ecca0000, 0x00000000ef28f000, 0x0000000100000000)
 Metaspace       used 35250K, capacity 36768K, committed 37120K, reserved 1081344K
  class space    used 4419K, capacity 4744K, committed 4864K, reserved 1048576K
2020-11-07T20:04:27.992+0800: 21.838: [GC (Allocation Failure) 2020-11-07T20:04:27.992+0800: 21.838: [ParNew: 8898K->395K(9216K), 0.0060035 secs] 32420K->24045K(48060K), 0.0060553 secs] [Times: user=0.01 sys=0.00, real=0.01 secs] 
Heap after GC invocations=215 (full 23):
 par new generation   total 9216K, used 395K [0x00000000e3400000, 0x00000000e3e00000, 0x00000000ecca0000)
  eden space 8192K,   0% used [0x00000000e3400000, 0x00000000e3400000, 0x00000000e3c00000)
  from space 1024K,  38% used [0x00000000e3d00000, 0x00000000e3d62d18, 0x00000000e3e00000)
  to   space 1024K,   0% used [0x00000000e3c00000, 0x00000000e3c00000, 0x00000000e3d00000)
 concurrent mark-sweep generation total 38844K, used 23650K [0x00000000ecca0000, 0x00000000ef28f000, 0x0000000100000000)
 Metaspace       used 35250K, capacity 36768K, committed 37120K, reserved 1081344K
  class space    used 4419K, capacity 4744K, committed 4864K, reserved 1048576K
}
2020-11-07T20:04:28.034+0800: 21.880: Application time: 0.0363067 seconds
2020-11-07T20:04:28.046+0800: 21.891: Application time: 0.0108073 seconds
2020-11-07T20:04:28.055+0800: 21.901: [CMS-concurrent-mark: 0.155/0.204 secs] [Times: user=0.20 sys=0.00, real=0.21 secs] 
2020-11-07T20:04:28.055+0800: 21.901: [CMS-concurrent-preclean-start]
2020-11-07T20:04:28.062+0800: 21.908: [CMS-concurrent-preclean: 0.007/0.007 secs] [Times: user=0.01 sys=0.00, real=0.00 secs] 
2020-11-07T20:04:28.062+0800: 21.908: [CMS-concurrent-abortable-preclean-start]
2020-11-07T20:04:28.140+0800: 21.986: Application time: 0.0938048 seconds
{Heap before GC invocations=215 (full 23):
 par new generation   total 9216K, used 8587K [0x00000000e3400000, 0x00000000e3e00000, 0x00000000ecca0000)
  eden space 8192K, 100% used [0x00000000e3400000, 0x00000000e3c00000, 0x00000000e3c00000)
  from space 1024K,  38% used [0x00000000e3d00000, 0x00000000e3d62d18, 0x00000000e3e00000)
  to   space 1024K,   0% used [0x00000000e3c00000, 0x00000000e3c00000, 0x00000000e3d00000)
 concurrent mark-sweep generation total 38844K, used 23650K [0x00000000ecca0000, 0x00000000ef28f000, 0x0000000100000000)
 Metaspace       used 35795K, capacity 37318K, committed 37632K, reserved 1081344K
  class space    used 4475K, capacity 4777K, committed 4864K, reserved 1048576K
2020-11-07T20:04:28.140+0800: 21.986: [GC (Allocation Failure) 2020-11-07T20:04:28.140+0800: 21.986: [ParNew: 8587K->766K(9216K), 0.0194887 secs] 32237K->24417K(48060K), 0.0195682 secs] [Times: user=0.02 sys=0.00, real=0.02 secs] 
Heap after GC invocations=216 (full 23):
 par new generation   total 9216K, used 766K [0x00000000e3400000, 0x00000000e3e00000, 0x00000000ecca0000)
  eden space 8192K,   0% used [0x00000000e3400000, 0x00000000e3400000, 0x00000000e3c00000)
  from space 1024K,  74% used [0x00000000e3c00000, 0x00000000e3cbfae0, 0x00000000e3d00000)
  to   space 1024K,   0% used [0x00000000e3d00000, 0x00000000e3d00000, 0x00000000e3e00000)
 concurrent mark-sweep generation total 38844K, used 23650K [0x00000000ecca0000, 0x00000000ef28f000, 0x0000000100000000)
 Metaspace       used 35795K, capacity 37318K, committed 37632K, reserved 1081344K
  class space    used 4475K, capacity 4777K, committed 4864K, reserved 1048576K
}
2020-11-07T20:04:28.236+0800: 22.082: Application time: 0.0763506 seconds
{Heap before GC invocations=216 (full 23):
 par new generation   total 9216K, used 8958K [0x00000000e3400000, 0x00000000e3e00000, 0x00000000ecca0000)
  eden space 8192K, 100% used [0x00000000e3400000, 0x00000000e3c00000, 0x00000000e3c00000)
  from space 1024K,  74% used [0x00000000e3c00000, 0x00000000e3cbfae0, 0x00000000e3d00000)
  to   space 1024K,   0% used [0x00000000e3d00000, 0x00000000e3d00000, 0x00000000e3e00000)
 concurrent mark-sweep generation total 38844K, used 23650K [0x00000000ecca0000, 0x00000000ef28f000, 0x0000000100000000)
 Metaspace       used 36022K, capacity 37542K, committed 37632K, reserved 1081344K
  class space    used 4497K, capacity 4809K, committed 4864K, reserved 1048576K
2020-11-07T20:04:28.236+0800: 22.082: [GC (Allocation Failure) 2020-11-07T20:04:28.236+0800: 22.082: [ParNew: 8958K->875K(9216K), 0.0364919 secs] 32609K->24747K(48060K), 0.0365452 secs] [Times: user=0.03 sys=0.01, real=0.03 secs] 
Heap after GC invocations=217 (full 23):
 par new generation   total 9216K, used 875K [0x00000000e3400000, 0x00000000e3e00000, 0x00000000ecca0000)
  eden space 8192K,   0% used [0x00000000e3400000, 0x00000000e3400000, 0x00000000e3c00000)
  from space 1024K,  85% used [0x00000000e3d00000, 0x00000000e3ddaeb0, 0x00000000e3e00000)
  to   space 1024K,   0% used [0x00000000e3c00000, 0x00000000e3c00000, 0x00000000e3d00000)
 concurrent mark-sweep generation total 38844K, used 23871K [0x00000000ecca0000, 0x00000000ef28f000, 0x0000000100000000)
 Metaspace       used 36022K, capacity 37542K, committed 37632K, reserved 1081344K
  class space    used 4497K, capacity 4809K, committed 4864K, reserved 1048576K
}
2020-11-07T20:04:28.347+0800: 22.193: Application time: 0.0741257 seconds
{Heap before GC invocations=217 (full 23):
 par new generation   total 9216K, used 9067K [0x00000000e3400000, 0x00000000e3e00000, 0x00000000ecca0000)
  eden space 8192K, 100% used [0x00000000e3400000, 0x00000000e3c00000, 0x00000000e3c00000)
  from space 1024K,  85% used [0x00000000e3d00000, 0x00000000e3ddaeb0, 0x00000000e3e00000)
  to   space 1024K,   0% used [0x00000000e3c00000, 0x00000000e3c00000, 0x00000000e3d00000)
 concurrent mark-sweep generation total 38844K, used 23871K [0x00000000ecca0000, 0x00000000ef28f000, 0x0000000100000000)
 Metaspace       used 36266K, capacity 37766K, committed 37888K, reserved 1083392K
  class space    used 4521K, capacity 4841K, committed 4864K, reserved 1048576K
2020-11-07T20:04:28.347+0800: 22.193: [GC (Allocation Failure) 2020-11-07T20:04:28.347+0800: 22.193: [ParNew: 9067K->756K(9216K), 0.0172335 secs] 32939K->24772K(48060K), 0.0173037 secs] [Times: user=0.01 sys=0.00, real=0.02 secs] 
Heap after GC invocations=218 (full 23):
 par new generation   total 9216K, used 756K [0x00000000e3400000, 0x00000000e3e00000, 0x00000000ecca0000)
  eden space 8192K,   0% used [0x00000000e3400000, 0x00000000e3400000, 0x00000000e3c00000)
  from space 1024K,  73% used [0x00000000e3c00000, 0x00000000e3cbd308, 0x00000000e3d00000)
  to   space 1024K,   0% used [0x00000000e3d00000, 0x00000000e3d00000, 0x00000000e3e00000)
 concurrent mark-sweep generation total 38844K, used 24015K [0x00000000ecca0000, 0x00000000ef28f000, 0x0000000100000000)
 Metaspace       used 36266K, capacity 37766K, committed 37888K, reserved 1083392K
  class space    used 4521K, capacity 4841K, committed 4864K, reserved 1048576K
}
2020-11-07T20:04:28.705+0800: 22.550: Application time: 0.3400016 seconds
2020-11-07T20:04:28.757+0800: 22.603: Application time: 0.0520573 seconds
2020-11-07T20:04:28.776+0800: 22.622: Application time: 0.0177510 seconds
2020-11-07T20:04:28.776+0800: 22.622: [CMS-concurrent-abortable-preclean: 0.077/0.714 secs] [Times: user=0.66 sys=0.03, real=0.72 secs] 
2020-11-07T20:04:28.777+0800: 22.622: Application time: 0.0000999 seconds
2020-11-07T20:04:28.777+0800: 22.622: [GC (CMS Final Remark) [YG occupancy: 5668 K (9216 K)]2020-11-07T20:04:28.777+0800: 22.622: [Rescan (parallel) , 0.0127911 secs]2020-11-07T20:04:28.789+0800: 22.635: [weak refs processing, 0.0000738 secs]2020-11-07T20:04:28.790+0800: 22.635: [class unloading, 0.0084221 secs]2020-11-07T20:04:28.798+0800: 22.644: [scrub symbol table, 0.0113477 secs]2020-11-07T20:04:28.809+0800: 22.655: [scrub string table, 0.0008463 secs][1 CMS-remark: 24015K(38844K)] 29684K(48060K), 0.0336704 secs] [Times: user=0.03 sys=0.00, real=0.03 secs] 
2020-11-07T20:04:28.822+0800: 22.667: [CMS-concurrent-sweep-start]
2020-11-07T20:04:28.851+0800: 22.696: [CMS-concurrent-sweep: 0.029/0.029 secs] [Times: user=0.03 sys=0.00, real=0.03 secs] 
2020-11-07T20:04:28.851+0800: 22.697: [CMS-concurrent-reset-start]
2020-11-07T20:04:28.852+0800: 22.698: [CMS-concurrent-reset: 0.001/0.001 secs] [Times: user=0.00 sys=0.00, real=0.00 secs] 
2020-11-07T20:04:28.885+0800: 22.731: Application time: 0.0745793 seconds
{Heap before GC invocations=218 (full 23):
 par new generation   total 9216K, used 8948K [0x00000000e3400000, 0x00000000e3e00000, 0x00000000ecca0000)
  eden space 8192K, 100% used [0x00000000e3400000, 0x00000000e3c00000, 0x00000000e3c00000)
  from space 1024K,  73% used [0x00000000e3c00000, 0x00000000e3cbd308, 0x00000000e3d00000)
  to   space 1024K,   0% used [0x00000000e3d00000, 0x00000000e3d00000, 0x00000000e3e00000)
 concurrent mark-sweep generation total 39976K, used 23984K [0x00000000ecca0000, 0x00000000ef3aa000, 0x0000000100000000)
 Metaspace       used 37143K, capacity 38662K, committed 38784K, reserved 1083392K
  class space    used 4650K, capacity 4969K, committed 4992K, reserved 1048576K
2020-11-07T20:04:28.885+0800: 22.731: [GC (Allocation Failure) 2020-11-07T20:04:28.885+0800: 22.731: [ParNew: 8948K->1024K(9216K), 0.0321338 secs] 32933K->28229K(49192K), 0.0322089 secs] [Times: user=0.03 sys=0.00, real=0.03 secs] 
Heap after GC invocations=219 (full 23):
 par new generation   total 9216K, used 1024K [0x00000000e3400000, 0x00000000e3e00000, 0x00000000ecca0000)
  eden space 8192K,   0% used [0x00000000e3400000, 0x00000000e3400000, 0x00000000e3c00000)
  from space 1024K, 100% used [0x00000000e3d00000, 0x00000000e3e00000, 0x00000000e3e00000)
  to   space 1024K,   0% used [0x00000000e3c00000, 0x00000000e3c00000, 0x00000000e3d00000)
 concurrent mark-sweep generation total 39976K, used 27205K [0x00000000ecca0000, 0x00000000ef3aa000, 0x0000000100000000)
 Metaspace       used 37143K, capacity 38662K, committed 38784K, reserved 1083392K
  class space    used 4650K, capacity 4969K, committed 4992K, reserved 1048576K
}
2020-11-07T20:04:28.921+0800: 22.767: Application time: 0.0037165 seconds
2020-11-07T20:04:28.931+0800: 22.776: [GC (CMS Initial Mark) [1 CMS-initial-mark: 27205K(39976K)] 29046K(49192K), 0.0036930 secs] [Times: user=0.01 sys=0.00, real=0.00 secs] 
2020-11-07T20:04:28.934+0800: 22.780: [CMS-concurrent-mark-start]
2020-11-07T20:04:29.089+0800: 22.934: Application time: 0.1541980 seconds
{Heap before GC invocations=219 (full 24):
 par new generation   total 9216K, used 9197K [0x00000000e3400000, 0x00000000e3e00000, 0x00000000ecca0000)
  eden space 8192K,  99% used [0x00000000e3400000, 0x00000000e3bfb4f8, 0x00000000e3c00000)
  from space 1024K, 100% used [0x00000000e3d00000, 0x00000000e3e00000, 0x00000000e3e00000)
  to   space 1024K,   0% used [0x00000000e3c00000, 0x00000000e3c00000, 0x00000000e3d00000)
 concurrent mark-sweep generation total 39976K, used 27205K [0x00000000ecca0000, 0x00000000ef3aa000, 0x0000000100000000)
 Metaspace       used 37473K, capacity 39014K, committed 39168K, reserved 1083392K
  class space    used 4687K, capacity 5001K, committed 5120K, reserved 1048576K
2020-11-07T20:04:29.089+0800: 22.934: [GC (Allocation Failure) 2020-11-07T20:04:29.089+0800: 22.935: [ParNew: 9197K->677K(9216K), 0.0363825 secs] 36402K->28900K(49192K), 0.0364777 secs] [Times: user=0.03 sys=0.00, real=0.04 secs] 
Heap after GC invocations=220 (full 24):
 par new generation   total 9216K, used 677K [0x00000000e3400000, 0x00000000e3e00000, 0x00000000ecca0000)
  eden space 8192K,   0% used [0x00000000e3400000, 0x00000000e3400000, 0x00000000e3c00000)
  from space 1024K,  66% used [0x00000000e3c00000, 0x00000000e3ca97f8, 0x00000000e3d00000)
  to   space 1024K,   0% used [0x00000000e3d00000, 0x00000000e3d00000, 0x00000000e3e00000)
 concurrent mark-sweep generation total 39976K, used 28222K [0x00000000ecca0000, 0x00000000ef3aa000, 0x0000000100000000)
 Metaspace       used 37473K, capacity 39014K, committed 39168K, reserved 1083392K
  class space    used 4687K, capacity 5001K, committed 5120K, reserved 1048576K
}
2020-11-07T20:04:29.128+0800: 22.973: [CMS-concurrent-mark: 0.157/0.193 secs] [Times: user=0.18 sys=0.01, real=0.20 secs] 
2020-11-07T20:04:29.128+0800: 22.974: [CMS-concurrent-preclean-start]
2020-11-07T20:04:29.135+0800: 22.981: [CMS-concurrent-preclean: 0.008/0.008 secs] [Times: user=0.00 sys=0.00, real=0.01 secs] 
2020-11-07T20:04:29.135+0800: 22.981: Application time: 0.0102041 seconds
2020-11-07T20:04:29.136+0800: 22.981: [GC (CMS Final Remark) [YG occupancy: 1031 K (9216 K)]2020-11-07T20:04:29.136+0800: 22.981: [Rescan (parallel) , 0.0025694 secs]2020-11-07T20:04:29.138+0800: 22.984: [weak refs processing, 0.0000821 secs]2020-11-07T20:04:29.138+0800: 22.984: [class unloading, 0.0116566 secs]2020-11-07T20:04:29.150+0800: 22.996: [scrub symbol table, 0.0267424 secs]2020-11-07T20:04:29.177+0800: 23.022: [scrub string table, 0.0009329 secs][1 CMS-remark: 28222K(39976K)] 29254K(49192K), 0.0421355 secs] [Times: user=0.04 sys=0.00, real=0.04 secs] 
2020-11-07T20:04:29.181+0800: 23.026: [CMS-concurrent-sweep-start]
2020-11-07T20:04:29.214+0800: 23.060: [CMS-concurrent-sweep: 0.034/0.034 secs] [Times: user=0.03 sys=0.00, real=0.03 secs] 
2020-11-07T20:04:29.214+0800: 23.060: [CMS-concurrent-reset-start]
2020-11-07T20:04:29.215+0800: 23.061: [CMS-concurrent-reset: 0.001/0.001 secs] [Times: user=0.00 sys=0.00, real=0.01 secs] 
2020-11-07T20:04:29.275+0800: 23.121: Application time: 0.0975804 seconds
{Heap before GC invocations=220 (full 24):
 par new generation   total 9216K, used 8869K [0x00000000e3400000, 0x00000000e3e00000, 0x00000000ecca0000)
  eden space 8192K, 100% used [0x00000000e3400000, 0x00000000e3c00000, 0x00000000e3c00000)
  from space 1024K,  66% used [0x00000000e3c00000, 0x00000000e3ca97f8, 0x00000000e3d00000)
  to   space 1024K,   0% used [0x00000000e3d00000, 0x00000000e3d00000, 0x00000000e3e00000)
 concurrent mark-sweep generation total 46912K, used 28145K [0x00000000ecca0000, 0x00000000efa70000, 0x0000000100000000)
 Metaspace       used 37653K, capacity 39150K, committed 39424K, reserved 1083392K
  class space    used 4703K, capacity 5003K, committed 5120K, reserved 1048576K
2020-11-07T20:04:29.275+0800: 23.121: [GC (Allocation Failure) 2020-11-07T20:04:29.275+0800: 23.121: [ParNew: 8869K->299K(9216K), 0.0256310 secs] 37015K->28444K(56128K), 0.0257160 secs] [Times: user=0.03 sys=0.00, real=0.02 secs] 
Heap after GC invocations=221 (full 24):
 par new generation   total 9216K, used 299K [0x00000000e3400000, 0x00000000e3e00000, 0x00000000ecca0000)
  eden space 8192K,   0% used [0x00000000e3400000, 0x00000000e3400000, 0x00000000e3c00000)
  from space 1024K,  29% used [0x00000000e3d00000, 0x00000000e3d4acc8, 0x00000000e3e00000)
  to   space 1024K,   0% used [0x00000000e3c00000, 0x00000000e3c00000, 0x00000000e3d00000)
 concurrent mark-sweep generation total 46912K, used 28145K [0x00000000ecca0000, 0x00000000efa70000, 0x0000000100000000)
 Metaspace       used 37653K, capacity 39150K, committed 39424K, reserved 1083392K
  class space    used 4703K, capacity 5003K, committed 5120K, reserved 1048576K
}
2020-11-07T20:04:29.325+0800: 23.171: Application time: 0.0241316 seconds
2020-11-07T20:04:29.329+0800: 23.175: Application time: 0.0037719 seconds
2020-11-07T20:04:29.331+0800: 23.177: Application time: 0.0016374 seconds
2020-11-07T20:04:29.355+0800: 23.201: Application time: 0.0242694 seconds
2020-11-07T20:04:29.368+0800: 23.213: Application time: 0.0123426 seconds
2020-11-07T20:04:29.373+0800: 23.219: Application time: 0.0053155 seconds
2020-11-07T20:04:29.373+0800: 23.219: Application time: 0.0001010 seconds
2020-11-07T20:04:29.435+0800: 23.281: Application time: 0.0616610 seconds
{Heap before GC invocations=221 (full 24):
 par new generation   total 9216K, used 8491K [0x00000000e3400000, 0x00000000e3e00000, 0x00000000ecca0000)
  eden space 8192K, 100% used [0x00000000e3400000, 0x00000000e3c00000, 0x00000000e3c00000)
  from space 1024K,  29% used [0x00000000e3d00000, 0x00000000e3d4acc8, 0x00000000e3e00000)
  to   space 1024K,   0% used [0x00000000e3c00000, 0x00000000e3c00000, 0x00000000e3d00000)
 concurrent mark-sweep generation total 46912K, used 28145K [0x00000000ecca0000, 0x00000000efa70000, 0x0000000100000000)
 Metaspace       used 37990K, capacity 39542K, committed 39680K, reserved 1083392K
  class space    used 4737K, capacity 5069K, committed 5120K, reserved 1048576K
2020-11-07T20:04:29.435+0800: 23.281: [GC (Allocation Failure) 2020-11-07T20:04:29.435+0800: 23.281: [ParNew: 8491K->535K(9216K), 0.0281650 secs] 36636K->28680K(56128K), 0.0282399 secs] [Times: user=0.03 sys=0.00, real=0.02 secs] 
Heap after GC invocations=222 (full 24):
 par new generation   total 9216K, used 535K [0x00000000e3400000, 0x00000000e3e00000, 0x00000000ecca0000)
  eden space 8192K,   0% used [0x00000000e3400000, 0x00000000e3400000, 0x00000000e3c00000)
  from space 1024K,  52% used [0x00000000e3c00000, 0x00000000e3c85e10, 0x00000000e3d00000)
  to   space 1024K,   0% used [0x00000000e3d00000, 0x00000000e3d00000, 0x00000000e3e00000)
 concurrent mark-sweep generation total 46912K, used 28145K [0x00000000ecca0000, 0x00000000efa70000, 0x0000000100000000)
 Metaspace       used 37990K, capacity 39542K, committed 39680K, reserved 1083392K
  class space    used 4737K, capacity 5069K, committed 5120K, reserved 1048576K
}
2020-11-07T20:04:29.481+0800: 23.326: Application time: 0.0173197 seconds
2020-11-07T20:04:29.483+0800: 23.329: Application time: 0.0019460 seconds
2020-11-07T20:04:29.522+0800: 23.368: Application time: 0.0383029 seconds
2020-11-07T20:04:29.525+0800: 23.371: Application time: 0.0032674 seconds
2020-11-07T20:04:29.525+0800: 23.371: Application time: 0.0000988 seconds
2020-11-07T20:04:29.527+0800: 23.373: Application time: 0.0012692 seconds
2020-11-07T20:04:29.527+0800: 23.373: Application time: 0.0001089 seconds
2020-11-07T20:04:29.527+0800: 23.373: Application time: 0.0001040 seconds
2020-11-07T20:04:29.540+0800: 23.386: Application time: 0.0131383 seconds
2020-11-07T20:04:29.563+0800: 23.409: Application time: 0.0229290 seconds
{Heap before GC invocations=222 (full 24):
 par new generation   total 9216K, used 8727K [0x00000000e3400000, 0x00000000e3e00000, 0x00000000ecca0000)
  eden space 8192K, 100% used [0x00000000e3400000, 0x00000000e3c00000, 0x00000000e3c00000)
  from space 1024K,  52% used [0x00000000e3c00000, 0x00000000e3c85e10, 0x00000000e3d00000)
  to   space 1024K,   0% used [0x00000000e3d00000, 0x00000000e3d00000, 0x00000000e3e00000)
 concurrent mark-sweep generation total 46912K, used 28145K [0x00000000ecca0000, 0x00000000efa70000, 0x0000000100000000)
 Metaspace       used 38229K, capacity 39734K, committed 39936K, reserved 1083392K
  class space    used 4765K, capacity 5069K, committed 5120K, reserved 1048576K
2020-11-07T20:04:29.563+0800: 23.409: [GC (Allocation Failure) 2020-11-07T20:04:29.563+0800: 23.409: [ParNew: 8727K->642K(9216K), 0.0195510 secs] 36872K->28787K(56128K), 0.0196580 secs] [Times: user=0.02 sys=0.00, real=0.02 secs] 
Heap after GC invocations=223 (full 24):
 par new generation   total 9216K, used 642K [0x00000000e3400000, 0x00000000e3e00000, 0x00000000ecca0000)
  eden space 8192K,   0% used [0x00000000e3400000, 0x00000000e3400000, 0x00000000e3c00000)
  from space 1024K,  62% used [0x00000000e3d00000, 0x00000000e3da0af8, 0x00000000e3e00000)
  to   space 1024K,   0% used [0x00000000e3c00000, 0x00000000e3c00000, 0x00000000e3d00000)
 concurrent mark-sweep generation total 46912K, used 28145K [0x00000000ecca0000, 0x00000000efa70000, 0x0000000100000000)
 Metaspace       used 38229K, capacity 39734K, committed 39936K, reserved 1083392K
  class space    used 4765K, capacity 5069K, committed 5120K, reserved 1048576K
}
2020-11-07T20:04:29.640+0800: 23.486: Application time: 0.0566393 seconds
2020-11-07T20:04:29.653+0800: 23.499: Application time: 0.0131209 seconds
2020-11-07T20:04:29.655+0800: 23.500: Application time: 0.0008228 seconds
2020-11-07T20:04:29.700+0800: 23.546: Application time: 0.0449113 seconds
{Heap before GC invocations=223 (full 24):
 par new generation   total 9216K, used 8834K [0x00000000e3400000, 0x00000000e3e00000, 0x00000000ecca0000)
  eden space 8192K, 100% used [0x00000000e3400000, 0x00000000e3c00000, 0x00000000e3c00000)
  from space 1024K,  62% used [0x00000000e3d00000, 0x00000000e3da0af8, 0x00000000e3e00000)
  to   space 1024K,   0% used [0x00000000e3c00000, 0x00000000e3c00000, 0x00000000e3d00000)
 concurrent mark-sweep generation total 46912K, used 28145K [0x00000000ecca0000, 0x00000000efa70000, 0x0000000100000000)
 Metaspace       used 38455K, capacity 40022K, committed 40192K, reserved 1085440K
  class space    used 4785K, capacity 5101K, committed 5120K, reserved 1048576K
2020-11-07T20:04:29.700+0800: 23.546: [GC (Allocation Failure) 2020-11-07T20:04:29.700+0800: 23.546: [ParNew: 8834K->723K(9216K), 0.0317294 secs] 36979K->28948K(56128K), 0.0317858 secs] [Times: user=0.03 sys=0.00, real=0.03 secs] 
Heap after GC invocations=224 (full 24):
 par new generation   total 9216K, used 723K [0x00000000e3400000, 0x00000000e3e00000, 0x00000000ecca0000)
  eden space 8192K,   0% used [0x00000000e3400000, 0x00000000e3400000, 0x00000000e3c00000)
  from space 1024K,  70% used [0x00000000e3c00000, 0x00000000e3cb4e28, 0x00000000e3d00000)
  to   space 1024K,   0% used [0x00000000e3d00000, 0x00000000e3d00000, 0x00000000e3e00000)
 concurrent mark-sweep generation total 46912K, used 28225K [0x00000000ecca0000, 0x00000000efa70000, 0x0000000100000000)
 Metaspace       used 38455K, capacity 40022K, committed 40192K, reserved 1085440K
  class space    used 4785K, capacity 5101K, committed 5120K, reserved 1048576K
}
2020-11-07T20:04:29.737+0800: 23.583: Application time: 0.0050906 seconds
2020-11-07T20:04:29.737+0800: 23.583: [GC (CMS Initial Mark) [1 CMS-initial-mark: 28225K(46912K)] 29591K(56128K), 0.0033409 secs] [Times: user=0.00 sys=0.00, real=0.00 secs] 
2020-11-07T20:04:29.741+0800: 23.586: [CMS-concurrent-mark-start]
2020-11-07T20:04:29.752+0800: 23.598: Application time: 0.0117130 seconds
2020-11-07T20:04:29.752+0800: 23.598: Application time: 0.0000242 seconds
2020-11-07T20:04:29.752+0800: 23.598: Application time: 0.0000155 seconds
2020-11-07T20:04:29.810+0800: 23.656: Application time: 0.0578685 seconds
2020-11-07T20:04:29.845+0800: 23.690: Application time: 0.0341807 seconds
{Heap before GC invocations=224 (full 25):
 par new generation   total 9216K, used 8915K [0x00000000e3400000, 0x00000000e3e00000, 0x00000000ecca0000)
  eden space 8192K, 100% used [0x00000000e3400000, 0x00000000e3c00000, 0x00000000e3c00000)
  from space 1024K,  70% used [0x00000000e3c00000, 0x00000000e3cb4e28, 0x00000000e3d00000)
  to   space 1024K,   0% used [0x00000000e3d00000, 0x00000000e3d00000, 0x00000000e3e00000)
 concurrent mark-sweep generation total 46912K, used 28225K [0x00000000ecca0000, 0x00000000efa70000, 0x0000000100000000)
 Metaspace       used 38602K, capacity 40150K, committed 40448K, reserved 1085440K
  class space    used 4796K, capacity 5101K, committed 5120K, reserved 1048576K
2020-11-07T20:04:29.845+0800: 23.690: [GC (Allocation Failure) 2020-11-07T20:04:29.845+0800: 23.690: [ParNew: 8915K->593K(9216K), 0.0206963 secs] 37140K->28990K(56128K), 0.0207498 secs] [Times: user=0.02 sys=0.00, real=0.02 secs] 
Heap after GC invocations=225 (full 25):
 par new generation   total 9216K, used 593K [0x00000000e3400000, 0x00000000e3e00000, 0x00000000ecca0000)
  eden space 8192K,   0% used [0x00000000e3400000, 0x00000000e3400000, 0x00000000e3c00000)
  from space 1024K,  57% used [0x00000000e3d00000, 0x00000000e3d94720, 0x00000000e3e00000)
  to   space 1024K,   0% used [0x00000000e3c00000, 0x00000000e3c00000, 0x00000000e3d00000)
 concurrent mark-sweep generation total 46912K, used 28396K [0x00000000ecca0000, 0x00000000efa70000, 0x0000000100000000)
 Metaspace       used 38602K, capacity 40150K, committed 40448K, reserved 1085440K
  class space    used 4796K, capacity 5101K, committed 5120K, reserved 1048576K
}
2020-11-07T20:04:29.901+0800: 23.747: Application time: 0.0357319 seconds
2020-11-07T20:04:29.923+0800: 23.769: [CMS-concurrent-mark: 0.150/0.183 secs] [Times: user=0.18 sys=0.00, real=0.18 secs] 
2020-11-07T20:04:29.923+0800: 23.769: [CMS-concurrent-preclean-start]
2020-11-07T20:04:29.926+0800: 23.772: [CMS-concurrent-preclean: 0.003/0.003 secs] [Times: user=0.00 sys=0.00, real=0.01 secs] 
2020-11-07T20:04:29.926+0800: 23.772: [CMS-concurrent-abortable-preclean-start]
2020-11-07T20:04:29.970+0800: 23.816: Application time: 0.0688960 seconds
{Heap before GC invocations=225 (full 25):
 par new generation   total 9216K, used 8785K [0x00000000e3400000, 0x00000000e3e00000, 0x00000000ecca0000)
  eden space 8192K, 100% used [0x00000000e3400000, 0x00000000e3c00000, 0x00000000e3c00000)
  from space 1024K,  57% used [0x00000000e3d00000, 0x00000000e3d94720, 0x00000000e3e00000)
  to   space 1024K,   0% used [0x00000000e3c00000, 0x00000000e3c00000, 0x00000000e3d00000)
 concurrent mark-sweep generation total 46912K, used 28396K [0x00000000ecca0000, 0x00000000efa70000, 0x0000000100000000)
 Metaspace       used 38779K, capacity 40320K, committed 40576K, reserved 1085440K
  class space    used 4821K, capacity 5136K, committed 5248K, reserved 1048576K
2020-11-07T20:04:29.970+0800: 23.816: [GC (Allocation Failure) 2020-11-07T20:04:29.970+0800: 23.816: [ParNew: 8785K->673K(9216K), 0.0194251 secs] 37182K->29167K(56128K), 0.0195076 secs] [Times: user=0.02 sys=0.00, real=0.02 secs] 
Heap after GC invocations=226 (full 25):
 par new generation   total 9216K, used 673K [0x00000000e3400000, 0x00000000e3e00000, 0x00000000ecca0000)
  eden space 8192K,   0% used [0x00000000e3400000, 0x00000000e3400000, 0x00000000e3c00000)
  from space 1024K,  65% used [0x00000000e3c00000, 0x00000000e3ca8428, 0x00000000e3d00000)
  to   space 1024K,   0% used [0x00000000e3d00000, 0x00000000e3d00000, 0x00000000e3e00000)
 concurrent mark-sweep generation total 46912K, used 28494K [0x00000000ecca0000, 0x00000000efa70000, 0x0000000100000000)
 Metaspace       used 38779K, capacity 40320K, committed 40576K, reserved 1085440K
  class space    used 4821K, capacity 5136K, committed 5248K, reserved 1048576K
}
2020-11-07T20:04:30.011+0800: 23.857: Application time: 0.0209680 seconds
2020-11-07T20:04:30.019+0800: 23.865: Application time: 0.0078590 seconds
2020-11-07T20:04:30.027+0800: 23.872: Application time: 0.0077140 seconds
2020-11-07T20:04:30.040+0800: 23.886: Application time: 0.0136520 seconds
2020-11-07T20:04:30.046+0800: 23.891: Application time: 0.0052339 seconds
2020-11-07T20:04:30.048+0800: 23.894: Application time: 0.0025944 seconds
2020-11-07T20:04:30.049+0800: 23.894: Application time: 0.0001876 seconds
2020-11-07T20:04:30.049+0800: 23.894: Application time: 0.0000474 seconds
2020-11-07T20:04:30.049+0800: 23.895: Application time: 0.0000802 seconds
2020-11-07T20:04:30.051+0800: 23.896: Application time: 0.0017452 seconds
2020-11-07T20:04:30.077+0800: 23.923: Application time: 0.0263091 seconds
2020-11-07T20:04:30.085+0800: 23.931: Application time: 0.0083886 seconds
2020-11-07T20:04:30.086+0800: 23.931: [CMS-concurrent-abortable-preclean: 0.060/0.159 secs] [Times: user=0.15 sys=0.00, real=0.16 secs] 
2020-11-07T20:04:30.086+0800: 23.931: Application time: 0.0001111 seconds
2020-11-07T20:04:30.086+0800: 23.931: [GC (CMS Final Remark) [YG occupancy: 7844 K (9216 K)]2020-11-07T20:04:30.086+0800: 23.931: [Rescan (parallel) , 0.0154834 secs]2020-11-07T20:04:30.101+0800: 23.947: [weak refs processing, 0.0004939 secs]2020-11-07T20:04:30.102+0800: 23.947: [class unloading, 0.0092405 secs]2020-11-07T20:04:30.111+0800: 23.957: [scrub symbol table, 0.0140934 secs]2020-11-07T20:04:30.125+0800: 23.971: [scrub string table, 0.0010026 secs][1 CMS-remark: 28494K(46912K)] 36339K(56128K), 0.0405246 secs] [Times: user=0.04 sys=0.00, real=0.04 secs] 
2020-11-07T20:04:30.130+0800: 23.976: Application time: 0.0039561 seconds
2020-11-07T20:04:30.130+0800: 23.976: [CMS-concurrent-sweep-start]
2020-11-07T20:04:30.140+0800: 23.985: Application time: 0.0093162 seconds
2020-11-07T20:04:30.143+0800: 23.989: Application time: 0.0032956 seconds
2020-11-07T20:04:30.162+0800: 24.008: Application time: 0.0192394 seconds
{Heap before GC invocations=226 (full 25):
 par new generation   total 9216K, used 8865K [0x00000000e3400000, 0x00000000e3e00000, 0x00000000ecca0000)
  eden space 8192K, 100% used [0x00000000e3400000, 0x00000000e3c00000, 0x00000000e3c00000)
  from space 1024K,  65% used [0x00000000e3c00000, 0x00000000e3ca8428, 0x00000000e3d00000)
  to   space 1024K,   0% used [0x00000000e3d00000, 0x00000000e3d00000, 0x00000000e3e00000)
 concurrent mark-sweep generation total 46912K, used 28491K [0x00000000ecca0000, 0x00000000efa70000, 0x0000000100000000)
 Metaspace       used 38870K, capacity 40394K, committed 40832K, reserved 1085440K
  class space    used 4834K, capacity 5139K, committed 5248K, reserved 1048576K
2020-11-07T20:04:30.162+0800: 24.008: [GC (Allocation Failure) 2020-11-07T20:04:30.162+0800: 24.008: [ParNew: 8865K->449K(9216K), 0.0138213 secs] 37356K->29114K(56128K), 0.0138735 secs] [Times: user=0.02 sys=0.00, real=0.02 secs] 
Heap after GC invocations=227 (full 25):
 par new generation   total 9216K, used 449K [0x00000000e3400000, 0x00000000e3e00000, 0x00000000ecca0000)
  eden space 8192K,   0% used [0x00000000e3400000, 0x00000000e3400000, 0x00000000e3c00000)
  from space 1024K,  43% used [0x00000000e3d00000, 0x00000000e3d70510, 0x00000000e3e00000)
  to   space 1024K,   0% used [0x00000000e3c00000, 0x00000000e3c00000, 0x00000000e3d00000)
 concurrent mark-sweep generation total 46912K, used 28664K [0x00000000ecca0000, 0x00000000efa70000, 0x0000000100000000)
 Metaspace       used 38870K, capacity 40394K, committed 40832K, reserved 1085440K
  class space    used 4834K, capacity 5139K, committed 5248K, reserved 1048576K
}
2020-11-07T20:04:30.179+0800: 24.025: [CMS-concurrent-sweep: 0.025/0.049 secs] [Times: user=0.05 sys=0.00, real=0.05 secs] 
2020-11-07T20:04:30.188+0800: 24.033: [CMS-concurrent-reset-start]
2020-11-07T20:04:30.189+0800: 24.034: [CMS-concurrent-reset: 0.001/0.001 secs] [Times: user=0.00 sys=0.00, real=0.00 secs] 
2020-11-07T20:04:30.205+0800: 24.050: Application time: 0.0282090 seconds
2020-11-07T20:04:30.205+0800: 24.051: Application time: 0.0000470 seconds
2020-11-07T20:04:30.254+0800: 24.099: Application time: 0.0488013 seconds
{Heap before GC invocations=227 (full 25):
 par new generation   total 9216K, used 8641K [0x00000000e3400000, 0x00000000e3e00000, 0x00000000ecca0000)
  eden space 8192K, 100% used [0x00000000e3400000, 0x00000000e3c00000, 0x00000000e3c00000)
  from space 1024K,  43% used [0x00000000e3d00000, 0x00000000e3d70510, 0x00000000e3e00000)
  to   space 1024K,   0% used [0x00000000e3c00000, 0x00000000e3c00000, 0x00000000e3d00000)
 concurrent mark-sweep generation total 47592K, used 28553K [0x00000000ecca0000, 0x00000000efb1a000, 0x0000000100000000)
 Metaspace       used 38878K, capacity 40398K, committed 40832K, reserved 1085440K
  class space    used 4834K, capacity 5139K, committed 5248K, reserved 1048576K
2020-11-07T20:04:30.254+0800: 24.100: [GC (Allocation Failure) 2020-11-07T20:04:30.254+0800: 24.100: [ParNew: 8641K->381K(9216K), 0.0150029 secs] 37194K->28935K(56808K), 0.0151010 secs] [Times: user=0.01 sys=0.01, real=0.02 secs] 
Heap after GC invocations=228 (full 25):
 par new generation   total 9216K, used 381K [0x00000000e3400000, 0x00000000e3e00000, 0x00000000ecca0000)
  eden space 8192K,   0% used [0x00000000e3400000, 0x00000000e3400000, 0x00000000e3c00000)
  from space 1024K,  37% used [0x00000000e3c00000, 0x00000000e3c5f708, 0x00000000e3d00000)
  to   space 1024K,   0% used [0x00000000e3d00000, 0x00000000e3d00000, 0x00000000e3e00000)
 concurrent mark-sweep generation total 47592K, used 28553K [0x00000000ecca0000, 0x00000000efb1a000, 0x0000000100000000)
 Metaspace       used 38878K, capacity 40398K, committed 40832K, reserved 1085440K
  class space    used 4834K, capacity 5139K, committed 5248K, reserved 1048576K
}
2020-11-07T20:04:30.289+0800: 24.134: Application time: 0.0196521 seconds
2020-11-07T20:04:30.352+0800: 24.198: Application time: 0.0633397 seconds
{Heap before GC invocations=228 (full 25):
 par new generation   total 9216K, used 8573K [0x00000000e3400000, 0x00000000e3e00000, 0x00000000ecca0000)
  eden space 8192K, 100% used [0x00000000e3400000, 0x00000000e3c00000, 0x00000000e3c00000)
  from space 1024K,  37% used [0x00000000e3c00000, 0x00000000e3c5f708, 0x00000000e3d00000)
  to   space 1024K,   0% used [0x00000000e3d00000, 0x00000000e3d00000, 0x00000000e3e00000)
 concurrent mark-sweep generation total 47592K, used 28553K [0x00000000ecca0000, 0x00000000efb1a000, 0x0000000100000000)
 Metaspace       used 38892K, capacity 40398K, committed 40832K, reserved 1085440K
  class space    used 4836K, capacity 5139K, committed 5248K, reserved 1048576K
2020-11-07T20:04:30.353+0800: 24.199: [GC (Allocation Failure) 2020-11-07T20:04:30.353+0800: 24.199: [ParNew: 8573K->521K(9216K), 0.0152938 secs] 37127K->29074K(56808K), 0.0153495 secs] [Times: user=0.01 sys=0.00, real=0.02 secs] 
Heap after GC invocations=229 (full 25):
 par new generation   total 9216K, used 521K [0x00000000e3400000, 0x00000000e3e00000, 0x00000000ecca0000)
  eden space 8192K,   0% used [0x00000000e3400000, 0x00000000e3400000, 0x00000000e3c00000)
  from space 1024K,  50% used [0x00000000e3d00000, 0x00000000e3d825d0, 0x00000000e3e00000)
  to   space 1024K,   0% used [0x00000000e3c00000, 0x00000000e3c00000, 0x00000000e3d00000)
 concurrent mark-sweep generation total 47592K, used 28553K [0x00000000ecca0000, 0x00000000efb1a000, 0x0000000100000000)
 Metaspace       used 38892K, capacity 40398K, committed 40832K, reserved 1085440K
  class space    used 4836K, capacity 5139K, committed 5248K, reserved 1048576K
}
2020-11-07T20:04:30.372+0800: 24.217: Application time: 0.0034623 seconds
2020-11-07T20:04:30.419+0800: 24.265: Application time: 0.0471737 seconds
{Heap before GC invocations=229 (full 25):
 par new generation   total 9216K, used 8713K [0x00000000e3400000, 0x00000000e3e00000, 0x00000000ecca0000)
  eden space 8192K, 100% used [0x00000000e3400000, 0x00000000e3c00000, 0x00000000e3c00000)
  from space 1024K,  50% used [0x00000000e3d00000, 0x00000000e3d825d0, 0x00000000e3e00000)
  to   space 1024K,   0% used [0x00000000e3c00000, 0x00000000e3c00000, 0x00000000e3d00000)
 concurrent mark-sweep generation total 47592K, used 28553K [0x00000000ecca0000, 0x00000000efb1a000, 0x0000000100000000)
 Metaspace       used 38924K, capacity 40462K, committed 40832K, reserved 1085440K
  class space    used 4839K, capacity 5139K, committed 5248K, reserved 1048576K
2020-11-07T20:04:30.419+0800: 24.265: [GC (Allocation Failure) 2020-11-07T20:04:30.419+0800: 24.265: [ParNew: 8713K->628K(9216K), 0.2265452 secs] 37266K->29182K(56808K), 0.2265986 secs] [Times: user=0.21 sys=0.01, real=0.23 secs] 
Heap after GC invocations=230 (full 25):
 par new generation   total 9216K, used 628K [0x00000000e3400000, 0x00000000e3e00000, 0x00000000ecca0000)
  eden space 8192K,   0% used [0x00000000e3400000, 0x00000000e3400000, 0x00000000e3c00000)
  from space 1024K,  61% used [0x00000000e3c00000, 0x00000000e3c9d3f8, 0x00000000e3d00000)
  to   space 1024K,   0% used [0x00000000e3d00000, 0x00000000e3d00000, 0x00000000e3e00000)
 concurrent mark-sweep generation total 47592K, used 28553K [0x00000000ecca0000, 0x00000000efb1a000, 0x0000000100000000)
 Metaspace       used 38924K, capacity 40462K, committed 40832K, reserved 1085440K
  class space    used 4839K, capacity 5139K, committed 5248K, reserved 1048576K
}
2020-11-07T20:04:30.665+0800: 24.511: Application time: 0.0190911 seconds
{Heap before GC invocations=230 (full 25):
 par new generation   total 9216K, used 8820K [0x00000000e3400000, 0x00000000e3e00000, 0x00000000ecca0000)
  eden space 8192K, 100% used [0x00000000e3400000, 0x00000000e3c00000, 0x00000000e3c00000)
  from space 1024K,  61% used [0x00000000e3c00000, 0x00000000e3c9d3f8, 0x00000000e3d00000)
  to   space 1024K,   0% used [0x00000000e3d00000, 0x00000000e3d00000, 0x00000000e3e00000)
 concurrent mark-sweep generation total 47592K, used 28553K [0x00000000ecca0000, 0x00000000efb1a000, 0x0000000100000000)
 Metaspace       used 38924K, capacity 40462K, committed 40832K, reserved 1085440K
  class space    used 4839K, capacity 5139K, committed 5248K, reserved 1048576K
2020-11-07T20:04:30.665+0800: 24.511: [GC (Allocation Failure) 2020-11-07T20:04:30.665+0800: 24.511: [ParNew: 8820K->604K(9216K), 0.0149098 secs] 37374K->29268K(56808K), 0.0149628 secs] [Times: user=0.02 sys=0.00, real=0.01 secs] 
Heap after GC invocations=231 (full 25):
 par new generation   total 9216K, used 604K [0x00000000e3400000, 0x00000000e3e00000, 0x00000000ecca0000)
  eden space 8192K,   0% used [0x00000000e3400000, 0x00000000e3400000, 0x00000000e3c00000)
  from space 1024K,  59% used [0x00000000e3d00000, 0x00000000e3d973b0, 0x00000000e3e00000)
  to   space 1024K,   0% used [0x00000000e3c00000, 0x00000000e3c00000, 0x00000000e3d00000)
 concurrent mark-sweep generation total 47592K, used 28663K [0x00000000ecca0000, 0x00000000efb1a000, 0x0000000100000000)
 Metaspace       used 38924K, capacity 40462K, committed 40832K, reserved 1085440K
  class space    used 4839K, capacity 5139K, committed 5248K, reserved 1048576K
}
2020-11-07T20:04:30.684+0800: 24.529: Application time: 0.0035663 seconds
2020-11-07T20:04:30.684+0800: 24.530: [GC (CMS Initial Mark) [1 CMS-initial-mark: 28663K(47592K)] 30254K(56808K), 0.0034176 secs] [Times: user=0.00 sys=0.00, real=0.01 secs] 
2020-11-07T20:04:30.687+0800: 24.533: [CMS-concurrent-mark-start]
2020-11-07T20:04:30.699+0800: 24.545: Application time: 0.0115560 seconds
2020-11-07T20:04:30.699+0800: 24.545: Application time: 0.0000346 seconds
2020-11-07T20:04:30.700+0800: 24.546: Application time: 0.0007288 seconds
2020-11-07T20:04:30.758+0800: 24.603: Application time: 0.0578029 seconds
{Heap before GC invocations=231 (full 26):
 par new generation   total 9216K, used 8796K [0x00000000e3400000, 0x00000000e3e00000, 0x00000000ecca0000)
  eden space 8192K, 100% used [0x00000000e3400000, 0x00000000e3c00000, 0x00000000e3c00000)
  from space 1024K,  59% used [0x00000000e3d00000, 0x00000000e3d973b0, 0x00000000e3e00000)
  to   space 1024K,   0% used [0x00000000e3c00000, 0x00000000e3c00000, 0x00000000e3d00000)
 concurrent mark-sweep generation total 47592K, used 28663K [0x00000000ecca0000, 0x00000000efb1a000, 0x0000000100000000)
 Metaspace       used 38942K, capacity 40466K, committed 40832K, reserved 1085440K
  class space    used 4842K, capacity 5141K, committed 5248K, reserved 1048576K
2020-11-07T20:04:30.758+0800: 24.604: [GC (Allocation Failure) 2020-11-07T20:04:30.758+0800: 24.604: [ParNew: 8796K->638K(9216K), 0.0202800 secs] 37460K->29302K(56808K), 0.0203386 secs] [Times: user=0.02 sys=0.00, real=0.02 secs] 
Heap after GC invocations=232 (full 26):
 par new generation   total 9216K, used 638K [0x00000000e3400000, 0x00000000e3e00000, 0x00000000ecca0000)
  eden space 8192K,   0% used [0x00000000e3400000, 0x00000000e3400000, 0x00000000e3c00000)
  from space 1024K,  62% used [0x00000000e3c00000, 0x00000000e3c9fb18, 0x00000000e3d00000)
  to   space 1024K,   0% used [0x00000000e3d00000, 0x00000000e3d00000, 0x00000000e3e00000)
 concurrent mark-sweep generation total 47592K, used 28663K [0x00000000ecca0000, 0x00000000efb1a000, 0x0000000100000000)
 Metaspace       used 38942K, capacity 40466K, committed 40832K, reserved 1085440K
  class space    used 4842K, capacity 5141K, committed 5248K, reserved 1048576K
}
2020-11-07T20:04:30.833+0800: 24.679: Application time: 0.0551496 seconds
{Heap before GC invocations=232 (full 26):
 par new generation   total 9216K, used 8830K [0x00000000e3400000, 0x00000000e3e00000, 0x00000000ecca0000)
  eden space 8192K, 100% used [0x00000000e3400000, 0x00000000e3c00000, 0x00000000e3c00000)
  from space 1024K,  62% used [0x00000000e3c00000, 0x00000000e3c9fb18, 0x00000000e3d00000)
  to   space 1024K,   0% used [0x00000000e3d00000, 0x00000000e3d00000, 0x00000000e3e00000)
 concurrent mark-sweep generation total 47592K, used 28663K [0x00000000ecca0000, 0x00000000efb1a000, 0x0000000100000000)
 Metaspace       used 38971K, capacity 40512K, committed 40832K, reserved 1085440K
  class space    used 4847K, capacity 5176K, committed 5248K, reserved 1048576K
2020-11-07T20:04:30.834+0800: 24.679: [GC (Allocation Failure) 2020-11-07T20:04:30.834+0800: 24.679: [ParNew: 8830K->656K(9216K), 0.0213381 secs] 37494K->29390K(56808K), 0.0213941 secs] [Times: user=0.02 sys=0.00, real=0.03 secs] 
Heap after GC invocations=233 (full 26):
 par new generation   total 9216K, used 656K [0x00000000e3400000, 0x00000000e3e00000, 0x00000000ecca0000)
  eden space 8192K,   0% used [0x00000000e3400000, 0x00000000e3400000, 0x00000000e3c00000)
  from space 1024K,  64% used [0x00000000e3d00000, 0x00000000e3da41b8, 0x00000000e3e00000)
  to   space 1024K,   0% used [0x00000000e3c00000, 0x00000000e3c00000, 0x00000000e3d00000)
 concurrent mark-sweep generation total 47592K, used 28733K [0x00000000ecca0000, 0x00000000efb1a000, 0x0000000100000000)
 Metaspace       used 38971K, capacity 40512K, committed 40832K, reserved 1085440K
  class space    used 4847K, capacity 5176K, committed 5248K, reserved 1048576K
}
2020-11-07T20:04:30.864+0800: 24.710: Application time: 0.0093906 seconds
2020-11-07T20:04:30.867+0800: 24.713: [CMS-concurrent-mark: 0.129/0.180 secs] [Times: user=0.17 sys=0.00, real=0.18 secs] 
2020-11-07T20:04:30.867+0800: 24.713: [CMS-concurrent-preclean-start]
2020-11-07T20:04:30.874+0800: 24.720: [CMS-concurrent-preclean: 0.007/0.007 secs] [Times: user=0.00 sys=0.00, real=0.00 secs] 
2020-11-07T20:04:30.885+0800: 24.731: Application time: 0.0203825 seconds
2020-11-07T20:04:30.886+0800: 24.731: [GC (CMS Final Remark) [YG occupancy: 2949 K (9216 K)]2020-11-07T20:04:30.886+0800: 24.731: [Rescan (parallel) , 0.0165351 secs]2020-11-07T20:04:30.902+0800: 24.748: [weak refs processing, 0.0000613 secs]2020-11-07T20:04:30.902+0800: 24.748: [class unloading, 0.0096989 secs]2020-11-07T20:04:30.912+0800: 24.758: [scrub symbol table, 0.0280714 secs]2020-11-07T20:04:30.940+0800: 24.786: [scrub string table, 0.0011750 secs][1 CMS-remark: 28733K(47592K)] 31683K(56808K), 0.0557417 secs] [Times: user=0.04 sys=0.00, real=0.05 secs] 
2020-11-07T20:04:30.946+0800: 24.792: [CMS-concurrent-sweep-start]
2020-11-07T20:04:30.977+0800: 24.823: [CMS-concurrent-sweep: 0.030/0.030 secs] [Times: user=0.02 sys=0.00, real=0.03 secs] 
2020-11-07T20:04:30.977+0800: 24.823: [CMS-concurrent-reset-start]
2020-11-07T20:04:30.978+0800: 24.824: [CMS-concurrent-reset: 0.001/0.001 secs] [Times: user=0.00 sys=0.00, real=0.00 secs] 
2020-11-07T20:04:30.991+0800: 24.837: Application time: 0.0493948 seconds
{Heap before GC invocations=233 (full 26):
 par new generation   total 9216K, used 8848K [0x00000000e3400000, 0x00000000e3e00000, 0x00000000ecca0000)
  eden space 8192K, 100% used [0x00000000e3400000, 0x00000000e3c00000, 0x00000000e3c00000)
  from space 1024K,  64% used [0x00000000e3d00000, 0x00000000e3da41b8, 0x00000000e3e00000)
  to   space 1024K,   0% used [0x00000000e3c00000, 0x00000000e3c00000, 0x00000000e3d00000)
 concurrent mark-sweep generation total 47832K, used 28698K [0x00000000ecca0000, 0x00000000efb56000, 0x0000000100000000)
 Metaspace       used 39042K, capacity 40588K, committed 40832K, reserved 1085440K
  class space    used 4856K, capacity 5178K, committed 5248K, reserved 1048576K
2020-11-07T20:04:30.991+0800: 24.837: [GC (Allocation Failure) 2020-11-07T20:04:30.991+0800: 24.837: [ParNew: 8848K->944K(9216K), 0.0218553 secs] 37546K->29716K(57048K), 0.0219469 secs] [Times: user=0.02 sys=0.00, real=0.02 secs] 
Heap after GC invocations=234 (full 26):
 par new generation   total 9216K, used 944K [0x00000000e3400000, 0x00000000e3e00000, 0x00000000ecca0000)
  eden space 8192K,   0% used [0x00000000e3400000, 0x00000000e3400000, 0x00000000e3c00000)
  from space 1024K,  92% used [0x00000000e3c00000, 0x00000000e3cec2f0, 0x00000000e3d00000)
  to   space 1024K,   0% used [0x00000000e3d00000, 0x00000000e3d00000, 0x00000000e3e00000)
 concurrent mark-sweep generation total 47832K, used 28771K [0x00000000ecca0000, 0x00000000efb56000, 0x0000000100000000)
 Metaspace       used 39042K, capacity 40588K, committed 40832K, reserved 1085440K
  class space    used 4856K, capacity 5178K, committed 5248K, reserved 1048576K
}
2020-11-07T20:04:31.017+0800: 24.863: Application time: 0.0042960 seconds
2020-11-07T20:04:31.017+0800: 24.863: [GC (CMS Initial Mark) [1 CMS-initial-mark: 28771K(47832K)] 30534K(57048K), 0.0040114 secs] [Times: user=0.00 sys=0.00, real=0.00 secs] 
2020-11-07T20:04:31.021+0800: 24.867: [CMS-concurrent-mark-start]
2020-11-07T20:04:31.063+0800: 24.909: Application time: 0.0420148 seconds
2020-11-07T20:04:31.087+0800: 24.932: Application time: 0.0230870 seconds
{Heap before GC invocations=234 (full 27):
 par new generation   total 9216K, used 9136K [0x00000000e3400000, 0x00000000e3e00000, 0x00000000ecca0000)
  eden space 8192K, 100% used [0x00000000e3400000, 0x00000000e3c00000, 0x00000000e3c00000)
  from space 1024K,  92% used [0x00000000e3c00000, 0x00000000e3cec2f0, 0x00000000e3d00000)
  to   space 1024K,   0% used [0x00000000e3d00000, 0x00000000e3d00000, 0x00000000e3e00000)
 concurrent mark-sweep generation total 47832K, used 28771K [0x00000000ecca0000, 0x00000000efb56000, 0x0000000100000000)
 Metaspace       used 39064K, capacity 40592K, committed 40832K, reserved 1085440K
  class space    used 4859K, capacity 5178K, committed 5248K, reserved 1048576K
2020-11-07T20:04:31.087+0800: 24.933: [GC (Allocation Failure) 2020-11-07T20:04:31.087+0800: 24.933: [ParNew: 9136K->750K(9216K), 0.0243410 secs] 37908K->29589K(57048K), 0.0244177 secs] [Times: user=0.02 sys=0.00, real=0.02 secs] 
Heap after GC invocations=235 (full 27):
 par new generation   total 9216K, used 750K [0x00000000e3400000, 0x00000000e3e00000, 0x00000000ecca0000)
  eden space 8192K,   0% used [0x00000000e3400000, 0x00000000e3400000, 0x00000000e3c00000)
  from space 1024K,  73% used [0x00000000e3d00000, 0x00000000e3dbbb98, 0x00000000e3e00000)
  to   space 1024K,   0% used [0x00000000e3c00000, 0x00000000e3c00000, 0x00000000e3d00000)
 concurrent mark-sweep generation total 47832K, used 28838K [0x00000000ecca0000, 0x00000000efb56000, 0x0000000100000000)
 Metaspace       used 39064K, capacity 40592K, committed 40832K, reserved 1085440K
  class space    used 4859K, capacity 5178K, committed 5248K, reserved 1048576K
}
2020-11-07T20:04:31.141+0800: 24.987: Application time: 0.0296496 seconds
2020-11-07T20:04:31.190+0800: 25.036: [CMS-concurrent-mark: 0.139/0.168 secs] [Times: user=0.16 sys=0.00, real=0.17 secs] 
2020-11-07T20:04:31.190+0800: 25.036: [CMS-concurrent-preclean-start]
2020-11-07T20:04:31.192+0800: 25.038: [CMS-concurrent-preclean: 0.003/0.003 secs] [Times: user=0.01 sys=0.00, real=0.00 secs] 
2020-11-07T20:04:31.196+0800: 25.042: [CMS-concurrent-abortable-preclean-start]
2020-11-07T20:04:31.215+0800: 25.060: Application time: 0.0735987 seconds
{Heap before GC invocations=235 (full 27):
 par new generation   total 9216K, used 8942K [0x00000000e3400000, 0x00000000e3e00000, 0x00000000ecca0000)
  eden space 8192K, 100% used [0x00000000e3400000, 0x00000000e3c00000, 0x00000000e3c00000)
  from space 1024K,  73% used [0x00000000e3d00000, 0x00000000e3dbbb98, 0x00000000e3e00000)
  to   space 1024K,   0% used [0x00000000e3c00000, 0x00000000e3c00000, 0x00000000e3d00000)
 concurrent mark-sweep generation total 47832K, used 28838K [0x00000000ecca0000, 0x00000000efb56000, 0x0000000100000000)
 Metaspace       used 39265K, capacity 40806K, committed 41088K, reserved 1085440K
  class space    used 4888K, capacity 5223K, committed 5248K, reserved 1048576K
2020-11-07T20:04:31.215+0800: 25.061: [GC (Allocation Failure) 2020-11-07T20:04:31.215+0800: 25.061: [ParNew: 8942K->901K(9216K), 0.0401805 secs] 37781K->29889K(57048K), 0.0402657 secs] [Times: user=0.03 sys=0.00, real=0.04 secs] 
Heap after GC invocations=236 (full 27):
 par new generation   total 9216K, used 901K [0x00000000e3400000, 0x00000000e3e00000, 0x00000000ecca0000)
  eden space 8192K,   0% used [0x00000000e3400000, 0x00000000e3400000, 0x00000000e3c00000)
  from space 1024K,  87% used [0x00000000e3c00000, 0x00000000e3ce1428, 0x00000000e3d00000)
  to   space 1024K,   0% used [0x00000000e3d00000, 0x00000000e3d00000, 0x00000000e3e00000)
 concurrent mark-sweep generation total 47832K, used 28988K [0x00000000ecca0000, 0x00000000efb56000, 0x0000000100000000)
 Metaspace       used 39265K, capacity 40806K, committed 41088K, reserved 1085440K
  class space    used 4888K, capacity 5223K, committed 5248K, reserved 1048576K
}
2020-11-07T20:04:31.319+0800: 25.165: Application time: 0.0644070 seconds
{Heap before GC invocations=236 (full 27):
 par new generation   total 9216K, used 9093K [0x00000000e3400000, 0x00000000e3e00000, 0x00000000ecca0000)
  eden space 8192K, 100% used [0x00000000e3400000, 0x00000000e3c00000, 0x00000000e3c00000)
  from space 1024K,  87% used [0x00000000e3c00000, 0x00000000e3ce1428, 0x00000000e3d00000)
  to   space 1024K,   0% used [0x00000000e3d00000, 0x00000000e3d00000, 0x00000000e3e00000)
 concurrent mark-sweep generation total 47832K, used 28988K [0x00000000ecca0000, 0x00000000efb56000, 0x0000000100000000)
 Metaspace       used 39278K, capacity 40870K, committed 41088K, reserved 1085440K
  class space    used 4889K, capacity 5223K, committed 5248K, reserved 1048576K
2020-11-07T20:04:31.320+0800: 25.165: [GC (Allocation Failure) 2020-11-07T20:04:31.320+0800: 25.165: [ParNew: 9093K->738K(9216K), 0.0243087 secs] 38081K->29924K(57048K), 0.0243617 secs] [Times: user=0.02 sys=0.00, real=0.02 secs] 
Heap after GC invocations=237 (full 27):
 par new generation   total 9216K, used 738K [0x00000000e3400000, 0x00000000e3e00000, 0x00000000ecca0000)
  eden space 8192K,   0% used [0x00000000e3400000, 0x00000000e3400000, 0x00000000e3c00000)
  from space 1024K,  72% used [0x00000000e3d00000, 0x00000000e3db8b30, 0x00000000e3e00000)
  to   space 1024K,   0% used [0x00000000e3c00000, 0x00000000e3c00000, 0x00000000e3d00000)
 concurrent mark-sweep generation total 47832K, used 29186K [0x00000000ecca0000, 0x00000000efb56000, 0x0000000100000000)
 Metaspace       used 39278K, capacity 40870K, committed 41088K, reserved 1085440K
  class space    used 4889K, capacity 5223K, committed 5248K, reserved 1048576K
}
2020-11-07T20:04:31.412+0800: 25.258: Application time: 0.0679591 seconds
2020-11-07T20:04:31.441+0800: 25.287: Application time: 0.0287779 seconds
{Heap before GC invocations=237 (full 27):
 par new generation   total 9216K, used 8930K [0x00000000e3400000, 0x00000000e3e00000, 0x00000000ecca0000)
  eden space 8192K, 100% used [0x00000000e3400000, 0x00000000e3c00000, 0x00000000e3c00000)
  from space 1024K,  72% used [0x00000000e3d00000, 0x00000000e3db8b30, 0x00000000e3e00000)
  to   space 1024K,   0% used [0x00000000e3c00000, 0x00000000e3c00000, 0x00000000e3d00000)
 concurrent mark-sweep generation total 47832K, used 29186K [0x00000000ecca0000, 0x00000000efb56000, 0x0000000100000000)
 Metaspace       used 39304K, capacity 40874K, committed 41088K, reserved 1085440K
  class space    used 4892K, capacity 5225K, committed 5248K, reserved 1048576K
2020-11-07T20:04:31.441+0800: 25.287: [GC (Allocation Failure) 2020-11-07T20:04:31.441+0800: 25.287: [ParNew: 8930K->710K(9216K), 0.0437158 secs] 38116K->29980K(57048K), 0.0437682 secs] [Times: user=0.03 sys=0.00, real=0.05 secs] 
Heap after GC invocations=238 (full 27):
 par new generation   total 9216K, used 710K [0x00000000e3400000, 0x00000000e3e00000, 0x00000000ecca0000)
  eden space 8192K,   0% used [0x00000000e3400000, 0x00000000e3400000, 0x00000000e3c00000)
  from space 1024K,  69% used [0x00000000e3c00000, 0x00000000e3cb1b68, 0x00000000e3d00000)
  to   space 1024K,   0% used [0x00000000e3d00000, 0x00000000e3d00000, 0x00000000e3e00000)
 concurrent mark-sweep generation total 47832K, used 29270K [0x00000000ecca0000, 0x00000000efb56000, 0x0000000100000000)
 Metaspace       used 39304K, capacity 40874K, committed 41088K, reserved 1085440K
  class space    used 4892K, capacity 5225K, committed 5248K, reserved 1048576K
}
2020-11-07T20:04:31.508+0800: 25.353: Application time: 0.0227551 seconds
2020-11-07T20:04:31.538+0800: 25.384: Application time: 0.0301240 seconds
2020-11-07T20:04:31.543+0800: 25.389: [CMS-concurrent-abortable-preclean: 0.138/0.347 secs] [Times: user=0.30 sys=0.00, real=0.34 secs] 
2020-11-07T20:04:31.546+0800: 25.392: Application time: 0.0079503 seconds
2020-11-07T20:04:31.546+0800: 25.392: [GC (CMS Final Remark) [YG occupancy: 7910 K (9216 K)]2020-11-07T20:04:31.546+0800: 25.392: [Rescan (parallel) , 0.0284891 secs]2020-11-07T20:04:31.575+0800: 25.420: [weak refs processing, 0.0019489 secs]2020-11-07T20:04:31.577+0800: 25.422: [class unloading, 0.0095417 secs]2020-11-07T20:04:31.586+0800: 25.432: [scrub symbol table, 0.0152588 secs]2020-11-07T20:04:31.601+0800: 25.447: [scrub string table, 0.0009379 secs][1 CMS-remark: 29270K(47832K)] 37180K(57048K), 0.0563746 secs] [Times: user=0.06 sys=0.00, real=0.05 secs] 
2020-11-07T20:04:31.612+0800: 25.458: [CMS-concurrent-sweep-start]
2020-11-07T20:04:31.620+0800: 25.465: Application time: 0.0171431 seconds
{Heap before GC invocations=238 (full 27):
 par new generation   total 9216K, used 8902K [0x00000000e3400000, 0x00000000e3e00000, 0x00000000ecca0000)
  eden space 8192K, 100% used [0x00000000e3400000, 0x00000000e3c00000, 0x00000000e3c00000)
  from space 1024K,  69% used [0x00000000e3c00000, 0x00000000e3cb1b68, 0x00000000e3d00000)
  to   space 1024K,   0% used [0x00000000e3d00000, 0x00000000e3d00000, 0x00000000e3e00000)
 concurrent mark-sweep generation total 47832K, used 29267K [0x00000000ecca0000, 0x00000000efb56000, 0x0000000100000000)
 Metaspace       used 39332K, capacity 40874K, committed 41088K, reserved 1085440K
  class space    used 4896K, capacity 5225K, committed 5248K, reserved 1048576K
2020-11-07T20:04:31.620+0800: 25.466: [GC (Allocation Failure) 2020-11-07T20:04:31.620+0800: 25.466: [ParNew: 8902K->519K(9216K), 0.0119451 secs] 38170K->29894K(57048K), 0.0120175 secs] [Times: user=0.01 sys=0.01, real=0.01 secs] 
Heap after GC invocations=239 (full 27):
 par new generation   total 9216K, used 519K [0x00000000e3400000, 0x00000000e3e00000, 0x00000000ecca0000)
  eden space 8192K,   0% used [0x00000000e3400000, 0x00000000e3400000, 0x00000000e3c00000)
  from space 1024K,  50% used [0x00000000e3d00000, 0x00000000e3d81d80, 0x00000000e3e00000)
  to   space 1024K,   0% used [0x00000000e3c00000, 0x00000000e3c00000, 0x00000000e3d00000)
 concurrent mark-sweep generation total 47832K, used 29375K [0x00000000ecca0000, 0x00000000efb56000, 0x0000000100000000)
 Metaspace       used 39332K, capacity 40874K, committed 41088K, reserved 1085440K
  class space    used 4896K, capacity 5225K, committed 5248K, reserved 1048576K
}
2020-11-07T20:04:31.647+0800: 25.493: Application time: 0.0150786 seconds
2020-11-07T20:04:31.657+0800: 25.503: [CMS-concurrent-sweep: 0.028/0.044 secs] [Times: user=0.05 sys=0.01, real=0.05 secs] 
2020-11-07T20:04:31.657+0800: 25.503: [CMS-concurrent-reset-start]
2020-11-07T20:04:31.658+0800: 25.504: [CMS-concurrent-reset: 0.001/0.001 secs] [Times: user=0.00 sys=0.00, real=0.00 secs] 
2020-11-07T20:04:31.698+0800: 25.544: Application time: 0.0509044 seconds
{Heap before GC invocations=239 (full 27):
 par new generation   total 9216K, used 8711K [0x00000000e3400000, 0x00000000e3e00000, 0x00000000ecca0000)
  eden space 8192K, 100% used [0x00000000e3400000, 0x00000000e3c00000, 0x00000000e3c00000)
  from space 1024K,  50% used [0x00000000e3d00000, 0x00000000e3d81d80, 0x00000000e3e00000)
  to   space 1024K,   0% used [0x00000000e3c00000, 0x00000000e3c00000, 0x00000000e3d00000)
 concurrent mark-sweep generation total 48912K, used 29346K [0x00000000ecca0000, 0x00000000efc64000, 0x0000000100000000)
 Metaspace       used 39494K, capacity 41040K, committed 41216K, reserved 1085440K
  class space    used 4914K, capacity 5260K, committed 5376K, reserved 1048576K
2020-11-07T20:04:31.698+0800: 25.544: [GC (Allocation Failure) 2020-11-07T20:04:31.698+0800: 25.544: [ParNew: 8711K->648K(9216K), 0.0208711 secs] 38058K->29995K(58128K), 0.0209786 secs] [Times: user=0.01 sys=0.00, real=0.02 secs] 
Heap after GC invocations=240 (full 27):
 par new generation   total 9216K, used 648K [0x00000000e3400000, 0x00000000e3e00000, 0x00000000ecca0000)
  eden space 8192K,   0% used [0x00000000e3400000, 0x00000000e3400000, 0x00000000e3c00000)
  from space 1024K,  63% used [0x00000000e3c00000, 0x00000000e3ca2300, 0x00000000e3d00000)
  to   space 1024K,   0% used [0x00000000e3d00000, 0x00000000e3d00000, 0x00000000e3e00000)
 concurrent mark-sweep generation total 48912K, used 29346K [0x00000000ecca0000, 0x00000000efc64000, 0x0000000100000000)
 Metaspace       used 39494K, capacity 41040K, committed 41216K, reserved 1085440K
  class space    used 4914K, capacity 5260K, committed 5376K, reserved 1048576K
}
2020-11-07T20:04:31.786+0800: 25.632: Application time: 0.0669416 seconds
{Heap before GC invocations=240 (full 27):
 par new generation   total 9216K, used 8840K [0x00000000e3400000, 0x00000000e3e00000, 0x00000000ecca0000)
  eden space 8192K, 100% used [0x00000000e3400000, 0x00000000e3c00000, 0x00000000e3c00000)
  from space 1024K,  63% used [0x00000000e3c00000, 0x00000000e3ca2300, 0x00000000e3d00000)
  to   space 1024K,   0% used [0x00000000e3d00000, 0x00000000e3d00000, 0x00000000e3e00000)
 concurrent mark-sweep generation total 48912K, used 29346K [0x00000000ecca0000, 0x00000000efc64000, 0x0000000100000000)
 Metaspace       used 39596K, capacity 41236K, committed 41472K, reserved 1085440K
  class space    used 4926K, capacity 5260K, committed 5376K, reserved 1048576K
2020-11-07T20:04:31.786+0800: 25.632: [GC (Allocation Failure) 2020-11-07T20:04:31.786+0800: 25.632: [ParNew: 8840K->636K(9216K), 0.0271234 secs] 38187K->30159K(58128K), 0.0271765 secs] [Times: user=0.02 sys=0.00, real=0.02 secs] 
Heap after GC invocations=241 (full 27):
 par new generation   total 9216K, used 636K [0x00000000e3400000, 0x00000000e3e00000, 0x00000000ecca0000)
  eden space 8192K,   0% used [0x00000000e3400000, 0x00000000e3400000, 0x00000000e3c00000)
  from space 1024K,  62% used [0x00000000e3d00000, 0x00000000e3d9f380, 0x00000000e3e00000)
  to   space 1024K,   0% used [0x00000000e3c00000, 0x00000000e3c00000, 0x00000000e3d00000)
 concurrent mark-sweep generation total 48912K, used 29522K [0x00000000ecca0000, 0x00000000efc64000, 0x0000000100000000)
 Metaspace       used 39596K, capacity 41236K, committed 41472K, reserved 1085440K
  class space    used 4926K, capacity 5260K, committed 5376K, reserved 1048576K
}
2020-11-07T20:04:31.818+0800: 25.663: Application time: 0.0041434 seconds
2020-11-07T20:04:31.818+0800: 25.664: [GC (CMS Initial Mark) [1 CMS-initial-mark: 29522K(48912K)] 33109K(58128K), 0.0047482 secs] [Times: user=0.00 sys=0.00, real=0.00 secs] 
2020-11-07T20:04:31.823+0800: 25.668: [CMS-concurrent-mark-start]
2020-11-07T20:04:31.842+0800: 25.688: Application time: 0.0194648 seconds
2020-11-07T20:04:31.872+0800: 25.718: Application time: 0.0302596 seconds
2020-11-07T20:04:31.875+0800: 25.721: Application time: 0.0028960 seconds
2020-11-07T20:04:31.877+0800: 25.722: Application time: 0.0011465 seconds
{Heap before GC invocations=241 (full 28):
 par new generation   total 9216K, used 8828K [0x00000000e3400000, 0x00000000e3e00000, 0x00000000ecca0000)
  eden space 8192K, 100% used [0x00000000e3400000, 0x00000000e3c00000, 0x00000000e3c00000)
  from space 1024K,  62% used [0x00000000e3d00000, 0x00000000e3d9f380, 0x00000000e3e00000)
  to   space 1024K,   0% used [0x00000000e3c00000, 0x00000000e3c00000, 0x00000000e3d00000)
 concurrent mark-sweep generation total 48912K, used 29522K [0x00000000ecca0000, 0x00000000efc64000, 0x0000000100000000)
 Metaspace       used 39615K, capacity 41236K, committed 41472K, reserved 1085440K
  class space    used 4928K, capacity 5260K, committed 5376K, reserved 1048576K
2020-11-07T20:04:31.877+0800: 25.723: [GC (Allocation Failure) 2020-11-07T20:04:31.877+0800: 25.723: [ParNew: 8828K->539K(9216K), 0.0299750 secs] 38351K->30062K(58128K), 0.0300302 secs] [Times: user=0.03 sys=0.00, real=0.03 secs] 
Heap after GC invocations=242 (full 28):
 par new generation   total 9216K, used 539K [0x00000000e3400000, 0x00000000e3e00000, 0x00000000ecca0000)
  eden space 8192K,   0% used [0x00000000e3400000, 0x00000000e3400000, 0x00000000e3c00000)
  from space 1024K,  52% used [0x00000000e3c00000, 0x00000000e3c86ff8, 0x00000000e3d00000)
  to   space 1024K,   0% used [0x00000000e3d00000, 0x00000000e3d00000, 0x00000000e3e00000)
 concurrent mark-sweep generation total 48912K, used 29522K [0x00000000ecca0000, 0x00000000efc64000, 0x0000000100000000)
 Metaspace       used 39615K, capacity 41236K, committed 41472K, reserved 1085440K
  class space    used 4928K, capacity 5260K, committed 5376K, reserved 1048576K
}
2020-11-07T20:04:31.924+0800: 25.770: Application time: 0.0173817 seconds
2020-11-07T20:04:31.940+0800: 25.786: Application time: 0.0154644 seconds
2020-11-07T20:04:31.971+0800: 25.817: Application time: 0.0315573 seconds
{Heap before GC invocations=242 (full 28):
 par new generation   total 9216K, used 8731K [0x00000000e3400000, 0x00000000e3e00000, 0x00000000ecca0000)
  eden space 8192K, 100% used [0x00000000e3400000, 0x00000000e3c00000, 0x00000000e3c00000)
  from space 1024K,  52% used [0x00000000e3c00000, 0x00000000e3c86ff8, 0x00000000e3d00000)
  to   space 1024K,   0% used [0x00000000e3d00000, 0x00000000e3d00000, 0x00000000e3e00000)
 concurrent mark-sweep generation total 48912K, used 29522K [0x00000000ecca0000, 0x00000000efc64000, 0x0000000100000000)
 Metaspace       used 39622K, capacity 41236K, committed 41472K, reserved 1085440K
  class space    used 4928K, capacity 5260K, committed 5376K, reserved 1048576K
2020-11-07T20:04:31.972+0800: 25.818: [GC (Allocation Failure) 2020-11-07T20:04:31.972+0800: 25.818: [ParNew: 8731K->528K(9216K), 0.0360948 secs] 38254K->30051K(58128K), 0.0361526 secs] [Times: user=0.03 sys=0.00, real=0.04 secs] 
Heap after GC invocations=243 (full 28):
 par new generation   total 9216K, used 528K [0x00000000e3400000, 0x00000000e3e00000, 0x00000000ecca0000)
  eden space 8192K,   0% used [0x00000000e3400000, 0x00000000e3400000, 0x00000000e3c00000)
  from space 1024K,  51% used [0x00000000e3d00000, 0x00000000e3d84120, 0x00000000e3e00000)
  to   space 1024K,   0% used [0x00000000e3c00000, 0x00000000e3c00000, 0x00000000e3d00000)
 concurrent mark-sweep generation total 48912K, used 29522K [0x00000000ecca0000, 0x00000000efc64000, 0x0000000100000000)
 Metaspace       used 39622K, capacity 41236K, committed 41472K, reserved 1085440K
  class space    used 4928K, capacity 5260K, committed 5376K, reserved 1048576K
}
2020-11-07T20:04:32.041+0800: 25.886: Application time: 0.0326044 seconds
2020-11-07T20:04:32.060+0800: 25.906: Application time: 0.0194893 seconds
{Heap before GC invocations=243 (full 28):
 par new generation   total 9216K, used 8720K [0x00000000e3400000, 0x00000000e3e00000, 0x00000000ecca0000)
  eden space 8192K, 100% used [0x00000000e3400000, 0x00000000e3c00000, 0x00000000e3c00000)
  from space 1024K,  51% used [0x00000000e3d00000, 0x00000000e3d84120, 0x00000000e3e00000)
  to   space 1024K,   0% used [0x00000000e3c00000, 0x00000000e3c00000, 0x00000000e3d00000)
 concurrent mark-sweep generation total 48912K, used 29522K [0x00000000ecca0000, 0x00000000efc64000, 0x0000000100000000)
 Metaspace       used 39638K, capacity 41236K, committed 41472K, reserved 1085440K
  class space    used 4930K, capacity 5260K, committed 5376K, reserved 1048576K
2020-11-07T20:04:32.060+0800: 25.906: [GC (Allocation Failure) 2020-11-07T20:04:32.060+0800: 25.906: [ParNew: 8720K->587K(9216K), 0.0234303 secs] 38243K->30110K(58128K), 0.0234995 secs] [Times: user=0.02 sys=0.00, real=0.02 secs] 
Heap after GC invocations=244 (full 28):
 par new generation   total 9216K, used 587K [0x00000000e3400000, 0x00000000e3e00000, 0x00000000ecca0000)
  eden space 8192K,   0% used [0x00000000e3400000, 0x00000000e3400000, 0x00000000e3c00000)
  from space 1024K,  57% used [0x00000000e3c00000, 0x00000000e3c92d60, 0x00000000e3d00000)
  to   space 1024K,   0% used [0x00000000e3d00000, 0x00000000e3d00000, 0x00000000e3e00000)
 concurrent mark-sweep generation total 48912K, used 29522K [0x00000000ecca0000, 0x00000000efc64000, 0x0000000100000000)
 Metaspace       used 39638K, capacity 41236K, committed 41472K, reserved 1085440K
  class space    used 4930K, capacity 5260K, committed 5376K, reserved 1048576K
}
2020-11-07T20:04:32.087+0800: 25.932: Application time: 0.0027840 seconds
2020-11-07T20:04:32.097+0800: 25.943: [CMS-concurrent-mark: 0.164/0.274 secs] [Times: user=0.26 sys=0.00, real=0.28 secs] 
2020-11-07T20:04:32.097+0800: 25.943: [CMS-concurrent-preclean-start]
2020-11-07T20:04:32.101+0800: 25.947: [CMS-concurrent-preclean: 0.004/0.004 secs] [Times: user=0.00 sys=0.00, real=0.00 secs] 
2020-11-07T20:04:32.101+0800: 25.947: [CMS-concurrent-abortable-preclean-start]
2020-11-07T20:04:32.108+0800: 25.954: Application time: 0.0215532 seconds
2020-11-07T20:04:32.127+0800: 25.973: Application time: 0.0186339 seconds
2020-11-07T20:04:32.145+0800: 25.991: Application time: 0.0183164 seconds
{Heap before GC invocations=244 (full 28):
 par new generation   total 9216K, used 8779K [0x00000000e3400000, 0x00000000e3e00000, 0x00000000ecca0000)
  eden space 8192K, 100% used [0x00000000e3400000, 0x00000000e3c00000, 0x00000000e3c00000)
  from space 1024K,  57% used [0x00000000e3c00000, 0x00000000e3c92d60, 0x00000000e3d00000)
  to   space 1024K,   0% used [0x00000000e3d00000, 0x00000000e3d00000, 0x00000000e3e00000)
 concurrent mark-sweep generation total 48912K, used 29522K [0x00000000ecca0000, 0x00000000efc64000, 0x0000000100000000)
 Metaspace       used 39647K, capacity 41236K, committed 41472K, reserved 1085440K
  class space    used 4930K, capacity 5260K, committed 5376K, reserved 1048576K
2020-11-07T20:04:32.146+0800: 25.991: [GC (Allocation Failure) 2020-11-07T20:04:32.146+0800: 25.991: [ParNew: 8779K->631K(9216K), 0.0292585 secs] 38302K->30244K(58128K), 0.0293347 secs] [Times: user=0.02 sys=0.00, real=0.03 secs] 
Heap after GC invocations=245 (full 28):
 par new generation   total 9216K, used 631K [0x00000000e3400000, 0x00000000e3e00000, 0x00000000ecca0000)
  eden space 8192K,   0% used [0x00000000e3400000, 0x00000000e3400000, 0x00000000e3c00000)
  from space 1024K,  61% used [0x00000000e3d00000, 0x00000000e3d9dd50, 0x00000000e3e00000)
  to   space 1024K,   0% used [0x00000000e3c00000, 0x00000000e3c00000, 0x00000000e3d00000)
 concurrent mark-sweep generation total 48912K, used 29612K [0x00000000ecca0000, 0x00000000efc64000, 0x0000000100000000)
 Metaspace       used 39647K, capacity 41236K, committed 41472K, reserved 1085440K
  class space    used 4930K, capacity 5260K, committed 5376K, reserved 1048576K
}
2020-11-07T20:04:32.182+0800: 26.028: Application time: 0.0068186 seconds
2020-11-07T20:04:32.189+0800: 26.035: Application time: 0.0070545 seconds
2020-11-07T20:04:32.230+0800: 26.076: Application time: 0.0412646 seconds
2020-11-07T20:04:32.240+0800: 26.086: [CMS-concurrent-abortable-preclean: 0.050/0.139 secs] [Times: user=0.12 sys=0.00, real=0.14 secs] 
2020-11-07T20:04:32.240+0800: 26.086: Application time: 0.0099316 seconds
2020-11-07T20:04:32.240+0800: 26.086: [GC (CMS Final Remark) [YG occupancy: 6532 K (9216 K)]2020-11-07T20:04:32.240+0800: 26.086: [Rescan (parallel) , 0.0122604 secs]2020-11-07T20:04:32.253+0800: 26.099: [weak refs processing, 0.0000651 secs]2020-11-07T20:04:32.253+0800: 26.099: [class unloading, 0.0119877 secs]2020-11-07T20:04:32.265+0800: 26.111: [scrub symbol table, 0.0144885 secs]2020-11-07T20:04:32.279+0800: 26.125: [scrub string table, 0.0008991 secs][1 CMS-remark: 29612K(48912K)] 36145K(58128K), 0.0398660 secs] [Times: user=0.04 sys=0.01, real=0.04 secs] 
2020-11-07T20:04:32.288+0800: 26.133: [CMS-concurrent-sweep-start]
2020-11-07T20:04:32.303+0800: 26.149: Application time: 0.0231594 seconds
{Heap before GC invocations=245 (full 28):
 par new generation   total 9216K, used 8823K [0x00000000e3400000, 0x00000000e3e00000, 0x00000000ecca0000)
  eden space 8192K, 100% used [0x00000000e3400000, 0x00000000e3c00000, 0x00000000e3c00000)
  from space 1024K,  61% used [0x00000000e3d00000, 0x00000000e3d9dd50, 0x00000000e3e00000)
  to   space 1024K,   0% used [0x00000000e3c00000, 0x00000000e3c00000, 0x00000000e3d00000)
 concurrent mark-sweep generation total 48912K, used 29612K [0x00000000ecca0000, 0x00000000efc64000, 0x0000000100000000)
 Metaspace       used 39677K, capacity 41300K, committed 41472K, reserved 1085440K
  class space    used 4933K, capacity 5260K, committed 5376K, reserved 1048576K
2020-11-07T20:04:32.304+0800: 26.149: [GC (Allocation Failure) 2020-11-07T20:04:32.304+0800: 26.149: [ParNew: 8823K->603K(9216K), 0.0217208 secs] 38435K->30215K(58128K), 0.0218027 secs] [Times: user=0.02 sys=0.00, real=0.03 secs] 
Heap after GC invocations=246 (full 28):
 par new generation   total 9216K, used 603K [0x00000000e3400000, 0x00000000e3e00000, 0x00000000ecca0000)
  eden space 8192K,   0% used [0x00000000e3400000, 0x00000000e3400000, 0x00000000e3c00000)
  from space 1024K,  58% used [0x00000000e3c00000, 0x00000000e3c96e40, 0x00000000e3d00000)
  to   space 1024K,   0% used [0x00000000e3d00000, 0x00000000e3d00000, 0x00000000e3e00000)
 concurrent mark-sweep generation total 48912K, used 29612K [0x00000000ecca0000, 0x00000000efc64000, 0x0000000100000000)
 Metaspace       used 39677K, capacity 41300K, committed 41472K, reserved 1085440K
  class space    used 4933K, capacity 5260K, committed 5376K, reserved 1048576K
}
2020-11-07T20:04:32.343+0800: 26.189: [CMS-concurrent-sweep: 0.028/0.055 secs] [Times: user=0.05 sys=0.00, real=0.05 secs] 
2020-11-07T20:04:32.343+0800: 26.189: [CMS-concurrent-reset-start]
2020-11-07T20:04:32.356+0800: 26.201: [CMS-concurrent-reset: 0.013/0.013 secs] [Times: user=0.01 sys=0.00, real=0.02 secs] 
2020-11-07T20:04:32.365+0800: 26.210: Application time: 0.0390007 seconds
2020-11-07T20:04:32.381+0800: 26.227: Application time: 0.0166835 seconds
2020-11-07T20:04:32.382+0800: 26.227: Application time: 0.0000358 seconds
2020-11-07T20:04:32.382+0800: 26.227: Application time: 0.0000207 seconds
2020-11-07T20:04:32.397+0800: 26.243: Application time: 0.0152840 seconds
{Heap before GC invocations=246 (full 28):
 par new generation   total 9216K, used 8795K [0x00000000e3400000, 0x00000000e3e00000, 0x00000000ecca0000)
  eden space 8192K, 100% used [0x00000000e3400000, 0x00000000e3c00000, 0x00000000e3c00000)
  from space 1024K,  58% used [0x00000000e3c00000, 0x00000000e3c96e40, 0x00000000e3d00000)
  to   space 1024K,   0% used [0x00000000e3d00000, 0x00000000e3d00000, 0x00000000e3e00000)
 concurrent mark-sweep generation total 49296K, used 29576K [0x00000000ecca0000, 0x00000000efcc4000, 0x0000000100000000)
 Metaspace       used 39732K, capacity 41328K, committed 41472K, reserved 1085440K
  class space    used 4942K, capacity 5292K, committed 5376K, reserved 1048576K
2020-11-07T20:04:32.397+0800: 26.243: [GC (Allocation Failure) 2020-11-07T20:04:32.397+0800: 26.243: [ParNew: 8795K->804K(9216K), 0.0153133 secs] 38371K->30453K(58512K), 0.0153831 secs] [Times: user=0.01 sys=0.00, real=0.01 secs] 
Heap after GC invocations=247 (full 28):
 par new generation   total 9216K, used 804K [0x00000000e3400000, 0x00000000e3e00000, 0x00000000ecca0000)
  eden space 8192K,   0% used [0x00000000e3400000, 0x00000000e3400000, 0x00000000e3c00000)
  from space 1024K,  78% used [0x00000000e3d00000, 0x00000000e3dc9290, 0x00000000e3e00000)
  to   space 1024K,   0% used [0x00000000e3c00000, 0x00000000e3c00000, 0x00000000e3d00000)
 concurrent mark-sweep generation total 49296K, used 29648K [0x00000000ecca0000, 0x00000000efcc4000, 0x0000000100000000)
 Metaspace       used 39732K, capacity 41328K, committed 41472K, reserved 1085440K
  class space    used 4942K, capacity 5292K, committed 5376K, reserved 1048576K
}
2020-11-07T20:04:32.417+0800: 26.262: Application time: 0.0040751 seconds
2020-11-07T20:04:32.417+0800: 26.263: [GC (CMS Initial Mark) [1 CMS-initial-mark: 29648K(49296K)] 32584K(58512K), 0.0046574 secs] [Times: user=0.01 sys=0.00, real=0.00 secs] 
2020-11-07T20:04:32.421+0800: 26.267: [CMS-concurrent-mark-start]
2020-11-07T20:04:32.702+0800: 26.548: Application time: 0.2803938 seconds
2020-11-07T20:04:32.704+0800: 26.549: Application time: 0.0017279 seconds
{Heap before GC invocations=247 (full 29):
 par new generation   total 9216K, used 8996K [0x00000000e3400000, 0x00000000e3e00000, 0x00000000ecca0000)
  eden space 8192K, 100% used [0x00000000e3400000, 0x00000000e3c00000, 0x00000000e3c00000)
  from space 1024K,  78% used [0x00000000e3d00000, 0x00000000e3dc9290, 0x00000000e3e00000)
  to   space 1024K,   0% used [0x00000000e3c00000, 0x00000000e3c00000, 0x00000000e3d00000)
 concurrent mark-sweep generation total 49296K, used 29648K [0x00000000ecca0000, 0x00000000efcc4000, 0x0000000100000000)
 Metaspace       used 39747K, capacity 41334K, committed 41472K, reserved 1085440K
  class space    used 4943K, capacity 5293K, committed 5376K, reserved 1048576K
2020-11-07T20:04:32.704+0800: 26.550: [GC (Allocation Failure) 2020-11-07T20:04:32.704+0800: 26.550: [ParNew: 8996K->852K(9216K), 0.0186804 secs] 38645K->30595K(58512K), 0.0187520 secs] [Times: user=0.02 sys=0.00, real=0.02 secs] 
Heap after GC invocations=248 (full 29):
 par new generation   total 9216K, used 852K [0x00000000e3400000, 0x00000000e3e00000, 0x00000000ecca0000)
  eden space 8192K,   0% used [0x00000000e3400000, 0x00000000e3400000, 0x00000000e3c00000)
  from space 1024K,  83% used [0x00000000e3c00000, 0x00000000e3cd5210, 0x00000000e3d00000)
  to   space 1024K,   0% used [0x00000000e3d00000, 0x00000000e3d00000, 0x00000000e3e00000)
 concurrent mark-sweep generation total 49296K, used 29742K [0x00000000ecca0000, 0x00000000efcc4000, 0x0000000100000000)
 Metaspace       used 39747K, capacity 41334K, committed 41472K, reserved 1085440K
  class space    used 4943K, capacity 5293K, committed 5376K, reserved 1048576K
}
2020-11-07T20:04:32.765+0800: 26.611: Application time: 0.0427850 seconds
2020-11-07T20:04:32.806+0800: 26.652: Application time: 0.0396764 seconds
2020-11-07T20:04:32.821+0800: 26.667: [CMS-concurrent-mark: 0.371/0.400 secs] [Times: user=0.35 sys=0.01, real=0.40 secs] 
2020-11-07T20:04:32.821+0800: 26.667: [CMS-concurrent-preclean-start]
2020-11-07T20:04:32.823+0800: 26.669: [CMS-concurrent-preclean: 0.002/0.002 secs] [Times: user=0.00 sys=0.00, real=0.00 secs] 
2020-11-07T20:04:32.823+0800: 26.669: [CMS-concurrent-abortable-preclean-start]
2020-11-07T20:04:32.884+0800: 26.730: Application time: 0.0776971 seconds
{Heap before GC invocations=248 (full 29):
 par new generation   total 9216K, used 9044K [0x00000000e3400000, 0x00000000e3e00000, 0x00000000ecca0000)
  eden space 8192K, 100% used [0x00000000e3400000, 0x00000000e3c00000, 0x00000000e3c00000)
  from space 1024K,  83% used [0x00000000e3c00000, 0x00000000e3cd5210, 0x00000000e3d00000)
  to   space 1024K,   0% used [0x00000000e3d00000, 0x00000000e3d00000, 0x00000000e3e00000)
 concurrent mark-sweep generation total 49296K, used 29742K [0x00000000ecca0000, 0x00000000efcc4000, 0x0000000100000000)
 Metaspace       used 40165K, capacity 42022K, committed 42368K, reserved 1085440K
  class space    used 5039K, capacity 5409K, committed 5504K, reserved 1048576K
2020-11-07T20:04:32.884+0800: 26.730: [GC (Allocation Failure) 2020-11-07T20:04:32.884+0800: 26.730: [ParNew: 9044K->741K(9216K), 0.0180966 secs] 38787K->30588K(58512K), 0.0181650 secs] [Times: user=0.02 sys=0.00, real=0.02 secs] 
Heap after GC invocations=249 (full 29):
 par new generation   total 9216K, used 741K [0x00000000e3400000, 0x00000000e3e00000, 0x00000000ecca0000)
  eden space 8192K,   0% used [0x00000000e3400000, 0x00000000e3400000, 0x00000000e3c00000)
  from space 1024K,  72% used [0x00000000e3d00000, 0x00000000e3db9770, 0x00000000e3e00000)
  to   space 1024K,   0% used [0x00000000e3c00000, 0x00000000e3c00000, 0x00000000e3d00000)
 concurrent mark-sweep generation total 49296K, used 29846K [0x00000000ecca0000, 0x00000000efcc4000, 0x0000000100000000)
 Metaspace       used 40165K, capacity 42022K, committed 42368K, reserved 1085440K
  class space    used 5039K, capacity 5409K, committed 5504K, reserved 1048576K
}
2020-11-07T20:04:32.943+0800: 26.789: Application time: 0.0408159 seconds
2020-11-07T20:04:32.964+0800: 26.809: Application time: 0.0200041 seconds
2020-11-07T20:04:32.977+0800: 26.822: Application time: 0.0128683 seconds
{Heap before GC invocations=249 (full 29):
 par new generation   total 9216K, used 8933K [0x00000000e3400000, 0x00000000e3e00000, 0x00000000ecca0000)
  eden space 8192K, 100% used [0x00000000e3400000, 0x00000000e3c00000, 0x00000000e3c00000)
  from space 1024K,  72% used [0x00000000e3d00000, 0x00000000e3db9770, 0x00000000e3e00000)
  to   space 1024K,   0% used [0x00000000e3c00000, 0x00000000e3c00000, 0x00000000e3d00000)
 concurrent mark-sweep generation total 49296K, used 29846K [0x00000000ecca0000, 0x00000000efcc4000, 0x0000000100000000)
 Metaspace       used 40449K, capacity 42390K, committed 42624K, reserved 1087488K
  class space    used 5078K, capacity 5485K, committed 5504K, reserved 1048576K
2020-11-07T20:04:32.977+0800: 26.823: [GC (Allocation Failure) 2020-11-07T20:04:32.977+0800: 26.823: [ParNew: 8933K->813K(9216K), 0.0238416 secs] 38780K->30846K(58512K), 0.0239122 secs] [Times: user=0.02 sys=0.00, real=0.02 secs] 
Heap after GC invocations=250 (full 29):
 par new generation   total 9216K, used 813K [0x00000000e3400000, 0x00000000e3e00000, 0x00000000ecca0000)
  eden space 8192K,   0% used [0x00000000e3400000, 0x00000000e3400000, 0x00000000e3c00000)
  from space 1024K,  79% used [0x00000000e3c00000, 0x00000000e3ccb5b8, 0x00000000e3d00000)
  to   space 1024K,   0% used [0x00000000e3d00000, 0x00000000e3d00000, 0x00000000e3e00000)
 concurrent mark-sweep generation total 49296K, used 30032K [0x00000000ecca0000, 0x00000000efcc4000, 0x0000000100000000)
 Metaspace       used 40449K, capacity 42390K, committed 42624K, reserved 1087488K
  class space    used 5078K, capacity 5485K, committed 5504K, reserved 1048576K
}
2020-11-07T20:04:33.001+0800: 26.847: [CMS-concurrent-abortable-preclean: 0.073/0.178 secs] [Times: user=0.17 sys=0.00, real=0.18 secs] 
2020-11-07T20:04:33.011+0800: 26.857: Application time: 0.0099618 seconds
2020-11-07T20:04:33.011+0800: 26.857: [GC (CMS Final Remark) [YG occupancy: 3248 K (9216 K)]2020-11-07T20:04:33.011+0800: 26.857: [Rescan (parallel) , 0.0167366 secs]2020-11-07T20:04:33.028+0800: 26.874: [weak refs processing, 0.0018209 secs]2020-11-07T20:04:33.030+0800: 26.875: [class unloading, 0.0174988 secs]2020-11-07T20:04:33.047+0800: 26.893: [scrub symbol table, 0.0170504 secs]2020-11-07T20:04:33.064+0800: 26.910: [scrub string table, 0.0013450 secs][1 CMS-remark: 30032K(49296K)] 33281K(58512K), 0.0547054 secs] [Times: user=0.05 sys=0.00, real=0.06 secs] 
2020-11-07T20:04:33.071+0800: 26.917: [CMS-concurrent-sweep-start]
2020-11-07T20:04:33.107+0800: 26.953: [CMS-concurrent-sweep: 0.036/0.036 secs] [Times: user=0.03 sys=0.00, real=0.04 secs] 
2020-11-07T20:04:33.107+0800: 26.953: [CMS-concurrent-reset-start]
2020-11-07T20:04:33.108+0800: 26.954: [CMS-concurrent-reset: 0.001/0.001 secs] [Times: user=0.00 sys=0.00, real=0.00 secs] 
2020-11-07T20:04:33.150+0800: 26.996: Application time: 0.0840399 seconds
{Heap before GC invocations=250 (full 29):
 par new generation   total 9216K, used 9005K [0x00000000e3400000, 0x00000000e3e00000, 0x00000000ecca0000)
  eden space 8192K, 100% used [0x00000000e3400000, 0x00000000e3c00000, 0x00000000e3c00000)
  from space 1024K,  79% used [0x00000000e3c00000, 0x00000000e3ccb5b8, 0x00000000e3d00000)
  to   space 1024K,   0% used [0x00000000e3d00000, 0x00000000e3d00000, 0x00000000e3e00000)
 concurrent mark-sweep generation total 50012K, used 30005K [0x00000000ecca0000, 0x00000000efd77000, 0x0000000100000000)
 Metaspace       used 40519K, capacity 42484K, committed 42624K, reserved 1087488K
  class space    used 5088K, capacity 5492K, committed 5504K, reserved 1048576K
2020-11-07T20:04:33.150+0800: 26.996: [GC (Allocation Failure) 2020-11-07T20:04:33.150+0800: 26.996: [ParNew: 9005K->701K(9216K), 0.0892437 secs] 39010K->30801K(59228K), 0.0893781 secs] [Times: user=0.05 sys=0.00, real=0.09 secs] 
Heap after GC invocations=251 (full 29):
 par new generation   total 9216K, used 701K [0x00000000e3400000, 0x00000000e3e00000, 0x00000000ecca0000)
  eden space 8192K,   0% used [0x00000000e3400000, 0x00000000e3400000, 0x00000000e3c00000)
  from space 1024K,  68% used [0x00000000e3d00000, 0x00000000e3daf630, 0x00000000e3e00000)
  to   space 1024K,   0% used [0x00000000e3c00000, 0x00000000e3c00000, 0x00000000e3d00000)
 concurrent mark-sweep generation total 50012K, used 30099K [0x00000000ecca0000, 0x00000000efd77000, 0x0000000100000000)
 Metaspace       used 40519K, capacity 42484K, committed 42624K, reserved 1087488K
  class space    used 5088K, capacity 5492K, committed 5504K, reserved 1048576K
}
2020-11-07T20:04:33.246+0800: 27.092: Application time: 0.0063101 seconds
2020-11-07T20:04:33.246+0800: 27.092: [GC (CMS Initial Mark) [1 CMS-initial-mark: 30099K(50012K)] 32905K(59228K), 0.0066714 secs] [Times: user=0.01 sys=0.00, real=0.00 secs] 
2020-11-07T20:04:33.256+0800: 27.102: [CMS-concurrent-mark-start]
2020-11-07T20:04:33.263+0800: 27.109: Application time: 0.0103632 seconds
2020-11-07T20:04:33.339+0800: 27.185: Application time: 0.0757486 seconds
{Heap before GC invocations=251 (full 30):
 par new generation   total 9216K, used 8893K [0x00000000e3400000, 0x00000000e3e00000, 0x00000000ecca0000)
  eden space 8192K, 100% used [0x00000000e3400000, 0x00000000e3c00000, 0x00000000e3c00000)
  from space 1024K,  68% used [0x00000000e3d00000, 0x00000000e3daf630, 0x00000000e3e00000)
  to   space 1024K,   0% used [0x00000000e3c00000, 0x00000000e3c00000, 0x00000000e3d00000)
 concurrent mark-sweep generation total 50012K, used 30099K [0x00000000ecca0000, 0x00000000efd77000, 0x0000000100000000)
 Metaspace       used 40540K, capacity 42548K, committed 42624K, reserved 1087488K
  class space    used 5091K, capacity 5492K, committed 5504K, reserved 1048576K
2020-11-07T20:04:33.339+0800: 27.185: [GC (Allocation Failure) 2020-11-07T20:04:33.339+0800: 27.185: [ParNew: 8893K->564K(9216K), 0.0232789 secs] 38993K->30779K(59228K), 0.0233659 secs] [Times: user=0.02 sys=0.00, real=0.02 secs] 
Heap after GC invocations=252 (full 30):
 par new generation   total 9216K, used 564K [0x00000000e3400000, 0x00000000e3e00000, 0x00000000ecca0000)
  eden space 8192K,   0% used [0x00000000e3400000, 0x00000000e3400000, 0x00000000e3c00000)
  from space 1024K,  55% used [0x00000000e3c00000, 0x00000000e3c8d0e0, 0x00000000e3d00000)
  to   space 1024K,   0% used [0x00000000e3d00000, 0x00000000e3d00000, 0x00000000e3e00000)
 concurrent mark-sweep generation total 50012K, used 30215K [0x00000000ecca0000, 0x00000000efd77000, 0x0000000100000000)
 Metaspace       used 40540K, capacity 42548K, committed 42624K, reserved 1087488K
  class space    used 5091K, capacity 5492K, committed 5504K, reserved 1048576K
}
2020-11-07T20:04:33.457+0800: 27.303: Application time: 0.0945964 seconds
2020-11-07T20:04:33.489+0800: 27.335: Application time: 0.0314039 seconds
{Heap before GC invocations=252 (full 30):
 par new generation   total 9216K, used 8756K [0x00000000e3400000, 0x00000000e3e00000, 0x00000000ecca0000)
  eden space 8192K, 100% used [0x00000000e3400000, 0x00000000e3c00000, 0x00000000e3c00000)
  from space 1024K,  55% used [0x00000000e3c00000, 0x00000000e3c8d0e0, 0x00000000e3d00000)
  to   space 1024K,   0% used [0x00000000e3d00000, 0x00000000e3d00000, 0x00000000e3e00000)
 concurrent mark-sweep generation total 50012K, used 30215K [0x00000000ecca0000, 0x00000000efd77000, 0x0000000100000000)
 Metaspace       used 40564K, capacity 42560K, committed 42624K, reserved 1087488K
  class space    used 5095K, capacity 5496K, committed 5504K, reserved 1048576K
2020-11-07T20:04:33.489+0800: 27.335: [GC (Allocation Failure) 2020-11-07T20:04:33.489+0800: 27.335: [ParNew: 8756K->509K(9216K), 0.0107099 secs] 38971K->30724K(59228K), 0.0107951 secs] [Times: user=0.01 sys=0.00, real=0.01 secs] 
Heap after GC invocations=253 (full 30):
 par new generation   total 9216K, used 509K [0x00000000e3400000, 0x00000000e3e00000, 0x00000000ecca0000)
  eden space 8192K,   0% used [0x00000000e3400000, 0x00000000e3400000, 0x00000000e3c00000)
  from space 1024K,  49% used [0x00000000e3d00000, 0x00000000e3d7f4b0, 0x00000000e3e00000)
  to   space 1024K,   0% used [0x00000000e3c00000, 0x00000000e3c00000, 0x00000000e3d00000)
 concurrent mark-sweep generation total 50012K, used 30215K [0x00000000ecca0000, 0x00000000efd77000, 0x0000000100000000)
 Metaspace       used 40564K, capacity 42560K, committed 42624K, reserved 1087488K
  class space    used 5095K, capacity 5496K, committed 5504K, reserved 1048576K
}
2020-11-07T20:04:33.579+0800: 27.424: [CMS-concurrent-mark: 0.263/0.323 secs] [Times: user=0.30 sys=0.00, real=0.32 secs] 
2020-11-07T20:04:33.579+0800: 27.425: [CMS-concurrent-preclean-start]
2020-11-07T20:04:33.582+0800: 27.428: [CMS-concurrent-preclean: 0.003/0.004 secs] [Times: user=0.01 sys=0.00, real=0.00 secs] 
2020-11-07T20:04:33.588+0800: 27.434: [CMS-concurrent-abortable-preclean-start]
2020-11-07T20:04:33.602+0800: 27.448: Application time: 0.1020776 seconds
{Heap before GC invocations=253 (full 30):
 par new generation   total 9216K, used 8701K [0x00000000e3400000, 0x00000000e3e00000, 0x00000000ecca0000)
  eden space 8192K, 100% used [0x00000000e3400000, 0x00000000e3c00000, 0x00000000e3c00000)
  from space 1024K,  49% used [0x00000000e3d00000, 0x00000000e3d7f4b0, 0x00000000e3e00000)
  to   space 1024K,   0% used [0x00000000e3c00000, 0x00000000e3c00000, 0x00000000e3d00000)
 concurrent mark-sweep generation total 50012K, used 30215K [0x00000000ecca0000, 0x00000000efd77000, 0x0000000100000000)
 Metaspace       used 40573K, capacity 42562K, committed 42624K, reserved 1087488K
  class space    used 5096K, capacity 5497K, committed 5504K, reserved 1048576K
2020-11-07T20:04:33.602+0800: 27.448: [GC (Allocation Failure) 2020-11-07T20:04:33.602+0800: 27.448: [ParNew: 8701K->619K(9216K), 0.0151635 secs] 38916K->30834K(59228K), 0.0152472 secs] [Times: user=0.01 sys=0.00, real=0.02 secs] 
Heap after GC invocations=254 (full 30):
 par new generation   total 9216K, used 619K [0x00000000e3400000, 0x00000000e3e00000, 0x00000000ecca0000)
  eden space 8192K,   0% used [0x00000000e3400000, 0x00000000e3400000, 0x00000000e3c00000)
  from space 1024K,  60% used [0x00000000e3c00000, 0x00000000e3c9ac60, 0x00000000e3d00000)
  to   space 1024K,   0% used [0x00000000e3d00000, 0x00000000e3d00000, 0x00000000e3e00000)
 concurrent mark-sweep generation total 50012K, used 30215K [0x00000000ecca0000, 0x00000000efd77000, 0x0000000100000000)
 Metaspace       used 40573K, capacity 42562K, committed 42624K, reserved 1087488K
  class space    used 5096K, capacity 5497K, committed 5504K, reserved 1048576K
}
2020-11-07T20:04:33.700+0800: 27.546: Application time: 0.0825579 seconds
{Heap before GC invocations=254 (full 30):
 par new generation   total 9216K, used 8803K [0x00000000e3400000, 0x00000000e3e00000, 0x00000000ecca0000)
  eden space 8192K,  99% used [0x00000000e3400000, 0x00000000e3bfe240, 0x00000000e3c00000)
  from space 1024K,  60% used [0x00000000e3c00000, 0x00000000e3c9ac60, 0x00000000e3d00000)
  to   space 1024K,   0% used [0x00000000e3d00000, 0x00000000e3d00000, 0x00000000e3e00000)
 concurrent mark-sweep generation total 50012K, used 30215K [0x00000000ecca0000, 0x00000000efd77000, 0x0000000100000000)
 Metaspace       used 40609K, capacity 42562K, committed 42624K, reserved 1087488K
  class space    used 5101K, capacity 5497K, committed 5504K, reserved 1048576K
2020-11-07T20:04:33.700+0800: 27.546: [GC (Allocation Failure) 2020-11-07T20:04:33.701+0800: 27.546: [ParNew: 8803K->667K(9216K), 0.0268857 secs] 39019K->31069K(59228K), 0.0269691 secs] [Times: user=0.02 sys=0.00, real=0.03 secs] 
Heap after GC invocations=255 (full 30):
 par new generation   total 9216K, used 667K [0x00000000e3400000, 0x00000000e3e00000, 0x00000000ecca0000)
  eden space 8192K,   0% used [0x00000000e3400000, 0x00000000e3400000, 0x00000000e3c00000)
  from space 1024K,  65% used [0x00000000e3d00000, 0x00000000e3da6d80, 0x00000000e3e00000)
  to   space 1024K,   0% used [0x00000000e3c00000, 0x00000000e3c00000, 0x00000000e3d00000)
 concurrent mark-sweep generation total 50012K, used 30402K [0x00000000ecca0000, 0x00000000efd77000, 0x0000000100000000)
 Metaspace       used 40609K, capacity 42562K, committed 42624K, reserved 1087488K
  class space    used 5101K, capacity 5497K, committed 5504K, reserved 1048576K
}
2020-11-07T20:04:33.750+0800: 27.595: Application time: 0.0219764 seconds
{Heap before GC invocations=255 (full 30):
 par new generation   total 9216K, used 8858K [0x00000000e3400000, 0x00000000e3e00000, 0x00000000ecca0000)
  eden space 8192K,  99% used [0x00000000e3400000, 0x00000000e3bffe20, 0x00000000e3c00000)
  from space 1024K,  65% used [0x00000000e3d00000, 0x00000000e3da6d80, 0x00000000e3e00000)
  to   space 1024K,   0% used [0x00000000e3c00000, 0x00000000e3c00000, 0x00000000e3d00000)
 concurrent mark-sweep generation total 50012K, used 30402K [0x00000000ecca0000, 0x00000000efd77000, 0x0000000100000000)
 Metaspace       used 40611K, capacity 42562K, committed 42624K, reserved 1087488K
  class space    used 5101K, capacity 5497K, committed 5504K, reserved 1048576K
2020-11-07T20:04:33.750+0800: 27.596: [GC (Allocation Failure) 2020-11-07T20:04:33.750+0800: 27.596: [ParNew: 8858K->623K(9216K), 0.0434862 secs] 39261K->31025K(59228K), 0.0435521 secs] [Times: user=0.04 sys=0.00, real=0.04 secs] 
Heap after GC invocations=256 (full 30):
 par new generation   total 9216K, used 623K [0x00000000e3400000, 0x00000000e3e00000, 0x00000000ecca0000)
  eden space 8192K,   0% used [0x00000000e3400000, 0x00000000e3400000, 0x00000000e3c00000)
  from space 1024K,  60% used [0x00000000e3c00000, 0x00000000e3c9be58, 0x00000000e3d00000)
  to   space 1024K,   0% used [0x00000000e3d00000, 0x00000000e3d00000, 0x00000000e3e00000)
 concurrent mark-sweep generation total 50012K, used 30402K [0x00000000ecca0000, 0x00000000efd77000, 0x0000000100000000)
 Metaspace       used 40611K, capacity 42562K, committed 42624K, reserved 1087488K
  class space    used 5101K, capacity 5497K, committed 5504K, reserved 1048576K
}
2020-11-07T20:04:33.800+0800: 27.646: [CMS-concurrent-abortable-preclean: 0.091/0.211 secs] [Times: user=0.19 sys=0.00, real=0.21 secs] 
2020-11-07T20:04:33.800+0800: 27.646: Application time: 0.0066756 seconds
{Heap before GC invocations=256 (full 30):
 par new generation   total 9216K, used 8780K [0x00000000e3400000, 0x00000000e3e00000, 0x00000000ecca0000)
  eden space 8192K,  99% used [0x00000000e3400000, 0x00000000e3bf7378, 0x00000000e3c00000)
  from space 1024K,  60% used [0x00000000e3c00000, 0x00000000e3c9be58, 0x00000000e3d00000)
  to   space 1024K,   0% used [0x00000000e3d00000, 0x00000000e3d00000, 0x00000000e3e00000)
 concurrent mark-sweep generation total 50012K, used 30402K [0x00000000ecca0000, 0x00000000efd77000, 0x0000000100000000)
 Metaspace       used 40611K, capacity 42562K, committed 42624K, reserved 1087488K
  class space    used 5101K, capacity 5497K, committed 5504K, reserved 1048576K
2020-11-07T20:04:33.800+0800: 27.646: [GC (Allocation Failure) 2020-11-07T20:04:33.800+0800: 27.646: [ParNew: 8780K->534K(9216K), 0.0156172 secs] 39182K->30936K(59228K), 0.0156901 secs] [Times: user=0.02 sys=0.00, real=0.02 secs] 
Heap after GC invocations=257 (full 30):
 par new generation   total 9216K, used 534K [0x00000000e3400000, 0x00000000e3e00000, 0x00000000ecca0000)
  eden space 8192K,   0% used [0x00000000e3400000, 0x00000000e3400000, 0x00000000e3c00000)
  from space 1024K,  52% used [0x00000000e3d00000, 0x00000000e3d858e0, 0x00000000e3e00000)
  to   space 1024K,   0% used [0x00000000e3c00000, 0x00000000e3c00000, 0x00000000e3d00000)
 concurrent mark-sweep generation total 50012K, used 30402K [0x00000000ecca0000, 0x00000000efd77000, 0x0000000100000000)
 Metaspace       used 40611K, capacity 42562K, committed 42624K, reserved 1087488K
  class space    used 5101K, capacity 5497K, committed 5504K, reserved 1048576K
}
2020-11-07T20:04:33.820+0800: 27.666: Application time: 0.0040233 seconds
{Heap before GC invocations=257 (full 30):
 par new generation   total 9216K, used 8726K [0x00000000e3400000, 0x00000000e3e00000, 0x00000000ecca0000)
  eden space 8192K, 100% used [0x00000000e3400000, 0x00000000e3c00000, 0x00000000e3c00000)
  from space 1024K,  52% used [0x00000000e3d00000, 0x00000000e3d858e0, 0x00000000e3e00000)
  to   space 1024K,   0% used [0x00000000e3c00000, 0x00000000e3c00000, 0x00000000e3d00000)
 concurrent mark-sweep generation total 50012K, used 30402K [0x00000000ecca0000, 0x00000000efd77000, 0x0000000100000000)
 Metaspace       used 40614K, capacity 42562K, committed 42624K, reserved 1087488K
  class space    used 5101K, capacity 5497K, committed 5504K, reserved 1048576K
2020-11-07T20:04:33.820+0800: 27.666: [GC (Allocation Failure) 2020-11-07T20:04:33.820+0800: 27.666: [ParNew: 8726K->695K(9216K), 0.0163843 secs] 39128K->31098K(59228K), 0.0164512 secs] [Times: user=0.02 sys=0.00, real=0.02 secs] 
Heap after GC invocations=258 (full 30):
 par new generation   total 9216K, used 695K [0x00000000e3400000, 0x00000000e3e00000, 0x00000000ecca0000)
  eden space 8192K,   0% used [0x00000000e3400000, 0x00000000e3400000, 0x00000000e3c00000)
  from space 1024K,  67% used [0x00000000e3c00000, 0x00000000e3cadf80, 0x00000000e3d00000)
  to   space 1024K,   0% used [0x00000000e3d00000, 0x00000000e3d00000, 0x00000000e3e00000)
 concurrent mark-sweep generation total 50012K, used 30402K [0x00000000ecca0000, 0x00000000efd77000, 0x0000000100000000)
 Metaspace       used 40614K, capacity 42562K, committed 42624K, reserved 1087488K
  class space    used 5101K, capacity 5497K, committed 5504K, reserved 1048576K
}
2020-11-07T20:04:33.845+0800: 27.691: Application time: 0.0083334 seconds
2020-11-07T20:04:33.845+0800: 27.691: [GC (CMS Final Remark) [YG occupancy: 1530 K (9216 K)]2020-11-07T20:04:33.845+0800: 27.691: [Rescan (parallel) , 0.0135396 secs]2020-11-07T20:04:33.859+0800: 27.705: [weak refs processing, 0.0001030 secs]2020-11-07T20:04:33.859+0800: 27.705: [class unloading, 0.0133304 secs]2020-11-07T20:04:33.872+0800: 27.718: [scrub symbol table, 0.0163203 secs]2020-11-07T20:04:33.889+0800: 27.735: [scrub string table, 0.0019261 secs][1 CMS-remark: 30402K(50012K)] 31932K(59228K), 0.0454562 secs] [Times: user=0.04 sys=0.00, real=0.04 secs] 
2020-11-07T20:04:33.902+0800: 27.748: [CMS-concurrent-sweep-start]
2020-11-07T20:04:33.933+0800: 27.779: [CMS-concurrent-sweep: 0.031/0.031 secs] [Times: user=0.03 sys=0.00, real=0.03 secs] 
2020-11-07T20:04:33.933+0800: 27.779: [CMS-concurrent-reset-start]
2020-11-07T20:04:33.934+0800: 27.780: [CMS-concurrent-reset: 0.001/0.001 secs] [Times: user=0.00 sys=0.00, real=0.01 secs] 
2020-11-07T20:04:33.957+0800: 27.803: Application time: 0.0659354 seconds
{Heap before GC invocations=258 (full 30):
 par new generation   total 9216K, used 8887K [0x00000000e3400000, 0x00000000e3e00000, 0x00000000ecca0000)
  eden space 8192K, 100% used [0x00000000e3400000, 0x00000000e3c00000, 0x00000000e3c00000)
  from space 1024K,  67% used [0x00000000e3c00000, 0x00000000e3cadf80, 0x00000000e3d00000)
  to   space 1024K,   0% used [0x00000000e3d00000, 0x00000000e3d00000, 0x00000000e3e00000)
 concurrent mark-sweep generation total 50584K, used 30350K [0x00000000ecca0000, 0x00000000efe06000, 0x0000000100000000)
 Metaspace       used 40896K, capacity 42850K, committed 43008K, reserved 1087488K
  class space    used 5133K, capacity 5529K, committed 5632K, reserved 1048576K
2020-11-07T20:04:33.957+0800: 27.803: [GC (Allocation Failure) 2020-11-07T20:04:33.957+0800: 27.803: [ParNew: 8887K->794K(9216K), 0.0201482 secs] 39237K->31221K(59800K), 0.0202252 secs] [Times: user=0.02 sys=0.00, real=0.02 secs] 
Heap after GC invocations=259 (full 30):
 par new generation   total 9216K, used 794K [0x00000000e3400000, 0x00000000e3e00000, 0x00000000ecca0000)
  eden space 8192K,   0% used [0x00000000e3400000, 0x00000000e3400000, 0x00000000e3c00000)
  from space 1024K,  77% used [0x00000000e3d00000, 0x00000000e3dc6b38, 0x00000000e3e00000)
  to   space 1024K,   0% used [0x00000000e3c00000, 0x00000000e3c00000, 0x00000000e3d00000)
 concurrent mark-sweep generation total 50584K, used 30426K [0x00000000ecca0000, 0x00000000efe06000, 0x0000000100000000)
 Metaspace       used 40896K, capacity 42850K, committed 43008K, reserved 1087488K
  class space    used 5133K, capacity 5529K, committed 5632K, reserved 1048576K
}
2020-11-07T20:04:33.980+0800: 27.826: Application time: 0.0025376 seconds
2020-11-07T20:04:33.980+0800: 27.826: [GC (CMS Initial Mark) [1 CMS-initial-mark: 30426K(50584K)] 31570K(59800K), 0.0037420 secs] [Times: user=0.01 sys=0.00, real=0.00 secs] 
2020-11-07T20:04:33.984+0800: 27.829: [CMS-concurrent-mark-start]
2020-11-07T20:04:33.989+0800: 27.834: Application time: 0.0049032 seconds
2020-11-07T20:04:34.008+0800: 27.854: Application time: 0.0192191 seconds
2020-11-07T20:04:34.118+0800: 27.964: Application time: 0.1103922 seconds
{Heap before GC invocations=259 (full 31):
 par new generation   total 9216K, used 8986K [0x00000000e3400000, 0x00000000e3e00000, 0x00000000ecca0000)
  eden space 8192K, 100% used [0x00000000e3400000, 0x00000000e3c00000, 0x00000000e3c00000)
  from space 1024K,  77% used [0x00000000e3d00000, 0x00000000e3dc6b38, 0x00000000e3e00000)
  to   space 1024K,   0% used [0x00000000e3c00000, 0x00000000e3c00000, 0x00000000e3d00000)
 concurrent mark-sweep generation total 50584K, used 30426K [0x00000000ecca0000, 0x00000000efe06000, 0x0000000100000000)
 Metaspace       used 41277K, capacity 43214K, committed 43520K, reserved 1087488K
  class space    used 5178K, capacity 5565K, committed 5632K, reserved 1048576K
2020-11-07T20:04:34.118+0800: 27.964: [GC (Allocation Failure) 2020-11-07T20:04:34.119+0800: 27.964: [ParNew: 8986K->605K(9216K), 0.0364329 secs] 39413K->31187K(59800K), 0.0365090 secs] [Times: user=0.03 sys=0.00, real=0.04 secs] 
Heap after GC invocations=260 (full 31):
 par new generation   total 9216K, used 605K [0x00000000e3400000, 0x00000000e3e00000, 0x00000000ecca0000)
  eden space 8192K,   0% used [0x00000000e3400000, 0x00000000e3400000, 0x00000000e3c00000)
  from space 1024K,  59% used [0x00000000e3c00000, 0x00000000e3c97670, 0x00000000e3d00000)
  to   space 1024K,   0% used [0x00000000e3d00000, 0x00000000e3d00000, 0x00000000e3e00000)
 concurrent mark-sweep generation total 50584K, used 30581K [0x00000000ecca0000, 0x00000000efe06000, 0x0000000100000000)
 Metaspace       used 41277K, capacity 43214K, committed 43520K, reserved 1087488K
  class space    used 5178K, capacity 5565K, committed 5632K, reserved 1048576K
}
2020-11-07T20:04:34.208+0800: 28.053: [CMS-concurrent-mark: 0.179/0.224 secs] [Times: user=0.20 sys=0.01, real=0.23 secs] 
2020-11-07T20:04:34.208+0800: 28.053: [CMS-concurrent-preclean-start]
2020-11-07T20:04:34.218+0800: 28.064: [CMS-concurrent-preclean: 0.010/0.010 secs] [Times: user=0.01 sys=0.00, real=0.01 secs] 
2020-11-07T20:04:34.218+0800: 28.064: [CMS-concurrent-abortable-preclean-start]
2020-11-07T20:04:34.251+0800: 28.096: Application time: 0.0955191 seconds
{Heap before GC invocations=260 (full 31):
 par new generation   total 9216K, used 8782K [0x00000000e3400000, 0x00000000e3e00000, 0x00000000ecca0000)
  eden space 8192K,  99% used [0x00000000e3400000, 0x00000000e3bfc4a0, 0x00000000e3c00000)
  from space 1024K,  59% used [0x00000000e3c00000, 0x00000000e3c97670, 0x00000000e3d00000)
  to   space 1024K,   0% used [0x00000000e3d00000, 0x00000000e3d00000, 0x00000000e3e00000)
 concurrent mark-sweep generation total 50584K, used 30581K [0x00000000ecca0000, 0x00000000efe06000, 0x0000000100000000)
 Metaspace       used 41626K, capacity 43604K, committed 43776K, reserved 1087488K
  class space    used 5201K, capacity 5604K, committed 5632K, reserved 1048576K
2020-11-07T20:04:34.251+0800: 28.097: [GC (Allocation Failure) 2020-11-07T20:04:34.251+0800: 28.097: [ParNew: 8782K->859K(9216K), 0.0118488 secs] 39364K->31441K(59800K), 0.0119189 secs] [Times: user=0.01 sys=0.00, real=0.01 secs] 
Heap after GC invocations=261 (full 31):
 par new generation   total 9216K, used 859K [0x00000000e3400000, 0x00000000e3e00000, 0x00000000ecca0000)
  eden space 8192K,   0% used [0x00000000e3400000, 0x00000000e3400000, 0x00000000e3c00000)
  from space 1024K,  83% used [0x00000000e3d00000, 0x00000000e3dd6c98, 0x00000000e3e00000)
  to   space 1024K,   0% used [0x00000000e3c00000, 0x00000000e3c00000, 0x00000000e3d00000)
 concurrent mark-sweep generation total 50584K, used 30581K [0x00000000ecca0000, 0x00000000efe06000, 0x0000000100000000)
 Metaspace       used 41626K, capacity 43604K, committed 43776K, reserved 1087488K
  class space    used 5201K, capacity 5604K, committed 5632K, reserved 1048576K
}
2020-11-07T20:04:34.363+0800: 28.209: Application time: 0.1000984 seconds
{Heap before GC invocations=261 (full 31):
 par new generation   total 9216K, used 9051K [0x00000000e3400000, 0x00000000e3e00000, 0x00000000ecca0000)
  eden space 8192K, 100% used [0x00000000e3400000, 0x00000000e3c00000, 0x00000000e3c00000)
  from space 1024K,  83% used [0x00000000e3d00000, 0x00000000e3dd6c98, 0x00000000e3e00000)
  to   space 1024K,   0% used [0x00000000e3c00000, 0x00000000e3c00000, 0x00000000e3d00000)
 concurrent mark-sweep generation total 50584K, used 30581K [0x00000000ecca0000, 0x00000000efe06000, 0x0000000100000000)
 Metaspace       used 42113K, capacity 44122K, committed 44416K, reserved 1087488K
  class space    used 5248K, capacity 5669K, committed 5760K, reserved 1048576K
2020-11-07T20:04:34.363+0800: 28.209: [GC (Allocation Failure) 2020-11-07T20:04:34.363+0800: 28.209: [ParNew: 9051K->532K(9216K), 0.0235969 secs] 39633K->31712K(59800K), 0.0236553 secs] [Times: user=0.02 sys=0.00, real=0.03 secs] 
Heap after GC invocations=262 (full 31):
 par new generation   total 9216K, used 532K [0x00000000e3400000, 0x00000000e3e00000, 0x00000000ecca0000)
  eden space 8192K,   0% used [0x00000000e3400000, 0x00000000e3400000, 0x00000000e3c00000)
  from space 1024K,  51% used [0x00000000e3c00000, 0x00000000e3c85080, 0x00000000e3d00000)
  to   space 1024K,   0% used [0x00000000e3d00000, 0x00000000e3d00000, 0x00000000e3e00000)
 concurrent mark-sweep generation total 50584K, used 31179K [0x00000000ecca0000, 0x00000000efe06000, 0x0000000100000000)
 Metaspace       used 42113K, capacity 44122K, committed 44416K, reserved 1087488K
  class space    used 5248K, capacity 5669K, committed 5760K, reserved 1048576K
}
2020-11-07T20:04:34.646+0800: 28.491: Application time: 0.2587886 seconds
2020-11-07T20:04:34.718+0800: 28.564: Application time: 0.0706829 seconds
{Heap before GC invocations=262 (full 31):
 par new generation   total 9216K, used 8724K [0x00000000e3400000, 0x00000000e3e00000, 0x00000000ecca0000)
  eden space 8192K, 100% used [0x00000000e3400000, 0x00000000e3c00000, 0x00000000e3c00000)
  from space 1024K,  51% used [0x00000000e3c00000, 0x00000000e3c85080, 0x00000000e3d00000)
  to   space 1024K,   0% used [0x00000000e3d00000, 0x00000000e3d00000, 0x00000000e3e00000)
 concurrent mark-sweep generation total 50584K, used 31179K [0x00000000ecca0000, 0x00000000efe06000, 0x0000000100000000)
 Metaspace       used 42719K, capacity 44672K, committed 44928K, reserved 1089536K
  class space    used 5305K, capacity 5702K, committed 5760K, reserved 1048576K
2020-11-07T20:04:34.718+0800: 28.564: [GC (Allocation Failure) 2020-11-07T20:04:34.718+0800: 28.564: [ParNew: 8724K->499K(9216K), 0.0256067 secs] 39904K->31679K(59800K), 0.0256746 secs] [Times: user=0.02 sys=0.00, real=0.02 secs] 
Heap after GC invocations=263 (full 31):
 par new generation   total 9216K, used 499K [0x00000000e3400000, 0x00000000e3e00000, 0x00000000ecca0000)
  eden space 8192K,   0% used [0x00000000e3400000, 0x00000000e3400000, 0x00000000e3c00000)
  from space 1024K,  48% used [0x00000000e3d00000, 0x00000000e3d7cf98, 0x00000000e3e00000)
  to   space 1024K,   0% used [0x00000000e3c00000, 0x00000000e3c00000, 0x00000000e3d00000)
 concurrent mark-sweep generation total 50584K, used 31179K [0x00000000ecca0000, 0x00000000efe06000, 0x0000000100000000)
 Metaspace       used 42719K, capacity 44672K, committed 44928K, reserved 1089536K
  class space    used 5305K, capacity 5702K, committed 5760K, reserved 1048576K
}
2020-11-07T20:04:34.787+0800: 28.632: Application time: 0.0424451 seconds
2020-11-07T20:04:34.808+0800: 28.654: Application time: 0.0206588 seconds
{Heap before GC invocations=263 (full 31):
 par new generation   total 9216K, used 8691K [0x00000000e3400000, 0x00000000e3e00000, 0x00000000ecca0000)
  eden space 8192K, 100% used [0x00000000e3400000, 0x00000000e3c00000, 0x00000000e3c00000)
  from space 1024K,  48% used [0x00000000e3d00000, 0x00000000e3d7cf98, 0x00000000e3e00000)
  to   space 1024K,   0% used [0x00000000e3c00000, 0x00000000e3c00000, 0x00000000e3d00000)
 concurrent mark-sweep generation total 50584K, used 31179K [0x00000000ecca0000, 0x00000000efe06000, 0x0000000100000000)
 Metaspace       used 42948K, capacity 44960K, committed 45184K, reserved 1089536K
  class space    used 5337K, capacity 5734K, committed 5760K, reserved 1048576K
2020-11-07T20:04:34.808+0800: 28.654: [GC (Allocation Failure) 2020-11-07T20:04:34.808+0800: 28.654: [ParNew: 8691K->381K(9216K), 0.0049967 secs] 39871K->31561K(59800K), 0.0050486 secs] [Times: user=0.01 sys=0.00, real=0.00 secs] 
Heap after GC invocations=264 (full 31):
 par new generation   total 9216K, used 381K [0x00000000e3400000, 0x00000000e3e00000, 0x00000000ecca0000)
  eden space 8192K,   0% used [0x00000000e3400000, 0x00000000e3400000, 0x00000000e3c00000)
  from space 1024K,  37% used [0x00000000e3c00000, 0x00000000e3c5f6d8, 0x00000000e3d00000)
  to   space 1024K,   0% used [0x00000000e3d00000, 0x00000000e3d00000, 0x00000000e3e00000)
 concurrent mark-sweep generation total 50584K, used 31179K [0x00000000ecca0000, 0x00000000efe06000, 0x0000000100000000)
 Metaspace       used 42948K, capacity 44960K, committed 45184K, reserved 1089536K
  class space    used 5337K, capacity 5734K, committed 5760K, reserved 1048576K
}
2020-11-07T20:04:34.814+0800: 28.660: [CMS-concurrent-abortable-preclean: 0.082/0.596 secs] [Times: user=0.56 sys=0.01, real=0.59 secs] 
2020-11-07T20:04:34.816+0800: 28.662: Application time: 0.0031130 seconds
2020-11-07T20:04:34.817+0800: 28.662: [GC (CMS Final Remark) [YG occupancy: 568 K (9216 K)]2020-11-07T20:04:34.817+0800: 28.662: [Rescan (parallel) , 0.0042929 secs]2020-11-07T20:04:34.821+0800: 28.667: [weak refs processing, 0.0002848 secs]2020-11-07T20:04:34.821+0800: 28.667: [class unloading, 0.0138638 secs]2020-11-07T20:04:34.835+0800: 28.681: [scrub symbol table, 0.0189301 secs]2020-11-07T20:04:34.854+0800: 28.700: [scrub string table, 0.0009544 secs][1 CMS-remark: 31179K(50584K)] 31748K(59800K), 0.0384857 secs] [Times: user=0.03 sys=0.00, real=0.04 secs] 
2020-11-07T20:04:34.861+0800: 28.707: [CMS-concurrent-sweep-start]
2020-11-07T20:04:34.885+0800: 28.730: Application time: 0.0294756 seconds
2020-11-07T20:04:34.889+0800: 28.735: Application time: 0.0043466 seconds
2020-11-07T20:04:34.890+0800: 28.736: [CMS-concurrent-sweep: 0.024/0.029 secs] [Times: user=0.03 sys=0.00, real=0.03 secs] 
2020-11-07T20:04:34.890+0800: 28.736: [CMS-concurrent-reset-start]
2020-11-07T20:04:34.891+0800: 28.737: [CMS-concurrent-reset: 0.001/0.001 secs] [Times: user=0.00 sys=0.00, real=0.00 secs] 
2020-11-07T20:04:35.016+0800: 28.862: Application time: 0.1272805 seconds
{Heap before GC invocations=264 (full 31):
 par new generation   total 9216K, used 8573K [0x00000000e3400000, 0x00000000e3e00000, 0x00000000ecca0000)
  eden space 8192K, 100% used [0x00000000e3400000, 0x00000000e3c00000, 0x00000000e3c00000)
  from space 1024K,  37% used [0x00000000e3c00000, 0x00000000e3c5f6d8, 0x00000000e3d00000)
  to   space 1024K,   0% used [0x00000000e3d00000, 0x00000000e3d00000, 0x00000000e3e00000)
 concurrent mark-sweep generation total 51708K, used 31023K [0x00000000ecca0000, 0x00000000eff1f000, 0x0000000100000000)
 Metaspace       used 43177K, capacity 45192K, committed 45568K, reserved 1089536K
  class space    used 5368K, capacity 5768K, committed 5888K, reserved 1048576K
2020-11-07T20:04:35.017+0800: 28.862: [GC (Allocation Failure) 2020-11-07T20:04:35.017+0800: 28.862: [ParNew: 8573K->755K(9216K), 0.0195976 secs] 39597K->31779K(60924K), 0.0196692 secs] [Times: user=0.02 sys=0.00, real=0.02 secs] 
Heap after GC invocations=265 (full 31):
 par new generation   total 9216K, used 755K [0x00000000e3400000, 0x00000000e3e00000, 0x00000000ecca0000)
  eden space 8192K,   0% used [0x00000000e3400000, 0x00000000e3400000, 0x00000000e3c00000)
  from space 1024K,  73% used [0x00000000e3d00000, 0x00000000e3dbcd88, 0x00000000e3e00000)
  to   space 1024K,   0% used [0x00000000e3c00000, 0x00000000e3c00000, 0x00000000e3d00000)
 concurrent mark-sweep generation total 51708K, used 31023K [0x00000000ecca0000, 0x00000000eff1f000, 0x0000000100000000)
 Metaspace       used 43177K, capacity 45192K, committed 45568K, reserved 1089536K
  class space    used 5368K, capacity 5768K, committed 5888K, reserved 1048576K
}
2020-11-07T20:04:35.147+0800: 28.993: Application time: 0.1103890 seconds
{Heap before GC invocations=265 (full 31):
 par new generation   total 9216K, used 8947K [0x00000000e3400000, 0x00000000e3e00000, 0x00000000ecca0000)
  eden space 8192K, 100% used [0x00000000e3400000, 0x00000000e3c00000, 0x00000000e3c00000)
  from space 1024K,  73% used [0x00000000e3d00000, 0x00000000e3dbcd88, 0x00000000e3e00000)
  to   space 1024K,   0% used [0x00000000e3c00000, 0x00000000e3c00000, 0x00000000e3d00000)
 concurrent mark-sweep generation total 51708K, used 31023K [0x00000000ecca0000, 0x00000000eff1f000, 0x0000000100000000)
 Metaspace       used 43367K, capacity 45340K, committed 45568K, reserved 1089536K
  class space    used 5393K, capacity 5776K, committed 5888K, reserved 1048576K
2020-11-07T20:04:35.147+0800: 28.993: [GC (Allocation Failure) 2020-11-07T20:04:35.147+0800: 28.993: [ParNew: 8947K->959K(9216K), 0.0279414 secs] 39971K->32190K(60924K), 0.0280003 secs] [Times: user=0.02 sys=0.00, real=0.03 secs] 
Heap after GC invocations=266 (full 31):
 par new generation   total 9216K, used 959K [0x00000000e3400000, 0x00000000e3e00000, 0x00000000ecca0000)
  eden space 8192K,   0% used [0x00000000e3400000, 0x00000000e3400000, 0x00000000e3c00000)
  from space 1024K,  93% used [0x00000000e3c00000, 0x00000000e3cefea8, 0x00000000e3d00000)
  to   space 1024K,   0% used [0x00000000e3d00000, 0x00000000e3d00000, 0x00000000e3e00000)
 concurrent mark-sweep generation total 51708K, used 31230K [0x00000000ecca0000, 0x00000000eff1f000, 0x0000000100000000)
 Metaspace       used 43367K, capacity 45340K, committed 45568K, reserved 1089536K
  class space    used 5393K, capacity 5776K, committed 5888K, reserved 1048576K
}
2020-11-07T20:04:35.183+0800: 29.028: Application time: 0.0075560 seconds
2020-11-07T20:04:35.183+0800: 29.029: [GC (CMS Initial Mark) [1 CMS-initial-mark: 31230K(51708K)] 32540K(60924K), 0.0047181 secs] [Times: user=0.00 sys=0.00, real=0.01 secs] 
2020-11-07T20:04:35.192+0800: 29.038: [CMS-concurrent-mark-start]
2020-11-07T20:04:35.234+0800: 29.080: Application time: 0.0463750 seconds
2020-11-07T20:04:35.255+0800: 29.100: Application time: 0.0082357 seconds
2020-11-07T20:04:35.296+0800: 29.142: Application time: 0.0409336 seconds
2020-11-07T20:04:35.308+0800: 29.153: Application time: 0.0000532 seconds
2020-11-07T20:04:35.313+0800: 29.159: Application time: 0.0049493 seconds
{Heap before GC invocations=266 (full 32):
 par new generation   total 9216K, used 9151K [0x00000000e3400000, 0x00000000e3e00000, 0x00000000ecca0000)
  eden space 8192K, 100% used [0x00000000e3400000, 0x00000000e3c00000, 0x00000000e3c00000)
  from space 1024K,  93% used [0x00000000e3c00000, 0x00000000e3cefea8, 0x00000000e3d00000)
  to   space 1024K,   0% used [0x00000000e3d00000, 0x00000000e3d00000, 0x00000000e3e00000)
 concurrent mark-sweep generation total 51708K, used 31230K [0x00000000ecca0000, 0x00000000eff1f000, 0x0000000100000000)
 Metaspace       used 43447K, capacity 45448K, committed 45568K, reserved 1089536K
  class space    used 5404K, capacity 5810K, committed 5888K, reserved 1048576K
2020-11-07T20:04:35.313+0800: 29.159: [GC (Allocation Failure) 2020-11-07T20:04:35.313+0800: 29.159: [ParNew: 9151K->755K(9216K), 0.0322732 secs] 40382K->32321K(60924K), 0.0323386 secs] [Times: user=0.03 sys=0.00, real=0.04 secs] 
Heap after GC invocations=267 (full 32):
 par new generation   total 9216K, used 755K [0x00000000e3400000, 0x00000000e3e00000, 0x00000000ecca0000)
  eden space 8192K,   0% used [0x00000000e3400000, 0x00000000e3400000, 0x00000000e3c00000)
  from space 1024K,  73% used [0x00000000e3d00000, 0x00000000e3dbcff8, 0x00000000e3e00000)
  to   space 1024K,   0% used [0x00000000e3c00000, 0x00000000e3c00000, 0x00000000e3d00000)
 concurrent mark-sweep generation total 51708K, used 31565K [0x00000000ecca0000, 0x00000000eff1f000, 0x0000000100000000)
 Metaspace       used 43447K, capacity 45448K, committed 45568K, reserved 1089536K
  class space    used 5404K, capacity 5810K, committed 5888K, reserved 1048576K
}
2020-11-07T20:04:35.354+0800: 29.200: Application time: 0.0086878 seconds
{Heap before GC invocations=267 (full 32):
 par new generation   total 9216K, used 8924K [0x00000000e3400000, 0x00000000e3e00000, 0x00000000ecca0000)
  eden space 8192K,  99% used [0x00000000e3400000, 0x00000000e3bfa318, 0x00000000e3c00000)
  from space 1024K,  73% used [0x00000000e3d00000, 0x00000000e3dbcff8, 0x00000000e3e00000)
  to   space 1024K,   0% used [0x00000000e3c00000, 0x00000000e3c00000, 0x00000000e3d00000)
 concurrent mark-sweep generation total 51708K, used 31565K [0x00000000ecca0000, 0x00000000eff1f000, 0x0000000100000000)
 Metaspace       used 43450K, capacity 45448K, committed 45568K, reserved 1089536K
  class space    used 5404K, capacity 5810K, committed 5888K, reserved 1048576K
2020-11-07T20:04:35.354+0800: 29.200: [GC (Allocation Failure) 2020-11-07T20:04:35.354+0800: 29.200: [ParNew: 8924K->452K(9216K), 0.0120936 secs] 40490K->32289K(60924K), 0.0121544 secs] [Times: user=0.01 sys=0.01, real=0.02 secs] 
Heap after GC invocations=268 (full 32):
 par new generation   total 9216K, used 452K [0x00000000e3400000, 0x00000000e3e00000, 0x00000000ecca0000)
  eden space 8192K,   0% used [0x00000000e3400000, 0x00000000e3400000, 0x00000000e3c00000)
  from space 1024K,  44% used [0x00000000e3c00000, 0x00000000e3c713c8, 0x00000000e3d00000)
  to   space 1024K,   0% used [0x00000000e3d00000, 0x00000000e3d00000, 0x00000000e3e00000)
 concurrent mark-sweep generation total 51708K, used 31836K [0x00000000ecca0000, 0x00000000eff1f000, 0x0000000100000000)
 Metaspace       used 43450K, capacity 45448K, committed 45568K, reserved 1089536K
  class space    used 5404K, capacity 5810K, committed 5888K, reserved 1048576K
}
2020-11-07T20:04:35.374+0800: 29.220: Application time: 0.0075663 seconds
{Heap before GC invocations=268 (full 32):
 par new generation   total 9216K, used 8620K [0x00000000e3400000, 0x00000000e3e00000, 0x00000000ecca0000)
  eden space 8192K,  99% used [0x00000000e3400000, 0x00000000e3bf9f08, 0x00000000e3c00000)
  from space 1024K,  44% used [0x00000000e3c00000, 0x00000000e3c713c8, 0x00000000e3d00000)
  to   space 1024K,   0% used [0x00000000e3d00000, 0x00000000e3d00000, 0x00000000e3e00000)
 concurrent mark-sweep generation total 51708K, used 31836K [0x00000000ecca0000, 0x00000000eff1f000, 0x0000000100000000)
 Metaspace       used 43451K, capacity 45448K, committed 45568K, reserved 1089536K
  class space    used 5404K, capacity 5810K, committed 5888K, reserved 1048576K
2020-11-07T20:04:35.374+0800: 29.220: [GC (Allocation Failure) 2020-11-07T20:04:35.374+0800: 29.220: [ParNew: 8620K->378K(9216K), 0.0045893 secs] 40457K->32215K(60924K), 0.0046396 secs] [Times: user=0.00 sys=0.00, real=0.01 secs] 
Heap after GC invocations=269 (full 32):
 par new generation   total 9216K, used 378K [0x00000000e3400000, 0x00000000e3e00000, 0x00000000ecca0000)
  eden space 8192K,   0% used [0x00000000e3400000, 0x00000000e3400000, 0x00000000e3c00000)
  from space 1024K,  36% used [0x00000000e3d00000, 0x00000000e3d5eaa0, 0x00000000e3e00000)
  to   space 1024K,   0% used [0x00000000e3c00000, 0x00000000e3c00000, 0x00000000e3d00000)
 concurrent mark-sweep generation total 51708K, used 31836K [0x00000000ecca0000, 0x00000000eff1f000, 0x0000000100000000)
 Metaspace       used 43451K, capacity 45448K, committed 45568K, reserved 1089536K
  class space    used 5404K, capacity 5810K, committed 5888K, reserved 1048576K
}
2020-11-07T20:04:35.383+0800: 29.228: Application time: 0.0036982 seconds
{Heap before GC invocations=269 (full 32):
 par new generation   total 9216K, used 8563K [0x00000000e3400000, 0x00000000e3e00000, 0x00000000ecca0000)
  eden space 8192K,  99% used [0x00000000e3400000, 0x00000000e3bfe330, 0x00000000e3c00000)
  from space 1024K,  36% used [0x00000000e3d00000, 0x00000000e3d5eaa0, 0x00000000e3e00000)
  to   space 1024K,   0% used [0x00000000e3c00000, 0x00000000e3c00000, 0x00000000e3d00000)
 concurrent mark-sweep generation total 51708K, used 31836K [0x00000000ecca0000, 0x00000000eff1f000, 0x0000000100000000)
 Metaspace       used 43455K, capacity 45512K, committed 45824K, reserved 1089536K
  class space    used 5404K, capacity 5810K, committed 5888K, reserved 1048576K
2020-11-07T20:04:35.383+0800: 29.229: [GC (Allocation Failure) 2020-11-07T20:04:35.383+0800: 29.229: [ParNew: 8563K->410K(9216K), 0.0047919 secs] 40399K->32246K(60924K), 0.0048349 secs] [Times: user=0.00 sys=0.00, real=0.01 secs] 
Heap after GC invocations=270 (full 32):
 par new generation   total 9216K, used 410K [0x00000000e3400000, 0x00000000e3e00000, 0x00000000ecca0000)
  eden space 8192K,   0% used [0x00000000e3400000, 0x00000000e3400000, 0x00000000e3c00000)
  from space 1024K,  40% used [0x00000000e3c00000, 0x00000000e3c668d8, 0x00000000e3d00000)
  to   space 1024K,   0% used [0x00000000e3d00000, 0x00000000e3d00000, 0x00000000e3e00000)
 concurrent mark-sweep generation total 51708K, used 31836K [0x00000000ecca0000, 0x00000000eff1f000, 0x0000000100000000)
 Metaspace       used 43455K, capacity 45512K, committed 45824K, reserved 1089536K
  class space    used 5404K, capacity 5810K, committed 5888K, reserved 1048576K
}
2020-11-07T20:04:35.471+0800: 29.317: [CMS-concurrent-mark: 0.190/0.279 secs] [Times: user=0.26 sys=0.01, real=0.28 secs] 
2020-11-07T20:04:35.471+0800: 29.317: [CMS-concurrent-preclean-start]
2020-11-07T20:04:35.482+0800: 29.327: Application time: 0.0939302 seconds
{Heap before GC invocations=270 (full 32):
 par new generation   total 9216K, used 8602K [0x00000000e3400000, 0x00000000e3e00000, 0x00000000ecca0000)
  eden space 8192K, 100% used [0x00000000e3400000, 0x00000000e3c00000, 0x00000000e3c00000)
  from space 1024K,  40% used [0x00000000e3c00000, 0x00000000e3c668d8, 0x00000000e3d00000)
  to   space 1024K,   0% used [0x00000000e3d00000, 0x00000000e3d00000, 0x00000000e3e00000)
 concurrent mark-sweep generation total 51708K, used 31836K [0x00000000ecca0000, 0x00000000eff1f000, 0x0000000100000000)
 Metaspace       used 43550K, capacity 45582K, committed 45824K, reserved 1089536K
  class space    used 5417K, capacity 5811K, committed 5888K, reserved 1048576K
2020-11-07T20:04:35.482+0800: 29.328: [GC (Allocation Failure) 2020-11-07T20:04:35.482+0800: 29.328: [ParNew: 8602K->626K(9216K), 0.0164233 secs] 40438K->32462K(60924K), 0.0165009 secs] [Times: user=0.01 sys=0.00, real=0.02 secs] 
Heap after GC invocations=271 (full 32):
 par new generation   total 9216K, used 626K [0x00000000e3400000, 0x00000000e3e00000, 0x00000000ecca0000)
  eden space 8192K,   0% used [0x00000000e3400000, 0x00000000e3400000, 0x00000000e3c00000)
  from space 1024K,  61% used [0x00000000e3d00000, 0x00000000e3d9c840, 0x00000000e3e00000)
  to   space 1024K,   0% used [0x00000000e3c00000, 0x00000000e3c00000, 0x00000000e3d00000)
 concurrent mark-sweep generation total 51708K, used 31836K [0x00000000ecca0000, 0x00000000eff1f000, 0x0000000100000000)
 Metaspace       used 43550K, capacity 45582K, committed 45824K, reserved 1089536K
  class space    used 5417K, capacity 5811K, committed 5888K, reserved 1048576K
}
2020-11-07T20:04:35.506+0800: 29.352: [CMS-concurrent-preclean: 0.013/0.035 secs] [Times: user=0.03 sys=0.00, real=0.04 secs] 
2020-11-07T20:04:35.514+0800: 29.360: Application time: 0.0156052 seconds
2020-11-07T20:04:35.515+0800: 29.361: [GC (CMS Final Remark) [YG occupancy: 4009 K (9216 K)]2020-11-07T20:04:35.515+0800: 29.361: [Rescan (parallel) , 0.0073434 secs]2020-11-07T20:04:35.522+0800: 29.368: [weak refs processing, 0.0002731 secs]2020-11-07T20:04:35.522+0800: 29.368: [class unloading, 0.0140482 secs]2020-11-07T20:04:35.536+0800: 29.382: [scrub symbol table, 0.0195202 secs]2020-11-07T20:04:35.556+0800: 29.402: [scrub string table, 0.0016587 secs][1 CMS-remark: 31836K(51708K)] 35845K(60924K), 0.0430703 secs] [Times: user=0.04 sys=0.00, real=0.04 secs] 
2020-11-07T20:04:35.568+0800: 29.413: [CMS-concurrent-sweep-start]
2020-11-07T20:04:35.578+0800: 29.423: Application time: 0.0197290 seconds
{Heap before GC invocations=271 (full 32):
 par new generation   total 9216K, used 8818K [0x00000000e3400000, 0x00000000e3e00000, 0x00000000ecca0000)
  eden space 8192K, 100% used [0x00000000e3400000, 0x00000000e3c00000, 0x00000000e3c00000)
  from space 1024K,  61% used [0x00000000e3d00000, 0x00000000e3d9c840, 0x00000000e3e00000)
  to   space 1024K,   0% used [0x00000000e3c00000, 0x00000000e3c00000, 0x00000000e3d00000)
 concurrent mark-sweep generation total 51708K, used 31822K [0x00000000ecca0000, 0x00000000eff1f000, 0x0000000100000000)
 Metaspace       used 43550K, capacity 45582K, committed 45824K, reserved 1089536K
  class space    used 5417K, capacity 5811K, committed 5888K, reserved 1048576K
2020-11-07T20:04:35.578+0800: 29.424: [GC (Allocation Failure) 2020-11-07T20:04:35.578+0800: 29.424: [ParNew: 8818K->316K(9216K), 0.0160260 secs] 40640K->32344K(60924K), 0.0161054 secs] [Times: user=0.01 sys=0.00, real=0.01 secs] 
Heap after GC invocations=272 (full 32):
 par new generation   total 9216K, used 316K [0x00000000e3400000, 0x00000000e3e00000, 0x00000000ecca0000)
  eden space 8192K,   0% used [0x00000000e3400000, 0x00000000e3400000, 0x00000000e3c00000)
  from space 1024K,  30% used [0x00000000e3c00000, 0x00000000e3c4f020, 0x00000000e3d00000)
  to   space 1024K,   0% used [0x00000000e3d00000, 0x00000000e3d00000, 0x00000000e3e00000)
 concurrent mark-sweep generation total 51708K, used 32028K [0x00000000ecca0000, 0x00000000eff1f000, 0x0000000100000000)
 Metaspace       used 43550K, capacity 45582K, committed 45824K, reserved 1089536K
  class space    used 5417K, capacity 5811K, committed 5888K, reserved 1048576K
}
2020-11-07T20:04:35.637+0800: 29.482: [CMS-concurrent-sweep: 0.050/0.069 secs] [Times: user=0.06 sys=0.00, real=0.07 secs] 
2020-11-07T20:04:35.637+0800: 29.483: [CMS-concurrent-reset-start]
2020-11-07T20:04:35.656+0800: 29.501: [CMS-concurrent-reset: 0.019/0.019 secs] [Times: user=0.02 sys=0.00, real=0.02 secs] 
2020-11-07T20:04:35.674+0800: 29.519: Application time: 0.0795972 seconds
{Heap before GC invocations=272 (full 32):
 par new generation   total 9216K, used 8508K [0x00000000e3400000, 0x00000000e3e00000, 0x00000000ecca0000)
  eden space 8192K, 100% used [0x00000000e3400000, 0x00000000e3c00000, 0x00000000e3c00000)
  from space 1024K,  30% used [0x00000000e3c00000, 0x00000000e3c4f020, 0x00000000e3d00000)
  to   space 1024K,   0% used [0x00000000e3d00000, 0x00000000e3d00000, 0x00000000e3e00000)
 concurrent mark-sweep generation total 53140K, used 31881K [0x00000000ecca0000, 0x00000000f0085000, 0x0000000100000000)
 Metaspace       used 43591K, capacity 45576K, committed 45824K, reserved 1089536K
  class space    used 5422K, capacity 5810K, committed 5888K, reserved 1048576K
2020-11-07T20:04:35.674+0800: 29.520: [GC (Allocation Failure) 2020-11-07T20:04:35.674+0800: 29.520: [ParNew: 8508K->599K(9216K), 0.0182270 secs] 40389K->32481K(62356K), 0.0183317 secs] [Times: user=0.01 sys=0.00, real=0.02 secs] 
Heap after GC invocations=273 (full 32):
 par new generation   total 9216K, used 599K [0x00000000e3400000, 0x00000000e3e00000, 0x00000000ecca0000)
  eden space 8192K,   0% used [0x00000000e3400000, 0x00000000e3400000, 0x00000000e3c00000)
  from space 1024K,  58% used [0x00000000e3d00000, 0x00000000e3d95ee8, 0x00000000e3e00000)
  to   space 1024K,   0% used [0x00000000e3c00000, 0x00000000e3c00000, 0x00000000e3d00000)
 concurrent mark-sweep generation total 53140K, used 31881K [0x00000000ecca0000, 0x00000000f0085000, 0x0000000100000000)
 Metaspace       used 43591K, capacity 45576K, committed 45824K, reserved 1089536K
  class space    used 5422K, capacity 5810K, committed 5888K, reserved 1048576K
}
2020-11-07T20:04:35.707+0800: 29.552: Application time: 0.0144197 seconds
{Heap before GC invocations=273 (full 32):
 par new generation   total 9216K, used 8791K [0x00000000e3400000, 0x00000000e3e00000, 0x00000000ecca0000)
  eden space 8192K,  99% used [0x00000000e3400000, 0x00000000e3bfff78, 0x00000000e3c00000)
  from space 1024K,  58% used [0x00000000e3d00000, 0x00000000e3d95ee8, 0x00000000e3e00000)
  to   space 1024K,   0% used [0x00000000e3c00000, 0x00000000e3c00000, 0x00000000e3d00000)
 concurrent mark-sweep generation total 53140K, used 31881K [0x00000000ecca0000, 0x00000000f0085000, 0x0000000100000000)
 Metaspace       used 43600K, capacity 45576K, committed 45824K, reserved 1089536K
  class space    used 5423K, capacity 5810K, committed 5888K, reserved 1048576K
2020-11-07T20:04:35.707+0800: 29.553: [GC (Allocation Failure) 2020-11-07T20:04:35.707+0800: 29.553: [ParNew: 8791K->430K(9216K), 0.0162777 secs] 40673K->32457K(62356K), 0.0163458 secs] [Times: user=0.01 sys=0.00, real=0.01 secs] 
Heap after GC invocations=274 (full 32):
 par new generation   total 9216K, used 430K [0x00000000e3400000, 0x00000000e3e00000, 0x00000000ecca0000)
  eden space 8192K,   0% used [0x00000000e3400000, 0x00000000e3400000, 0x00000000e3c00000)
  from space 1024K,  42% used [0x00000000e3c00000, 0x00000000e3c6b898, 0x00000000e3d00000)
  to   space 1024K,   0% used [0x00000000e3d00000, 0x00000000e3d00000, 0x00000000e3e00000)
 concurrent mark-sweep generation total 53140K, used 32027K [0x00000000ecca0000, 0x00000000f0085000, 0x0000000100000000)
 Metaspace       used 43600K, capacity 45576K, committed 45824K, reserved 1089536K
  class space    used 5423K, capacity 5810K, committed 5888K, reserved 1048576K
}
2020-11-07T20:04:35.726+0800: 29.572: Application time: 0.0025455 seconds
{Heap before GC invocations=274 (full 32):
 par new generation   total 9216K, used 8589K [0x00000000e3400000, 0x00000000e3e00000, 0x00000000ecca0000)
  eden space 8192K,  99% used [0x00000000e3400000, 0x00000000e3bf7ba0, 0x00000000e3c00000)
  from space 1024K,  42% used [0x00000000e3c00000, 0x00000000e3c6b898, 0x00000000e3d00000)
  to   space 1024K,   0% used [0x00000000e3d00000, 0x00000000e3d00000, 0x00000000e3e00000)
 concurrent mark-sweep generation total 53140K, used 32027K [0x00000000ecca0000, 0x00000000f0085000, 0x0000000100000000)
 Metaspace       used 43600K, capacity 45576K, committed 45824K, reserved 1089536K
  class space    used 5423K, capacity 5810K, committed 5888K, reserved 1048576K
2020-11-07T20:04:35.726+0800: 29.572: [GC (Allocation Failure) 2020-11-07T20:04:35.726+0800: 29.572: [ParNew: 8589K->424K(9216K), 0.0123118 secs] 40616K->32451K(62356K), 0.0123688 secs] [Times: user=0.01 sys=0.00, real=0.01 secs] 
Heap after GC invocations=275 (full 32):
 par new generation   total 9216K, used 424K [0x00000000e3400000, 0x00000000e3e00000, 0x00000000ecca0000)
  eden space 8192K,   0% used [0x00000000e3400000, 0x00000000e3400000, 0x00000000e3c00000)
  from space 1024K,  41% used [0x00000000e3d00000, 0x00000000e3d6a190, 0x00000000e3e00000)
  to   space 1024K,   0% used [0x00000000e3c00000, 0x00000000e3c00000, 0x00000000e3d00000)
 concurrent mark-sweep generation total 53140K, used 32027K [0x00000000ecca0000, 0x00000000f0085000, 0x0000000100000000)
 Metaspace       used 43600K, capacity 45576K, committed 45824K, reserved 1089536K
  class space    used 5423K, capacity 5810K, committed 5888K, reserved 1048576K
}
2020-11-07T20:04:35.746+0800: 29.592: Application time: 0.0073844 seconds
{Heap before GC invocations=275 (full 32):
 par new generation   total 9216K, used 8579K [0x00000000e3400000, 0x00000000e3e00000, 0x00000000ecca0000)
  eden space 8192K,  99% used [0x00000000e3400000, 0x00000000e3bf6d98, 0x00000000e3c00000)
  from space 1024K,  41% used [0x00000000e3d00000, 0x00000000e3d6a190, 0x00000000e3e00000)
  to   space 1024K,   0% used [0x00000000e3c00000, 0x00000000e3c00000, 0x00000000e3d00000)
 concurrent mark-sweep generation total 53140K, used 32027K [0x00000000ecca0000, 0x00000000f0085000, 0x0000000100000000)
 Metaspace       used 43600K, capacity 45576K, committed 45824K, reserved 1089536K
  class space    used 5423K, capacity 5810K, committed 5888K, reserved 1048576K
2020-11-07T20:04:35.746+0800: 29.592: [GC (Allocation Failure) 2020-11-07T20:04:35.746+0800: 29.592: [ParNew: 8579K->376K(9216K), 0.0186380 secs] 40607K->32403K(62356K), 0.0187038 secs] [Times: user=0.02 sys=0.01, real=0.02 secs] 
Heap after GC invocations=276 (full 32):
 par new generation   total 9216K, used 376K [0x00000000e3400000, 0x00000000e3e00000, 0x00000000ecca0000)
  eden space 8192K,   0% used [0x00000000e3400000, 0x00000000e3400000, 0x00000000e3c00000)
  from space 1024K,  36% used [0x00000000e3c00000, 0x00000000e3c5e260, 0x00000000e3d00000)
  to   space 1024K,   0% used [0x00000000e3d00000, 0x00000000e3d00000, 0x00000000e3e00000)
 concurrent mark-sweep generation total 53140K, used 32027K [0x00000000ecca0000, 0x00000000f0085000, 0x0000000100000000)
 Metaspace       used 43600K, capacity 45576K, committed 45824K, reserved 1089536K
  class space    used 5423K, capacity 5810K, committed 5888K, reserved 1048576K
}
2020-11-07T20:04:35.770+0800: 29.616: Application time: 0.0054546 seconds
2020-11-07T20:04:35.770+0800: 29.616: [GC (CMS Initial Mark) [1 CMS-initial-mark: 32027K(53140K)] 38606K(62356K), 0.0031653 secs] [Times: user=0.01 sys=0.00, real=0.00 secs] 
2020-11-07T20:04:35.773+0800: 29.619: [CMS-concurrent-mark-start]
2020-11-07T20:04:35.836+0800: 29.682: Application time: 0.0630443 seconds
{Heap before GC invocations=276 (full 33):
 par new generation   total 9216K, used 8568K [0x00000000e3400000, 0x00000000e3e00000, 0x00000000ecca0000)
  eden space 8192K, 100% used [0x00000000e3400000, 0x00000000e3c00000, 0x00000000e3c00000)
  from space 1024K,  36% used [0x00000000e3c00000, 0x00000000e3c5e260, 0x00000000e3d00000)
  to   space 1024K,   0% used [0x00000000e3d00000, 0x00000000e3d00000, 0x00000000e3e00000)
 concurrent mark-sweep generation total 53140K, used 32027K [0x00000000ecca0000, 0x00000000f0085000, 0x0000000100000000)
 Metaspace       used 43731K, capacity 45744K, committed 45824K, reserved 1089536K
  class space    used 5434K, capacity 5844K, committed 5888K, reserved 1048576K
2020-11-07T20:04:35.837+0800: 29.682: [GC (Allocation Failure) 2020-11-07T20:04:35.837+0800: 29.683: [ParNew: 8568K->725K(9216K), 0.0223799 secs] 40595K->32753K(62356K), 0.0224615 secs] [Times: user=0.02 sys=0.00, real=0.02 secs] 
Heap after GC invocations=277 (full 33):
 par new generation   total 9216K, used 725K [0x00000000e3400000, 0x00000000e3e00000, 0x00000000ecca0000)
  eden space 8192K,   0% used [0x00000000e3400000, 0x00000000e3400000, 0x00000000e3c00000)
  from space 1024K,  70% used [0x00000000e3d00000, 0x00000000e3db56f8, 0x00000000e3e00000)
  to   space 1024K,   0% used [0x00000000e3c00000, 0x00000000e3c00000, 0x00000000e3d00000)
 concurrent mark-sweep generation total 53140K, used 32027K [0x00000000ecca0000, 0x00000000f0085000, 0x0000000100000000)
 Metaspace       used 43731K, capacity 45744K, committed 45824K, reserved 1089536K
  class space    used 5434K, capacity 5844K, committed 5888K, reserved 1048576K
}
2020-11-07T20:04:35.980+0800: 29.826: Application time: 0.1208874 seconds
{Heap before GC invocations=277 (full 33):
 par new generation   total 9216K, used 8917K [0x00000000e3400000, 0x00000000e3e00000, 0x00000000ecca0000)
  eden space 8192K, 100% used [0x00000000e3400000, 0x00000000e3c00000, 0x00000000e3c00000)
  from space 1024K,  70% used [0x00000000e3d00000, 0x00000000e3db56f8, 0x00000000e3e00000)
  to   space 1024K,   0% used [0x00000000e3c00000, 0x00000000e3c00000, 0x00000000e3d00000)
 concurrent mark-sweep generation total 53140K, used 32027K [0x00000000ecca0000, 0x00000000f0085000, 0x0000000100000000)
 Metaspace       used 44104K, capacity 46070K, committed 46336K, reserved 1089536K
  class space    used 5459K, capacity 5845K, committed 5888K, reserved 1048576K
2020-11-07T20:04:35.980+0800: 29.826: [GC (Allocation Failure) 2020-11-07T20:04:35.980+0800: 29.826: [ParNew: 8917K->755K(9216K), 0.0168048 secs] 40945K->33016K(62356K), 0.0168698 secs] [Times: user=0.02 sys=0.00, real=0.02 secs] 
Heap after GC invocations=278 (full 33):
 par new generation   total 9216K, used 755K [0x00000000e3400000, 0x00000000e3e00000, 0x00000000ecca0000)
  eden space 8192K,   0% used [0x00000000e3400000, 0x00000000e3400000, 0x00000000e3c00000)
  from space 1024K,  73% used [0x00000000e3c00000, 0x00000000e3cbcf00, 0x00000000e3d00000)
  to   space 1024K,   0% used [0x00000000e3d00000, 0x00000000e3d00000, 0x00000000e3e00000)
 concurrent mark-sweep generation total 53140K, used 32260K [0x00000000ecca0000, 0x00000000f0085000, 0x0000000100000000)
 Metaspace       used 44104K, capacity 46070K, committed 46336K, reserved 1089536K
  class space    used 5459K, capacity 5845K, committed 5888K, reserved 1048576K
}
2020-11-07T20:04:36.055+0800: 29.901: [CMS-concurrent-mark: 0.234/0.281 secs] [Times: user=0.26 sys=0.00, real=0.29 secs] 
2020-11-07T20:04:36.055+0800: 29.901: [CMS-concurrent-preclean-start]
2020-11-07T20:04:36.058+0800: 29.904: [CMS-concurrent-preclean: 0.003/0.003 secs] [Times: user=0.00 sys=0.00, real=0.00 secs] 
2020-11-07T20:04:36.059+0800: 29.904: [CMS-concurrent-abortable-preclean-start]
2020-11-07T20:04:36.093+0800: 29.939: Application time: 0.0956145 seconds
{Heap before GC invocations=278 (full 33):
 par new generation   total 9216K, used 8947K [0x00000000e3400000, 0x00000000e3e00000, 0x00000000ecca0000)
  eden space 8192K, 100% used [0x00000000e3400000, 0x00000000e3c00000, 0x00000000e3c00000)
  from space 1024K,  73% used [0x00000000e3c00000, 0x00000000e3cbcf00, 0x00000000e3d00000)
  to   space 1024K,   0% used [0x00000000e3d00000, 0x00000000e3d00000, 0x00000000e3e00000)
 concurrent mark-sweep generation total 53140K, used 32260K [0x00000000ecca0000, 0x00000000f0085000, 0x0000000100000000)
 Metaspace       used 44388K, capacity 46358K, committed 46592K, reserved 1089536K
  class space    used 5484K, capacity 5877K, committed 5888K, reserved 1048576K
2020-11-07T20:04:36.093+0800: 29.939: [GC (Allocation Failure) 2020-11-07T20:04:36.093+0800: 29.939: [ParNew: 8947K->470K(9216K), 0.0176640 secs] 41208K->32993K(62356K), 0.0177350 secs] [Times: user=0.02 sys=0.00, real=0.02 secs] 
Heap after GC invocations=279 (full 33):
 par new generation   total 9216K, used 470K [0x00000000e3400000, 0x00000000e3e00000, 0x00000000ecca0000)
  eden space 8192K,   0% used [0x00000000e3400000, 0x00000000e3400000, 0x00000000e3c00000)
  from space 1024K,  45% used [0x00000000e3d00000, 0x00000000e3d758a0, 0x00000000e3e00000)
  to   space 1024K,   0% used [0x00000000e3c00000, 0x00000000e3c00000, 0x00000000e3d00000)
 concurrent mark-sweep generation total 53140K, used 32522K [0x00000000ecca0000, 0x00000000f0085000, 0x0000000100000000)
 Metaspace       used 44388K, capacity 46358K, committed 46592K, reserved 1089536K
  class space    used 5484K, capacity 5877K, committed 5888K, reserved 1048576K
}
2020-11-07T20:04:36.167+0800: 30.013: Application time: 0.0563452 seconds
{Heap before GC invocations=279 (full 33):
 par new generation   total 9216K, used 8662K [0x00000000e3400000, 0x00000000e3e00000, 0x00000000ecca0000)
  eden space 8192K, 100% used [0x00000000e3400000, 0x00000000e3c00000, 0x00000000e3c00000)
  from space 1024K,  45% used [0x00000000e3d00000, 0x00000000e3d758a0, 0x00000000e3e00000)
  to   space 1024K,   0% used [0x00000000e3c00000, 0x00000000e3c00000, 0x00000000e3d00000)
 concurrent mark-sweep generation total 53140K, used 32522K [0x00000000ecca0000, 0x00000000f0085000, 0x0000000100000000)
 Metaspace       used 44673K, capacity 46680K, committed 46976K, reserved 1089536K
  class space    used 5544K, capacity 5942K, committed 6016K, reserved 1048576K
2020-11-07T20:04:36.167+0800: 30.013: [GC (Allocation Failure) 2020-11-07T20:04:36.167+0800: 30.013: [ParNew: 8662K->583K(9216K), 0.0354967 secs] 41185K->33106K(62356K), 0.0355532 secs] [Times: user=0.03 sys=0.00, real=0.03 secs] 
Heap after GC invocations=280 (full 33):
 par new generation   total 9216K, used 583K [0x00000000e3400000, 0x00000000e3e00000, 0x00000000ecca0000)
  eden space 8192K,   0% used [0x00000000e3400000, 0x00000000e3400000, 0x00000000e3c00000)
  from space 1024K,  56% used [0x00000000e3c00000, 0x00000000e3c91cc8, 0x00000000e3d00000)
  to   space 1024K,   0% used [0x00000000e3d00000, 0x00000000e3d00000, 0x00000000e3e00000)
 concurrent mark-sweep generation total 53140K, used 32522K [0x00000000ecca0000, 0x00000000f0085000, 0x0000000100000000)
 Metaspace       used 44673K, capacity 46680K, committed 46976K, reserved 1089536K
  class space    used 5544K, capacity 5942K, committed 6016K, reserved 1048576K
}
2020-11-07T20:04:36.253+0800: 30.099: Application time: 0.0503529 seconds
{Heap before GC invocations=280 (full 33):
 par new generation   total 9216K, used 8775K [0x00000000e3400000, 0x00000000e3e00000, 0x00000000ecca0000)
  eden space 8192K, 100% used [0x00000000e3400000, 0x00000000e3c00000, 0x00000000e3c00000)
  from space 1024K,  56% used [0x00000000e3c00000, 0x00000000e3c91cc8, 0x00000000e3d00000)
  to   space 1024K,   0% used [0x00000000e3d00000, 0x00000000e3d00000, 0x00000000e3e00000)
 concurrent mark-sweep generation total 53140K, used 32522K [0x00000000ecca0000, 0x00000000f0085000, 0x0000000100000000)
 Metaspace       used 44924K, capacity 46936K, committed 46976K, reserved 1089536K
  class space    used 5611K, capacity 6006K, committed 6016K, reserved 1048576K
2020-11-07T20:04:36.254+0800: 30.099: [GC (Allocation Failure) 2020-11-07T20:04:36.254+0800: 30.099: [ParNew: 8775K->632K(9216K), 0.0331698 secs] 41298K->33155K(62356K), 0.0332324 secs] [Times: user=0.04 sys=0.00, real=0.04 secs] 
Heap after GC invocations=281 (full 33):
 par new generation   total 9216K, used 632K [0x00000000e3400000, 0x00000000e3e00000, 0x00000000ecca0000)
  eden space 8192K,   0% used [0x00000000e3400000, 0x00000000e3400000, 0x00000000e3c00000)
  from space 1024K,  61% used [0x00000000e3d00000, 0x00000000e3d9e3a8, 0x00000000e3e00000)
  to   space 1024K,   0% used [0x00000000e3c00000, 0x00000000e3c00000, 0x00000000e3d00000)
 concurrent mark-sweep generation total 53140K, used 32522K [0x00000000ecca0000, 0x00000000f0085000, 0x0000000100000000)
 Metaspace       used 44924K, capacity 46936K, committed 46976K, reserved 1089536K
  class space    used 5611K, capacity 6006K, committed 6016K, reserved 1048576K
}
2020-11-07T20:04:36.318+0800: 30.164: Application time: 0.0309552 seconds
{Heap before GC invocations=281 (full 33):
 par new generation   total 9216K, used 8824K [0x00000000e3400000, 0x00000000e3e00000, 0x00000000ecca0000)
  eden space 8192K, 100% used [0x00000000e3400000, 0x00000000e3c00000, 0x00000000e3c00000)
  from space 1024K,  61% used [0x00000000e3d00000, 0x00000000e3d9e3a8, 0x00000000e3e00000)
  to   space 1024K,   0% used [0x00000000e3c00000, 0x00000000e3c00000, 0x00000000e3d00000)
 concurrent mark-sweep generation total 53140K, used 32522K [0x00000000ecca0000, 0x00000000f0085000, 0x0000000100000000)
 Metaspace       used 45053K, capacity 47096K, committed 47360K, reserved 1091584K
  class space    used 5632K, capacity 6038K, committed 6144K, reserved 1048576K
2020-11-07T20:04:36.318+0800: 30.164: [GC (Allocation Failure) 2020-11-07T20:04:36.318+0800: 30.164: [ParNew: 8824K->600K(9216K), 0.0308037 secs] 41347K->33123K(62356K), 0.0308577 secs] [Times: user=0.02 sys=0.00, real=0.03 secs] 
Heap after GC invocations=282 (full 33):
 par new generation   total 9216K, used 600K [0x00000000e3400000, 0x00000000e3e00000, 0x00000000ecca0000)
  eden space 8192K,   0% used [0x00000000e3400000, 0x00000000e3400000, 0x00000000e3c00000)
  from space 1024K,  58% used [0x00000000e3c00000, 0x00000000e3c963a8, 0x00000000e3d00000)
  to   space 1024K,   0% used [0x00000000e3d00000, 0x00000000e3d00000, 0x00000000e3e00000)
 concurrent mark-sweep generation total 53140K, used 32522K [0x00000000ecca0000, 0x00000000f0085000, 0x0000000100000000)
 Metaspace       used 45053K, capacity 47096K, committed 47360K, reserved 1091584K
  class space    used 5632K, capacity 6038K, committed 6144K, reserved 1048576K
}
2020-11-07T20:04:36.374+0800: 30.220: Application time: 0.0250387 seconds
{Heap before GC invocations=282 (full 33):
 par new generation   total 9216K, used 8792K [0x00000000e3400000, 0x00000000e3e00000, 0x00000000ecca0000)
  eden space 8192K, 100% used [0x00000000e3400000, 0x00000000e3c00000, 0x00000000e3c00000)
  from space 1024K,  58% used [0x00000000e3c00000, 0x00000000e3c963a8, 0x00000000e3d00000)
  to   space 1024K,   0% used [0x00000000e3d00000, 0x00000000e3d00000, 0x00000000e3e00000)
 concurrent mark-sweep generation total 53140K, used 32522K [0x00000000ecca0000, 0x00000000f0085000, 0x0000000100000000)
 Metaspace       used 45136K, capacity 47160K, committed 47360K, reserved 1091584K
  class space    used 5647K, capacity 6038K, committed 6144K, reserved 1048576K
2020-11-07T20:04:36.374+0800: 30.220: [GC (Allocation Failure) 2020-11-07T20:04:36.374+0800: 30.220: [ParNew: 8792K->348K(9216K), 0.0262220 secs] 41315K->33078K(62356K), 0.0262862 secs] [Times: user=0.02 sys=0.00, real=0.03 secs] 
Heap after GC invocations=283 (full 33):
 par new generation   total 9216K, used 348K [0x00000000e3400000, 0x00000000e3e00000, 0x00000000ecca0000)
  eden space 8192K,   0% used [0x00000000e3400000, 0x00000000e3400000, 0x00000000e3c00000)
  from space 1024K,  34% used [0x00000000e3d00000, 0x00000000e3d57290, 0x00000000e3e00000)
  to   space 1024K,   0% used [0x00000000e3c00000, 0x00000000e3c00000, 0x00000000e3d00000)
 concurrent mark-sweep generation total 53140K, used 32729K [0x00000000ecca0000, 0x00000000f0085000, 0x0000000100000000)
 Metaspace       used 45136K, capacity 47160K, committed 47360K, reserved 1091584K
  class space    used 5647K, capacity 6038K, committed 6144K, reserved 1048576K
}
2020-11-07T20:04:36.425+0800: 30.271: Application time: 0.0245752 seconds
{Heap before GC invocations=283 (full 33):
 par new generation   total 9216K, used 8540K [0x00000000e3400000, 0x00000000e3e00000, 0x00000000ecca0000)
  eden space 8192K, 100% used [0x00000000e3400000, 0x00000000e3c00000, 0x00000000e3c00000)
  from space 1024K,  34% used [0x00000000e3d00000, 0x00000000e3d57290, 0x00000000e3e00000)
  to   space 1024K,   0% used [0x00000000e3c00000, 0x00000000e3c00000, 0x00000000e3d00000)
 concurrent mark-sweep generation total 53140K, used 32729K [0x00000000ecca0000, 0x00000000f0085000, 0x0000000100000000)
 Metaspace       used 45182K, capacity 47160K, committed 47360K, reserved 1091584K
  class space    used 5656K, capacity 6038K, committed 6144K, reserved 1048576K
2020-11-07T20:04:36.425+0800: 30.271: [GC (Allocation Failure) 2020-11-07T20:04:36.425+0800: 30.271: [ParNew2020-11-07T20:04:36.644+0800: 30.489: [CMS-concurrent-abortable-preclean: 0.068/0.585 secs] [Times: user=0.54 sys=0.02, real=0.58 secs] 
: 8540K->378K(9216K), 0.4319551 secs] 41270K->33107K(62356K), 0.4320128 secs] [Times: user=0.41 sys=0.01, real=0.43 secs] 
Heap after GC invocations=284 (full 33):
 par new generation   total 9216K, used 378K [0x00000000e3400000, 0x00000000e3e00000, 0x00000000ecca0000)
  eden space 8192K,   0% used [0x00000000e3400000, 0x00000000e3400000, 0x00000000e3c00000)
  from space 1024K,  36% used [0x00000000e3c00000, 0x00000000e3c5e978, 0x00000000e3d00000)
  to   space 1024K,   0% used [0x00000000e3d00000, 0x00000000e3d00000, 0x00000000e3e00000)
 concurrent mark-sweep generation total 53140K, used 32729K [0x00000000ecca0000, 0x00000000f0085000, 0x0000000100000000)
 Metaspace       used 45182K, capacity 47160K, committed 47360K, reserved 1091584K
  class space    used 5656K, capacity 6038K, committed 6144K, reserved 1048576K
}
2020-11-07T20:04:36.864+0800: 30.710: Application time: 0.0065753 seconds
2020-11-07T20:04:36.879+0800: 30.725: [GC (CMS Final Remark) [YG occupancy: 2387 K (9216 K)]2020-11-07T20:04:36.879+0800: 30.725: [Rescan (parallel) , 0.0056332 secs]2020-11-07T20:04:36.885+0800: 30.731: [weak refs processing, 0.0009811 secs]2020-11-07T20:04:36.886+0800: 30.732: [class unloading, 0.0208371 secs]2020-11-07T20:04:36.907+0800: 30.752: [scrub symbol table, 0.0427563 secs]2020-11-07T20:04:36.949+0800: 30.795: [scrub string table, 0.0012136 secs][1 CMS-remark: 32729K(53140K)] 35116K(62356K), 0.0716720 secs] [Times: user=0.07 sys=0.01, real=0.07 secs] 
2020-11-07T20:04:36.953+0800: 30.799: [CMS-concurrent-sweep-start]
2020-11-07T20:04:36.984+0800: 30.830: [CMS-concurrent-sweep: 0.031/0.031 secs] [Times: user=0.03 sys=0.00, real=0.03 secs] 
2020-11-07T20:04:36.984+0800: 30.830: [CMS-concurrent-reset-start]
2020-11-07T20:04:36.986+0800: 30.831: [CMS-concurrent-reset: 0.001/0.001 secs] [Times: user=0.00 sys=0.00, real=0.00 secs] 
2020-11-07T20:04:37.004+0800: 30.850: Application time: 0.0533458 seconds
{Heap before GC invocations=284 (full 33):
 par new generation   total 9216K, used 8570K [0x00000000e3400000, 0x00000000e3e00000, 0x00000000ecca0000)
  eden space 8192K, 100% used [0x00000000e3400000, 0x00000000e3c00000, 0x00000000e3c00000)
  from space 1024K,  36% used [0x00000000e3c00000, 0x00000000e3c5e978, 0x00000000e3d00000)
  to   space 1024K,   0% used [0x00000000e3d00000, 0x00000000e3d00000, 0x00000000e3e00000)
 concurrent mark-sweep generation total 54356K, used 32612K [0x00000000ecca0000, 0x00000000f01b5000, 0x0000000100000000)
 Metaspace       used 45292K, capacity 47314K, committed 47616K, reserved 1091584K
  class space    used 5669K, capacity 6069K, committed 6144K, reserved 1048576K
2020-11-07T20:04:37.004+0800: 30.850: [GC (Allocation Failure) 2020-11-07T20:04:37.004+0800: 30.850: [ParNew: 8570K->368K(9216K), 0.0273695 secs] 41183K->32981K(63572K), 0.0274438 secs] [Times: user=0.03 sys=0.00, real=0.03 secs] 
Heap after GC invocations=285 (full 33):
 par new generation   total 9216K, used 368K [0x00000000e3400000, 0x00000000e3e00000, 0x00000000ecca0000)
  eden space 8192K,   0% used [0x00000000e3400000, 0x00000000e3400000, 0x00000000e3c00000)
  from space 1024K,  35% used [0x00000000e3d00000, 0x00000000e3d5c210, 0x00000000e3e00000)
  to   space 1024K,   0% used [0x00000000e3c00000, 0x00000000e3c00000, 0x00000000e3d00000)
 concurrent mark-sweep generation total 54356K, used 32612K [0x00000000ecca0000, 0x00000000f01b5000, 0x0000000100000000)
 Metaspace       used 45292K, capacity 47314K, committed 47616K, reserved 1091584K
  class space    used 5669K, capacity 6069K, committed 6144K, reserved 1048576K
}
2020-11-07T20:04:37.059+0800: 30.905: Application time: 0.0270618 seconds
{Heap before GC invocations=285 (full 33):
 par new generation   total 9216K, used 8560K [0x00000000e3400000, 0x00000000e3e00000, 0x00000000ecca0000)
  eden space 8192K, 100% used [0x00000000e3400000, 0x00000000e3c00000, 0x00000000e3c00000)
  from space 1024K,  35% used [0x00000000e3d00000, 0x00000000e3d5c210, 0x00000000e3e00000)
  to   space 1024K,   0% used [0x00000000e3c00000, 0x00000000e3c00000, 0x00000000e3d00000)
 concurrent mark-sweep generation total 54356K, used 32612K [0x00000000ecca0000, 0x00000000f01b5000, 0x0000000100000000)
 Metaspace       used 45438K, capacity 47410K, committed 47616K, reserved 1091584K
  class space    used 5689K, capacity 6101K, committed 6144K, reserved 1048576K
2020-11-07T20:04:37.059+0800: 30.905: [GC (Allocation Failure) 2020-11-07T20:04:37.059+0800: 30.905: [ParNew: 8560K->460K(9216K), 0.0306544 secs] 41173K->33073K(63572K), 0.0307303 secs] [Times: user=0.02 sys=0.00, real=0.03 secs] 
Heap after GC invocations=286 (full 33):
 par new generation   total 9216K, used 460K [0x00000000e3400000, 0x00000000e3e00000, 0x00000000ecca0000)
  eden space 8192K,   0% used [0x00000000e3400000, 0x00000000e3400000, 0x00000000e3c00000)
  from space 1024K,  44% used [0x00000000e3c00000, 0x00000000e3c73328, 0x00000000e3d00000)
  to   space 1024K,   0% used [0x00000000e3d00000, 0x00000000e3d00000, 0x00000000e3e00000)
 concurrent mark-sweep generation total 54356K, used 32612K [0x00000000ecca0000, 0x00000000f01b5000, 0x0000000100000000)
 Metaspace       used 45438K, capacity 47410K, committed 47616K, reserved 1091584K
  class space    used 5689K, capacity 6101K, committed 6144K, reserved 1048576K
}
2020-11-07T20:04:37.117+0800: 30.962: Application time: 0.0268290 seconds
{Heap before GC invocations=286 (full 33):
 par new generation   total 9216K, used 8652K [0x00000000e3400000, 0x00000000e3e00000, 0x00000000ecca0000)
  eden space 8192K, 100% used [0x00000000e3400000, 0x00000000e3c00000, 0x00000000e3c00000)
  from space 1024K,  44% used [0x00000000e3c00000, 0x00000000e3c73328, 0x00000000e3d00000)
  to   space 1024K,   0% used [0x00000000e3d00000, 0x00000000e3d00000, 0x00000000e3e00000)
 concurrent mark-sweep generation total 54356K, used 32612K [0x00000000ecca0000, 0x00000000f01b5000, 0x0000000100000000)
 Metaspace       used 45527K, capacity 47578K, committed 47616K, reserved 1091584K
  class space    used 5704K, capacity 6135K, committed 6144K, reserved 1048576K
2020-11-07T20:04:37.117+0800: 30.963: [GC (Allocation Failure) 2020-11-07T20:04:37.117+0800: 30.963: [ParNew: 8652K->484K(9216K), 0.0307899 secs] 41265K->33097K(63572K), 0.0308469 secs] [Times: user=0.03 sys=0.00, real=0.03 secs] 
Heap after GC invocations=287 (full 33):
 par new generation   total 9216K, used 484K [0x00000000e3400000, 0x00000000e3e00000, 0x00000000ecca0000)
  eden space 8192K,   0% used [0x00000000e3400000, 0x00000000e3400000, 0x00000000e3c00000)
  from space 1024K,  47% used [0x00000000e3d00000, 0x00000000e3d79140, 0x00000000e3e00000)
  to   space 1024K,   0% used [0x00000000e3c00000, 0x00000000e3c00000, 0x00000000e3d00000)
 concurrent mark-sweep generation total 54356K, used 32612K [0x00000000ecca0000, 0x00000000f01b5000, 0x0000000100000000)
 Metaspace       used 45527K, capacity 47578K, committed 47616K, reserved 1091584K
  class space    used 5704K, capacity 6135K, committed 6144K, reserved 1048576K
}
2020-11-07T20:04:37.174+0800: 31.019: Application time: 0.0258898 seconds
{Heap before GC invocations=287 (full 33):
 par new generation   total 9216K, used 8676K [0x00000000e3400000, 0x00000000e3e00000, 0x00000000ecca0000)
  eden space 8192K, 100% used [0x00000000e3400000, 0x00000000e3c00000, 0x00000000e3c00000)
  from space 1024K,  47% used [0x00000000e3d00000, 0x00000000e3d79140, 0x00000000e3e00000)
  to   space 1024K,   0% used [0x00000000e3c00000, 0x00000000e3c00000, 0x00000000e3d00000)
 concurrent mark-sweep generation total 54356K, used 32612K [0x00000000ecca0000, 0x00000000f01b5000, 0x0000000100000000)
 Metaspace       used 45629K, capacity 47712K, committed 47872K, reserved 1091584K
  class space    used 5728K, capacity 6136K, committed 6144K, reserved 1048576K
2020-11-07T20:04:37.174+0800: 31.020: [GC (Allocation Failure) 2020-11-07T20:04:37.174+0800: 31.020: [ParNew: 8676K->353K(9216K), 0.0319207 secs] 41289K->33050K(63572K), 0.0319788 secs] [Times: user=0.03 sys=0.00, real=0.04 secs] 
Heap after GC invocations=288 (full 33):
 par new generation   total 9216K, used 353K [0x00000000e3400000, 0x00000000e3e00000, 0x00000000ecca0000)
  eden space 8192K,   0% used [0x00000000e3400000, 0x00000000e3400000, 0x00000000e3c00000)
  from space 1024K,  34% used [0x00000000e3c00000, 0x00000000e3c58758, 0x00000000e3d00000)
  to   space 1024K,   0% used [0x00000000e3d00000, 0x00000000e3d00000, 0x00000000e3e00000)
 concurrent mark-sweep generation total 54356K, used 32696K [0x00000000ecca0000, 0x00000000f01b5000, 0x0000000100000000)
 Metaspace       used 45629K, capacity 47712K, committed 47872K, reserved 1091584K
  class space    used 5728K, capacity 6136K, committed 6144K, reserved 1048576K
}
2020-11-07T20:04:37.211+0800: 31.057: Application time: 0.0053504 seconds
2020-11-07T20:04:37.211+0800: 31.057: [GC (CMS Initial Mark) [1 CMS-initial-mark: 32696K(54356K)] 34383K(63572K), 0.0035653 secs] [Times: user=0.01 sys=0.00, real=0.01 secs] 
2020-11-07T20:04:37.215+0800: 31.061: [CMS-concurrent-mark-start]
2020-11-07T20:04:37.248+0800: 31.094: Application time: 0.0332252 seconds
{Heap before GC invocations=288 (full 34):
 par new generation   total 9216K, used 8545K [0x00000000e3400000, 0x00000000e3e00000, 0x00000000ecca0000)
  eden space 8192K, 100% used [0x00000000e3400000, 0x00000000e3c00000, 0x00000000e3c00000)
  from space 1024K,  34% used [0x00000000e3c00000, 0x00000000e3c58758, 0x00000000e3d00000)
  to   space 1024K,   0% used [0x00000000e3d00000, 0x00000000e3d00000, 0x00000000e3e00000)
 concurrent mark-sweep generation total 54356K, used 32696K [0x00000000ecca0000, 0x00000000f01b5000, 0x0000000100000000)
 Metaspace       used 45730K, capacity 47808K, committed 48000K, reserved 1091584K
  class space    used 5744K, capacity 6168K, committed 6272K, reserved 1048576K
2020-11-07T20:04:37.248+0800: 31.094: [GC (Allocation Failure) 2020-11-07T20:04:37.248+0800: 31.094: [ParNew: 8545K->344K(9216K), 0.0299498 secs] 41242K->33068K(63572K), 0.0300369 secs] [Times: user=0.02 sys=0.00, real=0.03 secs] 
Heap after GC invocations=289 (full 34):
 par new generation   total 9216K, used 344K [0x00000000e3400000, 0x00000000e3e00000, 0x00000000ecca0000)
  eden space 8192K,   0% used [0x00000000e3400000, 0x00000000e3400000, 0x00000000e3c00000)
  from space 1024K,  33% used [0x00000000e3d00000, 0x00000000e3d562d0, 0x00000000e3e00000)
  to   space 1024K,   0% used [0x00000000e3c00000, 0x00000000e3c00000, 0x00000000e3d00000)
 concurrent mark-sweep generation total 54356K, used 32723K [0x00000000ecca0000, 0x00000000f01b5000, 0x0000000100000000)
 Metaspace       used 45730K, capacity 47808K, committed 48000K, reserved 1091584K
  class space    used 5744K, capacity 6168K, committed 6272K, reserved 1048576K
}
2020-11-07T20:04:37.355+0800: 31.201: Application time: 0.0770280 seconds
{Heap before GC invocations=289 (full 34):
 par new generation   total 9216K, used 8536K [0x00000000e3400000, 0x00000000e3e00000, 0x00000000ecca0000)
  eden space 8192K, 100% used [0x00000000e3400000, 0x00000000e3c00000, 0x00000000e3c00000)
  from space 1024K,  33% used [0x00000000e3d00000, 0x00000000e3d562d0, 0x00000000e3e00000)
  to   space 1024K,   0% used [0x00000000e3c00000, 0x00000000e3c00000, 0x00000000e3d00000)
 concurrent mark-sweep generation total 54356K, used 32723K [0x00000000ecca0000, 0x00000000f01b5000, 0x0000000100000000)
 Metaspace       used 45881K, capacity 47968K, committed 48256K, reserved 1091584K
  class space    used 5764K, capacity 6200K, committed 6272K, reserved 1048576K
2020-11-07T20:04:37.356+0800: 31.201: [GC (Allocation Failure) 2020-11-07T20:04:37.356+0800: 31.201: [ParNew: 8536K->623K(9216K), 0.0316702 secs] 41260K->33381K(63572K), 0.0317353 secs] [Times: user=0.03 sys=0.00, real=0.03 secs] 
Heap after GC invocations=290 (full 34):
 par new generation   total 9216K, used 623K [0x00000000e3400000, 0x00000000e3e00000, 0x00000000ecca0000)
  eden space 8192K,   0% used [0x00000000e3400000, 0x00000000e3400000, 0x00000000e3c00000)
  from space 1024K,  60% used [0x00000000e3c00000, 0x00000000e3c9beb0, 0x00000000e3d00000)
  to   space 1024K,   0% used [0x00000000e3d00000, 0x00000000e3d00000, 0x00000000e3e00000)
 concurrent mark-sweep generation total 54356K, used 32757K [0x00000000ecca0000, 0x00000000f01b5000, 0x0000000100000000)
 Metaspace       used 45881K, capacity 47968K, committed 48256K, reserved 1091584K
  class space    used 5764K, capacity 6200K, committed 6272K, reserved 1048576K
}
2020-11-07T20:04:37.451+0800: 31.297: Application time: 0.0640680 seconds
{Heap before GC invocations=290 (full 34):
 par new generation   total 9216K, used 8815K [0x00000000e3400000, 0x00000000e3e00000, 0x00000000ecca0000)
  eden space 8192K, 100% used [0x00000000e3400000, 0x00000000e3c00000, 0x00000000e3c00000)
  from space 1024K,  60% used [0x00000000e3c00000, 0x00000000e3c9beb0, 0x00000000e3d00000)
  to   space 1024K,   0% used [0x00000000e3d00000, 0x00000000e3d00000, 0x00000000e3e00000)
 concurrent mark-sweep generation total 54356K, used 32757K [0x00000000ecca0000, 0x00000000f01b5000, 0x0000000100000000)
 Metaspace       used 46068K, capacity 48096K, committed 48256K, reserved 1091584K
  class space    used 5785K, capacity 6200K, committed 6272K, reserved 1048576K
2020-11-07T20:04:37.452+0800: 31.297: [GC (Allocation Failure) 2020-11-07T20:04:37.452+0800: 31.298: [ParNew: 8815K->518K(9216K), 0.0285222 secs] 41573K->33352K(63572K), 0.0285774 secs] [Times: user=0.02 sys=0.00, real=0.03 secs] 
Heap after GC invocations=291 (full 34):
 par new generation   total 9216K, used 518K [0x00000000e3400000, 0x00000000e3e00000, 0x00000000ecca0000)
  eden space 8192K,   0% used [0x00000000e3400000, 0x00000000e3400000, 0x00000000e3c00000)
  from space 1024K,  50% used [0x00000000e3d00000, 0x00000000e3d819b0, 0x00000000e3e00000)
  to   space 1024K,   0% used [0x00000000e3c00000, 0x00000000e3c00000, 0x00000000e3d00000)
 concurrent mark-sweep generation total 54356K, used 32834K [0x00000000ecca0000, 0x00000000f01b5000, 0x0000000100000000)
 Metaspace       used 46068K, capacity 48096K, committed 48256K, reserved 1091584K
  class space    used 5785K, capacity 6200K, committed 6272K, reserved 1048576K
}
2020-11-07T20:04:37.498+0800: 31.344: [CMS-concurrent-mark: 0.182/0.283 secs] [Times: user=0.26 sys=0.00, real=0.28 secs] 
2020-11-07T20:04:37.498+0800: 31.344: [CMS-concurrent-preclean-start]
2020-11-07T20:04:37.501+0800: 31.347: [CMS-concurrent-preclean: 0.003/0.003 secs] [Times: user=0.00 sys=0.00, real=0.00 secs] 
2020-11-07T20:04:37.501+0800: 31.347: [CMS-concurrent-abortable-preclean-start]
2020-11-07T20:04:37.526+0800: 31.372: Application time: 0.0457570 seconds
{Heap before GC invocations=291 (full 34):
 par new generation   total 9216K, used 8710K [0x00000000e3400000, 0x00000000e3e00000, 0x00000000ecca0000)
  eden space 8192K, 100% used [0x00000000e3400000, 0x00000000e3c00000, 0x00000000e3c00000)
  from space 1024K,  50% used [0x00000000e3d00000, 0x00000000e3d819b0, 0x00000000e3e00000)
  to   space 1024K,   0% used [0x00000000e3c00000, 0x00000000e3c00000, 0x00000000e3d00000)
 concurrent mark-sweep generation total 54356K, used 32834K [0x00000000ecca0000, 0x00000000f01b5000, 0x0000000100000000)
 Metaspace       used 46207K, capacity 48256K, committed 48512K, reserved 1091584K
  class space    used 5804K, capacity 6232K, committed 6272K, reserved 1048576K
2020-11-07T20:04:37.526+0800: 31.372: [GC (Allocation Failure) 2020-11-07T20:04:37.526+0800: 31.372: [ParNew: 8710K->402K(9216K), 0.0174829 secs] 41544K->33236K(63572K), 0.0175562 secs] [Times: user=0.02 sys=0.00, real=0.01 secs] 
Heap after GC invocations=292 (full 34):
 par new generation   total 9216K, used 402K [0x00000000e3400000, 0x00000000e3e00000, 0x00000000ecca0000)
  eden space 8192K,   0% used [0x00000000e3400000, 0x00000000e3400000, 0x00000000e3c00000)
  from space 1024K,  39% used [0x00000000e3c00000, 0x00000000e3c648f0, 0x00000000e3d00000)
  to   space 1024K,   0% used [0x00000000e3d00000, 0x00000000e3d00000, 0x00000000e3e00000)
 concurrent mark-sweep generation total 54356K, used 32834K [0x00000000ecca0000, 0x00000000f01b5000, 0x0000000100000000)
 Metaspace       used 46207K, capacity 48256K, committed 48512K, reserved 1091584K
  class space    used 5804K, capacity 6232K, committed 6272K, reserved 1048576K
}
2020-11-07T20:04:37.619+0800: 31.465: Application time: 0.0755580 seconds
{Heap before GC invocations=292 (full 34):
 par new generation   total 9216K, used 8552K [0x00000000e3400000, 0x00000000e3e00000, 0x00000000ecca0000)
  eden space 8192K,  99% used [0x00000000e3400000, 0x00000000e3bf59b0, 0x00000000e3c00000)
  from space 1024K,  39% used [0x00000000e3c00000, 0x00000000e3c648f0, 0x00000000e3d00000)
  to   space 1024K,   0% used [0x00000000e3d00000, 0x00000000e3d00000, 0x00000000e3e00000)
 concurrent mark-sweep generation total 54356K, used 32834K [0x00000000ecca0000, 0x00000000f01b5000, 0x0000000100000000)
 Metaspace       used 46235K, capacity 48256K, committed 48512K, reserved 1091584K
  class space    used 5804K, capacity 6232K, committed 6272K, reserved 1048576K
2020-11-07T20:04:37.620+0800: 31.465: [GC (Allocation Failure) 2020-11-07T20:04:37.620+0800: 31.465: [ParNew: 8552K->1023K(9216K), 0.0234228 secs] 41386K->34579K(63572K), 0.0234857 secs] [Times: user=0.02 sys=0.00, real=0.02 secs] 
Heap after GC invocations=293 (full 34):
 par new generation   total 9216K, used 1023K [0x00000000e3400000, 0x00000000e3e00000, 0x00000000ecca0000)
  eden space 8192K,   0% used [0x00000000e3400000, 0x00000000e3400000, 0x00000000e3c00000)
  from space 1024K,  99% used [0x00000000e3d00000, 0x00000000e3dffff0, 0x00000000e3e00000)
  to   space 1024K,   0% used [0x00000000e3c00000, 0x00000000e3c00000, 0x00000000e3d00000)
 concurrent mark-sweep generation total 54356K, used 33555K [0x00000000ecca0000, 0x00000000f01b5000, 0x0000000100000000)
 Metaspace       used 46235K, capacity 48256K, committed 48512K, reserved 1091584K
  class space    used 5804K, capacity 6232K, committed 6272K, reserved 1048576K
}
2020-11-07T20:04:37.684+0800: 31.530: Application time: 0.0407792 seconds
{Heap before GC invocations=293 (full 34):
 par new generation   total 9216K, used 9019K [0x00000000e3400000, 0x00000000e3e00000, 0x00000000ecca0000)
  eden space 8192K,  97% used [0x00000000e3400000, 0x00000000e3bcedd8, 0x00000000e3c00000)
  from space 1024K,  99% used [0x00000000e3d00000, 0x00000000e3dffff0, 0x00000000e3e00000)
  to   space 1024K,   0% used [0x00000000e3c00000, 0x00000000e3c00000, 0x00000000e3d00000)
 concurrent mark-sweep generation total 54356K, used 33555K [0x00000000ecca0000, 0x00000000f01b5000, 0x0000000100000000)
 Metaspace       used 46247K, capacity 48320K, committed 48512K, reserved 1091584K
  class space    used 5804K, capacity 6232K, committed 6272K, reserved 1048576K
2020-11-07T20:04:37.684+0800: 31.530: [GC (Allocation Failure) 2020-11-07T20:04:37.684+0800: 31.530: [ParNew: 9019K->1024K(9216K), 0.0310756 secs] 42575K->35280K(63572K), 0.0311320 secs] [Times: user=0.03 sys=0.00, real=0.04 secs] 
Heap after GC invocations=294 (full 34):
 par new generation   total 9216K, used 1024K [0x00000000e3400000, 0x00000000e3e00000, 0x00000000ecca0000)
  eden space 8192K,   0% used [0x00000000e3400000, 0x00000000e3400000, 0x00000000e3c00000)
  from space 1024K, 100% used [0x00000000e3c00000, 0x00000000e3d00000, 0x00000000e3d00000)
  to   space 1024K,   0% used [0x00000000e3d00000, 0x00000000e3d00000, 0x00000000e3e00000)
 concurrent mark-sweep generation total 54356K, used 34256K [0x00000000ecca0000, 0x00000000f01b5000, 0x0000000100000000)
 Metaspace       used 46247K, capacity 48320K, committed 48512K, reserved 1091584K
  class space    used 5804K, capacity 6232K, committed 6272K, reserved 1048576K
}
2020-11-07T20:04:37.734+0800: 31.580: Application time: 0.0190070 seconds
{Heap before GC invocations=294 (full 34):
 par new generation   total 9216K, used 8990K [0x00000000e3400000, 0x00000000e3e00000, 0x00000000ecca0000)
  eden space 8192K,  97% used [0x00000000e3400000, 0x00000000e3bc7900, 0x00000000e3c00000)
  from space 1024K, 100% used [0x00000000e3c00000, 0x00000000e3d00000, 0x00000000e3d00000)
  to   space 1024K,   0% used [0x00000000e3d00000, 0x00000000e3d00000, 0x00000000e3e00000)
 concurrent mark-sweep generation total 54356K, used 34256K [0x00000000ecca0000, 0x00000000f01b5000, 0x0000000100000000)
 Metaspace       used 46249K, capacity 48320K, committed 48512K, reserved 1091584K
  class space    used 5804K, capacity 6232K, committed 6272K, reserved 1048576K
2020-11-07T20:04:37.734+0800: 31.580: [GC (Allocation Failure) 2020-11-07T20:04:37.734+0800: 31.580: [ParNew: 8990K->304K(9216K), 0.0052051 secs] 43246K->34571K(63572K), 0.0052640 secs] [Times: user=0.01 sys=0.00, real=0.01 secs] 
Heap after GC invocations=295 (full 34):
 par new generation   total 9216K, used 304K [0x00000000e3400000, 0x00000000e3e00000, 0x00000000ecca0000)
  eden space 8192K,   0% used [0x00000000e3400000, 0x00000000e3400000, 0x00000000e3c00000)
  from space 1024K,  29% used [0x00000000e3d00000, 0x00000000e3d4c0c8, 0x00000000e3e00000)
  to   space 1024K,   0% used [0x00000000e3c00000, 0x00000000e3c00000, 0x00000000e3d00000)
 concurrent mark-sweep generation total 54356K, used 34267K [0x00000000ecca0000, 0x00000000f01b5000, 0x0000000100000000)
 Metaspace       used 46249K, capacity 48320K, committed 48512K, reserved 1091584K
  class space    used 5804K, capacity 6232K, committed 6272K, reserved 1048576K
}
2020-11-07T20:04:37.750+0800: 31.596: Application time: 0.0101307 seconds
{Heap before GC invocations=295 (full 34):
 par new generation   total 9216K, used 8496K [0x00000000e3400000, 0x00000000e3e00000, 0x00000000ecca0000)
  eden space 8192K, 100% used [0x00000000e3400000, 0x00000000e3c00000, 0x00000000e3c00000)
  from space 1024K,  29% used [0x00000000e3d00000, 0x00000000e3d4c0c8, 0x00000000e3e00000)
  to   space 1024K,   0% used [0x00000000e3c00000, 0x00000000e3c00000, 0x00000000e3d00000)
 concurrent mark-sweep generation total 54356K, used 34267K [0x00000000ecca0000, 0x00000000f01b5000, 0x0000000100000000)
 Metaspace       used 46256K, capacity 48320K, committed 48512K, reserved 1091584K
  class space    used 5804K, capacity 6232K, committed 6272K, reserved 1048576K
2020-11-07T20:04:37.750+0800: 31.596: [GC (Allocation Failure) 2020-11-07T20:04:37.750+0800: 31.596: [ParNew: 8496K->439K(9216K), 0.0042233 secs] 42763K->34707K(63572K), 0.0042802 secs] [Times: user=0.00 sys=0.00, real=0.00 secs] 
Heap after GC invocations=296 (full 34):
 par new generation   total 9216K, used 439K [0x00000000e3400000, 0x00000000e3e00000, 0x00000000ecca0000)
  eden space 8192K,   0% used [0x00000000e3400000, 0x00000000e3400000, 0x00000000e3c00000)
  from space 1024K,  42% used [0x00000000e3c00000, 0x00000000e3c6dfe8, 0x00000000e3d00000)
  to   space 1024K,   0% used [0x00000000e3d00000, 0x00000000e3d00000, 0x00000000e3e00000)
 concurrent mark-sweep generation total 54356K, used 34267K [0x00000000ecca0000, 0x00000000f01b5000, 0x0000000100000000)
 Metaspace       used 46256K, capacity 48320K, committed 48512K, reserved 1091584K
  class space    used 5804K, capacity 6232K, committed 6272K, reserved 1048576K
}
2020-11-07T20:04:37.765+0800: 31.611: Application time: 0.0106040 seconds
{Heap before GC invocations=296 (full 34):
 par new generation   total 9216K, used 7953K [0x00000000e3400000, 0x00000000e3e00000, 0x00000000ecca0000)
  eden space 8192K,  91% used [0x00000000e3400000, 0x00000000e3b56678, 0x00000000e3c00000)
  from space 1024K,  42% used [0x00000000e3c00000, 0x00000000e3c6dfe8, 0x00000000e3d00000)
  to   space 1024K,   0% used [0x00000000e3d00000, 0x00000000e3d00000, 0x00000000e3e00000)
 concurrent mark-sweep generation total 54356K, used 34267K [0x00000000ecca0000, 0x00000000f01b5000, 0x0000000100000000)
 Metaspace       used 46260K, capacity 48320K, committed 48512K, reserved 1091584K
  class space    used 5804K, capacity 6232K, committed 6272K, reserved 1048576K
2020-11-07T20:04:37.765+0800: 31.611: [GC (Allocation Failure) 2020-11-07T20:04:37.765+0800: 31.611: [ParNew: 7953K->1024K(9216K), 0.0149861 secs] 42220K->37440K(63572K), 0.0150499 secs] [Times: user=0.01 sys=0.01, real=0.01 secs] 
Heap after GC invocations=297 (full 34):
 par new generation   total 9216K, used 1024K [0x00000000e3400000, 0x00000000e3e00000, 0x00000000ecca0000)
  eden space 8192K,   0% used [0x00000000e3400000, 0x00000000e3400000, 0x00000000e3c00000)
  from space 1024K, 100% used [0x00000000e3d00000, 0x00000000e3e00000, 0x00000000e3e00000)
  to   space 1024K,   0% used [0x00000000e3c00000, 0x00000000e3c00000, 0x00000000e3d00000)
 concurrent mark-sweep generation total 54356K, used 36416K [0x00000000ecca0000, 0x00000000f01b5000, 0x0000000100000000)
 Metaspace       used 46260K, capacity 48320K, committed 48512K, reserved 1091584K
  class space    used 5804K, capacity 6232K, committed 6272K, reserved 1048576K
}
2020-11-07T20:04:37.798+0800: 31.644: Application time: 0.0178840 seconds
{Heap before GC invocations=297 (full 34):
 par new generation   total 9216K, used 9216K [0x00000000e3400000, 0x00000000e3e00000, 0x00000000ecca0000)
  eden space 8192K, 100% used [0x00000000e3400000, 0x00000000e3c00000, 0x00000000e3c00000)
  from space 1024K, 100% used [0x00000000e3d00000, 0x00000000e3e00000, 0x00000000e3e00000)
  to   space 1024K,   0% used [0x00000000e3c00000, 0x00000000e3c00000, 0x00000000e3d00000)
 concurrent mark-sweep generation total 54356K, used 36416K [0x00000000ecca0000, 0x00000000f01b5000, 0x0000000100000000)
 Metaspace       used 46262K, capacity 48320K, committed 48512K, reserved 1091584K
  class space    used 5804K, capacity 6232K, committed 6272K, reserved 1048576K
2020-11-07T20:04:37.798+0800: 31.644: [GC (Allocation Failure) 2020-11-07T20:04:37.798+0800: 31.644: [ParNew: 9216K->1024K(9216K), 0.0090930 secs] 45632K->38627K(63572K), 0.0091458 secs] [Times: user=0.01 sys=0.00, real=0.01 secs] 
Heap after GC invocations=298 (full 34):
 par new generation   total 9216K, used 1024K [0x00000000e3400000, 0x00000000e3e00000, 0x00000000ecca0000)
  eden space 8192K,   0% used [0x00000000e3400000, 0x00000000e3400000, 0x00000000e3c00000)
  from space 1024K, 100% used [0x00000000e3c00000, 0x00000000e3d00000, 0x00000000e3d00000)
  to   space 1024K,   0% used [0x00000000e3d00000, 0x00000000e3d00000, 0x00000000e3e00000)
 concurrent mark-sweep generation total 54356K, used 37603K [0x00000000ecca0000, 0x00000000f01b5000, 0x0000000100000000)
 Metaspace       used 46262K, capacity 48320K, committed 48512K, reserved 1091584K
  class space    used 5804K, capacity 6232K, committed 6272K, reserved 1048576K
}
2020-11-07T20:04:37.817+0800: 31.663: Application time: 0.0093062 seconds
{Heap before GC invocations=298 (full 34):
 par new generation   total 9216K, used 8205K [0x00000000e3400000, 0x00000000e3e00000, 0x00000000ecca0000)
  eden space 8192K,  87% used [0x00000000e3400000, 0x00000000e3b03470, 0x00000000e3c00000)
  from space 1024K, 100% used [0x00000000e3c00000, 0x00000000e3d00000, 0x00000000e3d00000)
  to   space 1024K,   0% used [0x00000000e3d00000, 0x00000000e3d00000, 0x00000000e3e00000)
 concurrent mark-sweep generation total 54356K, used 37603K [0x00000000ecca0000, 0x00000000f01b5000, 0x0000000100000000)
 Metaspace       used 46267K, capacity 48320K, committed 48512K, reserved 1091584K
  class space    used 5804K, capacity 6232K, committed 6272K, reserved 1048576K
2020-11-07T20:04:37.817+0800: 31.663: [GC (Allocation Failure) 2020-11-07T20:04:37.817+0800: 31.663: [ParNew: 8205K->1024K(9216K), 0.0114416 secs] 45809K->40754K(63572K), 0.0114953 secs] [Times: user=0.01 sys=0.00, real=0.01 secs] 
Heap after GC invocations=299 (full 34):
 par new generation   total 9216K, used 1024K [0x00000000e3400000, 0x00000000e3e00000, 0x00000000ecca0000)
  eden space 8192K,   0% used [0x00000000e3400000, 0x00000000e3400000, 0x00000000e3c00000)
  from space 1024K, 100% used [0x00000000e3d00000, 0x00000000e3e00000, 0x00000000e3e00000)
  to   space 1024K,   0% used [0x00000000e3c00000, 0x00000000e3c00000, 0x00000000e3d00000)
 concurrent mark-sweep generation total 54356K, used 39730K [0x00000000ecca0000, 0x00000000f01b5000, 0x0000000100000000)
 Metaspace       used 46267K, capacity 48320K, committed 48512K, reserved 1091584K
  class space    used 5804K, capacity 6232K, committed 6272K, reserved 1048576K
}
2020-11-07T20:04:37.850+0800: 31.696: Application time: 0.0211590 seconds
{Heap before GC invocations=299 (full 34):
 par new generation   total 9216K, used 9216K [0x00000000e3400000, 0x00000000e3e00000, 0x00000000ecca0000)
  eden space 8192K, 100% used [0x00000000e3400000, 0x00000000e3c00000, 0x00000000e3c00000)
  from space 1024K, 100% used [0x00000000e3d00000, 0x00000000e3e00000, 0x00000000e3e00000)
  to   space 1024K,   0% used [0x00000000e3c00000, 0x00000000e3c00000, 0x00000000e3d00000)
 concurrent mark-sweep generation total 54356K, used 39730K [0x00000000ecca0000, 0x00000000f01b5000, 0x0000000100000000)
 Metaspace       used 46269K, capacity 48320K, committed 48512K, reserved 1091584K
  class space    used 5804K, capacity 6232K, committed 6272K, reserved 1048576K
2020-11-07T20:04:37.850+0800: 31.696: [GC (Allocation Failure) 2020-11-07T20:04:37.850+0800: 31.696: [ParNew: 9216K->1024K(9216K), 0.0265085 secs] 48946K->45524K(63572K), 0.0265616 secs] [Times: user=0.02 sys=0.00, real=0.03 secs] 
Heap after GC invocations=300 (full 34):
 par new generation   total 9216K, used 1024K [0x00000000e3400000, 0x00000000e3e00000, 0x00000000ecca0000)
  eden space 8192K,   0% used [0x00000000e3400000, 0x00000000e3400000, 0x00000000e3c00000)
  from space 1024K, 100% used [0x00000000e3c00000, 0x00000000e3d00000, 0x00000000e3d00000)
  to   space 1024K,   0% used [0x00000000e3d00000, 0x00000000e3d00000, 0x00000000e3e00000)
 concurrent mark-sweep generation total 54356K, used 44500K [0x00000000ecca0000, 0x00000000f01b5000, 0x0000000100000000)
 Metaspace       used 46269K, capacity 48320K, committed 48512K, reserved 1091584K
  class space    used 5804K, capacity 6232K, committed 6272K, reserved 1048576K
}
2020-11-07T20:04:37.883+0800: 31.729: Application time: 0.0064377 seconds
{Heap before GC invocations=300 (full 34):
 par new generation   total 9216K, used 2836K [0x00000000e3400000, 0x00000000e3e00000, 0x00000000ecca0000)
  eden space 8192K,  22% used [0x00000000e3400000, 0x00000000e35c53b0, 0x00000000e3c00000)
  from space 1024K, 100% used [0x00000000e3c00000, 0x00000000e3d00000, 0x00000000e3d00000)
  to   space 1024K,   0% used [0x00000000e3d00000, 0x00000000e3d00000, 0x00000000e3e00000)
 concurrent mark-sweep generation total 54356K, used 44500K [0x00000000ecca0000, 0x00000000f01b5000, 0x0000000100000000)
 Metaspace       used 46269K, capacity 48320K, committed 48512K, reserved 1091584K
  class space    used 5804K, capacity 6232K, committed 6272K, reserved 1048576K
2020-11-07T20:04:37.883+0800: 31.729: [GC (Allocation Failure) 2020-11-07T20:04:37.883+0800: 31.729: [ParNew: 2836K->1024K(9216K), 0.0047744 secs] 47337K->47160K(63572K), 0.0048388 secs] [Times: user=0.01 sys=0.00, real=0.01 secs] 
Heap after GC invocations=301 (full 34):
 par new generation   total 9216K, used 1024K [0x00000000e3400000, 0x00000000e3e00000, 0x00000000ecca0000)
  eden space 8192K,   0% used [0x00000000e3400000, 0x00000000e3400000, 0x00000000e3c00000)
  from space 1024K, 100% used [0x00000000e3d00000, 0x00000000e3e00000, 0x00000000e3e00000)
  to   space 1024K,   0% used [0x00000000e3c00000, 0x00000000e3c00000, 0x00000000e3d00000)
 concurrent mark-sweep generation total 54356K, used 46136K [0x00000000ecca0000, 0x00000000f01b5000, 0x0000000100000000)
 Metaspace       used 46269K, capacity 48320K, committed 48512K, reserved 1091584K
  class space    used 5804K, capacity 6232K, committed 6272K, reserved 1048576K
}
2020-11-07T20:04:37.897+0800: 31.743: Application time: 0.0090396 seconds
{Heap before GC invocations=301 (full 34):
 par new generation   total 9216K, used 9216K [0x00000000e3400000, 0x00000000e3e00000, 0x00000000ecca0000)
  eden space 8192K, 100% used [0x00000000e3400000, 0x00000000e3c00000, 0x00000000e3c00000)
  from space 1024K, 100% used [0x00000000e3d00000, 0x00000000e3e00000, 0x00000000e3e00000)
  to   space 1024K,   0% used [0x00000000e3c00000, 0x00000000e3c00000, 0x00000000e3d00000)
 concurrent mark-sweep generation total 54356K, used 46136K [0x00000000ecca0000, 0x00000000f01b5000, 0x0000000100000000)
 Metaspace       used 46275K, capacity 48320K, committed 48512K, reserved 1091584K
  class space    used 5804K, capacity 6232K, committed 6272K, reserved 1048576K
2020-11-07T20:04:37.897+0800: 31.743: [GC (Allocation Failure) 2020-11-07T20:04:37.897+0800: 31.743: [ParNew: 9216K->252K(9216K), 0.0043320 secs] 55352K->47407K(63572K), 0.0043803 secs] [Times: user=0.00 sys=0.00, real=0.00 secs] 
Heap after GC invocations=302 (full 34):
 par new generation   total 9216K, used 252K [0x00000000e3400000, 0x00000000e3e00000, 0x00000000ecca0000)
  eden space 8192K,   0% used [0x00000000e3400000, 0x00000000e3400000, 0x00000000e3c00000)
  from space 1024K,  24% used [0x00000000e3c00000, 0x00000000e3c3f1b0, 0x00000000e3d00000)
  to   space 1024K,   0% used [0x00000000e3d00000, 0x00000000e3d00000, 0x00000000e3e00000)
 concurrent mark-sweep generation total 54356K, used 47154K [0x00000000ecca0000, 0x00000000f01b5000, 0x0000000100000000)
 Metaspace       used 46275K, capacity 48320K, committed 48512K, reserved 1091584K
  class space    used 5804K, capacity 6232K, committed 6272K, reserved 1048576K
}
2020-11-07T20:04:37.903+0800: 31.748: [CMS-concurrent-abortable-preclean: 0.062/0.401 secs] [Times: user=0.35 sys=0.03, real=0.40 secs] 
2020-11-07T20:04:37.910+0800: 31.756: Application time: 0.0085823 seconds
{Heap before GC invocations=302 (full 34):
 par new generation   total 9216K, used 8030K [0x00000000e3400000, 0x00000000e3e00000, 0x00000000ecca0000)
  eden space 8192K,  94% used [0x00000000e3400000, 0x00000000e3b987e0, 0x00000000e3c00000)
  from space 1024K,  24% used [0x00000000e3c00000, 0x00000000e3c3f1b0, 0x00000000e3d00000)
  to   space 1024K,   0% used [0x00000000e3d00000, 0x00000000e3d00000, 0x00000000e3e00000)
 concurrent mark-sweep generation total 54356K, used 47154K [0x00000000ecca0000, 0x00000000f01b5000, 0x0000000100000000)
 Metaspace       used 46275K, capacity 48320K, committed 48512K, reserved 1091584K
  class space    used 5804K, capacity 6232K, committed 6272K, reserved 1048576K
2020-11-07T20:04:37.910+0800: 31.756: [GC (Allocation Failure) 2020-11-07T20:04:37.911+0800: 31.756: [ParNew: 8030K->1023K(9216K), 0.0195280 secs] 55185K->48558K(63572K), 0.0196137 secs] [Times: user=0.01 sys=0.01, real=0.02 secs] 
Heap after GC invocations=303 (full 34):
 par new generation   total 9216K, used 1023K [0x00000000e3400000, 0x00000000e3e00000, 0x00000000ecca0000)
  eden space 8192K,   0% used [0x00000000e3400000, 0x00000000e3400000, 0x00000000e3c00000)
  from space 1024K,  99% used [0x00000000e3d00000, 0x00000000e3dfff70, 0x00000000e3e00000)
  to   space 1024K,   0% used [0x00000000e3c00000, 0x00000000e3c00000, 0x00000000e3d00000)
 concurrent mark-sweep generation total 54356K, used 47534K [0x00000000ecca0000, 0x00000000f01b5000, 0x0000000100000000)
 Metaspace       used 46275K, capacity 48320K, committed 48512K, reserved 1091584K
  class space    used 5804K, capacity 6232K, committed 6272K, reserved 1048576K
}
2020-11-07T20:04:37.937+0800: 31.783: Application time: 0.0065558 seconds
{Heap before GC invocations=303 (full 34):
 par new generation   total 9216K, used 9215K [0x00000000e3400000, 0x00000000e3e00000, 0x00000000ecca0000)
  eden space 8192K, 100% used [0x00000000e3400000, 0x00000000e3c00000, 0x00000000e3c00000)
  from space 1024K,  99% used [0x00000000e3d00000, 0x00000000e3dfff70, 0x00000000e3e00000)
  to   space 1024K,   0% used [0x00000000e3c00000, 0x00000000e3c00000, 0x00000000e3d00000)
 concurrent mark-sweep generation total 54356K, used 47534K [0x00000000ecca0000, 0x00000000f01b5000, 0x0000000100000000)
 Metaspace       used 46276K, capacity 48320K, committed 48512K, reserved 1091584K
  class space    used 5804K, capacity 6232K, committed 6272K, reserved 1048576K
2020-11-07T20:04:37.937+0800: 31.783: [GC (Allocation Failure) 2020-11-07T20:04:37.937+0800: 31.783: [ParNew: 9215K->626K(9216K), 0.0095124 secs] 56750K->49173K(63572K), 0.0095737 secs] [Times: user=0.01 sys=0.00, real=0.01 secs] 
Heap after GC invocations=304 (full 34):
 par new generation   total 9216K, used 626K [0x00000000e3400000, 0x00000000e3e00000, 0x00000000ecca0000)
  eden space 8192K,   0% used [0x00000000e3400000, 0x00000000e3400000, 0x00000000e3c00000)
  from space 1024K,  61% used [0x00000000e3c00000, 0x00000000e3c9cb70, 0x00000000e3d00000)
  to   space 1024K,   0% used [0x00000000e3d00000, 0x00000000e3d00000, 0x00000000e3e00000)
 concurrent mark-sweep generation total 54356K, used 48546K [0x00000000ecca0000, 0x00000000f01b5000, 0x0000000100000000)
 Metaspace       used 46276K, capacity 48320K, committed 48512K, reserved 1091584K
  class space    used 5804K, capacity 6232K, committed 6272K, reserved 1048576K
}
2020-11-07T20:04:37.952+0800: 31.798: Application time: 0.0054844 seconds
2020-11-07T20:04:37.952+0800: 31.798: [GC (CMS Final Remark) [YG occupancy: 8383 K (9216 K)]2020-11-07T20:04:37.952+0800: 31.798: [Rescan (parallel) , 0.0033944 secs]2020-11-07T20:04:37.956+0800: 31.801: [weak refs processing, 0.0000719 secs]2020-11-07T20:04:37.956+0800: 31.801: [class unloading, 0.0097891 secs]2020-11-07T20:04:37.965+0800: 31.811: [scrub symbol table, 0.0168997 secs]2020-11-07T20:04:37.982+0800: 31.828: [scrub string table, 0.0017662 secs][1 CMS-remark: 48546K(54356K)] 56930K(63572K), 0.0321218 secs] [Times: user=0.03 sys=0.00, real=0.03 secs] 
2020-11-07T20:04:37.995+0800: 31.841: [CMS-concurrent-sweep-start]
2020-11-07T20:04:38.001+0800: 31.846: Application time: 0.0162220 seconds
{Heap before GC invocations=304 (full 34):
 par new generation   total 9216K, used 8818K [0x00000000e3400000, 0x00000000e3e00000, 0x00000000ecca0000)
  eden space 8192K, 100% used [0x00000000e3400000, 0x00000000e3c00000, 0x00000000e3c00000)
  from space 1024K,  61% used [0x00000000e3c00000, 0x00000000e3c9cb70, 0x00000000e3d00000)
  to   space 1024K,   0% used [0x00000000e3d00000, 0x00000000e3d00000, 0x00000000e3e00000)
 concurrent mark-sweep generation total 54356K, used 48442K [0x00000000ecca0000, 0x00000000f01b5000, 0x0000000100000000)
 Metaspace       used 46276K, capacity 48320K, committed 48512K, reserved 1091584K
  class space    used 5804K, capacity 6232K, committed 6272K, reserved 1048576K
2020-11-07T20:04:38.001+0800: 31.846: [GC (Allocation Failure) 2020-11-07T20:04:38.001+0800: 31.847: [ParNew: 8818K->619K(9216K), 0.0173314 secs] 57261K->49061K(63572K), 0.0174349 secs] [Times: user=0.01 sys=0.00, real=0.02 secs] 
Heap after GC invocations=305 (full 34):
 par new generation   total 9216K, used 619K [0x00000000e3400000, 0x00000000e3e00000, 0x00000000ecca0000)
  eden space 8192K,   0% used [0x00000000e3400000, 0x00000000e3400000, 0x00000000e3c00000)
  from space 1024K,  60% used [0x00000000e3d00000, 0x00000000e3d9ac68, 0x00000000e3e00000)
  to   space 1024K,   0% used [0x00000000e3c00000, 0x00000000e3c00000, 0x00000000e3d00000)
 concurrent mark-sweep generation total 54356K, used 48442K [0x00000000ecca0000, 0x00000000f01b5000, 0x0000000100000000)
 Metaspace       used 46276K, capacity 48320K, committed 48512K, reserved 1091584K
  class space    used 5804K, capacity 6232K, committed 6272K, reserved 1048576K
}
2020-11-07T20:04:38.045+0800: 31.891: [CMS-concurrent-sweep: 0.021/0.050 secs] [Times: user=0.05 sys=0.00, real=0.05 secs] 
2020-11-07T20:04:38.045+0800: 31.891: [CMS-concurrent-reset-start]
2020-11-07T20:04:38.053+0800: 31.899: Application time: 0.0348170 seconds
{Heap before GC invocations=305 (full 34):
 par new generation   total 9216K, used 8809K [0x00000000e3400000, 0x00000000e3e00000, 0x00000000ecca0000)
  eden space 8192K,  99% used [0x00000000e3400000, 0x00000000e3bff958, 0x00000000e3c00000)
  from space 1024K,  60% used [0x00000000e3d00000, 0x00000000e3d9ac68, 0x00000000e3e00000)
  to   space 1024K,   0% used [0x00000000e3c00000, 0x00000000e3c00000, 0x00000000e3d00000)
 concurrent mark-sweep generation total 80192K, used 48113K [0x00000000ecca0000, 0x00000000f1af0000, 0x0000000100000000)
 Metaspace       used 46283K, capacity 48320K, committed 48512K, reserved 1091584K
  class space    used 5805K, capacity 6232K, committed 6272K, reserved 1048576K
2020-11-07T20:04:38.053+0800: 31.899: [GC (Allocation Failure) 2020-11-07T20:04:38.053+0800: 31.899: [ParNew: 8809K->335K(9216K), 0.0051161 secs] 56923K->48449K(89408K), 0.0051855 secs] [Times: user=0.00 sys=0.00, real=0.01 secs] 
Heap after GC invocations=306 (full 34):
 par new generation   total 9216K, used 335K [0x00000000e3400000, 0x00000000e3e00000, 0x00000000ecca0000)
  eden space 8192K,   0% used [0x00000000e3400000, 0x00000000e3400000, 0x00000000e3c00000)
  from space 1024K,  32% used [0x00000000e3c00000, 0x00000000e3c53d48, 0x00000000e3d00000)
  to   space 1024K,   0% used [0x00000000e3d00000, 0x00000000e3d00000, 0x00000000e3e00000)
 concurrent mark-sweep generation total 80192K, used 48113K [0x00000000ecca0000, 0x00000000f1af0000, 0x0000000100000000)
 Metaspace       used 46283K, capacity 48320K, committed 48512K, reserved 1091584K
  class space    used 5805K, capacity 6232K, committed 6272K, reserved 1048576K
}
2020-11-07T20:04:38.062+0800: 31.908: Application time: 0.0033107 seconds
{Heap before GC invocations=306 (full 34):
 par new generation   total 9216K, used 8506K [0x00000000e3400000, 0x00000000e3e00000, 0x00000000ecca0000)
  eden space 8192K,  99% used [0x00000000e3400000, 0x00000000e3bfab98, 0x00000000e3c00000)
  from space 1024K,  32% used [0x00000000e3c00000, 0x00000000e3c53d48, 0x00000000e3d00000)
  to   space 1024K,   0% used [0x00000000e3d00000, 0x00000000e3d00000, 0x00000000e3e00000)
 concurrent mark-sweep generation total 80192K, used 48113K [0x00000000ecca0000, 0x00000000f1af0000, 0x0000000100000000)
 Metaspace       used 46285K, capacity 48320K, committed 48512K, reserved 1091584K
  class space    used 5805K, capacity 6232K, committed 6272K, reserved 1048576K
2020-11-07T20:04:38.062+0800: 31.908: [GC (Allocation Failure) 2020-11-07T20:04:38.062+0800: 31.908: [ParNew: 8506K->299K(9216K), 0.0044005 secs] 56620K->48412K(89408K), 0.0044597 secs] [Times: user=0.01 sys=0.00, real=0.01 secs] 
Heap after GC invocations=307 (full 34):
 par new generation   total 9216K, used 299K [0x00000000e3400000, 0x00000000e3e00000, 0x00000000ecca0000)
  eden space 8192K,   0% used [0x00000000e3400000, 0x00000000e3400000, 0x00000000e3c00000)
  from space 1024K,  29% used [0x00000000e3d00000, 0x00000000e3d4ac50, 0x00000000e3e00000)
  to   space 1024K,   0% used [0x00000000e3c00000, 0x00000000e3c00000, 0x00000000e3d00000)
 concurrent mark-sweep generation total 80192K, used 48113K [0x00000000ecca0000, 0x00000000f1af0000, 0x0000000100000000)
 Metaspace       used 46285K, capacity 48320K, committed 48512K, reserved 1091584K
  class space    used 5805K, capacity 6232K, committed 6272K, reserved 1048576K
}
2020-11-07T20:04:38.069+0800: 31.915: Application time: 0.0023941 seconds
{Heap before GC invocations=307 (full 34):
 par new generation   total 9216K, used 8456K [0x00000000e3400000, 0x00000000e3e00000, 0x00000000ecca0000)
  eden space 8192K,  99% used [0x00000000e3400000, 0x00000000e3bf7630, 0x00000000e3c00000)
  from space 1024K,  29% used [0x00000000e3d00000, 0x00000000e3d4ac50, 0x00000000e3e00000)
  to   space 1024K,   0% used [0x00000000e3c00000, 0x00000000e3c00000, 0x00000000e3d00000)
 concurrent mark-sweep generation total 80192K, used 48113K [0x00000000ecca0000, 0x00000000f1af0000, 0x0000000100000000)
 Metaspace       used 46285K, capacity 48320K, committed 48512K, reserved 1091584K
  class space    used 5805K, capacity 6232K, committed 6272K, reserved 1048576K
2020-11-07T20:04:38.069+0800: 31.915: [GC (Allocation Failure) 2020-11-07T20:04:38.069+0800: 31.915: [ParNew: 8456K->319K(9216K), 0.0036010 secs] 56570K->48433K(89408K), 0.0036349 secs] [Times: user=0.00 sys=0.00, real=0.00 secs] 
Heap after GC invocations=308 (full 34):
 par new generation   total 9216K, used 319K [0x00000000e3400000, 0x00000000e3e00000, 0x00000000ecca0000)
  eden space 8192K,   0% used [0x00000000e3400000, 0x00000000e3400000, 0x00000000e3c00000)
  from space 1024K,  31% used [0x00000000e3c00000, 0x00000000e3c4fd70, 0x00000000e3d00000)
  to   space 1024K,   0% used [0x00000000e3d00000, 0x00000000e3d00000, 0x00000000e3e00000)
 concurrent mark-sweep generation total 80192K, used 48113K [0x00000000ecca0000, 0x00000000f1af0000, 0x0000000100000000)
 Metaspace       used 46285K, capacity 48320K, committed 48512K, reserved 1091584K
  class space    used 5805K, capacity 6232K, committed 6272K, reserved 1048576K
}
2020-11-07T20:04:38.074+0800: 31.920: [CMS-concurrent-reset: 0.008/0.029 secs] [Times: user=0.02 sys=0.00, real=0.02 secs] 
2020-11-07T20:04:38.076+0800: 31.921: Application time: 0.0030477 seconds
{Heap before GC invocations=308 (full 34):
 par new generation   total 9216K, used 8500K [0x00000000e3400000, 0x00000000e3e00000, 0x00000000ecca0000)
  eden space 8192K,  99% used [0x00000000e3400000, 0x00000000e3bfd560, 0x00000000e3c00000)
  from space 1024K,  31% used [0x00000000e3c00000, 0x00000000e3c4fd70, 0x00000000e3d00000)
  to   space 1024K,   0% used [0x00000000e3d00000, 0x00000000e3d00000, 0x00000000e3e00000)
 concurrent mark-sweep generation total 80192K, used 48113K [0x00000000ecca0000, 0x00000000f1af0000, 0x0000000100000000)
 Metaspace       used 46285K, capacity 48320K, committed 48512K, reserved 1091584K
  class space    used 5805K, capacity 6232K, committed 6272K, reserved 1048576K
2020-11-07T20:04:38.076+0800: 31.922: [GC (Allocation Failure) 2020-11-07T20:04:38.076+0800: 31.922: [ParNew: 8500K->332K(9216K), 0.0125229 secs] 56614K->48446K(89408K), 0.0125861 secs] [Times: user=0.01 sys=0.00, real=0.01 secs] 
Heap after GC invocations=309 (full 34):
 par new generation   total 9216K, used 332K [0x00000000e3400000, 0x00000000e3e00000, 0x00000000ecca0000)
  eden space 8192K,   0% used [0x00000000e3400000, 0x00000000e3400000, 0x00000000e3c00000)
  from space 1024K,  32% used [0x00000000e3d00000, 0x00000000e3d531b8, 0x00000000e3e00000)
  to   space 1024K,   0% used [0x00000000e3c00000, 0x00000000e3c00000, 0x00000000e3d00000)
 concurrent mark-sweep generation total 80192K, used 48113K [0x00000000ecca0000, 0x00000000f1af0000, 0x0000000100000000)
 Metaspace       used 46285K, capacity 48320K, committed 48512K, reserved 1091584K
  class space    used 5805K, capacity 6232K, committed 6272K, reserved 1048576K
}
2020-11-07T20:04:38.117+0800: 31.963: Application time: 0.0284399 seconds
{Heap before GC invocations=309 (full 34):
 par new generation   total 9216K, used 8524K [0x00000000e3400000, 0x00000000e3e00000, 0x00000000ecca0000)
  eden space 8192K, 100% used [0x00000000e3400000, 0x00000000e3c00000, 0x00000000e3c00000)
  from space 1024K,  32% used [0x00000000e3d00000, 0x00000000e3d531b8, 0x00000000e3e00000)
  to   space 1024K,   0% used [0x00000000e3c00000, 0x00000000e3c00000, 0x00000000e3d00000)
 concurrent mark-sweep generation total 80192K, used 48113K [0x00000000ecca0000, 0x00000000f1af0000, 0x0000000100000000)
 Metaspace       used 46428K, capacity 48416K, committed 48512K, reserved 1091584K
  class space    used 5833K, capacity 6264K, committed 6272K, reserved 1048576K
2020-11-07T20:04:38.117+0800: 31.963: [GC (Allocation Failure) 2020-11-07T20:04:38.117+0800: 31.963: [ParNew: 8524K->548K(9216K), 0.0061052 secs] 56638K->48662K(89408K), 0.0061643 secs] [Times: user=0.00 sys=0.00, real=0.00 secs] 
Heap after GC invocations=310 (full 34):
 par new generation   total 9216K, used 548K [0x00000000e3400000, 0x00000000e3e00000, 0x00000000ecca0000)
  eden space 8192K,   0% used [0x00000000e3400000, 0x00000000e3400000, 0x00000000e3c00000)
  from space 1024K,  53% used [0x00000000e3c00000, 0x00000000e3c892e0, 0x00000000e3d00000)
  to   space 1024K,   0% used [0x00000000e3d00000, 0x00000000e3d00000, 0x00000000e3e00000)
 concurrent mark-sweep generation total 80192K, used 48113K [0x00000000ecca0000, 0x00000000f1af0000, 0x0000000100000000)
 Metaspace       used 46428K, capacity 48416K, committed 48512K, reserved 1091584K
  class space    used 5833K, capacity 6264K, committed 6272K, reserved 1048576K
}
2020-11-07T20:04:38.191+0800: 32.037: Application time: 0.0676226 seconds
{Heap before GC invocations=310 (full 34):
 par new generation   total 9216K, used 8740K [0x00000000e3400000, 0x00000000e3e00000, 0x00000000ecca0000)
  eden space 8192K, 100% used [0x00000000e3400000, 0x00000000e3c00000, 0x00000000e3c00000)
  from space 1024K,  53% used [0x00000000e3c00000, 0x00000000e3c892e0, 0x00000000e3d00000)
  to   space 1024K,   0% used [0x00000000e3d00000, 0x00000000e3d00000, 0x00000000e3e00000)
 concurrent mark-sweep generation total 80192K, used 48113K [0x00000000ecca0000, 0x00000000f1af0000, 0x0000000100000000)
 Metaspace       used 46650K, capacity 48672K, committed 48896K, reserved 1091584K
  class space    used 5896K, capacity 6328K, committed 6400K, reserved 1048576K
2020-11-07T20:04:38.191+0800: 32.037: [GC (Allocation Failure) 2020-11-07T20:04:38.191+0800: 32.037: [ParNew: 8740K->358K(9216K), 0.0112562 secs] 56854K->48472K(89408K), 0.0113157 secs] [Times: user=0.01 sys=0.00, real=0.01 secs] 
Heap after GC invocations=311 (full 34):
 par new generation   total 9216K, used 358K [0x00000000e3400000, 0x00000000e3e00000, 0x00000000ecca0000)
  eden space 8192K,   0% used [0x00000000e3400000, 0x00000000e3400000, 0x00000000e3c00000)
  from space 1024K,  34% used [0x00000000e3d00000, 0x00000000e3d59978, 0x00000000e3e00000)
  to   space 1024K,   0% used [0x00000000e3c00000, 0x00000000e3c00000, 0x00000000e3d00000)
 concurrent mark-sweep generation total 80192K, used 48113K [0x00000000ecca0000, 0x00000000f1af0000, 0x0000000100000000)
 Metaspace       used 46650K, capacity 48672K, committed 48896K, reserved 1091584K
  class space    used 5896K, capacity 6328K, committed 6400K, reserved 1048576K
}
2020-11-07T20:04:38.253+0800: 32.099: Application time: 0.0510083 seconds
{Heap before GC invocations=311 (full 34):
 par new generation   total 9216K, used 8550K [0x00000000e3400000, 0x00000000e3e00000, 0x00000000ecca0000)
  eden space 8192K, 100% used [0x00000000e3400000, 0x00000000e3c00000, 0x00000000e3c00000)
  from space 1024K,  34% used [0x00000000e3d00000, 0x00000000e3d59978, 0x00000000e3e00000)
  to   space 1024K,   0% used [0x00000000e3c00000, 0x00000000e3c00000, 0x00000000e3d00000)
 concurrent mark-sweep generation total 80192K, used 48113K [0x00000000ecca0000, 0x00000000f1af0000, 0x0000000100000000)
 Metaspace       used 46864K, capacity 48916K, committed 49152K, reserved 1091584K
  class space    used 5942K, capacity 6368K, committed 6400K, reserved 1048576K
2020-11-07T20:04:38.254+0800: 32.099: [GC (Allocation Failure) 2020-11-07T20:04:38.254+0800: 32.099: [ParNew: 8550K->490K(9216K), 0.0208899 secs] 56664K->48603K(89408K), 0.0209543 secs] [Times: user=0.02 sys=0.00, real=0.03 secs] 
Heap after GC invocations=312 (full 34):
 par new generation   total 9216K, used 490K [0x00000000e3400000, 0x00000000e3e00000, 0x00000000ecca0000)
  eden space 8192K,   0% used [0x00000000e3400000, 0x00000000e3400000, 0x00000000e3c00000)
  from space 1024K,  47% used [0x00000000e3c00000, 0x00000000e3c7a898, 0x00000000e3d00000)
  to   space 1024K,   0% used [0x00000000e3d00000, 0x00000000e3d00000, 0x00000000e3e00000)
 concurrent mark-sweep generation total 80192K, used 48113K [0x00000000ecca0000, 0x00000000f1af0000, 0x0000000100000000)
 Metaspace       used 46864K, capacity 48916K, committed 49152K, reserved 1091584K
  class space    used 5942K, capacity 6368K, committed 6400K, reserved 1048576K
}
2020-11-07T20:04:38.320+0800: 32.166: Application time: 0.0454804 seconds
{Heap before GC invocations=312 (full 34):
 par new generation   total 9216K, used 8682K [0x00000000e3400000, 0x00000000e3e00000, 0x00000000ecca0000)
  eden space 8192K, 100% used [0x00000000e3400000, 0x00000000e3c00000, 0x00000000e3c00000)
  from space 1024K,  47% used [0x00000000e3c00000, 0x00000000e3c7a898, 0x00000000e3d00000)
  to   space 1024K,   0% used [0x00000000e3d00000, 0x00000000e3d00000, 0x00000000e3e00000)
 concurrent mark-sweep generation total 80192K, used 48113K [0x00000000ecca0000, 0x00000000f1af0000, 0x0000000100000000)
 Metaspace       used 47024K, capacity 49076K, committed 49152K, reserved 1091584K
  class space    used 5986K, capacity 6400K, committed 6400K, reserved 1048576K
2020-11-07T20:04:38.320+0800: 32.166: [GC (Allocation Failure) 2020-11-07T20:04:38.320+0800: 32.166: [ParNew: 8682K->328K(9216K), 0.0139180 secs] 56795K->48441K(89408K), 0.0139725 secs] [Times: user=0.01 sys=0.00, real=0.01 secs] 
Heap after GC invocations=313 (full 34):
 par new generation   total 9216K, used 328K [0x00000000e3400000, 0x00000000e3e00000, 0x00000000ecca0000)
  eden space 8192K,   0% used [0x00000000e3400000, 0x00000000e3400000, 0x00000000e3c00000)
  from space 1024K,  32% used [0x00000000e3d00000, 0x00000000e3d520b8, 0x00000000e3e00000)
  to   space 1024K,   0% used [0x00000000e3c00000, 0x00000000e3c00000, 0x00000000e3d00000)
 concurrent mark-sweep generation total 80192K, used 48113K [0x00000000ecca0000, 0x00000000f1af0000, 0x0000000100000000)
 Metaspace       used 47024K, capacity 49076K, committed 49152K, reserved 1091584K
  class space    used 5986K, capacity 6400K, committed 6400K, reserved 1048576K
}
2020-11-07T20:04:38.366+0800: 32.212: Application time: 0.0314866 seconds
{Heap before GC invocations=313 (full 34):
 par new generation   total 9216K, used 8509K [0x00000000e3400000, 0x00000000e3e00000, 0x00000000ecca0000)
  eden space 8192K,  99% used [0x00000000e3400000, 0x00000000e3bfd728, 0x00000000e3c00000)
  from space 1024K,  32% used [0x00000000e3d00000, 0x00000000e3d520b8, 0x00000000e3e00000)
  to   space 1024K,   0% used [0x00000000e3c00000, 0x00000000e3c00000, 0x00000000e3d00000)
 concurrent mark-sweep generation total 80192K, used 48113K [0x00000000ecca0000, 0x00000000f1af0000, 0x0000000100000000)
 Metaspace       used 47139K, capacity 49236K, committed 49536K, reserved 1091584K
  class space    used 6005K, capacity 6432K, committed 6528K, reserved 1048576K
2020-11-07T20:04:38.366+0800: 32.212: [GC (Allocation Failure) 2020-11-07T20:04:38.366+0800: 32.212: [ParNew: 8509K->260K(9216K), 0.0146603 secs] 56623K->48374K(89408K), 0.0147115 secs] [Times: user=0.01 sys=0.00, real=0.01 secs] 
Heap after GC invocations=314 (full 34):
 par new generation   total 9216K, used 260K [0x00000000e3400000, 0x00000000e3e00000, 0x00000000ecca0000)
  eden space 8192K,   0% used [0x00000000e3400000, 0x00000000e3400000, 0x00000000e3c00000)
  from space 1024K,  25% used [0x00000000e3c00000, 0x00000000e3c41338, 0x00000000e3d00000)
  to   space 1024K,   0% used [0x00000000e3d00000, 0x00000000e3d00000, 0x00000000e3e00000)
 concurrent mark-sweep generation total 80192K, used 48113K [0x00000000ecca0000, 0x00000000f1af0000, 0x0000000100000000)
 Metaspace       used 47139K, capacity 49236K, committed 49536K, reserved 1091584K
  class space    used 6005K, capacity 6432K, committed 6528K, reserved 1048576K
}
2020-11-07T20:04:38.383+0800: 32.229: Application time: 0.0023794 seconds
{Heap before GC invocations=314 (full 34):
 par new generation   total 9216K, used 8446K [0x00000000e3400000, 0x00000000e3e00000, 0x00000000ecca0000)
  eden space 8192K,  99% used [0x00000000e3400000, 0x00000000e3bfe718, 0x00000000e3c00000)
  from space 1024K,  25% used [0x00000000e3c00000, 0x00000000e3c41338, 0x00000000e3d00000)
  to   space 1024K,   0% used [0x00000000e3d00000, 0x00000000e3d00000, 0x00000000e3e00000)
 concurrent mark-sweep generation total 80192K, used 48113K [0x00000000ecca0000, 0x00000000f1af0000, 0x0000000100000000)
 Metaspace       used 47139K, capacity 49236K, committed 49536K, reserved 1091584K
  class space    used 6005K, capacity 6432K, committed 6528K, reserved 1048576K
2020-11-07T20:04:38.383+0800: 32.229: [GC (Allocation Failure) 2020-11-07T20:04:38.383+0800: 32.229: [ParNew: 8446K->284K(9216K), 0.0131229 secs] 56560K->48400K(89408K), 0.0131799 secs] [Times: user=0.01 sys=0.00, real=0.02 secs] 
Heap after GC invocations=315 (full 34):
 par new generation   total 9216K, used 284K [0x00000000e3400000, 0x00000000e3e00000, 0x00000000ecca0000)
  eden space 8192K,   0% used [0x00000000e3400000, 0x00000000e3400000, 0x00000000e3c00000)
  from space 1024K,  27% used [0x00000000e3d00000, 0x00000000e3d47058, 0x00000000e3e00000)
  to   space 1024K,   0% used [0x00000000e3c00000, 0x00000000e3c00000, 0x00000000e3d00000)
 concurrent mark-sweep generation total 80192K, used 48115K [0x00000000ecca0000, 0x00000000f1af0000, 0x0000000100000000)
 Metaspace       used 47139K, capacity 49236K, committed 49536K, reserved 1091584K
  class space    used 6005K, capacity 6432K, committed 6528K, reserved 1048576K
}
2020-11-07T20:04:38.403+0800: 32.248: Application time: 0.0060383 seconds
{Heap before GC invocations=315 (full 34):
 par new generation   total 9216K, used 8458K [0x00000000e3400000, 0x00000000e3e00000, 0x00000000ecca0000)
  eden space 8192K,  99% used [0x00000000e3400000, 0x00000000e3bfb800, 0x00000000e3c00000)
  from space 1024K,  27% used [0x00000000e3d00000, 0x00000000e3d47058, 0x00000000e3e00000)
  to   space 1024K,   0% used [0x00000000e3c00000, 0x00000000e3c00000, 0x00000000e3d00000)
 concurrent mark-sweep generation total 80192K, used 48115K [0x00000000ecca0000, 0x00000000f1af0000, 0x0000000100000000)
 Metaspace       used 47140K, capacity 49236K, committed 49536K, reserved 1091584K
  class space    used 6005K, capacity 6432K, committed 6528K, reserved 1048576K
2020-11-07T20:04:38.403+0800: 32.249: [GC (Allocation Failure) 2020-11-07T20:04:38.403+0800: 32.249: [ParNew: 8458K->292K(9216K), 0.0053098 secs] 56574K->48408K(89408K), 0.0053666 secs] [Times: user=0.01 sys=0.00, real=0.01 secs] 
Heap after GC invocations=316 (full 34):
 par new generation   total 9216K, used 292K [0x00000000e3400000, 0x00000000e3e00000, 0x00000000ecca0000)
  eden space 8192K,   0% used [0x00000000e3400000, 0x00000000e3400000, 0x00000000e3c00000)
  from space 1024K,  28% used [0x00000000e3c00000, 0x00000000e3c49250, 0x00000000e3d00000)
  to   space 1024K,   0% used [0x00000000e3d00000, 0x00000000e3d00000, 0x00000000e3e00000)
 concurrent mark-sweep generation total 80192K, used 48116K [0x00000000ecca0000, 0x00000000f1af0000, 0x0000000100000000)
 Metaspace       used 47140K, capacity 49236K, committed 49536K, reserved 1091584K
  class space    used 6005K, capacity 6432K, committed 6528K, reserved 1048576K
}
2020-11-07T20:04:38.417+0800: 32.263: Application time: 0.0093106 seconds
2020-11-07T20:04:38.419+0800: 32.265: [GC (CMS Initial Mark) [1 CMS-initial-mark: 48116K(80192K)] 56533K(89408K), 0.0033684 secs] [Times: user=0.00 sys=0.00, real=0.00 secs] 
2020-11-07T20:04:38.422+0800: 32.268: [CMS-concurrent-mark-start]
2020-11-07T20:04:38.437+0800: 32.283: Application time: 0.0147037 seconds
{Heap before GC invocations=316 (full 35):
 par new generation   total 9216K, used 8484K [0x00000000e3400000, 0x00000000e3e00000, 0x00000000ecca0000)
  eden space 8192K, 100% used [0x00000000e3400000, 0x00000000e3c00000, 0x00000000e3c00000)
  from space 1024K,  28% used [0x00000000e3c00000, 0x00000000e3c49250, 0x00000000e3d00000)
  to   space 1024K,   0% used [0x00000000e3d00000, 0x00000000e3d00000, 0x00000000e3e00000)
 concurrent mark-sweep generation total 80192K, used 48116K [0x00000000ecca0000, 0x00000000f1af0000, 0x0000000100000000)
 Metaspace       used 47142K, capacity 49236K, committed 49536K, reserved 1091584K
  class space    used 6006K, capacity 6432K, committed 6528K, reserved 1048576K
2020-11-07T20:04:38.437+0800: 32.283: [GC (Allocation Failure) 2020-11-07T20:04:38.437+0800: 32.283: [ParNew: 8484K->518K(9216K), 0.8573565 secs] 56600K->48634K(89408K), 0.8574345 secs] [Times: user=0.81 sys=0.01, real=0.86 secs] 
Heap after GC invocations=317 (full 35):
 par new generation   total 9216K, used 518K [0x00000000e3400000, 0x00000000e3e00000, 0x00000000ecca0000)
  eden space 8192K,   0% used [0x00000000e3400000, 0x00000000e3400000, 0x00000000e3c00000)
  from space 1024K,  50% used [0x00000000e3d00000, 0x00000000e3d81938, 0x00000000e3e00000)
  to   space 1024K,   0% used [0x00000000e3c00000, 0x00000000e3c00000, 0x00000000e3d00000)
 concurrent mark-sweep generation total 80192K, used 48116K [0x00000000ecca0000, 0x00000000f1af0000, 0x0000000100000000)
 Metaspace       used 47142K, capacity 49236K, committed 49536K, reserved 1091584K
  class space    used 6006K, capacity 6432K, committed 6528K, reserved 1048576K
}
2020-11-07T20:04:39.353+0800: 33.199: Application time: 0.0587003 seconds
{Heap before GC invocations=317 (full 35):
 par new generation   total 9216K, used 8710K [0x00000000e3400000, 0x00000000e3e00000, 0x00000000ecca0000)
  eden space 8192K, 100% used [0x00000000e3400000, 0x00000000e3c00000, 0x00000000e3c00000)
  from space 1024K,  50% used [0x00000000e3d00000, 0x00000000e3d81938, 0x00000000e3e00000)
  to   space 1024K,   0% used [0x00000000e3c00000, 0x00000000e3c00000, 0x00000000e3d00000)
 concurrent mark-sweep generation total 80192K, used 48116K [0x00000000ecca0000, 0x00000000f1af0000, 0x0000000100000000)
 Metaspace       used 47226K, capacity 49300K, committed 49536K, reserved 1091584K
  class space    used 6020K, capacity 6432K, committed 6528K, reserved 1048576K
2020-11-07T20:04:39.353+0800: 33.199: [GC (Allocation Failure) 2020-11-07T20:04:39.354+0800: 33.199: [ParNew: 8710K->596K(9216K), 0.0099474 secs] 56826K->48712K(89408K), 0.0100019 secs] [Times: user=0.01 sys=0.00, real=0.01 secs] 
Heap after GC invocations=318 (full 35):
 par new generation   total 9216K, used 596K [0x00000000e3400000, 0x00000000e3e00000, 0x00000000ecca0000)
  eden space 8192K,   0% used [0x00000000e3400000, 0x00000000e3400000, 0x00000000e3c00000)
  from space 1024K,  58% used [0x00000000e3c00000, 0x00000000e3c95018, 0x00000000e3d00000)
  to   space 1024K,   0% used [0x00000000e3d00000, 0x00000000e3d00000, 0x00000000e3e00000)
 concurrent mark-sweep generation total 80192K, used 48116K [0x00000000ecca0000, 0x00000000f1af0000, 0x0000000100000000)
 Metaspace       used 47226K, capacity 49300K, committed 49536K, reserved 1091584K
  class space    used 6020K, capacity 6432K, committed 6528K, reserved 1048576K
}
2020-11-07T20:04:39.419+0800: 33.265: Application time: 0.0551354 seconds
{Heap before GC invocations=318 (full 35):
 par new generation   total 9216K, used 8788K [0x00000000e3400000, 0x00000000e3e00000, 0x00000000ecca0000)
  eden space 8192K, 100% used [0x00000000e3400000, 0x00000000e3c00000, 0x00000000e3c00000)
  from space 1024K,  58% used [0x00000000e3c00000, 0x00000000e3c95018, 0x00000000e3d00000)
  to   space 1024K,   0% used [0x00000000e3d00000, 0x00000000e3d00000, 0x00000000e3e00000)
 concurrent mark-sweep generation total 80192K, used 48116K [0x00000000ecca0000, 0x00000000f1af0000, 0x0000000100000000)
 Metaspace       used 47368K, capacity 49460K, committed 49792K, reserved 1093632K
  class space    used 6043K, capacity 6464K, committed 6528K, reserved 1048576K
2020-11-07T20:04:39.419+0800: 33.265: [GC (Allocation Failure) 2020-11-07T20:04:39.419+0800: 33.265: [ParNew: 8788K->725K(9216K), 0.0159459 secs] 56904K->48912K(89408K), 0.0160087 secs] [Times: user=0.02 sys=0.00, real=0.02 secs] 
Heap after GC invocations=319 (full 35):
 par new generation   total 9216K, used 725K [0x00000000e3400000, 0x00000000e3e00000, 0x00000000ecca0000)
  eden space 8192K,   0% used [0x00000000e3400000, 0x00000000e3400000, 0x00000000e3c00000)
  from space 1024K,  70% used [0x00000000e3d00000, 0x00000000e3db5750, 0x00000000e3e00000)
  to   space 1024K,   0% used [0x00000000e3c00000, 0x00000000e3c00000, 0x00000000e3d00000)
 concurrent mark-sweep generation total 80192K, used 48186K [0x00000000ecca0000, 0x00000000f1af0000, 0x0000000100000000)
 Metaspace       used 47368K, capacity 49460K, committed 49792K, reserved 1093632K
  class space    used 6043K, capacity 6464K, committed 6528K, reserved 1048576K
}
2020-11-07T20:04:39.495+0800: 33.341: [CMS-concurrent-mark: 0.175/1.073 secs] [Times: user=1.01 sys=0.01, real=1.08 secs] 
2020-11-07T20:04:39.495+0800: 33.341: [CMS-concurrent-preclean-start]
2020-11-07T20:04:39.513+0800: 33.358: [CMS-concurrent-preclean: 0.017/0.017 secs] [Times: user=0.01 sys=0.01, real=0.01 secs] 
2020-11-07T20:04:39.513+0800: 33.358: [CMS-concurrent-abortable-preclean-start]
2020-11-07T20:04:39.524+0800: 33.370: Application time: 0.0893697 seconds
{Heap before GC invocations=319 (full 35):
 par new generation   total 9216K, used 8917K [0x00000000e3400000, 0x00000000e3e00000, 0x00000000ecca0000)
  eden space 8192K, 100% used [0x00000000e3400000, 0x00000000e3c00000, 0x00000000e3c00000)
  from space 1024K,  70% used [0x00000000e3d00000, 0x00000000e3db5750, 0x00000000e3e00000)
  to   space 1024K,   0% used [0x00000000e3c00000, 0x00000000e3c00000, 0x00000000e3d00000)
 concurrent mark-sweep generation total 80192K, used 48186K [0x00000000ecca0000, 0x00000000f1af0000, 0x0000000100000000)
 Metaspace       used 47519K, capacity 49620K, committed 49792K, reserved 1093632K
  class space    used 6066K, capacity 6496K, committed 6528K, reserved 1048576K
2020-11-07T20:04:39.524+0800: 33.370: [GC (Allocation Failure) 2020-11-07T20:04:39.525+0800: 33.370: [ParNew: 8917K->460K(9216K), 0.0211595 secs] 57104K->48997K(89408K), 0.0212449 secs] [Times: user=0.02 sys=0.00, real=0.02 secs] 
Heap after GC invocations=320 (full 35):
 par new generation   total 9216K, used 460K [0x00000000e3400000, 0x00000000e3e00000, 0x00000000ecca0000)
  eden space 8192K,   0% used [0x00000000e3400000, 0x00000000e3400000, 0x00000000e3c00000)
  from space 1024K,  44% used [0x00000000e3c00000, 0x00000000e3c73070, 0x00000000e3d00000)
  to   space 1024K,   0% used [0x00000000e3d00000, 0x00000000e3d00000, 0x00000000e3e00000)
 concurrent mark-sweep generation total 80192K, used 48537K [0x00000000ecca0000, 0x00000000f1af0000, 0x0000000100000000)
 Metaspace       used 47519K, capacity 49620K, committed 49792K, reserved 1093632K
  class space    used 6066K, capacity 6496K, committed 6528K, reserved 1048576K
}
2020-11-07T20:04:39.627+0800: 33.473: Application time: 0.0809667 seconds
2020-11-07T20:04:39.649+0800: 33.495: Application time: 0.0211671 seconds
{Heap before GC invocations=320 (full 35):
 par new generation   total 9216K, used 8645K [0x00000000e3400000, 0x00000000e3e00000, 0x00000000ecca0000)
  eden space 8192K,  99% used [0x00000000e3400000, 0x00000000e3bfe528, 0x00000000e3c00000)
  from space 1024K,  44% used [0x00000000e3c00000, 0x00000000e3c73070, 0x00000000e3d00000)
  to   space 1024K,   0% used [0x00000000e3d00000, 0x00000000e3d00000, 0x00000000e3e00000)
 concurrent mark-sweep generation total 80192K, used 48537K [0x00000000ecca0000, 0x00000000f1af0000, 0x0000000100000000)
 Metaspace       used 47751K, capacity 49812K, committed 50048K, reserved 1093632K
  class space    used 6091K, capacity 6496K, committed 6528K, reserved 1048576K
2020-11-07T20:04:39.649+0800: 33.495: [GC (Allocation Failure) 2020-11-07T20:04:39.649+0800: 33.495: [ParNew: 8645K->506K(9216K), 0.0098918 secs] 57182K->49043K(89408K), 0.0099511 secs] [Times: user=0.01 sys=0.00, real=0.01 secs] 
Heap after GC invocations=321 (full 35):
 par new generation   total 9216K, used 506K [0x00000000e3400000, 0x00000000e3e00000, 0x00000000ecca0000)
  eden space 8192K,   0% used [0x00000000e3400000, 0x00000000e3400000, 0x00000000e3c00000)
  from space 1024K,  49% used [0x00000000e3d00000, 0x00000000e3d7e8d0, 0x00000000e3e00000)
  to   space 1024K,   0% used [0x00000000e3c00000, 0x00000000e3c00000, 0x00000000e3d00000)
 concurrent mark-sweep generation total 80192K, used 48537K [0x00000000ecca0000, 0x00000000f1af0000, 0x0000000100000000)
 Metaspace       used 47751K, capacity 49812K, committed 50048K, reserved 1093632K
  class space    used 6091K, capacity 6496K, committed 6528K, reserved 1048576K
}
2020-11-07T20:04:39.660+0800: 33.506: [CMS-concurrent-abortable-preclean: 0.040/0.147 secs] [Times: user=0.14 sys=0.00, real=0.15 secs] 
2020-11-07T20:04:39.667+0800: 33.513: Application time: 0.0080148 seconds
2020-11-07T20:04:39.668+0800: 33.514: [GC (CMS Final Remark) [YG occupancy: 1692 K (9216 K)]2020-11-07T20:04:39.668+0800: 33.514: [Rescan (parallel) , 0.0145554 secs]2020-11-07T20:04:39.683+0800: 33.528: [weak refs processing, 0.0000977 secs]2020-11-07T20:04:39.683+0800: 33.529: [class unloading, 0.0103675 secs]2020-11-07T20:04:39.693+0800: 33.539: [scrub symbol table, 0.0178860 secs]2020-11-07T20:04:39.711+0800: 33.557: [scrub string table, 0.0011918 secs][1 CMS-remark: 48537K(80192K)] 50229K(89408K), 0.0443276 secs] [Times: user=0.04 sys=0.00, real=0.04 secs] 
2020-11-07T20:04:39.721+0800: 33.566: [CMS-concurrent-sweep-start]
2020-11-07T20:04:39.763+0800: 33.609: [CMS-concurrent-sweep: 0.043/0.043 secs] [Times: user=0.04 sys=0.00, real=0.04 secs] 
2020-11-07T20:04:39.763+0800: 33.609: [CMS-concurrent-reset-start]
2020-11-07T20:04:39.765+0800: 33.610: [CMS-concurrent-reset: 0.001/0.001 secs] [Times: user=0.00 sys=0.00, real=0.01 secs] 
2020-11-07T20:04:39.779+0800: 33.624: Application time: 0.0662110 seconds
2020-11-07T20:04:39.780+0800: 33.626: Application time: 0.0017282 seconds
{Heap before GC invocations=321 (full 35):
 par new generation   total 9216K, used 8698K [0x00000000e3400000, 0x00000000e3e00000, 0x00000000ecca0000)
  eden space 8192K, 100% used [0x00000000e3400000, 0x00000000e3c00000, 0x00000000e3c00000)
  from space 1024K,  49% used [0x00000000e3d00000, 0x00000000e3d7e8d0, 0x00000000e3e00000)
  to   space 1024K,   0% used [0x00000000e3c00000, 0x00000000e3c00000, 0x00000000e3d00000)
 concurrent mark-sweep generation total 80192K, used 33020K [0x00000000ecca0000, 0x00000000f1af0000, 0x0000000100000000)
 Metaspace       used 47978K, capacity 50004K, committed 50176K, reserved 1093632K
  class space    used 6132K, capacity 6560K, committed 6656K, reserved 1048576K
2020-11-07T20:04:39.781+0800: 33.626: [GC (Allocation Failure) 2020-11-07T20:04:39.781+0800: 33.626: [ParNew: 8698K->590K(9216K), 0.0121109 secs] 41719K->33611K(89408K), 0.0121932 secs] [Times: user=0.01 sys=0.00, real=0.01 secs] 
Heap after GC invocations=322 (full 35):
 par new generation   total 9216K, used 590K [0x00000000e3400000, 0x00000000e3e00000, 0x00000000ecca0000)
  eden space 8192K,   0% used [0x00000000e3400000, 0x00000000e3400000, 0x00000000e3c00000)
  from space 1024K,  57% used [0x00000000e3c00000, 0x00000000e3c93a00, 0x00000000e3d00000)
  to   space 1024K,   0% used [0x00000000e3d00000, 0x00000000e3d00000, 0x00000000e3e00000)
 concurrent mark-sweep generation total 80192K, used 33020K [0x00000000ecca0000, 0x00000000f1af0000, 0x0000000100000000)
 Metaspace       used 47978K, capacity 50004K, committed 50176K, reserved 1093632K
  class space    used 6132K, capacity 6560K, committed 6656K, reserved 1048576K
}
2020-11-07T20:04:39.843+0800: 33.689: Application time: 0.0506805 seconds
{Heap before GC invocations=322 (full 35):
 par new generation   total 9216K, used 8782K [0x00000000e3400000, 0x00000000e3e00000, 0x00000000ecca0000)
  eden space 8192K, 100% used [0x00000000e3400000, 0x00000000e3c00000, 0x00000000e3c00000)
  from space 1024K,  57% used [0x00000000e3c00000, 0x00000000e3c93a00, 0x00000000e3d00000)
  to   space 1024K,   0% used [0x00000000e3d00000, 0x00000000e3d00000, 0x00000000e3e00000)
 concurrent mark-sweep generation total 80192K, used 33020K [0x00000000ecca0000, 0x00000000f1af0000, 0x0000000100000000)
 Metaspace       used 48138K, capacity 50228K, committed 50432K, reserved 1093632K
  class space    used 6158K, capacity 6592K, committed 6656K, reserved 1048576K
2020-11-07T20:04:39.844+0800: 33.689: [GC (Allocation Failure) 2020-11-07T20:04:39.844+0800: 33.690: [ParNew: 8782K->548K(9216K), 0.0444859 secs] 41803K->33569K(89408K), 0.0445530 secs] [Times: user=0.04 sys=0.00, real=0.05 secs] 
Heap after GC invocations=323 (full 35):
 par new generation   total 9216K, used 548K [0x00000000e3400000, 0x00000000e3e00000, 0x00000000ecca0000)
  eden space 8192K,   0% used [0x00000000e3400000, 0x00000000e3400000, 0x00000000e3c00000)
  from space 1024K,  53% used [0x00000000e3d00000, 0x00000000e3d893d0, 0x00000000e3e00000)
  to   space 1024K,   0% used [0x00000000e3c00000, 0x00000000e3c00000, 0x00000000e3d00000)
 concurrent mark-sweep generation total 80192K, used 33020K [0x00000000ecca0000, 0x00000000f1af0000, 0x0000000100000000)
 Metaspace       used 48138K, capacity 50228K, committed 50432K, reserved 1093632K
  class space    used 6158K, capacity 6592K, committed 6656K, reserved 1048576K
}
2020-11-07T20:04:39.923+0800: 33.769: Application time: 0.0348324 seconds
{Heap before GC invocations=323 (full 35):
 par new generation   total 9216K, used 8740K [0x00000000e3400000, 0x00000000e3e00000, 0x00000000ecca0000)
  eden space 8192K, 100% used [0x00000000e3400000, 0x00000000e3c00000, 0x00000000e3c00000)
  from space 1024K,  53% used [0x00000000e3d00000, 0x00000000e3d893d0, 0x00000000e3e00000)
  to   space 1024K,   0% used [0x00000000e3c00000, 0x00000000e3c00000, 0x00000000e3d00000)
 concurrent mark-sweep generation total 80192K, used 33020K [0x00000000ecca0000, 0x00000000f1af0000, 0x0000000100000000)
 Metaspace       used 48457K, capacity 50516K, committed 50688K, reserved 1093632K
  class space    used 6202K, capacity 6624K, committed 6656K, reserved 1048576K
2020-11-07T20:04:39.923+0800: 33.769: [GC (Allocation Failure) 2020-11-07T20:04:39.923+0800: 33.769: [ParNew: 8740K->527K(9216K), 0.0077211 secs] 41761K->33547K(89408K), 0.0077841 secs] [Times: user=0.01 sys=0.00, real=0.01 secs] 
Heap after GC invocations=324 (full 35):
 par new generation   total 9216K, used 527K [0x00000000e3400000, 0x00000000e3e00000, 0x00000000ecca0000)
  eden space 8192K,   0% used [0x00000000e3400000, 0x00000000e3400000, 0x00000000e3c00000)
  from space 1024K,  51% used [0x00000000e3c00000, 0x00000000e3c83c28, 0x00000000e3d00000)
  to   space 1024K,   0% used [0x00000000e3d00000, 0x00000000e3d00000, 0x00000000e3e00000)
 concurrent mark-sweep generation total 80192K, used 33020K [0x00000000ecca0000, 0x00000000f1af0000, 0x0000000100000000)
 Metaspace       used 48457K, capacity 50516K, committed 50688K, reserved 1093632K
  class space    used 6202K, capacity 6624K, committed 6656K, reserved 1048576K
}
2020-11-07T20:04:39.978+0800: 33.824: Application time: 0.0468318 seconds
{Heap before GC invocations=324 (full 35):
 par new generation   total 9216K, used 8719K [0x00000000e3400000, 0x00000000e3e00000, 0x00000000ecca0000)
  eden space 8192K, 100% used [0x00000000e3400000, 0x00000000e3c00000, 0x00000000e3c00000)
  from space 1024K,  51% used [0x00000000e3c00000, 0x00000000e3c83c28, 0x00000000e3d00000)
  to   space 1024K,   0% used [0x00000000e3d00000, 0x00000000e3d00000, 0x00000000e3e00000)
 concurrent mark-sweep generation total 80192K, used 33020K [0x00000000ecca0000, 0x00000000f1af0000, 0x0000000100000000)
 Metaspace       used 48636K, capacity 50676K, committed 50944K, reserved 1093632K
  class space    used 6230K, capacity 6656K, committed 6656K, reserved 1048576K
2020-11-07T20:04:39.978+0800: 33.824: [GC (Allocation Failure) 2020-11-07T20:04:39.978+0800: 33.824: [ParNew: 8719K->532K(9216K), 0.0334462 secs] 41739K->33553K(89408K), 0.0335209 secs] [Times: user=0.03 sys=0.00, real=0.03 secs] 
Heap after GC invocations=325 (full 35):
 par new generation   total 9216K, used 532K [0x00000000e3400000, 0x00000000e3e00000, 0x00000000ecca0000)
  eden space 8192K,   0% used [0x00000000e3400000, 0x00000000e3400000, 0x00000000e3c00000)
  from space 1024K,  51% used [0x00000000e3d00000, 0x00000000e3d850e0, 0x00000000e3e00000)
  to   space 1024K,   0% used [0x00000000e3c00000, 0x00000000e3c00000, 0x00000000e3d00000)
 concurrent mark-sweep generation total 80192K, used 33020K [0x00000000ecca0000, 0x00000000f1af0000, 0x0000000100000000)
 Metaspace       used 48636K, capacity 50676K, committed 50944K, reserved 1093632K
  class space    used 6230K, capacity 6656K, committed 6656K, reserved 1048576K
}
2020-11-07T20:04:40.059+0800: 33.905: Application time: 0.0474844 seconds
{Heap before GC invocations=325 (full 35):
 par new generation   total 9216K, used 8724K [0x00000000e3400000, 0x00000000e3e00000, 0x00000000ecca0000)
  eden space 8192K, 100% used [0x00000000e3400000, 0x00000000e3c00000, 0x00000000e3c00000)
  from space 1024K,  51% used [0x00000000e3d00000, 0x00000000e3d850e0, 0x00000000e3e00000)
  to   space 1024K,   0% used [0x00000000e3c00000, 0x00000000e3c00000, 0x00000000e3d00000)
 concurrent mark-sweep generation total 80192K, used 33020K [0x00000000ecca0000, 0x00000000f1af0000, 0x0000000100000000)
 Metaspace       used 48869K, capacity 50932K, committed 51200K, reserved 1093632K
  class space    used 6246K, capacity 6656K, committed 6656K, reserved 1048576K
2020-11-07T20:04:40.059+0800: 33.905: [GC (Allocation Failure) 2020-11-07T20:04:40.059+0800: 33.905: [ParNew: 8724K->696K(9216K), 0.0266200 secs] 41745K->33717K(89408K), 0.0266755 secs] [Times: user=0.02 sys=0.00, real=0.03 secs] 
Heap after GC invocations=326 (full 35):
 par new generation   total 9216K, used 696K [0x00000000e3400000, 0x00000000e3e00000, 0x00000000ecca0000)
  eden space 8192K,   0% used [0x00000000e3400000, 0x00000000e3400000, 0x00000000e3c00000)
  from space 1024K,  68% used [0x00000000e3c00000, 0x00000000e3cae190, 0x00000000e3d00000)
  to   space 1024K,   0% used [0x00000000e3d00000, 0x00000000e3d00000, 0x00000000e3e00000)
 concurrent mark-sweep generation total 80192K, used 33020K [0x00000000ecca0000, 0x00000000f1af0000, 0x0000000100000000)
 Metaspace       used 48869K, capacity 50932K, committed 51200K, reserved 1093632K
  class space    used 6246K, capacity 6656K, committed 6656K, reserved 1048576K
}
2020-11-07T20:04:40.113+0800: 33.958: Application time: 0.0263880 seconds
{Heap before GC invocations=326 (full 35):
 par new generation   total 9216K, used 8888K [0x00000000e3400000, 0x00000000e3e00000, 0x00000000ecca0000)
  eden space 8192K, 100% used [0x00000000e3400000, 0x00000000e3c00000, 0x00000000e3c00000)
  from space 1024K,  68% used [0x00000000e3c00000, 0x00000000e3cae190, 0x00000000e3d00000)
  to   space 1024K,   0% used [0x00000000e3d00000, 0x00000000e3d00000, 0x00000000e3e00000)
 concurrent mark-sweep generation total 80192K, used 33020K [0x00000000ecca0000, 0x00000000f1af0000, 0x0000000100000000)
 Metaspace       used 49001K, capacity 51028K, committed 51328K, reserved 1093632K
  class space    used 6262K, capacity 6688K, committed 6784K, reserved 1048576K
2020-11-07T20:04:40.113+0800: 33.959: [GC (Allocation Failure) 2020-11-07T20:04:40.113+0800: 33.959: [ParNew: 8888K->626K(9216K), 0.0385357 secs] 41909K->33709K(89408K), 0.0385909 secs] [Times: user=0.03 sys=0.00, real=0.04 secs] 
Heap after GC invocations=327 (full 35):
 par new generation   total 9216K, used 626K [0x00000000e3400000, 0x00000000e3e00000, 0x00000000ecca0000)
  eden space 8192K,   0% used [0x00000000e3400000, 0x00000000e3400000, 0x00000000e3c00000)
  from space 1024K,  61% used [0x00000000e3d00000, 0x00000000e3d9c958, 0x00000000e3e00000)
  to   space 1024K,   0% used [0x00000000e3c00000, 0x00000000e3c00000, 0x00000000e3d00000)
 concurrent mark-sweep generation total 80192K, used 33083K [0x00000000ecca0000, 0x00000000f1af0000, 0x0000000100000000)
 Metaspace       used 49001K, capacity 51028K, committed 51328K, reserved 1093632K
  class space    used 6262K, capacity 6688K, committed 6784K, reserved 1048576K
}
2020-11-07T20:04:40.180+0800: 34.026: Application time: 0.0290432 seconds
{Heap before GC invocations=327 (full 35):
 par new generation   total 9216K, used 8818K [0x00000000e3400000, 0x00000000e3e00000, 0x00000000ecca0000)
  eden space 8192K, 100% used [0x00000000e3400000, 0x00000000e3c00000, 0x00000000e3c00000)
  from space 1024K,  61% used [0x00000000e3d00000, 0x00000000e3d9c958, 0x00000000e3e00000)
  to   space 1024K,   0% used [0x00000000e3c00000, 0x00000000e3c00000, 0x00000000e3d00000)
 concurrent mark-sweep generation total 80192K, used 33083K [0x00000000ecca0000, 0x00000000f1af0000, 0x0000000100000000)
 Metaspace       used 49148K, capacity 51188K, committed 51328K, reserved 1093632K
  class space    used 6289K, capacity 6720K, committed 6784K, reserved 1048576K
2020-11-07T20:04:40.181+0800: 34.026: [GC (Allocation Failure) 2020-11-07T20:04:40.181+0800: 34.026: [ParNew: 8818K->588K(9216K), 0.0425930 secs] 41901K->33672K(89408K), 0.0426587 secs] [Times: user=0.04 sys=0.00, real=0.04 secs] 
Heap after GC invocations=328 (full 35):
 par new generation   total 9216K, used 588K [0x00000000e3400000, 0x00000000e3e00000, 0x00000000ecca0000)
  eden space 8192K,   0% used [0x00000000e3400000, 0x00000000e3400000, 0x00000000e3c00000)
  from space 1024K,  57% used [0x00000000e3c00000, 0x00000000e3c93220, 0x00000000e3d00000)
  to   space 1024K,   0% used [0x00000000e3d00000, 0x00000000e3d00000, 0x00000000e3e00000)
 concurrent mark-sweep generation total 80192K, used 33083K [0x00000000ecca0000, 0x00000000f1af0000, 0x0000000100000000)
 Metaspace       used 49148K, capacity 51188K, committed 51328K, reserved 1093632K
  class space    used 6289K, capacity 6720K, committed 6784K, reserved 1048576K
}
2020-11-07T20:04:40.233+0800: 34.078: Application time: 0.0092160 seconds
2020-11-07T20:04:40.276+0800: 34.122: Application time: 0.0422939 seconds
{Heap before GC invocations=328 (full 35):
 par new generation   total 9216K, used 8780K [0x00000000e3400000, 0x00000000e3e00000, 0x00000000ecca0000)
  eden space 8192K, 100% used [0x00000000e3400000, 0x00000000e3c00000, 0x00000000e3c00000)
  from space 1024K,  57% used [0x00000000e3c00000, 0x00000000e3c93220, 0x00000000e3d00000)
  to   space 1024K,   0% used [0x00000000e3d00000, 0x00000000e3d00000, 0x00000000e3e00000)
 concurrent mark-sweep generation total 80192K, used 33083K [0x00000000ecca0000, 0x00000000f1af0000, 0x0000000100000000)
 Metaspace       used 49303K, capacity 51316K, committed 51584K, reserved 1093632K
  class space    used 6314K, capacity 6720K, committed 6784K, reserved 1048576K
2020-11-07T20:04:40.276+0800: 34.122: [GC (Allocation Failure) 2020-11-07T20:04:40.276+0800: 34.122: [ParNew: 8780K->689K(9216K), 0.0155967 secs] 41864K->33826K(89408K), 0.0156492 secs] [Times: user=0.02 sys=0.00, real=0.01 secs] 
Heap after GC invocations=329 (full 35):
 par new generation   total 9216K, used 689K [0x00000000e3400000, 0x00000000e3e00000, 0x00000000ecca0000)
  eden space 8192K,   0% used [0x00000000e3400000, 0x00000000e3400000, 0x00000000e3c00000)
  from space 1024K,  67% used [0x00000000e3d00000, 0x00000000e3dac7a8, 0x00000000e3e00000)
  to   space 1024K,   0% used [0x00000000e3c00000, 0x00000000e3c00000, 0x00000000e3d00000)
 concurrent mark-sweep generation total 80192K, used 33136K [0x00000000ecca0000, 0x00000000f1af0000, 0x0000000100000000)
 Metaspace       used 49303K, capacity 51316K, committed 51584K, reserved 1093632K
  class space    used 6314K, capacity 6720K, committed 6784K, reserved 1048576K
}
2020-11-07T20:04:40.341+0800: 34.187: Application time: 0.0490902 seconds
{Heap before GC invocations=329 (full 35):
 par new generation   total 9216K, used 8881K [0x00000000e3400000, 0x00000000e3e00000, 0x00000000ecca0000)
  eden space 8192K, 100% used [0x00000000e3400000, 0x00000000e3c00000, 0x00000000e3c00000)
  from space 1024K,  67% used [0x00000000e3d00000, 0x00000000e3dac7a8, 0x00000000e3e00000)
  to   space 1024K,   0% used [0x00000000e3c00000, 0x00000000e3c00000, 0x00000000e3d00000)
 concurrent mark-sweep generation total 80192K, used 33136K [0x00000000ecca0000, 0x00000000f1af0000, 0x0000000100000000)
 Metaspace       used 49411K, capacity 51476K, committed 51584K, reserved 1093632K
  class space    used 6329K, capacity 6752K, committed 6784K, reserved 1048576K
2020-11-07T20:04:40.341+0800: 34.187: [GC (Allocation Failure) 2020-11-07T20:04:40.341+0800: 34.187: [ParNew: 8881K->673K(9216K), 0.0163576 secs] 42018K->33903K(89408K), 0.0164129 secs] [Times: user=0.02 sys=0.00, real=0.02 secs] 
Heap after GC invocations=330 (full 35):
 par new generation   total 9216K, used 673K [0x00000000e3400000, 0x00000000e3e00000, 0x00000000ecca0000)
  eden space 8192K,   0% used [0x00000000e3400000, 0x00000000e3400000, 0x00000000e3c00000)
  from space 1024K,  65% used [0x00000000e3c00000, 0x00000000e3ca84c8, 0x00000000e3d00000)
  to   space 1024K,   0% used [0x00000000e3d00000, 0x00000000e3d00000, 0x00000000e3e00000)
 concurrent mark-sweep generation total 80192K, used 33230K [0x00000000ecca0000, 0x00000000f1af0000, 0x0000000100000000)
 Metaspace       used 49411K, capacity 51476K, committed 51584K, reserved 1093632K
  class space    used 6329K, capacity 6752K, committed 6784K, reserved 1048576K
}
2020-11-07T20:04:40.658+0800: 34.504: Application time: 0.3009512 seconds
2020-11-07T20:04:40.734+0800: 34.580: Application time: 0.0754512 seconds
{Heap before GC invocations=330 (full 35):
 par new generation   total 9216K, used 8865K [0x00000000e3400000, 0x00000000e3e00000, 0x00000000ecca0000)
  eden space 8192K, 100% used [0x00000000e3400000, 0x00000000e3c00000, 0x00000000e3c00000)
  from space 1024K,  65% used [0x00000000e3c00000, 0x00000000e3ca84c8, 0x00000000e3d00000)
  to   space 1024K,   0% used [0x00000000e3d00000, 0x00000000e3d00000, 0x00000000e3e00000)
 concurrent mark-sweep generation total 80192K, used 33230K [0x00000000ecca0000, 0x00000000f1af0000, 0x0000000100000000)
 Metaspace       used 49699K, capacity 51770K, committed 52224K, reserved 1095680K
  class space    used 6355K, capacity 6785K, committed 6912K, reserved 1048576K
2020-11-07T20:04:40.734+0800: 34.580: [GC (Allocation Failure) 2020-11-07T20:04:40.734+0800: 34.580: [ParNew: 8865K->834K(9216K), 0.0221330 secs] 42095K->34083K(89408K), 0.0222049 secs] [Times: user=0.02 sys=0.00, real=0.03 secs] 
Heap after GC invocations=331 (full 35):
 par new generation   total 9216K, used 834K [0x00000000e3400000, 0x00000000e3e00000, 0x00000000ecca0000)
  eden space 8192K,   0% used [0x00000000e3400000, 0x00000000e3400000, 0x00000000e3c00000)
  from space 1024K,  81% used [0x00000000e3d00000, 0x00000000e3dd0960, 0x00000000e3e00000)
  to   space 1024K,   0% used [0x00000000e3c00000, 0x00000000e3c00000, 0x00000000e3d00000)
 concurrent mark-sweep generation total 80192K, used 33249K [0x00000000ecca0000, 0x00000000f1af0000, 0x0000000100000000)
 Metaspace       used 49699K, capacity 51770K, committed 52224K, reserved 1095680K
  class space    used 6355K, capacity 6785K, committed 6912K, reserved 1048576K
}
2020-11-07T20:04:40.813+0800: 34.659: Application time: 0.0565382 seconds
{Heap before GC invocations=331 (full 35):
 par new generation   total 9216K, used 9026K [0x00000000e3400000, 0x00000000e3e00000, 0x00000000ecca0000)
  eden space 8192K, 100% used [0x00000000e3400000, 0x00000000e3c00000, 0x00000000e3c00000)
  from space 1024K,  81% used [0x00000000e3d00000, 0x00000000e3dd0960, 0x00000000e3e00000)
  to   space 1024K,   0% used [0x00000000e3c00000, 0x00000000e3c00000, 0x00000000e3d00000)
 concurrent mark-sweep generation total 80192K, used 33249K [0x00000000ecca0000, 0x00000000f1af0000, 0x0000000100000000)
 Metaspace       used 49927K, capacity 51994K, committed 52224K, reserved 1095680K
  class space    used 6387K, capacity 6817K, committed 6912K, reserved 1048576K
2020-11-07T20:04:40.813+0800: 34.659: [GC (Allocation Failure) 2020-11-07T20:04:40.813+0800: 34.659: [ParNew: 9026K->621K(9216K), 0.0229334 secs] 42275K->34157K(89408K), 0.0230023 secs] [Times: user=0.03 sys=0.00, real=0.03 secs] 
Heap after GC invocations=332 (full 35):
 par new generation   total 9216K, used 621K [0x00000000e3400000, 0x00000000e3e00000, 0x00000000ecca0000)
  eden space 8192K,   0% used [0x00000000e3400000, 0x00000000e3400000, 0x00000000e3c00000)
  from space 1024K,  60% used [0x00000000e3c00000, 0x00000000e3c9b7c8, 0x00000000e3d00000)
  to   space 1024K,   0% used [0x00000000e3d00000, 0x00000000e3d00000, 0x00000000e3e00000)
 concurrent mark-sweep generation total 80192K, used 33535K [0x00000000ecca0000, 0x00000000f1af0000, 0x0000000100000000)
 Metaspace       used 49927K, capacity 51994K, committed 52224K, reserved 1095680K
  class space    used 6387K, capacity 6817K, committed 6912K, reserved 1048576K
}
2020-11-07T20:04:40.867+0800: 34.713: Application time: 0.0304285 seconds
{Heap before GC invocations=332 (full 35):
 par new generation   total 9216K, used 8813K [0x00000000e3400000, 0x00000000e3e00000, 0x00000000ecca0000)
  eden space 8192K, 100% used [0x00000000e3400000, 0x00000000e3c00000, 0x00000000e3c00000)
  from space 1024K,  60% used [0x00000000e3c00000, 0x00000000e3c9b7c8, 0x00000000e3d00000)
  to   space 1024K,   0% used [0x00000000e3d00000, 0x00000000e3d00000, 0x00000000e3e00000)
 concurrent mark-sweep generation total 80192K, used 33535K [0x00000000ecca0000, 0x00000000f1af0000, 0x0000000100000000)
 Metaspace       used 50068K, capacity 52122K, committed 52480K, reserved 1095680K
  class space    used 6405K, capacity 6817K, committed 6912K, reserved 1048576K
2020-11-07T20:04:40.867+0800: 34.713: [GC (Allocation Failure) 2020-11-07T20:04:40.867+0800: 34.713: [ParNew: 8813K->413K(9216K), 0.0179673 secs] 42349K->33949K(89408K), 0.0180325 secs] [Times: user=0.02 sys=0.00, real=0.02 secs] 
Heap after GC invocations=333 (full 35):
 par new generation   total 9216K, used 413K [0x00000000e3400000, 0x00000000e3e00000, 0x00000000ecca0000)
  eden space 8192K,   0% used [0x00000000e3400000, 0x00000000e3400000, 0x00000000e3c00000)
  from space 1024K,  40% used [0x00000000e3d00000, 0x00000000e3d67530, 0x00000000e3e00000)
  to   space 1024K,   0% used [0x00000000e3c00000, 0x00000000e3c00000, 0x00000000e3d00000)
 concurrent mark-sweep generation total 80192K, used 33535K [0x00000000ecca0000, 0x00000000f1af0000, 0x0000000100000000)
 Metaspace       used 50068K, capacity 52122K, committed 52480K, reserved 1095680K
  class space    used 6405K, capacity 6817K, committed 6912K, reserved 1048576K
}
2020-11-07T20:04:40.925+0800: 34.771: Application time: 0.0396845 seconds
{Heap before GC invocations=333 (full 35):
 par new generation   total 9216K, used 8605K [0x00000000e3400000, 0x00000000e3e00000, 0x00000000ecca0000)
  eden space 8192K, 100% used [0x00000000e3400000, 0x00000000e3c00000, 0x00000000e3c00000)
  from space 1024K,  40% used [0x00000000e3d00000, 0x00000000e3d67530, 0x00000000e3e00000)
  to   space 1024K,   0% used [0x00000000e3c00000, 0x00000000e3c00000, 0x00000000e3d00000)
 concurrent mark-sweep generation total 80192K, used 33535K [0x00000000ecca0000, 0x00000000f1af0000, 0x0000000100000000)
 Metaspace       used 50222K, capacity 52282K, committed 52480K, reserved 1095680K
  class space    used 6428K, capacity 6849K, committed 6912K, reserved 1048576K
2020-11-07T20:04:40.925+0800: 34.771: [GC (Allocation Failure) 2020-11-07T20:04:40.925+0800: 34.771: [ParNew: 8605K->501K(9216K), 0.0139101 secs] 42141K->34037K(89408K), 0.0139644 secs] [Times: user=0.01 sys=0.00, real=0.01 secs] 
Heap after GC invocations=334 (full 35):
 par new generation   total 9216K, used 501K [0x00000000e3400000, 0x00000000e3e00000, 0x00000000ecca0000)
  eden space 8192K,   0% used [0x00000000e3400000, 0x00000000e3400000, 0x00000000e3c00000)
  from space 1024K,  48% used [0x00000000e3c00000, 0x00000000e3c7d6e0, 0x00000000e3d00000)
  to   space 1024K,   0% used [0x00000000e3d00000, 0x00000000e3d00000, 0x00000000e3e00000)
 concurrent mark-sweep generation total 80192K, used 33535K [0x00000000ecca0000, 0x00000000f1af0000, 0x0000000100000000)
 Metaspace       used 50222K, capacity 52282K, committed 52480K, reserved 1095680K
  class space    used 6428K, capacity 6849K, committed 6912K, reserved 1048576K
}
2020-11-07T20:04:40.960+0800: 34.806: Application time: 0.0211109 seconds
{Heap before GC invocations=334 (full 35):
 par new generation   total 9216K, used 8693K [0x00000000e3400000, 0x00000000e3e00000, 0x00000000ecca0000)
  eden space 8192K, 100% used [0x00000000e3400000, 0x00000000e3c00000, 0x00000000e3c00000)
  from space 1024K,  48% used [0x00000000e3c00000, 0x00000000e3c7d6e0, 0x00000000e3d00000)
  to   space 1024K,   0% used [0x00000000e3d00000, 0x00000000e3d00000, 0x00000000e3e00000)
 concurrent mark-sweep generation total 80192K, used 33535K [0x00000000ecca0000, 0x00000000f1af0000, 0x0000000100000000)
 Metaspace       used 50305K, capacity 52346K, committed 52736K, reserved 1095680K
  class space    used 6439K, capacity 6849K, committed 6912K, reserved 1048576K
2020-11-07T20:04:40.960+0800: 34.806: [GC (Allocation Failure) 2020-11-07T20:04:40.960+0800: 34.806: [ParNew: 8693K->486K(9216K), 0.0211613 secs] 42229K->34022K(89408K), 0.0212274 secs] [Times: user=0.03 sys=0.00, real=0.02 secs] 
Heap after GC invocations=335 (full 35):
 par new generation   total 9216K, used 486K [0x00000000e3400000, 0x00000000e3e00000, 0x00000000ecca0000)
  eden space 8192K,   0% used [0x00000000e3400000, 0x00000000e3400000, 0x00000000e3c00000)
  from space 1024K,  47% used [0x00000000e3d00000, 0x00000000e3d798c8, 0x00000000e3e00000)
  to   space 1024K,   0% used [0x00000000e3c00000, 0x00000000e3c00000, 0x00000000e3d00000)
 concurrent mark-sweep generation total 80192K, used 33535K [0x00000000ecca0000, 0x00000000f1af0000, 0x0000000100000000)
 Metaspace       used 50305K, capacity 52346K, committed 52736K, reserved 1095680K
  class space    used 6439K, capacity 6849K, committed 6912K, reserved 1048576K
}
2020-11-07T20:04:40.999+0800: 34.844: Application time: 0.0169684 seconds
{Heap before GC invocations=335 (full 35):
 par new generation   total 9216K, used 8678K [0x00000000e3400000, 0x00000000e3e00000, 0x00000000ecca0000)
  eden space 8192K, 100% used [0x00000000e3400000, 0x00000000e3c00000, 0x00000000e3c00000)
  from space 1024K,  47% used [0x00000000e3d00000, 0x00000000e3d798c8, 0x00000000e3e00000)
  to   space 1024K,   0% used [0x00000000e3c00000, 0x00000000e3c00000, 0x00000000e3d00000)
 concurrent mark-sweep generation total 80192K, used 33535K [0x00000000ecca0000, 0x00000000f1af0000, 0x0000000100000000)
 Metaspace       used 50392K, capacity 52442K, committed 52736K, reserved 1095680K
  class space    used 6447K, capacity 6881K, committed 6912K, reserved 1048576K
2020-11-07T20:04:40.999+0800: 34.845: [GC (Allocation Failure) 2020-11-07T20:04:40.999+0800: 34.845: [ParNew: 8678K->582K(9216K), 0.0102913 secs] 42214K->34118K(89408K), 0.0103489 secs] [Times: user=0.01 sys=0.00, real=0.01 secs] 
Heap after GC invocations=336 (full 35):
 par new generation   total 9216K, used 582K [0x00000000e3400000, 0x00000000e3e00000, 0x00000000ecca0000)
  eden space 8192K,   0% used [0x00000000e3400000, 0x00000000e3400000, 0x00000000e3c00000)
  from space 1024K,  56% used [0x00000000e3c00000, 0x00000000e3c91a98, 0x00000000e3d00000)
  to   space 1024K,   0% used [0x00000000e3d00000, 0x00000000e3d00000, 0x00000000e3e00000)
 concurrent mark-sweep generation total 80192K, used 33535K [0x00000000ecca0000, 0x00000000f1af0000, 0x0000000100000000)
 Metaspace       used 50392K, capacity 52442K, committed 52736K, reserved 1095680K
  class space    used 6447K, capacity 6881K, committed 6912K, reserved 1048576K
}
2020-11-07T20:04:41.035+0800: 34.881: Application time: 0.0260239 seconds
{Heap before GC invocations=336 (full 35):
 par new generation   total 9216K, used 8774K [0x00000000e3400000, 0x00000000e3e00000, 0x00000000ecca0000)
  eden space 8192K, 100% used [0x00000000e3400000, 0x00000000e3c00000, 0x00000000e3c00000)
  from space 1024K,  56% used [0x00000000e3c00000, 0x00000000e3c91a98, 0x00000000e3d00000)
  to   space 1024K,   0% used [0x00000000e3d00000, 0x00000000e3d00000, 0x00000000e3e00000)
 concurrent mark-sweep generation total 80192K, used 33535K [0x00000000ecca0000, 0x00000000f1af0000, 0x0000000100000000)
 Metaspace       used 50488K, capacity 52512K, committed 52736K, reserved 1095680K
  class space    used 6457K, capacity 6882K, committed 6912K, reserved 1048576K
2020-11-07T20:04:41.035+0800: 34.881: [GC (Allocation Failure) 2020-11-07T20:04:41.035+0800: 34.881: [ParNew: 8774K->597K(9216K), 0.0169486 secs] 42310K->34133K(89408K), 0.0170221 secs] [Times: user=0.02 sys=0.00, real=0.01 secs] 
Heap after GC invocations=337 (full 35):
 par new generation   total 9216K, used 597K [0x00000000e3400000, 0x00000000e3e00000, 0x00000000ecca0000)
  eden space 8192K,   0% used [0x00000000e3400000, 0x00000000e3400000, 0x00000000e3c00000)
  from space 1024K,  58% used [0x00000000e3d00000, 0x00000000e3d95738, 0x00000000e3e00000)
  to   space 1024K,   0% used [0x00000000e3c00000, 0x00000000e3c00000, 0x00000000e3d00000)
 concurrent mark-sweep generation total 80192K, used 33535K [0x00000000ecca0000, 0x00000000f1af0000, 0x0000000100000000)
 Metaspace       used 50488K, capacity 52512K, committed 52736K, reserved 1095680K
  class space    used 6457K, capacity 6882K, committed 6912K, reserved 1048576K
}
2020-11-07T20:04:41.070+0800: 34.916: Application time: 0.0176843 seconds
2020-11-07T20:04:41.082+0800: 34.928: Application time: 0.0115303 seconds
{Heap before GC invocations=337 (full 35):
 par new generation   total 9216K, used 8789K [0x00000000e3400000, 0x00000000e3e00000, 0x00000000ecca0000)
  eden space 8192K, 100% used [0x00000000e3400000, 0x00000000e3c00000, 0x00000000e3c00000)
  from space 1024K,  58% used [0x00000000e3d00000, 0x00000000e3d95738, 0x00000000e3e00000)
  to   space 1024K,   0% used [0x00000000e3c00000, 0x00000000e3c00000, 0x00000000e3d00000)
 concurrent mark-sweep generation total 80192K, used 33535K [0x00000000ecca0000, 0x00000000f1af0000, 0x0000000100000000)
 Metaspace       used 50634K, capacity 52640K, committed 52992K, reserved 1095680K
  class space    used 6478K, capacity 6882K, committed 6912K, reserved 1048576K
2020-11-07T20:04:41.082+0800: 34.928: [GC (Allocation Failure) 2020-11-07T20:04:41.082+0800: 34.928: [ParNew: 8789K->547K(9216K), 0.0173938 secs] 42325K->34083K(89408K), 0.0174530 secs] [Times: user=0.02 sys=0.00, real=0.02 secs] 
Heap after GC invocations=338 (full 35):
 par new generation   total 9216K, used 547K [0x00000000e3400000, 0x00000000e3e00000, 0x00000000ecca0000)
  eden space 8192K,   0% used [0x00000000e3400000, 0x00000000e3400000, 0x00000000e3c00000)
  from space 1024K,  53% used [0x00000000e3c00000, 0x00000000e3c88e50, 0x00000000e3d00000)
  to   space 1024K,   0% used [0x00000000e3d00000, 0x00000000e3d00000, 0x00000000e3e00000)
 concurrent mark-sweep generation total 80192K, used 33535K [0x00000000ecca0000, 0x00000000f1af0000, 0x0000000100000000)
 Metaspace       used 50634K, capacity 52640K, committed 52992K, reserved 1095680K
  class space    used 6478K, capacity 6882K, committed 6912K, reserved 1048576K
}
2020-11-07T20:04:41.137+0800: 34.983: Application time: 0.0375763 seconds
{Heap before GC invocations=338 (full 35):
 par new generation   total 9216K, used 8739K [0x00000000e3400000, 0x00000000e3e00000, 0x00000000ecca0000)
  eden space 8192K, 100% used [0x00000000e3400000, 0x00000000e3c00000, 0x00000000e3c00000)
  from space 1024K,  53% used [0x00000000e3c00000, 0x00000000e3c88e50, 0x00000000e3d00000)
  to   space 1024K,   0% used [0x00000000e3d00000, 0x00000000e3d00000, 0x00000000e3e00000)
 concurrent mark-sweep generation total 80192K, used 33535K [0x00000000ecca0000, 0x00000000f1af0000, 0x0000000100000000)
 Metaspace       used 50807K, capacity 52870K, committed 53120K, reserved 1095680K
  class space    used 6491K, capacity 6915K, committed 7040K, reserved 1048576K
2020-11-07T20:04:41.137+0800: 34.983: [GC (Allocation Failure) 2020-11-07T20:04:41.137+0800: 34.983: [ParNew: 8739K->723K(9216K), 0.0158640 secs] 42275K->34277K(89408K), 0.0159463 secs] [Times: user=0.01 sys=0.00, real=0.01 secs] 
Heap after GC invocations=339 (full 35):
 par new generation   total 9216K, used 723K [0x00000000e3400000, 0x00000000e3e00000, 0x00000000ecca0000)
  eden space 8192K,   0% used [0x00000000e3400000, 0x00000000e3400000, 0x00000000e3c00000)
  from space 1024K,  70% used [0x00000000e3d00000, 0x00000000e3db4d70, 0x00000000e3e00000)
  to   space 1024K,   0% used [0x00000000e3c00000, 0x00000000e3c00000, 0x00000000e3d00000)
 concurrent mark-sweep generation total 80192K, used 33553K [0x00000000ecca0000, 0x00000000f1af0000, 0x0000000100000000)
 Metaspace       used 50807K, capacity 52870K, committed 53120K, reserved 1095680K
  class space    used 6491K, capacity 6915K, committed 7040K, reserved 1048576K
}
2020-11-07T20:04:41.236+0800: 35.081: Application time: 0.0820554 seconds
{Heap before GC invocations=339 (full 35):
 par new generation   total 9216K, used 8915K [0x00000000e3400000, 0x00000000e3e00000, 0x00000000ecca0000)
  eden space 8192K, 100% used [0x00000000e3400000, 0x00000000e3c00000, 0x00000000e3c00000)
  from space 1024K,  70% used [0x00000000e3d00000, 0x00000000e3db4d70, 0x00000000e3e00000)
  to   space 1024K,   0% used [0x00000000e3c00000, 0x00000000e3c00000, 0x00000000e3d00000)
 concurrent mark-sweep generation total 80192K, used 33553K [0x00000000ecca0000, 0x00000000f1af0000, 0x0000000100000000)
 Metaspace       used 50974K, capacity 52984K, committed 53376K, reserved 1095680K
  class space    used 6515K, capacity 6930K, committed 7040K, reserved 1048576K
2020-11-07T20:04:41.236+0800: 35.082: [GC (Allocation Failure) 2020-11-07T20:04:41.236+0800: 35.082: [ParNew: 8915K->652K(9216K), 0.0129975 secs] 42469K->34442K(89408K), 0.0130552 secs] [Times: user=0.02 sys=0.00, real=0.01 secs] 
Heap after GC invocations=340 (full 35):
 par new generation   total 9216K, used 652K [0x00000000e3400000, 0x00000000e3e00000, 0x00000000ecca0000)
  eden space 8192K,   0% used [0x00000000e3400000, 0x00000000e3400000, 0x00000000e3c00000)
  from space 1024K,  63% used [0x00000000e3c00000, 0x00000000e3ca33c8, 0x00000000e3d00000)
  to   space 1024K,   0% used [0x00000000e3d00000, 0x00000000e3d00000, 0x00000000e3e00000)
 concurrent mark-sweep generation total 80192K, used 33789K [0x00000000ecca0000, 0x00000000f1af0000, 0x0000000100000000)
 Metaspace       used 50974K, capacity 52984K, committed 53376K, reserved 1095680K
  class space    used 6515K, capacity 6930K, committed 7040K, reserved 1048576K
}
2020-11-07T20:04:41.274+0800: 35.120: Application time: 0.0252312 seconds
2020-11-07T20:04:41.369+0800: 35.215: Application time: 0.0952264 seconds
{Heap before GC invocations=340 (full 35):
 par new generation   total 9216K, used 8844K [0x00000000e3400000, 0x00000000e3e00000, 0x00000000ecca0000)
  eden space 8192K, 100% used [0x00000000e3400000, 0x00000000e3c00000, 0x00000000e3c00000)
  from space 1024K,  63% used [0x00000000e3c00000, 0x00000000e3ca33c8, 0x00000000e3d00000)
  to   space 1024K,   0% used [0x00000000e3d00000, 0x00000000e3d00000, 0x00000000e3e00000)
 concurrent mark-sweep generation total 80192K, used 33789K [0x00000000ecca0000, 0x00000000f1af0000, 0x0000000100000000)
 Metaspace       used 51122K, capacity 53250K, committed 53632K, reserved 1095680K
  class space    used 6531K, capacity 6967K, committed 7040K, reserved 1048576K
2020-11-07T20:04:41.370+0800: 35.215: [GC (Allocation Failure) 2020-11-07T20:04:41.370+0800: 35.216: [ParNew: 8844K->528K(9216K), 0.0245205 secs] 42634K->34345K(89408K), 0.0245790 secs] [Times: user=0.03 sys=0.00, real=0.02 secs] 
Heap after GC invocations=341 (full 35):
 par new generation   total 9216K, used 528K [0x00000000e3400000, 0x00000000e3e00000, 0x00000000ecca0000)
  eden space 8192K,   0% used [0x00000000e3400000, 0x00000000e3400000, 0x00000000e3c00000)
  from space 1024K,  51% used [0x00000000e3d00000, 0x00000000e3d843a8, 0x00000000e3e00000)
  to   space 1024K,   0% used [0x00000000e3c00000, 0x00000000e3c00000, 0x00000000e3d00000)
 concurrent mark-sweep generation total 80192K, used 33816K [0x00000000ecca0000, 0x00000000f1af0000, 0x0000000100000000)
 Metaspace       used 51122K, capacity 53250K, committed 53632K, reserved 1095680K
  class space    used 6531K, capacity 6967K, committed 7040K, reserved 1048576K
}
2020-11-07T20:04:41.426+0800: 35.272: Application time: 0.0315640 seconds
{Heap before GC invocations=341 (full 35):
 par new generation   total 9216K, used 8720K [0x00000000e3400000, 0x00000000e3e00000, 0x00000000ecca0000)
  eden space 8192K, 100% used [0x00000000e3400000, 0x00000000e3c00000, 0x00000000e3c00000)
  from space 1024K,  51% used [0x00000000e3d00000, 0x00000000e3d843a8, 0x00000000e3e00000)
  to   space 1024K,   0% used [0x00000000e3c00000, 0x00000000e3c00000, 0x00000000e3d00000)
 concurrent mark-sweep generation total 80192K, used 33816K [0x00000000ecca0000, 0x00000000f1af0000, 0x0000000100000000)
 Metaspace       used 51214K, capacity 53342K, committed 53632K, reserved 1095680K
  class space    used 6548K, capacity 6975K, committed 7040K, reserved 1048576K
2020-11-07T20:04:41.426+0800: 35.272: [GC (Allocation Failure) 2020-11-07T20:04:41.426+0800: 35.272: [ParNew: 8720K->427K(9216K), 0.0178453 secs] 42537K->34262K(89408K), 0.0179056 secs] [Times: user=0.02 sys=0.00, real=0.01 secs] 
Heap after GC invocations=342 (full 35):
 par new generation   total 9216K, used 427K [0x00000000e3400000, 0x00000000e3e00000, 0x00000000ecca0000)
  eden space 8192K,   0% used [0x00000000e3400000, 0x00000000e3400000, 0x00000000e3c00000)
  from space 1024K,  41% used [0x00000000e3c00000, 0x00000000e3c6aec0, 0x00000000e3d00000)
  to   space 1024K,   0% used [0x00000000e3d00000, 0x00000000e3d00000, 0x00000000e3e00000)
 concurrent mark-sweep generation total 80192K, used 33835K [0x00000000ecca0000, 0x00000000f1af0000, 0x0000000100000000)
 Metaspace       used 51214K, capacity 53342K, committed 53632K, reserved 1095680K
  class space    used 6548K, capacity 6975K, committed 7040K, reserved 1048576K
}
2020-11-07T20:04:41.558+0800: 35.403: Application time: 0.1134466 seconds
{Heap before GC invocations=342 (full 35):
 par new generation   total 9216K, used 8619K [0x00000000e3400000, 0x00000000e3e00000, 0x00000000ecca0000)
  eden space 8192K, 100% used [0x00000000e3400000, 0x00000000e3c00000, 0x00000000e3c00000)
  from space 1024K,  41% used [0x00000000e3c00000, 0x00000000e3c6aec0, 0x00000000e3d00000)
  to   space 1024K,   0% used [0x00000000e3d00000, 0x00000000e3d00000, 0x00000000e3e00000)
 concurrent mark-sweep generation total 80192K, used 33835K [0x00000000ecca0000, 0x00000000f1af0000, 0x0000000100000000)
 Metaspace       used 51341K, capacity 53450K, committed 53632K, reserved 1095680K
  class space    used 6569K, capacity 7009K, committed 7040K, reserved 1048576K
2020-11-07T20:04:41.558+0800: 35.404: [GC (Allocation Failure) 2020-11-07T20:04:41.558+0800: 35.404: [ParNew: 8619K->493K(9216K), 0.0126568 secs] 42454K->34355K(89408K), 0.0127119 secs] [Times: user=0.01 sys=0.00, real=0.01 secs] 
Heap after GC invocations=343 (full 35):
 par new generation   total 9216K, used 493K [0x00000000e3400000, 0x00000000e3e00000, 0x00000000ecca0000)
  eden space 8192K,   0% used [0x00000000e3400000, 0x00000000e3400000, 0x00000000e3c00000)
  from space 1024K,  48% used [0x00000000e3d00000, 0x00000000e3d7b7d0, 0x00000000e3e00000)
  to   space 1024K,   0% used [0x00000000e3c00000, 0x00000000e3c00000, 0x00000000e3d00000)
 concurrent mark-sweep generation total 80192K, used 33861K [0x00000000ecca0000, 0x00000000f1af0000, 0x0000000100000000)
 Metaspace       used 51341K, capacity 53450K, committed 53632K, reserved 1095680K
  class space    used 6569K, capacity 7009K, committed 7040K, reserved 1048576K
}
2020-11-07T20:04:41.631+0800: 35.476: Application time: 0.0599603 seconds
{Heap before GC invocations=343 (full 35):
 par new generation   total 9216K, used 8685K [0x00000000e3400000, 0x00000000e3e00000, 0x00000000ecca0000)
  eden space 8192K, 100% used [0x00000000e3400000, 0x00000000e3c00000, 0x00000000e3c00000)
  from space 1024K,  48% used [0x00000000e3d00000, 0x00000000e3d7b7d0, 0x00000000e3e00000)
  to   space 1024K,   0% used [0x00000000e3c00000, 0x00000000e3c00000, 0x00000000e3d00000)
 concurrent mark-sweep generation total 80192K, used 33861K [0x00000000ecca0000, 0x00000000f1af0000, 0x0000000100000000)
 Metaspace       used 51537K, capacity 53686K, committed 54016K, reserved 1095680K
  class space    used 6605K, capacity 7045K, committed 7168K, reserved 1048576K
2020-11-07T20:04:41.631+0800: 35.477: [GC (Allocation Failure) 2020-11-07T20:04:41.631+0800: 35.477: [ParNew: 8685K->571K(9216K), 0.0455198 secs] 42547K->34445K(89408K), 0.0455945 secs] [Times: user=0.04 sys=0.00, real=0.05 secs] 
Heap after GC invocations=344 (full 35):
 par new generation   total 9216K, used 571K [0x00000000e3400000, 0x00000000e3e00000, 0x00000000ecca0000)
  eden space 8192K,   0% used [0x00000000e3400000, 0x00000000e3400000, 0x00000000e3c00000)
  from space 1024K,  55% used [0x00000000e3c00000, 0x00000000e3c8ec08, 0x00000000e3d00000)
  to   space 1024K,   0% used [0x00000000e3d00000, 0x00000000e3d00000, 0x00000000e3e00000)
 concurrent mark-sweep generation total 80192K, used 33874K [0x00000000ecca0000, 0x00000000f1af0000, 0x0000000100000000)
 Metaspace       used 51537K, capacity 53686K, committed 54016K, reserved 1095680K
  class space    used 6605K, capacity 7045K, committed 7168K, reserved 1048576K
}
2020-11-07T20:04:41.720+0800: 35.566: Application time: 0.0437883 seconds
{Heap before GC invocations=344 (full 35):
 par new generation   total 9216K, used 8763K [0x00000000e3400000, 0x00000000e3e00000, 0x00000000ecca0000)
  eden space 8192K, 100% used [0x00000000e3400000, 0x00000000e3c00000, 0x00000000e3c00000)
  from space 1024K,  55% used [0x00000000e3c00000, 0x00000000e3c8ec08, 0x00000000e3d00000)
  to   space 1024K,   0% used [0x00000000e3d00000, 0x00000000e3d00000, 0x00000000e3e00000)
 concurrent mark-sweep generation total 80192K, used 33874K [0x00000000ecca0000, 0x00000000f1af0000, 0x0000000100000000)
 Metaspace       used 51835K, capacity 53974K, committed 54272K, reserved 1095680K
  class space    used 6633K, capacity 7077K, committed 7168K, reserved 1048576K
2020-11-07T20:04:41.720+0800: 35.566: [GC (Allocation Failure) 2020-11-07T20:04:41.720+0800: 35.566: [ParNew: 8763K->433K(9216K), 0.0255708 secs] 42637K->34321K(89408K), 0.0256374 secs] [Times: user=0.03 sys=0.00, real=0.03 secs] 
Heap after GC invocations=345 (full 35):
 par new generation   total 9216K, used 433K [0x00000000e3400000, 0x00000000e3e00000, 0x00000000ecca0000)
  eden space 8192K,   0% used [0x00000000e3400000, 0x00000000e3400000, 0x00000000e3c00000)
  from space 1024K,  42% used [0x00000000e3d00000, 0x00000000e3d6c6c8, 0x00000000e3e00000)
  to   space 1024K,   0% used [0x00000000e3c00000, 0x00000000e3c00000, 0x00000000e3d00000)
 concurrent mark-sweep generation total 80192K, used 33887K [0x00000000ecca0000, 0x00000000f1af0000, 0x0000000100000000)
 Metaspace       used 51835K, capacity 53974K, committed 54272K, reserved 1095680K
  class space    used 6633K, capacity 7077K, committed 7168K, reserved 1048576K
}
2020-11-07T20:04:41.799+0800: 35.645: Application time: 0.0526585 seconds
{Heap before GC invocations=345 (full 35):
 par new generation   total 9216K, used 8625K [0x00000000e3400000, 0x00000000e3e00000, 0x00000000ecca0000)
  eden space 8192K, 100% used [0x00000000e3400000, 0x00000000e3c00000, 0x00000000e3c00000)
  from space 1024K,  42% used [0x00000000e3d00000, 0x00000000e3d6c6c8, 0x00000000e3e00000)
  to   space 1024K,   0% used [0x00000000e3c00000, 0x00000000e3c00000, 0x00000000e3d00000)
 concurrent mark-sweep generation total 80192K, used 33887K [0x00000000ecca0000, 0x00000000f1af0000, 0x0000000100000000)
 Metaspace       used 51993K, capacity 54102K, committed 54272K, reserved 1095680K
  class space    used 6667K, capacity 7077K, committed 7168K, reserved 1048576K
2020-11-07T20:04:41.799+0800: 35.645: [GC (Allocation Failure) 2020-11-07T20:04:41.799+0800: 35.645: [ParNew: 8625K->494K(9216K), 0.0243374 secs] 42513K->34407K(89408K), 0.0244061 secs] [Times: user=0.02 sys=0.00, real=0.02 secs] 
Heap after GC invocations=346 (full 35):
 par new generation   total 9216K, used 494K [0x00000000e3400000, 0x00000000e3e00000, 0x00000000ecca0000)
  eden space 8192K,   0% used [0x00000000e3400000, 0x00000000e3400000, 0x00000000e3c00000)
  from space 1024K,  48% used [0x00000000e3c00000, 0x00000000e3c7b8e0, 0x00000000e3d00000)
  to   space 1024K,   0% used [0x00000000e3d00000, 0x00000000e3d00000, 0x00000000e3e00000)
 concurrent mark-sweep generation total 80192K, used 33913K [0x00000000ecca0000, 0x00000000f1af0000, 0x0000000100000000)
 Metaspace       used 51993K, capacity 54102K, committed 54272K, reserved 1095680K
  class space    used 6667K, capacity 7077K, committed 7168K, reserved 1048576K
}
2020-11-07T20:04:41.882+0800: 35.728: Application time: 0.0588266 seconds
{Heap before GC invocations=346 (full 35):
 par new generation   total 9216K, used 8686K [0x00000000e3400000, 0x00000000e3e00000, 0x00000000ecca0000)
  eden space 8192K, 100% used [0x00000000e3400000, 0x00000000e3c00000, 0x00000000e3c00000)
  from space 1024K,  48% used [0x00000000e3c00000, 0x00000000e3c7b8e0, 0x00000000e3d00000)
  to   space 1024K,   0% used [0x00000000e3d00000, 0x00000000e3d00000, 0x00000000e3e00000)
 concurrent mark-sweep generation total 80192K, used 33913K [0x00000000ecca0000, 0x00000000f1af0000, 0x0000000100000000)
 Metaspace       used 52091K, capacity 54198K, committed 54528K, reserved 1097728K
  class space    used 6688K, capacity 7109K, committed 7168K, reserved 1048576K
2020-11-07T20:04:41.882+0800: 35.728: [GC (Allocation Failure) 2020-11-07T20:04:41.882+0800: 35.728: [ParNew: 8686K->556K(9216K), 0.0217823 secs] 42599K->34497K(89408K), 0.0218498 secs] [Times: user=0.02 sys=0.00, real=0.02 secs] 
Heap after GC invocations=347 (full 35):
 par new generation   total 9216K, used 556K [0x00000000e3400000, 0x00000000e3e00000, 0x00000000ecca0000)
  eden space 8192K,   0% used [0x00000000e3400000, 0x00000000e3400000, 0x00000000e3c00000)
  from space 1024K,  54% used [0x00000000e3d00000, 0x00000000e3d8b2b8, 0x00000000e3e00000)
  to   space 1024K,   0% used [0x00000000e3c00000, 0x00000000e3c00000, 0x00000000e3d00000)
 concurrent mark-sweep generation total 80192K, used 33941K [0x00000000ecca0000, 0x00000000f1af0000, 0x0000000100000000)
 Metaspace       used 52091K, capacity 54198K, committed 54528K, reserved 1097728K
  class space    used 6688K, capacity 7109K, committed 7168K, reserved 1048576K
}
2020-11-07T20:04:41.990+0800: 35.836: Application time: 0.0861643 seconds
{Heap before GC invocations=347 (full 35):
 par new generation   total 9216K, used 8748K [0x00000000e3400000, 0x00000000e3e00000, 0x00000000ecca0000)
  eden space 8192K, 100% used [0x00000000e3400000, 0x00000000e3c00000, 0x00000000e3c00000)
  from space 1024K,  54% used [0x00000000e3d00000, 0x00000000e3d8b2b8, 0x00000000e3e00000)
  to   space 1024K,   0% used [0x00000000e3c00000, 0x00000000e3c00000, 0x00000000e3d00000)
 concurrent mark-sweep generation total 80192K, used 33941K [0x00000000ecca0000, 0x00000000f1af0000, 0x0000000100000000)
 Metaspace       used 52265K, capacity 54364K, committed 54528K, reserved 1097728K
  class space    used 6706K, capacity 7144K, committed 7168K, reserved 1048576K
2020-11-07T20:04:41.991+0800: 35.837: [GC (Allocation Failure) 2020-11-07T20:04:41.991+0800: 35.837: [ParNew: 8748K->609K(9216K), 0.0300114 secs] 42689K->34595K(89408K), 0.0300794 secs] [Times: user=0.03 sys=0.00, real=0.03 secs] 
Heap after GC invocations=348 (full 35):
 par new generation   total 9216K, used 609K [0x00000000e3400000, 0x00000000e3e00000, 0x00000000ecca0000)
  eden space 8192K,   0% used [0x00000000e3400000, 0x00000000e3400000, 0x00000000e3c00000)
  from space 1024K,  59% used [0x00000000e3c00000, 0x00000000e3c98478, 0x00000000e3d00000)
  to   space 1024K,   0% used [0x00000000e3d00000, 0x00000000e3d00000, 0x00000000e3e00000)
 concurrent mark-sweep generation total 80192K, used 33986K [0x00000000ecca0000, 0x00000000f1af0000, 0x0000000100000000)
 Metaspace       used 52265K, capacity 54364K, committed 54528K, reserved 1097728K
  class space    used 6706K, capacity 7144K, committed 7168K, reserved 1048576K
}
2020-11-07T20:04:42.124+0800: 35.969: Application time: 0.1026052 seconds
{Heap before GC invocations=348 (full 35):
 par new generation   total 9216K, used 8801K [0x00000000e3400000, 0x00000000e3e00000, 0x00000000ecca0000)
  eden space 8192K, 100% used [0x00000000e3400000, 0x00000000e3c00000, 0x00000000e3c00000)
  from space 1024K,  59% used [0x00000000e3c00000, 0x00000000e3c98478, 0x00000000e3d00000)
  to   space 1024K,   0% used [0x00000000e3d00000, 0x00000000e3d00000, 0x00000000e3e00000)
 concurrent mark-sweep generation total 80192K, used 33986K [0x00000000ecca0000, 0x00000000f1af0000, 0x0000000100000000)
 Metaspace       used 52501K, capacity 54620K, committed 54784K, reserved 1097728K
  class space    used 6745K, capacity 7168K, committed 7168K, reserved 1048576K
2020-11-07T20:04:42.124+0800: 35.970: [GC (Allocation Failure) 2020-11-07T20:04:42.124+0800: 35.970: [ParNew: 8801K->683K(9216K), 0.0131596 secs] 42787K->34732K(89408K), 0.0132260 secs] [Times: user=0.02 sys=0.00, real=0.02 secs] 
Heap after GC invocations=349 (full 35):
 par new generation   total 9216K, used 683K [0x00000000e3400000, 0x00000000e3e00000, 0x00000000ecca0000)
  eden space 8192K,   0% used [0x00000000e3400000, 0x00000000e3400000, 0x00000000e3c00000)
  from space 1024K,  66% used [0x00000000e3d00000, 0x00000000e3daac80, 0x00000000e3e00000)
  to   space 1024K,   0% used [0x00000000e3c00000, 0x00000000e3c00000, 0x00000000e3d00000)
 concurrent mark-sweep generation total 80192K, used 34049K [0x00000000ecca0000, 0x00000000f1af0000, 0x0000000100000000)
 Metaspace       used 52501K, capacity 54620K, committed 54784K, reserved 1097728K
  class space    used 6745K, capacity 7168K, committed 7168K, reserved 1048576K
}
2020-11-07T20:04:42.350+0800: 36.196: Application time: 0.2127825 seconds
{Heap before GC invocations=349 (full 35):
 par new generation   total 9216K, used 8875K [0x00000000e3400000, 0x00000000e3e00000, 0x00000000ecca0000)
  eden space 8192K, 100% used [0x00000000e3400000, 0x00000000e3c00000, 0x00000000e3c00000)
  from space 1024K,  66% used [0x00000000e3d00000, 0x00000000e3daac80, 0x00000000e3e00000)
  to   space 1024K,   0% used [0x00000000e3c00000, 0x00000000e3c00000, 0x00000000e3d00000)
 concurrent mark-sweep generation total 80192K, used 34049K [0x00000000ecca0000, 0x00000000f1af0000, 0x0000000100000000)
 Metaspace       used 52741K, capacity 54886K, committed 55168K, reserved 1097728K
  class space    used 6757K, capacity 7171K, committed 7296K, reserved 1048576K
2020-11-07T20:04:42.350+0800: 36.196: [GC (Allocation Failure) 2020-11-07T20:04:42.350+0800: 36.196: [ParNew: 8875K->997K(9216K), 0.0251017 secs] 42924K->35065K(89408K), 0.0251723 secs] [Times: user=0.03 sys=0.00, real=0.03 secs] 
Heap after GC invocations=350 (full 35):
 par new generation   total 9216K, used 997K [0x00000000e3400000, 0x00000000e3e00000, 0x00000000ecca0000)
  eden space 8192K,   0% used [0x00000000e3400000, 0x00000000e3400000, 0x00000000e3c00000)
  from space 1024K,  97% used [0x00000000e3c00000, 0x00000000e3cf95c8, 0x00000000e3d00000)
  to   space 1024K,   0% used [0x00000000e3d00000, 0x00000000e3d00000, 0x00000000e3e00000)
 concurrent mark-sweep generation total 80192K, used 34068K [0x00000000ecca0000, 0x00000000f1af0000, 0x0000000100000000)
 Metaspace       used 52741K, capacity 54886K, committed 55168K, reserved 1097728K
  class space    used 6757K, capacity 7171K, committed 7296K, reserved 1048576K
}
2020-11-07T20:04:42.416+0800: 36.262: Application time: 0.0407305 seconds
{Heap before GC invocations=350 (full 35):
 par new generation   total 9216K, used 9189K [0x00000000e3400000, 0x00000000e3e00000, 0x00000000ecca0000)
  eden space 8192K, 100% used [0x00000000e3400000, 0x00000000e3c00000, 0x00000000e3c00000)
  from space 1024K,  97% used [0x00000000e3c00000, 0x00000000e3cf95c8, 0x00000000e3d00000)
  to   space 1024K,   0% used [0x00000000e3d00000, 0x00000000e3d00000, 0x00000000e3e00000)
 concurrent mark-sweep generation total 80192K, used 34068K [0x00000000ecca0000, 0x00000000f1af0000, 0x0000000100000000)
 Metaspace       used 52897K, capacity 55078K, committed 55424K, reserved 1097728K
  class space    used 6776K, capacity 7235K, committed 7296K, reserved 1048576K
2020-11-07T20:04:42.416+0800: 36.262: [GC (Allocation Failure) 2020-11-07T20:04:42.416+0800: 36.262: [ParNew: 9189K->1023K(9216K), 0.0229260 secs] 43257K->35457K(89408K), 0.0229974 secs] [Times: user=0.02 sys=0.00, real=0.02 secs] 
Heap after GC invocations=351 (full 35):
 par new generation   total 9216K, used 1023K [0x00000000e3400000, 0x00000000e3e00000, 0x00000000ecca0000)
  eden space 8192K,   0% used [0x00000000e3400000, 0x00000000e3400000, 0x00000000e3c00000)
  from space 1024K,  99% used [0x00000000e3d00000, 0x00000000e3dffd90, 0x00000000e3e00000)
  to   space 1024K,   0% used [0x00000000e3c00000, 0x00000000e3c00000, 0x00000000e3d00000)
 concurrent mark-sweep generation total 80192K, used 34434K [0x00000000ecca0000, 0x00000000f1af0000, 0x0000000100000000)
 Metaspace       used 52897K, capacity 55078K, committed 55424K, reserved 1097728K
  class space    used 6776K, capacity 7235K, committed 7296K, reserved 1048576K
}
2020-11-07T20:04:42.727+0800: 36.573: Application time: 0.2874764 seconds
{Heap before GC invocations=351 (full 35):
 par new generation   total 9216K, used 9215K [0x00000000e3400000, 0x00000000e3e00000, 0x00000000ecca0000)
  eden space 8192K, 100% used [0x00000000e3400000, 0x00000000e3c00000, 0x00000000e3c00000)
  from space 1024K,  99% used [0x00000000e3d00000, 0x00000000e3dffd90, 0x00000000e3e00000)
  to   space 1024K,   0% used [0x00000000e3c00000, 0x00000000e3c00000, 0x00000000e3d00000)
 concurrent mark-sweep generation total 80192K, used 34434K [0x00000000ecca0000, 0x00000000f1af0000, 0x0000000100000000)
 Metaspace       used 53078K, capacity 55238K, committed 55424K, reserved 1097728K
  class space    used 6809K, capacity 7267K, committed 7296K, reserved 1048576K
2020-11-07T20:04:42.727+0800: 36.573: [GC (Allocation Failure) 2020-11-07T20:04:42.727+0800: 36.573: [ParNew: 9215K->287K(9216K), 0.0248151 secs] 43649K->35144K(89408K), 0.0248723 secs] [Times: user=0.03 sys=0.00, real=0.02 secs] 
Heap after GC invocations=352 (full 35):
 par new generation   total 9216K, used 287K [0x00000000e3400000, 0x00000000e3e00000, 0x00000000ecca0000)
  eden space 8192K,   0% used [0x00000000e3400000, 0x00000000e3400000, 0x00000000e3c00000)
  from space 1024K,  28% used [0x00000000e3c00000, 0x00000000e3c47e00, 0x00000000e3d00000)
  to   space 1024K,   0% used [0x00000000e3d00000, 0x00000000e3d00000, 0x00000000e3e00000)
 concurrent mark-sweep generation total 80192K, used 34857K [0x00000000ecca0000, 0x00000000f1af0000, 0x0000000100000000)
 Metaspace       used 53078K, capacity 55238K, committed 55424K, reserved 1097728K
  class space    used 6809K, capacity 7267K, committed 7296K, reserved 1048576K
}
2020-11-07T20:04:42.783+0800: 36.629: Application time: 0.0314619 seconds
{Heap before GC invocations=352 (full 35):
 par new generation   total 9216K, used 8479K [0x00000000e3400000, 0x00000000e3e00000, 0x00000000ecca0000)
  eden space 8192K, 100% used [0x00000000e3400000, 0x00000000e3c00000, 0x00000000e3c00000)
  from space 1024K,  28% used [0x00000000e3c00000, 0x00000000e3c47e00, 0x00000000e3d00000)
  to   space 1024K,   0% used [0x00000000e3d00000, 0x00000000e3d00000, 0x00000000e3e00000)
 concurrent mark-sweep generation total 80192K, used 34857K [0x00000000ecca0000, 0x00000000f1af0000, 0x0000000100000000)
 Metaspace       used 53257K, capacity 55398K, committed 55808K, reserved 1097728K
  class space    used 6832K, capacity 7299K, committed 7424K, reserved 1048576K
2020-11-07T20:04:42.783+0800: 36.629: [GC (Allocation Failure) 2020-11-07T20:04:42.783+0800: 36.629: [ParNew: 8479K->309K(9216K), 0.0087194 secs] 43336K->35166K(89408K), 0.0087702 secs] [Times: user=0.01 sys=0.00, real=0.01 secs] 
Heap after GC invocations=353 (full 35):
 par new generation   total 9216K, used 309K [0x00000000e3400000, 0x00000000e3e00000, 0x00000000ecca0000)
  eden space 8192K,   0% used [0x00000000e3400000, 0x00000000e3400000, 0x00000000e3c00000)
  from space 1024K,  30% used [0x00000000e3d00000, 0x00000000e3d4d738, 0x00000000e3e00000)
  to   space 1024K,   0% used [0x00000000e3c00000, 0x00000000e3c00000, 0x00000000e3d00000)
 concurrent mark-sweep generation total 80192K, used 34857K [0x00000000ecca0000, 0x00000000f1af0000, 0x0000000100000000)
 Metaspace       used 53257K, capacity 55398K, committed 55808K, reserved 1097728K
  class space    used 6832K, capacity 7299K, committed 7424K, reserved 1048576K
}
2020-11-07T20:04:42.859+0800: 36.705: Application time: 0.0665885 seconds
{Heap before GC invocations=353 (full 35):
 par new generation   total 9216K, used 8501K [0x00000000e3400000, 0x00000000e3e00000, 0x00000000ecca0000)
  eden space 8192K, 100% used [0x00000000e3400000, 0x00000000e3c00000, 0x00000000e3c00000)
  from space 1024K,  30% used [0x00000000e3d00000, 0x00000000e3d4d738, 0x00000000e3e00000)
  to   space 1024K,   0% used [0x00000000e3c00000, 0x00000000e3c00000, 0x00000000e3d00000)
 concurrent mark-sweep generation total 80192K, used 34857K [0x00000000ecca0000, 0x00000000f1af0000, 0x0000000100000000)
 Metaspace       used 53424K, capacity 55590K, committed 55808K, reserved 1097728K
  class space    used 6853K, capacity 7299K, committed 7424K, reserved 1048576K
2020-11-07T20:04:42.859+0800: 36.705: [GC (Allocation Failure) 2020-11-07T20:04:42.859+0800: 36.705: [ParNew: 8501K->436K(9216K), 0.0140424 secs] 43358K->35293K(89408K), 0.0140960 secs] [Times: user=0.02 sys=0.00, real=0.01 secs] 
Heap after GC invocations=354 (full 35):
 par new generation   total 9216K, used 436K [0x00000000e3400000, 0x00000000e3e00000, 0x00000000ecca0000)
  eden space 8192K,   0% used [0x00000000e3400000, 0x00000000e3400000, 0x00000000e3c00000)
  from space 1024K,  42% used [0x00000000e3c00000, 0x00000000e3c6d390, 0x00000000e3d00000)
  to   space 1024K,   0% used [0x00000000e3d00000, 0x00000000e3d00000, 0x00000000e3e00000)
 concurrent mark-sweep generation total 80192K, used 34857K [0x00000000ecca0000, 0x00000000f1af0000, 0x0000000100000000)
 Metaspace       used 53424K, capacity 55590K, committed 55808K, reserved 1097728K
  class space    used 6853K, capacity 7299K, committed 7424K, reserved 1048576K
}
2020-11-07T20:04:42.931+0800: 36.776: Application time: 0.0573860 seconds
{Heap before GC invocations=354 (full 35):
 par new generation   total 9216K, used 8628K [0x00000000e3400000, 0x00000000e3e00000, 0x00000000ecca0000)
  eden space 8192K, 100% used [0x00000000e3400000, 0x00000000e3c00000, 0x00000000e3c00000)
  from space 1024K,  42% used [0x00000000e3c00000, 0x00000000e3c6d390, 0x00000000e3d00000)
  to   space 1024K,   0% used [0x00000000e3d00000, 0x00000000e3d00000, 0x00000000e3e00000)
 concurrent mark-sweep generation total 80192K, used 34857K [0x00000000ecca0000, 0x00000000f1af0000, 0x0000000100000000)
 Metaspace       used 53522K, capacity 55690K, committed 56064K, reserved 1097728K
  class space    used 6864K, capacity 7333K, committed 7424K, reserved 1048576K
2020-11-07T20:04:42.931+0800: 36.777: [GC (Allocation Failure) 2020-11-07T20:04:42.931+0800: 36.777: [ParNew: 8628K->745K(9216K), 0.0233886 secs] 43485K->35602K(89408K), 0.0234555 secs] [Times: user=0.03 sys=0.00, real=0.02 secs] 
Heap after GC invocations=355 (full 35):
 par new generation   total 9216K, used 745K [0x00000000e3400000, 0x00000000e3e00000, 0x00000000ecca0000)
  eden space 8192K,   0% used [0x00000000e3400000, 0x00000000e3400000, 0x00000000e3c00000)
  from space 1024K,  72% used [0x00000000e3d00000, 0x00000000e3dba5a0, 0x00000000e3e00000)
  to   space 1024K,   0% used [0x00000000e3c00000, 0x00000000e3c00000, 0x00000000e3d00000)
 concurrent mark-sweep generation total 80192K, used 34857K [0x00000000ecca0000, 0x00000000f1af0000, 0x0000000100000000)
 Metaspace       used 53522K, capacity 55690K, committed 56064K, reserved 1097728K
  class space    used 6864K, capacity 7333K, committed 7424K, reserved 1048576K
}
2020-11-07T20:04:42.980+0800: 36.826: Application time: 0.0256710 seconds
{Heap before GC invocations=355 (full 35):
 par new generation   total 9216K, used 8937K [0x00000000e3400000, 0x00000000e3e00000, 0x00000000ecca0000)
  eden space 8192K, 100% used [0x00000000e3400000, 0x00000000e3c00000, 0x00000000e3c00000)
  from space 1024K,  72% used [0x00000000e3d00000, 0x00000000e3dba5a0, 0x00000000e3e00000)
  to   space 1024K,   0% used [0x00000000e3c00000, 0x00000000e3c00000, 0x00000000e3d00000)
 concurrent mark-sweep generation total 80192K, used 34857K [0x00000000ecca0000, 0x00000000f1af0000, 0x0000000100000000)
 Metaspace       used 53590K, capacity 55754K, committed 56064K, reserved 1097728K
  class space    used 6879K, capacity 7333K, committed 7424K, reserved 1048576K
2020-11-07T20:04:42.980+0800: 36.826: [GC (Allocation Failure) 2020-11-07T20:04:42.980+0800: 36.826: [ParNew: 8937K->568K(9216K), 0.0224120 secs] 43794K->35747K(89408K), 0.0224811 secs] [Times: user=0.02 sys=0.00, real=0.02 secs] 
Heap after GC invocations=356 (full 35):
 par new generation   total 9216K, used 568K [0x00000000e3400000, 0x00000000e3e00000, 0x00000000ecca0000)
  eden space 8192K,   0% used [0x00000000e3400000, 0x00000000e3400000, 0x00000000e3c00000)
  from space 1024K,  55% used [0x00000000e3c00000, 0x00000000e3c8e280, 0x00000000e3d00000)
  to   space 1024K,   0% used [0x00000000e3d00000, 0x00000000e3d00000, 0x00000000e3e00000)
 concurrent mark-sweep generation total 80192K, used 35179K [0x00000000ecca0000, 0x00000000f1af0000, 0x0000000100000000)
 Metaspace       used 53590K, capacity 55754K, committed 56064K, reserved 1097728K
  class space    used 6879K, capacity 7333K, committed 7424K, reserved 1048576K
}
2020-11-07T20:04:43.024+0800: 36.870: Application time: 0.0212738 seconds
{Heap before GC invocations=356 (full 35):
 par new generation   total 9216K, used 8760K [0x00000000e3400000, 0x00000000e3e00000, 0x00000000ecca0000)
  eden space 8192K, 100% used [0x00000000e3400000, 0x00000000e3c00000, 0x00000000e3c00000)
  from space 1024K,  55% used [0x00000000e3c00000, 0x00000000e3c8e280, 0x00000000e3d00000)
  to   space 1024K,   0% used [0x00000000e3d00000, 0x00000000e3d00000, 0x00000000e3e00000)
 concurrent mark-sweep generation total 80192K, used 35179K [0x00000000ecca0000, 0x00000000f1af0000, 0x0000000100000000)
 Metaspace       used 53590K, capacity 55754K, committed 56064K, reserved 1097728K
  class space    used 6879K, capacity 7333K, committed 7424K, reserved 1048576K
2020-11-07T20:04:43.024+0800: 36.870: [GC (Allocation Failure) 2020-11-07T20:04:43.024+0800: 36.870: [ParNew: 8760K->364K(9216K), 0.0126858 secs] 43939K->35543K(89408K), 0.0127533 secs] [Times: user=0.02 sys=0.00, real=0.02 secs] 
Heap after GC invocations=357 (full 35):
 par new generation   total 9216K, used 364K [0x00000000e3400000, 0x00000000e3e00000, 0x00000000ecca0000)
  eden space 8192K,   0% used [0x00000000e3400000, 0x00000000e3400000, 0x00000000e3c00000)
  from space 1024K,  35% used [0x00000000e3d00000, 0x00000000e3d5b080, 0x00000000e3e00000)
  to   space 1024K,   0% used [0x00000000e3c00000, 0x00000000e3c00000, 0x00000000e3d00000)
 concurrent mark-sweep generation total 80192K, used 35179K [0x00000000ecca0000, 0x00000000f1af0000, 0x0000000100000000)
 Metaspace       used 53590K, capacity 55754K, committed 56064K, reserved 1097728K
  class space    used 6879K, capacity 7333K, committed 7424K, reserved 1048576K
}
2020-11-07T20:04:43.140+0800: 36.985: Application time: 0.1023602 seconds
{Heap before GC invocations=357 (full 35):
 par new generation   total 9216K, used 8556K [0x00000000e3400000, 0x00000000e3e00000, 0x00000000ecca0000)
  eden space 8192K, 100% used [0x00000000e3400000, 0x00000000e3c00000, 0x00000000e3c00000)
  from space 1024K,  35% used [0x00000000e3d00000, 0x00000000e3d5b080, 0x00000000e3e00000)
  to   space 1024K,   0% used [0x00000000e3c00000, 0x00000000e3c00000, 0x00000000e3d00000)
 concurrent mark-sweep generation total 80192K, used 35179K [0x00000000ecca0000, 0x00000000f1af0000, 0x0000000100000000)
 Metaspace       used 53784K, capacity 55940K, committed 56064K, reserved 1097728K
  class space    used 6897K, capacity 7370K, committed 7424K, reserved 1048576K
2020-11-07T20:04:43.140+0800: 36.986: [GC (Allocation Failure) 2020-11-07T20:04:43.140+0800: 36.986: [ParNew: 8556K->705K(9216K), 0.0143408 secs] 43735K->35884K(89408K), 0.0144105 secs] [Times: user=0.01 sys=0.00, real=0.01 secs] 
Heap after GC invocations=358 (full 35):
 par new generation   total 9216K, used 705K [0x00000000e3400000, 0x00000000e3e00000, 0x00000000ecca0000)
  eden space 8192K,   0% used [0x00000000e3400000, 0x00000000e3400000, 0x00000000e3c00000)
  from space 1024K,  68% used [0x00000000e3c00000, 0x00000000e3cb05a8, 0x00000000e3d00000)
  to   space 1024K,   0% used [0x00000000e3d00000, 0x00000000e3d00000, 0x00000000e3e00000)
 concurrent mark-sweep generation total 80192K, used 35179K [0x00000000ecca0000, 0x00000000f1af0000, 0x0000000100000000)
 Metaspace       used 53784K, capacity 55940K, committed 56064K, reserved 1097728K
  class space    used 6897K, capacity 7370K, committed 7424K, reserved 1048576K
}
2020-11-07T20:04:43.201+0800: 37.047: Application time: 0.0462715 seconds
{Heap before GC invocations=358 (full 35):
 par new generation   total 9216K, used 8897K [0x00000000e3400000, 0x00000000e3e00000, 0x00000000ecca0000)
  eden space 8192K, 100% used [0x00000000e3400000, 0x00000000e3c00000, 0x00000000e3c00000)
  from space 1024K,  68% used [0x00000000e3c00000, 0x00000000e3cb05a8, 0x00000000e3d00000)
  to   space 1024K,   0% used [0x00000000e3d00000, 0x00000000e3d00000, 0x00000000e3e00000)
 concurrent mark-sweep generation total 80192K, used 35179K [0x00000000ecca0000, 0x00000000f1af0000, 0x0000000100000000)
 Metaspace       used 53814K, capacity 56004K, committed 56320K, reserved 1097728K
  class space    used 6900K, capacity 7370K, committed 7424K, reserved 1048576K
2020-11-07T20:04:43.201+0800: 37.047: [GC (Allocation Failure) 2020-11-07T20:04:43.201+0800: 37.047: [ParNew: 8897K->643K(9216K), 0.0156790 secs] 44076K->36102K(89408K), 0.0157419 secs] [Times: user=0.01 sys=0.00, real=0.02 secs] 
Heap after GC invocations=359 (full 35):
 par new generation   total 9216K, used 643K [0x00000000e3400000, 0x00000000e3e00000, 0x00000000ecca0000)
  eden space 8192K,   0% used [0x00000000e3400000, 0x00000000e3400000, 0x00000000e3c00000)
  from space 1024K,  62% used [0x00000000e3d00000, 0x00000000e3da0e90, 0x00000000e3e00000)
  to   space 1024K,   0% used [0x00000000e3c00000, 0x00000000e3c00000, 0x00000000e3d00000)
 concurrent mark-sweep generation total 80192K, used 35458K [0x00000000ecca0000, 0x00000000f1af0000, 0x0000000100000000)
 Metaspace       used 53814K, capacity 56004K, committed 56320K, reserved 1097728K
  class space    used 6900K, capacity 7370K, committed 7424K, reserved 1048576K
}
2020-11-07T20:04:43.242+0800: 37.088: Application time: 0.0254157 seconds
{Heap before GC invocations=359 (full 35):
 par new generation   total 9216K, used 8835K [0x00000000e3400000, 0x00000000e3e00000, 0x00000000ecca0000)
  eden space 8192K, 100% used [0x00000000e3400000, 0x00000000e3c00000, 0x00000000e3c00000)
  from space 1024K,  62% used [0x00000000e3d00000, 0x00000000e3da0e90, 0x00000000e3e00000)
  to   space 1024K,   0% used [0x00000000e3c00000, 0x00000000e3c00000, 0x00000000e3d00000)
 concurrent mark-sweep generation total 80192K, used 35458K [0x00000000ecca0000, 0x00000000f1af0000, 0x0000000100000000)
 Metaspace       used 53836K, capacity 56004K, committed 56320K, reserved 1097728K
  class space    used 6904K, capacity 7370K, committed 7424K, reserved 1048576K
2020-11-07T20:04:43.242+0800: 37.088: [GC (Allocation Failure) 2020-11-07T20:04:43.242+0800: 37.088: [ParNew: 8835K->364K(9216K), 0.0106304 secs] 44294K->35822K(89408K), 0.0106951 secs] [Times: user=0.01 sys=0.00, real=0.01 secs] 
Heap after GC invocations=360 (full 35):
 par new generation   total 9216K, used 364K [0x00000000e3400000, 0x00000000e3e00000, 0x00000000ecca0000)
  eden space 8192K,   0% used [0x00000000e3400000, 0x00000000e3400000, 0x00000000e3c00000)
  from space 1024K,  35% used [0x00000000e3c00000, 0x00000000e3c5b078, 0x00000000e3d00000)
  to   space 1024K,   0% used [0x00000000e3d00000, 0x00000000e3d00000, 0x00000000e3e00000)
 concurrent mark-sweep generation total 80192K, used 35458K [0x00000000ecca0000, 0x00000000f1af0000, 0x0000000100000000)
 Metaspace       used 53836K, capacity 56004K, committed 56320K, reserved 1097728K
  class space    used 6904K, capacity 7370K, committed 7424K, reserved 1048576K
}
2020-11-07T20:04:43.333+0800: 37.179: Application time: 0.0802355 seconds
2020-11-07T20:04:43.338+0800: 37.183: Application time: 0.0041123 seconds
2020-11-07T20:04:43.350+0800: 37.196: Application time: 0.0125270 seconds
{Heap before GC invocations=360 (full 35):
 par new generation   total 9216K, used 8556K [0x00000000e3400000, 0x00000000e3e00000, 0x00000000ecca0000)
  eden space 8192K, 100% used [0x00000000e3400000, 0x00000000e3c00000, 0x00000000e3c00000)
  from space 1024K,  35% used [0x00000000e3c00000, 0x00000000e3c5b078, 0x00000000e3d00000)
  to   space 1024K,   0% used [0x00000000e3d00000, 0x00000000e3d00000, 0x00000000e3e00000)
 concurrent mark-sweep generation total 80192K, used 35458K [0x00000000ecca0000, 0x00000000f1af0000, 0x0000000100000000)
 Metaspace       used 54029K, capacity 56194K, committed 56320K, reserved 1097728K
  class space    used 6931K, capacity 7411K, committed 7424K, reserved 1048576K
2020-11-07T20:04:43.350+0800: 37.196: [GC (Allocation Failure) 2020-11-07T20:04:43.350+0800: 37.196: [ParNew: 8556K->648K(9216K), 0.0285235 secs] 44014K->36107K(89408K), 0.0285849 secs] [Times: user=0.03 sys=0.00, real=0.03 secs] 
Heap after GC invocations=361 (full 35):
 par new generation   total 9216K, used 648K [0x00000000e3400000, 0x00000000e3e00000, 0x00000000ecca0000)
  eden space 8192K,   0% used [0x00000000e3400000, 0x00000000e3400000, 0x00000000e3c00000)
  from space 1024K,  63% used [0x00000000e3d00000, 0x00000000e3da22a8, 0x00000000e3e00000)
  to   space 1024K,   0% used [0x00000000e3c00000, 0x00000000e3c00000, 0x00000000e3d00000)
 concurrent mark-sweep generation total 80192K, used 35458K [0x00000000ecca0000, 0x00000000f1af0000, 0x0000000100000000)
 Metaspace       used 54029K, capacity 56194K, committed 56320K, reserved 1097728K
  class space    used 6931K, capacity 7411K, committed 7424K, reserved 1048576K
}
2020-11-07T20:04:43.456+0800: 37.302: Application time: 0.0772234 seconds
2020-11-07T20:04:43.466+0800: 37.312: Application time: 0.0097302 seconds
{Heap before GC invocations=361 (full 35):
 par new generation   total 9216K, used 8840K [0x00000000e3400000, 0x00000000e3e00000, 0x00000000ecca0000)
  eden space 8192K, 100% used [0x00000000e3400000, 0x00000000e3c00000, 0x00000000e3c00000)
  from space 1024K,  63% used [0x00000000e3d00000, 0x00000000e3da22a8, 0x00000000e3e00000)
  to   space 1024K,   0% used [0x00000000e3c00000, 0x00000000e3c00000, 0x00000000e3d00000)
 concurrent mark-sweep generation total 80192K, used 35458K [0x00000000ecca0000, 0x00000000f1af0000, 0x0000000100000000)
 Metaspace       used 54503K, capacity 56760K, committed 56960K, reserved 1099776K
  class space    used 6972K, capacity 7450K, committed 7552K, reserved 1048576K
2020-11-07T20:04:43.466+0800: 37.312: [GC (Allocation Failure) 2020-11-07T20:04:43.466+0800: 37.312: [ParNew: 8840K->631K(9216K), 0.0356474 secs] 44299K->36228K(89408K), 0.0357094 secs] [Times: user=0.04 sys=0.00, real=0.03 secs] 
Heap after GC invocations=362 (full 35):
 par new generation   total 9216K, used 631K [0x00000000e3400000, 0x00000000e3e00000, 0x00000000ecca0000)
  eden space 8192K,   0% used [0x00000000e3400000, 0x00000000e3400000, 0x00000000e3c00000)
  from space 1024K,  61% used [0x00000000e3c00000, 0x00000000e3c9ddf8, 0x00000000e3d00000)
  to   space 1024K,   0% used [0x00000000e3d00000, 0x00000000e3d00000, 0x00000000e3e00000)
 concurrent mark-sweep generation total 80192K, used 35596K [0x00000000ecca0000, 0x00000000f1af0000, 0x0000000100000000)
 Metaspace       used 54503K, capacity 56760K, committed 56960K, reserved 1099776K
  class space    used 6972K, capacity 7450K, committed 7552K, reserved 1048576K
}
2020-11-07T20:04:43.521+0800: 37.366: Application time: 0.0184920 seconds
{Heap before GC invocations=362 (full 35):
 par new generation   total 9216K, used 8823K [0x00000000e3400000, 0x00000000e3e00000, 0x00000000ecca0000)
  eden space 8192K, 100% used [0x00000000e3400000, 0x00000000e3c00000, 0x00000000e3c00000)
  from space 1024K,  61% used [0x00000000e3c00000, 0x00000000e3c9ddf8, 0x00000000e3d00000)
  to   space 1024K,   0% used [0x00000000e3d00000, 0x00000000e3d00000, 0x00000000e3e00000)
 concurrent mark-sweep generation total 80192K, used 35596K [0x00000000ecca0000, 0x00000000f1af0000, 0x0000000100000000)
 Metaspace       used 54602K, capacity 56824K, committed 57216K, reserved 1099776K
  class space    used 6989K, capacity 7450K, committed 7552K, reserved 1048576K
2020-11-07T20:04:43.521+0800: 37.366: [GC (Allocation Failure) 2020-11-07T20:04:43.521+0800: 37.367: [ParNew: 8823K->482K(9216K), 0.0220309 secs] 44420K->36079K(89408K), 0.0220974 secs] [Times: user=0.02 sys=0.00, real=0.02 secs] 
Heap after GC invocations=363 (full 35):
 par new generation   total 9216K, used 482K [0x00000000e3400000, 0x00000000e3e00000, 0x00000000ecca0000)
  eden space 8192K,   0% used [0x00000000e3400000, 0x00000000e3400000, 0x00000000e3c00000)
  from space 1024K,  47% used [0x00000000e3d00000, 0x00000000e3d78958, 0x00000000e3e00000)
  to   space 1024K,   0% used [0x00000000e3c00000, 0x00000000e3c00000, 0x00000000e3d00000)
 concurrent mark-sweep generation total 80192K, used 35596K [0x00000000ecca0000, 0x00000000f1af0000, 0x0000000100000000)
 Metaspace       used 54602K, capacity 56824K, committed 57216K, reserved 1099776K
  class space    used 6989K, capacity 7450K, committed 7552K, reserved 1048576K
}
2020-11-07T20:04:43.574+0800: 37.420: Application time: 0.0312684 seconds
{Heap before GC invocations=363 (full 35):
 par new generation   total 9216K, used 8674K [0x00000000e3400000, 0x00000000e3e00000, 0x00000000ecca0000)
  eden space 8192K, 100% used [0x00000000e3400000, 0x00000000e3c00000, 0x00000000e3c00000)
  from space 1024K,  47% used [0x00000000e3d00000, 0x00000000e3d78958, 0x00000000e3e00000)
  to   space 1024K,   0% used [0x00000000e3c00000, 0x00000000e3c00000, 0x00000000e3d00000)
 concurrent mark-sweep generation total 80192K, used 35596K [0x00000000ecca0000, 0x00000000f1af0000, 0x0000000100000000)
 Metaspace       used 54773K, capacity 57048K, committed 57216K, reserved 1099776K
  class space    used 7009K, capacity 7482K, committed 7552K, reserved 1048576K
2020-11-07T20:04:43.574+0800: 37.420: [GC (Allocation Failure) 2020-11-07T20:04:43.574+0800: 37.420: [ParNew: 8674K->508K(9216K), 0.0214862 secs] 44271K->36105K(89408K), 0.0215488 secs] [Times: user=0.02 sys=0.00, real=0.03 secs] 
Heap after GC invocations=364 (full 35):
 par new generation   total 9216K, used 508K [0x00000000e3400000, 0x00000000e3e00000, 0x00000000ecca0000)
  eden space 8192K,   0% used [0x00000000e3400000, 0x00000000e3400000, 0x00000000e3c00000)
  from space 1024K,  49% used [0x00000000e3c00000, 0x00000000e3c7f230, 0x00000000e3d00000)
  to   space 1024K,   0% used [0x00000000e3d00000, 0x00000000e3d00000, 0x00000000e3e00000)
 concurrent mark-sweep generation total 80192K, used 35596K [0x00000000ecca0000, 0x00000000f1af0000, 0x0000000100000000)
 Metaspace       used 54773K, capacity 57048K, committed 57216K, reserved 1099776K
  class space    used 7009K, capacity 7482K, committed 7552K, reserved 1048576K
}
2020-11-07T20:04:43.624+0800: 37.470: Application time: 0.0281592 seconds
{Heap before GC invocations=364 (full 35):
 par new generation   total 9216K, used 8700K [0x00000000e3400000, 0x00000000e3e00000, 0x00000000ecca0000)
  eden space 8192K, 100% used [0x00000000e3400000, 0x00000000e3c00000, 0x00000000e3c00000)
  from space 1024K,  49% used [0x00000000e3c00000, 0x00000000e3c7f230, 0x00000000e3d00000)
  to   space 1024K,   0% used [0x00000000e3d00000, 0x00000000e3d00000, 0x00000000e3e00000)
 concurrent mark-sweep generation total 80192K, used 35596K [0x00000000ecca0000, 0x00000000f1af0000, 0x0000000100000000)
 Metaspace       used 54931K, capacity 57176K, committed 57472K, reserved 1099776K
  class space    used 7027K, capacity 7482K, committed 7552K, reserved 1048576K
2020-11-07T20:04:43.624+0800: 37.470: [GC (Allocation Failure) 2020-11-07T20:04:43.624+0800: 37.470: [ParNew: 8700K->587K(9216K), 0.0255580 secs] 44297K->36183K(89408K), 0.0256148 secs] [Times: user=0.02 sys=0.00, real=0.03 secs] 
Heap after GC invocations=365 (full 35):
 par new generation   total 9216K, used 587K [0x00000000e3400000, 0x00000000e3e00000, 0x00000000ecca0000)
  eden space 8192K,   0% used [0x00000000e3400000, 0x00000000e3400000, 0x00000000e3c00000)
  from space 1024K,  57% used [0x00000000e3d00000, 0x00000000e3d92c50, 0x00000000e3e00000)
  to   space 1024K,   0% used [0x00000000e3c00000, 0x00000000e3c00000, 0x00000000e3d00000)
 concurrent mark-sweep generation total 80192K, used 35596K [0x00000000ecca0000, 0x00000000f1af0000, 0x0000000100000000)
 Metaspace       used 54931K, capacity 57176K, committed 57472K, reserved 1099776K
  class space    used 7027K, capacity 7482K, committed 7552K, reserved 1048576K
}
2020-11-07T20:04:43.696+0800: 37.542: Application time: 0.0460474 seconds
{Heap before GC invocations=365 (full 35):
 par new generation   total 9216K, used 8779K [0x00000000e3400000, 0x00000000e3e00000, 0x00000000ecca0000)
  eden space 8192K, 100% used [0x00000000e3400000, 0x00000000e3c00000, 0x00000000e3c00000)
  from space 1024K,  57% used [0x00000000e3d00000, 0x00000000e3d92c50, 0x00000000e3e00000)
  to   space 1024K,   0% used [0x00000000e3c00000, 0x00000000e3c00000, 0x00000000e3d00000)
 concurrent mark-sweep generation total 80192K, used 35596K [0x00000000ecca0000, 0x00000000f1af0000, 0x0000000100000000)
 Metaspace       used 55068K, capacity 57316K, committed 57472K, reserved 1099776K
  class space    used 7051K, capacity 7526K, committed 7552K, reserved 1048576K
2020-11-07T20:04:43.696+0800: 37.542: [GC (Allocation Failure) 2020-11-07T20:04:43.696+0800: 37.542: [ParNew: 8779K->620K(9216K), 0.0306268 secs] 44375K->36217K(89408K), 0.0306817 secs] [Times: user=0.03 sys=0.00, real=0.03 secs] 
Heap after GC invocations=366 (full 35):
 par new generation   total 9216K, used 620K [0x00000000e3400000, 0x00000000e3e00000, 0x00000000ecca0000)
  eden space 8192K,   0% used [0x00000000e3400000, 0x00000000e3400000, 0x00000000e3c00000)
  from space 1024K,  60% used [0x00000000e3c00000, 0x00000000e3c9b3a0, 0x00000000e3d00000)
  to   space 1024K,   0% used [0x00000000e3d00000, 0x00000000e3d00000, 0x00000000e3e00000)
 concurrent mark-sweep generation total 80192K, used 35596K [0x00000000ecca0000, 0x00000000f1af0000, 0x0000000100000000)
 Metaspace       used 55068K, capacity 57316K, committed 57472K, reserved 1099776K
  class space    used 7051K, capacity 7526K, committed 7552K, reserved 1048576K
}
2020-11-07T20:04:43.835+0800: 37.681: Application time: 0.1078403 seconds
{Heap before GC invocations=366 (full 35):
 par new generation   total 9216K, used 8812K [0x00000000e3400000, 0x00000000e3e00000, 0x00000000ecca0000)
  eden space 8192K, 100% used [0x00000000e3400000, 0x00000000e3c00000, 0x00000000e3c00000)
  from space 1024K,  60% used [0x00000000e3c00000, 0x00000000e3c9b3a0, 0x00000000e3d00000)
  to   space 1024K,   0% used [0x00000000e3d00000, 0x00000000e3d00000, 0x00000000e3e00000)
 concurrent mark-sweep generation total 80192K, used 35596K [0x00000000ecca0000, 0x00000000f1af0000, 0x0000000100000000)
 Metaspace       used 55427K, capacity 57908K, committed 58112K, reserved 1099776K
  class space    used 7116K, capacity 7632K, committed 7680K, reserved 1048576K
2020-11-07T20:04:43.835+0800: 37.681: [GC (Allocation Failure) 2020-11-07T20:04:43.835+0800: 37.681: [ParNew: 8812K->761K(9216K), 0.0237765 secs] 44409K->36500K(89408K), 0.0238469 secs] [Times: user=0.02 sys=0.00, real=0.02 secs] 
Heap after GC invocations=367 (full 35):
 par new generation   total 9216K, used 761K [0x00000000e3400000, 0x00000000e3e00000, 0x00000000ecca0000)
  eden space 8192K,   0% used [0x00000000e3400000, 0x00000000e3400000, 0x00000000e3c00000)
  from space 1024K,  74% used [0x00000000e3d00000, 0x00000000e3dbe6c0, 0x00000000e3e00000)
  to   space 1024K,   0% used [0x00000000e3c00000, 0x00000000e3c00000, 0x00000000e3d00000)
 concurrent mark-sweep generation total 80192K, used 35739K [0x00000000ecca0000, 0x00000000f1af0000, 0x0000000100000000)
 Metaspace       used 55427K, capacity 57908K, committed 58112K, reserved 1099776K
  class space    used 7116K, capacity 7632K, committed 7680K, reserved 1048576K
}
2020-11-07T20:04:43.901+0800: 37.747: Application time: 0.0420944 seconds
2020-11-07T20:04:43.922+0800: 37.768: Application time: 0.0202534 seconds
{Heap before GC invocations=367 (full 35):
 par new generation   total 9216K, used 8953K [0x00000000e3400000, 0x00000000e3e00000, 0x00000000ecca0000)
  eden space 8192K, 100% used [0x00000000e3400000, 0x00000000e3c00000, 0x00000000e3c00000)
  from space 1024K,  74% used [0x00000000e3d00000, 0x00000000e3dbe6c0, 0x00000000e3e00000)
  to   space 1024K,   0% used [0x00000000e3c00000, 0x00000000e3c00000, 0x00000000e3d00000)
 concurrent mark-sweep generation total 80192K, used 35739K [0x00000000ecca0000, 0x00000000f1af0000, 0x0000000100000000)
 Metaspace       used 55566K, capacity 58080K, committed 58368K, reserved 1099776K
  class space    used 7140K, capacity 7642K, committed 7680K, reserved 1048576K
2020-11-07T20:04:43.922+0800: 37.768: [GC (Allocation Failure) 2020-11-07T20:04:43.922+0800: 37.768: [ParNew: 8953K->641K(9216K), 0.0298735 secs] 44692K->36493K(89408K), 0.0299330 secs] [Times: user=0.02 sys=0.00, real=0.03 secs] 
Heap after GC invocations=368 (full 35):
 par new generation   total 9216K, used 641K [0x00000000e3400000, 0x00000000e3e00000, 0x00000000ecca0000)
  eden space 8192K,   0% used [0x00000000e3400000, 0x00000000e3400000, 0x00000000e3c00000)
  from space 1024K,  62% used [0x00000000e3c00000, 0x00000000e3ca0450, 0x00000000e3d00000)
  to   space 1024K,   0% used [0x00000000e3d00000, 0x00000000e3d00000, 0x00000000e3e00000)
 concurrent mark-sweep generation total 80192K, used 35852K [0x00000000ecca0000, 0x00000000f1af0000, 0x0000000100000000)
 Metaspace       used 55566K, capacity 58080K, committed 58368K, reserved 1099776K
  class space    used 7140K, capacity 7642K, committed 7680K, reserved 1048576K
}
2020-11-07T20:04:44.008+0800: 37.854: Application time: 0.0560306 seconds
{Heap before GC invocations=368 (full 35):
 par new generation   total 9216K, used 8833K [0x00000000e3400000, 0x00000000e3e00000, 0x00000000ecca0000)
  eden space 8192K, 100% used [0x00000000e3400000, 0x00000000e3c00000, 0x00000000e3c00000)
  from space 1024K,  62% used [0x00000000e3c00000, 0x00000000e3ca0450, 0x00000000e3d00000)
  to   space 1024K,   0% used [0x00000000e3d00000, 0x00000000e3d00000, 0x00000000e3e00000)
 concurrent mark-sweep generation total 80192K, used 35852K [0x00000000ecca0000, 0x00000000f1af0000, 0x0000000100000000)
 Metaspace       used 55827K, capacity 58392K, committed 58624K, reserved 1099776K
  class space    used 7173K, capacity 7680K, committed 7680K, reserved 1048576K
2020-11-07T20:04:44.009+0800: 37.854: [GC (Allocation Failure) 2020-11-07T20:04:44.009+0800: 37.854: [ParNew: 8833K->654K(9216K), 0.0241087 secs] 44685K->36506K(89408K), 0.0241685 secs] [Times: user=0.02 sys=0.00, real=0.02 secs] 
Heap after GC invocations=369 (full 35):
 par new generation   total 9216K, used 654K [0x00000000e3400000, 0x00000000e3e00000, 0x00000000ecca0000)
  eden space 8192K,   0% used [0x00000000e3400000, 0x00000000e3400000, 0x00000000e3c00000)
  from space 1024K,  63% used [0x00000000e3d00000, 0x00000000e3da3998, 0x00000000e3e00000)
  to   space 1024K,   0% used [0x00000000e3c00000, 0x00000000e3c00000, 0x00000000e3d00000)
 concurrent mark-sweep generation total 80192K, used 35852K [0x00000000ecca0000, 0x00000000f1af0000, 0x0000000100000000)
 Metaspace       used 55827K, capacity 58392K, committed 58624K, reserved 1099776K
  class space    used 7173K, capacity 7680K, committed 7680K, reserved 1048576K
}
2020-11-07T20:04:44.089+0800: 37.935: Application time: 0.0564884 seconds
2020-11-07T20:04:44.096+0800: 37.941: Application time: 0.0060795 seconds
2020-11-07T20:04:44.111+0800: 37.957: Application time: 0.0150173 seconds
{Heap before GC invocations=369 (full 35):
 par new generation   total 9216K, used 8846K [0x00000000e3400000, 0x00000000e3e00000, 0x00000000ecca0000)
  eden space 8192K, 100% used [0x00000000e3400000, 0x00000000e3c00000, 0x00000000e3c00000)
  from space 1024K,  63% used [0x00000000e3d00000, 0x00000000e3da3998, 0x00000000e3e00000)
  to   space 1024K,   0% used [0x00000000e3c00000, 0x00000000e3c00000, 0x00000000e3d00000)
 concurrent mark-sweep generation total 80192K, used 35852K [0x00000000ecca0000, 0x00000000f1af0000, 0x0000000100000000)
 Metaspace       used 56025K, capacity 58632K, committed 58752K, reserved 1099776K
  class space    used 7205K, capacity 7728K, committed 7808K, reserved 1048576K
2020-11-07T20:04:44.111+0800: 37.957: [GC (Allocation Failure) 2020-11-07T20:04:44.111+0800: 37.957: [ParNew: 8846K->769K(9216K), 0.0278026 secs] 44698K->36621K(89408K), 0.0278743 secs] [Times: user=0.01 sys=0.00, real=0.03 secs] 
Heap after GC invocations=370 (full 35):
 par new generation   total 9216K, used 769K [0x00000000e3400000, 0x00000000e3e00000, 0x00000000ecca0000)
  eden space 8192K,   0% used [0x00000000e3400000, 0x00000000e3400000, 0x00000000e3c00000)
  from space 1024K,  75% used [0x00000000e3c00000, 0x00000000e3cc06e0, 0x00000000e3d00000)
  to   space 1024K,   0% used [0x00000000e3d00000, 0x00000000e3d00000, 0x00000000e3e00000)
 concurrent mark-sweep generation total 80192K, used 35852K [0x00000000ecca0000, 0x00000000f1af0000, 0x0000000100000000)
 Metaspace       used 56025K, capacity 58632K, committed 58752K, reserved 1099776K
  class space    used 7205K, capacity 7728K, committed 7808K, reserved 1048576K
}
2020-11-07T20:04:44.233+0800: 38.079: Application time: 0.0942654 seconds
{Heap before GC invocations=370 (full 35):
 par new generation   total 9216K, used 8961K [0x00000000e3400000, 0x00000000e3e00000, 0x00000000ecca0000)
  eden space 8192K, 100% used [0x00000000e3400000, 0x00000000e3c00000, 0x00000000e3c00000)
  from space 1024K,  75% used [0x00000000e3c00000, 0x00000000e3cc06e0, 0x00000000e3d00000)
  to   space 1024K,   0% used [0x00000000e3d00000, 0x00000000e3d00000, 0x00000000e3e00000)
 concurrent mark-sweep generation total 80192K, used 35852K [0x00000000ecca0000, 0x00000000f1af0000, 0x0000000100000000)
 Metaspace       used 56368K, capacity 58940K, committed 59008K, reserved 1099776K
  class space    used 7248K, capacity 7740K, committed 7808K, reserved 1048576K
2020-11-07T20:04:44.233+0800: 38.079: [GC (Allocation Failure) 2020-11-07T20:04:44.233+0800: 38.079: [ParNew: 8961K->886K(9216K), 0.0276445 secs] 44813K->36891K(89408K), 0.0277000 secs] [Times: user=0.02 sys=0.00, real=0.03 secs] 
Heap after GC invocations=371 (full 35):
 par new generation   total 9216K, used 886K [0x00000000e3400000, 0x00000000e3e00000, 0x00000000ecca0000)
  eden space 8192K,   0% used [0x00000000e3400000, 0x00000000e3400000, 0x00000000e3c00000)
  from space 1024K,  86% used [0x00000000e3d00000, 0x00000000e3dddbf8, 0x00000000e3e00000)
  to   space 1024K,   0% used [0x00000000e3c00000, 0x00000000e3c00000, 0x00000000e3d00000)
 concurrent mark-sweep generation total 80192K, used 36004K [0x00000000ecca0000, 0x00000000f1af0000, 0x0000000100000000)
 Metaspace       used 56368K, capacity 58940K, committed 59008K, reserved 1099776K
  class space    used 7248K, capacity 7740K, committed 7808K, reserved 1048576K
}
2020-11-07T20:04:44.310+0800: 38.156: Application time: 0.0491031 seconds
{Heap before GC invocations=371 (full 35):
 par new generation   total 9216K, used 9078K [0x00000000e3400000, 0x00000000e3e00000, 0x00000000ecca0000)
  eden space 8192K, 100% used [0x00000000e3400000, 0x00000000e3c00000, 0x00000000e3c00000)
  from space 1024K,  86% used [0x00000000e3d00000, 0x00000000e3dddbf8, 0x00000000e3e00000)
  to   space 1024K,   0% used [0x00000000e3c00000, 0x00000000e3c00000, 0x00000000e3d00000)
 concurrent mark-sweep generation total 80192K, used 36004K [0x00000000ecca0000, 0x00000000f1af0000, 0x0000000100000000)
 Metaspace       used 56640K, capacity 59212K, committed 59264K, reserved 1101824K
  class space    used 7293K, capacity 7808K, committed 7808K, reserved 1048576K
2020-11-07T20:04:44.310+0800: 38.156: [GC (Allocation Failure) 2020-11-07T20:04:44.310+0800: 38.156: [ParNew: 9078K->615K(9216K), 0.0221723 secs] 45083K->36869K(89408K), 0.0223018 secs] [Times: user=0.02 sys=0.00, real=0.02 secs] 
Heap after GC invocations=372 (full 35):
 par new generation   total 9216K, used 615K [0x00000000e3400000, 0x00000000e3e00000, 0x00000000ecca0000)
  eden space 8192K,   0% used [0x00000000e3400000, 0x00000000e3400000, 0x00000000e3c00000)
  from space 1024K,  60% used [0x00000000e3c00000, 0x00000000e3c99fe0, 0x00000000e3d00000)
  to   space 1024K,   0% used [0x00000000e3d00000, 0x00000000e3d00000, 0x00000000e3e00000)
 concurrent mark-sweep generation total 80192K, used 36253K [0x00000000ecca0000, 0x00000000f1af0000, 0x0000000100000000)
 Metaspace       used 56640K, capacity 59212K, committed 59264K, reserved 1101824K
  class space    used 7293K, capacity 7808K, committed 7808K, reserved 1048576K
}
2020-11-07T20:04:44.375+0800: 38.221: Application time: 0.0426674 seconds
2020-11-07T20:04:44.382+0800: 38.227: Application time: 0.0060969 seconds
2020-11-07T20:04:44.433+0800: 38.279: Application time: 0.0515196 seconds
{Heap before GC invocations=372 (full 35):
 par new generation   total 9216K, used 8807K [0x00000000e3400000, 0x00000000e3e00000, 0x00000000ecca0000)
  eden space 8192K, 100% used [0x00000000e3400000, 0x00000000e3c00000, 0x00000000e3c00000)
  from space 1024K,  60% used [0x00000000e3c00000, 0x00000000e3c99fe0, 0x00000000e3d00000)
  to   space 1024K,   0% used [0x00000000e3d00000, 0x00000000e3d00000, 0x00000000e3e00000)
 concurrent mark-sweep generation total 80192K, used 36253K [0x00000000ecca0000, 0x00000000f1af0000, 0x0000000100000000)
 Metaspace       used 56882K, capacity 59498K, committed 59648K, reserved 1101824K
  class space    used 7334K, capacity 7853K, committed 7936K, reserved 1048576K
2020-11-07T20:04:44.433+0800: 38.279: [GC (Allocation Failure) 2020-11-07T20:04:44.433+0800: 38.279: [ParNew: 8807K->637K(9216K), 0.2308151 secs] 45061K->36890K(89408K), 0.2308803 secs] [Times: user=0.22 sys=0.00, real=0.23 secs] 
Heap after GC invocations=373 (full 35):
 par new generation   total 9216K, used 637K [0x00000000e3400000, 0x00000000e3e00000, 0x00000000ecca0000)
  eden space 8192K,   0% used [0x00000000e3400000, 0x00000000e3400000, 0x00000000e3c00000)
  from space 1024K,  62% used [0x00000000e3d00000, 0x00000000e3d9f520, 0x00000000e3e00000)
  to   space 1024K,   0% used [0x00000000e3c00000, 0x00000000e3c00000, 0x00000000e3d00000)
 concurrent mark-sweep generation total 80192K, used 36253K [0x00000000ecca0000, 0x00000000f1af0000, 0x0000000100000000)
 Metaspace       used 56882K, capacity 59498K, committed 59648K, reserved 1101824K
  class space    used 7334K, capacity 7853K, committed 7936K, reserved 1048576K
}
2020-11-07T20:04:44.799+0800: 38.644: Application time: 0.1341736 seconds
{Heap before GC invocations=373 (full 35):
 par new generation   total 9216K, used 8829K [0x00000000e3400000, 0x00000000e3e00000, 0x00000000ecca0000)
  eden space 8192K, 100% used [0x00000000e3400000, 0x00000000e3c00000, 0x00000000e3c00000)
  from space 1024K,  62% used [0x00000000e3d00000, 0x00000000e3d9f520, 0x00000000e3e00000)
  to   space 1024K,   0% used [0x00000000e3c00000, 0x00000000e3c00000, 0x00000000e3d00000)
 concurrent mark-sweep generation total 80192K, used 36253K [0x00000000ecca0000, 0x00000000f1af0000, 0x0000000100000000)
 Metaspace       used 56965K, capacity 59652K, committed 59904K, reserved 1101824K
  class space    used 7340K, capacity 7892K, committed 7936K, reserved 1048576K
2020-11-07T20:04:44.799+0800: 38.645: [GC (Allocation Failure) 2020-11-07T20:04:44.799+0800: 38.645: [ParNew: 8829K->932K(9216K), 0.0359827 secs] 45082K->37229K(89408K), 0.0360413 secs] [Times: user=0.03 sys=0.00, real=0.04 secs] 
Heap after GC invocations=374 (full 35):
 par new generation   total 9216K, used 932K [0x00000000e3400000, 0x00000000e3e00000, 0x00000000ecca0000)
  eden space 8192K,   0% used [0x00000000e3400000, 0x00000000e3400000, 0x00000000e3c00000)
  from space 1024K,  91% used [0x00000000e3c00000, 0x00000000e3ce90e0, 0x00000000e3d00000)
  to   space 1024K,   0% used [0x00000000e3d00000, 0x00000000e3d00000, 0x00000000e3e00000)
 concurrent mark-sweep generation total 80192K, used 36296K [0x00000000ecca0000, 0x00000000f1af0000, 0x0000000100000000)
 Metaspace       used 56965K, capacity 59652K, committed 59904K, reserved 1101824K
  class space    used 7340K, capacity 7892K, committed 7936K, reserved 1048576K
}
2020-11-07T20:04:44.950+0800: 38.796: Application time: 0.1152506 seconds
{Heap before GC invocations=374 (full 35):
 par new generation   total 9216K, used 9124K [0x00000000e3400000, 0x00000000e3e00000, 0x00000000ecca0000)
  eden space 8192K, 100% used [0x00000000e3400000, 0x00000000e3c00000, 0x00000000e3c00000)
  from space 1024K,  91% used [0x00000000e3c00000, 0x00000000e3ce90e0, 0x00000000e3d00000)
  to   space 1024K,   0% used [0x00000000e3d00000, 0x00000000e3d00000, 0x00000000e3e00000)
 concurrent mark-sweep generation total 80192K, used 36296K [0x00000000ecca0000, 0x00000000f1af0000, 0x0000000100000000)
 Metaspace       used 57177K, capacity 59858K, committed 59904K, reserved 1101824K
  class space    used 7368K, capacity 7895K, committed 7936K, reserved 1048576K
2020-11-07T20:04:44.950+0800: 38.796: [GC (Allocation Failure) 2020-11-07T20:04:44.950+0800: 38.796: [ParNew: 9124K->428K(9216K), 0.0277077 secs] 45421K->37601K(89408K), 0.0277803 secs] [Times: user=0.02 sys=0.00, real=0.03 secs] 
Heap after GC invocations=375 (full 35):
 par new generation   total 9216K, used 428K [0x00000000e3400000, 0x00000000e3e00000, 0x00000000ecca0000)
  eden space 8192K,   0% used [0x00000000e3400000, 0x00000000e3400000, 0x00000000e3c00000)
  from space 1024K,  41% used [0x00000000e3d00000, 0x00000000e3d6b110, 0x00000000e3e00000)
  to   space 1024K,   0% used [0x00000000e3c00000, 0x00000000e3c00000, 0x00000000e3d00000)
 concurrent mark-sweep generation total 80192K, used 37173K [0x00000000ecca0000, 0x00000000f1af0000, 0x0000000100000000)
 Metaspace       used 57177K, capacity 59858K, committed 59904K, reserved 1101824K
  class space    used 7368K, capacity 7895K, committed 7936K, reserved 1048576K
}
2020-11-07T20:04:45.016+0800: 38.861: Application time: 0.0374345 seconds
{Heap before GC invocations=375 (full 35):
 par new generation   total 9216K, used 8620K [0x00000000e3400000, 0x00000000e3e00000, 0x00000000ecca0000)
  eden space 8192K, 100% used [0x00000000e3400000, 0x00000000e3c00000, 0x00000000e3c00000)
  from space 1024K,  41% used [0x00000000e3d00000, 0x00000000e3d6b110, 0x00000000e3e00000)
  to   space 1024K,   0% used [0x00000000e3c00000, 0x00000000e3c00000, 0x00000000e3d00000)
 concurrent mark-sweep generation total 80192K, used 37173K [0x00000000ecca0000, 0x00000000f1af0000, 0x0000000100000000)
 Metaspace       used 57265K, capacity 60018K, committed 60160K, reserved 1101824K
  class space    used 7378K, capacity 7927K, committed 7936K, reserved 1048576K
2020-11-07T20:04:45.016+0800: 38.862: [GC (Allocation Failure) 2020-11-07T20:04:45.016+0800: 38.862: [ParNew: 8620K->318K(9216K), 0.0109316 secs] 45793K->37492K(89408K), 0.0109878 secs] [Times: user=0.01 sys=0.00, real=0.01 secs] 
Heap after GC invocations=376 (full 35):
 par new generation   total 9216K, used 318K [0x00000000e3400000, 0x00000000e3e00000, 0x00000000ecca0000)
  eden space 8192K,   0% used [0x00000000e3400000, 0x00000000e3400000, 0x00000000e3c00000)
  from space 1024K,  31% used [0x00000000e3c00000, 0x00000000e3c4fbd8, 0x00000000e3d00000)
  to   space 1024K,   0% used [0x00000000e3d00000, 0x00000000e3d00000, 0x00000000e3e00000)
 concurrent mark-sweep generation total 80192K, used 37173K [0x00000000ecca0000, 0x00000000f1af0000, 0x0000000100000000)
 Metaspace       used 57265K, capacity 60018K, committed 60160K, reserved 1101824K
  class space    used 7378K, capacity 7927K, committed 7936K, reserved 1048576K
}
2020-11-07T20:04:45.104+0800: 38.950: Application time: 0.0770659 seconds
{Heap before GC invocations=376 (full 35):
 par new generation   total 9216K, used 8510K [0x00000000e3400000, 0x00000000e3e00000, 0x00000000ecca0000)
  eden space 8192K, 100% used [0x00000000e3400000, 0x00000000e3c00000, 0x00000000e3c00000)
  from space 1024K,  31% used [0x00000000e3c00000, 0x00000000e3c4fbd8, 0x00000000e3d00000)
  to   space 1024K,   0% used [0x00000000e3d00000, 0x00000000e3d00000, 0x00000000e3e00000)
 concurrent mark-sweep generation total 80192K, used 37173K [0x00000000ecca0000, 0x00000000f1af0000, 0x0000000100000000)
 Metaspace       used 57561K, capacity 60274K, committed 60416K, reserved 1101824K
  class space    used 7404K, capacity 7927K, committed 7936K, reserved 1048576K
2020-11-07T20:04:45.104+0800: 38.950: [GC (Allocation Failure) 2020-11-07T20:04:45.104+0800: 38.950: [ParNew: 8510K->593K(9216K), 0.0181511 secs] 45684K->37766K(89408K), 0.0182222 secs] [Times: user=0.01 sys=0.00, real=0.02 secs] 
Heap after GC invocations=377 (full 35):
 par new generation   total 9216K, used 593K [0x00000000e3400000, 0x00000000e3e00000, 0x00000000ecca0000)
  eden space 8192K,   0% used [0x00000000e3400000, 0x00000000e3400000, 0x00000000e3c00000)
  from space 1024K,  57% used [0x00000000e3d00000, 0x00000000e3d94508, 0x00000000e3e00000)
  to   space 1024K,   0% used [0x00000000e3c00000, 0x00000000e3c00000, 0x00000000e3d00000)
 concurrent mark-sweep generation total 80192K, used 37173K [0x00000000ecca0000, 0x00000000f1af0000, 0x0000000100000000)
 Metaspace       used 57561K, capacity 60274K, committed 60416K, reserved 1101824K
  class space    used 7404K, capacity 7927K, committed 7936K, reserved 1048576K
}
2020-11-07T20:04:45.126+0800: 38.972: Application time: 0.0040543 seconds
2020-11-07T20:04:45.135+0800: 38.980: Application time: 0.0079724 seconds
2020-11-07T20:04:45.220+0800: 39.066: Application time: 0.0843914 seconds
{Heap before GC invocations=377 (full 35):
 par new generation   total 9216K, used 8785K [0x00000000e3400000, 0x00000000e3e00000, 0x00000000ecca0000)
  eden space 8192K, 100% used [0x00000000e3400000, 0x00000000e3c00000, 0x00000000e3c00000)
  from space 1024K,  57% used [0x00000000e3d00000, 0x00000000e3d94508, 0x00000000e3e00000)
  to   space 1024K,   0% used [0x00000000e3c00000, 0x00000000e3c00000, 0x00000000e3d00000)
 concurrent mark-sweep generation total 80192K, used 37173K [0x00000000ecca0000, 0x00000000f1af0000, 0x0000000100000000)
 Metaspace       used 57865K, capacity 60574K, committed 60800K, reserved 1101824K
  class space    used 7430K, capacity 7961K, committed 8064K, reserved 1048576K
2020-11-07T20:04:45.220+0800: 39.066: [GC (Allocation Failure) 2020-11-07T20:04:45.220+0800: 39.066: [ParNew: 8785K->644K(9216K), 0.0101897 secs] 45958K->37817K(89408K), 0.0102478 secs] [Times: user=0.01 sys=0.00, real=0.01 secs] 
Heap after GC invocations=378 (full 35):
 par new generation   total 9216K, used 644K [0x00000000e3400000, 0x00000000e3e00000, 0x00000000ecca0000)
  eden space 8192K,   0% used [0x00000000e3400000, 0x00000000e3400000, 0x00000000e3c00000)
  from space 1024K,  62% used [0x00000000e3c00000, 0x00000000e3ca1058, 0x00000000e3d00000)
  to   space 1024K,   0% used [0x00000000e3d00000, 0x00000000e3d00000, 0x00000000e3e00000)
 concurrent mark-sweep generation total 80192K, used 37173K [0x00000000ecca0000, 0x00000000f1af0000, 0x0000000100000000)
 Metaspace       used 57865K, capacity 60574K, committed 60800K, reserved 1101824K
  class space    used 7430K, capacity 7961K, committed 8064K, reserved 1048576K
}
2020-11-07T20:04:45.285+0800: 39.131: Application time: 0.0549163 seconds
{Heap before GC invocations=378 (full 35):
 par new generation   total 9216K, used 8836K [0x00000000e3400000, 0x00000000e3e00000, 0x00000000ecca0000)
  eden space 8192K, 100% used [0x00000000e3400000, 0x00000000e3c00000, 0x00000000e3c00000)
  from space 1024K,  62% used [0x00000000e3c00000, 0x00000000e3ca1058, 0x00000000e3d00000)
  to   space 1024K,   0% used [0x00000000e3d00000, 0x00000000e3d00000, 0x00000000e3e00000)
 concurrent mark-sweep generation total 80192K, used 37173K [0x00000000ecca0000, 0x00000000f1af0000, 0x0000000100000000)
 Metaspace       used 57956K, capacity 60670K, committed 60800K, reserved 1101824K
  class space    used 7448K, capacity 7993K, committed 8064K, reserved 1048576K
2020-11-07T20:04:45.285+0800: 39.131: [GC (Allocation Failure) 2020-11-07T20:04:45.286+0800: 39.131: [ParNew: 8836K->430K(9216K), 0.0172269 secs] 46009K->37776K(89408K), 0.0172804 secs] [Times: user=0.02 sys=0.00, real=0.01 secs] 
Heap after GC invocations=379 (full 35):
 par new generation   total 9216K, used 430K [0x00000000e3400000, 0x00000000e3e00000, 0x00000000ecca0000)
  eden space 8192K,   0% used [0x00000000e3400000, 0x00000000e3400000, 0x00000000e3c00000)
  from space 1024K,  41% used [0x00000000e3d00000, 0x00000000e3d6b820, 0x00000000e3e00000)
  to   space 1024K,   0% used [0x00000000e3c00000, 0x00000000e3c00000, 0x00000000e3d00000)
 concurrent mark-sweep generation total 80192K, used 37345K [0x00000000ecca0000, 0x00000000f1af0000, 0x0000000100000000)
 Metaspace       used 57956K, capacity 60670K, committed 60800K, reserved 1101824K
  class space    used 7448K, capacity 7993K, committed 8064K, reserved 1048576K
}
2020-11-07T20:04:45.361+0800: 39.207: Application time: 0.0583420 seconds
{Heap before GC invocations=379 (full 35):
 par new generation   total 9216K, used 8622K [0x00000000e3400000, 0x00000000e3e00000, 0x00000000ecca0000)
  eden space 8192K, 100% used [0x00000000e3400000, 0x00000000e3c00000, 0x00000000e3c00000)
  from space 1024K,  41% used [0x00000000e3d00000, 0x00000000e3d6b820, 0x00000000e3e00000)
  to   space 1024K,   0% used [0x00000000e3c00000, 0x00000000e3c00000, 0x00000000e3d00000)
 concurrent mark-sweep generation total 80192K, used 37345K [0x00000000ecca0000, 0x00000000f1af0000, 0x0000000100000000)
 Metaspace       used 58078K, capacity 60740K, committed 61056K, reserved 1101824K
  class space    used 7465K, capacity 7994K, committed 8064K, reserved 1048576K
2020-11-07T20:04:45.361+0800: 39.207: [GC (Allocation Failure) 2020-11-07T20:04:45.361+0800: 39.207: [ParNew: 8622K->421K(9216K), 0.0228896 secs] 45968K->37767K(89408K), 0.0229527 secs] [Times: user=0.03 sys=0.00, real=0.02 secs] 
Heap after GC invocations=380 (full 35):
 par new generation   total 9216K, used 421K [0x00000000e3400000, 0x00000000e3e00000, 0x00000000ecca0000)
  eden space 8192K,   0% used [0x00000000e3400000, 0x00000000e3400000, 0x00000000e3c00000)
  from space 1024K,  41% used [0x00000000e3c00000, 0x00000000e3c694f8, 0x00000000e3d00000)
  to   space 1024K,   0% used [0x00000000e3d00000, 0x00000000e3d00000, 0x00000000e3e00000)
 concurrent mark-sweep generation total 80192K, used 37345K [0x00000000ecca0000, 0x00000000f1af0000, 0x0000000100000000)
 Metaspace       used 58078K, capacity 60740K, committed 61056K, reserved 1101824K
  class space    used 7465K, capacity 7994K, committed 8064K, reserved 1048576K
}
2020-11-07T20:04:45.450+0800: 39.295: Application time: 0.0652087 seconds
{Heap before GC invocations=380 (full 35):
 par new generation   total 9216K, used 8613K [0x00000000e3400000, 0x00000000e3e00000, 0x00000000ecca0000)
  eden space 8192K, 100% used [0x00000000e3400000, 0x00000000e3c00000, 0x00000000e3c00000)
  from space 1024K,  41% used [0x00000000e3c00000, 0x00000000e3c694f8, 0x00000000e3d00000)
  to   space 1024K,   0% used [0x00000000e3d00000, 0x00000000e3d00000, 0x00000000e3e00000)
 concurrent mark-sweep generation total 80192K, used 37345K [0x00000000ecca0000, 0x00000000f1af0000, 0x0000000100000000)
 Metaspace       used 58283K, capacity 60964K, committed 61056K, reserved 1101824K
  class space    used 7485K, capacity 8026K, committed 8064K, reserved 1048576K
2020-11-07T20:04:45.450+0800: 39.296: [GC (Allocation Failure) 2020-11-07T20:04:45.450+0800: 39.296: [ParNew: 8613K->614K(9216K), 0.0233425 secs] 45959K->37960K(89408K), 0.0233986 secs] [Times: user=0.02 sys=0.00, real=0.02 secs] 
Heap after GC invocations=381 (full 35):
 par new generation   total 9216K, used 614K [0x00000000e3400000, 0x00000000e3e00000, 0x00000000ecca0000)
  eden space 8192K,   0% used [0x00000000e3400000, 0x00000000e3400000, 0x00000000e3c00000)
  from space 1024K,  60% used [0x00000000e3d00000, 0x00000000e3d99b78, 0x00000000e3e00000)
  to   space 1024K,   0% used [0x00000000e3c00000, 0x00000000e3c00000, 0x00000000e3d00000)
 concurrent mark-sweep generation total 80192K, used 37345K [0x00000000ecca0000, 0x00000000f1af0000, 0x0000000100000000)
 Metaspace       used 58283K, capacity 60964K, committed 61056K, reserved 1101824K
  class space    used 7485K, capacity 8026K, committed 8064K, reserved 1048576K
}
2020-11-07T20:04:45.580+0800: 39.426: Application time: 0.1064642 seconds
{Heap before GC invocations=381 (full 35):
 par new generation   total 9216K, used 8806K [0x00000000e3400000, 0x00000000e3e00000, 0x00000000ecca0000)
  eden space 8192K, 100% used [0x00000000e3400000, 0x00000000e3c00000, 0x00000000e3c00000)
  from space 1024K,  60% used [0x00000000e3d00000, 0x00000000e3d99b78, 0x00000000e3e00000)
  to   space 1024K,   0% used [0x00000000e3c00000, 0x00000000e3c00000, 0x00000000e3d00000)
 concurrent mark-sweep generation total 80192K, used 37345K [0x00000000ecca0000, 0x00000000f1af0000, 0x0000000100000000)
 Metaspace       used 58311K, capacity 61028K, committed 61312K, reserved 1101824K
  class space    used 7486K, capacity 8026K, committed 8064K, reserved 1048576K
2020-11-07T20:04:45.580+0800: 39.426: [GC (Allocation Failure) 2020-11-07T20:04:45.580+0800: 39.426: [ParNew: 8806K->382K(9216K), 0.0237259 secs] 46152K->37889K(89408K), 0.0237904 secs] [Times: user=0.03 sys=0.00, real=0.02 secs] 
Heap after GC invocations=382 (full 35):
 par new generation   total 9216K, used 382K [0x00000000e3400000, 0x00000000e3e00000, 0x00000000ecca0000)
  eden space 8192K,   0% used [0x00000000e3400000, 0x00000000e3400000, 0x00000000e3c00000)
  from space 1024K,  37% used [0x00000000e3c00000, 0x00000000e3c5f960, 0x00000000e3d00000)
  to   space 1024K,   0% used [0x00000000e3d00000, 0x00000000e3d00000, 0x00000000e3e00000)
 concurrent mark-sweep generation total 80192K, used 37507K [0x00000000ecca0000, 0x00000000f1af0000, 0x0000000100000000)
 Metaspace       used 58311K, capacity 61028K, committed 61312K, reserved 1101824K
  class space    used 7486K, capacity 8026K, committed 8064K, reserved 1048576K
}
2020-11-07T20:04:45.734+0800: 39.580: Application time: 0.1299628 seconds
{Heap before GC invocations=382 (full 35):
 par new generation   total 9216K, used 8574K [0x00000000e3400000, 0x00000000e3e00000, 0x00000000ecca0000)
  eden space 8192K, 100% used [0x00000000e3400000, 0x00000000e3c00000, 0x00000000e3c00000)
  from space 1024K,  37% used [0x00000000e3c00000, 0x00000000e3c5f960, 0x00000000e3d00000)
  to   space 1024K,   0% used [0x00000000e3d00000, 0x00000000e3d00000, 0x00000000e3e00000)
 concurrent mark-sweep generation total 80192K, used 37507K [0x00000000ecca0000, 0x00000000f1af0000, 0x0000000100000000)
 Metaspace       used 58682K, capacity 61322K, committed 61568K, reserved 1103872K
  class space    used 7536K, capacity 8059K, committed 8064K, reserved 1048576K
2020-11-07T20:04:45.734+0800: 39.580: [GC (Allocation Failure) 2020-11-07T20:04:45.734+0800: 39.580: [ParNew: 8574K->825K(9216K), 0.0164222 secs] 46081K->38333K(89408K), 0.0164939 secs] [Times: user=0.02 sys=0.00, real=0.02 secs] 
Heap after GC invocations=383 (full 35):
 par new generation   total 9216K, used 825K [0x00000000e3400000, 0x00000000e3e00000, 0x00000000ecca0000)
  eden space 8192K,   0% used [0x00000000e3400000, 0x00000000e3400000, 0x00000000e3c00000)
  from space 1024K,  80% used [0x00000000e3d00000, 0x00000000e3dce5b8, 0x00000000e3e00000)
  to   space 1024K,   0% used [0x00000000e3c00000, 0x00000000e3c00000, 0x00000000e3d00000)
 concurrent mark-sweep generation total 80192K, used 37507K [0x00000000ecca0000, 0x00000000f1af0000, 0x0000000100000000)
 Metaspace       used 58682K, capacity 61322K, committed 61568K, reserved 1103872K
  class space    used 7536K, capacity 8059K, committed 8064K, reserved 1048576K
}
2020-11-07T20:04:45.821+0800: 39.667: Application time: 0.0706445 seconds
2020-11-07T20:04:45.832+0800: 39.678: Application time: 0.0109164 seconds
{Heap before GC invocations=383 (full 35):
 par new generation   total 9216K, used 9017K [0x00000000e3400000, 0x00000000e3e00000, 0x00000000ecca0000)
  eden space 8192K, 100% used [0x00000000e3400000, 0x00000000e3c00000, 0x00000000e3c00000)
  from space 1024K,  80% used [0x00000000e3d00000, 0x00000000e3dce5b8, 0x00000000e3e00000)
  to   space 1024K,   0% used [0x00000000e3c00000, 0x00000000e3c00000, 0x00000000e3d00000)
 concurrent mark-sweep generation total 80192K, used 37507K [0x00000000ecca0000, 0x00000000f1af0000, 0x0000000100000000)
 Metaspace       used 58884K, capacity 61578K, committed 61696K, reserved 1103872K
  class space    used 7576K, capacity 8123K, committed 8192K, reserved 1048576K
2020-11-07T20:04:45.832+0800: 39.678: [GC (Allocation Failure) 2020-11-07T20:04:45.832+0800: 39.678: [ParNew: 9017K->635K(9216K), 0.0276462 secs] 46525K->38419K(89408K), 0.0277417 secs] [Times: user=0.02 sys=0.00, real=0.03 secs] 
Heap after GC invocations=384 (full 35):
 par new generation   total 9216K, used 635K [0x00000000e3400000, 0x00000000e3e00000, 0x00000000ecca0000)
  eden space 8192K,   0% used [0x00000000e3400000, 0x00000000e3400000, 0x00000000e3c00000)
  from space 1024K,  62% used [0x00000000e3c00000, 0x00000000e3c9ec70, 0x00000000e3d00000)
  to   space 1024K,   0% used [0x00000000e3d00000, 0x00000000e3d00000, 0x00000000e3e00000)
 concurrent mark-sweep generation total 80192K, used 37783K [0x00000000ecca0000, 0x00000000f1af0000, 0x0000000100000000)
 Metaspace       used 58884K, capacity 61578K, committed 61696K, reserved 1103872K
  class space    used 7576K, capacity 8123K, committed 8192K, reserved 1048576K
}
2020-11-07T20:04:45.925+0800: 39.771: Application time: 0.0645899 seconds
{Heap before GC invocations=384 (full 35):
 par new generation   total 9216K, used 8827K [0x00000000e3400000, 0x00000000e3e00000, 0x00000000ecca0000)
  eden space 8192K, 100% used [0x00000000e3400000, 0x00000000e3c00000, 0x00000000e3c00000)
  from space 1024K,  62% used [0x00000000e3c00000, 0x00000000e3c9ec70, 0x00000000e3d00000)
  to   space 1024K,   0% used [0x00000000e3d00000, 0x00000000e3d00000, 0x00000000e3e00000)
 concurrent mark-sweep generation total 80192K, used 37783K [0x00000000ecca0000, 0x00000000f1af0000, 0x0000000100000000)
 Metaspace       used 59014K, capacity 61730K, committed 61952K, reserved 1103872K
  class space    used 7598K, capacity 8127K, committed 8192K, reserved 1048576K
2020-11-07T20:04:45.925+0800: 39.771: [GC (Allocation Failure) 2020-11-07T20:04:45.925+0800: 39.771: [ParNew: 8827K->573K(9216K), 0.0368230 secs] 46611K->38357K(89408K), 0.0368830 secs] [Times: user=0.04 sys=0.00, real=0.03 secs] 
Heap after GC invocations=385 (full 35):
 par new generation   total 9216K, used 573K [0x00000000e3400000, 0x00000000e3e00000, 0x00000000ecca0000)
  eden space 8192K,   0% used [0x00000000e3400000, 0x00000000e3400000, 0x00000000e3c00000)
  from space 1024K,  56% used [0x00000000e3d00000, 0x00000000e3d8f670, 0x00000000e3e00000)
  to   space 1024K,   0% used [0x00000000e3c00000, 0x00000000e3c00000, 0x00000000e3d00000)
 concurrent mark-sweep generation total 80192K, used 37783K [0x00000000ecca0000, 0x00000000f1af0000, 0x0000000100000000)
 Metaspace       used 59014K, capacity 61730K, committed 61952K, reserved 1103872K
  class space    used 7598K, capacity 8127K, committed 8192K, reserved 1048576K
}
2020-11-07T20:04:46.013+0800: 39.859: Application time: 0.0507552 seconds
{Heap before GC invocations=385 (full 35):
 par new generation   total 9216K, used 8765K [0x00000000e3400000, 0x00000000e3e00000, 0x00000000ecca0000)
  eden space 8192K, 100% used [0x00000000e3400000, 0x00000000e3c00000, 0x00000000e3c00000)
  from space 1024K,  56% used [0x00000000e3d00000, 0x00000000e3d8f670, 0x00000000e3e00000)
  to   space 1024K,   0% used [0x00000000e3c00000, 0x00000000e3c00000, 0x00000000e3d00000)
 concurrent mark-sweep generation total 80192K, used 37783K [0x00000000ecca0000, 0x00000000f1af0000, 0x0000000100000000)
 Metaspace       used 59144K, capacity 61858K, committed 61952K, reserved 1103872K
  class space    used 7619K, capacity 8165K, committed 8192K, reserved 1048576K
2020-11-07T20:04:46.013+0800: 39.859: [GC (Allocation Failure) 2020-11-07T20:04:46.013+0800: 39.859: [ParNew: 8765K->864K(9216K), 0.0328988 secs] 46549K->38648K(89408K), 0.0329556 secs] [Times: user=0.03 sys=0.00, real=0.04 secs] 
Heap after GC invocations=386 (full 35):
 par new generation   total 9216K, used 864K [0x00000000e3400000, 0x00000000e3e00000, 0x00000000ecca0000)
  eden space 8192K,   0% used [0x00000000e3400000, 0x00000000e3400000, 0x00000000e3c00000)
  from space 1024K,  84% used [0x00000000e3c00000, 0x00000000e3cd8260, 0x00000000e3d00000)
  to   space 1024K,   0% used [0x00000000e3d00000, 0x00000000e3d00000, 0x00000000e3e00000)
 concurrent mark-sweep generation total 80192K, used 37783K [0x00000000ecca0000, 0x00000000f1af0000, 0x0000000100000000)
 Metaspace       used 59144K, capacity 61858K, committed 61952K, reserved 1103872K
  class space    used 7619K, capacity 8165K, committed 8192K, reserved 1048576K
}
2020-11-07T20:04:46.095+0800: 39.941: Application time: 0.0490848 seconds
{Heap before GC invocations=386 (full 35):
 par new generation   total 9216K, used 9056K [0x00000000e3400000, 0x00000000e3e00000, 0x00000000ecca0000)
  eden space 8192K, 100% used [0x00000000e3400000, 0x00000000e3c00000, 0x00000000e3c00000)
  from space 1024K,  84% used [0x00000000e3c00000, 0x00000000e3cd8260, 0x00000000e3d00000)
  to   space 1024K,   0% used [0x00000000e3d00000, 0x00000000e3d00000, 0x00000000e3e00000)
 concurrent mark-sweep generation total 80192K, used 37783K [0x00000000ecca0000, 0x00000000f1af0000, 0x0000000100000000)
 Metaspace       used 59388K, capacity 62106K, committed 62336K, reserved 1103872K
  class space    used 7651K, capacity 8201K, committed 8320K, reserved 1048576K
2020-11-07T20:04:46.095+0800: 39.941: [GC (Allocation Failure) 2020-11-07T20:04:46.095+0800: 39.941: [ParNew: 9056K->825K(9216K), 0.0327000 secs] 46840K->38772K(89408K), 0.0327615 secs] [Times: user=0.03 sys=0.00, real=0.03 secs] 
Heap after GC invocations=387 (full 35):
 par new generation   total 9216K, used 825K [0x00000000e3400000, 0x00000000e3e00000, 0x00000000ecca0000)
  eden space 8192K,   0% used [0x00000000e3400000, 0x00000000e3400000, 0x00000000e3c00000)
  from space 1024K,  80% used [0x00000000e3d00000, 0x00000000e3dce640, 0x00000000e3e00000)
  to   space 1024K,   0% used [0x00000000e3c00000, 0x00000000e3c00000, 0x00000000e3d00000)
 concurrent mark-sweep generation total 80192K, used 37947K [0x00000000ecca0000, 0x00000000f1af0000, 0x0000000100000000)
 Metaspace       used 59388K, capacity 62106K, committed 62336K, reserved 1103872K
  class space    used 7651K, capacity 8201K, committed 8320K, reserved 1048576K
}
2020-11-07T20:04:46.207+0800: 40.052: Application time: 0.0786528 seconds
{Heap before GC invocations=387 (full 35):
 par new generation   total 9216K, used 9017K [0x00000000e3400000, 0x00000000e3e00000, 0x00000000ecca0000)
  eden space 8192K, 100% used [0x00000000e3400000, 0x00000000e3c00000, 0x00000000e3c00000)
  from space 1024K,  80% used [0x00000000e3d00000, 0x00000000e3dce640, 0x00000000e3e00000)
  to   space 1024K,   0% used [0x00000000e3c00000, 0x00000000e3c00000, 0x00000000e3d00000)
 concurrent mark-sweep generation total 80192K, used 37947K [0x00000000ecca0000, 0x00000000f1af0000, 0x0000000100000000)
 Metaspace       used 59796K, capacity 62528K, committed 62848K, reserved 1103872K
  class space    used 7692K, capacity 8234K, committed 8320K, reserved 1048576K
2020-11-07T20:04:46.207+0800: 40.053: [GC (Allocation Failure) 2020-11-07T20:04:46.207+0800: 40.053: [ParNew: 9017K->603K(9216K), 0.0303101 secs] 46964K->38647K(89408K), 0.0303660 secs] [Times: user=0.03 sys=0.00, real=0.03 secs] 
Heap after GC invocations=388 (full 35):
 par new generation   total 9216K, used 603K [0x00000000e3400000, 0x00000000e3e00000, 0x00000000ecca0000)
  eden space 8192K,   0% used [0x00000000e3400000, 0x00000000e3400000, 0x00000000e3c00000)
  from space 1024K,  58% used [0x00000000e3c00000, 0x00000000e3c96d80, 0x00000000e3d00000)
  to   space 1024K,   0% used [0x00000000e3d00000, 0x00000000e3d00000, 0x00000000e3e00000)
 concurrent mark-sweep generation total 80192K, used 38043K [0x00000000ecca0000, 0x00000000f1af0000, 0x0000000100000000)
 Metaspace       used 59796K, capacity 62528K, committed 62848K, reserved 1103872K
  class space    used 7692K, capacity 8234K, committed 8320K, reserved 1048576K
}
2020-11-07T20:04:46.325+0800: 40.171: Application time: 0.0880867 seconds
{Heap before GC invocations=388 (full 35):
 par new generation   total 9216K, used 8795K [0x00000000e3400000, 0x00000000e3e00000, 0x00000000ecca0000)
  eden space 8192K, 100% used [0x00000000e3400000, 0x00000000e3c00000, 0x00000000e3c00000)
  from space 1024K,  58% used [0x00000000e3c00000, 0x00000000e3c96d80, 0x00000000e3d00000)
  to   space 1024K,   0% used [0x00000000e3d00000, 0x00000000e3d00000, 0x00000000e3e00000)
 concurrent mark-sweep generation total 80192K, used 38043K [0x00000000ecca0000, 0x00000000f1af0000, 0x0000000100000000)
 Metaspace       used 59870K, capacity 62610K, committed 62848K, reserved 1103872K
  class space    used 7704K, capacity 8239K, committed 8320K, reserved 1048576K
2020-11-07T20:04:46.326+0800: 40.171: [GC (Allocation Failure) 2020-11-07T20:04:46.326+0800: 40.171: [ParNew: 8795K->509K(9216K), 0.0249916 secs] 46839K->38553K(89408K), 0.0250566 secs] [Times: user=0.02 sys=0.00, real=0.02 secs] 
Heap after GC invocations=389 (full 35):
 par new generation   total 9216K, used 509K [0x00000000e3400000, 0x00000000e3e00000, 0x00000000ecca0000)
  eden space 8192K,   0% used [0x00000000e3400000, 0x00000000e3400000, 0x00000000e3c00000)
  from space 1024K,  49% used [0x00000000e3d00000, 0x00000000e3d7f5f8, 0x00000000e3e00000)
  to   space 1024K,   0% used [0x00000000e3c00000, 0x00000000e3c00000, 0x00000000e3d00000)
 concurrent mark-sweep generation total 80192K, used 38043K [0x00000000ecca0000, 0x00000000f1af0000, 0x0000000100000000)
 Metaspace       used 59870K, capacity 62610K, committed 62848K, reserved 1103872K
  class space    used 7704K, capacity 8239K, committed 8320K, reserved 1048576K
}
2020-11-07T20:04:46.643+0800: 40.489: Application time: 0.2922337 seconds
{Heap before GC invocations=389 (full 35):
 par new generation   total 9216K, used 8701K [0x00000000e3400000, 0x00000000e3e00000, 0x00000000ecca0000)
  eden space 8192K, 100% used [0x00000000e3400000, 0x00000000e3c00000, 0x00000000e3c00000)
  from space 1024K,  49% used [0x00000000e3d00000, 0x00000000e3d7f5f8, 0x00000000e3e00000)
  to   space 1024K,   0% used [0x00000000e3c00000, 0x00000000e3c00000, 0x00000000e3d00000)
 concurrent mark-sweep generation total 80192K, used 38043K [0x00000000ecca0000, 0x00000000f1af0000, 0x0000000100000000)
 Metaspace       used 59959K, capacity 62704K, committed 62848K, reserved 1103872K
  class space    used 7712K, capacity 8244K, committed 8320K, reserved 1048576K
2020-11-07T20:04:46.663+0800: 40.509: [GC (Allocation Failure) 2020-11-07T20:04:46.663+0800: 40.509: [ParNew: 8701K->685K(9216K), 0.0158702 secs] 46745K->38728K(89408K), 0.0159324 secs] [Times: user=0.02 sys=0.00, real=0.02 secs] 
Heap after GC invocations=390 (full 35):
 par new generation   total 9216K, used 685K [0x00000000e3400000, 0x00000000e3e00000, 0x00000000ecca0000)
  eden space 8192K,   0% used [0x00000000e3400000, 0x00000000e3400000, 0x00000000e3c00000)
  from space 1024K,  66% used [0x00000000e3c00000, 0x00000000e3cab430, 0x00000000e3d00000)
  to   space 1024K,   0% used [0x00000000e3d00000, 0x00000000e3d00000, 0x00000000e3e00000)
 concurrent mark-sweep generation total 80192K, used 38043K [0x00000000ecca0000, 0x00000000f1af0000, 0x0000000100000000)
 Metaspace       used 59959K, capacity 62704K, committed 62848K, reserved 1103872K
  class space    used 7712K, capacity 8244K, committed 8320K, reserved 1048576K
}
2020-11-07T20:04:46.786+0800: 40.631: Application time: 0.1066046 seconds
{Heap before GC invocations=390 (full 35):
 par new generation   total 9216K, used 8877K [0x00000000e3400000, 0x00000000e3e00000, 0x00000000ecca0000)
  eden space 8192K, 100% used [0x00000000e3400000, 0x00000000e3c00000, 0x00000000e3c00000)
  from space 1024K,  66% used [0x00000000e3c00000, 0x00000000e3cab430, 0x00000000e3d00000)
  to   space 1024K,   0% used [0x00000000e3d00000, 0x00000000e3d00000, 0x00000000e3e00000)
 concurrent mark-sweep generation total 80192K, used 38043K [0x00000000ecca0000, 0x00000000f1af0000, 0x0000000100000000)
 Metaspace       used 60029K, capacity 62830K, committed 63104K, reserved 1103872K
  class space    used 7719K, capacity 8281K, committed 8320K, reserved 1048576K
2020-11-07T20:04:46.786+0800: 40.632: [GC (Allocation Failure) 2020-11-07T20:04:46.786+0800: 40.632: [ParNew: 8877K->984K(9216K), 0.0270739 secs] 46920K->39229K(89408K), 0.0271478 secs] [Times: user=0.03 sys=0.00, real=0.02 secs] 
Heap after GC invocations=391 (full 35):
 par new generation   total 9216K, used 984K [0x00000000e3400000, 0x00000000e3e00000, 0x00000000ecca0000)
  eden space 8192K,   0% used [0x00000000e3400000, 0x00000000e3400000, 0x00000000e3c00000)
  from space 1024K,  96% used [0x00000000e3d00000, 0x00000000e3df6068, 0x00000000e3e00000)
  to   space 1024K,   0% used [0x00000000e3c00000, 0x00000000e3c00000, 0x00000000e3d00000)
 concurrent mark-sweep generation total 80192K, used 38245K [0x00000000ecca0000, 0x00000000f1af0000, 0x0000000100000000)
 Metaspace       used 60029K, capacity 62830K, committed 63104K, reserved 1103872K
  class space    used 7719K, capacity 8281K, committed 8320K, reserved 1048576K
}
2020-11-07T20:04:46.906+0800: 40.751: Application time: 0.0925018 seconds
{Heap before GC invocations=391 (full 35):
 par new generation   total 9216K, used 9176K [0x00000000e3400000, 0x00000000e3e00000, 0x00000000ecca0000)
  eden space 8192K, 100% used [0x00000000e3400000, 0x00000000e3c00000, 0x00000000e3c00000)
  from space 1024K,  96% used [0x00000000e3d00000, 0x00000000e3df6068, 0x00000000e3e00000)
  to   space 1024K,   0% used [0x00000000e3c00000, 0x00000000e3c00000, 0x00000000e3d00000)
 concurrent mark-sweep generation total 80192K, used 38245K [0x00000000ecca0000, 0x00000000f1af0000, 0x0000000100000000)
 Metaspace       used 60064K, capacity 62848K, committed 63104K, reserved 1103872K
  class space    used 7721K, capacity 8284K, committed 8320K, reserved 1048576K
2020-11-07T20:04:46.906+0800: 40.752: [GC (Allocation Failure) 2020-11-07T20:04:46.906+0800: 40.752: [ParNew: 9176K->846K(9216K), 0.0189557 secs] 47421K->39465K(89408K), 0.0190129 secs] [Times: user=0.02 sys=0.00, real=0.02 secs] 
Heap after GC invocations=392 (full 35):
 par new generation   total 9216K, used 846K [0x00000000e3400000, 0x00000000e3e00000, 0x00000000ecca0000)
  eden space 8192K,   0% used [0x00000000e3400000, 0x00000000e3400000, 0x00000000e3c00000)
  from space 1024K,  82% used [0x00000000e3c00000, 0x00000000e3cd3918, 0x00000000e3d00000)
  to   space 1024K,   0% used [0x00000000e3d00000, 0x00000000e3d00000, 0x00000000e3e00000)
 concurrent mark-sweep generation total 80192K, used 38619K [0x00000000ecca0000, 0x00000000f1af0000, 0x0000000100000000)
 Metaspace       used 60064K, capacity 62848K, committed 63104K, reserved 1103872K
  class space    used 7721K, capacity 8284K, committed 8320K, reserved 1048576K
}
2020-11-07T20:04:47.008+0800: 40.854: Application time: 0.0836568 seconds
2020-11-07T20:04:47.014+0800: 40.860: Application time: 0.0042212 seconds
2020-11-07T20:04:47.019+0800: 40.865: Application time: 0.0045365 seconds
2020-11-07T20:04:47.086+0800: 40.932: Application time: 0.0663906 seconds
{Heap before GC invocations=392 (full 35):
 par new generation   total 9216K, used 9038K [0x00000000e3400000, 0x00000000e3e00000, 0x00000000ecca0000)
  eden space 8192K, 100% used [0x00000000e3400000, 0x00000000e3c00000, 0x00000000e3c00000)
  from space 1024K,  82% used [0x00000000e3c00000, 0x00000000e3cd3918, 0x00000000e3d00000)
  to   space 1024K,   0% used [0x00000000e3d00000, 0x00000000e3d00000, 0x00000000e3e00000)
 concurrent mark-sweep generation total 80192K, used 38619K [0x00000000ecca0000, 0x00000000f1af0000, 0x0000000100000000)
 Metaspace       used 60217K, capacity 63006K, committed 63104K, reserved 1103872K
  class space    used 7742K, capacity 8289K, committed 8320K, reserved 1048576K
2020-11-07T20:04:47.086+0800: 40.932: [GC (Allocation Failure) 2020-11-07T20:04:47.086+0800: 40.932: [ParNew: 9038K->850K(9216K), 0.0238388 secs] 47657K->39799K(89408K), 0.0238967 secs] [Times: user=0.02 sys=0.00, real=0.02 secs] 
Heap after GC invocations=393 (full 35):
 par new generation   total 9216K, used 850K [0x00000000e3400000, 0x00000000e3e00000, 0x00000000ecca0000)
  eden space 8192K,   0% used [0x00000000e3400000, 0x00000000e3400000, 0x00000000e3c00000)
  from space 1024K,  83% used [0x00000000e3d00000, 0x00000000e3dd4818, 0x00000000e3e00000)
  to   space 1024K,   0% used [0x00000000e3c00000, 0x00000000e3c00000, 0x00000000e3d00000)
 concurrent mark-sweep generation total 80192K, used 38949K [0x00000000ecca0000, 0x00000000f1af0000, 0x0000000100000000)
 Metaspace       used 60217K, capacity 63006K, committed 63104K, reserved 1103872K
  class space    used 7742K, capacity 8289K, committed 8320K, reserved 1048576K
}
2020-11-07T20:04:47.164+0800: 41.010: Application time: 0.0538857 seconds
{Heap before GC invocations=393 (full 35):
 par new generation   total 9216K, used 9042K [0x00000000e3400000, 0x00000000e3e00000, 0x00000000ecca0000)
  eden space 8192K, 100% used [0x00000000e3400000, 0x00000000e3c00000, 0x00000000e3c00000)
  from space 1024K,  83% used [0x00000000e3d00000, 0x00000000e3dd4818, 0x00000000e3e00000)
  to   space 1024K,   0% used [0x00000000e3c00000, 0x00000000e3c00000, 0x00000000e3d00000)
 concurrent mark-sweep generation total 80192K, used 38949K [0x00000000ecca0000, 0x00000000f1af0000, 0x0000000100000000)
 Metaspace       used 60217K, capacity 63006K, committed 63104K, reserved 1103872K
  class space    used 7742K, capacity 8289K, committed 8320K, reserved 1048576K
2020-11-07T20:04:47.164+0800: 41.010: [GC (Allocation Failure) 2020-11-07T20:04:47.164+0800: 41.010: [ParNew: 9042K->495K(9216K), 0.0357793 secs] 47991K->39689K(89408K), 0.0358437 secs] [Times: user=0.03 sys=0.00, real=0.04 secs] 
Heap after GC invocations=394 (full 35):
 par new generation   total 9216K, used 495K [0x00000000e3400000, 0x00000000e3e00000, 0x00000000ecca0000)
  eden space 8192K,   0% used [0x00000000e3400000, 0x00000000e3400000, 0x00000000e3c00000)
  from space 1024K,  48% used [0x00000000e3c00000, 0x00000000e3c7bec8, 0x00000000e3d00000)
  to   space 1024K,   0% used [0x00000000e3d00000, 0x00000000e3d00000, 0x00000000e3e00000)
 concurrent mark-sweep generation total 80192K, used 39193K [0x00000000ecca0000, 0x00000000f1af0000, 0x0000000100000000)
 Metaspace       used 60217K, capacity 63006K, committed 63104K, reserved 1103872K
  class space    used 7742K, capacity 8289K, committed 8320K, reserved 1048576K
}
2020-11-07T20:04:47.233+0800: 41.079: Application time: 0.0333715 seconds
{Heap before GC invocations=394 (full 35):
 par new generation   total 9216K, used 8687K [0x00000000e3400000, 0x00000000e3e00000, 0x00000000ecca0000)
  eden space 8192K, 100% used [0x00000000e3400000, 0x00000000e3c00000, 0x00000000e3c00000)
  from space 1024K,  48% used [0x00000000e3c00000, 0x00000000e3c7bec8, 0x00000000e3d00000)
  to   space 1024K,   0% used [0x00000000e3d00000, 0x00000000e3d00000, 0x00000000e3e00000)
 concurrent mark-sweep generation total 80192K, used 39193K [0x00000000ecca0000, 0x00000000f1af0000, 0x0000000100000000)
 Metaspace       used 60221K, capacity 63006K, committed 63104K, reserved 1103872K
  class space    used 7742K, capacity 8289K, committed 8320K, reserved 1048576K
2020-11-07T20:04:47.234+0800: 41.079: [GC (Allocation Failure) 2020-11-07T20:04:47.234+0800: 41.080: [ParNew: 8687K->470K(9216K), 0.0231630 secs] 47881K->39664K(89408K), 0.0232176 secs] [Times: user=0.02 sys=0.00, real=0.03 secs] 
Heap after GC invocations=395 (full 35):
 par new generation   total 9216K, used 470K [0x00000000e3400000, 0x00000000e3e00000, 0x00000000ecca0000)
  eden space 8192K,   0% used [0x00000000e3400000, 0x00000000e3400000, 0x00000000e3c00000)
  from space 1024K,  45% used [0x00000000e3d00000, 0x00000000e3d75a60, 0x00000000e3e00000)
  to   space 1024K,   0% used [0x00000000e3c00000, 0x00000000e3c00000, 0x00000000e3d00000)
 concurrent mark-sweep generation total 80192K, used 39193K [0x00000000ecca0000, 0x00000000f1af0000, 0x0000000100000000)
 Metaspace       used 60221K, capacity 63006K, committed 63104K, reserved 1103872K
  class space    used 7742K, capacity 8289K, committed 8320K, reserved 1048576K
}
2020-11-07T20:04:47.301+0800: 41.147: Application time: 0.0439332 seconds
{Heap before GC invocations=395 (full 35):
 par new generation   total 9216K, used 8662K [0x00000000e3400000, 0x00000000e3e00000, 0x00000000ecca0000)
  eden space 8192K, 100% used [0x00000000e3400000, 0x00000000e3c00000, 0x00000000e3c00000)
  from space 1024K,  45% used [0x00000000e3d00000, 0x00000000e3d75a60, 0x00000000e3e00000)
  to   space 1024K,   0% used [0x00000000e3c00000, 0x00000000e3c00000, 0x00000000e3d00000)
 concurrent mark-sweep generation total 80192K, used 39193K [0x00000000ecca0000, 0x00000000f1af0000, 0x0000000100000000)
 Metaspace       used 60239K, capacity 63006K, committed 63104K, reserved 1103872K
  class space    used 7744K, capacity 8289K, committed 8320K, reserved 1048576K
2020-11-07T20:04:47.301+0800: 41.147: [GC (Allocation Failure) 2020-11-07T20:04:47.301+0800: 41.147: [ParNew: 8662K->672K(9216K), 0.0222165 secs] 47856K->39866K(89408K), 0.0222749 secs] [Times: user=0.02 sys=0.00, real=0.02 secs] 
Heap after GC invocations=396 (full 35):
 par new generation   total 9216K, used 672K [0x00000000e3400000, 0x00000000e3e00000, 0x00000000ecca0000)
  eden space 8192K,   0% used [0x00000000e3400000, 0x00000000e3400000, 0x00000000e3c00000)
  from space 1024K,  65% used [0x00000000e3c00000, 0x00000000e3ca83d8, 0x00000000e3d00000)
  to   space 1024K,   0% used [0x00000000e3d00000, 0x00000000e3d00000, 0x00000000e3e00000)
 concurrent mark-sweep generation total 80192K, used 39193K [0x00000000ecca0000, 0x00000000f1af0000, 0x0000000100000000)
 Metaspace       used 60239K, capacity 63006K, committed 63104K, reserved 1103872K
  class space    used 7744K, capacity 8289K, committed 8320K, reserved 1048576K
}
2020-11-07T20:04:47.377+0800: 41.223: Application time: 0.0535686 seconds
{Heap before GC invocations=396 (full 35):
 par new generation   total 9216K, used 8864K [0x00000000e3400000, 0x00000000e3e00000, 0x00000000ecca0000)
  eden space 8192K, 100% used [0x00000000e3400000, 0x00000000e3c00000, 0x00000000e3c00000)
  from space 1024K,  65% used [0x00000000e3c00000, 0x00000000e3ca83d8, 0x00000000e3d00000)
  to   space 1024K,   0% used [0x00000000e3d00000, 0x00000000e3d00000, 0x00000000e3e00000)
 concurrent mark-sweep generation total 80192K, used 39193K [0x00000000ecca0000, 0x00000000f1af0000, 0x0000000100000000)
 Metaspace       used 60284K, capacity 63102K, committed 63232K, reserved 1103872K
  class space    used 7759K, capacity 8321K, committed 8448K, reserved 1048576K
2020-11-07T20:04:47.377+0800: 41.223: [GC (Allocation Failure) 2020-11-07T20:04:47.377+0800: 41.223: [ParNew: 8864K->758K(9216K), 0.0337110 secs] 48058K->39952K(89408K), 0.0337676 secs] [Times: user=0.03 sys=0.00, real=0.03 secs] 
Heap after GC invocations=397 (full 35):
 par new generation   total 9216K, used 758K [0x00000000e3400000, 0x00000000e3e00000, 0x00000000ecca0000)
  eden space 8192K,   0% used [0x00000000e3400000, 0x00000000e3400000, 0x00000000e3c00000)
  from space 1024K,  74% used [0x00000000e3d00000, 0x00000000e3dbd9d0, 0x00000000e3e00000)
  to   space 1024K,   0% used [0x00000000e3c00000, 0x00000000e3c00000, 0x00000000e3d00000)
 concurrent mark-sweep generation total 80192K, used 39193K [0x00000000ecca0000, 0x00000000f1af0000, 0x0000000100000000)
 Metaspace       used 60284K, capacity 63102K, committed 63232K, reserved 1103872K
  class space    used 7759K, capacity 8321K, committed 8448K, reserved 1048576K
}
2020-11-07T20:04:47.432+0800: 41.278: Application time: 0.0213120 seconds
{Heap before GC invocations=397 (full 35):
 par new generation   total 9216K, used 8950K [0x00000000e3400000, 0x00000000e3e00000, 0x00000000ecca0000)
  eden space 8192K, 100% used [0x00000000e3400000, 0x00000000e3c00000, 0x00000000e3c00000)
  from space 1024K,  74% used [0x00000000e3d00000, 0x00000000e3dbd9d0, 0x00000000e3e00000)
  to   space 1024K,   0% used [0x00000000e3c00000, 0x00000000e3c00000, 0x00000000e3d00000)
 concurrent mark-sweep generation total 80192K, used 39193K [0x00000000ecca0000, 0x00000000f1af0000, 0x0000000100000000)
 Metaspace       used 60318K, capacity 63102K, committed 63232K, reserved 1103872K
  class space    used 7764K, capacity 8321K, committed 8448K, reserved 1048576K
2020-11-07T20:04:47.433+0800: 41.278: [GC (Allocation Failure) 2020-11-07T20:04:47.433+0800: 41.278: [ParNew: 8950K->562K(9216K), 0.0209313 secs] 48144K->40096K(89408K), 0.0210284 secs] [Times: user=0.02 sys=0.00, real=0.02 secs] 
Heap after GC invocations=398 (full 35):
 par new generation   total 9216K, used 562K [0x00000000e3400000, 0x00000000e3e00000, 0x00000000ecca0000)
  eden space 8192K,   0% used [0x00000000e3400000, 0x00000000e3400000, 0x00000000e3c00000)
  from space 1024K,  54% used [0x00000000e3c00000, 0x00000000e3c8ca10, 0x00000000e3d00000)
  to   space 1024K,   0% used [0x00000000e3d00000, 0x00000000e3d00000, 0x00000000e3e00000)
 concurrent mark-sweep generation total 80192K, used 39534K [0x00000000ecca0000, 0x00000000f1af0000, 0x0000000100000000)
 Metaspace       used 60318K, capacity 63102K, committed 63232K, reserved 1103872K
  class space    used 7764K, capacity 8321K, committed 8448K, reserved 1048576K
}
2020-11-07T20:04:47.517+0800: 41.362: Application time: 0.0630388 seconds
{Heap before GC invocations=398 (full 35):
 par new generation   total 9216K, used 8754K [0x00000000e3400000, 0x00000000e3e00000, 0x00000000ecca0000)
  eden space 8192K, 100% used [0x00000000e3400000, 0x00000000e3c00000, 0x00000000e3c00000)
  from space 1024K,  54% used [0x00000000e3c00000, 0x00000000e3c8ca10, 0x00000000e3d00000)
  to   space 1024K,   0% used [0x00000000e3d00000, 0x00000000e3d00000, 0x00000000e3e00000)
 concurrent mark-sweep generation total 80192K, used 39534K [0x00000000ecca0000, 0x00000000f1af0000, 0x0000000100000000)
 Metaspace       used 60493K, capacity 63294K, committed 63488K, reserved 1103872K
  class space    used 7789K, capacity 8321K, committed 8448K, reserved 1048576K
2020-11-07T20:04:47.517+0800: 41.363: [GC (Allocation Failure) 2020-11-07T20:04:47.517+0800: 41.363: [ParNew: 8754K->529K(9216K), 0.0199754 secs] 48288K->40063K(89408K), 0.0200425 secs] [Times: user=0.02 sys=0.00, real=0.02 secs] 
Heap after GC invocations=399 (full 35):
 par new generation   total 9216K, used 529K [0x00000000e3400000, 0x00000000e3e00000, 0x00000000ecca0000)
  eden space 8192K,   0% used [0x00000000e3400000, 0x00000000e3400000, 0x00000000e3c00000)
  from space 1024K,  51% used [0x00000000e3d00000, 0x00000000e3d84440, 0x00000000e3e00000)
  to   space 1024K,   0% used [0x00000000e3c00000, 0x00000000e3c00000, 0x00000000e3d00000)
 concurrent mark-sweep generation total 80192K, used 39534K [0x00000000ecca0000, 0x00000000f1af0000, 0x0000000100000000)
 Metaspace       used 60493K, capacity 63294K, committed 63488K, reserved 1103872K
  class space    used 7789K, capacity 8321K, committed 8448K, reserved 1048576K
}
2020-11-07T20:04:47.584+0800: 41.430: Application time: 0.0472863 seconds
{Heap before GC invocations=399 (full 35):
 par new generation   total 9216K, used 8721K [0x00000000e3400000, 0x00000000e3e00000, 0x00000000ecca0000)
  eden space 8192K, 100% used [0x00000000e3400000, 0x00000000e3c00000, 0x00000000e3c00000)
  from space 1024K,  51% used [0x00000000e3d00000, 0x00000000e3d84440, 0x00000000e3e00000)
  to   space 1024K,   0% used [0x00000000e3c00000, 0x00000000e3c00000, 0x00000000e3d00000)
 concurrent mark-sweep generation total 80192K, used 39534K [0x00000000ecca0000, 0x00000000f1af0000, 0x0000000100000000)
 Metaspace       used 60501K, capacity 63294K, committed 63488K, reserved 1103872K
  class space    used 7789K, capacity 8321K, committed 8448K, reserved 1048576K
2020-11-07T20:04:47.585+0800: 41.430: [GC (Allocation Failure) 2020-11-07T20:04:47.585+0800: 41.430: [ParNew: 8721K->564K(9216K), 0.0403577 secs] 48255K->40153K(89408K), 0.0404136 secs] [Times: user=0.04 sys=0.00, real=0.04 secs] 
Heap after GC invocations=400 (full 35):
 par new generation   total 9216K, used 564K [0x00000000e3400000, 0x00000000e3e00000, 0x00000000ecca0000)
  eden space 8192K,   0% used [0x00000000e3400000, 0x00000000e3400000, 0x00000000e3c00000)
  from space 1024K,  55% used [0x00000000e3c00000, 0x00000000e3c8d2a0, 0x00000000e3d00000)
  to   space 1024K,   0% used [0x00000000e3d00000, 0x00000000e3d00000, 0x00000000e3e00000)
 concurrent mark-sweep generation total 80192K, used 39589K [0x00000000ecca0000, 0x00000000f1af0000, 0x0000000100000000)
 Metaspace       used 60501K, capacity 63294K, committed 63488K, reserved 1103872K
  class space    used 7789K, capacity 8321K, committed 8448K, reserved 1048576K
}
2020-11-07T20:04:47.712+0800: 41.558: Application time: 0.0869426 seconds
{Heap before GC invocations=400 (full 35):
 par new generation   total 9216K, used 8756K [0x00000000e3400000, 0x00000000e3e00000, 0x00000000ecca0000)
  eden space 8192K, 100% used [0x00000000e3400000, 0x00000000e3c00000, 0x00000000e3c00000)
  from space 1024K,  55% used [0x00000000e3c00000, 0x00000000e3c8d2a0, 0x00000000e3d00000)
  to   space 1024K,   0% used [0x00000000e3d00000, 0x00000000e3d00000, 0x00000000e3e00000)
 concurrent mark-sweep generation total 80192K, used 39589K [0x00000000ecca0000, 0x00000000f1af0000, 0x0000000100000000)
 Metaspace       used 60690K, capacity 63534K, committed 63744K, reserved 1103872K
  class space    used 7805K, capacity 8355K, committed 8448K, reserved 1048576K
2020-11-07T20:04:47.712+0800: 41.558: [GC (Allocation Failure) 2020-11-07T20:04:47.712+0800: 41.558: [ParNew: 8756K->867K(9216K), 0.0307102 secs] 48345K->40456K(89408K), 0.0307671 secs] [Times: user=0.03 sys=0.00, real=0.03 secs] 
Heap after GC invocations=401 (full 35):
 par new generation   total 9216K, used 867K [0x00000000e3400000, 0x00000000e3e00000, 0x00000000ecca0000)
  eden space 8192K,   0% used [0x00000000e3400000, 0x00000000e3400000, 0x00000000e3c00000)
  from space 1024K,  84% used [0x00000000e3d00000, 0x00000000e3dd8de0, 0x00000000e3e00000)
  to   space 1024K,   0% used [0x00000000e3c00000, 0x00000000e3c00000, 0x00000000e3d00000)
 concurrent mark-sweep generation total 80192K, used 39589K [0x00000000ecca0000, 0x00000000f1af0000, 0x0000000100000000)
 Metaspace       used 60690K, capacity 63534K, committed 63744K, reserved 1103872K
  class space    used 7805K, capacity 8355K, committed 8448K, reserved 1048576K
}
2020-11-07T20:04:47.819+0800: 41.665: Application time: 0.0760632 seconds
{Heap before GC invocations=401 (full 35):
 par new generation   total 9216K, used 9059K [0x00000000e3400000, 0x00000000e3e00000, 0x00000000ecca0000)
  eden space 8192K, 100% used [0x00000000e3400000, 0x00000000e3c00000, 0x00000000e3c00000)
  from space 1024K,  84% used [0x00000000e3d00000, 0x00000000e3dd8de0, 0x00000000e3e00000)
  to   space 1024K,   0% used [0x00000000e3c00000, 0x00000000e3c00000, 0x00000000e3d00000)
 concurrent mark-sweep generation total 80192K, used 39589K [0x00000000ecca0000, 0x00000000f1af0000, 0x0000000100000000)
 Metaspace       used 60797K, capacity 63610K, committed 63744K, reserved 1103872K
  class space    used 7817K, capacity 8357K, committed 8448K, reserved 1048576K
2020-11-07T20:04:47.819+0800: 41.665: [GC (Allocation Failure) 2020-11-07T20:04:47.819+0800: 41.665: [ParNew: 9059K->803K(9216K), 0.0276615 secs] 48648K->40708K(89408K), 0.0277310 secs] [Times: user=0.03 sys=0.00, real=0.03 secs] 
Heap after GC invocations=402 (full 35):
 par new generation   total 9216K, used 803K [0x00000000e3400000, 0x00000000e3e00000, 0x00000000ecca0000)
  eden space 8192K,   0% used [0x00000000e3400000, 0x00000000e3400000, 0x00000000e3c00000)
  from space 1024K,  78% used [0x00000000e3c00000, 0x00000000e3cc8fc0, 0x00000000e3d00000)
  to   space 1024K,   0% used [0x00000000e3d00000, 0x00000000e3d00000, 0x00000000e3e00000)
 concurrent mark-sweep generation total 80192K, used 39904K [0x00000000ecca0000, 0x00000000f1af0000, 0x0000000100000000)
 Metaspace       used 60797K, capacity 63610K, committed 63744K, reserved 1103872K
  class space    used 7817K, capacity 8357K, committed 8448K, reserved 1048576K
}
2020-11-07T20:04:47.885+0800: 41.731: Application time: 0.0382249 seconds
{Heap before GC invocations=402 (full 35):
 par new generation   total 9216K, used 8995K [0x00000000e3400000, 0x00000000e3e00000, 0x00000000ecca0000)
  eden space 8192K, 100% used [0x00000000e3400000, 0x00000000e3c00000, 0x00000000e3c00000)
  from space 1024K,  78% used [0x00000000e3c00000, 0x00000000e3cc8fc0, 0x00000000e3d00000)
  to   space 1024K,   0% used [0x00000000e3d00000, 0x00000000e3d00000, 0x00000000e3e00000)
 concurrent mark-sweep generation total 80192K, used 39904K [0x00000000ecca0000, 0x00000000f1af0000, 0x0000000100000000)
 Metaspace       used 60804K, capacity 63610K, committed 63744K, reserved 1103872K
  class space    used 7817K, capacity 8357K, committed 8448K, reserved 1048576K
2020-11-07T20:04:47.885+0800: 41.731: [GC (Allocation Failure) 2020-11-07T20:04:47.885+0800: 41.731: [ParNew: 8995K->492K(9216K), 0.0289052 secs] 48900K->40506K(89408K), 0.0289913 secs] [Times: user=0.03 sys=0.00, real=0.03 secs] 
Heap after GC invocations=403 (full 35):
 par new generation   total 9216K, used 492K [0x00000000e3400000, 0x00000000e3e00000, 0x00000000ecca0000)
  eden space 8192K,   0% used [0x00000000e3400000, 0x00000000e3400000, 0x00000000e3c00000)
  from space 1024K,  48% used [0x00000000e3d00000, 0x00000000e3d7b040, 0x00000000e3e00000)
  to   space 1024K,   0% used [0x00000000e3c00000, 0x00000000e3c00000, 0x00000000e3d00000)
 concurrent mark-sweep generation total 80192K, used 40014K [0x00000000ecca0000, 0x00000000f1af0000, 0x0000000100000000)
 Metaspace       used 60804K, capacity 63610K, committed 63744K, reserved 1103872K
  class space    used 7817K, capacity 8357K, committed 8448K, reserved 1048576K
}
2020-11-07T20:04:47.943+0800: 41.789: Application time: 0.0288582 seconds
{Heap before GC invocations=403 (full 35):
 par new generation   total 9216K, used 8684K [0x00000000e3400000, 0x00000000e3e00000, 0x00000000ecca0000)
  eden space 8192K, 100% used [0x00000000e3400000, 0x00000000e3c00000, 0x00000000e3c00000)
  from space 1024K,  48% used [0x00000000e3d00000, 0x00000000e3d7b040, 0x00000000e3e00000)
  to   space 1024K,   0% used [0x00000000e3c00000, 0x00000000e3c00000, 0x00000000e3d00000)
 concurrent mark-sweep generation total 80192K, used 40014K [0x00000000ecca0000, 0x00000000f1af0000, 0x0000000100000000)
 Metaspace       used 60827K, capacity 63614K, committed 63744K, reserved 1103872K
  class space    used 7821K, capacity 8359K, committed 8448K, reserved 1048576K
2020-11-07T20:04:47.944+0800: 41.789: [GC (Allocation Failure) 2020-11-07T20:04:47.944+0800: 41.789: [ParNew: 8684K->599K(9216K), 0.0333244 secs] 48698K->40613K(89408K), 0.0333943 secs] [Times: user=0.03 sys=0.00, real=0.04 secs] 
Heap after GC invocations=404 (full 35):
 par new generation   total 9216K, used 599K [0x00000000e3400000, 0x00000000e3e00000, 0x00000000ecca0000)
  eden space 8192K,   0% used [0x00000000e3400000, 0x00000000e3400000, 0x00000000e3c00000)
  from space 1024K,  58% used [0x00000000e3c00000, 0x00000000e3c95c00, 0x00000000e3d00000)
  to   space 1024K,   0% used [0x00000000e3d00000, 0x00000000e3d00000, 0x00000000e3e00000)
 concurrent mark-sweep generation total 80192K, used 40014K [0x00000000ecca0000, 0x00000000f1af0000, 0x0000000100000000)
 Metaspace       used 60827K, capacity 63614K, committed 63744K, reserved 1103872K
  class space    used 7821K, capacity 8359K, committed 8448K, reserved 1048576K
}
2020-11-07T20:04:47.994+0800: 41.839: Application time: 0.0165945 seconds
{Heap before GC invocations=404 (full 35):
 par new generation   total 9216K, used 8791K [0x00000000e3400000, 0x00000000e3e00000, 0x00000000ecca0000)
  eden space 8192K, 100% used [0x00000000e3400000, 0x00000000e3c00000, 0x00000000e3c00000)
  from space 1024K,  58% used [0x00000000e3c00000, 0x00000000e3c95c00, 0x00000000e3d00000)
  to   space 1024K,   0% used [0x00000000e3d00000, 0x00000000e3d00000, 0x00000000e3e00000)
 concurrent mark-sweep generation total 80192K, used 40014K [0x00000000ecca0000, 0x00000000f1af0000, 0x0000000100000000)
 Metaspace       used 60828K, capacity 63614K, committed 63744K, reserved 1103872K
  class space    used 7822K, capacity 8359K, committed 8448K, reserved 1048576K
2020-11-07T20:04:47.994+0800: 41.840: [GC (Allocation Failure) 2020-11-07T20:04:47.994+0800: 41.840: [ParNew: 8791K->561K(9216K), 0.0279526 secs] 48805K->40576K(89408K), 0.0280087 secs] [Times: user=0.03 sys=0.00, real=0.03 secs] 
Heap after GC invocations=405 (full 35):
 par new generation   total 9216K, used 561K [0x00000000e3400000, 0x00000000e3e00000, 0x00000000ecca0000)
  eden space 8192K,   0% used [0x00000000e3400000, 0x00000000e3400000, 0x00000000e3c00000)
  from space 1024K,  54% used [0x00000000e3d00000, 0x00000000e3d8c6c0, 0x00000000e3e00000)
  to   space 1024K,   0% used [0x00000000e3c00000, 0x00000000e3c00000, 0x00000000e3d00000)
 concurrent mark-sweep generation total 80192K, used 40014K [0x00000000ecca0000, 0x00000000f1af0000, 0x0000000100000000)
 Metaspace       used 60828K, capacity 63614K, committed 63744K, reserved 1103872K
  class space    used 7822K, capacity 8359K, committed 8448K, reserved 1048576K
}
2020-11-07T20:04:48.057+0800: 41.903: Application time: 0.0351350 seconds
{Heap before GC invocations=405 (full 35):
 par new generation   total 9216K, used 8753K [0x00000000e3400000, 0x00000000e3e00000, 0x00000000ecca0000)
  eden space 8192K, 100% used [0x00000000e3400000, 0x00000000e3c00000, 0x00000000e3c00000)
  from space 1024K,  54% used [0x00000000e3d00000, 0x00000000e3d8c6c0, 0x00000000e3e00000)
  to   space 1024K,   0% used [0x00000000e3c00000, 0x00000000e3c00000, 0x00000000e3d00000)
 concurrent mark-sweep generation total 80192K, used 40014K [0x00000000ecca0000, 0x00000000f1af0000, 0x0000000100000000)
 Metaspace       used 60847K, capacity 63704K, committed 64000K, reserved 1105920K
  class space    used 7824K, capacity 8364K, committed 8448K, reserved 1048576K
2020-11-07T20:04:48.057+0800: 41.903: [GC (Allocation Failure) 2020-11-07T20:04:48.057+0800: 41.903: [ParNew: 8753K->664K(9216K), 0.0456115 secs] 48768K->40679K(89408K), 0.0456773 secs] [Times: user=0.05 sys=0.00, real=0.04 secs] 
Heap after GC invocations=406 (full 35):
 par new generation   total 9216K, used 664K [0x00000000e3400000, 0x00000000e3e00000, 0x00000000ecca0000)
  eden space 8192K,   0% used [0x00000000e3400000, 0x00000000e3400000, 0x00000000e3c00000)
  from space 1024K,  64% used [0x00000000e3c00000, 0x00000000e3ca6260, 0x00000000e3d00000)
  to   space 1024K,   0% used [0x00000000e3d00000, 0x00000000e3d00000, 0x00000000e3e00000)
 concurrent mark-sweep generation total 80192K, used 40014K [0x00000000ecca0000, 0x00000000f1af0000, 0x0000000100000000)
 Metaspace       used 60847K, capacity 63704K, committed 64000K, reserved 1105920K
  class space    used 7824K, capacity 8364K, committed 8448K, reserved 1048576K
}
2020-11-07T20:04:48.137+0800: 41.983: Application time: 0.0338244 seconds
{Heap before GC invocations=406 (full 35):
 par new generation   total 9216K, used 8856K [0x00000000e3400000, 0x00000000e3e00000, 0x00000000ecca0000)
  eden space 8192K, 100% used [0x00000000e3400000, 0x00000000e3c00000, 0x00000000e3c00000)
  from space 1024K,  64% used [0x00000000e3c00000, 0x00000000e3ca6260, 0x00000000e3d00000)
  to   space 1024K,   0% used [0x00000000e3d00000, 0x00000000e3d00000, 0x00000000e3e00000)
 concurrent mark-sweep generation total 80192K, used 40014K [0x00000000ecca0000, 0x00000000f1af0000, 0x0000000100000000)
 Metaspace       used 60869K, capacity 63710K, committed 64000K, reserved 1105920K
  class space    used 7827K, capacity 8365K, committed 8448K, reserved 1048576K
2020-11-07T20:04:48.137+0800: 41.983: [GC (Allocation Failure) 2020-11-07T20:04:48.137+0800: 41.983: [ParNew: 8856K->537K(9216K), 0.0360201 secs] 48871K->40719K(89408K), 0.0360882 secs] [Times: user=0.03 sys=0.00, real=0.03 secs] 
Heap after GC invocations=407 (full 35):
 par new generation   total 9216K, used 537K [0x00000000e3400000, 0x00000000e3e00000, 0x00000000ecca0000)
  eden space 8192K,   0% used [0x00000000e3400000, 0x00000000e3400000, 0x00000000e3c00000)
  from space 1024K,  52% used [0x00000000e3d00000, 0x00000000e3d86618, 0x00000000e3e00000)
  to   space 1024K,   0% used [0x00000000e3c00000, 0x00000000e3c00000, 0x00000000e3d00000)
 concurrent mark-sweep generation total 80192K, used 40181K [0x00000000ecca0000, 0x00000000f1af0000, 0x0000000100000000)
 Metaspace       used 60869K, capacity 63710K, committed 64000K, reserved 1105920K
  class space    used 7827K, capacity 8365K, committed 8448K, reserved 1048576K
}
2020-11-07T20:04:48.212+0800: 42.058: Application time: 0.0391712 seconds
{Heap before GC invocations=407 (full 35):
 par new generation   total 9216K, used 8729K [0x00000000e3400000, 0x00000000e3e00000, 0x00000000ecca0000)
  eden space 8192K, 100% used [0x00000000e3400000, 0x00000000e3c00000, 0x00000000e3c00000)
  from space 1024K,  52% used [0x00000000e3d00000, 0x00000000e3d86618, 0x00000000e3e00000)
  to   space 1024K,   0% used [0x00000000e3c00000, 0x00000000e3c00000, 0x00000000e3d00000)
 concurrent mark-sweep generation total 80192K, used 40181K [0x00000000ecca0000, 0x00000000f1af0000, 0x0000000100000000)
 Metaspace       used 60902K, capacity 63744K, committed 64000K, reserved 1105920K
  class space    used 7830K, capacity 8398K, committed 8448K, reserved 1048576K
2020-11-07T20:04:48.213+0800: 42.058: [GC (Allocation Failure) 2020-11-07T20:04:48.213+0800: 42.058: [ParNew: 8729K->583K(9216K), 0.0312366 secs] 48911K->40765K(89408K), 0.0312948 secs] [Times: user=0.03 sys=0.01, real=0.03 secs] 
Heap after GC invocations=408 (full 35):
 par new generation   total 9216K, used 583K [0x00000000e3400000, 0x00000000e3e00000, 0x00000000ecca0000)
  eden space 8192K,   0% used [0x00000000e3400000, 0x00000000e3400000, 0x00000000e3c00000)
  from space 1024K,  56% used [0x00000000e3c00000, 0x00000000e3c91e38, 0x00000000e3d00000)
  to   space 1024K,   0% used [0x00000000e3d00000, 0x00000000e3d00000, 0x00000000e3e00000)
 concurrent mark-sweep generation total 80192K, used 40181K [0x00000000ecca0000, 0x00000000f1af0000, 0x0000000100000000)
 Metaspace       used 60902K, capacity 63744K, committed 64000K, reserved 1105920K
  class space    used 7830K, capacity 8398K, committed 8448K, reserved 1048576K
}
2020-11-07T20:04:48.268+0800: 42.114: Application time: 0.0239630 seconds
{Heap before GC invocations=408 (full 35):
 par new generation   total 9216K, used 8775K [0x00000000e3400000, 0x00000000e3e00000, 0x00000000ecca0000)
  eden space 8192K, 100% used [0x00000000e3400000, 0x00000000e3c00000, 0x00000000e3c00000)
  from space 1024K,  56% used [0x00000000e3c00000, 0x00000000e3c91e38, 0x00000000e3d00000)
  to   space 1024K,   0% used [0x00000000e3d00000, 0x00000000e3d00000, 0x00000000e3e00000)
 concurrent mark-sweep generation total 80192K, used 40181K [0x00000000ecca0000, 0x00000000f1af0000, 0x0000000100000000)
 Metaspace       used 60939K, capacity 63814K, committed 64000K, reserved 1105920K
  class space    used 7839K, capacity 8401K, committed 8448K, reserved 1048576K
2020-11-07T20:04:48.268+0800: 42.114: [GC (Allocation Failure) 2020-11-07T20:04:48.268+0800: 42.114: [ParNew: 8775K->540K(9216K), 0.0440740 secs] 48957K->40833K(89408K), 0.0441324 secs] [Times: user=0.05 sys=0.00, real=0.04 secs] 
Heap after GC invocations=409 (full 35):
 par new generation   total 9216K, used 540K [0x00000000e3400000, 0x00000000e3e00000, 0x00000000ecca0000)
  eden space 8192K,   0% used [0x00000000e3400000, 0x00000000e3400000, 0x00000000e3c00000)
  from space 1024K,  52% used [0x00000000e3d00000, 0x00000000e3d87110, 0x00000000e3e00000)
  to   space 1024K,   0% used [0x00000000e3c00000, 0x00000000e3c00000, 0x00000000e3d00000)
 concurrent mark-sweep generation total 80192K, used 40293K [0x00000000ecca0000, 0x00000000f1af0000, 0x0000000100000000)
 Metaspace       used 60939K, capacity 63814K, committed 64000K, reserved 1105920K
  class space    used 7839K, capacity 8401K, committed 8448K, reserved 1048576K
}
2020-11-07T20:04:48.356+0800: 42.202: Application time: 0.0435236 seconds
{Heap before GC invocations=409 (full 35):
 par new generation   total 9216K, used 8732K [0x00000000e3400000, 0x00000000e3e00000, 0x00000000ecca0000)
  eden space 8192K, 100% used [0x00000000e3400000, 0x00000000e3c00000, 0x00000000e3c00000)
  from space 1024K,  52% used [0x00000000e3d00000, 0x00000000e3d87110, 0x00000000e3e00000)
  to   space 1024K,   0% used [0x00000000e3c00000, 0x00000000e3c00000, 0x00000000e3d00000)
 concurrent mark-sweep generation total 80192K, used 40293K [0x00000000ecca0000, 0x00000000f1af0000, 0x0000000100000000)
 Metaspace       used 60953K, capacity 63814K, committed 64000K, reserved 1105920K
  class space    used 7840K, capacity 8401K, committed 8448K, reserved 1048576K
2020-11-07T20:04:48.356+0800: 42.202: [GC (Allocation Failure) 2020-11-07T20:04:48.356+0800: 42.202: [ParNew: 8732K->785K(9216K), 0.0377846 secs] 49025K->41078K(89408K), 0.0378567 secs] [Times: user=0.03 sys=0.00, real=0.03 secs] 
Heap after GC invocations=410 (full 35):
 par new generation   total 9216K, used 785K [0x00000000e3400000, 0x00000000e3e00000, 0x00000000ecca0000)
  eden space 8192K,   0% used [0x00000000e3400000, 0x00000000e3400000, 0x00000000e3c00000)
  from space 1024K,  76% used [0x00000000e3c00000, 0x00000000e3cc4540, 0x00000000e3d00000)
  to   space 1024K,   0% used [0x00000000e3d00000, 0x00000000e3d00000, 0x00000000e3e00000)
 concurrent mark-sweep generation total 80192K, used 40293K [0x00000000ecca0000, 0x00000000f1af0000, 0x0000000100000000)
 Metaspace       used 60953K, capacity 63814K, committed 64000K, reserved 1105920K
  class space    used 7840K, capacity 8401K, committed 8448K, reserved 1048576K
}
2020-11-07T20:04:48.412+0800: 42.258: Application time: 0.0181213 seconds
{Heap before GC invocations=410 (full 35):
 par new generation   total 9216K, used 8977K [0x00000000e3400000, 0x00000000e3e00000, 0x00000000ecca0000)
  eden space 8192K, 100% used [0x00000000e3400000, 0x00000000e3c00000, 0x00000000e3c00000)
  from space 1024K,  76% used [0x00000000e3c00000, 0x00000000e3cc4540, 0x00000000e3d00000)
  to   space 1024K,   0% used [0x00000000e3d00000, 0x00000000e3d00000, 0x00000000e3e00000)
 concurrent mark-sweep generation total 80192K, used 40293K [0x00000000ecca0000, 0x00000000f1af0000, 0x0000000100000000)
 Metaspace       used 60973K, capacity 63814K, committed 64000K, reserved 1105920K
  class space    used 7842K, capacity 8401K, committed 8448K, reserved 1048576K
2020-11-07T20:04:48.412+0800: 42.258: [GC (Allocation Failure) 2020-11-07T20:04:48.412+0800: 42.258: [ParNew: 8977K->699K(9216K), 0.2311275 secs] 49270K->41108K(89408K), 0.2311871 secs] [Times: user=0.22 sys=0.01, real=0.23 secs] 
Heap after GC invocations=411 (full 35):
 par new generation   total 9216K, used 699K [0x00000000e3400000, 0x00000000e3e00000, 0x00000000ecca0000)
  eden space 8192K,   0% used [0x00000000e3400000, 0x00000000e3400000, 0x00000000e3c00000)
  from space 1024K,  68% used [0x00000000e3d00000, 0x00000000e3daece8, 0x00000000e3e00000)
  to   space 1024K,   0% used [0x00000000e3c00000, 0x00000000e3c00000, 0x00000000e3d00000)
 concurrent mark-sweep generation total 80192K, used 40409K [0x00000000ecca0000, 0x00000000f1af0000, 0x0000000100000000)
 Metaspace       used 60973K, capacity 63814K, committed 64000K, reserved 1105920K
  class space    used 7842K, capacity 8401K, committed 8448K, reserved 1048576K
}
2020-11-07T20:04:48.667+0800: 42.512: Application time: 0.0231059 seconds
{Heap before GC invocations=411 (full 35):
 par new generation   total 9216K, used 8891K [0x00000000e3400000, 0x00000000e3e00000, 0x00000000ecca0000)
  eden space 8192K, 100% used [0x00000000e3400000, 0x00000000e3c00000, 0x00000000e3c00000)
  from space 1024K,  68% used [0x00000000e3d00000, 0x00000000e3daece8, 0x00000000e3e00000)
  to   space 1024K,   0% used [0x00000000e3c00000, 0x00000000e3c00000, 0x00000000e3d00000)
 concurrent mark-sweep generation total 80192K, used 40409K [0x00000000ecca0000, 0x00000000f1af0000, 0x0000000100000000)
 Metaspace       used 61003K, capacity 63826K, committed 64000K, reserved 1105920K
  class space    used 7847K, capacity 8403K, committed 8448K, reserved 1048576K
2020-11-07T20:04:48.667+0800: 42.513: [GC (Allocation Failure) 2020-11-07T20:04:48.667+0800: 42.513: [ParNew: 8891K->580K(9216K), 0.0231970 secs] 49300K->40989K(89408K), 0.0232656 secs] [Times: user=0.02 sys=0.00, real=0.02 secs] 
Heap after GC invocations=412 (full 35):
 par new generation   total 9216K, used 580K [0x00000000e3400000, 0x00000000e3e00000, 0x00000000ecca0000)
  eden space 8192K,   0% used [0x00000000e3400000, 0x00000000e3400000, 0x00000000e3c00000)
  from space 1024K,  56% used [0x00000000e3c00000, 0x00000000e3c91228, 0x00000000e3d00000)
  to   space 1024K,   0% used [0x00000000e3d00000, 0x00000000e3d00000, 0x00000000e3e00000)
 concurrent mark-sweep generation total 80192K, used 40409K [0x00000000ecca0000, 0x00000000f1af0000, 0x0000000100000000)
 Metaspace       used 61003K, capacity 63826K, committed 64000K, reserved 1105920K
  class space    used 7847K, capacity 8403K, committed 8448K, reserved 1048576K
}
2020-11-07T20:04:48.722+0800: 42.567: Application time: 0.0313740 seconds
{Heap before GC invocations=412 (full 35):
 par new generation   total 9216K, used 8772K [0x00000000e3400000, 0x00000000e3e00000, 0x00000000ecca0000)
  eden space 8192K, 100% used [0x00000000e3400000, 0x00000000e3c00000, 0x00000000e3c00000)
  from space 1024K,  56% used [0x00000000e3c00000, 0x00000000e3c91228, 0x00000000e3d00000)
  to   space 1024K,   0% used [0x00000000e3d00000, 0x00000000e3d00000, 0x00000000e3e00000)
 concurrent mark-sweep generation total 80192K, used 40409K [0x00000000ecca0000, 0x00000000f1af0000, 0x0000000100000000)
 Metaspace       used 61035K, capacity 63890K, committed 64000K, reserved 1105920K
  class space    used 7849K, capacity 8403K, committed 8448K, reserved 1048576K
2020-11-07T20:04:48.722+0800: 42.568: [GC (Allocation Failure) 2020-11-07T20:04:48.722+0800: 42.568: [ParNew: 8772K->618K(9216K), 0.0287587 secs] 49181K->41027K(89408K), 0.0288178 secs] [Times: user=0.02 sys=0.00, real=0.03 secs] 
Heap after GC invocations=413 (full 35):
 par new generation   total 9216K, used 618K [0x00000000e3400000, 0x00000000e3e00000, 0x00000000ecca0000)
  eden space 8192K,   0% used [0x00000000e3400000, 0x00000000e3400000, 0x00000000e3c00000)
  from space 1024K,  60% used [0x00000000e3d00000, 0x00000000e3d9a820, 0x00000000e3e00000)
  to   space 1024K,   0% used [0x00000000e3c00000, 0x00000000e3c00000, 0x00000000e3d00000)
 concurrent mark-sweep generation total 80192K, used 40409K [0x00000000ecca0000, 0x00000000f1af0000, 0x0000000100000000)
 Metaspace       used 61035K, capacity 63890K, committed 64000K, reserved 1105920K
  class space    used 7849K, capacity 8403K, committed 8448K, reserved 1048576K
}
2020-11-07T20:04:48.779+0800: 42.624: Application time: 0.0279616 seconds
{Heap before GC invocations=413 (full 35):
 par new generation   total 9216K, used 8810K [0x00000000e3400000, 0x00000000e3e00000, 0x00000000ecca0000)
  eden space 8192K, 100% used [0x00000000e3400000, 0x00000000e3c00000, 0x00000000e3c00000)
  from space 1024K,  60% used [0x00000000e3d00000, 0x00000000e3d9a820, 0x00000000e3e00000)
  to   space 1024K,   0% used [0x00000000e3c00000, 0x00000000e3c00000, 0x00000000e3d00000)
 concurrent mark-sweep generation total 80192K, used 40409K [0x00000000ecca0000, 0x00000000f1af0000, 0x0000000100000000)
 Metaspace       used 61073K, capacity 63890K, committed 64000K, reserved 1105920K
  class space    used 7851K, capacity 8403K, committed 8448K, reserved 1048576K
2020-11-07T20:04:48.779+0800: 42.625: [GC (Allocation Failure) 2020-11-07T20:04:48.779+0800: 42.625: [ParNew: 8810K->815K(9216K), 0.0250774 secs] 49219K->41319K(89408K), 0.0251387 secs] [Times: user=0.02 sys=0.00, real=0.02 secs] 
Heap after GC invocations=414 (full 35):
 par new generation   total 9216K, used 815K [0x00000000e3400000, 0x00000000e3e00000, 0x00000000ecca0000)
  eden space 8192K,   0% used [0x00000000e3400000, 0x00000000e3400000, 0x00000000e3c00000)
  from space 1024K,  79% used [0x00000000e3c00000, 0x00000000e3ccbf10, 0x00000000e3d00000)
  to   space 1024K,   0% used [0x00000000e3d00000, 0x00000000e3d00000, 0x00000000e3e00000)
 concurrent mark-sweep generation total 80192K, used 40503K [0x00000000ecca0000, 0x00000000f1af0000, 0x0000000100000000)
 Metaspace       used 61073K, capacity 63890K, committed 64000K, reserved 1105920K
  class space    used 7851K, capacity 8403K, committed 8448K, reserved 1048576K
}
2020-11-07T20:04:48.844+0800: 42.689: Application time: 0.0396996 seconds
{Heap before GC invocations=414 (full 35):
 par new generation   total 9216K, used 9007K [0x00000000e3400000, 0x00000000e3e00000, 0x00000000ecca0000)
  eden space 8192K, 100% used [0x00000000e3400000, 0x00000000e3c00000, 0x00000000e3c00000)
  from space 1024K,  79% used [0x00000000e3c00000, 0x00000000e3ccbf10, 0x00000000e3d00000)
  to   space 1024K,   0% used [0x00000000e3d00000, 0x00000000e3d00000, 0x00000000e3e00000)
 concurrent mark-sweep generation total 80192K, used 40503K [0x00000000ecca0000, 0x00000000f1af0000, 0x0000000100000000)
 Metaspace       used 61095K, capacity 63890K, committed 64000K, reserved 1105920K
  class space    used 7853K, capacity 8403K, committed 8448K, reserved 1048576K
2020-11-07T20:04:48.844+0800: 42.690: [GC (Allocation Failure) 2020-11-07T20:04:48.844+0800: 42.690: [ParNew: 9007K->689K(9216K), 0.0104272 secs] 49511K->41253K(89408K), 0.0104809 secs] [Times: user=0.01 sys=0.00, real=0.01 secs] 
Heap after GC invocations=415 (full 35):
 par new generation   total 9216K, used 689K [0x00000000e3400000, 0x00000000e3e00000, 0x00000000ecca0000)
  eden space 8192K,   0% used [0x00000000e3400000, 0x00000000e3400000, 0x00000000e3c00000)
  from space 1024K,  67% used [0x00000000e3d00000, 0x00000000e3dac4b8, 0x00000000e3e00000)
  to   space 1024K,   0% used [0x00000000e3c00000, 0x00000000e3c00000, 0x00000000e3d00000)
 concurrent mark-sweep generation total 80192K, used 40564K [0x00000000ecca0000, 0x00000000f1af0000, 0x0000000100000000)
 Metaspace       used 61095K, capacity 63890K, committed 64000K, reserved 1105920K
  class space    used 7853K, capacity 8403K, committed 8448K, reserved 1048576K
}
2020-11-07T20:04:48.879+0800: 42.725: Application time: 0.0248641 seconds
{Heap before GC invocations=415 (full 35):
 par new generation   total 9216K, used 8881K [0x00000000e3400000, 0x00000000e3e00000, 0x00000000ecca0000)
  eden space 8192K, 100% used [0x00000000e3400000, 0x00000000e3c00000, 0x00000000e3c00000)
  from space 1024K,  67% used [0x00000000e3d00000, 0x00000000e3dac4b8, 0x00000000e3e00000)
  to   space 1024K,   0% used [0x00000000e3c00000, 0x00000000e3c00000, 0x00000000e3d00000)
 concurrent mark-sweep generation total 80192K, used 40564K [0x00000000ecca0000, 0x00000000f1af0000, 0x0000000100000000)
 Metaspace       used 61109K, capacity 63972K, committed 64256K, reserved 1105920K
  class space    used 7855K, capacity 8406K, committed 8448K, reserved 1048576K
2020-11-07T20:04:48.879+0800: 42.725: [GC (Allocation Failure) 2020-11-07T20:04:48.879+0800: 42.725: [ParNew: 8881K->903K(9216K), 0.0245881 secs] 49445K->41467K(89408K), 0.0246441 secs] [Times: user=0.02 sys=0.00, real=0.02 secs] 
Heap after GC invocations=416 (full 35):
 par new generation   total 9216K, used 903K [0x00000000e3400000, 0x00000000e3e00000, 0x00000000ecca0000)
  eden space 8192K,   0% used [0x00000000e3400000, 0x00000000e3400000, 0x00000000e3c00000)
  from space 1024K,  88% used [0x00000000e3c00000, 0x00000000e3ce1c88, 0x00000000e3d00000)
  to   space 1024K,   0% used [0x00000000e3d00000, 0x00000000e3d00000, 0x00000000e3e00000)
 concurrent mark-sweep generation total 80192K, used 40564K [0x00000000ecca0000, 0x00000000f1af0000, 0x0000000100000000)
 Metaspace       used 61109K, capacity 63972K, committed 64256K, reserved 1105920K
  class space    used 7855K, capacity 8406K, committed 8448K, reserved 1048576K
}
2020-11-07T20:04:48.924+0800: 42.770: Application time: 0.0196784 seconds
{Heap before GC invocations=416 (full 35):
 par new generation   total 9216K, used 9095K [0x00000000e3400000, 0x00000000e3e00000, 0x00000000ecca0000)
  eden space 8192K, 100% used [0x00000000e3400000, 0x00000000e3c00000, 0x00000000e3c00000)
  from space 1024K,  88% used [0x00000000e3c00000, 0x00000000e3ce1c88, 0x00000000e3d00000)
  to   space 1024K,   0% used [0x00000000e3d00000, 0x00000000e3d00000, 0x00000000e3e00000)
 concurrent mark-sweep generation total 80192K, used 40564K [0x00000000ecca0000, 0x00000000f1af0000, 0x0000000100000000)
 Metaspace       used 61126K, capacity 63972K, committed 64256K, reserved 1105920K
  class space    used 7857K, capacity 8406K, committed 8448K, reserved 1048576K
2020-11-07T20:04:48.924+0800: 42.770: [GC (Allocation Failure) 2020-11-07T20:04:48.924+0800: 42.770: [ParNew: 9095K->727K(9216K), 0.0211072 secs] 49659K->41418K(89408K), 0.0211758 secs] [Times: user=0.02 sys=0.00, real=0.03 secs] 
Heap after GC invocations=417 (full 35):
 par new generation   total 9216K, used 727K [0x00000000e3400000, 0x00000000e3e00000, 0x00000000ecca0000)
  eden space 8192K,   0% used [0x00000000e3400000, 0x00000000e3400000, 0x00000000e3c00000)
  from space 1024K,  71% used [0x00000000e3d00000, 0x00000000e3db5cc8, 0x00000000e3e00000)
  to   space 1024K,   0% used [0x00000000e3c00000, 0x00000000e3c00000, 0x00000000e3d00000)
 concurrent mark-sweep generation total 80192K, used 40691K [0x00000000ecca0000, 0x00000000f1af0000, 0x0000000100000000)
 Metaspace       used 61126K, capacity 63972K, committed 64256K, reserved 1105920K
  class space    used 7857K, capacity 8406K, committed 8448K, reserved 1048576K
}
2020-11-07T20:04:48.962+0800: 42.807: Application time: 0.0163346 seconds
{Heap before GC invocations=417 (full 35):
 par new generation   total 9216K, used 8919K [0x00000000e3400000, 0x00000000e3e00000, 0x00000000ecca0000)
  eden space 8192K, 100% used [0x00000000e3400000, 0x00000000e3c00000, 0x00000000e3c00000)
  from space 1024K,  71% used [0x00000000e3d00000, 0x00000000e3db5cc8, 0x00000000e3e00000)
  to   space 1024K,   0% used [0x00000000e3c00000, 0x00000000e3c00000, 0x00000000e3d00000)
 concurrent mark-sweep generation total 80192K, used 40691K [0x00000000ecca0000, 0x00000000f1af0000, 0x0000000100000000)
 Metaspace       used 61133K, capacity 63972K, committed 64256K, reserved 1105920K
  class space    used 7858K, capacity 8406K, committed 8448K, reserved 1048576K
2020-11-07T20:04:48.962+0800: 42.808: [GC (Allocation Failure) 2020-11-07T20:04:48.962+0800: 42.808: [ParNew: 8919K->616K(9216K), 0.0234334 secs] 49610K->41307K(89408K), 0.0234901 secs] [Times: user=0.02 sys=0.00, real=0.03 secs] 
Heap after GC invocations=418 (full 35):
 par new generation   total 9216K, used 616K [0x00000000e3400000, 0x00000000e3e00000, 0x00000000ecca0000)
  eden space 8192K,   0% used [0x00000000e3400000, 0x00000000e3400000, 0x00000000e3c00000)
  from space 1024K,  60% used [0x00000000e3c00000, 0x00000000e3c9a210, 0x00000000e3d00000)
  to   space 1024K,   0% used [0x00000000e3d00000, 0x00000000e3d00000, 0x00000000e3e00000)
 concurrent mark-sweep generation total 80192K, used 40691K [0x00000000ecca0000, 0x00000000f1af0000, 0x0000000100000000)
 Metaspace       used 61133K, capacity 63972K, committed 64256K, reserved 1105920K
  class space    used 7858K, capacity 8406K, committed 8448K, reserved 1048576K
}
2020-11-07T20:04:49.009+0800: 42.854: Application time: 0.0233502 seconds
{Heap before GC invocations=418 (full 35):
 par new generation   total 9216K, used 8808K [0x00000000e3400000, 0x00000000e3e00000, 0x00000000ecca0000)
  eden space 8192K, 100% used [0x00000000e3400000, 0x00000000e3c00000, 0x00000000e3c00000)
  from space 1024K,  60% used [0x00000000e3c00000, 0x00000000e3c9a210, 0x00000000e3d00000)
  to   space 1024K,   0% used [0x00000000e3d00000, 0x00000000e3d00000, 0x00000000e3e00000)
 concurrent mark-sweep generation total 80192K, used 40691K [0x00000000ecca0000, 0x00000000f1af0000, 0x0000000100000000)
 Metaspace       used 61152K, capacity 63984K, committed 64256K, reserved 1105920K
  class space    used 7861K, capacity 8408K, committed 8448K, reserved 1048576K
2020-11-07T20:04:49.009+0800: 42.855: [GC (Allocation Failure) 2020-11-07T20:04:49.009+0800: 42.855: [ParNew: 8808K->618K(9216K), 0.0231063 secs] 49499K->41390K(89408K), 0.0231718 secs] [Times: user=0.03 sys=0.00, real=0.02 secs] 
Heap after GC invocations=419 (full 35):
 par new generation   total 9216K, used 618K [0x00000000e3400000, 0x00000000e3e00000, 0x00000000ecca0000)
  eden space 8192K,   0% used [0x00000000e3400000, 0x00000000e3400000, 0x00000000e3c00000)
  from space 1024K,  60% used [0x00000000e3d00000, 0x00000000e3d9a808, 0x00000000e3e00000)
  to   space 1024K,   0% used [0x00000000e3c00000, 0x00000000e3c00000, 0x00000000e3d00000)
 concurrent mark-sweep generation total 80192K, used 40772K [0x00000000ecca0000, 0x00000000f1af0000, 0x0000000100000000)
 Metaspace       used 61152K, capacity 63984K, committed 64256K, reserved 1105920K
  class space    used 7861K, capacity 8408K, committed 8448K, reserved 1048576K
}
2020-11-07T20:04:49.052+0800: 42.898: Application time: 0.0202973 seconds
{Heap before GC invocations=419 (full 35):
 par new generation   total 9216K, used 8810K [0x00000000e3400000, 0x00000000e3e00000, 0x00000000ecca0000)
  eden space 8192K, 100% used [0x00000000e3400000, 0x00000000e3c00000, 0x00000000e3c00000)
  from space 1024K,  60% used [0x00000000e3d00000, 0x00000000e3d9a808, 0x00000000e3e00000)
  to   space 1024K,   0% used [0x00000000e3c00000, 0x00000000e3c00000, 0x00000000e3d00000)
 concurrent mark-sweep generation total 80192K, used 40772K [0x00000000ecca0000, 0x00000000f1af0000, 0x0000000100000000)
 Metaspace       used 61198K, capacity 64080K, committed 64256K, reserved 1105920K
  class space    used 7869K, capacity 8440K, committed 8448K, reserved 1048576K
2020-11-07T20:04:49.053+0800: 42.898: [GC (Allocation Failure) 2020-11-07T20:04:49.053+0800: 42.898: [ParNew: 8810K->801K(9216K), 0.0130084 secs] 49582K->41613K(89408K), 0.0130762 secs] [Times: user=0.01 sys=0.00, real=0.02 secs] 
Heap after GC invocations=420 (full 35):
 par new generation   total 9216K, used 801K [0x00000000e3400000, 0x00000000e3e00000, 0x00000000ecca0000)
  eden space 8192K,   0% used [0x00000000e3400000, 0x00000000e3400000, 0x00000000e3c00000)
  from space 1024K,  78% used [0x00000000e3c00000, 0x00000000e3cc8450, 0x00000000e3d00000)
  to   space 1024K,   0% used [0x00000000e3d00000, 0x00000000e3d00000, 0x00000000e3e00000)
 concurrent mark-sweep generation total 80192K, used 40812K [0x00000000ecca0000, 0x00000000f1af0000, 0x0000000100000000)
 Metaspace       used 61198K, capacity 64080K, committed 64256K, reserved 1105920K
  class space    used 7869K, capacity 8440K, committed 8448K, reserved 1048576K
}
2020-11-07T20:04:49.098+0800: 42.944: Application time: 0.0319946 seconds
{Heap before GC invocations=420 (full 35):
 par new generation   total 9216K, used 8993K [0x00000000e3400000, 0x00000000e3e00000, 0x00000000ecca0000)
  eden space 8192K, 100% used [0x00000000e3400000, 0x00000000e3c00000, 0x00000000e3c00000)
  from space 1024K,  78% used [0x00000000e3c00000, 0x00000000e3cc8450, 0x00000000e3d00000)
  to   space 1024K,   0% used [0x00000000e3d00000, 0x00000000e3d00000, 0x00000000e3e00000)
 concurrent mark-sweep generation total 80192K, used 40812K [0x00000000ecca0000, 0x00000000f1af0000, 0x0000000100000000)
 Metaspace       used 61223K, capacity 64080K, committed 64256K, reserved 1105920K
  class space    used 7873K, capacity 8440K, committed 8448K, reserved 1048576K
2020-11-07T20:04:49.098+0800: 42.944: [GC (Allocation Failure) 2020-11-07T20:04:49.098+0800: 42.944: [ParNew: 8993K->747K(9216K), 0.0219633 secs] 49805K->41624K(89408K), 0.0220347 secs] [Times: user=0.02 sys=0.00, real=0.02 secs] 
Heap after GC invocations=421 (full 35):
 par new generation   total 9216K, used 747K [0x00000000e3400000, 0x00000000e3e00000, 0x00000000ecca0000)
  eden space 8192K,   0% used [0x00000000e3400000, 0x00000000e3400000, 0x00000000e3c00000)
  from space 1024K,  73% used [0x00000000e3d00000, 0x00000000e3dbae58, 0x00000000e3e00000)
  to   space 1024K,   0% used [0x00000000e3c00000, 0x00000000e3c00000, 0x00000000e3d00000)
 concurrent mark-sweep generation total 80192K, used 40877K [0x00000000ecca0000, 0x00000000f1af0000, 0x0000000100000000)
 Metaspace       used 61223K, capacity 64080K, committed 64256K, reserved 1105920K
  class space    used 7873K, capacity 8440K, committed 8448K, reserved 1048576K
}
2020-11-07T20:04:49.160+0800: 43.006: Application time: 0.0398131 seconds
{Heap before GC invocations=421 (full 35):
 par new generation   total 9216K, used 8939K [0x00000000e3400000, 0x00000000e3e00000, 0x00000000ecca0000)
  eden space 8192K, 100% used [0x00000000e3400000, 0x00000000e3c00000, 0x00000000e3c00000)
  from space 1024K,  73% used [0x00000000e3d00000, 0x00000000e3dbae58, 0x00000000e3e00000)
  to   space 1024K,   0% used [0x00000000e3c00000, 0x00000000e3c00000, 0x00000000e3d00000)
 concurrent mark-sweep generation total 80192K, used 40877K [0x00000000ecca0000, 0x00000000f1af0000, 0x0000000100000000)
 Metaspace       used 61237K, capacity 64082K, committed 64256K, reserved 1105920K
  class space    used 7875K, capacity 8441K, committed 8448K, reserved 1048576K
2020-11-07T20:04:49.160+0800: 43.006: [GC (Allocation Failure) 2020-11-07T20:04:49.160+0800: 43.006: [ParNew: 8939K->642K(9216K), 0.0427085 secs] 49816K->41578K(89408K), 0.0427767 secs] [Times: user=0.04 sys=0.00, real=0.04 secs] 
Heap after GC invocations=422 (full 35):
 par new generation   total 9216K, used 642K [0x00000000e3400000, 0x00000000e3e00000, 0x00000000ecca0000)
  eden space 8192K,   0% used [0x00000000e3400000, 0x00000000e3400000, 0x00000000e3c00000)
  from space 1024K,  62% used [0x00000000e3c00000, 0x00000000e3ca0830, 0x00000000e3d00000)
  to   space 1024K,   0% used [0x00000000e3d00000, 0x00000000e3d00000, 0x00000000e3e00000)
 concurrent mark-sweep generation total 80192K, used 40936K [0x00000000ecca0000, 0x00000000f1af0000, 0x0000000100000000)
 Metaspace       used 61237K, capacity 64082K, committed 64256K, reserved 1105920K
  class space    used 7875K, capacity 8441K, committed 8448K, reserved 1048576K
}
2020-11-07T20:04:49.224+0800: 43.070: Application time: 0.0207806 seconds
{Heap before GC invocations=422 (full 35):
 par new generation   total 9216K, used 8834K [0x00000000e3400000, 0x00000000e3e00000, 0x00000000ecca0000)
  eden space 8192K, 100% used [0x00000000e3400000, 0x00000000e3c00000, 0x00000000e3c00000)
  from space 1024K,  62% used [0x00000000e3c00000, 0x00000000e3ca0830, 0x00000000e3d00000)
  to   space 1024K,   0% used [0x00000000e3d00000, 0x00000000e3d00000, 0x00000000e3e00000)
 concurrent mark-sweep generation total 80192K, used 40936K [0x00000000ecca0000, 0x00000000f1af0000, 0x0000000100000000)
 Metaspace       used 61254K, capacity 64082K, committed 64256K, reserved 1105920K
  class space    used 7877K, capacity 8441K, committed 8448K, reserved 1048576K
2020-11-07T20:04:49.224+0800: 43.070: [GC (Allocation Failure) 2020-11-07T20:04:49.224+0800: 43.070: [ParNew: 8834K->622K(9216K), 0.0319598 secs] 49770K->41605K(89408K), 0.0320200 secs] [Times: user=0.04 sys=0.00, real=0.04 secs] 
Heap after GC invocations=423 (full 35):
 par new generation   total 9216K, used 622K [0x00000000e3400000, 0x00000000e3e00000, 0x00000000ecca0000)
  eden space 8192K,   0% used [0x00000000e3400000, 0x00000000e3400000, 0x00000000e3c00000)
  from space 1024K,  60% used [0x00000000e3d00000, 0x00000000e3d9bab0, 0x00000000e3e00000)
  to   space 1024K,   0% used [0x00000000e3c00000, 0x00000000e3c00000, 0x00000000e3d00000)
 concurrent mark-sweep generation total 80192K, used 40982K [0x00000000ecca0000, 0x00000000f1af0000, 0x0000000100000000)
 Metaspace       used 61254K, capacity 64082K, committed 64256K, reserved 1105920K
  class space    used 7877K, capacity 8441K, committed 8448K, reserved 1048576K
}
2020-11-07T20:04:49.289+0800: 43.135: Application time: 0.0330885 seconds
{Heap before GC invocations=423 (full 35):
 par new generation   total 9216K, used 8814K [0x00000000e3400000, 0x00000000e3e00000, 0x00000000ecca0000)
  eden space 8192K, 100% used [0x00000000e3400000, 0x00000000e3c00000, 0x00000000e3c00000)
  from space 1024K,  60% used [0x00000000e3d00000, 0x00000000e3d9bab0, 0x00000000e3e00000)
  to   space 1024K,   0% used [0x00000000e3c00000, 0x00000000e3c00000, 0x00000000e3d00000)
 concurrent mark-sweep generation total 80192K, used 40982K [0x00000000ecca0000, 0x00000000f1af0000, 0x0000000100000000)
 Metaspace       used 61288K, capacity 64222K, committed 64256K, reserved 1105920K
  class space    used 7880K, capacity 8443K, committed 8448K, reserved 1048576K
2020-11-07T20:04:49.289+0800: 43.135: [GC (Allocation Failure) 2020-11-07T20:04:49.289+0800: 43.135: [ParNew: 8814K->650K(9216K), 0.0395930 secs] 49797K->41683K(89408K), 0.0396553 secs] [Times: user=0.04 sys=0.00, real=0.04 secs] 
Heap after GC invocations=424 (full 35):
 par new generation   total 9216K, used 650K [0x00000000e3400000, 0x00000000e3e00000, 0x00000000ecca0000)
  eden space 8192K,   0% used [0x00000000e3400000, 0x00000000e3400000, 0x00000000e3c00000)
  from space 1024K,  63% used [0x00000000e3c00000, 0x00000000e3ca2800, 0x00000000e3d00000)
  to   space 1024K,   0% used [0x00000000e3d00000, 0x00000000e3d00000, 0x00000000e3e00000)
 concurrent mark-sweep generation total 80192K, used 41033K [0x00000000ecca0000, 0x00000000f1af0000, 0x0000000100000000)
 Metaspace       used 61288K, capacity 64222K, committed 64256K, reserved 1105920K
  class space    used 7880K, capacity 8443K, committed 8448K, reserved 1048576K
}
2020-11-07T20:04:49.353+0800: 43.199: Application time: 0.0237106 seconds
{Heap before GC invocations=424 (full 35):
 par new generation   total 9216K, used 8842K [0x00000000e3400000, 0x00000000e3e00000, 0x00000000ecca0000)
  eden space 8192K, 100% used [0x00000000e3400000, 0x00000000e3c00000, 0x00000000e3c00000)
  from space 1024K,  63% used [0x00000000e3c00000, 0x00000000e3ca2800, 0x00000000e3d00000)
  to   space 1024K,   0% used [0x00000000e3d00000, 0x00000000e3d00000, 0x00000000e3e00000)
 concurrent mark-sweep generation total 80192K, used 41033K [0x00000000ecca0000, 0x00000000f1af0000, 0x0000000100000000)
 Metaspace       used 61295K, capacity 64222K, committed 64256K, reserved 1105920K
  class space    used 7881K, capacity 8443K, committed 8448K, reserved 1048576K
2020-11-07T20:04:49.353+0800: 43.199: [GC (Allocation Failure) 2020-11-07T20:04:49.353+0800: 43.199: [ParNew: 8842K->821K(9216K), 0.0260866 secs] 49875K->41906K(89408K), 0.0261474 secs] [Times: user=0.02 sys=0.00, real=0.03 secs] 
Heap after GC invocations=425 (full 35):
 par new generation   total 9216K, used 821K [0x00000000e3400000, 0x00000000e3e00000, 0x00000000ecca0000)
  eden space 8192K,   0% used [0x00000000e3400000, 0x00000000e3400000, 0x00000000e3c00000)
  from space 1024K,  80% used [0x00000000e3d00000, 0x00000000e3dcd730, 0x00000000e3e00000)
  to   space 1024K,   0% used [0x00000000e3c00000, 0x00000000e3c00000, 0x00000000e3d00000)
 concurrent mark-sweep generation total 80192K, used 41084K [0x00000000ecca0000, 0x00000000f1af0000, 0x0000000100000000)
 Metaspace       used 61295K, capacity 64222K, committed 64256K, reserved 1105920K
  class space    used 7881K, capacity 8443K, committed 8448K, reserved 1048576K
}
2020-11-07T20:04:49.409+0800: 43.255: Application time: 0.0296853 seconds
{Heap before GC invocations=425 (full 35):
 par new generation   total 9216K, used 9013K [0x00000000e3400000, 0x00000000e3e00000, 0x00000000ecca0000)
  eden space 8192K, 100% used [0x00000000e3400000, 0x00000000e3c00000, 0x00000000e3c00000)
  from space 1024K,  80% used [0x00000000e3d00000, 0x00000000e3dcd730, 0x00000000e3e00000)
  to   space 1024K,   0% used [0x00000000e3c00000, 0x00000000e3c00000, 0x00000000e3d00000)
 concurrent mark-sweep generation total 80192K, used 41084K [0x00000000ecca0000, 0x00000000f1af0000, 0x0000000100000000)
 Metaspace       used 61310K, capacity 64226K, committed 64256K, reserved 1105920K
  class space    used 7882K, capacity 8443K, committed 8448K, reserved 1048576K
2020-11-07T20:04:49.409+0800: 43.255: [GC (Allocation Failure) 2020-11-07T20:04:49.409+0800: 43.255: [ParNew: 9013K->900K(9216K), 0.0249219 secs] 50098K->42025K(89408K), 0.0249866 secs] [Times: user=0.02 sys=0.00, real=0.02 secs] 
Heap after GC invocations=426 (full 35):
 par new generation   total 9216K, used 900K [0x00000000e3400000, 0x00000000e3e00000, 0x00000000ecca0000)
  eden space 8192K,   0% used [0x00000000e3400000, 0x00000000e3400000, 0x00000000e3c00000)
  from space 1024K,  87% used [0x00000000e3c00000, 0x00000000e3ce13e8, 0x00000000e3d00000)
  to   space 1024K,   0% used [0x00000000e3d00000, 0x00000000e3d00000, 0x00000000e3e00000)
 concurrent mark-sweep generation total 80192K, used 41124K [0x00000000ecca0000, 0x00000000f1af0000, 0x0000000100000000)
 Metaspace       used 61310K, capacity 64226K, committed 64256K, reserved 1105920K
  class space    used 7882K, capacity 8443K, committed 8448K, reserved 1048576K
}
2020-11-07T20:04:49.489+0800: 43.335: Application time: 0.0553727 seconds
{Heap before GC invocations=426 (full 35):
 par new generation   total 9216K, used 9092K [0x00000000e3400000, 0x00000000e3e00000, 0x00000000ecca0000)
  eden space 8192K, 100% used [0x00000000e3400000, 0x00000000e3c00000, 0x00000000e3c00000)
  from space 1024K,  87% used [0x00000000e3c00000, 0x00000000e3ce13e8, 0x00000000e3d00000)
  to   space 1024K,   0% used [0x00000000e3d00000, 0x00000000e3d00000, 0x00000000e3e00000)
 concurrent mark-sweep generation total 80192K, used 41124K [0x00000000ecca0000, 0x00000000f1af0000, 0x0000000100000000)
 Metaspace       used 61334K, capacity 64226K, committed 64256K, reserved 1105920K
  class space    used 7884K, capacity 8443K, committed 8448K, reserved 1048576K
2020-11-07T20:04:49.490+0800: 43.335: [GC (Allocation Failure) 2020-11-07T20:04:49.490+0800: 43.336: [ParNew: 9092K->827K(9216K), 0.0262099 secs] 50217K->42046K(89408K), 0.0262775 secs] [Times: user=0.02 sys=0.00, real=0.03 secs] 
Heap after GC invocations=427 (full 35):
 par new generation   total 9216K, used 827K [0x00000000e3400000, 0x00000000e3e00000, 0x00000000ecca0000)
  eden space 8192K,   0% used [0x00000000e3400000, 0x00000000e3400000, 0x00000000e3c00000)
  from space 1024K,  80% used [0x00000000e3d00000, 0x00000000e3dced48, 0x00000000e3e00000)
  to   space 1024K,   0% used [0x00000000e3c00000, 0x00000000e3c00000, 0x00000000e3d00000)
 concurrent mark-sweep generation total 80192K, used 41219K [0x00000000ecca0000, 0x00000000f1af0000, 0x0000000100000000)
 Metaspace       used 61334K, capacity 64226K, committed 64256K, reserved 1105920K
  class space    used 7884K, capacity 8443K, committed 8448K, reserved 1048576K
}
2020-11-07T20:04:49.553+0800: 43.399: Application time: 0.0371177 seconds
{Heap before GC invocations=427 (full 35):
 par new generation   total 9216K, used 9019K [0x00000000e3400000, 0x00000000e3e00000, 0x00000000ecca0000)
  eden space 8192K, 100% used [0x00000000e3400000, 0x00000000e3c00000, 0x00000000e3c00000)
  from space 1024K,  80% used [0x00000000e3d00000, 0x00000000e3dced48, 0x00000000e3e00000)
  to   space 1024K,   0% used [0x00000000e3c00000, 0x00000000e3c00000, 0x00000000e3d00000)
 concurrent mark-sweep generation total 80192K, used 41219K [0x00000000ecca0000, 0x00000000f1af0000, 0x0000000100000000)
 Metaspace       used 61350K, capacity 64226K, committed 64256K, reserved 1105920K
  class space    used 7887K, capacity 8443K, committed 8448K, reserved 1048576K
2020-11-07T20:04:49.553+0800: 43.399: [GC (Allocation Failure) 2020-11-07T20:04:49.553+0800: 43.399: [ParNew: 9019K->769K(9216K), 0.0129466 secs] 50238K->41989K(89408K), 0.0130032 secs] [Times: user=0.01 sys=0.00, real=0.02 secs] 
Heap after GC invocations=428 (full 35):
 par new generation   total 9216K, used 769K [0x00000000e3400000, 0x00000000e3e00000, 0x00000000ecca0000)
  eden space 8192K,   0% used [0x00000000e3400000, 0x00000000e3400000, 0x00000000e3c00000)
  from space 1024K,  75% used [0x00000000e3c00000, 0x00000000e3cc0678, 0x00000000e3d00000)
  to   space 1024K,   0% used [0x00000000e3d00000, 0x00000000e3d00000, 0x00000000e3e00000)
 concurrent mark-sweep generation total 80192K, used 41219K [0x00000000ecca0000, 0x00000000f1af0000, 0x0000000100000000)
 Metaspace       used 61350K, capacity 64226K, committed 64256K, reserved 1105920K
  class space    used 7887K, capacity 8443K, committed 8448K, reserved 1048576K
}
2020-11-07T20:04:49.590+0800: 43.435: Application time: 0.0230898 seconds
{Heap before GC invocations=428 (full 35):
 par new generation   total 9216K, used 8961K [0x00000000e3400000, 0x00000000e3e00000, 0x00000000ecca0000)
  eden space 8192K, 100% used [0x00000000e3400000, 0x00000000e3c00000, 0x00000000e3c00000)
  from space 1024K,  75% used [0x00000000e3c00000, 0x00000000e3cc0678, 0x00000000e3d00000)
  to   space 1024K,   0% used [0x00000000e3d00000, 0x00000000e3d00000, 0x00000000e3e00000)
 concurrent mark-sweep generation total 80192K, used 41219K [0x00000000ecca0000, 0x00000000f1af0000, 0x0000000100000000)
 Metaspace       used 61362K, capacity 64226K, committed 64256K, reserved 1105920K
  class space    used 7889K, capacity 8443K, committed 8448K, reserved 1048576K
2020-11-07T20:04:49.590+0800: 43.435: [GC (Allocation Failure) 2020-11-07T20:04:49.590+0800: 43.436: [ParNew: 8961K->672K(9216K), 0.0237928 secs] 50181K->41949K(89408K), 0.0238600 secs] [Times: user=0.03 sys=0.00, real=0.02 secs] 
Heap after GC invocations=429 (full 35):
 par new generation   total 9216K, used 672K [0x00000000e3400000, 0x00000000e3e00000, 0x00000000ecca0000)
  eden space 8192K,   0% used [0x00000000e3400000, 0x00000000e3400000, 0x00000000e3c00000)
  from space 1024K,  65% used [0x00000000e3d00000, 0x00000000e3da8260, 0x00000000e3e00000)
  to   space 1024K,   0% used [0x00000000e3c00000, 0x00000000e3c00000, 0x00000000e3d00000)
 concurrent mark-sweep generation total 80192K, used 41277K [0x00000000ecca0000, 0x00000000f1af0000, 0x0000000100000000)
 Metaspace       used 61362K, capacity 64226K, committed 64256K, reserved 1105920K
  class space    used 7889K, capacity 8443K, committed 8448K, reserved 1048576K
}
2020-11-07T20:04:49.652+0800: 43.498: Application time: 0.0383074 seconds
{Heap before GC invocations=429 (full 35):
 par new generation   total 9216K, used 8864K [0x00000000e3400000, 0x00000000e3e00000, 0x00000000ecca0000)
  eden space 8192K, 100% used [0x00000000e3400000, 0x00000000e3c00000, 0x00000000e3c00000)
  from space 1024K,  65% used [0x00000000e3d00000, 0x00000000e3da8260, 0x00000000e3e00000)
  to   space 1024K,   0% used [0x00000000e3c00000, 0x00000000e3c00000, 0x00000000e3d00000)
 concurrent mark-sweep generation total 80192K, used 41277K [0x00000000ecca0000, 0x00000000f1af0000, 0x0000000100000000)
 Metaspace       used 61371K, capacity 64290K, committed 64512K, reserved 1105920K
  class space    used 7890K, capacity 8443K, committed 8448K, reserved 1048576K
2020-11-07T20:04:49.652+0800: 43.498: [GC (Allocation Failure) 2020-11-07T20:04:49.652+0800: 43.498: [ParNew: 8864K->663K(9216K), 0.0202689 secs] 50141K->41998K(89408K), 0.0203382 secs] [Times: user=0.02 sys=0.00, real=0.02 secs] 
Heap after GC invocations=430 (full 35):
 par new generation   total 9216K, used 663K [0x00000000e3400000, 0x00000000e3e00000, 0x00000000ecca0000)
  eden space 8192K,   0% used [0x00000000e3400000, 0x00000000e3400000, 0x00000000e3c00000)
  from space 1024K,  64% used [0x00000000e3c00000, 0x00000000e3ca5e60, 0x00000000e3d00000)
  to   space 1024K,   0% used [0x00000000e3d00000, 0x00000000e3d00000, 0x00000000e3e00000)
 concurrent mark-sweep generation total 80192K, used 41335K [0x00000000ecca0000, 0x00000000f1af0000, 0x0000000100000000)
 Metaspace       used 61371K, capacity 64290K, committed 64512K, reserved 1105920K
  class space    used 7890K, capacity 8443K, committed 8448K, reserved 1048576K
}
2020-11-07T20:04:49.706+0800: 43.552: Application time: 0.0334484 seconds
{Heap before GC invocations=430 (full 35):
 par new generation   total 9216K, used 8855K [0x00000000e3400000, 0x00000000e3e00000, 0x00000000ecca0000)
  eden space 8192K, 100% used [0x00000000e3400000, 0x00000000e3c00000, 0x00000000e3c00000)
  from space 1024K,  64% used [0x00000000e3c00000, 0x00000000e3ca5e60, 0x00000000e3d00000)
  to   space 1024K,   0% used [0x00000000e3d00000, 0x00000000e3d00000, 0x00000000e3e00000)
 concurrent mark-sweep generation total 80192K, used 41335K [0x00000000ecca0000, 0x00000000f1af0000, 0x0000000100000000)
 Metaspace       used 61398K, capacity 64290K, committed 64512K, reserved 1105920K
  class space    used 7894K, capacity 8443K, committed 8448K, reserved 1048576K
2020-11-07T20:04:49.706+0800: 43.552: [GC (Allocation Failure) 2020-11-07T20:04:49.706+0800: 43.552: [ParNew: 8855K->788K(9216K), 0.0132179 secs] 50190K->42184K(89408K), 0.0132713 secs] [Times: user=0.01 sys=0.00, real=0.01 secs] 
Heap after GC invocations=431 (full 35):
 par new generation   total 9216K, used 788K [0x00000000e3400000, 0x00000000e3e00000, 0x00000000ecca0000)
  eden space 8192K,   0% used [0x00000000e3400000, 0x00000000e3400000, 0x00000000e3c00000)
  from space 1024K,  77% used [0x00000000e3d00000, 0x00000000e3dc5290, 0x00000000e3e00000)
  to   space 1024K,   0% used [0x00000000e3c00000, 0x00000000e3c00000, 0x00000000e3d00000)
 concurrent mark-sweep generation total 80192K, used 41395K [0x00000000ecca0000, 0x00000000f1af0000, 0x0000000100000000)
 Metaspace       used 61398K, capacity 64290K, committed 64512K, reserved 1105920K
  class space    used 7894K, capacity 8443K, committed 8448K, reserved 1048576K
}
2020-11-07T20:04:49.764+0800: 43.610: Application time: 0.0445337 seconds
{Heap before GC invocations=431 (full 35):
 par new generation   total 9216K, used 8980K [0x00000000e3400000, 0x00000000e3e00000, 0x00000000ecca0000)
  eden space 8192K, 100% used [0x00000000e3400000, 0x00000000e3c00000, 0x00000000e3c00000)
  from space 1024K,  77% used [0x00000000e3d00000, 0x00000000e3dc5290, 0x00000000e3e00000)
  to   space 1024K,   0% used [0x00000000e3c00000, 0x00000000e3c00000, 0x00000000e3d00000)
 concurrent mark-sweep generation total 80192K, used 41395K [0x00000000ecca0000, 0x00000000f1af0000, 0x0000000100000000)
 Metaspace       used 61428K, capacity 64292K, committed 64512K, reserved 1105920K
  class space    used 7897K, capacity 8444K, committed 8448K, reserved 1048576K
2020-11-07T20:04:49.764+0800: 43.610: [GC (Allocation Failure) 2020-11-07T20:04:49.764+0800: 43.610: [ParNew: 8980K->797K(9216K), 0.0248319 secs] 50376K->42242K(89408K), 0.0248894 secs] [Times: user=0.03 sys=0.00, real=0.03 secs] 
Heap after GC invocations=432 (full 35):
 par new generation   total 9216K, used 797K [0x00000000e3400000, 0x00000000e3e00000, 0x00000000ecca0000)
  eden space 8192K,   0% used [0x00000000e3400000, 0x00000000e3400000, 0x00000000e3c00000)
  from space 1024K,  77% used [0x00000000e3c00000, 0x00000000e3cc7448, 0x00000000e3d00000)
  to   space 1024K,   0% used [0x00000000e3d00000, 0x00000000e3d00000, 0x00000000e3e00000)
 concurrent mark-sweep generation total 80192K, used 41445K [0x00000000ecca0000, 0x00000000f1af0000, 0x0000000100000000)
 Metaspace       used 61428K, capacity 64292K, committed 64512K, reserved 1105920K
  class space    used 7897K, capacity 8444K, committed 8448K, reserved 1048576K
}
2020-11-07T20:04:49.824+0800: 43.669: Application time: 0.0344183 seconds
{Heap before GC invocations=432 (full 35):
 par new generation   total 9216K, used 8989K [0x00000000e3400000, 0x00000000e3e00000, 0x00000000ecca0000)
  eden space 8192K, 100% used [0x00000000e3400000, 0x00000000e3c00000, 0x00000000e3c00000)
  from space 1024K,  77% used [0x00000000e3c00000, 0x00000000e3cc7448, 0x00000000e3d00000)
  to   space 1024K,   0% used [0x00000000e3d00000, 0x00000000e3d00000, 0x00000000e3e00000)
 concurrent mark-sweep generation total 80192K, used 41445K [0x00000000ecca0000, 0x00000000f1af0000, 0x0000000100000000)
 Metaspace       used 61446K, capacity 64356K, committed 64512K, reserved 1105920K
  class space    used 7899K, capacity 8444K, committed 8448K, reserved 1048576K
2020-11-07T20:04:49.824+0800: 43.670: [GC (Allocation Failure) 2020-11-07T20:04:49.824+0800: 43.670: [ParNew: 8989K->652K(9216K), 0.0457498 secs] 50434K->42164K(89408K), 0.0458042 secs] [Times: user=0.04 sys=0.01, real=0.05 secs] 
Heap after GC invocations=433 (full 35):
 par new generation   total 9216K, used 652K [0x00000000e3400000, 0x00000000e3e00000, 0x00000000ecca0000)
  eden space 8192K,   0% used [0x00000000e3400000, 0x00000000e3400000, 0x00000000e3c00000)
  from space 1024K,  63% used [0x00000000e3d00000, 0x00000000e3da3058, 0x00000000e3e00000)
  to   space 1024K,   0% used [0x00000000e3c00000, 0x00000000e3c00000, 0x00000000e3d00000)
 concurrent mark-sweep generation total 80192K, used 41512K [0x00000000ecca0000, 0x00000000f1af0000, 0x0000000100000000)
 Metaspace       used 61446K, capacity 64356K, committed 64512K, reserved 1105920K
  class space    used 7899K, capacity 8444K, committed 8448K, reserved 1048576K
}
2020-11-07T20:04:49.907+0800: 43.753: Application time: 0.0374652 seconds
{Heap before GC invocations=433 (full 35):
 par new generation   total 9216K, used 8844K [0x00000000e3400000, 0x00000000e3e00000, 0x00000000ecca0000)
  eden space 8192K, 100% used [0x00000000e3400000, 0x00000000e3c00000, 0x00000000e3c00000)
  from space 1024K,  63% used [0x00000000e3d00000, 0x00000000e3da3058, 0x00000000e3e00000)
  to   space 1024K,   0% used [0x00000000e3c00000, 0x00000000e3c00000, 0x00000000e3d00000)
 concurrent mark-sweep generation total 80192K, used 41512K [0x00000000ecca0000, 0x00000000f1af0000, 0x0000000100000000)
 Metaspace       used 61484K, capacity 64364K, committed 64512K, reserved 1105920K
  class space    used 7903K, capacity 8446K, committed 8448K, reserved 1048576K
2020-11-07T20:04:49.907+0800: 43.753: [GC (Allocation Failure) 2020-11-07T20:04:49.907+0800: 43.753: [ParNew: 8844K->630K(9216K), 0.0376543 secs] 50356K->42201K(89408K), 0.0377316 secs] [Times: user=0.03 sys=0.00, real=0.04 secs] 
Heap after GC invocations=434 (full 35):
 par new generation   total 9216K, used 630K [0x00000000e3400000, 0x00000000e3e00000, 0x00000000ecca0000)
  eden space 8192K,   0% used [0x00000000e3400000, 0x00000000e3400000, 0x00000000e3c00000)
  from space 1024K,  61% used [0x00000000e3c00000, 0x00000000e3c9d988, 0x00000000e3d00000)
  to   space 1024K,   0% used [0x00000000e3d00000, 0x00000000e3d00000, 0x00000000e3e00000)
 concurrent mark-sweep generation total 80192K, used 41571K [0x00000000ecca0000, 0x00000000f1af0000, 0x0000000100000000)
 Metaspace       used 61484K, capacity 64364K, committed 64512K, reserved 1105920K
  class space    used 7903K, capacity 8446K, committed 8448K, reserved 1048576K
}
2020-11-07T20:04:49.965+0800: 43.811: Application time: 0.0198756 seconds
{Heap before GC invocations=434 (full 35):
 par new generation   total 9216K, used 8822K [0x00000000e3400000, 0x00000000e3e00000, 0x00000000ecca0000)
  eden space 8192K, 100% used [0x00000000e3400000, 0x00000000e3c00000, 0x00000000e3c00000)
  from space 1024K,  61% used [0x00000000e3c00000, 0x00000000e3c9d988, 0x00000000e3d00000)
  to   space 1024K,   0% used [0x00000000e3d00000, 0x00000000e3d00000, 0x00000000e3e00000)
 concurrent mark-sweep generation total 80192K, used 41571K [0x00000000ecca0000, 0x00000000f1af0000, 0x0000000100000000)
 Metaspace       used 61508K, capacity 64396K, committed 64640K, reserved 1105920K
  class space    used 7907K, capacity 8478K, committed 8576K, reserved 1048576K
2020-11-07T20:04:49.965+0800: 43.811: [GC (Allocation Failure) 2020-11-07T20:04:49.965+0800: 43.811: [ParNew: 8822K->646K(9216K), 0.0222239 secs] 50393K->42272K(89408K), 0.0222861 secs] [Times: user=0.02 sys=0.00, real=0.02 secs] 
Heap after GC invocations=435 (full 35):
 par new generation   total 9216K, used 646K [0x00000000e3400000, 0x00000000e3e00000, 0x00000000ecca0000)
  eden space 8192K,   0% used [0x00000000e3400000, 0x00000000e3400000, 0x00000000e3c00000)
  from space 1024K,  63% used [0x00000000e3d00000, 0x00000000e3da1a98, 0x00000000e3e00000)
  to   space 1024K,   0% used [0x00000000e3c00000, 0x00000000e3c00000, 0x00000000e3d00000)
 concurrent mark-sweep generation total 80192K, used 41626K [0x00000000ecca0000, 0x00000000f1af0000, 0x0000000100000000)
 Metaspace       used 61508K, capacity 64396K, committed 64640K, reserved 1105920K
  class space    used 7907K, capacity 8478K, committed 8576K, reserved 1048576K
}
2020-11-07T20:04:50.022+0800: 43.868: Application time: 0.0345345 seconds
{Heap before GC invocations=435 (full 35):
 par new generation   total 9216K, used 8838K [0x00000000e3400000, 0x00000000e3e00000, 0x00000000ecca0000)
  eden space 8192K, 100% used [0x00000000e3400000, 0x00000000e3c00000, 0x00000000e3c00000)
  from space 1024K,  63% used [0x00000000e3d00000, 0x00000000e3da1a98, 0x00000000e3e00000)
  to   space 1024K,   0% used [0x00000000e3c00000, 0x00000000e3c00000, 0x00000000e3d00000)
 concurrent mark-sweep generation total 80192K, used 41626K [0x00000000ecca0000, 0x00000000f1af0000, 0x0000000100000000)
 Metaspace       used 61532K, capacity 64460K, committed 64640K, reserved 1105920K
  class space    used 7908K, capacity 8478K, committed 8576K, reserved 1048576K
2020-11-07T20:04:50.022+0800: 43.868: [GC (Allocation Failure) 2020-11-07T20:04:50.022+0800: 43.868: [ParNew: 8838K->607K(9216K), 0.0194788 secs] 50464K->42298K(89408K), 0.0195493 secs] [Times: user=0.02 sys=0.00, real=0.02 secs] 
Heap after GC invocations=436 (full 35):
 par new generation   total 9216K, used 607K [0x00000000e3400000, 0x00000000e3e00000, 0x00000000ecca0000)
  eden space 8192K,   0% used [0x00000000e3400000, 0x00000000e3400000, 0x00000000e3c00000)
  from space 1024K,  59% used [0x00000000e3c00000, 0x00000000e3c97ed0, 0x00000000e3d00000)
  to   space 1024K,   0% used [0x00000000e3d00000, 0x00000000e3d00000, 0x00000000e3e00000)
 concurrent mark-sweep generation total 80192K, used 41691K [0x00000000ecca0000, 0x00000000f1af0000, 0x0000000100000000)
 Metaspace       used 61532K, capacity 64460K, committed 64640K, reserved 1105920K
  class space    used 7908K, capacity 8478K, committed 8576K, reserved 1048576K
}
2020-11-07T20:04:50.066+0800: 43.912: Application time: 0.0243644 seconds
{Heap before GC invocations=436 (full 35):
 par new generation   total 9216K, used 8799K [0x00000000e3400000, 0x00000000e3e00000, 0x00000000ecca0000)
  eden space 8192K, 100% used [0x00000000e3400000, 0x00000000e3c00000, 0x00000000e3c00000)
  from space 1024K,  59% used [0x00000000e3c00000, 0x00000000e3c97ed0, 0x00000000e3d00000)
  to   space 1024K,   0% used [0x00000000e3d00000, 0x00000000e3d00000, 0x00000000e3e00000)
 concurrent mark-sweep generation total 80192K, used 41691K [0x00000000ecca0000, 0x00000000f1af0000, 0x0000000100000000)
 Metaspace       used 61548K, capacity 64460K, committed 64640K, reserved 1105920K
  class space    used 7911K, capacity 8478K, committed 8576K, reserved 1048576K
2020-11-07T20:04:50.066+0800: 43.912: [GC (Allocation Failure) 2020-11-07T20:04:50.066+0800: 43.912: [ParNew: 8799K->585K(9216K), 0.0285217 secs] 50490K->42329K(89408K), 0.0285766 secs] [Times: user=0.02 sys=0.01, real=0.03 secs] 
Heap after GC invocations=437 (full 35):
 par new generation   total 9216K, used 585K [0x00000000e3400000, 0x00000000e3e00000, 0x00000000ecca0000)
  eden space 8192K,   0% used [0x00000000e3400000, 0x00000000e3400000, 0x00000000e3c00000)
  from space 1024K,  57% used [0x00000000e3d00000, 0x00000000e3d925d8, 0x00000000e3e00000)
  to   space 1024K,   0% used [0x00000000e3c00000, 0x00000000e3c00000, 0x00000000e3d00000)
 concurrent mark-sweep generation total 80192K, used 41743K [0x00000000ecca0000, 0x00000000f1af0000, 0x0000000100000000)
 Metaspace       used 61548K, capacity 64460K, committed 64640K, reserved 1105920K
  class space    used 7911K, capacity 8478K, committed 8576K, reserved 1048576K
}
2020-11-07T20:04:50.123+0800: 43.969: Application time: 0.0283318 seconds
{Heap before GC invocations=437 (full 35):
 par new generation   total 9216K, used 8777K [0x00000000e3400000, 0x00000000e3e00000, 0x00000000ecca0000)
  eden space 8192K, 100% used [0x00000000e3400000, 0x00000000e3c00000, 0x00000000e3c00000)
  from space 1024K,  57% used [0x00000000e3d00000, 0x00000000e3d925d8, 0x00000000e3e00000)
  to   space 1024K,   0% used [0x00000000e3c00000, 0x00000000e3c00000, 0x00000000e3d00000)
 concurrent mark-sweep generation total 80192K, used 41743K [0x00000000ecca0000, 0x00000000f1af0000, 0x0000000100000000)
 Metaspace       used 61553K, capacity 64464K, committed 64640K, reserved 1105920K
  class space    used 7912K, capacity 8480K, committed 8576K, reserved 1048576K
2020-11-07T20:04:50.124+0800: 43.969: [GC (Allocation Failure) 2020-11-07T20:04:50.124+0800: 43.969: [ParNew: 8777K->680K(9216K), 0.0240765 secs] 50521K->42465K(89408K), 0.0241316 secs] [Times: user=0.02 sys=0.00, real=0.03 secs] 
Heap after GC invocations=438 (full 35):
 par new generation   total 9216K, used 680K [0x00000000e3400000, 0x00000000e3e00000, 0x00000000ecca0000)
  eden space 8192K,   0% used [0x00000000e3400000, 0x00000000e3400000, 0x00000000e3c00000)
  from space 1024K,  66% used [0x00000000e3c00000, 0x00000000e3caa130, 0x00000000e3d00000)
  to   space 1024K,   0% used [0x00000000e3d00000, 0x00000000e3d00000, 0x00000000e3e00000)
 concurrent mark-sweep generation total 80192K, used 41785K [0x00000000ecca0000, 0x00000000f1af0000, 0x0000000100000000)
 Metaspace       used 61553K, capacity 64464K, committed 64640K, reserved 1105920K
  class space    used 7912K, capacity 8480K, committed 8576K, reserved 1048576K
}
2020-11-07T20:04:50.192+0800: 44.038: Application time: 0.0447050 seconds
{Heap before GC invocations=438 (full 35):
 par new generation   total 9216K, used 8872K [0x00000000e3400000, 0x00000000e3e00000, 0x00000000ecca0000)
  eden space 8192K, 100% used [0x00000000e3400000, 0x00000000e3c00000, 0x00000000e3c00000)
  from space 1024K,  66% used [0x00000000e3c00000, 0x00000000e3caa130, 0x00000000e3d00000)
  to   space 1024K,   0% used [0x00000000e3d00000, 0x00000000e3d00000, 0x00000000e3e00000)
 concurrent mark-sweep generation total 80192K, used 41785K [0x00000000ecca0000, 0x00000000f1af0000, 0x0000000100000000)
 Metaspace       used 61576K, capacity 64464K, committed 64640K, reserved 1105920K
  class space    used 7914K, capacity 8480K, committed 8576K, reserved 1048576K
2020-11-07T20:04:50.193+0800: 44.038: [GC (Allocation Failure) 2020-11-07T20:04:50.193+0800: 44.039: [ParNew: 8872K->672K(9216K), 0.0280130 secs] 50657K->42569K(89408K), 0.0280716 secs] [Times: user=0.02 sys=0.00, real=0.03 secs] 
Heap after GC invocations=439 (full 35):
 par new generation   total 9216K, used 672K [0x00000000e3400000, 0x00000000e3e00000, 0x00000000ecca0000)
  eden space 8192K,   0% used [0x00000000e3400000, 0x00000000e3400000, 0x00000000e3c00000)
  from space 1024K,  65% used [0x00000000e3d00000, 0x00000000e3da81d0, 0x00000000e3e00000)
  to   space 1024K,   0% used [0x00000000e3c00000, 0x00000000e3c00000, 0x00000000e3d00000)
 concurrent mark-sweep generation total 80192K, used 41897K [0x00000000ecca0000, 0x00000000f1af0000, 0x0000000100000000)
 Metaspace       used 61576K, capacity 64464K, committed 64640K, reserved 1105920K
  class space    used 7914K, capacity 8480K, committed 8576K, reserved 1048576K
}
2020-11-07T20:04:50.260+0800: 44.106: Application time: 0.0396597 seconds
{Heap before GC invocations=439 (full 35):
 par new generation   total 9216K, used 8864K [0x00000000e3400000, 0x00000000e3e00000, 0x00000000ecca0000)
  eden space 8192K, 100% used [0x00000000e3400000, 0x00000000e3c00000, 0x00000000e3c00000)
  from space 1024K,  65% used [0x00000000e3d00000, 0x00000000e3da81d0, 0x00000000e3e00000)
  to   space 1024K,   0% used [0x00000000e3c00000, 0x00000000e3c00000, 0x00000000e3d00000)
 concurrent mark-sweep generation total 80192K, used 41897K [0x00000000ecca0000, 0x00000000f1af0000, 0x0000000100000000)
 Metaspace       used 61593K, capacity 64476K, committed 64640K, reserved 1105920K
  class space    used 7917K, capacity 8482K, committed 8576K, reserved 1048576K
2020-11-07T20:04:50.261+0800: 44.106: [GC (Allocation Failure) 2020-11-07T20:04:50.261+0800: 44.106: [ParNew: 8864K->765K(9216K), 0.0261951 secs] 50761K->42662K(89408K), 0.0262588 secs] [Times: user=0.03 sys=0.00, real=0.03 secs] 
Heap after GC invocations=440 (full 35):
 par new generation   total 9216K, used 765K [0x00000000e3400000, 0x00000000e3e00000, 0x00000000ecca0000)
  eden space 8192K,   0% used [0x00000000e3400000, 0x00000000e3400000, 0x00000000e3c00000)
  from space 1024K,  74% used [0x00000000e3c00000, 0x00000000e3cbf658, 0x00000000e3d00000)
  to   space 1024K,   0% used [0x00000000e3d00000, 0x00000000e3d00000, 0x00000000e3e00000)
 concurrent mark-sweep generation total 80192K, used 41897K [0x00000000ecca0000, 0x00000000f1af0000, 0x0000000100000000)
 Metaspace       used 61593K, capacity 64476K, committed 64640K, reserved 1105920K
  class space    used 7917K, capacity 8482K, committed 8576K, reserved 1048576K
}
2020-11-07T20:04:50.317+0800: 44.163: Application time: 0.0303608 seconds
{Heap before GC invocations=440 (full 35):
 par new generation   total 9216K, used 8957K [0x00000000e3400000, 0x00000000e3e00000, 0x00000000ecca0000)
  eden space 8192K, 100% used [0x00000000e3400000, 0x00000000e3c00000, 0x00000000e3c00000)
  from space 1024K,  74% used [0x00000000e3c00000, 0x00000000e3cbf658, 0x00000000e3d00000)
  to   space 1024K,   0% used [0x00000000e3d00000, 0x00000000e3d00000, 0x00000000e3e00000)
 concurrent mark-sweep generation total 80192K, used 41897K [0x00000000ecca0000, 0x00000000f1af0000, 0x0000000100000000)
 Metaspace       used 61604K, capacity 64476K, committed 64640K, reserved 1105920K
  class space    used 7919K, capacity 8482K, committed 8576K, reserved 1048576K
2020-11-07T20:04:50.318+0800: 44.163: [GC (Allocation Failure) 2020-11-07T20:04:50.318+0800: 44.163: [ParNew: 8957K->658K(9216K), 0.0343133 secs] 50854K->42599K(89408K), 0.0344019 secs] [Times: user=0.03 sys=0.00, real=0.03 secs] 
Heap after GC invocations=441 (full 35):
 par new generation   total 9216K, used 658K [0x00000000e3400000, 0x00000000e3e00000, 0x00000000ecca0000)
  eden space 8192K,   0% used [0x00000000e3400000, 0x00000000e3400000, 0x00000000e3c00000)
  from space 1024K,  64% used [0x00000000e3d00000, 0x00000000e3da4898, 0x00000000e3e00000)
  to   space 1024K,   0% used [0x00000000e3c00000, 0x00000000e3c00000, 0x00000000e3d00000)
 concurrent mark-sweep generation total 80192K, used 41941K [0x00000000ecca0000, 0x00000000f1af0000, 0x0000000100000000)
 Metaspace       used 61604K, capacity 64476K, committed 64640K, reserved 1105920K
  class space    used 7919K, capacity 8482K, committed 8576K, reserved 1048576K
}
2020-11-07T20:04:50.365+0800: 44.211: Application time: 0.0128637 seconds
{Heap before GC invocations=441 (full 35):
 par new generation   total 9216K, used 8850K [0x00000000e3400000, 0x00000000e3e00000, 0x00000000ecca0000)
  eden space 8192K, 100% used [0x00000000e3400000, 0x00000000e3c00000, 0x00000000e3c00000)
  from space 1024K,  64% used [0x00000000e3d00000, 0x00000000e3da4898, 0x00000000e3e00000)
  to   space 1024K,   0% used [0x00000000e3c00000, 0x00000000e3c00000, 0x00000000e3d00000)
 concurrent mark-sweep generation total 80192K, used 41941K [0x00000000ecca0000, 0x00000000f1af0000, 0x0000000100000000)
 Metaspace       used 61605K, capacity 64476K, committed 64640K, reserved 1105920K
  class space    used 7919K, capacity 8482K, committed 8576K, reserved 1048576K
2020-11-07T20:04:50.365+0800: 44.211: [GC (Allocation Failure) 2020-11-07T20:04:50.365+0800: 44.211: [ParNew: 8850K->651K(9216K), 0.0228955 secs] 50791K->42640K(89408K), 0.0229599 secs] [Times: user=0.03 sys=0.00, real=0.02 secs] 
Heap after GC invocations=442 (full 35):
 par new generation   total 9216K, used 651K [0x00000000e3400000, 0x00000000e3e00000, 0x00000000ecca0000)
  eden space 8192K,   0% used [0x00000000e3400000, 0x00000000e3400000, 0x00000000e3c00000)
  from space 1024K,  63% used [0x00000000e3c00000, 0x00000000e3ca2cd8, 0x00000000e3d00000)
  to   space 1024K,   0% used [0x00000000e3d00000, 0x00000000e3d00000, 0x00000000e3e00000)
 concurrent mark-sweep generation total 80192K, used 41989K [0x00000000ecca0000, 0x00000000f1af0000, 0x0000000100000000)
 Metaspace       used 61605K, capacity 64476K, committed 64640K, reserved 1105920K
  class space    used 7919K, capacity 8482K, committed 8576K, reserved 1048576K
}
2020-11-07T20:04:50.410+0800: 44.255: Application time: 0.0215547 seconds
{Heap before GC invocations=442 (full 35):
 par new generation   total 9216K, used 8843K [0x00000000e3400000, 0x00000000e3e00000, 0x00000000ecca0000)
  eden space 8192K, 100% used [0x00000000e3400000, 0x00000000e3c00000, 0x00000000e3c00000)
  from space 1024K,  63% used [0x00000000e3c00000, 0x00000000e3ca2cd8, 0x00000000e3d00000)
  to   space 1024K,   0% used [0x00000000e3d00000, 0x00000000e3d00000, 0x00000000e3e00000)
 concurrent mark-sweep generation total 80192K, used 41989K [0x00000000ecca0000, 0x00000000f1af0000, 0x0000000100000000)
 Metaspace       used 61620K, capacity 64540K, committed 64640K, reserved 1105920K
  class space    used 7921K, capacity 8482K, committed 8576K, reserved 1048576K
2020-11-07T20:04:50.410+0800: 44.256: [GC (Allocation Failure) 2020-11-07T20:04:50.410+0800: 44.256: [ParNew: 8843K->758K(9216K), 0.0290451 secs] 50832K->42807K(89408K), 0.0291083 secs] [Times: user=0.03 sys=0.00, real=0.03 secs] 
Heap after GC invocations=443 (full 35):
 par new generation   total 9216K, used 758K [0x00000000e3400000, 0x00000000e3e00000, 0x00000000ecca0000)
  eden space 8192K,   0% used [0x00000000e3400000, 0x00000000e3400000, 0x00000000e3c00000)
  from space 1024K,  74% used [0x00000000e3d00000, 0x00000000e3dbdb70, 0x00000000e3e00000)
  to   space 1024K,   0% used [0x00000000e3c00000, 0x00000000e3c00000, 0x00000000e3d00000)
 concurrent mark-sweep generation total 80192K, used 42048K [0x00000000ecca0000, 0x00000000f1af0000, 0x0000000100000000)
 Metaspace       used 61620K, capacity 64540K, committed 64640K, reserved 1105920K
  class space    used 7921K, capacity 8482K, committed 8576K, reserved 1048576K
}
2020-11-07T20:04:50.855+0800: 44.700: Application time: 0.4155831 seconds
{Heap before GC invocations=443 (full 35):
 par new generation   total 9216K, used 8950K [0x00000000e3400000, 0x00000000e3e00000, 0x00000000ecca0000)
  eden space 8192K, 100% used [0x00000000e3400000, 0x00000000e3c00000, 0x00000000e3c00000)
  from space 1024K,  74% used [0x00000000e3d00000, 0x00000000e3dbdb70, 0x00000000e3e00000)
  to   space 1024K,   0% used [0x00000000e3c00000, 0x00000000e3c00000, 0x00000000e3d00000)
 concurrent mark-sweep generation total 80192K, used 42048K [0x00000000ecca0000, 0x00000000f1af0000, 0x0000000100000000)
 Metaspace       used 61620K, capacity 64540K, committed 64640K, reserved 1105920K
  class space    used 7921K, capacity 8482K, committed 8576K, reserved 1048576K
2020-11-07T20:04:50.855+0800: 44.701: [GC (Allocation Failure) 2020-11-07T20:04:50.855+0800: 44.701: [ParNew: 8950K->604K(9216K), 0.0471309 secs] 50999K->42694K(89408K), 0.0472028 secs] [Times: user=0.04 sys=0.00, real=0.04 secs] 
Heap after GC invocations=444 (full 35):
 par new generation   total 9216K, used 604K [0x00000000e3400000, 0x00000000e3e00000, 0x00000000ecca0000)
  eden space 8192K,   0% used [0x00000000e3400000, 0x00000000e3400000, 0x00000000e3c00000)
  from space 1024K,  58% used [0x00000000e3c00000, 0x00000000e3c97040, 0x00000000e3d00000)
  to   space 1024K,   0% used [0x00000000e3d00000, 0x00000000e3d00000, 0x00000000e3e00000)
 concurrent mark-sweep generation total 80192K, used 42090K [0x00000000ecca0000, 0x00000000f1af0000, 0x0000000100000000)
 Metaspace       used 61620K, capacity 64540K, committed 64640K, reserved 1105920K
  class space    used 7921K, capacity 8482K, committed 8576K, reserved 1048576K
}
2020-11-07T20:04:50.912+0800: 44.758: Application time: 0.0098857 seconds
2020-11-07T20:04:50.915+0800: 44.760: Application time: 0.0024442 seconds
2020-11-07T20:04:50.926+0800: 44.772: Application time: 0.0112583 seconds
{Heap before GC invocations=444 (full 35):
 par new generation   total 9216K, used 8796K [0x00000000e3400000, 0x00000000e3e00000, 0x00000000ecca0000)
  eden space 8192K, 100% used [0x00000000e3400000, 0x00000000e3c00000, 0x00000000e3c00000)
  from space 1024K,  58% used [0x00000000e3c00000, 0x00000000e3c97040, 0x00000000e3d00000)
  to   space 1024K,   0% used [0x00000000e3d00000, 0x00000000e3d00000, 0x00000000e3e00000)
 concurrent mark-sweep generation total 80192K, used 42090K [0x00000000ecca0000, 0x00000000f1af0000, 0x0000000100000000)
 Metaspace       used 61624K, capacity 64540K, committed 64640K, reserved 1105920K
  class space    used 7921K, capacity 8482K, committed 8576K, reserved 1048576K
2020-11-07T20:04:50.926+0800: 44.772: [GC (Allocation Failure) 2020-11-07T20:04:50.926+0800: 44.772: [ParNew: 8796K->555K(9216K), 0.0227890 secs] 50886K->42685K(89408K), 0.0228536 secs] [Times: user=0.02 sys=0.00, real=0.02 secs] 
Heap after GC invocations=445 (full 35):
 par new generation   total 9216K, used 555K [0x00000000e3400000, 0x00000000e3e00000, 0x00000000ecca0000)
  eden space 8192K,   0% used [0x00000000e3400000, 0x00000000e3400000, 0x00000000e3c00000)
  from space 1024K,  54% used [0x00000000e3d00000, 0x00000000e3d8aca0, 0x00000000e3e00000)
  to   space 1024K,   0% used [0x00000000e3c00000, 0x00000000e3c00000, 0x00000000e3d00000)
 concurrent mark-sweep generation total 80192K, used 42130K [0x00000000ecca0000, 0x00000000f1af0000, 0x0000000100000000)
 Metaspace       used 61624K, capacity 64540K, committed 64640K, reserved 1105920K
  class space    used 7921K, capacity 8482K, committed 8576K, reserved 1048576K
}
2020-11-07T20:04:50.961+0800: 44.807: Application time: 0.0124134 seconds
{Heap before GC invocations=445 (full 35):
 par new generation   total 9216K, used 8747K [0x00000000e3400000, 0x00000000e3e00000, 0x00000000ecca0000)
  eden space 8192K, 100% used [0x00000000e3400000, 0x00000000e3c00000, 0x00000000e3c00000)
  from space 1024K,  54% used [0x00000000e3d00000, 0x00000000e3d8aca0, 0x00000000e3e00000)
  to   space 1024K,   0% used [0x00000000e3c00000, 0x00000000e3c00000, 0x00000000e3d00000)
 concurrent mark-sweep generation total 80192K, used 42130K [0x00000000ecca0000, 0x00000000f1af0000, 0x0000000100000000)
 Metaspace       used 61625K, capacity 64540K, committed 64640K, reserved 1105920K
  class space    used 7921K, capacity 8482K, committed 8576K, reserved 1048576K
2020-11-07T20:04:50.962+0800: 44.807: [GC (Allocation Failure) 2020-11-07T20:04:50.962+0800: 44.807: [ParNew: 8747K->452K(9216K), 0.0363504 secs] 50877K->42631K(89408K), 0.0364160 secs] [Times: user=0.04 sys=0.00, real=0.04 secs] 
Heap after GC invocations=446 (full 35):
 par new generation   total 9216K, used 452K [0x00000000e3400000, 0x00000000e3e00000, 0x00000000ecca0000)
  eden space 8192K,   0% used [0x00000000e3400000, 0x00000000e3400000, 0x00000000e3c00000)
  from space 1024K,  44% used [0x00000000e3c00000, 0x00000000e3c71060, 0x00000000e3d00000)
  to   space 1024K,   0% used [0x00000000e3d00000, 0x00000000e3d00000, 0x00000000e3e00000)
 concurrent mark-sweep generation total 80192K, used 42179K [0x00000000ecca0000, 0x00000000f1af0000, 0x0000000100000000)
 Metaspace       used 61625K, capacity 64540K, committed 64640K, reserved 1105920K
  class space    used 7921K, capacity 8482K, committed 8576K, reserved 1048576K
}
2020-11-07T20:04:51.043+0800: 44.888: Application time: 0.0444077 seconds
{Heap before GC invocations=446 (full 35):
 par new generation   total 9216K, used 8644K [0x00000000e3400000, 0x00000000e3e00000, 0x00000000ecca0000)
  eden space 8192K, 100% used [0x00000000e3400000, 0x00000000e3c00000, 0x00000000e3c00000)
  from space 1024K,  44% used [0x00000000e3c00000, 0x00000000e3c71060, 0x00000000e3d00000)
  to   space 1024K,   0% used [0x00000000e3d00000, 0x00000000e3d00000, 0x00000000e3e00000)
 concurrent mark-sweep generation total 80192K, used 42179K [0x00000000ecca0000, 0x00000000f1af0000, 0x0000000100000000)
 Metaspace       used 61637K, capacity 64540K, committed 64640K, reserved 1105920K
  class space    used 7923K, capacity 8482K, committed 8576K, reserved 1048576K
2020-11-07T20:04:51.043+0800: 44.889: [GC (Allocation Failure) 2020-11-07T20:04:51.043+0800: 44.889: [ParNew: 8644K->651K(9216K), 0.0311349 secs] 50823K->42904K(89408K), 0.0311914 secs] [Times: user=0.03 sys=0.00, real=0.03 secs] 
Heap after GC invocations=447 (full 35):
 par new generation   total 9216K, used 651K [0x00000000e3400000, 0x00000000e3e00000, 0x00000000ecca0000)
  eden space 8192K,   0% used [0x00000000e3400000, 0x00000000e3400000, 0x00000000e3c00000)
  from space 1024K,  63% used [0x00000000e3d00000, 0x00000000e3da2d68, 0x00000000e3e00000)
  to   space 1024K,   0% used [0x00000000e3c00000, 0x00000000e3c00000, 0x00000000e3d00000)
 concurrent mark-sweep generation total 80192K, used 42253K [0x00000000ecca0000, 0x00000000f1af0000, 0x0000000100000000)
 Metaspace       used 61637K, capacity 64540K, committed 64640K, reserved 1105920K
  class space    used 7923K, capacity 8482K, committed 8576K, reserved 1048576K
}
2020-11-07T20:04:51.087+0800: 44.933: Application time: 0.0132557 seconds
{Heap before GC invocations=447 (full 35):
 par new generation   total 9216K, used 8843K [0x00000000e3400000, 0x00000000e3e00000, 0x00000000ecca0000)
  eden space 8192K, 100% used [0x00000000e3400000, 0x00000000e3c00000, 0x00000000e3c00000)
  from space 1024K,  63% used [0x00000000e3d00000, 0x00000000e3da2d68, 0x00000000e3e00000)
  to   space 1024K,   0% used [0x00000000e3c00000, 0x00000000e3c00000, 0x00000000e3d00000)
 concurrent mark-sweep generation total 80192K, used 42253K [0x00000000ecca0000, 0x00000000f1af0000, 0x0000000100000000)
 Metaspace       used 61649K, capacity 64540K, committed 64640K, reserved 1105920K
  class space    used 7924K, capacity 8482K, committed 8576K, reserved 1048576K
2020-11-07T20:04:51.087+0800: 44.933: [GC (Allocation Failure) 2020-11-07T20:04:51.087+0800: 44.933: [ParNew: 8843K->446K(9216K), 0.0215673 secs] 51096K->42776K(89408K), 0.0216332 secs] [Times: user=0.03 sys=0.00, real=0.02 secs] 
Heap after GC invocations=448 (full 35):
 par new generation   total 9216K, used 446K [0x00000000e3400000, 0x00000000e3e00000, 0x00000000ecca0000)
  eden space 8192K,   0% used [0x00000000e3400000, 0x00000000e3400000, 0x00000000e3c00000)
  from space 1024K,  43% used [0x00000000e3c00000, 0x00000000e3c6f940, 0x00000000e3d00000)
  to   space 1024K,   0% used [0x00000000e3d00000, 0x00000000e3d00000, 0x00000000e3e00000)
 concurrent mark-sweep generation total 80192K, used 42329K [0x00000000ecca0000, 0x00000000f1af0000, 0x0000000100000000)
 Metaspace       used 61649K, capacity 64540K, committed 64640K, reserved 1105920K
  class space    used 7924K, capacity 8482K, committed 8576K, reserved 1048576K
}
2020-11-07T20:04:51.125+0800: 44.970: Application time: 0.0156134 seconds
{Heap before GC invocations=448 (full 35):
 par new generation   total 9216K, used 8638K [0x00000000e3400000, 0x00000000e3e00000, 0x00000000ecca0000)
  eden space 8192K, 100% used [0x00000000e3400000, 0x00000000e3c00000, 0x00000000e3c00000)
  from space 1024K,  43% used [0x00000000e3c00000, 0x00000000e3c6f940, 0x00000000e3d00000)
  to   space 1024K,   0% used [0x00000000e3d00000, 0x00000000e3d00000, 0x00000000e3e00000)
 concurrent mark-sweep generation total 80192K, used 42329K [0x00000000ecca0000, 0x00000000f1af0000, 0x0000000100000000)
 Metaspace       used 61650K, capacity 64540K, committed 64640K, reserved 1105920K
  class space    used 7925K, capacity 8482K, committed 8576K, reserved 1048576K
2020-11-07T20:04:51.125+0800: 44.971: [GC (Allocation Failure) 2020-11-07T20:04:51.125+0800: 44.971: [ParNew: 8638K->485K(9216K), 0.0209906 secs] 50968K->42874K(89408K), 0.0210438 secs] [Times: user=0.02 sys=0.00, real=0.02 secs] 
Heap after GC invocations=449 (full 35):
 par new generation   total 9216K, used 485K [0x00000000e3400000, 0x00000000e3e00000, 0x00000000ecca0000)
  eden space 8192K,   0% used [0x00000000e3400000, 0x00000000e3400000, 0x00000000e3c00000)
  from space 1024K,  47% used [0x00000000e3d00000, 0x00000000e3d794f0, 0x00000000e3e00000)
  to   space 1024K,   0% used [0x00000000e3c00000, 0x00000000e3c00000, 0x00000000e3d00000)
 concurrent mark-sweep generation total 80192K, used 42389K [0x00000000ecca0000, 0x00000000f1af0000, 0x0000000100000000)
 Metaspace       used 61650K, capacity 64540K, committed 64640K, reserved 1105920K
  class space    used 7925K, capacity 8482K, committed 8576K, reserved 1048576K
}
2020-11-07T20:04:51.155+0800: 45.001: Application time: 0.0090592 seconds
{Heap before GC invocations=449 (full 35):
 par new generation   total 9216K, used 8677K [0x00000000e3400000, 0x00000000e3e00000, 0x00000000ecca0000)
  eden space 8192K, 100% used [0x00000000e3400000, 0x00000000e3c00000, 0x00000000e3c00000)
  from space 1024K,  47% used [0x00000000e3d00000, 0x00000000e3d794f0, 0x00000000e3e00000)
  to   space 1024K,   0% used [0x00000000e3c00000, 0x00000000e3c00000, 0x00000000e3d00000)
 concurrent mark-sweep generation total 80192K, used 42389K [0x00000000ecca0000, 0x00000000f1af0000, 0x0000000100000000)
 Metaspace       used 61650K, capacity 64540K, committed 64640K, reserved 1105920K
  class space    used 7925K, capacity 8482K, committed 8576K, reserved 1048576K
2020-11-07T20:04:51.155+0800: 45.001: [GC (Allocation Failure) 2020-11-07T20:04:51.155+0800: 45.001: [ParNew: 8677K->359K(9216K), 0.0256220 secs] 51066K->42797K(89408K), 0.0256748 secs] [Times: user=0.03 sys=0.00, real=0.02 secs] 
Heap after GC invocations=450 (full 35):
 par new generation   total 9216K, used 359K [0x00000000e3400000, 0x00000000e3e00000, 0x00000000ecca0000)
  eden space 8192K,   0% used [0x00000000e3400000, 0x00000000e3400000, 0x00000000e3c00000)
  from space 1024K,  35% used [0x00000000e3c00000, 0x00000000e3c59e60, 0x00000000e3d00000)
  to   space 1024K,   0% used [0x00000000e3d00000, 0x00000000e3d00000, 0x00000000e3e00000)
 concurrent mark-sweep generation total 80192K, used 42437K [0x00000000ecca0000, 0x00000000f1af0000, 0x0000000100000000)
 Metaspace       used 61650K, capacity 64540K, committed 64640K, reserved 1105920K
  class space    used 7925K, capacity 8482K, committed 8576K, reserved 1048576K
}
2020-11-07T20:04:51.185+0800: 45.031: Application time: 0.0041572 seconds
2020-11-07T20:04:51.245+0800: 45.091: Application time: 0.0589999 seconds
{Heap before GC invocations=450 (full 35):
 par new generation   total 9216K, used 8551K [0x00000000e3400000, 0x00000000e3e00000, 0x00000000ecca0000)
  eden space 8192K, 100% used [0x00000000e3400000, 0x00000000e3c00000, 0x00000000e3c00000)
  from space 1024K,  35% used [0x00000000e3c00000, 0x00000000e3c59e60, 0x00000000e3d00000)
  to   space 1024K,   0% used [0x00000000e3d00000, 0x00000000e3d00000, 0x00000000e3e00000)
 concurrent mark-sweep generation total 80192K, used 42437K [0x00000000ecca0000, 0x00000000f1af0000, 0x0000000100000000)
 Metaspace       used 61797K, capacity 64708K, committed 64896K, reserved 1105920K
  class space    used 7943K, capacity 8516K, committed 8576K, reserved 1048576K
2020-11-07T20:04:51.245+0800: 45.091: [GC (Allocation Failure) 2020-11-07T20:04:51.245+0800: 45.091: [ParNew: 8551K->753K(9216K), 0.0525627 secs] 50989K->43219K(89408K), 0.0526197 secs] [Times: user=0.05 sys=0.00, real=0.05 secs] 
Heap after GC invocations=451 (full 35):
 par new generation   total 9216K, used 753K [0x00000000e3400000, 0x00000000e3e00000, 0x00000000ecca0000)
  eden space 8192K,   0% used [0x00000000e3400000, 0x00000000e3400000, 0x00000000e3c00000)
  from space 1024K,  73% used [0x00000000e3d00000, 0x00000000e3dbc468, 0x00000000e3e00000)
  to   space 1024K,   0% used [0x00000000e3c00000, 0x00000000e3c00000, 0x00000000e3d00000)
 concurrent mark-sweep generation total 80192K, used 42466K [0x00000000ecca0000, 0x00000000f1af0000, 0x0000000100000000)
 Metaspace       used 61797K, capacity 64708K, committed 64896K, reserved 1105920K
  class space    used 7943K, capacity 8516K, committed 8576K, reserved 1048576K
}
2020-11-07T20:04:51.314+0800: 45.160: Application time: 0.0158256 seconds
2020-11-07T20:04:51.319+0800: 45.165: Application time: 0.0045416 seconds
{Heap before GC invocations=451 (full 35):
 par new generation   total 9216K, used 8945K [0x00000000e3400000, 0x00000000e3e00000, 0x00000000ecca0000)
  eden space 8192K, 100% used [0x00000000e3400000, 0x00000000e3c00000, 0x00000000e3c00000)
  from space 1024K,  73% used [0x00000000e3d00000, 0x00000000e3dbc468, 0x00000000e3e00000)
  to   space 1024K,   0% used [0x00000000e3c00000, 0x00000000e3c00000, 0x00000000e3d00000)
 concurrent mark-sweep generation total 80192K, used 42466K [0x00000000ecca0000, 0x00000000f1af0000, 0x0000000100000000)
 Metaspace       used 61876K, capacity 64772K, committed 64896K, reserved 1105920K
  class space    used 7954K, capacity 8516K, committed 8576K, reserved 1048576K
2020-11-07T20:04:51.319+0800: 45.165: [GC (Allocation Failure) 2020-11-07T20:04:51.319+0800: 45.165: [ParNew: 8945K->567K(9216K), 0.0163391 secs] 51411K->43070K(89408K), 0.0163954 secs] [Times: user=0.02 sys=0.00, real=0.02 secs] 
Heap after GC invocations=452 (full 35):
 par new generation   total 9216K, used 567K [0x00000000e3400000, 0x00000000e3e00000, 0x00000000ecca0000)
  eden space 8192K,   0% used [0x00000000e3400000, 0x00000000e3400000, 0x00000000e3c00000)
  from space 1024K,  55% used [0x00000000e3c00000, 0x00000000e3c8de48, 0x00000000e3d00000)
  to   space 1024K,   0% used [0x00000000e3d00000, 0x00000000e3d00000, 0x00000000e3e00000)
 concurrent mark-sweep generation total 80192K, used 42503K [0x00000000ecca0000, 0x00000000f1af0000, 0x0000000100000000)
 Metaspace       used 61876K, capacity 64772K, committed 64896K, reserved 1105920K
  class space    used 7954K, capacity 8516K, committed 8576K, reserved 1048576K
}
2020-11-07T20:04:51.343+0800: 45.188: Application time: 0.0066864 seconds
2020-11-07T20:04:51.343+0800: 45.189: Application time: 0.0000586 seconds
2020-11-07T20:04:51.344+0800: 45.190: Application time: 0.0012907 seconds
{Heap before GC invocations=452 (full 35):
 par new generation   total 9216K, used 8759K [0x00000000e3400000, 0x00000000e3e00000, 0x00000000ecca0000)
  eden space 8192K, 100% used [0x00000000e3400000, 0x00000000e3c00000, 0x00000000e3c00000)
  from space 1024K,  55% used [0x00000000e3c00000, 0x00000000e3c8de48, 0x00000000e3d00000)
  to   space 1024K,   0% used [0x00000000e3d00000, 0x00000000e3d00000, 0x00000000e3e00000)
 concurrent mark-sweep generation total 80192K, used 42503K [0x00000000ecca0000, 0x00000000f1af0000, 0x0000000100000000)
 Metaspace       used 61876K, capacity 64772K, committed 64896K, reserved 1105920K
  class space    used 7954K, capacity 8516K, committed 8576K, reserved 1048576K
2020-11-07T20:04:51.344+0800: 45.190: [GC (Allocation Failure) 2020-11-07T20:04:51.344+0800: 45.190: [ParNew: 8759K->438K(9216K), 0.0377003 secs] 51262K->42947K(89408K), 0.0377539 secs] [Times: user=0.04 sys=0.00, real=0.04 secs] 
Heap after GC invocations=453 (full 35):
 par new generation   total 9216K, used 438K [0x00000000e3400000, 0x00000000e3e00000, 0x00000000ecca0000)
  eden space 8192K,   0% used [0x00000000e3400000, 0x00000000e3400000, 0x00000000e3c00000)
  from space 1024K,  42% used [0x00000000e3d00000, 0x00000000e3d6dba0, 0x00000000e3e00000)
  to   space 1024K,   0% used [0x00000000e3c00000, 0x00000000e3c00000, 0x00000000e3d00000)
 concurrent mark-sweep generation total 80192K, used 42508K [0x00000000ecca0000, 0x00000000f1af0000, 0x0000000100000000)
 Metaspace       used 61876K, capacity 64772K, committed 64896K, reserved 1105920K
  class space    used 7954K, capacity 8516K, committed 8576K, reserved 1048576K
}
2020-11-07T20:04:51.385+0800: 45.231: Application time: 0.0027192 seconds
2020-11-07T20:04:51.385+0800: 45.231: Application time: 0.0003741 seconds
2020-11-07T20:04:51.387+0800: 45.233: Application time: 0.0016988 seconds
2020-11-07T20:04:51.387+0800: 45.233: Application time: 0.0000538 seconds
2020-11-07T20:04:51.389+0800: 45.235: Application time: 0.0019895 seconds
2020-11-07T20:04:51.398+0800: 45.244: Application time: 0.0088352 seconds
2020-11-07T20:04:51.398+0800: 45.244: Application time: 0.0000302 seconds
2020-11-07T20:04:51.399+0800: 45.244: Application time: 0.0000193 seconds
2020-11-07T20:04:51.399+0800: 45.244: Application time: 0.0000243 seconds
2020-11-07T20:04:51.399+0800: 45.244: Application time: 0.0000427 seconds
2020-11-07T20:04:51.399+0800: 45.244: Application time: 0.0000180 seconds
2020-11-07T20:04:51.399+0800: 45.245: Application time: 0.0000179 seconds
2020-11-07T20:04:51.399+0800: 45.245: Application time: 0.0000180 seconds
2020-11-07T20:04:51.399+0800: 45.245: Application time: 0.0000178 seconds
2020-11-07T20:04:51.399+0800: 45.245: Application time: 0.0000180 seconds
2020-11-07T20:04:51.399+0800: 45.245: Application time: 0.0000178 seconds
2020-11-07T20:04:51.399+0800: 45.245: Application time: 0.0000180 seconds
2020-11-07T20:04:51.401+0800: 45.247: Application time: 0.0019737 seconds
2020-11-07T20:04:51.404+0800: 45.249: Application time: 0.0026668 seconds
2020-11-07T20:04:51.408+0800: 45.254: Application time: 0.0041114 seconds
2020-11-07T20:04:51.410+0800: 45.256: Application time: 0.0019002 seconds
{Heap before GC invocations=453 (full 35):
 par new generation   total 9216K, used 8630K [0x00000000e3400000, 0x00000000e3e00000, 0x00000000ecca0000)
  eden space 8192K, 100% used [0x00000000e3400000, 0x00000000e3c00000, 0x00000000e3c00000)
  from space 1024K,  42% used [0x00000000e3d00000, 0x00000000e3d6dba0, 0x00000000e3e00000)
  to   space 1024K,   0% used [0x00000000e3c00000, 0x00000000e3c00000, 0x00000000e3d00000)
 concurrent mark-sweep generation total 80192K, used 42508K [0x00000000ecca0000, 0x00000000f1af0000, 0x0000000100000000)
 Metaspace       used 61921K, capacity 64772K, committed 64896K, reserved 1105920K
  class space    used 7959K, capacity 8516K, committed 8576K, reserved 1048576K
2020-11-07T20:04:51.410+0800: 45.256: [GC (Allocation Failure) 2020-11-07T20:04:51.410+0800: 45.256: [ParNew: 8630K->536K(9216K), 0.0229848 secs] 51139K->43099K(89408K), 0.0230726 secs] [Times: user=0.02 sys=0.00, real=0.02 secs] 
Heap after GC invocations=454 (full 35):
 par new generation   total 9216K, used 536K [0x00000000e3400000, 0x00000000e3e00000, 0x00000000ecca0000)
  eden space 8192K,   0% used [0x00000000e3400000, 0x00000000e3400000, 0x00000000e3c00000)
  from space 1024K,  52% used [0x00000000e3c00000, 0x00000000e3c86030, 0x00000000e3d00000)
  to   space 1024K,   0% used [0x00000000e3d00000, 0x00000000e3d00000, 0x00000000e3e00000)
 concurrent mark-sweep generation total 80192K, used 42563K [0x00000000ecca0000, 0x00000000f1af0000, 0x0000000100000000)
 Metaspace       used 61921K, capacity 64772K, committed 64896K, reserved 1105920K
  class space    used 7959K, capacity 8516K, committed 8576K, reserved 1048576K
}
2020-11-07T20:04:51.447+0800: 45.293: Application time: 0.0139118 seconds
2020-11-07T20:04:51.450+0800: 45.296: Application time: 0.0033405 seconds
{Heap before GC invocations=454 (full 35):
 par new generation   total 9216K, used 8728K [0x00000000e3400000, 0x00000000e3e00000, 0x00000000ecca0000)
  eden space 8192K, 100% used [0x00000000e3400000, 0x00000000e3c00000, 0x00000000e3c00000)
  from space 1024K,  52% used [0x00000000e3c00000, 0x00000000e3c86030, 0x00000000e3d00000)
  to   space 1024K,   0% used [0x00000000e3d00000, 0x00000000e3d00000, 0x00000000e3e00000)
 concurrent mark-sweep generation total 80192K, used 42563K [0x00000000ecca0000, 0x00000000f1af0000, 0x0000000100000000)
 Metaspace       used 61924K, capacity 64772K, committed 64896K, reserved 1105920K
  class space    used 7960K, capacity 8516K, committed 8576K, reserved 1048576K
2020-11-07T20:04:51.451+0800: 45.296: [GC (Allocation Failure) 2020-11-07T20:04:51.451+0800: 45.296: [ParNew: 8728K->600K(9216K), 0.0251797 secs] 51291K->43182K(89408K), 0.0252381 secs] [Times: user=0.03 sys=0.00, real=0.03 secs] 
Heap after GC invocations=455 (full 35):
 par new generation   total 9216K, used 600K [0x00000000e3400000, 0x00000000e3e00000, 0x00000000ecca0000)
  eden space 8192K,   0% used [0x00000000e3400000, 0x00000000e3400000, 0x00000000e3c00000)
  from space 1024K,  58% used [0x00000000e3d00000, 0x00000000e3d96148, 0x00000000e3e00000)
  to   space 1024K,   0% used [0x00000000e3c00000, 0x00000000e3c00000, 0x00000000e3d00000)
 concurrent mark-sweep generation total 80192K, used 42582K [0x00000000ecca0000, 0x00000000f1af0000, 0x0000000100000000)
 Metaspace       used 61924K, capacity 64772K, committed 64896K, reserved 1105920K
  class space    used 7960K, capacity 8516K, committed 8576K, reserved 1048576K
}
2020-11-07T20:04:51.494+0800: 45.340: Application time: 0.0181471 seconds
{Heap before GC invocations=455 (full 35):
 par new generation   total 9216K, used 8792K [0x00000000e3400000, 0x00000000e3e00000, 0x00000000ecca0000)
  eden space 8192K, 100% used [0x00000000e3400000, 0x00000000e3c00000, 0x00000000e3c00000)
  from space 1024K,  58% used [0x00000000e3d00000, 0x00000000e3d96148, 0x00000000e3e00000)
  to   space 1024K,   0% used [0x00000000e3c00000, 0x00000000e3c00000, 0x00000000e3d00000)
 concurrent mark-sweep generation total 80192K, used 42582K [0x00000000ecca0000, 0x00000000f1af0000, 0x0000000100000000)
 Metaspace       used 61931K, capacity 64836K, committed 64896K, reserved 1105920K
  class space    used 7960K, capacity 8516K, committed 8576K, reserved 1048576K
2020-11-07T20:04:51.494+0800: 45.340: [GC (Allocation Failure) 2020-11-07T20:04:51.494+0800: 45.340: [ParNew: 8792K->645K(9216K), 0.0335991 secs] 51374K->43284K(89408K), 0.0336568 secs] [Times: user=0.03 sys=0.00, real=0.04 secs] 
Heap after GC invocations=456 (full 35):
 par new generation   total 9216K, used 645K [0x00000000e3400000, 0x00000000e3e00000, 0x00000000ecca0000)
  eden space 8192K,   0% used [0x00000000e3400000, 0x00000000e3400000, 0x00000000e3c00000)
  from space 1024K,  63% used [0x00000000e3c00000, 0x00000000e3ca14f0, 0x00000000e3d00000)
  to   space 1024K,   0% used [0x00000000e3d00000, 0x00000000e3d00000, 0x00000000e3e00000)
 concurrent mark-sweep generation total 80192K, used 42638K [0x00000000ecca0000, 0x00000000f1af0000, 0x0000000100000000)
 Metaspace       used 61931K, capacity 64836K, committed 64896K, reserved 1105920K
  class space    used 7960K, capacity 8516K, committed 8576K, reserved 1048576K
}
2020-11-07T20:04:51.538+0800: 45.384: Application time: 0.0104513 seconds
2020-11-07T20:04:51.539+0800: 45.384: Application time: 0.0000313 seconds
2020-11-07T20:04:51.539+0800: 45.384: Application time: 0.0000196 seconds
2020-11-07T20:04:51.539+0800: 45.384: Application time: 0.0000195 seconds
2020-11-07T20:04:51.555+0800: 45.401: Application time: 0.0165344 seconds
{Heap before GC invocations=456 (full 35):
 par new generation   total 9216K, used 8837K [0x00000000e3400000, 0x00000000e3e00000, 0x00000000ecca0000)
  eden space 8192K, 100% used [0x00000000e3400000, 0x00000000e3c00000, 0x00000000e3c00000)
  from space 1024K,  63% used [0x00000000e3c00000, 0x00000000e3ca14f0, 0x00000000e3d00000)
  to   space 1024K,   0% used [0x00000000e3d00000, 0x00000000e3d00000, 0x00000000e3e00000)
 concurrent mark-sweep generation total 80192K, used 42638K [0x00000000ecca0000, 0x00000000f1af0000, 0x0000000100000000)
 Metaspace       used 61981K, capacity 64836K, committed 64896K, reserved 1105920K
  class space    used 7969K, capacity 8516K, committed 8576K, reserved 1048576K
2020-11-07T20:04:51.555+0800: 45.401: [GC (Allocation Failure) 2020-11-07T20:04:51.555+0800: 45.401: [ParNew: 8837K->627K(9216K), 0.0385194 secs] 51476K->43304K(89408K), 0.0385776 secs] [Times: user=0.04 sys=0.00, real=0.03 secs] 
Heap after GC invocations=457 (full 35):
 par new generation   total 9216K, used 627K [0x00000000e3400000, 0x00000000e3e00000, 0x00000000ecca0000)
  eden space 8192K,   0% used [0x00000000e3400000, 0x00000000e3400000, 0x00000000e3c00000)
  from space 1024K,  61% used [0x00000000e3d00000, 0x00000000e3d9cc08, 0x00000000e3e00000)
  to   space 1024K,   0% used [0x00000000e3c00000, 0x00000000e3c00000, 0x00000000e3d00000)
 concurrent mark-sweep generation total 80192K, used 42677K [0x00000000ecca0000, 0x00000000f1af0000, 0x0000000100000000)
 Metaspace       used 61981K, capacity 64836K, committed 64896K, reserved 1105920K
  class space    used 7969K, capacity 8516K, committed 8576K, reserved 1048576K
}
2020-11-07T20:04:51.606+0800: 45.451: Application time: 0.0116785 seconds
2020-11-07T20:04:51.620+0800: 45.466: Application time: 0.0146384 seconds
2020-11-07T20:04:51.621+0800: 45.466: Application time: 0.0000522 seconds
2020-11-07T20:04:51.651+0800: 45.497: Application time: 0.0307886 seconds
2020-11-07T20:04:51.656+0800: 45.502: Application time: 0.0043664 seconds
2020-11-07T20:04:51.682+0800: 45.528: Application time: 0.0257509 seconds
2020-11-07T20:04:51.683+0800: 45.529: Application time: 0.0016576 seconds
{Heap before GC invocations=457 (full 35):
 par new generation   total 9216K, used 8819K [0x00000000e3400000, 0x00000000e3e00000, 0x00000000ecca0000)
  eden space 8192K, 100% used [0x00000000e3400000, 0x00000000e3c00000, 0x00000000e3c00000)
  from space 1024K,  61% used [0x00000000e3d00000, 0x00000000e3d9cc08, 0x00000000e3e00000)
  to   space 1024K,   0% used [0x00000000e3c00000, 0x00000000e3c00000, 0x00000000e3d00000)
 concurrent mark-sweep generation total 80192K, used 42677K [0x00000000ecca0000, 0x00000000f1af0000, 0x0000000100000000)
 Metaspace       used 62176K, capacity 65080K, committed 65152K, reserved 1105920K
  class space    used 7989K, capacity 8550K, committed 8576K, reserved 1048576K
2020-11-07T20:04:51.684+0800: 45.529: [GC (Allocation Failure) 2020-11-07T20:04:51.684+0800: 45.529: [ParNew: 8819K->853K(9216K), 0.0532834 secs] 51496K->43573K(89408K), 0.0533655 secs] [Times: user=0.06 sys=0.00, real=0.06 secs] 
Heap after GC invocations=458 (full 35):
 par new generation   total 9216K, used 853K [0x00000000e3400000, 0x00000000e3e00000, 0x00000000ecca0000)
  eden space 8192K,   0% used [0x00000000e3400000, 0x00000000e3400000, 0x00000000e3c00000)
  from space 1024K,  83% used [0x00000000e3c00000, 0x00000000e3cd5770, 0x00000000e3d00000)
  to   space 1024K,   0% used [0x00000000e3d00000, 0x00000000e3d00000, 0x00000000e3e00000)
 concurrent mark-sweep generation total 80192K, used 42719K [0x00000000ecca0000, 0x00000000f1af0000, 0x0000000100000000)
 Metaspace       used 62176K, capacity 65080K, committed 65152K, reserved 1105920K
  class space    used 7989K, capacity 8550K, committed 8576K, reserved 1048576K
}
2020-11-07T20:04:51.741+0800: 45.586: Application time: 0.0035367 seconds
2020-11-07T20:04:51.741+0800: 45.587: Application time: 0.0000554 seconds
2020-11-07T20:04:51.762+0800: 45.608: Application time: 0.0216692 seconds
{Heap before GC invocations=458 (full 35):
 par new generation   total 9216K, used 9045K [0x00000000e3400000, 0x00000000e3e00000, 0x00000000ecca0000)
  eden space 8192K, 100% used [0x00000000e3400000, 0x00000000e3c00000, 0x00000000e3c00000)
  from space 1024K,  83% used [0x00000000e3c00000, 0x00000000e3cd5770, 0x00000000e3d00000)
  to   space 1024K,   0% used [0x00000000e3d00000, 0x00000000e3d00000, 0x00000000e3e00000)
 concurrent mark-sweep generation total 80192K, used 42719K [0x00000000ecca0000, 0x00000000f1af0000, 0x0000000100000000)
 Metaspace       used 62234K, capacity 65080K, committed 65152K, reserved 1105920K
  class space    used 7997K, capacity 8550K, committed 8576K, reserved 1048576K
2020-11-07T20:04:51.763+0800: 45.609: [GC (Allocation Failure) 2020-11-07T20:04:51.763+0800: 45.609: [ParNew: 9045K->775K(9216K), 0.0412867 secs] 51765K->43742K(89408K), 0.0413482 secs] [Times: user=0.04 sys=0.00, real=0.04 secs] 
Heap after GC invocations=459 (full 35):
 par new generation   total 9216K, used 775K [0x00000000e3400000, 0x00000000e3e00000, 0x00000000ecca0000)
  eden space 8192K,   0% used [0x00000000e3400000, 0x00000000e3400000, 0x00000000e3c00000)
  from space 1024K,  75% used [0x00000000e3d00000, 0x00000000e3dc1f30, 0x00000000e3e00000)
  to   space 1024K,   0% used [0x00000000e3c00000, 0x00000000e3c00000, 0x00000000e3d00000)
 concurrent mark-sweep generation total 80192K, used 42967K [0x00000000ecca0000, 0x00000000f1af0000, 0x0000000100000000)
 Metaspace       used 62234K, capacity 65080K, committed 65152K, reserved 1105920K
  class space    used 7997K, capacity 8550K, committed 8576K, reserved 1048576K
}
2020-11-07T20:04:51.808+0800: 45.654: Application time: 0.0036927 seconds
2020-11-07T20:04:51.822+0800: 45.668: Application time: 0.0142245 seconds
{Heap before GC invocations=459 (full 35):
 par new generation   total 9216K, used 8967K [0x00000000e3400000, 0x00000000e3e00000, 0x00000000ecca0000)
  eden space 8192K, 100% used [0x00000000e3400000, 0x00000000e3c00000, 0x00000000e3c00000)
  from space 1024K,  75% used [0x00000000e3d00000, 0x00000000e3dc1f30, 0x00000000e3e00000)
  to   space 1024K,   0% used [0x00000000e3c00000, 0x00000000e3c00000, 0x00000000e3d00000)
 concurrent mark-sweep generation total 80192K, used 42967K [0x00000000ecca0000, 0x00000000f1af0000, 0x0000000100000000)
 Metaspace       used 62269K, capacity 65144K, committed 65408K, reserved 1105920K
  class space    used 8006K, capacity 8550K, committed 8576K, reserved 1048576K
2020-11-07T20:04:51.823+0800: 45.668: [GC (Allocation Failure) 2020-11-07T20:04:51.823+0800: 45.668: [ParNew: 8967K->531K(9216K), 0.0354927 secs] 51934K->43498K(89408K), 0.0355740 secs] [Times: user=0.03 sys=0.00, real=0.04 secs] 
Heap after GC invocations=460 (full 35):
 par new generation   total 9216K, used 531K [0x00000000e3400000, 0x00000000e3e00000, 0x00000000ecca0000)
  eden space 8192K,   0% used [0x00000000e3400000, 0x00000000e3400000, 0x00000000e3c00000)
  from space 1024K,  51% used [0x00000000e3c00000, 0x00000000e3c84ef0, 0x00000000e3d00000)
  to   space 1024K,   0% used [0x00000000e3d00000, 0x00000000e3d00000, 0x00000000e3e00000)
 concurrent mark-sweep generation total 80192K, used 42967K [0x00000000ecca0000, 0x00000000f1af0000, 0x0000000100000000)
 Metaspace       used 62269K, capacity 65144K, committed 65408K, reserved 1105920K
  class space    used 8006K, capacity 8550K, committed 8576K, reserved 1048576K
}
2020-11-07T20:04:51.879+0800: 45.725: Application time: 0.0206655 seconds
2020-11-07T20:04:51.905+0800: 45.751: Application time: 0.0264735 seconds
2020-11-07T20:04:51.981+0800: 45.827: Application time: 0.0751271 seconds
2020-11-07T20:04:52.020+0800: 45.866: Application time: 0.0380667 seconds
2020-11-07T20:04:52.060+0800: 45.906: Application time: 0.0393198 seconds
{Heap before GC invocations=460 (full 35):
 par new generation   total 9216K, used 8723K [0x00000000e3400000, 0x00000000e3e00000, 0x00000000ecca0000)
  eden space 8192K, 100% used [0x00000000e3400000, 0x00000000e3c00000, 0x00000000e3c00000)
  from space 1024K,  51% used [0x00000000e3c00000, 0x00000000e3c84ef0, 0x00000000e3d00000)
  to   space 1024K,   0% used [0x00000000e3d00000, 0x00000000e3d00000, 0x00000000e3e00000)
 concurrent mark-sweep generation total 80192K, used 42967K [0x00000000ecca0000, 0x00000000f1af0000, 0x0000000100000000)
 Metaspace       used 63006K, capacity 65900K, committed 66048K, reserved 1105920K
  class space    used 8094K, capacity 8654K, committed 8704K, reserved 1048576K
2020-11-07T20:04:52.061+0800: 45.906: [GC (Allocation Failure) 2020-11-07T20:04:52.061+0800: 45.906: [ParNew: 8723K->1024K(9216K), 0.0366722 secs] 51690K->44689K(89408K), 0.0367438 secs] [Times: user=0.04 sys=0.00, real=0.04 secs] 
Heap after GC invocations=461 (full 35):
 par new generation   total 9216K, used 1024K [0x00000000e3400000, 0x00000000e3e00000, 0x00000000ecca0000)
  eden space 8192K,   0% used [0x00000000e3400000, 0x00000000e3400000, 0x00000000e3c00000)
  from space 1024K, 100% used [0x00000000e3d00000, 0x00000000e3e00000, 0x00000000e3e00000)
  to   space 1024K,   0% used [0x00000000e3c00000, 0x00000000e3c00000, 0x00000000e3d00000)
 concurrent mark-sweep generation total 80192K, used 43665K [0x00000000ecca0000, 0x00000000f1af0000, 0x0000000100000000)
 Metaspace       used 63006K, capacity 65900K, committed 66048K, reserved 1105920K
  class space    used 8094K, capacity 8654K, committed 8704K, reserved 1048576K
}
2020-11-07T20:04:52.108+0800: 45.954: Application time: 0.0106811 seconds
2020-11-07T20:04:52.118+0800: 45.964: Application time: 0.0096375 seconds
2020-11-07T20:04:52.318+0800: 46.164: Application time: 0.1991411 seconds
{Heap before GC invocations=461 (full 35):
 par new generation   total 9216K, used 9216K [0x00000000e3400000, 0x00000000e3e00000, 0x00000000ecca0000)
  eden space 8192K, 100% used [0x00000000e3400000, 0x00000000e3c00000, 0x00000000e3c00000)
  from space 1024K, 100% used [0x00000000e3d00000, 0x00000000e3e00000, 0x00000000e3e00000)
  to   space 1024K,   0% used [0x00000000e3c00000, 0x00000000e3c00000, 0x00000000e3d00000)
 concurrent mark-sweep generation total 80192K, used 43665K [0x00000000ecca0000, 0x00000000f1af0000, 0x0000000100000000)
 Metaspace       used 63885K, capacity 66818K, committed 66944K, reserved 1107968K
  class space    used 8171K, capacity 8759K, committed 8832K, reserved 1048576K
2020-11-07T20:04:52.318+0800: 46.164: [GC (Allocation Failure) 2020-11-07T20:04:52.318+0800: 46.164: [ParNew: 9216K->1024K(9216K), 0.0449818 secs] 52881K->46365K(89408K), 0.0450452 secs] [Times: user=0.05 sys=0.00, real=0.04 secs] 
Heap after GC invocations=462 (full 35):
 par new generation   total 9216K, used 1024K [0x00000000e3400000, 0x00000000e3e00000, 0x00000000ecca0000)
  eden space 8192K,   0% used [0x00000000e3400000, 0x00000000e3400000, 0x00000000e3c00000)
  from space 1024K, 100% used [0x00000000e3c00000, 0x00000000e3d00000, 0x00000000e3d00000)
  to   space 1024K,   0% used [0x00000000e3d00000, 0x00000000e3d00000, 0x00000000e3e00000)
 concurrent mark-sweep generation total 80192K, used 45341K [0x00000000ecca0000, 0x00000000f1af0000, 0x0000000100000000)
 Metaspace       used 63885K, capacity 66818K, committed 66944K, reserved 1107968K
  class space    used 8171K, capacity 8759K, committed 8832K, reserved 1048576K
}
2020-11-07T20:04:52.389+0800: 46.235: Application time: 0.0254212 seconds
{Heap before GC invocations=462 (full 35):
 par new generation   total 9216K, used 9216K [0x00000000e3400000, 0x00000000e3e00000, 0x00000000ecca0000)
  eden space 8192K, 100% used [0x00000000e3400000, 0x00000000e3c00000, 0x00000000e3c00000)
  from space 1024K, 100% used [0x00000000e3c00000, 0x00000000e3d00000, 0x00000000e3d00000)
  to   space 1024K,   0% used [0x00000000e3d00000, 0x00000000e3d00000, 0x00000000e3e00000)
 concurrent mark-sweep generation total 80192K, used 45341K [0x00000000ecca0000, 0x00000000f1af0000, 0x0000000100000000)
 Metaspace       used 64021K, capacity 66978K, committed 67200K, reserved 1107968K
  class space    used 8196K, capacity 8791K, committed 8832K, reserved 1048576K
2020-11-07T20:04:52.389+0800: 46.235: [GC (Allocation Failure) 2020-11-07T20:04:52.389+0800: 46.235: [ParNew: 9216K->530K(9216K), 0.0450172 secs] 54557K->46430K(89408K), 0.0450870 secs] [Times: user=0.04 sys=0.00, real=0.04 secs] 
Heap after GC invocations=463 (full 35):
 par new generation   total 9216K, used 530K [0x00000000e3400000, 0x00000000e3e00000, 0x00000000ecca0000)
  eden space 8192K,   0% used [0x00000000e3400000, 0x00000000e3400000, 0x00000000e3c00000)
  from space 1024K,  51% used [0x00000000e3d00000, 0x00000000e3d84840, 0x00000000e3e00000)
  to   space 1024K,   0% used [0x00000000e3c00000, 0x00000000e3c00000, 0x00000000e3d00000)
 concurrent mark-sweep generation total 80192K, used 45900K [0x00000000ecca0000, 0x00000000f1af0000, 0x0000000100000000)
 Metaspace       used 64021K, capacity 66978K, committed 67200K, reserved 1107968K
  class space    used 8196K, capacity 8791K, committed 8832K, reserved 1048576K
}
2020-11-07T20:04:52.879+0800: 46.725: Application time: 0.4444610 seconds
{Heap before GC invocations=463 (full 35):
 par new generation   total 9216K, used 8722K [0x00000000e3400000, 0x00000000e3e00000, 0x00000000ecca0000)
  eden space 8192K, 100% used [0x00000000e3400000, 0x00000000e3c00000, 0x00000000e3c00000)
  from space 1024K,  51% used [0x00000000e3d00000, 0x00000000e3d84840, 0x00000000e3e00000)
  to   space 1024K,   0% used [0x00000000e3c00000, 0x00000000e3c00000, 0x00000000e3d00000)
 concurrent mark-sweep generation total 80192K, used 45900K [0x00000000ecca0000, 0x00000000f1af0000, 0x0000000100000000)
 Metaspace       used 64157K, capacity 67042K, committed 67200K, reserved 1107968K
  class space    used 8219K, capacity 8791K, committed 8832K, reserved 1048576K
2020-11-07T20:04:52.879+0800: 46.725: [GC (Allocation Failure) 2020-11-07T20:04:52.879+0800: 46.725: [ParNew: 8722K->189K(9216K), 0.0244100 secs] 54622K->46089K(89408K), 0.0244764 secs] [Times: user=0.02 sys=0.00, real=0.02 secs] 
Heap after GC invocations=464 (full 35):
 par new generation   total 9216K, used 189K [0x00000000e3400000, 0x00000000e3e00000, 0x00000000ecca0000)
  eden space 8192K,   0% used [0x00000000e3400000, 0x00000000e3400000, 0x00000000e3c00000)
  from space 1024K,  18% used [0x00000000e3c00000, 0x00000000e3c2f640, 0x00000000e3d00000)
  to   space 1024K,   0% used [0x00000000e3d00000, 0x00000000e3d00000, 0x00000000e3e00000)
 concurrent mark-sweep generation total 80192K, used 45900K [0x00000000ecca0000, 0x00000000f1af0000, 0x0000000100000000)
 Metaspace       used 64157K, capacity 67042K, committed 67200K, reserved 1107968K
  class space    used 8219K, capacity 8791K, committed 8832K, reserved 1048576K
}
2020-11-07T20:04:52.938+0800: 46.784: Application time: 0.0342563 seconds
{Heap before GC invocations=464 (full 35):
 par new generation   total 9216K, used 8381K [0x00000000e3400000, 0x00000000e3e00000, 0x00000000ecca0000)
  eden space 8192K, 100% used [0x00000000e3400000, 0x00000000e3c00000, 0x00000000e3c00000)
  from space 1024K,  18% used [0x00000000e3c00000, 0x00000000e3c2f640, 0x00000000e3d00000)
  to   space 1024K,   0% used [0x00000000e3d00000, 0x00000000e3d00000, 0x00000000e3e00000)
 concurrent mark-sweep generation total 80192K, used 45900K [0x00000000ecca0000, 0x00000000f1af0000, 0x0000000100000000)
 Metaspace       used 64295K, capacity 67266K, committed 67456K, reserved 1107968K
  class space    used 8242K, capacity 8823K, committed 8832K, reserved 1048576K
2020-11-07T20:04:52.938+0800: 46.784: [GC (Allocation Failure) 2020-11-07T20:04:52.938+0800: 46.784: [ParNew: 8381K->197K(9216K), 0.0353299 secs] 54281K->46098K(89408K), 0.0353900 secs] [Times: user=0.04 sys=0.00, real=0.03 secs] 
Heap after GC invocations=465 (full 35):
 par new generation   total 9216K, used 197K [0x00000000e3400000, 0x00000000e3e00000, 0x00000000ecca0000)
  eden space 8192K,   0% used [0x00000000e3400000, 0x00000000e3400000, 0x00000000e3c00000)
  from space 1024K,  19% used [0x00000000e3d00000, 0x00000000e3d316d8, 0x00000000e3e00000)
  to   space 1024K,   0% used [0x00000000e3c00000, 0x00000000e3c00000, 0x00000000e3d00000)
 concurrent mark-sweep generation total 80192K, used 45900K [0x00000000ecca0000, 0x00000000f1af0000, 0x0000000100000000)
 Metaspace       used 64295K, capacity 67266K, committed 67456K, reserved 1107968K
  class space    used 8242K, capacity 8823K, committed 8832K, reserved 1048576K
}
2020-11-07T20:04:52.996+0800: 46.842: Application time: 0.0224554 seconds
{Heap before GC invocations=465 (full 35):
 par new generation   total 9216K, used 8389K [0x00000000e3400000, 0x00000000e3e00000, 0x00000000ecca0000)
  eden space 8192K, 100% used [0x00000000e3400000, 0x00000000e3c00000, 0x00000000e3c00000)
  from space 1024K,  19% used [0x00000000e3d00000, 0x00000000e3d316d8, 0x00000000e3e00000)
  to   space 1024K,   0% used [0x00000000e3c00000, 0x00000000e3c00000, 0x00000000e3d00000)
 concurrent mark-sweep generation total 80192K, used 45900K [0x00000000ecca0000, 0x00000000f1af0000, 0x0000000100000000)
 Metaspace       used 64356K, capacity 67362K, committed 67584K, reserved 1107968K
  class space    used 8253K, capacity 8855K, committed 8960K, reserved 1048576K
2020-11-07T20:04:52.996+0800: 46.842: [GC (Allocation Failure) 2020-11-07T20:04:52.996+0800: 46.842: [ParNew: 8389K->150K(9216K), 0.0195870 secs] 54290K->46051K(89408K), 0.0196587 secs] [Times: user=0.02 sys=0.00, real=0.02 secs] 
Heap after GC invocations=466 (full 35):
 par new generation   total 9216K, used 150K [0x00000000e3400000, 0x00000000e3e00000, 0x00000000ecca0000)
  eden space 8192K,   0% used [0x00000000e3400000, 0x00000000e3400000, 0x00000000e3c00000)
  from space 1024K,  14% used [0x00000000e3c00000, 0x00000000e3c25b88, 0x00000000e3d00000)
  to   space 1024K,   0% used [0x00000000e3d00000, 0x00000000e3d00000, 0x00000000e3e00000)
 concurrent mark-sweep generation total 80192K, used 45900K [0x00000000ecca0000, 0x00000000f1af0000, 0x0000000100000000)
 Metaspace       used 64356K, capacity 67362K, committed 67584K, reserved 1107968K
  class space    used 8253K, capacity 8855K, committed 8960K, reserved 1048576K
}
2020-11-07T20:04:53.087+0800: 46.933: Application time: 0.0715112 seconds
2020-11-07T20:04:53.101+0800: 46.947: Application time: 0.0138274 seconds
{Heap before GC invocations=466 (full 35):
 par new generation   total 9216K, used 8342K [0x00000000e3400000, 0x00000000e3e00000, 0x00000000ecca0000)
  eden space 8192K, 100% used [0x00000000e3400000, 0x00000000e3c00000, 0x00000000e3c00000)
  from space 1024K,  14% used [0x00000000e3c00000, 0x00000000e3c25b88, 0x00000000e3d00000)
  to   space 1024K,   0% used [0x00000000e3d00000, 0x00000000e3d00000, 0x00000000e3e00000)
 concurrent mark-sweep generation total 80192K, used 45900K [0x00000000ecca0000, 0x00000000f1af0000, 0x0000000100000000)
 Metaspace       used 64425K, capacity 67434K, committed 67584K, reserved 1107968K
  class space    used 8261K, capacity 8855K, committed 8960K, reserved 1048576K
2020-11-07T20:04:53.111+0800: 46.957: [GC (Allocation Failure) 2020-11-07T20:04:53.111+0800: 46.957: [ParNew: 8342K->285K(9216K), 0.0214671 secs] 54243K->46186K(89408K), 0.0215338 secs] [Times: user=0.02 sys=0.00, real=0.02 secs] 
Heap after GC invocations=467 (full 35):
 par new generation   total 9216K, used 285K [0x00000000e3400000, 0x00000000e3e00000, 0x00000000ecca0000)
  eden space 8192K,   0% used [0x00000000e3400000, 0x00000000e3400000, 0x00000000e3c00000)
  from space 1024K,  27% used [0x00000000e3d00000, 0x00000000e3d477f8, 0x00000000e3e00000)
  to   space 1024K,   0% used [0x00000000e3c00000, 0x00000000e3c00000, 0x00000000e3d00000)
 concurrent mark-sweep generation total 80192K, used 45900K [0x00000000ecca0000, 0x00000000f1af0000, 0x0000000100000000)
 Metaspace       used 64425K, capacity 67434K, committed 67584K, reserved 1107968K
  class space    used 8261K, capacity 8855K, committed 8960K, reserved 1048576K
}
2020-11-07T20:04:53.196+0800: 47.042: Application time: 0.0632190 seconds
{Heap before GC invocations=467 (full 35):
 par new generation   total 9216K, used 8477K [0x00000000e3400000, 0x00000000e3e00000, 0x00000000ecca0000)
  eden space 8192K, 100% used [0x00000000e3400000, 0x00000000e3c00000, 0x00000000e3c00000)
  from space 1024K,  27% used [0x00000000e3d00000, 0x00000000e3d477f8, 0x00000000e3e00000)
  to   space 1024K,   0% used [0x00000000e3c00000, 0x00000000e3c00000, 0x00000000e3d00000)
 concurrent mark-sweep generation total 80192K, used 45900K [0x00000000ecca0000, 0x00000000f1af0000, 0x0000000100000000)
 Metaspace       used 64477K, capacity 67434K, committed 67584K, reserved 1107968K
  class space    used 8268K, capacity 8855K, committed 8960K, reserved 1048576K
2020-11-07T20:04:53.196+0800: 47.042: [GC (Allocation Failure) 2020-11-07T20:04:53.196+0800: 47.042: [ParNew: 8477K->414K(9216K), 0.0347095 secs] 54378K->46314K(89408K), 0.0347803 secs] [Times: user=0.04 sys=0.00, real=0.03 secs] 
Heap after GC invocations=468 (full 35):
 par new generation   total 9216K, used 414K [0x00000000e3400000, 0x00000000e3e00000, 0x00000000ecca0000)
  eden space 8192K,   0% used [0x00000000e3400000, 0x00000000e3400000, 0x00000000e3c00000)
  from space 1024K,  40% used [0x00000000e3c00000, 0x00000000e3c67858, 0x00000000e3d00000)
  to   space 1024K,   0% used [0x00000000e3d00000, 0x00000000e3d00000, 0x00000000e3e00000)
 concurrent mark-sweep generation total 80192K, used 45900K [0x00000000ecca0000, 0x00000000f1af0000, 0x0000000100000000)
 Metaspace       used 64477K, capacity 67434K, committed 67584K, reserved 1107968K
  class space    used 8268K, capacity 8855K, committed 8960K, reserved 1048576K
}
2020-11-07T20:04:53.257+0800: 47.103: Application time: 0.0260761 seconds
{Heap before GC invocations=468 (full 35):
 par new generation   total 9216K, used 8606K [0x00000000e3400000, 0x00000000e3e00000, 0x00000000ecca0000)
  eden space 8192K, 100% used [0x00000000e3400000, 0x00000000e3c00000, 0x00000000e3c00000)
  from space 1024K,  40% used [0x00000000e3c00000, 0x00000000e3c67858, 0x00000000e3d00000)
  to   space 1024K,   0% used [0x00000000e3d00000, 0x00000000e3d00000, 0x00000000e3e00000)
 concurrent mark-sweep generation total 80192K, used 45900K [0x00000000ecca0000, 0x00000000f1af0000, 0x0000000100000000)
 Metaspace       used 64482K, capacity 67498K, committed 67840K, reserved 1107968K
  class space    used 8268K, capacity 8855K, committed 8960K, reserved 1048576K
2020-11-07T20:04:53.257+0800: 47.103: [GC (Allocation Failure) 2020-11-07T20:04:53.257+0800: 47.103: [ParNew: 8606K->413K(9216K), 0.0293931 secs] 54506K->46313K(89408K), 0.0294562 secs] [Times: user=0.03 sys=0.00, real=0.03 secs] 
Heap after GC invocations=469 (full 35):
 par new generation   total 9216K, used 413K [0x00000000e3400000, 0x00000000e3e00000, 0x00000000ecca0000)
  eden space 8192K,   0% used [0x00000000e3400000, 0x00000000e3400000, 0x00000000e3c00000)
  from space 1024K,  40% used [0x00000000e3d00000, 0x00000000e3d67470, 0x00000000e3e00000)
  to   space 1024K,   0% used [0x00000000e3c00000, 0x00000000e3c00000, 0x00000000e3d00000)
 concurrent mark-sweep generation total 80192K, used 45900K [0x00000000ecca0000, 0x00000000f1af0000, 0x0000000100000000)
 Metaspace       used 64482K, capacity 67498K, committed 67840K, reserved 1107968K
  class space    used 8268K, capacity 8855K, committed 8960K, reserved 1048576K
}
2020-11-07T20:04:53.323+0800: 47.168: Application time: 0.0356934 seconds
2020-11-07T20:04:53.329+0800: 47.175: Application time: 0.0061350 seconds
2020-11-07T20:04:53.329+0800: 47.175: Application time: 0.0000303 seconds
2020-11-07T20:04:53.329+0800: 47.175: Application time: 0.0000259 seconds
2020-11-07T20:04:53.329+0800: 47.175: Application time: 0.0000621 seconds
2020-11-07T20:04:53.329+0800: 47.175: Application time: 0.0000392 seconds
2020-11-07T20:04:53.329+0800: 47.175: Application time: 0.0000241 seconds
2020-11-07T20:04:53.329+0800: 47.175: Application time: 0.0000238 seconds
2020-11-07T20:04:53.329+0800: 47.175: Application time: 0.0000190 seconds
2020-11-07T20:04:53.329+0800: 47.175: Application time: 0.0000183 seconds
2020-11-07T20:04:53.329+0800: 47.175: Application time: 0.0000185 seconds
2020-11-07T20:04:53.329+0800: 47.175: Application time: 0.0000186 seconds
2020-11-07T20:04:53.330+0800: 47.175: Application time: 0.0000177 seconds
2020-11-07T20:04:53.330+0800: 47.175: Application time: 0.0000200 seconds
2020-11-07T20:04:53.330+0800: 47.175: Application time: 0.0000235 seconds
2020-11-07T20:04:53.330+0800: 47.176: Application time: 0.0000237 seconds
2020-11-07T20:04:53.330+0800: 47.176: Application time: 0.0000260 seconds
2020-11-07T20:04:53.330+0800: 47.176: Application time: 0.0000230 seconds
2020-11-07T20:04:53.330+0800: 47.176: Application time: 0.0000442 seconds
2020-11-07T20:04:53.330+0800: 47.176: Application time: 0.0000229 seconds
2020-11-07T20:04:53.331+0800: 47.177: Application time: 0.0006622 seconds
2020-11-07T20:04:53.333+0800: 47.179: Application time: 0.0025205 seconds
2020-11-07T20:04:53.335+0800: 47.181: Application time: 0.0014858 seconds
2020-11-07T20:04:53.338+0800: 47.183: Application time: 0.0026405 seconds
2020-11-07T20:04:53.397+0800: 47.243: Application time: 0.0594100 seconds
{Heap before GC invocations=469 (full 35):
 par new generation   total 9216K, used 8605K [0x00000000e3400000, 0x00000000e3e00000, 0x00000000ecca0000)
  eden space 8192K, 100% used [0x00000000e3400000, 0x00000000e3c00000, 0x00000000e3c00000)
  from space 1024K,  40% used [0x00000000e3d00000, 0x00000000e3d67470, 0x00000000e3e00000)
  to   space 1024K,   0% used [0x00000000e3c00000, 0x00000000e3c00000, 0x00000000e3d00000)
 concurrent mark-sweep generation total 80192K, used 45900K [0x00000000ecca0000, 0x00000000f1af0000, 0x0000000100000000)
 Metaspace       used 64553K, capacity 67508K, committed 67840K, reserved 1107968K
  class space    used 8271K, capacity 8856K, committed 8960K, reserved 1048576K
2020-11-07T20:04:53.397+0800: 47.243: [GC (Allocation Failure) 2020-11-07T20:04:53.397+0800: 47.243: [ParNew: 8605K->857K(9216K), 0.0286175 secs] 54505K->46757K(89408K), 0.0286768 secs] [Times: user=0.03 sys=0.00, real=0.03 secs] 
Heap after GC invocations=470 (full 35):
 par new generation   total 9216K, used 857K [0x00000000e3400000, 0x00000000e3e00000, 0x00000000ecca0000)
  eden space 8192K,   0% used [0x00000000e3400000, 0x00000000e3400000, 0x00000000e3c00000)
  from space 1024K,  83% used [0x00000000e3c00000, 0x00000000e3cd6518, 0x00000000e3d00000)
  to   space 1024K,   0% used [0x00000000e3d00000, 0x00000000e3d00000, 0x00000000e3e00000)
 concurrent mark-sweep generation total 80192K, used 45900K [0x00000000ecca0000, 0x00000000f1af0000, 0x0000000100000000)
 Metaspace       used 64553K, capacity 67508K, committed 67840K, reserved 1107968K
  class space    used 8271K, capacity 8856K, committed 8960K, reserved 1048576K
}
2020-11-07T20:04:53.492+0800: 47.338: Application time: 0.0657609 seconds
2020-11-07T20:04:53.492+0800: 47.338: Application time: 0.0002046 seconds
2020-11-07T20:04:53.552+0800: 47.398: Application time: 0.0595123 seconds
{Heap before GC invocations=470 (full 35):
 par new generation   total 9216K, used 9049K [0x00000000e3400000, 0x00000000e3e00000, 0x00000000ecca0000)
  eden space 8192K, 100% used [0x00000000e3400000, 0x00000000e3c00000, 0x00000000e3c00000)
  from space 1024K,  83% used [0x00000000e3c00000, 0x00000000e3cd6518, 0x00000000e3d00000)
  to   space 1024K,   0% used [0x00000000e3d00000, 0x00000000e3d00000, 0x00000000e3e00000)
 concurrent mark-sweep generation total 80192K, used 45900K [0x00000000ecca0000, 0x00000000f1af0000, 0x0000000100000000)
 Metaspace       used 64668K, capacity 67656K, committed 67840K, reserved 1107968K
  class space    used 8278K, capacity 8858K, committed 8960K, reserved 1048576K
2020-11-07T20:04:53.553+0800: 47.399: [GC (Allocation Failure) 2020-11-07T20:04:53.553+0800: 47.399: [ParNew: 9049K->722K(9216K), 0.0227198 secs] 54949K->46786K(89408K), 0.0227846 secs] [Times: user=0.03 sys=0.00, real=0.03 secs] 
Heap after GC invocations=471 (full 35):
 par new generation   total 9216K, used 722K [0x00000000e3400000, 0x00000000e3e00000, 0x00000000ecca0000)
  eden space 8192K,   0% used [0x00000000e3400000, 0x00000000e3400000, 0x00000000e3c00000)
  from space 1024K,  70% used [0x00000000e3d00000, 0x00000000e3db49a0, 0x00000000e3e00000)
  to   space 1024K,   0% used [0x00000000e3c00000, 0x00000000e3c00000, 0x00000000e3d00000)
 concurrent mark-sweep generation total 80192K, used 46063K [0x00000000ecca0000, 0x00000000f1af0000, 0x0000000100000000)
 Metaspace       used 64668K, capacity 67656K, committed 67840K, reserved 1107968K
  class space    used 8278K, capacity 8858K, committed 8960K, reserved 1048576K
}
2020-11-07T20:04:53.611+0800: 47.457: Application time: 0.0353990 seconds
2020-11-07T20:04:53.628+0800: 47.474: Application time: 0.0169662 seconds
2020-11-07T20:04:53.635+0800: 47.480: Application time: 0.0060502 seconds
2020-11-07T20:04:53.635+0800: 47.481: Application time: 0.0000947 seconds
2020-11-07T20:04:53.635+0800: 47.481: Application time: 0.0000848 seconds
2020-11-07T20:04:53.635+0800: 47.481: Application time: 0.0001083 seconds
2020-11-07T20:04:53.686+0800: 47.532: Application time: 0.0509675 seconds
{Heap before GC invocations=471 (full 35):
 par new generation   total 9216K, used 8914K [0x00000000e3400000, 0x00000000e3e00000, 0x00000000ecca0000)
  eden space 8192K, 100% used [0x00000000e3400000, 0x00000000e3c00000, 0x00000000e3c00000)
  from space 1024K,  70% used [0x00000000e3d00000, 0x00000000e3db49a0, 0x00000000e3e00000)
  to   space 1024K,   0% used [0x00000000e3c00000, 0x00000000e3c00000, 0x00000000e3d00000)
 concurrent mark-sweep generation total 80192K, used 46063K [0x00000000ecca0000, 0x00000000f1af0000, 0x0000000100000000)
 Metaspace       used 64788K, capacity 67778K, committed 68096K, reserved 1107968K
  class space    used 8290K, capacity 8895K, committed 8960K, reserved 1048576K
2020-11-07T20:04:53.686+0800: 47.532: [GC (Allocation Failure) 2020-11-07T20:04:53.686+0800: 47.532: [ParNew: 8914K->773K(9216K), 0.0207935 secs] 54978K->47003K(89408K), 0.0208800 secs] [Times: user=0.02 sys=0.00, real=0.02 secs] 
Heap after GC invocations=472 (full 35):
 par new generation   total 9216K, used 773K [0x00000000e3400000, 0x00000000e3e00000, 0x00000000ecca0000)
  eden space 8192K,   0% used [0x00000000e3400000, 0x00000000e3400000, 0x00000000e3c00000)
  from space 1024K,  75% used [0x00000000e3c00000, 0x00000000e3cc1538, 0x00000000e3d00000)
  to   space 1024K,   0% used [0x00000000e3d00000, 0x00000000e3d00000, 0x00000000e3e00000)
 concurrent mark-sweep generation total 80192K, used 46229K [0x00000000ecca0000, 0x00000000f1af0000, 0x0000000100000000)
 Metaspace       used 64788K, capacity 67778K, committed 68096K, reserved 1107968K
  class space    used 8290K, capacity 8895K, committed 8960K, reserved 1048576K
}
2020-11-07T20:04:53.714+0800: 47.560: Application time: 0.0069490 seconds
2020-11-07T20:04:53.714+0800: 47.560: Application time: 0.0000271 seconds
2020-11-07T20:04:53.714+0800: 47.560: Application time: 0.0000205 seconds
2020-11-07T20:04:53.727+0800: 47.573: Application time: 0.0126788 seconds
2020-11-07T20:04:53.727+0800: 47.573: Application time: 0.0000547 seconds
2020-11-07T20:04:53.727+0800: 47.573: Application time: 0.0000284 seconds
2020-11-07T20:04:53.745+0800: 47.591: Application time: 0.0177726 seconds
2020-11-07T20:04:53.749+0800: 47.594: Application time: 0.0034192 seconds
2020-11-07T20:04:53.753+0800: 47.598: Application time: 0.0038779 seconds
2020-11-07T20:04:53.778+0800: 47.624: Application time: 0.0253178 seconds
{Heap before GC invocations=472 (full 35):
 par new generation   total 9216K, used 8965K [0x00000000e3400000, 0x00000000e3e00000, 0x00000000ecca0000)
  eden space 8192K, 100% used [0x00000000e3400000, 0x00000000e3c00000, 0x00000000e3c00000)
  from space 1024K,  75% used [0x00000000e3c00000, 0x00000000e3cc1538, 0x00000000e3d00000)
  to   space 1024K,   0% used [0x00000000e3d00000, 0x00000000e3d00000, 0x00000000e3e00000)
 concurrent mark-sweep generation total 80192K, used 46229K [0x00000000ecca0000, 0x00000000f1af0000, 0x0000000100000000)
 Metaspace       used 64876K, capacity 67862K, committed 68096K, reserved 1107968K
  class space    used 8302K, capacity 8899K, committed 8960K, reserved 1048576K
2020-11-07T20:04:53.778+0800: 47.624: [GC (Allocation Failure) 2020-11-07T20:04:53.778+0800: 47.624: [ParNew: 8965K->672K(9216K), 0.0363442 secs] 55195K->47158K(89408K), 0.0364222 secs] [Times: user=0.03 sys=0.00, real=0.04 secs] 
Heap after GC invocations=473 (full 35):
 par new generation   total 9216K, used 672K [0x00000000e3400000, 0x00000000e3e00000, 0x00000000ecca0000)
  eden space 8192K,   0% used [0x00000000e3400000, 0x00000000e3400000, 0x00000000e3c00000)
  from space 1024K,  65% used [0x00000000e3d00000, 0x00000000e3da8010, 0x00000000e3e00000)
  to   space 1024K,   0% used [0x00000000e3c00000, 0x00000000e3c00000, 0x00000000e3d00000)
 concurrent mark-sweep generation total 80192K, used 46486K [0x00000000ecca0000, 0x00000000f1af0000, 0x0000000100000000)
 Metaspace       used 64876K, capacity 67862K, committed 68096K, reserved 1107968K
  class space    used 8302K, capacity 8899K, committed 8960K, reserved 1048576K
}
2020-11-07T20:04:53.870+0800: 47.716: Application time: 0.0557023 seconds
2020-11-07T20:04:53.881+0800: 47.727: Application time: 0.0097297 seconds
2020-11-07T20:04:53.923+0800: 47.769: Application time: 0.0414503 seconds
{Heap before GC invocations=473 (full 35):
 par new generation   total 9216K, used 8864K [0x00000000e3400000, 0x00000000e3e00000, 0x00000000ecca0000)
  eden space 8192K, 100% used [0x00000000e3400000, 0x00000000e3c00000, 0x00000000e3c00000)
  from space 1024K,  65% used [0x00000000e3d00000, 0x00000000e3da8010, 0x00000000e3e00000)
  to   space 1024K,   0% used [0x00000000e3c00000, 0x00000000e3c00000, 0x00000000e3d00000)
 concurrent mark-sweep generation total 80192K, used 46486K [0x00000000ecca0000, 0x00000000f1af0000, 0x0000000100000000)
 Metaspace       used 65225K, capacity 68214K, committed 68352K, reserved 1107968K
  class space    used 8349K, capacity 8931K, committed 8960K, reserved 1048576K
2020-11-07T20:04:53.923+0800: 47.769: [GC (Allocation Failure) 2020-11-07T20:04:53.923+0800: 47.769: [ParNew: 8864K->906K(9216K), 0.0180718 secs] 55350K->47392K(89408K), 0.0181415 secs] [Times: user=0.02 sys=0.00, real=0.02 secs] 
Heap after GC invocations=474 (full 35):
 par new generation   total 9216K, used 906K [0x00000000e3400000, 0x00000000e3e00000, 0x00000000ecca0000)
  eden space 8192K,   0% used [0x00000000e3400000, 0x00000000e3400000, 0x00000000e3c00000)
  from space 1024K,  88% used [0x00000000e3c00000, 0x00000000e3ce2998, 0x00000000e3d00000)
  to   space 1024K,   0% used [0x00000000e3d00000, 0x00000000e3d00000, 0x00000000e3e00000)
 concurrent mark-sweep generation total 80192K, used 46486K [0x00000000ecca0000, 0x00000000f1af0000, 0x0000000100000000)
 Metaspace       used 65225K, capacity 68214K, committed 68352K, reserved 1107968K
  class space    used 8349K, capacity 8931K, committed 8960K, reserved 1048576K
}
2020-11-07T20:04:54.023+0800: 47.869: Application time: 0.0822224 seconds
{Heap before GC invocations=474 (full 35):
 par new generation   total 9216K, used 9098K [0x00000000e3400000, 0x00000000e3e00000, 0x00000000ecca0000)
  eden space 8192K, 100% used [0x00000000e3400000, 0x00000000e3c00000, 0x00000000e3c00000)
  from space 1024K,  88% used [0x00000000e3c00000, 0x00000000e3ce2998, 0x00000000e3d00000)
  to   space 1024K,   0% used [0x00000000e3d00000, 0x00000000e3d00000, 0x00000000e3e00000)
 concurrent mark-sweep generation total 80192K, used 46486K [0x00000000ecca0000, 0x00000000f1af0000, 0x0000000100000000)
 Metaspace       used 65293K, capacity 68284K, committed 68352K, reserved 1107968K
  class space    used 8354K, capacity 8932K, committed 8960K, reserved 1048576K
2020-11-07T20:04:54.024+0800: 47.869: [GC (Allocation Failure) 2020-11-07T20:04:54.024+0800: 47.869: [ParNew: 9098K->680K(9216K), 0.0262398 secs] 55584K->47524K(89408K), 0.0262994 secs] [Times: user=0.03 sys=0.00, real=0.03 secs] 
Heap after GC invocations=475 (full 35):
 par new generation   total 9216K, used 680K [0x00000000e3400000, 0x00000000e3e00000, 0x00000000ecca0000)
  eden space 8192K,   0% used [0x00000000e3400000, 0x00000000e3400000, 0x00000000e3c00000)
  from space 1024K,  66% used [0x00000000e3d00000, 0x00000000e3daa200, 0x00000000e3e00000)
  to   space 1024K,   0% used [0x00000000e3c00000, 0x00000000e3c00000, 0x00000000e3d00000)
 concurrent mark-sweep generation total 80192K, used 46844K [0x00000000ecca0000, 0x00000000f1af0000, 0x0000000100000000)
 Metaspace       used 65293K, capacity 68284K, committed 68352K, reserved 1107968K
  class space    used 8354K, capacity 8932K, committed 8960K, reserved 1048576K
}
2020-11-07T20:04:54.142+0800: 47.988: Application time: 0.0923680 seconds
{Heap before GC invocations=475 (full 35):
 par new generation   total 9216K, used 8872K [0x00000000e3400000, 0x00000000e3e00000, 0x00000000ecca0000)
  eden space 8192K, 100% used [0x00000000e3400000, 0x00000000e3c00000, 0x00000000e3c00000)
  from space 1024K,  66% used [0x00000000e3d00000, 0x00000000e3daa200, 0x00000000e3e00000)
  to   space 1024K,   0% used [0x00000000e3c00000, 0x00000000e3c00000, 0x00000000e3d00000)
 concurrent mark-sweep generation total 80192K, used 46844K [0x00000000ecca0000, 0x00000000f1af0000, 0x0000000100000000)
 Metaspace       used 65476K, capacity 68466K, committed 68736K, reserved 1110016K
  class space    used 8373K, capacity 8967K, committed 9088K, reserved 1048576K
2020-11-07T20:04:54.159+0800: 48.005: [GC (Allocation Failure) 2020-11-07T20:04:54.159+0800: 48.005: [ParNew: 8872K->665K(9216K), 0.0147331 secs] 55716K->47510K(89408K), 0.0148077 secs] [Times: user=0.01 sys=0.00, real=0.01 secs] 
Heap after GC invocations=476 (full 35):
 par new generation   total 9216K, used 665K [0x00000000e3400000, 0x00000000e3e00000, 0x00000000ecca0000)
  eden space 8192K,   0% used [0x00000000e3400000, 0x00000000e3400000, 0x00000000e3c00000)
  from space 1024K,  65% used [0x00000000e3c00000, 0x00000000e3ca6778, 0x00000000e3d00000)
  to   space 1024K,   0% used [0x00000000e3d00000, 0x00000000e3d00000, 0x00000000e3e00000)
 concurrent mark-sweep generation total 80192K, used 46844K [0x00000000ecca0000, 0x00000000f1af0000, 0x0000000100000000)
 Metaspace       used 65476K, capacity 68466K, committed 68736K, reserved 1110016K
  class space    used 8373K, capacity 8967K, committed 9088K, reserved 1048576K
}
2020-11-07T20:04:54.184+0800: 48.030: Application time: 0.0101116 seconds
2020-11-07T20:04:54.296+0800: 48.142: Application time: 0.0946008 seconds
{Heap before GC invocations=476 (full 35):
 par new generation   total 9216K, used 8857K [0x00000000e3400000, 0x00000000e3e00000, 0x00000000ecca0000)
  eden space 8192K, 100% used [0x00000000e3400000, 0x00000000e3c00000, 0x00000000e3c00000)
  from space 1024K,  65% used [0x00000000e3c00000, 0x00000000e3ca6778, 0x00000000e3d00000)
  to   space 1024K,   0% used [0x00000000e3d00000, 0x00000000e3d00000, 0x00000000e3e00000)
 concurrent mark-sweep generation total 80192K, used 46844K [0x00000000ecca0000, 0x00000000f1af0000, 0x0000000100000000)
 Metaspace       used 65586K, capacity 68634K, committed 68992K, reserved 1110016K
  class space    used 8382K, capacity 8973K, committed 9088K, reserved 1048576K
2020-11-07T20:04:54.296+0800: 48.142: [GC (Allocation Failure) 2020-11-07T20:04:54.296+0800: 48.142: [ParNew: 8857K->734K(9216K), 0.0247880 secs] 55702K->47677K(89408K), 0.0248631 secs] [Times: user=0.02 sys=0.00, real=0.02 secs] 
Heap after GC invocations=477 (full 35):
 par new generation   total 9216K, used 734K [0x00000000e3400000, 0x00000000e3e00000, 0x00000000ecca0000)
  eden space 8192K,   0% used [0x00000000e3400000, 0x00000000e3400000, 0x00000000e3c00000)
  from space 1024K,  71% used [0x00000000e3d00000, 0x00000000e3db7988, 0x00000000e3e00000)
  to   space 1024K,   0% used [0x00000000e3c00000, 0x00000000e3c00000, 0x00000000e3d00000)
 concurrent mark-sweep generation total 80192K, used 46943K [0x00000000ecca0000, 0x00000000f1af0000, 0x0000000100000000)
 Metaspace       used 65586K, capacity 68634K, committed 68992K, reserved 1110016K
  class space    used 8382K, capacity 8973K, committed 9088K, reserved 1048576K
}
2020-11-07T20:04:54.395+0800: 48.241: Application time: 0.0740536 seconds
{Heap before GC invocations=477 (full 35):
 par new generation   total 9216K, used 8926K [0x00000000e3400000, 0x00000000e3e00000, 0x00000000ecca0000)
  eden space 8192K, 100% used [0x00000000e3400000, 0x00000000e3c00000, 0x00000000e3c00000)
  from space 1024K,  71% used [0x00000000e3d00000, 0x00000000e3db7988, 0x00000000e3e00000)
  to   space 1024K,   0% used [0x00000000e3c00000, 0x00000000e3c00000, 0x00000000e3d00000)
 concurrent mark-sweep generation total 80192K, used 46943K [0x00000000ecca0000, 0x00000000f1af0000, 0x0000000100000000)
 Metaspace       used 65658K, capacity 68710K, committed 68992K, reserved 1110016K
  class space    used 8385K, capacity 8975K, committed 9088K, reserved 1048576K
2020-11-07T20:04:54.396+0800: 48.241: [GC (Allocation Failure) 2020-11-07T20:04:54.396+0800: 48.241: [ParNew: 8926K->545K(9216K), 0.0260975 secs] 55869K->47697K(89408K), 0.0261640 secs] [Times: user=0.03 sys=0.00, real=0.02 secs] 
Heap after GC invocations=478 (full 35):
 par new generation   total 9216K, used 545K [0x00000000e3400000, 0x00000000e3e00000, 0x00000000ecca0000)
  eden space 8192K,   0% used [0x00000000e3400000, 0x00000000e3400000, 0x00000000e3c00000)
  from space 1024K,  53% used [0x00000000e3c00000, 0x00000000e3c88500, 0x00000000e3d00000)
  to   space 1024K,   0% used [0x00000000e3d00000, 0x00000000e3d00000, 0x00000000e3e00000)
 concurrent mark-sweep generation total 80192K, used 47152K [0x00000000ecca0000, 0x00000000f1af0000, 0x0000000100000000)
 Metaspace       used 65658K, capacity 68710K, committed 68992K, reserved 1110016K
  class space    used 8385K, capacity 8975K, committed 9088K, reserved 1048576K
}
2020-11-07T20:04:54.794+0800: 48.640: Application time: 0.3725503 seconds
{Heap before GC invocations=478 (full 35):
 par new generation   total 9216K, used 8737K [0x00000000e3400000, 0x00000000e3e00000, 0x00000000ecca0000)
  eden space 8192K, 100% used [0x00000000e3400000, 0x00000000e3c00000, 0x00000000e3c00000)
  from space 1024K,  53% used [0x00000000e3c00000, 0x00000000e3c88500, 0x00000000e3d00000)
  to   space 1024K,   0% used [0x00000000e3d00000, 0x00000000e3d00000, 0x00000000e3e00000)
 concurrent mark-sweep generation total 80192K, used 47152K [0x00000000ecca0000, 0x00000000f1af0000, 0x0000000100000000)
 Metaspace       used 65695K, capacity 68710K, committed 68992K, reserved 1110016K
  class space    used 8390K, capacity 8975K, committed 9088K, reserved 1048576K
2020-11-07T20:04:54.795+0800: 48.640: [GC (Allocation Failure) 2020-11-07T20:04:54.795+0800: 48.640: [ParNew: 8737K->832K(9216K), 0.0174798 secs] 55889K->48114K(89408K), 0.0175372 secs] [Times: user=0.02 sys=0.00, real=0.01 secs] 
Heap after GC invocations=479 (full 35):
 par new generation   total 9216K, used 832K [0x00000000e3400000, 0x00000000e3e00000, 0x00000000ecca0000)
  eden space 8192K,   0% used [0x00000000e3400000, 0x00000000e3400000, 0x00000000e3c00000)
  from space 1024K,  81% used [0x00000000e3d00000, 0x00000000e3dd0398, 0x00000000e3e00000)
  to   space 1024K,   0% used [0x00000000e3c00000, 0x00000000e3c00000, 0x00000000e3d00000)
 concurrent mark-sweep generation total 80192K, used 47281K [0x00000000ecca0000, 0x00000000f1af0000, 0x0000000100000000)
 Metaspace       used 65695K, capacity 68710K, committed 68992K, reserved 1110016K
  class space    used 8390K, capacity 8975K, committed 9088K, reserved 1048576K
}
2020-11-07T20:04:54.888+0800: 48.734: Application time: 0.0762081 seconds
{Heap before GC invocations=479 (full 35):
 par new generation   total 9216K, used 9024K [0x00000000e3400000, 0x00000000e3e00000, 0x00000000ecca0000)
  eden space 8192K, 100% used [0x00000000e3400000, 0x00000000e3c00000, 0x00000000e3c00000)
  from space 1024K,  81% used [0x00000000e3d00000, 0x00000000e3dd0398, 0x00000000e3e00000)
  to   space 1024K,   0% used [0x00000000e3c00000, 0x00000000e3c00000, 0x00000000e3d00000)
 concurrent mark-sweep generation total 80192K, used 47281K [0x00000000ecca0000, 0x00000000f1af0000, 0x0000000100000000)
 Metaspace       used 65727K, capacity 68720K, committed 68992K, reserved 1110016K
  class space    used 8393K, capacity 8976K, committed 9088K, reserved 1048576K
2020-11-07T20:04:54.889+0800: 48.735: [GC (Allocation Failure) 2020-11-07T20:04:54.889+0800: 48.735: [ParNew: 9024K->570K(9216K), 0.0160559 secs] 56306K->48081K(89408K), 0.0161248 secs] [Times: user=0.02 sys=0.00, real=0.02 secs] 
Heap after GC invocations=480 (full 35):
 par new generation   total 9216K, used 570K [0x00000000e3400000, 0x00000000e3e00000, 0x00000000ecca0000)
  eden space 8192K,   0% used [0x00000000e3400000, 0x00000000e3400000, 0x00000000e3c00000)
  from space 1024K,  55% used [0x00000000e3c00000, 0x00000000e3c8e9e8, 0x00000000e3d00000)
  to   space 1024K,   0% used [0x00000000e3d00000, 0x00000000e3d00000, 0x00000000e3e00000)
 concurrent mark-sweep generation total 80192K, used 47511K [0x00000000ecca0000, 0x00000000f1af0000, 0x0000000100000000)
 Metaspace       used 65727K, capacity 68720K, committed 68992K, reserved 1110016K
  class space    used 8393K, capacity 8976K, committed 9088K, reserved 1048576K
}
2020-11-07T20:04:54.976+0800: 48.821: Application time: 0.0707083 seconds
{Heap before GC invocations=480 (full 35):
 par new generation   total 9216K, used 8762K [0x00000000e3400000, 0x00000000e3e00000, 0x00000000ecca0000)
  eden space 8192K, 100% used [0x00000000e3400000, 0x00000000e3c00000, 0x00000000e3c00000)
  from space 1024K,  55% used [0x00000000e3c00000, 0x00000000e3c8e9e8, 0x00000000e3d00000)
  to   space 1024K,   0% used [0x00000000e3d00000, 0x00000000e3d00000, 0x00000000e3e00000)
 concurrent mark-sweep generation total 80192K, used 47511K [0x00000000ecca0000, 0x00000000f1af0000, 0x0000000100000000)
 Metaspace       used 65793K, capacity 68828K, committed 68992K, reserved 1110016K
  class space    used 8396K, capacity 9010K, committed 9088K, reserved 1048576K
2020-11-07T20:04:54.976+0800: 48.822: [GC (Allocation Failure) 2020-11-07T20:04:54.976+0800: 48.822: [ParNew: 8762K->613K(9216K), 0.0151325 secs] 56273K->48238K(89408K), 0.0151978 secs] [Times: user=0.01 sys=0.00, real=0.01 secs] 
Heap after GC invocations=481 (full 35):
 par new generation   total 9216K, used 613K [0x00000000e3400000, 0x00000000e3e00000, 0x00000000ecca0000)
  eden space 8192K,   0% used [0x00000000e3400000, 0x00000000e3400000, 0x00000000e3c00000)
  from space 1024K,  59% used [0x00000000e3d00000, 0x00000000e3d99660, 0x00000000e3e00000)
  to   space 1024K,   0% used [0x00000000e3c00000, 0x00000000e3c00000, 0x00000000e3d00000)
 concurrent mark-sweep generation total 80192K, used 47624K [0x00000000ecca0000, 0x00000000f1af0000, 0x0000000100000000)
 Metaspace       used 65793K, capacity 68828K, committed 68992K, reserved 1110016K
  class space    used 8396K, capacity 9010K, committed 9088K, reserved 1048576K
}
2020-11-07T20:04:55.096+0800: 48.942: Application time: 0.1048021 seconds
{Heap before GC invocations=481 (full 35):
 par new generation   total 9216K, used 8805K [0x00000000e3400000, 0x00000000e3e00000, 0x00000000ecca0000)
  eden space 8192K, 100% used [0x00000000e3400000, 0x00000000e3c00000, 0x00000000e3c00000)
  from space 1024K,  59% used [0x00000000e3d00000, 0x00000000e3d99660, 0x00000000e3e00000)
  to   space 1024K,   0% used [0x00000000e3c00000, 0x00000000e3c00000, 0x00000000e3d00000)
 concurrent mark-sweep generation total 80192K, used 47624K [0x00000000ecca0000, 0x00000000f1af0000, 0x0000000100000000)
 Metaspace       used 65916K, capacity 68986K, committed 69248K, reserved 1110016K
  class space    used 8406K, capacity 9015K, committed 9088K, reserved 1048576K
2020-11-07T20:04:55.096+0800: 48.942: [GC (Allocation Failure) 2020-11-07T20:04:55.096+0800: 48.942: [ParNew: 8805K->710K(9216K), 0.0227908 secs] 56430K->48334K(89408K), 0.0228598 secs] [Times: user=0.02 sys=0.00, real=0.02 secs] 
Heap after GC invocations=482 (full 35):
 par new generation   total 9216K, used 710K [0x00000000e3400000, 0x00000000e3e00000, 0x00000000ecca0000)
  eden space 8192K,   0% used [0x00000000e3400000, 0x00000000e3400000, 0x00000000e3c00000)
  from space 1024K,  69% used [0x00000000e3c00000, 0x00000000e3cb19c8, 0x00000000e3d00000)
  to   space 1024K,   0% used [0x00000000e3d00000, 0x00000000e3d00000, 0x00000000e3e00000)
 concurrent mark-sweep generation total 80192K, used 47624K [0x00000000ecca0000, 0x00000000f1af0000, 0x0000000100000000)
 Metaspace       used 65916K, capacity 68986K, committed 69248K, reserved 1110016K
  class space    used 8406K, capacity 9015K, committed 9088K, reserved 1048576K
}
2020-11-07T20:04:55.191+0800: 49.037: Application time: 0.0722829 seconds
{Heap before GC invocations=482 (full 35):
 par new generation   total 9216K, used 8902K [0x00000000e3400000, 0x00000000e3e00000, 0x00000000ecca0000)
  eden space 8192K, 100% used [0x00000000e3400000, 0x00000000e3c00000, 0x00000000e3c00000)
  from space 1024K,  69% used [0x00000000e3c00000, 0x00000000e3cb19c8, 0x00000000e3d00000)
  to   space 1024K,   0% used [0x00000000e3d00000, 0x00000000e3d00000, 0x00000000e3e00000)
 concurrent mark-sweep generation total 80192K, used 47624K [0x00000000ecca0000, 0x00000000f1af0000, 0x0000000100000000)
 Metaspace       used 65961K, capacity 68992K, committed 69248K, reserved 1110016K
  class space    used 8408K, capacity 9016K, committed 9088K, reserved 1048576K
2020-11-07T20:04:55.191+0800: 49.037: [GC (Allocation Failure) 2020-11-07T20:04:55.191+0800: 49.037: [ParNew: 8902K->651K(9216K), 0.0350068 secs] 56526K->48431K(89408K), 0.0350669 secs] [Times: user=0.03 sys=0.00, real=0.04 secs] 
Heap after GC invocations=483 (full 35):
 par new generation   total 9216K, used 651K [0x00000000e3400000, 0x00000000e3e00000, 0x00000000ecca0000)
  eden space 8192K,   0% used [0x00000000e3400000, 0x00000000e3400000, 0x00000000e3c00000)
  from space 1024K,  63% used [0x00000000e3d00000, 0x00000000e3da2eb8, 0x00000000e3e00000)
  to   space 1024K,   0% used [0x00000000e3c00000, 0x00000000e3c00000, 0x00000000e3d00000)
 concurrent mark-sweep generation total 80192K, used 47780K [0x00000000ecca0000, 0x00000000f1af0000, 0x0000000100000000)
 Metaspace       used 65961K, capacity 68992K, committed 69248K, reserved 1110016K
  class space    used 8408K, capacity 9016K, committed 9088K, reserved 1048576K
}
2020-11-07T20:04:55.243+0800: 49.089: Application time: 0.0162084 seconds
{Heap before GC invocations=483 (full 35):
 par new generation   total 9216K, used 8843K [0x00000000e3400000, 0x00000000e3e00000, 0x00000000ecca0000)
  eden space 8192K, 100% used [0x00000000e3400000, 0x00000000e3c00000, 0x00000000e3c00000)
  from space 1024K,  63% used [0x00000000e3d00000, 0x00000000e3da2eb8, 0x00000000e3e00000)
  to   space 1024K,   0% used [0x00000000e3c00000, 0x00000000e3c00000, 0x00000000e3d00000)
 concurrent mark-sweep generation total 80192K, used 47780K [0x00000000ecca0000, 0x00000000f1af0000, 0x0000000100000000)
 Metaspace       used 65963K, capacity 68992K, committed 69248K, reserved 1110016K
  class space    used 8409K, capacity 9016K, committed 9088K, reserved 1048576K
2020-11-07T20:04:55.243+0800: 49.089: [GC (Allocation Failure) 2020-11-07T20:04:55.243+0800: 49.089: [ParNew: 8843K->545K(9216K), 0.0155899 secs] 56623K->48436K(89408K), 0.0156445 secs] [Times: user=0.02 sys=0.00, real=0.02 secs] 
Heap after GC invocations=484 (full 35):
 par new generation   total 9216K, used 545K [0x00000000e3400000, 0x00000000e3e00000, 0x00000000ecca0000)
  eden space 8192K,   0% used [0x00000000e3400000, 0x00000000e3400000, 0x00000000e3c00000)
  from space 1024K,  53% used [0x00000000e3c00000, 0x00000000e3c88688, 0x00000000e3d00000)
  to   space 1024K,   0% used [0x00000000e3d00000, 0x00000000e3d00000, 0x00000000e3e00000)
 concurrent mark-sweep generation total 80192K, used 47890K [0x00000000ecca0000, 0x00000000f1af0000, 0x0000000100000000)
 Metaspace       used 65963K, capacity 68992K, committed 69248K, reserved 1110016K
  class space    used 8409K, capacity 9016K, committed 9088K, reserved 1048576K
}
2020-11-07T20:04:55.341+0800: 49.187: Application time: 0.0822115 seconds
{Heap before GC invocations=484 (full 35):
 par new generation   total 9216K, used 8737K [0x00000000e3400000, 0x00000000e3e00000, 0x00000000ecca0000)
  eden space 8192K, 100% used [0x00000000e3400000, 0x00000000e3c00000, 0x00000000e3c00000)
  from space 1024K,  53% used [0x00000000e3c00000, 0x00000000e3c88688, 0x00000000e3d00000)
  to   space 1024K,   0% used [0x00000000e3d00000, 0x00000000e3d00000, 0x00000000e3e00000)
 concurrent mark-sweep generation total 80192K, used 47890K [0x00000000ecca0000, 0x00000000f1af0000, 0x0000000100000000)
 Metaspace       used 66071K, capacity 69204K, committed 69504K, reserved 1110016K
  class space    used 8420K, capacity 9030K, committed 9088K, reserved 1048576K
2020-11-07T20:04:55.341+0800: 49.187: [GC (Allocation Failure) 2020-11-07T20:04:55.341+0800: 49.187: [ParNew: 8737K->854K(9216K), 0.0556440 secs] 56628K->48744K(89408K), 0.0557025 secs] [Times: user=0.05 sys=0.00, real=0.06 secs] 
Heap after GC invocations=485 (full 35):
 par new generation   total 9216K, used 854K [0x00000000e3400000, 0x00000000e3e00000, 0x00000000ecca0000)
  eden space 8192K,   0% used [0x00000000e3400000, 0x00000000e3400000, 0x00000000e3c00000)
  from space 1024K,  83% used [0x00000000e3d00000, 0x00000000e3dd5858, 0x00000000e3e00000)
  to   space 1024K,   0% used [0x00000000e3c00000, 0x00000000e3c00000, 0x00000000e3d00000)
 concurrent mark-sweep generation total 80192K, used 47890K [0x00000000ecca0000, 0x00000000f1af0000, 0x0000000100000000)
 Metaspace       used 66071K, capacity 69204K, committed 69504K, reserved 1110016K
  class space    used 8420K, capacity 9030K, committed 9088K, reserved 1048576K
}
2020-11-07T20:04:55.413+0800: 49.259: Application time: 0.0159688 seconds
2020-11-07T20:04:55.418+0800: 49.264: Application time: 0.0047168 seconds
{Heap before GC invocations=485 (full 35):
 par new generation   total 9216K, used 9046K [0x00000000e3400000, 0x00000000e3e00000, 0x00000000ecca0000)
  eden space 8192K, 100% used [0x00000000e3400000, 0x00000000e3c00000, 0x00000000e3c00000)
  from space 1024K,  83% used [0x00000000e3d00000, 0x00000000e3dd5858, 0x00000000e3e00000)
  to   space 1024K,   0% used [0x00000000e3c00000, 0x00000000e3c00000, 0x00000000e3d00000)
 concurrent mark-sweep generation total 80192K, used 47890K [0x00000000ecca0000, 0x00000000f1af0000, 0x0000000100000000)
 Metaspace       used 66094K, capacity 69218K, committed 69504K, reserved 1110016K
  class space    used 8422K, capacity 9031K, committed 9088K, reserved 1048576K
2020-11-07T20:04:55.418+0800: 49.264: [GC (Allocation Failure) 2020-11-07T20:04:55.418+0800: 49.264: [ParNew: 9046K->586K(9216K), 0.0201520 secs] 56936K->48708K(89408K), 0.0202235 secs] [Times: user=0.02 sys=0.00, real=0.02 secs] 
Heap after GC invocations=486 (full 35):
 par new generation   total 9216K, used 586K [0x00000000e3400000, 0x00000000e3e00000, 0x00000000ecca0000)
  eden space 8192K,   0% used [0x00000000e3400000, 0x00000000e3400000, 0x00000000e3c00000)
  from space 1024K,  57% used [0x00000000e3c00000, 0x00000000e3c92be8, 0x00000000e3d00000)
  to   space 1024K,   0% used [0x00000000e3d00000, 0x00000000e3d00000, 0x00000000e3e00000)
 concurrent mark-sweep generation total 80192K, used 48121K [0x00000000ecca0000, 0x00000000f1af0000, 0x0000000100000000)
 Metaspace       used 66094K, capacity 69218K, committed 69504K, reserved 1110016K
  class space    used 8422K, capacity 9031K, committed 9088K, reserved 1048576K
}
2020-11-07T20:04:55.445+0800: 49.291: Application time: 0.0066062 seconds
2020-11-07T20:04:55.458+0800: 49.304: [GC (CMS Initial Mark) [1 CMS-initial-mark: 48121K(80192K)] 51016K(89408K), 0.0061765 secs] [Times: user=0.00 sys=0.00, real=0.00 secs] 
2020-11-07T20:04:55.464+0800: 49.310: [CMS-concurrent-mark-start]
2020-11-07T20:04:55.554+0800: 49.400: Application time: 0.0894395 seconds
{Heap before GC invocations=486 (full 36):
 par new generation   total 9216K, used 8778K [0x00000000e3400000, 0x00000000e3e00000, 0x00000000ecca0000)
  eden space 8192K, 100% used [0x00000000e3400000, 0x00000000e3c00000, 0x00000000e3c00000)
  from space 1024K,  57% used [0x00000000e3c00000, 0x00000000e3c92be8, 0x00000000e3d00000)
  to   space 1024K,   0% used [0x00000000e3d00000, 0x00000000e3d00000, 0x00000000e3e00000)
 concurrent mark-sweep generation total 80192K, used 48121K [0x00000000ecca0000, 0x00000000f1af0000, 0x0000000100000000)
 Metaspace       used 66133K, capacity 69294K, committed 69504K, reserved 1110016K
  class space    used 8425K, capacity 9033K, committed 9088K, reserved 1048576K
2020-11-07T20:04:55.554+0800: 49.400: [GC (Allocation Failure) 2020-11-07T20:04:55.554+0800: 49.400: [ParNew: 8778K->622K(9216K), 0.0278507 secs] 56900K->48743K(89408K), 0.0279479 secs] [Times: user=0.03 sys=0.00, real=0.03 secs] 
Heap after GC invocations=487 (full 36):
 par new generation   total 9216K, used 622K [0x00000000e3400000, 0x00000000e3e00000, 0x00000000ecca0000)
  eden space 8192K,   0% used [0x00000000e3400000, 0x00000000e3400000, 0x00000000e3c00000)
  from space 1024K,  60% used [0x00000000e3d00000, 0x00000000e3d9b8a0, 0x00000000e3e00000)
  to   space 1024K,   0% used [0x00000000e3c00000, 0x00000000e3c00000, 0x00000000e3d00000)
 concurrent mark-sweep generation total 80192K, used 48121K [0x00000000ecca0000, 0x00000000f1af0000, 0x0000000100000000)
 Metaspace       used 66133K, capacity 69294K, committed 69504K, reserved 1110016K
  class space    used 8425K, capacity 9033K, committed 9088K, reserved 1048576K
}
2020-11-07T20:04:55.666+0800: 49.512: Application time: 0.0844677 seconds
{Heap before GC invocations=487 (full 36):
 par new generation   total 9216K, used 8814K [0x00000000e3400000, 0x00000000e3e00000, 0x00000000ecca0000)
  eden space 8192K, 100% used [0x00000000e3400000, 0x00000000e3c00000, 0x00000000e3c00000)
  from space 1024K,  60% used [0x00000000e3d00000, 0x00000000e3d9b8a0, 0x00000000e3e00000)
  to   space 1024K,   0% used [0x00000000e3c00000, 0x00000000e3c00000, 0x00000000e3d00000)
 concurrent mark-sweep generation total 80192K, used 48121K [0x00000000ecca0000, 0x00000000f1af0000, 0x0000000100000000)
 Metaspace       used 66163K, capacity 69300K, committed 69504K, reserved 1110016K
  class space    used 8427K, capacity 9034K, committed 9088K, reserved 1048576K
2020-11-07T20:04:55.667+0800: 49.512: [GC (Allocation Failure) 2020-11-07T20:04:55.667+0800: 49.512: [ParNew: 8814K->479K(9216K), 0.0322738 secs] 56935K->48732K(89408K), 0.0323426 secs] [Times: user=0.03 sys=0.00, real=0.03 secs] 
Heap after GC invocations=488 (full 36):
 par new generation   total 9216K, used 479K [0x00000000e3400000, 0x00000000e3e00000, 0x00000000ecca0000)
  eden space 8192K,   0% used [0x00000000e3400000, 0x00000000e3400000, 0x00000000e3c00000)
  from space 1024K,  46% used [0x00000000e3c00000, 0x00000000e3c77e50, 0x00000000e3d00000)
  to   space 1024K,   0% used [0x00000000e3d00000, 0x00000000e3d00000, 0x00000000e3e00000)
 concurrent mark-sweep generation total 80192K, used 48252K [0x00000000ecca0000, 0x00000000f1af0000, 0x0000000100000000)
 Metaspace       used 66163K, capacity 69300K, committed 69504K, reserved 1110016K
  class space    used 8427K, capacity 9034K, committed 9088K, reserved 1048576K
}
2020-11-07T20:04:55.742+0800: 49.588: Application time: 0.0430737 seconds
{Heap before GC invocations=488 (full 36):
 par new generation   total 9216K, used 8671K [0x00000000e3400000, 0x00000000e3e00000, 0x00000000ecca0000)
  eden space 8192K, 100% used [0x00000000e3400000, 0x00000000e3c00000, 0x00000000e3c00000)
  from space 1024K,  46% used [0x00000000e3c00000, 0x00000000e3c77e50, 0x00000000e3d00000)
  to   space 1024K,   0% used [0x00000000e3d00000, 0x00000000e3d00000, 0x00000000e3e00000)
 concurrent mark-sweep generation total 80192K, used 48252K [0x00000000ecca0000, 0x00000000f1af0000, 0x0000000100000000)
 Metaspace       used 66234K, capacity 69364K, committed 69504K, reserved 1110016K
  class space    used 8438K, capacity 9034K, committed 9088K, reserved 1048576K
2020-11-07T20:04:55.753+0800: 49.599: [GC (Allocation Failure) 2020-11-07T20:04:55.753+0800: 49.599: [ParNew: 8671K->737K(9216K), 0.0210074 secs] 56924K->48990K(89408K), 0.0210789 secs] [Times: user=0.03 sys=0.00, real=0.02 secs] 
Heap after GC invocations=489 (full 36):
 par new generation   total 9216K, used 737K [0x00000000e3400000, 0x00000000e3e00000, 0x00000000ecca0000)
  eden space 8192K,   0% used [0x00000000e3400000, 0x00000000e3400000, 0x00000000e3c00000)
  from space 1024K,  72% used [0x00000000e3d00000, 0x00000000e3db8578, 0x00000000e3e00000)
  to   space 1024K,   0% used [0x00000000e3c00000, 0x00000000e3c00000, 0x00000000e3d00000)
 concurrent mark-sweep generation total 80192K, used 48252K [0x00000000ecca0000, 0x00000000f1af0000, 0x0000000100000000)
 Metaspace       used 66234K, capacity 69364K, committed 69504K, reserved 1110016K
  class space    used 8438K, capacity 9034K, committed 9088K, reserved 1048576K
}
2020-11-07T20:04:55.836+0800: 49.682: Application time: 0.0622715 seconds
{Heap before GC invocations=489 (full 36):
 par new generation   total 9216K, used 8929K [0x00000000e3400000, 0x00000000e3e00000, 0x00000000ecca0000)
  eden space 8192K, 100% used [0x00000000e3400000, 0x00000000e3c00000, 0x00000000e3c00000)
  from space 1024K,  72% used [0x00000000e3d00000, 0x00000000e3db8578, 0x00000000e3e00000)
  to   space 1024K,   0% used [0x00000000e3c00000, 0x00000000e3c00000, 0x00000000e3d00000)
 concurrent mark-sweep generation total 80192K, used 48252K [0x00000000ecca0000, 0x00000000f1af0000, 0x0000000100000000)
 Metaspace       used 66439K, capacity 69548K, committed 69760K, reserved 1110016K
  class space    used 8463K, capacity 9070K, committed 9088K, reserved 1048576K
2020-11-07T20:04:55.851+0800: 49.697: [GC (Allocation Failure) 2020-11-07T20:04:55.851+0800: 49.697: [ParNew: 8929K->589K(9216K), 0.0263331 secs] 57182K->49048K(89408K), 0.0264068 secs] [Times: user=0.02 sys=0.00, real=0.03 secs] 
Heap after GC invocations=490 (full 36):
 par new generation   total 9216K, used 589K [0x00000000e3400000, 0x00000000e3e00000, 0x00000000ecca0000)
  eden space 8192K,   0% used [0x00000000e3400000, 0x00000000e3400000, 0x00000000e3c00000)
  from space 1024K,  57% used [0x00000000e3c00000, 0x00000000e3c93530, 0x00000000e3d00000)
  to   space 1024K,   0% used [0x00000000e3d00000, 0x00000000e3d00000, 0x00000000e3e00000)
 concurrent mark-sweep generation total 80192K, used 48458K [0x00000000ecca0000, 0x00000000f1af0000, 0x0000000100000000)
 Metaspace       used 66439K, capacity 69548K, committed 69760K, reserved 1110016K
  class space    used 8463K, capacity 9070K, committed 9088K, reserved 1048576K
}
2020-11-07T20:04:55.930+0800: 49.776: [CMS-concurrent-mark: 0.324/0.466 secs] [Times: user=0.45 sys=0.01, real=0.47 secs] 
2020-11-07T20:04:55.930+0800: 49.776: Application time: 0.0528698 seconds
2020-11-07T20:04:55.939+0800: 49.785: [CMS-concurrent-preclean-start]
2020-11-07T20:04:55.946+0800: 49.792: Application time: 0.0104869 seconds
{Heap before GC invocations=490 (full 36):
 par new generation   total 9216K, used 8781K [0x00000000e3400000, 0x00000000e3e00000, 0x00000000ecca0000)
  eden space 8192K, 100% used [0x00000000e3400000, 0x00000000e3c00000, 0x00000000e3c00000)
  from space 1024K,  57% used [0x00000000e3c00000, 0x00000000e3c93530, 0x00000000e3d00000)
  to   space 1024K,   0% used [0x00000000e3d00000, 0x00000000e3d00000, 0x00000000e3e00000)
 concurrent mark-sweep generation total 80192K, used 48458K [0x00000000ecca0000, 0x00000000f1af0000, 0x0000000100000000)
 Metaspace       used 66593K, capacity 69688K, committed 69760K, reserved 1110016K
  class space    used 8482K, capacity 9072K, committed 9088K, reserved 1048576K
2020-11-07T20:04:55.946+0800: 49.792: [GC (Allocation Failure) 2020-11-07T20:04:55.946+0800: 49.792: [ParNew: 8781K->758K(9216K), 0.0276373 secs] 57240K->49217K(89408K), 0.0277227 secs] [Times: user=0.02 sys=0.00, real=0.02 secs] 
Heap after GC invocations=491 (full 36):
 par new generation   total 9216K, used 758K [0x00000000e3400000, 0x00000000e3e00000, 0x00000000ecca0000)
  eden space 8192K,   0% used [0x00000000e3400000, 0x00000000e3400000, 0x00000000e3c00000)
  from space 1024K,  74% used [0x00000000e3d00000, 0x00000000e3dbd8f8, 0x00000000e3e00000)
  to   space 1024K,   0% used [0x00000000e3c00000, 0x00000000e3c00000, 0x00000000e3d00000)
 concurrent mark-sweep generation total 80192K, used 48458K [0x00000000ecca0000, 0x00000000f1af0000, 0x0000000100000000)
 Metaspace       used 66593K, capacity 69688K, committed 69760K, reserved 1110016K
  class space    used 8482K, capacity 9072K, committed 9088K, reserved 1048576K
}
2020-11-07T20:04:55.982+0800: 49.828: [CMS-concurrent-preclean: 0.007/0.043 secs] [Times: user=0.04 sys=0.00, real=0.04 secs] 
2020-11-07T20:04:55.982+0800: 49.828: [CMS-concurrent-abortable-preclean-start]
2020-11-07T20:04:55.994+0800: 49.840: Application time: 0.0204522 seconds
{Heap before GC invocations=491 (full 36):
 par new generation   total 9216K, used 8950K [0x00000000e3400000, 0x00000000e3e00000, 0x00000000ecca0000)
  eden space 8192K, 100% used [0x00000000e3400000, 0x00000000e3c00000, 0x00000000e3c00000)
  from space 1024K,  74% used [0x00000000e3d00000, 0x00000000e3dbd8f8, 0x00000000e3e00000)
  to   space 1024K,   0% used [0x00000000e3c00000, 0x00000000e3c00000, 0x00000000e3d00000)
 concurrent mark-sweep generation total 80192K, used 48458K [0x00000000ecca0000, 0x00000000f1af0000, 0x0000000100000000)
 Metaspace       used 66626K, capacity 69720K, committed 69888K, reserved 1110016K
  class space    used 8487K, capacity 9104K, committed 9216K, reserved 1048576K
2020-11-07T20:04:55.995+0800: 49.840: [GC (Allocation Failure) 2020-11-07T20:04:55.995+0800: 49.840: [ParNew: 8950K->613K(9216K), 0.0391970 secs] 57409K->49208K(89408K), 0.0392753 secs] [Times: user=0.04 sys=0.00, real=0.03 secs] 
Heap after GC invocations=492 (full 36):
 par new generation   total 9216K, used 613K [0x00000000e3400000, 0x00000000e3e00000, 0x00000000ecca0000)
  eden space 8192K,   0% used [0x00000000e3400000, 0x00000000e3400000, 0x00000000e3c00000)
  from space 1024K,  59% used [0x00000000e3c00000, 0x00000000e3c99560, 0x00000000e3d00000)
  to   space 1024K,   0% used [0x00000000e3d00000, 0x00000000e3d00000, 0x00000000e3e00000)
 concurrent mark-sweep generation total 80192K, used 48594K [0x00000000ecca0000, 0x00000000f1af0000, 0x0000000100000000)
 Metaspace       used 66626K, capacity 69720K, committed 69888K, reserved 1110016K
  class space    used 8487K, capacity 9104K, committed 9216K, reserved 1048576K
}
2020-11-07T20:04:56.037+0800: 49.882: [CMS-concurrent-abortable-preclean: 0.014/0.054 secs] [Times: user=0.05 sys=0.00, real=0.06 secs] 
2020-11-07T20:04:56.044+0800: 49.889: Application time: 0.0096755 seconds
2020-11-07T20:04:56.044+0800: 49.890: [GC (CMS Final Remark) [YG occupancy: 1807 K (9216 K)]2020-11-07T20:04:56.044+0800: 49.890: [Rescan (parallel) , 0.0169648 secs]2020-11-07T20:04:56.061+0800: 49.907: [weak refs processing, 0.0004787 secs]2020-11-07T20:04:56.061+0800: 49.907: [class unloading, 0.0225255 secs]2020-11-07T20:04:56.084+0800: 49.930: [scrub symbol table, 0.0242263 secs]2020-11-07T20:04:56.108+0800: 49.954: [scrub string table, 0.0014708 secs][1 CMS-remark: 48594K(80192K)] 50402K(89408K), 0.0661810 secs] [Times: user=0.07 sys=0.00, real=0.07 secs] 
2020-11-07T20:04:56.127+0800: 49.973: [CMS-concurrent-sweep-start]
2020-11-07T20:04:56.185+0800: 50.031: Application time: 0.0749067 seconds
{Heap before GC invocations=492 (full 36):
 par new generation   total 9216K, used 8805K [0x00000000e3400000, 0x00000000e3e00000, 0x00000000ecca0000)
  eden space 8192K, 100% used [0x00000000e3400000, 0x00000000e3c00000, 0x00000000e3c00000)
  from space 1024K,  59% used [0x00000000e3c00000, 0x00000000e3c99560, 0x00000000e3d00000)
  to   space 1024K,   0% used [0x00000000e3d00000, 0x00000000e3d00000, 0x00000000e3e00000)
 concurrent mark-sweep generation total 80192K, used 47825K [0x00000000ecca0000, 0x00000000f1af0000, 0x0000000100000000)
 Metaspace       used 66712K, capacity 69790K, committed 70144K, reserved 1110016K
  class space    used 8507K, capacity 9105K, committed 9216K, reserved 1048576K
2020-11-07T20:04:56.185+0800: 50.031: [GC (Allocation Failure) 2020-11-07T20:04:56.185+0800: 50.031: [ParNew: 8805K->656K(9216K), 0.0218370 secs] 56630K->48481K(89408K), 0.0219171 secs] [Times: user=0.02 sys=0.00, real=0.02 secs] 
Heap after GC invocations=493 (full 36):
 par new generation   total 9216K, used 656K [0x00000000e3400000, 0x00000000e3e00000, 0x00000000ecca0000)
  eden space 8192K,   0% used [0x00000000e3400000, 0x00000000e3400000, 0x00000000e3c00000)
  from space 1024K,  64% used [0x00000000e3d00000, 0x00000000e3da42a8, 0x00000000e3e00000)
  to   space 1024K,   0% used [0x00000000e3c00000, 0x00000000e3c00000, 0x00000000e3d00000)
 concurrent mark-sweep generation total 80192K, used 47825K [0x00000000ecca0000, 0x00000000f1af0000, 0x0000000100000000)
 Metaspace       used 66712K, capacity 69790K, committed 70144K, reserved 1110016K
  class space    used 8507K, capacity 9105K, committed 9216K, reserved 1048576K
}
2020-11-07T20:04:56.240+0800: 50.085: [CMS-concurrent-sweep: 0.087/0.113 secs] [Times: user=0.10 sys=0.01, real=0.11 secs] 
2020-11-07T20:04:56.240+0800: 50.086: [CMS-concurrent-reset-start]
2020-11-07T20:04:56.250+0800: 50.096: Application time: 0.0431516 seconds
{Heap before GC invocations=493 (full 36):
 par new generation   total 9216K, used 8848K [0x00000000e3400000, 0x00000000e3e00000, 0x00000000ecca0000)
  eden space 8192K, 100% used [0x00000000e3400000, 0x00000000e3c00000, 0x00000000e3c00000)
  from space 1024K,  64% used [0x00000000e3d00000, 0x00000000e3da42a8, 0x00000000e3e00000)
  to   space 1024K,   0% used [0x00000000e3c00000, 0x00000000e3c00000, 0x00000000e3d00000)
 concurrent mark-sweep generation total 80192K, used 46827K [0x00000000ecca0000, 0x00000000f1af0000, 0x0000000100000000)
 Metaspace       used 66572K, capacity 69620K, committed 70144K, reserved 1110016K
  class space    used 8483K, capacity 9050K, committed 9216K, reserved 1048576K
2020-11-07T20:04:56.251+0800: 50.097: [GC (Allocation Failure) 2020-11-07T20:04:56.251+0800: 50.097: [ParNew: 8848K->540K(9216K), 0.0621757 secs] 55676K->47451K(89408K), 0.0622528 secs] [Times: user=0.03 sys=0.00, real=0.06 secs] 
Heap after GC invocations=494 (full 36):
 par new generation   total 9216K, used 540K [0x00000000e3400000, 0x00000000e3e00000, 0x00000000ecca0000)
  eden space 8192K,   0% used [0x00000000e3400000, 0x00000000e3400000, 0x00000000e3c00000)
  from space 1024K,  52% used [0x00000000e3c00000, 0x00000000e3c87208, 0x00000000e3d00000)
  to   space 1024K,   0% used [0x00000000e3d00000, 0x00000000e3d00000, 0x00000000e3e00000)
 concurrent mark-sweep generation total 80192K, used 46911K [0x00000000ecca0000, 0x00000000f1af0000, 0x0000000100000000)
 Metaspace       used 66572K, capacity 69620K, committed 70144K, reserved 1110016K
  class space    used 8483K, capacity 9050K, committed 9216K, reserved 1048576K
}
2020-11-07T20:04:56.323+0800: 50.169: [CMS-concurrent-reset: 0.011/0.083 secs] [Times: user=0.04 sys=0.00, real=0.08 secs] 
2020-11-07T20:04:56.382+0800: 50.228: Application time: 0.0691791 seconds
{Heap before GC invocations=494 (full 36):
 par new generation   total 9216K, used 8732K [0x00000000e3400000, 0x00000000e3e00000, 0x00000000ecca0000)
  eden space 8192K, 100% used [0x00000000e3400000, 0x00000000e3c00000, 0x00000000e3c00000)
  from space 1024K,  52% used [0x00000000e3c00000, 0x00000000e3c87208, 0x00000000e3d00000)
  to   space 1024K,   0% used [0x00000000e3d00000, 0x00000000e3d00000, 0x00000000e3e00000)
 concurrent mark-sweep generation total 80192K, used 46911K [0x00000000ecca0000, 0x00000000f1af0000, 0x0000000100000000)
 Metaspace       used 66577K, capacity 69620K, committed 70144K, reserved 1110016K
  class space    used 8483K, capacity 9050K, committed 9216K, reserved 1048576K
2020-11-07T20:04:56.382+0800: 50.228: [GC (Allocation Failure) 2020-11-07T20:04:56.382+0800: 50.228: [ParNew: 8732K->613K(9216K), 0.0400391 secs] 55643K->47525K(89408K), 0.0401412 secs] [Times: user=0.01 sys=0.00, real=0.04 secs] 
Heap after GC invocations=495 (full 36):
 par new generation   total 9216K, used 613K [0x00000000e3400000, 0x00000000e3e00000, 0x00000000ecca0000)
  eden space 8192K,   0% used [0x00000000e3400000, 0x00000000e3400000, 0x00000000e3c00000)
  from space 1024K,  59% used [0x00000000e3d00000, 0x00000000e3d99780, 0x00000000e3e00000)
  to   space 1024K,   0% used [0x00000000e3c00000, 0x00000000e3c00000, 0x00000000e3d00000)
 concurrent mark-sweep generation total 80192K, used 46911K [0x00000000ecca0000, 0x00000000f1af0000, 0x0000000100000000)
 Metaspace       used 66577K, capacity 69620K, committed 70144K, reserved 1110016K
  class space    used 8483K, capacity 9050K, committed 9216K, reserved 1048576K
}
2020-11-07T20:04:56.722+0800: 50.568: Application time: 0.2992787 seconds
{Heap before GC invocations=495 (full 36):
 par new generation   total 9216K, used 8805K [0x00000000e3400000, 0x00000000e3e00000, 0x00000000ecca0000)
  eden space 8192K, 100% used [0x00000000e3400000, 0x00000000e3c00000, 0x00000000e3c00000)
  from space 1024K,  59% used [0x00000000e3d00000, 0x00000000e3d99780, 0x00000000e3e00000)
  to   space 1024K,   0% used [0x00000000e3c00000, 0x00000000e3c00000, 0x00000000e3d00000)
 concurrent mark-sweep generation total 80192K, used 46911K [0x00000000ecca0000, 0x00000000f1af0000, 0x0000000100000000)
 Metaspace       used 66579K, capacity 69620K, committed 70144K, reserved 1110016K
  class space    used 8483K, capacity 9050K, committed 9216K, reserved 1048576K
2020-11-07T20:04:56.908+0800: 50.754: [GC (Allocation Failure) 2020-11-07T20:04:56.908+0800: 50.754: [ParNew: 8805K->588K(9216K), 0.0229017 secs] 55717K->47499K(89408K), 0.0229700 secs] [Times: user=0.02 sys=0.00, real=0.02 secs] 
Heap after GC invocations=496 (full 36):
 par new generation   total 9216K, used 588K [0x00000000e3400000, 0x00000000e3e00000, 0x00000000ecca0000)
  eden space 8192K,   0% used [0x00000000e3400000, 0x00000000e3400000, 0x00000000e3c00000)
  from space 1024K,  57% used [0x00000000e3c00000, 0x00000000e3c93350, 0x00000000e3d00000)
  to   space 1024K,   0% used [0x00000000e3d00000, 0x00000000e3d00000, 0x00000000e3e00000)
 concurrent mark-sweep generation total 80192K, used 46911K [0x00000000ecca0000, 0x00000000f1af0000, 0x0000000100000000)
 Metaspace       used 66579K, capacity 69620K, committed 70144K, reserved 1110016K
  class space    used 8483K, capacity 9050K, committed 9216K, reserved 1048576K
}
2020-11-07T20:04:56.963+0800: 50.809: Application time: 0.0318231 seconds
{Heap before GC invocations=496 (full 36):
 par new generation   total 9216K, used 8780K [0x00000000e3400000, 0x00000000e3e00000, 0x00000000ecca0000)
  eden space 8192K, 100% used [0x00000000e3400000, 0x00000000e3c00000, 0x00000000e3c00000)
  from space 1024K,  57% used [0x00000000e3c00000, 0x00000000e3c93350, 0x00000000e3d00000)
  to   space 1024K,   0% used [0x00000000e3d00000, 0x00000000e3d00000, 0x00000000e3e00000)
 concurrent mark-sweep generation total 80192K, used 46911K [0x00000000ecca0000, 0x00000000f1af0000, 0x0000000100000000)
 Metaspace       used 66624K, capacity 69652K, committed 70144K, reserved 1110016K
  class space    used 8489K, capacity 9082K, committed 9216K, reserved 1048576K
2020-11-07T20:04:56.974+0800: 50.820: [GC (Allocation Failure) 2020-11-07T20:04:56.974+0800: 50.820: [ParNew: 8780K->625K(9216K), 0.0223427 secs] 55691K->47536K(89408K), 0.0224077 secs] [Times: user=0.02 sys=0.00, real=0.03 secs] 
Heap after GC invocations=497 (full 36):
 par new generation   total 9216K, used 625K [0x00000000e3400000, 0x00000000e3e00000, 0x00000000ecca0000)
  eden space 8192K,   0% used [0x00000000e3400000, 0x00000000e3400000, 0x00000000e3c00000)
  from space 1024K,  61% used [0x00000000e3d00000, 0x00000000e3d9c620, 0x00000000e3e00000)
  to   space 1024K,   0% used [0x00000000e3c00000, 0x00000000e3c00000, 0x00000000e3d00000)
 concurrent mark-sweep generation total 80192K, used 46911K [0x00000000ecca0000, 0x00000000f1af0000, 0x0000000100000000)
 Metaspace       used 66624K, capacity 69652K, committed 70144K, reserved 1110016K
  class space    used 8489K, capacity 9082K, committed 9216K, reserved 1048576K
}
2020-11-07T20:04:57.016+0800: 50.862: Application time: 0.0197495 seconds
{Heap before GC invocations=497 (full 36):
 par new generation   total 9216K, used 8817K [0x00000000e3400000, 0x00000000e3e00000, 0x00000000ecca0000)
  eden space 8192K, 100% used [0x00000000e3400000, 0x00000000e3c00000, 0x00000000e3c00000)
  from space 1024K,  61% used [0x00000000e3d00000, 0x00000000e3d9c620, 0x00000000e3e00000)
  to   space 1024K,   0% used [0x00000000e3c00000, 0x00000000e3c00000, 0x00000000e3d00000)
 concurrent mark-sweep generation total 80192K, used 46911K [0x00000000ecca0000, 0x00000000f1af0000, 0x0000000100000000)
 Metaspace       used 66678K, capacity 69716K, committed 70144K, reserved 1110016K
  class space    used 8497K, capacity 9082K, committed 9216K, reserved 1048576K
2020-11-07T20:04:57.017+0800: 50.862: [GC (Allocation Failure) 2020-11-07T20:04:57.017+0800: 50.862: [ParNew: 8817K->760K(9216K), 0.0204948 secs] 55728K->47725K(89408K), 0.0205841 secs] [Times: user=0.02 sys=0.00, real=0.02 secs] 
Heap after GC invocations=498 (full 36):
 par new generation   total 9216K, used 760K [0x00000000e3400000, 0x00000000e3e00000, 0x00000000ecca0000)
  eden space 8192K,   0% used [0x00000000e3400000, 0x00000000e3400000, 0x00000000e3c00000)
  from space 1024K,  74% used [0x00000000e3c00000, 0x00000000e3cbe220, 0x00000000e3d00000)
  to   space 1024K,   0% used [0x00000000e3d00000, 0x00000000e3d00000, 0x00000000e3e00000)
 concurrent mark-sweep generation total 80192K, used 46964K [0x00000000ecca0000, 0x00000000f1af0000, 0x0000000100000000)
 Metaspace       used 66678K, capacity 69716K, committed 70144K, reserved 1110016K
  class space    used 8497K, capacity 9082K, committed 9216K, reserved 1048576K
}
2020-11-07T20:04:57.090+0800: 50.936: Application time: 0.0527930 seconds
{Heap before GC invocations=498 (full 36):
 par new generation   total 9216K, used 8952K [0x00000000e3400000, 0x00000000e3e00000, 0x00000000ecca0000)
  eden space 8192K, 100% used [0x00000000e3400000, 0x00000000e3c00000, 0x00000000e3c00000)
  from space 1024K,  74% used [0x00000000e3c00000, 0x00000000e3cbe220, 0x00000000e3d00000)
  to   space 1024K,   0% used [0x00000000e3d00000, 0x00000000e3d00000, 0x00000000e3e00000)
 concurrent mark-sweep generation total 80192K, used 46964K [0x00000000ecca0000, 0x00000000f1af0000, 0x0000000100000000)
 Metaspace       used 66722K, capacity 69784K, committed 70400K, reserved 1110016K
  class space    used 8504K, capacity 9084K, committed 9216K, reserved 1048576K
2020-11-07T20:04:57.090+0800: 50.936: [GC (Allocation Failure) 2020-11-07T20:04:57.090+0800: 50.936: [ParNew: 8952K->630K(9216K), 0.0285265 secs] 55917K->47701K(89408K), 0.0285928 secs] [Times: user=0.03 sys=0.00, real=0.03 secs] 
Heap after GC invocations=499 (full 36):
 par new generation   total 9216K, used 630K [0x00000000e3400000, 0x00000000e3e00000, 0x00000000ecca0000)
  eden space 8192K,   0% used [0x00000000e3400000, 0x00000000e3400000, 0x00000000e3c00000)
  from space 1024K,  61% used [0x00000000e3d00000, 0x00000000e3d9db48, 0x00000000e3e00000)
  to   space 1024K,   0% used [0x00000000e3c00000, 0x00000000e3c00000, 0x00000000e3d00000)
 concurrent mark-sweep generation total 80192K, used 47070K [0x00000000ecca0000, 0x00000000f1af0000, 0x0000000100000000)
 Metaspace       used 66722K, capacity 69784K, committed 70400K, reserved 1110016K
  class space    used 8504K, capacity 9084K, committed 9216K, reserved 1048576K
}
2020-11-07T20:04:57.168+0800: 51.014: Application time: 0.0493543 seconds
{Heap before GC invocations=499 (full 36):
 par new generation   total 9216K, used 8822K [0x00000000e3400000, 0x00000000e3e00000, 0x00000000ecca0000)
  eden space 8192K, 100% used [0x00000000e3400000, 0x00000000e3c00000, 0x00000000e3c00000)
  from space 1024K,  61% used [0x00000000e3d00000, 0x00000000e3d9db48, 0x00000000e3e00000)
  to   space 1024K,   0% used [0x00000000e3c00000, 0x00000000e3c00000, 0x00000000e3d00000)
 concurrent mark-sweep generation total 80192K, used 47070K [0x00000000ecca0000, 0x00000000f1af0000, 0x0000000100000000)
 Metaspace       used 66741K, capacity 69798K, committed 70400K, reserved 1110016K
  class space    used 8506K, capacity 9087K, committed 9216K, reserved 1048576K
2020-11-07T20:04:57.169+0800: 51.014: [GC (Allocation Failure) 2020-11-07T20:04:57.169+0800: 51.014: [ParNew: 8822K->610K(9216K), 0.0246621 secs] 55893K->47737K(89408K), 0.0247234 secs] [Times: user=0.02 sys=0.00, real=0.02 secs] 
Heap after GC invocations=500 (full 36):
 par new generation   total 9216K, used 610K [0x00000000e3400000, 0x00000000e3e00000, 0x00000000ecca0000)
  eden space 8192K,   0% used [0x00000000e3400000, 0x00000000e3400000, 0x00000000e3c00000)
  from space 1024K,  59% used [0x00000000e3c00000, 0x00000000e3c98b70, 0x00000000e3d00000)
  to   space 1024K,   0% used [0x00000000e3d00000, 0x00000000e3d00000, 0x00000000e3e00000)
 concurrent mark-sweep generation total 80192K, used 47127K [0x00000000ecca0000, 0x00000000f1af0000, 0x0000000100000000)
 Metaspace       used 66741K, capacity 69798K, committed 70400K, reserved 1110016K
  class space    used 8506K, capacity 9087K, committed 9216K, reserved 1048576K
}
2020-11-07T20:04:57.260+0800: 51.106: Application time: 0.0667964 seconds
{Heap before GC invocations=500 (full 36):
 par new generation   total 9216K, used 8802K [0x00000000e3400000, 0x00000000e3e00000, 0x00000000ecca0000)
  eden space 8192K, 100% used [0x00000000e3400000, 0x00000000e3c00000, 0x00000000e3c00000)
  from space 1024K,  59% used [0x00000000e3c00000, 0x00000000e3c98b70, 0x00000000e3d00000)
  to   space 1024K,   0% used [0x00000000e3d00000, 0x00000000e3d00000, 0x00000000e3e00000)
 concurrent mark-sweep generation total 80192K, used 47127K [0x00000000ecca0000, 0x00000000f1af0000, 0x0000000100000000)
 Metaspace       used 66812K, capacity 69876K, committed 70400K, reserved 1110016K
  class space    used 8514K, capacity 9090K, committed 9216K, reserved 1048576K
2020-11-07T20:04:57.260+0800: 51.106: [GC (Allocation Failure) 2020-11-07T20:04:57.260+0800: 51.106: [ParNew: 8802K->705K(9216K), 0.0235685 secs] 55929K->47859K(89408K), 0.0236276 secs] [Times: user=0.02 sys=0.00, real=0.02 secs] 
Heap after GC invocations=501 (full 36):
 par new generation   total 9216K, used 705K [0x00000000e3400000, 0x00000000e3e00000, 0x00000000ecca0000)
  eden space 8192K,   0% used [0x00000000e3400000, 0x00000000e3400000, 0x00000000e3c00000)
  from space 1024K,  68% used [0x00000000e3d00000, 0x00000000e3db06c8, 0x00000000e3e00000)
  to   space 1024K,   0% used [0x00000000e3c00000, 0x00000000e3c00000, 0x00000000e3d00000)
 concurrent mark-sweep generation total 80192K, used 47154K [0x00000000ecca0000, 0x00000000f1af0000, 0x0000000100000000)
 Metaspace       used 66812K, capacity 69876K, committed 70400K, reserved 1110016K
  class space    used 8514K, capacity 9090K, committed 9216K, reserved 1048576K
}
2020-11-07T20:04:57.333+0800: 51.178: Application time: 0.0486792 seconds
{Heap before GC invocations=501 (full 36):
 par new generation   total 9216K, used 8897K [0x00000000e3400000, 0x00000000e3e00000, 0x00000000ecca0000)
  eden space 8192K, 100% used [0x00000000e3400000, 0x00000000e3c00000, 0x00000000e3c00000)
  from space 1024K,  68% used [0x00000000e3d00000, 0x00000000e3db06c8, 0x00000000e3e00000)
  to   space 1024K,   0% used [0x00000000e3c00000, 0x00000000e3c00000, 0x00000000e3d00000)
 concurrent mark-sweep generation total 80192K, used 47154K [0x00000000ecca0000, 0x00000000f1af0000, 0x0000000100000000)
 Metaspace       used 66821K, capacity 69882K, committed 70400K, reserved 1110016K
  class space    used 8515K, capacity 9091K, committed 9216K, reserved 1048576K
2020-11-07T20:04:57.333+0800: 51.179: [GC (Allocation Failure) 2020-11-07T20:04:57.333+0800: 51.179: [ParNew: 8897K->668K(9216K), 0.0240566 secs] 56051K->47924K(89408K), 0.0241250 secs] [Times: user=0.02 sys=0.00, real=0.03 secs] 
Heap after GC invocations=502 (full 36):
 par new generation   total 9216K, used 668K [0x00000000e3400000, 0x00000000e3e00000, 0x00000000ecca0000)
  eden space 8192K,   0% used [0x00000000e3400000, 0x00000000e3400000, 0x00000000e3c00000)
  from space 1024K,  65% used [0x00000000e3c00000, 0x00000000e3ca7298, 0x00000000e3d00000)
  to   space 1024K,   0% used [0x00000000e3d00000, 0x00000000e3d00000, 0x00000000e3e00000)
 concurrent mark-sweep generation total 80192K, used 47255K [0x00000000ecca0000, 0x00000000f1af0000, 0x0000000100000000)
 Metaspace       used 66821K, capacity 69882K, committed 70400K, reserved 1110016K
  class space    used 8515K, capacity 9091K, committed 9216K, reserved 1048576K
}
2020-11-07T20:04:57.375+0800: 51.221: Application time: 0.0180299 seconds
{Heap before GC invocations=502 (full 36):
 par new generation   total 9216K, used 8860K [0x00000000e3400000, 0x00000000e3e00000, 0x00000000ecca0000)
  eden space 8192K, 100% used [0x00000000e3400000, 0x00000000e3c00000, 0x00000000e3c00000)
  from space 1024K,  65% used [0x00000000e3c00000, 0x00000000e3ca7298, 0x00000000e3d00000)
  to   space 1024K,   0% used [0x00000000e3d00000, 0x00000000e3d00000, 0x00000000e3e00000)
 concurrent mark-sweep generation total 80192K, used 47255K [0x00000000ecca0000, 0x00000000f1af0000, 0x0000000100000000)
 Metaspace       used 66825K, capacity 69882K, committed 70400K, reserved 1110016K
  class space    used 8515K, capacity 9091K, committed 9216K, reserved 1048576K
2020-11-07T20:04:57.375+0800: 51.221: [GC (Allocation Failure) 2020-11-07T20:04:57.375+0800: 51.221: [ParNew: 8860K->617K(9216K), 0.0384445 secs] 56116K->47873K(89408K), 0.0385039 secs] [Times: user=0.04 sys=0.00, real=0.03 secs] 
Heap after GC invocations=503 (full 36):
 par new generation   total 9216K, used 617K [0x00000000e3400000, 0x00000000e3e00000, 0x00000000ecca0000)
  eden space 8192K,   0% used [0x00000000e3400000, 0x00000000e3400000, 0x00000000e3c00000)
  from space 1024K,  60% used [0x00000000e3d00000, 0x00000000e3d9a5b0, 0x00000000e3e00000)
  to   space 1024K,   0% used [0x00000000e3c00000, 0x00000000e3c00000, 0x00000000e3d00000)
 concurrent mark-sweep generation total 80192K, used 47255K [0x00000000ecca0000, 0x00000000f1af0000, 0x0000000100000000)
 Metaspace       used 66825K, capacity 69882K, committed 70400K, reserved 1110016K
  class space    used 8515K, capacity 9091K, committed 9216K, reserved 1048576K
}
2020-11-07T20:04:57.431+0800: 51.277: Application time: 0.0171252 seconds
{Heap before GC invocations=503 (full 36):
 par new generation   total 9216K, used 8809K [0x00000000e3400000, 0x00000000e3e00000, 0x00000000ecca0000)
  eden space 8192K, 100% used [0x00000000e3400000, 0x00000000e3c00000, 0x00000000e3c00000)
  from space 1024K,  60% used [0x00000000e3d00000, 0x00000000e3d9a5b0, 0x00000000e3e00000)
  to   space 1024K,   0% used [0x00000000e3c00000, 0x00000000e3c00000, 0x00000000e3d00000)
 concurrent mark-sweep generation total 80192K, used 47255K [0x00000000ecca0000, 0x00000000f1af0000, 0x0000000100000000)
 Metaspace       used 66837K, capacity 69882K, committed 70400K, reserved 1110016K
  class space    used 8517K, capacity 9091K, committed 9216K, reserved 1048576K
2020-11-07T20:04:57.431+0800: 51.277: [GC (Allocation Failure) 2020-11-07T20:04:57.431+0800: 51.277: [ParNew: 8809K->642K(9216K), 0.0366605 secs] 56065K->47954K(89408K), 0.0367218 secs] [Times: user=0.04 sys=0.00, real=0.04 secs] 
Heap after GC invocations=504 (full 36):
 par new generation   total 9216K, used 642K [0x00000000e3400000, 0x00000000e3e00000, 0x00000000ecca0000)
  eden space 8192K,   0% used [0x00000000e3400000, 0x00000000e3400000, 0x00000000e3c00000)
  from space 1024K,  62% used [0x00000000e3c00000, 0x00000000e3ca09d0, 0x00000000e3d00000)
  to   space 1024K,   0% used [0x00000000e3d00000, 0x00000000e3d00000, 0x00000000e3e00000)
 concurrent mark-sweep generation total 80192K, used 47312K [0x00000000ecca0000, 0x00000000f1af0000, 0x0000000100000000)
 Metaspace       used 66837K, capacity 69882K, committed 70400K, reserved 1110016K
  class space    used 8517K, capacity 9091K, committed 9216K, reserved 1048576K
}
2020-11-07T20:04:57.507+0800: 51.353: Application time: 0.0394747 seconds
{Heap before GC invocations=504 (full 36):
 par new generation   total 9216K, used 8834K [0x00000000e3400000, 0x00000000e3e00000, 0x00000000ecca0000)
  eden space 8192K, 100% used [0x00000000e3400000, 0x00000000e3c00000, 0x00000000e3c00000)
  from space 1024K,  62% used [0x00000000e3c00000, 0x00000000e3ca09d0, 0x00000000e3d00000)
  to   space 1024K,   0% used [0x00000000e3d00000, 0x00000000e3d00000, 0x00000000e3e00000)
 concurrent mark-sweep generation total 80192K, used 47312K [0x00000000ecca0000, 0x00000000f1af0000, 0x0000000100000000)
 Metaspace       used 66849K, capacity 69882K, committed 70400K, reserved 1110016K
  class space    used 8518K, capacity 9091K, committed 9216K, reserved 1048576K
2020-11-07T20:04:57.508+0800: 51.354: [GC (Allocation Failure) 2020-11-07T20:04:57.508+0800: 51.354: [ParNew: 8834K->630K(9216K), 0.0250477 secs] 56146K->47979K(89408K), 0.0251181 secs] [Times: user=0.02 sys=0.00, real=0.02 secs] 
Heap after GC invocations=505 (full 36):
 par new generation   total 9216K, used 630K [0x00000000e3400000, 0x00000000e3e00000, 0x00000000ecca0000)
  eden space 8192K,   0% used [0x00000000e3400000, 0x00000000e3400000, 0x00000000e3c00000)
  from space 1024K,  61% used [0x00000000e3d00000, 0x00000000e3d9d918, 0x00000000e3e00000)
  to   space 1024K,   0% used [0x00000000e3c00000, 0x00000000e3c00000, 0x00000000e3d00000)
 concurrent mark-sweep generation total 80192K, used 47349K [0x00000000ecca0000, 0x00000000f1af0000, 0x0000000100000000)
 Metaspace       used 66849K, capacity 69882K, committed 70400K, reserved 1110016K
  class space    used 8518K, capacity 9091K, committed 9216K, reserved 1048576K
}
2020-11-07T20:04:57.565+0800: 51.411: Application time: 0.0325956 seconds
{Heap before GC invocations=505 (full 36):
 par new generation   total 9216K, used 8822K [0x00000000e3400000, 0x00000000e3e00000, 0x00000000ecca0000)
  eden space 8192K, 100% used [0x00000000e3400000, 0x00000000e3c00000, 0x00000000e3c00000)
  from space 1024K,  61% used [0x00000000e3d00000, 0x00000000e3d9d918, 0x00000000e3e00000)
  to   space 1024K,   0% used [0x00000000e3c00000, 0x00000000e3c00000, 0x00000000e3d00000)
 concurrent mark-sweep generation total 80192K, used 47349K [0x00000000ecca0000, 0x00000000f1af0000, 0x0000000100000000)
 Metaspace       used 66858K, capacity 69882K, committed 70400K, reserved 1110016K
  class space    used 8519K, capacity 9091K, committed 9216K, reserved 1048576K
2020-11-07T20:04:57.566+0800: 51.411: [GC (Allocation Failure) 2020-11-07T20:04:57.566+0800: 51.412: [ParNew: 8822K->780K(9216K), 0.0332208 secs] 56171K->48153K(89408K), 0.0332780 secs] [Times: user=0.04 sys=0.00, real=0.03 secs] 
Heap after GC invocations=506 (full 36):
 par new generation   total 9216K, used 780K [0x00000000e3400000, 0x00000000e3e00000, 0x00000000ecca0000)
  eden space 8192K,   0% used [0x00000000e3400000, 0x00000000e3400000, 0x00000000e3c00000)
  from space 1024K,  76% used [0x00000000e3c00000, 0x00000000e3cc3220, 0x00000000e3d00000)
  to   space 1024K,   0% used [0x00000000e3d00000, 0x00000000e3d00000, 0x00000000e3e00000)
 concurrent mark-sweep generation total 80192K, used 47373K [0x00000000ecca0000, 0x00000000f1af0000, 0x0000000100000000)
 Metaspace       used 66858K, capacity 69882K, committed 70400K, reserved 1110016K
  class space    used 8519K, capacity 9091K, committed 9216K, reserved 1048576K
}
2020-11-07T20:04:57.671+0800: 51.517: Application time: 0.0718737 seconds
{Heap before GC invocations=506 (full 36):
 par new generation   total 9216K, used 8972K [0x00000000e3400000, 0x00000000e3e00000, 0x00000000ecca0000)
  eden space 8192K, 100% used [0x00000000e3400000, 0x00000000e3c00000, 0x00000000e3c00000)
  from space 1024K,  76% used [0x00000000e3c00000, 0x00000000e3cc3220, 0x00000000e3d00000)
  to   space 1024K,   0% used [0x00000000e3d00000, 0x00000000e3d00000, 0x00000000e3e00000)
 concurrent mark-sweep generation total 80192K, used 47373K [0x00000000ecca0000, 0x00000000f1af0000, 0x0000000100000000)
 Metaspace       used 66912K, capacity 69958K, committed 70400K, reserved 1110016K
  class space    used 8522K, capacity 9093K, committed 9216K, reserved 1048576K
2020-11-07T20:04:57.671+0800: 51.517: [GC (Allocation Failure) 2020-11-07T20:04:57.671+0800: 51.517: [ParNew: 8972K->1024K(9216K), 0.0223781 secs] 56345K->48515K(89408K), 0.0224385 secs] [Times: user=0.02 sys=0.00, real=0.02 secs] 
Heap after GC invocations=507 (full 36):
 par new generation   total 9216K, used 1024K [0x00000000e3400000, 0x00000000e3e00000, 0x00000000ecca0000)
  eden space 8192K,   0% used [0x00000000e3400000, 0x00000000e3400000, 0x00000000e3c00000)
  from space 1024K, 100% used [0x00000000e3d00000, 0x00000000e3e00000, 0x00000000e3e00000)
  to   space 1024K,   0% used [0x00000000e3c00000, 0x00000000e3c00000, 0x00000000e3d00000)
 concurrent mark-sweep generation total 80192K, used 47491K [0x00000000ecca0000, 0x00000000f1af0000, 0x0000000100000000)
 Metaspace       used 66912K, capacity 69958K, committed 70400K, reserved 1110016K
  class space    used 8522K, capacity 9093K, committed 9216K, reserved 1048576K
}
2020-11-07T20:04:57.773+0800: 51.619: Application time: 0.0795509 seconds
{Heap before GC invocations=507 (full 36):
 par new generation   total 9216K, used 9216K [0x00000000e3400000, 0x00000000e3e00000, 0x00000000ecca0000)
  eden space 8192K, 100% used [0x00000000e3400000, 0x00000000e3c00000, 0x00000000e3c00000)
  from space 1024K, 100% used [0x00000000e3d00000, 0x00000000e3e00000, 0x00000000e3e00000)
  to   space 1024K,   0% used [0x00000000e3c00000, 0x00000000e3c00000, 0x00000000e3d00000)
 concurrent mark-sweep generation total 80192K, used 47491K [0x00000000ecca0000, 0x00000000f1af0000, 0x0000000100000000)
 Metaspace       used 66990K, capacity 70034K, committed 70400K, reserved 1110016K
  class space    used 8526K, capacity 9095K, committed 9216K, reserved 1048576K
2020-11-07T20:04:57.773+0800: 51.619: [GC (Allocation Failure) 2020-11-07T20:04:57.773+0800: 51.619: [ParNew: 9216K->754K(9216K), 0.0426594 secs] 56707K->48559K(89408K), 0.0427259 secs] [Times: user=0.05 sys=0.00, real=0.05 secs] 
Heap after GC invocations=508 (full 36):
 par new generation   total 9216K, used 754K [0x00000000e3400000, 0x00000000e3e00000, 0x00000000ecca0000)
  eden space 8192K,   0% used [0x00000000e3400000, 0x00000000e3400000, 0x00000000e3c00000)
  from space 1024K,  73% used [0x00000000e3c00000, 0x00000000e3cbcbb8, 0x00000000e3d00000)
  to   space 1024K,   0% used [0x00000000e3d00000, 0x00000000e3d00000, 0x00000000e3e00000)
 concurrent mark-sweep generation total 80192K, used 47804K [0x00000000ecca0000, 0x00000000f1af0000, 0x0000000100000000)
 Metaspace       used 66990K, capacity 70034K, committed 70400K, reserved 1110016K
  class space    used 8526K, capacity 9095K, committed 9216K, reserved 1048576K
}
2020-11-07T20:04:57.898+0800: 51.744: Application time: 0.0816022 seconds
{Heap before GC invocations=508 (full 36):
 par new generation   total 9216K, used 8946K [0x00000000e3400000, 0x00000000e3e00000, 0x00000000ecca0000)
  eden space 8192K, 100% used [0x00000000e3400000, 0x00000000e3c00000, 0x00000000e3c00000)
  from space 1024K,  73% used [0x00000000e3c00000, 0x00000000e3cbcbb8, 0x00000000e3d00000)
  to   space 1024K,   0% used [0x00000000e3d00000, 0x00000000e3d00000, 0x00000000e3e00000)
 concurrent mark-sweep generation total 80192K, used 47804K [0x00000000ecca0000, 0x00000000f1af0000, 0x0000000100000000)
 Metaspace       used 67089K, capacity 70154K, committed 70656K, reserved 1110016K
  class space    used 8535K, capacity 9131K, committed 9216K, reserved 1048576K
2020-11-07T20:04:57.898+0800: 51.744: [GC (Allocation Failure) 2020-11-07T20:04:57.898+0800: 51.744: [ParNew: 8946K->700K(9216K), 0.0298487 secs] 56751K->48505K(89408K), 0.0299085 secs] [Times: user=0.03 sys=0.00, real=0.03 secs] 
Heap after GC invocations=509 (full 36):
 par new generation   total 9216K, used 700K [0x00000000e3400000, 0x00000000e3e00000, 0x00000000ecca0000)
  eden space 8192K,   0% used [0x00000000e3400000, 0x00000000e3400000, 0x00000000e3c00000)
  from space 1024K,  68% used [0x00000000e3d00000, 0x00000000e3daf288, 0x00000000e3e00000)
  to   space 1024K,   0% used [0x00000000e3c00000, 0x00000000e3c00000, 0x00000000e3d00000)
 concurrent mark-sweep generation total 80192K, used 47804K [0x00000000ecca0000, 0x00000000f1af0000, 0x0000000100000000)
 Metaspace       used 67089K, capacity 70154K, committed 70656K, reserved 1110016K
  class space    used 8535K, capacity 9131K, committed 9216K, reserved 1048576K
}
2020-11-07T20:04:57.979+0800: 51.825: Application time: 0.0510864 seconds
{Heap before GC invocations=509 (full 36):
 par new generation   total 9216K, used 8892K [0x00000000e3400000, 0x00000000e3e00000, 0x00000000ecca0000)
  eden space 8192K, 100% used [0x00000000e3400000, 0x00000000e3c00000, 0x00000000e3c00000)
  from space 1024K,  68% used [0x00000000e3d00000, 0x00000000e3daf288, 0x00000000e3e00000)
  to   space 1024K,   0% used [0x00000000e3c00000, 0x00000000e3c00000, 0x00000000e3d00000)
 concurrent mark-sweep generation total 80192K, used 47804K [0x00000000ecca0000, 0x00000000f1af0000, 0x0000000100000000)
 Metaspace       used 67122K, capacity 70224K, committed 70656K, reserved 1110016K
  class space    used 8536K, capacity 9132K, committed 9216K, reserved 1048576K
2020-11-07T20:04:57.979+0800: 51.825: [GC (Allocation Failure) 2020-11-07T20:04:57.979+0800: 51.825: [ParNew: 8892K->741K(9216K), 0.0194920 secs] 56697K->48600K(89408K), 0.0195596 secs] [Times: user=0.02 sys=0.00, real=0.02 secs] 
Heap after GC invocations=510 (full 36):
 par new generation   total 9216K, used 741K [0x00000000e3400000, 0x00000000e3e00000, 0x00000000ecca0000)
  eden space 8192K,   0% used [0x00000000e3400000, 0x00000000e3400000, 0x00000000e3c00000)
  from space 1024K,  72% used [0x00000000e3c00000, 0x00000000e3cb9770, 0x00000000e3d00000)
  to   space 1024K,   0% used [0x00000000e3d00000, 0x00000000e3d00000, 0x00000000e3e00000)
 concurrent mark-sweep generation total 80192K, used 47858K [0x00000000ecca0000, 0x00000000f1af0000, 0x0000000100000000)
 Metaspace       used 67122K, capacity 70224K, committed 70656K, reserved 1110016K
  class space    used 8536K, capacity 9132K, committed 9216K, reserved 1048576K
}
2020-11-07T20:04:58.036+0800: 51.882: Application time: 0.0369734 seconds
{Heap before GC invocations=510 (full 36):
 par new generation   total 9216K, used 8933K [0x00000000e3400000, 0x00000000e3e00000, 0x00000000ecca0000)
  eden space 8192K, 100% used [0x00000000e3400000, 0x00000000e3c00000, 0x00000000e3c00000)
  from space 1024K,  72% used [0x00000000e3c00000, 0x00000000e3cb9770, 0x00000000e3d00000)
  to   space 1024K,   0% used [0x00000000e3d00000, 0x00000000e3d00000, 0x00000000e3e00000)
 concurrent mark-sweep generation total 80192K, used 47858K [0x00000000ecca0000, 0x00000000f1af0000, 0x0000000100000000)
 Metaspace       used 67156K, capacity 70230K, committed 70656K, reserved 1110016K
  class space    used 8540K, capacity 9133K, committed 9216K, reserved 1048576K
2020-11-07T20:04:58.036+0800: 51.882: [GC (Allocation Failure) 2020-11-07T20:04:58.036+0800: 51.882: [ParNew: 8933K->649K(9216K), 0.0407594 secs] 56792K->48599K(89408K), 0.0408225 secs] [Times: user=0.04 sys=0.00, real=0.04 secs] 
Heap after GC invocations=511 (full 36):
 par new generation   total 9216K, used 649K [0x00000000e3400000, 0x00000000e3e00000, 0x00000000ecca0000)
  eden space 8192K,   0% used [0x00000000e3400000, 0x00000000e3400000, 0x00000000e3c00000)
  from space 1024K,  63% used [0x00000000e3d00000, 0x00000000e3da2748, 0x00000000e3e00000)
  to   space 1024K,   0% used [0x00000000e3c00000, 0x00000000e3c00000, 0x00000000e3d00000)
 concurrent mark-sweep generation total 80192K, used 47949K [0x00000000ecca0000, 0x00000000f1af0000, 0x0000000100000000)
 Metaspace       used 67156K, capacity 70230K, committed 70656K, reserved 1110016K
  class space    used 8540K, capacity 9133K, committed 9216K, reserved 1048576K
}
2020-11-07T20:04:58.137+0800: 51.983: Application time: 0.0601790 seconds
{Heap before GC invocations=511 (full 36):
 par new generation   total 9216K, used 8841K [0x00000000e3400000, 0x00000000e3e00000, 0x00000000ecca0000)
  eden space 8192K, 100% used [0x00000000e3400000, 0x00000000e3c00000, 0x00000000e3c00000)
  from space 1024K,  63% used [0x00000000e3d00000, 0x00000000e3da2748, 0x00000000e3e00000)
  to   space 1024K,   0% used [0x00000000e3c00000, 0x00000000e3c00000, 0x00000000e3d00000)
 concurrent mark-sweep generation total 80192K, used 47949K [0x00000000ecca0000, 0x00000000f1af0000, 0x0000000100000000)
 Metaspace       used 67262K, capacity 70298K, committed 70656K, reserved 1110016K
  class space    used 8552K, capacity 9135K, committed 9216K, reserved 1048576K
2020-11-07T20:04:58.137+0800: 51.983: [GC (Allocation Failure) 2020-11-07T20:04:58.138+0800: 51.983: [ParNew: 8841K->725K(9216K), 0.0250959 secs] 56791K->48789K(89408K), 0.0251554 secs] [Times: user=0.03 sys=0.00, real=0.02 secs] 
Heap after GC invocations=512 (full 36):
 par new generation   total 9216K, used 725K [0x00000000e3400000, 0x00000000e3e00000, 0x00000000ecca0000)
  eden space 8192K,   0% used [0x00000000e3400000, 0x00000000e3400000, 0x00000000e3c00000)
  from space 1024K,  70% used [0x00000000e3c00000, 0x00000000e3cb54b8, 0x00000000e3d00000)
  to   space 1024K,   0% used [0x00000000e3d00000, 0x00000000e3d00000, 0x00000000e3e00000)
 concurrent mark-sweep generation total 80192K, used 48063K [0x00000000ecca0000, 0x00000000f1af0000, 0x0000000100000000)
 Metaspace       used 67262K, capacity 70298K, committed 70656K, reserved 1110016K
  class space    used 8552K, capacity 9135K, committed 9216K, reserved 1048576K
}
2020-11-07T20:04:58.188+0800: 52.034: Application time: 0.0254868 seconds
{Heap before GC invocations=512 (full 36):
 par new generation   total 9216K, used 8917K [0x00000000e3400000, 0x00000000e3e00000, 0x00000000ecca0000)
  eden space 8192K, 100% used [0x00000000e3400000, 0x00000000e3c00000, 0x00000000e3c00000)
  from space 1024K,  70% used [0x00000000e3c00000, 0x00000000e3cb54b8, 0x00000000e3d00000)
  to   space 1024K,   0% used [0x00000000e3d00000, 0x00000000e3d00000, 0x00000000e3e00000)
 concurrent mark-sweep generation total 80192K, used 48063K [0x00000000ecca0000, 0x00000000f1af0000, 0x0000000100000000)
 Metaspace       used 67269K, capacity 70362K, committed 70656K, reserved 1110016K
  class space    used 8553K, capacity 9135K, committed 9216K, reserved 1048576K
2020-11-07T20:04:58.188+0800: 52.034: [GC (Allocation Failure) 2020-11-07T20:04:58.188+0800: 52.034: [ParNew: 8917K->592K(9216K), 0.0218383 secs] 56981K->48778K(89408K), 0.0218954 secs] [Times: user=0.02 sys=0.00, real=0.02 secs] 
Heap after GC invocations=513 (full 36):
 par new generation   total 9216K, used 592K [0x00000000e3400000, 0x00000000e3e00000, 0x00000000ecca0000)
  eden space 8192K,   0% used [0x00000000e3400000, 0x00000000e3400000, 0x00000000e3c00000)
  from space 1024K,  57% used [0x00000000e3d00000, 0x00000000e3d94360, 0x00000000e3e00000)
  to   space 1024K,   0% used [0x00000000e3c00000, 0x00000000e3c00000, 0x00000000e3d00000)
 concurrent mark-sweep generation total 80192K, used 48185K [0x00000000ecca0000, 0x00000000f1af0000, 0x0000000100000000)
 Metaspace       used 67269K, capacity 70362K, committed 70656K, reserved 1110016K
  class space    used 8553K, capacity 9135K, committed 9216K, reserved 1048576K
}
2020-11-07T20:04:58.222+0800: 52.067: Application time: 0.0111663 seconds
2020-11-07T20:04:58.222+0800: 52.068: [GC (CMS Initial Mark) [1 CMS-initial-mark: 48185K(80192K)] 49946K(89408K), 0.0058608 secs] [Times: user=0.01 sys=0.00, real=0.01 secs] 
2020-11-07T20:04:58.228+0800: 52.074: [CMS-concurrent-mark-start]
2020-11-07T20:04:58.249+0800: 52.094: Application time: 0.0208610 seconds
2020-11-07T20:04:58.287+0800: 52.132: Application time: 0.0378464 seconds
{Heap before GC invocations=513 (full 37):
 par new generation   total 9216K, used 8784K [0x00000000e3400000, 0x00000000e3e00000, 0x00000000ecca0000)
  eden space 8192K, 100% used [0x00000000e3400000, 0x00000000e3c00000, 0x00000000e3c00000)
  from space 1024K,  57% used [0x00000000e3d00000, 0x00000000e3d94360, 0x00000000e3e00000)
  to   space 1024K,   0% used [0x00000000e3c00000, 0x00000000e3c00000, 0x00000000e3d00000)
 concurrent mark-sweep generation total 80192K, used 48185K [0x00000000ecca0000, 0x00000000f1af0000, 0x0000000100000000)
 Metaspace       used 67291K, capacity 70362K, committed 70656K, reserved 1110016K
  class space    used 8556K, capacity 9135K, committed 9216K, reserved 1048576K
2020-11-07T20:04:58.287+0800: 52.133: [GC (Allocation Failure) 2020-11-07T20:04:58.287+0800: 52.133: [ParNew: 8784K->642K(9216K), 0.0300859 secs] 56970K->48828K(89408K), 0.0301670 secs] [Times: user=0.03 sys=0.00, real=0.03 secs] 
Heap after GC invocations=514 (full 37):
 par new generation   total 9216K, used 642K [0x00000000e3400000, 0x00000000e3e00000, 0x00000000ecca0000)
  eden space 8192K,   0% used [0x00000000e3400000, 0x00000000e3400000, 0x00000000e3c00000)
  from space 1024K,  62% used [0x00000000e3c00000, 0x00000000e3ca0b00, 0x00000000e3d00000)
  to   space 1024K,   0% used [0x00000000e3d00000, 0x00000000e3d00000, 0x00000000e3e00000)
 concurrent mark-sweep generation total 80192K, used 48185K [0x00000000ecca0000, 0x00000000f1af0000, 0x0000000100000000)
 Metaspace       used 67291K, capacity 70362K, committed 70656K, reserved 1110016K
  class space    used 8556K, capacity 9135K, committed 9216K, reserved 1048576K
}
2020-11-07T20:04:58.361+0800: 52.207: Application time: 0.0443663 seconds
{Heap before GC invocations=514 (full 37):
 par new generation   total 9216K, used 8834K [0x00000000e3400000, 0x00000000e3e00000, 0x00000000ecca0000)
  eden space 8192K, 100% used [0x00000000e3400000, 0x00000000e3c00000, 0x00000000e3c00000)
  from space 1024K,  62% used [0x00000000e3c00000, 0x00000000e3ca0b00, 0x00000000e3d00000)
  to   space 1024K,   0% used [0x00000000e3d00000, 0x00000000e3d00000, 0x00000000e3e00000)
 concurrent mark-sweep generation total 80192K, used 48185K [0x00000000ecca0000, 0x00000000f1af0000, 0x0000000100000000)
 Metaspace       used 67343K, capacity 70458K, committed 70912K, reserved 1112064K
  class space    used 8564K, capacity 9167K, committed 9216K, reserved 1048576K
2020-11-07T20:04:58.362+0800: 52.207: [GC (Allocation Failure) 2020-11-07T20:04:58.362+0800: 52.207: [ParNew: 8834K->740K(9216K), 0.0174680 secs] 57020K->49037K(89408K), 0.0175483 secs] [Times: user=0.02 sys=0.01, real=0.02 secs] 
Heap after GC invocations=515 (full 37):
 par new generation   total 9216K, used 740K [0x00000000e3400000, 0x00000000e3e00000, 0x00000000ecca0000)
  eden space 8192K,   0% used [0x00000000e3400000, 0x00000000e3400000, 0x00000000e3c00000)
  from space 1024K,  72% used [0x00000000e3d00000, 0x00000000e3db92f8, 0x00000000e3e00000)
  to   space 1024K,   0% used [0x00000000e3c00000, 0x00000000e3c00000, 0x00000000e3d00000)
 concurrent mark-sweep generation total 80192K, used 48297K [0x00000000ecca0000, 0x00000000f1af0000, 0x0000000100000000)
 Metaspace       used 67343K, capacity 70458K, committed 70912K, reserved 1112064K
  class space    used 8564K, capacity 9167K, committed 9216K, reserved 1048576K
}
2020-11-07T20:04:58.756+0800: 52.602: [CMS-concurrent-mark: 0.473/0.529 secs] [Times: user=0.51 sys=0.02, real=0.53 secs] 
2020-11-07T20:04:58.757+0800: 52.602: [CMS-concurrent-preclean-start]
2020-11-07T20:04:58.771+0800: 52.617: [CMS-concurrent-preclean: 0.014/0.014 secs] [Times: user=0.01 sys=0.00, real=0.01 secs] 
2020-11-07T20:04:58.771+0800: 52.617: [CMS-concurrent-abortable-preclean-start]
2020-11-07T20:04:58.928+0800: 52.774: Application time: 0.5493047 seconds
{Heap before GC invocations=515 (full 37):
 par new generation   total 9216K, used 8932K [0x00000000e3400000, 0x00000000e3e00000, 0x00000000ecca0000)
  eden space 8192K, 100% used [0x00000000e3400000, 0x00000000e3c00000, 0x00000000e3c00000)
  from space 1024K,  72% used [0x00000000e3d00000, 0x00000000e3db92f8, 0x00000000e3e00000)
  to   space 1024K,   0% used [0x00000000e3c00000, 0x00000000e3c00000, 0x00000000e3d00000)
 concurrent mark-sweep generation total 80192K, used 48297K [0x00000000ecca0000, 0x00000000f1af0000, 0x0000000100000000)
 Metaspace       used 67563K, capacity 70650K, committed 70912K, reserved 1112064K
  class space    used 8592K, capacity 9167K, committed 9216K, reserved 1048576K
2020-11-07T20:04:58.929+0800: 52.774: [GC (Allocation Failure) 2020-11-07T20:04:58.929+0800: 52.774: [ParNew: 8932K->795K(9216K), 0.0456458 secs] 57229K->49092K(89408K), 0.0457354 secs] [Times: user=0.05 sys=0.00, real=0.04 secs] 
Heap after GC invocations=516 (full 37):
 par new generation   total 9216K, used 795K [0x00000000e3400000, 0x00000000e3e00000, 0x00000000ecca0000)
  eden space 8192K,   0% used [0x00000000e3400000, 0x00000000e3400000, 0x00000000e3c00000)
  from space 1024K,  77% used [0x00000000e3c00000, 0x00000000e3cc6e00, 0x00000000e3d00000)
  to   space 1024K,   0% used [0x00000000e3d00000, 0x00000000e3d00000, 0x00000000e3e00000)
 concurrent mark-sweep generation total 80192K, used 48297K [0x00000000ecca0000, 0x00000000f1af0000, 0x0000000100000000)
 Metaspace       used 67563K, capacity 70650K, committed 70912K, reserved 1112064K
  class space    used 8592K, capacity 9167K, committed 9216K, reserved 1048576K
}
2020-11-07T20:04:59.033+0800: 52.879: Application time: 0.0582144 seconds
{Heap before GC invocations=516 (full 37):
 par new generation   total 9216K, used 8987K [0x00000000e3400000, 0x00000000e3e00000, 0x00000000ecca0000)
  eden space 8192K, 100% used [0x00000000e3400000, 0x00000000e3c00000, 0x00000000e3c00000)
  from space 1024K,  77% used [0x00000000e3c00000, 0x00000000e3cc6e00, 0x00000000e3d00000)
  to   space 1024K,   0% used [0x00000000e3d00000, 0x00000000e3d00000, 0x00000000e3e00000)
 concurrent mark-sweep generation total 80192K, used 48297K [0x00000000ecca0000, 0x00000000f1af0000, 0x0000000100000000)
 Metaspace       used 67697K, capacity 70750K, committed 71296K, reserved 1112064K
  class space    used 8619K, capacity 9201K, committed 9344K, reserved 1048576K
2020-11-07T20:04:59.033+0800: 52.879: [GC (Allocation Failure) 2020-11-07T20:04:59.033+0800: 52.879: [ParNew: 8987K->602K(9216K), 0.0367155 secs] 57284K->49147K(89408K), 0.0367725 secs] [Times: user=0.04 sys=0.01, real=0.04 secs] 
Heap after GC invocations=517 (full 37):
 par new generation   total 9216K, used 602K [0x00000000e3400000, 0x00000000e3e00000, 0x00000000ecca0000)
  eden space 8192K,   0% used [0x00000000e3400000, 0x00000000e3400000, 0x00000000e3c00000)
  from space 1024K,  58% used [0x00000000e3d00000, 0x00000000e3d96b08, 0x00000000e3e00000)
  to   space 1024K,   0% used [0x00000000e3c00000, 0x00000000e3c00000, 0x00000000e3d00000)
 concurrent mark-sweep generation total 80192K, used 48545K [0x00000000ecca0000, 0x00000000f1af0000, 0x0000000100000000)
 Metaspace       used 67697K, capacity 70750K, committed 71296K, reserved 1112064K
  class space    used 8619K, capacity 9201K, committed 9344K, reserved 1048576K
}
2020-11-07T20:04:59.070+0800: 52.916: [CMS-concurrent-abortable-preclean: 0.046/0.299 secs] [Times: user=0.29 sys=0.01, real=0.30 secs] 
2020-11-07T20:04:59.075+0800: 52.920: Application time: 0.0049745 seconds
2020-11-07T20:04:59.075+0800: 52.921: [GC (CMS Final Remark) [YG occupancy: 2120 K (9216 K)]2020-11-07T20:04:59.075+0800: 52.921: [Rescan (parallel) , 0.0145298 secs]2020-11-07T20:04:59.089+0800: 52.935: [weak refs processing, 0.0003454 secs]2020-11-07T20:04:59.090+0800: 52.936: [class unloading, 0.0208064 secs]2020-11-07T20:04:59.111+0800: 52.956: [scrub symbol table, 0.0270857 secs]2020-11-07T20:04:59.138+0800: 52.984: [scrub string table, 0.0016420 secs][1 CMS-remark: 48545K(80192K)] 50665K(89408K), 0.0646406 secs] [Times: user=0.07 sys=0.00, real=0.06 secs] 
2020-11-07T20:04:59.149+0800: 52.995: [CMS-concurrent-sweep-start]
2020-11-07T20:04:59.222+0800: 53.068: [CMS-concurrent-sweep: 0.073/0.073 secs] [Times: user=0.07 sys=0.00, real=0.07 secs] 
2020-11-07T20:04:59.222+0800: 53.068: [CMS-concurrent-reset-start]
2020-11-07T20:04:59.223+0800: 53.069: [CMS-concurrent-reset: 0.001/0.001 secs] [Times: user=0.00 sys=0.00, real=0.00 secs] 
2020-11-07T20:04:59.227+0800: 53.072: Application time: 0.0871156 seconds
{Heap before GC invocations=517 (full 37):
 par new generation   total 9216K, used 8794K [0x00000000e3400000, 0x00000000e3e00000, 0x00000000ecca0000)
  eden space 8192K, 100% used [0x00000000e3400000, 0x00000000e3c00000, 0x00000000e3c00000)
  from space 1024K,  58% used [0x00000000e3d00000, 0x00000000e3d96b08, 0x00000000e3e00000)
  to   space 1024K,   0% used [0x00000000e3c00000, 0x00000000e3c00000, 0x00000000e3d00000)
 concurrent mark-sweep generation total 80192K, used 47834K [0x00000000ecca0000, 0x00000000f1af0000, 0x0000000100000000)
 Metaspace       used 67757K, capacity 70694K, committed 71296K, reserved 1112064K
  class space    used 8629K, capacity 9197K, committed 9344K, reserved 1048576K
2020-11-07T20:04:59.227+0800: 53.073: [GC (Allocation Failure) 2020-11-07T20:04:59.227+0800: 53.073: [ParNew: 8794K->859K(9216K), 0.0230122 secs] 56629K->48694K(89408K), 0.0230852 secs] [Times: user=0.02 sys=0.00, real=0.02 secs] 
Heap after GC invocations=518 (full 37):
 par new generation   total 9216K, used 859K [0x00000000e3400000, 0x00000000e3e00000, 0x00000000ecca0000)
  eden space 8192K,   0% used [0x00000000e3400000, 0x00000000e3400000, 0x00000000e3c00000)
  from space 1024K,  83% used [0x00000000e3c00000, 0x00000000e3cd6db0, 0x00000000e3d00000)
  to   space 1024K,   0% used [0x00000000e3d00000, 0x00000000e3d00000, 0x00000000e3e00000)
 concurrent mark-sweep generation total 80192K, used 47834K [0x00000000ecca0000, 0x00000000f1af0000, 0x0000000100000000)
 Metaspace       used 67757K, capacity 70694K, committed 71296K, reserved 1112064K
  class space    used 8629K, capacity 9197K, committed 9344K, reserved 1048576K
}
2020-11-07T20:04:59.269+0800: 53.115: Application time: 0.0192503 seconds
{Heap before GC invocations=518 (full 37):
 par new generation   total 9216K, used 9051K [0x00000000e3400000, 0x00000000e3e00000, 0x00000000ecca0000)
  eden space 8192K, 100% used [0x00000000e3400000, 0x00000000e3c00000, 0x00000000e3c00000)
  from space 1024K,  83% used [0x00000000e3c00000, 0x00000000e3cd6db0, 0x00000000e3d00000)
  to   space 1024K,   0% used [0x00000000e3d00000, 0x00000000e3d00000, 0x00000000e3e00000)
 concurrent mark-sweep generation total 80192K, used 47834K [0x00000000ecca0000, 0x00000000f1af0000, 0x0000000100000000)
 Metaspace       used 67760K, capacity 70694K, committed 71296K, reserved 1112064K
  class space    used 8630K, capacity 9197K, committed 9344K, reserved 1048576K
2020-11-07T20:04:59.270+0800: 53.115: [GC (Allocation Failure) 2020-11-07T20:04:59.270+0800: 53.115: [ParNew: 9051K->441K(9216K), 0.0164780 secs] 56886K->48980K(89408K), 0.0165363 secs] [Times: user=0.02 sys=0.00, real=0.02 secs] 
Heap after GC invocations=519 (full 37):
 par new generation   total 9216K, used 441K [0x00000000e3400000, 0x00000000e3e00000, 0x00000000ecca0000)
  eden space 8192K,   0% used [0x00000000e3400000, 0x00000000e3400000, 0x00000000e3c00000)
  from space 1024K,  43% used [0x00000000e3d00000, 0x00000000e3d6e420, 0x00000000e3e00000)
  to   space 1024K,   0% used [0x00000000e3c00000, 0x00000000e3c00000, 0x00000000e3d00000)
 concurrent mark-sweep generation total 80192K, used 48539K [0x00000000ecca0000, 0x00000000f1af0000, 0x0000000100000000)
 Metaspace       used 67760K, capacity 70694K, committed 71296K, reserved 1112064K
  class space    used 8630K, capacity 9197K, committed 9344K, reserved 1048576K
}
2020-11-07T20:04:59.297+0800: 53.143: Application time: 0.0110802 seconds
2020-11-07T20:04:59.298+0800: 53.144: [GC (CMS Initial Mark) [1 CMS-initial-mark: 48539K(80192K)] 49985K(89408K), 0.0045746 secs] [Times: user=0.01 sys=0.00, real=0.00 secs] 
2020-11-07T20:04:59.303+0800: 53.149: [CMS-concurrent-mark-start]
2020-11-07T20:04:59.344+0800: 53.190: Application time: 0.0406216 seconds
{Heap before GC invocations=519 (full 38):
 par new generation   total 9216K, used 8633K [0x00000000e3400000, 0x00000000e3e00000, 0x00000000ecca0000)
  eden space 8192K, 100% used [0x00000000e3400000, 0x00000000e3c00000, 0x00000000e3c00000)
  from space 1024K,  43% used [0x00000000e3d00000, 0x00000000e3d6e420, 0x00000000e3e00000)
  to   space 1024K,   0% used [0x00000000e3c00000, 0x00000000e3c00000, 0x00000000e3d00000)
 concurrent mark-sweep generation total 80192K, used 48539K [0x00000000ecca0000, 0x00000000f1af0000, 0x0000000100000000)
 Metaspace       used 67786K, capacity 70762K, committed 71296K, reserved 1112064K
  class space    used 8634K, capacity 9199K, committed 9344K, reserved 1048576K
2020-11-07T20:04:59.344+0800: 53.190: [GC (Allocation Failure) 2020-11-07T20:04:59.344+0800: 53.190: [ParNew: 8633K->133K(9216K), 0.0120731 secs] 57172K->48673K(89408K), 0.0121528 secs] [Times: user=0.01 sys=0.00, real=0.02 secs] 
Heap after GC invocations=520 (full 38):
 par new generation   total 9216K, used 133K [0x00000000e3400000, 0x00000000e3e00000, 0x00000000ecca0000)
  eden space 8192K,   0% used [0x00000000e3400000, 0x00000000e3400000, 0x00000000e3c00000)
  from space 1024K,  13% used [0x00000000e3c00000, 0x00000000e3c215c8, 0x00000000e3d00000)
  to   space 1024K,   0% used [0x00000000e3d00000, 0x00000000e3d00000, 0x00000000e3e00000)
 concurrent mark-sweep generation total 80192K, used 48539K [0x00000000ecca0000, 0x00000000f1af0000, 0x0000000100000000)
 Metaspace       used 67786K, capacity 70762K, committed 71296K, reserved 1112064K
  class space    used 8634K, capacity 9199K, committed 9344K, reserved 1048576K
}
2020-11-07T20:04:59.384+0800: 53.229: Application time: 0.0275112 seconds
{Heap before GC invocations=520 (full 38):
 par new generation   total 9216K, used 8325K [0x00000000e3400000, 0x00000000e3e00000, 0x00000000ecca0000)
  eden space 8192K, 100% used [0x00000000e3400000, 0x00000000e3c00000, 0x00000000e3c00000)
  from space 1024K,  13% used [0x00000000e3c00000, 0x00000000e3c215c8, 0x00000000e3d00000)
  to   space 1024K,   0% used [0x00000000e3d00000, 0x00000000e3d00000, 0x00000000e3e00000)
 concurrent mark-sweep generation total 80192K, used 48539K [0x00000000ecca0000, 0x00000000f1af0000, 0x0000000100000000)
 Metaspace       used 67792K, capacity 70762K, committed 71296K, reserved 1112064K
  class space    used 8635K, capacity 9199K, committed 9344K, reserved 1048576K
2020-11-07T20:04:59.384+0800: 53.230: [GC (Allocation Failure) 2020-11-07T20:04:59.384+0800: 53.230: [ParNew: 8325K->137K(9216K), 0.0198536 secs] 56865K->48677K(89408K), 0.0199204 secs] [Times: user=0.02 sys=0.00, real=0.02 secs] 
Heap after GC invocations=521 (full 38):
 par new generation   total 9216K, used 137K [0x00000000e3400000, 0x00000000e3e00000, 0x00000000ecca0000)
  eden space 8192K,   0% used [0x00000000e3400000, 0x00000000e3400000, 0x00000000e3c00000)
  from space 1024K,  13% used [0x00000000e3d00000, 0x00000000e3d22730, 0x00000000e3e00000)
  to   space 1024K,   0% used [0x00000000e3c00000, 0x00000000e3c00000, 0x00000000e3d00000)
 concurrent mark-sweep generation total 80192K, used 48539K [0x00000000ecca0000, 0x00000000f1af0000, 0x0000000100000000)
 Metaspace       used 67792K, capacity 70762K, committed 71296K, reserved 1112064K
  class space    used 8635K, capacity 9199K, committed 9344K, reserved 1048576K
}
2020-11-07T20:04:59.450+0800: 53.296: Application time: 0.0464626 seconds
{Heap before GC invocations=521 (full 38):
 par new generation   total 9216K, used 8329K [0x00000000e3400000, 0x00000000e3e00000, 0x00000000ecca0000)
  eden space 8192K, 100% used [0x00000000e3400000, 0x00000000e3c00000, 0x00000000e3c00000)
  from space 1024K,  13% used [0x00000000e3d00000, 0x00000000e3d22730, 0x00000000e3e00000)
  to   space 1024K,   0% used [0x00000000e3c00000, 0x00000000e3c00000, 0x00000000e3d00000)
 concurrent mark-sweep generation total 80192K, used 48539K [0x00000000ecca0000, 0x00000000f1af0000, 0x0000000100000000)
 Metaspace       used 67813K, capacity 70762K, committed 71296K, reserved 1112064K
  class space    used 8640K, capacity 9199K, committed 9344K, reserved 1048576K
2020-11-07T20:04:59.451+0800: 53.296: [GC (Allocation Failure) 2020-11-07T20:04:59.451+0800: 53.296: [ParNew: 8329K->228K(9216K), 0.0281790 secs] 56869K->48768K(89408K), 0.0282522 secs] [Times: user=0.03 sys=0.00, real=0.03 secs] 
Heap after GC invocations=522 (full 38):
 par new generation   total 9216K, used 228K [0x00000000e3400000, 0x00000000e3e00000, 0x00000000ecca0000)
  eden space 8192K,   0% used [0x00000000e3400000, 0x00000000e3400000, 0x00000000e3c00000)
  from space 1024K,  22% used [0x00000000e3c00000, 0x00000000e3c39250, 0x00000000e3d00000)
  to   space 1024K,   0% used [0x00000000e3d00000, 0x00000000e3d00000, 0x00000000e3e00000)
 concurrent mark-sweep generation total 80192K, used 48539K [0x00000000ecca0000, 0x00000000f1af0000, 0x0000000100000000)
 Metaspace       used 67813K, capacity 70762K, committed 71296K, reserved 1112064K
  class space    used 8640K, capacity 9199K, committed 9344K, reserved 1048576K
}
2020-11-07T20:04:59.498+0800: 53.344: Application time: 0.0188949 seconds
{Heap before GC invocations=522 (full 38):
 par new generation   total 9216K, used 8420K [0x00000000e3400000, 0x00000000e3e00000, 0x00000000ecca0000)
  eden space 8192K, 100% used [0x00000000e3400000, 0x00000000e3c00000, 0x00000000e3c00000)
  from space 1024K,  22% used [0x00000000e3c00000, 0x00000000e3c39250, 0x00000000e3d00000)
  to   space 1024K,   0% used [0x00000000e3d00000, 0x00000000e3d00000, 0x00000000e3e00000)
 concurrent mark-sweep generation total 80192K, used 48539K [0x00000000ecca0000, 0x00000000f1af0000, 0x0000000100000000)
 Metaspace       used 67814K, capacity 70762K, committed 71296K, reserved 1112064K
  class space    used 8640K, capacity 9199K, committed 9344K, reserved 1048576K
2020-11-07T20:04:59.498+0800: 53.344: [GC (Allocation Failure) 2020-11-07T20:04:59.498+0800: 53.344: [ParNew: 8420K->242K(9216K), 0.0303694 secs] 56960K->48782K(89408K), 0.0304400 secs] [Times: user=0.03 sys=0.00, real=0.03 secs] 
Heap after GC invocations=523 (full 38):
 par new generation   total 9216K, used 242K [0x00000000e3400000, 0x00000000e3e00000, 0x00000000ecca0000)
  eden space 8192K,   0% used [0x00000000e3400000, 0x00000000e3400000, 0x00000000e3c00000)
  from space 1024K,  23% used [0x00000000e3d00000, 0x00000000e3d3ca20, 0x00000000e3e00000)
  to   space 1024K,   0% used [0x00000000e3c00000, 0x00000000e3c00000, 0x00000000e3d00000)
 concurrent mark-sweep generation total 80192K, used 48539K [0x00000000ecca0000, 0x00000000f1af0000, 0x0000000100000000)
 Metaspace       used 67814K, capacity 70762K, committed 71296K, reserved 1112064K
  class space    used 8640K, capacity 9199K, committed 9344K, reserved 1048576K
}
2020-11-07T20:04:59.551+0800: 53.397: Application time: 0.0225005 seconds
{Heap before GC invocations=523 (full 38):
 par new generation   total 9216K, used 8434K [0x00000000e3400000, 0x00000000e3e00000, 0x00000000ecca0000)
  eden space 8192K, 100% used [0x00000000e3400000, 0x00000000e3c00000, 0x00000000e3c00000)
  from space 1024K,  23% used [0x00000000e3d00000, 0x00000000e3d3ca20, 0x00000000e3e00000)
  to   space 1024K,   0% used [0x00000000e3c00000, 0x00000000e3c00000, 0x00000000e3d00000)
 concurrent mark-sweep generation total 80192K, used 48539K [0x00000000ecca0000, 0x00000000f1af0000, 0x0000000100000000)
 Metaspace       used 67815K, capacity 70762K, committed 71296K, reserved 1112064K
  class space    used 8640K, capacity 9199K, committed 9344K, reserved 1048576K
2020-11-07T20:04:59.551+0800: 53.397: [GC (Allocation Failure) 2020-11-07T20:04:59.551+0800: 53.397: [ParNew: 8434K->287K(9216K), 0.0112409 secs] 56974K->48827K(89408K), 0.0113121 secs] [Times: user=0.01 sys=0.00, real=0.01 secs] 
Heap after GC invocations=524 (full 38):
 par new generation   total 9216K, used 287K [0x00000000e3400000, 0x00000000e3e00000, 0x00000000ecca0000)
  eden space 8192K,   0% used [0x00000000e3400000, 0x00000000e3400000, 0x00000000e3c00000)
  from space 1024K,  28% used [0x00000000e3c00000, 0x00000000e3c47d60, 0x00000000e3d00000)
  to   space 1024K,   0% used [0x00000000e3d00000, 0x00000000e3d00000, 0x00000000e3e00000)
 concurrent mark-sweep generation total 80192K, used 48539K [0x00000000ecca0000, 0x00000000f1af0000, 0x0000000100000000)
 Metaspace       used 67815K, capacity 70762K, committed 71296K, reserved 1112064K
  class space    used 8640K, capacity 9199K, committed 9344K, reserved 1048576K
}
2020-11-07T20:04:59.575+0800: 53.421: Application time: 0.0125626 seconds
{Heap before GC invocations=524 (full 38):
 par new generation   total 9216K, used 8479K [0x00000000e3400000, 0x00000000e3e00000, 0x00000000ecca0000)
  eden space 8192K, 100% used [0x00000000e3400000, 0x00000000e3c00000, 0x00000000e3c00000)
  from space 1024K,  28% used [0x00000000e3c00000, 0x00000000e3c47d60, 0x00000000e3d00000)
  to   space 1024K,   0% used [0x00000000e3d00000, 0x00000000e3d00000, 0x00000000e3e00000)
 concurrent mark-sweep generation total 80192K, used 48539K [0x00000000ecca0000, 0x00000000f1af0000, 0x0000000100000000)
 Metaspace       used 67816K, capacity 70762K, committed 71296K, reserved 1112064K
  class space    used 8640K, capacity 9199K, committed 9344K, reserved 1048576K
2020-11-07T20:04:59.575+0800: 53.421: [GC (Allocation Failure) 2020-11-07T20:04:59.575+0800: 53.421: [ParNew: 8479K->321K(9216K), 0.0129114 secs] 57019K->48861K(89408K), 0.0129854 secs] [Times: user=0.01 sys=0.00, real=0.01 secs] 
Heap after GC invocations=525 (full 38):
 par new generation   total 9216K, used 321K [0x00000000e3400000, 0x00000000e3e00000, 0x00000000ecca0000)
  eden space 8192K,   0% used [0x00000000e3400000, 0x00000000e3400000, 0x00000000e3c00000)
  from space 1024K,  31% used [0x00000000e3d00000, 0x00000000e3d506a0, 0x00000000e3e00000)
  to   space 1024K,   0% used [0x00000000e3c00000, 0x00000000e3c00000, 0x00000000e3d00000)
 concurrent mark-sweep generation total 80192K, used 48539K [0x00000000ecca0000, 0x00000000f1af0000, 0x0000000100000000)
 Metaspace       used 67816K, capacity 70762K, committed 71296K, reserved 1112064K
  class space    used 8640K, capacity 9199K, committed 9344K, reserved 1048576K
}
2020-11-07T20:04:59.616+0800: 53.462: Application time: 0.0276327 seconds
{Heap before GC invocations=525 (full 38):
 par new generation   total 9216K, used 8513K [0x00000000e3400000, 0x00000000e3e00000, 0x00000000ecca0000)
  eden space 8192K, 100% used [0x00000000e3400000, 0x00000000e3c00000, 0x00000000e3c00000)
  from space 1024K,  31% used [0x00000000e3d00000, 0x00000000e3d506a0, 0x00000000e3e00000)
  to   space 1024K,   0% used [0x00000000e3c00000, 0x00000000e3c00000, 0x00000000e3d00000)
 concurrent mark-sweep generation total 80192K, used 48539K [0x00000000ecca0000, 0x00000000f1af0000, 0x0000000100000000)
 Metaspace       used 67816K, capacity 70762K, committed 71296K, reserved 1112064K
  class space    used 8640K, capacity 9199K, committed 9344K, reserved 1048576K
2020-11-07T20:04:59.616+0800: 53.462: [GC (Allocation Failure) 2020-11-07T20:04:59.616+0800: 53.462: [ParNew: 8513K->350K(9216K), 0.0107339 secs] 57053K->48890K(89408K), 0.0108034 secs] [Times: user=0.01 sys=0.00, real=0.01 secs] 
Heap after GC invocations=526 (full 38):
 par new generation   total 9216K, used 350K [0x00000000e3400000, 0x00000000e3e00000, 0x00000000ecca0000)
  eden space 8192K,   0% used [0x00000000e3400000, 0x00000000e3400000, 0x00000000e3c00000)
  from space 1024K,  34% used [0x00000000e3c00000, 0x00000000e3c57990, 0x00000000e3d00000)
  to   space 1024K,   0% used [0x00000000e3d00000, 0x00000000e3d00000, 0x00000000e3e00000)
 concurrent mark-sweep generation total 80192K, used 48539K [0x00000000ecca0000, 0x00000000f1af0000, 0x0000000100000000)
 Metaspace       used 67816K, capacity 70762K, committed 71296K, reserved 1112064K
  class space    used 8640K, capacity 9199K, committed 9344K, reserved 1048576K
}
2020-11-07T20:04:59.679+0800: 53.524: Application time: 0.0513538 seconds
{Heap before GC invocations=526 (full 38):
 par new generation   total 9216K, used 8542K [0x00000000e3400000, 0x00000000e3e00000, 0x00000000ecca0000)
  eden space 8192K, 100% used [0x00000000e3400000, 0x00000000e3c00000, 0x00000000e3c00000)
  from space 1024K,  34% used [0x00000000e3c00000, 0x00000000e3c57990, 0x00000000e3d00000)
  to   space 1024K,   0% used [0x00000000e3d00000, 0x00000000e3d00000, 0x00000000e3e00000)
 concurrent mark-sweep generation total 80192K, used 48539K [0x00000000ecca0000, 0x00000000f1af0000, 0x0000000100000000)
 Metaspace       used 67817K, capacity 70762K, committed 71296K, reserved 1112064K
  class space    used 8640K, capacity 9199K, committed 9344K, reserved 1048576K
2020-11-07T20:04:59.679+0800: 53.525: [GC (Allocation Failure) 2020-11-07T20:04:59.679+0800: 53.525: [ParNew: 8542K->312K(9216K), 0.0073361 secs] 57082K->48852K(89408K), 0.0073931 secs] [Times: user=0.00 sys=0.00, real=0.01 secs] 
Heap after GC invocations=527 (full 38):
 par new generation   total 9216K, used 312K [0x00000000e3400000, 0x00000000e3e00000, 0x00000000ecca0000)
  eden space 8192K,   0% used [0x00000000e3400000, 0x00000000e3400000, 0x00000000e3c00000)
  from space 1024K,  30% used [0x00000000e3d00000, 0x00000000e3d4e340, 0x00000000e3e00000)
  to   space 1024K,   0% used [0x00000000e3c00000, 0x00000000e3c00000, 0x00000000e3d00000)
 concurrent mark-sweep generation total 80192K, used 48539K [0x00000000ecca0000, 0x00000000f1af0000, 0x0000000100000000)
 Metaspace       used 67817K, capacity 70762K, committed 71296K, reserved 1112064K
  class space    used 8640K, capacity 9199K, committed 9344K, reserved 1048576K
}
2020-11-07T20:04:59.730+0800: 53.576: Application time: 0.0435439 seconds
{Heap before GC invocations=527 (full 38):
 par new generation   total 9216K, used 8504K [0x00000000e3400000, 0x00000000e3e00000, 0x00000000ecca0000)
  eden space 8192K, 100% used [0x00000000e3400000, 0x00000000e3c00000, 0x00000000e3c00000)
  from space 1024K,  30% used [0x00000000e3d00000, 0x00000000e3d4e340, 0x00000000e3e00000)
  to   space 1024K,   0% used [0x00000000e3c00000, 0x00000000e3c00000, 0x00000000e3d00000)
 concurrent mark-sweep generation total 80192K, used 48539K [0x00000000ecca0000, 0x00000000f1af0000, 0x0000000100000000)
 Metaspace       used 67825K, capacity 70762K, committed 71296K, reserved 1112064K
  class space    used 8641K, capacity 9199K, committed 9344K, reserved 1048576K
2020-11-07T20:04:59.730+0800: 53.576: [GC (Allocation Failure) 2020-11-07T20:04:59.730+0800: 53.576: [ParNew: 8504K->419K(9216K), 0.0197039 secs] 57044K->48985K(89408K), 0.0197700 secs] [Times: user=0.02 sys=0.00, real=0.02 secs] 
Heap after GC invocations=528 (full 38):
 par new generation   total 9216K, used 419K [0x00000000e3400000, 0x00000000e3e00000, 0x00000000ecca0000)
  eden space 8192K,   0% used [0x00000000e3400000, 0x00000000e3400000, 0x00000000e3c00000)
  from space 1024K,  40% used [0x00000000e3c00000, 0x00000000e3c68cf0, 0x00000000e3d00000)
  to   space 1024K,   0% used [0x00000000e3d00000, 0x00000000e3d00000, 0x00000000e3e00000)
 concurrent mark-sweep generation total 80192K, used 48565K [0x00000000ecca0000, 0x00000000f1af0000, 0x0000000100000000)
 Metaspace       used 67825K, capacity 70762K, committed 71296K, reserved 1112064K
  class space    used 8641K, capacity 9199K, committed 9344K, reserved 1048576K
}
2020-11-07T20:04:59.796+0800: 53.642: Application time: 0.0459600 seconds
{Heap before GC invocations=528 (full 38):
 par new generation   total 9216K, used 8611K [0x00000000e3400000, 0x00000000e3e00000, 0x00000000ecca0000)
  eden space 8192K, 100% used [0x00000000e3400000, 0x00000000e3c00000, 0x00000000e3c00000)
  from space 1024K,  40% used [0x00000000e3c00000, 0x00000000e3c68cf0, 0x00000000e3d00000)
  to   space 1024K,   0% used [0x00000000e3d00000, 0x00000000e3d00000, 0x00000000e3e00000)
 concurrent mark-sweep generation total 80192K, used 48565K [0x00000000ecca0000, 0x00000000f1af0000, 0x0000000100000000)
 Metaspace       used 67834K, capacity 70794K, committed 71296K, reserved 1112064K
  class space    used 8643K, capacity 9231K, committed 9344K, reserved 1048576K
2020-11-07T20:04:59.796+0800: 53.642: [GC (Allocation Failure) 2020-11-07T20:04:59.796+0800: 53.642: [ParNew: 8611K->370K(9216K), 0.0244725 secs] 57177K->48991K(89408K), 0.0245390 secs] [Times: user=0.02 sys=0.00, real=0.02 secs] 
Heap after GC invocations=529 (full 38):
 par new generation   total 9216K, used 370K [0x00000000e3400000, 0x00000000e3e00000, 0x00000000ecca0000)
  eden space 8192K,   0% used [0x00000000e3400000, 0x00000000e3400000, 0x00000000e3c00000)
  from space 1024K,  36% used [0x00000000e3d00000, 0x00000000e3d5cac0, 0x00000000e3e00000)
  to   space 1024K,   0% used [0x00000000e3c00000, 0x00000000e3c00000, 0x00000000e3d00000)
 concurrent mark-sweep generation total 80192K, used 48620K [0x00000000ecca0000, 0x00000000f1af0000, 0x0000000100000000)
 Metaspace       used 67834K, capacity 70794K, committed 71296K, reserved 1112064K
  class space    used 8643K, capacity 9231K, committed 9344K, reserved 1048576K
}
2020-11-07T20:04:59.836+0800: 53.681: [CMS-concurrent-mark: 0.338/0.532 secs] [Times: user=0.52 sys=0.00, real=0.54 secs] 
2020-11-07T20:04:59.836+0800: 53.681: Application time: 0.0149337 seconds
{Heap before GC invocations=529 (full 38):
 par new generation   total 9216K, used 8562K [0x00000000e3400000, 0x00000000e3e00000, 0x00000000ecca0000)
  eden space 8192K, 100% used [0x00000000e3400000, 0x00000000e3c00000, 0x00000000e3c00000)
  from space 1024K,  36% used [0x00000000e3d00000, 0x00000000e3d5cac0, 0x00000000e3e00000)
  to   space 1024K,   0% used [0x00000000e3c00000, 0x00000000e3c00000, 0x00000000e3d00000)
 concurrent mark-sweep generation total 80192K, used 48620K [0x00000000ecca0000, 0x00000000f1af0000, 0x0000000100000000)
 Metaspace       used 67842K, capacity 70794K, committed 71296K, reserved 1112064K
  class space    used 8644K, capacity 9231K, committed 9344K, reserved 1048576K
2020-11-07T20:04:59.836+0800: 53.682: [GC (Allocation Failure) 2020-11-07T20:04:59.836+0800: 53.682: [ParNew: 8562K->352K(9216K), 0.0140445 secs] 57183K->49008K(89408K), 0.0141190 secs] [Times: user=0.01 sys=0.00, real=0.01 secs] 
Heap after GC invocations=530 (full 38):
 par new generation   total 9216K, used 352K [0x00000000e3400000, 0x00000000e3e00000, 0x00000000ecca0000)
  eden space 8192K,   0% used [0x00000000e3400000, 0x00000000e3400000, 0x00000000e3c00000)
  from space 1024K,  34% used [0x00000000e3c00000, 0x00000000e3c58048, 0x00000000e3d00000)
  to   space 1024K,   0% used [0x00000000e3d00000, 0x00000000e3d00000, 0x00000000e3e00000)
 concurrent mark-sweep generation total 80192K, used 48656K [0x00000000ecca0000, 0x00000000f1af0000, 0x0000000100000000)
 Metaspace       used 67842K, capacity 70794K, committed 71296K, reserved 1112064K
  class space    used 8644K, capacity 9231K, committed 9344K, reserved 1048576K
}
2020-11-07T20:04:59.857+0800: 53.703: [CMS-concurrent-preclean-start]
2020-11-07T20:04:59.862+0800: 53.708: [CMS-concurrent-preclean: 0.005/0.005 secs] [Times: user=0.00 sys=0.00, real=0.00 secs] 
2020-11-07T20:04:59.871+0800: 53.716: Application time: 0.0206678 seconds
2020-11-07T20:04:59.871+0800: 53.717: [GC (CMS Final Remark) [YG occupancy: 1684 K (9216 K)]2020-11-07T20:04:59.871+0800: 53.717: [Rescan (parallel) , 0.0163386 secs]2020-11-07T20:04:59.887+0800: 53.733: [weak refs processing, 0.0027021 secs]2020-11-07T20:04:59.890+0800: 53.736: [class unloading, 0.0217014 secs]2020-11-07T20:04:59.912+0800: 53.757: [scrub symbol table, 0.0275880 secs]2020-11-07T20:04:59.939+0800: 53.785: [scrub string table, 0.0014404 secs][1 CMS-remark: 48656K(80192K)] 50340K(89408K), 0.0699904 secs] [Times: user=0.07 sys=0.00, real=0.07 secs] 
2020-11-07T20:04:59.955+0800: 53.800: [CMS-concurrent-sweep-start]
2020-11-07T20:04:59.986+0800: 53.832: Application time: 0.0455554 seconds
{Heap before GC invocations=530 (full 38):
 par new generation   total 9216K, used 8544K [0x00000000e3400000, 0x00000000e3e00000, 0x00000000ecca0000)
  eden space 8192K, 100% used [0x00000000e3400000, 0x00000000e3c00000, 0x00000000e3c00000)
  from space 1024K,  34% used [0x00000000e3c00000, 0x00000000e3c58048, 0x00000000e3d00000)
  to   space 1024K,   0% used [0x00000000e3d00000, 0x00000000e3d00000, 0x00000000e3e00000)
 concurrent mark-sweep generation total 80192K, used 48650K [0x00000000ecca0000, 0x00000000f1af0000, 0x0000000100000000)
 Metaspace       used 67868K, capacity 70858K, committed 71552K, reserved 1112064K
  class space    used 8650K, capacity 9231K, committed 9344K, reserved 1048576K
2020-11-07T20:04:59.987+0800: 53.832: [GC (Allocation Failure) 2020-11-07T20:04:59.987+0800: 53.832: [ParNew: 8544K->453K(9216K), 0.0078189 secs] 57194K->49150K(89408K), 0.0078916 secs] [Times: user=0.01 sys=0.00, real=0.01 secs] 
Heap after GC invocations=531 (full 38):
 par new generation   total 9216K, used 453K [0x00000000e3400000, 0x00000000e3e00000, 0x00000000ecca0000)
  eden space 8192K,   0% used [0x00000000e3400000, 0x00000000e3400000, 0x00000000e3c00000)
  from space 1024K,  44% used [0x00000000e3d00000, 0x00000000e3d717b8, 0x00000000e3e00000)
  to   space 1024K,   0% used [0x00000000e3c00000, 0x00000000e3c00000, 0x00000000e3d00000)
 concurrent mark-sweep generation total 80192K, used 48696K [0x00000000ecca0000, 0x00000000f1af0000, 0x0000000100000000)
 Metaspace       used 67868K, capacity 70858K, committed 71552K, reserved 1112064K
  class space    used 8650K, capacity 9231K, committed 9344K, reserved 1048576K
}
2020-11-07T20:05:00.041+0800: 53.886: Application time: 0.0459570 seconds
{Heap before GC invocations=531 (full 38):
 par new generation   total 9216K, used 8645K [0x00000000e3400000, 0x00000000e3e00000, 0x00000000ecca0000)
  eden space 8192K, 100% used [0x00000000e3400000, 0x00000000e3c00000, 0x00000000e3c00000)
  from space 1024K,  44% used [0x00000000e3d00000, 0x00000000e3d717b8, 0x00000000e3e00000)
  to   space 1024K,   0% used [0x00000000e3c00000, 0x00000000e3c00000, 0x00000000e3d00000)
 concurrent mark-sweep generation total 80192K, used 48654K [0x00000000ecca0000, 0x00000000f1af0000, 0x0000000100000000)
 Metaspace       used 67868K, capacity 70858K, committed 71552K, reserved 1112064K
  class space    used 8650K, capacity 9231K, committed 9344K, reserved 1048576K
2020-11-07T20:05:00.041+0800: 53.887: [GC (Allocation Failure) 2020-11-07T20:05:00.041+0800: 53.887: [ParNew: 8645K->322K(9216K), 0.0192235 secs] 57300K->49005K(89408K), 0.0192910 secs] [Times: user=0.02 sys=0.00, real=0.02 secs] 
Heap after GC invocations=532 (full 38):
 par new generation   total 9216K, used 322K [0x00000000e3400000, 0x00000000e3e00000, 0x00000000ecca0000)
  eden space 8192K,   0% used [0x00000000e3400000, 0x00000000e3400000, 0x00000000e3c00000)
  from space 1024K,  31% used [0x00000000e3c00000, 0x00000000e3c509b0, 0x00000000e3d00000)
  to   space 1024K,   0% used [0x00000000e3d00000, 0x00000000e3d00000, 0x00000000e3e00000)
 concurrent mark-sweep generation total 80192K, used 48683K [0x00000000ecca0000, 0x00000000f1af0000, 0x0000000100000000)
 Metaspace       used 67868K, capacity 70858K, committed 71552K, reserved 1112064K
  class space    used 8650K, capacity 9231K, committed 9344K, reserved 1048576K
}
2020-11-07T20:05:00.063+0800: 53.908: [CMS-concurrent-sweep: 0.077/0.108 secs] [Times: user=0.11 sys=0.00, real=0.10 secs] 
2020-11-07T20:05:00.072+0800: 53.918: [CMS-concurrent-reset-start]
2020-11-07T20:05:00.073+0800: 53.919: [CMS-concurrent-reset: 0.001/0.001 secs] [Times: user=0.00 sys=0.00, real=0.00 secs] 
2020-11-07T20:05:00.083+0800: 53.928: Application time: 0.0224893 seconds
{Heap before GC invocations=532 (full 38):
 par new generation   total 9216K, used 8514K [0x00000000e3400000, 0x00000000e3e00000, 0x00000000ecca0000)
  eden space 8192K, 100% used [0x00000000e3400000, 0x00000000e3c00000, 0x00000000e3c00000)
  from space 1024K,  31% used [0x00000000e3c00000, 0x00000000e3c509b0, 0x00000000e3d00000)
  to   space 1024K,   0% used [0x00000000e3d00000, 0x00000000e3d00000, 0x00000000e3e00000)
 concurrent mark-sweep generation total 81128K, used 48675K [0x00000000ecca0000, 0x00000000f1bda000, 0x0000000100000000)
 Metaspace       used 67845K, capacity 70810K, committed 71552K, reserved 1112064K
  class space    used 8646K, capacity 9223K, committed 9344K, reserved 1048576K
2020-11-07T20:05:00.083+0800: 53.929: [GC (Allocation Failure) 2020-11-07T20:05:00.083+0800: 53.929: [ParNew: 8514K->351K(9216K), 0.0085278 secs] 57189K->49048K(90344K), 0.0086142 secs] [Times: user=0.00 sys=0.00, real=0.01 secs] 
Heap after GC invocations=533 (full 38):
 par new generation   total 9216K, used 351K [0x00000000e3400000, 0x00000000e3e00000, 0x00000000ecca0000)
  eden space 8192K,   0% used [0x00000000e3400000, 0x00000000e3400000, 0x00000000e3c00000)
  from space 1024K,  34% used [0x00000000e3d00000, 0x00000000e3d57c10, 0x00000000e3e00000)
  to   space 1024K,   0% used [0x00000000e3c00000, 0x00000000e3c00000, 0x00000000e3d00000)
 concurrent mark-sweep generation total 81128K, used 48697K [0x00000000ecca0000, 0x00000000f1bda000, 0x0000000100000000)
 Metaspace       used 67845K, capacity 70810K, committed 71552K, reserved 1112064K
  class space    used 8646K, capacity 9223K, committed 9344K, reserved 1048576K
}
2020-11-07T20:05:00.112+0800: 53.957: Application time: 0.0200158 seconds
2020-11-07T20:05:00.124+0800: 53.969: [GC (CMS Initial Mark) [1 CMS-initial-mark: 48697K(81128K)] 54309K(90344K), 0.0079235 secs] [Times: user=0.00 sys=0.00, real=0.01 secs] 
2020-11-07T20:05:00.134+0800: 53.979: [CMS-concurrent-mark-start]
2020-11-07T20:05:00.144+0800: 53.990: Application time: 0.0123915 seconds
{Heap before GC invocations=533 (full 39):
 par new generation   total 9216K, used 8543K [0x00000000e3400000, 0x00000000e3e00000, 0x00000000ecca0000)
  eden space 8192K, 100% used [0x00000000e3400000, 0x00000000e3c00000, 0x00000000e3c00000)
  from space 1024K,  34% used [0x00000000e3d00000, 0x00000000e3d57c10, 0x00000000e3e00000)
  to   space 1024K,   0% used [0x00000000e3c00000, 0x00000000e3c00000, 0x00000000e3d00000)
 concurrent mark-sweep generation total 81128K, used 48697K [0x00000000ecca0000, 0x00000000f1bda000, 0x0000000100000000)
 Metaspace       used 67847K, capacity 70810K, committed 71552K, reserved 1112064K
  class space    used 8646K, capacity 9223K, committed 9344K, reserved 1048576K
2020-11-07T20:05:00.144+0800: 53.990: [GC (Allocation Failure) 2020-11-07T20:05:00.144+0800: 53.990: [ParNew: 8543K->408K(9216K), 0.0309075 secs] 57240K->49123K(90344K), 0.0310074 secs] [Times: user=0.03 sys=0.00, real=0.04 secs] 
Heap after GC invocations=534 (full 39):
 par new generation   total 9216K, used 408K [0x00000000e3400000, 0x00000000e3e00000, 0x00000000ecca0000)
  eden space 8192K,   0% used [0x00000000e3400000, 0x00000000e3400000, 0x00000000e3c00000)
  from space 1024K,  39% used [0x00000000e3c00000, 0x00000000e3c66030, 0x00000000e3d00000)
  to   space 1024K,   0% used [0x00000000e3d00000, 0x00000000e3d00000, 0x00000000e3e00000)
 concurrent mark-sweep generation total 81128K, used 48715K [0x00000000ecca0000, 0x00000000f1bda000, 0x0000000100000000)
 Metaspace       used 67847K, capacity 70810K, committed 71552K, reserved 1112064K
  class space    used 8646K, capacity 9223K, committed 9344K, reserved 1048576K
}
2020-11-07T20:05:00.211+0800: 54.056: Application time: 0.0352180 seconds
{Heap before GC invocations=534 (full 39):
 par new generation   total 9216K, used 8600K [0x00000000e3400000, 0x00000000e3e00000, 0x00000000ecca0000)
  eden space 8192K, 100% used [0x00000000e3400000, 0x00000000e3c00000, 0x00000000e3c00000)
  from space 1024K,  39% used [0x00000000e3c00000, 0x00000000e3c66030, 0x00000000e3d00000)
  to   space 1024K,   0% used [0x00000000e3d00000, 0x00000000e3d00000, 0x00000000e3e00000)
 concurrent mark-sweep generation total 81128K, used 48715K [0x00000000ecca0000, 0x00000000f1bda000, 0x0000000100000000)
 Metaspace       used 67849K, capacity 70810K, committed 71552K, reserved 1112064K
  class space    used 8646K, capacity 9223K, committed 9344K, reserved 1048576K
2020-11-07T20:05:00.211+0800: 54.057: [GC (Allocation Failure) 2020-11-07T20:05:00.211+0800: 54.057: [ParNew: 8600K->411K(9216K), 0.0153173 secs] 57315K->49143K(90344K), 0.0153772 secs] [Times: user=0.02 sys=0.00, real=0.02 secs] 
Heap after GC invocations=535 (full 39):
 par new generation   total 9216K, used 411K [0x00000000e3400000, 0x00000000e3e00000, 0x00000000ecca0000)
  eden space 8192K,   0% used [0x00000000e3400000, 0x00000000e3400000, 0x00000000e3c00000)
  from space 1024K,  40% used [0x00000000e3d00000, 0x00000000e3d66d50, 0x00000000e3e00000)
  to   space 1024K,   0% used [0x00000000e3c00000, 0x00000000e3c00000, 0x00000000e3d00000)
 concurrent mark-sweep generation total 81128K, used 48732K [0x00000000ecca0000, 0x00000000f1bda000, 0x0000000100000000)
 Metaspace       used 67849K, capacity 70810K, committed 71552K, reserved 1112064K
  class space    used 8646K, capacity 9223K, committed 9344K, reserved 1048576K
}
2020-11-07T20:05:00.277+0800: 54.122: Application time: 0.0503355 seconds
{Heap before GC invocations=535 (full 39):
 par new generation   total 9216K, used 8603K [0x00000000e3400000, 0x00000000e3e00000, 0x00000000ecca0000)
  eden space 8192K, 100% used [0x00000000e3400000, 0x00000000e3c00000, 0x00000000e3c00000)
  from space 1024K,  40% used [0x00000000e3d00000, 0x00000000e3d66d50, 0x00000000e3e00000)
  to   space 1024K,   0% used [0x00000000e3c00000, 0x00000000e3c00000, 0x00000000e3d00000)
 concurrent mark-sweep generation total 81128K, used 48732K [0x00000000ecca0000, 0x00000000f1bda000, 0x0000000100000000)
 Metaspace       used 67900K, capacity 70874K, committed 71552K, reserved 1112064K
  class space    used 8655K, capacity 9223K, committed 9344K, reserved 1048576K
2020-11-07T20:05:00.277+0800: 54.123: [GC (Allocation Failure) 2020-11-07T20:05:00.277+0800: 54.123: [ParNew: 8603K->474K(9216K), 0.0270723 secs] 57335K->49231K(90344K), 0.0271600 secs] [Times: user=0.02 sys=0.00, real=0.02 secs] 
Heap after GC invocations=536 (full 39):
 par new generation   total 9216K, used 474K [0x00000000e3400000, 0x00000000e3e00000, 0x00000000ecca0000)
  eden space 8192K,   0% used [0x00000000e3400000, 0x00000000e3400000, 0x00000000e3c00000)
  from space 1024K,  46% used [0x00000000e3c00000, 0x00000000e3c76a10, 0x00000000e3d00000)
  to   space 1024K,   0% used [0x00000000e3d00000, 0x00000000e3d00000, 0x00000000e3e00000)
 concurrent mark-sweep generation total 81128K, used 48757K [0x00000000ecca0000, 0x00000000f1bda000, 0x0000000100000000)
 Metaspace       used 67900K, capacity 70874K, committed 71552K, reserved 1112064K
  class space    used 8655K, capacity 9223K, committed 9344K, reserved 1048576K
}
2020-11-07T20:05:00.326+0800: 54.172: Application time: 0.0220816 seconds
{Heap before GC invocations=536 (full 39):
 par new generation   total 9216K, used 8666K [0x00000000e3400000, 0x00000000e3e00000, 0x00000000ecca0000)
  eden space 8192K, 100% used [0x00000000e3400000, 0x00000000e3c00000, 0x00000000e3c00000)
  from space 1024K,  46% used [0x00000000e3c00000, 0x00000000e3c76a10, 0x00000000e3d00000)
  to   space 1024K,   0% used [0x00000000e3d00000, 0x00000000e3d00000, 0x00000000e3e00000)
 concurrent mark-sweep generation total 81128K, used 48757K [0x00000000ecca0000, 0x00000000f1bda000, 0x0000000100000000)
 Metaspace       used 67900K, capacity 70874K, committed 71552K, reserved 1112064K
  class space    used 8655K, capacity 9223K, committed 9344K, reserved 1048576K
2020-11-07T20:05:00.326+0800: 54.172: [GC (Allocation Failure) 2020-11-07T20:05:00.326+0800: 54.172: [ParNew: 8666K->447K(9216K), 0.0214644 secs] 57423K->49244K(90344K), 0.0215319 secs] [Times: user=0.03 sys=0.00, real=0.02 secs] 
Heap after GC invocations=537 (full 39):
 par new generation   total 9216K, used 447K [0x00000000e3400000, 0x00000000e3e00000, 0x00000000ecca0000)
  eden space 8192K,   0% used [0x00000000e3400000, 0x00000000e3400000, 0x00000000e3c00000)
  from space 1024K,  43% used [0x00000000e3d00000, 0x00000000e3d6ffb8, 0x00000000e3e00000)
  to   space 1024K,   0% used [0x00000000e3c00000, 0x00000000e3c00000, 0x00000000e3d00000)
 concurrent mark-sweep generation total 81128K, used 48796K [0x00000000ecca0000, 0x00000000f1bda000, 0x0000000100000000)
 Metaspace       used 67900K, capacity 70874K, committed 71552K, reserved 1112064K
  class space    used 8655K, capacity 9223K, committed 9344K, reserved 1048576K
}
2020-11-07T20:05:00.413+0800: 54.259: Application time: 0.0654367 seconds
{Heap before GC invocations=537 (full 39):
 par new generation   total 9216K, used 8639K [0x00000000e3400000, 0x00000000e3e00000, 0x00000000ecca0000)
  eden space 8192K, 100% used [0x00000000e3400000, 0x00000000e3c00000, 0x00000000e3c00000)
  from space 1024K,  43% used [0x00000000e3d00000, 0x00000000e3d6ffb8, 0x00000000e3e00000)
  to   space 1024K,   0% used [0x00000000e3c00000, 0x00000000e3c00000, 0x00000000e3d00000)
 concurrent mark-sweep generation total 81128K, used 48796K [0x00000000ecca0000, 0x00000000f1bda000, 0x0000000100000000)
 Metaspace       used 67908K, capacity 70874K, committed 71552K, reserved 1112064K
  class space    used 8656K, capacity 9223K, committed 9344K, reserved 1048576K
2020-11-07T20:05:00.414+0800: 54.259: [GC (Allocation Failure) 2020-11-07T20:05:00.414+0800: 54.259: [ParNew: 8639K->509K(9216K), 0.2301195 secs] 57436K->49332K(90344K), 0.2301761 secs] [Times: user=0.22 sys=0.00, real=0.23 secs] 
Heap after GC invocations=538 (full 39):
 par new generation   total 9216K, used 509K [0x00000000e3400000, 0x00000000e3e00000, 0x00000000ecca0000)
  eden space 8192K,   0% used [0x00000000e3400000, 0x00000000e3400000, 0x00000000e3c00000)
  from space 1024K,  49% used [0x00000000e3c00000, 0x00000000e3c7f598, 0x00000000e3d00000)
  to   space 1024K,   0% used [0x00000000e3d00000, 0x00000000e3d00000, 0x00000000e3e00000)
 concurrent mark-sweep generation total 81128K, used 48822K [0x00000000ecca0000, 0x00000000f1bda000, 0x0000000100000000)
 Metaspace       used 67908K, capacity 70874K, committed 71552K, reserved 1112064K
  class space    used 8656K, capacity 9223K, committed 9344K, reserved 1048576K
}
2020-11-07T20:05:00.672+0800: 54.518: Application time: 0.0285564 seconds
{Heap before GC invocations=538 (full 39):
 par new generation   total 9216K, used 8701K [0x00000000e3400000, 0x00000000e3e00000, 0x00000000ecca0000)
  eden space 8192K, 100% used [0x00000000e3400000, 0x00000000e3c00000, 0x00000000e3c00000)
  from space 1024K,  49% used [0x00000000e3c00000, 0x00000000e3c7f598, 0x00000000e3d00000)
  to   space 1024K,   0% used [0x00000000e3d00000, 0x00000000e3d00000, 0x00000000e3e00000)
 concurrent mark-sweep generation total 81128K, used 48822K [0x00000000ecca0000, 0x00000000f1bda000, 0x0000000100000000)
 Metaspace       used 67914K, capacity 70874K, committed 71552K, reserved 1112064K
  class space    used 8657K, capacity 9223K, committed 9344K, reserved 1048576K
2020-11-07T20:05:00.673+0800: 54.518: [GC (Allocation Failure) 2020-11-07T20:05:00.673+0800: 54.518: [ParNew: 8701K->495K(9216K), 0.0238493 secs] 57524K->49329K(90344K), 0.0239099 secs] [Times: user=0.02 sys=0.00, real=0.03 secs] 
Heap after GC invocations=539 (full 39):
 par new generation   total 9216K, used 495K [0x00000000e3400000, 0x00000000e3e00000, 0x00000000ecca0000)
  eden space 8192K,   0% used [0x00000000e3400000, 0x00000000e3400000, 0x00000000e3c00000)
  from space 1024K,  48% used [0x00000000e3d00000, 0x00000000e3d7bc50, 0x00000000e3e00000)
  to   space 1024K,   0% used [0x00000000e3c00000, 0x00000000e3c00000, 0x00000000e3d00000)
 concurrent mark-sweep generation total 81128K, used 48834K [0x00000000ecca0000, 0x00000000f1bda000, 0x0000000100000000)
 Metaspace       used 67914K, capacity 70874K, committed 71552K, reserved 1112064K
  class space    used 8657K, capacity 9223K, committed 9344K, reserved 1048576K
}
2020-11-07T20:05:00.720+0800: 54.566: Application time: 0.0231842 seconds
{Heap before GC invocations=539 (full 39):
 par new generation   total 9216K, used 8687K [0x00000000e3400000, 0x00000000e3e00000, 0x00000000ecca0000)
  eden space 8192K, 100% used [0x00000000e3400000, 0x00000000e3c00000, 0x00000000e3c00000)
  from space 1024K,  48% used [0x00000000e3d00000, 0x00000000e3d7bc50, 0x00000000e3e00000)
  to   space 1024K,   0% used [0x00000000e3c00000, 0x00000000e3c00000, 0x00000000e3d00000)
 concurrent mark-sweep generation total 81128K, used 48834K [0x00000000ecca0000, 0x00000000f1bda000, 0x0000000100000000)
 Metaspace       used 67914K, capacity 70874K, committed 71552K, reserved 1112064K
  class space    used 8657K, capacity 9223K, committed 9344K, reserved 1048576K
2020-11-07T20:05:00.720+0800: 54.566: [GC (Allocation Failure) 2020-11-07T20:05:00.720+0800: 54.566: [ParNew: 8687K->523K(9216K), 0.0155476 secs] 57521K->49407K(90344K), 0.0156052 secs] [Times: user=0.01 sys=0.00, real=0.02 secs] 
Heap after GC invocations=540 (full 39):
 par new generation   total 9216K, used 523K [0x00000000e3400000, 0x00000000e3e00000, 0x00000000ecca0000)
  eden space 8192K,   0% used [0x00000000e3400000, 0x00000000e3400000, 0x00000000e3c00000)
  from space 1024K,  51% used [0x00000000e3c00000, 0x00000000e3c82e38, 0x00000000e3d00000)
  to   space 1024K,   0% used [0x00000000e3d00000, 0x00000000e3d00000, 0x00000000e3e00000)
 concurrent mark-sweep generation total 81128K, used 48884K [0x00000000ecca0000, 0x00000000f1bda000, 0x0000000100000000)
 Metaspace       used 67914K, capacity 70874K, committed 71552K, reserved 1112064K
  class space    used 8657K, capacity 9223K, committed 9344K, reserved 1048576K
}
2020-11-07T20:05:00.772+0800: 54.618: Application time: 0.0364048 seconds
{Heap before GC invocations=540 (full 39):
 par new generation   total 9216K, used 8715K [0x00000000e3400000, 0x00000000e3e00000, 0x00000000ecca0000)
  eden space 8192K, 100% used [0x00000000e3400000, 0x00000000e3c00000, 0x00000000e3c00000)
  from space 1024K,  51% used [0x00000000e3c00000, 0x00000000e3c82e38, 0x00000000e3d00000)
  to   space 1024K,   0% used [0x00000000e3d00000, 0x00000000e3d00000, 0x00000000e3e00000)
 concurrent mark-sweep generation total 81128K, used 48884K [0x00000000ecca0000, 0x00000000f1bda000, 0x0000000100000000)
 Metaspace       used 67933K, capacity 70874K, committed 71552K, reserved 1112064K
  class space    used 8659K, capacity 9223K, committed 9344K, reserved 1048576K
2020-11-07T20:05:00.772+0800: 54.618: [GC (Allocation Failure) 2020-11-07T20:05:00.772+0800: 54.618: [ParNew: 8715K->530K(9216K), 0.0114625 secs] 57599K->49475K(90344K), 0.0115296 secs] [Times: user=0.01 sys=0.00, real=0.01 secs] 
Heap after GC invocations=541 (full 39):
 par new generation   total 9216K, used 530K [0x00000000e3400000, 0x00000000e3e00000, 0x00000000ecca0000)
  eden space 8192K,   0% used [0x00000000e3400000, 0x00000000e3400000, 0x00000000e3c00000)
  from space 1024K,  51% used [0x00000000e3d00000, 0x00000000e3d84a58, 0x00000000e3e00000)
  to   space 1024K,   0% used [0x00000000e3c00000, 0x00000000e3c00000, 0x00000000e3d00000)
 concurrent mark-sweep generation total 81128K, used 48944K [0x00000000ecca0000, 0x00000000f1bda000, 0x0000000100000000)
 Metaspace       used 67933K, capacity 70874K, committed 71552K, reserved 1112064K
  class space    used 8659K, capacity 9223K, committed 9344K, reserved 1048576K
}
2020-11-07T20:05:00.808+0800: 54.654: Application time: 0.0243505 seconds
{Heap before GC invocations=541 (full 39):
 par new generation   total 9216K, used 8722K [0x00000000e3400000, 0x00000000e3e00000, 0x00000000ecca0000)
  eden space 8192K, 100% used [0x00000000e3400000, 0x00000000e3c00000, 0x00000000e3c00000)
  from space 1024K,  51% used [0x00000000e3d00000, 0x00000000e3d84a58, 0x00000000e3e00000)
  to   space 1024K,   0% used [0x00000000e3c00000, 0x00000000e3c00000, 0x00000000e3d00000)
 concurrent mark-sweep generation total 81128K, used 48944K [0x00000000ecca0000, 0x00000000f1bda000, 0x0000000100000000)
 Metaspace       used 67939K, capacity 70874K, committed 71552K, reserved 1112064K
  class space    used 8660K, capacity 9223K, committed 9344K, reserved 1048576K
2020-11-07T20:05:00.808+0800: 54.654: [GC (Allocation Failure) 2020-11-07T20:05:00.808+0800: 54.654: [ParNew: 8722K->491K(9216K), 0.0246747 secs] 57667K->49512K(90344K), 0.0247363 secs] [Times: user=0.03 sys=0.00, real=0.02 secs] 
Heap after GC invocations=542 (full 39):
 par new generation   total 9216K, used 491K [0x00000000e3400000, 0x00000000e3e00000, 0x00000000ecca0000)
  eden space 8192K,   0% used [0x00000000e3400000, 0x00000000e3400000, 0x00000000e3c00000)
  from space 1024K,  47% used [0x00000000e3c00000, 0x00000000e3c7ae08, 0x00000000e3d00000)
  to   space 1024K,   0% used [0x00000000e3d00000, 0x00000000e3d00000, 0x00000000e3e00000)
 concurrent mark-sweep generation total 81128K, used 49020K [0x00000000ecca0000, 0x00000000f1bda000, 0x0000000100000000)
 Metaspace       used 67939K, capacity 70874K, committed 71552K, reserved 1112064K
  class space    used 8660K, capacity 9223K, committed 9344K, reserved 1048576K
}
2020-11-07T20:05:00.843+0800: 54.689: [CMS-concurrent-mark: 0.279/0.709 secs] [Times: user=0.69 sys=0.01, real=0.71 secs] 
2020-11-07T20:05:00.843+0800: 54.689: [CMS-concurrent-preclean-start]
2020-11-07T20:05:00.849+0800: 54.695: [CMS-concurrent-preclean: 0.006/0.006 secs] [Times: user=0.00 sys=0.00, real=0.01 secs] 
2020-11-07T20:05:00.862+0800: 54.707: Application time: 0.0283096 seconds
2020-11-07T20:05:00.862+0800: 54.707: [GC (CMS Final Remark) [YG occupancy: 5091 K (9216 K)]2020-11-07T20:05:00.862+0800: 54.708: [Rescan (parallel) , 0.0313819 secs]2020-11-07T20:05:00.893+0800: 54.739: [weak refs processing, 0.0031203 secs]2020-11-07T20:05:00.896+0800: 54.742: [class unloading, 0.0172553 secs]2020-11-07T20:05:00.914+0800: 54.759: [scrub symbol table, 0.0270564 secs]2020-11-07T20:05:00.941+0800: 54.786: [scrub string table, 0.0030433 secs][1 CMS-remark: 49020K(81128K)] 54112K(90344K), 0.0821018 secs] [Times: user=0.08 sys=0.00, real=0.08 secs] 
2020-11-07T20:05:00.947+0800: 54.793: [CMS-concurrent-sweep-start]
2020-11-07T20:05:01.015+0800: 54.861: Application time: 0.0713427 seconds
2020-11-07T20:05:01.017+0800: 54.863: Application time: 0.0008404 seconds
{Heap before GC invocations=542 (full 39):
 par new generation   total 9216K, used 8683K [0x00000000e3400000, 0x00000000e3e00000, 0x00000000ecca0000)
  eden space 8192K, 100% used [0x00000000e3400000, 0x00000000e3c00000, 0x00000000e3c00000)
  from space 1024K,  47% used [0x00000000e3c00000, 0x00000000e3c7ae08, 0x00000000e3d00000)
  to   space 1024K,   0% used [0x00000000e3d00000, 0x00000000e3d00000, 0x00000000e3e00000)
 concurrent mark-sweep generation total 81128K, used 49017K [0x00000000ecca0000, 0x00000000f1bda000, 0x0000000100000000)
 Metaspace       used 67954K, capacity 70884K, committed 71552K, reserved 1112064K
  class space    used 8664K, capacity 9226K, committed 9344K, reserved 1048576K
2020-11-07T20:05:01.018+0800: 54.863: [GC (Allocation Failure) 2020-11-07T20:05:01.018+0800: 54.863: [ParNew: 8683K->587K(9216K), 0.0238579 secs] 57701K->49620K(90344K), 0.0239779 secs] [Times: user=0.02 sys=0.00, real=0.02 secs] 
Heap after GC invocations=543 (full 39):
 par new generation   total 9216K, used 587K [0x00000000e3400000, 0x00000000e3e00000, 0x00000000ecca0000)
  eden space 8192K,   0% used [0x00000000e3400000, 0x00000000e3400000, 0x00000000e3c00000)
  from space 1024K,  57% used [0x00000000e3d00000, 0x00000000e3d92fb8, 0x00000000e3e00000)
  to   space 1024K,   0% used [0x00000000e3c00000, 0x00000000e3c00000, 0x00000000e3d00000)
 concurrent mark-sweep generation total 81128K, used 49032K [0x00000000ecca0000, 0x00000000f1bda000, 0x0000000100000000)
 Metaspace       used 67954K, capacity 70884K, committed 71552K, reserved 1112064K
  class space    used 8664K, capacity 9226K, committed 9344K, reserved 1048576K
}
2020-11-07T20:05:01.066+0800: 54.911: Application time: 0.0240579 seconds
{Heap before GC invocations=543 (full 39):
 par new generation   total 9216K, used 8779K [0x00000000e3400000, 0x00000000e3e00000, 0x00000000ecca0000)
  eden space 8192K, 100% used [0x00000000e3400000, 0x00000000e3c00000, 0x00000000e3c00000)
  from space 1024K,  57% used [0x00000000e3d00000, 0x00000000e3d92fb8, 0x00000000e3e00000)
  to   space 1024K,   0% used [0x00000000e3c00000, 0x00000000e3c00000, 0x00000000e3d00000)
 concurrent mark-sweep generation total 81128K, used 49027K [0x00000000ecca0000, 0x00000000f1bda000, 0x0000000100000000)
 Metaspace       used 67964K, capacity 70884K, committed 71552K, reserved 1112064K
  class space    used 8665K, capacity 9226K, committed 9344K, reserved 1048576K
2020-11-07T20:05:01.066+0800: 54.912: [GC (Allocation Failure) 2020-11-07T20:05:01.066+0800: 54.912: [ParNew: 8779K->527K(9216K), 0.0195288 secs] 57807K->49596K(90344K), 0.0195902 secs] [Times: user=0.02 sys=0.00, real=0.02 secs] 
Heap after GC invocations=544 (full 39):
 par new generation   total 9216K, used 527K [0x00000000e3400000, 0x00000000e3e00000, 0x00000000ecca0000)
  eden space 8192K,   0% used [0x00000000e3400000, 0x00000000e3400000, 0x00000000e3c00000)
  from space 1024K,  51% used [0x00000000e3c00000, 0x00000000e3c83e28, 0x00000000e3d00000)
  to   space 1024K,   0% used [0x00000000e3d00000, 0x00000000e3d00000, 0x00000000e3e00000)
 concurrent mark-sweep generation total 81128K, used 49069K [0x00000000ecca0000, 0x00000000f1bda000, 0x0000000100000000)
 Metaspace       used 67964K, capacity 70884K, committed 71552K, reserved 1112064K
  class space    used 8665K, capacity 9226K, committed 9344K, reserved 1048576K
}
2020-11-07T20:05:01.090+0800: 54.936: [CMS-concurrent-sweep: 0.093/0.142 secs] [Times: user=0.08 sys=0.00, real=0.14 secs] 
2020-11-07T20:05:01.097+0800: 54.942: [CMS-concurrent-reset-start]
2020-11-07T20:05:01.098+0800: 54.943: [CMS-concurrent-reset: 0.001/0.001 secs] [Times: user=0.00 sys=0.00, real=0.00 secs] 
2020-11-07T20:05:01.106+0800: 54.952: Application time: 0.0208213 seconds
{Heap before GC invocations=544 (full 39):
 par new generation   total 9216K, used 8719K [0x00000000e3400000, 0x00000000e3e00000, 0x00000000ecca0000)
  eden space 8192K, 100% used [0x00000000e3400000, 0x00000000e3c00000, 0x00000000e3c00000)
  from space 1024K,  51% used [0x00000000e3c00000, 0x00000000e3c83e28, 0x00000000e3d00000)
  to   space 1024K,   0% used [0x00000000e3d00000, 0x00000000e3d00000, 0x00000000e3e00000)
 concurrent mark-sweep generation total 81776K, used 49064K [0x00000000ecca0000, 0x00000000f1c7c000, 0x0000000100000000)
 Metaspace       used 67968K, capacity 70884K, committed 71552K, reserved 1112064K
  class space    used 8665K, capacity 9226K, committed 9344K, reserved 1048576K
2020-11-07T20:05:01.106+0800: 54.952: [GC (Allocation Failure) 2020-11-07T20:05:01.107+0800: 54.952: [ParNew: 8719K->633K(9216K), 0.0135049 secs] 57783K->49718K(90992K), 0.0136125 secs] [Times: user=0.01 sys=0.00, real=0.01 secs] 
Heap after GC invocations=545 (full 39):
 par new generation   total 9216K, used 633K [0x00000000e3400000, 0x00000000e3e00000, 0x00000000ecca0000)
  eden space 8192K,   0% used [0x00000000e3400000, 0x00000000e3400000, 0x00000000e3c00000)
  from space 1024K,  61% used [0x00000000e3d00000, 0x00000000e3d9e4c0, 0x00000000e3e00000)
  to   space 1024K,   0% used [0x00000000e3c00000, 0x00000000e3c00000, 0x00000000e3d00000)
 concurrent mark-sweep generation total 81776K, used 49084K [0x00000000ecca0000, 0x00000000f1c7c000, 0x0000000100000000)
 Metaspace       used 67968K, capacity 70884K, committed 71552K, reserved 1112064K
  class space    used 8665K, capacity 9226K, committed 9344K, reserved 1048576K
}
2020-11-07T20:05:01.127+0800: 54.972: Application time: 0.0063714 seconds
2020-11-07T20:05:01.127+0800: 54.973: [GC (CMS Initial Mark) [1 CMS-initial-mark: 49084K(81776K)] 54641K(90992K), 0.0073860 secs] [Times: user=0.01 sys=0.00, real=0.00 secs] 
2020-11-07T20:05:01.134+0800: 54.980: [CMS-concurrent-mark-start]
2020-11-07T20:05:01.151+0800: 54.997: Application time: 0.0166529 seconds
{Heap before GC invocations=545 (full 40):
 par new generation   total 9216K, used 8825K [0x00000000e3400000, 0x00000000e3e00000, 0x00000000ecca0000)
  eden space 8192K, 100% used [0x00000000e3400000, 0x00000000e3c00000, 0x00000000e3c00000)
  from space 1024K,  61% used [0x00000000e3d00000, 0x00000000e3d9e4c0, 0x00000000e3e00000)
  to   space 1024K,   0% used [0x00000000e3c00000, 0x00000000e3c00000, 0x00000000e3d00000)
 concurrent mark-sweep generation total 81776K, used 49084K [0x00000000ecca0000, 0x00000000f1c7c000, 0x0000000100000000)
 Metaspace       used 67971K, capacity 70884K, committed 71552K, reserved 1112064K
  class space    used 8665K, capacity 9226K, committed 9344K, reserved 1048576K
2020-11-07T20:05:01.151+0800: 54.997: [GC (Allocation Failure) 2020-11-07T20:05:01.151+0800: 54.997: [ParNew: 8825K->563K(9216K), 0.0226007 secs] 57910K->49665K(90992K), 0.0226852 secs] [Times: user=0.02 sys=0.00, real=0.02 secs] 
Heap after GC invocations=546 (full 40):
 par new generation   total 9216K, used 563K [0x00000000e3400000, 0x00000000e3e00000, 0x00000000ecca0000)
  eden space 8192K,   0% used [0x00000000e3400000, 0x00000000e3400000, 0x00000000e3c00000)
  from space 1024K,  55% used [0x00000000e3c00000, 0x00000000e3c8cd70, 0x00000000e3d00000)
  to   space 1024K,   0% used [0x00000000e3d00000, 0x00000000e3d00000, 0x00000000e3e00000)
 concurrent mark-sweep generation total 81776K, used 49102K [0x00000000ecca0000, 0x00000000f1c7c000, 0x0000000100000000)
 Metaspace       used 67971K, capacity 70884K, committed 71552K, reserved 1112064K
  class space    used 8665K, capacity 9226K, committed 9344K, reserved 1048576K
}
2020-11-07T20:05:01.207+0800: 55.053: Application time: 0.0337231 seconds
{Heap before GC invocations=546 (full 40):
 par new generation   total 9216K, used 8755K [0x00000000e3400000, 0x00000000e3e00000, 0x00000000ecca0000)
  eden space 8192K, 100% used [0x00000000e3400000, 0x00000000e3c00000, 0x00000000e3c00000)
  from space 1024K,  55% used [0x00000000e3c00000, 0x00000000e3c8cd70, 0x00000000e3d00000)
  to   space 1024K,   0% used [0x00000000e3d00000, 0x00000000e3d00000, 0x00000000e3e00000)
 concurrent mark-sweep generation total 81776K, used 49102K [0x00000000ecca0000, 0x00000000f1c7c000, 0x0000000100000000)
 Metaspace       used 67983K, capacity 70948K, committed 71552K, reserved 1112064K
  class space    used 8666K, capacity 9226K, committed 9344K, reserved 1048576K
2020-11-07T20:05:01.208+0800: 55.053: [GC (Allocation Failure) 2020-11-07T20:05:01.208+0800: 55.054: [ParNew: 8755K->587K(9216K), 0.0238238 secs] 57857K->49757K(90992K), 0.0239024 secs] [Times: user=0.02 sys=0.00, real=0.02 secs] 
Heap after GC invocations=547 (full 40):
 par new generation   total 9216K, used 587K [0x00000000e3400000, 0x00000000e3e00000, 0x00000000ecca0000)
  eden space 8192K,   0% used [0x00000000e3400000, 0x00000000e3400000, 0x00000000e3c00000)
  from space 1024K,  57% used [0x00000000e3d00000, 0x00000000e3d92ef0, 0x00000000e3e00000)
  to   space 1024K,   0% used [0x00000000e3c00000, 0x00000000e3c00000, 0x00000000e3d00000)
 concurrent mark-sweep generation total 81776K, used 49169K [0x00000000ecca0000, 0x00000000f1c7c000, 0x0000000100000000)
 Metaspace       used 67983K, capacity 70948K, committed 71552K, reserved 1112064K
  class space    used 8666K, capacity 9226K, committed 9344K, reserved 1048576K
}
2020-11-07T20:05:01.288+0800: 55.133: Application time: 0.0558880 seconds
{Heap before GC invocations=547 (full 40):
 par new generation   total 9216K, used 8779K [0x00000000e3400000, 0x00000000e3e00000, 0x00000000ecca0000)
  eden space 8192K, 100% used [0x00000000e3400000, 0x00000000e3c00000, 0x00000000e3c00000)
  from space 1024K,  57% used [0x00000000e3d00000, 0x00000000e3d92ef0, 0x00000000e3e00000)
  to   space 1024K,   0% used [0x00000000e3c00000, 0x00000000e3c00000, 0x00000000e3d00000)
 concurrent mark-sweep generation total 81776K, used 49169K [0x00000000ecca0000, 0x00000000f1c7c000, 0x0000000100000000)
 Metaspace       used 68047K, capacity 71006K, committed 71552K, reserved 1112064K
  class space    used 8676K, capacity 9263K, committed 9344K, reserved 1048576K
2020-11-07T20:05:01.288+0800: 55.134: [GC (Allocation Failure) 2020-11-07T20:05:01.288+0800: 55.134: [ParNew: 8779K->593K(9216K), 0.0220812 secs] 57949K->49803K(90992K), 0.0221414 secs] [Times: user=0.02 sys=0.00, real=0.02 secs] 
Heap after GC invocations=548 (full 40):
 par new generation   total 9216K, used 593K [0x00000000e3400000, 0x00000000e3e00000, 0x00000000ecca0000)
  eden space 8192K,   0% used [0x00000000e3400000, 0x00000000e3400000, 0x00000000e3c00000)
  from space 1024K,  57% used [0x00000000e3c00000, 0x00000000e3c94610, 0x00000000e3d00000)
  to   space 1024K,   0% used [0x00000000e3d00000, 0x00000000e3d00000, 0x00000000e3e00000)
 concurrent mark-sweep generation total 81776K, used 49210K [0x00000000ecca0000, 0x00000000f1c7c000, 0x0000000100000000)
 Metaspace       used 68047K, capacity 71006K, committed 71552K, reserved 1112064K
  class space    used 8676K, capacity 9263K, committed 9344K, reserved 1048576K
}
2020-11-07T20:05:01.337+0800: 55.183: Application time: 0.0274298 seconds
{Heap before GC invocations=548 (full 40):
 par new generation   total 9216K, used 8785K [0x00000000e3400000, 0x00000000e3e00000, 0x00000000ecca0000)
  eden space 8192K, 100% used [0x00000000e3400000, 0x00000000e3c00000, 0x00000000e3c00000)
  from space 1024K,  57% used [0x00000000e3c00000, 0x00000000e3c94610, 0x00000000e3d00000)
  to   space 1024K,   0% used [0x00000000e3d00000, 0x00000000e3d00000, 0x00000000e3e00000)
 concurrent mark-sweep generation total 81776K, used 49210K [0x00000000ecca0000, 0x00000000f1c7c000, 0x0000000100000000)
 Metaspace       used 68071K, capacity 71070K, committed 71552K, reserved 1112064K
  class space    used 8679K, capacity 9263K, committed 9344K, reserved 1048576K
2020-11-07T20:05:01.338+0800: 55.183: [GC (Allocation Failure) 2020-11-07T20:05:01.338+0800: 55.183: [ParNew: 8785K->671K(9216K), 0.0262412 secs] 57995K->49959K(90992K), 0.0263007 secs] [Times: user=0.02 sys=0.00, real=0.02 secs] 
Heap after GC invocations=549 (full 40):
 par new generation   total 9216K, used 671K [0x00000000e3400000, 0x00000000e3e00000, 0x00000000ecca0000)
  eden space 8192K,   0% used [0x00000000e3400000, 0x00000000e3400000, 0x00000000e3c00000)
  from space 1024K,  65% used [0x00000000e3d00000, 0x00000000e3da7e10, 0x00000000e3e00000)
  to   space 1024K,   0% used [0x00000000e3c00000, 0x00000000e3c00000, 0x00000000e3d00000)
 concurrent mark-sweep generation total 81776K, used 49287K [0x00000000ecca0000, 0x00000000f1c7c000, 0x0000000100000000)
 Metaspace       used 68071K, capacity 71070K, committed 71552K, reserved 1112064K
  class space    used 8679K, capacity 9263K, committed 9344K, reserved 1048576K
}
2020-11-07T20:05:01.384+0800: 55.230: Application time: 0.0198552 seconds
{Heap before GC invocations=549 (full 40):
 par new generation   total 9216K, used 8863K [0x00000000e3400000, 0x00000000e3e00000, 0x00000000ecca0000)
  eden space 8192K,  99% used [0x00000000e3400000, 0x00000000e3bfffe0, 0x00000000e3c00000)
  from space 1024K,  65% used [0x00000000e3d00000, 0x00000000e3da7e10, 0x00000000e3e00000)
  to   space 1024K,   0% used [0x00000000e3c00000, 0x00000000e3c00000, 0x00000000e3d00000)
 concurrent mark-sweep generation total 81776K, used 49287K [0x00000000ecca0000, 0x00000000f1c7c000, 0x0000000100000000)
 Metaspace       used 68071K, capacity 71070K, committed 71552K, reserved 1112064K
  class space    used 8679K, capacity 9263K, committed 9344K, reserved 1048576K
2020-11-07T20:05:01.384+0800: 55.230: [GC (Allocation Failure) 2020-11-07T20:05:01.384+0800: 55.230: [ParNew: 8863K->905K(9216K), 0.0327934 secs] 58151K->50267K(90992K), 0.0328702 secs] [Times: user=0.03 sys=0.00, real=0.04 secs] 
Heap after GC invocations=550 (full 40):
 par new generation   total 9216K, used 905K [0x00000000e3400000, 0x00000000e3e00000, 0x00000000ecca0000)
  eden space 8192K,   0% used [0x00000000e3400000, 0x00000000e3400000, 0x00000000e3c00000)
  from space 1024K,  88% used [0x00000000e3c00000, 0x00000000e3ce2568, 0x00000000e3d00000)
  to   space 1024K,   0% used [0x00000000e3d00000, 0x00000000e3d00000, 0x00000000e3e00000)
 concurrent mark-sweep generation total 81776K, used 49362K [0x00000000ecca0000, 0x00000000f1c7c000, 0x0000000100000000)
 Metaspace       used 68071K, capacity 71070K, committed 71552K, reserved 1112064K
  class space    used 8679K, capacity 9263K, committed 9344K, reserved 1048576K
}
2020-11-07T20:05:01.418+0800: 55.264: Application time: 0.0008441 seconds
2020-11-07T20:05:01.543+0800: 55.389: Application time: 0.1252352 seconds
{Heap before GC invocations=550 (full 40):
 par new generation   total 9216K, used 9097K [0x00000000e3400000, 0x00000000e3e00000, 0x00000000ecca0000)
  eden space 8192K, 100% used [0x00000000e3400000, 0x00000000e3c00000, 0x00000000e3c00000)
  from space 1024K,  88% used [0x00000000e3c00000, 0x00000000e3ce2568, 0x00000000e3d00000)
  to   space 1024K,   0% used [0x00000000e3d00000, 0x00000000e3d00000, 0x00000000e3e00000)
 concurrent mark-sweep generation total 81776K, used 49362K [0x00000000ecca0000, 0x00000000f1c7c000, 0x0000000100000000)
 Metaspace       used 68173K, capacity 71154K, committed 71808K, reserved 1112064K
  class space    used 8695K, capacity 9269K, committed 9344K, reserved 1048576K
2020-11-07T20:05:01.543+0800: 55.389: [GC (Allocation Failure) 2020-11-07T20:05:01.543+0800: 55.389: [ParNew: 9097K->831K(9216K), 0.0953408 secs] 58459K->50194K(90992K), 0.0954136 secs] [Times: user=0.04 sys=0.00, real=0.10 secs] 
Heap after GC invocations=551 (full 40):
 par new generation   total 9216K, used 831K [0x00000000e3400000, 0x00000000e3e00000, 0x00000000ecca0000)
  eden space 8192K,   0% used [0x00000000e3400000, 0x00000000e3400000, 0x00000000e3c00000)
  from space 1024K,  81% used [0x00000000e3d00000, 0x00000000e3dcfee8, 0x00000000e3e00000)
  to   space 1024K,   0% used [0x00000000e3c00000, 0x00000000e3c00000, 0x00000000e3d00000)
 concurrent mark-sweep generation total 81776K, used 49362K [0x00000000ecca0000, 0x00000000f1c7c000, 0x0000000100000000)
 Metaspace       used 68173K, capacity 71154K, committed 71808K, reserved 1112064K
  class space    used 8695K, capacity 9269K, committed 9344K, reserved 1048576K
}
2020-11-07T20:05:01.706+0800: 55.552: [CMS-concurrent-mark: 0.335/0.572 secs] [Times: user=0.45 sys=0.01, real=0.58 secs] 
2020-11-07T20:05:01.706+0800: 55.552: [CMS-concurrent-preclean-start]
2020-11-07T20:05:01.720+0800: 55.565: [CMS-concurrent-preclean: 0.013/0.013 secs] [Times: user=0.01 sys=0.00, real=0.01 secs] 
2020-11-07T20:05:01.720+0800: 55.565: [CMS-concurrent-abortable-preclean-start]
2020-11-07T20:05:01.750+0800: 55.595: Application time: 0.1106205 seconds
{Heap before GC invocations=551 (full 40):
 par new generation   total 9216K, used 9023K [0x00000000e3400000, 0x00000000e3e00000, 0x00000000ecca0000)
  eden space 8192K, 100% used [0x00000000e3400000, 0x00000000e3c00000, 0x00000000e3c00000)
  from space 1024K,  81% used [0x00000000e3d00000, 0x00000000e3dcfee8, 0x00000000e3e00000)
  to   space 1024K,   0% used [0x00000000e3c00000, 0x00000000e3c00000, 0x00000000e3d00000)
 concurrent mark-sweep generation total 81776K, used 49362K [0x00000000ecca0000, 0x00000000f1c7c000, 0x0000000100000000)
 Metaspace       used 68234K, capacity 71168K, committed 71808K, reserved 1112064K
  class space    used 8705K, capacity 9272K, committed 9344K, reserved 1048576K
2020-11-07T20:05:01.750+0800: 55.596: [GC (Allocation Failure) 2020-11-07T20:05:01.750+0800: 55.596: [ParNew: 9023K->815K(9216K), 0.0381441 secs] 58386K->50336K(90992K), 0.0382263 secs] [Times: user=0.04 sys=0.00, real=0.04 secs] 
Heap after GC invocations=552 (full 40):
 par new generation   total 9216K, used 815K [0x00000000e3400000, 0x00000000e3e00000, 0x00000000ecca0000)
  eden space 8192K,   0% used [0x00000000e3400000, 0x00000000e3400000, 0x00000000e3c00000)
  from space 1024K,  79% used [0x00000000e3c00000, 0x00000000e3ccbed0, 0x00000000e3d00000)
  to   space 1024K,   0% used [0x00000000e3d00000, 0x00000000e3d00000, 0x00000000e3e00000)
 concurrent mark-sweep generation total 81776K, used 49520K [0x00000000ecca0000, 0x00000000f1c7c000, 0x0000000100000000)
 Metaspace       used 68234K, capacity 71168K, committed 71808K, reserved 1112064K
  class space    used 8705K, capacity 9272K, committed 9344K, reserved 1048576K
}
2020-11-07T20:05:01.818+0800: 55.664: Application time: 0.0302666 seconds
{Heap before GC invocations=552 (full 40):
 par new generation   total 9216K, used 9007K [0x00000000e3400000, 0x00000000e3e00000, 0x00000000ecca0000)
  eden space 8192K, 100% used [0x00000000e3400000, 0x00000000e3c00000, 0x00000000e3c00000)
  from space 1024K,  79% used [0x00000000e3c00000, 0x00000000e3ccbed0, 0x00000000e3d00000)
  to   space 1024K,   0% used [0x00000000e3d00000, 0x00000000e3d00000, 0x00000000e3e00000)
 concurrent mark-sweep generation total 81776K, used 49520K [0x00000000ecca0000, 0x00000000f1c7c000, 0x0000000100000000)
 Metaspace       used 68259K, capacity 71244K, committed 71808K, reserved 1112064K
  class space    used 8710K, capacity 9274K, committed 9344K, reserved 1048576K
2020-11-07T20:05:01.819+0800: 55.664: [GC (Allocation Failure) 2020-11-07T20:05:01.819+0800: 55.664: [ParNew: 9007K->655K(9216K), 0.0262174 secs] 58528K->50213K(90992K), 0.0262817 secs] [Times: user=0.03 sys=0.00, real=0.03 secs] 
Heap after GC invocations=553 (full 40):
 par new generation   total 9216K, used 655K [0x00000000e3400000, 0x00000000e3e00000, 0x00000000ecca0000)
  eden space 8192K,   0% used [0x00000000e3400000, 0x00000000e3400000, 0x00000000e3c00000)
  from space 1024K,  63% used [0x00000000e3d00000, 0x00000000e3da3c08, 0x00000000e3e00000)
  to   space 1024K,   0% used [0x00000000e3c00000, 0x00000000e3c00000, 0x00000000e3d00000)
 concurrent mark-sweep generation total 81776K, used 49558K [0x00000000ecca0000, 0x00000000f1c7c000, 0x0000000100000000)
 Metaspace       used 68259K, capacity 71244K, committed 71808K, reserved 1112064K
  class space    used 8710K, capacity 9274K, committed 9344K, reserved 1048576K
}
2020-11-07T20:05:01.846+0800: 55.692: [CMS-concurrent-abortable-preclean: 0.058/0.126 secs] [Times: user=0.12 sys=0.00, real=0.13 secs] 
2020-11-07T20:05:01.849+0800: 55.694: Application time: 0.0035840 seconds
2020-11-07T20:05:01.849+0800: 55.695: [GC (CMS Final Remark) [YG occupancy: 2307 K (9216 K)]2020-11-07T20:05:01.849+0800: 55.695: [Rescan (parallel) , 0.0160933 secs]2020-11-07T20:05:01.865+0800: 55.711: [weak refs processing, 0.0010950 secs]2020-11-07T20:05:01.866+0800: 55.712: [class unloading, 0.0168661 secs]2020-11-07T20:05:01.883+0800: 55.729: [scrub symbol table, 0.0283217 secs]2020-11-07T20:05:01.911+0800: 55.757: [scrub string table, 0.0019884 secs][1 CMS-remark: 49558K(81776K)] 51865K(90992K), 0.0645920 secs] [Times: user=0.06 sys=0.00, real=0.06 secs] 
2020-11-07T20:05:01.928+0800: 55.774: [CMS-concurrent-sweep-start]
2020-11-07T20:05:01.963+0800: 55.809: Application time: 0.0500343 seconds
{Heap before GC invocations=553 (full 40):
 par new generation   total 9216K, used 8847K [0x00000000e3400000, 0x00000000e3e00000, 0x00000000ecca0000)
  eden space 8192K, 100% used [0x00000000e3400000, 0x00000000e3c00000, 0x00000000e3c00000)
  from space 1024K,  63% used [0x00000000e3d00000, 0x00000000e3da3c08, 0x00000000e3e00000)
  to   space 1024K,   0% used [0x00000000e3c00000, 0x00000000e3c00000, 0x00000000e3d00000)
 concurrent mark-sweep generation total 81776K, used 49522K [0x00000000ecca0000, 0x00000000f1c7c000, 0x0000000100000000)
 Metaspace       used 68273K, capacity 71256K, committed 71808K, reserved 1112064K
  class space    used 8711K, capacity 9276K, committed 9344K, reserved 1048576K
2020-11-07T20:05:01.964+0800: 55.809: [GC (Allocation Failure) 2020-11-07T20:05:01.964+0800: 55.809: [ParNew: 8847K->718K(9216K), 0.0180114 secs] 58369K->50241K(90992K), 0.0180916 secs] [Times: user=0.02 sys=0.00, real=0.02 secs] 
Heap after GC invocations=554 (full 40):
 par new generation   total 9216K, used 718K [0x00000000e3400000, 0x00000000e3e00000, 0x00000000ecca0000)
  eden space 8192K,   0% used [0x00000000e3400000, 0x00000000e3400000, 0x00000000e3c00000)
  from space 1024K,  70% used [0x00000000e3c00000, 0x00000000e3cb3a50, 0x00000000e3d00000)
  to   space 1024K,   0% used [0x00000000e3d00000, 0x00000000e3d00000, 0x00000000e3e00000)
 concurrent mark-sweep generation total 81776K, used 49522K [0x00000000ecca0000, 0x00000000f1c7c000, 0x0000000100000000)
 Metaspace       used 68273K, capacity 71256K, committed 71808K, reserved 1112064K
  class space    used 8711K, capacity 9276K, committed 9344K, reserved 1048576K
}
2020-11-07T20:05:02.012+0800: 55.857: [CMS-concurrent-sweep: 0.064/0.083 secs] [Times: user=0.08 sys=0.00, real=0.08 secs] 
2020-11-07T20:05:02.012+0800: 55.857: [CMS-concurrent-reset-start]
2020-11-07T20:05:02.013+0800: 55.858: [CMS-concurrent-reset: 0.001/0.001 secs] [Times: user=0.00 sys=0.00, real=0.00 secs] 
2020-11-07T20:05:02.057+0800: 55.902: Application time: 0.0748567 seconds
{Heap before GC invocations=554 (full 40):
 par new generation   total 9216K, used 8910K [0x00000000e3400000, 0x00000000e3e00000, 0x00000000ecca0000)
  eden space 8192K, 100% used [0x00000000e3400000, 0x00000000e3c00000, 0x00000000e3c00000)
  from space 1024K,  70% used [0x00000000e3c00000, 0x00000000e3cb3a50, 0x00000000e3d00000)
  to   space 1024K,   0% used [0x00000000e3d00000, 0x00000000e3d00000, 0x00000000e3e00000)
 concurrent mark-sweep generation total 82504K, used 49502K [0x00000000ecca0000, 0x00000000f1d32000, 0x0000000100000000)
 Metaspace       used 68337K, capacity 71366K, committed 71936K, reserved 1112064K
  class space    used 8719K, capacity 9311K, committed 9472K, reserved 1048576K
2020-11-07T20:05:02.057+0800: 55.903: [GC (Allocation Failure) 2020-11-07T20:05:02.057+0800: 55.903: [ParNew: 8910K->946K(9216K), 0.0377985 secs] 58412K->50487K(91720K), 0.0378824 secs] [Times: user=0.04 sys=0.00, real=0.04 secs] 
Heap after GC invocations=555 (full 40):
 par new generation   total 9216K, used 946K [0x00000000e3400000, 0x00000000e3e00000, 0x00000000ecca0000)
  eden space 8192K,   0% used [0x00000000e3400000, 0x00000000e3400000, 0x00000000e3c00000)
  from space 1024K,  92% used [0x00000000e3d00000, 0x00000000e3deca28, 0x00000000e3e00000)
  to   space 1024K,   0% used [0x00000000e3c00000, 0x00000000e3c00000, 0x00000000e3d00000)
 concurrent mark-sweep generation total 82504K, used 49541K [0x00000000ecca0000, 0x00000000f1d32000, 0x0000000100000000)
 Metaspace       used 68337K, capacity 71366K, committed 71936K, reserved 1112064K
  class space    used 8719K, capacity 9311K, committed 9472K, reserved 1048576K
}
2020-11-07T20:05:02.100+0800: 55.945: Application time: 0.0049022 seconds
2020-11-07T20:05:02.100+0800: 55.946: [GC (CMS Initial Mark) [1 CMS-initial-mark: 49541K(82504K)] 52305K(91720K), 0.0070212 secs] [Times: user=0.00 sys=0.00, real=0.01 secs] 
2020-11-07T20:05:02.107+0800: 55.953: [CMS-concurrent-mark-start]
2020-11-07T20:05:02.166+0800: 56.012: Application time: 0.0593267 seconds
{Heap before GC invocations=555 (full 41):
 par new generation   total 9216K, used 9138K [0x00000000e3400000, 0x00000000e3e00000, 0x00000000ecca0000)
  eden space 8192K, 100% used [0x00000000e3400000, 0x00000000e3c00000, 0x00000000e3c00000)
  from space 1024K,  92% used [0x00000000e3d00000, 0x00000000e3deca28, 0x00000000e3e00000)
  to   space 1024K,   0% used [0x00000000e3c00000, 0x00000000e3c00000, 0x00000000e3d00000)
 concurrent mark-sweep generation total 82504K, used 49541K [0x00000000ecca0000, 0x00000000f1d32000, 0x0000000100000000)
 Metaspace       used 68385K, capacity 71372K, committed 71936K, reserved 1112064K
  class space    used 8726K, capacity 9312K, committed 9472K, reserved 1048576K
2020-11-07T20:05:02.166+0800: 56.012: [GC (Allocation Failure) 2020-11-07T20:05:02.167+0800: 56.012: [ParNew: 9138K->772K(9216K), 0.0183238 secs] 58679K->50441K(91720K), 0.0184025 secs] [Times: user=0.01 sys=0.00, real=0.02 secs] 
Heap after GC invocations=556 (full 41):
 par new generation   total 9216K, used 772K [0x00000000e3400000, 0x00000000e3e00000, 0x00000000ecca0000)
  eden space 8192K,   0% used [0x00000000e3400000, 0x00000000e3400000, 0x00000000e3c00000)
  from space 1024K,  75% used [0x00000000e3c00000, 0x00000000e3cc1148, 0x00000000e3d00000)
  to   space 1024K,   0% used [0x00000000e3d00000, 0x00000000e3d00000, 0x00000000e3e00000)
 concurrent mark-sweep generation total 82504K, used 49668K [0x00000000ecca0000, 0x00000000f1d32000, 0x0000000100000000)
 Metaspace       used 68385K, capacity 71372K, committed 71936K, reserved 1112064K
  class space    used 8726K, capacity 9312K, committed 9472K, reserved 1048576K
}
2020-11-07T20:05:02.220+0800: 56.066: Application time: 0.0349923 seconds
{Heap before GC invocations=556 (full 41):
 par new generation   total 9216K, used 8964K [0x00000000e3400000, 0x00000000e3e00000, 0x00000000ecca0000)
  eden space 8192K, 100% used [0x00000000e3400000, 0x00000000e3c00000, 0x00000000e3c00000)
  from space 1024K,  75% used [0x00000000e3c00000, 0x00000000e3cc1148, 0x00000000e3d00000)
  to   space 1024K,   0% used [0x00000000e3d00000, 0x00000000e3d00000, 0x00000000e3e00000)
 concurrent mark-sweep generation total 82504K, used 49668K [0x00000000ecca0000, 0x00000000f1d32000, 0x0000000100000000)
 Metaspace       used 68386K, capacity 71372K, committed 71936K, reserved 1112064K
  class space    used 8726K, capacity 9312K, committed 9472K, reserved 1048576K
2020-11-07T20:05:02.220+0800: 56.066: [GC (Allocation Failure) 2020-11-07T20:05:02.220+0800: 56.066: [ParNew: 8964K->548K(9216K), 0.0240113 secs] 58633K->50312K(91720K), 0.0240817 secs] [Times: user=0.03 sys=0.00, real=0.02 secs] 
Heap after GC invocations=557 (full 41):
 par new generation   total 9216K, used 548K [0x00000000e3400000, 0x00000000e3e00000, 0x00000000ecca0000)
  eden space 8192K,   0% used [0x00000000e3400000, 0x00000000e3400000, 0x00000000e3c00000)
  from space 1024K,  53% used [0x00000000e3d00000, 0x00000000e3d89390, 0x00000000e3e00000)
  to   space 1024K,   0% used [0x00000000e3c00000, 0x00000000e3c00000, 0x00000000e3d00000)
 concurrent mark-sweep generation total 82504K, used 49763K [0x00000000ecca0000, 0x00000000f1d32000, 0x0000000100000000)
 Metaspace       used 68386K, capacity 71372K, committed 71936K, reserved 1112064K
  class space    used 8726K, capacity 9312K, committed 9472K, reserved 1048576K
}
2020-11-07T20:05:02.329+0800: 56.175: Application time: 0.0849517 seconds
2020-11-07T20:05:02.381+0800: 56.227: Application time: 0.0510001 seconds
{Heap before GC invocations=557 (full 41):
 par new generation   total 9216K, used 8740K [0x00000000e3400000, 0x00000000e3e00000, 0x00000000ecca0000)
  eden space 8192K, 100% used [0x00000000e3400000, 0x00000000e3c00000, 0x00000000e3c00000)
  from space 1024K,  53% used [0x00000000e3d00000, 0x00000000e3d89390, 0x00000000e3e00000)
  to   space 1024K,   0% used [0x00000000e3c00000, 0x00000000e3c00000, 0x00000000e3d00000)
 concurrent mark-sweep generation total 82504K, used 49763K [0x00000000ecca0000, 0x00000000f1d32000, 0x0000000100000000)
 Metaspace       used 68587K, capacity 71618K, committed 72192K, reserved 1112064K
  class space    used 8753K, capacity 9349K, committed 9472K, reserved 1048576K
2020-11-07T20:05:02.382+0800: 56.228: [GC (Allocation Failure) 2020-11-07T20:05:02.382+0800: 56.228: [ParNew: 8740K->1024K(9216K), 0.0241651 secs] 58504K->50836K(91720K), 0.0242383 secs] [Times: user=0.02 sys=0.00, real=0.03 secs] 
Heap after GC invocations=558 (full 41):
 par new generation   total 9216K, used 1024K [0x00000000e3400000, 0x00000000e3e00000, 0x00000000ecca0000)
  eden space 8192K,   0% used [0x00000000e3400000, 0x00000000e3400000, 0x00000000e3c00000)
  from space 1024K, 100% used [0x00000000e3c00000, 0x00000000e3d00000, 0x00000000e3d00000)
  to   space 1024K,   0% used [0x00000000e3d00000, 0x00000000e3d00000, 0x00000000e3e00000)
 concurrent mark-sweep generation total 82504K, used 49812K [0x00000000ecca0000, 0x00000000f1d32000, 0x0000000100000000)
 Metaspace       used 68587K, capacity 71618K, committed 72192K, reserved 1112064K
  class space    used 8753K, capacity 9349K, committed 9472K, reserved 1048576K
}
2020-11-07T20:05:02.427+0800: 56.273: Application time: 0.0208640 seconds
2020-11-07T20:05:02.736+0800: 56.582: Application time: 0.3078617 seconds
2020-11-07T20:05:02.752+0800: 56.598: Application time: 0.0144888 seconds
2020-11-07T20:05:02.754+0800: 56.600: Application time: 0.0009606 seconds
2020-11-07T20:05:02.792+0800: 56.638: Application time: 0.0371902 seconds
{Heap before GC invocations=558 (full 41):
 par new generation   total 9216K, used 9216K [0x00000000e3400000, 0x00000000e3e00000, 0x00000000ecca0000)
  eden space 8192K, 100% used [0x00000000e3400000, 0x00000000e3c00000, 0x00000000e3c00000)
  from space 1024K, 100% used [0x00000000e3c00000, 0x00000000e3d00000, 0x00000000e3d00000)
  to   space 1024K,   0% used [0x00000000e3d00000, 0x00000000e3d00000, 0x00000000e3e00000)
 concurrent mark-sweep generation total 82504K, used 49812K [0x00000000ecca0000, 0x00000000f1d32000, 0x0000000100000000)
 Metaspace       used 68769K, capacity 71750K, committed 72192K, reserved 1112064K
  class space    used 8779K, capacity 9351K, committed 9472K, reserved 1048576K
2020-11-07T20:05:02.793+0800: 56.638: [GC (Allocation Failure) 2020-11-07T20:05:02.793+0800: 56.638: [ParNew: 9216K->840K(9216K), 0.0230189 secs] 59028K->51060K(91720K), 0.0230986 secs] [Times: user=0.02 sys=0.00, real=0.03 secs] 
Heap after GC invocations=559 (full 41):
 par new generation   total 9216K, used 840K [0x00000000e3400000, 0x00000000e3e00000, 0x00000000ecca0000)
  eden space 8192K,   0% used [0x00000000e3400000, 0x00000000e3400000, 0x00000000e3c00000)
  from space 1024K,  82% used [0x00000000e3d00000, 0x00000000e3dd2310, 0x00000000e3e00000)
  to   space 1024K,   0% used [0x00000000e3c00000, 0x00000000e3c00000, 0x00000000e3d00000)
 concurrent mark-sweep generation total 82504K, used 50219K [0x00000000ecca0000, 0x00000000f1d32000, 0x0000000100000000)
 Metaspace       used 68769K, capacity 71750K, committed 72192K, reserved 1112064K
  class space    used 8779K, capacity 9351K, committed 9472K, reserved 1048576K
}
2020-11-07T20:05:02.847+0800: 56.692: [CMS-concurrent-mark: 0.615/0.740 secs] [Times: user=0.64 sys=0.01, real=0.74 secs] 
2020-11-07T20:05:02.847+0800: 56.692: [CMS-concurrent-preclean-start]
2020-11-07T20:05:02.861+0800: 56.707: [CMS-concurrent-preclean: 0.007/0.014 secs] [Times: user=0.01 sys=0.00, real=0.01 secs] 
2020-11-07T20:05:02.861+0800: 56.707: [CMS-concurrent-abortable-preclean-start]
2020-11-07T20:05:02.900+0800: 56.745: Application time: 0.0838815 seconds
{Heap before GC invocations=559 (full 41):
 par new generation   total 9216K, used 9032K [0x00000000e3400000, 0x00000000e3e00000, 0x00000000ecca0000)
  eden space 8192K, 100% used [0x00000000e3400000, 0x00000000e3c00000, 0x00000000e3c00000)
  from space 1024K,  82% used [0x00000000e3d00000, 0x00000000e3dd2310, 0x00000000e3e00000)
  to   space 1024K,   0% used [0x00000000e3c00000, 0x00000000e3c00000, 0x00000000e3d00000)
 concurrent mark-sweep generation total 82504K, used 50219K [0x00000000ecca0000, 0x00000000f1d32000, 0x0000000100000000)
 Metaspace       used 68849K, capacity 71850K, committed 72448K, reserved 1112064K
  class space    used 8785K, capacity 9383K, committed 9472K, reserved 1048576K
2020-11-07T20:05:02.900+0800: 56.746: [GC (Allocation Failure) 2020-11-07T20:05:02.900+0800: 56.746: [ParNew: 9032K->421K(9216K), 0.0161866 secs] 59252K->50725K(91720K), 0.0162873 secs] [Times: user=0.01 sys=0.00, real=0.02 secs] 
Heap after GC invocations=560 (full 41):
 par new generation   total 9216K, used 421K [0x00000000e3400000, 0x00000000e3e00000, 0x00000000ecca0000)
  eden space 8192K,   0% used [0x00000000e3400000, 0x00000000e3400000, 0x00000000e3c00000)
  from space 1024K,  41% used [0x00000000e3c00000, 0x00000000e3c69788, 0x00000000e3d00000)
  to   space 1024K,   0% used [0x00000000e3d00000, 0x00000000e3d00000, 0x00000000e3e00000)
 concurrent mark-sweep generation total 82504K, used 50303K [0x00000000ecca0000, 0x00000000f1d32000, 0x0000000100000000)
 Metaspace       used 68849K, capacity 71850K, committed 72448K, reserved 1112064K
  class space    used 8785K, capacity 9383K, committed 9472K, reserved 1048576K
}
2020-11-07T20:05:02.959+0800: 56.805: Application time: 0.0431163 seconds
{Heap before GC invocations=560 (full 41):
 par new generation   total 9216K, used 8613K [0x00000000e3400000, 0x00000000e3e00000, 0x00000000ecca0000)
  eden space 8192K, 100% used [0x00000000e3400000, 0x00000000e3c00000, 0x00000000e3c00000)
  from space 1024K,  41% used [0x00000000e3c00000, 0x00000000e3c69788, 0x00000000e3d00000)
  to   space 1024K,   0% used [0x00000000e3d00000, 0x00000000e3d00000, 0x00000000e3e00000)
 concurrent mark-sweep generation total 82504K, used 50303K [0x00000000ecca0000, 0x00000000f1d32000, 0x0000000100000000)
 Metaspace       used 68870K, capacity 71926K, committed 72448K, reserved 1112064K
  class space    used 8789K, capacity 9387K, committed 9472K, reserved 1048576K
2020-11-07T20:05:02.959+0800: 56.805: [GC (Allocation Failure) 2020-11-07T20:05:02.960+0800: 56.805: [ParNew: 8613K->463K(9216K), 0.0209997 secs] 58917K->50767K(91720K), 0.0210703 secs] [Times: user=0.02 sys=0.00, real=0.02 secs] 
Heap after GC invocations=561 (full 41):
 par new generation   total 9216K, used 463K [0x00000000e3400000, 0x00000000e3e00000, 0x00000000ecca0000)
  eden space 8192K,   0% used [0x00000000e3400000, 0x00000000e3400000, 0x00000000e3c00000)
  from space 1024K,  45% used [0x00000000e3d00000, 0x00000000e3d73f28, 0x00000000e3e00000)
  to   space 1024K,   0% used [0x00000000e3c00000, 0x00000000e3c00000, 0x00000000e3d00000)
 concurrent mark-sweep generation total 82504K, used 50303K [0x00000000ecca0000, 0x00000000f1d32000, 0x0000000100000000)
 Metaspace       used 68870K, capacity 71926K, committed 72448K, reserved 1112064K
  class space    used 8789K, capacity 9387K, committed 9472K, reserved 1048576K
}
2020-11-07T20:05:03.001+0800: 56.846: [CMS-concurrent-abortable-preclean: 0.077/0.139 secs] [Times: user=0.14 sys=0.00, real=0.14 secs] 
2020-11-07T20:05:03.013+0800: 56.859: Application time: 0.0324889 seconds
2020-11-07T20:05:03.013+0800: 56.859: [GC (CMS Final Remark) [YG occupancy: 7516 K (9216 K)]2020-11-07T20:05:03.013+0800: 56.859: [Rescan (parallel) , 0.0152851 secs]2020-11-07T20:05:03.029+0800: 56.874: [weak refs processing, 0.0002975 secs]2020-11-07T20:05:03.029+0800: 56.875: [class unloading, 0.0166105 secs]2020-11-07T20:05:03.046+0800: 56.891: [scrub symbol table, 0.0268002 secs]2020-11-07T20:05:03.072+0800: 56.918: [scrub string table, 0.0015474 secs][1 CMS-remark: 50303K(82504K)] 57820K(91720K), 0.0607886 secs] [Times: user=0.06 sys=0.00, real=0.06 secs] 
2020-11-07T20:05:03.076+0800: 56.922: [CMS-concurrent-sweep-start]
2020-11-07T20:05:03.082+0800: 56.927: Application time: 0.0074160 seconds
{Heap before GC invocations=561 (full 41):
 par new generation   total 9216K, used 8655K [0x00000000e3400000, 0x00000000e3e00000, 0x00000000ecca0000)
  eden space 8192K, 100% used [0x00000000e3400000, 0x00000000e3c00000, 0x00000000e3c00000)
  from space 1024K,  45% used [0x00000000e3d00000, 0x00000000e3d73f28, 0x00000000e3e00000)
  to   space 1024K,   0% used [0x00000000e3c00000, 0x00000000e3c00000, 0x00000000e3d00000)
 concurrent mark-sweep generation total 82504K, used 50301K [0x00000000ecca0000, 0x00000000f1d32000, 0x0000000100000000)
 Metaspace       used 68871K, capacity 71926K, committed 72448K, reserved 1112064K
  class space    used 8789K, capacity 9387K, committed 9472K, reserved 1048576K
2020-11-07T20:05:03.082+0800: 56.928: [GC (Allocation Failure) 2020-11-07T20:05:03.082+0800: 56.928: [ParNew: 8655K->461K(9216K), 0.0233737 secs] 58957K->50763K(91720K), 0.0234777 secs] [Times: user=0.02 sys=0.00, real=0.03 secs] 
Heap after GC invocations=562 (full 41):
 par new generation   total 9216K, used 461K [0x00000000e3400000, 0x00000000e3e00000, 0x00000000ecca0000)
  eden space 8192K,   0% used [0x00000000e3400000, 0x00000000e3400000, 0x00000000e3c00000)
  from space 1024K,  45% used [0x00000000e3c00000, 0x00000000e3c73758, 0x00000000e3d00000)
  to   space 1024K,   0% used [0x00000000e3d00000, 0x00000000e3d00000, 0x00000000e3e00000)
 concurrent mark-sweep generation total 82504K, used 50301K [0x00000000ecca0000, 0x00000000f1d32000, 0x0000000100000000)
 Metaspace       used 68871K, capacity 71926K, committed 72448K, reserved 1112064K
  class space    used 8789K, capacity 9387K, committed 9472K, reserved 1048576K
}
2020-11-07T20:05:03.150+0800: 56.996: [CMS-concurrent-sweep: 0.046/0.074 secs] [Times: user=0.07 sys=0.00, real=0.07 secs] 
2020-11-07T20:05:03.150+0800: 56.996: [CMS-concurrent-reset-start]
2020-11-07T20:05:03.151+0800: 56.997: [CMS-concurrent-reset: 0.001/0.001 secs] [Times: user=0.00 sys=0.00, real=0.00 secs] 
2020-11-07T20:05:03.264+0800: 57.109: Application time: 0.1582701 seconds
{Heap before GC invocations=562 (full 41):
 par new generation   total 9216K, used 8653K [0x00000000e3400000, 0x00000000e3e00000, 0x00000000ecca0000)
  eden space 8192K, 100% used [0x00000000e3400000, 0x00000000e3c00000, 0x00000000e3c00000)
  from space 1024K,  45% used [0x00000000e3c00000, 0x00000000e3c73758, 0x00000000e3d00000)
  to   space 1024K,   0% used [0x00000000e3d00000, 0x00000000e3d00000, 0x00000000e3e00000)
 concurrent mark-sweep generation total 83728K, used 50235K [0x00000000ecca0000, 0x00000000f1e64000, 0x0000000100000000)
 Metaspace       used 69097K, capacity 72222K, committed 72448K, reserved 1112064K
  class space    used 8822K, capacity 9427K, committed 9472K, reserved 1048576K
2020-11-07T20:05:03.264+0800: 57.110: [GC (Allocation Failure) 2020-11-07T20:05:03.264+0800: 57.110: [ParNew: 8653K->742K(9216K), 0.0349050 secs] 58889K->50978K(92944K), 0.0349874 secs] [Times: user=0.03 sys=0.00, real=0.04 secs] 
Heap after GC invocations=563 (full 41):
 par new generation   total 9216K, used 742K [0x00000000e3400000, 0x00000000e3e00000, 0x00000000ecca0000)
  eden space 8192K,   0% used [0x00000000e3400000, 0x00000000e3400000, 0x00000000e3c00000)
  from space 1024K,  72% used [0x00000000e3d00000, 0x00000000e3db9b00, 0x00000000e3e00000)
  to   space 1024K,   0% used [0x00000000e3c00000, 0x00000000e3c00000, 0x00000000e3d00000)
 concurrent mark-sweep generation total 83728K, used 50235K [0x00000000ecca0000, 0x00000000f1e64000, 0x0000000100000000)
 Metaspace       used 69097K, capacity 72222K, committed 72448K, reserved 1112064K
  class space    used 8822K, capacity 9427K, committed 9472K, reserved 1048576K
}
2020-11-07T20:05:03.450+0800: 57.296: Application time: 0.1508482 seconds
{Heap before GC invocations=563 (full 41):
 par new generation   total 9216K, used 8934K [0x00000000e3400000, 0x00000000e3e00000, 0x00000000ecca0000)
  eden space 8192K, 100% used [0x00000000e3400000, 0x00000000e3c00000, 0x00000000e3c00000)
  from space 1024K,  72% used [0x00000000e3d00000, 0x00000000e3db9b00, 0x00000000e3e00000)
  to   space 1024K,   0% used [0x00000000e3c00000, 0x00000000e3c00000, 0x00000000e3d00000)
 concurrent mark-sweep generation total 83728K, used 50235K [0x00000000ecca0000, 0x00000000f1e64000, 0x0000000100000000)
 Metaspace       used 69152K, capacity 72384K, committed 72704K, reserved 1112064K
  class space    used 8830K, capacity 9442K, committed 9472K, reserved 1048576K
2020-11-07T20:05:03.450+0800: 57.296: [GC (Allocation Failure) 2020-11-07T20:05:03.450+0800: 57.296: [ParNew: 8934K->1024K(9216K), 0.0171373 secs] 59170K->51657K(92944K), 0.0172062 secs] [Times: user=0.02 sys=0.00, real=0.02 secs] 
Heap after GC invocations=564 (full 41):
 par new generation   total 9216K, used 1024K [0x00000000e3400000, 0x00000000e3e00000, 0x00000000ecca0000)
  eden space 8192K,   0% used [0x00000000e3400000, 0x00000000e3400000, 0x00000000e3c00000)
  from space 1024K, 100% used [0x00000000e3c00000, 0x00000000e3d00000, 0x00000000e3d00000)
  to   space 1024K,   0% used [0x00000000e3d00000, 0x00000000e3d00000, 0x00000000e3e00000)
 concurrent mark-sweep generation total 83728K, used 50633K [0x00000000ecca0000, 0x00000000f1e64000, 0x0000000100000000)
 Metaspace       used 69152K, capacity 72384K, committed 72704K, reserved 1112064K
  class space    used 8830K, capacity 9442K, committed 9472K, reserved 1048576K
}
2020-11-07T20:05:03.476+0800: 57.321: Application time: 0.0083780 seconds
2020-11-07T20:05:03.476+0800: 57.322: [GC (CMS Initial Mark) [1 CMS-initial-mark: 50633K(83728K)] 52496K(92944K), 0.0060931 secs] [Times: user=0.00 sys=0.00, real=0.00 secs] 
2020-11-07T20:05:03.487+0800: 57.332: [CMS-concurrent-mark-start]
2020-11-07T20:05:03.525+0800: 57.370: Application time: 0.0425652 seconds
{Heap before GC invocations=564 (full 42):
 par new generation   total 9216K, used 9216K [0x00000000e3400000, 0x00000000e3e00000, 0x00000000ecca0000)
  eden space 8192K, 100% used [0x00000000e3400000, 0x00000000e3c00000, 0x00000000e3c00000)
  from space 1024K, 100% used [0x00000000e3c00000, 0x00000000e3d00000, 0x00000000e3d00000)
  to   space 1024K,   0% used [0x00000000e3d00000, 0x00000000e3d00000, 0x00000000e3e00000)
 concurrent mark-sweep generation total 83728K, used 50633K [0x00000000ecca0000, 0x00000000f1e64000, 0x0000000100000000)
 Metaspace       used 69155K, capacity 72384K, committed 72704K, reserved 1112064K
  class space    used 8830K, capacity 9442K, committed 9472K, reserved 1048576K
2020-11-07T20:05:03.525+0800: 57.371: [GC (Allocation Failure) 2020-11-07T20:05:03.525+0800: 57.371: [ParNew: 9216K->565K(9216K), 0.0374022 secs] 59849K->52052K(92944K), 0.0374844 secs] [Times: user=0.04 sys=0.00, real=0.03 secs] 
Heap after GC invocations=565 (full 42):
 par new generation   total 9216K, used 565K [0x00000000e3400000, 0x00000000e3e00000, 0x00000000ecca0000)
  eden space 8192K,   0% used [0x00000000e3400000, 0x00000000e3400000, 0x00000000e3c00000)
  from space 1024K,  55% used [0x00000000e3d00000, 0x00000000e3d8d678, 0x00000000e3e00000)
  to   space 1024K,   0% used [0x00000000e3c00000, 0x00000000e3c00000, 0x00000000e3d00000)
 concurrent mark-sweep generation total 83728K, used 51486K [0x00000000ecca0000, 0x00000000f1e64000, 0x0000000100000000)
 Metaspace       used 69155K, capacity 72384K, committed 72704K, reserved 1112064K
  class space    used 8830K, capacity 9442K, committed 9472K, reserved 1048576K
}
2020-11-07T20:05:03.616+0800: 57.461: Application time: 0.0533218 seconds
{Heap before GC invocations=565 (full 42):
 par new generation   total 9216K, used 8757K [0x00000000e3400000, 0x00000000e3e00000, 0x00000000ecca0000)
  eden space 8192K, 100% used [0x00000000e3400000, 0x00000000e3c00000, 0x00000000e3c00000)
  from space 1024K,  55% used [0x00000000e3d00000, 0x00000000e3d8d678, 0x00000000e3e00000)
  to   space 1024K,   0% used [0x00000000e3c00000, 0x00000000e3c00000, 0x00000000e3d00000)
 concurrent mark-sweep generation total 83728K, used 51486K [0x00000000ecca0000, 0x00000000f1e64000, 0x0000000100000000)
 Metaspace       used 69158K, capacity 72384K, committed 72704K, reserved 1112064K
  class space    used 8830K, capacity 9442K, committed 9472K, reserved 1048576K
2020-11-07T20:05:03.616+0800: 57.462: [GC (Allocation Failure) 2020-11-07T20:05:03.616+0800: 57.462: [ParNew: 8757K->165K(9216K), 0.0062884 secs] 60244K->51651K(92944K), 0.0063597 secs] [Times: user=0.01 sys=0.00, real=0.00 secs] 
Heap after GC invocations=566 (full 42):
 par new generation   total 9216K, used 165K [0x00000000e3400000, 0x00000000e3e00000, 0x00000000ecca0000)
  eden space 8192K,   0% used [0x00000000e3400000, 0x00000000e3400000, 0x00000000e3c00000)
  from space 1024K,  16% used [0x00000000e3c00000, 0x00000000e3c294a8, 0x00000000e3d00000)
  to   space 1024K,   0% used [0x00000000e3d00000, 0x00000000e3d00000, 0x00000000e3e00000)
 concurrent mark-sweep generation total 83728K, used 51486K [0x00000000ecca0000, 0x00000000f1e64000, 0x0000000100000000)
 Metaspace       used 69158K, capacity 72384K, committed 72704K, reserved 1112064K
  class space    used 8830K, capacity 9442K, committed 9472K, reserved 1048576K
}
2020-11-07T20:05:03.669+0800: 57.514: Application time: 0.0463179 seconds
{Heap before GC invocations=566 (full 42):
 par new generation   total 9216K, used 8357K [0x00000000e3400000, 0x00000000e3e00000, 0x00000000ecca0000)
  eden space 8192K, 100% used [0x00000000e3400000, 0x00000000e3c00000, 0x00000000e3c00000)
  from space 1024K,  16% used [0x00000000e3c00000, 0x00000000e3c294a8, 0x00000000e3d00000)
  to   space 1024K,   0% used [0x00000000e3d00000, 0x00000000e3d00000, 0x00000000e3e00000)
 concurrent mark-sweep generation total 83728K, used 51486K [0x00000000ecca0000, 0x00000000f1e64000, 0x0000000100000000)
 Metaspace       used 69158K, capacity 72384K, committed 72704K, reserved 1112064K
  class space    used 8830K, capacity 9442K, committed 9472K, reserved 1048576K
2020-11-07T20:05:03.669+0800: 57.515: [GC (Allocation Failure) 2020-11-07T20:05:03.669+0800: 57.515: [ParNew: 8357K->257K(9216K), 0.0259097 secs] 59843K->51743K(92944K), 0.0259682 secs] [Times: user=0.02 sys=0.00, real=0.03 secs] 
Heap after GC invocations=567 (full 42):
 par new generation   total 9216K, used 257K [0x00000000e3400000, 0x00000000e3e00000, 0x00000000ecca0000)
  eden space 8192K,   0% used [0x00000000e3400000, 0x00000000e3400000, 0x00000000e3c00000)
  from space 1024K,  25% used [0x00000000e3d00000, 0x00000000e3d40560, 0x00000000e3e00000)
  to   space 1024K,   0% used [0x00000000e3c00000, 0x00000000e3c00000, 0x00000000e3d00000)
 concurrent mark-sweep generation total 83728K, used 51486K [0x00000000ecca0000, 0x00000000f1e64000, 0x0000000100000000)
 Metaspace       used 69158K, capacity 72384K, committed 72704K, reserved 1112064K
  class space    used 8830K, capacity 9442K, committed 9472K, reserved 1048576K
}
2020-11-07T20:05:03.817+0800: 57.662: Application time: 0.1217582 seconds
{Heap before GC invocations=567 (full 42):
 par new generation   total 9216K, used 8449K [0x00000000e3400000, 0x00000000e3e00000, 0x00000000ecca0000)
  eden space 8192K, 100% used [0x00000000e3400000, 0x00000000e3c00000, 0x00000000e3c00000)
  from space 1024K,  25% used [0x00000000e3d00000, 0x00000000e3d40560, 0x00000000e3e00000)
  to   space 1024K,   0% used [0x00000000e3c00000, 0x00000000e3c00000, 0x00000000e3d00000)
 concurrent mark-sweep generation total 83728K, used 51486K [0x00000000ecca0000, 0x00000000f1e64000, 0x0000000100000000)
 Metaspace       used 69206K, capacity 72504K, committed 72704K, reserved 1112064K
  class space    used 8841K, capacity 9462K, committed 9472K, reserved 1048576K
2020-11-07T20:05:03.817+0800: 57.663: [GC (Allocation Failure) 2020-11-07T20:05:03.817+0800: 57.663: [ParNew: 8449K->325K(9216K), 0.0329724 secs] 59935K->51812K(92944K), 0.0330317 secs] [Times: user=0.04 sys=0.00, real=0.03 secs] 
Heap after GC invocations=568 (full 42):
 par new generation   total 9216K, used 325K [0x00000000e3400000, 0x00000000e3e00000, 0x00000000ecca0000)
  eden space 8192K,   0% used [0x00000000e3400000, 0x00000000e3400000, 0x00000000e3c00000)
  from space 1024K,  31% used [0x00000000e3c00000, 0x00000000e3c51750, 0x00000000e3d00000)
  to   space 1024K,   0% used [0x00000000e3d00000, 0x00000000e3d00000, 0x00000000e3e00000)
 concurrent mark-sweep generation total 83728K, used 51486K [0x00000000ecca0000, 0x00000000f1e64000, 0x0000000100000000)
 Metaspace       used 69206K, capacity 72504K, committed 72704K, reserved 1112064K
  class space    used 8841K, capacity 9462K, committed 9472K, reserved 1048576K
}
2020-11-07T20:05:03.931+0800: 57.776: Application time: 0.0806823 seconds
{Heap before GC invocations=568 (full 42):
 par new generation   total 9216K, used 8517K [0x00000000e3400000, 0x00000000e3e00000, 0x00000000ecca0000)
  eden space 8192K, 100% used [0x00000000e3400000, 0x00000000e3c00000, 0x00000000e3c00000)
  from space 1024K,  31% used [0x00000000e3c00000, 0x00000000e3c51750, 0x00000000e3d00000)
  to   space 1024K,   0% used [0x00000000e3d00000, 0x00000000e3d00000, 0x00000000e3e00000)
 concurrent mark-sweep generation total 83728K, used 51486K [0x00000000ecca0000, 0x00000000f1e64000, 0x0000000100000000)
 Metaspace       used 69245K, capacity 72514K, committed 72704K, reserved 1112064K
  class space    used 8845K, capacity 9465K, committed 9472K, reserved 1048576K
2020-11-07T20:05:03.931+0800: 57.777: [GC (Allocation Failure) 2020-11-07T20:05:03.931+0800: 57.777: [ParNew: 8517K->478K(9216K), 0.0250087 secs] 60004K->51964K(92944K), 0.0250675 secs] [Times: user=0.02 sys=0.01, real=0.03 secs] 
Heap after GC invocations=569 (full 42):
 par new generation   total 9216K, used 478K [0x00000000e3400000, 0x00000000e3e00000, 0x00000000ecca0000)
  eden space 8192K,   0% used [0x00000000e3400000, 0x00000000e3400000, 0x00000000e3c00000)
  from space 1024K,  46% used [0x00000000e3d00000, 0x00000000e3d77828, 0x00000000e3e00000)
  to   space 1024K,   0% used [0x00000000e3c00000, 0x00000000e3c00000, 0x00000000e3d00000)
 concurrent mark-sweep generation total 83728K, used 51486K [0x00000000ecca0000, 0x00000000f1e64000, 0x0000000100000000)
 Metaspace       used 69245K, capacity 72514K, committed 72704K, reserved 1112064K
  class space    used 8845K, capacity 9465K, committed 9472K, reserved 1048576K
}
2020-11-07T20:05:03.998+0800: 57.843: Application time: 0.0417040 seconds
{Heap before GC invocations=569 (full 42):
 par new generation   total 9216K, used 8670K [0x00000000e3400000, 0x00000000e3e00000, 0x00000000ecca0000)
  eden space 8192K, 100% used [0x00000000e3400000, 0x00000000e3c00000, 0x00000000e3c00000)
  from space 1024K,  46% used [0x00000000e3d00000, 0x00000000e3d77828, 0x00000000e3e00000)
  to   space 1024K,   0% used [0x00000000e3c00000, 0x00000000e3c00000, 0x00000000e3d00000)
 concurrent mark-sweep generation total 83728K, used 51486K [0x00000000ecca0000, 0x00000000f1e64000, 0x0000000100000000)
 Metaspace       used 69259K, capacity 72578K, committed 72704K, reserved 1112064K
  class space    used 8848K, capacity 9465K, committed 9472K, reserved 1048576K
2020-11-07T20:05:03.998+0800: 57.844: [GC (Allocation Failure) 2020-11-07T20:05:03.998+0800: 57.844: [ParNew: 8670K->421K(9216K), 0.0148561 secs] 60156K->51908K(92944K), 0.0149216 secs] [Times: user=0.02 sys=0.00, real=0.01 secs] 
Heap after GC invocations=570 (full 42):
 par new generation   total 9216K, used 421K [0x00000000e3400000, 0x00000000e3e00000, 0x00000000ecca0000)
  eden space 8192K,   0% used [0x00000000e3400000, 0x00000000e3400000, 0x00000000e3c00000)
  from space 1024K,  41% used [0x00000000e3c00000, 0x00000000e3c69788, 0x00000000e3d00000)
  to   space 1024K,   0% used [0x00000000e3d00000, 0x00000000e3d00000, 0x00000000e3e00000)
 concurrent mark-sweep generation total 83728K, used 51486K [0x00000000ecca0000, 0x00000000f1e64000, 0x0000000100000000)
 Metaspace       used 69259K, capacity 72578K, committed 72704K, reserved 1112064K
  class space    used 8848K, capacity 9465K, committed 9472K, reserved 1048576K
}
2020-11-07T20:05:04.017+0800: 57.863: [CMS-concurrent-mark: 0.374/0.530 secs] [Times: user=0.50 sys=0.01, real=0.53 secs] 
2020-11-07T20:05:04.017+0800: 57.863: [CMS-concurrent-preclean-start]
2020-11-07T20:05:04.028+0800: 57.874: [CMS-concurrent-preclean: 0.011/0.011 secs] [Times: user=0.01 sys=0.00, real=0.01 secs] 
2020-11-07T20:05:04.028+0800: 57.874: [CMS-concurrent-abortable-preclean-start]
2020-11-07T20:05:04.079+0800: 57.925: Application time: 0.0663743 seconds
{Heap before GC invocations=570 (full 42):
 par new generation   total 9216K, used 8613K [0x00000000e3400000, 0x00000000e3e00000, 0x00000000ecca0000)
  eden space 8192K, 100% used [0x00000000e3400000, 0x00000000e3c00000, 0x00000000e3c00000)
  from space 1024K,  41% used [0x00000000e3c00000, 0x00000000e3c69788, 0x00000000e3d00000)
  to   space 1024K,   0% used [0x00000000e3d00000, 0x00000000e3d00000, 0x00000000e3e00000)
 concurrent mark-sweep generation total 83728K, used 51486K [0x00000000ecca0000, 0x00000000f1e64000, 0x0000000100000000)
 Metaspace       used 69326K, capacity 72642K, committed 72704K, reserved 1112064K
  class space    used 8856K, capacity 9465K, committed 9472K, reserved 1048576K
2020-11-07T20:05:04.079+0800: 57.925: [GC (Allocation Failure) 2020-11-07T20:05:04.079+0800: 57.925: [ParNew: 8613K->591K(9216K), 0.0204496 secs] 60100K->52078K(92944K), 0.0205391 secs] [Times: user=0.02 sys=0.00, real=0.02 secs] 
Heap after GC invocations=571 (full 42):
 par new generation   total 9216K, used 591K [0x00000000e3400000, 0x00000000e3e00000, 0x00000000ecca0000)
  eden space 8192K,   0% used [0x00000000e3400000, 0x00000000e3400000, 0x00000000e3c00000)
  from space 1024K,  57% used [0x00000000e3d00000, 0x00000000e3d93e70, 0x00000000e3e00000)
  to   space 1024K,   0% used [0x00000000e3c00000, 0x00000000e3c00000, 0x00000000e3d00000)
 concurrent mark-sweep generation total 83728K, used 51486K [0x00000000ecca0000, 0x00000000f1e64000, 0x0000000100000000)
 Metaspace       used 69326K, capacity 72642K, committed 72704K, reserved 1112064K
  class space    used 8856K, capacity 9465K, committed 9472K, reserved 1048576K
}
2020-11-07T20:05:04.119+0800: 57.965: [CMS-concurrent-abortable-preclean: 0.033/0.091 secs] [Times: user=0.08 sys=0.00, real=0.09 secs] 
2020-11-07T20:05:04.119+0800: 57.965: Application time: 0.0193958 seconds
2020-11-07T20:05:04.120+0800: 57.965: [GC (CMS Final Remark) [YG occupancy: 8461 K (9216 K)]2020-11-07T20:05:04.120+0800: 57.965: [Rescan (parallel) , 0.0335941 secs]2020-11-07T20:05:04.153+0800: 57.999: [weak refs processing, 0.0003386 secs]2020-11-07T20:05:04.154+0800: 57.999: [class unloading, 0.0228078 secs]2020-11-07T20:05:04.176+0800: 58.022: [scrub symbol table, 0.0273946 secs]2020-11-07T20:05:04.204+0800: 58.050: [scrub string table, 0.0015195 secs][1 CMS-remark: 51486K(83728K)] 59948K(92944K), 0.0858732 secs] [Times: user=0.08 sys=0.00, real=0.09 secs] 
2020-11-07T20:05:04.215+0800: 58.061: [CMS-concurrent-sweep-start]
2020-11-07T20:05:04.235+0800: 58.080: Application time: 0.0291033 seconds
{Heap before GC invocations=571 (full 42):
 par new generation   total 9216K, used 8783K [0x00000000e3400000, 0x00000000e3e00000, 0x00000000ecca0000)
  eden space 8192K, 100% used [0x00000000e3400000, 0x00000000e3c00000, 0x00000000e3c00000)
  from space 1024K,  57% used [0x00000000e3d00000, 0x00000000e3d93e70, 0x00000000e3e00000)
  to   space 1024K,   0% used [0x00000000e3c00000, 0x00000000e3c00000, 0x00000000e3d00000)
 concurrent mark-sweep generation total 83728K, used 51482K [0x00000000ecca0000, 0x00000000f1e64000, 0x0000000100000000)
 Metaspace       used 69326K, capacity 72642K, committed 72704K, reserved 1112064K
  class space    used 8856K, capacity 9465K, committed 9472K, reserved 1048576K
2020-11-07T20:05:04.235+0800: 58.081: [GC (Allocation Failure) 2020-11-07T20:05:04.235+0800: 58.081: [ParNew: 8783K->655K(9216K), 0.0351342 secs] 60266K->52137K(92944K), 0.0352154 secs] [Times: user=0.04 sys=0.00, real=0.03 secs] 
Heap after GC invocations=572 (full 42):
 par new generation   total 9216K, used 655K [0x00000000e3400000, 0x00000000e3e00000, 0x00000000ecca0000)
  eden space 8192K,   0% used [0x00000000e3400000, 0x00000000e3400000, 0x00000000e3c00000)
  from space 1024K,  64% used [0x00000000e3c00000, 0x00000000e3ca3da0, 0x00000000e3d00000)
  to   space 1024K,   0% used [0x00000000e3d00000, 0x00000000e3d00000, 0x00000000e3e00000)
 concurrent mark-sweep generation total 83728K, used 51482K [0x00000000ecca0000, 0x00000000f1e64000, 0x0000000100000000)
 Metaspace       used 69326K, capacity 72642K, committed 72704K, reserved 1112064K
  class space    used 8856K, capacity 9465K, committed 9472K, reserved 1048576K
}
2020-11-07T20:05:04.306+0800: 58.152: Application time: 0.0363431 seconds
{Heap before GC invocations=572 (full 42):
 par new generation   total 9216K, used 8847K [0x00000000e3400000, 0x00000000e3e00000, 0x00000000ecca0000)
  eden space 8192K, 100% used [0x00000000e3400000, 0x00000000e3c00000, 0x00000000e3c00000)
  from space 1024K,  64% used [0x00000000e3c00000, 0x00000000e3ca3da0, 0x00000000e3d00000)
  to   space 1024K,   0% used [0x00000000e3d00000, 0x00000000e3d00000, 0x00000000e3e00000)
 concurrent mark-sweep generation total 83728K, used 51368K [0x00000000ecca0000, 0x00000000f1e64000, 0x0000000100000000)
 Metaspace       used 69331K, capacity 72642K, committed 72704K, reserved 1112064K
  class space    used 8856K, capacity 9465K, committed 9472K, reserved 1048576K
2020-11-07T20:05:04.307+0800: 58.152: [GC (Allocation Failure) 2020-11-07T20:05:04.307+0800: 58.152: [ParNew: 8847K->727K(9216K), 0.0351663 secs] 60215K->52095K(92944K), 0.0352247 secs] [Times: user=0.04 sys=0.00, real=0.03 secs] 
Heap after GC invocations=573 (full 42):
 par new generation   total 9216K, used 727K [0x00000000e3400000, 0x00000000e3e00000, 0x00000000ecca0000)
  eden space 8192K,   0% used [0x00000000e3400000, 0x00000000e3400000, 0x00000000e3c00000)
  from space 1024K,  71% used [0x00000000e3d00000, 0x00000000e3db5f60, 0x00000000e3e00000)
  to   space 1024K,   0% used [0x00000000e3c00000, 0x00000000e3c00000, 0x00000000e3d00000)
 concurrent mark-sweep generation total 83728K, used 51368K [0x00000000ecca0000, 0x00000000f1e64000, 0x0000000100000000)
 Metaspace       used 69331K, capacity 72642K, committed 72704K, reserved 1112064K
  class space    used 8856K, capacity 9465K, committed 9472K, reserved 1048576K
}
2020-11-07T20:05:04.344+0800: 58.190: [CMS-concurrent-sweep: 0.057/0.130 secs] [Times: user=0.13 sys=0.00, real=0.13 secs] 
2020-11-07T20:05:04.347+0800: 58.193: [CMS-concurrent-reset-start]
2020-11-07T20:05:04.348+0800: 58.194: [CMS-concurrent-reset: 0.001/0.001 secs] [Times: user=0.00 sys=0.00, real=0.00 secs] 
2020-11-07T20:05:04.368+0800: 58.214: Application time: 0.0263110 seconds
{Heap before GC invocations=573 (full 42):
 par new generation   total 9216K, used 8919K [0x00000000e3400000, 0x00000000e3e00000, 0x00000000ecca0000)
  eden space 8192K, 100% used [0x00000000e3400000, 0x00000000e3c00000, 0x00000000e3c00000)
  from space 1024K,  71% used [0x00000000e3d00000, 0x00000000e3db5f60, 0x00000000e3e00000)
  to   space 1024K,   0% used [0x00000000e3c00000, 0x00000000e3c00000, 0x00000000e3d00000)
 concurrent mark-sweep generation total 85392K, used 51234K [0x00000000ecca0000, 0x00000000f2004000, 0x0000000100000000)
 Metaspace       used 69326K, capacity 72620K, committed 72704K, reserved 1112064K
  class space    used 8856K, capacity 9462K, committed 9472K, reserved 1048576K
2020-11-07T20:05:04.368+0800: 58.214: [GC (Allocation Failure) 2020-11-07T20:05:04.368+0800: 58.214: [ParNew: 8919K->700K(9216K), 0.0305799 secs] 60154K->52044K(94608K), 0.0306593 secs] [Times: user=0.03 sys=0.00, real=0.03 secs] 
Heap after GC invocations=574 (full 42):
 par new generation   total 9216K, used 700K [0x00000000e3400000, 0x00000000e3e00000, 0x00000000ecca0000)
  eden space 8192K,   0% used [0x00000000e3400000, 0x00000000e3400000, 0x00000000e3c00000)
  from space 1024K,  68% used [0x00000000e3c00000, 0x00000000e3caf1c0, 0x00000000e3d00000)
  to   space 1024K,   0% used [0x00000000e3d00000, 0x00000000e3d00000, 0x00000000e3e00000)
 concurrent mark-sweep generation total 85392K, used 51343K [0x00000000ecca0000, 0x00000000f2004000, 0x0000000100000000)
 Metaspace       used 69326K, capacity 72620K, committed 72704K, reserved 1112064K
  class space    used 8856K, capacity 9462K, committed 9472K, reserved 1048576K
}
2020-11-07T20:05:04.412+0800: 58.257: Application time: 0.0124122 seconds
2020-11-07T20:05:04.412+0800: 58.258: [GC (CMS Initial Mark) [1 CMS-initial-mark: 51343K(85392K)] 56806K(94608K), 0.0077955 secs] [Times: user=0.01 sys=0.00, real=0.01 secs] 
2020-11-07T20:05:04.420+0800: 58.265: [CMS-concurrent-mark-start]
2020-11-07T20:05:04.866+0800: 58.711: Application time: 0.4458991 seconds
{Heap before GC invocations=574 (full 43):
 par new generation   total 9216K, used 8892K [0x00000000e3400000, 0x00000000e3e00000, 0x00000000ecca0000)
  eden space 8192K, 100% used [0x00000000e3400000, 0x00000000e3c00000, 0x00000000e3c00000)
  from space 1024K,  68% used [0x00000000e3c00000, 0x00000000e3caf1c0, 0x00000000e3d00000)
  to   space 1024K,   0% used [0x00000000e3d00000, 0x00000000e3d00000, 0x00000000e3e00000)
 concurrent mark-sweep generation total 85392K, used 51343K [0x00000000ecca0000, 0x00000000f2004000, 0x0000000100000000)
 Metaspace       used 69327K, capacity 72620K, committed 72704K, reserved 1112064K
  class space    used 8856K, capacity 9462K, committed 9472K, reserved 1048576K
2020-11-07T20:05:04.866+0800: 58.712: [GC (Allocation Failure) 2020-11-07T20:05:04.866+0800: 58.712: [ParNew: 8892K->561K(9216K), 0.0234648 secs] 60236K->52058K(94608K), 0.0235465 secs] [Times: user=0.02 sys=0.00, real=0.02 secs] 
Heap after GC invocations=575 (full 43):
 par new generation   total 9216K, used 561K [0x00000000e3400000, 0x00000000e3e00000, 0x00000000ecca0000)
  eden space 8192K,   0% used [0x00000000e3400000, 0x00000000e3400000, 0x00000000e3c00000)
  from space 1024K,  54% used [0x00000000e3d00000, 0x00000000e3d8c640, 0x00000000e3e00000)
  to   space 1024K,   0% used [0x00000000e3c00000, 0x00000000e3c00000, 0x00000000e3d00000)
 concurrent mark-sweep generation total 85392K, used 51496K [0x00000000ecca0000, 0x00000000f2004000, 0x0000000100000000)
 Metaspace       used 69327K, capacity 72620K, committed 72704K, reserved 1112064K
  class space    used 8856K, capacity 9462K, committed 9472K, reserved 1048576K
}
2020-11-07T20:05:04.933+0800: 58.778: Application time: 0.0431321 seconds
{Heap before GC invocations=575 (full 43):
 par new generation   total 9216K, used 8753K [0x00000000e3400000, 0x00000000e3e00000, 0x00000000ecca0000)
  eden space 8192K, 100% used [0x00000000e3400000, 0x00000000e3c00000, 0x00000000e3c00000)
  from space 1024K,  54% used [0x00000000e3d00000, 0x00000000e3d8c640, 0x00000000e3e00000)
  to   space 1024K,   0% used [0x00000000e3c00000, 0x00000000e3c00000, 0x00000000e3d00000)
 concurrent mark-sweep generation total 85392K, used 51496K [0x00000000ecca0000, 0x00000000f2004000, 0x0000000100000000)
 Metaspace       used 69344K, capacity 72626K, committed 72704K, reserved 1112064K
  class space    used 8859K, capacity 9463K, committed 9472K, reserved 1048576K
2020-11-07T20:05:04.933+0800: 58.779: [GC (Allocation Failure) 2020-11-07T20:05:04.933+0800: 58.779: [ParNew: 8753K->556K(9216K), 0.0287697 secs] 60250K->52053K(94608K), 0.0288422 secs] [Times: user=0.03 sys=0.00, real=0.03 secs] 
Heap after GC invocations=576 (full 43):
 par new generation   total 9216K, used 556K [0x00000000e3400000, 0x00000000e3e00000, 0x00000000ecca0000)
  eden space 8192K,   0% used [0x00000000e3400000, 0x00000000e3400000, 0x00000000e3c00000)
  from space 1024K,  54% used [0x00000000e3c00000, 0x00000000e3c8b1d8, 0x00000000e3d00000)
  to   space 1024K,   0% used [0x00000000e3d00000, 0x00000000e3d00000, 0x00000000e3e00000)
 concurrent mark-sweep generation total 85392K, used 51496K [0x00000000ecca0000, 0x00000000f2004000, 0x0000000100000000)
 Metaspace       used 69344K, capacity 72626K, committed 72704K, reserved 1112064K
  class space    used 8859K, capacity 9463K, committed 9472K, reserved 1048576K
}
2020-11-07T20:05:05.015+0800: 58.860: Application time: 0.0528594 seconds
{Heap before GC invocations=576 (full 43):
 par new generation   total 9216K, used 8748K [0x00000000e3400000, 0x00000000e3e00000, 0x00000000ecca0000)
  eden space 8192K, 100% used [0x00000000e3400000, 0x00000000e3c00000, 0x00000000e3c00000)
  from space 1024K,  54% used [0x00000000e3c00000, 0x00000000e3c8b1d8, 0x00000000e3d00000)
  to   space 1024K,   0% used [0x00000000e3d00000, 0x00000000e3d00000, 0x00000000e3e00000)
 concurrent mark-sweep generation total 85392K, used 51496K [0x00000000ecca0000, 0x00000000f2004000, 0x0000000100000000)
 Metaspace       used 69351K, capacity 72658K, committed 72832K, reserved 1112064K
  class space    used 8860K, capacity 9495K, committed 9600K, reserved 1048576K
2020-11-07T20:05:05.015+0800: 58.861: [GC (Allocation Failure) 2020-11-07T20:05:05.015+0800: 58.861: [ParNew: 8748K->545K(9216K), 0.0130142 secs] 60245K->52042K(94608K), 0.0130830 secs] [Times: user=0.01 sys=0.00, real=0.01 secs] 
Heap after GC invocations=577 (full 43):
 par new generation   total 9216K, used 545K [0x00000000e3400000, 0x00000000e3e00000, 0x00000000ecca0000)
  eden space 8192K,   0% used [0x00000000e3400000, 0x00000000e3400000, 0x00000000e3c00000)
  from space 1024K,  53% used [0x00000000e3d00000, 0x00000000e3d884b8, 0x00000000e3e00000)
  to   space 1024K,   0% used [0x00000000e3c00000, 0x00000000e3c00000, 0x00000000e3d00000)
 concurrent mark-sweep generation total 85392K, used 51496K [0x00000000ecca0000, 0x00000000f2004000, 0x0000000100000000)
 Metaspace       used 69351K, capacity 72658K, committed 72832K, reserved 1112064K
  class space    used 8860K, capacity 9495K, committed 9600K, reserved 1048576K
}
2020-11-07T20:05:05.061+0800: 58.907: Application time: 0.0332615 seconds
{Heap before GC invocations=577 (full 43):
 par new generation   total 9216K, used 8737K [0x00000000e3400000, 0x00000000e3e00000, 0x00000000ecca0000)
  eden space 8192K, 100% used [0x00000000e3400000, 0x00000000e3c00000, 0x00000000e3c00000)
  from space 1024K,  53% used [0x00000000e3d00000, 0x00000000e3d884b8, 0x00000000e3e00000)
  to   space 1024K,   0% used [0x00000000e3c00000, 0x00000000e3c00000, 0x00000000e3d00000)
 concurrent mark-sweep generation total 85392K, used 51496K [0x00000000ecca0000, 0x00000000f2004000, 0x0000000100000000)
 Metaspace       used 69352K, capacity 72658K, committed 72832K, reserved 1112064K
  class space    used 8860K, capacity 9495K, committed 9600K, reserved 1048576K
2020-11-07T20:05:05.061+0800: 58.907: [GC (Allocation Failure) 2020-11-07T20:05:05.061+0800: 58.907: [ParNew: 8737K->692K(9216K), 0.0228879 secs] 60234K->52246K(94608K), 0.0229460 secs] [Times: user=0.02 sys=0.00, real=0.02 secs] 
Heap after GC invocations=578 (full 43):
 par new generation   total 9216K, used 692K [0x00000000e3400000, 0x00000000e3e00000, 0x00000000ecca0000)
  eden space 8192K,   0% used [0x00000000e3400000, 0x00000000e3400000, 0x00000000e3c00000)
  from space 1024K,  67% used [0x00000000e3c00000, 0x00000000e3cad100, 0x00000000e3d00000)
  to   space 1024K,   0% used [0x00000000e3d00000, 0x00000000e3d00000, 0x00000000e3e00000)
 concurrent mark-sweep generation total 85392K, used 51554K [0x00000000ecca0000, 0x00000000f2004000, 0x0000000100000000)
 Metaspace       used 69352K, capacity 72658K, committed 72832K, reserved 1112064K
  class space    used 8860K, capacity 9495K, committed 9600K, reserved 1048576K
}
2020-11-07T20:05:05.129+0800: 58.974: Application time: 0.0441375 seconds
2020-11-07T20:05:05.204+0800: 59.049: Application time: 0.0738417 seconds
{Heap before GC invocations=578 (full 43):
 par new generation   total 9216K, used 8884K [0x00000000e3400000, 0x00000000e3e00000, 0x00000000ecca0000)
  eden space 8192K, 100% used [0x00000000e3400000, 0x00000000e3c00000, 0x00000000e3c00000)
  from space 1024K,  67% used [0x00000000e3c00000, 0x00000000e3cad100, 0x00000000e3d00000)
  to   space 1024K,   0% used [0x00000000e3d00000, 0x00000000e3d00000, 0x00000000e3e00000)
 concurrent mark-sweep generation total 85392K, used 51554K [0x00000000ecca0000, 0x00000000f2004000, 0x0000000100000000)
 Metaspace       used 69511K, capacity 72914K, committed 73088K, reserved 1112064K
  class space    used 8897K, capacity 9559K, committed 9600K, reserved 1048576K
2020-11-07T20:05:05.204+0800: 59.050: [GC (Allocation Failure) 2020-11-07T20:05:05.204+0800: 59.050: [ParNew: 8884K->853K(9216K), 0.0395319 secs] 60438K->52454K(94608K), 0.0395900 secs] [Times: user=0.04 sys=0.00, real=0.04 secs] 
Heap after GC invocations=579 (full 43):
 par new generation   total 9216K, used 853K [0x00000000e3400000, 0x00000000e3e00000, 0x00000000ecca0000)
  eden space 8192K,   0% used [0x00000000e3400000, 0x00000000e3400000, 0x00000000e3c00000)
  from space 1024K,  83% used [0x00000000e3d00000, 0x00000000e3dd5590, 0x00000000e3e00000)
  to   space 1024K,   0% used [0x00000000e3c00000, 0x00000000e3c00000, 0x00000000e3d00000)
 concurrent mark-sweep generation total 85392K, used 51601K [0x00000000ecca0000, 0x00000000f2004000, 0x0000000100000000)
 Metaspace       used 69511K, capacity 72914K, committed 73088K, reserved 1112064K
  class space    used 8897K, capacity 9559K, committed 9600K, reserved 1048576K
}
2020-11-07T20:05:05.259+0800: 59.105: Application time: 0.0159348 seconds
{Heap before GC invocations=579 (full 43):
 par new generation   total 9216K, used 9045K [0x00000000e3400000, 0x00000000e3e00000, 0x00000000ecca0000)
  eden space 8192K, 100% used [0x00000000e3400000, 0x00000000e3c00000, 0x00000000e3c00000)
  from space 1024K,  83% used [0x00000000e3d00000, 0x00000000e3dd5590, 0x00000000e3e00000)
  to   space 1024K,   0% used [0x00000000e3c00000, 0x00000000e3c00000, 0x00000000e3d00000)
 concurrent mark-sweep generation total 85392K, used 51601K [0x00000000ecca0000, 0x00000000f2004000, 0x0000000100000000)
 Metaspace       used 69512K, capacity 72914K, committed 73088K, reserved 1112064K
  class space    used 8897K, capacity 9559K, committed 9600K, reserved 1048576K
2020-11-07T20:05:05.260+0800: 59.105: [GC (Allocation Failure) 2020-11-07T20:05:05.260+0800: 59.105: [ParNew: 9045K->570K(9216K), 0.0165847 secs] 60646K->52346K(94608K), 0.0166409 secs] [Times: user=0.01 sys=0.00, real=0.02 secs] 
Heap after GC invocations=580 (full 43):
 par new generation   total 9216K, used 570K [0x00000000e3400000, 0x00000000e3e00000, 0x00000000ecca0000)
  eden space 8192K,   0% used [0x00000000e3400000, 0x00000000e3400000, 0x00000000e3c00000)
  from space 1024K,  55% used [0x00000000e3c00000, 0x00000000e3c8ebc0, 0x00000000e3d00000)
  to   space 1024K,   0% used [0x00000000e3d00000, 0x00000000e3d00000, 0x00000000e3e00000)
 concurrent mark-sweep generation total 85392K, used 51775K [0x00000000ecca0000, 0x00000000f2004000, 0x0000000100000000)
 Metaspace       used 69512K, capacity 72914K, committed 73088K, reserved 1112064K
  class space    used 8897K, capacity 9559K, committed 9600K, reserved 1048576K
}
2020-11-07T20:05:05.334+0800: 59.180: Application time: 0.0576209 seconds
{Heap before GC invocations=580 (full 43):
 par new generation   total 9216K, used 8762K [0x00000000e3400000, 0x00000000e3e00000, 0x00000000ecca0000)
  eden space 8192K, 100% used [0x00000000e3400000, 0x00000000e3c00000, 0x00000000e3c00000)
  from space 1024K,  55% used [0x00000000e3c00000, 0x00000000e3c8ebc0, 0x00000000e3d00000)
  to   space 1024K,   0% used [0x00000000e3d00000, 0x00000000e3d00000, 0x00000000e3e00000)
 concurrent mark-sweep generation total 85392K, used 51775K [0x00000000ecca0000, 0x00000000f2004000, 0x0000000100000000)
 Metaspace       used 69514K, capacity 72914K, committed 73088K, reserved 1112064K
  class space    used 8897K, capacity 9559K, committed 9600K, reserved 1048576K
2020-11-07T20:05:05.334+0800: 59.180: [GC (Allocation Failure) 2020-11-07T20:05:05.334+0800: 59.180: [ParNew: 8762K->677K(9216K), 0.0370313 secs] 60538K->52452K(94608K), 0.0371025 secs] [Times: user=0.04 sys=0.00, real=0.04 secs] 
Heap after GC invocations=581 (full 43):
 par new generation   total 9216K, used 677K [0x00000000e3400000, 0x00000000e3e00000, 0x00000000ecca0000)
  eden space 8192K,   0% used [0x00000000e3400000, 0x00000000e3400000, 0x00000000e3c00000)
  from space 1024K,  66% used [0x00000000e3d00000, 0x00000000e3da96c0, 0x00000000e3e00000)
  to   space 1024K,   0% used [0x00000000e3c00000, 0x00000000e3c00000, 0x00000000e3d00000)
 concurrent mark-sweep generation total 85392K, used 51775K [0x00000000ecca0000, 0x00000000f2004000, 0x0000000100000000)
 Metaspace       used 69514K, capacity 72914K, committed 73088K, reserved 1112064K
  class space    used 8897K, capacity 9559K, committed 9600K, reserved 1048576K
}
2020-11-07T20:05:05.386+0800: 59.232: [CMS-concurrent-mark: 0.754/0.966 secs] [Times: user=0.93 sys=0.02, real=0.97 secs] 
2020-11-07T20:05:05.386+0800: 59.232: [CMS-concurrent-preclean-start]
2020-11-07T20:05:05.396+0800: 59.242: Application time: 0.0244698 seconds
{Heap before GC invocations=581 (full 43):
 par new generation   total 9216K, used 8869K [0x00000000e3400000, 0x00000000e3e00000, 0x00000000ecca0000)
  eden space 8192K, 100% used [0x00000000e3400000, 0x00000000e3c00000, 0x00000000e3c00000)
  from space 1024K,  66% used [0x00000000e3d00000, 0x00000000e3da96c0, 0x00000000e3e00000)
  to   space 1024K,   0% used [0x00000000e3c00000, 0x00000000e3c00000, 0x00000000e3d00000)
 concurrent mark-sweep generation total 85392K, used 51775K [0x00000000ecca0000, 0x00000000f2004000, 0x0000000100000000)
 Metaspace       used 69514K, capacity 72914K, committed 73088K, reserved 1112064K
  class space    used 8897K, capacity 9559K, committed 9600K, reserved 1048576K
2020-11-07T20:05:05.396+0800: 59.242: [GC (Allocation Failure) 2020-11-07T20:05:05.396+0800: 59.242: [ParNew: 8869K->625K(9216K), 0.0158975 secs] 60644K->52459K(94608K), 0.0159720 secs] [Times: user=0.02 sys=0.00, real=0.01 secs] 
Heap after GC invocations=582 (full 43):
 par new generation   total 9216K, used 625K [0x00000000e3400000, 0x00000000e3e00000, 0x00000000ecca0000)
  eden space 8192K,   0% used [0x00000000e3400000, 0x00000000e3400000, 0x00000000e3c00000)
  from space 1024K,  61% used [0x00000000e3c00000, 0x00000000e3c9c478, 0x00000000e3d00000)
  to   space 1024K,   0% used [0x00000000e3d00000, 0x00000000e3d00000, 0x00000000e3e00000)
 concurrent mark-sweep generation total 85392K, used 51834K [0x00000000ecca0000, 0x00000000f2004000, 0x0000000100000000)
 Metaspace       used 69514K, capacity 72914K, committed 73088K, reserved 1112064K
  class space    used 8897K, capacity 9559K, committed 9600K, reserved 1048576K
}
2020-11-07T20:05:05.425+0800: 59.271: [CMS-concurrent-preclean: 0.015/0.039 secs] [Times: user=0.04 sys=0.00, real=0.04 secs] 
2020-11-07T20:05:05.425+0800: 59.271: [CMS-concurrent-abortable-preclean-start]
2020-11-07T20:05:05.441+0800: 59.287: Application time: 0.0293588 seconds
{Heap before GC invocations=582 (full 43):
 par new generation   total 9216K, used 8817K [0x00000000e3400000, 0x00000000e3e00000, 0x00000000ecca0000)
  eden space 8192K, 100% used [0x00000000e3400000, 0x00000000e3c00000, 0x00000000e3c00000)
  from space 1024K,  61% used [0x00000000e3c00000, 0x00000000e3c9c478, 0x00000000e3d00000)
  to   space 1024K,   0% used [0x00000000e3d00000, 0x00000000e3d00000, 0x00000000e3e00000)
 concurrent mark-sweep generation total 85392K, used 51834K [0x00000000ecca0000, 0x00000000f2004000, 0x0000000100000000)
 Metaspace       used 69514K, capacity 72914K, committed 73088K, reserved 1112064K
  class space    used 8897K, capacity 9559K, committed 9600K, reserved 1048576K
2020-11-07T20:05:05.442+0800: 59.287: [GC (Allocation Failure) 2020-11-07T20:05:05.442+0800: 59.287: [ParNew: 8817K->686K(9216K), 0.0152632 secs] 60651K->52520K(94608K), 0.0153424 secs] [Times: user=0.02 sys=0.00, real=0.02 secs] 
Heap after GC invocations=583 (full 43):
 par new generation   total 9216K, used 686K [0x00000000e3400000, 0x00000000e3e00000, 0x00000000ecca0000)
  eden space 8192K,   0% used [0x00000000e3400000, 0x00000000e3400000, 0x00000000e3c00000)
  from space 1024K,  67% used [0x00000000e3d00000, 0x00000000e3dab930, 0x00000000e3e00000)
  to   space 1024K,   0% used [0x00000000e3c00000, 0x00000000e3c00000, 0x00000000e3d00000)
 concurrent mark-sweep generation total 85392K, used 51834K [0x00000000ecca0000, 0x00000000f2004000, 0x0000000100000000)
 Metaspace       used 69514K, capacity 72914K, committed 73088K, reserved 1112064K
  class space    used 8897K, capacity 9559K, committed 9600K, reserved 1048576K
}
2020-11-07T20:05:05.460+0800: 59.305: [CMS-concurrent-abortable-preclean: 0.006/0.034 secs] [Times: user=0.03 sys=0.00, real=0.03 secs] 
2020-11-07T20:05:05.460+0800: 59.306: Application time: 0.0028155 seconds
2020-11-07T20:05:05.460+0800: 59.306: [GC (CMS Final Remark) [YG occupancy: 2344 K (9216 K)]2020-11-07T20:05:05.460+0800: 59.306: [Rescan (parallel) , 0.0225340 secs]2020-11-07T20:05:05.482+0800: 59.328: [weak refs processing, 0.0022681 secs]2020-11-07T20:05:05.485+0800: 59.331: [class unloading, 0.0294452 secs]2020-11-07T20:05:05.514+0800: 59.360: [scrub symbol table, 0.0278179 secs]2020-11-07T20:05:05.542+0800: 59.388: [scrub string table, 0.0016309 secs][1 CMS-remark: 51834K(85392K)] 54178K(94608K), 0.0839614 secs] [Times: user=0.09 sys=0.00, real=0.08 secs] 
2020-11-07T20:05:05.550+0800: 59.396: [CMS-concurrent-sweep-start]
2020-11-07T20:05:05.583+0800: 59.429: Application time: 0.0389055 seconds
{Heap before GC invocations=583 (full 43):
 par new generation   total 9216K, used 8878K [0x00000000e3400000, 0x00000000e3e00000, 0x00000000ecca0000)
  eden space 8192K, 100% used [0x00000000e3400000, 0x00000000e3c00000, 0x00000000e3c00000)
  from space 1024K,  67% used [0x00000000e3d00000, 0x00000000e3dab930, 0x00000000e3e00000)
  to   space 1024K,   0% used [0x00000000e3c00000, 0x00000000e3c00000, 0x00000000e3d00000)
 concurrent mark-sweep generation total 85392K, used 51801K [0x00000000ecca0000, 0x00000000f2004000, 0x0000000100000000)
 Metaspace       used 69515K, capacity 72914K, committed 73088K, reserved 1112064K
  class space    used 8897K, capacity 9559K, committed 9600K, reserved 1048576K
2020-11-07T20:05:05.583+0800: 59.429: [GC (Allocation Failure) 2020-11-07T20:05:05.583+0800: 59.429: [ParNew: 8878K->591K(9216K), 0.0212021 secs] 60680K->52436K(94608K), 0.0212815 secs] [Times: user=0.03 sys=0.00, real=0.02 secs] 
Heap after GC invocations=584 (full 43):
 par new generation   total 9216K, used 591K [0x00000000e3400000, 0x00000000e3e00000, 0x00000000ecca0000)
  eden space 8192K,   0% used [0x00000000e3400000, 0x00000000e3400000, 0x00000000e3c00000)
  from space 1024K,  57% used [0x00000000e3c00000, 0x00000000e3c93f30, 0x00000000e3d00000)
  to   space 1024K,   0% used [0x00000000e3d00000, 0x00000000e3d00000, 0x00000000e3e00000)
 concurrent mark-sweep generation total 85392K, used 51844K [0x00000000ecca0000, 0x00000000f2004000, 0x0000000100000000)
 Metaspace       used 69515K, capacity 72914K, committed 73088K, reserved 1112064K
  class space    used 8897K, capacity 9559K, committed 9600K, reserved 1048576K
}
2020-11-07T20:05:05.642+0800: 59.488: [CMS-concurrent-sweep: 0.066/0.092 secs] [Times: user=0.09 sys=0.00, real=0.09 secs] 
2020-11-07T20:05:05.642+0800: 59.488: [CMS-concurrent-reset-start]
2020-11-07T20:05:05.643+0800: 59.489: [CMS-concurrent-reset: 0.001/0.001 secs] [Times: user=0.00 sys=0.00, real=0.00 secs] 
2020-11-07T20:05:05.649+0800: 59.495: Application time: 0.0449463 seconds
{Heap before GC invocations=584 (full 43):
 par new generation   total 9216K, used 8783K [0x00000000e3400000, 0x00000000e3e00000, 0x00000000ecca0000)
  eden space 8192K, 100% used [0x00000000e3400000, 0x00000000e3c00000, 0x00000000e3c00000)
  from space 1024K,  57% used [0x00000000e3c00000, 0x00000000e3c93f30, 0x00000000e3d00000)
  to   space 1024K,   0% used [0x00000000e3d00000, 0x00000000e3d00000, 0x00000000e3e00000)
 concurrent mark-sweep generation total 86088K, used 51650K [0x00000000ecca0000, 0x00000000f20b2000, 0x0000000100000000)
 Metaspace       used 69453K, capacity 72764K, committed 73088K, reserved 1112064K
  class space    used 8884K, capacity 9534K, committed 9600K, reserved 1048576K
2020-11-07T20:05:05.650+0800: 59.495: [GC (Allocation Failure) 2020-11-07T20:05:05.650+0800: 59.495: [ParNew: 8783K->798K(9216K), 0.0443032 secs] 60434K->52484K(95304K), 0.0443926 secs] [Times: user=0.04 sys=0.00, real=0.04 secs] 
Heap after GC invocations=585 (full 43):
 par new generation   total 9216K, used 798K [0x00000000e3400000, 0x00000000e3e00000, 0x00000000ecca0000)
  eden space 8192K,   0% used [0x00000000e3400000, 0x00000000e3400000, 0x00000000e3c00000)
  from space 1024K,  77% used [0x00000000e3d00000, 0x00000000e3dc7800, 0x00000000e3e00000)
  to   space 1024K,   0% used [0x00000000e3c00000, 0x00000000e3c00000, 0x00000000e3d00000)
 concurrent mark-sweep generation total 86088K, used 51686K [0x00000000ecca0000, 0x00000000f20b2000, 0x0000000100000000)
 Metaspace       used 69453K, capacity 72764K, committed 73088K, reserved 1112064K
  class space    used 8884K, capacity 9534K, committed 9600K, reserved 1048576K
}
2020-11-07T20:05:05.702+0800: 59.548: Application time: 0.0076294 seconds
2020-11-07T20:05:05.702+0800: 59.548: [GC (CMS Initial Mark) [1 CMS-initial-mark: 51686K(86088K)] 53975K(95304K), 0.0077651 secs] [Times: user=0.01 sys=0.00, real=0.01 secs] 
2020-11-07T20:05:05.710+0800: 59.556: [CMS-concurrent-mark-start]
2020-11-07T20:05:05.766+0800: 59.611: Application time: 0.0557975 seconds
{Heap before GC invocations=585 (full 44):
 par new generation   total 9216K, used 8990K [0x00000000e3400000, 0x00000000e3e00000, 0x00000000ecca0000)
  eden space 8192K, 100% used [0x00000000e3400000, 0x00000000e3c00000, 0x00000000e3c00000)
  from space 1024K,  77% used [0x00000000e3d00000, 0x00000000e3dc7800, 0x00000000e3e00000)
  to   space 1024K,   0% used [0x00000000e3c00000, 0x00000000e3c00000, 0x00000000e3d00000)
 concurrent mark-sweep generation total 86088K, used 51686K [0x00000000ecca0000, 0x00000000f20b2000, 0x0000000100000000)
 Metaspace       used 69533K, capacity 72904K, committed 73088K, reserved 1112064K
  class space    used 8903K, capacity 9558K, committed 9600K, reserved 1048576K
2020-11-07T20:05:05.766+0800: 59.612: [GC (Allocation Failure) 2020-11-07T20:05:05.766+0800: 59.612: [ParNew: 8990K->828K(9216K), 0.0391348 secs] 60676K->52554K(95304K), 0.0392186 secs] [Times: user=0.04 sys=0.00, real=0.04 secs] 
Heap after GC invocations=586 (full 44):
 par new generation   total 9216K, used 828K [0x00000000e3400000, 0x00000000e3e00000, 0x00000000ecca0000)
  eden space 8192K,   0% used [0x00000000e3400000, 0x00000000e3400000, 0x00000000e3c00000)
  from space 1024K,  80% used [0x00000000e3c00000, 0x00000000e3ccf288, 0x00000000e3d00000)
  to   space 1024K,   0% used [0x00000000e3d00000, 0x00000000e3d00000, 0x00000000e3e00000)
 concurrent mark-sweep generation total 86088K, used 51726K [0x00000000ecca0000, 0x00000000f20b2000, 0x0000000100000000)
 Metaspace       used 69533K, capacity 72904K, committed 73088K, reserved 1112064K
  class space    used 8903K, capacity 9558K, committed 9600K, reserved 1048576K
}
2020-11-07T20:05:05.842+0800: 59.688: Application time: 0.0372246 seconds
{Heap before GC invocations=586 (full 44):
 par new generation   total 9216K, used 9020K [0x00000000e3400000, 0x00000000e3e00000, 0x00000000ecca0000)
  eden space 8192K, 100% used [0x00000000e3400000, 0x00000000e3c00000, 0x00000000e3c00000)
  from space 1024K,  80% used [0x00000000e3c00000, 0x00000000e3ccf288, 0x00000000e3d00000)
  to   space 1024K,   0% used [0x00000000e3d00000, 0x00000000e3d00000, 0x00000000e3e00000)
 concurrent mark-sweep generation total 86088K, used 51726K [0x00000000ecca0000, 0x00000000f20b2000, 0x0000000100000000)
 Metaspace       used 69549K, capacity 72908K, committed 73088K, reserved 1112064K
  class space    used 8905K, capacity 9560K, committed 9600K, reserved 1048576K
2020-11-07T20:05:05.842+0800: 59.688: [GC (Allocation Failure) 2020-11-07T20:05:05.842+0800: 59.688: [ParNew: 9020K->689K(9216K), 0.0264427 secs] 60746K->52478K(95304K), 0.0265129 secs] [Times: user=0.02 sys=0.00, real=0.03 secs] 
Heap after GC invocations=587 (full 44):
 par new generation   total 9216K, used 689K [0x00000000e3400000, 0x00000000e3e00000, 0x00000000ecca0000)
  eden space 8192K,   0% used [0x00000000e3400000, 0x00000000e3400000, 0x00000000e3c00000)
  from space 1024K,  67% used [0x00000000e3d00000, 0x00000000e3dac5b0, 0x00000000e3e00000)
  to   space 1024K,   0% used [0x00000000e3c00000, 0x00000000e3c00000, 0x00000000e3d00000)
 concurrent mark-sweep generation total 86088K, used 51789K [0x00000000ecca0000, 0x00000000f20b2000, 0x0000000100000000)
 Metaspace       used 69549K, capacity 72908K, committed 73088K, reserved 1112064K
  class space    used 8905K, capacity 9560K, committed 9600K, reserved 1048576K
}
2020-11-07T20:05:05.893+0800: 59.739: Application time: 0.0240213 seconds
{Heap before GC invocations=587 (full 44):
 par new generation   total 9216K, used 8881K [0x00000000e3400000, 0x00000000e3e00000, 0x00000000ecca0000)
  eden space 8192K, 100% used [0x00000000e3400000, 0x00000000e3c00000, 0x00000000e3c00000)
  from space 1024K,  67% used [0x00000000e3d00000, 0x00000000e3dac5b0, 0x00000000e3e00000)
  to   space 1024K,   0% used [0x00000000e3c00000, 0x00000000e3c00000, 0x00000000e3d00000)
 concurrent mark-sweep generation total 86088K, used 51789K [0x00000000ecca0000, 0x00000000f20b2000, 0x0000000100000000)
 Metaspace       used 69550K, capacity 72908K, committed 73088K, reserved 1112064K
  class space    used 8905K, capacity 9560K, committed 9600K, reserved 1048576K
2020-11-07T20:05:05.893+0800: 59.739: [GC (Allocation Failure) 2020-11-07T20:05:05.893+0800: 59.739: [ParNew: 8881K->719K(9216K), 0.0397550 secs] 60670K->52626K(95304K), 0.0398152 secs] [Times: user=0.04 sys=0.00, real=0.04 secs] 
Heap after GC invocations=588 (full 44):
 par new generation   total 9216K, used 719K [0x00000000e3400000, 0x00000000e3e00000, 0x00000000ecca0000)
  eden space 8192K,   0% used [0x00000000e3400000, 0x00000000e3400000, 0x00000000e3c00000)
  from space 1024K,  70% used [0x00000000e3c00000, 0x00000000e3cb3e70, 0x00000000e3d00000)
  to   space 1024K,   0% used [0x00000000e3d00000, 0x00000000e3d00000, 0x00000000e3e00000)
 concurrent mark-sweep generation total 86088K, used 51906K [0x00000000ecca0000, 0x00000000f20b2000, 0x0000000100000000)
 Metaspace       used 69550K, capacity 72908K, committed 73088K, reserved 1112064K
  class space    used 8905K, capacity 9560K, committed 9600K, reserved 1048576K
}
2020-11-07T20:05:05.990+0800: 59.835: Application time: 0.0564102 seconds
{Heap before GC invocations=588 (full 44):
 par new generation   total 9216K, used 8911K [0x00000000e3400000, 0x00000000e3e00000, 0x00000000ecca0000)
  eden space 8192K, 100% used [0x00000000e3400000, 0x00000000e3c00000, 0x00000000e3c00000)
  from space 1024K,  70% used [0x00000000e3c00000, 0x00000000e3cb3e70, 0x00000000e3d00000)
  to   space 1024K,   0% used [0x00000000e3d00000, 0x00000000e3d00000, 0x00000000e3e00000)
 concurrent mark-sweep generation total 86088K, used 51906K [0x00000000ecca0000, 0x00000000f20b2000, 0x0000000100000000)
 Metaspace       used 69563K, capacity 72916K, committed 73088K, reserved 1112064K
  class space    used 8907K, capacity 9562K, committed 9600K, reserved 1048576K
2020-11-07T20:05:05.990+0800: 59.836: [GC (Allocation Failure) 2020-11-07T20:05:05.990+0800: 59.836: [ParNew: 8911K->614K(9216K), 0.0230926 secs] 60818K->52549K(95304K), 0.0231507 secs] [Times: user=0.02 sys=0.00, real=0.02 secs] 
Heap after GC invocations=589 (full 44):
 par new generation   total 9216K, used 614K [0x00000000e3400000, 0x00000000e3e00000, 0x00000000ecca0000)
  eden space 8192K,   0% used [0x00000000e3400000, 0x00000000e3400000, 0x00000000e3c00000)
  from space 1024K,  60% used [0x00000000e3d00000, 0x00000000e3d99a70, 0x00000000e3e00000)
  to   space 1024K,   0% used [0x00000000e3c00000, 0x00000000e3c00000, 0x00000000e3d00000)
 concurrent mark-sweep generation total 86088K, used 51934K [0x00000000ecca0000, 0x00000000f20b2000, 0x0000000100000000)
 Metaspace       used 69563K, capacity 72916K, committed 73088K, reserved 1112064K
  class space    used 8907K, capacity 9562K, committed 9600K, reserved 1048576K
}
2020-11-07T20:05:06.034+0800: 59.880: Application time: 0.0212664 seconds
{Heap before GC invocations=589 (full 44):
 par new generation   total 9216K, used 8806K [0x00000000e3400000, 0x00000000e3e00000, 0x00000000ecca0000)
  eden space 8192K, 100% used [0x00000000e3400000, 0x00000000e3c00000, 0x00000000e3c00000)
  from space 1024K,  60% used [0x00000000e3d00000, 0x00000000e3d99a70, 0x00000000e3e00000)
  to   space 1024K,   0% used [0x00000000e3c00000, 0x00000000e3c00000, 0x00000000e3d00000)
 concurrent mark-sweep generation total 86088K, used 51934K [0x00000000ecca0000, 0x00000000f20b2000, 0x0000000100000000)
 Metaspace       used 69566K, capacity 72916K, committed 73088K, reserved 1112064K
  class space    used 8907K, capacity 9562K, committed 9600K, reserved 1048576K
2020-11-07T20:05:06.034+0800: 59.880: [GC (Allocation Failure) 2020-11-07T20:05:06.034+0800: 59.880: [ParNew: 8806K->618K(9216K), 0.0324138 secs] 60741K->52610K(95304K), 0.0325006 secs] [Times: user=0.03 sys=0.00, real=0.04 secs] 
Heap after GC invocations=590 (full 44):
 par new generation   total 9216K, used 618K [0x00000000e3400000, 0x00000000e3e00000, 0x00000000ecca0000)
  eden space 8192K,   0% used [0x00000000e3400000, 0x00000000e3400000, 0x00000000e3c00000)
  from space 1024K,  60% used [0x00000000e3c00000, 0x00000000e3c9a880, 0x00000000e3d00000)
  to   space 1024K,   0% used [0x00000000e3d00000, 0x00000000e3d00000, 0x00000000e3e00000)
 concurrent mark-sweep generation total 86088K, used 51992K [0x00000000ecca0000, 0x00000000f20b2000, 0x0000000100000000)
 Metaspace       used 69566K, capacity 72916K, committed 73088K, reserved 1112064K
  class space    used 8907K, capacity 9562K, committed 9600K, reserved 1048576K
}
2020-11-07T20:05:06.155+0800: 60.001: Application time: 0.0883575 seconds
{Heap before GC invocations=590 (full 44):
 par new generation   total 9216K, used 8810K [0x00000000e3400000, 0x00000000e3e00000, 0x00000000ecca0000)
  eden space 8192K, 100% used [0x00000000e3400000, 0x00000000e3c00000, 0x00000000e3c00000)
  from space 1024K,  60% used [0x00000000e3c00000, 0x00000000e3c9a880, 0x00000000e3d00000)
  to   space 1024K,   0% used [0x00000000e3d00000, 0x00000000e3d00000, 0x00000000e3e00000)
 concurrent mark-sweep generation total 86088K, used 51992K [0x00000000ecca0000, 0x00000000f20b2000, 0x0000000100000000)
 Metaspace       used 69591K, capacity 72916K, committed 73088K, reserved 1112064K
  class space    used 8910K, capacity 9562K, committed 9600K, reserved 1048576K
2020-11-07T20:05:06.156+0800: 60.001: [GC (Allocation Failure) 2020-11-07T20:05:06.156+0800: 60.001: [ParNew: 8810K->713K(9216K), 0.0941842 secs] 60802K->52734K(95304K), 0.0942478 secs] [Times: user=0.04 sys=0.00, real=0.09 secs] 
Heap after GC invocations=591 (full 44):
 par new generation   total 9216K, used 713K [0x00000000e3400000, 0x00000000e3e00000, 0x00000000ecca0000)
  eden space 8192K,   0% used [0x00000000e3400000, 0x00000000e3400000, 0x00000000e3c00000)
  from space 1024K,  69% used [0x00000000e3d00000, 0x00000000e3db2540, 0x00000000e3e00000)
  to   space 1024K,   0% used [0x00000000e3c00000, 0x00000000e3c00000, 0x00000000e3d00000)
 concurrent mark-sweep generation total 86088K, used 52021K [0x00000000ecca0000, 0x00000000f20b2000, 0x0000000100000000)
 Metaspace       used 69591K, capacity 72916K, committed 73088K, reserved 1112064K
  class space    used 8910K, capacity 9562K, committed 9600K, reserved 1048576K
}
2020-11-07T20:05:06.307+0800: 60.152: Application time: 0.0565977 seconds
{Heap before GC invocations=591 (full 44):
 par new generation   total 9216K, used 8905K [0x00000000e3400000, 0x00000000e3e00000, 0x00000000ecca0000)
  eden space 8192K, 100% used [0x00000000e3400000, 0x00000000e3c00000, 0x00000000e3c00000)
  from space 1024K,  69% used [0x00000000e3d00000, 0x00000000e3db2540, 0x00000000e3e00000)
  to   space 1024K,   0% used [0x00000000e3c00000, 0x00000000e3c00000, 0x00000000e3d00000)
 concurrent mark-sweep generation total 86088K, used 52021K [0x00000000ecca0000, 0x00000000f20b2000, 0x0000000100000000)
 Metaspace       used 69612K, capacity 72980K, committed 73088K, reserved 1112064K
  class space    used 8913K, capacity 9562K, committed 9600K, reserved 1048576K
2020-11-07T20:05:06.307+0800: 60.152: [GC (Allocation Failure) 2020-11-07T20:05:06.307+0800: 60.153: [ParNew: 8905K->625K(9216K), 0.0751331 secs] 60926K->52678K(95304K), 0.0751915 secs] [Times: user=0.04 sys=0.00, real=0.07 secs] 
Heap after GC invocations=592 (full 44):
 par new generation   total 9216K, used 625K [0x00000000e3400000, 0x00000000e3e00000, 0x00000000ecca0000)
  eden space 8192K,   0% used [0x00000000e3400000, 0x00000000e3400000, 0x00000000e3c00000)
  from space 1024K,  61% used [0x00000000e3c00000, 0x00000000e3c9c578, 0x00000000e3d00000)
  to   space 1024K,   0% used [0x00000000e3d00000, 0x00000000e3d00000, 0x00000000e3e00000)
 concurrent mark-sweep generation total 86088K, used 52052K [0x00000000ecca0000, 0x00000000f20b2000, 0x0000000100000000)
 Metaspace       used 69612K, capacity 72980K, committed 73088K, reserved 1112064K
  class space    used 8913K, capacity 9562K, committed 9600K, reserved 1048576K
}
2020-11-07T20:05:06.419+0800: 60.265: [CMS-concurrent-mark: 0.363/0.709 secs] [Times: user=0.52 sys=0.00, real=0.71 secs] 
2020-11-07T20:05:06.419+0800: 60.265: [CMS-concurrent-preclean-start]
2020-11-07T20:05:06.586+0800: 60.432: [CMS-concurrent-preclean: 0.167/0.167 secs] [Times: user=0.01 sys=0.00, real=0.17 secs] 
2020-11-07T20:05:06.586+0800: 60.432: [CMS-concurrent-abortable-preclean-start]
2020-11-07T20:05:06.611+0800: 60.456: Application time: 0.2286146 seconds
2020-11-07T20:05:06.618+0800: 60.464: Application time: 0.0065990 seconds
{Heap before GC invocations=592 (full 44):
 par new generation   total 9216K, used 8817K [0x00000000e3400000, 0x00000000e3e00000, 0x00000000ecca0000)
  eden space 8192K, 100% used [0x00000000e3400000, 0x00000000e3c00000, 0x00000000e3c00000)
  from space 1024K,  61% used [0x00000000e3c00000, 0x00000000e3c9c578, 0x00000000e3d00000)
  to   space 1024K,   0% used [0x00000000e3d00000, 0x00000000e3d00000, 0x00000000e3e00000)
 concurrent mark-sweep generation total 86088K, used 52052K [0x00000000ecca0000, 0x00000000f20b2000, 0x0000000100000000)
 Metaspace       used 69716K, capacity 73044K, committed 73344K, reserved 1114112K
  class space    used 8931K, capacity 9562K, committed 9600K, reserved 1048576K
2020-11-07T20:05:06.619+0800: 60.464: [GC (Allocation Failure) 2020-11-07T20:05:06.619+0800: 60.464: [ParNew: 8817K->851K(9216K), 0.0462146 secs] 60870K->52938K(95304K), 0.0462935 secs] [Times: user=0.05 sys=0.00, real=0.05 secs] 
Heap after GC invocations=593 (full 44):
 par new generation   total 9216K, used 851K [0x00000000e3400000, 0x00000000e3e00000, 0x00000000ecca0000)
  eden space 8192K,   0% used [0x00000000e3400000, 0x00000000e3400000, 0x00000000e3c00000)
  from space 1024K,  83% used [0x00000000e3d00000, 0x00000000e3dd4ef0, 0x00000000e3e00000)
  to   space 1024K,   0% used [0x00000000e3c00000, 0x00000000e3c00000, 0x00000000e3d00000)
 concurrent mark-sweep generation total 86088K, used 52086K [0x00000000ecca0000, 0x00000000f20b2000, 0x0000000100000000)
 Metaspace       used 69716K, capacity 73044K, committed 73344K, reserved 1114112K
  class space    used 8931K, capacity 9562K, committed 9600K, reserved 1048576K
}
2020-11-07T20:05:06.674+0800: 60.520: Application time: 0.0095541 seconds
2020-11-07T20:05:06.696+0800: 60.542: Application time: 0.0212820 seconds
{Heap before GC invocations=593 (full 44):
 par new generation   total 9216K, used 9043K [0x00000000e3400000, 0x00000000e3e00000, 0x00000000ecca0000)
  eden space 8192K, 100% used [0x00000000e3400000, 0x00000000e3c00000, 0x00000000e3c00000)
  from space 1024K,  83% used [0x00000000e3d00000, 0x00000000e3dd4ef0, 0x00000000e3e00000)
  to   space 1024K,   0% used [0x00000000e3c00000, 0x00000000e3c00000, 0x00000000e3d00000)
 concurrent mark-sweep generation total 86088K, used 52086K [0x00000000ecca0000, 0x00000000f20b2000, 0x0000000100000000)
 Metaspace       used 69727K, capacity 73044K, committed 73344K, reserved 1114112K
  class space    used 8935K, capacity 9562K, committed 9600K, reserved 1048576K
2020-11-07T20:05:06.696+0800: 60.542: [GC (Allocation Failure) 2020-11-07T20:05:06.696+0800: 60.542: [ParNew: 9043K->703K(9216K), 0.0488194 secs] 61130K->52931K(95304K), 0.0488803 secs] [Times: user=0.04 sys=0.00, real=0.05 secs] 
Heap after GC invocations=594 (full 44):
 par new generation   total 9216K, used 703K [0x00000000e3400000, 0x00000000e3e00000, 0x00000000ecca0000)
  eden space 8192K,   0% used [0x00000000e3400000, 0x00000000e3400000, 0x00000000e3c00000)
  from space 1024K,  68% used [0x00000000e3c00000, 0x00000000e3cafeb8, 0x00000000e3d00000)
  to   space 1024K,   0% used [0x00000000e3d00000, 0x00000000e3d00000, 0x00000000e3e00000)
 concurrent mark-sweep generation total 86088K, used 52228K [0x00000000ecca0000, 0x00000000f20b2000, 0x0000000100000000)
 Metaspace       used 69727K, capacity 73044K, committed 73344K, reserved 1114112K
  class space    used 8935K, capacity 9562K, committed 9600K, reserved 1048576K
}
2020-11-07T20:05:06.745+0800: 60.591: [CMS-concurrent-abortable-preclean: 0.045/0.159 secs] [Times: user=0.15 sys=0.00, real=0.16 secs] 
2020-11-07T20:05:06.759+0800: 60.605: Application time: 0.0137070 seconds
2020-11-07T20:05:06.759+0800: 60.605: [GC (CMS Final Remark) [YG occupancy: 5302 K (9216 K)]2020-11-07T20:05:06.759+0800: 60.605: [Rescan (parallel) , 0.0626929 secs]2020-11-07T20:05:06.822+0800: 60.667: [weak refs processing, 0.0018078 secs]2020-11-07T20:05:06.823+0800: 60.669: [class unloading, 0.0518731 secs]2020-11-07T20:05:06.875+0800: 60.721: [scrub symbol table, 0.1318751 secs]2020-11-07T20:05:07.007+0800: 60.853: [scrub string table, 0.0017311 secs][1 CMS-remark: 52228K(86088K)] 57530K(95304K), 0.2502244 secs] [Times: user=0.13 sys=0.00, real=0.25 secs] 
2020-11-07T20:05:07.012+0800: 60.858: [CMS-concurrent-sweep-start]
2020-11-07T20:05:07.064+0800: 60.910: Application time: 0.0552882 seconds
{Heap before GC invocations=594 (full 44):
 par new generation   total 9216K, used 8895K [0x00000000e3400000, 0x00000000e3e00000, 0x00000000ecca0000)
  eden space 8192K, 100% used [0x00000000e3400000, 0x00000000e3c00000, 0x00000000e3c00000)
  from space 1024K,  68% used [0x00000000e3c00000, 0x00000000e3cafeb8, 0x00000000e3d00000)
  to   space 1024K,   0% used [0x00000000e3d00000, 0x00000000e3d00000, 0x00000000e3e00000)
 concurrent mark-sweep generation total 86088K, used 52212K [0x00000000ecca0000, 0x00000000f20b2000, 0x0000000100000000)
 Metaspace       used 69728K, capacity 73044K, committed 73344K, reserved 1114112K
  class space    used 8935K, capacity 9562K, committed 9600K, reserved 1048576K
2020-11-07T20:05:07.065+0800: 60.910: [GC (Allocation Failure) 2020-11-07T20:05:07.065+0800: 60.910: [ParNew: 8895K->690K(9216K), 0.0983504 secs] 61107K->53000K(95304K), 0.0984419 secs] [Times: user=0.04 sys=0.01, real=0.09 secs] 
Heap after GC invocations=595 (full 44):
 par new generation   total 9216K, used 690K [0x00000000e3400000, 0x00000000e3e00000, 0x00000000ecca0000)
  eden space 8192K,   0% used [0x00000000e3400000, 0x00000000e3400000, 0x00000000e3c00000)
  from space 1024K,  67% used [0x00000000e3d00000, 0x00000000e3daca80, 0x00000000e3e00000)
  to   space 1024K,   0% used [0x00000000e3c00000, 0x00000000e3c00000, 0x00000000e3d00000)
 concurrent mark-sweep generation total 86088K, used 52309K [0x00000000ecca0000, 0x00000000f20b2000, 0x0000000100000000)
 Metaspace       used 69728K, capacity 73044K, committed 73344K, reserved 1114112K
  class space    used 8935K, capacity 9562K, committed 9600K, reserved 1048576K
}
2020-11-07T20:05:07.216+0800: 61.062: [CMS-concurrent-sweep: 0.105/0.204 secs] [Times: user=0.10 sys=0.01, real=0.21 secs] 
2020-11-07T20:05:07.216+0800: 61.062: [CMS-concurrent-reset-start]
2020-11-07T20:05:07.242+0800: 61.088: [CMS-concurrent-reset: 0.026/0.026 secs] [Times: user=0.01 sys=0.00, real=0.02 secs] 
2020-11-07T20:05:07.261+0800: 61.107: Application time: 0.0979756 seconds
{Heap before GC invocations=595 (full 44):
 par new generation   total 9216K, used 8882K [0x00000000e3400000, 0x00000000e3e00000, 0x00000000ecca0000)
  eden space 8192K, 100% used [0x00000000e3400000, 0x00000000e3c00000, 0x00000000e3c00000)
  from space 1024K,  67% used [0x00000000e3d00000, 0x00000000e3daca80, 0x00000000e3e00000)
  to   space 1024K,   0% used [0x00000000e3c00000, 0x00000000e3c00000, 0x00000000e3d00000)
 concurrent mark-sweep generation total 87092K, used 52255K [0x00000000ecca0000, 0x00000000f21ad000, 0x0000000100000000)
 Metaspace       used 69736K, capacity 73032K, committed 73344K, reserved 1114112K
  class space    used 8936K, capacity 9562K, committed 9600K, reserved 1048576K
2020-11-07T20:05:07.261+0800: 61.107: [GC (Allocation Failure) 2020-11-07T20:05:07.261+0800: 61.107: [ParNew: 8882K->567K(9216K), 0.0944764 secs] 61137K->52903K(96308K), 0.0945556 secs] [Times: user=0.05 sys=0.00, real=0.10 secs] 
Heap after GC invocations=596 (full 44):
 par new generation   total 9216K, used 567K [0x00000000e3400000, 0x00000000e3e00000, 0x00000000ecca0000)
  eden space 8192K,   0% used [0x00000000e3400000, 0x00000000e3400000, 0x00000000e3c00000)
  from space 1024K,  55% used [0x00000000e3c00000, 0x00000000e3c8dfa8, 0x00000000e3d00000)
  to   space 1024K,   0% used [0x00000000e3d00000, 0x00000000e3d00000, 0x00000000e3e00000)
 concurrent mark-sweep generation total 87092K, used 52335K [0x00000000ecca0000, 0x00000000f21ad000, 0x0000000100000000)
 Metaspace       used 69736K, capacity 73032K, committed 73344K, reserved 1114112K
  class space    used 8936K, capacity 9562K, committed 9600K, reserved 1048576K
}
2020-11-07T20:05:07.376+0800: 61.221: Application time: 0.0195776 seconds
2020-11-07T20:05:07.393+0800: 61.238: [GC (CMS Initial Mark) [1 CMS-initial-mark: 52335K(87092K)] 55212K(96308K), 0.0069107 secs] [Times: user=0.01 sys=0.00, real=0.01 secs] 
2020-11-07T20:05:07.403+0800: 61.248: [CMS-concurrent-mark-start]
2020-11-07T20:05:07.471+0800: 61.316: Application time: 0.0709559 seconds
{Heap before GC invocations=596 (full 45):
 par new generation   total 9216K, used 8759K [0x00000000e3400000, 0x00000000e3e00000, 0x00000000ecca0000)
  eden space 8192K, 100% used [0x00000000e3400000, 0x00000000e3c00000, 0x00000000e3c00000)
  from space 1024K,  55% used [0x00000000e3c00000, 0x00000000e3c8dfa8, 0x00000000e3d00000)
  to   space 1024K,   0% used [0x00000000e3d00000, 0x00000000e3d00000, 0x00000000e3e00000)
 concurrent mark-sweep generation total 87092K, used 52335K [0x00000000ecca0000, 0x00000000f21ad000, 0x0000000100000000)
 Metaspace       used 69747K, capacity 73128K, committed 73344K, reserved 1114112K
  class space    used 8938K, capacity 9594K, committed 9600K, reserved 1048576K
2020-11-07T20:05:07.471+0800: 61.317: [GC (Allocation Failure) 2020-11-07T20:05:07.471+0800: 61.317: [ParNew: 8759K->747K(9216K), 0.0900187 secs] 61095K->53083K(96308K), 0.0901055 secs] [Times: user=0.04 sys=0.00, real=0.09 secs] 
Heap after GC invocations=597 (full 45):
 par new generation   total 9216K, used 747K [0x00000000e3400000, 0x00000000e3e00000, 0x00000000ecca0000)
  eden space 8192K,   0% used [0x00000000e3400000, 0x00000000e3400000, 0x00000000e3c00000)
  from space 1024K,  72% used [0x00000000e3d00000, 0x00000000e3dbad40, 0x00000000e3e00000)
  to   space 1024K,   0% used [0x00000000e3c00000, 0x00000000e3c00000, 0x00000000e3d00000)
 concurrent mark-sweep generation total 87092K, used 52335K [0x00000000ecca0000, 0x00000000f21ad000, 0x0000000100000000)
 Metaspace       used 69747K, capacity 73128K, committed 73344K, reserved 1114112K
  class space    used 8938K, capacity 9594K, committed 9600K, reserved 1048576K
}
2020-11-07T20:05:07.617+0800: 61.463: Application time: 0.0561030 seconds
{Heap before GC invocations=597 (full 45):
 par new generation   total 9216K, used 8939K [0x00000000e3400000, 0x00000000e3e00000, 0x00000000ecca0000)
  eden space 8192K, 100% used [0x00000000e3400000, 0x00000000e3c00000, 0x00000000e3c00000)
  from space 1024K,  72% used [0x00000000e3d00000, 0x00000000e3dbad40, 0x00000000e3e00000)
  to   space 1024K,   0% used [0x00000000e3c00000, 0x00000000e3c00000, 0x00000000e3d00000)
 concurrent mark-sweep generation total 87092K, used 52335K [0x00000000ecca0000, 0x00000000f21ad000, 0x0000000100000000)
 Metaspace       used 69748K, capacity 73128K, committed 73344K, reserved 1114112K
  class space    used 8938K, capacity 9594K, committed 9600K, reserved 1048576K
2020-11-07T20:05:07.617+0800: 61.463: [GC (Allocation Failure) 2020-11-07T20:05:07.617+0800: 61.463: [ParNew: 8939K->768K(9216K), 0.0795130 secs] 61275K->53133K(96308K), 0.0795749 secs] [Times: user=0.03 sys=0.00, real=0.08 secs] 
Heap after GC invocations=598 (full 45):
 par new generation   total 9216K, used 768K [0x00000000e3400000, 0x00000000e3e00000, 0x00000000ecca0000)
  eden space 8192K,   0% used [0x00000000e3400000, 0x00000000e3400000, 0x00000000e3c00000)
  from space 1024K,  75% used [0x00000000e3c00000, 0x00000000e3cc0300, 0x00000000e3d00000)
  to   space 1024K,   0% used [0x00000000e3d00000, 0x00000000e3d00000, 0x00000000e3e00000)
 concurrent mark-sweep generation total 87092K, used 52364K [0x00000000ecca0000, 0x00000000f21ad000, 0x0000000100000000)
 Metaspace       used 69748K, capacity 73128K, committed 73344K, reserved 1114112K
  class space    used 8938K, capacity 9594K, committed 9600K, reserved 1048576K
}
2020-11-07T20:05:07.812+0800: 61.657: Application time: 0.1146104 seconds
{Heap before GC invocations=598 (full 45):
 par new generation   total 9216K, used 8960K [0x00000000e3400000, 0x00000000e3e00000, 0x00000000ecca0000)
  eden space 8192K, 100% used [0x00000000e3400000, 0x00000000e3c00000, 0x00000000e3c00000)
  from space 1024K,  75% used [0x00000000e3c00000, 0x00000000e3cc0300, 0x00000000e3d00000)
  to   space 1024K,   0% used [0x00000000e3d00000, 0x00000000e3d00000, 0x00000000e3e00000)
 concurrent mark-sweep generation total 87092K, used 52364K [0x00000000ecca0000, 0x00000000f21ad000, 0x0000000100000000)
 Metaspace       used 69763K, capacity 73134K, committed 73344K, reserved 1114112K
  class space    used 8940K, capacity 9595K, committed 9600K, reserved 1048576K
2020-11-07T20:05:07.812+0800: 61.658: [GC (Allocation Failure) 2020-11-07T20:05:07.812+0800: 61.658: [ParNew: 8960K->891K(9216K), 0.0558828 secs] 61325K->53256K(96308K), 0.0559506 secs] [Times: user=0.03 sys=0.00, real=0.06 secs] 
Heap after GC invocations=599 (full 45):
 par new generation   total 9216K, used 891K [0x00000000e3400000, 0x00000000e3e00000, 0x00000000ecca0000)
  eden space 8192K,   0% used [0x00000000e3400000, 0x00000000e3400000, 0x00000000e3c00000)
  from space 1024K,  87% used [0x00000000e3d00000, 0x00000000e3dded30, 0x00000000e3e00000)
  to   space 1024K,   0% used [0x00000000e3c00000, 0x00000000e3c00000, 0x00000000e3d00000)
 concurrent mark-sweep generation total 87092K, used 52364K [0x00000000ecca0000, 0x00000000f21ad000, 0x0000000100000000)
 Metaspace       used 69763K, capacity 73134K, committed 73344K, reserved 1114112K
  class space    used 8940K, capacity 9595K, committed 9600K, reserved 1048576K
}
2020-11-07T20:05:08.002+0800: 61.847: Application time: 0.1337010 seconds
{Heap before GC invocations=599 (full 45):
 par new generation   total 9216K, used 9083K [0x00000000e3400000, 0x00000000e3e00000, 0x00000000ecca0000)
  eden space 8192K, 100% used [0x00000000e3400000, 0x00000000e3c00000, 0x00000000e3c00000)
  from space 1024K,  87% used [0x00000000e3d00000, 0x00000000e3dded30, 0x00000000e3e00000)
  to   space 1024K,   0% used [0x00000000e3c00000, 0x00000000e3c00000, 0x00000000e3d00000)
 concurrent mark-sweep generation total 87092K, used 52364K [0x00000000ecca0000, 0x00000000f21ad000, 0x0000000100000000)
 Metaspace       used 69818K, capacity 73212K, committed 73344K, reserved 1114112K
  class space    used 8950K, capacity 9598K, committed 9600K, reserved 1048576K
2020-11-07T20:05:08.002+0800: 61.848: [GC (Allocation Failure) 2020-11-07T20:05:08.002+0800: 61.848: [ParNew: 9083K->770K(9216K), 0.0803771 secs] 61448K->53282K(96308K), 0.0804398 secs] [Times: user=0.04 sys=0.00, real=0.08 secs] 
Heap after GC invocations=600 (full 45):
 par new generation   total 9216K, used 770K [0x00000000e3400000, 0x00000000e3e00000, 0x00000000ecca0000)
  eden space 8192K,   0% used [0x00000000e3400000, 0x00000000e3400000, 0x00000000e3c00000)
  from space 1024K,  75% used [0x00000000e3c00000, 0x00000000e3cc0840, 0x00000000e3d00000)
  to   space 1024K,   0% used [0x00000000e3d00000, 0x00000000e3d00000, 0x00000000e3e00000)
 concurrent mark-sweep generation total 87092K, used 52512K [0x00000000ecca0000, 0x00000000f21ad000, 0x0000000100000000)
 Metaspace       used 69818K, capacity 73212K, committed 73344K, reserved 1114112K
  class space    used 8950K, capacity 9598K, committed 9600K, reserved 1048576K
}
2020-11-07T20:05:08.139+0800: 61.985: Application time: 0.0571953 seconds
{Heap before GC invocations=600 (full 45):
 par new generation   total 9216K, used 8962K [0x00000000e3400000, 0x00000000e3e00000, 0x00000000ecca0000)
  eden space 8192K, 100% used [0x00000000e3400000, 0x00000000e3c00000, 0x00000000e3c00000)
  from space 1024K,  75% used [0x00000000e3c00000, 0x00000000e3cc0840, 0x00000000e3d00000)
  to   space 1024K,   0% used [0x00000000e3d00000, 0x00000000e3d00000, 0x00000000e3e00000)
 concurrent mark-sweep generation total 87092K, used 52512K [0x00000000ecca0000, 0x00000000f21ad000, 0x0000000100000000)
 Metaspace       used 69819K, capacity 73212K, committed 73344K, reserved 1114112K
  class space    used 8950K, capacity 9598K, committed 9600K, reserved 1048576K
2020-11-07T20:05:08.140+0800: 61.986: [GC (Allocation Failure) 2020-11-07T20:05:08.140+0800: 61.986: [ParNew: 8962K->672K(9216K), 0.0585772 secs] 61474K->53334K(96308K), 0.0586482 secs] [Times: user=0.02 sys=0.00, real=0.06 secs] 
Heap after GC invocations=601 (full 45):
 par new generation   total 9216K, used 672K [0x00000000e3400000, 0x00000000e3e00000, 0x00000000ecca0000)
  eden space 8192K,   0% used [0x00000000e3400000, 0x00000000e3400000, 0x00000000e3c00000)
  from space 1024K,  65% used [0x00000000e3d00000, 0x00000000e3da8020, 0x00000000e3e00000)
  to   space 1024K,   0% used [0x00000000e3c00000, 0x00000000e3c00000, 0x00000000e3d00000)
 concurrent mark-sweep generation total 87092K, used 52662K [0x00000000ecca0000, 0x00000000f21ad000, 0x0000000100000000)
 Metaspace       used 69819K, capacity 73212K, committed 73344K, reserved 1114112K
  class space    used 8950K, capacity 9598K, committed 9600K, reserved 1048576K
}
2020-11-07T20:05:08.299+0800: 62.145: Application time: 0.1010382 seconds
{Heap before GC invocations=601 (full 45):
 par new generation   total 9216K, used 8864K [0x00000000e3400000, 0x00000000e3e00000, 0x00000000ecca0000)
  eden space 8192K, 100% used [0x00000000e3400000, 0x00000000e3c00000, 0x00000000e3c00000)
  from space 1024K,  65% used [0x00000000e3d00000, 0x00000000e3da8020, 0x00000000e3e00000)
  to   space 1024K,   0% used [0x00000000e3c00000, 0x00000000e3c00000, 0x00000000e3d00000)
 concurrent mark-sweep generation total 87092K, used 52662K [0x00000000ecca0000, 0x00000000f21ad000, 0x0000000100000000)
 Metaspace       used 69829K, capacity 73212K, committed 73344K, reserved 1114112K
  class space    used 8951K, capacity 9598K, committed 9600K, reserved 1048576K
2020-11-07T20:05:08.300+0800: 62.146: [GC (Allocation Failure) 2020-11-07T20:05:08.300+0800: 62.146: [ParNew: 8864K->572K(9216K), 0.0622284 secs] 61526K->53234K(96308K), 0.0623000 secs] [Times: user=0.02 sys=0.00, real=0.06 secs] 
Heap after GC invocations=602 (full 45):
 par new generation   total 9216K, used 572K [0x00000000e3400000, 0x00000000e3e00000, 0x00000000ecca0000)
  eden space 8192K,   0% used [0x00000000e3400000, 0x00000000e3400000, 0x00000000e3c00000)
  from space 1024K,  55% used [0x00000000e3c00000, 0x00000000e3c8f0e8, 0x00000000e3d00000)
  to   space 1024K,   0% used [0x00000000e3d00000, 0x00000000e3d00000, 0x00000000e3e00000)
 concurrent mark-sweep generation total 87092K, used 52662K [0x00000000ecca0000, 0x00000000f21ad000, 0x0000000100000000)
 Metaspace       used 69829K, capacity 73212K, committed 73344K, reserved 1114112K
  class space    used 8951K, capacity 9598K, committed 9600K, reserved 1048576K
}
2020-11-07T20:05:08.907+0800: 62.753: [CMS-concurrent-mark: 1.064/1.505 secs] [Times: user=0.75 sys=0.01, real=1.52 secs] 
2020-11-07T20:05:08.922+0800: 62.767: [CMS-concurrent-preclean-start]
2020-11-07T20:05:08.945+0800: 62.791: [CMS-concurrent-preclean: 0.023/0.024 secs] [Times: user=0.01 sys=0.00, real=0.03 secs] 
2020-11-07T20:05:08.945+0800: 62.791: [CMS-concurrent-abortable-preclean-start]
2020-11-07T20:05:09.367+0800: 63.213: Application time: 1.0053325 seconds
2020-11-07T20:05:09.460+0800: 63.306: Application time: 0.0153560 seconds
{Heap before GC invocations=602 (full 45):
 par new generation   total 9216K, used 8764K [0x00000000e3400000, 0x00000000e3e00000, 0x00000000ecca0000)
  eden space 8192K, 100% used [0x00000000e3400000, 0x00000000e3c00000, 0x00000000e3c00000)
  from space 1024K,  55% used [0x00000000e3c00000, 0x00000000e3c8f0e8, 0x00000000e3d00000)
  to   space 1024K,   0% used [0x00000000e3d00000, 0x00000000e3d00000, 0x00000000e3e00000)
 concurrent mark-sweep generation total 87092K, used 52662K [0x00000000ecca0000, 0x00000000f21ad000, 0x0000000100000000)
 Metaspace       used 69848K, capacity 73212K, committed 73344K, reserved 1114112K
  class space    used 8956K, capacity 9598K, committed 9600K, reserved 1048576K
2020-11-07T20:05:09.461+0800: 63.307: [GC (Allocation Failure) 2020-11-07T20:05:09.461+0800: 63.307: [ParNew: 8764K->934K(9216K), 0.0530090 secs] 61426K->53596K(96308K), 0.0531228 secs] [Times: user=0.02 sys=0.00, real=0.05 secs] 
Heap after GC invocations=603 (full 45):
 par new generation   total 9216K, used 934K [0x00000000e3400000, 0x00000000e3e00000, 0x00000000ecca0000)
  eden space 8192K,   0% used [0x00000000e3400000, 0x00000000e3400000, 0x00000000e3c00000)
  from space 1024K,  91% used [0x00000000e3d00000, 0x00000000e3de9a28, 0x00000000e3e00000)
  to   space 1024K,   0% used [0x00000000e3c00000, 0x00000000e3c00000, 0x00000000e3d00000)
 concurrent mark-sweep generation total 87092K, used 52662K [0x00000000ecca0000, 0x00000000f21ad000, 0x0000000100000000)
 Metaspace       used 69848K, capacity 73212K, committed 73344K, reserved 1114112K
  class space    used 8956K, capacity 9598K, committed 9600K, reserved 1048576K
}
2020-11-07T20:05:09.689+0800: 63.534: Application time: 0.1746764 seconds
{Heap before GC invocations=603 (full 45):
 par new generation   total 9216K, used 9126K [0x00000000e3400000, 0x00000000e3e00000, 0x00000000ecca0000)
  eden space 8192K, 100% used [0x00000000e3400000, 0x00000000e3c00000, 0x00000000e3c00000)
  from space 1024K,  91% used [0x00000000e3d00000, 0x00000000e3de9a28, 0x00000000e3e00000)
  to   space 1024K,   0% used [0x00000000e3c00000, 0x00000000e3c00000, 0x00000000e3d00000)
 concurrent mark-sweep generation total 87092K, used 52662K [0x00000000ecca0000, 0x00000000f21ad000, 0x0000000100000000)
 Metaspace       used 70007K, capacity 73436K, committed 73728K, reserved 1114112K
  class space    used 8975K, capacity 9630K, committed 9728K, reserved 1048576K
2020-11-07T20:05:09.689+0800: 63.535: [GC (Allocation Failure) 2020-11-07T20:05:09.689+0800: 63.535: [ParNew2020-11-07T20:05:09.734+0800: 63.580: [CMS-concurrent-abortable-preclean: 0.191/0.789 secs] [Times: user=0.38 sys=0.01, real=0.78 secs] 
: 9126K->990K(9216K), 0.0884269 secs] 61788K->53763K(96308K), 0.0884880 secs] [Times: user=0.04 sys=0.00, real=0.09 secs] 
Heap after GC invocations=604 (full 45):
 par new generation   total 9216K, used 990K [0x00000000e3400000, 0x00000000e3e00000, 0x00000000ecca0000)
  eden space 8192K,   0% used [0x00000000e3400000, 0x00000000e3400000, 0x00000000e3c00000)
  from space 1024K,  96% used [0x00000000e3c00000, 0x00000000e3cf7808, 0x00000000e3d00000)
  to   space 1024K,   0% used [0x00000000e3d00000, 0x00000000e3d00000, 0x00000000e3e00000)
 concurrent mark-sweep generation total 87092K, used 52773K [0x00000000ecca0000, 0x00000000f21ad000, 0x0000000100000000)
 Metaspace       used 70007K, capacity 73436K, committed 73728K, reserved 1114112K
  class space    used 8975K, capacity 9630K, committed 9728K, reserved 1048576K
}
2020-11-07T20:05:09.787+0800: 63.632: Application time: 0.0092761 seconds
2020-11-07T20:05:09.804+0800: 63.649: [GC (CMS Final Remark) [YG occupancy: 2974 K (9216 K)]2020-11-07T20:05:09.804+0800: 63.650: [Rescan (parallel) , 0.0548347 secs]2020-11-07T20:05:09.859+0800: 63.704: [weak refs processing, 0.0000987 secs]2020-11-07T20:05:09.859+0800: 63.704: [class unloading, 0.0502959 secs]2020-11-07T20:05:09.909+0800: 63.755: [scrub symbol table, 0.1249016 secs]2020-11-07T20:05:10.034+0800: 63.880: [scrub string table, 0.0018709 secs][1 CMS-remark: 52773K(87092K)] 55747K(96308K), 0.2322242 secs] [Times: user=0.12 sys=0.00, real=0.24 secs] 
2020-11-07T20:05:10.053+0800: 63.899: [CMS-concurrent-sweep-start]
2020-11-07T20:05:10.151+0800: 63.996: Application time: 0.1146050 seconds
{Heap before GC invocations=604 (full 45):
 par new generation   total 9216K, used 9182K [0x00000000e3400000, 0x00000000e3e00000, 0x00000000ecca0000)
  eden space 8192K, 100% used [0x00000000e3400000, 0x00000000e3c00000, 0x00000000e3c00000)
  from space 1024K,  96% used [0x00000000e3c00000, 0x00000000e3cf7808, 0x00000000e3d00000)
  to   space 1024K,   0% used [0x00000000e3d00000, 0x00000000e3d00000, 0x00000000e3e00000)
 concurrent mark-sweep generation total 87092K, used 52745K [0x00000000ecca0000, 0x00000000f21ad000, 0x0000000100000000)
 Metaspace       used 70016K, capacity 73442K, committed 73728K, reserved 1114112K
  class space    used 8976K, capacity 9631K, committed 9728K, reserved 1048576K
2020-11-07T20:05:10.151+0800: 63.997: [GC (Allocation Failure) 2020-11-07T20:05:10.151+0800: 63.997: [ParNew: 9182K->813K(9216K), 0.0772209 secs] 61927K->53875K(96308K), 0.0773305 secs] [Times: user=0.03 sys=0.00, real=0.08 secs] 
Heap after GC invocations=605 (full 45):
 par new generation   total 9216K, used 813K [0x00000000e3400000, 0x00000000e3e00000, 0x00000000ecca0000)
  eden space 8192K,   0% used [0x00000000e3400000, 0x00000000e3400000, 0x00000000e3c00000)
  from space 1024K,  79% used [0x00000000e3d00000, 0x00000000e3dcb570, 0x00000000e3e00000)
  to   space 1024K,   0% used [0x00000000e3c00000, 0x00000000e3c00000, 0x00000000e3d00000)
 concurrent mark-sweep generation total 87092K, used 53061K [0x00000000ecca0000, 0x00000000f21ad000, 0x0000000100000000)
 Metaspace       used 70016K, capacity 73442K, committed 73728K, reserved 1114112K
  class space    used 8976K, capacity 9631K, committed 9728K, reserved 1048576K
}
2020-11-07T20:05:10.279+0800: 64.125: [CMS-concurrent-sweep: 0.140/0.226 secs] [Times: user=0.11 sys=0.00, real=0.23 secs] 
2020-11-07T20:05:10.279+0800: 64.125: [CMS-concurrent-reset-start]
2020-11-07T20:05:10.280+0800: 64.126: [CMS-concurrent-reset: 0.001/0.001 secs] [Times: user=0.00 sys=0.00, real=0.00 secs] 
2020-11-07T20:05:10.436+0800: 64.282: Application time: 0.2079627 seconds
{Heap before GC invocations=605 (full 45):
 par new generation   total 9216K, used 9005K [0x00000000e3400000, 0x00000000e3e00000, 0x00000000ecca0000)
  eden space 8192K, 100% used [0x00000000e3400000, 0x00000000e3c00000, 0x00000000e3c00000)
  from space 1024K,  79% used [0x00000000e3d00000, 0x00000000e3dcb570, 0x00000000e3e00000)
  to   space 1024K,   0% used [0x00000000e3c00000, 0x00000000e3c00000, 0x00000000e3d00000)
 concurrent mark-sweep generation total 88384K, used 53028K [0x00000000ecca0000, 0x00000000f22f0000, 0x0000000100000000)
 Metaspace       used 70149K, capacity 73586K, committed 73728K, reserved 1114112K
  class space    used 9003K, capacity 9653K, committed 9728K, reserved 1048576K
2020-11-07T20:05:10.436+0800: 64.282: [GC (Allocation Failure) 2020-11-07T20:05:10.436+0800: 64.282: [ParNew: 9005K->1024K(9216K), 0.3736212 secs] 62034K->54145K(97600K), 0.3737151 secs] [Times: user=0.23 sys=0.00, real=0.37 secs] 
Heap after GC invocations=606 (full 45):
 par new generation   total 9216K, used 1024K [0x00000000e3400000, 0x00000000e3e00000, 0x00000000ecca0000)
  eden space 8192K,   0% used [0x00000000e3400000, 0x00000000e3400000, 0x00000000e3c00000)
  from space 1024K, 100% used [0x00000000e3c00000, 0x00000000e3d00000, 0x00000000e3d00000)
  to   space 1024K,   0% used [0x00000000e3d00000, 0x00000000e3d00000, 0x00000000e3e00000)
 concurrent mark-sweep generation total 88384K, used 53121K [0x00000000ecca0000, 0x00000000f22f0000, 0x0000000100000000)
 Metaspace       used 70149K, capacity 73586K, committed 73728K, reserved 1114112K
  class space    used 9003K, capacity 9653K, committed 9728K, reserved 1048576K
}
2020-11-07T20:05:10.817+0800: 64.663: Application time: 0.0065127 seconds
2020-11-07T20:05:10.817+0800: 64.663: [GC (CMS Initial Mark) [1 CMS-initial-mark: 53121K(88384K)] 54496K(97600K), 0.0077522 secs] [Times: user=0.01 sys=0.00, real=0.01 secs] 
2020-11-07T20:05:10.825+0800: 64.671: [CMS-concurrent-mark-start]
2020-11-07T20:05:10.913+0800: 64.759: Application time: 0.0882508 seconds
2020-11-07T20:05:10.936+0800: 64.782: Application time: 0.0228468 seconds
{Heap before GC invocations=606 (full 46):
 par new generation   total 9216K, used 9216K [0x00000000e3400000, 0x00000000e3e00000, 0x00000000ecca0000)
  eden space 8192K, 100% used [0x00000000e3400000, 0x00000000e3c00000, 0x00000000e3c00000)
  from space 1024K, 100% used [0x00000000e3c00000, 0x00000000e3d00000, 0x00000000e3d00000)
  to   space 1024K,   0% used [0x00000000e3d00000, 0x00000000e3d00000, 0x00000000e3e00000)
 concurrent mark-sweep generation total 88384K, used 53121K [0x00000000ecca0000, 0x00000000f22f0000, 0x0000000100000000)
 Metaspace       used 70271K, capacity 73690K, committed 73984K, reserved 1114112K
  class space    used 9017K, capacity 9661K, committed 9728K, reserved 1048576K
2020-11-07T20:05:10.936+0800: 64.782: [GC (Allocation Failure) 2020-11-07T20:05:10.936+0800: 64.782: [ParNew: 9216K->862K(9216K), 0.0409451 secs] 62337K->54191K(97600K), 0.0410594 secs] [Times: user=0.04 sys=0.00, real=0.04 secs] 
Heap after GC invocations=607 (full 46):
 par new generation   total 9216K, used 862K [0x00000000e3400000, 0x00000000e3e00000, 0x00000000ecca0000)
  eden space 8192K,   0% used [0x00000000e3400000, 0x00000000e3400000, 0x00000000e3c00000)
  from space 1024K,  84% used [0x00000000e3d00000, 0x00000000e3dd7928, 0x00000000e3e00000)
  to   space 1024K,   0% used [0x00000000e3c00000, 0x00000000e3c00000, 0x00000000e3d00000)
 concurrent mark-sweep generation total 88384K, used 53329K [0x00000000ecca0000, 0x00000000f22f0000, 0x0000000100000000)
 Metaspace       used 70271K, capacity 73690K, committed 73984K, reserved 1114112K
  class space    used 9017K, capacity 9661K, committed 9728K, reserved 1048576K
}
2020-11-07T20:05:11.065+0800: 64.911: Application time: 0.0879076 seconds
2020-11-07T20:05:11.083+0800: 64.928: Application time: 0.0170136 seconds
2020-11-07T20:05:11.108+0800: 64.954: Application time: 0.0251616 seconds
{Heap before GC invocations=607 (full 46):
 par new generation   total 9216K, used 9054K [0x00000000e3400000, 0x00000000e3e00000, 0x00000000ecca0000)
  eden space 8192K, 100% used [0x00000000e3400000, 0x00000000e3c00000, 0x00000000e3c00000)
  from space 1024K,  84% used [0x00000000e3d00000, 0x00000000e3dd7928, 0x00000000e3e00000)
  to   space 1024K,   0% used [0x00000000e3c00000, 0x00000000e3c00000, 0x00000000e3d00000)
 concurrent mark-sweep generation total 88384K, used 53329K [0x00000000ecca0000, 0x00000000f22f0000, 0x0000000100000000)
 Metaspace       used 70294K, capacity 73702K, committed 73984K, reserved 1114112K
  class space    used 9020K, capacity 9665K, committed 9728K, reserved 1048576K
2020-11-07T20:05:11.108+0800: 64.954: [GC (Allocation Failure) 2020-11-07T20:05:11.108+0800: 64.954: [ParNew: 9054K->592K(9216K), 0.0358617 secs] 62383K->54123K(97600K), 0.0359502 secs] [Times: user=0.04 sys=0.00, real=0.03 secs] 
Heap after GC invocations=608 (full 46):
 par new generation   total 9216K, used 592K [0x00000000e3400000, 0x00000000e3e00000, 0x00000000ecca0000)
  eden space 8192K,   0% used [0x00000000e3400000, 0x00000000e3400000, 0x00000000e3c00000)
  from space 1024K,  57% used [0x00000000e3c00000, 0x00000000e3c94368, 0x00000000e3d00000)
  to   space 1024K,   0% used [0x00000000e3d00000, 0x00000000e3d00000, 0x00000000e3e00000)
 concurrent mark-sweep generation total 88384K, used 53530K [0x00000000ecca0000, 0x00000000f22f0000, 0x0000000100000000)
 Metaspace       used 70294K, capacity 73702K, committed 73984K, reserved 1114112K
  class space    used 9020K, capacity 9665K, committed 9728K, reserved 1048576K
}
2020-11-07T20:05:11.261+0800: 65.107: Application time: 0.1172487 seconds
{Heap before GC invocations=608 (full 46):
 par new generation   total 9216K, used 8784K [0x00000000e3400000, 0x00000000e3e00000, 0x00000000ecca0000)
  eden space 8192K, 100% used [0x00000000e3400000, 0x00000000e3c00000, 0x00000000e3c00000)
  from space 1024K,  57% used [0x00000000e3c00000, 0x00000000e3c94368, 0x00000000e3d00000)
  to   space 1024K,   0% used [0x00000000e3d00000, 0x00000000e3d00000, 0x00000000e3e00000)
 concurrent mark-sweep generation total 88384K, used 53530K [0x00000000ecca0000, 0x00000000f22f0000, 0x0000000100000000)
 Metaspace       used 70337K, capacity 73762K, committed 73984K, reserved 1114112K
  class space    used 9030K, capacity 9679K, committed 9728K, reserved 1048576K
2020-11-07T20:05:11.262+0800: 65.108: [GC (Allocation Failure) 2020-11-07T20:05:11.262+0800: 65.108: [ParNew: 8784K->700K(9216K), 0.0430195 secs] 62315K->54230K(97600K), 0.0431194 secs] [Times: user=0.05 sys=0.00, real=0.05 secs] 
Heap after GC invocations=609 (full 46):
 par new generation   total 9216K, used 700K [0x00000000e3400000, 0x00000000e3e00000, 0x00000000ecca0000)
  eden space 8192K,   0% used [0x00000000e3400000, 0x00000000e3400000, 0x00000000e3c00000)
  from space 1024K,  68% used [0x00000000e3d00000, 0x00000000e3daf2d8, 0x00000000e3e00000)
  to   space 1024K,   0% used [0x00000000e3c00000, 0x00000000e3c00000, 0x00000000e3d00000)
 concurrent mark-sweep generation total 88384K, used 53530K [0x00000000ecca0000, 0x00000000f22f0000, 0x0000000100000000)
 Metaspace       used 70337K, capacity 73762K, committed 73984K, reserved 1114112K
  class space    used 9030K, capacity 9679K, committed 9728K, reserved 1048576K
}
2020-11-07T20:05:11.406+0800: 65.252: Application time: 0.1010717 seconds
{Heap before GC invocations=609 (full 46):
 par new generation   total 9216K, used 8892K [0x00000000e3400000, 0x00000000e3e00000, 0x00000000ecca0000)
  eden space 8192K, 100% used [0x00000000e3400000, 0x00000000e3c00000, 0x00000000e3c00000)
  from space 1024K,  68% used [0x00000000e3d00000, 0x00000000e3daf2d8, 0x00000000e3e00000)
  to   space 1024K,   0% used [0x00000000e3c00000, 0x00000000e3c00000, 0x00000000e3d00000)
 concurrent mark-sweep generation total 88384K, used 53530K [0x00000000ecca0000, 0x00000000f22f0000, 0x0000000100000000)
 Metaspace       used 70350K, capacity 73780K, committed 73984K, reserved 1114112K
  class space    used 9033K, capacity 9682K, committed 9728K, reserved 1048576K
2020-11-07T20:05:11.406+0800: 65.252: [GC (Allocation Failure) 2020-11-07T20:05:11.406+0800: 65.252: [ParNew: 8892K->688K(9216K), 0.0416442 secs] 62422K->54438K(97600K), 0.0417210 secs] [Times: user=0.04 sys=0.00, real=0.04 secs] 
Heap after GC invocations=610 (full 46):
 par new generation   total 9216K, used 688K [0x00000000e3400000, 0x00000000e3e00000, 0x00000000ecca0000)
  eden space 8192K,   0% used [0x00000000e3400000, 0x00000000e3400000, 0x00000000e3c00000)
  from space 1024K,  67% used [0x00000000e3c00000, 0x00000000e3cac260, 0x00000000e3d00000)
  to   space 1024K,   0% used [0x00000000e3d00000, 0x00000000e3d00000, 0x00000000e3e00000)
 concurrent mark-sweep generation total 88384K, used 53749K [0x00000000ecca0000, 0x00000000f22f0000, 0x0000000100000000)
 Metaspace       used 70350K, capacity 73780K, committed 73984K, reserved 1114112K
  class space    used 9033K, capacity 9682K, committed 9728K, reserved 1048576K
}
2020-11-07T20:05:11.481+0800: 65.327: Application time: 0.0333119 seconds
{Heap before GC invocations=610 (full 46):
 par new generation   total 9216K, used 8880K [0x00000000e3400000, 0x00000000e3e00000, 0x00000000ecca0000)
  eden space 8192K, 100% used [0x00000000e3400000, 0x00000000e3c00000, 0x00000000e3c00000)
  from space 1024K,  67% used [0x00000000e3c00000, 0x00000000e3cac260, 0x00000000e3d00000)
  to   space 1024K,   0% used [0x00000000e3d00000, 0x00000000e3d00000, 0x00000000e3e00000)
 concurrent mark-sweep generation total 88384K, used 53749K [0x00000000ecca0000, 0x00000000f22f0000, 0x0000000100000000)
 Metaspace       used 70350K, capacity 73780K, committed 73984K, reserved 1114112K
  class space    used 9033K, capacity 9682K, committed 9728K, reserved 1048576K
2020-11-07T20:05:11.482+0800: 65.327: [GC (Allocation Failure) 2020-11-07T20:05:11.482+0800: 65.328: [ParNew: 8880K->561K(9216K), 0.0321016 secs] 62630K->54311K(97600K), 0.0321684 secs] [Times: user=0.03 sys=0.00, real=0.03 secs] 
Heap after GC invocations=611 (full 46):
 par new generation   total 9216K, used 561K [0x00000000e3400000, 0x00000000e3e00000, 0x00000000ecca0000)
  eden space 8192K,   0% used [0x00000000e3400000, 0x00000000e3400000, 0x00000000e3c00000)
  from space 1024K,  54% used [0x00000000e3d00000, 0x00000000e3d8c630, 0x00000000e3e00000)
  to   space 1024K,   0% used [0x00000000e3c00000, 0x00000000e3c00000, 0x00000000e3d00000)
 concurrent mark-sweep generation total 88384K, used 53749K [0x00000000ecca0000, 0x00000000f22f0000, 0x0000000100000000)
 Metaspace       used 70350K, capacity 73780K, committed 73984K, reserved 1114112K
  class space    used 9033K, capacity 9682K, committed 9728K, reserved 1048576K
}
2020-11-07T20:05:11.527+0800: 65.373: [CMS-concurrent-mark: 0.482/0.702 secs] [Times: user=0.68 sys=0.01, real=0.70 secs] 
2020-11-07T20:05:11.527+0800: 65.373: [CMS-concurrent-preclean-start]
2020-11-07T20:05:11.532+0800: 65.378: Application time: 0.0178635 seconds
{Heap before GC invocations=611 (full 46):
 par new generation   total 9216K, used 8753K [0x00000000e3400000, 0x00000000e3e00000, 0x00000000ecca0000)
  eden space 8192K, 100% used [0x00000000e3400000, 0x00000000e3c00000, 0x00000000e3c00000)
  from space 1024K,  54% used [0x00000000e3d00000, 0x00000000e3d8c630, 0x00000000e3e00000)
  to   space 1024K,   0% used [0x00000000e3c00000, 0x00000000e3c00000, 0x00000000e3d00000)
 concurrent mark-sweep generation total 88384K, used 53749K [0x00000000ecca0000, 0x00000000f22f0000, 0x0000000100000000)
 Metaspace       used 70350K, capacity 73780K, committed 73984K, reserved 1114112K
  class space    used 9033K, capacity 9682K, committed 9728K, reserved 1048576K
2020-11-07T20:05:11.532+0800: 65.378: [GC (Allocation Failure) 2020-11-07T20:05:11.532+0800: 65.378: [ParNew: 8753K->533K(9216K), 0.0165121 secs] 62503K->54282K(97600K), 0.0165895 secs] [Times: user=0.01 sys=0.00, real=0.02 secs] 
Heap after GC invocations=612 (full 46):
 par new generation   total 9216K, used 533K [0x00000000e3400000, 0x00000000e3e00000, 0x00000000ecca0000)
  eden space 8192K,   0% used [0x00000000e3400000, 0x00000000e3400000, 0x00000000e3c00000)
  from space 1024K,  52% used [0x00000000e3c00000, 0x00000000e3c85500, 0x00000000e3d00000)
  to   space 1024K,   0% used [0x00000000e3d00000, 0x00000000e3d00000, 0x00000000e3e00000)
 concurrent mark-sweep generation total 88384K, used 53749K [0x00000000ecca0000, 0x00000000f22f0000, 0x0000000100000000)
 Metaspace       used 70350K, capacity 73780K, committed 73984K, reserved 1114112K
  class space    used 9033K, capacity 9682K, committed 9728K, reserved 1048576K
}
2020-11-07T20:05:11.562+0800: 65.408: [CMS-concurrent-preclean: 0.010/0.035 secs] [Times: user=0.04 sys=0.00, real=0.03 secs] 
2020-11-07T20:05:11.575+0800: 65.420: Application time: 0.0259969 seconds
2020-11-07T20:05:11.575+0800: 65.421: [GC (CMS Final Remark) [YG occupancy: 1209 K (9216 K)]2020-11-07T20:05:11.575+0800: 65.421: [Rescan (parallel) , 0.0080648 secs]2020-11-07T20:05:11.583+0800: 65.429: [weak refs processing, 0.0001542 secs]2020-11-07T20:05:11.583+0800: 65.429: [class unloading, 0.0362291 secs]2020-11-07T20:05:11.619+0800: 65.465: [scrub symbol table, 0.0594228 secs]2020-11-07T20:05:11.679+0800: 65.525: [scrub string table, 0.0014781 secs][1 CMS-remark: 53749K(88384K)] 54959K(97600K), 0.1055596 secs] [Times: user=0.10 sys=0.00, real=0.10 secs] 
2020-11-07T20:05:11.686+0800: 65.531: [CMS-concurrent-sweep-start]
2020-11-07T20:05:11.729+0800: 65.575: Application time: 0.0490970 seconds
2020-11-07T20:05:11.739+0800: 65.585: Application time: 0.0098090 seconds
{Heap before GC invocations=612 (full 46):
 par new generation   total 9216K, used 8725K [0x00000000e3400000, 0x00000000e3e00000, 0x00000000ecca0000)
  eden space 8192K, 100% used [0x00000000e3400000, 0x00000000e3c00000, 0x00000000e3c00000)
  from space 1024K,  52% used [0x00000000e3c00000, 0x00000000e3c85500, 0x00000000e3d00000)
  to   space 1024K,   0% used [0x00000000e3d00000, 0x00000000e3d00000, 0x00000000e3e00000)
 concurrent mark-sweep generation total 88384K, used 53723K [0x00000000ecca0000, 0x00000000f22f0000, 0x0000000100000000)
 Metaspace       used 70391K, capacity 73874K, committed 73984K, reserved 1114112K
  class space    used 9041K, capacity 9691K, committed 9728K, reserved 1048576K
2020-11-07T20:05:11.740+0800: 65.585: [GC (Allocation Failure) 2020-11-07T20:05:11.740+0800: 65.586: [ParNew: 8725K->566K(9216K), 0.0241258 secs] 62448K->54290K(97600K), 0.0242153 secs] [Times: user=0.02 sys=0.00, real=0.02 secs] 
Heap after GC invocations=613 (full 46):
 par new generation   total 9216K, used 566K [0x00000000e3400000, 0x00000000e3e00000, 0x00000000ecca0000)
  eden space 8192K,   0% used [0x00000000e3400000, 0x00000000e3400000, 0x00000000e3c00000)
  from space 1024K,  55% used [0x00000000e3d00000, 0x00000000e3d8d9a0, 0x00000000e3e00000)
  to   space 1024K,   0% used [0x00000000e3c00000, 0x00000000e3c00000, 0x00000000e3d00000)
 concurrent mark-sweep generation total 88384K, used 53723K [0x00000000ecca0000, 0x00000000f22f0000, 0x0000000100000000)
 Metaspace       used 70391K, capacity 73874K, committed 73984K, reserved 1114112K
  class space    used 9041K, capacity 9691K, committed 9728K, reserved 1048576K
}
2020-11-07T20:05:11.789+0800: 65.635: [CMS-concurrent-sweep: 0.068/0.103 secs] [Times: user=0.09 sys=0.00, real=0.10 secs] 
2020-11-07T20:05:11.789+0800: 65.635: [CMS-concurrent-reset-start]
2020-11-07T20:05:11.790+0800: 65.636: [CMS-concurrent-reset: 0.001/0.001 secs] [Times: user=0.00 sys=0.00, real=0.00 secs] 
2020-11-07T20:05:11.793+0800: 65.638: Application time: 0.0286487 seconds
{Heap before GC invocations=613 (full 46):
 par new generation   total 9216K, used 8758K [0x00000000e3400000, 0x00000000e3e00000, 0x00000000ecca0000)
  eden space 8192K, 100% used [0x00000000e3400000, 0x00000000e3c00000, 0x00000000e3c00000)
  from space 1024K,  55% used [0x00000000e3d00000, 0x00000000e3d8d9a0, 0x00000000e3e00000)
  to   space 1024K,   0% used [0x00000000e3c00000, 0x00000000e3c00000, 0x00000000e3d00000)
 concurrent mark-sweep generation total 89236K, used 53540K [0x00000000ecca0000, 0x00000000f23c5000, 0x0000000100000000)
 Metaspace       used 70386K, capacity 73862K, committed 73984K, reserved 1114112K
  class space    used 9040K, capacity 9689K, committed 9728K, reserved 1048576K
2020-11-07T20:05:11.793+0800: 65.639: [GC (Allocation Failure) 2020-11-07T20:05:11.793+0800: 65.639: [ParNew: 8758K->577K(9216K), 0.0429008 secs] 62298K->54117K(98452K), 0.0429750 secs] [Times: user=0.04 sys=0.00, real=0.05 secs] 
Heap after GC invocations=614 (full 46):
 par new generation   total 9216K, used 577K [0x00000000e3400000, 0x00000000e3e00000, 0x00000000ecca0000)
  eden space 8192K,   0% used [0x00000000e3400000, 0x00000000e3400000, 0x00000000e3c00000)
  from space 1024K,  56% used [0x00000000e3c00000, 0x00000000e3c90630, 0x00000000e3d00000)
  to   space 1024K,   0% used [0x00000000e3d00000, 0x00000000e3d00000, 0x00000000e3e00000)
 concurrent mark-sweep generation total 89236K, used 53540K [0x00000000ecca0000, 0x00000000f23c5000, 0x0000000100000000)
 Metaspace       used 70386K, capacity 73862K, committed 73984K, reserved 1114112K
  class space    used 9040K, capacity 9689K, committed 9728K, reserved 1048576K
}
2020-11-07T20:05:11.857+0800: 65.703: Application time: 0.0212121 seconds
{Heap before GC invocations=614 (full 46):
 par new generation   total 9216K, used 8769K [0x00000000e3400000, 0x00000000e3e00000, 0x00000000ecca0000)
  eden space 8192K, 100% used [0x00000000e3400000, 0x00000000e3c00000, 0x00000000e3c00000)
  from space 1024K,  56% used [0x00000000e3c00000, 0x00000000e3c90630, 0x00000000e3d00000)
  to   space 1024K,   0% used [0x00000000e3d00000, 0x00000000e3d00000, 0x00000000e3e00000)
 concurrent mark-sweep generation total 89236K, used 53540K [0x00000000ecca0000, 0x00000000f23c5000, 0x0000000100000000)
 Metaspace       used 70399K, capacity 73862K, committed 73984K, reserved 1114112K
  class space    used 9041K, capacity 9689K, committed 9728K, reserved 1048576K
2020-11-07T20:05:11.857+0800: 65.703: [GC (Allocation Failure) 2020-11-07T20:05:11.857+0800: 65.703: [ParNew: 8769K->735K(9216K), 0.0414776 secs] 62309K->54275K(98452K), 0.0415463 secs] [Times: user=0.04 sys=0.00, real=0.04 secs] 
Heap after GC invocations=615 (full 46):
 par new generation   total 9216K, used 735K [0x00000000e3400000, 0x00000000e3e00000, 0x00000000ecca0000)
  eden space 8192K,   0% used [0x00000000e3400000, 0x00000000e3400000, 0x00000000e3c00000)
  from space 1024K,  71% used [0x00000000e3d00000, 0x00000000e3db7d70, 0x00000000e3e00000)
  to   space 1024K,   0% used [0x00000000e3c00000, 0x00000000e3c00000, 0x00000000e3d00000)
 concurrent mark-sweep generation total 89236K, used 53540K [0x00000000ecca0000, 0x00000000f23c5000, 0x0000000100000000)
 Metaspace       used 70399K, capacity 73862K, committed 73984K, reserved 1114112K
  class space    used 9041K, capacity 9689K, committed 9728K, reserved 1048576K
}
2020-11-07T20:05:11.916+0800: 65.762: Application time: 0.0172347 seconds
{Heap before GC invocations=615 (full 46):
 par new generation   total 9216K, used 8927K [0x00000000e3400000, 0x00000000e3e00000, 0x00000000ecca0000)
  eden space 8192K, 100% used [0x00000000e3400000, 0x00000000e3c00000, 0x00000000e3c00000)
  from space 1024K,  71% used [0x00000000e3d00000, 0x00000000e3db7d70, 0x00000000e3e00000)
  to   space 1024K,   0% used [0x00000000e3c00000, 0x00000000e3c00000, 0x00000000e3d00000)
 concurrent mark-sweep generation total 89236K, used 53540K [0x00000000ecca0000, 0x00000000f23c5000, 0x0000000100000000)
 Metaspace       used 70408K, capacity 73862K, committed 73984K, reserved 1114112K
  class space    used 9042K, capacity 9689K, committed 9728K, reserved 1048576K
2020-11-07T20:05:11.916+0800: 65.762: [GC (Allocation Failure) 2020-11-07T20:05:11.916+0800: 65.762: [ParNew: 8927K->589K(9216K), 0.0426411 secs] 62467K->54308K(98452K), 0.0427181 secs] [Times: user=0.04 sys=0.00, real=0.04 secs] 
Heap after GC invocations=616 (full 46):
 par new generation   total 9216K, used 589K [0x00000000e3400000, 0x00000000e3e00000, 0x00000000ecca0000)
  eden space 8192K,   0% used [0x00000000e3400000, 0x00000000e3400000, 0x00000000e3c00000)
  from space 1024K,  57% used [0x00000000e3c00000, 0x00000000e3c93738, 0x00000000e3d00000)
  to   space 1024K,   0% used [0x00000000e3d00000, 0x00000000e3d00000, 0x00000000e3e00000)
 concurrent mark-sweep generation total 89236K, used 53719K [0x00000000ecca0000, 0x00000000f23c5000, 0x0000000100000000)
 Metaspace       used 70408K, capacity 73862K, committed 73984K, reserved 1114112K
  class space    used 9042K, capacity 9689K, committed 9728K, reserved 1048576K
}
2020-11-07T20:05:11.969+0800: 65.815: Application time: 0.0103447 seconds
2020-11-07T20:05:11.970+0800: 65.815: [GC (CMS Initial Mark) [1 CMS-initial-mark: 53719K(89236K)] 60864K(98452K), 0.0086359 secs] [Times: user=0.01 sys=0.00, real=0.01 secs] 
2020-11-07T20:05:11.984+0800: 65.829: [CMS-concurrent-mark-start]
2020-11-07T20:05:11.996+0800: 65.841: Application time: 0.0171881 seconds
{Heap before GC invocations=616 (full 47):
 par new generation   total 9216K, used 8781K [0x00000000e3400000, 0x00000000e3e00000, 0x00000000ecca0000)
  eden space 8192K, 100% used [0x00000000e3400000, 0x00000000e3c00000, 0x00000000e3c00000)
  from space 1024K,  57% used [0x00000000e3c00000, 0x00000000e3c93738, 0x00000000e3d00000)
  to   space 1024K,   0% used [0x00000000e3d00000, 0x00000000e3d00000, 0x00000000e3e00000)
 concurrent mark-sweep generation total 89236K, used 53719K [0x00000000ecca0000, 0x00000000f23c5000, 0x0000000100000000)
 Metaspace       used 70409K, capacity 73862K, committed 73984K, reserved 1114112K
  class space    used 9042K, capacity 9689K, committed 9728K, reserved 1048576K
2020-11-07T20:05:11.996+0800: 65.842: [GC (Allocation Failure) 2020-11-07T20:05:11.996+0800: 65.842: [ParNew: 8781K->641K(9216K), 0.0440216 secs] 62500K->54360K(98452K), 0.0441105 secs] [Times: user=0.04 sys=0.00, real=0.04 secs] 
Heap after GC invocations=617 (full 47):
 par new generation   total 9216K, used 641K [0x00000000e3400000, 0x00000000e3e00000, 0x00000000ecca0000)
  eden space 8192K,   0% used [0x00000000e3400000, 0x00000000e3400000, 0x00000000e3c00000)
  from space 1024K,  62% used [0x00000000e3d00000, 0x00000000e3da05c0, 0x00000000e3e00000)
  to   space 1024K,   0% used [0x00000000e3c00000, 0x00000000e3c00000, 0x00000000e3d00000)
 concurrent mark-sweep generation total 89236K, used 53719K [0x00000000ecca0000, 0x00000000f23c5000, 0x0000000100000000)
 Metaspace       used 70409K, capacity 73862K, committed 73984K, reserved 1114112K
  class space    used 9042K, capacity 9689K, committed 9728K, reserved 1048576K
}
2020-11-07T20:05:12.067+0800: 65.913: Application time: 0.0275935 seconds
{Heap before GC invocations=617 (full 47):
 par new generation   total 9216K, used 8833K [0x00000000e3400000, 0x00000000e3e00000, 0x00000000ecca0000)
  eden space 8192K, 100% used [0x00000000e3400000, 0x00000000e3c00000, 0x00000000e3c00000)
  from space 1024K,  62% used [0x00000000e3d00000, 0x00000000e3da05c0, 0x00000000e3e00000)
  to   space 1024K,   0% used [0x00000000e3c00000, 0x00000000e3c00000, 0x00000000e3d00000)
 concurrent mark-sweep generation total 89236K, used 53719K [0x00000000ecca0000, 0x00000000f23c5000, 0x0000000100000000)
 Metaspace       used 70412K, capacity 73868K, committed 73984K, reserved 1114112K
  class space    used 9043K, capacity 9690K, committed 9728K, reserved 1048576K
2020-11-07T20:05:12.068+0800: 65.913: [GC (Allocation Failure) 2020-11-07T20:05:12.068+0800: 65.913: [ParNew: 8833K->676K(9216K), 0.0402516 secs] 62552K->54476K(98452K), 0.0403111 secs] [Times: user=0.04 sys=0.00, real=0.04 secs] 
Heap after GC invocations=618 (full 47):
 par new generation   total 9216K, used 676K [0x00000000e3400000, 0x00000000e3e00000, 0x00000000ecca0000)
  eden space 8192K,   0% used [0x00000000e3400000, 0x00000000e3400000, 0x00000000e3c00000)
  from space 1024K,  66% used [0x00000000e3c00000, 0x00000000e3ca91d0, 0x00000000e3d00000)
  to   space 1024K,   0% used [0x00000000e3d00000, 0x00000000e3d00000, 0x00000000e3e00000)
 concurrent mark-sweep generation total 89236K, used 53800K [0x00000000ecca0000, 0x00000000f23c5000, 0x0000000100000000)
 Metaspace       used 70412K, capacity 73868K, committed 73984K, reserved 1114112K
  class space    used 9043K, capacity 9690K, committed 9728K, reserved 1048576K
}
2020-11-07T20:05:12.155+0800: 66.001: Application time: 0.0467111 seconds
{Heap before GC invocations=618 (full 47):
 par new generation   total 9216K, used 8868K [0x00000000e3400000, 0x00000000e3e00000, 0x00000000ecca0000)
  eden space 8192K, 100% used [0x00000000e3400000, 0x00000000e3c00000, 0x00000000e3c00000)
  from space 1024K,  66% used [0x00000000e3c00000, 0x00000000e3ca91d0, 0x00000000e3d00000)
  to   space 1024K,   0% used [0x00000000e3d00000, 0x00000000e3d00000, 0x00000000e3e00000)
 concurrent mark-sweep generation total 89236K, used 53800K [0x00000000ecca0000, 0x00000000f23c5000, 0x0000000100000000)
 Metaspace       used 70429K, capacity 73874K, committed 73984K, reserved 1114112K
  class space    used 9045K, capacity 9691K, committed 9728K, reserved 1048576K
2020-11-07T20:05:12.155+0800: 66.001: [GC (Allocation Failure) 2020-11-07T20:05:12.155+0800: 66.001: [ParNew: 8868K->524K(9216K), 0.0411566 secs] 62668K->54383K(98452K), 0.0412186 secs] [Times: user=0.04 sys=0.00, real=0.04 secs] 
Heap after GC invocations=619 (full 47):
 par new generation   total 9216K, used 524K [0x00000000e3400000, 0x00000000e3e00000, 0x00000000ecca0000)
  eden space 8192K,   0% used [0x00000000e3400000, 0x00000000e3400000, 0x00000000e3c00000)
  from space 1024K,  51% used [0x00000000e3d00000, 0x00000000e3d830e0, 0x00000000e3e00000)
  to   space 1024K,   0% used [0x00000000e3c00000, 0x00000000e3c00000, 0x00000000e3d00000)
 concurrent mark-sweep generation total 89236K, used 53859K [0x00000000ecca0000, 0x00000000f23c5000, 0x0000000100000000)
 Metaspace       used 70429K, capacity 73874K, committed 73984K, reserved 1114112K
  class space    used 9045K, capacity 9691K, committed 9728K, reserved 1048576K
}
2020-11-07T20:05:12.228+0800: 66.073: Application time: 0.0313713 seconds
{Heap before GC invocations=619 (full 47):
 par new generation   total 9216K, used 8716K [0x00000000e3400000, 0x00000000e3e00000, 0x00000000ecca0000)
  eden space 8192K, 100% used [0x00000000e3400000, 0x00000000e3c00000, 0x00000000e3c00000)
  from space 1024K,  51% used [0x00000000e3d00000, 0x00000000e3d830e0, 0x00000000e3e00000)
  to   space 1024K,   0% used [0x00000000e3c00000, 0x00000000e3c00000, 0x00000000e3d00000)
 concurrent mark-sweep generation total 89236K, used 53859K [0x00000000ecca0000, 0x00000000f23c5000, 0x0000000100000000)
 Metaspace       used 70437K, capacity 73874K, committed 73984K, reserved 1114112K
  class space    used 9047K, capacity 9691K, committed 9728K, reserved 1048576K
2020-11-07T20:05:12.228+0800: 66.074: [GC (Allocation Failure) 2020-11-07T20:05:12.228+0800: 66.074: [ParNew: 8716K->617K(9216K), 0.0379787 secs] 62575K->54506K(98452K), 0.0380545 secs] [Times: user=0.04 sys=0.00, real=0.04 secs] 
Heap after GC invocations=620 (full 47):
 par new generation   total 9216K, used 617K [0x00000000e3400000, 0x00000000e3e00000, 0x00000000ecca0000)
  eden space 8192K,   0% used [0x00000000e3400000, 0x00000000e3400000, 0x00000000e3c00000)
  from space 1024K,  60% used [0x00000000e3c00000, 0x00000000e3c9a6c8, 0x00000000e3d00000)
  to   space 1024K,   0% used [0x00000000e3d00000, 0x00000000e3d00000, 0x00000000e3e00000)
 concurrent mark-sweep generation total 89236K, used 53888K [0x00000000ecca0000, 0x00000000f23c5000, 0x0000000100000000)
 Metaspace       used 70437K, capacity 73874K, committed 73984K, reserved 1114112K
  class space    used 9047K, capacity 9691K, committed 9728K, reserved 1048576K
}
2020-11-07T20:05:12.291+0800: 66.137: Application time: 0.0252014 seconds
{Heap before GC invocations=620 (full 47):
 par new generation   total 9216K, used 8809K [0x00000000e3400000, 0x00000000e3e00000, 0x00000000ecca0000)
  eden space 8192K, 100% used [0x00000000e3400000, 0x00000000e3c00000, 0x00000000e3c00000)
  from space 1024K,  60% used [0x00000000e3c00000, 0x00000000e3c9a6c8, 0x00000000e3d00000)
  to   space 1024K,   0% used [0x00000000e3d00000, 0x00000000e3d00000, 0x00000000e3e00000)
 concurrent mark-sweep generation total 89236K, used 53888K [0x00000000ecca0000, 0x00000000f23c5000, 0x0000000100000000)
 Metaspace       used 70437K, capacity 73874K, committed 73984K, reserved 1114112K
  class space    used 9047K, capacity 9691K, committed 9728K, reserved 1048576K
2020-11-07T20:05:12.291+0800: 66.137: [GC (Allocation Failure) 2020-11-07T20:05:12.291+0800: 66.137: [ParNew: 8809K->552K(9216K), 0.0325215 secs] 62698K->54474K(98452K), 0.0325953 secs] [Times: user=0.03 sys=0.00, real=0.03 secs] 
Heap after GC invocations=621 (full 47):
 par new generation   total 9216K, used 552K [0x00000000e3400000, 0x00000000e3e00000, 0x00000000ecca0000)
  eden space 8192K,   0% used [0x00000000e3400000, 0x00000000e3400000, 0x00000000e3c00000)
  from space 1024K,  54% used [0x00000000e3d00000, 0x00000000e3d8a3e0, 0x00000000e3e00000)
  to   space 1024K,   0% used [0x00000000e3c00000, 0x00000000e3c00000, 0x00000000e3d00000)
 concurrent mark-sweep generation total 89236K, used 53921K [0x00000000ecca0000, 0x00000000f23c5000, 0x0000000100000000)
 Metaspace       used 70437K, capacity 73874K, committed 73984K, reserved 1114112K
  class space    used 9047K, capacity 9691K, committed 9728K, reserved 1048576K
}
2020-11-07T20:05:12.343+0800: 66.189: Application time: 0.0192600 seconds
{Heap before GC invocations=621 (full 47):
 par new generation   total 9216K, used 8744K [0x00000000e3400000, 0x00000000e3e00000, 0x00000000ecca0000)
  eden space 8192K, 100% used [0x00000000e3400000, 0x00000000e3c00000, 0x00000000e3c00000)
  from space 1024K,  54% used [0x00000000e3d00000, 0x00000000e3d8a3e0, 0x00000000e3e00000)
  to   space 1024K,   0% used [0x00000000e3c00000, 0x00000000e3c00000, 0x00000000e3d00000)
 concurrent mark-sweep generation total 89236K, used 53921K [0x00000000ecca0000, 0x00000000f23c5000, 0x0000000100000000)
 Metaspace       used 70438K, capacity 73874K, committed 73984K, reserved 1114112K
  class space    used 9047K, capacity 9691K, committed 9728K, reserved 1048576K
2020-11-07T20:05:12.343+0800: 66.189: [GC (Allocation Failure) 2020-11-07T20:05:12.344+0800: 66.189: [ParNew: 8744K->539K(9216K), 0.0344363 secs] 62666K->54506K(98452K), 0.0344989 secs] [Times: user=0.03 sys=0.00, real=0.04 secs] 
Heap after GC invocations=622 (full 47):
 par new generation   total 9216K, used 539K [0x00000000e3400000, 0x00000000e3e00000, 0x00000000ecca0000)
  eden space 8192K,   0% used [0x00000000e3400000, 0x00000000e3400000, 0x00000000e3c00000)
  from space 1024K,  52% used [0x00000000e3c00000, 0x00000000e3c86f60, 0x00000000e3d00000)
  to   space 1024K,   0% used [0x00000000e3d00000, 0x00000000e3d00000, 0x00000000e3e00000)
 concurrent mark-sweep generation total 89236K, used 53967K [0x00000000ecca0000, 0x00000000f23c5000, 0x0000000100000000)
 Metaspace       used 70438K, capacity 73874K, committed 73984K, reserved 1114112K
  class space    used 9047K, capacity 9691K, committed 9728K, reserved 1048576K
}
2020-11-07T20:05:12.422+0800: 66.268: Application time: 0.0440474 seconds
{Heap before GC invocations=622 (full 47):
 par new generation   total 9216K, used 8731K [0x00000000e3400000, 0x00000000e3e00000, 0x00000000ecca0000)
  eden space 8192K, 100% used [0x00000000e3400000, 0x00000000e3c00000, 0x00000000e3c00000)
  from space 1024K,  52% used [0x00000000e3c00000, 0x00000000e3c86f60, 0x00000000e3d00000)
  to   space 1024K,   0% used [0x00000000e3d00000, 0x00000000e3d00000, 0x00000000e3e00000)
 concurrent mark-sweep generation total 89236K, used 53967K [0x00000000ecca0000, 0x00000000f23c5000, 0x0000000100000000)
 Metaspace       used 70438K, capacity 73874K, committed 73984K, reserved 1114112K
  class space    used 9047K, capacity 9691K, committed 9728K, reserved 1048576K
2020-11-07T20:05:12.422+0800: 66.268: [GC (Allocation Failure) 2020-11-07T20:05:12.422+0800: 66.268: [ParNew: 8731K->723K(9216K), 0.2417974 secs] 62698K->54717K(98452K), 0.2418604 secs] [Times: user=0.24 sys=0.01, real=0.24 secs] 
Heap after GC invocations=623 (full 47):
 par new generation   total 9216K, used 723K [0x00000000e3400000, 0x00000000e3e00000, 0x00000000ecca0000)
  eden space 8192K,   0% used [0x00000000e3400000, 0x00000000e3400000, 0x00000000e3c00000)
  from space 1024K,  70% used [0x00000000e3d00000, 0x00000000e3db4e88, 0x00000000e3e00000)
  to   space 1024K,   0% used [0x00000000e3c00000, 0x00000000e3c00000, 0x00000000e3d00000)
 concurrent mark-sweep generation total 89236K, used 53993K [0x00000000ecca0000, 0x00000000f23c5000, 0x0000000100000000)
 Metaspace       used 70438K, capacity 73874K, committed 73984K, reserved 1114112K
  class space    used 9047K, capacity 9691K, committed 9728K, reserved 1048576K
}
2020-11-07T20:05:12.692+0800: 66.538: Application time: 0.0277189 seconds
{Heap before GC invocations=623 (full 47):
 par new generation   total 9216K, used 8915K [0x00000000e3400000, 0x00000000e3e00000, 0x00000000ecca0000)
  eden space 8192K, 100% used [0x00000000e3400000, 0x00000000e3c00000, 0x00000000e3c00000)
  from space 1024K,  70% used [0x00000000e3d00000, 0x00000000e3db4e88, 0x00000000e3e00000)
  to   space 1024K,   0% used [0x00000000e3c00000, 0x00000000e3c00000, 0x00000000e3d00000)
 concurrent mark-sweep generation total 89236K, used 53993K [0x00000000ecca0000, 0x00000000f23c5000, 0x0000000100000000)
 Metaspace       used 70441K, capacity 73874K, committed 73984K, reserved 1114112K
  class space    used 9047K, capacity 9691K, committed 9728K, reserved 1048576K
2020-11-07T20:05:12.692+0800: 66.538: [GC (Allocation Failure) 2020-11-07T20:05:12.692+0800: 66.538: [ParNew: 8915K->484K(9216K), 0.0343052 secs] 62909K->54540K(98452K), 0.0343809 secs] [Times: user=0.03 sys=0.00, real=0.04 secs] 
Heap after GC invocations=624 (full 47):
 par new generation   total 9216K, used 484K [0x00000000e3400000, 0x00000000e3e00000, 0x00000000ecca0000)
  eden space 8192K,   0% used [0x00000000e3400000, 0x00000000e3400000, 0x00000000e3c00000)
  from space 1024K,  47% used [0x00000000e3c00000, 0x00000000e3c792e0, 0x00000000e3d00000)
  to   space 1024K,   0% used [0x00000000e3d00000, 0x00000000e3d00000, 0x00000000e3e00000)
 concurrent mark-sweep generation total 89236K, used 54055K [0x00000000ecca0000, 0x00000000f23c5000, 0x0000000100000000)
 Metaspace       used 70441K, capacity 73874K, committed 73984K, reserved 1114112K
  class space    used 9047K, capacity 9691K, committed 9728K, reserved 1048576K
}
2020-11-07T20:05:12.774+0800: 66.619: Application time: 0.0469878 seconds
{Heap before GC invocations=624 (full 47):
 par new generation   total 9216K, used 8676K [0x00000000e3400000, 0x00000000e3e00000, 0x00000000ecca0000)
  eden space 8192K, 100% used [0x00000000e3400000, 0x00000000e3c00000, 0x00000000e3c00000)
  from space 1024K,  47% used [0x00000000e3c00000, 0x00000000e3c792e0, 0x00000000e3d00000)
  to   space 1024K,   0% used [0x00000000e3d00000, 0x00000000e3d00000, 0x00000000e3e00000)
 concurrent mark-sweep generation total 89236K, used 54055K [0x00000000ecca0000, 0x00000000f23c5000, 0x0000000100000000)
 Metaspace       used 70453K, capacity 73978K, committed 73984K, reserved 1114112K
  class space    used 9049K, capacity 9725K, committed 9728K, reserved 1048576K
2020-11-07T20:05:12.774+0800: 66.620: [GC (Allocation Failure) 2020-11-07T20:05:12.774+0800: 66.620: [ParNew: 8676K->525K(9216K), 0.0310332 secs] 62732K->54629K(98452K), 0.0311109 secs] [Times: user=0.03 sys=0.00, real=0.04 secs] 
Heap after GC invocations=625 (full 47):
 par new generation   total 9216K, used 525K [0x00000000e3400000, 0x00000000e3e00000, 0x00000000ecca0000)
  eden space 8192K,   0% used [0x00000000e3400000, 0x00000000e3400000, 0x00000000e3c00000)
  from space 1024K,  51% used [0x00000000e3d00000, 0x00000000e3d83748, 0x00000000e3e00000)
  to   space 1024K,   0% used [0x00000000e3c00000, 0x00000000e3c00000, 0x00000000e3d00000)
 concurrent mark-sweep generation total 89236K, used 54103K [0x00000000ecca0000, 0x00000000f23c5000, 0x0000000100000000)
 Metaspace       used 70453K, capacity 73978K, committed 73984K, reserved 1114112K
  class space    used 9049K, capacity 9725K, committed 9728K, reserved 1048576K
}
2020-11-07T20:05:12.853+0800: 66.699: [CMS-concurrent-mark: 0.320/0.869 secs] [Times: user=0.84 sys=0.01, real=0.87 secs] 
2020-11-07T20:05:12.853+0800: 66.699: [CMS-concurrent-preclean-start]
2020-11-07T20:05:12.855+0800: 66.701: Application time: 0.0497211 seconds
{Heap before GC invocations=625 (full 47):
 par new generation   total 9216K, used 8717K [0x00000000e3400000, 0x00000000e3e00000, 0x00000000ecca0000)
  eden space 8192K, 100% used [0x00000000e3400000, 0x00000000e3c00000, 0x00000000e3c00000)
  from space 1024K,  51% used [0x00000000e3d00000, 0x00000000e3d83748, 0x00000000e3e00000)
  to   space 1024K,   0% used [0x00000000e3c00000, 0x00000000e3c00000, 0x00000000e3d00000)
 concurrent mark-sweep generation total 89236K, used 54103K [0x00000000ecca0000, 0x00000000f23c5000, 0x0000000100000000)
 Metaspace       used 70458K, capacity 73978K, committed 73984K, reserved 1114112K
  class space    used 9050K, capacity 9725K, committed 9728K, reserved 1048576K
2020-11-07T20:05:12.855+0800: 66.701: [GC (Allocation Failure) 2020-11-07T20:05:12.855+0800: 66.701: [ParNew: 8717K->696K(9216K), 0.0227704 secs] 62821K->54844K(98452K), 0.0228660 secs] [Times: user=0.02 sys=0.00, real=0.02 secs] 
Heap after GC invocations=626 (full 47):
 par new generation   total 9216K, used 696K [0x00000000e3400000, 0x00000000e3e00000, 0x00000000ecca0000)
  eden space 8192K,   0% used [0x00000000e3400000, 0x00000000e3400000, 0x00000000e3c00000)
  from space 1024K,  68% used [0x00000000e3c00000, 0x00000000e3cae2a8, 0x00000000e3d00000)
  to   space 1024K,   0% used [0x00000000e3d00000, 0x00000000e3d00000, 0x00000000e3e00000)
 concurrent mark-sweep generation total 89236K, used 54148K [0x00000000ecca0000, 0x00000000f23c5000, 0x0000000100000000)
 Metaspace       used 70458K, capacity 73978K, committed 73984K, reserved 1114112K
  class space    used 9050K, capacity 9725K, committed 9728K, reserved 1048576K
}
2020-11-07T20:05:12.893+0800: 66.739: [CMS-concurrent-preclean: 0.012/0.040 secs] [Times: user=0.04 sys=0.00, real=0.04 secs] 
2020-11-07T20:05:12.893+0800: 66.739: Application time: 0.0151059 seconds
2020-11-07T20:05:12.894+0800: 66.740: [GC (CMS Final Remark) [YG occupancy: 2026 K (9216 K)]2020-11-07T20:05:12.894+0800: 66.740: [Rescan (parallel) , 0.0132107 secs]2020-11-07T20:05:12.907+0800: 66.753: [weak refs processing, 0.0001499 secs]2020-11-07T20:05:12.907+0800: 66.753: [class unloading, 0.0314521 secs]2020-11-07T20:05:12.939+0800: 66.785: [scrub symbol table, 0.0323509 secs]2020-11-07T20:05:12.971+0800: 66.817: [scrub string table, 0.0022629 secs][1 CMS-remark: 54148K(89236K)] 56174K(98452K), 0.0796630 secs] [Times: user=0.08 sys=0.00, real=0.08 secs] 
2020-11-07T20:05:12.980+0800: 66.825: [CMS-concurrent-sweep-start]
2020-11-07T20:05:13.034+0800: 66.879: Application time: 0.0601022 seconds
{Heap before GC invocations=626 (full 47):
 par new generation   total 9216K, used 8888K [0x00000000e3400000, 0x00000000e3e00000, 0x00000000ecca0000)
  eden space 8192K,  99% used [0x00000000e3400000, 0x00000000e3bfffe0, 0x00000000e3c00000)
  from space 1024K,  68% used [0x00000000e3c00000, 0x00000000e3cae2a8, 0x00000000e3d00000)
  to   space 1024K,   0% used [0x00000000e3d00000, 0x00000000e3d00000, 0x00000000e3e00000)
 concurrent mark-sweep generation total 89236K, used 54114K [0x00000000ecca0000, 0x00000000f23c5000, 0x0000000100000000)
 Metaspace       used 70484K, capacity 73984K, committed 74240K, reserved 1114112K
  class space    used 9054K, capacity 9726K, committed 9728K, reserved 1048576K
2020-11-07T20:05:13.034+0800: 66.880: [GC (Allocation Failure) 2020-11-07T20:05:13.034+0800: 66.880: [ParNew: 8888K->716K(9216K), 0.0193611 secs] 63002K->54859K(98452K), 0.0194488 secs] [Times: user=0.02 sys=0.00, real=0.02 secs] 
Heap after GC invocations=627 (full 47):
 par new generation   total 9216K, used 716K [0x00000000e3400000, 0x00000000e3e00000, 0x00000000ecca0000)
  eden space 8192K,   0% used [0x00000000e3400000, 0x00000000e3400000, 0x00000000e3c00000)
  from space 1024K,  69% used [0x00000000e3d00000, 0x00000000e3db3070, 0x00000000e3e00000)
  to   space 1024K,   0% used [0x00000000e3c00000, 0x00000000e3c00000, 0x00000000e3d00000)
 concurrent mark-sweep generation total 89236K, used 54143K [0x00000000ecca0000, 0x00000000f23c5000, 0x0000000100000000)
 Metaspace       used 70484K, capacity 73984K, committed 74240K, reserved 1114112K
  class space    used 9054K, capacity 9726K, committed 9728K, reserved 1048576K
}
2020-11-07T20:05:13.070+0800: 66.916: [CMS-concurrent-sweep: 0.064/0.090 secs] [Times: user=0.08 sys=0.00, real=0.09 secs] 
2020-11-07T20:05:13.070+0800: 66.916: [CMS-concurrent-reset-start]
2020-11-07T20:05:13.071+0800: 66.917: [CMS-concurrent-reset: 0.001/0.001 secs] [Times: user=0.00 sys=0.00, real=0.00 secs] 
2020-11-07T20:05:13.093+0800: 66.939: Application time: 0.0401008 seconds
{Heap before GC invocations=627 (full 47):
 par new generation   total 9216K, used 8908K [0x00000000e3400000, 0x00000000e3e00000, 0x00000000ecca0000)
  eden space 8192K, 100% used [0x00000000e3400000, 0x00000000e3c00000, 0x00000000e3c00000)
  from space 1024K,  69% used [0x00000000e3d00000, 0x00000000e3db3070, 0x00000000e3e00000)
  to   space 1024K,   0% used [0x00000000e3c00000, 0x00000000e3c00000, 0x00000000e3d00000)
 concurrent mark-sweep generation total 90124K, used 54073K [0x00000000ecca0000, 0x00000000f24a3000, 0x0000000100000000)
 Metaspace       used 70490K, capacity 73930K, committed 74240K, reserved 1114112K
  class space    used 9053K, capacity 9717K, committed 9728K, reserved 1048576K
2020-11-07T20:05:13.094+0800: 66.940: [GC (Allocation Failure) 2020-11-07T20:05:13.094+0800: 66.940: [ParNew: 8908K->770K(9216K), 0.0139103 secs] 62981K->54997K(99340K), 0.0139903 secs] [Times: user=0.01 sys=0.00, real=0.02 secs] 
Heap after GC invocations=628 (full 47):
 par new generation   total 9216K, used 770K [0x00000000e3400000, 0x00000000e3e00000, 0x00000000ecca0000)
  eden space 8192K,   0% used [0x00000000e3400000, 0x00000000e3400000, 0x00000000e3c00000)
  from space 1024K,  75% used [0x00000000e3c00000, 0x00000000e3cc08c8, 0x00000000e3d00000)
  to   space 1024K,   0% used [0x00000000e3d00000, 0x00000000e3d00000, 0x00000000e3e00000)
 concurrent mark-sweep generation total 90124K, used 54227K [0x00000000ecca0000, 0x00000000f24a3000, 0x0000000100000000)
 Metaspace       used 70490K, capacity 73930K, committed 74240K, reserved 1114112K
  class space    used 9053K, capacity 9717K, committed 9728K, reserved 1048576K
}
2020-11-07T20:05:13.114+0800: 66.959: Application time: 0.0057861 seconds
2020-11-07T20:05:13.114+0800: 66.960: [GC (CMS Initial Mark) [1 CMS-initial-mark: 54227K(90124K)] 56979K(99340K), 0.0078201 secs] [Times: user=0.00 sys=0.00, real=0.01 secs] 
2020-11-07T20:05:13.122+0800: 66.967: [CMS-concurrent-mark-start]
2020-11-07T20:05:13.157+0800: 67.002: Application time: 0.0350509 seconds
{Heap before GC invocations=628 (full 48):
 par new generation   total 9216K, used 8962K [0x00000000e3400000, 0x00000000e3e00000, 0x00000000ecca0000)
  eden space 8192K, 100% used [0x00000000e3400000, 0x00000000e3c00000, 0x00000000e3c00000)
  from space 1024K,  75% used [0x00000000e3c00000, 0x00000000e3cc08c8, 0x00000000e3d00000)
  to   space 1024K,   0% used [0x00000000e3d00000, 0x00000000e3d00000, 0x00000000e3e00000)
 concurrent mark-sweep generation total 90124K, used 54227K [0x00000000ecca0000, 0x00000000f24a3000, 0x0000000100000000)
 Metaspace       used 70490K, capacity 73930K, committed 74240K, reserved 1114112K
  class space    used 9053K, capacity 9717K, committed 9728K, reserved 1048576K
2020-11-07T20:05:13.157+0800: 67.003: [GC (Allocation Failure) 2020-11-07T20:05:13.157+0800: 67.003: [ParNew: 8962K->817K(9216K), 0.0229651 secs] 63189K->55118K(99340K), 0.0230643 secs] [Times: user=0.02 sys=0.00, real=0.02 secs] 
Heap after GC invocations=629 (full 48):
 par new generation   total 9216K, used 817K [0x00000000e3400000, 0x00000000e3e00000, 0x00000000ecca0000)
  eden space 8192K,   0% used [0x00000000e3400000, 0x00000000e3400000, 0x00000000e3c00000)
  from space 1024K,  79% used [0x00000000e3d00000, 0x00000000e3dcc568, 0x00000000e3e00000)
  to   space 1024K,   0% used [0x00000000e3c00000, 0x00000000e3c00000, 0x00000000e3d00000)
 concurrent mark-sweep generation total 90124K, used 54301K [0x00000000ecca0000, 0x00000000f24a3000, 0x0000000100000000)
 Metaspace       used 70490K, capacity 73930K, committed 74240K, reserved 1114112K
  class space    used 9053K, capacity 9717K, committed 9728K, reserved 1048576K
}
2020-11-07T20:05:13.217+0800: 67.063: Application time: 0.0373301 seconds
{Heap before GC invocations=629 (full 48):
 par new generation   total 9216K, used 9009K [0x00000000e3400000, 0x00000000e3e00000, 0x00000000ecca0000)
  eden space 8192K, 100% used [0x00000000e3400000, 0x00000000e3c00000, 0x00000000e3c00000)
  from space 1024K,  79% used [0x00000000e3d00000, 0x00000000e3dcc568, 0x00000000e3e00000)
  to   space 1024K,   0% used [0x00000000e3c00000, 0x00000000e3c00000, 0x00000000e3d00000)
 concurrent mark-sweep generation total 90124K, used 54301K [0x00000000ecca0000, 0x00000000f24a3000, 0x0000000100000000)
 Metaspace       used 70492K, capacity 73930K, committed 74240K, reserved 1114112K
  class space    used 9053K, capacity 9717K, committed 9728K, reserved 1048576K
2020-11-07T20:05:13.218+0800: 67.063: [GC (Allocation Failure) 2020-11-07T20:05:13.218+0800: 67.063: [ParNew: 9009K->534K(9216K), 0.0283122 secs] 63310K->55144K(99340K), 0.0283751 secs] [Times: user=0.02 sys=0.01, real=0.03 secs] 
Heap after GC invocations=630 (full 48):
 par new generation   total 9216K, used 534K [0x00000000e3400000, 0x00000000e3e00000, 0x00000000ecca0000)
  eden space 8192K,   0% used [0x00000000e3400000, 0x00000000e3400000, 0x00000000e3c00000)
  from space 1024K,  52% used [0x00000000e3c00000, 0x00000000e3c85b78, 0x00000000e3d00000)
  to   space 1024K,   0% used [0x00000000e3d00000, 0x00000000e3d00000, 0x00000000e3e00000)
 concurrent mark-sweep generation total 90124K, used 54609K [0x00000000ecca0000, 0x00000000f24a3000, 0x0000000100000000)
 Metaspace       used 70492K, capacity 73930K, committed 74240K, reserved 1114112K
  class space    used 9053K, capacity 9717K, committed 9728K, reserved 1048576K
}
2020-11-07T20:05:13.301+0800: 67.147: Application time: 0.0551670 seconds
{Heap before GC invocations=630 (full 48):
 par new generation   total 9216K, used 8726K [0x00000000e3400000, 0x00000000e3e00000, 0x00000000ecca0000)
  eden space 8192K, 100% used [0x00000000e3400000, 0x00000000e3c00000, 0x00000000e3c00000)
  from space 1024K,  52% used [0x00000000e3c00000, 0x00000000e3c85b78, 0x00000000e3d00000)
  to   space 1024K,   0% used [0x00000000e3d00000, 0x00000000e3d00000, 0x00000000e3e00000)
 concurrent mark-sweep generation total 90124K, used 54609K [0x00000000ecca0000, 0x00000000f24a3000, 0x0000000100000000)
 Metaspace       used 70496K, capacity 73936K, committed 74240K, reserved 1114112K
  class space    used 9054K, capacity 9718K, committed 9728K, reserved 1048576K
2020-11-07T20:05:13.301+0800: 67.147: [GC (Allocation Failure) 2020-11-07T20:05:13.301+0800: 67.147: [ParNew: 8726K->513K(9216K), 0.0433438 secs] 63336K->55123K(99340K), 0.0434256 secs] [Times: user=0.04 sys=0.00, real=0.05 secs] 
Heap after GC invocations=631 (full 48):
 par new generation   total 9216K, used 513K [0x00000000e3400000, 0x00000000e3e00000, 0x00000000ecca0000)
  eden space 8192K,   0% used [0x00000000e3400000, 0x00000000e3400000, 0x00000000e3c00000)
  from space 1024K,  50% used [0x00000000e3d00000, 0x00000000e3d80678, 0x00000000e3e00000)
  to   space 1024K,   0% used [0x00000000e3c00000, 0x00000000e3c00000, 0x00000000e3d00000)
 concurrent mark-sweep generation total 90124K, used 54609K [0x00000000ecca0000, 0x00000000f24a3000, 0x0000000100000000)
 Metaspace       used 70496K, capacity 73936K, committed 74240K, reserved 1114112K
  class space    used 9054K, capacity 9718K, committed 9728K, reserved 1048576K
}
2020-11-07T20:05:13.414+0800: 67.260: Application time: 0.0688080 seconds
{Heap before GC invocations=631 (full 48):
 par new generation   total 9216K, used 8705K [0x00000000e3400000, 0x00000000e3e00000, 0x00000000ecca0000)
  eden space 8192K, 100% used [0x00000000e3400000, 0x00000000e3c00000, 0x00000000e3c00000)
  from space 1024K,  50% used [0x00000000e3d00000, 0x00000000e3d80678, 0x00000000e3e00000)
  to   space 1024K,   0% used [0x00000000e3c00000, 0x00000000e3c00000, 0x00000000e3d00000)
 concurrent mark-sweep generation total 90124K, used 54609K [0x00000000ecca0000, 0x00000000f24a3000, 0x0000000100000000)
 Metaspace       used 70520K, capacity 74000K, committed 74240K, reserved 1114112K
  class space    used 9057K, capacity 9718K, committed 9728K, reserved 1048576K
2020-11-07T20:05:13.414+0800: 67.260: [GC (Allocation Failure) 2020-11-07T20:05:13.414+0800: 67.260: [ParNew: 8705K->646K(9216K), 0.0367842 secs] 63315K->55255K(99340K), 0.0368465 secs] [Times: user=0.04 sys=0.00, real=0.04 secs] 
Heap after GC invocations=632 (full 48):
 par new generation   total 9216K, used 646K [0x00000000e3400000, 0x00000000e3e00000, 0x00000000ecca0000)
  eden space 8192K,   0% used [0x00000000e3400000, 0x00000000e3400000, 0x00000000e3c00000)
  from space 1024K,  63% used [0x00000000e3c00000, 0x00000000e3ca1a60, 0x00000000e3d00000)
  to   space 1024K,   0% used [0x00000000e3d00000, 0x00000000e3d00000, 0x00000000e3e00000)
 concurrent mark-sweep generation total 90124K, used 54609K [0x00000000ecca0000, 0x00000000f24a3000, 0x0000000100000000)
 Metaspace       used 70520K, capacity 74000K, committed 74240K, reserved 1114112K
  class space    used 9057K, capacity 9718K, committed 9728K, reserved 1048576K
}
2020-11-07T20:05:13.467+0800: 67.312: Application time: 0.0156655 seconds
{Heap before GC invocations=632 (full 48):
 par new generation   total 9216K, used 8838K [0x00000000e3400000, 0x00000000e3e00000, 0x00000000ecca0000)
  eden space 8192K, 100% used [0x00000000e3400000, 0x00000000e3c00000, 0x00000000e3c00000)
  from space 1024K,  63% used [0x00000000e3c00000, 0x00000000e3ca1a60, 0x00000000e3d00000)
  to   space 1024K,   0% used [0x00000000e3d00000, 0x00000000e3d00000, 0x00000000e3e00000)
 concurrent mark-sweep generation total 90124K, used 54609K [0x00000000ecca0000, 0x00000000f24a3000, 0x0000000100000000)
 Metaspace       used 70520K, capacity 74000K, committed 74240K, reserved 1114112K
  class space    used 9057K, capacity 9718K, committed 9728K, reserved 1048576K
2020-11-07T20:05:13.467+0800: 67.313: [GC (Allocation Failure) 2020-11-07T20:05:13.467+0800: 67.313: [ParNew: 8838K->406K(9216K), 0.0133257 secs] 63447K->55294K(99340K), 0.0133941 secs] [Times: user=0.01 sys=0.00, real=0.01 secs] 
Heap after GC invocations=633 (full 48):
 par new generation   total 9216K, used 406K [0x00000000e3400000, 0x00000000e3e00000, 0x00000000ecca0000)
  eden space 8192K,   0% used [0x00000000e3400000, 0x00000000e3400000, 0x00000000e3c00000)
  from space 1024K,  39% used [0x00000000e3d00000, 0x00000000e3d65ae0, 0x00000000e3e00000)
  to   space 1024K,   0% used [0x00000000e3c00000, 0x00000000e3c00000, 0x00000000e3d00000)
 concurrent mark-sweep generation total 90124K, used 54887K [0x00000000ecca0000, 0x00000000f24a3000, 0x0000000100000000)
 Metaspace       used 70520K, capacity 74000K, committed 74240K, reserved 1114112K
  class space    used 9057K, capacity 9718K, committed 9728K, reserved 1048576K
}
2020-11-07T20:05:13.544+0800: 67.390: Application time: 0.0641778 seconds
{Heap before GC invocations=633 (full 48):
 par new generation   total 9216K, used 8598K [0x00000000e3400000, 0x00000000e3e00000, 0x00000000ecca0000)
  eden space 8192K, 100% used [0x00000000e3400000, 0x00000000e3c00000, 0x00000000e3c00000)
  from space 1024K,  39% used [0x00000000e3d00000, 0x00000000e3d65ae0, 0x00000000e3e00000)
  to   space 1024K,   0% used [0x00000000e3c00000, 0x00000000e3c00000, 0x00000000e3d00000)
 concurrent mark-sweep generation total 90124K, used 54887K [0x00000000ecca0000, 0x00000000f24a3000, 0x0000000100000000)
 Metaspace       used 70542K, capacity 74014K, committed 74240K, reserved 1114112K
  class space    used 9061K, capacity 9721K, committed 9728K, reserved 1048576K
2020-11-07T20:05:13.545+0800: 67.390: [GC (Allocation Failure) 2020-11-07T20:05:13.545+0800: 67.390: [ParNew: 8598K->428K(9216K), 0.0411609 secs] 63486K->55316K(99340K), 0.0412248 secs] [Times: user=0.04 sys=0.00, real=0.04 secs] 
Heap after GC invocations=634 (full 48):
 par new generation   total 9216K, used 428K [0x00000000e3400000, 0x00000000e3e00000, 0x00000000ecca0000)
  eden space 8192K,   0% used [0x00000000e3400000, 0x00000000e3400000, 0x00000000e3c00000)
  from space 1024K,  41% used [0x00000000e3c00000, 0x00000000e3c6b2a0, 0x00000000e3d00000)
  to   space 1024K,   0% used [0x00000000e3d00000, 0x00000000e3d00000, 0x00000000e3e00000)
 concurrent mark-sweep generation total 90124K, used 54887K [0x00000000ecca0000, 0x00000000f24a3000, 0x0000000100000000)
 Metaspace       used 70542K, capacity 74014K, committed 74240K, reserved 1114112K
  class space    used 9061K, capacity 9721K, committed 9728K, reserved 1048576K
}
2020-11-07T20:05:13.613+0800: 67.459: Application time: 0.0271185 seconds
{Heap before GC invocations=634 (full 48):
 par new generation   total 9216K, used 8620K [0x00000000e3400000, 0x00000000e3e00000, 0x00000000ecca0000)
  eden space 8192K, 100% used [0x00000000e3400000, 0x00000000e3c00000, 0x00000000e3c00000)
  from space 1024K,  41% used [0x00000000e3c00000, 0x00000000e3c6b2a0, 0x00000000e3d00000)
  to   space 1024K,   0% used [0x00000000e3d00000, 0x00000000e3d00000, 0x00000000e3e00000)
 concurrent mark-sweep generation total 90124K, used 54887K [0x00000000ecca0000, 0x00000000f24a3000, 0x0000000100000000)
 Metaspace       used 70542K, capacity 74014K, committed 74240K, reserved 1114112K
  class space    used 9061K, capacity 9721K, committed 9728K, reserved 1048576K
2020-11-07T20:05:13.613+0800: 67.459: [GC (Allocation Failure) 2020-11-07T20:05:13.613+0800: 67.459: [ParNew: 8620K->457K(9216K), 0.0415588 secs] 63508K->55344K(99340K), 0.0416271 secs] [Times: user=0.04 sys=0.00, real=0.05 secs] 
Heap after GC invocations=635 (full 48):
 par new generation   total 9216K, used 457K [0x00000000e3400000, 0x00000000e3e00000, 0x00000000ecca0000)
  eden space 8192K,   0% used [0x00000000e3400000, 0x00000000e3400000, 0x00000000e3c00000)
  from space 1024K,  44% used [0x00000000e3d00000, 0x00000000e3d72480, 0x00000000e3e00000)
  to   space 1024K,   0% used [0x00000000e3c00000, 0x00000000e3c00000, 0x00000000e3d00000)
 concurrent mark-sweep generation total 90124K, used 54887K [0x00000000ecca0000, 0x00000000f24a3000, 0x0000000100000000)
 Metaspace       used 70542K, capacity 74014K, committed 74240K, reserved 1114112K
  class space    used 9061K, capacity 9721K, committed 9728K, reserved 1048576K
}
2020-11-07T20:05:13.681+0800: 67.527: [CMS-concurrent-mark: 0.321/0.559 secs] [Times: user=0.55 sys=0.01, real=0.56 secs] 
2020-11-07T20:05:13.681+0800: 67.527: [CMS-concurrent-preclean-start]
2020-11-07T20:05:13.686+0800: 67.531: [CMS-concurrent-preclean: 0.004/0.004 secs] [Times: user=0.00 sys=0.00, real=0.01 secs] 
2020-11-07T20:05:13.686+0800: 67.532: [CMS-concurrent-abortable-preclean-start]
2020-11-07T20:05:13.706+0800: 67.552: Application time: 0.0508143 seconds
{Heap before GC invocations=635 (full 48):
 par new generation   total 9216K, used 8649K [0x00000000e3400000, 0x00000000e3e00000, 0x00000000ecca0000)
  eden space 8192K, 100% used [0x00000000e3400000, 0x00000000e3c00000, 0x00000000e3c00000)
  from space 1024K,  44% used [0x00000000e3d00000, 0x00000000e3d72480, 0x00000000e3e00000)
  to   space 1024K,   0% used [0x00000000e3c00000, 0x00000000e3c00000, 0x00000000e3d00000)
 concurrent mark-sweep generation total 90124K, used 54887K [0x00000000ecca0000, 0x00000000f24a3000, 0x0000000100000000)
 Metaspace       used 70556K, capacity 74022K, committed 74240K, reserved 1114112K
  class space    used 9064K, capacity 9723K, committed 9728K, reserved 1048576K
2020-11-07T20:05:13.706+0800: 67.552: [GC (Allocation Failure) 2020-11-07T20:05:13.706+0800: 67.552: [ParNew: 8649K->513K(9216K), 0.0391012 secs] 63536K->55400K(99340K), 0.0391927 secs] [Times: user=0.04 sys=0.00, real=0.04 secs] 
Heap after GC invocations=636 (full 48):
 par new generation   total 9216K, used 513K [0x00000000e3400000, 0x00000000e3e00000, 0x00000000ecca0000)
  eden space 8192K,   0% used [0x00000000e3400000, 0x00000000e3400000, 0x00000000e3c00000)
  from space 1024K,  50% used [0x00000000e3c00000, 0x00000000e3c80460, 0x00000000e3d00000)
  to   space 1024K,   0% used [0x00000000e3d00000, 0x00000000e3d00000, 0x00000000e3e00000)
 concurrent mark-sweep generation total 90124K, used 54887K [0x00000000ecca0000, 0x00000000f24a3000, 0x0000000100000000)
 Metaspace       used 70556K, capacity 74022K, committed 74240K, reserved 1114112K
  class space    used 9064K, capacity 9723K, committed 9728K, reserved 1048576K
}
2020-11-07T20:05:13.769+0800: 67.615: Application time: 0.0239803 seconds
{Heap before GC invocations=636 (full 48):
 par new generation   total 9216K, used 8705K [0x00000000e3400000, 0x00000000e3e00000, 0x00000000ecca0000)
  eden space 8192K, 100% used [0x00000000e3400000, 0x00000000e3c00000, 0x00000000e3c00000)
  from space 1024K,  50% used [0x00000000e3c00000, 0x00000000e3c80460, 0x00000000e3d00000)
  to   space 1024K,   0% used [0x00000000e3d00000, 0x00000000e3d00000, 0x00000000e3e00000)
 concurrent mark-sweep generation total 90124K, used 54887K [0x00000000ecca0000, 0x00000000f24a3000, 0x0000000100000000)
 Metaspace       used 70556K, capacity 74022K, committed 74240K, reserved 1114112K
  class space    used 9064K, capacity 9723K, committed 9728K, reserved 1048576K
2020-11-07T20:05:13.769+0800: 67.615: [GC (Allocation Failure) 2020-11-07T20:05:13.769+0800: 67.615: [ParNew: 8705K->483K(9216K), 0.0254226 secs] 63592K->55370K(99340K), 0.0254919 secs] [Times: user=0.03 sys=0.00, real=0.03 secs] 
Heap after GC invocations=637 (full 48):
 par new generation   total 9216K, used 483K [0x00000000e3400000, 0x00000000e3e00000, 0x00000000ecca0000)
  eden space 8192K,   0% used [0x00000000e3400000, 0x00000000e3400000, 0x00000000e3c00000)
  from space 1024K,  47% used [0x00000000e3d00000, 0x00000000e3d78de8, 0x00000000e3e00000)
  to   space 1024K,   0% used [0x00000000e3c00000, 0x00000000e3c00000, 0x00000000e3d00000)
 concurrent mark-sweep generation total 90124K, used 54887K [0x00000000ecca0000, 0x00000000f24a3000, 0x0000000100000000)
 Metaspace       used 70556K, capacity 74022K, committed 74240K, reserved 1114112K
  class space    used 9064K, capacity 9723K, committed 9728K, reserved 1048576K
}
2020-11-07T20:05:13.824+0800: 67.669: Application time: 0.0287314 seconds
{Heap before GC invocations=637 (full 48):
 par new generation   total 9216K, used 8675K [0x00000000e3400000, 0x00000000e3e00000, 0x00000000ecca0000)
  eden space 8192K, 100% used [0x00000000e3400000, 0x00000000e3c00000, 0x00000000e3c00000)
  from space 1024K,  47% used [0x00000000e3d00000, 0x00000000e3d78de8, 0x00000000e3e00000)
  to   space 1024K,   0% used [0x00000000e3c00000, 0x00000000e3c00000, 0x00000000e3d00000)
 concurrent mark-sweep generation total 90124K, used 54887K [0x00000000ecca0000, 0x00000000f24a3000, 0x0000000100000000)
 Metaspace       used 70558K, capacity 74022K, committed 74240K, reserved 1114112K
  class space    used 9065K, capacity 9723K, committed 9728K, reserved 1048576K
2020-11-07T20:05:13.824+0800: 67.670: [GC (Allocation Failure) 2020-11-07T20:05:13.824+0800: 67.670: [ParNew: 8675K->618K(9216K), 0.0446175 secs] 63562K->55506K(99340K), 0.0446940 secs] [Times: user=0.04 sys=0.00, real=0.05 secs] 
Heap after GC invocations=638 (full 48):
 par new generation   total 9216K, used 618K [0x00000000e3400000, 0x00000000e3e00000, 0x00000000ecca0000)
  eden space 8192K,   0% used [0x00000000e3400000, 0x00000000e3400000, 0x00000000e3c00000)
  from space 1024K,  60% used [0x00000000e3c00000, 0x00000000e3c9abc8, 0x00000000e3d00000)
  to   space 1024K,   0% used [0x00000000e3d00000, 0x00000000e3d00000, 0x00000000e3e00000)
 concurrent mark-sweep generation total 90124K, used 54887K [0x00000000ecca0000, 0x00000000f24a3000, 0x0000000100000000)
 Metaspace       used 70558K, capacity 74022K, committed 74240K, reserved 1114112K
  class space    used 9065K, capacity 9723K, committed 9728K, reserved 1048576K
}
2020-11-07T20:05:13.905+0800: 67.751: Application time: 0.0362434 seconds
{Heap before GC invocations=638 (full 48):
 par new generation   total 9216K, used 8810K [0x00000000e3400000, 0x00000000e3e00000, 0x00000000ecca0000)
  eden space 8192K, 100% used [0x00000000e3400000, 0x00000000e3c00000, 0x00000000e3c00000)
  from space 1024K,  60% used [0x00000000e3c00000, 0x00000000e3c9abc8, 0x00000000e3d00000)
  to   space 1024K,   0% used [0x00000000e3d00000, 0x00000000e3d00000, 0x00000000e3e00000)
 concurrent mark-sweep generation total 90124K, used 54887K [0x00000000ecca0000, 0x00000000f24a3000, 0x0000000100000000)
 Metaspace       used 70568K, capacity 74022K, committed 74240K, reserved 1114112K
  class space    used 9066K, capacity 9723K, committed 9728K, reserved 1048576K
2020-11-07T20:05:13.905+0800: 67.751: [GC (Allocation Failure) 2020-11-07T20:05:13.905+0800: 67.751: [ParNew: 8810K->538K(9216K), 0.0308232 secs] 63698K->55458K(99340K), 0.0308847 secs] [Times: user=0.03 sys=0.00, real=0.03 secs] 
Heap after GC invocations=639 (full 48):
 par new generation   total 9216K, used 538K [0x00000000e3400000, 0x00000000e3e00000, 0x00000000ecca0000)
  eden space 8192K,   0% used [0x00000000e3400000, 0x00000000e3400000, 0x00000000e3c00000)
  from space 1024K,  52% used [0x00000000e3d00000, 0x00000000e3d86830, 0x00000000e3e00000)
  to   space 1024K,   0% used [0x00000000e3c00000, 0x00000000e3c00000, 0x00000000e3d00000)
 concurrent mark-sweep generation total 90124K, used 54920K [0x00000000ecca0000, 0x00000000f24a3000, 0x0000000100000000)
 Metaspace       used 70568K, capacity 74022K, committed 74240K, reserved 1114112K
  class space    used 9066K, capacity 9723K, committed 9728K, reserved 1048576K
}
2020-11-07T20:05:13.937+0800: 67.782: [CMS-concurrent-abortable-preclean: 0.078/0.251 secs] [Times: user=0.25 sys=0.00, real=0.25 secs] 
2020-11-07T20:05:13.943+0800: 67.789: Application time: 0.0067144 seconds
2020-11-07T20:05:13.943+0800: 67.789: [GC (CMS Final Remark) [YG occupancy: 3830 K (9216 K)]2020-11-07T20:05:13.943+0800: 67.789: [Rescan (parallel) , 0.0090615 secs]2020-11-07T20:05:13.952+0800: 67.798: [weak refs processing, 0.0003924 secs]2020-11-07T20:05:13.952+0800: 67.798: [class unloading, 0.0392625 secs]2020-11-07T20:05:13.992+0800: 67.838: [scrub symbol table, 0.0529096 secs]2020-11-07T20:05:14.045+0800: 67.890: [scrub string table, 0.0067225 secs][1 CMS-remark: 54920K(90124K)] 58751K(99340K), 0.1086033 secs] [Times: user=0.11 sys=0.00, real=0.11 secs] 
2020-11-07T20:05:14.059+0800: 67.904: [CMS-concurrent-sweep-start]
2020-11-07T20:05:14.075+0800: 67.920: Application time: 0.0231132 seconds
{Heap before GC invocations=639 (full 48):
 par new generation   total 9216K, used 8730K [0x00000000e3400000, 0x00000000e3e00000, 0x00000000ecca0000)
  eden space 8192K, 100% used [0x00000000e3400000, 0x00000000e3c00000, 0x00000000e3c00000)
  from space 1024K,  52% used [0x00000000e3d00000, 0x00000000e3d86830, 0x00000000e3e00000)
  to   space 1024K,   0% used [0x00000000e3c00000, 0x00000000e3c00000, 0x00000000e3d00000)
 concurrent mark-sweep generation total 90124K, used 54918K [0x00000000ecca0000, 0x00000000f24a3000, 0x0000000100000000)
 Metaspace       used 70573K, capacity 74022K, committed 74240K, reserved 1114112K
  class space    used 9067K, capacity 9723K, committed 9728K, reserved 1048576K
2020-11-07T20:05:14.075+0800: 67.921: [GC (Allocation Failure) 2020-11-07T20:05:14.075+0800: 67.921: [ParNew: 8730K->567K(9216K), 0.0330108 secs] 63648K->55558K(99340K), 0.0331036 secs] [Times: user=0.03 sys=0.00, real=0.03 secs] 
Heap after GC invocations=640 (full 48):
 par new generation   total 9216K, used 567K [0x00000000e3400000, 0x00000000e3e00000, 0x00000000ecca0000)
  eden space 8192K,   0% used [0x00000000e3400000, 0x00000000e3400000, 0x00000000e3c00000)
  from space 1024K,  55% used [0x00000000e3c00000, 0x00000000e3c8dc28, 0x00000000e3d00000)
  to   space 1024K,   0% used [0x00000000e3d00000, 0x00000000e3d00000, 0x00000000e3e00000)
 concurrent mark-sweep generation total 90124K, used 54991K [0x00000000ecca0000, 0x00000000f24a3000, 0x0000000100000000)
 Metaspace       used 70573K, capacity 74022K, committed 74240K, reserved 1114112K
  class space    used 9067K, capacity 9723K, committed 9728K, reserved 1048576K
}
2020-11-07T20:05:14.148+0800: 67.993: Application time: 0.0396353 seconds
{Heap before GC invocations=640 (full 48):
 par new generation   total 9216K, used 8759K [0x00000000e3400000, 0x00000000e3e00000, 0x00000000ecca0000)
  eden space 8192K, 100% used [0x00000000e3400000, 0x00000000e3c00000, 0x00000000e3c00000)
  from space 1024K,  55% used [0x00000000e3c00000, 0x00000000e3c8dc28, 0x00000000e3d00000)
  to   space 1024K,   0% used [0x00000000e3d00000, 0x00000000e3d00000, 0x00000000e3e00000)
 concurrent mark-sweep generation total 90124K, used 54905K [0x00000000ecca0000, 0x00000000f24a3000, 0x0000000100000000)
 Metaspace       used 70578K, capacity 74022K, committed 74240K, reserved 1114112K
  class space    used 9068K, capacity 9723K, committed 9728K, reserved 1048576K
2020-11-07T20:05:14.148+0800: 67.994: [GC (Allocation Failure) 2020-11-07T20:05:14.148+0800: 67.994: [ParNew: 8759K->549K(9216K), 0.0291927 secs] 63664K->55535K(99340K), 0.0292545 secs] [Times: user=0.02 sys=0.00, real=0.03 secs] 
Heap after GC invocations=641 (full 48):
 par new generation   total 9216K, used 549K [0x00000000e3400000, 0x00000000e3e00000, 0x00000000ecca0000)
  eden space 8192K,   0% used [0x00000000e3400000, 0x00000000e3400000, 0x00000000e3c00000)
  from space 1024K,  53% used [0x00000000e3d00000, 0x00000000e3d897c0, 0x00000000e3e00000)
  to   space 1024K,   0% used [0x00000000e3c00000, 0x00000000e3c00000, 0x00000000e3d00000)
 concurrent mark-sweep generation total 90124K, used 54985K [0x00000000ecca0000, 0x00000000f24a3000, 0x0000000100000000)
 Metaspace       used 70578K, capacity 74022K, committed 74240K, reserved 1114112K
  class space    used 9068K, capacity 9723K, committed 9728K, reserved 1048576K
}
2020-11-07T20:05:14.182+0800: 68.028: [CMS-concurrent-sweep: 0.057/0.124 secs] [Times: user=0.12 sys=0.00, real=0.12 secs] 
2020-11-07T20:05:14.183+0800: 68.028: [CMS-concurrent-reset-start]
2020-11-07T20:05:14.184+0800: 68.029: [CMS-concurrent-reset: 0.001/0.001 secs] [Times: user=0.00 sys=0.00, real=0.00 secs] 
2020-11-07T20:05:14.191+0800: 68.037: Application time: 0.0137927 seconds
{Heap before GC invocations=641 (full 48):
 par new generation   total 9216K, used 8741K [0x00000000e3400000, 0x00000000e3e00000, 0x00000000ecca0000)
  eden space 8192K, 100% used [0x00000000e3400000, 0x00000000e3c00000, 0x00000000e3c00000)
  from space 1024K,  53% used [0x00000000e3d00000, 0x00000000e3d897c0, 0x00000000e3e00000)
  to   space 1024K,   0% used [0x00000000e3c00000, 0x00000000e3c00000, 0x00000000e3d00000)
 concurrent mark-sweep generation total 91616K, used 54967K [0x00000000ecca0000, 0x00000000f2618000, 0x0000000100000000)
 Metaspace       used 70569K, capacity 74004K, committed 74240K, reserved 1114112K
  class space    used 9067K, capacity 9720K, committed 9728K, reserved 1048576K
2020-11-07T20:05:14.191+0800: 68.037: [GC (Allocation Failure) 2020-11-07T20:05:14.191+0800: 68.037: [ParNew: 8741K->496K(9216K), 0.0218114 secs] 63709K->55476K(100832K), 0.0219114 secs] [Times: user=0.02 sys=0.00, real=0.02 secs] 
Heap after GC invocations=642 (full 48):
 par new generation   total 9216K, used 496K [0x00000000e3400000, 0x00000000e3e00000, 0x00000000ecca0000)
  eden space 8192K,   0% used [0x00000000e3400000, 0x00000000e3400000, 0x00000000e3c00000)
  from space 1024K,  48% used [0x00000000e3c00000, 0x00000000e3c7c1c8, 0x00000000e3d00000)
  to   space 1024K,   0% used [0x00000000e3d00000, 0x00000000e3d00000, 0x00000000e3e00000)
 concurrent mark-sweep generation total 91616K, used 54979K [0x00000000ecca0000, 0x00000000f2618000, 0x0000000100000000)
 Metaspace       used 70569K, capacity 74004K, committed 74240K, reserved 1114112K
  class space    used 9067K, capacity 9720K, committed 9728K, reserved 1048576K
}
2020-11-07T20:05:14.218+0800: 68.064: Application time: 0.0049807 seconds
2020-11-07T20:05:14.218+0800: 68.064: [GC (CMS Initial Mark) [1 CMS-initial-mark: 54979K(91616K)] 57785K(100832K), 0.0060120 secs] [Times: user=0.01 sys=0.00, real=0.00 secs] 
2020-11-07T20:05:14.224+0800: 68.070: [CMS-concurrent-mark-start]
2020-11-07T20:05:14.374+0800: 68.220: Application time: 0.1496171 seconds
{Heap before GC invocations=642 (full 49):
 par new generation   total 9216K, used 8688K [0x00000000e3400000, 0x00000000e3e00000, 0x00000000ecca0000)
  eden space 8192K, 100% used [0x00000000e3400000, 0x00000000e3c00000, 0x00000000e3c00000)
  from space 1024K,  48% used [0x00000000e3c00000, 0x00000000e3c7c1c8, 0x00000000e3d00000)
  to   space 1024K,   0% used [0x00000000e3d00000, 0x00000000e3d00000, 0x00000000e3e00000)
 concurrent mark-sweep generation total 91616K, used 54979K [0x00000000ecca0000, 0x00000000f2618000, 0x0000000100000000)
 Metaspace       used 70646K, capacity 74082K, committed 74240K, reserved 1114112K
  class space    used 9074K, capacity 9723K, committed 9728K, reserved 1048576K
2020-11-07T20:05:14.374+0800: 68.220: [GC (Allocation Failure) 2020-11-07T20:05:14.374+0800: 68.220: [ParNew: 8688K->1024K(9216K), 0.0463467 secs] 63668K->56137K(100832K), 0.0464276 secs] [Times: user=0.02 sys=0.00, real=0.05 secs] 
Heap after GC invocations=643 (full 49):
 par new generation   total 9216K, used 1024K [0x00000000e3400000, 0x00000000e3e00000, 0x00000000ecca0000)
  eden space 8192K,   0% used [0x00000000e3400000, 0x00000000e3400000, 0x00000000e3c00000)
  from space 1024K, 100% used [0x00000000e3d00000, 0x00000000e3e00000, 0x00000000e3e00000)
  to   space 1024K,   0% used [0x00000000e3c00000, 0x00000000e3c00000, 0x00000000e3d00000)
 concurrent mark-sweep generation total 91616K, used 55113K [0x00000000ecca0000, 0x00000000f2618000, 0x0000000100000000)
 Metaspace       used 70646K, capacity 74082K, committed 74240K, reserved 1114112K
  class space    used 9074K, capacity 9723K, committed 9728K, reserved 1048576K
}
2020-11-07T20:05:14.997+0800: 68.843: Application time: 0.5759486 seconds
{Heap before GC invocations=643 (full 49):
 par new generation   total 9216K, used 9216K [0x00000000e3400000, 0x00000000e3e00000, 0x00000000ecca0000)
  eden space 8192K, 100% used [0x00000000e3400000, 0x00000000e3c00000, 0x00000000e3c00000)
  from space 1024K, 100% used [0x00000000e3d00000, 0x00000000e3e00000, 0x00000000e3e00000)
  to   space 1024K,   0% used [0x00000000e3c00000, 0x00000000e3c00000, 0x00000000e3d00000)
 concurrent mark-sweep generation total 91616K, used 55113K [0x00000000ecca0000, 0x00000000f2618000, 0x0000000100000000)
 Metaspace       used 70694K, capacity 74150K, committed 74368K, reserved 1114112K
  class space    used 9079K, capacity 9733K, committed 9856K, reserved 1048576K
2020-11-07T20:05:14.997+0800: 68.843: [GC (Allocation Failure) 2020-11-07T20:05:14.997+0800: 68.843: [ParNew: 9216K->1024K(9216K), 0.0924791 secs] 64329K->58372K(100832K), 0.0925596 secs] [Times: user=0.03 sys=0.01, real=0.09 secs] 
Heap after GC invocations=644 (full 49):
 par new generation   total 9216K, used 1024K [0x00000000e3400000, 0x00000000e3e00000, 0x00000000ecca0000)
  eden space 8192K,   0% used [0x00000000e3400000, 0x00000000e3400000, 0x00000000e3c00000)
  from space 1024K, 100% used [0x00000000e3c00000, 0x00000000e3d00000, 0x00000000e3d00000)
  to   space 1024K,   0% used [0x00000000e3d00000, 0x00000000e3d00000, 0x00000000e3e00000)
 concurrent mark-sweep generation total 91616K, used 57348K [0x00000000ecca0000, 0x00000000f2618000, 0x0000000100000000)
 Metaspace       used 70694K, capacity 74150K, committed 74368K, reserved 1114112K
  class space    used 9079K, capacity 9733K, committed 9856K, reserved 1048576K
}
2020-11-07T20:05:15.267+0800: 69.113: Application time: 0.1779311 seconds
2020-11-07T20:05:15.269+0800: 69.115: Application time: 0.0011858 seconds
2020-11-07T20:05:15.269+0800: 69.115: Application time: 0.0000407 seconds
2020-11-07T20:05:15.269+0800: 69.115: Application time: 0.0002105 seconds
2020-11-07T20:05:15.269+0800: 69.115: Application time: 0.0002702 seconds
2020-11-07T20:05:15.271+0800: 69.116: Application time: 0.0011959 seconds
2020-11-07T20:05:15.271+0800: 69.117: Application time: 0.0000387 seconds
2020-11-07T20:05:15.281+0800: 69.127: [CMS-concurrent-mark: 0.899/1.056 secs] [Times: user=0.53 sys=0.01, real=1.06 secs] 
2020-11-07T20:05:15.281+0800: 69.127: [CMS-concurrent-preclean-start]
2020-11-07T20:05:15.309+0800: 69.155: [CMS-concurrent-preclean: 0.028/0.029 secs] [Times: user=0.03 sys=0.00, real=0.05 secs] 
2020-11-07T20:05:15.332+0800: 69.178: [CMS-concurrent-abortable-preclean-start]
2020-11-07T20:05:15.648+0800: 69.494: Application time: 0.3770692 seconds
2020-11-07T20:05:15.681+0800: 69.527: Application time: 0.0069014 seconds
{Heap before GC invocations=644 (full 49):
 par new generation   total 9216K, used 9216K [0x00000000e3400000, 0x00000000e3e00000, 0x00000000ecca0000)
  eden space 8192K, 100% used [0x00000000e3400000, 0x00000000e3c00000, 0x00000000e3c00000)
  from space 1024K, 100% used [0x00000000e3c00000, 0x00000000e3d00000, 0x00000000e3d00000)
  to   space 1024K,   0% used [0x00000000e3d00000, 0x00000000e3d00000, 0x00000000e3e00000)
 concurrent mark-sweep generation total 91616K, used 57348K [0x00000000ecca0000, 0x00000000f2618000, 0x0000000100000000)
 Metaspace       used 71002K, capacity 74582K, committed 74880K, reserved 1114112K
  class space    used 9119K, capacity 9809K, committed 9856K, reserved 1048576K
2020-11-07T20:05:15.682+0800: 69.527: [GC (Allocation Failure) 2020-11-07T20:05:15.682+0800: 69.528: [ParNew: 9216K->983K(9216K), 0.0584688 secs] 66564K->59238K(100832K), 0.0585630 secs] [Times: user=0.02 sys=0.00, real=0.06 secs] 
Heap after GC invocations=645 (full 49):
 par new generation   total 9216K, used 983K [0x00000000e3400000, 0x00000000e3e00000, 0x00000000ecca0000)
  eden space 8192K,   0% used [0x00000000e3400000, 0x00000000e3400000, 0x00000000e3c00000)
  from space 1024K,  96% used [0x00000000e3d00000, 0x00000000e3df5c48, 0x00000000e3e00000)
  to   space 1024K,   0% used [0x00000000e3c00000, 0x00000000e3c00000, 0x00000000e3d00000)
 concurrent mark-sweep generation total 91616K, used 58255K [0x00000000ecca0000, 0x00000000f2618000, 0x0000000100000000)
 Metaspace       used 71002K, capacity 74582K, committed 74880K, reserved 1114112K
  class space    used 9119K, capacity 9809K, committed 9856K, reserved 1048576K
}
2020-11-07T20:05:15.750+0800: 69.595: Application time: 0.0092719 seconds
2020-11-07T20:05:16.751+0800: 70.597: Application time: 1.0010779 seconds
 CMS: abort preclean due to time 2020-11-07T20:05:20.401+0800: 74.247: [CMS-concurrent-abortable-preclean: 0.476/5.069 secs] [Times: user=1.88 sys=0.05, real=5.07 secs] 
2020-11-07T20:05:20.402+0800: 74.247: Application time: 3.6506348 seconds
2020-11-07T20:05:20.402+0800: 74.247: [GC (CMS Final Remark) [YG occupancy: 4942 K (9216 K)]2020-11-07T20:05:20.402+0800: 74.247: [Rescan (parallel) , 0.0260845 secs]2020-11-07T20:05:20.428+0800: 74.274: [weak refs processing, 0.0012683 secs]2020-11-07T20:05:20.429+0800: 74.275: [class unloading, 0.0235114 secs]2020-11-07T20:05:20.453+0800: 74.298: [scrub symbol table, 0.0295135 secs]2020-11-07T20:05:20.482+0800: 74.328: [scrub string table, 0.0015636 secs][1 CMS-remark: 58255K(91616K)] 63198K(100832K), 0.0821545 secs] [Times: user=0.07 sys=0.01, real=0.08 secs] 
2020-11-07T20:05:20.484+0800: 74.330: [CMS-concurrent-sweep-start]
2020-11-07T20:05:20.515+0800: 74.361: [CMS-concurrent-sweep: 0.031/0.031 secs] [Times: user=0.03 sys=0.00, real=0.04 secs] 
2020-11-07T20:05:20.515+0800: 74.361: [CMS-concurrent-reset-start]
2020-11-07T20:05:20.516+0800: 74.362: [CMS-concurrent-reset: 0.001/0.001 secs] [Times: user=0.01 sys=0.00, real=0.00 secs] 
2020-11-07T20:05:21.484+0800: 75.330: Application time: 1.0001472 seconds
2020-11-07T20:05:26.485+0800: 80.330: Application time: 5.0005311 seconds
2020-11-07T20:05:30.485+0800: 84.331: Application time: 4.0005330 seconds
2020-11-07T20:05:36.486+0800: 90.332: Application time: 6.0005920 seconds
2020-11-07T20:05:46.494+0800: 100.340: Application time: 10.0081652 seconds
2020-11-07T20:05:56.496+0800: 110.342: Application time: 10.0010747 seconds
2020-11-07T20:06:36.503+0800: 150.349: Application time: 40.0072013 seconds
2020-11-07T20:06:46.504+0800: 160.350: Application time: 10.0008742 seconds
2020-11-07T20:06:56.505+0800: 170.351: Application time: 10.0009829 seconds
2020-11-07T20:07:24.510+0800: 198.356: Application time: 28.0043826 seconds
2020-11-07T20:07:26.517+0800: 200.362: Application time: 2.0064958 seconds
2020-11-07T20:07:36.518+0800: 210.363: Application time: 10.0009715 seconds
2020-11-07T20:07:46.519+0800: 220.365: Application time: 10.0010214 seconds
2020-11-07T20:07:56.520+0800: 230.366: Application time: 10.0011332 seconds
2020-11-07T20:08:28.529+0800: 262.375: Application time: 32.0084233 seconds
2020-11-07T20:08:37.530+0800: 271.376: Application time: 9.0008363 seconds
2020-11-07T20:08:41.530+0800: 275.376: Application time: 4.0003973 seconds
2020-11-07T20:08:46.531+0800: 280.377: Application time: 5.0005125 seconds
2020-11-07T20:08:47.531+0800: 281.377: Application time: 1.0001155 seconds
2020-11-07T20:08:51.532+0800: 285.377: Application time: 4.0003858 seconds
2020-11-07T20:08:53.532+0800: 287.378: Application time: 2.0002386 seconds
2020-11-07T20:08:57.533+0800: 291.378: Application time: 4.0004291 seconds
2020-11-07T20:09:03.533+0800: 297.379: Application time: 6.0006012 seconds
2020-11-07T20:09:07.543+0800: 301.389: Application time: 4.0092788 seconds
2020-11-07T20:09:17.544+0800: 311.390: Application time: 10.0009656 seconds
2020-11-07T20:09:27.545+0800: 321.391: Application time: 10.0010387 seconds
2020-11-07T20:09:46.547+0800: 340.393: Application time: 19.0019430 seconds
2020-11-07T20:09:47.547+0800: 341.393: Application time: 1.0001358 seconds
