OpenJDK 64-Bit Server VM (25.212-b04) for linux-amd64 JRE (1.8.0_212-b04), built on May  4 2019 17:56:12 by "buildozer" with gcc 8.3.0
Memory: 4k page, physical 1883492k(713948k free), swap 0k(0k free)
CommandLine flags: -XX:+CMSClassUnloadingEnabled -XX:CMSFullGCsBeforeCompaction=9 -XX:CMSInitiatingOccupancyFraction=60 -XX:+CMSParallelRemarkEnabled -XX:+DisableExplicitGC -XX:+ExplicitGCInvokesConcurrent -XX:GCLogFileSize=5242880 -XX:+HeapDumpOnOutOfMemoryError -XX:HeapDumpPath=/opt/logs/100003172/HeapDumpOnOutOfMemoryError/ -XX:InitialHeapSize=30135872 -XX:MaxHeapSize=482173952 -XX:MaxNewSize=160083968 -XX:MaxTenuringThreshold=9 -XX:NumberOfGCLogFiles=5 -XX:OldPLABSize=16 -XX:-OmitStackTraceInFastThrow -XX:ParallelGCThreads=4 -XX:+PrintGC -XX:+PrintGCApplicationConcurrentTime -XX:+PrintGCDateStamps -XX:+PrintGCDetails -XX:+PrintGCTimeStamps -XX:+PrintHeapAtGC -XX:+ScavengeBeforeFullGC -XX:SoftRefLRUPolicyMSPerMB=0 -XX:+UseCMSCompactAtFullCollection -XX:+UseCMSInitiatingOccupancyOnly -XX:+UseCompressedClassPointers -XX:+UseCompressedOops -XX:+UseConcMarkSweepGC -XX:+UseGCLogFileRotation -XX:+UseParNewGC 
2020-11-07T19:57:53.625+0800: 0.301: Application time: 0.2105846 seconds
{Heap before GC invocations=0 (full 0):
 par new generation   total 9216K, used 8192K [0x00000000e3400000, 0x00000000e3e00000, 0x00000000ecca0000)
  eden space 8192K, 100% used [0x00000000e3400000, 0x00000000e3c00000, 0x00000000e3c00000)
  from space 1024K,   0% used [0x00000000e3c00000, 0x00000000e3c00000, 0x00000000e3d00000)
  to   space 1024K,   0% used [0x00000000e3d00000, 0x00000000e3d00000, 0x00000000e3e00000)
 concurrent mark-sweep generation total 20480K, used 0K [0x00000000ecca0000, 0x00000000ee0a0000, 0x0000000100000000)
 Metaspace       used 3691K, capacity 4664K, committed 4864K, reserved 1056768K
  class space    used 345K, capacity 424K, committed 512K, reserved 1048576K
2020-11-07T19:57:53.625+0800: 0.301: [GC (Allocation Failure) 2020-11-07T19:57:53.625+0800: 0.301: [ParNew: 8192K->1024K(9216K), 0.0609778 secs] 8192K->7251K(29696K), 0.0610598 secs] [Times: user=0.06 sys=0.00, real=0.06 secs] 
Heap after GC invocations=1 (full 0):
 par new generation   total 9216K, used 1024K [0x00000000e3400000, 0x00000000e3e00000, 0x00000000ecca0000)
  eden space 8192K,   0% used [0x00000000e3400000, 0x00000000e3400000, 0x00000000e3c00000)
  from space 1024K, 100% used [0x00000000e3d00000, 0x00000000e3e00000, 0x00000000e3e00000)
  to   space 1024K,   0% used [0x00000000e3c00000, 0x00000000e3c00000, 0x00000000e3d00000)
 concurrent mark-sweep generation total 20480K, used 6227K [0x00000000ecca0000, 0x00000000ee0a0000, 0x0000000100000000)
 Metaspace       used 3691K, capacity 4664K, committed 4864K, reserved 1056768K
  class space    used 345K, capacity 424K, committed 512K, reserved 1048576K
}
2020-11-07T19:57:53.775+0800: 0.452: Application time: 0.0892372 seconds
2020-11-07T19:57:53.846+0800: 0.523: Application time: 0.0710559 seconds
{Heap before GC invocations=1 (full 0):
 par new generation   total 9216K, used 9216K [0x00000000e3400000, 0x00000000e3e00000, 0x00000000ecca0000)
  eden space 8192K, 100% used [0x00000000e3400000, 0x00000000e3c00000, 0x00000000e3c00000)
  from space 1024K, 100% used [0x00000000e3d00000, 0x00000000e3e00000, 0x00000000e3e00000)
  to   space 1024K,   0% used [0x00000000e3c00000, 0x00000000e3c00000, 0x00000000e3d00000)
 concurrent mark-sweep generation total 20480K, used 6227K [0x00000000ecca0000, 0x00000000ee0a0000, 0x0000000100000000)
 Metaspace       used 3938K, capacity 4734K, committed 4864K, reserved 1056768K
  class space    used 369K, capacity 426K, committed 512K, reserved 1048576K
2020-11-07T19:57:53.846+0800: 0.523: [GC (Allocation Failure) 2020-11-07T19:57:53.846+0800: 0.523: [ParNew: 9216K->1024K(9216K), 0.0778979 secs] 15443K->14369K(29696K), 0.0779603 secs] [Times: user=0.07 sys=0.00, real=0.07 secs] 
Heap after GC invocations=2 (full 0):
 par new generation   total 9216K, used 1024K [0x00000000e3400000, 0x00000000e3e00000, 0x00000000ecca0000)
  eden space 8192K,   0% used [0x00000000e3400000, 0x00000000e3400000, 0x00000000e3c00000)
  from space 1024K, 100% used [0x00000000e3c00000, 0x00000000e3d00000, 0x00000000e3d00000)
  to   space 1024K,   0% used [0x00000000e3d00000, 0x00000000e3d00000, 0x00000000e3e00000)
 concurrent mark-sweep generation total 20480K, used 13345K [0x00000000ecca0000, 0x00000000ee0a0000, 0x0000000100000000)
 Metaspace       used 3938K, capacity 4734K, committed 4864K, reserved 1056768K
  class space    used 369K, capacity 426K, committed 512K, reserved 1048576K
}
2020-11-07T19:57:53.937+0800: 0.613: Application time: 0.0121407 seconds
2020-11-07T19:57:53.938+0800: 0.615: [GC (CMS Initial Mark) [1 CMS-initial-mark: 13345K(20480K)] 15035K(29696K), 0.0030764 secs] [Times: user=0.00 sys=0.00, real=0.00 secs] 
2020-11-07T19:57:53.942+0800: 0.618: [CMS-concurrent-mark-start]
2020-11-07T19:57:54.024+0800: 0.700: [CMS-concurrent-mark: 0.082/0.082 secs] [Times: user=0.08 sys=0.00, real=0.08 secs] 
2020-11-07T19:57:54.024+0800: 0.700: [CMS-concurrent-preclean-start]
2020-11-07T19:57:54.024+0800: 0.701: [CMS-concurrent-preclean: 0.001/0.001 secs] [Times: user=0.00 sys=0.00, real=0.00 secs] 
2020-11-07T19:57:54.024+0800: 0.701: [CMS-concurrent-abortable-preclean-start]
2020-11-07T19:57:54.117+0800: 0.794: Application time: 0.1755381 seconds
{Heap before GC invocations=2 (full 1):
 par new generation   total 9216K, used 9216K [0x00000000e3400000, 0x00000000e3e00000, 0x00000000ecca0000)
  eden space 8192K, 100% used [0x00000000e3400000, 0x00000000e3c00000, 0x00000000e3c00000)
  from space 1024K, 100% used [0x00000000e3c00000, 0x00000000e3d00000, 0x00000000e3d00000)
  to   space 1024K,   0% used [0x00000000e3d00000, 0x00000000e3d00000, 0x00000000e3e00000)
 concurrent mark-sweep generation total 20480K, used 13345K [0x00000000ecca0000, 0x00000000ee0a0000, 0x0000000100000000)
 Metaspace       used 4110K, capacity 4840K, committed 5120K, reserved 1056768K
  class space    used 379K, capacity 464K, committed 512K, reserved 1048576K
2020-11-07T19:57:54.117+0800: 0.794: [GC (Allocation Failure) 2020-11-07T19:57:54.117+0800: 0.794: [ParNew: 9216K->1024K(9216K), 0.0220327 secs] 22561K->15560K(29696K), 0.0221091 secs] [Times: user=0.02 sys=0.00, real=0.02 secs] 
Heap after GC invocations=3 (full 1):
 par new generation   total 9216K, used 1024K [0x00000000e3400000, 0x00000000e3e00000, 0x00000000ecca0000)
  eden space 8192K,   0% used [0x00000000e3400000, 0x00000000e3400000, 0x00000000e3c00000)
  from space 1024K, 100% used [0x00000000e3d00000, 0x00000000e3e00000, 0x00000000e3e00000)
  to   space 1024K,   0% used [0x00000000e3c00000, 0x00000000e3c00000, 0x00000000e3d00000)
 concurrent mark-sweep generation total 20480K, used 14536K [0x00000000ecca0000, 0x00000000ee0a0000, 0x0000000100000000)
 Metaspace       used 4110K, capacity 4840K, committed 5120K, reserved 1056768K
  class space    used 379K, capacity 464K, committed 512K, reserved 1048576K
}
2020-11-07T19:57:54.222+0800: 0.899: Application time: 0.0823217 seconds
{Heap before GC invocations=3 (full 1):
 par new generation   total 9216K, used 9216K [0x00000000e3400000, 0x00000000e3e00000, 0x00000000ecca0000)
  eden space 8192K, 100% used [0x00000000e3400000, 0x00000000e3c00000, 0x00000000e3c00000)
  from space 1024K, 100% used [0x00000000e3d00000, 0x00000000e3e00000, 0x00000000e3e00000)
  to   space 1024K,   0% used [0x00000000e3c00000, 0x00000000e3c00000, 0x00000000e3d00000)
 concurrent mark-sweep generation total 20480K, used 14536K [0x00000000ecca0000, 0x00000000ee0a0000, 0x0000000100000000)
 Metaspace       used 4250K, capacity 4968K, committed 5120K, reserved 1056768K
  class space    used 391K, capacity 464K, committed 512K, reserved 1048576K
2020-11-07T19:57:54.222+0800: 0.899: [GC (Allocation Failure) 2020-11-07T19:57:54.222+0800: 0.899: [ParNew: 9216K->533K(9216K), 0.0137248 secs] 23752K->16029K(29696K), 0.0137821 secs] [Times: user=0.01 sys=0.00, real=0.02 secs] 
Heap after GC invocations=4 (full 1):
 par new generation   total 9216K, used 533K [0x00000000e3400000, 0x00000000e3e00000, 0x00000000ecca0000)
  eden space 8192K,   0% used [0x00000000e3400000, 0x00000000e3400000, 0x00000000e3c00000)
  from space 1024K,  52% used [0x00000000e3c00000, 0x00000000e3c854a0, 0x00000000e3d00000)
  to   space 1024K,   0% used [0x00000000e3d00000, 0x00000000e3d00000, 0x00000000e3e00000)
 concurrent mark-sweep generation total 20480K, used 15495K [0x00000000ecca0000, 0x00000000ee0a0000, 0x0000000100000000)
 Metaspace       used 4250K, capacity 4968K, committed 5120K, reserved 1056768K
  class space    used 391K, capacity 464K, committed 512K, reserved 1048576K
}
2020-11-07T19:57:54.236+0800: 0.913: [CMS-concurrent-abortable-preclean: 0.074/0.212 secs] [Times: user=0.19 sys=0.00, real=0.22 secs] 
2020-11-07T19:57:54.243+0800: 0.920: Application time: 0.0071534 seconds
2020-11-07T19:57:54.247+0800: 0.923: [GC (CMS Final Remark) [YG occupancy: 1454 K (9216 K)]2020-11-07T19:57:54.247+0800: 0.923: [Rescan (parallel) , 0.0124240 secs]2020-11-07T19:57:54.259+0800: 0.936: [weak refs processing, 0.0004026 secs]2020-11-07T19:57:54.260+0800: 0.936: [class unloading, 0.0009587 secs]2020-11-07T19:57:54.261+0800: 0.937: [scrub symbol table, 0.0010403 secs]2020-11-07T19:57:54.262+0800: 0.938: [scrub string table, 0.0001722 secs][1 CMS-remark: 15495K(20480K)] 16950K(29696K), 0.0152132 secs] [Times: user=0.02 sys=0.00, real=0.01 secs] 
2020-11-07T19:57:54.262+0800: 0.939: [CMS-concurrent-sweep-start]
2020-11-07T19:57:54.279+0800: 0.955: [CMS-concurrent-sweep: 0.017/0.017 secs] [Times: user=0.01 sys=0.00, real=0.02 secs] 
2020-11-07T19:57:54.279+0800: 0.956: [CMS-concurrent-reset-start]
2020-11-07T19:57:54.294+0800: 0.971: [CMS-concurrent-reset: 0.015/0.015 secs] [Times: user=0.01 sys=0.00, real=0.01 secs] 
2020-11-07T19:57:54.365+0800: 1.041: Application time: 0.1027254 seconds
{Heap before GC invocations=4 (full 1):
 par new generation   total 9216K, used 8725K [0x00000000e3400000, 0x00000000e3e00000, 0x00000000ecca0000)
  eden space 8192K, 100% used [0x00000000e3400000, 0x00000000e3c00000, 0x00000000e3c00000)
  from space 1024K,  52% used [0x00000000e3c00000, 0x00000000e3c854a0, 0x00000000e3d00000)
  to   space 1024K,   0% used [0x00000000e3d00000, 0x00000000e3d00000, 0x00000000e3e00000)
 concurrent mark-sweep generation total 25544K, used 15326K [0x00000000ecca0000, 0x00000000ee592000, 0x0000000100000000)
 Metaspace       used 4532K, capacity 5192K, committed 5376K, reserved 1056768K
  class space    used 426K, capacity 496K, committed 512K, reserved 1048576K
2020-11-07T19:57:54.365+0800: 1.042: [GC (Allocation Failure) 2020-11-07T19:57:54.365+0800: 1.042: [ParNew: 8725K->207K(9216K), 0.0142172 secs] 24051K->15533K(34760K), 0.0142871 secs] [Times: user=0.01 sys=0.00, real=0.01 secs] 
Heap after GC invocations=5 (full 1):
 par new generation   total 9216K, used 207K [0x00000000e3400000, 0x00000000e3e00000, 0x00000000ecca0000)
  eden space 8192K,   0% used [0x00000000e3400000, 0x00000000e3400000, 0x00000000e3c00000)
  from space 1024K,  20% used [0x00000000e3d00000, 0x00000000e3d33da0, 0x00000000e3e00000)
  to   space 1024K,   0% used [0x00000000e3c00000, 0x00000000e3c00000, 0x00000000e3d00000)
 concurrent mark-sweep generation total 25544K, used 15326K [0x00000000ecca0000, 0x00000000ee592000, 0x0000000100000000)
 Metaspace       used 4532K, capacity 5192K, committed 5376K, reserved 1056768K
  class space    used 426K, capacity 496K, committed 512K, reserved 1048576K
}
2020-11-07T19:57:54.529+0800: 1.206: Application time: 0.1498709 seconds
2020-11-07T19:57:54.558+0800: 1.234: Application time: 0.0283215 seconds
{Heap before GC invocations=5 (full 1):
 par new generation   total 9216K, used 8399K [0x00000000e3400000, 0x00000000e3e00000, 0x00000000ecca0000)
  eden space 8192K, 100% used [0x00000000e3400000, 0x00000000e3c00000, 0x00000000e3c00000)
  from space 1024K,  20% used [0x00000000e3d00000, 0x00000000e3d33da0, 0x00000000e3e00000)
  to   space 1024K,   0% used [0x00000000e3c00000, 0x00000000e3c00000, 0x00000000e3d00000)
 concurrent mark-sweep generation total 25544K, used 15326K [0x00000000ecca0000, 0x00000000ee592000, 0x0000000100000000)
 Metaspace       used 4956K, capacity 5296K, committed 5504K, reserved 1056768K
  class space    used 487K, capacity 536K, committed 640K, reserved 1048576K
2020-11-07T19:57:54.558+0800: 1.234: [GC (Allocation Failure) 2020-11-07T19:57:54.558+0800: 1.234: [ParNew: 8399K->216K(9216K), 0.0154801 secs] 23725K->15542K(34760K), 0.0155492 secs] [Times: user=0.01 sys=0.00, real=0.01 secs] 
Heap after GC invocations=6 (full 1):
 par new generation   total 9216K, used 216K [0x00000000e3400000, 0x00000000e3e00000, 0x00000000ecca0000)
  eden space 8192K,   0% used [0x00000000e3400000, 0x00000000e3400000, 0x00000000e3c00000)
  from space 1024K,  21% used [0x00000000e3c00000, 0x00000000e3c361f8, 0x00000000e3d00000)
  to   space 1024K,   0% used [0x00000000e3d00000, 0x00000000e3d00000, 0x00000000e3e00000)
 concurrent mark-sweep generation total 25544K, used 15326K [0x00000000ecca0000, 0x00000000ee592000, 0x0000000100000000)
 Metaspace       used 4956K, capacity 5296K, committed 5504K, reserved 1056768K
  class space    used 487K, capacity 536K, committed 640K, reserved 1048576K
}
2020-11-07T19:57:54.641+0800: 1.318: Application time: 0.0677905 seconds
{Heap before GC invocations=6 (full 1):
 par new generation   total 9216K, used 8408K [0x00000000e3400000, 0x00000000e3e00000, 0x00000000ecca0000)
  eden space 8192K, 100% used [0x00000000e3400000, 0x00000000e3c00000, 0x00000000e3c00000)
  from space 1024K,  21% used [0x00000000e3c00000, 0x00000000e3c361f8, 0x00000000e3d00000)
  to   space 1024K,   0% used [0x00000000e3d00000, 0x00000000e3d00000, 0x00000000e3e00000)
 concurrent mark-sweep generation total 25544K, used 15326K [0x00000000ecca0000, 0x00000000ee592000, 0x0000000100000000)
 Metaspace       used 5030K, capacity 5392K, committed 5504K, reserved 1056768K
  class space    used 504K, capacity 568K, committed 640K, reserved 1048576K
2020-11-07T19:57:54.641+0800: 1.318: [GC (Allocation Failure) 2020-11-07T19:57:54.641+0800: 1.318: [ParNew: 8408K->214K(9216K), 0.0036768 secs] 23734K->15540K(34760K), 0.0037339 secs] [Times: user=0.01 sys=0.00, real=0.01 secs] 
Heap after GC invocations=7 (full 1):
 par new generation   total 9216K, used 214K [0x00000000e3400000, 0x00000000e3e00000, 0x00000000ecca0000)
  eden space 8192K,   0% used [0x00000000e3400000, 0x00000000e3400000, 0x00000000e3c00000)
  from space 1024K,  20% used [0x00000000e3d00000, 0x00000000e3d35958, 0x00000000e3e00000)
  to   space 1024K,   0% used [0x00000000e3c00000, 0x00000000e3c00000, 0x00000000e3d00000)
 concurrent mark-sweep generation total 25544K, used 15326K [0x00000000ecca0000, 0x00000000ee592000, 0x0000000100000000)
 Metaspace       used 5030K, capacity 5392K, committed 5504K, reserved 1056768K
  class space    used 504K, capacity 568K, committed 640K, reserved 1048576K
}
2020-11-07T19:57:54.712+0800: 1.389: Application time: 0.0668144 seconds
{Heap before GC invocations=7 (full 1):
 par new generation   total 9216K, used 8406K [0x00000000e3400000, 0x00000000e3e00000, 0x00000000ecca0000)
  eden space 8192K, 100% used [0x00000000e3400000, 0x00000000e3c00000, 0x00000000e3c00000)
  from space 1024K,  20% used [0x00000000e3d00000, 0x00000000e3d35958, 0x00000000e3e00000)
  to   space 1024K,   0% used [0x00000000e3c00000, 0x00000000e3c00000, 0x00000000e3d00000)
 concurrent mark-sweep generation total 25544K, used 15326K [0x00000000ecca0000, 0x00000000ee592000, 0x0000000100000000)
 Metaspace       used 5225K, capacity 5520K, committed 5760K, reserved 1056768K
  class space    used 525K, capacity 568K, committed 640K, reserved 1048576K
2020-11-07T19:57:54.712+0800: 1.389: [GC (Allocation Failure) 2020-11-07T19:57:54.712+0800: 1.389: [ParNew: 8406K->333K(9216K), 0.0018775 secs] 23732K->15660K(34760K), 0.0019258 secs] [Times: user=0.00 sys=0.00, real=0.00 secs] 
Heap after GC invocations=8 (full 1):
 par new generation   total 9216K, used 333K [0x00000000e3400000, 0x00000000e3e00000, 0x00000000ecca0000)
  eden space 8192K,   0% used [0x00000000e3400000, 0x00000000e3400000, 0x00000000e3c00000)
  from space 1024K,  32% used [0x00000000e3c00000, 0x00000000e3c537f8, 0x00000000e3d00000)
  to   space 1024K,   0% used [0x00000000e3d00000, 0x00000000e3d00000, 0x00000000e3e00000)
 concurrent mark-sweep generation total 25544K, used 15326K [0x00000000ecca0000, 0x00000000ee592000, 0x0000000100000000)
 Metaspace       used 5225K, capacity 5520K, committed 5760K, reserved 1056768K
  class space    used 525K, capacity 568K, committed 640K, reserved 1048576K
}
2020-11-07T19:57:54.784+0800: 1.461: Application time: 0.0701587 seconds
{Heap before GC invocations=8 (full 1):
 par new generation   total 9216K, used 8525K [0x00000000e3400000, 0x00000000e3e00000, 0x00000000ecca0000)
  eden space 8192K, 100% used [0x00000000e3400000, 0x00000000e3c00000, 0x00000000e3c00000)
  from space 1024K,  32% used [0x00000000e3c00000, 0x00000000e3c537f8, 0x00000000e3d00000)
  to   space 1024K,   0% used [0x00000000e3d00000, 0x00000000e3d00000, 0x00000000e3e00000)
 concurrent mark-sweep generation total 25544K, used 15326K [0x00000000ecca0000, 0x00000000ee592000, 0x0000000100000000)
 Metaspace       used 5399K, capacity 5680K, committed 5760K, reserved 1056768K
  class space    used 554K, capacity 600K, committed 640K, reserved 1048576K
2020-11-07T19:57:54.784+0800: 1.461: [GC (Allocation Failure) 2020-11-07T19:57:54.784+0800: 1.461: [ParNew: 8525K->379K(9216K), 0.0087397 secs] 23852K->15705K(34760K), 0.0087882 secs] [Times: user=0.01 sys=0.00, real=0.01 secs] 
Heap after GC invocations=9 (full 1):
 par new generation   total 9216K, used 379K [0x00000000e3400000, 0x00000000e3e00000, 0x00000000ecca0000)
  eden space 8192K,   0% used [0x00000000e3400000, 0x00000000e3400000, 0x00000000e3c00000)
  from space 1024K,  37% used [0x00000000e3d00000, 0x00000000e3d5ee98, 0x00000000e3e00000)
  to   space 1024K,   0% used [0x00000000e3c00000, 0x00000000e3c00000, 0x00000000e3d00000)
 concurrent mark-sweep generation total 25544K, used 15326K [0x00000000ecca0000, 0x00000000ee592000, 0x0000000100000000)
 Metaspace       used 5399K, capacity 5680K, committed 5760K, reserved 1056768K
  class space    used 554K, capacity 600K, committed 640K, reserved 1048576K
}
2020-11-07T19:57:54.816+0800: 1.493: Application time: 0.0230222 seconds
2020-11-07T19:57:54.955+0800: 1.632: Application time: 0.1390981 seconds
{Heap before GC invocations=9 (full 1):
 par new generation   total 9216K, used 8571K [0x00000000e3400000, 0x00000000e3e00000, 0x00000000ecca0000)
  eden space 8192K, 100% used [0x00000000e3400000, 0x00000000e3c00000, 0x00000000e3c00000)
  from space 1024K,  37% used [0x00000000e3d00000, 0x00000000e3d5ee98, 0x00000000e3e00000)
  to   space 1024K,   0% used [0x00000000e3c00000, 0x00000000e3c00000, 0x00000000e3d00000)
 concurrent mark-sweep generation total 25544K, used 15326K [0x00000000ecca0000, 0x00000000ee592000, 0x0000000100000000)
 Metaspace       used 6587K, capacity 6752K, committed 6912K, reserved 1056768K
  class space    used 692K, capacity 760K, committed 768K, reserved 1048576K
2020-11-07T19:57:54.956+0800: 1.632: [GC (Allocation Failure) 2020-11-07T19:57:54.956+0800: 1.632: [ParNew: 8571K->654K(9216K), 0.0231916 secs] 23897K->15980K(34760K), 0.0232451 secs] [Times: user=0.03 sys=0.00, real=0.02 secs] 
Heap after GC invocations=10 (full 1):
 par new generation   total 9216K, used 654K [0x00000000e3400000, 0x00000000e3e00000, 0x00000000ecca0000)
  eden space 8192K,   0% used [0x00000000e3400000, 0x00000000e3400000, 0x00000000e3c00000)
  from space 1024K,  63% used [0x00000000e3c00000, 0x00000000e3ca38c8, 0x00000000e3d00000)
  to   space 1024K,   0% used [0x00000000e3d00000, 0x00000000e3d00000, 0x00000000e3e00000)
 concurrent mark-sweep generation total 25544K, used 15326K [0x00000000ecca0000, 0x00000000ee592000, 0x0000000100000000)
 Metaspace       used 6587K, capacity 6752K, committed 6912K, reserved 1056768K
  class space    used 692K, capacity 760K, committed 768K, reserved 1048576K
}
2020-11-07T19:57:55.033+0800: 1.710: Application time: 0.0539973 seconds
{Heap before GC invocations=10 (full 1):
 par new generation   total 9216K, used 8846K [0x00000000e3400000, 0x00000000e3e00000, 0x00000000ecca0000)
  eden space 8192K, 100% used [0x00000000e3400000, 0x00000000e3c00000, 0x00000000e3c00000)
  from space 1024K,  63% used [0x00000000e3c00000, 0x00000000e3ca38c8, 0x00000000e3d00000)
  to   space 1024K,   0% used [0x00000000e3d00000, 0x00000000e3d00000, 0x00000000e3e00000)
 concurrent mark-sweep generation total 25544K, used 15326K [0x00000000ecca0000, 0x00000000ee592000, 0x0000000100000000)
 Metaspace       used 6729K, capacity 6912K, committed 7040K, reserved 1056768K
  class space    used 716K, capacity 792K, committed 896K, reserved 1048576K
2020-11-07T19:57:55.033+0800: 1.710: [GC (Allocation Failure) 2020-11-07T19:57:55.033+0800: 1.710: [ParNew: 8846K->591K(9216K), 0.0320161 secs] 24172K->16056K(34760K), 0.0320766 secs] [Times: user=0.03 sys=0.00, real=0.04 secs] 
Heap after GC invocations=11 (full 1):
 par new generation   total 9216K, used 591K [0x00000000e3400000, 0x00000000e3e00000, 0x00000000ecca0000)
  eden space 8192K,   0% used [0x00000000e3400000, 0x00000000e3400000, 0x00000000e3c00000)
  from space 1024K,  57% used [0x00000000e3d00000, 0x00000000e3d93c78, 0x00000000e3e00000)
  to   space 1024K,   0% used [0x00000000e3c00000, 0x00000000e3c00000, 0x00000000e3d00000)
 concurrent mark-sweep generation total 25544K, used 15465K [0x00000000ecca0000, 0x00000000ee592000, 0x0000000100000000)
 Metaspace       used 6729K, capacity 6912K, committed 7040K, reserved 1056768K
  class space    used 716K, capacity 792K, committed 896K, reserved 1048576K
}
2020-11-07T19:57:55.073+0800: 1.750: Application time: 0.0080819 seconds
2020-11-07T19:57:55.074+0800: 1.750: [GC (CMS Initial Mark) [1 CMS-initial-mark: 15465K(25544K)] 17349K(34760K), 0.0016148 secs] [Times: user=0.00 sys=0.00, real=0.01 secs] 
2020-11-07T19:57:55.075+0800: 1.752: [CMS-concurrent-mark-start]
2020-11-07T19:57:55.125+0800: 1.802: [CMS-concurrent-mark: 0.050/0.050 secs] [Times: user=0.05 sys=0.00, real=0.05 secs] 
2020-11-07T19:57:55.128+0800: 1.805: [CMS-concurrent-preclean-start]
2020-11-07T19:57:55.128+0800: 1.805: [CMS-concurrent-preclean: 0.000/0.000 secs] [Times: user=0.00 sys=0.00, real=0.00 secs] 
2020-11-07T19:57:55.128+0800: 1.805: [CMS-concurrent-abortable-preclean-start]
2020-11-07T19:57:55.186+0800: 1.862: Application time: 0.1105170 seconds
{Heap before GC invocations=11 (full 2):
 par new generation   total 9216K, used 8783K [0x00000000e3400000, 0x00000000e3e00000, 0x00000000ecca0000)
  eden space 8192K, 100% used [0x00000000e3400000, 0x00000000e3c00000, 0x00000000e3c00000)
  from space 1024K,  57% used [0x00000000e3d00000, 0x00000000e3d93c78, 0x00000000e3e00000)
  to   space 1024K,   0% used [0x00000000e3c00000, 0x00000000e3c00000, 0x00000000e3d00000)
 concurrent mark-sweep generation total 25544K, used 15465K [0x00000000ecca0000, 0x00000000ee592000, 0x0000000100000000)
 Metaspace       used 6985K, capacity 7104K, committed 7296K, reserved 1056768K
  class space    used 748K, capacity 792K, committed 896K, reserved 1048576K
2020-11-07T19:57:55.186+0800: 1.863: [GC (Allocation Failure) 2020-11-07T19:57:55.186+0800: 1.863: [ParNew: 8783K->611K(9216K), 0.0125741 secs] 24248K->16076K(34760K), 0.0126694 secs] [Times: user=0.00 sys=0.00, real=0.01 secs] 
Heap after GC invocations=12 (full 2):
 par new generation   total 9216K, used 611K [0x00000000e3400000, 0x00000000e3e00000, 0x00000000ecca0000)
  eden space 8192K,   0% used [0x00000000e3400000, 0x00000000e3400000, 0x00000000e3c00000)
  from space 1024K,  59% used [0x00000000e3c00000, 0x00000000e3c98c88, 0x00000000e3d00000)
  to   space 1024K,   0% used [0x00000000e3d00000, 0x00000000e3d00000, 0x00000000e3e00000)
 concurrent mark-sweep generation total 25544K, used 15465K [0x00000000ecca0000, 0x00000000ee592000, 0x0000000100000000)
 Metaspace       used 6985K, capacity 7104K, committed 7296K, reserved 1056768K
  class space    used 748K, capacity 792K, committed 896K, reserved 1048576K
}
2020-11-07T19:57:55.252+0800: 1.929: Application time: 0.0531878 seconds
{Heap before GC invocations=12 (full 2):
 par new generation   total 9216K, used 8803K [0x00000000e3400000, 0x00000000e3e00000, 0x00000000ecca0000)
  eden space 8192K, 100% used [0x00000000e3400000, 0x00000000e3c00000, 0x00000000e3c00000)
  from space 1024K,  59% used [0x00000000e3c00000, 0x00000000e3c98c88, 0x00000000e3d00000)
  to   space 1024K,   0% used [0x00000000e3d00000, 0x00000000e3d00000, 0x00000000e3e00000)
 concurrent mark-sweep generation total 25544K, used 15465K [0x00000000ecca0000, 0x00000000ee592000, 0x0000000100000000)
 Metaspace       used 7097K, capacity 7232K, committed 7296K, reserved 1056768K
  class space    used 787K, capacity 856K, committed 896K, reserved 1048576K
2020-11-07T19:57:55.252+0800: 1.929: [GC (Allocation Failure) 2020-11-07T19:57:55.252+0800: 1.929: [ParNew: 8803K->579K(9216K), 0.0065595 secs] 24268K->16121K(34760K), 0.0066127 secs] [Times: user=0.01 sys=0.00, real=0.01 secs] 
Heap after GC invocations=13 (full 2):
 par new generation   total 9216K, used 579K [0x00000000e3400000, 0x00000000e3e00000, 0x00000000ecca0000)
  eden space 8192K,   0% used [0x00000000e3400000, 0x00000000e3400000, 0x00000000e3c00000)
  from space 1024K,  56% used [0x00000000e3d00000, 0x00000000e3d90e18, 0x00000000e3e00000)
  to   space 1024K,   0% used [0x00000000e3c00000, 0x00000000e3c00000, 0x00000000e3d00000)
 concurrent mark-sweep generation total 25544K, used 15541K [0x00000000ecca0000, 0x00000000ee592000, 0x0000000100000000)
 Metaspace       used 7097K, capacity 7232K, committed 7296K, reserved 1056768K
  class space    used 787K, capacity 856K, committed 896K, reserved 1048576K
}
2020-11-07T19:57:55.328+0800: 2.005: Application time: 0.0696035 seconds
2020-11-07T19:57:55.441+0800: 2.118: Application time: 0.1130163 seconds
{Heap before GC invocations=13 (full 2):
 par new generation   total 9216K, used 8771K [0x00000000e3400000, 0x00000000e3e00000, 0x00000000ecca0000)
  eden space 8192K, 100% used [0x00000000e3400000, 0x00000000e3c00000, 0x00000000e3c00000)
  from space 1024K,  56% used [0x00000000e3d00000, 0x00000000e3d90e18, 0x00000000e3e00000)
  to   space 1024K,   0% used [0x00000000e3c00000, 0x00000000e3c00000, 0x00000000e3d00000)
 concurrent mark-sweep generation total 25544K, used 15541K [0x00000000ecca0000, 0x00000000ee592000, 0x0000000100000000)
 Metaspace       used 8041K, capacity 8160K, committed 8448K, reserved 1056768K
  class space    used 887K, capacity 952K, committed 1024K, reserved 1048576K
2020-11-07T19:57:55.442+0800: 2.118: [GC (Allocation Failure) 2020-11-07T19:57:55.442+0800: 2.118: [ParNew: 8771K->968K(9216K), 0.0180282 secs] 24313K->16509K(34760K), 0.0180931 secs] [Times: user=0.02 sys=0.00, real=0.02 secs] 
Heap after GC invocations=14 (full 2):
 par new generation   total 9216K, used 968K [0x00000000e3400000, 0x00000000e3e00000, 0x00000000ecca0000)
  eden space 8192K,   0% used [0x00000000e3400000, 0x00000000e3400000, 0x00000000e3c00000)
  from space 1024K,  94% used [0x00000000e3c00000, 0x00000000e3cf20b0, 0x00000000e3d00000)
  to   space 1024K,   0% used [0x00000000e3d00000, 0x00000000e3d00000, 0x00000000e3e00000)
 concurrent mark-sweep generation total 25544K, used 15541K [0x00000000ecca0000, 0x00000000ee592000, 0x0000000100000000)
 Metaspace       used 8041K, capacity 8160K, committed 8448K, reserved 1056768K
  class space    used 887K, capacity 952K, committed 1024K, reserved 1048576K
}
2020-11-07T19:57:55.460+0800: 2.137: [CMS-concurrent-abortable-preclean: 0.024/0.332 secs] [Times: user=0.30 sys=0.01, real=0.33 secs] 
2020-11-07T19:57:55.463+0800: 2.139: Application time: 0.0028694 seconds
2020-11-07T19:57:55.463+0800: 2.140: [GC (CMS Final Remark) [YG occupancy: 1458 K (9216 K)]2020-11-07T19:57:55.463+0800: 2.140: [Rescan (parallel) , 0.0066034 secs]2020-11-07T19:57:55.470+0800: 2.146: [weak refs processing, 0.0000340 secs]2020-11-07T19:57:55.470+0800: 2.146: [class unloading, 0.0014704 secs]2020-11-07T19:57:55.471+0800: 2.148: [scrub symbol table, 0.0016858 secs]2020-11-07T19:57:55.473+0800: 2.149: [scrub string table, 0.0002840 secs][1 CMS-remark: 15541K(25544K)] 17000K(34760K), 0.0102499 secs] [Times: user=0.01 sys=0.00, real=0.01 secs] 
2020-11-07T19:57:55.473+0800: 2.150: [CMS-concurrent-sweep-start]
2020-11-07T19:57:55.486+0800: 2.163: [CMS-concurrent-sweep: 0.013/0.013 secs] [Times: user=0.01 sys=0.00, real=0.02 secs] 
2020-11-07T19:57:55.486+0800: 2.163: [CMS-concurrent-reset-start]
2020-11-07T19:57:55.496+0800: 2.173: [CMS-concurrent-reset: 0.010/0.010 secs] [Times: user=0.01 sys=0.01, real=0.01 secs] 
2020-11-07T19:57:55.535+0800: 2.212: Application time: 0.0621276 seconds
{Heap before GC invocations=14 (full 2):
 par new generation   total 9216K, used 9160K [0x00000000e3400000, 0x00000000e3e00000, 0x00000000ecca0000)
  eden space 8192K, 100% used [0x00000000e3400000, 0x00000000e3c00000, 0x00000000e3c00000)
  from space 1024K,  94% used [0x00000000e3c00000, 0x00000000e3cf20b0, 0x00000000e3d00000)
  to   space 1024K,   0% used [0x00000000e3d00000, 0x00000000e3d00000, 0x00000000e3e00000)
 concurrent mark-sweep generation total 25544K, used 13729K [0x00000000ecca0000, 0x00000000ee592000, 0x0000000100000000)
 Metaspace       used 8206K, capacity 8352K, committed 8448K, reserved 1056768K
  class space    used 909K, capacity 952K, committed 1024K, reserved 1048576K
2020-11-07T19:57:55.535+0800: 2.212: [GC (Allocation Failure) 2020-11-07T19:57:55.535+0800: 2.212: [ParNew: 9160K->768K(9216K), 0.0080446 secs] 22889K->15306K(34760K), 0.0081169 secs] [Times: user=0.01 sys=0.00, real=0.00 secs] 
Heap after GC invocations=15 (full 2):
 par new generation   total 9216K, used 768K [0x00000000e3400000, 0x00000000e3e00000, 0x00000000ecca0000)
  eden space 8192K,   0% used [0x00000000e3400000, 0x00000000e3400000, 0x00000000e3c00000)
  from space 1024K,  75% used [0x00000000e3d00000, 0x00000000e3dc0190, 0x00000000e3e00000)
  to   space 1024K,   0% used [0x00000000e3c00000, 0x00000000e3c00000, 0x00000000e3d00000)
 concurrent mark-sweep generation total 25544K, used 14538K [0x00000000ecca0000, 0x00000000ee592000, 0x0000000100000000)
 Metaspace       used 8206K, capacity 8352K, committed 8448K, reserved 1056768K
  class space    used 909K, capacity 952K, committed 1024K, reserved 1048576K
}
2020-11-07T19:57:55.589+0800: 2.266: Application time: 0.0455143 seconds
{Heap before GC invocations=15 (full 2):
 par new generation   total 9216K, used 8960K [0x00000000e3400000, 0x00000000e3e00000, 0x00000000ecca0000)
  eden space 8192K, 100% used [0x00000000e3400000, 0x00000000e3c00000, 0x00000000e3c00000)
  from space 1024K,  75% used [0x00000000e3d00000, 0x00000000e3dc0190, 0x00000000e3e00000)
  to   space 1024K,   0% used [0x00000000e3c00000, 0x00000000e3c00000, 0x00000000e3d00000)
 concurrent mark-sweep generation total 25544K, used 14538K [0x00000000ecca0000, 0x00000000ee592000, 0x0000000100000000)
 Metaspace       used 8305K, capacity 8416K, committed 8704K, reserved 1056768K
  class space    used 921K, capacity 952K, committed 1024K, reserved 1048576K
2020-11-07T19:57:55.589+0800: 2.266: [GC (Allocation Failure) 2020-11-07T19:57:55.589+0800: 2.266: [ParNew: 8960K->348K(9216K), 0.0215461 secs] 23498K->15424K(34760K), 0.0216071 secs] [Times: user=0.02 sys=0.00, real=0.02 secs] 
Heap after GC invocations=16 (full 2):
 par new generation   total 9216K, used 348K [0x00000000e3400000, 0x00000000e3e00000, 0x00000000ecca0000)
  eden space 8192K,   0% used [0x00000000e3400000, 0x00000000e3400000, 0x00000000e3c00000)
  from space 1024K,  34% used [0x00000000e3c00000, 0x00000000e3c571b8, 0x00000000e3d00000)
  to   space 1024K,   0% used [0x00000000e3d00000, 0x00000000e3d00000, 0x00000000e3e00000)
 concurrent mark-sweep generation total 25544K, used 15075K [0x00000000ecca0000, 0x00000000ee592000, 0x0000000100000000)
 Metaspace       used 8305K, capacity 8416K, committed 8704K, reserved 1056768K
  class space    used 921K, capacity 952K, committed 1024K, reserved 1048576K
}
2020-11-07T19:57:55.822+0800: 2.499: Application time: 0.2115630 seconds
{Heap before GC invocations=16 (full 2):
 par new generation   total 9216K, used 8540K [0x00000000e3400000, 0x00000000e3e00000, 0x00000000ecca0000)
  eden space 8192K, 100% used [0x00000000e3400000, 0x00000000e3c00000, 0x00000000e3c00000)
  from space 1024K,  34% used [0x00000000e3c00000, 0x00000000e3c571b8, 0x00000000e3d00000)
  to   space 1024K,   0% used [0x00000000e3d00000, 0x00000000e3d00000, 0x00000000e3e00000)
 concurrent mark-sweep generation total 25544K, used 15075K [0x00000000ecca0000, 0x00000000ee592000, 0x0000000100000000)
 Metaspace       used 9286K, capacity 9488K, committed 9600K, reserved 1058816K
  class space    used 1026K, capacity 1120K, committed 1152K, reserved 1048576K
2020-11-07T19:57:55.823+0800: 2.499: [GC (Allocation Failure) 2020-11-07T19:57:55.823+0800: 2.499: [ParNew: 8540K->385K(9216K), 0.0205277 secs] 23616K->15461K(34760K), 0.0205912 secs] [Times: user=0.01 sys=0.00, real=0.02 secs] 
Heap after GC invocations=17 (full 2):
 par new generation   total 9216K, used 385K [0x00000000e3400000, 0x00000000e3e00000, 0x00000000ecca0000)
  eden space 8192K,   0% used [0x00000000e3400000, 0x00000000e3400000, 0x00000000e3c00000)
  from space 1024K,  37% used [0x00000000e3d00000, 0x00000000e3d60640, 0x00000000e3e00000)
  to   space 1024K,   0% used [0x00000000e3c00000, 0x00000000e3c00000, 0x00000000e3d00000)
 concurrent mark-sweep generation total 25544K, used 15075K [0x00000000ecca0000, 0x00000000ee592000, 0x0000000100000000)
 Metaspace       used 9286K, capacity 9488K, committed 9600K, reserved 1058816K
  class space    used 1026K, capacity 1120K, committed 1152K, reserved 1048576K
}
2020-11-07T19:57:55.880+0800: 2.556: Application time: 0.0363210 seconds
{Heap before GC invocations=17 (full 2):
 par new generation   total 9216K, used 8577K [0x00000000e3400000, 0x00000000e3e00000, 0x00000000ecca0000)
  eden space 8192K, 100% used [0x00000000e3400000, 0x00000000e3c00000, 0x00000000e3c00000)
  from space 1024K,  37% used [0x00000000e3d00000, 0x00000000e3d60640, 0x00000000e3e00000)
  to   space 1024K,   0% used [0x00000000e3c00000, 0x00000000e3c00000, 0x00000000e3d00000)
 concurrent mark-sweep generation total 25544K, used 15075K [0x00000000ecca0000, 0x00000000ee592000, 0x0000000100000000)
 Metaspace       used 9384K, capacity 9562K, committed 9856K, reserved 1058816K
  class space    used 1040K, capacity 1125K, committed 1152K, reserved 1048576K
2020-11-07T19:57:55.880+0800: 2.556: [GC (Allocation Failure) 2020-11-07T19:57:55.880+0800: 2.556: [ParNew: 8577K->359K(9216K), 0.0204817 secs] 23653K->15434K(34760K), 0.0205326 secs] [Times: user=0.02 sys=0.00, real=0.02 secs] 
Heap after GC invocations=18 (full 2):
 par new generation   total 9216K, used 359K [0x00000000e3400000, 0x00000000e3e00000, 0x00000000ecca0000)
  eden space 8192K,   0% used [0x00000000e3400000, 0x00000000e3400000, 0x00000000e3c00000)
  from space 1024K,  35% used [0x00000000e3c00000, 0x00000000e3c59c80, 0x00000000e3d00000)
  to   space 1024K,   0% used [0x00000000e3d00000, 0x00000000e3d00000, 0x00000000e3e00000)
 concurrent mark-sweep generation total 25544K, used 15075K [0x00000000ecca0000, 0x00000000ee592000, 0x0000000100000000)
 Metaspace       used 9384K, capacity 9562K, committed 9856K, reserved 1058816K
  class space    used 1040K, capacity 1125K, committed 1152K, reserved 1048576K
}
2020-11-07T19:57:55.964+0800: 2.641: Application time: 0.0637241 seconds
{Heap before GC invocations=18 (full 2):
 par new generation   total 9216K, used 8551K [0x00000000e3400000, 0x00000000e3e00000, 0x00000000ecca0000)
  eden space 8192K, 100% used [0x00000000e3400000, 0x00000000e3c00000, 0x00000000e3c00000)
  from space 1024K,  35% used [0x00000000e3c00000, 0x00000000e3c59c80, 0x00000000e3d00000)
  to   space 1024K,   0% used [0x00000000e3d00000, 0x00000000e3d00000, 0x00000000e3e00000)
 concurrent mark-sweep generation total 25544K, used 15075K [0x00000000ecca0000, 0x00000000ee592000, 0x0000000100000000)
 Metaspace       used 9711K, capacity 9914K, committed 10240K, reserved 1058816K
  class space    used 1084K, capacity 1157K, committed 1280K, reserved 1048576K
2020-11-07T19:57:55.964+0800: 2.641: [GC (Allocation Failure) 2020-11-07T19:57:55.964+0800: 2.641: [ParNew: 8551K->408K(9216K), 0.0179126 secs] 23626K->15484K(34760K), 0.0179724 secs] [Times: user=0.01 sys=0.00, real=0.02 secs] 
Heap after GC invocations=19 (full 2):
 par new generation   total 9216K, used 408K [0x00000000e3400000, 0x00000000e3e00000, 0x00000000ecca0000)
  eden space 8192K,   0% used [0x00000000e3400000, 0x00000000e3400000, 0x00000000e3c00000)
  from space 1024K,  39% used [0x00000000e3d00000, 0x00000000e3d66360, 0x00000000e3e00000)
  to   space 1024K,   0% used [0x00000000e3c00000, 0x00000000e3c00000, 0x00000000e3d00000)
 concurrent mark-sweep generation total 25544K, used 15075K [0x00000000ecca0000, 0x00000000ee592000, 0x0000000100000000)
 Metaspace       used 9711K, capacity 9914K, committed 10240K, reserved 1058816K
  class space    used 1084K, capacity 1157K, committed 1280K, reserved 1048576K
}
2020-11-07T19:57:56.022+0800: 2.699: Application time: 0.0401736 seconds
{Heap before GC invocations=19 (full 2):
 par new generation   total 9216K, used 8600K [0x00000000e3400000, 0x00000000e3e00000, 0x00000000ecca0000)
  eden space 8192K, 100% used [0x00000000e3400000, 0x00000000e3c00000, 0x00000000e3c00000)
  from space 1024K,  39% used [0x00000000e3d00000, 0x00000000e3d66360, 0x00000000e3e00000)
  to   space 1024K,   0% used [0x00000000e3c00000, 0x00000000e3c00000, 0x00000000e3d00000)
 concurrent mark-sweep generation total 25544K, used 15075K [0x00000000ecca0000, 0x00000000ee592000, 0x0000000100000000)
 Metaspace       used 9785K, capacity 9978K, committed 10240K, reserved 1058816K
  class space    used 1092K, capacity 1157K, committed 1280K, reserved 1048576K
2020-11-07T19:57:56.023+0800: 2.699: [GC (Allocation Failure) 2020-11-07T19:57:56.023+0800: 2.699: [ParNew: 8600K->511K(9216K), 0.0106773 secs] 23676K->15586K(34760K), 0.0107342 secs] [Times: user=0.01 sys=0.00, real=0.01 secs] 
Heap after GC invocations=20 (full 2):
 par new generation   total 9216K, used 511K [0x00000000e3400000, 0x00000000e3e00000, 0x00000000ecca0000)
  eden space 8192K,   0% used [0x00000000e3400000, 0x00000000e3400000, 0x00000000e3c00000)
  from space 1024K,  49% used [0x00000000e3c00000, 0x00000000e3c7fd28, 0x00000000e3d00000)
  to   space 1024K,   0% used [0x00000000e3d00000, 0x00000000e3d00000, 0x00000000e3e00000)
 concurrent mark-sweep generation total 25544K, used 15075K [0x00000000ecca0000, 0x00000000ee592000, 0x0000000100000000)
 Metaspace       used 9785K, capacity 9978K, committed 10240K, reserved 1058816K
  class space    used 1092K, capacity 1157K, committed 1280K, reserved 1048576K
}
2020-11-07T19:57:56.069+0800: 2.746: Application time: 0.0358032 seconds
{Heap before GC invocations=20 (full 2):
 par new generation   total 9216K, used 8703K [0x00000000e3400000, 0x00000000e3e00000, 0x00000000ecca0000)
  eden space 8192K, 100% used [0x00000000e3400000, 0x00000000e3c00000, 0x00000000e3c00000)
  from space 1024K,  49% used [0x00000000e3c00000, 0x00000000e3c7fd28, 0x00000000e3d00000)
  to   space 1024K,   0% used [0x00000000e3d00000, 0x00000000e3d00000, 0x00000000e3e00000)
 concurrent mark-sweep generation total 25544K, used 15075K [0x00000000ecca0000, 0x00000000ee592000, 0x0000000100000000)
 Metaspace       used 9926K, capacity 10106K, committed 10240K, reserved 1058816K
  class space    used 1112K, capacity 1221K, committed 1280K, reserved 1048576K
2020-11-07T19:57:56.069+0800: 2.746: [GC (Allocation Failure) 2020-11-07T19:57:56.069+0800: 2.746: [ParNew: 8703K->434K(9216K), 0.0035909 secs] 23778K->15509K(34760K), 0.0036410 secs] [Times: user=0.01 sys=0.00, real=0.00 secs] 
Heap after GC invocations=21 (full 2):
 par new generation   total 9216K, used 434K [0x00000000e3400000, 0x00000000e3e00000, 0x00000000ecca0000)
  eden space 8192K,   0% used [0x00000000e3400000, 0x00000000e3400000, 0x00000000e3c00000)
  from space 1024K,  42% used [0x00000000e3d00000, 0x00000000e3d6c878, 0x00000000e3e00000)
  to   space 1024K,   0% used [0x00000000e3c00000, 0x00000000e3c00000, 0x00000000e3d00000)
 concurrent mark-sweep generation total 25544K, used 15075K [0x00000000ecca0000, 0x00000000ee592000, 0x0000000100000000)
 Metaspace       used 9926K, capacity 10106K, committed 10240K, reserved 1058816K
  class space    used 1112K, capacity 1221K, committed 1280K, reserved 1048576K
}
2020-11-07T19:57:56.141+0800: 2.818: Application time: 0.0682974 seconds
{Heap before GC invocations=21 (full 2):
 par new generation   total 9216K, used 8626K [0x00000000e3400000, 0x00000000e3e00000, 0x00000000ecca0000)
  eden space 8192K, 100% used [0x00000000e3400000, 0x00000000e3c00000, 0x00000000e3c00000)
  from space 1024K,  42% used [0x00000000e3d00000, 0x00000000e3d6c878, 0x00000000e3e00000)
  to   space 1024K,   0% used [0x00000000e3c00000, 0x00000000e3c00000, 0x00000000e3d00000)
 concurrent mark-sweep generation total 25544K, used 15075K [0x00000000ecca0000, 0x00000000ee592000, 0x0000000100000000)
 Metaspace       used 9997K, capacity 10238K, committed 10496K, reserved 1058816K
  class space    used 1123K, capacity 1223K, committed 1280K, reserved 1048576K
2020-11-07T19:57:56.142+0800: 2.818: [GC (Allocation Failure) 2020-11-07T19:57:56.142+0800: 2.818: [ParNew: 8626K->550K(9216K), 0.0125784 secs] 23701K->15626K(34760K), 0.0126303 secs] [Times: user=0.01 sys=0.00, real=0.01 secs] 
Heap after GC invocations=22 (full 2):
 par new generation   total 9216K, used 550K [0x00000000e3400000, 0x00000000e3e00000, 0x00000000ecca0000)
  eden space 8192K,   0% used [0x00000000e3400000, 0x00000000e3400000, 0x00000000e3c00000)
  from space 1024K,  53% used [0x00000000e3c00000, 0x00000000e3c89970, 0x00000000e3d00000)
  to   space 1024K,   0% used [0x00000000e3d00000, 0x00000000e3d00000, 0x00000000e3e00000)
 concurrent mark-sweep generation total 25544K, used 15075K [0x00000000ecca0000, 0x00000000ee592000, 0x0000000100000000)
 Metaspace       used 9997K, capacity 10238K, committed 10496K, reserved 1058816K
  class space    used 1123K, capacity 1223K, committed 1280K, reserved 1048576K
}
2020-11-07T19:57:56.241+0800: 2.917: Application time: 0.0864559 seconds
{Heap before GC invocations=22 (full 2):
 par new generation   total 9216K, used 8742K [0x00000000e3400000, 0x00000000e3e00000, 0x00000000ecca0000)
  eden space 8192K, 100% used [0x00000000e3400000, 0x00000000e3c00000, 0x00000000e3c00000)
  from space 1024K,  53% used [0x00000000e3c00000, 0x00000000e3c89970, 0x00000000e3d00000)
  to   space 1024K,   0% used [0x00000000e3d00000, 0x00000000e3d00000, 0x00000000e3e00000)
 concurrent mark-sweep generation total 25544K, used 15075K [0x00000000ecca0000, 0x00000000ee592000, 0x0000000100000000)
 Metaspace       used 10283K, capacity 10464K, committed 10752K, reserved 1058816K
  class space    used 1156K, capacity 1234K, committed 1280K, reserved 1048576K
2020-11-07T19:57:56.241+0800: 2.918: [GC (Allocation Failure) 2020-11-07T19:57:56.241+0800: 2.918: [ParNew: 8742K->544K(9216K), 0.0158684 secs] 23818K->15619K(34760K), 0.0159282 secs] [Times: user=0.02 sys=0.00, real=0.02 secs] 
Heap after GC invocations=23 (full 2):
 par new generation   total 9216K, used 544K [0x00000000e3400000, 0x00000000e3e00000, 0x00000000ecca0000)
  eden space 8192K,   0% used [0x00000000e3400000, 0x00000000e3400000, 0x00000000e3c00000)
  from space 1024K,  53% used [0x00000000e3d00000, 0x00000000e3d880f0, 0x00000000e3e00000)
  to   space 1024K,   0% used [0x00000000e3c00000, 0x00000000e3c00000, 0x00000000e3d00000)
 concurrent mark-sweep generation total 25544K, used 15075K [0x00000000ecca0000, 0x00000000ee592000, 0x0000000100000000)
 Metaspace       used 10283K, capacity 10464K, committed 10752K, reserved 1058816K
  class space    used 1156K, capacity 1234K, committed 1280K, reserved 1048576K
}
2020-11-07T19:57:56.319+0800: 2.996: Application time: 0.0625310 seconds
{Heap before GC invocations=23 (full 2):
 par new generation   total 9216K, used 8736K [0x00000000e3400000, 0x00000000e3e00000, 0x00000000ecca0000)
  eden space 8192K, 100% used [0x00000000e3400000, 0x00000000e3c00000, 0x00000000e3c00000)
  from space 1024K,  53% used [0x00000000e3d00000, 0x00000000e3d880f0, 0x00000000e3e00000)
  to   space 1024K,   0% used [0x00000000e3c00000, 0x00000000e3c00000, 0x00000000e3d00000)
 concurrent mark-sweep generation total 25544K, used 15075K [0x00000000ecca0000, 0x00000000ee592000, 0x0000000100000000)
 Metaspace       used 10582K, capacity 10816K, committed 11136K, reserved 1058816K
  class space    used 1202K, capacity 1308K, committed 1408K, reserved 1048576K
2020-11-07T19:57:56.320+0800: 2.996: [GC (Allocation Failure) 2020-11-07T19:57:56.320+0800: 2.996: [ParNew: 8736K->650K(9216K), 0.0166104 secs] 23811K->15726K(34760K), 0.0166750 secs] [Times: user=0.00 sys=0.00, real=0.02 secs] 
Heap after GC invocations=24 (full 2):
 par new generation   total 9216K, used 650K [0x00000000e3400000, 0x00000000e3e00000, 0x00000000ecca0000)
  eden space 8192K,   0% used [0x00000000e3400000, 0x00000000e3400000, 0x00000000e3c00000)
  from space 1024K,  63% used [0x00000000e3c00000, 0x00000000e3ca29a0, 0x00000000e3d00000)
  to   space 1024K,   0% used [0x00000000e3d00000, 0x00000000e3d00000, 0x00000000e3e00000)
 concurrent mark-sweep generation total 25544K, used 15075K [0x00000000ecca0000, 0x00000000ee592000, 0x0000000100000000)
 Metaspace       used 10582K, capacity 10816K, committed 11136K, reserved 1058816K
  class space    used 1202K, capacity 1308K, committed 1408K, reserved 1048576K
}
2020-11-07T19:57:56.358+0800: 3.035: Application time: 0.0219051 seconds
{Heap before GC invocations=24 (full 2):
 par new generation   total 9216K, used 8842K [0x00000000e3400000, 0x00000000e3e00000, 0x00000000ecca0000)
  eden space 8192K, 100% used [0x00000000e3400000, 0x00000000e3c00000, 0x00000000e3c00000)
  from space 1024K,  63% used [0x00000000e3c00000, 0x00000000e3ca29a0, 0x00000000e3d00000)
  to   space 1024K,   0% used [0x00000000e3d00000, 0x00000000e3d00000, 0x00000000e3e00000)
 concurrent mark-sweep generation total 25544K, used 15075K [0x00000000ecca0000, 0x00000000ee592000, 0x0000000100000000)
 Metaspace       used 10626K, capacity 10880K, committed 11136K, reserved 1058816K
  class space    used 1211K, capacity 1308K, committed 1408K, reserved 1048576K
2020-11-07T19:57:56.363+0800: 3.040: [GC (Allocation Failure) 2020-11-07T19:57:56.363+0800: 3.040: [ParNew: 8842K->474K(9216K), 0.0039764 secs] 23918K->15564K(34760K), 0.0040359 secs] [Times: user=0.00 sys=0.00, real=0.01 secs] 
Heap after GC invocations=25 (full 2):
 par new generation   total 9216K, used 474K [0x00000000e3400000, 0x00000000e3e00000, 0x00000000ecca0000)
  eden space 8192K,   0% used [0x00000000e3400000, 0x00000000e3400000, 0x00000000e3c00000)
  from space 1024K,  46% used [0x00000000e3d00000, 0x00000000e3d76b80, 0x00000000e3e00000)
  to   space 1024K,   0% used [0x00000000e3c00000, 0x00000000e3c00000, 0x00000000e3d00000)
 concurrent mark-sweep generation total 25544K, used 15089K [0x00000000ecca0000, 0x00000000ee592000, 0x0000000100000000)
 Metaspace       used 10626K, capacity 10880K, committed 11136K, reserved 1058816K
  class space    used 1211K, capacity 1308K, committed 1408K, reserved 1048576K
}
2020-11-07T19:57:56.389+0800: 3.066: Application time: 0.0212816 seconds
{Heap before GC invocations=25 (full 2):
 par new generation   total 9216K, used 8666K [0x00000000e3400000, 0x00000000e3e00000, 0x00000000ecca0000)
  eden space 8192K, 100% used [0x00000000e3400000, 0x00000000e3c00000, 0x00000000e3c00000)
  from space 1024K,  46% used [0x00000000e3d00000, 0x00000000e3d76b80, 0x00000000e3e00000)
  to   space 1024K,   0% used [0x00000000e3c00000, 0x00000000e3c00000, 0x00000000e3d00000)
 concurrent mark-sweep generation total 25544K, used 15089K [0x00000000ecca0000, 0x00000000ee592000, 0x0000000100000000)
 Metaspace       used 10699K, capacity 10880K, committed 11136K, reserved 1058816K
  class space    used 1224K, capacity 1308K, committed 1408K, reserved 1048576K
2020-11-07T19:57:56.392+0800: 3.069: [GC (Allocation Failure) 2020-11-07T19:57:56.392+0800: 3.069: [ParNew: 8666K->477K(9216K), 0.0133957 secs] 23756K->15741K(34760K), 0.0134575 secs] [Times: user=0.02 sys=0.00, real=0.02 secs] 
Heap after GC invocations=26 (full 2):
 par new generation   total 9216K, used 477K [0x00000000e3400000, 0x00000000e3e00000, 0x00000000ecca0000)
  eden space 8192K,   0% used [0x00000000e3400000, 0x00000000e3400000, 0x00000000e3c00000)
  from space 1024K,  46% used [0x00000000e3c00000, 0x00000000e3c775f0, 0x00000000e3d00000)
  to   space 1024K,   0% used [0x00000000e3d00000, 0x00000000e3d00000, 0x00000000e3e00000)
 concurrent mark-sweep generation total 25544K, used 15264K [0x00000000ecca0000, 0x00000000ee592000, 0x0000000100000000)
 Metaspace       used 10699K, capacity 10880K, committed 11136K, reserved 1058816K
  class space    used 1224K, capacity 1308K, committed 1408K, reserved 1048576K
}
2020-11-07T19:57:56.672+0800: 3.348: Application time: 0.2656799 seconds
{Heap before GC invocations=26 (full 2):
 par new generation   total 9216K, used 8669K [0x00000000e3400000, 0x00000000e3e00000, 0x00000000ecca0000)
  eden space 8192K, 100% used [0x00000000e3400000, 0x00000000e3c00000, 0x00000000e3c00000)
  from space 1024K,  46% used [0x00000000e3c00000, 0x00000000e3c775f0, 0x00000000e3d00000)
  to   space 1024K,   0% used [0x00000000e3d00000, 0x00000000e3d00000, 0x00000000e3e00000)
 concurrent mark-sweep generation total 25544K, used 15264K [0x00000000ecca0000, 0x00000000ee592000, 0x0000000100000000)
 Metaspace       used 10881K, capacity 11130K, committed 11392K, reserved 1058816K
  class space    used 1247K, capacity 1345K, committed 1408K, reserved 1048576K
2020-11-07T19:57:56.687+0800: 3.364: [GC (Allocation Failure) 2020-11-07T19:57:56.687+0800: 3.364: [ParNew: 8669K->370K(9216K), 0.0033403 secs] 23933K->15663K(34760K), 0.0033923 secs] [Times: user=0.00 sys=0.00, real=0.00 secs] 
Heap after GC invocations=27 (full 2):
 par new generation   total 9216K, used 370K [0x00000000e3400000, 0x00000000e3e00000, 0x00000000ecca0000)
  eden space 8192K,   0% used [0x00000000e3400000, 0x00000000e3400000, 0x00000000e3c00000)
  from space 1024K,  36% used [0x00000000e3d00000, 0x00000000e3d5ca48, 0x00000000e3e00000)
  to   space 1024K,   0% used [0x00000000e3c00000, 0x00000000e3c00000, 0x00000000e3d00000)
 concurrent mark-sweep generation total 25544K, used 15292K [0x00000000ecca0000, 0x00000000ee592000, 0x0000000100000000)
 Metaspace       used 10881K, capacity 11130K, committed 11392K, reserved 1058816K
  class space    used 1247K, capacity 1345K, committed 1408K, reserved 1048576K
}
2020-11-07T19:57:56.725+0800: 3.402: Application time: 0.0345973 seconds
{Heap before GC invocations=27 (full 2):
 par new generation   total 9216K, used 8562K [0x00000000e3400000, 0x00000000e3e00000, 0x00000000ecca0000)
  eden space 8192K, 100% used [0x00000000e3400000, 0x00000000e3c00000, 0x00000000e3c00000)
  from space 1024K,  36% used [0x00000000e3d00000, 0x00000000e3d5ca48, 0x00000000e3e00000)
  to   space 1024K,   0% used [0x00000000e3c00000, 0x00000000e3c00000, 0x00000000e3d00000)
 concurrent mark-sweep generation total 25544K, used 15292K [0x00000000ecca0000, 0x00000000ee592000, 0x0000000100000000)
 Metaspace       used 10932K, capacity 11194K, committed 11392K, reserved 1058816K
  class space    used 1254K, capacity 1345K, committed 1408K, reserved 1048576K
2020-11-07T19:57:56.726+0800: 3.402: [GC (Allocation Failure) 2020-11-07T19:57:56.726+0800: 3.403: [ParNew: 8562K->435K(9216K), 0.0036642 secs] 23855K->15796K(34760K), 0.0037112 secs] [Times: user=0.01 sys=0.00, real=0.00 secs] 
Heap after GC invocations=28 (full 2):
 par new generation   total 9216K, used 435K [0x00000000e3400000, 0x00000000e3e00000, 0x00000000ecca0000)
  eden space 8192K,   0% used [0x00000000e3400000, 0x00000000e3400000, 0x00000000e3c00000)
  from space 1024K,  42% used [0x00000000e3c00000, 0x00000000e3c6cf20, 0x00000000e3d00000)
  to   space 1024K,   0% used [0x00000000e3d00000, 0x00000000e3d00000, 0x00000000e3e00000)
 concurrent mark-sweep generation total 25544K, used 15360K [0x00000000ecca0000, 0x00000000ee592000, 0x0000000100000000)
 Metaspace       used 10932K, capacity 11194K, committed 11392K, reserved 1058816K
  class space    used 1254K, capacity 1345K, committed 1408K, reserved 1048576K
}
2020-11-07T19:57:56.743+0800: 3.420: Application time: 0.0134478 seconds
2020-11-07T19:57:56.744+0800: 3.421: [GC (CMS Initial Mark) [1 CMS-initial-mark: 15360K(25544K)] 17590K(34760K), 0.0025464 secs] [Times: user=0.01 sys=0.00, real=0.00 secs] 
2020-11-07T19:57:56.747+0800: 3.424: [CMS-concurrent-mark-start]
2020-11-07T19:57:56.799+0800: 3.475: Application time: 0.0514544 seconds
{Heap before GC invocations=28 (full 3):
 par new generation   total 9216K, used 8627K [0x00000000e3400000, 0x00000000e3e00000, 0x00000000ecca0000)
  eden space 8192K, 100% used [0x00000000e3400000, 0x00000000e3c00000, 0x00000000e3c00000)
  from space 1024K,  42% used [0x00000000e3c00000, 0x00000000e3c6cf20, 0x00000000e3d00000)
  to   space 1024K,   0% used [0x00000000e3d00000, 0x00000000e3d00000, 0x00000000e3e00000)
 concurrent mark-sweep generation total 25544K, used 15360K [0x00000000ecca0000, 0x00000000ee592000, 0x0000000100000000)
 Metaspace       used 11003K, capacity 11296K, committed 11392K, reserved 1058816K
  class space    used 1266K, capacity 1378K, committed 1408K, reserved 1048576K
2020-11-07T19:57:56.799+0800: 3.475: [GC (Allocation Failure) 2020-11-07T19:57:56.799+0800: 3.475: [ParNew: 8627K->425K(9216K), 0.0249858 secs] 23988K->15798K(34760K), 0.0250705 secs] [Times: user=0.03 sys=0.00, real=0.02 secs] 
Heap after GC invocations=29 (full 3):
 par new generation   total 9216K, used 425K [0x00000000e3400000, 0x00000000e3e00000, 0x00000000ecca0000)
  eden space 8192K,   0% used [0x00000000e3400000, 0x00000000e3400000, 0x00000000e3c00000)
  from space 1024K,  41% used [0x00000000e3d00000, 0x00000000e3d6a6d8, 0x00000000e3e00000)
  to   space 1024K,   0% used [0x00000000e3c00000, 0x00000000e3c00000, 0x00000000e3d00000)
 concurrent mark-sweep generation total 25544K, used 15372K [0x00000000ecca0000, 0x00000000ee592000, 0x0000000100000000)
 Metaspace       used 11003K, capacity 11296K, committed 11392K, reserved 1058816K
  class space    used 1266K, capacity 1378K, committed 1408K, reserved 1048576K
}
2020-11-07T19:57:56.851+0800: 3.528: Application time: 0.0271105 seconds
2020-11-07T19:57:56.855+0800: 3.532: Application time: 0.0042932 seconds
{Heap before GC invocations=29 (full 3):
 par new generation   total 9216K, used 8779K [0x00000000e3400000, 0x00000000e3e00000, 0x00000000ecca0000)
  eden space 8192K, 100% used [0x00000000e3400000, 0x00000000e3c00000, 0x00000000e3c00000)
  from space 1024K,  57% used [0x00000000e3d00000, 0x00000000e3d92d98, 0x00000000e3e00000)
  to   space 1024K,   0% used [0x00000000e3c00000, 0x00000000e3c00000, 0x00000000e3d00000)
 concurrent mark-sweep generation total 25544K, used 15372K [0x00000000ecca0000, 0x00000000ee592000, 0x0000000100000000)
 Metaspace       used 11065K, capacity 11296K, committed 11392K, reserved 1058816K
  class space    used 1277K, capacity 1378K, committed 1408K, reserved 1048576K
2020-11-07T19:57:56.855+0800: 3.532: [GC (GCLocker Initiated GC) 2020-11-07T19:57:56.855+0800: 3.532: [ParNew: 8779K->375K(9216K), 0.0241811 secs] 24151K->15771K(34760K), 0.0242426 secs] [Times: user=0.02 sys=0.00, real=0.02 secs] 
Heap after GC invocations=30 (full 3):
 par new generation   total 9216K, used 375K [0x00000000e3400000, 0x00000000e3e00000, 0x00000000ecca0000)
  eden space 8192K,   0% used [0x00000000e3400000, 0x00000000e3400000, 0x00000000e3c00000)
  from space 1024K,  36% used [0x00000000e3c00000, 0x00000000e3c5dff0, 0x00000000e3d00000)
  to   space 1024K,   0% used [0x00000000e3d00000, 0x00000000e3d00000, 0x00000000e3e00000)
 concurrent mark-sweep generation total 25544K, used 15395K [0x00000000ecca0000, 0x00000000ee592000, 0x0000000100000000)
 Metaspace       used 11065K, capacity 11296K, committed 11392K, reserved 1058816K
  class space    used 1277K, capacity 1378K, committed 1408K, reserved 1048576K
}
2020-11-07T19:57:56.889+0800: 3.566: [CMS-concurrent-mark: 0.069/0.142 secs] [Times: user=0.13 sys=0.00, real=0.14 secs] 
2020-11-07T19:57:56.889+0800: 3.566: [CMS-concurrent-preclean-start]
2020-11-07T19:57:56.890+0800: 3.567: [CMS-concurrent-preclean: 0.001/0.001 secs] [Times: user=0.00 sys=0.00, real=0.00 secs] 
2020-11-07T19:57:56.900+0800: 3.576: Application time: 0.0197929 seconds
2020-11-07T19:57:56.900+0800: 3.576: [GC (CMS Final Remark) [YG occupancy: 6102 K (9216 K)]2020-11-07T19:57:56.900+0800: 3.576: [Rescan (parallel) , 0.0050214 secs]2020-11-07T19:57:56.905+0800: 3.581: [weak refs processing, 0.0000524 secs]2020-11-07T19:57:56.905+0800: 3.582: [class unloading, 0.0027118 secs]2020-11-07T19:57:56.908+0800: 3.584: [scrub symbol table, 0.0026617 secs]2020-11-07T19:57:56.910+0800: 3.587: [scrub string table, 0.0003991 secs][1 CMS-remark: 15395K(25544K)] 21497K(34760K), 0.0110681 secs] [Times: user=0.01 sys=0.00, real=0.01 secs] 
2020-11-07T19:57:56.911+0800: 3.588: [CMS-concurrent-sweep-start]
2020-11-07T19:57:56.918+0800: 3.595: [CMS-concurrent-sweep: 0.007/0.007 secs] [Times: user=0.00 sys=0.00, real=0.01 secs] 
2020-11-07T19:57:56.918+0800: 3.595: [CMS-concurrent-reset-start]
2020-11-07T19:57:56.920+0800: 3.596: [CMS-concurrent-reset: 0.001/0.001 secs] [Times: user=0.00 sys=0.00, real=0.00 secs] 
2020-11-07T19:57:56.937+0800: 3.614: Application time: 0.0264968 seconds
{Heap before GC invocations=30 (full 3):
 par new generation   total 9216K, used 8567K [0x00000000e3400000, 0x00000000e3e00000, 0x00000000ecca0000)
  eden space 8192K, 100% used [0x00000000e3400000, 0x00000000e3c00000, 0x00000000e3c00000)
  from space 1024K,  36% used [0x00000000e3c00000, 0x00000000e3c5dff0, 0x00000000e3d00000)
  to   space 1024K,   0% used [0x00000000e3d00000, 0x00000000e3d00000, 0x00000000e3e00000)
 concurrent mark-sweep generation total 25544K, used 15263K [0x00000000ecca0000, 0x00000000ee592000, 0x0000000100000000)
 Metaspace       used 11148K, capacity 11380K, committed 11520K, reserved 1058816K
  class space    used 1287K, capacity 1404K, committed 1536K, reserved 1048576K
2020-11-07T19:57:56.937+0800: 3.614: [GC (Allocation Failure) 2020-11-07T19:57:56.937+0800: 3.614: [ParNew: 8567K->399K(9216K), 0.0113281 secs] 23831K->15680K(34760K), 0.0114018 secs] [Times: user=0.01 sys=0.00, real=0.01 secs] 
Heap after GC invocations=31 (full 3):
 par new generation   total 9216K, used 399K [0x00000000e3400000, 0x00000000e3e00000, 0x00000000ecca0000)
  eden space 8192K,   0% used [0x00000000e3400000, 0x00000000e3400000, 0x00000000e3c00000)
  from space 1024K,  39% used [0x00000000e3d00000, 0x00000000e3d63ec0, 0x00000000e3e00000)
  to   space 1024K,   0% used [0x00000000e3c00000, 0x00000000e3c00000, 0x00000000e3d00000)
 concurrent mark-sweep generation total 25544K, used 15280K [0x00000000ecca0000, 0x00000000ee592000, 0x0000000100000000)
 Metaspace       used 11148K, capacity 11380K, committed 11520K, reserved 1058816K
  class space    used 1287K, capacity 1404K, committed 1536K, reserved 1048576K
}
2020-11-07T19:57:56.973+0800: 3.650: Application time: 0.0241552 seconds
{Heap before GC invocations=31 (full 3):
 par new generation   total 9216K, used 8591K [0x00000000e3400000, 0x00000000e3e00000, 0x00000000ecca0000)
  eden space 8192K, 100% used [0x00000000e3400000, 0x00000000e3c00000, 0x00000000e3c00000)
  from space 1024K,  39% used [0x00000000e3d00000, 0x00000000e3d63ec0, 0x00000000e3e00000)
  to   space 1024K,   0% used [0x00000000e3c00000, 0x00000000e3c00000, 0x00000000e3d00000)
 concurrent mark-sweep generation total 25544K, used 15280K [0x00000000ecca0000, 0x00000000ee592000, 0x0000000100000000)
 Metaspace       used 11266K, capacity 11508K, committed 11776K, reserved 1058816K
  class space    used 1299K, capacity 1404K, committed 1536K, reserved 1048576K
2020-11-07T19:57:56.973+0800: 3.650: [GC (Allocation Failure) 2020-11-07T19:57:56.973+0800: 3.650: [ParNew: 8591K->401K(9216K), 0.0148901 secs] 23872K->15741K(34760K), 0.0149427 secs] [Times: user=0.01 sys=0.00, real=0.02 secs] 
Heap after GC invocations=32 (full 3):
 par new generation   total 9216K, used 401K [0x00000000e3400000, 0x00000000e3e00000, 0x00000000ecca0000)
  eden space 8192K,   0% used [0x00000000e3400000, 0x00000000e3400000, 0x00000000e3c00000)
  from space 1024K,  39% used [0x00000000e3c00000, 0x00000000e3c64478, 0x00000000e3d00000)
  to   space 1024K,   0% used [0x00000000e3d00000, 0x00000000e3d00000, 0x00000000e3e00000)
 concurrent mark-sweep generation total 25544K, used 15340K [0x00000000ecca0000, 0x00000000ee592000, 0x0000000100000000)
 Metaspace       used 11266K, capacity 11508K, committed 11776K, reserved 1058816K
  class space    used 1299K, capacity 1404K, committed 1536K, reserved 1048576K
}
2020-11-07T19:57:56.989+0800: 3.666: Application time: 0.0008851 seconds
2020-11-07T19:57:56.989+0800: 3.666: [GC (CMS Initial Mark) [1 CMS-initial-mark: 15340K(25544K)] 15878K(34760K), 0.0016463 secs] [Times: user=0.00 sys=0.00, real=0.00 secs] 
2020-11-07T19:57:56.991+0800: 3.668: [CMS-concurrent-mark-start]
2020-11-07T19:57:57.068+0800: 3.745: Application time: 0.0774549 seconds
{Heap before GC invocations=32 (full 4):
 par new generation   total 9216K, used 8593K [0x00000000e3400000, 0x00000000e3e00000, 0x00000000ecca0000)
  eden space 8192K, 100% used [0x00000000e3400000, 0x00000000e3c00000, 0x00000000e3c00000)
  from space 1024K,  39% used [0x00000000e3c00000, 0x00000000e3c64478, 0x00000000e3d00000)
  to   space 1024K,   0% used [0x00000000e3d00000, 0x00000000e3d00000, 0x00000000e3e00000)
 concurrent mark-sweep generation total 25544K, used 15340K [0x00000000ecca0000, 0x00000000ee592000, 0x0000000100000000)
 Metaspace       used 11496K, capacity 11714K, committed 12032K, reserved 1060864K
  class space    used 1312K, capacity 1407K, committed 1536K, reserved 1048576K
2020-11-07T19:57:57.068+0800: 3.745: [GC (Allocation Failure) 2020-11-07T19:57:57.069+0800: 3.745: [ParNew: 8593K->464K(9216K), 0.0102984 secs] 23933K->15838K(34760K), 0.0103988 secs] [Times: user=0.01 sys=0.00, real=0.01 secs] 
Heap after GC invocations=33 (full 4):
 par new generation   total 9216K, used 464K [0x00000000e3400000, 0x00000000e3e00000, 0x00000000ecca0000)
  eden space 8192K,   0% used [0x00000000e3400000, 0x00000000e3400000, 0x00000000e3c00000)
  from space 1024K,  45% used [0x00000000e3d00000, 0x00000000e3d74068, 0x00000000e3e00000)
  to   space 1024K,   0% used [0x00000000e3c00000, 0x00000000e3c00000, 0x00000000e3d00000)
 concurrent mark-sweep generation total 25544K, used 15374K [0x00000000ecca0000, 0x00000000ee592000, 0x0000000100000000)
 Metaspace       used 11496K, capacity 11714K, committed 12032K, reserved 1060864K
  class space    used 1312K, capacity 1407K, committed 1536K, reserved 1048576K
}
2020-11-07T19:57:57.112+0800: 3.789: [CMS-concurrent-mark: 0.103/0.121 secs] [Times: user=0.12 sys=0.00, real=0.12 secs] 
2020-11-07T19:57:57.112+0800: 3.789: [CMS-concurrent-preclean-start]
2020-11-07T19:57:57.113+0800: 3.790: [CMS-concurrent-preclean: 0.001/0.001 secs] [Times: user=0.00 sys=0.00, real=0.00 secs] 
2020-11-07T19:57:57.113+0800: 3.790: [CMS-concurrent-abortable-preclean-start]
2020-11-07T19:57:57.123+0800: 3.799: Application time: 0.0435966 seconds
{Heap before GC invocations=33 (full 4):
 par new generation   total 9216K, used 8656K [0x00000000e3400000, 0x00000000e3e00000, 0x00000000ecca0000)
  eden space 8192K, 100% used [0x00000000e3400000, 0x00000000e3c00000, 0x00000000e3c00000)
  from space 1024K,  45% used [0x00000000e3d00000, 0x00000000e3d74068, 0x00000000e3e00000)
  to   space 1024K,   0% used [0x00000000e3c00000, 0x00000000e3c00000, 0x00000000e3d00000)
 concurrent mark-sweep generation total 25544K, used 15374K [0x00000000ecca0000, 0x00000000ee592000, 0x0000000100000000)
 Metaspace       used 11697K, capacity 12002K, committed 12288K, reserved 1060864K
  class space    used 1326K, capacity 1439K, committed 1536K, reserved 1048576K
2020-11-07T19:57:57.123+0800: 3.799: [GC (Allocation Failure) 2020-11-07T19:57:57.123+0800: 3.799: [ParNew: 8656K->388K(9216K), 0.0075973 secs] 24030K->15774K(34760K), 0.0076655 secs] [Times: user=0.01 sys=0.01, real=0.01 secs] 
Heap after GC invocations=34 (full 4):
 par new generation   total 9216K, used 388K [0x00000000e3400000, 0x00000000e3e00000, 0x00000000ecca0000)
  eden space 8192K,   0% used [0x00000000e3400000, 0x00000000e3400000, 0x00000000e3c00000)
  from space 1024K,  37% used [0x00000000e3c00000, 0x00000000e3c610d0, 0x00000000e3d00000)
  to   space 1024K,   0% used [0x00000000e3d00000, 0x00000000e3d00000, 0x00000000e3e00000)
 concurrent mark-sweep generation total 25544K, used 15385K [0x00000000ecca0000, 0x00000000ee592000, 0x0000000100000000)
 Metaspace       used 11697K, capacity 12002K, committed 12288K, reserved 1060864K
  class space    used 1326K, capacity 1439K, committed 1536K, reserved 1048576K
}
2020-11-07T19:57:57.153+0800: 3.830: Application time: 0.0226616 seconds
{Heap before GC invocations=34 (full 4):
 par new generation   total 9216K, used 8580K [0x00000000e3400000, 0x00000000e3e00000, 0x00000000ecca0000)
  eden space 8192K, 100% used [0x00000000e3400000, 0x00000000e3c00000, 0x00000000e3c00000)
  from space 1024K,  37% used [0x00000000e3c00000, 0x00000000e3c610d0, 0x00000000e3d00000)
  to   space 1024K,   0% used [0x00000000e3d00000, 0x00000000e3d00000, 0x00000000e3e00000)
 concurrent mark-sweep generation total 25544K, used 15385K [0x00000000ecca0000, 0x00000000ee592000, 0x0000000100000000)
 Metaspace       used 11808K, capacity 12066K, committed 12288K, reserved 1060864K
  class space    used 1336K, capacity 1439K, committed 1536K, reserved 1048576K
2020-11-07T19:57:57.153+0800: 3.830: [GC (Allocation Failure) 2020-11-07T19:57:57.153+0800: 3.830: [ParNew: 8580K->383K(9216K), 0.0035186 secs] 23966K->15782K(34760K), 0.0035676 secs] [Times: user=0.01 sys=0.00, real=0.01 secs] 
Heap after GC invocations=35 (full 4):
 par new generation   total 9216K, used 383K [0x00000000e3400000, 0x00000000e3e00000, 0x00000000ecca0000)
  eden space 8192K,   0% used [0x00000000e3400000, 0x00000000e3400000, 0x00000000e3c00000)
  from space 1024K,  37% used [0x00000000e3d00000, 0x00000000e3d5fd50, 0x00000000e3e00000)
  to   space 1024K,   0% used [0x00000000e3c00000, 0x00000000e3c00000, 0x00000000e3d00000)
 concurrent mark-sweep generation total 25544K, used 15398K [0x00000000ecca0000, 0x00000000ee592000, 0x0000000100000000)
 Metaspace       used 11808K, capacity 12066K, committed 12288K, reserved 1060864K
  class space    used 1336K, capacity 1439K, committed 1536K, reserved 1048576K
}
2020-11-07T19:57:57.199+0800: 3.875: Application time: 0.0417498 seconds
{Heap before GC invocations=35 (full 4):
 par new generation   total 9216K, used 8575K [0x00000000e3400000, 0x00000000e3e00000, 0x00000000ecca0000)
  eden space 8192K, 100% used [0x00000000e3400000, 0x00000000e3c00000, 0x00000000e3c00000)
  from space 1024K,  37% used [0x00000000e3d00000, 0x00000000e3d5fd50, 0x00000000e3e00000)
  to   space 1024K,   0% used [0x00000000e3c00000, 0x00000000e3c00000, 0x00000000e3d00000)
 concurrent mark-sweep generation total 25544K, used 15398K [0x00000000ecca0000, 0x00000000ee592000, 0x0000000100000000)
 Metaspace       used 11874K, capacity 12150K, committed 12544K, reserved 1060864K
  class space    used 1350K, capacity 1447K, committed 1536K, reserved 1048576K
2020-11-07T19:57:57.199+0800: 3.876: [GC (Allocation Failure) 2020-11-07T19:57:57.199+0800: 3.876: [ParNew: 8575K->315K(9216K), 0.0041634 secs] 23974K->15761K(34760K), 0.0042232 secs] [Times: user=0.00 sys=0.00, real=0.00 secs] 
Heap after GC invocations=36 (full 4):
 par new generation   total 9216K, used 315K [0x00000000e3400000, 0x00000000e3e00000, 0x00000000ecca0000)
  eden space 8192K,   0% used [0x00000000e3400000, 0x00000000e3400000, 0x00000000e3c00000)
  from space 1024K,  30% used [0x00000000e3c00000, 0x00000000e3c4eec8, 0x00000000e3d00000)
  to   space 1024K,   0% used [0x00000000e3d00000, 0x00000000e3d00000, 0x00000000e3e00000)
 concurrent mark-sweep generation total 25544K, used 15445K [0x00000000ecca0000, 0x00000000ee592000, 0x0000000100000000)
 Metaspace       used 11874K, capacity 12150K, committed 12544K, reserved 1060864K
  class space    used 1350K, capacity 1447K, committed 1536K, reserved 1048576K
}
2020-11-07T19:57:57.203+0800: 3.880: [CMS-concurrent-abortable-preclean: 0.042/0.090 secs] [Times: user=0.08 sys=0.01, real=0.09 secs] 
2020-11-07T19:57:57.209+0800: 3.886: Application time: 0.0061171 seconds
2020-11-07T19:57:57.210+0800: 3.886: [GC (CMS Final Remark) [YG occupancy: 2341 K (9216 K)]2020-11-07T19:57:57.210+0800: 3.886: [Rescan (parallel) , 0.0111110 secs]2020-11-07T19:57:57.221+0800: 3.898: [weak refs processing, 0.0001770 secs]2020-11-07T19:57:57.221+0800: 3.898: [class unloading, 0.0022509 secs]2020-11-07T19:57:57.223+0800: 3.900: [scrub symbol table, 0.0029741 secs]2020-11-07T19:57:57.226+0800: 3.903: [scrub string table, 0.0004462 secs][1 CMS-remark: 15445K(25544K)] 17787K(34760K), 0.0171021 secs] [Times: user=0.01 sys=0.00, real=0.02 secs] 
2020-11-07T19:57:57.236+0800: 3.912: [CMS-concurrent-sweep-start]
2020-11-07T19:57:57.263+0800: 3.940: [CMS-concurrent-sweep: 0.028/0.028 secs] [Times: user=0.03 sys=0.00, real=0.02 secs] 
2020-11-07T19:57:57.263+0800: 3.940: [CMS-concurrent-reset-start]
2020-11-07T19:57:57.265+0800: 3.941: [CMS-concurrent-reset: 0.001/0.001 secs] [Times: user=0.00 sys=0.00, real=0.01 secs] 
2020-11-07T19:57:57.277+0800: 3.954: Application time: 0.0503027 seconds
{Heap before GC invocations=36 (full 4):
 par new generation   total 9216K, used 8507K [0x00000000e3400000, 0x00000000e3e00000, 0x00000000ecca0000)
  eden space 8192K, 100% used [0x00000000e3400000, 0x00000000e3c00000, 0x00000000e3c00000)
  from space 1024K,  30% used [0x00000000e3c00000, 0x00000000e3c4eec8, 0x00000000e3d00000)
  to   space 1024K,   0% used [0x00000000e3d00000, 0x00000000e3d00000, 0x00000000e3e00000)
 concurrent mark-sweep generation total 25736K, used 15397K [0x00000000ecca0000, 0x00000000ee5c2000, 0x0000000100000000)
 Metaspace       used 12238K, capacity 12562K, committed 12800K, reserved 1060864K
  class space    used 1389K, capacity 1519K, committed 1536K, reserved 1048576K
2020-11-07T19:57:57.280+0800: 3.957: [GC (Allocation Failure) 2020-11-07T19:57:57.280+0800: 3.957: [ParNew: 8507K->431K(9216K), 0.0181815 secs] 23905K->15849K(34952K), 0.0182683 secs] [Times: user=0.02 sys=0.00, real=0.02 secs] 
Heap after GC invocations=37 (full 4):
 par new generation   total 9216K, used 431K [0x00000000e3400000, 0x00000000e3e00000, 0x00000000ecca0000)
  eden space 8192K,   0% used [0x00000000e3400000, 0x00000000e3400000, 0x00000000e3c00000)
  from space 1024K,  42% used [0x00000000e3d00000, 0x00000000e3d6bf00, 0x00000000e3e00000)
  to   space 1024K,   0% used [0x00000000e3c00000, 0x00000000e3c00000, 0x00000000e3d00000)
 concurrent mark-sweep generation total 25736K, used 15417K [0x00000000ecca0000, 0x00000000ee5c2000, 0x0000000100000000)
 Metaspace       used 12238K, capacity 12562K, committed 12800K, reserved 1060864K
  class space    used 1389K, capacity 1519K, committed 1536K, reserved 1048576K
}
2020-11-07T19:57:57.349+0800: 4.026: Application time: 0.0506381 seconds
{Heap before GC invocations=37 (full 4):
 par new generation   total 9216K, used 8623K [0x00000000e3400000, 0x00000000e3e00000, 0x00000000ecca0000)
  eden space 8192K, 100% used [0x00000000e3400000, 0x00000000e3c00000, 0x00000000e3c00000)
  from space 1024K,  42% used [0x00000000e3d00000, 0x00000000e3d6bf00, 0x00000000e3e00000)
  to   space 1024K,   0% used [0x00000000e3c00000, 0x00000000e3c00000, 0x00000000e3d00000)
 concurrent mark-sweep generation total 25736K, used 15417K [0x00000000ecca0000, 0x00000000ee5c2000, 0x0000000100000000)
 Metaspace       used 12463K, capacity 12758K, committed 13056K, reserved 1060864K
  class space    used 1410K, capacity 1521K, committed 1536K, reserved 1048576K
2020-11-07T19:57:57.349+0800: 4.026: [GC (Allocation Failure) 2020-11-07T19:57:57.349+0800: 4.026: [ParNew: 8623K->484K(9216K), 0.0151958 secs] 24041K->15932K(34952K), 0.0152467 secs] [Times: user=0.01 sys=0.00, real=0.02 secs] 
Heap after GC invocations=38 (full 4):
 par new generation   total 9216K, used 484K [0x00000000e3400000, 0x00000000e3e00000, 0x00000000ecca0000)
  eden space 8192K,   0% used [0x00000000e3400000, 0x00000000e3400000, 0x00000000e3c00000)
  from space 1024K,  47% used [0x00000000e3c00000, 0x00000000e3c79188, 0x00000000e3d00000)
  to   space 1024K,   0% used [0x00000000e3d00000, 0x00000000e3d00000, 0x00000000e3e00000)
 concurrent mark-sweep generation total 25736K, used 15448K [0x00000000ecca0000, 0x00000000ee5c2000, 0x0000000100000000)
 Metaspace       used 12463K, capacity 12758K, committed 13056K, reserved 1060864K
  class space    used 1410K, capacity 1521K, committed 1536K, reserved 1048576K
}
2020-11-07T19:57:57.369+0800: 4.046: Application time: 0.0046789 seconds
2020-11-07T19:57:57.369+0800: 4.046: [GC (CMS Initial Mark) [1 CMS-initial-mark: 15448K(25736K)] 17967K(34952K), 0.0023620 secs] [Times: user=0.00 sys=0.00, real=0.00 secs] 
2020-11-07T19:57:57.372+0800: 4.049: [CMS-concurrent-mark-start]
2020-11-07T19:57:57.417+0800: 4.094: Application time: 0.0457277 seconds
{Heap before GC invocations=38 (full 5):
 par new generation   total 9216K, used 8676K [0x00000000e3400000, 0x00000000e3e00000, 0x00000000ecca0000)
  eden space 8192K, 100% used [0x00000000e3400000, 0x00000000e3c00000, 0x00000000e3c00000)
  from space 1024K,  47% used [0x00000000e3c00000, 0x00000000e3c79188, 0x00000000e3d00000)
  to   space 1024K,   0% used [0x00000000e3d00000, 0x00000000e3d00000, 0x00000000e3e00000)
 concurrent mark-sweep generation total 25736K, used 15448K [0x00000000ecca0000, 0x00000000ee5c2000, 0x0000000100000000)
 Metaspace       used 12650K, capacity 12886K, committed 13056K, reserved 1060864K
  class space    used 1429K, capacity 1521K, committed 1536K, reserved 1048576K
2020-11-07T19:57:57.418+0800: 4.094: [GC (Allocation Failure) 2020-11-07T19:57:57.418+0800: 4.094: [ParNew: 8676K->546K(9216K), 0.0088021 secs] 24124K->16017K(34952K), 0.0088780 secs] [Times: user=0.01 sys=0.00, real=0.01 secs] 
Heap after GC invocations=39 (full 5):
 par new generation   total 9216K, used 546K [0x00000000e3400000, 0x00000000e3e00000, 0x00000000ecca0000)
  eden space 8192K,   0% used [0x00000000e3400000, 0x00000000e3400000, 0x00000000e3c00000)
  from space 1024K,  53% used [0x00000000e3d00000, 0x00000000e3d88928, 0x00000000e3e00000)
  to   space 1024K,   0% used [0x00000000e3c00000, 0x00000000e3c00000, 0x00000000e3d00000)
 concurrent mark-sweep generation total 25736K, used 15471K [0x00000000ecca0000, 0x00000000ee5c2000, 0x0000000100000000)
 Metaspace       used 12650K, capacity 12886K, committed 13056K, reserved 1060864K
  class space    used 1429K, capacity 1521K, committed 1536K, reserved 1048576K
}
2020-11-07T19:57:57.464+0800: 4.140: Application time: 0.0369530 seconds
{Heap before GC invocations=39 (full 5):
 par new generation   total 9216K, used 8738K [0x00000000e3400000, 0x00000000e3e00000, 0x00000000ecca0000)
  eden space 8192K, 100% used [0x00000000e3400000, 0x00000000e3c00000, 0x00000000e3c00000)
  from space 1024K,  53% used [0x00000000e3d00000, 0x00000000e3d88928, 0x00000000e3e00000)
  to   space 1024K,   0% used [0x00000000e3c00000, 0x00000000e3c00000, 0x00000000e3d00000)
 concurrent mark-sweep generation total 25736K, used 15471K [0x00000000ecca0000, 0x00000000ee5c2000, 0x0000000100000000)
 Metaspace       used 12766K, capacity 13046K, committed 13440K, reserved 1060864K
  class space    used 1442K, capacity 1553K, committed 1664K, reserved 1048576K
2020-11-07T19:57:57.464+0800: 4.140: [GC (Allocation Failure) 2020-11-07T19:57:57.464+0800: 4.141: [ParNew: 8738K->516K(9216K), 0.0262100 secs] 24209K->16029K(34952K), 0.0262662 secs] [Times: user=0.02 sys=0.00, real=0.03 secs] 
Heap after GC invocations=40 (full 5):
 par new generation   total 9216K, used 516K [0x00000000e3400000, 0x00000000e3e00000, 0x00000000ecca0000)
  eden space 8192K,   0% used [0x00000000e3400000, 0x00000000e3400000, 0x00000000e3c00000)
  from space 1024K,  50% used [0x00000000e3c00000, 0x00000000e3c81310, 0x00000000e3d00000)
  to   space 1024K,   0% used [0x00000000e3d00000, 0x00000000e3d00000, 0x00000000e3e00000)
 concurrent mark-sweep generation total 25736K, used 15512K [0x00000000ecca0000, 0x00000000ee5c2000, 0x0000000100000000)
 Metaspace       used 12766K, capacity 13046K, committed 13440K, reserved 1060864K
  class space    used 1442K, capacity 1553K, committed 1664K, reserved 1048576K
}
2020-11-07T19:57:57.502+0800: 4.179: Application time: 0.0117475 seconds
2020-11-07T19:57:57.505+0800: 4.182: [CMS-concurrent-mark: 0.092/0.134 secs] [Times: user=0.12 sys=0.01, real=0.14 secs] 
2020-11-07T19:57:57.505+0800: 4.182: [CMS-concurrent-preclean-start]
2020-11-07T19:57:57.507+0800: 4.183: [CMS-concurrent-preclean: 0.001/0.001 secs] [Times: user=0.01 sys=0.00, real=0.00 secs] 
2020-11-07T19:57:57.507+0800: 4.183: [CMS-concurrent-abortable-preclean-start]
2020-11-07T19:57:57.543+0800: 4.220: Application time: 0.0413207 seconds
{Heap before GC invocations=40 (full 5):
 par new generation   total 9216K, used 8688K [0x00000000e3400000, 0x00000000e3e00000, 0x00000000ecca0000)
  eden space 8192K,  99% used [0x00000000e3400000, 0x00000000e3bfaf18, 0x00000000e3c00000)
  from space 1024K,  50% used [0x00000000e3c00000, 0x00000000e3c81310, 0x00000000e3d00000)
  to   space 1024K,   0% used [0x00000000e3d00000, 0x00000000e3d00000, 0x00000000e3e00000)
 concurrent mark-sweep generation total 25736K, used 15512K [0x00000000ecca0000, 0x00000000ee5c2000, 0x0000000100000000)
 Metaspace       used 12996K, capacity 13334K, committed 13696K, reserved 1060864K
  class space    used 1469K, capacity 1585K, committed 1664K, reserved 1048576K
2020-11-07T19:57:57.544+0800: 4.220: [GC (Allocation Failure) 2020-11-07T19:57:57.544+0800: 4.220: [ParNew: 8688K->668K(9216K), 0.0042154 secs] 24201K->16206K(34952K), 0.0042978 secs] [Times: user=0.00 sys=0.00, real=0.01 secs] 
Heap after GC invocations=41 (full 5):
 par new generation   total 9216K, used 668K [0x00000000e3400000, 0x00000000e3e00000, 0x00000000ecca0000)
  eden space 8192K,   0% used [0x00000000e3400000, 0x00000000e3400000, 0x00000000e3c00000)
  from space 1024K,  65% used [0x00000000e3d00000, 0x00000000e3da7048, 0x00000000e3e00000)
  to   space 1024K,   0% used [0x00000000e3c00000, 0x00000000e3c00000, 0x00000000e3d00000)
 concurrent mark-sweep generation total 25736K, used 15538K [0x00000000ecca0000, 0x00000000ee5c2000, 0x0000000100000000)
 Metaspace       used 12996K, capacity 13334K, committed 13696K, reserved 1060864K
  class space    used 1469K, capacity 1585K, committed 1664K, reserved 1048576K
}
2020-11-07T19:57:57.584+0800: 4.261: Application time: 0.0362425 seconds
2020-11-07T19:57:57.591+0800: 4.268: Application time: 0.0059136 seconds
2020-11-07T19:57:57.591+0800: 4.268: [CMS-concurrent-abortable-preclean: 0.037/0.085 secs] [Times: user=0.07 sys=0.00, real=0.08 secs] 
2020-11-07T19:57:57.591+0800: 4.268: Application time: 0.0001091 seconds
2020-11-07T19:57:57.591+0800: 4.268: [GC (CMS Final Remark) [YG occupancy: 8191 K (9216 K)]2020-11-07T19:57:57.591+0800: 4.268: [Rescan (parallel) , 0.0133533 secs]2020-11-07T19:57:57.605+0800: 4.281: [weak refs processing, 0.0001124 secs]2020-11-07T19:57:57.605+0800: 4.282: [class unloading, 0.0039196 secs]2020-11-07T19:57:57.609+0800: 4.286: [scrub symbol table, 0.0028605 secs]2020-11-07T19:57:57.612+0800: 4.288: [scrub string table, 0.0003299 secs][1 CMS-remark: 15538K(25736K)] 23729K(34952K), 0.0207516 secs] [Times: user=0.02 sys=0.00, real=0.02 secs] 
2020-11-07T19:57:57.623+0800: 4.299: [CMS-concurrent-sweep-start]
2020-11-07T19:57:57.634+0800: 4.310: Application time: 0.0214473 seconds
{Heap before GC invocations=41 (full 5):
 par new generation   total 9216K, used 8860K [0x00000000e3400000, 0x00000000e3e00000, 0x00000000ecca0000)
  eden space 8192K, 100% used [0x00000000e3400000, 0x00000000e3c00000, 0x00000000e3c00000)
  from space 1024K,  65% used [0x00000000e3d00000, 0x00000000e3da7048, 0x00000000e3e00000)
  to   space 1024K,   0% used [0x00000000e3c00000, 0x00000000e3c00000, 0x00000000e3d00000)
 concurrent mark-sweep generation total 25736K, used 15490K [0x00000000ecca0000, 0x00000000ee5c2000, 0x0000000100000000)
 Metaspace       used 13319K, capacity 13612K, committed 13952K, reserved 1060864K
  class space    used 1494K, capacity 1588K, committed 1664K, reserved 1048576K
2020-11-07T19:57:57.634+0800: 4.310: [GC (Allocation Failure) 2020-11-07T19:57:57.634+0800: 4.311: [ParNew: 8860K->571K(9216K), 0.0056305 secs] 24350K->16263K(34952K), 0.0057139 secs] [Times: user=0.01 sys=0.00, real=0.01 secs] 
Heap after GC invocations=42 (full 5):
 par new generation   total 9216K, used 571K [0x00000000e3400000, 0x00000000e3e00000, 0x00000000ecca0000)
  eden space 8192K,   0% used [0x00000000e3400000, 0x00000000e3400000, 0x00000000e3c00000)
  from space 1024K,  55% used [0x00000000e3c00000, 0x00000000e3c8ece0, 0x00000000e3d00000)
  to   space 1024K,   0% used [0x00000000e3d00000, 0x00000000e3d00000, 0x00000000e3e00000)
 concurrent mark-sweep generation total 25736K, used 15692K [0x00000000ecca0000, 0x00000000ee5c2000, 0x0000000100000000)
 Metaspace       used 13319K, capacity 13612K, committed 13952K, reserved 1060864K
  class space    used 1494K, capacity 1588K, committed 1664K, reserved 1048576K
}
2020-11-07T19:57:57.644+0800: 4.321: Application time: 0.0043862 seconds
2020-11-07T19:57:57.644+0800: 4.321: Application time: 0.0000377 seconds
2020-11-07T19:57:57.644+0800: 4.321: Application time: 0.0000175 seconds
2020-11-07T19:57:57.644+0800: 4.321: Application time: 0.0000164 seconds
2020-11-07T19:57:57.644+0800: 4.321: Application time: 0.0000436 seconds
2020-11-07T19:57:57.644+0800: 4.321: Application time: 0.0000172 seconds
2020-11-07T19:57:57.644+0800: 4.321: Application time: 0.0000153 seconds
2020-11-07T19:57:57.644+0800: 4.321: Application time: 0.0000286 seconds
2020-11-07T19:57:57.644+0800: 4.321: Application time: 0.0000157 seconds
2020-11-07T19:57:57.645+0800: 4.321: Application time: 0.0000156 seconds
2020-11-07T19:57:57.645+0800: 4.321: Application time: 0.0000156 seconds
2020-11-07T19:57:57.645+0800: 4.321: Application time: 0.0000168 seconds
2020-11-07T19:57:57.645+0800: 4.321: Application time: 0.0000164 seconds
2020-11-07T19:57:57.645+0800: 4.321: Application time: 0.0000152 seconds
2020-11-07T19:57:57.645+0800: 4.321: Application time: 0.0000154 seconds
2020-11-07T19:57:57.645+0800: 4.322: Application time: 0.0000173 seconds
2020-11-07T19:57:57.646+0800: 4.323: [CMS-concurrent-sweep: 0.012/0.023 secs] [Times: user=0.02 sys=0.00, real=0.03 secs] 
2020-11-07T19:57:57.662+0800: 4.338: [CMS-concurrent-reset-start]
2020-11-07T19:57:57.663+0800: 4.340: [CMS-concurrent-reset: 0.001/0.001 secs] [Times: user=0.00 sys=0.00, real=0.00 secs] 
2020-11-07T19:57:57.674+0800: 4.351: Application time: 0.0290531 seconds
{Heap before GC invocations=42 (full 5):
 par new generation   total 9216K, used 8763K [0x00000000e3400000, 0x00000000e3e00000, 0x00000000ecca0000)
  eden space 8192K, 100% used [0x00000000e3400000, 0x00000000e3c00000, 0x00000000e3c00000)
  from space 1024K,  55% used [0x00000000e3c00000, 0x00000000e3c8ece0, 0x00000000e3d00000)
  to   space 1024K,   0% used [0x00000000e3d00000, 0x00000000e3d00000, 0x00000000e3e00000)
 concurrent mark-sweep generation total 26120K, used 15671K [0x00000000ecca0000, 0x00000000ee622000, 0x0000000100000000)
 Metaspace       used 13404K, capacity 13714K, committed 13952K, reserved 1060864K
  class space    used 1512K, capacity 1621K, committed 1664K, reserved 1048576K
2020-11-07T19:57:57.675+0800: 4.352: [GC (Allocation Failure) 2020-11-07T19:57:57.675+0800: 4.352: [ParNew: 8763K->349K(9216K), 0.0102550 secs] 24435K->16109K(35336K), 0.0103341 secs] [Times: user=0.01 sys=0.00, real=0.01 secs] 
Heap after GC invocations=43 (full 5):
 par new generation   total 9216K, used 349K [0x00000000e3400000, 0x00000000e3e00000, 0x00000000ecca0000)
  eden space 8192K,   0% used [0x00000000e3400000, 0x00000000e3400000, 0x00000000e3c00000)
  from space 1024K,  34% used [0x00000000e3d00000, 0x00000000e3d574d8, 0x00000000e3e00000)
  to   space 1024K,   0% used [0x00000000e3c00000, 0x00000000e3c00000, 0x00000000e3d00000)
 concurrent mark-sweep generation total 26120K, used 15759K [0x00000000ecca0000, 0x00000000ee622000, 0x0000000100000000)
 Metaspace       used 13404K, capacity 13714K, committed 13952K, reserved 1060864K
  class space    used 1512K, capacity 1621K, committed 1664K, reserved 1048576K
}
2020-11-07T19:57:57.700+0800: 4.376: Application time: 0.0140981 seconds
2020-11-07T19:57:57.701+0800: 4.377: [GC (CMS Initial Mark) [1 CMS-initial-mark: 15759K(26120K)] 19305K(35336K), 0.0028894 secs] [Times: user=0.01 sys=0.00, real=0.00 secs] 
2020-11-07T19:57:57.704+0800: 4.380: [CMS-concurrent-mark-start]
2020-11-07T19:57:57.727+0800: 4.403: Application time: 0.0228980 seconds
2020-11-07T19:57:57.744+0800: 4.421: Application time: 0.0170439 seconds
{Heap before GC invocations=43 (full 6):
 par new generation   total 9216K, used 8541K [0x00000000e3400000, 0x00000000e3e00000, 0x00000000ecca0000)
  eden space 8192K, 100% used [0x00000000e3400000, 0x00000000e3c00000, 0x00000000e3c00000)
  from space 1024K,  34% used [0x00000000e3d00000, 0x00000000e3d574d8, 0x00000000e3e00000)
  to   space 1024K,   0% used [0x00000000e3c00000, 0x00000000e3c00000, 0x00000000e3d00000)
 concurrent mark-sweep generation total 26120K, used 15759K [0x00000000ecca0000, 0x00000000ee622000, 0x0000000100000000)
 Metaspace       used 13522K, capacity 13850K, committed 13952K, reserved 1060864K
  class space    used 1526K, capacity 1623K, committed 1664K, reserved 1048576K
2020-11-07T19:57:57.744+0800: 4.421: [GC (Allocation Failure) 2020-11-07T19:57:57.744+0800: 4.421: [ParNew: 8541K->446K(9216K), 0.0043246 secs] 24301K->16206K(35336K), 0.0044163 secs] [Times: user=0.00 sys=0.00, real=0.01 secs] 
Heap after GC invocations=44 (full 6):
 par new generation   total 9216K, used 446K [0x00000000e3400000, 0x00000000e3e00000, 0x00000000ecca0000)
  eden space 8192K,   0% used [0x00000000e3400000, 0x00000000e3400000, 0x00000000e3c00000)
  from space 1024K,  43% used [0x00000000e3c00000, 0x00000000e3c6fac8, 0x00000000e3d00000)
  to   space 1024K,   0% used [0x00000000e3d00000, 0x00000000e3d00000, 0x00000000e3e00000)
 concurrent mark-sweep generation total 26120K, used 15759K [0x00000000ecca0000, 0x00000000ee622000, 0x0000000100000000)
 Metaspace       used 13522K, capacity 13850K, committed 13952K, reserved 1060864K
  class space    used 1526K, capacity 1623K, committed 1664K, reserved 1048576K
}
2020-11-07T19:57:57.756+0800: 4.432: Application time: 0.0070487 seconds
2020-11-07T19:57:57.756+0800: 4.432: Application time: 0.0000386 seconds
2020-11-07T19:57:57.756+0800: 4.433: Application time: 0.0000178 seconds
2020-11-07T19:57:57.756+0800: 4.433: Application time: 0.0000162 seconds
2020-11-07T19:57:57.756+0800: 4.433: Application time: 0.0000392 seconds
2020-11-07T19:57:57.756+0800: 4.433: Application time: 0.0000231 seconds
2020-11-07T19:57:57.756+0800: 4.433: Application time: 0.0000166 seconds
2020-11-07T19:57:57.756+0800: 4.433: Application time: 0.0000179 seconds
2020-11-07T19:57:57.756+0800: 4.433: Application time: 0.0000162 seconds
2020-11-07T19:57:57.756+0800: 4.433: Application time: 0.0000156 seconds
2020-11-07T19:57:57.756+0800: 4.433: Application time: 0.0000161 seconds
2020-11-07T19:57:57.756+0800: 4.433: Application time: 0.0000168 seconds
2020-11-07T19:57:57.756+0800: 4.433: Application time: 0.0000153 seconds
2020-11-07T19:57:57.756+0800: 4.433: Application time: 0.0000227 seconds
2020-11-07T19:57:57.757+0800: 4.433: Application time: 0.0000211 seconds
2020-11-07T19:57:57.757+0800: 4.433: Application time: 0.0000171 seconds
2020-11-07T19:57:57.757+0800: 4.434: Application time: 0.0002632 seconds
2020-11-07T19:57:57.783+0800: 4.459: Application time: 0.0256187 seconds
{Heap before GC invocations=44 (full 6):
 par new generation   total 9216K, used 8638K [0x00000000e3400000, 0x00000000e3e00000, 0x00000000ecca0000)
  eden space 8192K, 100% used [0x00000000e3400000, 0x00000000e3c00000, 0x00000000e3c00000)
  from space 1024K,  43% used [0x00000000e3c00000, 0x00000000e3c6fac8, 0x00000000e3d00000)
  to   space 1024K,   0% used [0x00000000e3d00000, 0x00000000e3d00000, 0x00000000e3e00000)
 concurrent mark-sweep generation total 26120K, used 15759K [0x00000000ecca0000, 0x00000000ee622000, 0x0000000100000000)
 Metaspace       used 13583K, capacity 13862K, committed 13952K, reserved 1060864K
  class space    used 1536K, capacity 1627K, committed 1664K, reserved 1048576K
2020-11-07T19:57:57.783+0800: 4.459: [GC (Allocation Failure) 2020-11-07T19:57:57.783+0800: 4.459: [ParNew: 8638K->368K(9216K), 0.0063261 secs] 24398K->16128K(35336K), 0.0063761 secs] [Times: user=0.01 sys=0.00, real=0.01 secs] 
Heap after GC invocations=45 (full 6):
 par new generation   total 9216K, used 368K [0x00000000e3400000, 0x00000000e3e00000, 0x00000000ecca0000)
  eden space 8192K,   0% used [0x00000000e3400000, 0x00000000e3400000, 0x00000000e3c00000)
  from space 1024K,  35% used [0x00000000e3d00000, 0x00000000e3d5c080, 0x00000000e3e00000)
  to   space 1024K,   0% used [0x00000000e3c00000, 0x00000000e3c00000, 0x00000000e3d00000)
 concurrent mark-sweep generation total 26120K, used 15759K [0x00000000ecca0000, 0x00000000ee622000, 0x0000000100000000)
 Metaspace       used 13583K, capacity 13862K, committed 13952K, reserved 1060864K
  class space    used 1536K, capacity 1627K, committed 1664K, reserved 1048576K
}
2020-11-07T19:57:57.804+0800: 4.481: [CMS-concurrent-mark: 0.080/0.100 secs] [Times: user=0.09 sys=0.00, real=0.10 secs] 
2020-11-07T19:57:57.804+0800: 4.481: [CMS-concurrent-preclean-start]
2020-11-07T19:57:57.805+0800: 4.482: [CMS-concurrent-preclean: 0.001/0.001 secs] [Times: user=0.00 sys=0.00, real=0.01 secs] 
2020-11-07T19:57:57.823+0800: 4.500: Application time: 0.0341569 seconds
2020-11-07T19:57:57.824+0800: 4.501: [GC (CMS Final Remark) [YG occupancy: 6548 K (9216 K)]2020-11-07T19:57:57.824+0800: 4.501: [Rescan (parallel) , 0.0181437 secs]2020-11-07T19:57:57.843+0800: 4.519: [weak refs processing, 0.0000491 secs]2020-11-07T19:57:57.843+0800: 4.519: [class unloading, 0.0030958 secs]2020-11-07T19:57:57.846+0800: 4.522: [scrub symbol table, 0.0027554 secs]2020-11-07T19:57:57.849+0800: 4.525: [scrub string table, 0.0003354 secs][1 CMS-remark: 15759K(26120K)] 22308K(35336K), 0.0245402 secs] [Times: user=0.03 sys=0.00, real=0.03 secs] 
2020-11-07T19:57:57.855+0800: 4.532: [CMS-concurrent-sweep-start]
2020-11-07T19:57:57.869+0800: 4.546: Application time: 0.0199817 seconds
{Heap before GC invocations=45 (full 6):
 par new generation   total 9216K, used 8560K [0x00000000e3400000, 0x00000000e3e00000, 0x00000000ecca0000)
  eden space 8192K, 100% used [0x00000000e3400000, 0x00000000e3c00000, 0x00000000e3c00000)
  from space 1024K,  35% used [0x00000000e3d00000, 0x00000000e3d5c080, 0x00000000e3e00000)
  to   space 1024K,   0% used [0x00000000e3c00000, 0x00000000e3c00000, 0x00000000e3d00000)
 concurrent mark-sweep generation total 26120K, used 15757K [0x00000000ecca0000, 0x00000000ee622000, 0x0000000100000000)
 Metaspace       used 13707K, capacity 14076K, committed 14336K, reserved 1062912K
  class space    used 1554K, capacity 1672K, committed 1792K, reserved 1048576K
2020-11-07T19:57:57.869+0800: 4.546: [GC (Allocation Failure) 2020-11-07T19:57:57.869+0800: 4.546: [ParNew: 8560K->381K(9216K), 0.0079781 secs] 24317K->16139K(35336K), 0.0080672 secs] [Times: user=0.01 sys=0.00, real=0.01 secs] 
Heap after GC invocations=46 (full 6):
 par new generation   total 9216K, used 381K [0x00000000e3400000, 0x00000000e3e00000, 0x00000000ecca0000)
  eden space 8192K,   0% used [0x00000000e3400000, 0x00000000e3400000, 0x00000000e3c00000)
  from space 1024K,  37% used [0x00000000e3c00000, 0x00000000e3c5f5e8, 0x00000000e3d00000)
  to   space 1024K,   0% used [0x00000000e3d00000, 0x00000000e3d00000, 0x00000000e3e00000)
 concurrent mark-sweep generation total 26120K, used 15757K [0x00000000ecca0000, 0x00000000ee622000, 0x0000000100000000)
 Metaspace       used 13707K, capacity 14076K, committed 14336K, reserved 1062912K
  class space    used 1554K, capacity 1672K, committed 1792K, reserved 1048576K
}
2020-11-07T19:57:57.886+0800: 4.563: [CMS-concurrent-sweep: 0.016/0.031 secs] [Times: user=0.03 sys=0.00, real=0.03 secs] 
2020-11-07T19:57:57.886+0800: 4.563: [CMS-concurrent-reset-start]
2020-11-07T19:57:57.887+0800: 4.564: [CMS-concurrent-reset: 0.001/0.001 secs] [Times: user=0.00 sys=0.00, real=0.00 secs] 
2020-11-07T19:57:57.911+0800: 4.588: Application time: 0.0337676 seconds
2020-11-07T19:57:57.919+0800: 4.595: Application time: 0.0061806 seconds
{Heap before GC invocations=46 (full 6):
 par new generation   total 9216K, used 8573K [0x00000000e3400000, 0x00000000e3e00000, 0x00000000ecca0000)
  eden space 8192K, 100% used [0x00000000e3400000, 0x00000000e3c00000, 0x00000000e3c00000)
  from space 1024K,  37% used [0x00000000e3c00000, 0x00000000e3c5f5e8, 0x00000000e3d00000)
  to   space 1024K,   0% used [0x00000000e3d00000, 0x00000000e3d00000, 0x00000000e3e00000)
 concurrent mark-sweep generation total 26312K, used 15755K [0x00000000ecca0000, 0x00000000ee652000, 0x0000000100000000)
 Metaspace       used 13843K, capacity 14194K, committed 14336K, reserved 1062912K
  class space    used 1576K, capacity 1709K, committed 1792K, reserved 1048576K
2020-11-07T19:57:57.919+0800: 4.596: [GC (Allocation Failure) 2020-11-07T19:57:57.919+0800: 4.596: [ParNew: 8573K->516K(9216K), 0.0151432 secs] 24329K->16271K(35528K), 0.0152583 secs] [Times: user=0.02 sys=0.00, real=0.01 secs] 
Heap after GC invocations=47 (full 6):
 par new generation   total 9216K, used 516K [0x00000000e3400000, 0x00000000e3e00000, 0x00000000ecca0000)
  eden space 8192K,   0% used [0x00000000e3400000, 0x00000000e3400000, 0x00000000e3c00000)
  from space 1024K,  50% used [0x00000000e3d00000, 0x00000000e3d81098, 0x00000000e3e00000)
  to   space 1024K,   0% used [0x00000000e3c00000, 0x00000000e3c00000, 0x00000000e3d00000)
 concurrent mark-sweep generation total 26312K, used 15755K [0x00000000ecca0000, 0x00000000ee652000, 0x0000000100000000)
 Metaspace       used 13843K, capacity 14194K, committed 14336K, reserved 1062912K
  class space    used 1576K, capacity 1709K, committed 1792K, reserved 1048576K
}
2020-11-07T19:57:57.948+0800: 4.625: Application time: 0.0139334 seconds
2020-11-07T19:57:57.985+0800: 4.661: Application time: 0.0355550 seconds
{Heap before GC invocations=47 (full 6):
 par new generation   total 9216K, used 8708K [0x00000000e3400000, 0x00000000e3e00000, 0x00000000ecca0000)
  eden space 8192K, 100% used [0x00000000e3400000, 0x00000000e3c00000, 0x00000000e3c00000)
  from space 1024K,  50% used [0x00000000e3d00000, 0x00000000e3d81098, 0x00000000e3e00000)
  to   space 1024K,   0% used [0x00000000e3c00000, 0x00000000e3c00000, 0x00000000e3d00000)
 concurrent mark-sweep generation total 26312K, used 15755K [0x00000000ecca0000, 0x00000000ee652000, 0x0000000100000000)
 Metaspace       used 14191K, capacity 14552K, committed 14848K, reserved 1062912K
  class space    used 1624K, capacity 1742K, committed 1792K, reserved 1048576K
2020-11-07T19:57:57.986+0800: 4.663: [GC (Allocation Failure) 2020-11-07T19:57:57.986+0800: 4.663: [ParNew: 8708K->464K(9216K), 0.0095415 secs] 24463K->16253K(35528K), 0.0095969 secs] [Times: user=0.01 sys=0.00, real=0.01 secs] 
Heap after GC invocations=48 (full 6):
 par new generation   total 9216K, used 464K [0x00000000e3400000, 0x00000000e3e00000, 0x00000000ecca0000)
  eden space 8192K,   0% used [0x00000000e3400000, 0x00000000e3400000, 0x00000000e3c00000)
  from space 1024K,  45% used [0x00000000e3c00000, 0x00000000e3c740a8, 0x00000000e3d00000)
  to   space 1024K,   0% used [0x00000000e3d00000, 0x00000000e3d00000, 0x00000000e3e00000)
 concurrent mark-sweep generation total 26312K, used 15788K [0x00000000ecca0000, 0x00000000ee652000, 0x0000000100000000)
 Metaspace       used 14191K, capacity 14552K, committed 14848K, reserved 1062912K
  class space    used 1624K, capacity 1742K, committed 1792K, reserved 1048576K
}
2020-11-07T19:57:57.999+0800: 4.675: Application time: 0.0028012 seconds
2020-11-07T19:57:58.010+0800: 4.687: Application time: 0.0109530 seconds
2020-11-07T19:57:58.010+0800: 4.687: [GC (CMS Initial Mark) [1 CMS-initial-mark: 15788K(26312K)] 19847K(35528K), 0.0040481 secs] [Times: user=0.00 sys=0.00, real=0.00 secs] 
2020-11-07T19:57:58.031+0800: 4.707: [CMS-concurrent-mark-start]
2020-11-07T19:57:58.048+0800: 4.725: Application time: 0.0339301 seconds
2020-11-07T19:57:58.108+0800: 4.785: Application time: 0.0571284 seconds
{Heap before GC invocations=48 (full 7):
 par new generation   total 9216K, used 8656K [0x00000000e3400000, 0x00000000e3e00000, 0x00000000ecca0000)
  eden space 8192K, 100% used [0x00000000e3400000, 0x00000000e3c00000, 0x00000000e3c00000)
  from space 1024K,  45% used [0x00000000e3c00000, 0x00000000e3c740a8, 0x00000000e3d00000)
  to   space 1024K,   0% used [0x00000000e3d00000, 0x00000000e3d00000, 0x00000000e3e00000)
 concurrent mark-sweep generation total 26312K, used 15788K [0x00000000ecca0000, 0x00000000ee652000, 0x0000000100000000)
 Metaspace       used 14508K, capacity 14892K, committed 15104K, reserved 1062912K
  class space    used 1666K, capacity 1788K, committed 1792K, reserved 1048576K
2020-11-07T19:57:58.108+0800: 4.785: [GC (Allocation Failure) 2020-11-07T19:57:58.109+0800: 4.785: [ParNew: 8656K->688K(9216K), 0.0113685 secs] 24445K->16507K(35528K), 0.0114595 secs] [Times: user=0.01 sys=0.00, real=0.01 secs] 
Heap after GC invocations=49 (full 7):
 par new generation   total 9216K, used 688K [0x00000000e3400000, 0x00000000e3e00000, 0x00000000ecca0000)
  eden space 8192K,   0% used [0x00000000e3400000, 0x00000000e3400000, 0x00000000e3c00000)
  from space 1024K,  67% used [0x00000000e3d00000, 0x00000000e3dac0b8, 0x00000000e3e00000)
  to   space 1024K,   0% used [0x00000000e3c00000, 0x00000000e3c00000, 0x00000000e3d00000)
 concurrent mark-sweep generation total 26312K, used 15819K [0x00000000ecca0000, 0x00000000ee652000, 0x0000000100000000)
 Metaspace       used 14508K, capacity 14892K, committed 15104K, reserved 1062912K
  class space    used 1666K, capacity 1788K, committed 1792K, reserved 1048576K
}
2020-11-07T19:57:58.157+0800: 4.834: [CMS-concurrent-mark: 0.112/0.127 secs] [Times: user=0.12 sys=0.00, real=0.13 secs] 
2020-11-07T19:57:58.157+0800: 4.834: [CMS-concurrent-preclean-start]
2020-11-07T19:57:58.168+0800: 4.844: Application time: 0.0475344 seconds
{Heap before GC invocations=49 (full 7):
 par new generation   total 9216K, used 8880K [0x00000000e3400000, 0x00000000e3e00000, 0x00000000ecca0000)
  eden space 8192K, 100% used [0x00000000e3400000, 0x00000000e3c00000, 0x00000000e3c00000)
  from space 1024K,  67% used [0x00000000e3d00000, 0x00000000e3dac0b8, 0x00000000e3e00000)
  to   space 1024K,   0% used [0x00000000e3c00000, 0x00000000e3c00000, 0x00000000e3d00000)
 concurrent mark-sweep generation total 26312K, used 15819K [0x00000000ecca0000, 0x00000000ee652000, 0x0000000100000000)
 Metaspace       used 14608K, capacity 15042K, committed 15232K, reserved 1062912K
  class space    used 1686K, capacity 1837K, committed 1920K, reserved 1048576K
2020-11-07T19:57:58.168+0800: 4.845: [GC (Allocation Failure) 2020-11-07T19:57:58.168+0800: 4.845: [ParNew: 8880K->521K(9216K), 0.0146728 secs] 24699K->16516K(35528K), 0.0147636 secs] [Times: user=0.01 sys=0.00, real=0.01 secs] 
Heap after GC invocations=50 (full 7):
 par new generation   total 9216K, used 521K [0x00000000e3400000, 0x00000000e3e00000, 0x00000000ecca0000)
  eden space 8192K,   0% used [0x00000000e3400000, 0x00000000e3400000, 0x00000000e3c00000)
  from space 1024K,  50% used [0x00000000e3c00000, 0x00000000e3c82420, 0x00000000e3d00000)
  to   space 1024K,   0% used [0x00000000e3d00000, 0x00000000e3d00000, 0x00000000e3e00000)
 concurrent mark-sweep generation total 26312K, used 15995K [0x00000000ecca0000, 0x00000000ee652000, 0x0000000100000000)
 Metaspace       used 14608K, capacity 15042K, committed 15232K, reserved 1062912K
  class space    used 1686K, capacity 1837K, committed 1920K, reserved 1048576K
}
2020-11-07T19:57:58.183+0800: 4.859: [CMS-concurrent-preclean: 0.010/0.025 secs] [Times: user=0.02 sys=0.00, real=0.02 secs] 
2020-11-07T19:57:58.185+0800: 4.862: Application time: 0.0025740 seconds
2020-11-07T19:57:58.185+0800: 4.862: [GC (CMS Final Remark) [YG occupancy: 1416 K (9216 K)]2020-11-07T19:57:58.185+0800: 4.862: [Rescan (parallel) , 0.0037506 secs]2020-11-07T19:57:58.189+0800: 4.866: [weak refs processing, 0.0008790 secs]2020-11-07T19:57:58.190+0800: 4.867: [class unloading, 0.0027759 secs]2020-11-07T19:57:58.193+0800: 4.870: [scrub symbol table, 0.0038140 secs]2020-11-07T19:57:58.197+0800: 4.873: [scrub string table, 0.0003505 secs][1 CMS-remark: 15995K(26312K)] 17412K(35528K), 0.0117205 secs] [Times: user=0.01 sys=0.00, real=0.01 secs] 
2020-11-07T19:57:58.211+0800: 4.888: [CMS-concurrent-sweep-start]
2020-11-07T19:57:58.221+0800: 4.898: [CMS-concurrent-sweep: 0.010/0.010 secs] [Times: user=0.01 sys=0.00, real=0.01 secs] 
2020-11-07T19:57:58.221+0800: 4.898: [CMS-concurrent-reset-start]
2020-11-07T19:57:58.222+0800: 4.899: [CMS-concurrent-reset: 0.001/0.001 secs] [Times: user=0.00 sys=0.00, real=0.00 secs] 
2020-11-07T19:57:58.233+0800: 4.909: Application time: 0.0356281 seconds
{Heap before GC invocations=50 (full 7):
 par new generation   total 9216K, used 8713K [0x00000000e3400000, 0x00000000e3e00000, 0x00000000ecca0000)
  eden space 8192K, 100% used [0x00000000e3400000, 0x00000000e3c00000, 0x00000000e3c00000)
  from space 1024K,  50% used [0x00000000e3c00000, 0x00000000e3c82420, 0x00000000e3d00000)
  to   space 1024K,   0% used [0x00000000e3d00000, 0x00000000e3d00000, 0x00000000e3e00000)
 concurrent mark-sweep generation total 26656K, used 15992K [0x00000000ecca0000, 0x00000000ee6a8000, 0x0000000100000000)
 Metaspace       used 14644K, capacity 15048K, committed 15232K, reserved 1062912K
  class space    used 1692K, capacity 1838K, committed 1920K, reserved 1048576K
2020-11-07T19:57:58.235+0800: 4.911: [GC (Allocation Failure) 2020-11-07T19:57:58.235+0800: 4.911: [ParNew: 8713K->441K(9216K), 0.0169909 secs] 24705K->16433K(35872K), 0.0170950 secs] [Times: user=0.01 sys=0.00, real=0.01 secs] 
Heap after GC invocations=51 (full 7):
 par new generation   total 9216K, used 441K [0x00000000e3400000, 0x00000000e3e00000, 0x00000000ecca0000)
  eden space 8192K,   0% used [0x00000000e3400000, 0x00000000e3400000, 0x00000000e3c00000)
  from space 1024K,  43% used [0x00000000e3d00000, 0x00000000e3d6e550, 0x00000000e3e00000)
  to   space 1024K,   0% used [0x00000000e3c00000, 0x00000000e3c00000, 0x00000000e3d00000)
 concurrent mark-sweep generation total 26656K, used 15992K [0x00000000ecca0000, 0x00000000ee6a8000, 0x0000000100000000)
 Metaspace       used 14644K, capacity 15048K, committed 15232K, reserved 1062912K
  class space    used 1692K, capacity 1838K, committed 1920K, reserved 1048576K
}
2020-11-07T19:57:58.255+0800: 4.931: Application time: 0.0027043 seconds
2020-11-07T19:57:58.258+0800: 4.934: Application time: 0.0029828 seconds
2020-11-07T19:57:58.293+0800: 4.970: Application time: 0.0355735 seconds
{Heap before GC invocations=51 (full 7):
 par new generation   total 9216K, used 8633K [0x00000000e3400000, 0x00000000e3e00000, 0x00000000ecca0000)
  eden space 8192K, 100% used [0x00000000e3400000, 0x00000000e3c00000, 0x00000000e3c00000)
  from space 1024K,  43% used [0x00000000e3d00000, 0x00000000e3d6e550, 0x00000000e3e00000)
  to   space 1024K,   0% used [0x00000000e3c00000, 0x00000000e3c00000, 0x00000000e3d00000)
 concurrent mark-sweep generation total 26656K, used 15992K [0x00000000ecca0000, 0x00000000ee6a8000, 0x0000000100000000)
 Metaspace       used 14808K, capacity 15232K, committed 15488K, reserved 1062912K
  class space    used 1728K, capacity 1876K, committed 1920K, reserved 1048576K
2020-11-07T19:57:58.293+0800: 4.970: [GC (Allocation Failure) 2020-11-07T19:57:58.293+0800: 4.970: [ParNew: 8633K->514K(9216K), 0.0107662 secs] 24625K->16506K(35872K), 0.0108272 secs] [Times: user=0.01 sys=0.00, real=0.01 secs] 
Heap after GC invocations=52 (full 7):
 par new generation   total 9216K, used 514K [0x00000000e3400000, 0x00000000e3e00000, 0x00000000ecca0000)
  eden space 8192K,   0% used [0x00000000e3400000, 0x00000000e3400000, 0x00000000e3c00000)
  from space 1024K,  50% used [0x00000000e3c00000, 0x00000000e3c80818, 0x00000000e3d00000)
  to   space 1024K,   0% used [0x00000000e3d00000, 0x00000000e3d00000, 0x00000000e3e00000)
 concurrent mark-sweep generation total 26656K, used 15992K [0x00000000ecca0000, 0x00000000ee6a8000, 0x0000000100000000)
 Metaspace       used 14808K, capacity 15232K, committed 15488K, reserved 1062912K
  class space    used 1728K, capacity 1876K, committed 1920K, reserved 1048576K
}
2020-11-07T19:57:58.353+0800: 5.030: Application time: 0.0486681 seconds
{Heap before GC invocations=52 (full 7):
 par new generation   total 9216K, used 8706K [0x00000000e3400000, 0x00000000e3e00000, 0x00000000ecca0000)
  eden space 8192K, 100% used [0x00000000e3400000, 0x00000000e3c00000, 0x00000000e3c00000)
  from space 1024K,  50% used [0x00000000e3c00000, 0x00000000e3c80818, 0x00000000e3d00000)
  to   space 1024K,   0% used [0x00000000e3d00000, 0x00000000e3d00000, 0x00000000e3e00000)
 concurrent mark-sweep generation total 26656K, used 15992K [0x00000000ecca0000, 0x00000000ee6a8000, 0x0000000100000000)
 Metaspace       used 15012K, capacity 15456K, committed 15488K, reserved 1062912K
  class space    used 1756K, capacity 1908K, committed 1920K, reserved 1048576K
2020-11-07T19:57:58.365+0800: 5.042: [GC (Allocation Failure) 2020-11-07T19:57:58.365+0800: 5.042: [ParNew: 8706K->477K(9216K), 0.0148812 secs] 24698K->16491K(35872K), 0.0149503 secs] [Times: user=0.01 sys=0.00, real=0.01 secs] 
Heap after GC invocations=53 (full 7):
 par new generation   total 9216K, used 477K [0x00000000e3400000, 0x00000000e3e00000, 0x00000000ecca0000)
  eden space 8192K,   0% used [0x00000000e3400000, 0x00000000e3400000, 0x00000000e3c00000)
  from space 1024K,  46% used [0x00000000e3d00000, 0x00000000e3d774a8, 0x00000000e3e00000)
  to   space 1024K,   0% used [0x00000000e3c00000, 0x00000000e3c00000, 0x00000000e3d00000)
 concurrent mark-sweep generation total 26656K, used 16014K [0x00000000ecca0000, 0x00000000ee6a8000, 0x0000000100000000)
 Metaspace       used 15012K, capacity 15456K, committed 15488K, reserved 1062912K
  class space    used 1756K, capacity 1908K, committed 1920K, reserved 1048576K
}
2020-11-07T19:57:58.388+0800: 5.065: Application time: 0.0077604 seconds
2020-11-07T19:57:58.388+0800: 5.065: [GC (CMS Initial Mark) [1 CMS-initial-mark: 16014K(26656K)] 18175K(35872K), 0.0036782 secs] [Times: user=0.00 sys=0.00, real=0.00 secs] 
2020-11-07T19:57:58.392+0800: 5.069: [CMS-concurrent-mark-start]
2020-11-07T19:57:58.440+0800: 5.116: Application time: 0.0476153 seconds
{Heap before GC invocations=53 (full 8):
 par new generation   total 9216K, used 8669K [0x00000000e3400000, 0x00000000e3e00000, 0x00000000ecca0000)
  eden space 8192K, 100% used [0x00000000e3400000, 0x00000000e3c00000, 0x00000000e3c00000)
  from space 1024K,  46% used [0x00000000e3d00000, 0x00000000e3d774a8, 0x00000000e3e00000)
  to   space 1024K,   0% used [0x00000000e3c00000, 0x00000000e3c00000, 0x00000000e3d00000)
 concurrent mark-sweep generation total 26656K, used 16014K [0x00000000ecca0000, 0x00000000ee6a8000, 0x0000000100000000)
 Metaspace       used 15114K, capacity 15520K, committed 15744K, reserved 1062912K
  class space    used 1780K, capacity 1908K, committed 1920K, reserved 1048576K
2020-11-07T19:57:58.440+0800: 5.116: [GC (Allocation Failure) 2020-11-07T19:57:58.440+0800: 5.116: [ParNew: 8669K->592K(9216K), 0.5921600 secs] 24683K->16619K(35872K), 0.5922354 secs] [Times: user=0.56 sys=0.01, real=0.59 secs] 
Heap after GC invocations=54 (full 8):
 par new generation   total 9216K, used 592K [0x00000000e3400000, 0x00000000e3e00000, 0x00000000ecca0000)
  eden space 8192K,   0% used [0x00000000e3400000, 0x00000000e3400000, 0x00000000e3c00000)
  from space 1024K,  57% used [0x00000000e3c00000, 0x00000000e3c94040, 0x00000000e3d00000)
  to   space 1024K,   0% used [0x00000000e3d00000, 0x00000000e3d00000, 0x00000000e3e00000)
 concurrent mark-sweep generation total 26656K, used 16027K [0x00000000ecca0000, 0x00000000ee6a8000, 0x0000000100000000)
 Metaspace       used 15114K, capacity 15520K, committed 15744K, reserved 1062912K
  class space    used 1780K, capacity 1908K, committed 1920K, reserved 1048576K
}
2020-11-07T19:57:59.062+0800: 5.739: Application time: 0.0303724 seconds
2020-11-07T19:57:59.069+0800: 5.746: [CMS-concurrent-mark: 0.081/0.677 secs] [Times: user=0.63 sys=0.01, real=0.68 secs] 
2020-11-07T19:57:59.069+0800: 5.746: Application time: 0.0070826 seconds
2020-11-07T19:57:59.072+0800: 5.749: Application time: 0.0000414 seconds
2020-11-07T19:57:59.072+0800: 5.749: Application time: 0.0000415 seconds
2020-11-07T19:57:59.072+0800: 5.749: Application time: 0.0000336 seconds
2020-11-07T19:57:59.072+0800: 5.749: Application time: 0.0001435 seconds
2020-11-07T19:57:59.072+0800: 5.749: Application time: 0.0000244 seconds
2020-11-07T19:57:59.072+0800: 5.749: Application time: 0.0000664 seconds
2020-11-07T19:57:59.073+0800: 5.749: Application time: 0.0000161 seconds
2020-11-07T19:57:59.073+0800: 5.749: Application time: 0.0000438 seconds
2020-11-07T19:57:59.073+0800: 5.749: Application time: 0.0000274 seconds
2020-11-07T19:57:59.073+0800: 5.749: Application time: 0.0000285 seconds
2020-11-07T19:57:59.073+0800: 5.750: Application time: 0.0000347 seconds
2020-11-07T19:57:59.073+0800: 5.750: Application time: 0.0000240 seconds
2020-11-07T19:57:59.073+0800: 5.750: Application time: 0.0000271 seconds
2020-11-07T19:57:59.073+0800: 5.750: Application time: 0.0000567 seconds
2020-11-07T19:57:59.073+0800: 5.750: Application time: 0.0000704 seconds
2020-11-07T19:57:59.076+0800: 5.753: [CMS-concurrent-preclean-start]
2020-11-07T19:57:59.077+0800: 5.754: [CMS-concurrent-preclean: 0.001/0.001 secs] [Times: user=0.00 sys=0.00, real=0.00 secs] 
2020-11-07T19:57:59.077+0800: 5.754: [CMS-concurrent-abortable-preclean-start]
2020-11-07T19:57:59.083+0800: 5.760: Application time: 0.0096971 seconds
{Heap before GC invocations=54 (full 8):
 par new generation   total 9216K, used 8784K [0x00000000e3400000, 0x00000000e3e00000, 0x00000000ecca0000)
  eden space 8192K, 100% used [0x00000000e3400000, 0x00000000e3c00000, 0x00000000e3c00000)
  from space 1024K,  57% used [0x00000000e3c00000, 0x00000000e3c94040, 0x00000000e3d00000)
  to   space 1024K,   0% used [0x00000000e3d00000, 0x00000000e3d00000, 0x00000000e3e00000)
 concurrent mark-sweep generation total 26656K, used 16027K [0x00000000ecca0000, 0x00000000ee6a8000, 0x0000000100000000)
 Metaspace       used 15254K, capacity 15744K, committed 15872K, reserved 1062912K
  class space    used 1808K, capacity 1940K, committed 2048K, reserved 1048576K
2020-11-07T19:57:59.083+0800: 5.760: [GC (Allocation Failure) 2020-11-07T19:57:59.083+0800: 5.760: [ParNew: 8784K->686K(9216K), 0.0101265 secs] 24811K->16735K(35872K), 0.0101949 secs] [Times: user=0.01 sys=0.00, real=0.01 secs] 
Heap after GC invocations=55 (full 8):
 par new generation   total 9216K, used 686K [0x00000000e3400000, 0x00000000e3e00000, 0x00000000ecca0000)
  eden space 8192K,   0% used [0x00000000e3400000, 0x00000000e3400000, 0x00000000e3c00000)
  from space 1024K,  66% used [0x00000000e3d00000, 0x00000000e3dab830, 0x00000000e3e00000)
  to   space 1024K,   0% used [0x00000000e3c00000, 0x00000000e3c00000, 0x00000000e3d00000)
 concurrent mark-sweep generation total 26656K, used 16049K [0x00000000ecca0000, 0x00000000ee6a8000, 0x0000000100000000)
 Metaspace       used 15254K, capacity 15744K, committed 15872K, reserved 1062912K
  class space    used 1808K, capacity 1940K, committed 2048K, reserved 1048576K
}
2020-11-07T19:57:59.131+0800: 5.807: Application time: 0.0371540 seconds
{Heap before GC invocations=55 (full 8):
 par new generation   total 9216K, used 8878K [0x00000000e3400000, 0x00000000e3e00000, 0x00000000ecca0000)
  eden space 8192K, 100% used [0x00000000e3400000, 0x00000000e3c00000, 0x00000000e3c00000)
  from space 1024K,  66% used [0x00000000e3d00000, 0x00000000e3dab830, 0x00000000e3e00000)
  to   space 1024K,   0% used [0x00000000e3c00000, 0x00000000e3c00000, 0x00000000e3d00000)
 concurrent mark-sweep generation total 26656K, used 16049K [0x00000000ecca0000, 0x00000000ee6a8000, 0x0000000100000000)
 Metaspace       used 15358K, capacity 15840K, committed 16128K, reserved 1062912K
  class space    used 1836K, capacity 1972K, committed 2048K, reserved 1048576K
2020-11-07T19:57:59.131+0800: 5.807: [GC (Allocation Failure) 2020-11-07T19:57:59.131+0800: 5.807: [ParNew: 8878K->639K(9216K), 0.0178054 secs] 24927K->16773K(35872K), 0.0178625 secs] [Times: user=0.02 sys=0.00, real=0.02 secs] 
Heap after GC invocations=56 (full 8):
 par new generation   total 9216K, used 639K [0x00000000e3400000, 0x00000000e3e00000, 0x00000000ecca0000)
  eden space 8192K,   0% used [0x00000000e3400000, 0x00000000e3400000, 0x00000000e3c00000)
  from space 1024K,  62% used [0x00000000e3c00000, 0x00000000e3c9fde0, 0x00000000e3d00000)
  to   space 1024K,   0% used [0x00000000e3d00000, 0x00000000e3d00000, 0x00000000e3e00000)
 concurrent mark-sweep generation total 26656K, used 16133K [0x00000000ecca0000, 0x00000000ee6a8000, 0x0000000100000000)
 Metaspace       used 15358K, capacity 15840K, committed 16128K, reserved 1062912K
  class space    used 1836K, capacity 1972K, committed 2048K, reserved 1048576K
}
2020-11-07T19:57:59.149+0800: 5.826: [CMS-concurrent-abortable-preclean: 0.025/0.072 secs] [Times: user=0.07 sys=0.00, real=0.07 secs] 
2020-11-07T19:57:59.152+0800: 5.829: Application time: 0.0038477 seconds
2020-11-07T19:57:59.153+0800: 5.829: Application time: 0.0000292 seconds
2020-11-07T19:57:59.153+0800: 5.829: [GC (CMS Final Remark) [YG occupancy: 1659 K (9216 K)]2020-11-07T19:57:59.153+0800: 5.829: [Rescan (parallel) , 0.0087208 secs]2020-11-07T19:57:59.161+0800: 5.838: [weak refs processing, 0.0000604 secs]2020-11-07T19:57:59.161+0800: 5.838: [class unloading, 0.0040089 secs]2020-11-07T19:57:59.166+0800: 5.842: [scrub symbol table, 0.0054567 secs]2020-11-07T19:57:59.171+0800: 5.848: [scrub string table, 0.0005618 secs][1 CMS-remark: 16133K(26656K)] 17792K(35872K), 0.0190261 secs] [Times: user=0.02 sys=0.00, real=0.02 secs] 
2020-11-07T19:57:59.183+0800: 5.859: Application time: 0.0109152 seconds
2020-11-07T19:57:59.190+0800: 5.867: [CMS-concurrent-sweep-start]
2020-11-07T19:57:59.196+0800: 5.872: Application time: 0.0130576 seconds
2020-11-07T19:57:59.197+0800: 5.874: Application time: 0.0000553 seconds
2020-11-07T19:57:59.197+0800: 5.874: Application time: 0.0000238 seconds
2020-11-07T19:57:59.197+0800: 5.874: Application time: 0.0001545 seconds
2020-11-07T19:57:59.197+0800: 5.874: Application time: 0.0000909 seconds
2020-11-07T19:57:59.204+0800: 5.881: [CMS-concurrent-sweep: 0.009/0.014 secs] [Times: user=0.01 sys=0.00, real=0.01 secs] 
2020-11-07T19:57:59.204+0800: 5.881: [CMS-concurrent-reset-start]
2020-11-07T19:57:59.214+0800: 5.891: Application time: 0.0168768 seconds
{Heap before GC invocations=56 (full 8):
 par new generation   total 9216K, used 8831K [0x00000000e3400000, 0x00000000e3e00000, 0x00000000ecca0000)
  eden space 8192K, 100% used [0x00000000e3400000, 0x00000000e3c00000, 0x00000000e3c00000)
  from space 1024K,  62% used [0x00000000e3c00000, 0x00000000e3c9fde0, 0x00000000e3d00000)
  to   space 1024K,   0% used [0x00000000e3d00000, 0x00000000e3d00000, 0x00000000e3e00000)
 concurrent mark-sweep generation total 26848K, used 16072K [0x00000000ecca0000, 0x00000000ee6d8000, 0x0000000100000000)
 Metaspace       used 15442K, capacity 15936K, committed 16128K, reserved 1062912K
  class space    used 1856K, capacity 2004K, committed 2048K, reserved 1048576K
2020-11-07T19:57:59.214+0800: 5.891: [GC (Allocation Failure) 2020-11-07T19:57:59.214+0800: 5.891: [ParNew: 8831K->606K(9216K), 0.0079298 secs] 24903K->16678K(36064K), 0.0080009 secs] [Times: user=0.01 sys=0.00, real=0.01 secs] 
Heap after GC invocations=57 (full 8):
 par new generation   total 9216K, used 606K [0x00000000e3400000, 0x00000000e3e00000, 0x00000000ecca0000)
  eden space 8192K,   0% used [0x00000000e3400000, 0x00000000e3400000, 0x00000000e3c00000)
  from space 1024K,  59% used [0x00000000e3d00000, 0x00000000e3d97910, 0x00000000e3e00000)
  to   space 1024K,   0% used [0x00000000e3c00000, 0x00000000e3c00000, 0x00000000e3d00000)
 concurrent mark-sweep generation total 26848K, used 16072K [0x00000000ecca0000, 0x00000000ee6d8000, 0x0000000100000000)
 Metaspace       used 15442K, capacity 15936K, committed 16128K, reserved 1062912K
  class space    used 1856K, capacity 2004K, committed 2048K, reserved 1048576K
}
2020-11-07T19:57:59.225+0800: 5.902: [CMS-concurrent-reset: 0.011/0.021 secs] [Times: user=0.02 sys=0.00, real=0.03 secs] 
2020-11-07T19:57:59.226+0800: 5.903: Application time: 0.0036783 seconds
2020-11-07T19:57:59.236+0800: 5.913: Application time: 0.0102693 seconds
2020-11-07T19:57:59.242+0800: 5.919: Application time: 0.0051093 seconds
2020-11-07T19:57:59.245+0800: 5.922: Application time: 0.0030641 seconds
2020-11-07T19:57:59.253+0800: 5.929: Application time: 0.0073688 seconds
{Heap before GC invocations=57 (full 8):
 par new generation   total 9216K, used 8798K [0x00000000e3400000, 0x00000000e3e00000, 0x00000000ecca0000)
  eden space 8192K, 100% used [0x00000000e3400000, 0x00000000e3c00000, 0x00000000e3c00000)
  from space 1024K,  59% used [0x00000000e3d00000, 0x00000000e3d97910, 0x00000000e3e00000)
  to   space 1024K,   0% used [0x00000000e3c00000, 0x00000000e3c00000, 0x00000000e3d00000)
 concurrent mark-sweep generation total 26848K, used 16072K [0x00000000ecca0000, 0x00000000ee6d8000, 0x0000000100000000)
 Metaspace       used 15559K, capacity 16000K, committed 16128K, reserved 1062912K
  class space    used 1880K, capacity 2004K, committed 2048K, reserved 1048576K
2020-11-07T19:57:59.253+0800: 5.930: [GC (Allocation Failure) 2020-11-07T19:57:59.253+0800: 5.930: [ParNew: 8798K->684K(9216K), 0.0046160 secs] 24870K->16815K(36064K), 0.0046624 secs] [Times: user=0.01 sys=0.00, real=0.01 secs] 
Heap after GC invocations=58 (full 8):
 par new generation   total 9216K, used 684K [0x00000000e3400000, 0x00000000e3e00000, 0x00000000ecca0000)
  eden space 8192K,   0% used [0x00000000e3400000, 0x00000000e3400000, 0x00000000e3c00000)
  from space 1024K,  66% used [0x00000000e3c00000, 0x00000000e3cab0e0, 0x00000000e3d00000)
  to   space 1024K,   0% used [0x00000000e3d00000, 0x00000000e3d00000, 0x00000000e3e00000)
 concurrent mark-sweep generation total 26848K, used 16131K [0x00000000ecca0000, 0x00000000ee6d8000, 0x0000000100000000)
 Metaspace       used 15559K, capacity 16000K, committed 16128K, reserved 1062912K
  class space    used 1880K, capacity 2004K, committed 2048K, reserved 1048576K
}
2020-11-07T19:57:59.271+0800: 5.948: Application time: 0.0134624 seconds
2020-11-07T19:57:59.271+0800: 5.948: [GC (CMS Initial Mark) [1 CMS-initial-mark: 16131K(26848K)] 21333K(36064K), 0.0048906 secs] [Times: user=0.01 sys=0.00, real=0.01 secs] 
2020-11-07T19:57:59.276+0800: 5.953: [CMS-concurrent-mark-start]
2020-11-07T19:57:59.291+0800: 5.967: Application time: 0.0141442 seconds
2020-11-07T19:57:59.292+0800: 5.968: Application time: 0.0008953 seconds
{Heap before GC invocations=58 (full 9):
 par new generation   total 9216K, used 8874K [0x00000000e3400000, 0x00000000e3e00000, 0x00000000ecca0000)
  eden space 8192K,  99% used [0x00000000e3400000, 0x00000000e3bffa70, 0x00000000e3c00000)
  from space 1024K,  66% used [0x00000000e3c00000, 0x00000000e3cab0e0, 0x00000000e3d00000)
  to   space 1024K,   0% used [0x00000000e3d00000, 0x00000000e3d00000, 0x00000000e3e00000)
 concurrent mark-sweep generation total 26848K, used 16131K [0x00000000ecca0000, 0x00000000ee6d8000, 0x0000000100000000)
 Metaspace       used 15699K, capacity 16160K, committed 16384K, reserved 1062912K
  class space    used 1901K, capacity 2036K, committed 2048K, reserved 1048576K
2020-11-07T19:57:59.292+0800: 5.968: [GC (Allocation Failure) 2020-11-07T19:57:59.292+0800: 5.969: [ParNew: 8874K->746K(9216K), 0.0114039 secs] 25005K->16988K(36064K), 0.0114717 secs] [Times: user=0.01 sys=0.00, real=0.01 secs] 
Heap after GC invocations=59 (full 9):
 par new generation   total 9216K, used 746K [0x00000000e3400000, 0x00000000e3e00000, 0x00000000ecca0000)
  eden space 8192K,   0% used [0x00000000e3400000, 0x00000000e3400000, 0x00000000e3c00000)
  from space 1024K,  72% used [0x00000000e3d00000, 0x00000000e3dbaa18, 0x00000000e3e00000)
  to   space 1024K,   0% used [0x00000000e3c00000, 0x00000000e3c00000, 0x00000000e3d00000)
 concurrent mark-sweep generation total 26848K, used 16241K [0x00000000ecca0000, 0x00000000ee6d8000, 0x0000000100000000)
 Metaspace       used 15699K, capacity 16160K, committed 16384K, reserved 1062912K
  class space    used 1901K, capacity 2036K, committed 2048K, reserved 1048576K
}
2020-11-07T19:57:59.325+0800: 6.002: Application time: 0.0217448 seconds
2020-11-07T19:57:59.326+0800: 6.003: Application time: 0.0003829 seconds
2020-11-07T19:57:59.338+0800: 6.015: Application time: 0.0122370 seconds
2020-11-07T19:57:59.358+0800: 6.035: Application time: 0.0195646 seconds
{Heap before GC invocations=59 (full 9):
 par new generation   total 9216K, used 8938K [0x00000000e3400000, 0x00000000e3e00000, 0x00000000ecca0000)
  eden space 8192K, 100% used [0x00000000e3400000, 0x00000000e3c00000, 0x00000000e3c00000)
  from space 1024K,  72% used [0x00000000e3d00000, 0x00000000e3dbaa18, 0x00000000e3e00000)
  to   space 1024K,   0% used [0x00000000e3c00000, 0x00000000e3c00000, 0x00000000e3d00000)
 concurrent mark-sweep generation total 26848K, used 16241K [0x00000000ecca0000, 0x00000000ee6d8000, 0x0000000100000000)
 Metaspace       used 15872K, capacity 16320K, committed 16512K, reserved 1062912K
  class space    used 1930K, capacity 2068K, committed 2176K, reserved 1048576K
2020-11-07T19:57:59.358+0800: 6.035: [GC (Allocation Failure) 2020-11-07T19:57:59.358+0800: 6.035: [ParNew: 8938K->613K(9216K), 0.0048896 secs] 25180K->16969K(36064K), 0.0049521 secs] [Times: user=0.01 sys=0.00, real=0.00 secs] 
Heap after GC invocations=60 (full 9):
 par new generation   total 9216K, used 613K [0x00000000e3400000, 0x00000000e3e00000, 0x00000000ecca0000)
  eden space 8192K,   0% used [0x00000000e3400000, 0x00000000e3400000, 0x00000000e3c00000)
  from space 1024K,  59% used [0x00000000e3c00000, 0x00000000e3c99590, 0x00000000e3d00000)
  to   space 1024K,   0% used [0x00000000e3d00000, 0x00000000e3d00000, 0x00000000e3e00000)
 concurrent mark-sweep generation total 26848K, used 16355K [0x00000000ecca0000, 0x00000000ee6d8000, 0x0000000100000000)
 Metaspace       used 15872K, capacity 16320K, committed 16512K, reserved 1062912K
  class space    used 1930K, capacity 2068K, committed 2176K, reserved 1048576K
}
2020-11-07T19:57:59.380+0800: 6.057: Application time: 0.0171498 seconds
2020-11-07T19:57:59.390+0800: 6.067: Application time: 0.0096886 seconds
2020-11-07T19:57:59.392+0800: 6.069: [CMS-concurrent-mark: 0.079/0.116 secs] [Times: user=0.09 sys=0.00, real=0.11 secs] 
2020-11-07T19:57:59.392+0800: 6.069: [CMS-concurrent-preclean-start]
2020-11-07T19:57:59.403+0800: 6.080: Application time: 0.0129555 seconds
{Heap before GC invocations=60 (full 9):
 par new generation   total 9216K, used 8805K [0x00000000e3400000, 0x00000000e3e00000, 0x00000000ecca0000)
  eden space 8192K, 100% used [0x00000000e3400000, 0x00000000e3c00000, 0x00000000e3c00000)
  from space 1024K,  59% used [0x00000000e3c00000, 0x00000000e3c99590, 0x00000000e3d00000)
  to   space 1024K,   0% used [0x00000000e3d00000, 0x00000000e3d00000, 0x00000000e3e00000)
 concurrent mark-sweep generation total 26848K, used 16355K [0x00000000ecca0000, 0x00000000ee6d8000, 0x0000000100000000)
 Metaspace       used 15958K, capacity 16384K, committed 16512K, reserved 1062912K
  class space    used 1946K, capacity 2068K, committed 2176K, reserved 1048576K
2020-11-07T19:57:59.403+0800: 6.080: [GC (Allocation Failure) 2020-11-07T19:57:59.403+0800: 6.080: [ParNew: 8805K->493K(9216K), 0.0194747 secs] 25161K->16938K(36064K), 0.0195421 secs] [Times: user=0.02 sys=0.00, real=0.02 secs] 
Heap after GC invocations=61 (full 9):
 par new generation   total 9216K, used 493K [0x00000000e3400000, 0x00000000e3e00000, 0x00000000ecca0000)
  eden space 8192K,   0% used [0x00000000e3400000, 0x00000000e3400000, 0x00000000e3c00000)
  from space 1024K,  48% used [0x00000000e3d00000, 0x00000000e3d7b400, 0x00000000e3e00000)
  to   space 1024K,   0% used [0x00000000e3c00000, 0x00000000e3c00000, 0x00000000e3d00000)
 concurrent mark-sweep generation total 26848K, used 16445K [0x00000000ecca0000, 0x00000000ee6d8000, 0x0000000100000000)
 Metaspace       used 15958K, capacity 16384K, committed 16512K, reserved 1062912K
  class space    used 1946K, capacity 2068K, committed 2176K, reserved 1048576K
}
2020-11-07T19:57:59.433+0800: 6.110: [CMS-concurrent-preclean: 0.012/0.041 secs] [Times: user=0.04 sys=0.00, real=0.04 secs] 
2020-11-07T19:57:59.433+0800: 6.110: [CMS-concurrent-abortable-preclean-start]
2020-11-07T19:57:59.453+0800: 6.130: Application time: 0.0302793 seconds
{Heap before GC invocations=61 (full 9):
 par new generation   total 9216K, used 8685K [0x00000000e3400000, 0x00000000e3e00000, 0x00000000ecca0000)
  eden space 8192K, 100% used [0x00000000e3400000, 0x00000000e3c00000, 0x00000000e3c00000)
  from space 1024K,  48% used [0x00000000e3d00000, 0x00000000e3d7b400, 0x00000000e3e00000)
  to   space 1024K,   0% used [0x00000000e3c00000, 0x00000000e3c00000, 0x00000000e3d00000)
 concurrent mark-sweep generation total 26848K, used 16445K [0x00000000ecca0000, 0x00000000ee6d8000, 0x0000000100000000)
 Metaspace       used 16066K, capacity 16548K, committed 16768K, reserved 1064960K
  class space    used 1964K, capacity 2102K, committed 2176K, reserved 1048576K
2020-11-07T19:57:59.453+0800: 6.130: [GC (Allocation Failure) 2020-11-07T19:57:59.453+0800: 6.130: [ParNew: 8685K->403K(9216K), 0.0037409 secs] 25130K->16848K(36064K), 0.0038148 secs] [Times: user=0.00 sys=0.00, real=0.01 secs] 
Heap after GC invocations=62 (full 9):
 par new generation   total 9216K, used 403K [0x00000000e3400000, 0x00000000e3e00000, 0x00000000ecca0000)
  eden space 8192K,   0% used [0x00000000e3400000, 0x00000000e3400000, 0x00000000e3c00000)
  from space 1024K,  39% used [0x00000000e3c00000, 0x00000000e3c64dd8, 0x00000000e3d00000)
  to   space 1024K,   0% used [0x00000000e3d00000, 0x00000000e3d00000, 0x00000000e3e00000)
 concurrent mark-sweep generation total 26848K, used 16445K [0x00000000ecca0000, 0x00000000ee6d8000, 0x0000000100000000)
 Metaspace       used 16066K, capacity 16548K, committed 16768K, reserved 1064960K
  class space    used 1964K, capacity 2102K, committed 2176K, reserved 1048576K
}
2020-11-07T19:57:59.484+0800: 6.161: Application time: 0.0267990 seconds
2020-11-07T19:57:59.484+0800: 6.161: [CMS-concurrent-abortable-preclean: 0.029/0.051 secs] [Times: user=0.05 sys=0.00, real=0.05 secs] 
2020-11-07T19:57:59.484+0800: 6.161: Application time: 0.0000842 seconds
2020-11-07T19:57:59.484+0800: 6.161: [GC (CMS Final Remark) [YG occupancy: 7411 K (9216 K)]2020-11-07T19:57:59.484+0800: 6.161: [Rescan (parallel) , 0.0106689 secs]2020-11-07T19:57:59.495+0800: 6.172: [weak refs processing, 0.0020330 secs]2020-11-07T19:57:59.497+0800: 6.174: [class unloading, 0.0029797 secs]2020-11-07T19:57:59.500+0800: 6.177: [scrub symbol table, 0.0042999 secs]2020-11-07T19:57:59.505+0800: 6.181: [scrub string table, 0.0003832 secs][1 CMS-remark: 16445K(26848K)] 23856K(36064K), 0.0205427 secs] [Times: user=0.02 sys=0.00, real=0.03 secs] 
2020-11-07T19:57:59.516+0800: 6.193: [CMS-concurrent-sweep-start]
2020-11-07T19:57:59.526+0800: 6.203: Application time: 0.0212830 seconds
{Heap before GC invocations=62 (full 9):
 par new generation   total 9216K, used 8595K [0x00000000e3400000, 0x00000000e3e00000, 0x00000000ecca0000)
  eden space 8192K, 100% used [0x00000000e3400000, 0x00000000e3c00000, 0x00000000e3c00000)
  from space 1024K,  39% used [0x00000000e3c00000, 0x00000000e3c64dd8, 0x00000000e3d00000)
  to   space 1024K,   0% used [0x00000000e3d00000, 0x00000000e3d00000, 0x00000000e3e00000)
 concurrent mark-sweep generation total 26848K, used 16429K [0x00000000ecca0000, 0x00000000ee6d8000, 0x0000000100000000)
 Metaspace       used 16157K, capacity 16644K, committed 16768K, reserved 1064960K
  class space    used 1980K, capacity 2110K, committed 2176K, reserved 1048576K
2020-11-07T19:57:59.526+0800: 6.203: [GC (Allocation Failure) 2020-11-07T19:57:59.526+0800: 6.203: [ParNew: 8595K->516K(9216K), 0.0036764 secs] 25024K->16945K(36064K), 0.0037505 secs] [Times: user=0.00 sys=0.00, real=0.00 secs] 
Heap after GC invocations=63 (full 9):
 par new generation   total 9216K, used 516K [0x00000000e3400000, 0x00000000e3e00000, 0x00000000ecca0000)
  eden space 8192K,   0% used [0x00000000e3400000, 0x00000000e3400000, 0x00000000e3c00000)
  from space 1024K,  50% used [0x00000000e3d00000, 0x00000000e3d81028, 0x00000000e3e00000)
  to   space 1024K,   0% used [0x00000000e3c00000, 0x00000000e3c00000, 0x00000000e3d00000)
 concurrent mark-sweep generation total 26848K, used 16429K [0x00000000ecca0000, 0x00000000ee6d8000, 0x0000000100000000)
 Metaspace       used 16157K, capacity 16644K, committed 16768K, reserved 1064960K
  class space    used 1980K, capacity 2110K, committed 2176K, reserved 1048576K
}
2020-11-07T19:57:59.537+0800: 6.213: [CMS-concurrent-sweep: 0.012/0.021 secs] [Times: user=0.02 sys=0.00, real=0.02 secs] 
2020-11-07T19:57:59.537+0800: 6.213: [CMS-concurrent-reset-start]
2020-11-07T19:57:59.538+0800: 6.215: [CMS-concurrent-reset: 0.001/0.001 secs] [Times: user=0.00 sys=0.00, real=0.00 secs] 
2020-11-07T19:57:59.580+0800: 6.257: Application time: 0.0498544 seconds
{Heap before GC invocations=63 (full 9):
 par new generation   total 9216K, used 8708K [0x00000000e3400000, 0x00000000e3e00000, 0x00000000ecca0000)
  eden space 8192K, 100% used [0x00000000e3400000, 0x00000000e3c00000, 0x00000000e3c00000)
  from space 1024K,  50% used [0x00000000e3d00000, 0x00000000e3d81028, 0x00000000e3e00000)
  to   space 1024K,   0% used [0x00000000e3c00000, 0x00000000e3c00000, 0x00000000e3d00000)
 concurrent mark-sweep generation total 27340K, used 16403K [0x00000000ecca0000, 0x00000000ee753000, 0x0000000100000000)
 Metaspace       used 16278K, capacity 16752K, committed 17024K, reserved 1064960K
  class space    used 1997K, capacity 2146K, committed 2176K, reserved 1048576K
2020-11-07T19:57:59.581+0800: 6.257: [GC (Allocation Failure) 2020-11-07T19:57:59.581+0800: 6.258: [ParNew: 8708K->562K(9216K), 0.0038681 secs] 25111K->16965K(36556K), 0.0039576 secs] [Times: user=0.00 sys=0.00, real=0.01 secs] 
Heap after GC invocations=64 (full 9):
 par new generation   total 9216K, used 562K [0x00000000e3400000, 0x00000000e3e00000, 0x00000000ecca0000)
  eden space 8192K,   0% used [0x00000000e3400000, 0x00000000e3400000, 0x00000000e3c00000)
  from space 1024K,  54% used [0x00000000e3c00000, 0x00000000e3c8c9d8, 0x00000000e3d00000)
  to   space 1024K,   0% used [0x00000000e3d00000, 0x00000000e3d00000, 0x00000000e3e00000)
 concurrent mark-sweep generation total 27340K, used 16403K [0x00000000ecca0000, 0x00000000ee753000, 0x0000000100000000)
 Metaspace       used 16278K, capacity 16752K, committed 17024K, reserved 1064960K
  class space    used 1997K, capacity 2146K, committed 2176K, reserved 1048576K
}
2020-11-07T19:57:59.596+0800: 6.273: Application time: 0.0110709 seconds
{Heap before GC invocations=64 (full 9):
 par new generation   total 9216K, used 8754K [0x00000000e3400000, 0x00000000e3e00000, 0x00000000ecca0000)
  eden space 8192K, 100% used [0x00000000e3400000, 0x00000000e3c00000, 0x00000000e3c00000)
  from space 1024K,  54% used [0x00000000e3c00000, 0x00000000e3c8c9d8, 0x00000000e3d00000)
  to   space 1024K,   0% used [0x00000000e3d00000, 0x00000000e3d00000, 0x00000000e3e00000)
 concurrent mark-sweep generation total 27340K, used 16403K [0x00000000ecca0000, 0x00000000ee753000, 0x0000000100000000)
 Metaspace       used 16298K, capacity 16752K, committed 17024K, reserved 1064960K
  class space    used 1999K, capacity 2146K, committed 2176K, reserved 1048576K
2020-11-07T19:57:59.596+0800: 6.273: [GC (Allocation Failure) 2020-11-07T19:57:59.596+0800: 6.273: [ParNew: 8754K->423K(9216K), 0.0038190 secs] 25157K->16872K(36556K), 0.0038655 secs] [Times: user=0.00 sys=0.00, real=0.00 secs] 
Heap after GC invocations=65 (full 9):
 par new generation   total 9216K, used 423K [0x00000000e3400000, 0x00000000e3e00000, 0x00000000ecca0000)
  eden space 8192K,   0% used [0x00000000e3400000, 0x00000000e3400000, 0x00000000e3c00000)
  from space 1024K,  41% used [0x00000000e3d00000, 0x00000000e3d69fa8, 0x00000000e3e00000)
  to   space 1024K,   0% used [0x00000000e3c00000, 0x00000000e3c00000, 0x00000000e3d00000)
 concurrent mark-sweep generation total 27340K, used 16448K [0x00000000ecca0000, 0x00000000ee753000, 0x0000000100000000)
 Metaspace       used 16298K, capacity 16752K, committed 17024K, reserved 1064960K
  class space    used 1999K, capacity 2146K, committed 2176K, reserved 1048576K
}
2020-11-07T19:57:59.616+0800: 6.292: Application time: 0.0155330 seconds
2020-11-07T19:57:59.623+0800: 6.300: [GC (CMS Initial Mark) [1 CMS-initial-mark: 16448K(27340K)] 22621K(36556K), 0.0057880 secs] [Times: user=0.01 sys=0.00, real=0.01 secs] 
2020-11-07T19:57:59.634+0800: 6.311: [CMS-concurrent-mark-start]
2020-11-07T19:57:59.644+0800: 6.320: Application time: 0.0145475 seconds
{Heap before GC invocations=65 (full 10):
 par new generation   total 9216K, used 8615K [0x00000000e3400000, 0x00000000e3e00000, 0x00000000ecca0000)
  eden space 8192K, 100% used [0x00000000e3400000, 0x00000000e3c00000, 0x00000000e3c00000)
  from space 1024K,  41% used [0x00000000e3d00000, 0x00000000e3d69fa8, 0x00000000e3e00000)
  to   space 1024K,   0% used [0x00000000e3c00000, 0x00000000e3c00000, 0x00000000e3d00000)
 concurrent mark-sweep generation total 27340K, used 16448K [0x00000000ecca0000, 0x00000000ee753000, 0x0000000100000000)
 Metaspace       used 16422K, capacity 16932K, committed 17152K, reserved 1064960K
  class space    used 2018K, capacity 2186K, committed 2304K, reserved 1048576K
2020-11-07T19:57:59.644+0800: 6.320: [GC (Allocation Failure) 2020-11-07T19:57:59.644+0800: 6.320: [ParNew: 8615K->400K(9216K), 0.0074810 secs] 25064K->16927K(36556K), 0.0075632 secs] [Times: user=0.01 sys=0.00, real=0.01 secs] 
Heap after GC invocations=66 (full 10):
 par new generation   total 9216K, used 400K [0x00000000e3400000, 0x00000000e3e00000, 0x00000000ecca0000)
  eden space 8192K,   0% used [0x00000000e3400000, 0x00000000e3400000, 0x00000000e3c00000)
  from space 1024K,  39% used [0x00000000e3c00000, 0x00000000e3c64380, 0x00000000e3d00000)
  to   space 1024K,   0% used [0x00000000e3d00000, 0x00000000e3d00000, 0x00000000e3e00000)
 concurrent mark-sweep generation total 27340K, used 16526K [0x00000000ecca0000, 0x00000000ee753000, 0x0000000100000000)
 Metaspace       used 16422K, capacity 16932K, committed 17152K, reserved 1064960K
  class space    used 2018K, capacity 2186K, committed 2304K, reserved 1048576K
}
2020-11-07T19:57:59.698+0800: 6.375: Application time: 0.0466825 seconds
{Heap before GC invocations=66 (full 10):
 par new generation   total 9216K, used 8592K [0x00000000e3400000, 0x00000000e3e00000, 0x00000000ecca0000)
  eden space 8192K, 100% used [0x00000000e3400000, 0x00000000e3c00000, 0x00000000e3c00000)
  from space 1024K,  39% used [0x00000000e3c00000, 0x00000000e3c64380, 0x00000000e3d00000)
  to   space 1024K,   0% used [0x00000000e3d00000, 0x00000000e3d00000, 0x00000000e3e00000)
 concurrent mark-sweep generation total 27340K, used 16526K [0x00000000ecca0000, 0x00000000ee753000, 0x0000000100000000)
 Metaspace       used 16463K, capacity 16952K, committed 17152K, reserved 1064960K
  class space    used 2024K, capacity 2190K, committed 2304K, reserved 1048576K
2020-11-07T19:57:59.698+0800: 6.375: [GC (Allocation Failure) 2020-11-07T19:57:59.698+0800: 6.375: [ParNew: 8592K->349K(9216K), 0.0100491 secs] 25119K->16955K(36556K), 0.0101001 secs] [Times: user=0.01 sys=0.00, real=0.01 secs] 
Heap after GC invocations=67 (full 10):
 par new generation   total 9216K, used 349K [0x00000000e3400000, 0x00000000e3e00000, 0x00000000ecca0000)
  eden space 8192K,   0% used [0x00000000e3400000, 0x00000000e3400000, 0x00000000e3c00000)
  from space 1024K,  34% used [0x00000000e3d00000, 0x00000000e3d57640, 0x00000000e3e00000)
  to   space 1024K,   0% used [0x00000000e3c00000, 0x00000000e3c00000, 0x00000000e3d00000)
 concurrent mark-sweep generation total 27340K, used 16606K [0x00000000ecca0000, 0x00000000ee753000, 0x0000000100000000)
 Metaspace       used 16463K, capacity 16952K, committed 17152K, reserved 1064960K
  class space    used 2024K, capacity 2190K, committed 2304K, reserved 1048576K
}
2020-11-07T19:57:59.732+0800: 6.409: Application time: 0.0241851 seconds
2020-11-07T19:57:59.733+0800: 6.409: Application time: 0.0000323 seconds
2020-11-07T19:57:59.755+0800: 6.432: Application time: 0.0222331 seconds
2020-11-07T19:57:59.761+0800: 6.437: [CMS-concurrent-mark: 0.089/0.127 secs] [Times: user=0.12 sys=0.00, real=0.13 secs] 
2020-11-07T19:57:59.761+0800: 6.438: [CMS-concurrent-preclean-start]
2020-11-07T19:57:59.762+0800: 6.439: [CMS-concurrent-preclean: 0.001/0.001 secs] [Times: user=0.00 sys=0.00, real=0.00 secs] 
2020-11-07T19:57:59.762+0800: 6.439: [CMS-concurrent-abortable-preclean-start]
2020-11-07T19:57:59.774+0800: 6.450: Application time: 0.0186615 seconds
{Heap before GC invocations=67 (full 10):
 par new generation   total 9216K, used 8541K [0x00000000e3400000, 0x00000000e3e00000, 0x00000000ecca0000)
  eden space 8192K, 100% used [0x00000000e3400000, 0x00000000e3c00000, 0x00000000e3c00000)
  from space 1024K,  34% used [0x00000000e3d00000, 0x00000000e3d57640, 0x00000000e3e00000)
  to   space 1024K,   0% used [0x00000000e3c00000, 0x00000000e3c00000, 0x00000000e3d00000)
 concurrent mark-sweep generation total 27340K, used 16606K [0x00000000ecca0000, 0x00000000ee753000, 0x0000000100000000)
 Metaspace       used 16657K, capacity 17180K, committed 17408K, reserved 1064960K
  class space    used 2043K, capacity 2200K, committed 2304K, reserved 1048576K
2020-11-07T19:57:59.774+0800: 6.451: [GC (Allocation Failure) 2020-11-07T19:57:59.774+0800: 6.451: [ParNew: 8541K->495K(9216K), 0.0105132 secs] 25147K->17149K(36556K), 0.0105968 secs] [Times: user=0.01 sys=0.00, real=0.02 secs] 
Heap after GC invocations=68 (full 10):
 par new generation   total 9216K, used 495K [0x00000000e3400000, 0x00000000e3e00000, 0x00000000ecca0000)
  eden space 8192K,   0% used [0x00000000e3400000, 0x00000000e3400000, 0x00000000e3c00000)
  from space 1024K,  48% used [0x00000000e3c00000, 0x00000000e3c7bf80, 0x00000000e3d00000)
  to   space 1024K,   0% used [0x00000000e3d00000, 0x00000000e3d00000, 0x00000000e3e00000)
 concurrent mark-sweep generation total 27340K, used 16653K [0x00000000ecca0000, 0x00000000ee753000, 0x0000000100000000)
 Metaspace       used 16657K, capacity 17180K, committed 17408K, reserved 1064960K
  class space    used 2043K, capacity 2200K, committed 2304K, reserved 1048576K
}
2020-11-07T19:57:59.807+0800: 6.484: Application time: 0.0226658 seconds
{Heap before GC invocations=68 (full 10):
 par new generation   total 9216K, used 8687K [0x00000000e3400000, 0x00000000e3e00000, 0x00000000ecca0000)
  eden space 8192K, 100% used [0x00000000e3400000, 0x00000000e3c00000, 0x00000000e3c00000)
  from space 1024K,  48% used [0x00000000e3c00000, 0x00000000e3c7bf80, 0x00000000e3d00000)
  to   space 1024K,   0% used [0x00000000e3d00000, 0x00000000e3d00000, 0x00000000e3e00000)
 concurrent mark-sweep generation total 27340K, used 16653K [0x00000000ecca0000, 0x00000000ee753000, 0x0000000100000000)
 Metaspace       used 16708K, capacity 17244K, committed 17408K, reserved 1064960K
  class space    used 2049K, capacity 2200K, committed 2304K, reserved 1048576K
2020-11-07T19:57:59.808+0800: 6.484: [GC (Allocation Failure) 2020-11-07T19:57:59.808+0800: 6.484: [ParNew: 8687K->321K(9216K), 0.0041423 secs] 25341K->17024K(36556K), 0.0041910 secs] [Times: user=0.01 sys=0.00, real=0.00 secs] 
Heap after GC invocations=69 (full 10):
 par new generation   total 9216K, used 321K [0x00000000e3400000, 0x00000000e3e00000, 0x00000000ecca0000)
  eden space 8192K,   0% used [0x00000000e3400000, 0x00000000e3400000, 0x00000000e3c00000)
  from space 1024K,  31% used [0x00000000e3d00000, 0x00000000e3d505f0, 0x00000000e3e00000)
  to   space 1024K,   0% used [0x00000000e3c00000, 0x00000000e3c00000, 0x00000000e3d00000)
 concurrent mark-sweep generation total 27340K, used 16703K [0x00000000ecca0000, 0x00000000ee753000, 0x0000000100000000)
 Metaspace       used 16708K, capacity 17244K, committed 17408K, reserved 1064960K
  class space    used 2049K, capacity 2200K, committed 2304K, reserved 1048576K
}
2020-11-07T19:57:59.812+0800: 6.489: [CMS-concurrent-abortable-preclean: 0.028/0.050 secs] [Times: user=0.05 sys=0.00, real=0.05 secs] 
2020-11-07T19:57:59.816+0800: 6.493: Application time: 0.0042198 seconds
2020-11-07T19:57:59.816+0800: 6.493: [GC (CMS Final Remark) [YG occupancy: 1594 K (9216 K)]2020-11-07T19:57:59.816+0800: 6.493: [Rescan (parallel) , 0.0039840 secs]2020-11-07T19:57:59.820+0800: 6.497: [weak refs processing, 0.0011967 secs]2020-11-07T19:57:59.821+0800: 6.498: [class unloading, 0.0040051 secs]2020-11-07T19:57:59.825+0800: 6.502: [scrub symbol table, 0.0040059 secs]2020-11-07T19:57:59.829+0800: 6.506: [scrub string table, 0.0003873 secs][1 CMS-remark: 16703K(27340K)] 18297K(36556K), 0.0137546 secs] [Times: user=0.01 sys=0.00, real=0.01 secs] 
2020-11-07T19:57:59.838+0800: 6.514: [CMS-concurrent-sweep-start]
2020-11-07T19:57:59.855+0800: 6.531: Application time: 0.0247914 seconds
2020-11-07T19:57:59.857+0800: 6.533: [CMS-concurrent-sweep: 0.018/0.019 secs] [Times: user=0.02 sys=0.00, real=0.02 secs] 
2020-11-07T19:57:59.857+0800: 6.533: [CMS-concurrent-reset-start]
2020-11-07T19:57:59.870+0800: 6.547: [CMS-concurrent-reset: 0.014/0.014 secs] [Times: user=0.01 sys=0.00, real=0.01 secs] 
2020-11-07T19:57:59.878+0800: 6.555: Application time: 0.0230224 seconds
2020-11-07T19:57:59.881+0800: 6.558: Application time: 0.0026853 seconds
2020-11-07T19:57:59.881+0800: 6.558: Application time: 0.0000329 seconds
2020-11-07T19:57:59.881+0800: 6.558: Application time: 0.0000203 seconds
2020-11-07T19:57:59.881+0800: 6.558: Application time: 0.0000194 seconds
2020-11-07T19:57:59.881+0800: 6.558: Application time: 0.0000191 seconds
2020-11-07T19:57:59.881+0800: 6.558: Application time: 0.0000185 seconds
2020-11-07T19:57:59.881+0800: 6.558: Application time: 0.0000181 seconds
2020-11-07T19:57:59.881+0800: 6.558: Application time: 0.0000180 seconds
2020-11-07T19:57:59.881+0800: 6.558: Application time: 0.0000288 seconds
2020-11-07T19:57:59.881+0800: 6.558: Application time: 0.0000190 seconds
2020-11-07T19:57:59.882+0800: 6.558: Application time: 0.0000185 seconds
2020-11-07T19:57:59.882+0800: 6.558: Application time: 0.0000183 seconds
2020-11-07T19:57:59.882+0800: 6.558: Application time: 0.0000183 seconds
2020-11-07T19:57:59.882+0800: 6.558: Application time: 0.0000457 seconds
2020-11-07T19:57:59.882+0800: 6.558: Application time: 0.0000188 seconds
2020-11-07T19:57:59.882+0800: 6.558: Application time: 0.0000180 seconds
2020-11-07T19:57:59.882+0800: 6.558: Application time: 0.0000186 seconds
2020-11-07T19:57:59.882+0800: 6.558: Application time: 0.0000182 seconds
2020-11-07T19:57:59.882+0800: 6.559: Application time: 0.0000416 seconds
2020-11-07T19:57:59.906+0800: 6.582: Application time: 0.0237618 seconds
{Heap before GC invocations=69 (full 10):
 par new generation   total 9216K, used 8513K [0x00000000e3400000, 0x00000000e3e00000, 0x00000000ecca0000)
  eden space 8192K, 100% used [0x00000000e3400000, 0x00000000e3c00000, 0x00000000e3c00000)
  from space 1024K,  31% used [0x00000000e3d00000, 0x00000000e3d505f0, 0x00000000e3e00000)
  to   space 1024K,   0% used [0x00000000e3c00000, 0x00000000e3c00000, 0x00000000e3d00000)
 concurrent mark-sweep generation total 27820K, used 16690K [0x00000000ecca0000, 0x00000000ee7cb000, 0x0000000100000000)
 Metaspace       used 16840K, capacity 17362K, committed 17664K, reserved 1064960K
  class space    used 2070K, capacity 2239K, committed 2304K, reserved 1048576K
2020-11-07T19:57:59.906+0800: 6.583: [GC (Allocation Failure) 2020-11-07T19:57:59.906+0800: 6.583: [ParNew: 8513K->669K(9216K), 0.0078148 secs] 25203K->17376K(37036K), 0.0078651 secs] [Times: user=0.00 sys=0.00, real=0.00 secs] 
Heap after GC invocations=70 (full 10):
 par new generation   total 9216K, used 669K [0x00000000e3400000, 0x00000000e3e00000, 0x00000000ecca0000)
  eden space 8192K,   0% used [0x00000000e3400000, 0x00000000e3400000, 0x00000000e3c00000)
  from space 1024K,  65% used [0x00000000e3c00000, 0x00000000e3ca7508, 0x00000000e3d00000)
  to   space 1024K,   0% used [0x00000000e3d00000, 0x00000000e3d00000, 0x00000000e3e00000)
 concurrent mark-sweep generation total 27820K, used 16707K [0x00000000ecca0000, 0x00000000ee7cb000, 0x0000000100000000)
 Metaspace       used 16840K, capacity 17362K, committed 17664K, reserved 1064960K
  class space    used 2070K, capacity 2239K, committed 2304K, reserved 1048576K
}
2020-11-07T19:57:59.917+0800: 6.594: Application time: 0.0033139 seconds
2020-11-07T19:57:59.917+0800: 6.594: [GC (CMS Initial Mark) [1 CMS-initial-mark: 16707K(27820K)] 18013K(37036K), 0.0021654 secs] [Times: user=0.00 sys=0.00, real=0.00 secs] 
2020-11-07T19:57:59.920+0800: 6.596: [CMS-concurrent-mark-start]
2020-11-07T19:57:59.951+0800: 6.628: Application time: 0.0311843 seconds
2020-11-07T19:57:59.967+0800: 6.644: Application time: 0.0163409 seconds
{Heap before GC invocations=70 (full 11):
 par new generation   total 9216K, used 8861K [0x00000000e3400000, 0x00000000e3e00000, 0x00000000ecca0000)
  eden space 8192K, 100% used [0x00000000e3400000, 0x00000000e3c00000, 0x00000000e3c00000)
  from space 1024K,  65% used [0x00000000e3c00000, 0x00000000e3ca7508, 0x00000000e3d00000)
  to   space 1024K,   0% used [0x00000000e3d00000, 0x00000000e3d00000, 0x00000000e3e00000)
 concurrent mark-sweep generation total 27820K, used 16707K [0x00000000ecca0000, 0x00000000ee7cb000, 0x0000000100000000)
 Metaspace       used 17051K, capacity 17596K, committed 17664K, reserved 1064960K
  class space    used 2097K, capacity 2248K, committed 2304K, reserved 1048576K
2020-11-07T19:57:59.968+0800: 6.644: [GC (Allocation Failure) 2020-11-07T19:57:59.968+0800: 6.644: [ParNew: 8861K->509K(9216K), 0.0179259 secs] 25568K->17298K(37036K), 0.0180103 secs] [Times: user=0.02 sys=0.00, real=0.02 secs] 
Heap after GC invocations=71 (full 11):
 par new generation   total 9216K, used 509K [0x00000000e3400000, 0x00000000e3e00000, 0x00000000ecca0000)
  eden space 8192K,   0% used [0x00000000e3400000, 0x00000000e3400000, 0x00000000e3c00000)
  from space 1024K,  49% used [0x00000000e3d00000, 0x00000000e3d7f6b0, 0x00000000e3e00000)
  to   space 1024K,   0% used [0x00000000e3c00000, 0x00000000e3c00000, 0x00000000e3d00000)
 concurrent mark-sweep generation total 27820K, used 16788K [0x00000000ecca0000, 0x00000000ee7cb000, 0x0000000100000000)
 Metaspace       used 17051K, capacity 17596K, committed 17664K, reserved 1064960K
  class space    used 2097K, capacity 2248K, committed 2304K, reserved 1048576K
}
2020-11-07T19:58:00.044+0800: 6.720: Application time: 0.0578153 seconds
{Heap before GC invocations=71 (full 11):
 par new generation   total 9216K, used 8701K [0x00000000e3400000, 0x00000000e3e00000, 0x00000000ecca0000)
  eden space 8192K, 100% used [0x00000000e3400000, 0x00000000e3c00000, 0x00000000e3c00000)
  from space 1024K,  49% used [0x00000000e3d00000, 0x00000000e3d7f6b0, 0x00000000e3e00000)
  to   space 1024K,   0% used [0x00000000e3c00000, 0x00000000e3c00000, 0x00000000e3d00000)
 concurrent mark-sweep generation total 27820K, used 16788K [0x00000000ecca0000, 0x00000000ee7cb000, 0x0000000100000000)
 Metaspace       used 17206K, capacity 17802K, committed 17920K, reserved 1064960K
  class space    used 2116K, capacity 2291K, committed 2304K, reserved 1048576K
2020-11-07T19:58:00.048+0800: 6.725: [GC (Allocation Failure) 2020-11-07T19:58:00.048+0800: 6.725: [ParNew: 8701K->577K(9216K), 0.0153290 secs] 25490K->17366K(37036K), 0.0153871 secs] [Times: user=0.01 sys=0.00, real=0.01 secs] 
Heap after GC invocations=72 (full 11):
 par new generation   total 9216K, used 577K [0x00000000e3400000, 0x00000000e3e00000, 0x00000000ecca0000)
  eden space 8192K,   0% used [0x00000000e3400000, 0x00000000e3400000, 0x00000000e3c00000)
  from space 1024K,  56% used [0x00000000e3c00000, 0x00000000e3c906b8, 0x00000000e3d00000)
  to   space 1024K,   0% used [0x00000000e3d00000, 0x00000000e3d00000, 0x00000000e3e00000)
 concurrent mark-sweep generation total 27820K, used 16788K [0x00000000ecca0000, 0x00000000ee7cb000, 0x0000000100000000)
 Metaspace       used 17206K, capacity 17802K, committed 17920K, reserved 1064960K
  class space    used 2116K, capacity 2291K, committed 2304K, reserved 1048576K
}
2020-11-07T19:58:00.066+0800: 6.742: [CMS-concurrent-mark: 0.100/0.146 secs] [Times: user=0.13 sys=0.00, real=0.15 secs] 
2020-11-07T19:58:00.066+0800: 6.742: [CMS-concurrent-preclean-start]
2020-11-07T19:58:00.067+0800: 6.744: [CMS-concurrent-preclean: 0.001/0.001 secs] [Times: user=0.00 sys=0.00, real=0.00 secs] 
2020-11-07T19:58:00.077+0800: 6.754: Application time: 0.0139811 seconds
2020-11-07T19:58:00.078+0800: 6.754: [GC (CMS Final Remark) [YG occupancy: 2387 K (9216 K)]2020-11-07T19:58:00.078+0800: 6.754: [Rescan (parallel) , 0.0035089 secs]2020-11-07T19:58:00.081+0800: 6.758: [weak refs processing, 0.0022266 secs]2020-11-07T19:58:00.083+0800: 6.760: [class unloading, 0.0035159 secs]2020-11-07T19:58:00.087+0800: 6.764: [scrub symbol table, 0.0039209 secs]2020-11-07T19:58:00.091+0800: 6.768: [scrub string table, 0.0003931 secs][1 CMS-remark: 16788K(27820K)] 19175K(37036K), 0.0137019 secs] [Times: user=0.02 sys=0.00, real=0.01 secs] 
2020-11-07T19:58:00.104+0800: 6.780: [CMS-concurrent-sweep-start]
2020-11-07T19:58:00.123+0800: 6.800: [CMS-concurrent-sweep: 0.019/0.019 secs] [Times: user=0.02 sys=0.00, real=0.02 secs] 
2020-11-07T19:58:00.123+0800: 6.800: [CMS-concurrent-reset-start]
2020-11-07T19:58:00.124+0800: 6.801: [CMS-concurrent-reset: 0.001/0.001 secs] [Times: user=0.00 sys=0.00, real=0.00 secs] 
2020-11-07T19:58:00.133+0800: 6.810: Application time: 0.0421889 seconds
{Heap before GC invocations=72 (full 11):
 par new generation   total 9216K, used 8769K [0x00000000e3400000, 0x00000000e3e00000, 0x00000000ecca0000)
  eden space 8192K, 100% used [0x00000000e3400000, 0x00000000e3c00000, 0x00000000e3c00000)
  from space 1024K,  56% used [0x00000000e3c00000, 0x00000000e3c906b8, 0x00000000e3d00000)
  to   space 1024K,   0% used [0x00000000e3d00000, 0x00000000e3d00000, 0x00000000e3e00000)
 concurrent mark-sweep generation total 28012K, used 16723K [0x00000000ecca0000, 0x00000000ee7fb000, 0x0000000100000000)
 Metaspace       used 17469K, capacity 18036K, committed 18304K, reserved 1064960K
  class space    used 2157K, capacity 2328K, committed 2432K, reserved 1048576K
2020-11-07T19:58:00.137+0800: 6.813: [GC (Allocation Failure) 2020-11-07T19:58:00.137+0800: 6.813: [ParNew: 8769K->432K(9216K), 0.0183615 secs] 25493K->17156K(37228K), 0.0184399 secs] [Times: user=0.02 sys=0.01, real=0.02 secs] 
Heap after GC invocations=73 (full 11):
 par new generation   total 9216K, used 432K [0x00000000e3400000, 0x00000000e3e00000, 0x00000000ecca0000)
  eden space 8192K,   0% used [0x00000000e3400000, 0x00000000e3400000, 0x00000000e3c00000)
  from space 1024K,  42% used [0x00000000e3d00000, 0x00000000e3d6c3b0, 0x00000000e3e00000)
  to   space 1024K,   0% used [0x00000000e3c00000, 0x00000000e3c00000, 0x00000000e3d00000)
 concurrent mark-sweep generation total 28012K, used 16723K [0x00000000ecca0000, 0x00000000ee7fb000, 0x0000000100000000)
 Metaspace       used 17469K, capacity 18036K, committed 18304K, reserved 1064960K
  class space    used 2157K, capacity 2328K, committed 2432K, reserved 1048576K
}
2020-11-07T19:58:00.182+0800: 6.859: Application time: 0.0271085 seconds
{Heap before GC invocations=73 (full 11):
 par new generation   total 9216K, used 8624K [0x00000000e3400000, 0x00000000e3e00000, 0x00000000ecca0000)
  eden space 8192K, 100% used [0x00000000e3400000, 0x00000000e3c00000, 0x00000000e3c00000)
  from space 1024K,  42% used [0x00000000e3d00000, 0x00000000e3d6c3b0, 0x00000000e3e00000)
  to   space 1024K,   0% used [0x00000000e3c00000, 0x00000000e3c00000, 0x00000000e3d00000)
 concurrent mark-sweep generation total 28012K, used 16723K [0x00000000ecca0000, 0x00000000ee7fb000, 0x0000000100000000)
 Metaspace       used 17664K, capacity 18268K, committed 18560K, reserved 1064960K
  class space    used 2178K, capacity 2362K, committed 2432K, reserved 1048576K
2020-11-07T19:58:00.188+0800: 6.865: [GC (Allocation Failure) 2020-11-07T19:58:00.188+0800: 6.865: [ParNew: 8624K->690K(9216K), 0.0099172 secs] 25348K->17419K(37228K), 0.0099768 secs] [Times: user=0.01 sys=0.00, real=0.01 secs] 
Heap after GC invocations=74 (full 11):
 par new generation   total 9216K, used 690K [0x00000000e3400000, 0x00000000e3e00000, 0x00000000ecca0000)
  eden space 8192K,   0% used [0x00000000e3400000, 0x00000000e3400000, 0x00000000e3c00000)
  from space 1024K,  67% used [0x00000000e3c00000, 0x00000000e3cac8d8, 0x00000000e3d00000)
  to   space 1024K,   0% used [0x00000000e3d00000, 0x00000000e3d00000, 0x00000000e3e00000)
 concurrent mark-sweep generation total 28012K, used 16729K [0x00000000ecca0000, 0x00000000ee7fb000, 0x0000000100000000)
 Metaspace       used 17664K, capacity 18268K, committed 18560K, reserved 1064960K
  class space    used 2178K, capacity 2362K, committed 2432K, reserved 1048576K
}
2020-11-07T19:58:00.245+0800: 6.922: Application time: 0.0467863 seconds
{Heap before GC invocations=74 (full 11):
 par new generation   total 9216K, used 8868K [0x00000000e3400000, 0x00000000e3e00000, 0x00000000ecca0000)
  eden space 8192K,  99% used [0x00000000e3400000, 0x00000000e3bfcaf8, 0x00000000e3c00000)
  from space 1024K,  67% used [0x00000000e3c00000, 0x00000000e3cac8d8, 0x00000000e3d00000)
  to   space 1024K,   0% used [0x00000000e3d00000, 0x00000000e3d00000, 0x00000000e3e00000)
 concurrent mark-sweep generation total 28012K, used 16729K [0x00000000ecca0000, 0x00000000ee7fb000, 0x0000000100000000)
 Metaspace       used 17947K, capacity 18538K, committed 18816K, reserved 1064960K
  class space    used 2208K, capacity 2367K, committed 2432K, reserved 1048576K
2020-11-07T19:58:00.245+0800: 6.922: [GC (Allocation Failure) 2020-11-07T19:58:00.245+0800: 6.922: [ParNew: 8868K->884K(9216K), 0.0101075 secs] 25598K->17672K(37228K), 0.0101806 secs] [Times: user=0.01 sys=0.00, real=0.01 secs] 
Heap after GC invocations=75 (full 11):
 par new generation   total 9216K, used 884K [0x00000000e3400000, 0x00000000e3e00000, 0x00000000ecca0000)
  eden space 8192K,   0% used [0x00000000e3400000, 0x00000000e3400000, 0x00000000e3c00000)
  from space 1024K,  86% used [0x00000000e3d00000, 0x00000000e3ddd2e8, 0x00000000e3e00000)
  to   space 1024K,   0% used [0x00000000e3c00000, 0x00000000e3c00000, 0x00000000e3d00000)
 concurrent mark-sweep generation total 28012K, used 16788K [0x00000000ecca0000, 0x00000000ee7fb000, 0x0000000100000000)
 Metaspace       used 17947K, capacity 18538K, committed 18816K, reserved 1064960K
  class space    used 2208K, capacity 2367K, committed 2432K, reserved 1048576K
}
2020-11-07T19:58:00.287+0800: 6.964: Application time: 0.0315124 seconds
{Heap before GC invocations=75 (full 11):
 par new generation   total 9216K, used 9076K [0x00000000e3400000, 0x00000000e3e00000, 0x00000000ecca0000)
  eden space 8192K, 100% used [0x00000000e3400000, 0x00000000e3c00000, 0x00000000e3c00000)
  from space 1024K,  86% used [0x00000000e3d00000, 0x00000000e3ddd2e8, 0x00000000e3e00000)
  to   space 1024K,   0% used [0x00000000e3c00000, 0x00000000e3c00000, 0x00000000e3d00000)
 concurrent mark-sweep generation total 28012K, used 16788K [0x00000000ecca0000, 0x00000000ee7fb000, 0x0000000100000000)
 Metaspace       used 18144K, capacity 18762K, committed 18816K, reserved 1064960K
  class space    used 2234K, capacity 2399K, committed 2432K, reserved 1048576K
2020-11-07T19:58:00.293+0800: 6.969: [GC (Allocation Failure) 2020-11-07T19:58:00.293+0800: 6.969: [ParNew: 9076K->522K(9216K), 0.0223993 secs] 25864K->17543K(37228K), 0.0224646 secs] [Times: user=0.03 sys=0.00, real=0.03 secs] 
Heap after GC invocations=76 (full 11):
 par new generation   total 9216K, used 522K [0x00000000e3400000, 0x00000000e3e00000, 0x00000000ecca0000)
  eden space 8192K,   0% used [0x00000000e3400000, 0x00000000e3400000, 0x00000000e3c00000)
  from space 1024K,  50% used [0x00000000e3c00000, 0x00000000e3c828d8, 0x00000000e3d00000)
  to   space 1024K,   0% used [0x00000000e3d00000, 0x00000000e3d00000, 0x00000000e3e00000)
 concurrent mark-sweep generation total 28012K, used 17021K [0x00000000ecca0000, 0x00000000ee7fb000, 0x0000000100000000)
 Metaspace       used 18144K, capacity 18762K, committed 18816K, reserved 1064960K
  class space    used 2234K, capacity 2399K, committed 2432K, reserved 1048576K
}
2020-11-07T19:58:00.320+0800: 6.996: Application time: 0.0044420 seconds
2020-11-07T19:58:00.320+0800: 6.997: [GC (CMS Initial Mark) [1 CMS-initial-mark: 17021K(28012K)] 18903K(37228K), 0.0019742 secs] [Times: user=0.00 sys=0.00, real=0.00 secs] 
2020-11-07T19:58:00.322+0800: 6.999: [CMS-concurrent-mark-start]
2020-11-07T19:58:00.379+0800: 7.056: Application time: 0.0573044 seconds
{Heap before GC invocations=76 (full 12):
 par new generation   total 9216K, used 8714K [0x00000000e3400000, 0x00000000e3e00000, 0x00000000ecca0000)
  eden space 8192K, 100% used [0x00000000e3400000, 0x00000000e3c00000, 0x00000000e3c00000)
  from space 1024K,  50% used [0x00000000e3c00000, 0x00000000e3c828d8, 0x00000000e3d00000)
  to   space 1024K,   0% used [0x00000000e3d00000, 0x00000000e3d00000, 0x00000000e3e00000)
 concurrent mark-sweep generation total 28012K, used 17021K [0x00000000ecca0000, 0x00000000ee7fb000, 0x0000000100000000)
 Metaspace       used 18525K, capacity 19114K, committed 19328K, reserved 1067008K
  class space    used 2265K, capacity 2431K, committed 2432K, reserved 1048576K
2020-11-07T19:58:00.379+0800: 7.056: [GC (Allocation Failure) 2020-11-07T19:58:00.379+0800: 7.056: [ParNew: 8714K->578K(9216K), 0.0108629 secs] 25735K->17599K(37228K), 0.0109449 secs] [Times: user=0.01 sys=0.00, real=0.01 secs] 
Heap after GC invocations=77 (full 12):
 par new generation   total 9216K, used 578K [0x00000000e3400000, 0x00000000e3e00000, 0x00000000ecca0000)
  eden space 8192K,   0% used [0x00000000e3400000, 0x00000000e3400000, 0x00000000e3c00000)
  from space 1024K,  56% used [0x00000000e3d00000, 0x00000000e3d90878, 0x00000000e3e00000)
  to   space 1024K,   0% used [0x00000000e3c00000, 0x00000000e3c00000, 0x00000000e3d00000)
 concurrent mark-sweep generation total 28012K, used 17021K [0x00000000ecca0000, 0x00000000ee7fb000, 0x0000000100000000)
 Metaspace       used 18525K, capacity 19114K, committed 19328K, reserved 1067008K
  class space    used 2265K, capacity 2431K, committed 2432K, reserved 1048576K
}
2020-11-07T19:58:00.427+0800: 7.104: Application time: 0.0364210 seconds
{Heap before GC invocations=77 (full 12):
 par new generation   total 9216K, used 8770K [0x00000000e3400000, 0x00000000e3e00000, 0x00000000ecca0000)
  eden space 8192K, 100% used [0x00000000e3400000, 0x00000000e3c00000, 0x00000000e3c00000)
  from space 1024K,  56% used [0x00000000e3d00000, 0x00000000e3d90878, 0x00000000e3e00000)
  to   space 1024K,   0% used [0x00000000e3c00000, 0x00000000e3c00000, 0x00000000e3d00000)
 concurrent mark-sweep generation total 28012K, used 17021K [0x00000000ecca0000, 0x00000000ee7fb000, 0x0000000100000000)
 Metaspace       used 18766K, capacity 19338K, committed 19456K, reserved 1067008K
  class space    used 2290K, capacity 2463K, committed 2560K, reserved 1048576K
2020-11-07T19:58:00.427+0800: 7.104: [GC (Allocation Failure) 2020-11-07T19:58:00.427+0800: 7.104: [ParNew: 8770K->306K(9216K), 0.0033923 secs] 25791K->17402K(37228K), 0.0034374 secs] [Times: user=0.00 sys=0.00, real=0.00 secs] 
Heap after GC invocations=78 (full 12):
 par new generation   total 9216K, used 306K [0x00000000e3400000, 0x00000000e3e00000, 0x00000000ecca0000)
  eden space 8192K,   0% used [0x00000000e3400000, 0x00000000e3400000, 0x00000000e3c00000)
  from space 1024K,  29% used [0x00000000e3c00000, 0x00000000e3c4c820, 0x00000000e3d00000)
  to   space 1024K,   0% used [0x00000000e3d00000, 0x00000000e3d00000, 0x00000000e3e00000)
 concurrent mark-sweep generation total 28012K, used 17096K [0x00000000ecca0000, 0x00000000ee7fb000, 0x0000000100000000)
 Metaspace       used 18766K, capacity 19338K, committed 19456K, reserved 1067008K
  class space    used 2290K, capacity 2463K, committed 2560K, reserved 1048576K
}
2020-11-07T19:58:00.432+0800: 7.109: [CMS-concurrent-mark: 0.088/0.110 secs] [Times: user=0.10 sys=0.00, real=0.11 secs] 
2020-11-07T19:58:00.432+0800: 7.109: [CMS-concurrent-preclean-start]
2020-11-07T19:58:00.434+0800: 7.110: [CMS-concurrent-preclean: 0.001/0.001 secs] [Times: user=0.00 sys=0.00, real=0.00 secs] 
2020-11-07T19:58:00.643+0800: 7.320: Application time: 0.2128669 seconds
2020-11-07T19:58:00.644+0800: 7.320: [GC (CMS Final Remark) [YG occupancy: 4628 K (9216 K)]2020-11-07T19:58:00.644+0800: 7.320: [Rescan (parallel) , 0.0042531 secs]2020-11-07T19:58:00.648+0800: 7.325: [weak refs processing, 0.0000613 secs]2020-11-07T19:58:00.648+0800: 7.325: [class unloading, 0.0037719 secs]2020-11-07T19:58:00.652+0800: 7.329: [scrub symbol table, 0.0061198 secs]2020-11-07T19:58:00.658+0800: 7.335: [scrub string table, 0.0004702 secs][1 CMS-remark: 17096K(28012K)] 21724K(37228K), 0.0148782 secs] [Times: user=0.01 sys=0.00, real=0.02 secs] 
2020-11-07T19:58:00.666+0800: 7.343: [CMS-concurrent-sweep-start]
2020-11-07T19:58:00.675+0800: 7.351: Application time: 0.0161451 seconds
{Heap before GC invocations=78 (full 12):
 par new generation   total 9216K, used 8498K [0x00000000e3400000, 0x00000000e3e00000, 0x00000000ecca0000)
  eden space 8192K, 100% used [0x00000000e3400000, 0x00000000e3c00000, 0x00000000e3c00000)
  from space 1024K,  29% used [0x00000000e3c00000, 0x00000000e3c4c820, 0x00000000e3d00000)
  to   space 1024K,   0% used [0x00000000e3d00000, 0x00000000e3d00000, 0x00000000e3e00000)
 concurrent mark-sweep generation total 28012K, used 17089K [0x00000000ecca0000, 0x00000000ee7fb000, 0x0000000100000000)
 Metaspace       used 18870K, capacity 19466K, committed 19712K, reserved 1067008K
  class space    used 2307K, capacity 2463K, committed 2560K, reserved 1048576K
2020-11-07T19:58:00.675+0800: 7.352: [GC (Allocation Failure) 2020-11-07T19:58:00.675+0800: 7.352: [ParNew: 8498K->211K(9216K), 0.0032374 secs] 25587K->17300K(37228K), 0.0033245 secs] [Times: user=0.00 sys=0.00, real=0.00 secs] 
Heap after GC invocations=79 (full 12):
 par new generation   total 9216K, used 211K [0x00000000e3400000, 0x00000000e3e00000, 0x00000000ecca0000)
  eden space 8192K,   0% used [0x00000000e3400000, 0x00000000e3400000, 0x00000000e3c00000)
  from space 1024K,  20% used [0x00000000e3d00000, 0x00000000e3d34c00, 0x00000000e3e00000)
  to   space 1024K,   0% used [0x00000000e3c00000, 0x00000000e3c00000, 0x00000000e3d00000)
 concurrent mark-sweep generation total 28012K, used 17089K [0x00000000ecca0000, 0x00000000ee7fb000, 0x0000000100000000)
 Metaspace       used 18870K, capacity 19466K, committed 19712K, reserved 1067008K
  class space    used 2307K, capacity 2463K, committed 2560K, reserved 1048576K
}
2020-11-07T19:58:00.691+0800: 7.368: [CMS-concurrent-sweep: 0.011/0.025 secs] [Times: user=0.02 sys=0.00, real=0.02 secs] 
2020-11-07T19:58:00.691+0800: 7.368: [CMS-concurrent-reset-start]
2020-11-07T19:58:00.696+0800: 7.372: [CMS-concurrent-reset: 0.004/0.004 secs] [Times: user=0.01 sys=0.00, real=0.01 secs] 
2020-11-07T19:58:00.699+0800: 7.376: Application time: 0.0211793 seconds
{Heap before GC invocations=79 (full 12):
 par new generation   total 9216K, used 8403K [0x00000000e3400000, 0x00000000e3e00000, 0x00000000ecca0000)
  eden space 8192K, 100% used [0x00000000e3400000, 0x00000000e3c00000, 0x00000000e3c00000)
  from space 1024K,  20% used [0x00000000e3d00000, 0x00000000e3d34c00, 0x00000000e3e00000)
  to   space 1024K,   0% used [0x00000000e3c00000, 0x00000000e3c00000, 0x00000000e3d00000)
 concurrent mark-sweep generation total 28428K, used 17055K [0x00000000ecca0000, 0x00000000ee863000, 0x0000000100000000)
 Metaspace       used 19006K, capacity 19626K, committed 19712K, reserved 1067008K
  class space    used 2321K, capacity 2495K, committed 2560K, reserved 1048576K
2020-11-07T19:58:00.700+0800: 7.377: [GC (Allocation Failure) 2020-11-07T19:58:00.700+0800: 7.377: [ParNew: 8403K->257K(9216K), 0.0027846 secs] 25458K->17313K(37644K), 0.0028572 secs] [Times: user=0.00 sys=0.00, real=0.00 secs] 
Heap after GC invocations=80 (full 12):
 par new generation   total 9216K, used 257K [0x00000000e3400000, 0x00000000e3e00000, 0x00000000ecca0000)
  eden space 8192K,   0% used [0x00000000e3400000, 0x00000000e3400000, 0x00000000e3c00000)
  from space 1024K,  25% used [0x00000000e3c00000, 0x00000000e3c40750, 0x00000000e3d00000)
  to   space 1024K,   0% used [0x00000000e3d00000, 0x00000000e3d00000, 0x00000000e3e00000)
 concurrent mark-sweep generation total 28428K, used 17055K [0x00000000ecca0000, 0x00000000ee863000, 0x0000000100000000)
 Metaspace       used 19006K, capacity 19626K, committed 19712K, reserved 1067008K
  class space    used 2321K, capacity 2495K, committed 2560K, reserved 1048576K
}
2020-11-07T19:58:00.721+0800: 7.398: Application time: 0.0181914 seconds
2020-11-07T19:58:00.723+0800: 7.400: Application time: 0.0019118 seconds
{Heap before GC invocations=80 (full 12):
 par new generation   total 9216K, used 8449K [0x00000000e3400000, 0x00000000e3e00000, 0x00000000ecca0000)
  eden space 8192K, 100% used [0x00000000e3400000, 0x00000000e3c00000, 0x00000000e3c00000)
  from space 1024K,  25% used [0x00000000e3c00000, 0x00000000e3c40750, 0x00000000e3d00000)
  to   space 1024K,   0% used [0x00000000e3d00000, 0x00000000e3d00000, 0x00000000e3e00000)
 concurrent mark-sweep generation total 28428K, used 17055K [0x00000000ecca0000, 0x00000000ee863000, 0x0000000100000000)
 Metaspace       used 19189K, capacity 19754K, committed 19968K, reserved 1067008K
  class space    used 2335K, capacity 2495K, committed 2560K, reserved 1048576K
2020-11-07T19:58:00.723+0800: 7.400: [GC (Allocation Failure) 2020-11-07T19:58:00.723+0800: 7.400: [ParNew: 8449K->392K(9216K), 0.0092687 secs] 25505K->17447K(37644K), 0.0093184 secs] [Times: user=0.01 sys=0.00, real=0.01 secs] 
Heap after GC invocations=81 (full 12):
 par new generation   total 9216K, used 392K [0x00000000e3400000, 0x00000000e3e00000, 0x00000000ecca0000)
  eden space 8192K,   0% used [0x00000000e3400000, 0x00000000e3400000, 0x00000000e3c00000)
  from space 1024K,  38% used [0x00000000e3d00000, 0x00000000e3d62170, 0x00000000e3e00000)
  to   space 1024K,   0% used [0x00000000e3c00000, 0x00000000e3c00000, 0x00000000e3d00000)
 concurrent mark-sweep generation total 28428K, used 17055K [0x00000000ecca0000, 0x00000000ee863000, 0x0000000100000000)
 Metaspace       used 19189K, capacity 19754K, committed 19968K, reserved 1067008K
  class space    used 2335K, capacity 2495K, committed 2560K, reserved 1048576K
}
2020-11-07T19:58:00.756+0800: 7.433: Application time: 0.0235949 seconds
{Heap before GC invocations=81 (full 12):
 par new generation   total 9216K, used 8584K [0x00000000e3400000, 0x00000000e3e00000, 0x00000000ecca0000)
  eden space 8192K, 100% used [0x00000000e3400000, 0x00000000e3c00000, 0x00000000e3c00000)
  from space 1024K,  38% used [0x00000000e3d00000, 0x00000000e3d62170, 0x00000000e3e00000)
  to   space 1024K,   0% used [0x00000000e3c00000, 0x00000000e3c00000, 0x00000000e3d00000)
 concurrent mark-sweep generation total 28428K, used 17055K [0x00000000ecca0000, 0x00000000ee863000, 0x0000000100000000)
 Metaspace       used 19501K, capacity 20106K, committed 20224K, reserved 1067008K
  class space    used 2365K, capacity 2527K, committed 2560K, reserved 1048576K
2020-11-07T19:58:00.756+0800: 7.433: [GC (Allocation Failure) 2020-11-07T19:58:00.756+0800: 7.433: [ParNew: 8584K->462K(9216K), 0.0087007 secs] 25639K->17518K(37644K), 0.0087527 secs] [Times: user=0.01 sys=0.00, real=0.01 secs] 
Heap after GC invocations=82 (full 12):
 par new generation   total 9216K, used 462K [0x00000000e3400000, 0x00000000e3e00000, 0x00000000ecca0000)
  eden space 8192K,   0% used [0x00000000e3400000, 0x00000000e3400000, 0x00000000e3c00000)
  from space 1024K,  45% used [0x00000000e3c00000, 0x00000000e3c73ab8, 0x00000000e3d00000)
  to   space 1024K,   0% used [0x00000000e3d00000, 0x00000000e3d00000, 0x00000000e3e00000)
 concurrent mark-sweep generation total 28428K, used 17055K [0x00000000ecca0000, 0x00000000ee863000, 0x0000000100000000)
 Metaspace       used 19501K, capacity 20106K, committed 20224K, reserved 1067008K
  class space    used 2365K, capacity 2527K, committed 2560K, reserved 1048576K
}
2020-11-07T19:58:00.814+0800: 7.490: Application time: 0.0484398 seconds
{Heap before GC invocations=82 (full 12):
 par new generation   total 9216K, used 8654K [0x00000000e3400000, 0x00000000e3e00000, 0x00000000ecca0000)
  eden space 8192K, 100% used [0x00000000e3400000, 0x00000000e3c00000, 0x00000000e3c00000)
  from space 1024K,  45% used [0x00000000e3c00000, 0x00000000e3c73ab8, 0x00000000e3d00000)
  to   space 1024K,   0% used [0x00000000e3d00000, 0x00000000e3d00000, 0x00000000e3e00000)
 concurrent mark-sweep generation total 28428K, used 17055K [0x00000000ecca0000, 0x00000000ee863000, 0x0000000100000000)
 Metaspace       used 19728K, capacity 20330K, committed 20480K, reserved 1067008K
  class space    used 2382K, capacity 2559K, committed 2560K, reserved 1048576K
2020-11-07T19:58:00.814+0800: 7.491: [GC (Allocation Failure) 2020-11-07T19:58:00.814+0800: 7.491: [ParNew: 8654K->433K(9216K), 0.0179589 secs] 25710K->17488K(37644K), 0.0180070 secs] [Times: user=0.00 sys=0.00, real=0.02 secs] 
Heap after GC invocations=83 (full 12):
 par new generation   total 9216K, used 433K [0x00000000e3400000, 0x00000000e3e00000, 0x00000000ecca0000)
  eden space 8192K,   0% used [0x00000000e3400000, 0x00000000e3400000, 0x00000000e3c00000)
  from space 1024K,  42% used [0x00000000e3d00000, 0x00000000e3d6c5e0, 0x00000000e3e00000)
  to   space 1024K,   0% used [0x00000000e3c00000, 0x00000000e3c00000, 0x00000000e3d00000)
 concurrent mark-sweep generation total 28428K, used 17055K [0x00000000ecca0000, 0x00000000ee863000, 0x0000000100000000)
 Metaspace       used 19728K, capacity 20330K, committed 20480K, reserved 1067008K
  class space    used 2382K, capacity 2559K, committed 2560K, reserved 1048576K
}
2020-11-07T19:58:00.874+0800: 7.551: Application time: 0.0422136 seconds
{Heap before GC invocations=83 (full 12):
 par new generation   total 9216K, used 8625K [0x00000000e3400000, 0x00000000e3e00000, 0x00000000ecca0000)
  eden space 8192K, 100% used [0x00000000e3400000, 0x00000000e3c00000, 0x00000000e3c00000)
  from space 1024K,  42% used [0x00000000e3d00000, 0x00000000e3d6c5e0, 0x00000000e3e00000)
  to   space 1024K,   0% used [0x00000000e3c00000, 0x00000000e3c00000, 0x00000000e3d00000)
 concurrent mark-sweep generation total 28428K, used 17055K [0x00000000ecca0000, 0x00000000ee863000, 0x0000000100000000)
 Metaspace       used 19844K, capacity 20394K, committed 20480K, reserved 1067008K
  class space    used 2396K, capacity 2559K, committed 2560K, reserved 1048576K
2020-11-07T19:58:00.879+0800: 7.556: [GC (Allocation Failure) 2020-11-07T19:58:00.880+0800: 7.556: [ParNew: 8625K->304K(9216K), 0.0088029 secs] 25680K->17388K(37644K), 0.0088593 secs] [Times: user=0.00 sys=0.00, real=0.01 secs] 
Heap after GC invocations=84 (full 12):
 par new generation   total 9216K, used 304K [0x00000000e3400000, 0x00000000e3e00000, 0x00000000ecca0000)
  eden space 8192K,   0% used [0x00000000e3400000, 0x00000000e3400000, 0x00000000e3c00000)
  from space 1024K,  29% used [0x00000000e3c00000, 0x00000000e3c4c0c8, 0x00000000e3d00000)
  to   space 1024K,   0% used [0x00000000e3d00000, 0x00000000e3d00000, 0x00000000e3e00000)
 concurrent mark-sweep generation total 28428K, used 17083K [0x00000000ecca0000, 0x00000000ee863000, 0x0000000100000000)
 Metaspace       used 19844K, capacity 20394K, committed 20480K, reserved 1067008K
  class space    used 2396K, capacity 2559K, committed 2560K, reserved 1048576K
}
2020-11-07T19:58:00.892+0800: 7.568: Application time: 0.0033094 seconds
2020-11-07T19:58:00.892+0800: 7.569: [GC (CMS Initial Mark) [1 CMS-initial-mark: 17083K(28428K)] 18382K(37644K), 0.0022984 secs] [Times: user=0.00 sys=0.00, real=0.00 secs] 
2020-11-07T19:58:00.894+0800: 7.571: [CMS-concurrent-mark-start]
2020-11-07T19:58:00.953+0800: 7.629: Application time: 0.0583784 seconds
{Heap before GC invocations=84 (full 13):
 par new generation   total 9216K, used 8496K [0x00000000e3400000, 0x00000000e3e00000, 0x00000000ecca0000)
  eden space 8192K, 100% used [0x00000000e3400000, 0x00000000e3c00000, 0x00000000e3c00000)
  from space 1024K,  29% used [0x00000000e3c00000, 0x00000000e3c4c0c8, 0x00000000e3d00000)
  to   space 1024K,   0% used [0x00000000e3d00000, 0x00000000e3d00000, 0x00000000e3e00000)
 concurrent mark-sweep generation total 28428K, used 17083K [0x00000000ecca0000, 0x00000000ee863000, 0x0000000100000000)
 Metaspace       used 19968K, capacity 20560K, committed 20864K, reserved 1067008K
  class space    used 2412K, capacity 2594K, committed 2688K, reserved 1048576K
2020-11-07T19:58:00.953+0800: 7.629: [GC (Allocation Failure) 2020-11-07T19:58:00.953+0800: 7.629: [ParNew: 8496K->406K(9216K), 0.0118137 secs] 25580K->17503K(37644K), 0.0118905 secs] [Times: user=0.01 sys=0.00, real=0.02 secs] 
Heap after GC invocations=85 (full 13):
 par new generation   total 9216K, used 406K [0x00000000e3400000, 0x00000000e3e00000, 0x00000000ecca0000)
  eden space 8192K,   0% used [0x00000000e3400000, 0x00000000e3400000, 0x00000000e3c00000)
  from space 1024K,  39% used [0x00000000e3d00000, 0x00000000e3d65a18, 0x00000000e3e00000)
  to   space 1024K,   0% used [0x00000000e3c00000, 0x00000000e3c00000, 0x00000000e3d00000)
 concurrent mark-sweep generation total 28428K, used 17096K [0x00000000ecca0000, 0x00000000ee863000, 0x0000000100000000)
 Metaspace       used 19968K, capacity 20560K, committed 20864K, reserved 1067008K
  class space    used 2412K, capacity 2594K, committed 2688K, reserved 1048576K
}
2020-11-07T19:58:01.001+0800: 7.678: Application time: 0.0363323 seconds
{Heap before GC invocations=85 (full 13):
 par new generation   total 9216K, used 8598K [0x00000000e3400000, 0x00000000e3e00000, 0x00000000ecca0000)
  eden space 8192K, 100% used [0x00000000e3400000, 0x00000000e3c00000, 0x00000000e3c00000)
  from space 1024K,  39% used [0x00000000e3d00000, 0x00000000e3d65a18, 0x00000000e3e00000)
  to   space 1024K,   0% used [0x00000000e3c00000, 0x00000000e3c00000, 0x00000000e3d00000)
 concurrent mark-sweep generation total 28428K, used 17096K [0x00000000ecca0000, 0x00000000ee863000, 0x0000000100000000)
 Metaspace       used 20094K, capacity 20624K, committed 20864K, reserved 1067008K
  class space    used 2434K, capacity 2594K, committed 2688K, reserved 1048576K
2020-11-07T19:58:01.006+0800: 7.683: [GC (Allocation Failure) 2020-11-07T19:58:01.006+0800: 7.683: [ParNew: 8598K->325K(9216K), 0.0034527 secs] 25695K->17440K(37644K), 0.0035082 secs] [Times: user=0.01 sys=0.00, real=0.00 secs] 
Heap after GC invocations=86 (full 13):
 par new generation   total 9216K, used 325K [0x00000000e3400000, 0x00000000e3e00000, 0x00000000ecca0000)
  eden space 8192K,   0% used [0x00000000e3400000, 0x00000000e3400000, 0x00000000e3c00000)
  from space 1024K,  31% used [0x00000000e3c00000, 0x00000000e3c51600, 0x00000000e3d00000)
  to   space 1024K,   0% used [0x00000000e3d00000, 0x00000000e3d00000, 0x00000000e3e00000)
 concurrent mark-sweep generation total 28428K, used 17114K [0x00000000ecca0000, 0x00000000ee863000, 0x0000000100000000)
 Metaspace       used 20094K, capacity 20624K, committed 20864K, reserved 1067008K
  class space    used 2434K, capacity 2594K, committed 2688K, reserved 1048576K
}
2020-11-07T19:58:01.035+0800: 7.712: [CMS-concurrent-mark: 0.117/0.141 secs] [Times: user=0.13 sys=0.00, real=0.15 secs] 
2020-11-07T19:58:01.035+0800: 7.712: Application time: 0.0250596 seconds
{Heap before GC invocations=86 (full 13):
 par new generation   total 9216K, used 8517K [0x00000000e3400000, 0x00000000e3e00000, 0x00000000ecca0000)
  eden space 8192K, 100% used [0x00000000e3400000, 0x00000000e3c00000, 0x00000000e3c00000)
  from space 1024K,  31% used [0x00000000e3c00000, 0x00000000e3c51600, 0x00000000e3d00000)
  to   space 1024K,   0% used [0x00000000e3d00000, 0x00000000e3d00000, 0x00000000e3e00000)
 concurrent mark-sweep generation total 28428K, used 17114K [0x00000000ecca0000, 0x00000000ee863000, 0x0000000100000000)
 Metaspace       used 20193K, capacity 20784K, committed 21120K, reserved 1067008K
  class space    used 2449K, capacity 2626K, committed 2688K, reserved 1048576K
2020-11-07T19:58:01.035+0800: 7.712: [GC (Allocation Failure) 2020-11-07T19:58:01.035+0800: 7.712: [ParNew: 8517K->274K(9216K), 0.0100824 secs] 25632K->17403K(37644K), 0.0101429 secs] [Times: user=0.01 sys=0.00, real=0.01 secs] 
Heap after GC invocations=87 (full 13):
 par new generation   total 9216K, used 274K [0x00000000e3400000, 0x00000000e3e00000, 0x00000000ecca0000)
  eden space 8192K,   0% used [0x00000000e3400000, 0x00000000e3400000, 0x00000000e3c00000)
  from space 1024K,  26% used [0x00000000e3d00000, 0x00000000e3d44868, 0x00000000e3e00000)
  to   space 1024K,   0% used [0x00000000e3c00000, 0x00000000e3c00000, 0x00000000e3d00000)
 concurrent mark-sweep generation total 28428K, used 17129K [0x00000000ecca0000, 0x00000000ee863000, 0x0000000100000000)
 Metaspace       used 20193K, capacity 20784K, committed 21120K, reserved 1067008K
  class space    used 2449K, capacity 2626K, committed 2688K, reserved 1048576K
}
2020-11-07T19:58:01.045+0800: 7.722: [CMS-concurrent-preclean-start]
2020-11-07T19:58:01.047+0800: 7.724: [CMS-concurrent-preclean: 0.002/0.002 secs] [Times: user=0.00 sys=0.00, real=0.00 secs] 
2020-11-07T19:58:01.056+0800: 7.732: Application time: 0.0102704 seconds
2020-11-07T19:58:01.056+0800: 7.733: [GC (CMS Final Remark) [YG occupancy: 3227 K (9216 K)]2020-11-07T19:58:01.056+0800: 7.733: [Rescan (parallel) , 0.0032481 secs]2020-11-07T19:58:01.059+0800: 7.736: [weak refs processing, 0.0005562 secs]2020-11-07T19:58:01.060+0800: 7.737: [class unloading, 0.0034849 secs]2020-11-07T19:58:01.063+0800: 7.740: [scrub symbol table, 0.0060759 secs]2020-11-07T19:58:01.069+0800: 7.746: [scrub string table, 0.0004345 secs][1 CMS-remark: 17129K(28428K)] 20357K(37644K), 0.0139685 secs] [Times: user=0.01 sys=0.00, real=0.01 secs] 
2020-11-07T19:58:01.078+0800: 7.754: [CMS-concurrent-sweep-start]
2020-11-07T19:58:01.092+0800: 7.769: [CMS-concurrent-sweep: 0.015/0.015 secs] [Times: user=0.02 sys=0.00, real=0.01 secs] 
2020-11-07T19:58:01.093+0800: 7.769: Application time: 0.0225283 seconds
{Heap before GC invocations=87 (full 13):
 par new generation   total 9216K, used 8466K [0x00000000e3400000, 0x00000000e3e00000, 0x00000000ecca0000)
  eden space 8192K, 100% used [0x00000000e3400000, 0x00000000e3c00000, 0x00000000e3c00000)
  from space 1024K,  26% used [0x00000000e3d00000, 0x00000000e3d44868, 0x00000000e3e00000)
  to   space 1024K,   0% used [0x00000000e3c00000, 0x00000000e3c00000, 0x00000000e3d00000)
 concurrent mark-sweep generation total 28428K, used 17066K [0x00000000ecca0000, 0x00000000ee863000, 0x0000000100000000)
 Metaspace       used 20310K, capacity 20848K, committed 21120K, reserved 1067008K
  class space    used 2464K, capacity 2626K, committed 2688K, reserved 1048576K
2020-11-07T19:58:01.093+0800: 7.769: [GC (Allocation Failure) 2020-11-07T19:58:01.093+0800: 7.769: [ParNew: 8466K->359K(9216K), 0.0038996 secs] 25532K->17445K(37644K), 0.0039523 secs] [Times: user=0.00 sys=0.00, real=0.01 secs] 
Heap after GC invocations=88 (full 13):
 par new generation   total 9216K, used 359K [0x00000000e3400000, 0x00000000e3e00000, 0x00000000ecca0000)
  eden space 8192K,   0% used [0x00000000e3400000, 0x00000000e3400000, 0x00000000e3c00000)
  from space 1024K,  35% used [0x00000000e3c00000, 0x00000000e3c59de0, 0x00000000e3d00000)
  to   space 1024K,   0% used [0x00000000e3d00000, 0x00000000e3d00000, 0x00000000e3e00000)
 concurrent mark-sweep generation total 28428K, used 17086K [0x00000000ecca0000, 0x00000000ee863000, 0x0000000100000000)
 Metaspace       used 20310K, capacity 20848K, committed 21120K, reserved 1067008K
  class space    used 2464K, capacity 2626K, committed 2688K, reserved 1048576K
}
2020-11-07T19:58:01.114+0800: 7.791: [CMS-concurrent-reset-start]
2020-11-07T19:58:01.115+0800: 7.792: [CMS-concurrent-reset: 0.001/0.001 secs] [Times: user=0.00 sys=0.00, real=0.01 secs] 
2020-11-07T19:58:01.134+0800: 7.811: Application time: 0.0375695 seconds
{Heap before GC invocations=88 (full 13):
 par new generation   total 9216K, used 8551K [0x00000000e3400000, 0x00000000e3e00000, 0x00000000ecca0000)
  eden space 8192K, 100% used [0x00000000e3400000, 0x00000000e3c00000, 0x00000000e3c00000)
  from space 1024K,  35% used [0x00000000e3c00000, 0x00000000e3c59de0, 0x00000000e3d00000)
  to   space 1024K,   0% used [0x00000000e3d00000, 0x00000000e3d00000, 0x00000000e3e00000)
 concurrent mark-sweep generation total 28620K, used 17086K [0x00000000ecca0000, 0x00000000ee893000, 0x0000000100000000)
 Metaspace       used 20442K, capacity 21008K, committed 21120K, reserved 1067008K
  class space    used 2485K, capacity 2658K, committed 2688K, reserved 1048576K
2020-11-07T19:58:01.135+0800: 7.811: [GC (Allocation Failure) 2020-11-07T19:58:01.135+0800: 7.811: [ParNew: 8551K->451K(9216K), 0.0119329 secs] 25637K->17552K(37836K), 0.0120020 secs] [Times: user=0.01 sys=0.00, real=0.01 secs] 
Heap after GC invocations=89 (full 13):
 par new generation   total 9216K, used 451K [0x00000000e3400000, 0x00000000e3e00000, 0x00000000ecca0000)
  eden space 8192K,   0% used [0x00000000e3400000, 0x00000000e3400000, 0x00000000e3c00000)
  from space 1024K,  44% used [0x00000000e3d00000, 0x00000000e3d70ff8, 0x00000000e3e00000)
  to   space 1024K,   0% used [0x00000000e3c00000, 0x00000000e3c00000, 0x00000000e3d00000)
 concurrent mark-sweep generation total 28620K, used 17100K [0x00000000ecca0000, 0x00000000ee893000, 0x0000000100000000)
 Metaspace       used 20442K, capacity 21008K, committed 21120K, reserved 1067008K
  class space    used 2485K, capacity 2658K, committed 2688K, reserved 1048576K
}
2020-11-07T19:58:01.168+0800: 7.845: Application time: 0.0217117 seconds
{Heap before GC invocations=89 (full 13):
 par new generation   total 9216K, used 8643K [0x00000000e3400000, 0x00000000e3e00000, 0x00000000ecca0000)
  eden space 8192K, 100% used [0x00000000e3400000, 0x00000000e3c00000, 0x00000000e3c00000)
  from space 1024K,  44% used [0x00000000e3d00000, 0x00000000e3d70ff8, 0x00000000e3e00000)
  to   space 1024K,   0% used [0x00000000e3c00000, 0x00000000e3c00000, 0x00000000e3d00000)
 concurrent mark-sweep generation total 28620K, used 17100K [0x00000000ecca0000, 0x00000000ee893000, 0x0000000100000000)
 Metaspace       used 20605K, capacity 21168K, committed 21504K, reserved 1069056K
  class space    used 2505K, capacity 2690K, committed 2816K, reserved 1048576K
2020-11-07T19:58:01.169+0800: 7.846: [GC (Allocation Failure) 2020-11-07T19:58:01.169+0800: 7.846: [ParNew: 8643K->356K(9216K), 0.0035474 secs] 25744K->17484K(37836K), 0.0035989 secs] [Times: user=0.00 sys=0.00, real=0.00 secs] 
Heap after GC invocations=90 (full 13):
 par new generation   total 9216K, used 356K [0x00000000e3400000, 0x00000000e3e00000, 0x00000000ecca0000)
  eden space 8192K,   0% used [0x00000000e3400000, 0x00000000e3400000, 0x00000000e3c00000)
  from space 1024K,  34% used [0x00000000e3c00000, 0x00000000e3c59298, 0x00000000e3d00000)
  to   space 1024K,   0% used [0x00000000e3d00000, 0x00000000e3d00000, 0x00000000e3e00000)
 concurrent mark-sweep generation total 28620K, used 17128K [0x00000000ecca0000, 0x00000000ee893000, 0x0000000100000000)
 Metaspace       used 20605K, capacity 21168K, committed 21504K, reserved 1069056K
  class space    used 2505K, capacity 2690K, committed 2816K, reserved 1048576K
}
2020-11-07T19:58:01.201+0800: 7.877: Application time: 0.0279864 seconds
{Heap before GC invocations=90 (full 13):
 par new generation   total 9216K, used 8548K [0x00000000e3400000, 0x00000000e3e00000, 0x00000000ecca0000)
  eden space 8192K, 100% used [0x00000000e3400000, 0x00000000e3c00000, 0x00000000e3c00000)
  from space 1024K,  34% used [0x00000000e3c00000, 0x00000000e3c59298, 0x00000000e3d00000)
  to   space 1024K,   0% used [0x00000000e3d00000, 0x00000000e3d00000, 0x00000000e3e00000)
 concurrent mark-sweep generation total 28620K, used 17128K [0x00000000ecca0000, 0x00000000ee893000, 0x0000000100000000)
 Metaspace       used 20804K, capacity 21360K, committed 21760K, reserved 1069056K
  class space    used 2529K, capacity 2690K, committed 2816K, reserved 1048576K
2020-11-07T19:58:01.201+0800: 7.878: [GC (Allocation Failure) 2020-11-07T19:58:01.201+0800: 7.878: [ParNew: 8548K->408K(9216K), 0.0154829 secs] 25676K->17559K(37836K), 0.0155423 secs] [Times: user=0.01 sys=0.00, real=0.02 secs] 
Heap after GC invocations=91 (full 13):
 par new generation   total 9216K, used 408K [0x00000000e3400000, 0x00000000e3e00000, 0x00000000ecca0000)
  eden space 8192K,   0% used [0x00000000e3400000, 0x00000000e3400000, 0x00000000e3c00000)
  from space 1024K,  39% used [0x00000000e3d00000, 0x00000000e3d66230, 0x00000000e3e00000)
  to   space 1024K,   0% used [0x00000000e3c00000, 0x00000000e3c00000, 0x00000000e3d00000)
 concurrent mark-sweep generation total 28620K, used 17150K [0x00000000ecca0000, 0x00000000ee893000, 0x0000000100000000)
 Metaspace       used 20804K, capacity 21360K, committed 21760K, reserved 1069056K
  class space    used 2529K, capacity 2690K, committed 2816K, reserved 1048576K
}
2020-11-07T19:58:01.232+0800: 7.909: Application time: 0.0152887 seconds
{Heap before GC invocations=91 (full 13):
 par new generation   total 9216K, used 8600K [0x00000000e3400000, 0x00000000e3e00000, 0x00000000ecca0000)
  eden space 8192K, 100% used [0x00000000e3400000, 0x00000000e3c00000, 0x00000000e3c00000)
  from space 1024K,  39% used [0x00000000e3d00000, 0x00000000e3d66230, 0x00000000e3e00000)
  to   space 1024K,   0% used [0x00000000e3c00000, 0x00000000e3c00000, 0x00000000e3d00000)
 concurrent mark-sweep generation total 28620K, used 17150K [0x00000000ecca0000, 0x00000000ee893000, 0x0000000100000000)
 Metaspace       used 20878K, capacity 21456K, committed 21760K, reserved 1069056K
  class space    used 2542K, capacity 2722K, committed 2816K, reserved 1048576K
2020-11-07T19:58:01.232+0800: 7.909: [GC (Allocation Failure) 2020-11-07T19:58:01.232+0800: 7.909: [ParNew: 8600K->279K(9216K), 0.0038776 secs] 25751K->17449K(37836K), 0.0039278 secs] [Times: user=0.00 sys=0.00, real=0.01 secs] 
Heap after GC invocations=92 (full 13):
 par new generation   total 9216K, used 279K [0x00000000e3400000, 0x00000000e3e00000, 0x00000000ecca0000)
  eden space 8192K,   0% used [0x00000000e3400000, 0x00000000e3400000, 0x00000000e3c00000)
  from space 1024K,  27% used [0x00000000e3c00000, 0x00000000e3c45dc0, 0x00000000e3d00000)
  to   space 1024K,   0% used [0x00000000e3d00000, 0x00000000e3d00000, 0x00000000e3e00000)
 concurrent mark-sweep generation total 28620K, used 17169K [0x00000000ecca0000, 0x00000000ee893000, 0x0000000100000000)
 Metaspace       used 20878K, capacity 21456K, committed 21760K, reserved 1069056K
  class space    used 2542K, capacity 2722K, committed 2816K, reserved 1048576K
}
2020-11-07T19:58:01.264+0800: 7.941: Application time: 0.0281107 seconds
{Heap before GC invocations=92 (full 13):
 par new generation   total 9216K, used 8471K [0x00000000e3400000, 0x00000000e3e00000, 0x00000000ecca0000)
  eden space 8192K, 100% used [0x00000000e3400000, 0x00000000e3c00000, 0x00000000e3c00000)
  from space 1024K,  27% used [0x00000000e3c00000, 0x00000000e3c45dc0, 0x00000000e3d00000)
  to   space 1024K,   0% used [0x00000000e3d00000, 0x00000000e3d00000, 0x00000000e3e00000)
 concurrent mark-sweep generation total 28620K, used 17169K [0x00000000ecca0000, 0x00000000ee893000, 0x0000000100000000)
 Metaspace       used 21052K, capacity 21648K, committed 22016K, reserved 1069056K
  class space    used 2560K, capacity 2722K, committed 2816K, reserved 1048576K
2020-11-07T19:58:01.264+0800: 7.941: [GC (Allocation Failure) 2020-11-07T19:58:01.264+0800: 7.941: [ParNew: 8471K->426K(9216K), 0.0040420 secs] 25641K->17615K(37836K), 0.0040937 secs] [Times: user=0.01 sys=0.00, real=0.01 secs] 
Heap after GC invocations=93 (full 13):
 par new generation   total 9216K, used 426K [0x00000000e3400000, 0x00000000e3e00000, 0x00000000ecca0000)
  eden space 8192K,   0% used [0x00000000e3400000, 0x00000000e3400000, 0x00000000e3c00000)
  from space 1024K,  41% used [0x00000000e3d00000, 0x00000000e3d6aad8, 0x00000000e3e00000)
  to   space 1024K,   0% used [0x00000000e3c00000, 0x00000000e3c00000, 0x00000000e3d00000)
 concurrent mark-sweep generation total 28620K, used 17188K [0x00000000ecca0000, 0x00000000ee893000, 0x0000000100000000)
 Metaspace       used 21052K, capacity 21648K, committed 22016K, reserved 1069056K
  class space    used 2560K, capacity 2722K, committed 2816K, reserved 1048576K
}
2020-11-07T19:58:01.280+0800: 7.956: Application time: 0.0111525 seconds
2020-11-07T19:58:01.280+0800: 7.957: [GC (CMS Initial Mark) [1 CMS-initial-mark: 17188K(28620K)] 19373K(37836K), 0.0027282 secs] [Times: user=0.00 sys=0.00, real=0.00 secs] 
2020-11-07T19:58:01.283+0800: 7.959: [CMS-concurrent-mark-start]
2020-11-07T19:58:01.312+0800: 7.989: Application time: 0.0296020 seconds
{Heap before GC invocations=93 (full 14):
 par new generation   total 9216K, used 8618K [0x00000000e3400000, 0x00000000e3e00000, 0x00000000ecca0000)
  eden space 8192K, 100% used [0x00000000e3400000, 0x00000000e3c00000, 0x00000000e3c00000)
  from space 1024K,  41% used [0x00000000e3d00000, 0x00000000e3d6aad8, 0x00000000e3e00000)
  to   space 1024K,   0% used [0x00000000e3c00000, 0x00000000e3c00000, 0x00000000e3d00000)
 concurrent mark-sweep generation total 28620K, used 17188K [0x00000000ecca0000, 0x00000000ee893000, 0x0000000100000000)
 Metaspace       used 21150K, capacity 21758K, committed 22016K, reserved 1069056K
  class space    used 2579K, capacity 2759K, committed 2816K, reserved 1048576K
2020-11-07T19:58:01.312+0800: 7.989: [GC (Allocation Failure) 2020-11-07T19:58:01.312+0800: 7.989: [ParNew: 8618K->284K(9216K), 0.0041602 secs] 25807K->17501K(37836K), 0.0042313 secs] [Times: user=0.00 sys=0.00, real=0.01 secs] 
Heap after GC invocations=94 (full 14):
 par new generation   total 9216K, used 284K [0x00000000e3400000, 0x00000000e3e00000, 0x00000000ecca0000)
  eden space 8192K,   0% used [0x00000000e3400000, 0x00000000e3400000, 0x00000000e3c00000)
  from space 1024K,  27% used [0x00000000e3c00000, 0x00000000e3c47150, 0x00000000e3d00000)
  to   space 1024K,   0% used [0x00000000e3d00000, 0x00000000e3d00000, 0x00000000e3e00000)
 concurrent mark-sweep generation total 28620K, used 17216K [0x00000000ecca0000, 0x00000000ee893000, 0x0000000100000000)
 Metaspace       used 21150K, capacity 21758K, committed 22016K, reserved 1069056K
  class space    used 2579K, capacity 2759K, committed 2816K, reserved 1048576K
}
2020-11-07T19:58:01.360+0800: 8.037: Application time: 0.0435140 seconds
{Heap before GC invocations=94 (full 14):
 par new generation   total 9216K, used 8476K [0x00000000e3400000, 0x00000000e3e00000, 0x00000000ecca0000)
  eden space 8192K, 100% used [0x00000000e3400000, 0x00000000e3c00000, 0x00000000e3c00000)
  from space 1024K,  27% used [0x00000000e3c00000, 0x00000000e3c47150, 0x00000000e3d00000)
  to   space 1024K,   0% used [0x00000000e3d00000, 0x00000000e3d00000, 0x00000000e3e00000)
 concurrent mark-sweep generation total 28620K, used 17216K [0x00000000ecca0000, 0x00000000ee893000, 0x0000000100000000)
 Metaspace       used 21276K, capacity 21832K, committed 22016K, reserved 1069056K
  class space    used 2598K, capacity 2762K, committed 2816K, reserved 1048576K
2020-11-07T19:58:01.360+0800: 8.037: [GC (Allocation Failure) 2020-11-07T19:58:01.360+0800: 8.037: [ParNew: 8476K->309K(9216K), 0.0036047 secs] 25693K->17546K(37836K), 0.0036488 secs] [Times: user=0.00 sys=0.00, real=0.00 secs] 
Heap after GC invocations=95 (full 14):
 par new generation   total 9216K, used 309K [0x00000000e3400000, 0x00000000e3e00000, 0x00000000ecca0000)
  eden space 8192K,   0% used [0x00000000e3400000, 0x00000000e3400000, 0x00000000e3c00000)
  from space 1024K,  30% used [0x00000000e3d00000, 0x00000000e3d4d5f0, 0x00000000e3e00000)
  to   space 1024K,   0% used [0x00000000e3c00000, 0x00000000e3c00000, 0x00000000e3d00000)
 concurrent mark-sweep generation total 28620K, used 17236K [0x00000000ecca0000, 0x00000000ee893000, 0x0000000100000000)
 Metaspace       used 21276K, capacity 21832K, committed 22016K, reserved 1069056K
  class space    used 2598K, capacity 2762K, committed 2816K, reserved 1048576K
}
2020-11-07T19:58:01.399+0800: 8.076: [CMS-concurrent-mark: 0.092/0.117 secs] [Times: user=0.10 sys=0.00, real=0.12 secs] 
2020-11-07T19:58:01.399+0800: 8.076: Application time: 0.0353903 seconds
{Heap before GC invocations=95 (full 14):
 par new generation   total 9216K, used 8501K [0x00000000e3400000, 0x00000000e3e00000, 0x00000000ecca0000)
  eden space 8192K, 100% used [0x00000000e3400000, 0x00000000e3c00000, 0x00000000e3c00000)
  from space 1024K,  30% used [0x00000000e3d00000, 0x00000000e3d4d5f0, 0x00000000e3e00000)
  to   space 1024K,   0% used [0x00000000e3c00000, 0x00000000e3c00000, 0x00000000e3d00000)
 concurrent mark-sweep generation total 28620K, used 17236K [0x00000000ecca0000, 0x00000000ee893000, 0x0000000100000000)
 Metaspace       used 21383K, capacity 21992K, committed 22272K, reserved 1069056K
  class space    used 2617K, capacity 2794K, committed 2816K, reserved 1048576K
2020-11-07T19:58:01.400+0800: 8.076: [GC (Allocation Failure) 2020-11-07T19:58:01.400+0800: 8.076: [ParNew: 8501K->291K(9216K), 0.0042628 secs] 25738K->17538K(37836K), 0.0043092 secs] [Times: user=0.00 sys=0.00, real=0.00 secs] 
Heap after GC invocations=96 (full 14):
 par new generation   total 9216K, used 291K [0x00000000e3400000, 0x00000000e3e00000, 0x00000000ecca0000)
  eden space 8192K,   0% used [0x00000000e3400000, 0x00000000e3400000, 0x00000000e3c00000)
  from space 1024K,  28% used [0x00000000e3c00000, 0x00000000e3c48f18, 0x00000000e3d00000)
  to   space 1024K,   0% used [0x00000000e3d00000, 0x00000000e3d00000, 0x00000000e3e00000)
 concurrent mark-sweep generation total 28620K, used 17246K [0x00000000ecca0000, 0x00000000ee893000, 0x0000000100000000)
 Metaspace       used 21383K, capacity 21992K, committed 22272K, reserved 1069056K
  class space    used 2617K, capacity 2794K, committed 2816K, reserved 1048576K
}
2020-11-07T19:58:01.404+0800: 8.081: [CMS-concurrent-preclean-start]
2020-11-07T19:58:01.406+0800: 8.082: [CMS-concurrent-preclean: 0.002/0.002 secs] [Times: user=0.01 sys=0.00, real=0.01 secs] 
2020-11-07T19:58:01.421+0800: 8.097: Application time: 0.0167334 seconds
2020-11-07T19:58:01.421+0800: 8.097: [GC (CMS Final Remark) [YG occupancy: 5659 K (9216 K)]2020-11-07T19:58:01.421+0800: 8.097: [Rescan (parallel) , 0.0162837 secs]2020-11-07T19:58:01.437+0800: 8.114: [weak refs processing, 0.0015454 secs]2020-11-07T19:58:01.439+0800: 8.115: [class unloading, 0.0043322 secs]2020-11-07T19:58:01.443+0800: 8.120: [scrub symbol table, 0.0056105 secs]2020-11-07T19:58:01.449+0800: 8.125: [scrub string table, 0.0004501 secs][1 CMS-remark: 17246K(28620K)] 22906K(37836K), 0.0284264 secs] [Times: user=0.03 sys=0.00, real=0.03 secs] 
2020-11-07T19:58:01.457+0800: 8.134: [CMS-concurrent-sweep-start]
2020-11-07T19:58:01.470+0800: 8.146: Application time: 0.0205598 seconds
{Heap before GC invocations=96 (full 14):
 par new generation   total 9216K, used 8483K [0x00000000e3400000, 0x00000000e3e00000, 0x00000000ecca0000)
  eden space 8192K, 100% used [0x00000000e3400000, 0x00000000e3c00000, 0x00000000e3c00000)
  from space 1024K,  28% used [0x00000000e3c00000, 0x00000000e3c48f18, 0x00000000e3d00000)
  to   space 1024K,   0% used [0x00000000e3d00000, 0x00000000e3d00000, 0x00000000e3e00000)
 concurrent mark-sweep generation total 28620K, used 17244K [0x00000000ecca0000, 0x00000000ee893000, 0x0000000100000000)
 Metaspace       used 21526K, capacity 22088K, committed 22400K, reserved 1069056K
  class space    used 2644K, capacity 2826K, committed 2944K, reserved 1048576K
2020-11-07T19:58:01.470+0800: 8.147: [GC (Allocation Failure) 2020-11-07T19:58:01.470+0800: 8.147: [ParNew: 8483K->386K(9216K), 0.0150465 secs] 25728K->17645K(37836K), 0.0151195 secs] [Times: user=0.01 sys=0.00, real=0.02 secs] 
Heap after GC invocations=97 (full 14):
 par new generation   total 9216K, used 386K [0x00000000e3400000, 0x00000000e3e00000, 0x00000000ecca0000)
  eden space 8192K,   0% used [0x00000000e3400000, 0x00000000e3400000, 0x00000000e3c00000)
  from space 1024K,  37% used [0x00000000e3d00000, 0x00000000e3d60850, 0x00000000e3e00000)
  to   space 1024K,   0% used [0x00000000e3c00000, 0x00000000e3c00000, 0x00000000e3d00000)
 concurrent mark-sweep generation total 28620K, used 17259K [0x00000000ecca0000, 0x00000000ee893000, 0x0000000100000000)
 Metaspace       used 21526K, capacity 22088K, committed 22400K, reserved 1069056K
  class space    used 2644K, capacity 2826K, committed 2944K, reserved 1048576K
}
2020-11-07T19:58:01.493+0800: 8.169: [CMS-concurrent-sweep: 0.015/0.035 secs] [Times: user=0.04 sys=0.00, real=0.03 secs] 
2020-11-07T19:58:01.493+0800: 8.169: [CMS-concurrent-reset-start]
2020-11-07T19:58:01.494+0800: 8.171: [CMS-concurrent-reset: 0.001/0.001 secs] [Times: user=0.00 sys=0.00, real=0.00 secs] 
2020-11-07T19:58:01.527+0800: 8.203: Application time: 0.0415716 seconds
{Heap before GC invocations=97 (full 14):
 par new generation   total 9216K, used 8578K [0x00000000e3400000, 0x00000000e3e00000, 0x00000000ecca0000)
  eden space 8192K, 100% used [0x00000000e3400000, 0x00000000e3c00000, 0x00000000e3c00000)
  from space 1024K,  37% used [0x00000000e3d00000, 0x00000000e3d60850, 0x00000000e3e00000)
  to   space 1024K,   0% used [0x00000000e3c00000, 0x00000000e3c00000, 0x00000000e3d00000)
 concurrent mark-sweep generation total 28812K, used 17257K [0x00000000ecca0000, 0x00000000ee8c3000, 0x0000000100000000)
 Metaspace       used 21759K, capacity 22384K, committed 22656K, reserved 1069056K
  class space    used 2684K, capacity 2862K, committed 2944K, reserved 1048576K
2020-11-07T19:58:01.527+0800: 8.204: [GC (Allocation Failure) 2020-11-07T19:58:01.527+0800: 8.204: [ParNew: 8578K->503K(9216K), 0.0046722 secs] 25835K->17785K(38028K), 0.0047397 secs] [Times: user=0.00 sys=0.00, real=0.00 secs] 
Heap after GC invocations=98 (full 14):
 par new generation   total 9216K, used 503K [0x00000000e3400000, 0x00000000e3e00000, 0x00000000ecca0000)
  eden space 8192K,   0% used [0x00000000e3400000, 0x00000000e3400000, 0x00000000e3c00000)
  from space 1024K,  49% used [0x00000000e3c00000, 0x00000000e3c7de18, 0x00000000e3d00000)
  to   space 1024K,   0% used [0x00000000e3d00000, 0x00000000e3d00000, 0x00000000e3e00000)
 concurrent mark-sweep generation total 28812K, used 17281K [0x00000000ecca0000, 0x00000000ee8c3000, 0x0000000100000000)
 Metaspace       used 21759K, capacity 22384K, committed 22656K, reserved 1069056K
  class space    used 2684K, capacity 2862K, committed 2944K, reserved 1048576K
}
2020-11-07T19:58:01.580+0800: 8.257: Application time: 0.0488610 seconds
{Heap before GC invocations=98 (full 14):
 par new generation   total 9216K, used 8695K [0x00000000e3400000, 0x00000000e3e00000, 0x00000000ecca0000)
  eden space 8192K, 100% used [0x00000000e3400000, 0x00000000e3c00000, 0x00000000e3c00000)
  from space 1024K,  49% used [0x00000000e3c00000, 0x00000000e3c7de18, 0x00000000e3d00000)
  to   space 1024K,   0% used [0x00000000e3d00000, 0x00000000e3d00000, 0x00000000e3e00000)
 concurrent mark-sweep generation total 28812K, used 17281K [0x00000000ecca0000, 0x00000000ee8c3000, 0x0000000100000000)
 Metaspace       used 21993K, capacity 22560K, committed 22912K, reserved 1069056K
  class space    used 2719K, capacity 2884K, committed 2944K, reserved 1048576K
2020-11-07T19:58:01.581+0800: 8.257: [GC (Allocation Failure) 2020-11-07T19:58:01.581+0800: 8.257: [ParNew: 8695K->441K(9216K), 0.0090812 secs] 25977K->17742K(38028K), 0.0091447 secs] [Times: user=0.00 sys=0.00, real=0.01 secs] 
Heap after GC invocations=99 (full 14):
 par new generation   total 9216K, used 441K [0x00000000e3400000, 0x00000000e3e00000, 0x00000000ecca0000)
  eden space 8192K,   0% used [0x00000000e3400000, 0x00000000e3400000, 0x00000000e3c00000)
  from space 1024K,  43% used [0x00000000e3d00000, 0x00000000e3d6e5b8, 0x00000000e3e00000)
  to   space 1024K,   0% used [0x00000000e3c00000, 0x00000000e3c00000, 0x00000000e3d00000)
 concurrent mark-sweep generation total 28812K, used 17300K [0x00000000ecca0000, 0x00000000ee8c3000, 0x0000000100000000)
 Metaspace       used 21993K, capacity 22560K, committed 22912K, reserved 1069056K
  class space    used 2719K, capacity 2884K, committed 2944K, reserved 1048576K
}
2020-11-07T19:58:01.600+0800: 8.276: Application time: 0.0097349 seconds
2020-11-07T19:58:01.600+0800: 8.276: [GC (CMS Initial Mark) [1 CMS-initial-mark: 17300K(28812K)] 19765K(38028K), 0.0034800 secs] [Times: user=0.01 sys=0.00, real=0.00 secs] 
2020-11-07T19:58:01.605+0800: 8.282: [CMS-concurrent-mark-start]
2020-11-07T19:58:01.637+0800: 8.314: Application time: 0.0342695 seconds
{Heap before GC invocations=99 (full 15):
 par new generation   total 9216K, used 8633K [0x00000000e3400000, 0x00000000e3e00000, 0x00000000ecca0000)
  eden space 8192K, 100% used [0x00000000e3400000, 0x00000000e3c00000, 0x00000000e3c00000)
  from space 1024K,  43% used [0x00000000e3d00000, 0x00000000e3d6e5b8, 0x00000000e3e00000)
  to   space 1024K,   0% used [0x00000000e3c00000, 0x00000000e3c00000, 0x00000000e3d00000)
 concurrent mark-sweep generation total 28812K, used 17300K [0x00000000ecca0000, 0x00000000ee8c3000, 0x0000000100000000)
 Metaspace       used 22184K, capacity 22814K, committed 22912K, reserved 1069056K
  class space    used 2745K, capacity 2923K, committed 2944K, reserved 1048576K
2020-11-07T19:58:01.638+0800: 8.314: [GC (Allocation Failure) 2020-11-07T19:58:01.638+0800: 8.314: [ParNew: 8633K->434K(9216K), 0.0167229 secs] 25934K->17753K(38028K), 0.0168150 secs] [Times: user=0.01 sys=0.00, real=0.02 secs] 
Heap after GC invocations=100 (full 15):
 par new generation   total 9216K, used 434K [0x00000000e3400000, 0x00000000e3e00000, 0x00000000ecca0000)
  eden space 8192K,   0% used [0x00000000e3400000, 0x00000000e3400000, 0x00000000e3c00000)
  from space 1024K,  42% used [0x00000000e3c00000, 0x00000000e3c6c810, 0x00000000e3d00000)
  to   space 1024K,   0% used [0x00000000e3d00000, 0x00000000e3d00000, 0x00000000e3e00000)
 concurrent mark-sweep generation total 28812K, used 17319K [0x00000000ecca0000, 0x00000000ee8c3000, 0x0000000100000000)
 Metaspace       used 22184K, capacity 22814K, committed 22912K, reserved 1069056K
  class space    used 2745K, capacity 2923K, committed 2944K, reserved 1048576K
}
2020-11-07T19:58:01.687+0800: 8.363: Application time: 0.0321857 seconds
{Heap before GC invocations=100 (full 15):
 par new generation   total 9216K, used 8626K [0x00000000e3400000, 0x00000000e3e00000, 0x00000000ecca0000)
  eden space 8192K, 100% used [0x00000000e3400000, 0x00000000e3c00000, 0x00000000e3c00000)
  from space 1024K,  42% used [0x00000000e3c00000, 0x00000000e3c6c810, 0x00000000e3d00000)
  to   space 1024K,   0% used [0x00000000e3d00000, 0x00000000e3d00000, 0x00000000e3e00000)
 concurrent mark-sweep generation total 28812K, used 17319K [0x00000000ecca0000, 0x00000000ee8c3000, 0x0000000100000000)
 Metaspace       used 22318K, capacity 22974K, committed 23296K, reserved 1069056K
  class space    used 2761K, capacity 2955K, committed 3072K, reserved 1048576K
2020-11-07T19:58:01.687+0800: 8.364: [GC (Allocation Failure) 2020-11-07T19:58:01.687+0800: 8.364: [ParNew: 8626K->435K(9216K), 0.0113433 secs] 25945K->17766K(38028K), 0.0114005 secs] [Times: user=0.01 sys=0.00, real=0.01 secs] 
Heap after GC invocations=101 (full 15):
 par new generation   total 9216K, used 435K [0x00000000e3400000, 0x00000000e3e00000, 0x00000000ecca0000)
  eden space 8192K,   0% used [0x00000000e3400000, 0x00000000e3400000, 0x00000000e3c00000)
  from space 1024K,  42% used [0x00000000e3d00000, 0x00000000e3d6cf60, 0x00000000e3e00000)
  to   space 1024K,   0% used [0x00000000e3c00000, 0x00000000e3c00000, 0x00000000e3d00000)
 concurrent mark-sweep generation total 28812K, used 17330K [0x00000000ecca0000, 0x00000000ee8c3000, 0x0000000100000000)
 Metaspace       used 22318K, capacity 22974K, committed 23296K, reserved 1069056K
  class space    used 2761K, capacity 2955K, committed 3072K, reserved 1048576K
}
2020-11-07T19:58:01.748+0800: 8.425: [CMS-concurrent-mark: 0.114/0.142 secs] [Times: user=0.13 sys=0.00, real=0.14 secs] 
2020-11-07T19:58:01.748+0800: 8.425: [CMS-concurrent-preclean-start]
2020-11-07T19:58:01.750+0800: 8.426: [CMS-concurrent-preclean: 0.002/0.002 secs] [Times: user=0.00 sys=0.00, real=0.00 secs] 
2020-11-07T19:58:01.750+0800: 8.426: [CMS-concurrent-abortable-preclean-start]
2020-11-07T19:58:01.760+0800: 8.437: Application time: 0.0620771 seconds
2020-11-07T19:58:01.765+0800: 8.442: Application time: 0.0045584 seconds
{Heap before GC invocations=101 (full 15):
 par new generation   total 9216K, used 8627K [0x00000000e3400000, 0x00000000e3e00000, 0x00000000ecca0000)
  eden space 8192K, 100% used [0x00000000e3400000, 0x00000000e3c00000, 0x00000000e3c00000)
  from space 1024K,  42% used [0x00000000e3d00000, 0x00000000e3d6cf60, 0x00000000e3e00000)
  to   space 1024K,   0% used [0x00000000e3c00000, 0x00000000e3c00000, 0x00000000e3d00000)
 concurrent mark-sweep generation total 28812K, used 17330K [0x00000000ecca0000, 0x00000000ee8c3000, 0x0000000100000000)
 Metaspace       used 22512K, capacity 23204K, committed 23552K, reserved 1069056K
  class space    used 2785K, capacity 2990K, committed 3072K, reserved 1048576K
2020-11-07T19:58:01.766+0800: 8.442: [GC (Allocation Failure) 2020-11-07T19:58:01.766+0800: 8.442: [ParNew2020-11-07T19:58:01.804+0800: 8.481: [CMS-concurrent-abortable-preclean: 0.011/0.055 secs] [Times: user=0.03 sys=0.00, real=0.05 secs] 
: 8627K->673K(9216K), 0.0390245 secs] 25958K->18014K(38028K), 0.0390772 secs] [Times: user=0.01 sys=0.00, real=0.04 secs] 
Heap after GC invocations=102 (full 15):
 par new generation   total 9216K, used 673K [0x00000000e3400000, 0x00000000e3e00000, 0x00000000ecca0000)
  eden space 8192K,   0% used [0x00000000e3400000, 0x00000000e3400000, 0x00000000e3c00000)
  from space 1024K,  65% used [0x00000000e3c00000, 0x00000000e3ca8748, 0x00000000e3d00000)
  to   space 1024K,   0% used [0x00000000e3d00000, 0x00000000e3d00000, 0x00000000e3e00000)
 concurrent mark-sweep generation total 28812K, used 17340K [0x00000000ecca0000, 0x00000000ee8c3000, 0x0000000100000000)
 Metaspace       used 22512K, capacity 23204K, committed 23552K, reserved 1069056K
  class space    used 2785K, capacity 2990K, committed 3072K, reserved 1048576K
}
2020-11-07T19:58:01.808+0800: 8.484: Application time: 0.0030399 seconds
2020-11-07T19:58:01.808+0800: 8.484: [GC (CMS Final Remark) [YG occupancy: 1086 K (9216 K)]2020-11-07T19:58:01.808+0800: 8.485: [Rescan (parallel) , 0.0112135 secs]2020-11-07T19:58:01.819+0800: 8.496: [weak refs processing, 0.0003271 secs]2020-11-07T19:58:01.819+0800: 8.496: [class unloading, 0.0043319 secs]2020-11-07T19:58:01.824+0800: 8.500: [scrub symbol table, 0.0075918 secs]2020-11-07T19:58:01.831+0800: 8.508: [scrub string table, 0.0006507 secs][1 CMS-remark: 17340K(28812K)] 18427K(38028K), 0.0243679 secs] [Times: user=0.03 sys=0.00, real=0.02 secs] 
2020-11-07T19:58:01.842+0800: 8.519: [CMS-concurrent-sweep-start]
2020-11-07T19:58:01.857+0800: 8.534: [CMS-concurrent-sweep: 0.015/0.015 secs] [Times: user=0.01 sys=0.00, real=0.02 secs] 
2020-11-07T19:58:01.857+0800: 8.534: [CMS-concurrent-reset-start]
2020-11-07T19:58:01.870+0800: 8.546: Application time: 0.0375801 seconds
2020-11-07T19:58:01.875+0800: 8.552: [CMS-concurrent-reset: 0.013/0.018 secs] [Times: user=0.02 sys=0.00, real=0.02 secs] 
2020-11-07T19:58:01.896+0800: 8.573: Application time: 0.0263728 seconds
{Heap before GC invocations=102 (full 15):
 par new generation   total 9216K, used 8865K [0x00000000e3400000, 0x00000000e3e00000, 0x00000000ecca0000)
  eden space 8192K, 100% used [0x00000000e3400000, 0x00000000e3c00000, 0x00000000e3c00000)
  from space 1024K,  65% used [0x00000000e3c00000, 0x00000000e3ca8748, 0x00000000e3d00000)
  to   space 1024K,   0% used [0x00000000e3d00000, 0x00000000e3d00000, 0x00000000e3e00000)
 concurrent mark-sweep generation total 28812K, used 16806K [0x00000000ecca0000, 0x00000000ee8c3000, 0x0000000100000000)
 Metaspace       used 22774K, capacity 23420K, committed 23552K, reserved 1069056K
  class space    used 2822K, capacity 2994K, committed 3072K, reserved 1048576K
2020-11-07T19:58:01.897+0800: 8.574: [GC (Allocation Failure) 2020-11-07T19:58:01.897+0800: 8.574: [ParNew: 8865K->955K(9216K), 0.0261773 secs] 25671K->17880K(38028K), 0.0262568 secs] [Times: user=0.02 sys=0.00, real=0.02 secs] 
Heap after GC invocations=103 (full 15):
 par new generation   total 9216K, used 955K [0x00000000e3400000, 0x00000000e3e00000, 0x00000000ecca0000)
  eden space 8192K,   0% used [0x00000000e3400000, 0x00000000e3400000, 0x00000000e3c00000)
  from space 1024K,  93% used [0x00000000e3d00000, 0x00000000e3deee48, 0x00000000e3e00000)
  to   space 1024K,   0% used [0x00000000e3c00000, 0x00000000e3c00000, 0x00000000e3d00000)
 concurrent mark-sweep generation total 28812K, used 16924K [0x00000000ecca0000, 0x00000000ee8c3000, 0x0000000100000000)
 Metaspace       used 22774K, capacity 23420K, committed 23552K, reserved 1069056K
  class space    used 2822K, capacity 2994K, committed 3072K, reserved 1048576K
}
2020-11-07T19:58:01.975+0800: 8.651: Application time: 0.0510378 seconds
{Heap before GC invocations=103 (full 15):
 par new generation   total 9216K, used 9147K [0x00000000e3400000, 0x00000000e3e00000, 0x00000000ecca0000)
  eden space 8192K, 100% used [0x00000000e3400000, 0x00000000e3c00000, 0x00000000e3c00000)
  from space 1024K,  93% used [0x00000000e3d00000, 0x00000000e3deee48, 0x00000000e3e00000)
  to   space 1024K,   0% used [0x00000000e3c00000, 0x00000000e3c00000, 0x00000000e3d00000)
 concurrent mark-sweep generation total 28812K, used 16924K [0x00000000ecca0000, 0x00000000ee8c3000, 0x0000000100000000)
 Metaspace       used 22893K, capacity 23584K, committed 23808K, reserved 1071104K
  class space    used 2828K, capacity 3000K, committed 3072K, reserved 1048576K
2020-11-07T19:58:01.977+0800: 8.654: [GC (Allocation Failure) 2020-11-07T19:58:01.977+0800: 8.654: [ParNew: 9147K->769K(9216K), 0.0104932 secs] 26072K->18640K(38028K), 0.0105654 secs] [Times: user=0.01 sys=0.00, real=0.01 secs] 
Heap after GC invocations=104 (full 15):
 par new generation   total 9216K, used 769K [0x00000000e3400000, 0x00000000e3e00000, 0x00000000ecca0000)
  eden space 8192K,   0% used [0x00000000e3400000, 0x00000000e3400000, 0x00000000e3c00000)
  from space 1024K,  75% used [0x00000000e3c00000, 0x00000000e3cc0660, 0x00000000e3d00000)
  to   space 1024K,   0% used [0x00000000e3d00000, 0x00000000e3d00000, 0x00000000e3e00000)
 concurrent mark-sweep generation total 28812K, used 17870K [0x00000000ecca0000, 0x00000000ee8c3000, 0x0000000100000000)
 Metaspace       used 22893K, capacity 23584K, committed 23808K, reserved 1071104K
  class space    used 2828K, capacity 3000K, committed 3072K, reserved 1048576K
}
2020-11-07T19:58:01.991+0800: 8.668: Application time: 0.0031600 seconds
2020-11-07T19:58:01.991+0800: 8.668: [GC (CMS Initial Mark) [1 CMS-initial-mark: 17870K(28812K)] 19123K(38028K), 0.0021233 secs] [Times: user=0.01 sys=0.00, real=0.00 secs] 
2020-11-07T19:58:01.993+0800: 8.670: [CMS-concurrent-mark-start]
2020-11-07T19:58:02.093+0800: 8.770: Application time: 0.0996877 seconds
2020-11-07T19:58:02.099+0800: 8.776: Application time: 0.0054851 seconds
{Heap before GC invocations=104 (full 16):
 par new generation   total 9216K, used 8961K [0x00000000e3400000, 0x00000000e3e00000, 0x00000000ecca0000)
  eden space 8192K, 100% used [0x00000000e3400000, 0x00000000e3c00000, 0x00000000e3c00000)
  from space 1024K,  75% used [0x00000000e3c00000, 0x00000000e3cc0660, 0x00000000e3d00000)
  to   space 1024K,   0% used [0x00000000e3d00000, 0x00000000e3d00000, 0x00000000e3e00000)
 concurrent mark-sweep generation total 28812K, used 17870K [0x00000000ecca0000, 0x00000000ee8c3000, 0x0000000100000000)
 Metaspace       used 23055K, capacity 23698K, committed 23808K, reserved 1071104K
  class space    used 2844K, capacity 3037K, committed 3072K, reserved 1048576K
2020-11-07T19:58:02.099+0800: 8.776: [GC (Allocation Failure) 2020-11-07T19:58:02.099+0800: 8.776: [ParNew: 8961K->413K(9216K), 0.0102266 secs] 26832K->18284K(38028K), 0.0103313 secs] [Times: user=0.01 sys=0.00, real=0.01 secs] 
Heap after GC invocations=105 (full 16):
 par new generation   total 9216K, used 413K [0x00000000e3400000, 0x00000000e3e00000, 0x00000000ecca0000)
  eden space 8192K,   0% used [0x00000000e3400000, 0x00000000e3400000, 0x00000000e3c00000)
  from space 1024K,  40% used [0x00000000e3d00000, 0x00000000e3d674a0, 0x00000000e3e00000)
  to   space 1024K,   0% used [0x00000000e3c00000, 0x00000000e3c00000, 0x00000000e3d00000)
 concurrent mark-sweep generation total 28812K, used 17870K [0x00000000ecca0000, 0x00000000ee8c3000, 0x0000000100000000)
 Metaspace       used 23055K, capacity 23698K, committed 23808K, reserved 1071104K
  class space    used 2844K, capacity 3037K, committed 3072K, reserved 1048576K
}
2020-11-07T19:58:02.154+0800: 8.831: [CMS-concurrent-mark: 0.150/0.161 secs] [Times: user=0.15 sys=0.00, real=0.16 secs] 
2020-11-07T19:58:02.154+0800: 8.831: [CMS-concurrent-preclean-start]
2020-11-07T19:58:02.168+0800: 8.845: [CMS-concurrent-preclean: 0.014/0.014 secs] [Times: user=0.01 sys=0.00, real=0.02 secs] 
2020-11-07T19:58:02.168+0800: 8.845: [CMS-concurrent-abortable-preclean-start]
2020-11-07T19:58:02.187+0800: 8.863: Application time: 0.0772600 seconds
{Heap before GC invocations=105 (full 16):
 par new generation   total 9216K, used 8605K [0x00000000e3400000, 0x00000000e3e00000, 0x00000000ecca0000)
  eden space 8192K, 100% used [0x00000000e3400000, 0x00000000e3c00000, 0x00000000e3c00000)
  from space 1024K,  40% used [0x00000000e3d00000, 0x00000000e3d674a0, 0x00000000e3e00000)
  to   space 1024K,   0% used [0x00000000e3c00000, 0x00000000e3c00000, 0x00000000e3d00000)
 concurrent mark-sweep generation total 28812K, used 17870K [0x00000000ecca0000, 0x00000000ee8c3000, 0x0000000100000000)
 Metaspace       used 23156K, capacity 23804K, committed 24064K, reserved 1071104K
  class space    used 2856K, capacity 3044K, committed 3072K, reserved 1048576K
2020-11-07T19:58:02.187+0800: 8.864: [GC (Allocation Failure) 2020-11-07T19:58:02.187+0800: 8.864: [ParNew: 8605K->497K(9216K), 0.0108464 secs] 26476K->18368K(38028K), 0.0109165 secs] [Times: user=0.01 sys=0.00, real=0.01 secs] 
Heap after GC invocations=106 (full 16):
 par new generation   total 9216K, used 497K [0x00000000e3400000, 0x00000000e3e00000, 0x00000000ecca0000)
  eden space 8192K,   0% used [0x00000000e3400000, 0x00000000e3400000, 0x00000000e3c00000)
  from space 1024K,  48% used [0x00000000e3c00000, 0x00000000e3c7c4a8, 0x00000000e3d00000)
  to   space 1024K,   0% used [0x00000000e3d00000, 0x00000000e3d00000, 0x00000000e3e00000)
 concurrent mark-sweep generation total 28812K, used 17870K [0x00000000ecca0000, 0x00000000ee8c3000, 0x0000000100000000)
 Metaspace       used 23156K, capacity 23804K, committed 24064K, reserved 1071104K
  class space    used 2856K, capacity 3044K, committed 3072K, reserved 1048576K
}
2020-11-07T19:58:02.259+0800: 8.935: Application time: 0.0607377 seconds
{Heap before GC invocations=106 (full 16):
 par new generation   total 9216K, used 8689K [0x00000000e3400000, 0x00000000e3e00000, 0x00000000ecca0000)
  eden space 8192K, 100% used [0x00000000e3400000, 0x00000000e3c00000, 0x00000000e3c00000)
  from space 1024K,  48% used [0x00000000e3c00000, 0x00000000e3c7c4a8, 0x00000000e3d00000)
  to   space 1024K,   0% used [0x00000000e3d00000, 0x00000000e3d00000, 0x00000000e3e00000)
 concurrent mark-sweep generation total 28812K, used 17870K [0x00000000ecca0000, 0x00000000ee8c3000, 0x0000000100000000)
 Metaspace       used 23339K, capacity 23996K, committed 24064K, reserved 1071104K
  class space    used 2867K, capacity 3044K, committed 3072K, reserved 1048576K
2020-11-07T19:58:02.259+0800: 8.936: [GC (Allocation Failure) 2020-11-07T19:58:02.259+0800: 8.936: [ParNew: 8689K->620K(9216K), 0.0154827 secs] 26560K->18491K(38028K), 0.0155353 secs] [Times: user=0.01 sys=0.00, real=0.01 secs] 
Heap after GC invocations=107 (full 16):
 par new generation   total 9216K, used 620K [0x00000000e3400000, 0x00000000e3e00000, 0x00000000ecca0000)
  eden space 8192K,   0% used [0x00000000e3400000, 0x00000000e3400000, 0x00000000e3c00000)
  from space 1024K,  60% used [0x00000000e3d00000, 0x00000000e3d9b078, 0x00000000e3e00000)
  to   space 1024K,   0% used [0x00000000e3c00000, 0x00000000e3c00000, 0x00000000e3d00000)
 concurrent mark-sweep generation total 28812K, used 17870K [0x00000000ecca0000, 0x00000000ee8c3000, 0x0000000100000000)
 Metaspace       used 23339K, capacity 23996K, committed 24064K, reserved 1071104K
  class space    used 2867K, capacity 3044K, committed 3072K, reserved 1048576K
}
2020-11-07T19:58:02.280+0800: 8.957: [CMS-concurrent-abortable-preclean: 0.041/0.112 secs] [Times: user=0.11 sys=0.00, real=0.11 secs] 
2020-11-07T19:58:02.288+0800: 8.964: Application time: 0.0132590 seconds
2020-11-07T19:58:02.288+0800: 8.965: [GC (CMS Final Remark) [YG occupancy: 2361 K (9216 K)]2020-11-07T19:58:02.288+0800: 8.965: [Rescan (parallel) , 0.0113812 secs]2020-11-07T19:58:02.299+0800: 8.976: [weak refs processing, 0.0006097 secs]2020-11-07T19:58:02.300+0800: 8.977: [class unloading, 0.0047435 secs]2020-11-07T19:58:02.305+0800: 8.981: [scrub symbol table, 0.0062396 secs]2020-11-07T19:58:02.311+0800: 8.988: [scrub string table, 0.0004591 secs][1 CMS-remark: 17870K(28812K)] 20232K(38028K), 0.0236809 secs] [Times: user=0.03 sys=0.00, real=0.02 secs] 
2020-11-07T19:58:02.338+0800: 9.014: [CMS-concurrent-sweep-start]
2020-11-07T19:58:02.408+0800: 9.084: [CMS-concurrent-sweep: 0.070/0.070 secs] [Times: user=0.03 sys=0.00, real=0.07 secs] 
2020-11-07T19:58:02.408+0800: 9.084: [CMS-concurrent-reset-start]
2020-11-07T19:58:02.654+0800: 9.331: [CMS-concurrent-reset: 0.247/0.247 secs] [Times: user=0.23 sys=0.01, real=0.24 secs] 
2020-11-07T19:58:02.683+0800: 9.359: Application time: 0.3711299 seconds
{Heap before GC invocations=107 (full 16):
 par new generation   total 9216K, used 8812K [0x00000000e3400000, 0x00000000e3e00000, 0x00000000ecca0000)
  eden space 8192K, 100% used [0x00000000e3400000, 0x00000000e3c00000, 0x00000000e3c00000)
  from space 1024K,  60% used [0x00000000e3d00000, 0x00000000e3d9b078, 0x00000000e3e00000)
  to   space 1024K,   0% used [0x00000000e3c00000, 0x00000000e3c00000, 0x00000000e3d00000)
 concurrent mark-sweep generation total 29748K, used 17848K [0x00000000ecca0000, 0x00000000ee9ad000, 0x0000000100000000)
 Metaspace       used 23447K, capacity 24104K, committed 24448K, reserved 1071104K
  class space    used 2876K, capacity 3078K, committed 3200K, reserved 1048576K
2020-11-07T19:58:02.692+0800: 9.369: [GC (Allocation Failure) 2020-11-07T19:58:02.692+0800: 9.369: [ParNew: 8812K->672K(9216K), 0.0139977 secs] 26660K->18587K(38964K), 0.0140962 secs] [Times: user=0.01 sys=0.00, real=0.02 secs] 
Heap after GC invocations=108 (full 16):
 par new generation   total 9216K, used 672K [0x00000000e3400000, 0x00000000e3e00000, 0x00000000ecca0000)
  eden space 8192K,   0% used [0x00000000e3400000, 0x00000000e3400000, 0x00000000e3c00000)
  from space 1024K,  65% used [0x00000000e3c00000, 0x00000000e3ca8290, 0x00000000e3d00000)
  to   space 1024K,   0% used [0x00000000e3d00000, 0x00000000e3d00000, 0x00000000e3e00000)
 concurrent mark-sweep generation total 29748K, used 17915K [0x00000000ecca0000, 0x00000000ee9ad000, 0x0000000100000000)
 Metaspace       used 23447K, capacity 24104K, committed 24448K, reserved 1071104K
  class space    used 2876K, capacity 3078K, committed 3200K, reserved 1048576K
}
2020-11-07T19:58:02.710+0800: 9.387: Application time: 0.0037154 seconds
2020-11-07T19:58:02.710+0800: 9.387: [GC (CMS Initial Mark) [1 CMS-initial-mark: 17915K(29748K)] 19300K(38964K), 0.0023745 secs] [Times: user=0.00 sys=0.00, real=0.00 secs] 
2020-11-07T19:58:02.713+0800: 9.389: [CMS-concurrent-mark-start]
2020-11-07T19:58:02.809+0800: 9.486: Application time: 0.0967835 seconds
{Heap before GC invocations=108 (full 17):
 par new generation   total 9216K, used 8864K [0x00000000e3400000, 0x00000000e3e00000, 0x00000000ecca0000)
  eden space 8192K, 100% used [0x00000000e3400000, 0x00000000e3c00000, 0x00000000e3c00000)
  from space 1024K,  65% used [0x00000000e3c00000, 0x00000000e3ca8290, 0x00000000e3d00000)
  to   space 1024K,   0% used [0x00000000e3d00000, 0x00000000e3d00000, 0x00000000e3e00000)
 concurrent mark-sweep generation total 29748K, used 17915K [0x00000000ecca0000, 0x00000000ee9ad000, 0x0000000100000000)
 Metaspace       used 23600K, capacity 24328K, committed 24448K, reserved 1071104K
  class space    used 2895K, capacity 3110K, committed 3200K, reserved 1048576K
2020-11-07T19:58:02.810+0800: 9.487: [GC (Allocation Failure) 2020-11-07T19:58:02.810+0800: 9.487: [ParNew: 8864K->655K(9216K), 0.0264555 secs] 26779K->18705K(38964K), 0.0265373 secs] [Times: user=0.03 sys=0.00, real=0.03 secs] 
Heap after GC invocations=109 (full 17):
 par new generation   total 9216K, used 655K [0x00000000e3400000, 0x00000000e3e00000, 0x00000000ecca0000)
  eden space 8192K,   0% used [0x00000000e3400000, 0x00000000e3400000, 0x00000000e3c00000)
  from space 1024K,  64% used [0x00000000e3d00000, 0x00000000e3da3db0, 0x00000000e3e00000)
  to   space 1024K,   0% used [0x00000000e3c00000, 0x00000000e3c00000, 0x00000000e3d00000)
 concurrent mark-sweep generation total 29748K, used 18049K [0x00000000ecca0000, 0x00000000ee9ad000, 0x0000000100000000)
 Metaspace       used 23600K, capacity 24328K, committed 24448K, reserved 1071104K
  class space    used 2895K, capacity 3110K, committed 3200K, reserved 1048576K
}
2020-11-07T19:58:02.890+0800: 9.567: [CMS-concurrent-mark: 0.151/0.178 secs] [Times: user=0.17 sys=0.00, real=0.18 secs] 
2020-11-07T19:58:02.891+0800: 9.567: [CMS-concurrent-preclean-start]
2020-11-07T19:58:02.928+0800: 9.605: [CMS-concurrent-preclean: 0.038/0.038 secs] [Times: user=0.02 sys=0.00, real=0.04 secs] 
2020-11-07T19:58:02.928+0800: 9.605: [CMS-concurrent-abortable-preclean-start]
2020-11-07T19:58:03.002+0800: 9.679: Application time: 0.1654489 seconds
{Heap before GC invocations=109 (full 17):
 par new generation   total 9216K, used 8847K [0x00000000e3400000, 0x00000000e3e00000, 0x00000000ecca0000)
  eden space 8192K, 100% used [0x00000000e3400000, 0x00000000e3c00000, 0x00000000e3c00000)
  from space 1024K,  64% used [0x00000000e3d00000, 0x00000000e3da3db0, 0x00000000e3e00000)
  to   space 1024K,   0% used [0x00000000e3c00000, 0x00000000e3c00000, 0x00000000e3d00000)
 concurrent mark-sweep generation total 29748K, used 18049K [0x00000000ecca0000, 0x00000000ee9ad000, 0x0000000100000000)
 Metaspace       used 24416K, capacity 25128K, committed 25344K, reserved 1071104K
  class space    used 2999K, capacity 3222K, committed 3328K, reserved 1048576K
2020-11-07T19:58:03.016+0800: 9.692: [GC (Allocation Failure) 2020-11-07T19:58:03.016+0800: 9.692: [ParNew: 8847K->672K(9216K), 0.0265924 secs] 26897K->18823K(38964K), 0.0266862 secs] [Times: user=0.02 sys=0.00, real=0.02 secs] 
Heap after GC invocations=110 (full 17):
 par new generation   total 9216K, used 672K [0x00000000e3400000, 0x00000000e3e00000, 0x00000000ecca0000)
  eden space 8192K,   0% used [0x00000000e3400000, 0x00000000e3400000, 0x00000000e3c00000)
  from space 1024K,  65% used [0x00000000e3c00000, 0x00000000e3ca80d0, 0x00000000e3d00000)
  to   space 1024K,   0% used [0x00000000e3d00000, 0x00000000e3d00000, 0x00000000e3e00000)
 concurrent mark-sweep generation total 29748K, used 18151K [0x00000000ecca0000, 0x00000000ee9ad000, 0x0000000100000000)
 Metaspace       used 24416K, capacity 25128K, committed 25344K, reserved 1071104K
  class space    used 2999K, capacity 3222K, committed 3328K, reserved 1048576K
}
2020-11-07T19:58:03.123+0800: 9.800: Application time: 0.0808939 seconds
{Heap before GC invocations=110 (full 17):
 par new generation   total 9216K, used 8864K [0x00000000e3400000, 0x00000000e3e00000, 0x00000000ecca0000)
  eden space 8192K, 100% used [0x00000000e3400000, 0x00000000e3c00000, 0x00000000e3c00000)
  from space 1024K,  65% used [0x00000000e3c00000, 0x00000000e3ca80d0, 0x00000000e3d00000)
  to   space 1024K,   0% used [0x00000000e3d00000, 0x00000000e3d00000, 0x00000000e3e00000)
 concurrent mark-sweep generation total 29748K, used 18151K [0x00000000ecca0000, 0x00000000ee9ad000, 0x0000000100000000)
 Metaspace       used 24705K, capacity 25450K, committed 25600K, reserved 1071104K
  class space    used 3040K, capacity 3263K, committed 3328K, reserved 1048576K
2020-11-07T19:58:03.123+0800: 9.800: [GC (Allocation Failure) 2020-11-07T19:58:03.123+0800: 9.800: [ParNew: 8864K->882K(9216K), 0.0302901 secs] 27015K->19224K(38964K), 0.0303525 secs] [Times: user=0.02 sys=0.01, real=0.03 secs] 
Heap after GC invocations=111 (full 17):
 par new generation   total 9216K, used 882K [0x00000000e3400000, 0x00000000e3e00000, 0x00000000ecca0000)
  eden space 8192K,   0% used [0x00000000e3400000, 0x00000000e3400000, 0x00000000e3c00000)
  from space 1024K,  86% used [0x00000000e3d00000, 0x00000000e3ddc888, 0x00000000e3e00000)
  to   space 1024K,   0% used [0x00000000e3c00000, 0x00000000e3c00000, 0x00000000e3d00000)
 concurrent mark-sweep generation total 29748K, used 18342K [0x00000000ecca0000, 0x00000000ee9ad000, 0x0000000100000000)
 Metaspace       used 24705K, capacity 25450K, committed 25600K, reserved 1071104K
  class space    used 3040K, capacity 3263K, committed 3328K, reserved 1048576K
}
2020-11-07T19:58:03.181+0800: 9.858: Application time: 0.0271862 seconds
{Heap before GC invocations=111 (full 17):
 par new generation   total 9216K, used 9074K [0x00000000e3400000, 0x00000000e3e00000, 0x00000000ecca0000)
  eden space 8192K, 100% used [0x00000000e3400000, 0x00000000e3c00000, 0x00000000e3c00000)
  from space 1024K,  86% used [0x00000000e3d00000, 0x00000000e3ddc888, 0x00000000e3e00000)
  to   space 1024K,   0% used [0x00000000e3c00000, 0x00000000e3c00000, 0x00000000e3d00000)
 concurrent mark-sweep generation total 29748K, used 18342K [0x00000000ecca0000, 0x00000000ee9ad000, 0x0000000100000000)
 Metaspace       used 24747K, capacity 25450K, committed 25600K, reserved 1071104K
  class space    used 3050K, capacity 3263K, committed 3328K, reserved 1048576K
2020-11-07T19:58:03.181+0800: 9.858: [GC (Allocation Failure) 2020-11-07T19:58:03.181+0800: 9.858: [ParNew: 9074K->418K(9216K), 0.0059445 secs] 27416K->18889K(38964K), 0.0059964 secs] [Times: user=0.01 sys=0.00, real=0.01 secs] 
Heap after GC invocations=112 (full 17):
 par new generation   total 9216K, used 418K [0x00000000e3400000, 0x00000000e3e00000, 0x00000000ecca0000)
  eden space 8192K,   0% used [0x00000000e3400000, 0x00000000e3400000, 0x00000000e3c00000)
  from space 1024K,  40% used [0x00000000e3c00000, 0x00000000e3c68b48, 0x00000000e3d00000)
  to   space 1024K,   0% used [0x00000000e3d00000, 0x00000000e3d00000, 0x00000000e3e00000)
 concurrent mark-sweep generation total 29748K, used 18470K [0x00000000ecca0000, 0x00000000ee9ad000, 0x0000000100000000)
 Metaspace       used 24747K, capacity 25450K, committed 25600K, reserved 1071104K
  class space    used 3050K, capacity 3263K, committed 3328K, reserved 1048576K
}
2020-11-07T19:58:03.187+0800: 9.864: [CMS-concurrent-abortable-preclean: 0.081/0.259 secs] [Times: user=0.24 sys=0.01, real=0.26 secs] 
2020-11-07T19:58:03.196+0800: 9.872: Application time: 0.0083956 seconds
2020-11-07T19:58:03.196+0800: 9.872: [GC (CMS Final Remark) [YG occupancy: 2698 K (9216 K)]2020-11-07T19:58:03.196+0800: 9.872: [Rescan (parallel) , 0.0049369 secs]2020-11-07T19:58:03.201+0800: 9.877: [weak refs processing, 0.0001996 secs]2020-11-07T19:58:03.201+0800: 9.878: [class unloading, 0.0056575 secs]2020-11-07T19:58:03.207+0800: 9.883: [scrub symbol table, 0.0074294 secs]2020-11-07T19:58:03.214+0800: 9.891: [scrub string table, 0.0004887 secs][1 CMS-remark: 18470K(29748K)] 21169K(38964K), 0.0189987 secs] [Times: user=0.02 sys=0.00, real=0.02 secs] 
2020-11-07T19:58:03.222+0800: 9.898: [CMS-concurrent-sweep-start]
2020-11-07T19:58:03.242+0800: 9.919: [CMS-concurrent-sweep: 0.020/0.020 secs] [Times: user=0.02 sys=0.00, real=0.02 secs] 
2020-11-07T19:58:03.242+0800: 9.919: [CMS-concurrent-reset-start]
2020-11-07T19:58:03.247+0800: 9.924: [CMS-concurrent-reset: 0.005/0.005 secs] [Times: user=0.00 sys=0.00, real=0.01 secs] 
2020-11-07T19:58:03.251+0800: 9.927: Application time: 0.0359917 seconds
{Heap before GC invocations=112 (full 17):
 par new generation   total 9216K, used 8610K [0x00000000e3400000, 0x00000000e3e00000, 0x00000000ecca0000)
  eden space 8192K, 100% used [0x00000000e3400000, 0x00000000e3c00000, 0x00000000e3c00000)
  from space 1024K,  40% used [0x00000000e3c00000, 0x00000000e3c68b48, 0x00000000e3d00000)
  to   space 1024K,   0% used [0x00000000e3d00000, 0x00000000e3d00000, 0x00000000e3e00000)
 concurrent mark-sweep generation total 30748K, used 18446K [0x00000000ecca0000, 0x00000000eeaa7000, 0x0000000100000000)
 Metaspace       used 24837K, capacity 25572K, committed 25856K, reserved 1071104K
  class space    used 3059K, capacity 3262K, committed 3328K, reserved 1048576K
2020-11-07T19:58:03.251+0800: 9.928: [GC (Allocation Failure) 2020-11-07T19:58:03.251+0800: 9.928: [ParNew: 8610K->575K(9216K), 0.0114907 secs] 27057K->19021K(39964K), 0.0115598 secs] [Times: user=0.01 sys=0.00, real=0.01 secs] 
Heap after GC invocations=113 (full 17):
 par new generation   total 9216K, used 575K [0x00000000e3400000, 0x00000000e3e00000, 0x00000000ecca0000)
  eden space 8192K,   0% used [0x00000000e3400000, 0x00000000e3400000, 0x00000000e3c00000)
  from space 1024K,  56% used [0x00000000e3d00000, 0x00000000e3d8fc38, 0x00000000e3e00000)
  to   space 1024K,   0% used [0x00000000e3c00000, 0x00000000e3c00000, 0x00000000e3d00000)
 concurrent mark-sweep generation total 30748K, used 18446K [0x00000000ecca0000, 0x00000000eeaa7000, 0x0000000100000000)
 Metaspace       used 24837K, capacity 25572K, committed 25856K, reserved 1071104K
  class space    used 3059K, capacity 3262K, committed 3328K, reserved 1048576K
}
2020-11-07T19:58:03.282+0800: 9.958: Application time: 0.0190648 seconds
{Heap before GC invocations=113 (full 17):
 par new generation   total 9216K, used 8767K [0x00000000e3400000, 0x00000000e3e00000, 0x00000000ecca0000)
  eden space 8192K, 100% used [0x00000000e3400000, 0x00000000e3c00000, 0x00000000e3c00000)
  from space 1024K,  56% used [0x00000000e3d00000, 0x00000000e3d8fc38, 0x00000000e3e00000)
  to   space 1024K,   0% used [0x00000000e3c00000, 0x00000000e3c00000, 0x00000000e3d00000)
 concurrent mark-sweep generation total 30748K, used 18446K [0x00000000ecca0000, 0x00000000eeaa7000, 0x0000000100000000)
 Metaspace       used 24900K, capacity 25668K, committed 25856K, reserved 1071104K
  class space    used 3071K, capacity 3294K, committed 3328K, reserved 1048576K
2020-11-07T19:58:03.282+0800: 9.958: [GC (Allocation Failure) 2020-11-07T19:58:03.282+0800: 9.958: [ParNew: 8767K->554K(9216K), 0.0051201 secs] 27213K->19000K(39964K), 0.0051685 secs] [Times: user=0.01 sys=0.00, real=0.01 secs] 
Heap after GC invocations=114 (full 17):
 par new generation   total 9216K, used 554K [0x00000000e3400000, 0x00000000e3e00000, 0x00000000ecca0000)
  eden space 8192K,   0% used [0x00000000e3400000, 0x00000000e3400000, 0x00000000e3c00000)
  from space 1024K,  54% used [0x00000000e3c00000, 0x00000000e3c8a988, 0x00000000e3d00000)
  to   space 1024K,   0% used [0x00000000e3d00000, 0x00000000e3d00000, 0x00000000e3e00000)
 concurrent mark-sweep generation total 30748K, used 18446K [0x00000000ecca0000, 0x00000000eeaa7000, 0x0000000100000000)
 Metaspace       used 24900K, capacity 25668K, committed 25856K, reserved 1071104K
  class space    used 3071K, capacity 3294K, committed 3328K, reserved 1048576K
}
2020-11-07T19:58:03.307+0800: 9.984: Application time: 0.0200664 seconds
{Heap before GC invocations=114 (full 17):
 par new generation   total 9216K, used 8746K [0x00000000e3400000, 0x00000000e3e00000, 0x00000000ecca0000)
  eden space 8192K, 100% used [0x00000000e3400000, 0x00000000e3c00000, 0x00000000e3c00000)
  from space 1024K,  54% used [0x00000000e3c00000, 0x00000000e3c8a988, 0x00000000e3d00000)
  to   space 1024K,   0% used [0x00000000e3d00000, 0x00000000e3d00000, 0x00000000e3e00000)
 concurrent mark-sweep generation total 30748K, used 18446K [0x00000000ecca0000, 0x00000000eeaa7000, 0x0000000100000000)
 Metaspace       used 25027K, capacity 25796K, committed 25856K, reserved 1071104K
  class space    used 3084K, capacity 3294K, committed 3328K, reserved 1048576K
2020-11-07T19:58:03.307+0800: 9.984: [GC (Allocation Failure) 2020-11-07T19:58:03.307+0800: 9.984: [ParNew: 8746K->693K(9216K), 0.0101783 secs] 27192K->19139K(39964K), 0.0102278 secs] [Times: user=0.01 sys=0.00, real=0.01 secs] 
Heap after GC invocations=115 (full 17):
 par new generation   total 9216K, used 693K [0x00000000e3400000, 0x00000000e3e00000, 0x00000000ecca0000)
  eden space 8192K,   0% used [0x00000000e3400000, 0x00000000e3400000, 0x00000000e3c00000)
  from space 1024K,  67% used [0x00000000e3d00000, 0x00000000e3dad588, 0x00000000e3e00000)
  to   space 1024K,   0% used [0x00000000e3c00000, 0x00000000e3c00000, 0x00000000e3d00000)
 concurrent mark-sweep generation total 30748K, used 18446K [0x00000000ecca0000, 0x00000000eeaa7000, 0x0000000100000000)
 Metaspace       used 25027K, capacity 25796K, committed 25856K, reserved 1071104K
  class space    used 3084K, capacity 3294K, committed 3328K, reserved 1048576K
}
2020-11-07T19:58:03.351+0800: 10.028: Application time: 0.0337676 seconds
{Heap before GC invocations=115 (full 17):
 par new generation   total 9216K, used 8885K [0x00000000e3400000, 0x00000000e3e00000, 0x00000000ecca0000)
  eden space 8192K, 100% used [0x00000000e3400000, 0x00000000e3c00000, 0x00000000e3c00000)
  from space 1024K,  67% used [0x00000000e3d00000, 0x00000000e3dad588, 0x00000000e3e00000)
  to   space 1024K,   0% used [0x00000000e3c00000, 0x00000000e3c00000, 0x00000000e3d00000)
 concurrent mark-sweep generation total 30748K, used 18446K [0x00000000ecca0000, 0x00000000eeaa7000, 0x0000000100000000)
 Metaspace       used 25127K, capacity 25924K, committed 26112K, reserved 1073152K
  class space    used 3095K, capacity 3294K, committed 3328K, reserved 1048576K
2020-11-07T19:58:03.351+0800: 10.028: [GC (Allocation Failure) 2020-11-07T19:58:03.351+0800: 10.028: [ParNew: 8885K->595K(9216K), 0.0249169 secs] 27331K->19200K(39964K), 0.0249728 secs] [Times: user=0.01 sys=0.00, real=0.03 secs] 
Heap after GC invocations=116 (full 17):
 par new generation   total 9216K, used 595K [0x00000000e3400000, 0x00000000e3e00000, 0x00000000ecca0000)
  eden space 8192K,   0% used [0x00000000e3400000, 0x00000000e3400000, 0x00000000e3c00000)
  from space 1024K,  58% used [0x00000000e3c00000, 0x00000000e3c94f68, 0x00000000e3d00000)
  to   space 1024K,   0% used [0x00000000e3d00000, 0x00000000e3d00000, 0x00000000e3e00000)
 concurrent mark-sweep generation total 30748K, used 18604K [0x00000000ecca0000, 0x00000000eeaa7000, 0x0000000100000000)
 Metaspace       used 25127K, capacity 25924K, committed 26112K, reserved 1073152K
  class space    used 3095K, capacity 3294K, committed 3328K, reserved 1048576K
}
2020-11-07T19:58:03.380+0800: 10.057: Application time: 0.0039617 seconds
2020-11-07T19:58:03.380+0800: 10.057: [GC (CMS Initial Mark) [1 CMS-initial-mark: 18604K(30748K)] 20319K(39964K), 0.0026197 secs] [Times: user=0.00 sys=0.00, real=0.00 secs] 
2020-11-07T19:58:03.383+0800: 10.060: [CMS-concurrent-mark-start]
2020-11-07T19:58:03.435+0800: 10.112: Application time: 0.0520802 seconds
{Heap before GC invocations=116 (full 18):
 par new generation   total 9216K, used 8787K [0x00000000e3400000, 0x00000000e3e00000, 0x00000000ecca0000)
  eden space 8192K, 100% used [0x00000000e3400000, 0x00000000e3c00000, 0x00000000e3c00000)
  from space 1024K,  58% used [0x00000000e3c00000, 0x00000000e3c94f68, 0x00000000e3d00000)
  to   space 1024K,   0% used [0x00000000e3d00000, 0x00000000e3d00000, 0x00000000e3e00000)
 concurrent mark-sweep generation total 30748K, used 18604K [0x00000000ecca0000, 0x00000000eeaa7000, 0x0000000100000000)
 Metaspace       used 25188K, capacity 25956K, committed 26112K, reserved 1073152K
  class space    used 3106K, capacity 3326K, committed 3328K, reserved 1048576K
2020-11-07T19:58:03.435+0800: 10.112: [GC (Allocation Failure) 2020-11-07T19:58:03.435+0800: 10.112: [ParNew: 8787K->470K(9216K), 0.0136483 secs] 27392K->19074K(39964K), 0.0137301 secs] [Times: user=0.01 sys=0.00, real=0.01 secs] 
Heap after GC invocations=117 (full 18):
 par new generation   total 9216K, used 470K [0x00000000e3400000, 0x00000000e3e00000, 0x00000000ecca0000)
  eden space 8192K,   0% used [0x00000000e3400000, 0x00000000e3400000, 0x00000000e3c00000)
  from space 1024K,  45% used [0x00000000e3d00000, 0x00000000e3d75800, 0x00000000e3e00000)
  to   space 1024K,   0% used [0x00000000e3c00000, 0x00000000e3c00000, 0x00000000e3d00000)
 concurrent mark-sweep generation total 30748K, used 18604K [0x00000000ecca0000, 0x00000000eeaa7000, 0x0000000100000000)
 Metaspace       used 25188K, capacity 25956K, committed 26112K, reserved 1073152K
  class space    used 3106K, capacity 3326K, committed 3328K, reserved 1048576K
}
2020-11-07T19:58:03.483+0800: 10.159: [CMS-concurrent-mark: 0.080/0.099 secs] [Times: user=0.08 sys=0.00, real=0.10 secs] 
2020-11-07T19:58:03.483+0800: 10.159: [CMS-concurrent-preclean-start]
2020-11-07T19:58:03.497+0800: 10.174: [CMS-concurrent-preclean: 0.014/0.014 secs] [Times: user=0.02 sys=0.00, real=0.02 secs] 
2020-11-07T19:58:03.497+0800: 10.174: [CMS-concurrent-abortable-preclean-start]
2020-11-07T19:58:03.526+0800: 10.203: Application time: 0.0768223 seconds
{Heap before GC invocations=117 (full 18):
 par new generation   total 9216K, used 8662K [0x00000000e3400000, 0x00000000e3e00000, 0x00000000ecca0000)
  eden space 8192K, 100% used [0x00000000e3400000, 0x00000000e3c00000, 0x00000000e3c00000)
  from space 1024K,  45% used [0x00000000e3d00000, 0x00000000e3d75800, 0x00000000e3e00000)
  to   space 1024K,   0% used [0x00000000e3c00000, 0x00000000e3c00000, 0x00000000e3d00000)
 concurrent mark-sweep generation total 30748K, used 18604K [0x00000000ecca0000, 0x00000000eeaa7000, 0x0000000100000000)
 Metaspace       used 25309K, capacity 26032K, committed 26240K, reserved 1073152K
  class space    used 3122K, capacity 3330K, committed 3456K, reserved 1048576K
2020-11-07T19:58:03.526+0800: 10.203: [GC (Allocation Failure) 2020-11-07T19:58:03.526+0800: 10.203: [ParNew: 8662K->533K(9216K), 0.0101068 secs] 27266K->19137K(39964K), 0.0102075 secs] [Times: user=0.01 sys=0.00, real=0.01 secs] 
Heap after GC invocations=118 (full 18):
 par new generation   total 9216K, used 533K [0x00000000e3400000, 0x00000000e3e00000, 0x00000000ecca0000)
  eden space 8192K,   0% used [0x00000000e3400000, 0x00000000e3400000, 0x00000000e3c00000)
  from space 1024K,  52% used [0x00000000e3c00000, 0x00000000e3c854a0, 0x00000000e3d00000)
  to   space 1024K,   0% used [0x00000000e3d00000, 0x00000000e3d00000, 0x00000000e3e00000)
 concurrent mark-sweep generation total 30748K, used 18604K [0x00000000ecca0000, 0x00000000eeaa7000, 0x0000000100000000)
 Metaspace       used 25309K, capacity 26032K, committed 26240K, reserved 1073152K
  class space    used 3122K, capacity 3330K, committed 3456K, reserved 1048576K
}
2020-11-07T19:58:03.565+0800: 10.241: Application time: 0.0282192 seconds
{Heap before GC invocations=118 (full 18):
 par new generation   total 9216K, used 8725K [0x00000000e3400000, 0x00000000e3e00000, 0x00000000ecca0000)
  eden space 8192K, 100% used [0x00000000e3400000, 0x00000000e3c00000, 0x00000000e3c00000)
  from space 1024K,  52% used [0x00000000e3c00000, 0x00000000e3c854a0, 0x00000000e3d00000)
  to   space 1024K,   0% used [0x00000000e3d00000, 0x00000000e3d00000, 0x00000000e3e00000)
 concurrent mark-sweep generation total 30748K, used 18604K [0x00000000ecca0000, 0x00000000eeaa7000, 0x0000000100000000)
 Metaspace       used 25315K, capacity 26096K, committed 26496K, reserved 1073152K
  class space    used 3122K, capacity 3330K, committed 3456K, reserved 1048576K
2020-11-07T19:58:03.565+0800: 10.241: [GC (Allocation Failure) 2020-11-07T19:58:03.565+0800: 10.241: [ParNew: 8725K->535K(9216K), 0.0120573 secs] 27329K->19139K(39964K), 0.0121103 secs] [Times: user=0.01 sys=0.00, real=0.01 secs] 
Heap after GC invocations=119 (full 18):
 par new generation   total 9216K, used 535K [0x00000000e3400000, 0x00000000e3e00000, 0x00000000ecca0000)
  eden space 8192K,   0% used [0x00000000e3400000, 0x00000000e3400000, 0x00000000e3c00000)
  from space 1024K,  52% used [0x00000000e3d00000, 0x00000000e3d85cb8, 0x00000000e3e00000)
  to   space 1024K,   0% used [0x00000000e3c00000, 0x00000000e3c00000, 0x00000000e3d00000)
 concurrent mark-sweep generation total 30748K, used 18604K [0x00000000ecca0000, 0x00000000eeaa7000, 0x0000000100000000)
 Metaspace       used 25315K, capacity 26096K, committed 26496K, reserved 1073152K
  class space    used 3122K, capacity 3330K, committed 3456K, reserved 1048576K
}
2020-11-07T19:58:03.595+0800: 10.272: Application time: 0.0184136 seconds
{Heap before GC invocations=119 (full 18):
 par new generation   total 9216K, used 8727K [0x00000000e3400000, 0x00000000e3e00000, 0x00000000ecca0000)
  eden space 8192K, 100% used [0x00000000e3400000, 0x00000000e3c00000, 0x00000000e3c00000)
  from space 1024K,  52% used [0x00000000e3d00000, 0x00000000e3d85cb8, 0x00000000e3e00000)
  to   space 1024K,   0% used [0x00000000e3c00000, 0x00000000e3c00000, 0x00000000e3d00000)
 concurrent mark-sweep generation total 30748K, used 18604K [0x00000000ecca0000, 0x00000000eeaa7000, 0x0000000100000000)
 Metaspace       used 25316K, capacity 26096K, committed 26496K, reserved 1073152K
  class space    used 3122K, capacity 3330K, committed 3456K, reserved 1048576K
2020-11-07T19:58:03.595+0800: 10.272: [GC (Allocation Failure) 2020-11-07T19:58:03.595+0800: 10.272: [ParNew: 8727K->309K(9216K), 0.0051779 secs] 27331K->19090K(39964K), 0.0052308 secs] [Times: user=0.01 sys=0.00, real=0.00 secs] 
Heap after GC invocations=120 (full 18):
 par new generation   total 9216K, used 309K [0x00000000e3400000, 0x00000000e3e00000, 0x00000000ecca0000)
  eden space 8192K,   0% used [0x00000000e3400000, 0x00000000e3400000, 0x00000000e3c00000)
  from space 1024K,  30% used [0x00000000e3c00000, 0x00000000e3c4d628, 0x00000000e3d00000)
  to   space 1024K,   0% used [0x00000000e3d00000, 0x00000000e3d00000, 0x00000000e3e00000)
 concurrent mark-sweep generation total 30748K, used 18780K [0x00000000ecca0000, 0x00000000eeaa7000, 0x0000000100000000)
 Metaspace       used 25316K, capacity 26096K, committed 26496K, reserved 1073152K
  class space    used 3122K, capacity 3330K, committed 3456K, reserved 1048576K
}
2020-11-07T19:58:03.637+0800: 10.314: Application time: 0.0366192 seconds
{Heap before GC invocations=120 (full 18):
 par new generation   total 9216K, used 8501K [0x00000000e3400000, 0x00000000e3e00000, 0x00000000ecca0000)
  eden space 8192K, 100% used [0x00000000e3400000, 0x00000000e3c00000, 0x00000000e3c00000)
  from space 1024K,  30% used [0x00000000e3c00000, 0x00000000e3c4d628, 0x00000000e3d00000)
  to   space 1024K,   0% used [0x00000000e3d00000, 0x00000000e3d00000, 0x00000000e3e00000)
 concurrent mark-sweep generation total 30748K, used 18780K [0x00000000ecca0000, 0x00000000eeaa7000, 0x0000000100000000)
 Metaspace       used 25361K, capacity 26126K, committed 26496K, reserved 1073152K
  class space    used 3130K, capacity 3337K, committed 3456K, reserved 1048576K
2020-11-07T19:58:03.637+0800: 10.314: [GC (Allocation Failure) 2020-11-07T19:58:03.638+0800: 10.314: [ParNew: 8501K->478K(9216K), 0.0091719 secs] 27282K->19273K(39964K), 0.0092423 secs] [Times: user=0.01 sys=0.00, real=0.01 secs] 
Heap after GC invocations=121 (full 18):
 par new generation   total 9216K, used 478K [0x00000000e3400000, 0x00000000e3e00000, 0x00000000ecca0000)
  eden space 8192K,   0% used [0x00000000e3400000, 0x00000000e3400000, 0x00000000e3c00000)
  from space 1024K,  46% used [0x00000000e3d00000, 0x00000000e3d77ac0, 0x00000000e3e00000)
  to   space 1024K,   0% used [0x00000000e3c00000, 0x00000000e3c00000, 0x00000000e3d00000)
 concurrent mark-sweep generation total 30748K, used 18794K [0x00000000ecca0000, 0x00000000eeaa7000, 0x0000000100000000)
 Metaspace       used 25361K, capacity 26126K, committed 26496K, reserved 1073152K
  class space    used 3130K, capacity 3337K, committed 3456K, reserved 1048576K
}
2020-11-07T19:58:03.669+0800: 10.346: Application time: 0.0220342 seconds
{Heap before GC invocations=121 (full 18):
 par new generation   total 9216K, used 8670K [0x00000000e3400000, 0x00000000e3e00000, 0x00000000ecca0000)
  eden space 8192K, 100% used [0x00000000e3400000, 0x00000000e3c00000, 0x00000000e3c00000)
  from space 1024K,  46% used [0x00000000e3d00000, 0x00000000e3d77ac0, 0x00000000e3e00000)
  to   space 1024K,   0% used [0x00000000e3c00000, 0x00000000e3c00000, 0x00000000e3d00000)
 concurrent mark-sweep generation total 30748K, used 18794K [0x00000000ecca0000, 0x00000000eeaa7000, 0x0000000100000000)
 Metaspace       used 25370K, capacity 26126K, committed 26496K, reserved 1073152K
  class space    used 3131K, capacity 3337K, committed 3456K, reserved 1048576K
2020-11-07T19:58:03.669+0800: 10.346: [GC (Allocation Failure) 2020-11-07T19:58:03.669+0800: 10.346: [ParNew: 8670K->327K(9216K), 0.0040585 secs] 27465K->19183K(39964K), 0.0041229 secs] [Times: user=0.00 sys=0.00, real=0.00 secs] 
Heap after GC invocations=122 (full 18):
 par new generation   total 9216K, used 327K [0x00000000e3400000, 0x00000000e3e00000, 0x00000000ecca0000)
  eden space 8192K,   0% used [0x00000000e3400000, 0x00000000e3400000, 0x00000000e3c00000)
  from space 1024K,  31% used [0x00000000e3c00000, 0x00000000e3c51ea0, 0x00000000e3d00000)
  to   space 1024K,   0% used [0x00000000e3d00000, 0x00000000e3d00000, 0x00000000e3e00000)
 concurrent mark-sweep generation total 30748K, used 18855K [0x00000000ecca0000, 0x00000000eeaa7000, 0x0000000100000000)
 Metaspace       used 25370K, capacity 26126K, committed 26496K, reserved 1073152K
  class space    used 3131K, capacity 3337K, committed 3456K, reserved 1048576K
}
2020-11-07T19:58:03.693+0800: 10.370: Application time: 0.0201038 seconds
{Heap before GC invocations=122 (full 18):
 par new generation   total 9216K, used 8519K [0x00000000e3400000, 0x00000000e3e00000, 0x00000000ecca0000)
  eden space 8192K, 100% used [0x00000000e3400000, 0x00000000e3c00000, 0x00000000e3c00000)
  from space 1024K,  31% used [0x00000000e3c00000, 0x00000000e3c51ea0, 0x00000000e3d00000)
  to   space 1024K,   0% used [0x00000000e3d00000, 0x00000000e3d00000, 0x00000000e3e00000)
 concurrent mark-sweep generation total 30748K, used 18855K [0x00000000ecca0000, 0x00000000eeaa7000, 0x0000000100000000)
 Metaspace       used 25379K, capacity 26126K, committed 26496K, reserved 1073152K
  class space    used 3131K, capacity 3337K, committed 3456K, reserved 1048576K
2020-11-07T19:58:03.693+0800: 10.370: [GC (Allocation Failure) 2020-11-07T19:58:03.693+0800: 10.370: [ParNew: 8519K->328K(9216K), 0.0037097 secs] 27375K->19195K(39964K), 0.0037550 secs] [Times: user=0.00 sys=0.00, real=0.01 secs] 
Heap after GC invocations=123 (full 18):
 par new generation   total 9216K, used 328K [0x00000000e3400000, 0x00000000e3e00000, 0x00000000ecca0000)
  eden space 8192K,   0% used [0x00000000e3400000, 0x00000000e3400000, 0x00000000e3c00000)
  from space 1024K,  32% used [0x00000000e3d00000, 0x00000000e3d52350, 0x00000000e3e00000)
  to   space 1024K,   0% used [0x00000000e3c00000, 0x00000000e3c00000, 0x00000000e3d00000)
 concurrent mark-sweep generation total 30748K, used 18866K [0x00000000ecca0000, 0x00000000eeaa7000, 0x0000000100000000)
 Metaspace       used 25379K, capacity 26126K, committed 26496K, reserved 1073152K
  class space    used 3131K, capacity 3337K, committed 3456K, reserved 1048576K
}
2020-11-07T19:58:03.697+0800: 10.374: [CMS-concurrent-abortable-preclean: 0.075/0.200 secs] [Times: user=0.18 sys=0.01, real=0.20 secs] 
2020-11-07T19:58:03.702+0800: 10.379: Application time: 0.0048196 seconds
2020-11-07T19:58:03.702+0800: 10.379: [GC (CMS Final Remark) [YG occupancy: 2620 K (9216 K)]2020-11-07T19:58:03.702+0800: 10.379: [Rescan (parallel) , 0.0042195 secs]2020-11-07T19:58:03.706+0800: 10.383: [weak refs processing, 0.0000483 secs]2020-11-07T19:58:03.706+0800: 10.383: [class unloading, 0.0065455 secs]2020-11-07T19:58:03.713+0800: 10.390: [scrub symbol table, 0.0066754 secs]2020-11-07T19:58:03.720+0800: 10.396: [scrub string table, 0.0005134 secs][1 CMS-remark: 18866K(30748K)] 21487K(39964K), 0.0181685 secs] [Times: user=0.02 sys=0.00, real=0.02 secs] 
2020-11-07T19:58:03.726+0800: 10.403: [CMS-concurrent-sweep-start]
2020-11-07T19:58:03.749+0800: 10.426: Application time: 0.0286618 seconds
{Heap before GC invocations=123 (full 18):
 par new generation   total 9216K, used 8520K [0x00000000e3400000, 0x00000000e3e00000, 0x00000000ecca0000)
  eden space 8192K, 100% used [0x00000000e3400000, 0x00000000e3c00000, 0x00000000e3c00000)
  from space 1024K,  32% used [0x00000000e3d00000, 0x00000000e3d52350, 0x00000000e3e00000)
  to   space 1024K,   0% used [0x00000000e3c00000, 0x00000000e3c00000, 0x00000000e3d00000)
 concurrent mark-sweep generation total 30748K, used 18854K [0x00000000ecca0000, 0x00000000eeaa7000, 0x0000000100000000)
 Metaspace       used 25389K, capacity 26190K, committed 26496K, reserved 1073152K
  class space    used 3131K, capacity 3337K, committed 3456K, reserved 1048576K
2020-11-07T19:58:03.749+0800: 10.426: [GC (Allocation Failure) 2020-11-07T19:58:03.749+0800: 10.426: [ParNew: 8520K->299K(9216K), 0.0120112 secs] 27375K->19174K(39964K), 0.0121009 secs] [Times: user=0.01 sys=0.00, real=0.01 secs] 
Heap after GC invocations=124 (full 18):
 par new generation   total 9216K, used 299K [0x00000000e3400000, 0x00000000e3e00000, 0x00000000ecca0000)
  eden space 8192K,   0% used [0x00000000e3400000, 0x00000000e3400000, 0x00000000e3c00000)
  from space 1024K,  29% used [0x00000000e3c00000, 0x00000000e3c4acd0, 0x00000000e3d00000)
  to   space 1024K,   0% used [0x00000000e3d00000, 0x00000000e3d00000, 0x00000000e3e00000)
 concurrent mark-sweep generation total 30748K, used 18874K [0x00000000ecca0000, 0x00000000eeaa7000, 0x0000000100000000)
 Metaspace       used 25389K, capacity 26190K, committed 26496K, reserved 1073152K
  class space    used 3131K, capacity 3337K, committed 3456K, reserved 1048576K
}
2020-11-07T19:58:03.773+0800: 10.450: [CMS-concurrent-sweep: 0.035/0.047 secs] [Times: user=0.04 sys=0.00, real=0.04 secs] 
2020-11-07T19:58:03.773+0800: 10.450: [CMS-concurrent-reset-start]
2020-11-07T19:58:03.774+0800: 10.451: [CMS-concurrent-reset: 0.001/0.001 secs] [Times: user=0.01 sys=0.00, real=0.00 secs] 
2020-11-07T19:58:03.791+0800: 10.468: Application time: 0.0295657 seconds
{Heap before GC invocations=124 (full 18):
 par new generation   total 9216K, used 8491K [0x00000000e3400000, 0x00000000e3e00000, 0x00000000ecca0000)
  eden space 8192K, 100% used [0x00000000e3400000, 0x00000000e3c00000, 0x00000000e3c00000)
  from space 1024K,  29% used [0x00000000e3c00000, 0x00000000e3c4acd0, 0x00000000e3d00000)
  to   space 1024K,   0% used [0x00000000e3d00000, 0x00000000e3d00000, 0x00000000e3e00000)
 concurrent mark-sweep generation total 31304K, used 18780K [0x00000000ecca0000, 0x00000000eeb32000, 0x0000000100000000)
 Metaspace       used 25404K, capacity 26166K, committed 26496K, reserved 1073152K
  class space    used 3133K, capacity 3333K, committed 3456K, reserved 1048576K
2020-11-07T19:58:03.791+0800: 10.468: [GC (Allocation Failure) 2020-11-07T19:58:03.791+0800: 10.468: [ParNew: 8491K->323K(9216K), 0.0040779 secs] 27271K->19124K(40520K), 0.0041634 secs] [Times: user=0.00 sys=0.00, real=0.01 secs] 
Heap after GC invocations=125 (full 18):
 par new generation   total 9216K, used 323K [0x00000000e3400000, 0x00000000e3e00000, 0x00000000ecca0000)
  eden space 8192K,   0% used [0x00000000e3400000, 0x00000000e3400000, 0x00000000e3c00000)
  from space 1024K,  31% used [0x00000000e3d00000, 0x00000000e3d50fd0, 0x00000000e3e00000)
  to   space 1024K,   0% used [0x00000000e3c00000, 0x00000000e3c00000, 0x00000000e3d00000)
 concurrent mark-sweep generation total 31304K, used 18800K [0x00000000ecca0000, 0x00000000eeb32000, 0x0000000100000000)
 Metaspace       used 25404K, capacity 26166K, committed 26496K, reserved 1073152K
  class space    used 3133K, capacity 3333K, committed 3456K, reserved 1048576K
}
2020-11-07T19:58:03.802+0800: 10.479: Application time: 0.0066204 seconds
2020-11-07T19:58:03.802+0800: 10.479: [GC (CMS Initial Mark) [1 CMS-initial-mark: 18800K(31304K)] 23386K(40520K), 0.0041859 secs] [Times: user=0.00 sys=0.00, real=0.01 secs] 
2020-11-07T19:58:03.806+0800: 10.483: [CMS-concurrent-mark-start]
2020-11-07T19:58:03.822+0800: 10.499: Application time: 0.0154438 seconds
{Heap before GC invocations=125 (full 19):
 par new generation   total 9216K, used 8515K [0x00000000e3400000, 0x00000000e3e00000, 0x00000000ecca0000)
  eden space 8192K, 100% used [0x00000000e3400000, 0x00000000e3c00000, 0x00000000e3c00000)
  from space 1024K,  31% used [0x00000000e3d00000, 0x00000000e3d50fd0, 0x00000000e3e00000)
  to   space 1024K,   0% used [0x00000000e3c00000, 0x00000000e3c00000, 0x00000000e3d00000)
 concurrent mark-sweep generation total 31304K, used 18800K [0x00000000ecca0000, 0x00000000eeb32000, 0x0000000100000000)
 Metaspace       used 25406K, capacity 26166K, committed 26496K, reserved 1073152K
  class space    used 3133K, capacity 3333K, committed 3456K, reserved 1048576K
2020-11-07T19:58:03.822+0800: 10.499: [GC (Allocation Failure) 2020-11-07T19:58:03.822+0800: 10.499: [ParNew: 8515K->287K(9216K), 0.0154226 secs] 27316K->19155K(40520K), 0.0155045 secs] [Times: user=0.01 sys=0.00, real=0.02 secs] 
Heap after GC invocations=126 (full 19):
 par new generation   total 9216K, used 287K [0x00000000e3400000, 0x00000000e3e00000, 0x00000000ecca0000)
  eden space 8192K,   0% used [0x00000000e3400000, 0x00000000e3400000, 0x00000000e3c00000)
  from space 1024K,  28% used [0x00000000e3c00000, 0x00000000e3c47ca0, 0x00000000e3d00000)
  to   space 1024K,   0% used [0x00000000e3d00000, 0x00000000e3d00000, 0x00000000e3e00000)
 concurrent mark-sweep generation total 31304K, used 18867K [0x00000000ecca0000, 0x00000000eeb32000, 0x0000000100000000)
 Metaspace       used 25406K, capacity 26166K, committed 26496K, reserved 1073152K
  class space    used 3133K, capacity 3333K, committed 3456K, reserved 1048576K
}
2020-11-07T19:58:03.859+0800: 10.536: Application time: 0.0216953 seconds
{Heap before GC invocations=126 (full 19):
 par new generation   total 9216K, used 8479K [0x00000000e3400000, 0x00000000e3e00000, 0x00000000ecca0000)
  eden space 8192K, 100% used [0x00000000e3400000, 0x00000000e3c00000, 0x00000000e3c00000)
  from space 1024K,  28% used [0x00000000e3c00000, 0x00000000e3c47ca0, 0x00000000e3d00000)
  to   space 1024K,   0% used [0x00000000e3d00000, 0x00000000e3d00000, 0x00000000e3e00000)
 concurrent mark-sweep generation total 31304K, used 18867K [0x00000000ecca0000, 0x00000000eeb32000, 0x0000000100000000)
 Metaspace       used 25407K, capacity 26166K, committed 26496K, reserved 1073152K
  class space    used 3133K, capacity 3333K, committed 3456K, reserved 1048576K
2020-11-07T19:58:03.859+0800: 10.536: [GC (Allocation Failure) 2020-11-07T19:58:03.859+0800: 10.536: [ParNew: 8479K->300K(9216K), 0.0133643 secs] 27347K->19205K(40520K), 0.0134414 secs] [Times: user=0.02 sys=0.00, real=0.01 secs] 
Heap after GC invocations=127 (full 19):
 par new generation   total 9216K, used 300K [0x00000000e3400000, 0x00000000e3e00000, 0x00000000ecca0000)
  eden space 8192K,   0% used [0x00000000e3400000, 0x00000000e3400000, 0x00000000e3c00000)
  from space 1024K,  29% used [0x00000000e3d00000, 0x00000000e3d4b348, 0x00000000e3e00000)
  to   space 1024K,   0% used [0x00000000e3c00000, 0x00000000e3c00000, 0x00000000e3d00000)
 concurrent mark-sweep generation total 31304K, used 18904K [0x00000000ecca0000, 0x00000000eeb32000, 0x0000000100000000)
 Metaspace       used 25407K, capacity 26166K, committed 26496K, reserved 1073152K
  class space    used 3133K, capacity 3333K, committed 3456K, reserved 1048576K
}
2020-11-07T19:58:03.904+0800: 10.581: Application time: 0.0314105 seconds
{Heap before GC invocations=127 (full 19):
 par new generation   total 9216K, used 8492K [0x00000000e3400000, 0x00000000e3e00000, 0x00000000ecca0000)
  eden space 8192K, 100% used [0x00000000e3400000, 0x00000000e3c00000, 0x00000000e3c00000)
  from space 1024K,  29% used [0x00000000e3d00000, 0x00000000e3d4b348, 0x00000000e3e00000)
  to   space 1024K,   0% used [0x00000000e3c00000, 0x00000000e3c00000, 0x00000000e3d00000)
 concurrent mark-sweep generation total 31304K, used 18904K [0x00000000ecca0000, 0x00000000eeb32000, 0x0000000100000000)
 Metaspace       used 25409K, capacity 26166K, committed 26496K, reserved 1073152K
  class space    used 3133K, capacity 3333K, committed 3456K, reserved 1048576K
2020-11-07T19:58:03.904+0800: 10.581: [GC (Allocation Failure) 2020-11-07T19:58:03.904+0800: 10.581: [ParNew: 8492K->233K(9216K), 0.0048326 secs] 27397K->19178K(40520K), 0.0048972 secs] [Times: user=0.00 sys=0.00, real=0.01 secs] 
Heap after GC invocations=128 (full 19):
 par new generation   total 9216K, used 233K [0x00000000e3400000, 0x00000000e3e00000, 0x00000000ecca0000)
  eden space 8192K,   0% used [0x00000000e3400000, 0x00000000e3400000, 0x00000000e3c00000)
  from space 1024K,  22% used [0x00000000e3c00000, 0x00000000e3c3a660, 0x00000000e3d00000)
  to   space 1024K,   0% used [0x00000000e3d00000, 0x00000000e3d00000, 0x00000000e3e00000)
 concurrent mark-sweep generation total 31304K, used 18944K [0x00000000ecca0000, 0x00000000eeb32000, 0x0000000100000000)
 Metaspace       used 25409K, capacity 26166K, committed 26496K, reserved 1073152K
  class space    used 3133K, capacity 3333K, committed 3456K, reserved 1048576K
}
2020-11-07T19:58:03.937+0800: 10.614: [CMS-concurrent-mark: 0.096/0.131 secs] [Times: user=0.13 sys=0.00, real=0.13 secs] 
2020-11-07T19:58:03.937+0800: 10.614: [CMS-concurrent-preclean-start]
2020-11-07T19:58:03.938+0800: 10.615: [CMS-concurrent-preclean: 0.001/0.001 secs] [Times: user=0.00 sys=0.00, real=0.00 secs] 
2020-11-07T19:58:03.938+0800: 10.615: [CMS-concurrent-abortable-preclean-start]
2020-11-07T19:58:03.946+0800: 10.622: Application time: 0.0362072 seconds
2020-11-07T19:58:03.947+0800: 10.624: Application time: 0.0013972 seconds
2020-11-07T19:58:03.947+0800: 10.624: Application time: 0.0000274 seconds
2020-11-07T19:58:03.951+0800: 10.627: Application time: 0.0033623 seconds
{Heap before GC invocations=128 (full 19):
 par new generation   total 9216K, used 8425K [0x00000000e3400000, 0x00000000e3e00000, 0x00000000ecca0000)
  eden space 8192K, 100% used [0x00000000e3400000, 0x00000000e3c00000, 0x00000000e3c00000)
  from space 1024K,  22% used [0x00000000e3c00000, 0x00000000e3c3a660, 0x00000000e3d00000)
  to   space 1024K,   0% used [0x00000000e3d00000, 0x00000000e3d00000, 0x00000000e3e00000)
 concurrent mark-sweep generation total 31304K, used 18944K [0x00000000ecca0000, 0x00000000eeb32000, 0x0000000100000000)
 Metaspace       used 25443K, capacity 26178K, committed 26496K, reserved 1073152K
  class space    used 3137K, capacity 3335K, committed 3456K, reserved 1048576K
2020-11-07T19:58:03.951+0800: 10.627: [GC (Allocation Failure) 2020-11-07T19:58:03.951+0800: 10.627: [ParNew2020-11-07T19:58:03.958+0800: 10.635: [CMS-concurrent-abortable-preclean: 0.008/0.020 secs] [Times: user=0.02 sys=0.00, real=0.02 secs] 
: 8425K->279K(9216K), 0.0079524 secs] 27370K->19225K(40520K), 0.0079908 secs] [Times: user=0.01 sys=0.00, real=0.01 secs] 
Heap after GC invocations=129 (full 19):
 par new generation   total 9216K, used 279K [0x00000000e3400000, 0x00000000e3e00000, 0x00000000ecca0000)
  eden space 8192K,   0% used [0x00000000e3400000, 0x00000000e3400000, 0x00000000e3c00000)
  from space 1024K,  27% used [0x00000000e3d00000, 0x00000000e3d45c90, 0x00000000e3e00000)
  to   space 1024K,   0% used [0x00000000e3c00000, 0x00000000e3c00000, 0x00000000e3d00000)
 concurrent mark-sweep generation total 31304K, used 18945K [0x00000000ecca0000, 0x00000000eeb32000, 0x0000000100000000)
 Metaspace       used 25443K, capacity 26178K, committed 26496K, reserved 1073152K
  class space    used 3137K, capacity 3335K, committed 3456K, reserved 1048576K
}
2020-11-07T19:58:03.977+0800: 10.654: Application time: 0.0182993 seconds
2020-11-07T19:58:03.978+0800: 10.654: [GC (CMS Final Remark) [YG occupancy: 1098 K (9216 K)]2020-11-07T19:58:03.978+0800: 10.654: [Rescan (parallel) , 0.0036416 secs]2020-11-07T19:58:03.981+0800: 10.658: [weak refs processing, 0.0020585 secs]2020-11-07T19:58:03.983+0800: 10.660: [class unloading, 0.0067873 secs]2020-11-07T19:58:03.990+0800: 10.667: [scrub symbol table, 0.0070930 secs]2020-11-07T19:58:03.997+0800: 10.674: [scrub string table, 0.0005523 secs][1 CMS-remark: 18945K(31304K)] 20044K(40520K), 0.0203370 secs] [Times: user=0.01 sys=0.00, real=0.02 secs] 
2020-11-07T19:58:04.012+0800: 10.689: [CMS-concurrent-sweep-start]
2020-11-07T19:58:04.024+0800: 10.700: [CMS-concurrent-sweep: 0.011/0.011 secs] [Times: user=0.01 sys=0.00, real=0.01 secs] 
2020-11-07T19:58:04.024+0800: 10.700: [CMS-concurrent-reset-start]
2020-11-07T19:58:04.025+0800: 10.701: [CMS-concurrent-reset: 0.001/0.001 secs] [Times: user=0.00 sys=0.00, real=0.01 secs] 
2020-11-07T19:58:04.043+0800: 10.719: Application time: 0.0444818 seconds
{Heap before GC invocations=129 (full 19):
 par new generation   total 9216K, used 8471K [0x00000000e3400000, 0x00000000e3e00000, 0x00000000ecca0000)
  eden space 8192K, 100% used [0x00000000e3400000, 0x00000000e3c00000, 0x00000000e3c00000)
  from space 1024K,  27% used [0x00000000e3d00000, 0x00000000e3d45c90, 0x00000000e3e00000)
  to   space 1024K,   0% used [0x00000000e3c00000, 0x00000000e3c00000, 0x00000000e3d00000)
 concurrent mark-sweep generation total 31304K, used 18720K [0x00000000ecca0000, 0x00000000eeb32000, 0x0000000100000000)
 Metaspace       used 25481K, capacity 26292K, committed 26496K, reserved 1073152K
  class space    used 3144K, capacity 3346K, committed 3456K, reserved 1048576K
2020-11-07T19:58:04.043+0800: 10.719: [GC (Allocation Failure) 2020-11-07T19:58:04.043+0800: 10.719: [ParNew: 8471K->444K(9216K), 0.0059144 secs] 27191K->19210K(40520K), 0.0059886 secs] [Times: user=0.00 sys=0.00, real=0.01 secs] 
Heap after GC invocations=130 (full 19):
 par new generation   total 9216K, used 444K [0x00000000e3400000, 0x00000000e3e00000, 0x00000000ecca0000)
  eden space 8192K,   0% used [0x00000000e3400000, 0x00000000e3400000, 0x00000000e3c00000)
  from space 1024K,  43% used [0x00000000e3c00000, 0x00000000e3c6f388, 0x00000000e3d00000)
  to   space 1024K,   0% used [0x00000000e3d00000, 0x00000000e3d00000, 0x00000000e3e00000)
 concurrent mark-sweep generation total 31304K, used 18766K [0x00000000ecca0000, 0x00000000eeb32000, 0x0000000100000000)
 Metaspace       used 25481K, capacity 26292K, committed 26496K, reserved 1073152K
  class space    used 3144K, capacity 3346K, committed 3456K, reserved 1048576K
}
2020-11-07T19:58:04.092+0800: 10.768: Application time: 0.0429684 seconds
{Heap before GC invocations=130 (full 19):
 par new generation   total 9216K, used 8636K [0x00000000e3400000, 0x00000000e3e00000, 0x00000000ecca0000)
  eden space 8192K, 100% used [0x00000000e3400000, 0x00000000e3c00000, 0x00000000e3c00000)
  from space 1024K,  43% used [0x00000000e3c00000, 0x00000000e3c6f388, 0x00000000e3d00000)
  to   space 1024K,   0% used [0x00000000e3d00000, 0x00000000e3d00000, 0x00000000e3e00000)
 concurrent mark-sweep generation total 31304K, used 18766K [0x00000000ecca0000, 0x00000000eeb32000, 0x0000000100000000)
 Metaspace       used 25529K, capacity 26324K, committed 26496K, reserved 1073152K
  class space    used 3151K, capacity 3378K, committed 3456K, reserved 1048576K
2020-11-07T19:58:04.092+0800: 10.769: [GC (Allocation Failure) 2020-11-07T19:58:04.092+0800: 10.769: [ParNew: 8636K->501K(9216K), 0.0059236 secs] 27402K->19292K(40520K), 0.0059872 secs] [Times: user=0.01 sys=0.00, real=0.01 secs] 
Heap after GC invocations=131 (full 19):
 par new generation   total 9216K, used 501K [0x00000000e3400000, 0x00000000e3e00000, 0x00000000ecca0000)
  eden space 8192K,   0% used [0x00000000e3400000, 0x00000000e3400000, 0x00000000e3c00000)
  from space 1024K,  49% used [0x00000000e3d00000, 0x00000000e3d7d7a0, 0x00000000e3e00000)
  to   space 1024K,   0% used [0x00000000e3c00000, 0x00000000e3c00000, 0x00000000e3d00000)
 concurrent mark-sweep generation total 31304K, used 18790K [0x00000000ecca0000, 0x00000000eeb32000, 0x0000000100000000)
 Metaspace       used 25529K, capacity 26324K, committed 26496K, reserved 1073152K
  class space    used 3151K, capacity 3378K, committed 3456K, reserved 1048576K
}
2020-11-07T19:58:04.110+0800: 10.787: Application time: 0.0123366 seconds
2020-11-07T19:58:04.111+0800: 10.787: [GC (CMS Initial Mark) [1 CMS-initial-mark: 18790K(31304K)] 20605K(40520K), 0.0037312 secs] [Times: user=0.00 sys=0.00, real=0.00 secs] 
2020-11-07T19:58:04.114+0800: 10.791: [CMS-concurrent-mark-start]
2020-11-07T19:58:04.177+0800: 10.854: Application time: 0.0628811 seconds
{Heap before GC invocations=131 (full 20):
 par new generation   total 9216K, used 8693K [0x00000000e3400000, 0x00000000e3e00000, 0x00000000ecca0000)
  eden space 8192K, 100% used [0x00000000e3400000, 0x00000000e3c00000, 0x00000000e3c00000)
  from space 1024K,  49% used [0x00000000e3d00000, 0x00000000e3d7d7a0, 0x00000000e3e00000)
  to   space 1024K,   0% used [0x00000000e3c00000, 0x00000000e3c00000, 0x00000000e3d00000)
 concurrent mark-sweep generation total 31304K, used 18790K [0x00000000ecca0000, 0x00000000eeb32000, 0x0000000100000000)
 Metaspace       used 25579K, capacity 26388K, committed 26496K, reserved 1073152K
  class space    used 3157K, capacity 3378K, committed 3456K, reserved 1048576K
2020-11-07T19:58:04.177+0800: 10.854: [GC (Allocation Failure) 2020-11-07T19:58:04.177+0800: 10.854: [ParNew: 8693K->562K(9216K), 0.0046272 secs] 27484K->19369K(40520K), 0.0047012 secs] [Times: user=0.00 sys=0.00, real=0.00 secs] 
Heap after GC invocations=132 (full 20):
 par new generation   total 9216K, used 562K [0x00000000e3400000, 0x00000000e3e00000, 0x00000000ecca0000)
  eden space 8192K,   0% used [0x00000000e3400000, 0x00000000e3400000, 0x00000000e3c00000)
  from space 1024K,  54% used [0x00000000e3c00000, 0x00000000e3c8c990, 0x00000000e3d00000)
  to   space 1024K,   0% used [0x00000000e3d00000, 0x00000000e3d00000, 0x00000000e3e00000)
 concurrent mark-sweep generation total 31304K, used 18807K [0x00000000ecca0000, 0x00000000eeb32000, 0x0000000100000000)
 Metaspace       used 25579K, capacity 26388K, committed 26496K, reserved 1073152K
  class space    used 3157K, capacity 3378K, committed 3456K, reserved 1048576K
}
2020-11-07T19:58:04.194+0800: 10.871: [CMS-concurrent-mark: 0.071/0.080 secs] [Times: user=0.08 sys=0.00, real=0.08 secs] 
2020-11-07T19:58:04.194+0800: 10.871: [CMS-concurrent-preclean-start]
2020-11-07T19:58:04.196+0800: 10.872: [CMS-concurrent-preclean: 0.001/0.001 secs] [Times: user=0.00 sys=0.00, real=0.01 secs] 
2020-11-07T19:58:04.210+0800: 10.886: Application time: 0.0276232 seconds
2020-11-07T19:58:04.210+0800: 10.887: [GC (CMS Final Remark) [YG occupancy: 5151 K (9216 K)]2020-11-07T19:58:04.210+0800: 10.887: [Rescan (parallel) , 0.0117161 secs]2020-11-07T19:58:04.222+0800: 10.898: [weak refs processing, 0.0000460 secs]2020-11-07T19:58:04.222+0800: 10.898: [class unloading, 0.0052691 secs]2020-11-07T19:58:04.227+0800: 10.904: [scrub symbol table, 0.0073923 secs]2020-11-07T19:58:04.234+0800: 10.911: [scrub string table, 0.0006714 secs][1 CMS-remark: 18807K(31304K)] 23959K(40520K), 0.0253098 secs] [Times: user=0.02 sys=0.00, real=0.03 secs] 
2020-11-07T19:58:04.241+0800: 10.918: [CMS-concurrent-sweep-start]
2020-11-07T19:58:04.249+0800: 10.925: Application time: 0.0134678 seconds
{Heap before GC invocations=132 (full 20):
 par new generation   total 9216K, used 8754K [0x00000000e3400000, 0x00000000e3e00000, 0x00000000ecca0000)
  eden space 8192K, 100% used [0x00000000e3400000, 0x00000000e3c00000, 0x00000000e3c00000)
  from space 1024K,  54% used [0x00000000e3c00000, 0x00000000e3c8c990, 0x00000000e3d00000)
  to   space 1024K,   0% used [0x00000000e3d00000, 0x00000000e3d00000, 0x00000000e3e00000)
 concurrent mark-sweep generation total 31304K, used 18803K [0x00000000ecca0000, 0x00000000eeb32000, 0x0000000100000000)
 Metaspace       used 25637K, capacity 26460K, committed 26752K, reserved 1073152K
  class space    used 3164K, capacity 3380K, committed 3456K, reserved 1048576K
2020-11-07T19:58:04.249+0800: 10.925: [GC (Allocation Failure) 2020-11-07T19:58:04.249+0800: 10.926: [ParNew: 8754K->573K(9216K), 0.0118328 secs] 27558K->19390K(40520K), 0.0119146 secs] [Times: user=0.01 sys=0.00, real=0.01 secs] 
Heap after GC invocations=133 (full 20):
 par new generation   total 9216K, used 573K [0x00000000e3400000, 0x00000000e3e00000, 0x00000000ecca0000)
  eden space 8192K,   0% used [0x00000000e3400000, 0x00000000e3400000, 0x00000000e3c00000)
  from space 1024K,  55% used [0x00000000e3d00000, 0x00000000e3d8f440, 0x00000000e3e00000)
  to   space 1024K,   0% used [0x00000000e3c00000, 0x00000000e3c00000, 0x00000000e3d00000)
 concurrent mark-sweep generation total 31304K, used 18817K [0x00000000ecca0000, 0x00000000eeb32000, 0x0000000100000000)
 Metaspace       used 25637K, capacity 26460K, committed 26752K, reserved 1073152K
  class space    used 3164K, capacity 3380K, committed 3456K, reserved 1048576K
}
2020-11-07T19:58:04.274+0800: 10.950: [CMS-concurrent-sweep: 0.020/0.032 secs] [Times: user=0.03 sys=0.00, real=0.03 secs] 
2020-11-07T19:58:04.274+0800: 10.951: [CMS-concurrent-reset-start]
2020-11-07T19:58:04.275+0800: 10.952: [CMS-concurrent-reset: 0.002/0.002 secs] [Times: user=0.00 sys=0.00, real=0.01 secs] 
2020-11-07T19:58:04.280+0800: 10.957: Application time: 0.0195045 seconds
{Heap before GC invocations=133 (full 20):
 par new generation   total 9216K, used 8765K [0x00000000e3400000, 0x00000000e3e00000, 0x00000000ecca0000)
  eden space 8192K, 100% used [0x00000000e3400000, 0x00000000e3c00000, 0x00000000e3c00000)
  from space 1024K,  55% used [0x00000000e3d00000, 0x00000000e3d8f440, 0x00000000e3e00000)
  to   space 1024K,   0% used [0x00000000e3c00000, 0x00000000e3c00000, 0x00000000e3d00000)
 concurrent mark-sweep generation total 31496K, used 18810K [0x00000000ecca0000, 0x00000000eeb62000, 0x0000000100000000)
 Metaspace       used 25641K, capacity 26460K, committed 26752K, reserved 1073152K
  class space    used 3164K, capacity 3380K, committed 3456K, reserved 1048576K
2020-11-07T19:58:04.280+0800: 10.957: [GC (Allocation Failure) 2020-11-07T19:58:04.280+0800: 10.957: [ParNew: 8765K->447K(9216K), 0.0043773 secs] 27575K->19295K(40712K), 0.0044428 secs] [Times: user=0.01 sys=0.00, real=0.01 secs] 
Heap after GC invocations=134 (full 20):
 par new generation   total 9216K, used 447K [0x00000000e3400000, 0x00000000e3e00000, 0x00000000ecca0000)
  eden space 8192K,   0% used [0x00000000e3400000, 0x00000000e3400000, 0x00000000e3c00000)
  from space 1024K,  43% used [0x00000000e3c00000, 0x00000000e3c6fcc0, 0x00000000e3d00000)
  to   space 1024K,   0% used [0x00000000e3d00000, 0x00000000e3d00000, 0x00000000e3e00000)
 concurrent mark-sweep generation total 31496K, used 18848K [0x00000000ecca0000, 0x00000000eeb62000, 0x0000000100000000)
 Metaspace       used 25641K, capacity 26460K, committed 26752K, reserved 1073152K
  class space    used 3164K, capacity 3380K, committed 3456K, reserved 1048576K
}
2020-11-07T19:58:04.316+0800: 10.992: Application time: 0.0307143 seconds
{Heap before GC invocations=134 (full 20):
 par new generation   total 9216K, used 8639K [0x00000000e3400000, 0x00000000e3e00000, 0x00000000ecca0000)
  eden space 8192K, 100% used [0x00000000e3400000, 0x00000000e3c00000, 0x00000000e3c00000)
  from space 1024K,  43% used [0x00000000e3c00000, 0x00000000e3c6fcc0, 0x00000000e3d00000)
  to   space 1024K,   0% used [0x00000000e3d00000, 0x00000000e3d00000, 0x00000000e3e00000)
 concurrent mark-sweep generation total 31496K, used 18848K [0x00000000ecca0000, 0x00000000eeb62000, 0x0000000100000000)
 Metaspace       used 25656K, capacity 26460K, committed 26752K, reserved 1073152K
  class space    used 3166K, capacity 3380K, committed 3456K, reserved 1048576K
2020-11-07T19:58:04.316+0800: 10.992: [GC (Allocation Failure) 2020-11-07T19:58:04.316+0800: 10.992: [ParNew: 8639K->547K(9216K), 0.0045385 secs] 27487K->19396K(40712K), 0.0045876 secs] [Times: user=0.00 sys=0.00, real=0.00 secs] 
Heap after GC invocations=135 (full 20):
 par new generation   total 9216K, used 547K [0x00000000e3400000, 0x00000000e3e00000, 0x00000000ecca0000)
  eden space 8192K,   0% used [0x00000000e3400000, 0x00000000e3400000, 0x00000000e3c00000)
  from space 1024K,  53% used [0x00000000e3d00000, 0x00000000e3d88f60, 0x00000000e3e00000)
  to   space 1024K,   0% used [0x00000000e3c00000, 0x00000000e3c00000, 0x00000000e3d00000)
 concurrent mark-sweep generation total 31496K, used 18849K [0x00000000ecca0000, 0x00000000eeb62000, 0x0000000100000000)
 Metaspace       used 25656K, capacity 26460K, committed 26752K, reserved 1073152K
  class space    used 3166K, capacity 3380K, committed 3456K, reserved 1048576K
}
2020-11-07T19:58:04.351+0800: 11.027: Application time: 0.0301448 seconds
{Heap before GC invocations=135 (full 20):
 par new generation   total 9216K, used 8739K [0x00000000e3400000, 0x00000000e3e00000, 0x00000000ecca0000)
  eden space 8192K, 100% used [0x00000000e3400000, 0x00000000e3c00000, 0x00000000e3c00000)
  from space 1024K,  53% used [0x00000000e3d00000, 0x00000000e3d88f60, 0x00000000e3e00000)
  to   space 1024K,   0% used [0x00000000e3c00000, 0x00000000e3c00000, 0x00000000e3d00000)
 concurrent mark-sweep generation total 31496K, used 18849K [0x00000000ecca0000, 0x00000000eeb62000, 0x0000000100000000)
 Metaspace       used 25686K, capacity 26524K, committed 26752K, reserved 1073152K
  class space    used 3169K, capacity 3380K, committed 3456K, reserved 1048576K
2020-11-07T19:58:04.351+0800: 11.027: [GC (Allocation Failure) 2020-11-07T19:58:04.351+0800: 11.027: [ParNew: 8739K->462K(9216K), 0.0045043 secs] 27588K->19349K(40712K), 0.0045556 secs] [Times: user=0.00 sys=0.00, real=0.01 secs] 
Heap after GC invocations=136 (full 20):
 par new generation   total 9216K, used 462K [0x00000000e3400000, 0x00000000e3e00000, 0x00000000ecca0000)
  eden space 8192K,   0% used [0x00000000e3400000, 0x00000000e3400000, 0x00000000e3c00000)
  from space 1024K,  45% used [0x00000000e3c00000, 0x00000000e3c73ac0, 0x00000000e3d00000)
  to   space 1024K,   0% used [0x00000000e3d00000, 0x00000000e3d00000, 0x00000000e3e00000)
 concurrent mark-sweep generation total 31496K, used 18886K [0x00000000ecca0000, 0x00000000eeb62000, 0x0000000100000000)
 Metaspace       used 25686K, capacity 26524K, committed 26752K, reserved 1073152K
  class space    used 3169K, capacity 3380K, committed 3456K, reserved 1048576K
}
2020-11-07T19:58:04.388+0800: 11.065: Application time: 0.0328976 seconds
{Heap before GC invocations=136 (full 20):
 par new generation   total 9216K, used 8654K [0x00000000e3400000, 0x00000000e3e00000, 0x00000000ecca0000)
  eden space 8192K, 100% used [0x00000000e3400000, 0x00000000e3c00000, 0x00000000e3c00000)
  from space 1024K,  45% used [0x00000000e3c00000, 0x00000000e3c73ac0, 0x00000000e3d00000)
  to   space 1024K,   0% used [0x00000000e3d00000, 0x00000000e3d00000, 0x00000000e3e00000)
 concurrent mark-sweep generation total 31496K, used 18886K [0x00000000ecca0000, 0x00000000eeb62000, 0x0000000100000000)
 Metaspace       used 25701K, capacity 26540K, committed 26752K, reserved 1073152K
  class space    used 3171K, capacity 3384K, committed 3456K, reserved 1048576K
2020-11-07T19:58:04.388+0800: 11.065: [GC (Allocation Failure) 2020-11-07T19:58:04.388+0800: 11.065: [ParNew: 8654K->678K(9216K), 0.0245654 secs] 27541K->19581K(40712K), 0.0246573 secs] [Times: user=0.01 sys=0.00, real=0.02 secs] 
Heap after GC invocations=137 (full 20):
 par new generation   total 9216K, used 678K [0x00000000e3400000, 0x00000000e3e00000, 0x00000000ecca0000)
  eden space 8192K,   0% used [0x00000000e3400000, 0x00000000e3400000, 0x00000000e3c00000)
  from space 1024K,  66% used [0x00000000e3d00000, 0x00000000e3da9ac8, 0x00000000e3e00000)
  to   space 1024K,   0% used [0x00000000e3c00000, 0x00000000e3c00000, 0x00000000e3d00000)
 concurrent mark-sweep generation total 31496K, used 18902K [0x00000000ecca0000, 0x00000000eeb62000, 0x0000000100000000)
 Metaspace       used 25701K, capacity 26540K, committed 26752K, reserved 1073152K
  class space    used 3171K, capacity 3384K, committed 3456K, reserved 1048576K
}
2020-11-07T19:58:04.416+0800: 11.093: Application time: 0.0031620 seconds
2020-11-07T19:58:04.416+0800: 11.093: [GC (CMS Initial Mark) [1 CMS-initial-mark: 18902K(31496K)] 20564K(40712K), 0.0032811 secs] [Times: user=0.01 sys=0.00, real=0.00 secs] 
2020-11-07T19:58:04.420+0800: 11.097: [CMS-concurrent-mark-start]
2020-11-07T19:58:04.670+0800: 11.347: [CMS-concurrent-mark: 0.250/0.250 secs] [Times: user=0.24 sys=0.01, real=0.25 secs] 
2020-11-07T19:58:04.670+0800: 11.347: [CMS-concurrent-preclean-start]
2020-11-07T19:58:04.671+0800: 11.348: [CMS-concurrent-preclean: 0.001/0.001 secs] [Times: user=0.00 sys=0.00, real=0.00 secs] 
2020-11-07T19:58:04.671+0800: 11.348: [CMS-concurrent-abortable-preclean-start]
2020-11-07T19:58:04.710+0800: 11.387: Application time: 0.2901954 seconds
{Heap before GC invocations=137 (full 21):
 par new generation   total 9216K, used 8870K [0x00000000e3400000, 0x00000000e3e00000, 0x00000000ecca0000)
  eden space 8192K, 100% used [0x00000000e3400000, 0x00000000e3c00000, 0x00000000e3c00000)
  from space 1024K,  66% used [0x00000000e3d00000, 0x00000000e3da9ac8, 0x00000000e3e00000)
  to   space 1024K,   0% used [0x00000000e3c00000, 0x00000000e3c00000, 0x00000000e3d00000)
 concurrent mark-sweep generation total 31496K, used 18902K [0x00000000ecca0000, 0x00000000eeb62000, 0x0000000100000000)
 Metaspace       used 25749K, capacity 26554K, committed 26752K, reserved 1073152K
  class space    used 3180K, capacity 3387K, committed 3456K, reserved 1048576K
2020-11-07T19:58:04.710+0800: 11.387: [GC (Allocation Failure) 2020-11-07T19:58:04.710+0800: 11.387: [ParNew: 8870K->601K(9216K), 0.0132789 secs] 27773K->19523K(40712K), 0.0133540 secs] [Times: user=0.02 sys=0.00, real=0.01 secs] 
Heap after GC invocations=138 (full 21):
 par new generation   total 9216K, used 601K [0x00000000e3400000, 0x00000000e3e00000, 0x00000000ecca0000)
  eden space 8192K,   0% used [0x00000000e3400000, 0x00000000e3400000, 0x00000000e3c00000)
  from space 1024K,  58% used [0x00000000e3c00000, 0x00000000e3c965a0, 0x00000000e3d00000)
  to   space 1024K,   0% used [0x00000000e3d00000, 0x00000000e3d00000, 0x00000000e3e00000)
 concurrent mark-sweep generation total 31496K, used 18921K [0x00000000ecca0000, 0x00000000eeb62000, 0x0000000100000000)
 Metaspace       used 25749K, capacity 26554K, committed 26752K, reserved 1073152K
  class space    used 3180K, capacity 3387K, committed 3456K, reserved 1048576K
}
2020-11-07T19:58:04.771+0800: 11.448: Application time: 0.0474063 seconds
{Heap before GC invocations=138 (full 21):
 par new generation   total 9216K, used 8793K [0x00000000e3400000, 0x00000000e3e00000, 0x00000000ecca0000)
  eden space 8192K, 100% used [0x00000000e3400000, 0x00000000e3c00000, 0x00000000e3c00000)
  from space 1024K,  58% used [0x00000000e3c00000, 0x00000000e3c965a0, 0x00000000e3d00000)
  to   space 1024K,   0% used [0x00000000e3d00000, 0x00000000e3d00000, 0x00000000e3e00000)
 concurrent mark-sweep generation total 31496K, used 18921K [0x00000000ecca0000, 0x00000000eeb62000, 0x0000000100000000)
 Metaspace       used 25768K, capacity 26554K, committed 26752K, reserved 1073152K
  class space    used 3181K, capacity 3387K, committed 3456K, reserved 1048576K
2020-11-07T19:58:04.771+0800: 11.448: [GC (Allocation Failure) 2020-11-07T19:58:04.771+0800: 11.448: [ParNew: 8793K->390K(9216K), 0.0163388 secs] 27715K->19567K(40712K), 0.0164077 secs] [Times: user=0.02 sys=0.00, real=0.02 secs] 
Heap after GC invocations=139 (full 21):
 par new generation   total 9216K, used 390K [0x00000000e3400000, 0x00000000e3e00000, 0x00000000ecca0000)
  eden space 8192K,   0% used [0x00000000e3400000, 0x00000000e3400000, 0x00000000e3c00000)
  from space 1024K,  38% used [0x00000000e3d00000, 0x00000000e3d61b98, 0x00000000e3e00000)
  to   space 1024K,   0% used [0x00000000e3c00000, 0x00000000e3c00000, 0x00000000e3d00000)
 concurrent mark-sweep generation total 31496K, used 19176K [0x00000000ecca0000, 0x00000000eeb62000, 0x0000000100000000)
 Metaspace       used 25768K, capacity 26554K, committed 26752K, reserved 1073152K
  class space    used 3181K, capacity 3387K, committed 3456K, reserved 1048576K
}
2020-11-07T19:58:04.828+0800: 11.505: Application time: 0.0403194 seconds
{Heap before GC invocations=139 (full 21):
 par new generation   total 9216K, used 8582K [0x00000000e3400000, 0x00000000e3e00000, 0x00000000ecca0000)
  eden space 8192K, 100% used [0x00000000e3400000, 0x00000000e3c00000, 0x00000000e3c00000)
  from space 1024K,  38% used [0x00000000e3d00000, 0x00000000e3d61b98, 0x00000000e3e00000)
  to   space 1024K,   0% used [0x00000000e3c00000, 0x00000000e3c00000, 0x00000000e3d00000)
 concurrent mark-sweep generation total 31496K, used 19176K [0x00000000ecca0000, 0x00000000eeb62000, 0x0000000100000000)
 Metaspace       used 25797K, capacity 26618K, committed 26752K, reserved 1073152K
  class space    used 3184K, capacity 3387K, committed 3456K, reserved 1048576K
2020-11-07T19:58:04.828+0800: 11.505: [GC (Allocation Failure) 2020-11-07T19:58:04.828+0800: 11.505: [ParNew: 8582K->370K(9216K), 0.0040778 secs] 27759K->19564K(40712K), 0.0041268 secs] [Times: user=0.00 sys=0.00, real=0.00 secs] 
Heap after GC invocations=140 (full 21):
 par new generation   total 9216K, used 370K [0x00000000e3400000, 0x00000000e3e00000, 0x00000000ecca0000)
  eden space 8192K,   0% used [0x00000000e3400000, 0x00000000e3400000, 0x00000000e3c00000)
  from space 1024K,  36% used [0x00000000e3c00000, 0x00000000e3c5c9e8, 0x00000000e3d00000)
  to   space 1024K,   0% used [0x00000000e3d00000, 0x00000000e3d00000, 0x00000000e3e00000)
 concurrent mark-sweep generation total 31496K, used 19193K [0x00000000ecca0000, 0x00000000eeb62000, 0x0000000100000000)
 Metaspace       used 25797K, capacity 26618K, committed 26752K, reserved 1073152K
  class space    used 3184K, capacity 3387K, committed 3456K, reserved 1048576K
}
2020-11-07T19:58:04.852+0800: 11.529: Application time: 0.0201904 seconds
2020-11-07T19:58:04.923+0800: 11.600: Application time: 0.0704781 seconds
{Heap before GC invocations=140 (full 21):
 par new generation   total 9216K, used 8562K [0x00000000e3400000, 0x00000000e3e00000, 0x00000000ecca0000)
  eden space 8192K, 100% used [0x00000000e3400000, 0x00000000e3c00000, 0x00000000e3c00000)
  from space 1024K,  36% used [0x00000000e3c00000, 0x00000000e3c5c9e8, 0x00000000e3d00000)
  to   space 1024K,   0% used [0x00000000e3d00000, 0x00000000e3d00000, 0x00000000e3e00000)
 concurrent mark-sweep generation total 31496K, used 19193K [0x00000000ecca0000, 0x00000000eeb62000, 0x0000000100000000)
 Metaspace       used 25897K, capacity 26746K, committed 27008K, reserved 1073152K
  class space    used 3194K, capacity 3425K, committed 3456K, reserved 1048576K
2020-11-07T19:58:04.923+0800: 11.600: [GC (Allocation Failure) 2020-11-07T19:58:04.923+0800: 11.600: [ParNew: 8562K->570K(9216K), 0.0231306 secs] 27756K->19793K(40712K), 0.0231892 secs] [Times: user=0.03 sys=0.00, real=0.03 secs] 
Heap after GC invocations=141 (full 21):
 par new generation   total 9216K, used 570K [0x00000000e3400000, 0x00000000e3e00000, 0x00000000ecca0000)
  eden space 8192K,   0% used [0x00000000e3400000, 0x00000000e3400000, 0x00000000e3c00000)
  from space 1024K,  55% used [0x00000000e3d00000, 0x00000000e3d8e808, 0x00000000e3e00000)
  to   space 1024K,   0% used [0x00000000e3c00000, 0x00000000e3c00000, 0x00000000e3d00000)
 concurrent mark-sweep generation total 31496K, used 19223K [0x00000000ecca0000, 0x00000000eeb62000, 0x0000000100000000)
 Metaspace       used 25897K, capacity 26746K, committed 27008K, reserved 1073152K
  class space    used 3194K, capacity 3425K, committed 3456K, reserved 1048576K
}
2020-11-07T19:58:05.047+0800: 11.723: Application time: 0.1000178 seconds
2020-11-07T19:58:05.055+0800: 11.731: [CMS-concurrent-abortable-preclean: 0.075/0.384 secs] [Times: user=0.36 sys=0.00, real=0.39 secs] 
2020-11-07T19:58:05.061+0800: 11.738: Application time: 0.0128535 seconds
2020-11-07T19:58:05.062+0800: 11.739: [GC (CMS Final Remark) [YG occupancy: 7974 K (9216 K)]2020-11-07T19:58:05.062+0800: 11.739: [Rescan (parallel) , 0.0073037 secs]2020-11-07T19:58:05.069+0800: 11.746: [weak refs processing, 0.0000402 secs]2020-11-07T19:58:05.069+0800: 11.746: [class unloading, 0.0049956 secs]2020-11-07T19:58:05.075+0800: 11.752: [scrub symbol table, 0.0073635 secs]2020-11-07T19:58:05.082+0800: 11.759: [scrub string table, 0.0007105 secs][1 CMS-remark: 19223K(31496K)] 27197K(40712K), 0.0210863 secs] [Times: user=0.02 sys=0.00, real=0.02 secs] 
2020-11-07T19:58:05.089+0800: 11.766: [CMS-concurrent-sweep-start]
2020-11-07T19:58:05.104+0800: 11.780: Application time: 0.0204185 seconds
{Heap before GC invocations=141 (full 21):
 par new generation   total 9216K, used 8762K [0x00000000e3400000, 0x00000000e3e00000, 0x00000000ecca0000)
  eden space 8192K, 100% used [0x00000000e3400000, 0x00000000e3c00000, 0x00000000e3c00000)
  from space 1024K,  55% used [0x00000000e3d00000, 0x00000000e3d8e808, 0x00000000e3e00000)
  to   space 1024K,   0% used [0x00000000e3c00000, 0x00000000e3c00000, 0x00000000e3d00000)
 concurrent mark-sweep generation total 31496K, used 19219K [0x00000000ecca0000, 0x00000000eeb62000, 0x0000000100000000)
 Metaspace       used 26040K, capacity 26964K, committed 27136K, reserved 1073152K
  class space    used 3211K, capacity 3470K, committed 3584K, reserved 1048576K
2020-11-07T19:58:05.104+0800: 11.780: [GC (Allocation Failure) 2020-11-07T19:58:05.104+0800: 11.780: [ParNew: 8762K->379K(9216K), 0.0050663 secs] 27981K->19618K(40712K), 0.0051377 secs] [Times: user=0.00 sys=0.00, real=0.01 secs] 
Heap after GC invocations=142 (full 21):
 par new generation   total 9216K, used 379K [0x00000000e3400000, 0x00000000e3e00000, 0x00000000ecca0000)
  eden space 8192K,   0% used [0x00000000e3400000, 0x00000000e3400000, 0x00000000e3c00000)
  from space 1024K,  37% used [0x00000000e3c00000, 0x00000000e3c5eeb8, 0x00000000e3d00000)
  to   space 1024K,   0% used [0x00000000e3d00000, 0x00000000e3d00000, 0x00000000e3e00000)
 concurrent mark-sweep generation total 31496K, used 19238K [0x00000000ecca0000, 0x00000000eeb62000, 0x0000000100000000)
 Metaspace       used 26040K, capacity 26964K, committed 27136K, reserved 1073152K
  class space    used 3211K, capacity 3470K, committed 3584K, reserved 1048576K
}
2020-11-07T19:58:05.114+0800: 11.791: [CMS-concurrent-sweep: 0.015/0.025 secs] [Times: user=0.03 sys=0.00, real=0.02 secs] 
2020-11-07T19:58:05.114+0800: 11.791: [CMS-concurrent-reset-start]
2020-11-07T19:58:05.116+0800: 11.792: [CMS-concurrent-reset: 0.001/0.001 secs] [Times: user=0.00 sys=0.00, real=0.01 secs] 
2020-11-07T19:58:05.118+0800: 11.795: Application time: 0.0089990 seconds
2020-11-07T19:58:05.119+0800: 11.795: Application time: 0.0003632 seconds
2020-11-07T19:58:05.186+0800: 11.862: Application time: 0.0668535 seconds
{Heap before GC invocations=142 (full 21):
 par new generation   total 9216K, used 8571K [0x00000000e3400000, 0x00000000e3e00000, 0x00000000ecca0000)
  eden space 8192K, 100% used [0x00000000e3400000, 0x00000000e3c00000, 0x00000000e3c00000)
  from space 1024K,  37% used [0x00000000e3c00000, 0x00000000e3c5eeb8, 0x00000000e3d00000)
  to   space 1024K,   0% used [0x00000000e3d00000, 0x00000000e3d00000, 0x00000000e3e00000)
 concurrent mark-sweep generation total 32064K, used 19236K [0x00000000ecca0000, 0x00000000eebf0000, 0x0000000100000000)
 Metaspace       used 26162K, capacity 27092K, committed 27392K, reserved 1073152K
  class space    used 3231K, capacity 3486K, committed 3584K, reserved 1048576K
2020-11-07T19:58:05.186+0800: 11.863: [GC (Allocation Failure) 2020-11-07T19:58:05.186+0800: 11.863: [ParNew: 8571K->441K(9216K), 0.0208298 secs] 27808K->19684K(41280K), 0.0209114 secs] [Times: user=0.02 sys=0.00, real=0.02 secs] 
Heap after GC invocations=143 (full 21):
 par new generation   total 9216K, used 441K [0x00000000e3400000, 0x00000000e3e00000, 0x00000000ecca0000)
  eden space 8192K,   0% used [0x00000000e3400000, 0x00000000e3400000, 0x00000000e3c00000)
  from space 1024K,  43% used [0x00000000e3d00000, 0x00000000e3d6e750, 0x00000000e3e00000)
  to   space 1024K,   0% used [0x00000000e3c00000, 0x00000000e3c00000, 0x00000000e3d00000)
 concurrent mark-sweep generation total 32064K, used 19242K [0x00000000ecca0000, 0x00000000eebf0000, 0x0000000100000000)
 Metaspace       used 26162K, capacity 27092K, committed 27392K, reserved 1073152K
  class space    used 3231K, capacity 3486K, committed 3584K, reserved 1048576K
}
2020-11-07T19:58:05.215+0800: 11.892: Application time: 0.0086808 seconds
2020-11-07T19:58:05.216+0800: 11.892: [GC (CMS Initial Mark) [1 CMS-initial-mark: 19242K(32064K)] 20496K(41280K), 0.0025013 secs] [Times: user=0.00 sys=0.00, real=0.00 secs] 
2020-11-07T19:58:05.218+0800: 11.895: [CMS-concurrent-mark-start]
2020-11-07T19:58:05.253+0800: 11.930: Application time: 0.0350866 seconds
{Heap before GC invocations=143 (full 22):
 par new generation   total 9216K, used 8633K [0x00000000e3400000, 0x00000000e3e00000, 0x00000000ecca0000)
  eden space 8192K, 100% used [0x00000000e3400000, 0x00000000e3c00000, 0x00000000e3c00000)
  from space 1024K,  43% used [0x00000000e3d00000, 0x00000000e3d6e750, 0x00000000e3e00000)
  to   space 1024K,   0% used [0x00000000e3c00000, 0x00000000e3c00000, 0x00000000e3d00000)
 concurrent mark-sweep generation total 32064K, used 19242K [0x00000000ecca0000, 0x00000000eebf0000, 0x0000000100000000)
 Metaspace       used 26185K, capacity 27156K, committed 27392K, reserved 1073152K
  class space    used 3233K, capacity 3486K, committed 3584K, reserved 1048576K
2020-11-07T19:58:05.253+0800: 11.930: [GC (Allocation Failure) 2020-11-07T19:58:05.253+0800: 11.930: [ParNew: 8633K->368K(9216K), 0.0277464 secs] 27876K->19623K(41280K), 0.0278176 secs] [Times: user=0.03 sys=0.00, real=0.03 secs] 
Heap after GC invocations=144 (full 22):
 par new generation   total 9216K, used 368K [0x00000000e3400000, 0x00000000e3e00000, 0x00000000ecca0000)
  eden space 8192K,   0% used [0x00000000e3400000, 0x00000000e3400000, 0x00000000e3c00000)
  from space 1024K,  36% used [0x00000000e3c00000, 0x00000000e3c5c2b0, 0x00000000e3d00000)
  to   space 1024K,   0% used [0x00000000e3d00000, 0x00000000e3d00000, 0x00000000e3e00000)
 concurrent mark-sweep generation total 32064K, used 19254K [0x00000000ecca0000, 0x00000000eebf0000, 0x0000000100000000)
 Metaspace       used 26185K, capacity 27156K, committed 27392K, reserved 1073152K
  class space    used 3233K, capacity 3486K, committed 3584K, reserved 1048576K
}
2020-11-07T19:58:05.306+0800: 11.982: Application time: 0.0244506 seconds
2020-11-07T19:58:05.320+0800: 11.997: Application time: 0.0081649 seconds
{Heap before GC invocations=144 (full 22):
 par new generation   total 9216K, used 8560K [0x00000000e3400000, 0x00000000e3e00000, 0x00000000ecca0000)
  eden space 8192K, 100% used [0x00000000e3400000, 0x00000000e3c00000, 0x00000000e3c00000)
  from space 1024K,  36% used [0x00000000e3c00000, 0x00000000e3c5c2b0, 0x00000000e3d00000)
  to   space 1024K,   0% used [0x00000000e3d00000, 0x00000000e3d00000, 0x00000000e3e00000)
 concurrent mark-sweep generation total 32064K, used 19254K [0x00000000ecca0000, 0x00000000eebf0000, 0x0000000100000000)
 Metaspace       used 26192K, capacity 27156K, committed 27392K, reserved 1073152K
  class space    used 3233K, capacity 3486K, committed 3584K, reserved 1048576K
2020-11-07T19:58:05.320+0800: 11.997: [GC (Allocation Failure) 2020-11-07T19:58:05.320+0800: 11.997: [ParNew: 8560K->289K(9216K), 0.0080991 secs] 27815K->19555K(41280K), 0.0081537 secs] [Times: user=0.01 sys=0.00, real=0.01 secs] 
Heap after GC invocations=145 (full 22):
 par new generation   total 9216K, used 289K [0x00000000e3400000, 0x00000000e3e00000, 0x00000000ecca0000)
  eden space 8192K,   0% used [0x00000000e3400000, 0x00000000e3400000, 0x00000000e3c00000)
  from space 1024K,  28% used [0x00000000e3d00000, 0x00000000e3d485a8, 0x00000000e3e00000)
  to   space 1024K,   0% used [0x00000000e3c00000, 0x00000000e3c00000, 0x00000000e3d00000)
 concurrent mark-sweep generation total 32064K, used 19266K [0x00000000ecca0000, 0x00000000eebf0000, 0x0000000100000000)
 Metaspace       used 26192K, capacity 27156K, committed 27392K, reserved 1073152K
  class space    used 3233K, capacity 3486K, committed 3584K, reserved 1048576K
}
2020-11-07T19:58:05.355+0800: 12.032: [CMS-concurrent-mark: 0.095/0.137 secs] [Times: user=0.13 sys=0.00, real=0.14 secs] 
2020-11-07T19:58:05.355+0800: 12.032: [CMS-concurrent-preclean-start]
2020-11-07T19:58:05.357+0800: 12.034: [CMS-concurrent-preclean: 0.002/0.002 secs] [Times: user=0.00 sys=0.00, real=0.00 secs] 
2020-11-07T19:58:05.357+0800: 12.034: [CMS-concurrent-abortable-preclean-start]
2020-11-07T19:58:05.422+0800: 12.099: Application time: 0.0936338 seconds
2020-11-07T19:58:05.428+0800: 12.105: Application time: 0.0059912 seconds
2020-11-07T19:58:05.431+0800: 12.108: Application time: 0.0031445 seconds
2020-11-07T19:58:05.431+0800: 12.108: Application time: 0.0000222 seconds
2020-11-07T19:58:05.470+0800: 12.147: Application time: 0.0388225 seconds
{Heap before GC invocations=145 (full 22):
 par new generation   total 9216K, used 8481K [0x00000000e3400000, 0x00000000e3e00000, 0x00000000ecca0000)
  eden space 8192K, 100% used [0x00000000e3400000, 0x00000000e3c00000, 0x00000000e3c00000)
  from space 1024K,  28% used [0x00000000e3d00000, 0x00000000e3d485a8, 0x00000000e3e00000)
  to   space 1024K,   0% used [0x00000000e3c00000, 0x00000000e3c00000, 0x00000000e3d00000)
 concurrent mark-sweep generation total 32064K, used 19266K [0x00000000ecca0000, 0x00000000eebf0000, 0x0000000100000000)
 Metaspace       used 26240K, capacity 27162K, committed 27392K, reserved 1073152K
  class space    used 3235K, capacity 3487K, committed 3584K, reserved 1048576K
2020-11-07T19:58:05.470+0800: 12.147: [GC (Allocation Failure) 2020-11-07T19:58:05.470+0800: 12.147: [ParNew: 8481K->444K(9216K), 0.0139600 secs] 27747K->19722K(41280K), 0.0140195 secs] [Times: user=0.01 sys=0.00, real=0.01 secs] 
Heap after GC invocations=146 (full 22):
 par new generation   total 9216K, used 444K [0x00000000e3400000, 0x00000000e3e00000, 0x00000000ecca0000)
  eden space 8192K,   0% used [0x00000000e3400000, 0x00000000e3400000, 0x00000000e3c00000)
  from space 1024K,  43% used [0x00000000e3c00000, 0x00000000e3c6f098, 0x00000000e3d00000)
  to   space 1024K,   0% used [0x00000000e3d00000, 0x00000000e3d00000, 0x00000000e3e00000)
 concurrent mark-sweep generation total 32064K, used 19278K [0x00000000ecca0000, 0x00000000eebf0000, 0x0000000100000000)
 Metaspace       used 26240K, capacity 27162K, committed 27392K, reserved 1073152K
  class space    used 3235K, capacity 3487K, committed 3584K, reserved 1048576K
}
2020-11-07T19:58:05.550+0800: 12.227: Application time: 0.0660618 seconds
{Heap before GC invocations=146 (full 22):
 par new generation   total 9216K, used 8636K [0x00000000e3400000, 0x00000000e3e00000, 0x00000000ecca0000)
  eden space 8192K, 100% used [0x00000000e3400000, 0x00000000e3c00000, 0x00000000e3c00000)
  from space 1024K,  43% used [0x00000000e3c00000, 0x00000000e3c6f098, 0x00000000e3d00000)
  to   space 1024K,   0% used [0x00000000e3d00000, 0x00000000e3d00000, 0x00000000e3e00000)
 concurrent mark-sweep generation total 32064K, used 19278K [0x00000000ecca0000, 0x00000000eebf0000, 0x0000000100000000)
 Metaspace       used 26351K, capacity 27262K, committed 27392K, reserved 1073152K
  class space    used 3260K, capacity 3519K, committed 3584K, reserved 1048576K
2020-11-07T19:58:05.550+0800: 12.227: [GC (Allocation Failure) 2020-11-07T19:58:05.550+0800: 12.227: [ParNew: 8636K->534K(9216K), 0.0362743 secs] 27914K->19846K(41280K), 0.0363496 secs] [Times: user=0.04 sys=0.00, real=0.04 secs] 
Heap after GC invocations=147 (full 22):
 par new generation   total 9216K, used 534K [0x00000000e3400000, 0x00000000e3e00000, 0x00000000ecca0000)
  eden space 8192K,   0% used [0x00000000e3400000, 0x00000000e3400000, 0x00000000e3c00000)
  from space 1024K,  52% used [0x00000000e3d00000, 0x00000000e3d85a98, 0x00000000e3e00000)
  to   space 1024K,   0% used [0x00000000e3c00000, 0x00000000e3c00000, 0x00000000e3d00000)
 concurrent mark-sweep generation total 32064K, used 19311K [0x00000000ecca0000, 0x00000000eebf0000, 0x0000000100000000)
 Metaspace       used 26351K, capacity 27262K, committed 27392K, reserved 1073152K
  class space    used 3260K, capacity 3519K, committed 3584K, reserved 1048576K
}
2020-11-07T19:58:05.638+0800: 12.315: Application time: 0.0511854 seconds
{Heap before GC invocations=147 (full 22):
 par new generation   total 9216K, used 8726K [0x00000000e3400000, 0x00000000e3e00000, 0x00000000ecca0000)
  eden space 8192K, 100% used [0x00000000e3400000, 0x00000000e3c00000, 0x00000000e3c00000)
  from space 1024K,  52% used [0x00000000e3d00000, 0x00000000e3d85a98, 0x00000000e3e00000)
  to   space 1024K,   0% used [0x00000000e3c00000, 0x00000000e3c00000, 0x00000000e3d00000)
 concurrent mark-sweep generation total 32064K, used 19311K [0x00000000ecca0000, 0x00000000eebf0000, 0x0000000100000000)
 Metaspace       used 26405K, capacity 27326K, committed 27392K, reserved 1073152K
  class space    used 3267K, capacity 3519K, committed 3584K, reserved 1048576K
2020-11-07T19:58:05.638+0800: 12.315: [GC (Allocation Failure) 2020-11-07T19:58:05.638+0800: 12.315: [ParNew: 8726K->698K(9216K), 0.0210035 secs] 28038K->20023K(41280K), 0.0210579 secs] [Times: user=0.02 sys=0.00, real=0.02 secs] 
Heap after GC invocations=148 (full 22):
 par new generation   total 9216K, used 698K [0x00000000e3400000, 0x00000000e3e00000, 0x00000000ecca0000)
  eden space 8192K,   0% used [0x00000000e3400000, 0x00000000e3400000, 0x00000000e3c00000)
  from space 1024K,  68% used [0x00000000e3c00000, 0x00000000e3cae978, 0x00000000e3d00000)
  to   space 1024K,   0% used [0x00000000e3d00000, 0x00000000e3d00000, 0x00000000e3e00000)
 concurrent mark-sweep generation total 32064K, used 19324K [0x00000000ecca0000, 0x00000000eebf0000, 0x0000000100000000)
 Metaspace       used 26405K, capacity 27326K, committed 27392K, reserved 1073152K
  class space    used 3267K, capacity 3519K, committed 3584K, reserved 1048576K
}
2020-11-07T19:58:05.727+0800: 12.404: Application time: 0.0674905 seconds
{Heap before GC invocations=148 (full 22):
 par new generation   total 9216K, used 8890K [0x00000000e3400000, 0x00000000e3e00000, 0x00000000ecca0000)
  eden space 8192K, 100% used [0x00000000e3400000, 0x00000000e3c00000, 0x00000000e3c00000)
  from space 1024K,  68% used [0x00000000e3c00000, 0x00000000e3cae978, 0x00000000e3d00000)
  to   space 1024K,   0% used [0x00000000e3d00000, 0x00000000e3d00000, 0x00000000e3e00000)
 concurrent mark-sweep generation total 32064K, used 19324K [0x00000000ecca0000, 0x00000000eebf0000, 0x0000000100000000)
 Metaspace       used 26491K, capacity 27390K, committed 27648K, reserved 1073152K
  class space    used 3281K, capacity 3519K, committed 3584K, reserved 1048576K
2020-11-07T19:58:05.727+0800: 12.404: [GC (Allocation Failure) 2020-11-07T19:58:05.727+0800: 12.404: [ParNew: 8890K->532K(9216K), 0.0236476 secs] 28215K->19924K(41280K), 0.0237015 secs] [Times: user=0.02 sys=0.00, real=0.02 secs] 
Heap after GC invocations=149 (full 22):
 par new generation   total 9216K, used 532K [0x00000000e3400000, 0x00000000e3e00000, 0x00000000ecca0000)
  eden space 8192K,   0% used [0x00000000e3400000, 0x00000000e3400000, 0x00000000e3c00000)
  from space 1024K,  52% used [0x00000000e3d00000, 0x00000000e3d853c8, 0x00000000e3e00000)
  to   space 1024K,   0% used [0x00000000e3c00000, 0x00000000e3c00000, 0x00000000e3d00000)
 concurrent mark-sweep generation total 32064K, used 19391K [0x00000000ecca0000, 0x00000000eebf0000, 0x0000000100000000)
 Metaspace       used 26491K, capacity 27390K, committed 27648K, reserved 1073152K
  class space    used 3281K, capacity 3519K, committed 3584K, reserved 1048576K
}
2020-11-07T19:58:05.771+0800: 12.448: Application time: 0.0207522 seconds
{Heap before GC invocations=149 (full 22):
 par new generation   total 9216K, used 8724K [0x00000000e3400000, 0x00000000e3e00000, 0x00000000ecca0000)
  eden space 8192K, 100% used [0x00000000e3400000, 0x00000000e3c00000, 0x00000000e3c00000)
  from space 1024K,  52% used [0x00000000e3d00000, 0x00000000e3d853c8, 0x00000000e3e00000)
  to   space 1024K,   0% used [0x00000000e3c00000, 0x00000000e3c00000, 0x00000000e3d00000)
 concurrent mark-sweep generation total 32064K, used 19391K [0x00000000ecca0000, 0x00000000eebf0000, 0x0000000100000000)
 Metaspace       used 26495K, capacity 27390K, committed 27648K, reserved 1073152K
  class space    used 3281K, capacity 3519K, committed 3584K, reserved 1048576K
2020-11-07T19:58:05.772+0800: 12.448: [GC (Allocation Failure) 2020-11-07T19:58:05.772+0800: 12.448: [ParNew: 8724K->420K(9216K), 0.0040082 secs] 28116K->19812K(41280K), 0.0040542 secs] [Times: user=0.01 sys=0.00, real=0.01 secs] 
Heap after GC invocations=150 (full 22):
 par new generation   total 9216K, used 420K [0x00000000e3400000, 0x00000000e3e00000, 0x00000000ecca0000)
  eden space 8192K,   0% used [0x00000000e3400000, 0x00000000e3400000, 0x00000000e3c00000)
  from space 1024K,  41% used [0x00000000e3c00000, 0x00000000e3c692c0, 0x00000000e3d00000)
  to   space 1024K,   0% used [0x00000000e3d00000, 0x00000000e3d00000, 0x00000000e3e00000)
 concurrent mark-sweep generation total 32064K, used 19391K [0x00000000ecca0000, 0x00000000eebf0000, 0x0000000100000000)
 Metaspace       used 26495K, capacity 27390K, committed 27648K, reserved 1073152K
  class space    used 3281K, capacity 3519K, committed 3584K, reserved 1048576K
}
2020-11-07T19:58:05.816+0800: 12.493: Application time: 0.0402850 seconds
2020-11-07T19:58:05.816+0800: 12.493: [CMS-concurrent-abortable-preclean: 0.152/0.459 secs] [Times: user=0.39 sys=0.01, real=0.46 secs] 
2020-11-07T19:58:05.816+0800: 12.493: Application time: 0.0000939 seconds
2020-11-07T19:58:05.816+0800: 12.493: [GC (CMS Final Remark) [YG occupancy: 5499 K (9216 K)]2020-11-07T19:58:05.816+0800: 12.493: [Rescan (parallel) , 0.0384371 secs]2020-11-07T19:58:05.855+0800: 12.531: [weak refs processing, 0.0017952 secs]2020-11-07T19:58:05.856+0800: 12.533: [class unloading, 0.0059555 secs]2020-11-07T19:58:05.862+0800: 12.539: [scrub symbol table, 0.0069285 secs]2020-11-07T19:58:05.869+0800: 12.546: [scrub string table, 0.0005300 secs][1 CMS-remark: 19391K(32064K)] 24890K(41280K), 0.0538230 secs] [Times: user=0.05 sys=0.00, real=0.05 secs] 
2020-11-07T19:58:05.879+0800: 12.555: [CMS-concurrent-sweep-start]
2020-11-07T19:58:05.898+0800: 12.575: [CMS-concurrent-sweep: 0.019/0.019 secs] [Times: user=0.02 sys=0.00, real=0.02 secs] 
2020-11-07T19:58:05.898+0800: 12.575: [CMS-concurrent-reset-start]
2020-11-07T19:58:05.909+0800: 12.586: [CMS-concurrent-reset: 0.011/0.011 secs] [Times: user=0.01 sys=0.00, real=0.01 secs] 
2020-11-07T19:58:05.923+0800: 12.600: Application time: 0.0529215 seconds
{Heap before GC invocations=150 (full 22):
 par new generation   total 9216K, used 8612K [0x00000000e3400000, 0x00000000e3e00000, 0x00000000ecca0000)
  eden space 8192K, 100% used [0x00000000e3400000, 0x00000000e3c00000, 0x00000000e3c00000)
  from space 1024K,  41% used [0x00000000e3c00000, 0x00000000e3c692c0, 0x00000000e3d00000)
  to   space 1024K,   0% used [0x00000000e3d00000, 0x00000000e3d00000, 0x00000000e3e00000)
 concurrent mark-sweep generation total 32064K, used 19078K [0x00000000ecca0000, 0x00000000eebf0000, 0x0000000100000000)
 Metaspace       used 26590K, capacity 27550K, committed 27648K, reserved 1073152K
  class space    used 3293K, capacity 3551K, committed 3584K, reserved 1048576K
2020-11-07T19:58:05.923+0800: 12.600: [GC (Allocation Failure) 2020-11-07T19:58:05.923+0800: 12.600: [ParNew: 8612K->772K(9216K), 0.0151934 secs] 27690K->19908K(41280K), 0.0152877 secs] [Times: user=0.02 sys=0.00, real=0.02 secs] 
Heap after GC invocations=151 (full 22):
 par new generation   total 9216K, used 772K [0x00000000e3400000, 0x00000000e3e00000, 0x00000000ecca0000)
  eden space 8192K,   0% used [0x00000000e3400000, 0x00000000e3400000, 0x00000000e3c00000)
  from space 1024K,  75% used [0x00000000e3d00000, 0x00000000e3dc13d0, 0x00000000e3e00000)
  to   space 1024K,   0% used [0x00000000e3c00000, 0x00000000e3c00000, 0x00000000e3d00000)
 concurrent mark-sweep generation total 32064K, used 19135K [0x00000000ecca0000, 0x00000000eebf0000, 0x0000000100000000)
 Metaspace       used 26590K, capacity 27550K, committed 27648K, reserved 1073152K
  class space    used 3293K, capacity 3551K, committed 3584K, reserved 1048576K
}
2020-11-07T19:58:05.940+0800: 12.617: Application time: 0.0018127 seconds
{Heap before GC invocations=151 (full 22):
 par new generation   total 9216K, used 8936K [0x00000000e3400000, 0x00000000e3e00000, 0x00000000ecca0000)
  eden space 8192K,  99% used [0x00000000e3400000, 0x00000000e3bf8ff0, 0x00000000e3c00000)
  from space 1024K,  75% used [0x00000000e3d00000, 0x00000000e3dc13d0, 0x00000000e3e00000)
  to   space 1024K,   0% used [0x00000000e3c00000, 0x00000000e3c00000, 0x00000000e3d00000)
 concurrent mark-sweep generation total 32064K, used 19135K [0x00000000ecca0000, 0x00000000eebf0000, 0x0000000100000000)
 Metaspace       used 26590K, capacity 27550K, committed 27648K, reserved 1073152K
  class space    used 3293K, capacity 3551K, committed 3584K, reserved 1048576K
2020-11-07T19:58:05.940+0800: 12.617: [GC (Allocation Failure) 2020-11-07T19:58:05.940+0800: 12.617: [ParNew: 8936K->641K(9216K), 0.0132875 secs] 28072K->19928K(41280K), 0.0133410 secs] [Times: user=0.01 sys=0.00, real=0.01 secs] 
Heap after GC invocations=152 (full 22):
 par new generation   total 9216K, used 641K [0x00000000e3400000, 0x00000000e3e00000, 0x00000000ecca0000)
  eden space 8192K,   0% used [0x00000000e3400000, 0x00000000e3400000, 0x00000000e3c00000)
  from space 1024K,  62% used [0x00000000e3c00000, 0x00000000e3ca07d0, 0x00000000e3d00000)
  to   space 1024K,   0% used [0x00000000e3d00000, 0x00000000e3d00000, 0x00000000e3e00000)
 concurrent mark-sweep generation total 32064K, used 19286K [0x00000000ecca0000, 0x00000000eebf0000, 0x0000000100000000)
 Metaspace       used 26590K, capacity 27550K, committed 27648K, reserved 1073152K
  class space    used 3293K, capacity 3551K, committed 3584K, reserved 1048576K
}
2020-11-07T19:58:05.963+0800: 12.640: Application time: 0.0094332 seconds
{Heap before GC invocations=152 (full 22):
 par new generation   total 9216K, used 8830K [0x00000000e3400000, 0x00000000e3e00000, 0x00000000ecca0000)
  eden space 8192K,  99% used [0x00000000e3400000, 0x00000000e3bff2c8, 0x00000000e3c00000)
  from space 1024K,  62% used [0x00000000e3c00000, 0x00000000e3ca07d0, 0x00000000e3d00000)
  to   space 1024K,   0% used [0x00000000e3d00000, 0x00000000e3d00000, 0x00000000e3e00000)
 concurrent mark-sweep generation total 32064K, used 19286K [0x00000000ecca0000, 0x00000000eebf0000, 0x0000000100000000)
 Metaspace       used 26590K, capacity 27550K, committed 27648K, reserved 1073152K
  class space    used 3293K, capacity 3551K, committed 3584K, reserved 1048576K
2020-11-07T19:58:05.963+0800: 12.640: [GC (Allocation Failure) 2020-11-07T19:58:05.963+0800: 12.640: [ParNew: 8830K->619K(9216K), 0.0096717 secs] 28117K->19966K(41280K), 0.0097234 secs] [Times: user=0.01 sys=0.00, real=0.01 secs] 
Heap after GC invocations=153 (full 22):
 par new generation   total 9216K, used 619K [0x00000000e3400000, 0x00000000e3e00000, 0x00000000ecca0000)
  eden space 8192K,   0% used [0x00000000e3400000, 0x00000000e3400000, 0x00000000e3c00000)
  from space 1024K,  60% used [0x00000000e3d00000, 0x00000000e3d9ac90, 0x00000000e3e00000)
  to   space 1024K,   0% used [0x00000000e3c00000, 0x00000000e3c00000, 0x00000000e3d00000)
 concurrent mark-sweep generation total 32064K, used 19347K [0x00000000ecca0000, 0x00000000eebf0000, 0x0000000100000000)
 Metaspace       used 26590K, capacity 27550K, committed 27648K, reserved 1073152K
  class space    used 3293K, capacity 3551K, committed 3584K, reserved 1048576K
}
2020-11-07T19:58:05.975+0800: 12.651: Application time: 0.0015772 seconds
{Heap before GC invocations=153 (full 22):
 par new generation   total 9216K, used 8775K [0x00000000e3400000, 0x00000000e3e00000, 0x00000000ecca0000)
  eden space 8192K,  99% used [0x00000000e3400000, 0x00000000e3bf71b0, 0x00000000e3c00000)
  from space 1024K,  60% used [0x00000000e3d00000, 0x00000000e3d9ac90, 0x00000000e3e00000)
  to   space 1024K,   0% used [0x00000000e3c00000, 0x00000000e3c00000, 0x00000000e3d00000)
 concurrent mark-sweep generation total 32064K, used 19347K [0x00000000ecca0000, 0x00000000eebf0000, 0x0000000100000000)
 Metaspace       used 26590K, capacity 27550K, committed 27648K, reserved 1073152K
  class space    used 3293K, capacity 3551K, committed 3584K, reserved 1048576K
2020-11-07T19:58:05.975+0800: 12.652: [GC (Allocation Failure) 2020-11-07T19:58:05.975+0800: 12.652: [ParNew: 8775K->607K(9216K), 0.0038339 secs] 28122K->19954K(41280K), 0.0038851 secs] [Times: user=0.00 sys=0.00, real=0.00 secs] 
Heap after GC invocations=154 (full 22):
 par new generation   total 9216K, used 607K [0x00000000e3400000, 0x00000000e3e00000, 0x00000000ecca0000)
  eden space 8192K,   0% used [0x00000000e3400000, 0x00000000e3400000, 0x00000000e3c00000)
  from space 1024K,  59% used [0x00000000e3c00000, 0x00000000e3c97d10, 0x00000000e3d00000)
  to   space 1024K,   0% used [0x00000000e3d00000, 0x00000000e3d00000, 0x00000000e3e00000)
 concurrent mark-sweep generation total 32064K, used 19347K [0x00000000ecca0000, 0x00000000eebf0000, 0x0000000100000000)
 Metaspace       used 26590K, capacity 27550K, committed 27648K, reserved 1073152K
  class space    used 3293K, capacity 3551K, committed 3584K, reserved 1048576K
}
2020-11-07T19:58:05.991+0800: 12.668: Application time: 0.0123814 seconds
2020-11-07T19:58:06.005+0800: 12.682: [GC (CMS Initial Mark) [1 CMS-initial-mark: 19347K(32064K)] 24018K(41280K), 0.0024983 secs] [Times: user=0.00 sys=0.00, real=0.00 secs] 
2020-11-07T19:58:06.008+0800: 12.684: [CMS-concurrent-mark-start]
2020-11-07T19:58:06.106+0800: 12.782: Application time: 0.0979785 seconds
{Heap before GC invocations=154 (full 23):
 par new generation   total 9216K, used 8799K [0x00000000e3400000, 0x00000000e3e00000, 0x00000000ecca0000)
  eden space 8192K, 100% used [0x00000000e3400000, 0x00000000e3c00000, 0x00000000e3c00000)
  from space 1024K,  59% used [0x00000000e3c00000, 0x00000000e3c97d10, 0x00000000e3d00000)
  to   space 1024K,   0% used [0x00000000e3d00000, 0x00000000e3d00000, 0x00000000e3e00000)
 concurrent mark-sweep generation total 32064K, used 19347K [0x00000000ecca0000, 0x00000000eebf0000, 0x0000000100000000)
 Metaspace       used 26662K, capacity 27556K, committed 27648K, reserved 1073152K
  class space    used 3305K, capacity 3552K, committed 3584K, reserved 1048576K
2020-11-07T19:58:06.106+0800: 12.782: [GC (Allocation Failure) 2020-11-07T19:58:06.106+0800: 12.782: [ParNew: 8799K->931K(9216K), 0.0243958 secs] 28146K->20279K(41280K), 0.0244683 secs] [Times: user=0.02 sys=0.01, real=0.02 secs] 
Heap after GC invocations=155 (full 23):
 par new generation   total 9216K, used 931K [0x00000000e3400000, 0x00000000e3e00000, 0x00000000ecca0000)
  eden space 8192K,   0% used [0x00000000e3400000, 0x00000000e3400000, 0x00000000e3c00000)
  from space 1024K,  91% used [0x00000000e3d00000, 0x00000000e3de8f80, 0x00000000e3e00000)
  to   space 1024K,   0% used [0x00000000e3c00000, 0x00000000e3c00000, 0x00000000e3d00000)
 concurrent mark-sweep generation total 32064K, used 19347K [0x00000000ecca0000, 0x00000000eebf0000, 0x0000000100000000)
 Metaspace       used 26662K, capacity 27556K, committed 27648K, reserved 1073152K
  class space    used 3305K, capacity 3552K, committed 3584K, reserved 1048576K
}
2020-11-07T19:58:06.143+0800: 12.819: [CMS-concurrent-mark: 0.104/0.135 secs] [Times: user=0.12 sys=0.01, real=0.13 secs] 
2020-11-07T19:58:06.143+0800: 12.819: [CMS-concurrent-preclean-start]
2020-11-07T19:58:06.144+0800: 12.821: [CMS-concurrent-preclean: 0.002/0.002 secs] [Times: user=0.01 sys=0.00, real=0.00 secs] 
2020-11-07T19:58:06.153+0800: 12.830: Application time: 0.0227280 seconds
2020-11-07T19:58:06.164+0800: 12.841: [GC (CMS Final Remark) [YG occupancy: 2759 K (9216 K)]2020-11-07T19:58:06.164+0800: 12.841: [Rescan (parallel) , 0.0035741 secs]2020-11-07T19:58:06.168+0800: 12.844: [weak refs processing, 0.0000504 secs]2020-11-07T19:58:06.168+0800: 12.845: [class unloading, 0.0074295 secs]2020-11-07T19:58:06.175+0800: 12.852: [scrub symbol table, 0.0060203 secs]2020-11-07T19:58:06.181+0800: 12.858: [scrub string table, 0.0005344 secs][1 CMS-remark: 19347K(32064K)] 22107K(41280K), 0.0177807 secs] [Times: user=0.02 sys=0.00, real=0.02 secs] 
2020-11-07T19:58:06.188+0800: 12.865: [CMS-concurrent-sweep-start]
2020-11-07T19:58:06.199+0800: 12.876: Application time: 0.0174485 seconds
2020-11-07T19:58:06.205+0800: 12.882: [CMS-concurrent-sweep: 0.017/0.017 secs] [Times: user=0.01 sys=0.00, real=0.02 secs] 
2020-11-07T19:58:06.205+0800: 12.882: [CMS-concurrent-reset-start]
2020-11-07T19:58:06.207+0800: 12.883: [CMS-concurrent-reset: 0.001/0.001 secs] [Times: user=0.00 sys=0.00, real=0.00 secs] 
2020-11-07T19:58:06.325+0800: 13.001: Application time: 0.1250563 seconds
{Heap before GC invocations=155 (full 23):
 par new generation   total 9216K, used 9123K [0x00000000e3400000, 0x00000000e3e00000, 0x00000000ecca0000)
  eden space 8192K, 100% used [0x00000000e3400000, 0x00000000e3c00000, 0x00000000e3c00000)
  from space 1024K,  91% used [0x00000000e3d00000, 0x00000000e3de8f80, 0x00000000e3e00000)
  to   space 1024K,   0% used [0x00000000e3c00000, 0x00000000e3c00000, 0x00000000e3d00000)
 concurrent mark-sweep generation total 32256K, used 19264K [0x00000000ecca0000, 0x00000000eec20000, 0x0000000100000000)
 Metaspace       used 26960K, capacity 27918K, committed 28288K, reserved 1073152K
  class space    used 3338K, capacity 3585K, committed 3712K, reserved 1048576K
2020-11-07T19:58:06.325+0800: 13.002: [GC (Allocation Failure) 2020-11-07T19:58:06.325+0800: 13.002: [ParNew: 9123K->1023K(9216K), 0.0221885 secs] 28388K->20821K(41472K), 0.0222700 secs] [Times: user=0.02 sys=0.00, real=0.02 secs] 
Heap after GC invocations=156 (full 23):
 par new generation   total 9216K, used 1023K [0x00000000e3400000, 0x00000000e3e00000, 0x00000000ecca0000)
  eden space 8192K,   0% used [0x00000000e3400000, 0x00000000e3400000, 0x00000000e3c00000)
  from space 1024K,  99% used [0x00000000e3c00000, 0x00000000e3cffff8, 0x00000000e3d00000)
  to   space 1024K,   0% used [0x00000000e3d00000, 0x00000000e3d00000, 0x00000000e3e00000)
 concurrent mark-sweep generation total 32256K, used 19797K [0x00000000ecca0000, 0x00000000eec20000, 0x0000000100000000)
 Metaspace       used 26960K, capacity 27918K, committed 28288K, reserved 1073152K
  class space    used 3338K, capacity 3585K, committed 3712K, reserved 1048576K
}
2020-11-07T19:58:06.348+0800: 13.025: Application time: 0.0009654 seconds
2020-11-07T19:58:06.348+0800: 13.025: [GC (CMS Initial Mark) [1 CMS-initial-mark: 19797K(32256K)] 20984K(41472K), 0.0025353 secs] [Times: user=0.00 sys=0.00, real=0.00 secs] 
2020-11-07T19:58:06.351+0800: 13.028: [CMS-concurrent-mark-start]
2020-11-07T19:58:06.554+0800: 13.231: [CMS-concurrent-mark: 0.204/0.204 secs] [Times: user=0.10 sys=0.00, real=0.21 secs] 
2020-11-07T19:58:06.555+0800: 13.231: [CMS-concurrent-preclean-start]
2020-11-07T19:58:06.567+0800: 13.243: [CMS-concurrent-preclean: 0.012/0.012 secs] [Times: user=0.01 sys=0.00, real=0.01 secs] 
2020-11-07T19:58:06.567+0800: 13.243: [CMS-concurrent-abortable-preclean-start]
2020-11-07T19:58:06.630+0800: 13.307: Application time: 0.2794561 seconds
{Heap before GC invocations=156 (full 24):
 par new generation   total 9216K, used 9215K [0x00000000e3400000, 0x00000000e3e00000, 0x00000000ecca0000)
  eden space 8192K, 100% used [0x00000000e3400000, 0x00000000e3c00000, 0x00000000e3c00000)
  from space 1024K,  99% used [0x00000000e3c00000, 0x00000000e3cffff8, 0x00000000e3d00000)
  to   space 1024K,   0% used [0x00000000e3d00000, 0x00000000e3d00000, 0x00000000e3e00000)
 concurrent mark-sweep generation total 32256K, used 19797K [0x00000000ecca0000, 0x00000000eec20000, 0x0000000100000000)
 Metaspace       used 27046K, capacity 27970K, committed 28288K, reserved 1073152K
  class space    used 3345K, capacity 3593K, committed 3712K, reserved 1048576K
2020-11-07T19:58:06.630+0800: 13.307: [GC (Allocation Failure) 2020-11-07T19:58:06.630+0800: 13.307: [ParNew: 9215K->735K(9216K), 0.0192410 secs] 29013K->21152K(41472K), 0.0193613 secs] [Times: user=0.02 sys=0.00, real=0.02 secs] 
Heap after GC invocations=157 (full 24):
 par new generation   total 9216K, used 735K [0x00000000e3400000, 0x00000000e3e00000, 0x00000000ecca0000)
  eden space 8192K,   0% used [0x00000000e3400000, 0x00000000e3400000, 0x00000000e3c00000)
  from space 1024K,  71% used [0x00000000e3d00000, 0x00000000e3db7c90, 0x00000000e3e00000)
  to   space 1024K,   0% used [0x00000000e3c00000, 0x00000000e3c00000, 0x00000000e3d00000)
 concurrent mark-sweep generation total 32256K, used 20417K [0x00000000ecca0000, 0x00000000eec20000, 0x0000000100000000)
 Metaspace       used 27046K, capacity 27970K, committed 28288K, reserved 1073152K
  class space    used 3345K, capacity 3593K, committed 3712K, reserved 1048576K
}
2020-11-07T19:58:06.751+0800: 13.428: Application time: 0.1013912 seconds
{Heap before GC invocations=157 (full 24):
 par new generation   total 9216K, used 8927K [0x00000000e3400000, 0x00000000e3e00000, 0x00000000ecca0000)
  eden space 8192K, 100% used [0x00000000e3400000, 0x00000000e3c00000, 0x00000000e3c00000)
  from space 1024K,  71% used [0x00000000e3d00000, 0x00000000e3db7c90, 0x00000000e3e00000)
  to   space 1024K,   0% used [0x00000000e3c00000, 0x00000000e3c00000, 0x00000000e3d00000)
 concurrent mark-sweep generation total 32256K, used 20417K [0x00000000ecca0000, 0x00000000eec20000, 0x0000000100000000)
 Metaspace       used 27086K, capacity 28046K, committed 28288K, reserved 1073152K
  class space    used 3347K, capacity 3595K, committed 3712K, reserved 1048576K
2020-11-07T19:58:06.751+0800: 13.428: [GC (Allocation Failure) 2020-11-07T19:58:06.751+0800: 13.428: [ParNew: 8927K->814K(9216K), 0.0131606 secs] 29344K->21232K(41472K), 0.0132157 secs] [Times: user=0.02 sys=0.00, real=0.02 secs] 
Heap after GC invocations=158 (full 24):
 par new generation   total 9216K, used 814K [0x00000000e3400000, 0x00000000e3e00000, 0x00000000ecca0000)
  eden space 8192K,   0% used [0x00000000e3400000, 0x00000000e3400000, 0x00000000e3c00000)
  from space 1024K,  79% used [0x00000000e3c00000, 0x00000000e3ccbb48, 0x00000000e3d00000)
  to   space 1024K,   0% used [0x00000000e3d00000, 0x00000000e3d00000, 0x00000000e3e00000)
 concurrent mark-sweep generation total 32256K, used 20417K [0x00000000ecca0000, 0x00000000eec20000, 0x0000000100000000)
 Metaspace       used 27086K, capacity 28046K, committed 28288K, reserved 1073152K
  class space    used 3347K, capacity 3595K, committed 3712K, reserved 1048576K
}
2020-11-07T19:58:06.844+0800: 13.521: Application time: 0.0796879 seconds
{Heap before GC invocations=158 (full 24):
 par new generation   total 9216K, used 9006K [0x00000000e3400000, 0x00000000e3e00000, 0x00000000ecca0000)
  eden space 8192K, 100% used [0x00000000e3400000, 0x00000000e3c00000, 0x00000000e3c00000)
  from space 1024K,  79% used [0x00000000e3c00000, 0x00000000e3ccbb48, 0x00000000e3d00000)
  to   space 1024K,   0% used [0x00000000e3d00000, 0x00000000e3d00000, 0x00000000e3e00000)
 concurrent mark-sweep generation total 32256K, used 20417K [0x00000000ecca0000, 0x00000000eec20000, 0x0000000100000000)
 Metaspace       used 27200K, capacity 28174K, committed 28544K, reserved 1075200K
  class space    used 3356K, capacity 3595K, committed 3712K, reserved 1048576K
2020-11-07T19:58:06.845+0800: 13.521: [GC (Allocation Failure) 2020-11-07T19:58:06.845+0800: 13.521: [ParNew: 9006K->760K(9216K), 0.0137930 secs] 29424K->21490K(41472K), 0.0138493 secs] [Times: user=0.01 sys=0.00, real=0.01 secs] 
Heap after GC invocations=159 (full 24):
 par new generation   total 9216K, used 760K [0x00000000e3400000, 0x00000000e3e00000, 0x00000000ecca0000)
  eden space 8192K,   0% used [0x00000000e3400000, 0x00000000e3400000, 0x00000000e3c00000)
  from space 1024K,  74% used [0x00000000e3d00000, 0x00000000e3dbe2d0, 0x00000000e3e00000)
  to   space 1024K,   0% used [0x00000000e3c00000, 0x00000000e3c00000, 0x00000000e3d00000)
 concurrent mark-sweep generation total 32256K, used 20729K [0x00000000ecca0000, 0x00000000eec20000, 0x0000000100000000)
 Metaspace       used 27200K, capacity 28174K, committed 28544K, reserved 1075200K
  class space    used 3356K, capacity 3595K, committed 3712K, reserved 1048576K
}
2020-11-07T19:58:06.864+0800: 13.540: Application time: 0.0051422 seconds
2020-11-07T19:58:06.944+0800: 13.621: Application time: 0.0805352 seconds
{Heap before GC invocations=159 (full 24):
 par new generation   total 9216K, used 8952K [0x00000000e3400000, 0x00000000e3e00000, 0x00000000ecca0000)
  eden space 8192K, 100% used [0x00000000e3400000, 0x00000000e3c00000, 0x00000000e3c00000)
  from space 1024K,  74% used [0x00000000e3d00000, 0x00000000e3dbe2d0, 0x00000000e3e00000)
  to   space 1024K,   0% used [0x00000000e3c00000, 0x00000000e3c00000, 0x00000000e3d00000)
 concurrent mark-sweep generation total 32256K, used 20729K [0x00000000ecca0000, 0x00000000eec20000, 0x0000000100000000)
 Metaspace       used 27225K, capacity 28206K, committed 28544K, reserved 1075200K
  class space    used 3358K, capacity 3627K, committed 3712K, reserved 1048576K
2020-11-07T19:58:06.944+0800: 13.621: [GC (Allocation Failure) 2020-11-07T19:58:06.944+0800: 13.621: [ParNew: 8952K->605K(9216K), 0.0128725 secs] 29682K->21489K(41472K), 0.0129313 secs] [Times: user=0.02 sys=0.00, real=0.02 secs] 
Heap after GC invocations=160 (full 24):
 par new generation   total 9216K, used 605K [0x00000000e3400000, 0x00000000e3e00000, 0x00000000ecca0000)
  eden space 8192K,   0% used [0x00000000e3400000, 0x00000000e3400000, 0x00000000e3c00000)
  from space 1024K,  59% used [0x00000000e3c00000, 0x00000000e3c977f0, 0x00000000e3d00000)
  to   space 1024K,   0% used [0x00000000e3d00000, 0x00000000e3d00000, 0x00000000e3e00000)
 concurrent mark-sweep generation total 32256K, used 20883K [0x00000000ecca0000, 0x00000000eec20000, 0x0000000100000000)
 Metaspace       used 27225K, capacity 28206K, committed 28544K, reserved 1075200K
  class space    used 3358K, capacity 3627K, committed 3712K, reserved 1048576K
}
2020-11-07T19:58:07.043+0800: 13.719: Application time: 0.0853287 seconds
{Heap before GC invocations=160 (full 24):
 par new generation   total 9216K, used 8797K [0x00000000e3400000, 0x00000000e3e00000, 0x00000000ecca0000)
  eden space 8192K, 100% used [0x00000000e3400000, 0x00000000e3c00000, 0x00000000e3c00000)
  from space 1024K,  59% used [0x00000000e3c00000, 0x00000000e3c977f0, 0x00000000e3d00000)
  to   space 1024K,   0% used [0x00000000e3d00000, 0x00000000e3d00000, 0x00000000e3e00000)
 concurrent mark-sweep generation total 32256K, used 20883K [0x00000000ecca0000, 0x00000000eec20000, 0x0000000100000000)
 Metaspace       used 27268K, capacity 28234K, committed 28544K, reserved 1075200K
  class space    used 3367K, capacity 3635K, committed 3712K, reserved 1048576K
2020-11-07T19:58:07.059+0800: 13.736: [GC (Allocation Failure) 2020-11-07T19:58:07.059+0800: 13.736: [ParNew: 8797K->925K(9216K), 0.0158189 secs] 29681K->21906K(41472K), 0.0158834 secs] [Times: user=0.02 sys=0.01, real=0.02 secs] 
Heap after GC invocations=161 (full 24):
 par new generation   total 9216K, used 925K [0x00000000e3400000, 0x00000000e3e00000, 0x00000000ecca0000)
  eden space 8192K,   0% used [0x00000000e3400000, 0x00000000e3400000, 0x00000000e3c00000)
  from space 1024K,  90% used [0x00000000e3d00000, 0x00000000e3de7638, 0x00000000e3e00000)
  to   space 1024K,   0% used [0x00000000e3c00000, 0x00000000e3c00000, 0x00000000e3d00000)
 concurrent mark-sweep generation total 32256K, used 20980K [0x00000000ecca0000, 0x00000000eec20000, 0x0000000100000000)
 Metaspace       used 27268K, capacity 28234K, committed 28544K, reserved 1075200K
  class space    used 3367K, capacity 3635K, committed 3712K, reserved 1048576K
}
2020-11-07T19:58:07.086+0800: 13.763: Application time: 0.0110171 seconds
2020-11-07T19:58:07.088+0800: 13.765: Application time: 0.0021012 seconds
2020-11-07T19:58:07.093+0800: 13.769: Application time: 0.0043565 seconds
2020-11-07T19:58:07.093+0800: 13.770: [CMS-concurrent-abortable-preclean: 0.148/0.526 secs] [Times: user=0.48 sys=0.01, real=0.52 secs] 
2020-11-07T19:58:07.093+0800: 13.770: Application time: 0.0004736 seconds
{Heap before GC invocations=161 (full 24):
 par new generation   total 9216K, used 9117K [0x00000000e3400000, 0x00000000e3e00000, 0x00000000ecca0000)
  eden space 8192K, 100% used [0x00000000e3400000, 0x00000000e3c00000, 0x00000000e3c00000)
  from space 1024K,  90% used [0x00000000e3d00000, 0x00000000e3de7638, 0x00000000e3e00000)
  to   space 1024K,   0% used [0x00000000e3c00000, 0x00000000e3c00000, 0x00000000e3d00000)
 concurrent mark-sweep generation total 32256K, used 20980K [0x00000000ecca0000, 0x00000000eec20000, 0x0000000100000000)
 Metaspace       used 27285K, capacity 28234K, committed 28544K, reserved 1075200K
  class space    used 3371K, capacity 3635K, committed 3712K, reserved 1048576K
2020-11-07T19:58:07.093+0800: 13.770: [GC (Allocation Failure) 2020-11-07T19:58:07.093+0800: 13.770: [ParNew: 9117K->330K(9216K), 0.0228188 secs] 30098K->22047K(41472K), 0.0228906 secs] [Times: user=0.02 sys=0.00, real=0.03 secs] 
Heap after GC invocations=162 (full 24):
 par new generation   total 9216K, used 330K [0x00000000e3400000, 0x00000000e3e00000, 0x00000000ecca0000)
  eden space 8192K,   0% used [0x00000000e3400000, 0x00000000e3400000, 0x00000000e3c00000)
  from space 1024K,  32% used [0x00000000e3c00000, 0x00000000e3c52b40, 0x00000000e3d00000)
  to   space 1024K,   0% used [0x00000000e3d00000, 0x00000000e3d00000, 0x00000000e3e00000)
 concurrent mark-sweep generation total 32256K, used 21717K [0x00000000ecca0000, 0x00000000eec20000, 0x0000000100000000)
 Metaspace       used 27285K, capacity 28234K, committed 28544K, reserved 1075200K
  class space    used 3371K, capacity 3635K, committed 3712K, reserved 1048576K
}
2020-11-07T19:58:07.117+0800: 13.794: Application time: 0.0008491 seconds
2020-11-07T19:58:07.117+0800: 13.794: [GC (CMS Final Remark) [YG occupancy: 830 K (9216 K)]2020-11-07T19:58:07.117+0800: 13.794: [Rescan (parallel) , 0.0167856 secs]2020-11-07T19:58:07.134+0800: 13.811: [weak refs processing, 0.0034092 secs]2020-11-07T19:58:07.137+0800: 13.814: [class unloading, 0.0063772 secs]2020-11-07T19:58:07.144+0800: 13.821: [scrub symbol table, 0.0071616 secs]2020-11-07T19:58:07.151+0800: 13.828: [scrub string table, 0.0006451 secs][1 CMS-remark: 21717K(32256K)] 22547K(41472K), 0.0346213 secs] [Times: user=0.03 sys=0.00, real=0.03 secs] 
2020-11-07T19:58:07.158+0800: 13.834: [CMS-concurrent-sweep-start]
2020-11-07T19:58:07.178+0800: 13.855: Application time: 0.0261474 seconds
2020-11-07T19:58:07.185+0800: 13.862: Application time: 0.0014645 seconds
2020-11-07T19:58:07.185+0800: 13.862: Application time: 0.0000294 seconds
2020-11-07T19:58:07.186+0800: 13.863: Application time: 0.0005675 seconds
2020-11-07T19:58:07.186+0800: 13.863: Application time: 0.0001734 seconds
{Heap before GC invocations=162 (full 24):
 par new generation   total 9216K, used 8522K [0x00000000e3400000, 0x00000000e3e00000, 0x00000000ecca0000)
  eden space 8192K, 100% used [0x00000000e3400000, 0x00000000e3c00000, 0x00000000e3c00000)
  from space 1024K,  32% used [0x00000000e3c00000, 0x00000000e3c52b40, 0x00000000e3d00000)
  to   space 1024K,   0% used [0x00000000e3d00000, 0x00000000e3d00000, 0x00000000e3e00000)
 concurrent mark-sweep generation total 32256K, used 21710K [0x00000000ecca0000, 0x00000000eec20000, 0x0000000100000000)
 Metaspace       used 27289K, capacity 28234K, committed 28544K, reserved 1075200K
  class space    used 3371K, capacity 3635K, committed 3712K, reserved 1048576K
2020-11-07T19:58:07.186+0800: 13.863: [GC (Allocation Failure) 2020-11-07T19:58:07.186+0800: 13.863: [ParNew: 8522K->39K(9216K), 0.0028681 secs] 30233K->21750K(41472K), 0.0029240 secs] [Times: user=0.00 sys=0.00, real=0.00 secs] 
Heap after GC invocations=163 (full 24):
 par new generation   total 9216K, used 39K [0x00000000e3400000, 0x00000000e3e00000, 0x00000000ecca0000)
  eden space 8192K,   0% used [0x00000000e3400000, 0x00000000e3400000, 0x00000000e3c00000)
  from space 1024K,   3% used [0x00000000e3d00000, 0x00000000e3d09ff0, 0x00000000e3e00000)
  to   space 1024K,   0% used [0x00000000e3c00000, 0x00000000e3c00000, 0x00000000e3d00000)
 concurrent mark-sweep generation total 32256K, used 21710K [0x00000000ecca0000, 0x00000000eec20000, 0x0000000100000000)
 Metaspace       used 27289K, capacity 28234K, committed 28544K, reserved 1075200K
  class space    used 3371K, capacity 3635K, committed 3712K, reserved 1048576K
}
2020-11-07T19:58:07.199+0800: 13.876: [CMS-concurrent-sweep: 0.025/0.041 secs] [Times: user=0.04 sys=0.00, real=0.04 secs] 
2020-11-07T19:58:07.199+0800: 13.876: [CMS-concurrent-reset-start]
2020-11-07T19:58:07.205+0800: 13.882: Application time: 0.0161084 seconds
{Heap before GC invocations=163 (full 24):
 par new generation   total 9216K, used 8231K [0x00000000e3400000, 0x00000000e3e00000, 0x00000000ecca0000)
  eden space 8192K, 100% used [0x00000000e3400000, 0x00000000e3c00000, 0x00000000e3c00000)
  from space 1024K,   3% used [0x00000000e3d00000, 0x00000000e3d09ff0, 0x00000000e3e00000)
  to   space 1024K,   0% used [0x00000000e3c00000, 0x00000000e3c00000, 0x00000000e3d00000)
 concurrent mark-sweep generation total 35752K, used 21450K [0x00000000ecca0000, 0x00000000eef8a000, 0x0000000100000000)
 Metaspace       used 27334K, capacity 28298K, committed 28544K, reserved 1075200K
  class space    used 3374K, capacity 3635K, committed 3712K, reserved 1048576K
2020-11-07T19:58:07.205+0800: 13.882: [GC (Allocation Failure) 2020-11-07T19:58:07.205+0800: 13.882: [ParNew: 8231K->99K(9216K), 0.0055988 secs] 29682K->21550K(44968K), 0.0056695 secs] [Times: user=0.00 sys=0.00, real=0.00 secs] 
Heap after GC invocations=164 (full 24):
 par new generation   total 9216K, used 99K [0x00000000e3400000, 0x00000000e3e00000, 0x00000000ecca0000)
  eden space 8192K,   0% used [0x00000000e3400000, 0x00000000e3400000, 0x00000000e3c00000)
  from space 1024K,   9% used [0x00000000e3c00000, 0x00000000e3c18f80, 0x00000000e3d00000)
  to   space 1024K,   0% used [0x00000000e3d00000, 0x00000000e3d00000, 0x00000000e3e00000)
 concurrent mark-sweep generation total 35752K, used 21450K [0x00000000ecca0000, 0x00000000eef8a000, 0x0000000100000000)
 Metaspace       used 27334K, capacity 28298K, committed 28544K, reserved 1075200K
  class space    used 3374K, capacity 3635K, committed 3712K, reserved 1048576K
}
2020-11-07T19:58:07.217+0800: 13.894: [CMS-concurrent-reset: 0.007/0.018 secs] [Times: user=0.02 sys=0.00, real=0.02 secs] 
2020-11-07T19:58:07.221+0800: 13.898: Application time: 0.0098085 seconds
{Heap before GC invocations=164 (full 24):
 par new generation   total 9216K, used 8291K [0x00000000e3400000, 0x00000000e3e00000, 0x00000000ecca0000)
  eden space 8192K, 100% used [0x00000000e3400000, 0x00000000e3c00000, 0x00000000e3c00000)
  from space 1024K,   9% used [0x00000000e3c00000, 0x00000000e3c18f80, 0x00000000e3d00000)
  to   space 1024K,   0% used [0x00000000e3d00000, 0x00000000e3d00000, 0x00000000e3e00000)
 concurrent mark-sweep generation total 35752K, used 21450K [0x00000000ecca0000, 0x00000000eef8a000, 0x0000000100000000)
 Metaspace       used 27348K, capacity 28298K, committed 28544K, reserved 1075200K
  class space    used 3377K, capacity 3635K, committed 3712K, reserved 1048576K
2020-11-07T19:58:07.222+0800: 13.898: [GC (Allocation Failure) 2020-11-07T19:58:07.222+0800: 13.898: [ParNew: 8291K->97K(9216K), 0.0080665 secs] 29742K->21548K(44968K), 0.0081388 secs] [Times: user=0.01 sys=0.00, real=0.01 secs] 
Heap after GC invocations=165 (full 24):
 par new generation   total 9216K, used 97K [0x00000000e3400000, 0x00000000e3e00000, 0x00000000ecca0000)
  eden space 8192K,   0% used [0x00000000e3400000, 0x00000000e3400000, 0x00000000e3c00000)
  from space 1024K,   9% used [0x00000000e3d00000, 0x00000000e3d186c8, 0x00000000e3e00000)
  to   space 1024K,   0% used [0x00000000e3c00000, 0x00000000e3c00000, 0x00000000e3d00000)
 concurrent mark-sweep generation total 35752K, used 21450K [0x00000000ecca0000, 0x00000000eef8a000, 0x0000000100000000)
 Metaspace       used 27348K, capacity 28298K, committed 28544K, reserved 1075200K
  class space    used 3377K, capacity 3635K, committed 3712K, reserved 1048576K
}
2020-11-07T19:58:07.242+0800: 13.919: Application time: 0.0120090 seconds
{Heap before GC invocations=165 (full 24):
 par new generation   total 9216K, used 8289K [0x00000000e3400000, 0x00000000e3e00000, 0x00000000ecca0000)
  eden space 8192K, 100% used [0x00000000e3400000, 0x00000000e3c00000, 0x00000000e3c00000)
  from space 1024K,   9% used [0x00000000e3d00000, 0x00000000e3d186c8, 0x00000000e3e00000)
  to   space 1024K,   0% used [0x00000000e3c00000, 0x00000000e3c00000, 0x00000000e3d00000)
 concurrent mark-sweep generation total 35752K, used 21450K [0x00000000ecca0000, 0x00000000eef8a000, 0x0000000100000000)
 Metaspace       used 27402K, capacity 28426K, committed 28800K, reserved 1075200K
  class space    used 3382K, capacity 3635K, committed 3712K, reserved 1048576K
2020-11-07T19:58:07.245+0800: 13.922: [GC (Allocation Failure) 2020-11-07T19:58:07.245+0800: 13.922: [ParNew: 8289K->86K(9216K), 0.0025092 secs] 29740K->21536K(44968K), 0.0025560 secs] [Times: user=0.00 sys=0.00, real=0.00 secs] 
Heap after GC invocations=166 (full 24):
 par new generation   total 9216K, used 86K [0x00000000e3400000, 0x00000000e3e00000, 0x00000000ecca0000)
  eden space 8192K,   0% used [0x00000000e3400000, 0x00000000e3400000, 0x00000000e3c00000)
  from space 1024K,   8% used [0x00000000e3c00000, 0x00000000e3c15910, 0x00000000e3d00000)
  to   space 1024K,   0% used [0x00000000e3d00000, 0x00000000e3d00000, 0x00000000e3e00000)
 concurrent mark-sweep generation total 35752K, used 21450K [0x00000000ecca0000, 0x00000000eef8a000, 0x0000000100000000)
 Metaspace       used 27402K, capacity 28426K, committed 28800K, reserved 1075200K
  class space    used 3382K, capacity 3635K, committed 3712K, reserved 1048576K
}
2020-11-07T19:58:07.257+0800: 13.934: Application time: 0.0095598 seconds
{Heap before GC invocations=166 (full 24):
 par new generation   total 9216K, used 8278K [0x00000000e3400000, 0x00000000e3e00000, 0x00000000ecca0000)
  eden space 8192K, 100% used [0x00000000e3400000, 0x00000000e3c00000, 0x00000000e3c00000)
  from space 1024K,   8% used [0x00000000e3c00000, 0x00000000e3c15910, 0x00000000e3d00000)
  to   space 1024K,   0% used [0x00000000e3d00000, 0x00000000e3d00000, 0x00000000e3e00000)
 concurrent mark-sweep generation total 35752K, used 21450K [0x00000000ecca0000, 0x00000000eef8a000, 0x0000000100000000)
 Metaspace       used 27404K, capacity 28426K, committed 28800K, reserved 1075200K
  class space    used 3382K, capacity 3635K, committed 3712K, reserved 1048576K
2020-11-07T19:58:07.267+0800: 13.944: [GC (Allocation Failure) 2020-11-07T19:58:07.267+0800: 13.944: [ParNew: 8278K->41K(9216K), 0.0025968 secs] 29728K->21491K(44968K), 0.0026587 secs] [Times: user=0.00 sys=0.00, real=0.00 secs] 
Heap after GC invocations=167 (full 24):
 par new generation   total 9216K, used 41K [0x00000000e3400000, 0x00000000e3e00000, 0x00000000ecca0000)
  eden space 8192K,   0% used [0x00000000e3400000, 0x00000000e3400000, 0x00000000e3c00000)
  from space 1024K,   4% used [0x00000000e3d00000, 0x00000000e3d0a420, 0x00000000e3e00000)
  to   space 1024K,   0% used [0x00000000e3c00000, 0x00000000e3c00000, 0x00000000e3d00000)
 concurrent mark-sweep generation total 35752K, used 21450K [0x00000000ecca0000, 0x00000000eef8a000, 0x0000000100000000)
 Metaspace       used 27404K, capacity 28426K, committed 28800K, reserved 1075200K
  class space    used 3382K, capacity 3635K, committed 3712K, reserved 1048576K
}
2020-11-07T19:58:07.278+0800: 13.955: Application time: 0.0085581 seconds
{Heap before GC invocations=167 (full 24):
 par new generation   total 9216K, used 8233K [0x00000000e3400000, 0x00000000e3e00000, 0x00000000ecca0000)
  eden space 8192K, 100% used [0x00000000e3400000, 0x00000000e3c00000, 0x00000000e3c00000)
  from space 1024K,   4% used [0x00000000e3d00000, 0x00000000e3d0a420, 0x00000000e3e00000)
  to   space 1024K,   0% used [0x00000000e3c00000, 0x00000000e3c00000, 0x00000000e3d00000)
 concurrent mark-sweep generation total 35752K, used 21450K [0x00000000ecca0000, 0x00000000eef8a000, 0x0000000100000000)
 Metaspace       used 27404K, capacity 28426K, committed 28800K, reserved 1075200K
  class space    used 3382K, capacity 3635K, committed 3712K, reserved 1048576K
2020-11-07T19:58:07.279+0800: 13.956: [GC (Allocation Failure) 2020-11-07T19:58:07.279+0800: 13.956: [ParNew: 8233K->44K(9216K), 0.0084863 secs] 29683K->21495K(44968K), 0.0085479 secs] [Times: user=0.00 sys=0.00, real=0.01 secs] 
Heap after GC invocations=168 (full 24):
 par new generation   total 9216K, used 44K [0x00000000e3400000, 0x00000000e3e00000, 0x00000000ecca0000)
  eden space 8192K,   0% used [0x00000000e3400000, 0x00000000e3400000, 0x00000000e3c00000)
  from space 1024K,   4% used [0x00000000e3c00000, 0x00000000e3c0b1d0, 0x00000000e3d00000)
  to   space 1024K,   0% used [0x00000000e3d00000, 0x00000000e3d00000, 0x00000000e3e00000)
 concurrent mark-sweep generation total 35752K, used 21450K [0x00000000ecca0000, 0x00000000eef8a000, 0x0000000100000000)
 Metaspace       used 27404K, capacity 28426K, committed 28800K, reserved 1075200K
  class space    used 3382K, capacity 3635K, committed 3712K, reserved 1048576K
}
2020-11-07T19:58:07.300+0800: 13.977: Application time: 0.0123344 seconds
{Heap before GC invocations=168 (full 24):
 par new generation   total 9216K, used 8236K [0x00000000e3400000, 0x00000000e3e00000, 0x00000000ecca0000)
  eden space 8192K, 100% used [0x00000000e3400000, 0x00000000e3c00000, 0x00000000e3c00000)
  from space 1024K,   4% used [0x00000000e3c00000, 0x00000000e3c0b1d0, 0x00000000e3d00000)
  to   space 1024K,   0% used [0x00000000e3d00000, 0x00000000e3d00000, 0x00000000e3e00000)
 concurrent mark-sweep generation total 35752K, used 21450K [0x00000000ecca0000, 0x00000000eef8a000, 0x0000000100000000)
 Metaspace       used 27454K, capacity 28490K, committed 28800K, reserved 1075200K
  class space    used 3384K, capacity 3635K, committed 3712K, reserved 1048576K
2020-11-07T19:58:07.300+0800: 13.977: [GC (Allocation Failure) 2020-11-07T19:58:07.300+0800: 13.977: [ParNew: 8236K->155K(9216K), 0.0113599 secs] 29687K->21606K(44968K), 0.0114102 secs] [Times: user=0.01 sys=0.00, real=0.01 secs] 
Heap after GC invocations=169 (full 24):
 par new generation   total 9216K, used 155K [0x00000000e3400000, 0x00000000e3e00000, 0x00000000ecca0000)
  eden space 8192K,   0% used [0x00000000e3400000, 0x00000000e3400000, 0x00000000e3c00000)
  from space 1024K,  15% used [0x00000000e3d00000, 0x00000000e3d26df8, 0x00000000e3e00000)
  to   space 1024K,   0% used [0x00000000e3c00000, 0x00000000e3c00000, 0x00000000e3d00000)
 concurrent mark-sweep generation total 35752K, used 21450K [0x00000000ecca0000, 0x00000000eef8a000, 0x0000000100000000)
 Metaspace       used 27454K, capacity 28490K, committed 28800K, reserved 1075200K
  class space    used 3384K, capacity 3635K, committed 3712K, reserved 1048576K
}
2020-11-07T19:58:07.316+0800: 13.993: Application time: 0.0046017 seconds
2020-11-07T19:58:07.321+0800: 13.997: Application time: 0.0041866 seconds
2020-11-07T19:58:07.321+0800: 13.997: Application time: 0.0000369 seconds
2020-11-07T19:58:07.321+0800: 13.998: Application time: 0.0005194 seconds
2020-11-07T19:58:07.323+0800: 13.999: Application time: 0.0013522 seconds
2020-11-07T19:58:07.323+0800: 14.000: Application time: 0.0000887 seconds
{Heap before GC invocations=169 (full 24):
 par new generation   total 9216K, used 8347K [0x00000000e3400000, 0x00000000e3e00000, 0x00000000ecca0000)
  eden space 8192K, 100% used [0x00000000e3400000, 0x00000000e3c00000, 0x00000000e3c00000)
  from space 1024K,  15% used [0x00000000e3d00000, 0x00000000e3d26df8, 0x00000000e3e00000)
  to   space 1024K,   0% used [0x00000000e3c00000, 0x00000000e3c00000, 0x00000000e3d00000)
 concurrent mark-sweep generation total 35752K, used 21450K [0x00000000ecca0000, 0x00000000eef8a000, 0x0000000100000000)
 Metaspace       used 27481K, capacity 28490K, committed 28800K, reserved 1075200K
  class space    used 3387K, capacity 3635K, committed 3712K, reserved 1048576K
2020-11-07T19:58:07.323+0800: 14.000: [GC (Allocation Failure) 2020-11-07T19:58:07.323+0800: 14.000: [ParNew: 8347K->89K(9216K), 0.0030846 secs] 29798K->21540K(44968K), 0.0031411 secs] [Times: user=0.00 sys=0.00, real=0.01 secs] 
Heap after GC invocations=170 (full 24):
 par new generation   total 9216K, used 89K [0x00000000e3400000, 0x00000000e3e00000, 0x00000000ecca0000)
  eden space 8192K,   0% used [0x00000000e3400000, 0x00000000e3400000, 0x00000000e3c00000)
  from space 1024K,   8% used [0x00000000e3c00000, 0x00000000e3c16740, 0x00000000e3d00000)
  to   space 1024K,   0% used [0x00000000e3d00000, 0x00000000e3d00000, 0x00000000e3e00000)
 concurrent mark-sweep generation total 35752K, used 21450K [0x00000000ecca0000, 0x00000000eef8a000, 0x0000000100000000)
 Metaspace       used 27481K, capacity 28490K, committed 28800K, reserved 1075200K
  class space    used 3387K, capacity 3635K, committed 3712K, reserved 1048576K
}
2020-11-07T19:58:07.331+0800: 14.008: Application time: 0.0053348 seconds
2020-11-07T19:58:07.332+0800: 14.008: Application time: 0.0000319 seconds
2020-11-07T19:58:07.332+0800: 14.009: Application time: 0.0005645 seconds
2020-11-07T19:58:07.339+0800: 14.016: Application time: 0.0068526 seconds
{Heap before GC invocations=170 (full 24):
 par new generation   total 9216K, used 8281K [0x00000000e3400000, 0x00000000e3e00000, 0x00000000ecca0000)
  eden space 8192K, 100% used [0x00000000e3400000, 0x00000000e3c00000, 0x00000000e3c00000)
  from space 1024K,   8% used [0x00000000e3c00000, 0x00000000e3c16740, 0x00000000e3d00000)
  to   space 1024K,   0% used [0x00000000e3d00000, 0x00000000e3d00000, 0x00000000e3e00000)
 concurrent mark-sweep generation total 35752K, used 21450K [0x00000000ecca0000, 0x00000000eef8a000, 0x0000000100000000)
 Metaspace       used 27532K, capacity 28554K, committed 28800K, reserved 1075200K
  class space    used 3394K, capacity 3635K, committed 3712K, reserved 1048576K
2020-11-07T19:58:07.344+0800: 14.020: [GC (Allocation Failure) 2020-11-07T19:58:07.344+0800: 14.020: [ParNew: 8281K->123K(9216K), 0.0030674 secs] 29732K->21581K(44968K), 0.0031318 secs] [Times: user=0.00 sys=0.00, real=0.01 secs] 
Heap after GC invocations=171 (full 24):
 par new generation   total 9216K, used 123K [0x00000000e3400000, 0x00000000e3e00000, 0x00000000ecca0000)
  eden space 8192K,   0% used [0x00000000e3400000, 0x00000000e3400000, 0x00000000e3c00000)
  from space 1024K,  12% used [0x00000000e3d00000, 0x00000000e3d1ee60, 0x00000000e3e00000)
  to   space 1024K,   0% used [0x00000000e3c00000, 0x00000000e3c00000, 0x00000000e3d00000)
 concurrent mark-sweep generation total 35752K, used 21457K [0x00000000ecca0000, 0x00000000eef8a000, 0x0000000100000000)
 Metaspace       used 27532K, capacity 28554K, committed 28800K, reserved 1075200K
  class space    used 3394K, capacity 3635K, committed 3712K, reserved 1048576K
}
2020-11-07T19:58:07.356+0800: 14.032: Application time: 0.0087090 seconds
2020-11-07T19:58:07.361+0800: 14.038: [GC (CMS Initial Mark) [1 CMS-initial-mark: 21457K(35752K)] 26019K(44968K), 0.0040572 secs] [Times: user=0.01 sys=0.00, real=0.01 secs] 
2020-11-07T19:58:07.369+0800: 14.046: [CMS-concurrent-mark-start]
2020-11-07T19:58:07.372+0800: 14.049: Application time: 0.0071285 seconds
{Heap before GC invocations=171 (full 25):
 par new generation   total 9216K, used 8315K [0x00000000e3400000, 0x00000000e3e00000, 0x00000000ecca0000)
  eden space 8192K, 100% used [0x00000000e3400000, 0x00000000e3c00000, 0x00000000e3c00000)
  from space 1024K,  12% used [0x00000000e3d00000, 0x00000000e3d1ee60, 0x00000000e3e00000)
  to   space 1024K,   0% used [0x00000000e3c00000, 0x00000000e3c00000, 0x00000000e3d00000)
 concurrent mark-sweep generation total 35752K, used 21457K [0x00000000ecca0000, 0x00000000eef8a000, 0x0000000100000000)
 Metaspace       used 27580K, capacity 28586K, committed 28800K, reserved 1075200K
  class space    used 3400K, capacity 3667K, committed 3712K, reserved 1048576K
2020-11-07T19:58:07.372+0800: 14.049: [GC (Allocation Failure) 2020-11-07T19:58:07.372+0800: 14.049: [ParNew: 8315K->117K(9216K), 0.0288780 secs] 29773K->21578K(44968K), 0.0289565 secs] [Times: user=0.02 sys=0.00, real=0.03 secs] 
Heap after GC invocations=172 (full 25):
 par new generation   total 9216K, used 117K [0x00000000e3400000, 0x00000000e3e00000, 0x00000000ecca0000)
  eden space 8192K,   0% used [0x00000000e3400000, 0x00000000e3400000, 0x00000000e3c00000)
  from space 1024K,  11% used [0x00000000e3c00000, 0x00000000e3c1d7a0, 0x00000000e3d00000)
  to   space 1024K,   0% used [0x00000000e3d00000, 0x00000000e3d00000, 0x00000000e3e00000)
 concurrent mark-sweep generation total 35752K, used 21460K [0x00000000ecca0000, 0x00000000eef8a000, 0x0000000100000000)
 Metaspace       used 27580K, capacity 28586K, committed 28800K, reserved 1075200K
  class space    used 3400K, capacity 3667K, committed 3712K, reserved 1048576K
}
2020-11-07T19:58:07.422+0800: 14.098: Application time: 0.0203468 seconds
{Heap before GC invocations=172 (full 25):
 par new generation   total 9216K, used 8309K [0x00000000e3400000, 0x00000000e3e00000, 0x00000000ecca0000)
  eden space 8192K, 100% used [0x00000000e3400000, 0x00000000e3c00000, 0x00000000e3c00000)
  from space 1024K,  11% used [0x00000000e3c00000, 0x00000000e3c1d7a0, 0x00000000e3d00000)
  to   space 1024K,   0% used [0x00000000e3d00000, 0x00000000e3d00000, 0x00000000e3e00000)
 concurrent mark-sweep generation total 35752K, used 21460K [0x00000000ecca0000, 0x00000000eef8a000, 0x0000000100000000)
 Metaspace       used 27613K, capacity 28650K, committed 28800K, reserved 1075200K
  class space    used 3404K, capacity 3667K, committed 3712K, reserved 1048576K
2020-11-07T19:58:07.422+0800: 14.099: [GC (Allocation Failure) 2020-11-07T19:58:07.422+0800: 14.099: [ParNew: 8309K->116K(9216K), 0.0081632 secs] 29770K->21581K(44968K), 0.0082122 secs] [Times: user=0.01 sys=0.00, real=0.01 secs] 
Heap after GC invocations=173 (full 25):
 par new generation   total 9216K, used 116K [0x00000000e3400000, 0x00000000e3e00000, 0x00000000ecca0000)
  eden space 8192K,   0% used [0x00000000e3400000, 0x00000000e3400000, 0x00000000e3c00000)
  from space 1024K,  11% used [0x00000000e3d00000, 0x00000000e3d1d050, 0x00000000e3e00000)
  to   space 1024K,   0% used [0x00000000e3c00000, 0x00000000e3c00000, 0x00000000e3d00000)
 concurrent mark-sweep generation total 35752K, used 21465K [0x00000000ecca0000, 0x00000000eef8a000, 0x0000000100000000)
 Metaspace       used 27613K, capacity 28650K, committed 28800K, reserved 1075200K
  class space    used 3404K, capacity 3667K, committed 3712K, reserved 1048576K
}
2020-11-07T19:58:07.431+0800: 14.108: Application time: 0.0011864 seconds
2020-11-07T19:58:07.436+0800: 14.112: Application time: 0.0042304 seconds
2020-11-07T19:58:07.453+0800: 14.129: Application time: 0.0169319 seconds
{Heap before GC invocations=173 (full 25):
 par new generation   total 9216K, used 8308K [0x00000000e3400000, 0x00000000e3e00000, 0x00000000ecca0000)
  eden space 8192K, 100% used [0x00000000e3400000, 0x00000000e3c00000, 0x00000000e3c00000)
  from space 1024K,  11% used [0x00000000e3d00000, 0x00000000e3d1d050, 0x00000000e3e00000)
  to   space 1024K,   0% used [0x00000000e3c00000, 0x00000000e3c00000, 0x00000000e3d00000)
 concurrent mark-sweep generation total 35752K, used 21465K [0x00000000ecca0000, 0x00000000eef8a000, 0x0000000100000000)
 Metaspace       used 27648K, capacity 28650K, committed 28800K, reserved 1075200K
  class space    used 3407K, capacity 3667K, committed 3712K, reserved 1048576K
2020-11-07T19:58:07.453+0800: 14.129: [GC (Allocation Failure) 2020-11-07T19:58:07.453+0800: 14.129: [ParNew: 8308K->123K(9216K), 0.0219584 secs] 29773K->21593K(44968K), 0.0220118 secs] [Times: user=0.02 sys=0.00, real=0.03 secs] 
Heap after GC invocations=174 (full 25):
 par new generation   total 9216K, used 123K [0x00000000e3400000, 0x00000000e3e00000, 0x00000000ecca0000)
  eden space 8192K,   0% used [0x00000000e3400000, 0x00000000e3400000, 0x00000000e3c00000)
  from space 1024K,  12% used [0x00000000e3c00000, 0x00000000e3c1ecd0, 0x00000000e3d00000)
  to   space 1024K,   0% used [0x00000000e3d00000, 0x00000000e3d00000, 0x00000000e3e00000)
 concurrent mark-sweep generation total 35752K, used 21470K [0x00000000ecca0000, 0x00000000eef8a000, 0x0000000100000000)
 Metaspace       used 27648K, capacity 28650K, committed 28800K, reserved 1075200K
  class space    used 3407K, capacity 3667K, committed 3712K, reserved 1048576K
}
2020-11-07T19:58:07.492+0800: 14.169: Application time: 0.0171887 seconds
{Heap before GC invocations=174 (full 25):
 par new generation   total 9216K, used 8315K [0x00000000e3400000, 0x00000000e3e00000, 0x00000000ecca0000)
  eden space 8192K, 100% used [0x00000000e3400000, 0x00000000e3c00000, 0x00000000e3c00000)
  from space 1024K,  12% used [0x00000000e3c00000, 0x00000000e3c1ecd0, 0x00000000e3d00000)
  to   space 1024K,   0% used [0x00000000e3d00000, 0x00000000e3d00000, 0x00000000e3e00000)
 concurrent mark-sweep generation total 35752K, used 21470K [0x00000000ecca0000, 0x00000000eef8a000, 0x0000000100000000)
 Metaspace       used 27651K, capacity 28650K, committed 28800K, reserved 1075200K
  class space    used 3408K, capacity 3667K, committed 3712K, reserved 1048576K
2020-11-07T19:58:07.492+0800: 14.169: [GC (Allocation Failure) 2020-11-07T19:58:07.492+0800: 14.169: [ParNew: 8315K->71K(9216K), 0.0028281 secs] 29785K->21550K(44968K), 0.0028751 secs] [Times: user=0.01 sys=0.00, real=0.01 secs] 
Heap after GC invocations=175 (full 25):
 par new generation   total 9216K, used 71K [0x00000000e3400000, 0x00000000e3e00000, 0x00000000ecca0000)
  eden space 8192K,   0% used [0x00000000e3400000, 0x00000000e3400000, 0x00000000e3c00000)
  from space 1024K,   6% used [0x00000000e3d00000, 0x00000000e3d11e40, 0x00000000e3e00000)
  to   space 1024K,   0% used [0x00000000e3c00000, 0x00000000e3c00000, 0x00000000e3d00000)
 concurrent mark-sweep generation total 35752K, used 21479K [0x00000000ecca0000, 0x00000000eef8a000, 0x0000000100000000)
 Metaspace       used 27651K, capacity 28650K, committed 28800K, reserved 1075200K
  class space    used 3408K, capacity 3667K, committed 3712K, reserved 1048576K
}
2020-11-07T19:58:07.515+0800: 14.192: Application time: 0.0201015 seconds
{Heap before GC invocations=175 (full 25):
 par new generation   total 9216K, used 8263K [0x00000000e3400000, 0x00000000e3e00000, 0x00000000ecca0000)
  eden space 8192K, 100% used [0x00000000e3400000, 0x00000000e3c00000, 0x00000000e3c00000)
  from space 1024K,   6% used [0x00000000e3d00000, 0x00000000e3d11e40, 0x00000000e3e00000)
  to   space 1024K,   0% used [0x00000000e3c00000, 0x00000000e3c00000, 0x00000000e3d00000)
 concurrent mark-sweep generation total 35752K, used 21479K [0x00000000ecca0000, 0x00000000eef8a000, 0x0000000100000000)
 Metaspace       used 27658K, capacity 28650K, committed 28800K, reserved 1075200K
  class space    used 3409K, capacity 3667K, committed 3712K, reserved 1048576K
2020-11-07T19:58:07.515+0800: 14.192: [GC (Allocation Failure) 2020-11-07T19:58:07.515+0800: 14.192: [ParNew: 8263K->62K(9216K), 0.0178440 secs] 29742K->21545K(44968K), 0.0178970 secs] [Times: user=0.01 sys=0.00, real=0.01 secs] 
Heap after GC invocations=176 (full 25):
 par new generation   total 9216K, used 62K [0x00000000e3400000, 0x00000000e3e00000, 0x00000000ecca0000)
  eden space 8192K,   0% used [0x00000000e3400000, 0x00000000e3400000, 0x00000000e3c00000)
  from space 1024K,   6% used [0x00000000e3c00000, 0x00000000e3c0fac0, 0x00000000e3d00000)
  to   space 1024K,   0% used [0x00000000e3d00000, 0x00000000e3d00000, 0x00000000e3e00000)
 concurrent mark-sweep generation total 35752K, used 21482K [0x00000000ecca0000, 0x00000000eef8a000, 0x0000000100000000)
 Metaspace       used 27658K, capacity 28650K, committed 28800K, reserved 1075200K
  class space    used 3409K, capacity 3667K, committed 3712K, reserved 1048576K
}
2020-11-07T19:58:07.538+0800: 14.215: [CMS-concurrent-mark: 0.078/0.169 secs] [Times: user=0.15 sys=0.00, real=0.17 secs] 
2020-11-07T19:58:07.538+0800: 14.215: [CMS-concurrent-preclean-start]
2020-11-07T19:58:07.539+0800: 14.216: [CMS-concurrent-preclean: 0.002/0.002 secs] [Times: user=0.00 sys=0.00, real=0.00 secs] 
2020-11-07T19:58:07.548+0800: 14.225: Application time: 0.0146900 seconds
2020-11-07T19:58:07.548+0800: 14.225: [GC (CMS Final Remark) [YG occupancy: 5842 K (9216 K)]2020-11-07T19:58:07.548+0800: 14.225: [Rescan (parallel) , 0.0188741 secs]2020-11-07T19:58:07.567+0800: 14.244: [weak refs processing, 0.0012122 secs]2020-11-07T19:58:07.568+0800: 14.245: [class unloading, 0.0099597 secs]2020-11-07T19:58:07.578+0800: 14.255: [scrub symbol table, 0.0081169 secs]2020-11-07T19:58:07.586+0800: 14.263: [scrub string table, 0.0005363 secs][1 CMS-remark: 21482K(35752K)] 27325K(44968K), 0.0388975 secs] [Times: user=0.03 sys=0.00, real=0.04 secs] 
2020-11-07T19:58:07.590+0800: 14.267: [CMS-concurrent-sweep-start]
2020-11-07T19:58:07.596+0800: 14.273: Application time: 0.0090934 seconds
{Heap before GC invocations=176 (full 25):
 par new generation   total 9216K, used 8254K [0x00000000e3400000, 0x00000000e3e00000, 0x00000000ecca0000)
  eden space 8192K, 100% used [0x00000000e3400000, 0x00000000e3c00000, 0x00000000e3c00000)
  from space 1024K,   6% used [0x00000000e3c00000, 0x00000000e3c0fac0, 0x00000000e3d00000)
  to   space 1024K,   0% used [0x00000000e3d00000, 0x00000000e3d00000, 0x00000000e3e00000)
 concurrent mark-sweep generation total 35752K, used 21482K [0x00000000ecca0000, 0x00000000eef8a000, 0x0000000100000000)
 Metaspace       used 27682K, capacity 28714K, committed 29056K, reserved 1075200K
  class space    used 3414K, capacity 3667K, committed 3712K, reserved 1048576K
2020-11-07T19:58:07.596+0800: 14.273: [GC (Allocation Failure) 2020-11-07T19:58:07.596+0800: 14.273: [ParNew: 8254K->120K(9216K), 0.0253348 secs] 29736K->21606K(44968K), 0.0254037 secs] [Times: user=0.02 sys=0.00, real=0.02 secs] 
Heap after GC invocations=177 (full 25):
 par new generation   total 9216K, used 120K [0x00000000e3400000, 0x00000000e3e00000, 0x00000000ecca0000)
  eden space 8192K,   0% used [0x00000000e3400000, 0x00000000e3400000, 0x00000000e3c00000)
  from space 1024K,  11% used [0x00000000e3d00000, 0x00000000e3d1e348, 0x00000000e3e00000)
  to   space 1024K,   0% used [0x00000000e3c00000, 0x00000000e3c00000, 0x00000000e3d00000)
 concurrent mark-sweep generation total 35752K, used 21485K [0x00000000ecca0000, 0x00000000eef8a000, 0x0000000100000000)
 Metaspace       used 27682K, capacity 28714K, committed 29056K, reserved 1075200K
  class space    used 3414K, capacity 3667K, committed 3712K, reserved 1048576K
}
2020-11-07T19:58:07.640+0800: 14.317: [CMS-concurrent-sweep: 0.025/0.050 secs] [Times: user=0.03 sys=0.00, real=0.05 secs] 
2020-11-07T19:58:07.640+0800: 14.317: [CMS-concurrent-reset-start]
2020-11-07T19:58:07.642+0800: 14.318: [CMS-concurrent-reset: 0.001/0.001 secs] [Times: user=0.01 sys=0.00, real=0.00 secs] 
2020-11-07T19:58:07.644+0800: 14.320: Application time: 0.0220634 seconds
{Heap before GC invocations=177 (full 25):
 par new generation   total 9216K, used 8312K [0x00000000e3400000, 0x00000000e3e00000, 0x00000000ecca0000)
  eden space 8192K, 100% used [0x00000000e3400000, 0x00000000e3c00000, 0x00000000e3c00000)
  from space 1024K,  11% used [0x00000000e3d00000, 0x00000000e3d1e348, 0x00000000e3e00000)
  to   space 1024K,   0% used [0x00000000e3c00000, 0x00000000e3c00000, 0x00000000e3d00000)
 concurrent mark-sweep generation total 35752K, used 21247K [0x00000000ecca0000, 0x00000000eef8a000, 0x0000000100000000)
 Metaspace       used 27670K, capacity 28682K, committed 29056K, reserved 1075200K
  class space    used 3412K, capacity 3661K, committed 3712K, reserved 1048576K
2020-11-07T19:58:07.644+0800: 14.321: [GC (Allocation Failure) 2020-11-07T19:58:07.644+0800: 14.321: [ParNew: 8312K->92K(9216K), 0.0157714 secs] 29560K->21346K(44968K), 0.0158342 secs] [Times: user=0.01 sys=0.00, real=0.02 secs] 
Heap after GC invocations=178 (full 25):
 par new generation   total 9216K, used 92K [0x00000000e3400000, 0x00000000e3e00000, 0x00000000ecca0000)
  eden space 8192K,   0% used [0x00000000e3400000, 0x00000000e3400000, 0x00000000e3c00000)
  from space 1024K,   9% used [0x00000000e3c00000, 0x00000000e3c17348, 0x00000000e3d00000)
  to   space 1024K,   0% used [0x00000000e3d00000, 0x00000000e3d00000, 0x00000000e3e00000)
 concurrent mark-sweep generation total 35752K, used 21254K [0x00000000ecca0000, 0x00000000eef8a000, 0x0000000100000000)
 Metaspace       used 27670K, capacity 28682K, committed 29056K, reserved 1075200K
  class space    used 3412K, capacity 3661K, committed 3712K, reserved 1048576K
}
2020-11-07T19:58:07.701+0800: 14.378: Application time: 0.0414444 seconds
{Heap before GC invocations=178 (full 25):
 par new generation   total 9216K, used 8284K [0x00000000e3400000, 0x00000000e3e00000, 0x00000000ecca0000)
  eden space 8192K, 100% used [0x00000000e3400000, 0x00000000e3c00000, 0x00000000e3c00000)
  from space 1024K,   9% used [0x00000000e3c00000, 0x00000000e3c17348, 0x00000000e3d00000)
  to   space 1024K,   0% used [0x00000000e3d00000, 0x00000000e3d00000, 0x00000000e3e00000)
 concurrent mark-sweep generation total 35752K, used 21254K [0x00000000ecca0000, 0x00000000eef8a000, 0x0000000100000000)
 Metaspace       used 27712K, capacity 28682K, committed 29056K, reserved 1075200K
  class space    used 3420K, capacity 3661K, committed 3712K, reserved 1048576K
2020-11-07T19:58:07.713+0800: 14.390: [GC (Allocation Failure) 2020-11-07T19:58:07.713+0800: 14.390: [ParNew: 8284K->678K(9216K), 0.0077855 secs] 29538K->21938K(44968K), 0.0078439 secs] [Times: user=0.01 sys=0.00, real=0.01 secs] 
Heap after GC invocations=179 (full 25):
 par new generation   total 9216K, used 678K [0x00000000e3400000, 0x00000000e3e00000, 0x00000000ecca0000)
  eden space 8192K,   0% used [0x00000000e3400000, 0x00000000e3400000, 0x00000000e3c00000)
  from space 1024K,  66% used [0x00000000e3d00000, 0x00000000e3da9bb0, 0x00000000e3e00000)
  to   space 1024K,   0% used [0x00000000e3c00000, 0x00000000e3c00000, 0x00000000e3d00000)
 concurrent mark-sweep generation total 35752K, used 21259K [0x00000000ecca0000, 0x00000000eef8a000, 0x0000000100000000)
 Metaspace       used 27712K, capacity 28682K, committed 29056K, reserved 1075200K
  class space    used 3420K, capacity 3661K, committed 3712K, reserved 1048576K
}
2020-11-07T19:58:07.727+0800: 14.404: Application time: 0.0061722 seconds
2020-11-07T19:58:07.728+0800: 14.404: Application time: 0.0000486 seconds
2020-11-07T19:58:07.728+0800: 14.404: Application time: 0.0000347 seconds
2020-11-07T19:58:07.728+0800: 14.405: Application time: 0.0005860 seconds
2020-11-07T19:58:07.731+0800: 14.407: Application time: 0.0023430 seconds
{Heap before GC invocations=179 (full 25):
 par new generation   total 9216K, used 8870K [0x00000000e3400000, 0x00000000e3e00000, 0x00000000ecca0000)
  eden space 8192K, 100% used [0x00000000e3400000, 0x00000000e3c00000, 0x00000000e3c00000)
  from space 1024K,  66% used [0x00000000e3d00000, 0x00000000e3da9bb0, 0x00000000e3e00000)
  to   space 1024K,   0% used [0x00000000e3c00000, 0x00000000e3c00000, 0x00000000e3d00000)
 concurrent mark-sweep generation total 35752K, used 21259K [0x00000000ecca0000, 0x00000000eef8a000, 0x0000000100000000)
 Metaspace       used 27712K, capacity 28682K, committed 29056K, reserved 1075200K
  class space    used 3420K, capacity 3661K, committed 3712K, reserved 1048576K
2020-11-07T19:58:07.731+0800: 14.407: [GC (Allocation Failure) 2020-11-07T19:58:07.731+0800: 14.407: [ParNew: 8870K->109K(9216K), 0.0158176 secs] 30130K->21936K(44968K), 0.0158763 secs] [Times: user=0.02 sys=0.00, real=0.02 secs] 
Heap after GC invocations=180 (full 25):
 par new generation   total 9216K, used 109K [0x00000000e3400000, 0x00000000e3e00000, 0x00000000ecca0000)
  eden space 8192K,   0% used [0x00000000e3400000, 0x00000000e3400000, 0x00000000e3c00000)
  from space 1024K,  10% used [0x00000000e3c00000, 0x00000000e3c1b730, 0x00000000e3d00000)
  to   space 1024K,   0% used [0x00000000e3d00000, 0x00000000e3d00000, 0x00000000e3e00000)
 concurrent mark-sweep generation total 35752K, used 21826K [0x00000000ecca0000, 0x00000000eef8a000, 0x0000000100000000)
 Metaspace       used 27712K, capacity 28682K, committed 29056K, reserved 1075200K
  class space    used 3420K, capacity 3661K, committed 3712K, reserved 1048576K
}
2020-11-07T19:58:07.749+0800: 14.426: Application time: 0.0024139 seconds
2020-11-07T19:58:07.749+0800: 14.426: [GC (CMS Initial Mark) [1 CMS-initial-mark: 21826K(35752K)] 24065K(44968K), 0.0027468 secs] [Times: user=0.00 sys=0.00, real=0.00 secs] 
2020-11-07T19:58:07.757+0800: 14.434: [CMS-concurrent-mark-start]
2020-11-07T19:58:07.761+0800: 14.438: Application time: 0.0089702 seconds
2020-11-07T19:58:07.775+0800: 14.452: Application time: 0.0139322 seconds
{Heap before GC invocations=180 (full 26):
 par new generation   total 9216K, used 8301K [0x00000000e3400000, 0x00000000e3e00000, 0x00000000ecca0000)
  eden space 8192K, 100% used [0x00000000e3400000, 0x00000000e3c00000, 0x00000000e3c00000)
  from space 1024K,  10% used [0x00000000e3c00000, 0x00000000e3c1b730, 0x00000000e3d00000)
  to   space 1024K,   0% used [0x00000000e3d00000, 0x00000000e3d00000, 0x00000000e3e00000)
 concurrent mark-sweep generation total 35752K, used 21826K [0x00000000ecca0000, 0x00000000eef8a000, 0x0000000100000000)
 Metaspace       used 27713K, capacity 28682K, committed 29056K, reserved 1075200K
  class space    used 3420K, capacity 3661K, committed 3712K, reserved 1048576K
2020-11-07T19:58:07.775+0800: 14.452: [GC (Allocation Failure) 2020-11-07T19:58:07.775+0800: 14.452: [ParNew: 8301K->27K(9216K), 0.0134495 secs] 30128K->21853K(44968K), 0.0135223 secs] [Times: user=0.01 sys=0.00, real=0.01 secs] 
Heap after GC invocations=181 (full 26):
 par new generation   total 9216K, used 27K [0x00000000e3400000, 0x00000000e3e00000, 0x00000000ecca0000)
  eden space 8192K,   0% used [0x00000000e3400000, 0x00000000e3400000, 0x00000000e3c00000)
  from space 1024K,   2% used [0x00000000e3d00000, 0x00000000e3d06e80, 0x00000000e3e00000)
  to   space 1024K,   0% used [0x00000000e3c00000, 0x00000000e3c00000, 0x00000000e3d00000)
 concurrent mark-sweep generation total 35752K, used 21826K [0x00000000ecca0000, 0x00000000eef8a000, 0x0000000100000000)
 Metaspace       used 27713K, capacity 28682K, committed 29056K, reserved 1075200K
  class space    used 3420K, capacity 3661K, committed 3712K, reserved 1048576K
}
2020-11-07T19:58:07.795+0800: 14.472: Application time: 0.0064978 seconds
2020-11-07T19:58:07.796+0800: 14.473: Application time: 0.0005239 seconds
2020-11-07T19:58:07.796+0800: 14.473: Application time: 0.0000270 seconds
2020-11-07T19:58:07.797+0800: 14.473: Application time: 0.0005767 seconds
2020-11-07T19:58:07.797+0800: 14.474: Application time: 0.0004011 seconds
2020-11-07T19:58:07.805+0800: 14.482: Application time: 0.0081039 seconds
{Heap before GC invocations=181 (full 26):
 par new generation   total 9216K, used 8219K [0x00000000e3400000, 0x00000000e3e00000, 0x00000000ecca0000)
  eden space 8192K, 100% used [0x00000000e3400000, 0x00000000e3c00000, 0x00000000e3c00000)
  from space 1024K,   2% used [0x00000000e3d00000, 0x00000000e3d06e80, 0x00000000e3e00000)
  to   space 1024K,   0% used [0x00000000e3c00000, 0x00000000e3c00000, 0x00000000e3d00000)
 concurrent mark-sweep generation total 35752K, used 21826K [0x00000000ecca0000, 0x00000000eef8a000, 0x0000000100000000)
 Metaspace       used 27714K, capacity 28682K, committed 29056K, reserved 1075200K
  class space    used 3420K, capacity 3661K, committed 3712K, reserved 1048576K
2020-11-07T19:58:07.805+0800: 14.482: [GC (Allocation Failure) 2020-11-07T19:58:07.805+0800: 14.482: [ParNew: 8219K->7K(9216K), 0.0136330 secs] 30045K->21833K(44968K), 0.0137048 secs] [Times: user=0.01 sys=0.01, real=0.01 secs] 
Heap after GC invocations=182 (full 26):
 par new generation   total 9216K, used 7K [0x00000000e3400000, 0x00000000e3e00000, 0x00000000ecca0000)
  eden space 8192K,   0% used [0x00000000e3400000, 0x00000000e3400000, 0x00000000e3c00000)
  from space 1024K,   0% used [0x00000000e3c00000, 0x00000000e3c01d08, 0x00000000e3d00000)
  to   space 1024K,   0% used [0x00000000e3d00000, 0x00000000e3d00000, 0x00000000e3e00000)
 concurrent mark-sweep generation total 35752K, used 21826K [0x00000000ecca0000, 0x00000000eef8a000, 0x0000000100000000)
 Metaspace       used 27714K, capacity 28682K, committed 29056K, reserved 1075200K
  class space    used 3420K, capacity 3661K, committed 3712K, reserved 1048576K
}
2020-11-07T19:58:07.819+0800: 14.496: Application time: 0.0000713 seconds
2020-11-07T19:58:07.825+0800: 14.502: Application time: 0.0058086 seconds
2020-11-07T19:58:07.833+0800: 14.510: Application time: 0.0077886 seconds
{Heap before GC invocations=182 (full 26):
 par new generation   total 9216K, used 8199K [0x00000000e3400000, 0x00000000e3e00000, 0x00000000ecca0000)
  eden space 8192K, 100% used [0x00000000e3400000, 0x00000000e3c00000, 0x00000000e3c00000)
  from space 1024K,   0% used [0x00000000e3c00000, 0x00000000e3c01d08, 0x00000000e3d00000)
  to   space 1024K,   0% used [0x00000000e3d00000, 0x00000000e3d00000, 0x00000000e3e00000)
 concurrent mark-sweep generation total 35752K, used 21826K [0x00000000ecca0000, 0x00000000eef8a000, 0x0000000100000000)
 Metaspace       used 27714K, capacity 28682K, committed 29056K, reserved 1075200K
  class space    used 3420K, capacity 3661K, committed 3712K, reserved 1048576K
2020-11-07T19:58:07.833+0800: 14.510: [GC (Allocation Failure) 2020-11-07T19:58:07.833+0800: 14.510: [ParNew: 8199K->11K(9216K), 0.0022673 secs] 30025K->21837K(44968K), 0.0023121 secs] [Times: user=0.00 sys=0.00, real=0.01 secs] 
Heap after GC invocations=183 (full 26):
 par new generation   total 9216K, used 11K [0x00000000e3400000, 0x00000000e3e00000, 0x00000000ecca0000)
  eden space 8192K,   0% used [0x00000000e3400000, 0x00000000e3400000, 0x00000000e3c00000)
  from space 1024K,   1% used [0x00000000e3d00000, 0x00000000e3d02c88, 0x00000000e3e00000)
  to   space 1024K,   0% used [0x00000000e3c00000, 0x00000000e3c00000, 0x00000000e3d00000)
 concurrent mark-sweep generation total 35752K, used 21826K [0x00000000ecca0000, 0x00000000eef8a000, 0x0000000100000000)
 Metaspace       used 27714K, capacity 28682K, committed 29056K, reserved 1075200K
  class space    used 3420K, capacity 3661K, committed 3712K, reserved 1048576K
}
2020-11-07T19:58:07.836+0800: 14.512: Application time: 0.0000538 seconds
2020-11-07T19:58:07.843+0800: 14.519: Application time: 0.0068114 seconds
2020-11-07T19:58:07.853+0800: 14.529: Application time: 0.0099992 seconds
{Heap before GC invocations=183 (full 26):
 par new generation   total 9216K, used 8203K [0x00000000e3400000, 0x00000000e3e00000, 0x00000000ecca0000)
  eden space 8192K, 100% used [0x00000000e3400000, 0x00000000e3c00000, 0x00000000e3c00000)
  from space 1024K,   1% used [0x00000000e3d00000, 0x00000000e3d02c88, 0x00000000e3e00000)
  to   space 1024K,   0% used [0x00000000e3c00000, 0x00000000e3c00000, 0x00000000e3d00000)
 concurrent mark-sweep generation total 35752K, used 21826K [0x00000000ecca0000, 0x00000000eef8a000, 0x0000000100000000)
 Metaspace       used 27717K, capacity 28682K, committed 29056K, reserved 1075200K
  class space    used 3420K, capacity 3661K, committed 3712K, reserved 1048576K
2020-11-07T19:58:07.853+0800: 14.530: [GC (Allocation Failure) 2020-11-07T19:58:07.853+0800: 14.530: [ParNew: 8203K->12K(9216K), 0.0086934 secs] 30029K->21838K(44968K), 0.0087467 secs] [Times: user=0.00 sys=0.00, real=0.01 secs] 
Heap after GC invocations=184 (full 26):
 par new generation   total 9216K, used 12K [0x00000000e3400000, 0x00000000e3e00000, 0x00000000ecca0000)
  eden space 8192K,   0% used [0x00000000e3400000, 0x00000000e3400000, 0x00000000e3c00000)
  from space 1024K,   1% used [0x00000000e3c00000, 0x00000000e3c03288, 0x00000000e3d00000)
  to   space 1024K,   0% used [0x00000000e3d00000, 0x00000000e3d00000, 0x00000000e3e00000)
 concurrent mark-sweep generation total 35752K, used 21826K [0x00000000ecca0000, 0x00000000eef8a000, 0x0000000100000000)
 Metaspace       used 27717K, capacity 28682K, committed 29056K, reserved 1075200K
  class space    used 3420K, capacity 3661K, committed 3712K, reserved 1048576K
}
2020-11-07T19:58:07.870+0800: 14.547: Application time: 0.0085321 seconds
{Heap before GC invocations=184 (full 26):
 par new generation   total 9216K, used 8204K [0x00000000e3400000, 0x00000000e3e00000, 0x00000000ecca0000)
  eden space 8192K, 100% used [0x00000000e3400000, 0x00000000e3c00000, 0x00000000e3c00000)
  from space 1024K,   1% used [0x00000000e3c00000, 0x00000000e3c03288, 0x00000000e3d00000)
  to   space 1024K,   0% used [0x00000000e3d00000, 0x00000000e3d00000, 0x00000000e3e00000)
 concurrent mark-sweep generation total 35752K, used 21826K [0x00000000ecca0000, 0x00000000eef8a000, 0x0000000100000000)
 Metaspace       used 27717K, capacity 28682K, committed 29056K, reserved 1075200K
  class space    used 3420K, capacity 3661K, committed 3712K, reserved 1048576K
2020-11-07T19:58:07.875+0800: 14.551: [GC (Allocation Failure) 2020-11-07T19:58:07.875+0800: 14.551: [ParNew: 8204K->13K(9216K), 0.0026217 secs] 30030K->21840K(44968K), 0.0026827 secs] [Times: user=0.00 sys=0.00, real=0.00 secs] 
Heap after GC invocations=185 (full 26):
 par new generation   total 9216K, used 13K [0x00000000e3400000, 0x00000000e3e00000, 0x00000000ecca0000)
  eden space 8192K,   0% used [0x00000000e3400000, 0x00000000e3400000, 0x00000000e3c00000)
  from space 1024K,   1% used [0x00000000e3d00000, 0x00000000e3d037b0, 0x00000000e3e00000)
  to   space 1024K,   0% used [0x00000000e3c00000, 0x00000000e3c00000, 0x00000000e3d00000)
 concurrent mark-sweep generation total 35752K, used 21826K [0x00000000ecca0000, 0x00000000eef8a000, 0x0000000100000000)
 Metaspace       used 27717K, capacity 28682K, committed 29056K, reserved 1075200K
  class space    used 3420K, capacity 3661K, committed 3712K, reserved 1048576K
}
2020-11-07T19:58:07.903+0800: 14.579: Application time: 0.0251522 seconds
{Heap before GC invocations=185 (full 26):
 par new generation   total 9216K, used 8205K [0x00000000e3400000, 0x00000000e3e00000, 0x00000000ecca0000)
  eden space 8192K, 100% used [0x00000000e3400000, 0x00000000e3c00000, 0x00000000e3c00000)
  from space 1024K,   1% used [0x00000000e3d00000, 0x00000000e3d037b0, 0x00000000e3e00000)
  to   space 1024K,   0% used [0x00000000e3c00000, 0x00000000e3c00000, 0x00000000e3d00000)
 concurrent mark-sweep generation total 35752K, used 21826K [0x00000000ecca0000, 0x00000000eef8a000, 0x0000000100000000)
 Metaspace       used 27717K, capacity 28682K, committed 29056K, reserved 1075200K
  class space    used 3420K, capacity 3661K, committed 3712K, reserved 1048576K
2020-11-07T19:58:07.903+0800: 14.580: [GC (Allocation Failure) 2020-11-07T19:58:07.903+0800: 14.580: [ParNew: 8205K->15K(9216K), 0.0072890 secs] 30032K->21842K(44968K), 0.0073482 secs] [Times: user=0.01 sys=0.00, real=0.01 secs] 
Heap after GC invocations=186 (full 26):
 par new generation   total 9216K, used 15K [0x00000000e3400000, 0x00000000e3e00000, 0x00000000ecca0000)
  eden space 8192K,   0% used [0x00000000e3400000, 0x00000000e3400000, 0x00000000e3c00000)
  from space 1024K,   1% used [0x00000000e3c00000, 0x00000000e3c03f98, 0x00000000e3d00000)
  to   space 1024K,   0% used [0x00000000e3d00000, 0x00000000e3d00000, 0x00000000e3e00000)
 concurrent mark-sweep generation total 35752K, used 21826K [0x00000000ecca0000, 0x00000000eef8a000, 0x0000000100000000)
 Metaspace       used 27717K, capacity 28682K, committed 29056K, reserved 1075200K
  class space    used 3420K, capacity 3661K, committed 3712K, reserved 1048576K
}
2020-11-07T19:58:07.923+0800: 14.600: [CMS-concurrent-mark: 0.072/0.164 secs] [Times: user=0.15 sys=0.01, real=0.16 secs] 
2020-11-07T19:58:07.923+0800: 14.600: Application time: 0.0126930 seconds
{Heap before GC invocations=186 (full 26):
 par new generation   total 9216K, used 8207K [0x00000000e3400000, 0x00000000e3e00000, 0x00000000ecca0000)
  eden space 8192K, 100% used [0x00000000e3400000, 0x00000000e3c00000, 0x00000000e3c00000)
  from space 1024K,   1% used [0x00000000e3c00000, 0x00000000e3c03f98, 0x00000000e3d00000)
  to   space 1024K,   0% used [0x00000000e3d00000, 0x00000000e3d00000, 0x00000000e3e00000)
 concurrent mark-sweep generation total 35752K, used 21826K [0x00000000ecca0000, 0x00000000eef8a000, 0x0000000100000000)
 Metaspace       used 27717K, capacity 28682K, committed 29056K, reserved 1075200K
  class space    used 3420K, capacity 3661K, committed 3712K, reserved 1048576K
2020-11-07T19:58:07.923+0800: 14.600: [GC (Allocation Failure) 2020-11-07T19:58:07.923+0800: 14.600: [ParNew: 8207K->16K(9216K), 0.0021244 secs] 30034K->21843K(44968K), 0.0021779 secs] [Times: user=0.00 sys=0.00, real=0.01 secs] 
Heap after GC invocations=187 (full 26):
 par new generation   total 9216K, used 16K [0x00000000e3400000, 0x00000000e3e00000, 0x00000000ecca0000)
  eden space 8192K,   0% used [0x00000000e3400000, 0x00000000e3400000, 0x00000000e3c00000)
  from space 1024K,   1% used [0x00000000e3d00000, 0x00000000e3d043b0, 0x00000000e3e00000)
  to   space 1024K,   0% used [0x00000000e3c00000, 0x00000000e3c00000, 0x00000000e3d00000)
 concurrent mark-sweep generation total 35752K, used 21826K [0x00000000ecca0000, 0x00000000eef8a000, 0x0000000100000000)
 Metaspace       used 27717K, capacity 28682K, committed 29056K, reserved 1075200K
  class space    used 3420K, capacity 3661K, committed 3712K, reserved 1048576K
}
2020-11-07T19:58:07.933+0800: 14.609: Application time: 0.0073883 seconds
{Heap before GC invocations=187 (full 26):
 par new generation   total 9216K, used 8208K [0x00000000e3400000, 0x00000000e3e00000, 0x00000000ecca0000)
  eden space 8192K, 100% used [0x00000000e3400000, 0x00000000e3c00000, 0x00000000e3c00000)
  from space 1024K,   1% used [0x00000000e3d00000, 0x00000000e3d043b0, 0x00000000e3e00000)
  to   space 1024K,   0% used [0x00000000e3c00000, 0x00000000e3c00000, 0x00000000e3d00000)
 concurrent mark-sweep generation total 35752K, used 21826K [0x00000000ecca0000, 0x00000000eef8a000, 0x0000000100000000)
 Metaspace       used 27717K, capacity 28682K, committed 29056K, reserved 1075200K
  class space    used 3420K, capacity 3661K, committed 3712K, reserved 1048576K
2020-11-07T19:58:07.933+0800: 14.610: [GC (Allocation Failure) 2020-11-07T19:58:07.933+0800: 14.610: [ParNew: 8208K->23K(9216K), 0.0087448 secs] 30035K->21849K(44968K), 0.0088023 secs] [Times: user=0.01 sys=0.00, real=0.01 secs] 
Heap after GC invocations=188 (full 26):
 par new generation   total 9216K, used 23K [0x00000000e3400000, 0x00000000e3e00000, 0x00000000ecca0000)
  eden space 8192K,   0% used [0x00000000e3400000, 0x00000000e3400000, 0x00000000e3c00000)
  from space 1024K,   2% used [0x00000000e3c00000, 0x00000000e3c05cf0, 0x00000000e3d00000)
  to   space 1024K,   0% used [0x00000000e3d00000, 0x00000000e3d00000, 0x00000000e3e00000)
 concurrent mark-sweep generation total 35752K, used 21826K [0x00000000ecca0000, 0x00000000eef8a000, 0x0000000100000000)
 Metaspace       used 27717K, capacity 28682K, committed 29056K, reserved 1075200K
  class space    used 3420K, capacity 3661K, committed 3712K, reserved 1048576K
}
2020-11-07T19:58:07.942+0800: 14.618: [CMS-concurrent-preclean-start]
2020-11-07T19:58:07.943+0800: 14.619: [CMS-concurrent-preclean: 0.001/0.001 secs] [Times: user=0.00 sys=0.00, real=0.00 secs] 
2020-11-07T19:58:07.946+0800: 14.623: Application time: 0.0043059 seconds
2020-11-07T19:58:07.946+0800: 14.623: [GC (CMS Final Remark) [YG occupancy: 1756 K (9216 K)]2020-11-07T19:58:07.946+0800: 14.623: [Rescan (parallel) , 0.0027679 secs]2020-11-07T19:58:07.949+0800: 14.626: [weak refs processing, 0.0005321 secs]2020-11-07T19:58:07.949+0800: 14.626: [class unloading, 0.0067143 secs]2020-11-07T19:58:07.956+0800: 14.633: [scrub symbol table, 0.0098250 secs]2020-11-07T19:58:07.966+0800: 14.643: [scrub string table, 0.0006178 secs][1 CMS-remark: 21826K(35752K)] 23582K(44968K), 0.0206176 secs] [Times: user=0.02 sys=0.00, real=0.02 secs] 
2020-11-07T19:58:07.973+0800: 14.650: [CMS-concurrent-sweep-start]
2020-11-07T19:58:07.983+0800: 14.660: Application time: 0.0161752 seconds
{Heap before GC invocations=188 (full 26):
 par new generation   total 9216K, used 8215K [0x00000000e3400000, 0x00000000e3e00000, 0x00000000ecca0000)
  eden space 8192K, 100% used [0x00000000e3400000, 0x00000000e3c00000, 0x00000000e3c00000)
  from space 1024K,   2% used [0x00000000e3c00000, 0x00000000e3c05cf0, 0x00000000e3d00000)
  to   space 1024K,   0% used [0x00000000e3d00000, 0x00000000e3d00000, 0x00000000e3e00000)
 concurrent mark-sweep generation total 35752K, used 21825K [0x00000000ecca0000, 0x00000000eef8a000, 0x0000000100000000)
 Metaspace       used 27717K, capacity 28682K, committed 29056K, reserved 1075200K
  class space    used 3420K, capacity 3661K, committed 3712K, reserved 1048576K
2020-11-07T19:58:07.983+0800: 14.660: [GC (Allocation Failure) 2020-11-07T19:58:07.983+0800: 14.660: [ParNew: 8215K->22K(9216K), 0.0157254 secs] 30040K->21849K(44968K), 0.0158038 secs] [Times: user=0.01 sys=0.00, real=0.02 secs] 
Heap after GC invocations=189 (full 26):
 par new generation   total 9216K, used 22K [0x00000000e3400000, 0x00000000e3e00000, 0x00000000ecca0000)
  eden space 8192K,   0% used [0x00000000e3400000, 0x00000000e3400000, 0x00000000e3c00000)
  from space 1024K,   2% used [0x00000000e3d00000, 0x00000000e3d05848, 0x00000000e3e00000)
  to   space 1024K,   0% used [0x00000000e3c00000, 0x00000000e3c00000, 0x00000000e3d00000)
 concurrent mark-sweep generation total 35752K, used 21826K [0x00000000ecca0000, 0x00000000eef8a000, 0x0000000100000000)
 Metaspace       used 27717K, capacity 28682K, committed 29056K, reserved 1075200K
  class space    used 3420K, capacity 3661K, committed 3712K, reserved 1048576K
}
2020-11-07T19:58:08.013+0800: 14.689: [CMS-concurrent-sweep: 0.019/0.039 secs] [Times: user=0.03 sys=0.00, real=0.04 secs] 
2020-11-07T19:58:08.013+0800: 14.689: [CMS-concurrent-reset-start]
2020-11-07T19:58:08.014+0800: 14.690: [CMS-concurrent-reset: 0.001/0.001 secs] [Times: user=0.00 sys=0.00, real=0.00 secs] 
2020-11-07T19:58:08.017+0800: 14.694: Application time: 0.0184857 seconds
{Heap before GC invocations=189 (full 26):
 par new generation   total 9216K, used 8214K [0x00000000e3400000, 0x00000000e3e00000, 0x00000000ecca0000)
  eden space 8192K, 100% used [0x00000000e3400000, 0x00000000e3c00000, 0x00000000e3c00000)
  from space 1024K,   2% used [0x00000000e3d00000, 0x00000000e3d05848, 0x00000000e3e00000)
  to   space 1024K,   0% used [0x00000000e3c00000, 0x00000000e3c00000, 0x00000000e3d00000)
 concurrent mark-sweep generation total 35752K, used 21418K [0x00000000ecca0000, 0x00000000eef8a000, 0x0000000100000000)
 Metaspace       used 27718K, capacity 28682K, committed 29056K, reserved 1075200K
  class space    used 3420K, capacity 3661K, committed 3712K, reserved 1048576K
2020-11-07T19:58:08.018+0800: 14.694: [GC (Allocation Failure) 2020-11-07T19:58:08.018+0800: 14.694: [ParNew: 8214K->22K(9216K), 0.0150585 secs] 29632K->21442K(44968K), 0.0151292 secs] [Times: user=0.01 sys=0.00, real=0.01 secs] 
Heap after GC invocations=190 (full 26):
 par new generation   total 9216K, used 22K [0x00000000e3400000, 0x00000000e3e00000, 0x00000000ecca0000)
  eden space 8192K,   0% used [0x00000000e3400000, 0x00000000e3400000, 0x00000000e3c00000)
  from space 1024K,   2% used [0x00000000e3c00000, 0x00000000e3c05870, 0x00000000e3d00000)
  to   space 1024K,   0% used [0x00000000e3d00000, 0x00000000e3d00000, 0x00000000e3e00000)
 concurrent mark-sweep generation total 35752K, used 21420K [0x00000000ecca0000, 0x00000000eef8a000, 0x0000000100000000)
 Metaspace       used 27718K, capacity 28682K, committed 29056K, reserved 1075200K
  class space    used 3420K, capacity 3661K, committed 3712K, reserved 1048576K
}
2020-11-07T19:58:08.043+0800: 14.720: Application time: 0.0103459 seconds
{Heap before GC invocations=190 (full 26):
 par new generation   total 9216K, used 8214K [0x00000000e3400000, 0x00000000e3e00000, 0x00000000ecca0000)
  eden space 8192K, 100% used [0x00000000e3400000, 0x00000000e3c00000, 0x00000000e3c00000)
  from space 1024K,   2% used [0x00000000e3c00000, 0x00000000e3c05870, 0x00000000e3d00000)
  to   space 1024K,   0% used [0x00000000e3d00000, 0x00000000e3d00000, 0x00000000e3e00000)
 concurrent mark-sweep generation total 35752K, used 21420K [0x00000000ecca0000, 0x00000000eef8a000, 0x0000000100000000)
 Metaspace       used 27718K, capacity 28682K, committed 29056K, reserved 1075200K
  class space    used 3420K, capacity 3661K, committed 3712K, reserved 1048576K
2020-11-07T19:58:08.043+0800: 14.720: [GC (Allocation Failure) 2020-11-07T19:58:08.043+0800: 14.720: [ParNew: 8214K->22K(9216K), 0.0137180 secs] 29634K->21444K(44968K), 0.0137822 secs] [Times: user=0.01 sys=0.00, real=0.02 secs] 
Heap after GC invocations=191 (full 26):
 par new generation   total 9216K, used 22K [0x00000000e3400000, 0x00000000e3e00000, 0x00000000ecca0000)
  eden space 8192K,   0% used [0x00000000e3400000, 0x00000000e3400000, 0x00000000e3c00000)
  from space 1024K,   2% used [0x00000000e3d00000, 0x00000000e3d058c0, 0x00000000e3e00000)
  to   space 1024K,   0% used [0x00000000e3c00000, 0x00000000e3c00000, 0x00000000e3d00000)
 concurrent mark-sweep generation total 35752K, used 21422K [0x00000000ecca0000, 0x00000000eef8a000, 0x0000000100000000)
 Metaspace       used 27718K, capacity 28682K, committed 29056K, reserved 1075200K
  class space    used 3420K, capacity 3661K, committed 3712K, reserved 1048576K
}
2020-11-07T19:58:08.067+0800: 14.744: Application time: 0.0102894 seconds
{Heap before GC invocations=191 (full 26):
 par new generation   total 9216K, used 8214K [0x00000000e3400000, 0x00000000e3e00000, 0x00000000ecca0000)
  eden space 8192K, 100% used [0x00000000e3400000, 0x00000000e3c00000, 0x00000000e3c00000)
  from space 1024K,   2% used [0x00000000e3d00000, 0x00000000e3d058c0, 0x00000000e3e00000)
  to   space 1024K,   0% used [0x00000000e3c00000, 0x00000000e3c00000, 0x00000000e3d00000)
 concurrent mark-sweep generation total 35752K, used 21422K [0x00000000ecca0000, 0x00000000eef8a000, 0x0000000100000000)
 Metaspace       used 27724K, capacity 28682K, committed 29056K, reserved 1075200K
  class space    used 3420K, capacity 3661K, committed 3712K, reserved 1048576K
2020-11-07T19:58:08.068+0800: 14.744: [GC (Allocation Failure) 2020-11-07T19:58:08.068+0800: 14.744: [ParNew: 8214K->23K(9216K), 0.0144747 secs] 29636K->21447K(44968K), 0.0145285 secs] [Times: user=0.01 sys=0.00, real=0.01 secs] 
Heap after GC invocations=192 (full 26):
 par new generation   total 9216K, used 23K [0x00000000e3400000, 0x00000000e3e00000, 0x00000000ecca0000)
  eden space 8192K,   0% used [0x00000000e3400000, 0x00000000e3400000, 0x00000000e3c00000)
  from space 1024K,   2% used [0x00000000e3c00000, 0x00000000e3c05d70, 0x00000000e3d00000)
  to   space 1024K,   0% used [0x00000000e3d00000, 0x00000000e3d00000, 0x00000000e3e00000)
 concurrent mark-sweep generation total 35752K, used 21424K [0x00000000ecca0000, 0x00000000eef8a000, 0x0000000100000000)
 Metaspace       used 27724K, capacity 28682K, committed 29056K, reserved 1075200K
  class space    used 3420K, capacity 3661K, committed 3712K, reserved 1048576K
}
2020-11-07T19:58:08.092+0800: 14.769: Application time: 0.0097917 seconds
{Heap before GC invocations=192 (full 26):
 par new generation   total 9216K, used 8215K [0x00000000e3400000, 0x00000000e3e00000, 0x00000000ecca0000)
  eden space 8192K, 100% used [0x00000000e3400000, 0x00000000e3c00000, 0x00000000e3c00000)
  from space 1024K,   2% used [0x00000000e3c00000, 0x00000000e3c05d70, 0x00000000e3d00000)
  to   space 1024K,   0% used [0x00000000e3d00000, 0x00000000e3d00000, 0x00000000e3e00000)
 concurrent mark-sweep generation total 35752K, used 21424K [0x00000000ecca0000, 0x00000000eef8a000, 0x0000000100000000)
 Metaspace       used 27725K, capacity 28682K, committed 29056K, reserved 1075200K
  class space    used 3420K, capacity 3661K, committed 3712K, reserved 1048576K
2020-11-07T19:58:08.092+0800: 14.769: [GC (Allocation Failure) 2020-11-07T19:58:08.092+0800: 14.769: [ParNew: 8215K->23K(9216K), 0.0105271 secs] 29639K->21449K(44968K), 0.0105849 secs] [Times: user=0.01 sys=0.00, real=0.01 secs] 
Heap after GC invocations=193 (full 26):
 par new generation   total 9216K, used 23K [0x00000000e3400000, 0x00000000e3e00000, 0x00000000ecca0000)
  eden space 8192K,   0% used [0x00000000e3400000, 0x00000000e3400000, 0x00000000e3c00000)
  from space 1024K,   2% used [0x00000000e3d00000, 0x00000000e3d05ed8, 0x00000000e3e00000)
  to   space 1024K,   0% used [0x00000000e3c00000, 0x00000000e3c00000, 0x00000000e3d00000)
 concurrent mark-sweep generation total 35752K, used 21425K [0x00000000ecca0000, 0x00000000eef8a000, 0x0000000100000000)
 Metaspace       used 27725K, capacity 28682K, committed 29056K, reserved 1075200K
  class space    used 3420K, capacity 3661K, committed 3712K, reserved 1048576K
}
2020-11-07T19:58:08.112+0800: 14.788: Application time: 0.0089450 seconds
{Heap before GC invocations=193 (full 26):
 par new generation   total 9216K, used 8215K [0x00000000e3400000, 0x00000000e3e00000, 0x00000000ecca0000)
  eden space 8192K, 100% used [0x00000000e3400000, 0x00000000e3c00000, 0x00000000e3c00000)
  from space 1024K,   2% used [0x00000000e3d00000, 0x00000000e3d05ed8, 0x00000000e3e00000)
  to   space 1024K,   0% used [0x00000000e3c00000, 0x00000000e3c00000, 0x00000000e3d00000)
 concurrent mark-sweep generation total 35752K, used 21425K [0x00000000ecca0000, 0x00000000eef8a000, 0x0000000100000000)
 Metaspace       used 27725K, capacity 28682K, committed 29056K, reserved 1075200K
  class space    used 3420K, capacity 3661K, committed 3712K, reserved 1048576K
2020-11-07T19:58:08.112+0800: 14.789: [GC (Allocation Failure) 2020-11-07T19:58:08.112+0800: 14.789: [ParNew: 8215K->23K(9216K), 0.0107710 secs] 29641K->21451K(44968K), 0.0108268 secs] [Times: user=0.01 sys=0.00, real=0.01 secs] 
Heap after GC invocations=194 (full 26):
 par new generation   total 9216K, used 23K [0x00000000e3400000, 0x00000000e3e00000, 0x00000000ecca0000)
  eden space 8192K,   0% used [0x00000000e3400000, 0x00000000e3400000, 0x00000000e3c00000)
  from space 1024K,   2% used [0x00000000e3c00000, 0x00000000e3c05dc0, 0x00000000e3d00000)
  to   space 1024K,   0% used [0x00000000e3d00000, 0x00000000e3d00000, 0x00000000e3e00000)
 concurrent mark-sweep generation total 35752K, used 21427K [0x00000000ecca0000, 0x00000000eef8a000, 0x0000000100000000)
 Metaspace       used 27725K, capacity 28682K, committed 29056K, reserved 1075200K
  class space    used 3420K, capacity 3661K, committed 3712K, reserved 1048576K
}
2020-11-07T19:58:08.159+0800: 14.836: Application time: 0.0361306 seconds
{Heap before GC invocations=194 (full 26):
 par new generation   total 9216K, used 8215K [0x00000000e3400000, 0x00000000e3e00000, 0x00000000ecca0000)
  eden space 8192K, 100% used [0x00000000e3400000, 0x00000000e3c00000, 0x00000000e3c00000)
  from space 1024K,   2% used [0x00000000e3c00000, 0x00000000e3c05dc0, 0x00000000e3d00000)
  to   space 1024K,   0% used [0x00000000e3d00000, 0x00000000e3d00000, 0x00000000e3e00000)
 concurrent mark-sweep generation total 35752K, used 21427K [0x00000000ecca0000, 0x00000000eef8a000, 0x0000000100000000)
 Metaspace       used 27726K, capacity 28682K, committed 29056K, reserved 1075200K
  class space    used 3420K, capacity 3661K, committed 3712K, reserved 1048576K
2020-11-07T19:58:08.174+0800: 14.851: [GC (Allocation Failure) 2020-11-07T19:58:08.174+0800: 14.851: [ParNew: 8215K->566K(9216K), 0.0034967 secs] 29643K->21996K(44968K), 0.0074753 secs] [Times: user=0.01 sys=0.00, real=0.01 secs] 
Heap after GC invocations=195 (full 26):
 par new generation   total 9216K, used 566K [0x00000000e3400000, 0x00000000e3e00000, 0x00000000ecca0000)
  eden space 8192K,   0% used [0x00000000e3400000, 0x00000000e3400000, 0x00000000e3c00000)
  from space 1024K,  55% used [0x00000000e3d00000, 0x00000000e3d8d940, 0x00000000e3e00000)
  to   space 1024K,   0% used [0x00000000e3c00000, 0x00000000e3c00000, 0x00000000e3d00000)
 concurrent mark-sweep generation total 35752K, used 21430K [0x00000000ecca0000, 0x00000000eef8a000, 0x0000000100000000)
 Metaspace       used 27726K, capacity 28682K, committed 29056K, reserved 1075200K
  class space    used 3420K, capacity 3661K, committed 3712K, reserved 1048576K
}
2020-11-07T19:58:08.182+0800: 14.859: Application time: 0.0007484 seconds
2020-11-07T19:58:08.205+0800: 14.882: Application time: 0.0078659 seconds
{Heap before GC invocations=195 (full 26):
 par new generation   total 9216K, used 8758K [0x00000000e3400000, 0x00000000e3e00000, 0x00000000ecca0000)
  eden space 8192K, 100% used [0x00000000e3400000, 0x00000000e3c00000, 0x00000000e3c00000)
  from space 1024K,  55% used [0x00000000e3d00000, 0x00000000e3d8d940, 0x00000000e3e00000)
  to   space 1024K,   0% used [0x00000000e3c00000, 0x00000000e3c00000, 0x00000000e3d00000)
 concurrent mark-sweep generation total 35752K, used 21430K [0x00000000ecca0000, 0x00000000eef8a000, 0x0000000100000000)
 Metaspace       used 27726K, capacity 28682K, committed 29056K, reserved 1075200K
  class space    used 3420K, capacity 3661K, committed 3712K, reserved 1048576K
2020-11-07T19:58:08.205+0800: 14.882: [GC (Allocation Failure) 2020-11-07T19:58:08.205+0800: 14.882: [ParNew: 8758K->176K(9216K), 0.0198550 secs] 30188K->22075K(44968K), 0.0199241 secs] [Times: user=0.02 sys=0.00, real=0.02 secs] 
Heap after GC invocations=196 (full 26):
 par new generation   total 9216K, used 176K [0x00000000e3400000, 0x00000000e3e00000, 0x00000000ecca0000)
  eden space 8192K,   0% used [0x00000000e3400000, 0x00000000e3400000, 0x00000000e3c00000)
  from space 1024K,  17% used [0x00000000e3c00000, 0x00000000e3c2c150, 0x00000000e3d00000)
  to   space 1024K,   0% used [0x00000000e3d00000, 0x00000000e3d00000, 0x00000000e3e00000)
 concurrent mark-sweep generation total 35752K, used 21899K [0x00000000ecca0000, 0x00000000eef8a000, 0x0000000100000000)
 Metaspace       used 27726K, capacity 28682K, committed 29056K, reserved 1075200K
  class space    used 3420K, capacity 3661K, committed 3712K, reserved 1048576K
}
2020-11-07T19:58:08.231+0800: 14.908: Application time: 0.0058682 seconds
2020-11-07T19:58:08.231+0800: 14.908: [GC (CMS Initial Mark) [1 CMS-initial-mark: 21899K(35752K)] 27774K(44968K), 0.0046408 secs] [Times: user=0.00 sys=0.00, real=0.01 secs] 
2020-11-07T19:58:08.238+0800: 14.915: [CMS-concurrent-mark-start]
2020-11-07T19:58:08.242+0800: 14.919: Application time: 0.0064753 seconds
{Heap before GC invocations=196 (full 27):
 par new generation   total 9216K, used 8368K [0x00000000e3400000, 0x00000000e3e00000, 0x00000000ecca0000)
  eden space 8192K, 100% used [0x00000000e3400000, 0x00000000e3c00000, 0x00000000e3c00000)
  from space 1024K,  17% used [0x00000000e3c00000, 0x00000000e3c2c150, 0x00000000e3d00000)
  to   space 1024K,   0% used [0x00000000e3d00000, 0x00000000e3d00000, 0x00000000e3e00000)
 concurrent mark-sweep generation total 35752K, used 21899K [0x00000000ecca0000, 0x00000000eef8a000, 0x0000000100000000)
 Metaspace       used 27726K, capacity 28682K, committed 29056K, reserved 1075200K
  class space    used 3420K, capacity 3661K, committed 3712K, reserved 1048576K
2020-11-07T19:58:08.242+0800: 14.919: [GC (Allocation Failure) 2020-11-07T19:58:08.242+0800: 14.919: [ParNew: 8368K->22K(9216K), 0.0126321 secs] 30267K->21921K(44968K), 0.0126997 secs] [Times: user=0.01 sys=0.00, real=0.02 secs] 
Heap after GC invocations=197 (full 27):
 par new generation   total 9216K, used 22K [0x00000000e3400000, 0x00000000e3e00000, 0x00000000ecca0000)
  eden space 8192K,   0% used [0x00000000e3400000, 0x00000000e3400000, 0x00000000e3c00000)
  from space 1024K,   2% used [0x00000000e3d00000, 0x00000000e3d05900, 0x00000000e3e00000)
  to   space 1024K,   0% used [0x00000000e3c00000, 0x00000000e3c00000, 0x00000000e3d00000)
 concurrent mark-sweep generation total 35752K, used 21899K [0x00000000ecca0000, 0x00000000eef8a000, 0x0000000100000000)
 Metaspace       used 27726K, capacity 28682K, committed 29056K, reserved 1075200K
  class space    used 3420K, capacity 3661K, committed 3712K, reserved 1048576K
}
2020-11-07T19:58:08.263+0800: 14.940: Application time: 0.0077597 seconds
{Heap before GC invocations=197 (full 27):
 par new generation   total 9216K, used 8214K [0x00000000e3400000, 0x00000000e3e00000, 0x00000000ecca0000)
  eden space 8192K, 100% used [0x00000000e3400000, 0x00000000e3c00000, 0x00000000e3c00000)
  from space 1024K,   2% used [0x00000000e3d00000, 0x00000000e3d05900, 0x00000000e3e00000)
  to   space 1024K,   0% used [0x00000000e3c00000, 0x00000000e3c00000, 0x00000000e3d00000)
 concurrent mark-sweep generation total 35752K, used 21899K [0x00000000ecca0000, 0x00000000eef8a000, 0x0000000100000000)
 Metaspace       used 27726K, capacity 28682K, committed 29056K, reserved 1075200K
  class space    used 3420K, capacity 3661K, committed 3712K, reserved 1048576K
2020-11-07T19:58:08.263+0800: 14.940: [GC (Allocation Failure) 2020-11-07T19:58:08.263+0800: 14.940: [ParNew: 8214K->11K(9216K), 0.0136570 secs] 30113K->21911K(44968K), 0.0137361 secs] [Times: user=0.01 sys=0.00, real=0.02 secs] 
Heap after GC invocations=198 (full 27):
 par new generation   total 9216K, used 11K [0x00000000e3400000, 0x00000000e3e00000, 0x00000000ecca0000)
  eden space 8192K,   0% used [0x00000000e3400000, 0x00000000e3400000, 0x00000000e3c00000)
  from space 1024K,   1% used [0x00000000e3c00000, 0x00000000e3c02fa0, 0x00000000e3d00000)
  to   space 1024K,   0% used [0x00000000e3d00000, 0x00000000e3d00000, 0x00000000e3e00000)
 concurrent mark-sweep generation total 35752K, used 21899K [0x00000000ecca0000, 0x00000000eef8a000, 0x0000000100000000)
 Metaspace       used 27726K, capacity 28682K, committed 29056K, reserved 1075200K
  class space    used 3420K, capacity 3661K, committed 3712K, reserved 1048576K
}
2020-11-07T19:58:08.298+0800: 14.974: Application time: 0.0205888 seconds
{Heap before GC invocations=198 (full 27):
 par new generation   total 9216K, used 8203K [0x00000000e3400000, 0x00000000e3e00000, 0x00000000ecca0000)
  eden space 8192K, 100% used [0x00000000e3400000, 0x00000000e3c00000, 0x00000000e3c00000)
  from space 1024K,   1% used [0x00000000e3c00000, 0x00000000e3c02fa0, 0x00000000e3d00000)
  to   space 1024K,   0% used [0x00000000e3d00000, 0x00000000e3d00000, 0x00000000e3e00000)
 concurrent mark-sweep generation total 35752K, used 21899K [0x00000000ecca0000, 0x00000000eef8a000, 0x0000000100000000)
 Metaspace       used 27726K, capacity 28682K, committed 29056K, reserved 1075200K
  class space    used 3420K, capacity 3661K, committed 3712K, reserved 1048576K
2020-11-07T19:58:08.298+0800: 14.975: [GC (Allocation Failure) 2020-11-07T19:58:08.298+0800: 14.975: [ParNew: 8203K->10K(9216K), 0.0086618 secs] 30103K->21910K(44968K), 0.0087137 secs] [Times: user=0.01 sys=0.00, real=0.01 secs] 
Heap after GC invocations=199 (full 27):
 par new generation   total 9216K, used 10K [0x00000000e3400000, 0x00000000e3e00000, 0x00000000ecca0000)
  eden space 8192K,   0% used [0x00000000e3400000, 0x00000000e3400000, 0x00000000e3c00000)
  from space 1024K,   1% used [0x00000000e3d00000, 0x00000000e3d029f0, 0x00000000e3e00000)
  to   space 1024K,   0% used [0x00000000e3c00000, 0x00000000e3c00000, 0x00000000e3d00000)
 concurrent mark-sweep generation total 35752K, used 21899K [0x00000000ecca0000, 0x00000000eef8a000, 0x0000000100000000)
 Metaspace       used 27726K, capacity 28682K, committed 29056K, reserved 1075200K
  class space    used 3420K, capacity 3661K, committed 3712K, reserved 1048576K
}
2020-11-07T19:58:08.315+0800: 14.992: Application time: 0.0083939 seconds
{Heap before GC invocations=199 (full 27):
 par new generation   total 9216K, used 8202K [0x00000000e3400000, 0x00000000e3e00000, 0x00000000ecca0000)
  eden space 8192K, 100% used [0x00000000e3400000, 0x00000000e3c00000, 0x00000000e3c00000)
  from space 1024K,   1% used [0x00000000e3d00000, 0x00000000e3d029f0, 0x00000000e3e00000)
  to   space 1024K,   0% used [0x00000000e3c00000, 0x00000000e3c00000, 0x00000000e3d00000)
 concurrent mark-sweep generation total 35752K, used 21899K [0x00000000ecca0000, 0x00000000eef8a000, 0x0000000100000000)
 Metaspace       used 27726K, capacity 28682K, committed 29056K, reserved 1075200K
  class space    used 3420K, capacity 3661K, committed 3712K, reserved 1048576K
2020-11-07T19:58:08.315+0800: 14.992: [GC (Allocation Failure) 2020-11-07T19:58:08.315+0800: 14.992: [ParNew: 8202K->13K(9216K), 0.0023411 secs] 30102K->21912K(44968K), 0.0023875 secs] [Times: user=0.00 sys=0.00, real=0.00 secs] 
Heap after GC invocations=200 (full 27):
 par new generation   total 9216K, used 13K [0x00000000e3400000, 0x00000000e3e00000, 0x00000000ecca0000)
  eden space 8192K,   0% used [0x00000000e3400000, 0x00000000e3400000, 0x00000000e3c00000)
  from space 1024K,   1% used [0x00000000e3c00000, 0x00000000e3c03478, 0x00000000e3d00000)
  to   space 1024K,   0% used [0x00000000e3d00000, 0x00000000e3d00000, 0x00000000e3e00000)
 concurrent mark-sweep generation total 35752K, used 21899K [0x00000000ecca0000, 0x00000000eef8a000, 0x0000000100000000)
 Metaspace       used 27726K, capacity 28682K, committed 29056K, reserved 1075200K
  class space    used 3420K, capacity 3661K, committed 3712K, reserved 1048576K
}
2020-11-07T19:58:08.330+0800: 15.006: Application time: 0.0119887 seconds
{Heap before GC invocations=200 (full 27):
 par new generation   total 9216K, used 8205K [0x00000000e3400000, 0x00000000e3e00000, 0x00000000ecca0000)
  eden space 8192K, 100% used [0x00000000e3400000, 0x00000000e3c00000, 0x00000000e3c00000)
  from space 1024K,   1% used [0x00000000e3c00000, 0x00000000e3c03478, 0x00000000e3d00000)
  to   space 1024K,   0% used [0x00000000e3d00000, 0x00000000e3d00000, 0x00000000e3e00000)
 concurrent mark-sweep generation total 35752K, used 21899K [0x00000000ecca0000, 0x00000000eef8a000, 0x0000000100000000)
 Metaspace       used 27726K, capacity 28682K, committed 29056K, reserved 1075200K
  class space    used 3420K, capacity 3661K, committed 3712K, reserved 1048576K
2020-11-07T19:58:08.330+0800: 15.007: [GC (Allocation Failure) 2020-11-07T19:58:08.330+0800: 15.007: [ParNew: 8205K->13K(9216K), 0.0051194 secs] 30104K->21912K(44968K), 0.0051684 secs] [Times: user=0.00 sys=0.00, real=0.01 secs] 
Heap after GC invocations=201 (full 27):
 par new generation   total 9216K, used 13K [0x00000000e3400000, 0x00000000e3e00000, 0x00000000ecca0000)
  eden space 8192K,   0% used [0x00000000e3400000, 0x00000000e3400000, 0x00000000e3c00000)
  from space 1024K,   1% used [0x00000000e3d00000, 0x00000000e3d03560, 0x00000000e3e00000)
  to   space 1024K,   0% used [0x00000000e3c00000, 0x00000000e3c00000, 0x00000000e3d00000)
 concurrent mark-sweep generation total 35752K, used 21899K [0x00000000ecca0000, 0x00000000eef8a000, 0x0000000100000000)
 Metaspace       used 27726K, capacity 28682K, committed 29056K, reserved 1075200K
  class space    used 3420K, capacity 3661K, committed 3712K, reserved 1048576K
}
2020-11-07T19:58:08.346+0800: 15.023: Application time: 0.0108951 seconds
{Heap before GC invocations=201 (full 27):
 par new generation   total 9216K, used 8205K [0x00000000e3400000, 0x00000000e3e00000, 0x00000000ecca0000)
  eden space 8192K, 100% used [0x00000000e3400000, 0x00000000e3c00000, 0x00000000e3c00000)
  from space 1024K,   1% used [0x00000000e3d00000, 0x00000000e3d03560, 0x00000000e3e00000)
  to   space 1024K,   0% used [0x00000000e3c00000, 0x00000000e3c00000, 0x00000000e3d00000)
 concurrent mark-sweep generation total 35752K, used 21899K [0x00000000ecca0000, 0x00000000eef8a000, 0x0000000100000000)
 Metaspace       used 27726K, capacity 28682K, committed 29056K, reserved 1075200K
  class space    used 3420K, capacity 3661K, committed 3712K, reserved 1048576K
2020-11-07T19:58:08.354+0800: 15.030: [GC (Allocation Failure) 2020-11-07T19:58:08.354+0800: 15.030: [ParNew: 8205K->16K(9216K), 0.0022061 secs] 30104K->21915K(44968K), 0.0022578 secs] [Times: user=0.00 sys=0.00, real=0.01 secs] 
Heap after GC invocations=202 (full 27):
 par new generation   total 9216K, used 16K [0x00000000e3400000, 0x00000000e3e00000, 0x00000000ecca0000)
  eden space 8192K,   0% used [0x00000000e3400000, 0x00000000e3400000, 0x00000000e3c00000)
  from space 1024K,   1% used [0x00000000e3c00000, 0x00000000e3c040f8, 0x00000000e3d00000)
  to   space 1024K,   0% used [0x00000000e3d00000, 0x00000000e3d00000, 0x00000000e3e00000)
 concurrent mark-sweep generation total 35752K, used 21899K [0x00000000ecca0000, 0x00000000eef8a000, 0x0000000100000000)
 Metaspace       used 27726K, capacity 28682K, committed 29056K, reserved 1075200K
  class space    used 3420K, capacity 3661K, committed 3712K, reserved 1048576K
}
2020-11-07T19:58:08.368+0800: 15.045: Application time: 0.0120088 seconds
{Heap before GC invocations=202 (full 27):
 par new generation   total 9216K, used 8208K [0x00000000e3400000, 0x00000000e3e00000, 0x00000000ecca0000)
  eden space 8192K, 100% used [0x00000000e3400000, 0x00000000e3c00000, 0x00000000e3c00000)
  from space 1024K,   1% used [0x00000000e3c00000, 0x00000000e3c040f8, 0x00000000e3d00000)
  to   space 1024K,   0% used [0x00000000e3d00000, 0x00000000e3d00000, 0x00000000e3e00000)
 concurrent mark-sweep generation total 35752K, used 21899K [0x00000000ecca0000, 0x00000000eef8a000, 0x0000000100000000)
 Metaspace       used 27726K, capacity 28682K, committed 29056K, reserved 1075200K
  class space    used 3420K, capacity 3661K, committed 3712K, reserved 1048576K
2020-11-07T19:58:08.368+0800: 15.045: [GC (Allocation Failure) 2020-11-07T19:58:08.368+0800: 15.045: [ParNew: 8208K->16K(9216K), 0.0026395 secs] 30107K->21915K(44968K), 0.0026821 secs] [Times: user=0.00 sys=0.00, real=0.00 secs] 
Heap after GC invocations=203 (full 27):
 par new generation   total 9216K, used 16K [0x00000000e3400000, 0x00000000e3e00000, 0x00000000ecca0000)
  eden space 8192K,   0% used [0x00000000e3400000, 0x00000000e3400000, 0x00000000e3c00000)
  from space 1024K,   1% used [0x00000000e3d00000, 0x00000000e3d041d8, 0x00000000e3e00000)
  to   space 1024K,   0% used [0x00000000e3c00000, 0x00000000e3c00000, 0x00000000e3d00000)
 concurrent mark-sweep generation total 35752K, used 21899K [0x00000000ecca0000, 0x00000000eef8a000, 0x0000000100000000)
 Metaspace       used 27726K, capacity 28682K, committed 29056K, reserved 1075200K
  class space    used 3420K, capacity 3661K, committed 3712K, reserved 1048576K
}
2020-11-07T19:58:08.390+0800: 15.067: Application time: 0.0189478 seconds
{Heap before GC invocations=203 (full 27):
 par new generation   total 9216K, used 8208K [0x00000000e3400000, 0x00000000e3e00000, 0x00000000ecca0000)
  eden space 8192K, 100% used [0x00000000e3400000, 0x00000000e3c00000, 0x00000000e3c00000)
  from space 1024K,   1% used [0x00000000e3d00000, 0x00000000e3d041d8, 0x00000000e3e00000)
  to   space 1024K,   0% used [0x00000000e3c00000, 0x00000000e3c00000, 0x00000000e3d00000)
 concurrent mark-sweep generation total 35752K, used 21899K [0x00000000ecca0000, 0x00000000eef8a000, 0x0000000100000000)
 Metaspace       used 27726K, capacity 28682K, committed 29056K, reserved 1075200K
  class space    used 3420K, capacity 3661K, committed 3712K, reserved 1048576K
2020-11-07T19:58:08.390+0800: 15.067: [GC (Allocation Failure) 2020-11-07T19:58:08.390+0800: 15.067: [ParNew: 8208K->18K(9216K), 0.0246278 secs] 30107K->21917K(44968K), 0.0246894 secs] [Times: user=0.01 sys=0.00, real=0.03 secs] 
Heap after GC invocations=204 (full 27):
 par new generation   total 9216K, used 18K [0x00000000e3400000, 0x00000000e3e00000, 0x00000000ecca0000)
  eden space 8192K,   0% used [0x00000000e3400000, 0x00000000e3400000, 0x00000000e3c00000)
  from space 1024K,   1% used [0x00000000e3c00000, 0x00000000e3c049c0, 0x00000000e3d00000)
  to   space 1024K,   0% used [0x00000000e3d00000, 0x00000000e3d00000, 0x00000000e3e00000)
 concurrent mark-sweep generation total 35752K, used 21899K [0x00000000ecca0000, 0x00000000eef8a000, 0x0000000100000000)
 Metaspace       used 27726K, capacity 28682K, committed 29056K, reserved 1075200K
  class space    used 3420K, capacity 3661K, committed 3712K, reserved 1048576K
}
2020-11-07T19:58:08.432+0800: 15.109: Application time: 0.0174076 seconds
{Heap before GC invocations=204 (full 27):
 par new generation   total 9216K, used 8210K [0x00000000e3400000, 0x00000000e3e00000, 0x00000000ecca0000)
  eden space 8192K, 100% used [0x00000000e3400000, 0x00000000e3c00000, 0x00000000e3c00000)
  from space 1024K,   1% used [0x00000000e3c00000, 0x00000000e3c049c0, 0x00000000e3d00000)
  to   space 1024K,   0% used [0x00000000e3d00000, 0x00000000e3d00000, 0x00000000e3e00000)
 concurrent mark-sweep generation total 35752K, used 21899K [0x00000000ecca0000, 0x00000000eef8a000, 0x0000000100000000)
 Metaspace       used 27727K, capacity 28682K, committed 29056K, reserved 1075200K
  class space    used 3420K, capacity 3661K, committed 3712K, reserved 1048576K
2020-11-07T19:58:08.432+0800: 15.109: [GC (Allocation Failure) 2020-11-07T19:58:08.432+0800: 15.109: [ParNew: 8210K->21K(9216K), 0.2362500 secs] 30109K->21922K(44968K), 0.2363224 secs] [Times: user=0.00 sys=0.00, real=0.24 secs] 
Heap after GC invocations=205 (full 27):
 par new generation   total 9216K, used 21K [0x00000000e3400000, 0x00000000e3e00000, 0x00000000ecca0000)
  eden space 8192K,   0% used [0x00000000e3400000, 0x00000000e3400000, 0x00000000e3c00000)
  from space 1024K,   2% used [0x00000000e3d00000, 0x00000000e3d055a0, 0x00000000e3e00000)
  to   space 1024K,   0% used [0x00000000e3c00000, 0x00000000e3c00000, 0x00000000e3d00000)
 concurrent mark-sweep generation total 35752K, used 21901K [0x00000000ecca0000, 0x00000000eef8a000, 0x0000000100000000)
 Metaspace       used 27727K, capacity 28682K, committed 29056K, reserved 1075200K
  class space    used 3420K, capacity 3661K, committed 3712K, reserved 1048576K
}
2020-11-07T19:58:08.670+0800: 15.347: [CMS-concurrent-mark: 0.092/0.432 secs] [Times: user=0.19 sys=0.00, real=0.43 secs] 
2020-11-07T19:58:08.670+0800: 15.347: [CMS-concurrent-preclean-start]
2020-11-07T19:58:08.671+0800: 15.348: [CMS-concurrent-preclean: 0.001/0.001 secs] [Times: user=0.00 sys=0.00, real=0.00 secs] 
2020-11-07T19:58:08.675+0800: 15.352: Application time: 0.0062060 seconds
2020-11-07T19:58:08.681+0800: 15.357: [GC (CMS Final Remark) [YG occupancy: 2376 K (9216 K)]2020-11-07T19:58:08.681+0800: 15.357: [Rescan (parallel) , 0.0063280 secs]2020-11-07T19:58:08.687+0800: 15.364: [weak refs processing, 0.0020476 secs]2020-11-07T19:58:08.689+0800: 15.366: [class unloading, 0.0067536 secs]2020-11-07T19:58:08.696+0800: 15.373: [scrub symbol table, 0.0080135 secs]2020-11-07T19:58:08.704+0800: 15.381: [scrub string table, 0.0005197 secs][1 CMS-remark: 21901K(35752K)] 24277K(44968K), 0.0238565 secs] [Times: user=0.02 sys=0.00, real=0.02 secs] 
2020-11-07T19:58:08.708+0800: 15.384: [CMS-concurrent-sweep-start]
2020-11-07T19:58:08.722+0800: 15.399: Application time: 0.0174612 seconds
{Heap before GC invocations=205 (full 27):
 par new generation   total 9216K, used 8213K [0x00000000e3400000, 0x00000000e3e00000, 0x00000000ecca0000)
  eden space 8192K, 100% used [0x00000000e3400000, 0x00000000e3c00000, 0x00000000e3c00000)
  from space 1024K,   2% used [0x00000000e3d00000, 0x00000000e3d055a0, 0x00000000e3e00000)
  to   space 1024K,   0% used [0x00000000e3c00000, 0x00000000e3c00000, 0x00000000e3d00000)
 concurrent mark-sweep generation total 35752K, used 21896K [0x00000000ecca0000, 0x00000000eef8a000, 0x0000000100000000)
 Metaspace       used 27727K, capacity 28682K, committed 29056K, reserved 1075200K
  class space    used 3420K, capacity 3661K, committed 3712K, reserved 1048576K
2020-11-07T19:58:08.722+0800: 15.399: [GC (Allocation Failure) 2020-11-07T19:58:08.722+0800: 15.399: [ParNew: 8213K->21K(9216K), 0.0165602 secs] 30109K->21919K(44968K), 0.0166316 secs] [Times: user=0.02 sys=0.00, real=0.02 secs] 
Heap after GC invocations=206 (full 27):
 par new generation   total 9216K, used 21K [0x00000000e3400000, 0x00000000e3e00000, 0x00000000ecca0000)
  eden space 8192K,   0% used [0x00000000e3400000, 0x00000000e3400000, 0x00000000e3c00000)
  from space 1024K,   2% used [0x00000000e3c00000, 0x00000000e3c056e0, 0x00000000e3d00000)
  to   space 1024K,   0% used [0x00000000e3d00000, 0x00000000e3d00000, 0x00000000e3e00000)
 concurrent mark-sweep generation total 35752K, used 21897K [0x00000000ecca0000, 0x00000000eef8a000, 0x0000000100000000)
 Metaspace       used 27727K, capacity 28682K, committed 29056K, reserved 1075200K
  class space    used 3420K, capacity 3661K, committed 3712K, reserved 1048576K
}
2020-11-07T19:58:08.750+0800: 15.426: [CMS-concurrent-sweep: 0.025/0.042 secs] [Times: user=0.04 sys=0.00, real=0.04 secs] 
2020-11-07T19:58:08.750+0800: 15.426: [CMS-concurrent-reset-start]
2020-11-07T19:58:08.751+0800: 15.427: [CMS-concurrent-reset: 0.001/0.001 secs] [Times: user=0.00 sys=0.00, real=0.00 secs] 
2020-11-07T19:58:08.753+0800: 15.430: Application time: 0.0145018 seconds
{Heap before GC invocations=206 (full 27):
 par new generation   total 9216K, used 8213K [0x00000000e3400000, 0x00000000e3e00000, 0x00000000ecca0000)
  eden space 8192K, 100% used [0x00000000e3400000, 0x00000000e3c00000, 0x00000000e3c00000)
  from space 1024K,   2% used [0x00000000e3c00000, 0x00000000e3c056e0, 0x00000000e3d00000)
  to   space 1024K,   0% used [0x00000000e3d00000, 0x00000000e3d00000, 0x00000000e3e00000)
 concurrent mark-sweep generation total 35752K, used 21443K [0x00000000ecca0000, 0x00000000eef8a000, 0x0000000100000000)
 Metaspace       used 27727K, capacity 28682K, committed 29056K, reserved 1075200K
  class space    used 3420K, capacity 3661K, committed 3712K, reserved 1048576K
2020-11-07T19:58:08.753+0800: 15.430: [GC (Allocation Failure) 2020-11-07T19:58:08.753+0800: 15.430: [ParNew: 8213K->21K(9216K), 0.0082105 secs] 29656K->21466K(44968K), 0.0082870 secs] [Times: user=0.01 sys=0.00, real=0.01 secs] 
Heap after GC invocations=207 (full 27):
 par new generation   total 9216K, used 21K [0x00000000e3400000, 0x00000000e3e00000, 0x00000000ecca0000)
  eden space 8192K,   0% used [0x00000000e3400000, 0x00000000e3400000, 0x00000000e3c00000)
  from space 1024K,   2% used [0x00000000e3d00000, 0x00000000e3d05758, 0x00000000e3e00000)
  to   space 1024K,   0% used [0x00000000e3c00000, 0x00000000e3c00000, 0x00000000e3d00000)
 concurrent mark-sweep generation total 35752K, used 21445K [0x00000000ecca0000, 0x00000000eef8a000, 0x0000000100000000)
 Metaspace       used 27727K, capacity 28682K, committed 29056K, reserved 1075200K
  class space    used 3420K, capacity 3661K, committed 3712K, reserved 1048576K
}
2020-11-07T19:58:08.771+0800: 15.447: Application time: 0.0089255 seconds
{Heap before GC invocations=207 (full 27):
 par new generation   total 9216K, used 8213K [0x00000000e3400000, 0x00000000e3e00000, 0x00000000ecca0000)
  eden space 8192K, 100% used [0x00000000e3400000, 0x00000000e3c00000, 0x00000000e3c00000)
  from space 1024K,   2% used [0x00000000e3d00000, 0x00000000e3d05758, 0x00000000e3e00000)
  to   space 1024K,   0% used [0x00000000e3c00000, 0x00000000e3c00000, 0x00000000e3d00000)
 concurrent mark-sweep generation total 35752K, used 21445K [0x00000000ecca0000, 0x00000000eef8a000, 0x0000000100000000)
 Metaspace       used 27727K, capacity 28682K, committed 29056K, reserved 1075200K
  class space    used 3420K, capacity 3661K, committed 3712K, reserved 1048576K
2020-11-07T19:58:08.771+0800: 15.447: [GC (Allocation Failure) 2020-11-07T19:58:08.771+0800: 15.447: [ParNew: 8213K->22K(9216K), 0.0172700 secs] 29658K->21469K(44968K), 0.0173229 secs] [Times: user=0.02 sys=0.00, real=0.02 secs] 
Heap after GC invocations=208 (full 27):
 par new generation   total 9216K, used 22K [0x00000000e3400000, 0x00000000e3e00000, 0x00000000ecca0000)
  eden space 8192K,   0% used [0x00000000e3400000, 0x00000000e3400000, 0x00000000e3c00000)
  from space 1024K,   2% used [0x00000000e3c00000, 0x00000000e3c05938, 0x00000000e3d00000)
  to   space 1024K,   0% used [0x00000000e3d00000, 0x00000000e3d00000, 0x00000000e3e00000)
 concurrent mark-sweep generation total 35752K, used 21446K [0x00000000ecca0000, 0x00000000eef8a000, 0x0000000100000000)
 Metaspace       used 27727K, capacity 28682K, committed 29056K, reserved 1075200K
  class space    used 3420K, capacity 3661K, committed 3712K, reserved 1048576K
}
2020-11-07T19:58:08.797+0800: 15.474: Application time: 0.0091181 seconds
{Heap before GC invocations=208 (full 27):
 par new generation   total 9216K, used 8214K [0x00000000e3400000, 0x00000000e3e00000, 0x00000000ecca0000)
  eden space 8192K, 100% used [0x00000000e3400000, 0x00000000e3c00000, 0x00000000e3c00000)
  from space 1024K,   2% used [0x00000000e3c00000, 0x00000000e3c05938, 0x00000000e3d00000)
  to   space 1024K,   0% used [0x00000000e3d00000, 0x00000000e3d00000, 0x00000000e3e00000)
 concurrent mark-sweep generation total 35752K, used 21446K [0x00000000ecca0000, 0x00000000eef8a000, 0x0000000100000000)
 Metaspace       used 27727K, capacity 28682K, committed 29056K, reserved 1075200K
  class space    used 3420K, capacity 3661K, committed 3712K, reserved 1048576K
2020-11-07T19:58:08.797+0800: 15.474: [GC (Allocation Failure) 2020-11-07T19:58:08.797+0800: 15.474: [ParNew: 8214K->18K(9216K), 0.0135855 secs] 29661K->21467K(44968K), 0.0136403 secs] [Times: user=0.01 sys=0.00, real=0.01 secs] 
Heap after GC invocations=209 (full 27):
 par new generation   total 9216K, used 18K [0x00000000e3400000, 0x00000000e3e00000, 0x00000000ecca0000)
  eden space 8192K,   0% used [0x00000000e3400000, 0x00000000e3400000, 0x00000000e3c00000)
  from space 1024K,   1% used [0x00000000e3d00000, 0x00000000e3d04960, 0x00000000e3e00000)
  to   space 1024K,   0% used [0x00000000e3c00000, 0x00000000e3c00000, 0x00000000e3d00000)
 concurrent mark-sweep generation total 35752K, used 21449K [0x00000000ecca0000, 0x00000000eef8a000, 0x0000000100000000)
 Metaspace       used 27727K, capacity 28682K, committed 29056K, reserved 1075200K
  class space    used 3420K, capacity 3661K, committed 3712K, reserved 1048576K
}
2020-11-07T19:58:08.820+0800: 15.496: Application time: 0.0086739 seconds
{Heap before GC invocations=209 (full 27):
 par new generation   total 9216K, used 8210K [0x00000000e3400000, 0x00000000e3e00000, 0x00000000ecca0000)
  eden space 8192K, 100% used [0x00000000e3400000, 0x00000000e3c00000, 0x00000000e3c00000)
  from space 1024K,   1% used [0x00000000e3d00000, 0x00000000e3d04960, 0x00000000e3e00000)
  to   space 1024K,   0% used [0x00000000e3c00000, 0x00000000e3c00000, 0x00000000e3d00000)
 concurrent mark-sweep generation total 35752K, used 21449K [0x00000000ecca0000, 0x00000000eef8a000, 0x0000000100000000)
 Metaspace       used 27727K, capacity 28682K, committed 29056K, reserved 1075200K
  class space    used 3420K, capacity 3661K, committed 3712K, reserved 1048576K
2020-11-07T19:58:08.820+0800: 15.497: [GC (Allocation Failure) 2020-11-07T19:58:08.820+0800: 15.497: [ParNew: 8210K->22K(9216K), 0.0076713 secs] 29659K->21472K(44968K), 0.0077233 secs] [Times: user=0.00 sys=0.00, real=0.01 secs] 
Heap after GC invocations=210 (full 27):
 par new generation   total 9216K, used 22K [0x00000000e3400000, 0x00000000e3e00000, 0x00000000ecca0000)
  eden space 8192K,   0% used [0x00000000e3400000, 0x00000000e3400000, 0x00000000e3c00000)
  from space 1024K,   2% used [0x00000000e3c00000, 0x00000000e3c05848, 0x00000000e3d00000)
  to   space 1024K,   0% used [0x00000000e3d00000, 0x00000000e3d00000, 0x00000000e3e00000)
 concurrent mark-sweep generation total 35752K, used 21450K [0x00000000ecca0000, 0x00000000eef8a000, 0x0000000100000000)
 Metaspace       used 27727K, capacity 28682K, committed 29056K, reserved 1075200K
  class space    used 3420K, capacity 3661K, committed 3712K, reserved 1048576K
}
2020-11-07T19:58:08.856+0800: 15.533: Application time: 0.0281781 seconds
{Heap before GC invocations=210 (full 27):
 par new generation   total 9216K, used 8214K [0x00000000e3400000, 0x00000000e3e00000, 0x00000000ecca0000)
  eden space 8192K, 100% used [0x00000000e3400000, 0x00000000e3c00000, 0x00000000e3c00000)
  from space 1024K,   2% used [0x00000000e3c00000, 0x00000000e3c05848, 0x00000000e3d00000)
  to   space 1024K,   0% used [0x00000000e3d00000, 0x00000000e3d00000, 0x00000000e3e00000)
 concurrent mark-sweep generation total 35752K, used 21450K [0x00000000ecca0000, 0x00000000eef8a000, 0x0000000100000000)
 Metaspace       used 27739K, capacity 28746K, committed 29056K, reserved 1075200K
  class space    used 3421K, capacity 3661K, committed 3712K, reserved 1048576K
2020-11-07T19:58:08.856+0800: 15.533: [GC (Allocation Failure) 2020-11-07T19:58:08.856+0800: 15.533: [ParNew: 8214K->527K(9216K), 0.0206687 secs] 29664K->21979K(44968K), 0.0207239 secs] [Times: user=0.02 sys=0.00, real=0.02 secs] 
Heap after GC invocations=211 (full 27):
 par new generation   total 9216K, used 527K [0x00000000e3400000, 0x00000000e3e00000, 0x00000000ecca0000)
  eden space 8192K,   0% used [0x00000000e3400000, 0x00000000e3400000, 0x00000000e3c00000)
  from space 1024K,  51% used [0x00000000e3d00000, 0x00000000e3d83c20, 0x00000000e3e00000)
  to   space 1024K,   0% used [0x00000000e3c00000, 0x00000000e3c00000, 0x00000000e3d00000)
 concurrent mark-sweep generation total 35752K, used 21452K [0x00000000ecca0000, 0x00000000eef8a000, 0x0000000100000000)
 Metaspace       used 27739K, capacity 28746K, committed 29056K, reserved 1075200K
  class space    used 3421K, capacity 3661K, committed 3712K, reserved 1048576K
}
2020-11-07T19:58:08.880+0800: 15.556: Application time: 0.0028384 seconds
2020-11-07T19:58:08.882+0800: 15.559: [GC (CMS Initial Mark) [1 CMS-initial-mark: 21452K(35752K)] 23110K(44968K), 0.0031810 secs] [Times: user=0.01 sys=0.00, real=0.01 secs] 
2020-11-07T19:58:08.885+0800: 15.562: [CMS-concurrent-mark-start]
2020-11-07T19:58:08.954+0800: 15.631: Application time: 0.0688357 seconds
{Heap before GC invocations=211 (full 28):
 par new generation   total 9216K, used 8719K [0x00000000e3400000, 0x00000000e3e00000, 0x00000000ecca0000)
  eden space 8192K, 100% used [0x00000000e3400000, 0x00000000e3c00000, 0x00000000e3c00000)
  from space 1024K,  51% used [0x00000000e3d00000, 0x00000000e3d83c20, 0x00000000e3e00000)
  to   space 1024K,   0% used [0x00000000e3c00000, 0x00000000e3c00000, 0x00000000e3d00000)
 concurrent mark-sweep generation total 35752K, used 21452K [0x00000000ecca0000, 0x00000000eef8a000, 0x0000000100000000)
 Metaspace       used 27764K, capacity 28752K, committed 29056K, reserved 1075200K
  class space    used 3425K, capacity 3662K, committed 3712K, reserved 1048576K
2020-11-07T19:58:08.954+0800: 15.631: [GC (Allocation Failure) 2020-11-07T19:58:08.954+0800: 15.631: [ParNew: 8719K->607K(9216K), 0.0042654 secs] 30171K->22068K(44968K), 0.0043338 secs] [Times: user=0.01 sys=0.00, real=0.01 secs] 
Heap after GC invocations=212 (full 28):
 par new generation   total 9216K, used 607K [0x00000000e3400000, 0x00000000e3e00000, 0x00000000ecca0000)
  eden space 8192K,   0% used [0x00000000e3400000, 0x00000000e3400000, 0x00000000e3c00000)
  from space 1024K,  59% used [0x00000000e3c00000, 0x00000000e3c97e80, 0x00000000e3d00000)
  to   space 1024K,   0% used [0x00000000e3d00000, 0x00000000e3d00000, 0x00000000e3e00000)
 concurrent mark-sweep generation total 35752K, used 21460K [0x00000000ecca0000, 0x00000000eef8a000, 0x0000000100000000)
 Metaspace       used 27764K, capacity 28752K, committed 29056K, reserved 1075200K
  class space    used 3425K, capacity 3662K, committed 3712K, reserved 1048576K
}
2020-11-07T19:58:09.017+0800: 15.694: [CMS-concurrent-mark: 0.127/0.132 secs] [Times: user=0.11 sys=0.01, real=0.13 secs] 
2020-11-07T19:58:09.017+0800: 15.694: [CMS-concurrent-preclean-start]
2020-11-07T19:58:09.018+0800: 15.695: [CMS-concurrent-preclean: 0.001/0.001 secs] [Times: user=0.00 sys=0.00, real=0.00 secs] 
2020-11-07T19:58:09.018+0800: 15.695: [CMS-concurrent-abortable-preclean-start]
2020-11-07T19:58:09.059+0800: 15.735: Application time: 0.1001132 seconds
{Heap before GC invocations=212 (full 28):
 par new generation   total 9216K, used 8799K [0x00000000e3400000, 0x00000000e3e00000, 0x00000000ecca0000)
  eden space 8192K, 100% used [0x00000000e3400000, 0x00000000e3c00000, 0x00000000e3c00000)
  from space 1024K,  59% used [0x00000000e3c00000, 0x00000000e3c97e80, 0x00000000e3d00000)
  to   space 1024K,   0% used [0x00000000e3d00000, 0x00000000e3d00000, 0x00000000e3e00000)
 concurrent mark-sweep generation total 35752K, used 21460K [0x00000000ecca0000, 0x00000000eef8a000, 0x0000000100000000)
 Metaspace       used 27799K, capacity 28824K, committed 29056K, reserved 1075200K
  class space    used 3431K, capacity 3702K, committed 3712K, reserved 1048576K
2020-11-07T19:58:09.059+0800: 15.735: [GC (Allocation Failure) 2020-11-07T19:58:09.059+0800: 15.735: [ParNew: 8799K->248K(9216K), 0.0126824 secs] 30260K->21726K(44968K), 0.0127732 secs] [Times: user=0.01 sys=0.00, real=0.01 secs] 
Heap after GC invocations=213 (full 28):
 par new generation   total 9216K, used 248K [0x00000000e3400000, 0x00000000e3e00000, 0x00000000ecca0000)
  eden space 8192K,   0% used [0x00000000e3400000, 0x00000000e3400000, 0x00000000e3c00000)
  from space 1024K,  24% used [0x00000000e3d00000, 0x00000000e3d3e210, 0x00000000e3e00000)
  to   space 1024K,   0% used [0x00000000e3c00000, 0x00000000e3c00000, 0x00000000e3d00000)
 concurrent mark-sweep generation total 35752K, used 21477K [0x00000000ecca0000, 0x00000000eef8a000, 0x0000000100000000)
 Metaspace       used 27799K, capacity 28824K, committed 29056K, reserved 1075200K
  class space    used 3431K, capacity 3702K, committed 3712K, reserved 1048576K
}
2020-11-07T19:58:09.116+0800: 15.793: Application time: 0.0442975 seconds
{Heap before GC invocations=213 (full 28):
 par new generation   total 9216K, used 8440K [0x00000000e3400000, 0x00000000e3e00000, 0x00000000ecca0000)
  eden space 8192K, 100% used [0x00000000e3400000, 0x00000000e3c00000, 0x00000000e3c00000)
  from space 1024K,  24% used [0x00000000e3d00000, 0x00000000e3d3e210, 0x00000000e3e00000)
  to   space 1024K,   0% used [0x00000000e3c00000, 0x00000000e3c00000, 0x00000000e3d00000)
 concurrent mark-sweep generation total 35752K, used 21477K [0x00000000ecca0000, 0x00000000eef8a000, 0x0000000100000000)
 Metaspace       used 27850K, capacity 28888K, committed 29056K, reserved 1075200K
  class space    used 3435K, capacity 3702K, committed 3712K, reserved 1048576K
2020-11-07T19:58:09.116+0800: 15.793: [GC (Allocation Failure) 2020-11-07T19:58:09.116+0800: 15.793: [ParNew: 8440K->229K(9216K), 0.0150752 secs] 29918K->21707K(44968K), 0.0151306 secs] [Times: user=0.01 sys=0.00, real=0.01 secs] 
Heap after GC invocations=214 (full 28):
 par new generation   total 9216K, used 229K [0x00000000e3400000, 0x00000000e3e00000, 0x00000000ecca0000)
  eden space 8192K,   0% used [0x00000000e3400000, 0x00000000e3400000, 0x00000000e3c00000)
  from space 1024K,  22% used [0x00000000e3c00000, 0x00000000e3c397b8, 0x00000000e3d00000)
  to   space 1024K,   0% used [0x00000000e3d00000, 0x00000000e3d00000, 0x00000000e3e00000)
 concurrent mark-sweep generation total 35752K, used 21477K [0x00000000ecca0000, 0x00000000eef8a000, 0x0000000100000000)
 Metaspace       used 27850K, capacity 28888K, committed 29056K, reserved 1075200K
  class space    used 3435K, capacity 3702K, committed 3712K, reserved 1048576K
}
2020-11-07T19:58:09.152+0800: 15.829: Application time: 0.0207658 seconds
{Heap before GC invocations=214 (full 28):
 par new generation   total 9216K, used 8421K [0x00000000e3400000, 0x00000000e3e00000, 0x00000000ecca0000)
  eden space 8192K, 100% used [0x00000000e3400000, 0x00000000e3c00000, 0x00000000e3c00000)
  from space 1024K,  22% used [0x00000000e3c00000, 0x00000000e3c397b8, 0x00000000e3d00000)
  to   space 1024K,   0% used [0x00000000e3d00000, 0x00000000e3d00000, 0x00000000e3e00000)
 concurrent mark-sweep generation total 35752K, used 21477K [0x00000000ecca0000, 0x00000000eef8a000, 0x0000000100000000)
 Metaspace       used 27858K, capacity 28888K, committed 29056K, reserved 1075200K
  class space    used 3436K, capacity 3702K, committed 3712K, reserved 1048576K
2020-11-07T19:58:09.152+0800: 15.829: [GC (Allocation Failure) 2020-11-07T19:58:09.152+0800: 15.829: [ParNew: 8421K->227K(9216K), 0.0224470 secs] 29899K->21705K(44968K), 0.0225035 secs] [Times: user=0.03 sys=0.00, real=0.03 secs] 
Heap after GC invocations=215 (full 28):
 par new generation   total 9216K, used 227K [0x00000000e3400000, 0x00000000e3e00000, 0x00000000ecca0000)
  eden space 8192K,   0% used [0x00000000e3400000, 0x00000000e3400000, 0x00000000e3c00000)
  from space 1024K,  22% used [0x00000000e3d00000, 0x00000000e3d38ea8, 0x00000000e3e00000)
  to   space 1024K,   0% used [0x00000000e3c00000, 0x00000000e3c00000, 0x00000000e3d00000)
 concurrent mark-sweep generation total 35752K, used 21477K [0x00000000ecca0000, 0x00000000eef8a000, 0x0000000100000000)
 Metaspace       used 27858K, capacity 28888K, committed 29056K, reserved 1075200K
  class space    used 3436K, capacity 3702K, committed 3712K, reserved 1048576K
}
2020-11-07T19:58:09.199+0800: 15.876: Application time: 0.0246024 seconds
{Heap before GC invocations=215 (full 28):
 par new generation   total 9216K, used 8419K [0x00000000e3400000, 0x00000000e3e00000, 0x00000000ecca0000)
  eden space 8192K, 100% used [0x00000000e3400000, 0x00000000e3c00000, 0x00000000e3c00000)
  from space 1024K,  22% used [0x00000000e3d00000, 0x00000000e3d38ea8, 0x00000000e3e00000)
  to   space 1024K,   0% used [0x00000000e3c00000, 0x00000000e3c00000, 0x00000000e3d00000)
 concurrent mark-sweep generation total 35752K, used 21477K [0x00000000ecca0000, 0x00000000eef8a000, 0x0000000100000000)
 Metaspace       used 27863K, capacity 28888K, committed 29056K, reserved 1075200K
  class space    used 3437K, capacity 3702K, committed 3712K, reserved 1048576K
2020-11-07T19:58:09.199+0800: 15.876: [GC (Allocation Failure) 2020-11-07T19:58:09.199+0800: 15.876: [ParNew: 8419K->183K(9216K), 0.0035454 secs] 29897K->21660K(44968K), 0.0036172 secs] [Times: user=0.00 sys=0.00, real=0.00 secs] 
Heap after GC invocations=216 (full 28):
 par new generation   total 9216K, used 183K [0x00000000e3400000, 0x00000000e3e00000, 0x00000000ecca0000)
  eden space 8192K,   0% used [0x00000000e3400000, 0x00000000e3400000, 0x00000000e3c00000)
  from space 1024K,  17% used [0x00000000e3c00000, 0x00000000e3c2dc10, 0x00000000e3d00000)
  to   space 1024K,   0% used [0x00000000e3d00000, 0x00000000e3d00000, 0x00000000e3e00000)
 concurrent mark-sweep generation total 35752K, used 21477K [0x00000000ecca0000, 0x00000000eef8a000, 0x0000000100000000)
 Metaspace       used 27863K, capacity 28888K, committed 29056K, reserved 1075200K
  class space    used 3437K, capacity 3702K, committed 3712K, reserved 1048576K
}
2020-11-07T19:58:09.275+0800: 15.952: Application time: 0.0721367 seconds
{Heap before GC invocations=216 (full 28):
 par new generation   total 9216K, used 8375K [0x00000000e3400000, 0x00000000e3e00000, 0x00000000ecca0000)
  eden space 8192K, 100% used [0x00000000e3400000, 0x00000000e3c00000, 0x00000000e3c00000)
  from space 1024K,  17% used [0x00000000e3c00000, 0x00000000e3c2dc10, 0x00000000e3d00000)
  to   space 1024K,   0% used [0x00000000e3d00000, 0x00000000e3d00000, 0x00000000e3e00000)
 concurrent mark-sweep generation total 35752K, used 21477K [0x00000000ecca0000, 0x00000000eef8a000, 0x0000000100000000)
 Metaspace       used 28148K, capacity 29176K, committed 29440K, reserved 1075200K
  class space    used 3471K, capacity 3734K, committed 3840K, reserved 1048576K
2020-11-07T19:58:09.275+0800: 15.952: [GC (Allocation Failure) 2020-11-07T19:58:09.275+0800: 15.952: [ParNew: 8375K->606K(9216K), 0.0046328 secs] 29852K->22084K(44968K), 0.0047173 secs] [Times: user=0.00 sys=0.00, real=0.00 secs] 
Heap after GC invocations=217 (full 28):
 par new generation   total 9216K, used 606K [0x00000000e3400000, 0x00000000e3e00000, 0x00000000ecca0000)
  eden space 8192K,   0% used [0x00000000e3400000, 0x00000000e3400000, 0x00000000e3c00000)
  from space 1024K,  59% used [0x00000000e3d00000, 0x00000000e3d978d0, 0x00000000e3e00000)
  to   space 1024K,   0% used [0x00000000e3c00000, 0x00000000e3c00000, 0x00000000e3d00000)
 concurrent mark-sweep generation total 35752K, used 21477K [0x00000000ecca0000, 0x00000000eef8a000, 0x0000000100000000)
 Metaspace       used 28148K, capacity 29176K, committed 29440K, reserved 1075200K
  class space    used 3471K, capacity 3734K, committed 3840K, reserved 1048576K
}
2020-11-07T19:58:09.326+0800: 16.003: Application time: 0.0457883 seconds
{Heap before GC invocations=217 (full 28):
 par new generation   total 9216K, used 8798K [0x00000000e3400000, 0x00000000e3e00000, 0x00000000ecca0000)
  eden space 8192K, 100% used [0x00000000e3400000, 0x00000000e3c00000, 0x00000000e3c00000)
  from space 1024K,  59% used [0x00000000e3d00000, 0x00000000e3d978d0, 0x00000000e3e00000)
  to   space 1024K,   0% used [0x00000000e3c00000, 0x00000000e3c00000, 0x00000000e3d00000)
 concurrent mark-sweep generation total 35752K, used 21477K [0x00000000ecca0000, 0x00000000eef8a000, 0x0000000100000000)
 Metaspace       used 28231K, capacity 29240K, committed 29440K, reserved 1075200K
  class space    used 3478K, capacity 3734K, committed 3840K, reserved 1048576K
2020-11-07T19:58:09.326+0800: 16.003: [GC (Allocation Failure) 2020-11-07T19:58:09.326+0800: 16.003: [ParNew: 8798K->342K(9216K), 0.0200588 secs] 30276K->21900K(44968K), 0.0201205 secs] [Times: user=0.02 sys=0.00, real=0.02 secs] 
Heap after GC invocations=218 (full 28):
 par new generation   total 9216K, used 342K [0x00000000e3400000, 0x00000000e3e00000, 0x00000000ecca0000)
  eden space 8192K,   0% used [0x00000000e3400000, 0x00000000e3400000, 0x00000000e3c00000)
  from space 1024K,  33% used [0x00000000e3c00000, 0x00000000e3c55900, 0x00000000e3d00000)
  to   space 1024K,   0% used [0x00000000e3d00000, 0x00000000e3d00000, 0x00000000e3e00000)
 concurrent mark-sweep generation total 35752K, used 21557K [0x00000000ecca0000, 0x00000000eef8a000, 0x0000000100000000)
 Metaspace       used 28231K, capacity 29240K, committed 29440K, reserved 1075200K
  class space    used 3478K, capacity 3734K, committed 3840K, reserved 1048576K
}
2020-11-07T19:58:09.392+0800: 16.069: Application time: 0.0455353 seconds
{Heap before GC invocations=218 (full 28):
 par new generation   total 9216K, used 8534K [0x00000000e3400000, 0x00000000e3e00000, 0x00000000ecca0000)
  eden space 8192K, 100% used [0x00000000e3400000, 0x00000000e3c00000, 0x00000000e3c00000)
  from space 1024K,  33% used [0x00000000e3c00000, 0x00000000e3c55900, 0x00000000e3d00000)
  to   space 1024K,   0% used [0x00000000e3d00000, 0x00000000e3d00000, 0x00000000e3e00000)
 concurrent mark-sweep generation total 35752K, used 21557K [0x00000000ecca0000, 0x00000000eef8a000, 0x0000000100000000)
 Metaspace       used 28262K, capacity 29254K, committed 29440K, reserved 1075200K
  class space    used 3483K, capacity 3737K, committed 3840K, reserved 1048576K
2020-11-07T19:58:09.392+0800: 16.069: [GC (Allocation Failure) 2020-11-07T19:58:09.392+0800: 16.069: [ParNew: 8534K->385K(9216K), 0.0316682 secs] 30092K->21943K(44968K), 0.0317219 secs] [Times: user=0.02 sys=0.00, real=0.03 secs] 
Heap after GC invocations=219 (full 28):
 par new generation   total 9216K, used 385K [0x00000000e3400000, 0x00000000e3e00000, 0x00000000ecca0000)
  eden space 8192K,   0% used [0x00000000e3400000, 0x00000000e3400000, 0x00000000e3c00000)
  from space 1024K,  37% used [0x00000000e3d00000, 0x00000000e3d60660, 0x00000000e3e00000)
  to   space 1024K,   0% used [0x00000000e3c00000, 0x00000000e3c00000, 0x00000000e3d00000)
 concurrent mark-sweep generation total 35752K, used 21557K [0x00000000ecca0000, 0x00000000eef8a000, 0x0000000100000000)
 Metaspace       used 28262K, capacity 29254K, committed 29440K, reserved 1075200K
  class space    used 3483K, capacity 3737K, committed 3840K, reserved 1048576K
}
2020-11-07T19:58:09.457+0800: 16.134: Application time: 0.0335942 seconds
{Heap before GC invocations=219 (full 28):
 par new generation   total 9216K, used 8577K [0x00000000e3400000, 0x00000000e3e00000, 0x00000000ecca0000)
  eden space 8192K, 100% used [0x00000000e3400000, 0x00000000e3c00000, 0x00000000e3c00000)
  from space 1024K,  37% used [0x00000000e3d00000, 0x00000000e3d60660, 0x00000000e3e00000)
  to   space 1024K,   0% used [0x00000000e3c00000, 0x00000000e3c00000, 0x00000000e3d00000)
 concurrent mark-sweep generation total 35752K, used 21557K [0x00000000ecca0000, 0x00000000eef8a000, 0x0000000100000000)
 Metaspace       used 28277K, capacity 29318K, committed 29696K, reserved 1075200K
  class space    used 3486K, capacity 3737K, committed 3840K, reserved 1048576K
2020-11-07T19:58:09.458+0800: 16.134: [GC (Allocation Failure) 2020-11-07T19:58:09.458+0800: 16.134: [ParNew: 8577K->471K(9216K), 0.0334577 secs] 30135K->22029K(44968K), 0.0335093 secs] [Times: user=0.02 sys=0.00, real=0.03 secs] 
Heap after GC invocations=220 (full 28):
 par new generation   total 9216K, used 471K [0x00000000e3400000, 0x00000000e3e00000, 0x00000000ecca0000)
  eden space 8192K,   0% used [0x00000000e3400000, 0x00000000e3400000, 0x00000000e3c00000)
  from space 1024K,  46% used [0x00000000e3c00000, 0x00000000e3c75e20, 0x00000000e3d00000)
  to   space 1024K,   0% used [0x00000000e3d00000, 0x00000000e3d00000, 0x00000000e3e00000)
 concurrent mark-sweep generation total 35752K, used 21557K [0x00000000ecca0000, 0x00000000eef8a000, 0x0000000100000000)
 Metaspace       used 28277K, capacity 29318K, committed 29696K, reserved 1075200K
  class space    used 3486K, capacity 3737K, committed 3840K, reserved 1048576K
}
2020-11-07T19:58:09.512+0800: 16.189: Application time: 0.0207136 seconds
{Heap before GC invocations=220 (full 28):
 par new generation   total 9216K, used 8663K [0x00000000e3400000, 0x00000000e3e00000, 0x00000000ecca0000)
  eden space 8192K, 100% used [0x00000000e3400000, 0x00000000e3c00000, 0x00000000e3c00000)
  from space 1024K,  46% used [0x00000000e3c00000, 0x00000000e3c75e20, 0x00000000e3d00000)
  to   space 1024K,   0% used [0x00000000e3d00000, 0x00000000e3d00000, 0x00000000e3e00000)
 concurrent mark-sweep generation total 35752K, used 21557K [0x00000000ecca0000, 0x00000000eef8a000, 0x0000000100000000)
 Metaspace       used 28296K, capacity 29318K, committed 29696K, reserved 1075200K
  class space    used 3491K, capacity 3737K, committed 3840K, reserved 1048576K
2020-11-07T19:58:09.512+0800: 16.189: [GC (Allocation Failure) 2020-11-07T19:58:09.512+0800: 16.189: [ParNew: 8663K->332K(9216K), 0.0136210 secs] 30221K->21890K(44968K), 0.0136769 secs] [Times: user=0.02 sys=0.00, real=0.02 secs] 
Heap after GC invocations=221 (full 28):
 par new generation   total 9216K, used 332K [0x00000000e3400000, 0x00000000e3e00000, 0x00000000ecca0000)
  eden space 8192K,   0% used [0x00000000e3400000, 0x00000000e3400000, 0x00000000e3c00000)
  from space 1024K,  32% used [0x00000000e3d00000, 0x00000000e3d53398, 0x00000000e3e00000)
  to   space 1024K,   0% used [0x00000000e3c00000, 0x00000000e3c00000, 0x00000000e3d00000)
 concurrent mark-sweep generation total 35752K, used 21557K [0x00000000ecca0000, 0x00000000eef8a000, 0x0000000100000000)
 Metaspace       used 28296K, capacity 29318K, committed 29696K, reserved 1075200K
  class space    used 3491K, capacity 3737K, committed 3840K, reserved 1048576K
}
2020-11-07T19:58:09.526+0800: 16.203: [CMS-concurrent-abortable-preclean: 0.080/0.507 secs] [Times: user=0.46 sys=0.01, real=0.51 secs] 
2020-11-07T19:58:09.531+0800: 16.208: Application time: 0.0053317 seconds
2020-11-07T19:58:09.531+0800: 16.208: [GC (CMS Final Remark) [YG occupancy: 4591 K (9216 K)]2020-11-07T19:58:09.531+0800: 16.208: [Rescan (parallel) , 0.0373355 secs]2020-11-07T19:58:09.569+0800: 16.245: [weak refs processing, 0.0018719 secs]2020-11-07T19:58:09.570+0800: 16.247: [class unloading, 0.0074283 secs]2020-11-07T19:58:09.578+0800: 16.255: [scrub symbol table, 0.0102653 secs]2020-11-07T19:58:09.588+0800: 16.265: [scrub string table, 0.0006219 secs][1 CMS-remark: 21557K(35752K)] 26149K(44968K), 0.0577331 secs] [Times: user=0.06 sys=0.00, real=0.06 secs] 
2020-11-07T19:58:09.595+0800: 16.271: [CMS-concurrent-sweep-start]
2020-11-07T19:58:09.605+0800: 16.282: [CMS-concurrent-sweep: 0.011/0.011 secs] [Times: user=0.01 sys=0.00, real=0.01 secs] 
2020-11-07T19:58:09.606+0800: 16.282: [CMS-concurrent-reset-start]
2020-11-07T19:58:09.607+0800: 16.283: [CMS-concurrent-reset: 0.001/0.001 secs] [Times: user=0.00 sys=0.00, real=0.00 secs] 
2020-11-07T19:58:09.608+0800: 16.285: Application time: 0.0189134 seconds
{Heap before GC invocations=221 (full 28):
 par new generation   total 9216K, used 8524K [0x00000000e3400000, 0x00000000e3e00000, 0x00000000ecca0000)
  eden space 8192K, 100% used [0x00000000e3400000, 0x00000000e3c00000, 0x00000000e3c00000)
  from space 1024K,  32% used [0x00000000e3d00000, 0x00000000e3d53398, 0x00000000e3e00000)
  to   space 1024K,   0% used [0x00000000e3c00000, 0x00000000e3c00000, 0x00000000e3d00000)
 concurrent mark-sweep generation total 35752K, used 21158K [0x00000000ecca0000, 0x00000000eef8a000, 0x0000000100000000)
 Metaspace       used 28296K, capacity 29318K, committed 29696K, reserved 1075200K
  class space    used 3491K, capacity 3737K, committed 3840K, reserved 1048576K
2020-11-07T19:58:09.608+0800: 16.285: [GC (Allocation Failure) 2020-11-07T19:58:09.608+0800: 16.285: [ParNew: 8524K->292K(9216K), 0.0160732 secs] 29683K->21451K(44968K), 0.0161375 secs] [Times: user=0.02 sys=0.00, real=0.01 secs] 
Heap after GC invocations=222 (full 28):
 par new generation   total 9216K, used 292K [0x00000000e3400000, 0x00000000e3e00000, 0x00000000ecca0000)
  eden space 8192K,   0% used [0x00000000e3400000, 0x00000000e3400000, 0x00000000e3c00000)
  from space 1024K,  28% used [0x00000000e3c00000, 0x00000000e3c492d8, 0x00000000e3d00000)
  to   space 1024K,   0% used [0x00000000e3d00000, 0x00000000e3d00000, 0x00000000e3e00000)
 concurrent mark-sweep generation total 35752K, used 21158K [0x00000000ecca0000, 0x00000000eef8a000, 0x0000000100000000)
 Metaspace       used 28296K, capacity 29318K, committed 29696K, reserved 1075200K
  class space    used 3491K, capacity 3737K, committed 3840K, reserved 1048576K
}
2020-11-07T19:58:09.637+0800: 16.314: Application time: 0.0127280 seconds
{Heap before GC invocations=222 (full 28):
 par new generation   total 9216K, used 8484K [0x00000000e3400000, 0x00000000e3e00000, 0x00000000ecca0000)
  eden space 8192K, 100% used [0x00000000e3400000, 0x00000000e3c00000, 0x00000000e3c00000)
  from space 1024K,  28% used [0x00000000e3c00000, 0x00000000e3c492d8, 0x00000000e3d00000)
  to   space 1024K,   0% used [0x00000000e3d00000, 0x00000000e3d00000, 0x00000000e3e00000)
 concurrent mark-sweep generation total 35752K, used 21158K [0x00000000ecca0000, 0x00000000eef8a000, 0x0000000100000000)
 Metaspace       used 28298K, capacity 29318K, committed 29696K, reserved 1075200K
  class space    used 3491K, capacity 3737K, committed 3840K, reserved 1048576K
2020-11-07T19:58:09.637+0800: 16.314: [GC (Allocation Failure) 2020-11-07T19:58:09.637+0800: 16.314: [ParNew: 8484K->367K(9216K), 0.0039915 secs] 29643K->21526K(44968K), 0.0040387 secs] [Times: user=0.00 sys=0.00, real=0.00 secs] 
Heap after GC invocations=223 (full 28):
 par new generation   total 9216K, used 367K [0x00000000e3400000, 0x00000000e3e00000, 0x00000000ecca0000)
  eden space 8192K,   0% used [0x00000000e3400000, 0x00000000e3400000, 0x00000000e3c00000)
  from space 1024K,  35% used [0x00000000e3d00000, 0x00000000e3d5bf68, 0x00000000e3e00000)
  to   space 1024K,   0% used [0x00000000e3c00000, 0x00000000e3c00000, 0x00000000e3d00000)
 concurrent mark-sweep generation total 35752K, used 21158K [0x00000000ecca0000, 0x00000000eef8a000, 0x0000000100000000)
 Metaspace       used 28298K, capacity 29318K, committed 29696K, reserved 1075200K
  class space    used 3491K, capacity 3737K, committed 3840K, reserved 1048576K
}
2020-11-07T19:58:09.675+0800: 16.352: Application time: 0.0336530 seconds
{Heap before GC invocations=223 (full 28):
 par new generation   total 9216K, used 8559K [0x00000000e3400000, 0x00000000e3e00000, 0x00000000ecca0000)
  eden space 8192K, 100% used [0x00000000e3400000, 0x00000000e3c00000, 0x00000000e3c00000)
  from space 1024K,  35% used [0x00000000e3d00000, 0x00000000e3d5bf68, 0x00000000e3e00000)
  to   space 1024K,   0% used [0x00000000e3c00000, 0x00000000e3c00000, 0x00000000e3d00000)
 concurrent mark-sweep generation total 35752K, used 21158K [0x00000000ecca0000, 0x00000000eef8a000, 0x0000000100000000)
 Metaspace       used 28311K, capacity 29318K, committed 29696K, reserved 1075200K
  class space    used 3492K, capacity 3737K, committed 3840K, reserved 1048576K
2020-11-07T19:58:09.675+0800: 16.352: [GC (Allocation Failure) 2020-11-07T19:58:09.675+0800: 16.352: [ParNew: 8559K->611K(9216K), 0.0148306 secs] 29718K->21793K(44968K), 0.0148842 secs] [Times: user=0.01 sys=0.00, real=0.01 secs] 
Heap after GC invocations=224 (full 28):
 par new generation   total 9216K, used 611K [0x00000000e3400000, 0x00000000e3e00000, 0x00000000ecca0000)
  eden space 8192K,   0% used [0x00000000e3400000, 0x00000000e3400000, 0x00000000e3c00000)
  from space 1024K,  59% used [0x00000000e3c00000, 0x00000000e3c98cf0, 0x00000000e3d00000)
  to   space 1024K,   0% used [0x00000000e3d00000, 0x00000000e3d00000, 0x00000000e3e00000)
 concurrent mark-sweep generation total 35752K, used 21182K [0x00000000ecca0000, 0x00000000eef8a000, 0x0000000100000000)
 Metaspace       used 28311K, capacity 29318K, committed 29696K, reserved 1075200K
  class space    used 3492K, capacity 3737K, committed 3840K, reserved 1048576K
}
2020-11-07T19:58:09.732+0800: 16.409: Application time: 0.0423345 seconds
{Heap before GC invocations=224 (full 28):
 par new generation   total 9216K, used 8803K [0x00000000e3400000, 0x00000000e3e00000, 0x00000000ecca0000)
  eden space 8192K, 100% used [0x00000000e3400000, 0x00000000e3c00000, 0x00000000e3c00000)
  from space 1024K,  59% used [0x00000000e3c00000, 0x00000000e3c98cf0, 0x00000000e3d00000)
  to   space 1024K,   0% used [0x00000000e3d00000, 0x00000000e3d00000, 0x00000000e3e00000)
 concurrent mark-sweep generation total 35752K, used 21182K [0x00000000ecca0000, 0x00000000eef8a000, 0x0000000100000000)
 Metaspace       used 28324K, capacity 29324K, committed 29696K, reserved 1075200K
  class space    used 3494K, capacity 3738K, committed 3840K, reserved 1048576K
2020-11-07T19:58:09.732+0800: 16.409: [GC (Allocation Failure) 2020-11-07T19:58:09.732+0800: 16.409: [ParNew: 8803K->619K(9216K), 0.0179878 secs] 29985K->21809K(44968K), 0.0180605 secs] [Times: user=0.02 sys=0.00, real=0.02 secs] 
Heap after GC invocations=225 (full 28):
 par new generation   total 9216K, used 619K [0x00000000e3400000, 0x00000000e3e00000, 0x00000000ecca0000)
  eden space 8192K,   0% used [0x00000000e3400000, 0x00000000e3400000, 0x00000000e3c00000)
  from space 1024K,  60% used [0x00000000e3d00000, 0x00000000e3d9ad20, 0x00000000e3e00000)
  to   space 1024K,   0% used [0x00000000e3c00000, 0x00000000e3c00000, 0x00000000e3d00000)
 concurrent mark-sweep generation total 35752K, used 21189K [0x00000000ecca0000, 0x00000000eef8a000, 0x0000000100000000)
 Metaspace       used 28324K, capacity 29324K, committed 29696K, reserved 1075200K
  class space    used 3494K, capacity 3738K, committed 3840K, reserved 1048576K
}
2020-11-07T19:58:09.775+0800: 16.452: Application time: 0.0245436 seconds
{Heap before GC invocations=225 (full 28):
 par new generation   total 9216K, used 8811K [0x00000000e3400000, 0x00000000e3e00000, 0x00000000ecca0000)
  eden space 8192K, 100% used [0x00000000e3400000, 0x00000000e3c00000, 0x00000000e3c00000)
  from space 1024K,  60% used [0x00000000e3d00000, 0x00000000e3d9ad20, 0x00000000e3e00000)
  to   space 1024K,   0% used [0x00000000e3c00000, 0x00000000e3c00000, 0x00000000e3d00000)
 concurrent mark-sweep generation total 35752K, used 21189K [0x00000000ecca0000, 0x00000000eef8a000, 0x0000000100000000)
 Metaspace       used 28333K, capacity 29324K, committed 29696K, reserved 1075200K
  class space    used 3495K, capacity 3738K, committed 3840K, reserved 1048576K
2020-11-07T19:58:09.775+0800: 16.452: [GC (Allocation Failure) 2020-11-07T19:58:09.775+0800: 16.452: [ParNew: 8811K->617K(9216K), 0.0204169 secs] 30001K->21887K(44968K), 0.0204735 secs] [Times: user=0.02 sys=0.00, real=0.02 secs] 
Heap after GC invocations=226 (full 28):
 par new generation   total 9216K, used 617K [0x00000000e3400000, 0x00000000e3e00000, 0x00000000ecca0000)
  eden space 8192K,   0% used [0x00000000e3400000, 0x00000000e3400000, 0x00000000e3c00000)
  from space 1024K,  60% used [0x00000000e3c00000, 0x00000000e3c9a488, 0x00000000e3d00000)
  to   space 1024K,   0% used [0x00000000e3d00000, 0x00000000e3d00000, 0x00000000e3e00000)
 concurrent mark-sweep generation total 35752K, used 21270K [0x00000000ecca0000, 0x00000000eef8a000, 0x0000000100000000)
 Metaspace       used 28333K, capacity 29324K, committed 29696K, reserved 1075200K
  class space    used 3495K, capacity 3738K, committed 3840K, reserved 1048576K
}
2020-11-07T19:58:09.812+0800: 16.489: Application time: 0.0162337 seconds
{Heap before GC invocations=226 (full 28):
 par new generation   total 9216K, used 8809K [0x00000000e3400000, 0x00000000e3e00000, 0x00000000ecca0000)
  eden space 8192K, 100% used [0x00000000e3400000, 0x00000000e3c00000, 0x00000000e3c00000)
  from space 1024K,  60% used [0x00000000e3c00000, 0x00000000e3c9a488, 0x00000000e3d00000)
  to   space 1024K,   0% used [0x00000000e3d00000, 0x00000000e3d00000, 0x00000000e3e00000)
 concurrent mark-sweep generation total 35752K, used 21270K [0x00000000ecca0000, 0x00000000eef8a000, 0x0000000100000000)
 Metaspace       used 28380K, capacity 29420K, committed 29696K, reserved 1075200K
  class space    used 3498K, capacity 3770K, committed 3840K, reserved 1048576K
2020-11-07T19:58:09.812+0800: 16.489: [GC (Allocation Failure) 2020-11-07T19:58:09.812+0800: 16.489: [ParNew: 8809K->544K(9216K), 0.0101055 secs] 30079K->21834K(44968K), 0.0101560 secs] [Times: user=0.01 sys=0.00, real=0.01 secs] 
Heap after GC invocations=227 (full 28):
 par new generation   total 9216K, used 544K [0x00000000e3400000, 0x00000000e3e00000, 0x00000000ecca0000)
  eden space 8192K,   0% used [0x00000000e3400000, 0x00000000e3400000, 0x00000000e3c00000)
  from space 1024K,  53% used [0x00000000e3d00000, 0x00000000e3d881f8, 0x00000000e3e00000)
  to   space 1024K,   0% used [0x00000000e3c00000, 0x00000000e3c00000, 0x00000000e3d00000)
 concurrent mark-sweep generation total 35752K, used 21289K [0x00000000ecca0000, 0x00000000eef8a000, 0x0000000100000000)
 Metaspace       used 28380K, capacity 29420K, committed 29696K, reserved 1075200K
  class space    used 3498K, capacity 3770K, committed 3840K, reserved 1048576K
}
2020-11-07T19:58:09.856+0800: 16.533: Application time: 0.0338231 seconds
{Heap before GC invocations=227 (full 28):
 par new generation   total 9216K, used 8736K [0x00000000e3400000, 0x00000000e3e00000, 0x00000000ecca0000)
  eden space 8192K, 100% used [0x00000000e3400000, 0x00000000e3c00000, 0x00000000e3c00000)
  from space 1024K,  53% used [0x00000000e3d00000, 0x00000000e3d881f8, 0x00000000e3e00000)
  to   space 1024K,   0% used [0x00000000e3c00000, 0x00000000e3c00000, 0x00000000e3d00000)
 concurrent mark-sweep generation total 35752K, used 21289K [0x00000000ecca0000, 0x00000000eef8a000, 0x0000000100000000)
 Metaspace       used 28457K, capacity 29492K, committed 29696K, reserved 1075200K
  class space    used 3506K, capacity 3772K, committed 3840K, reserved 1048576K
2020-11-07T19:58:09.856+0800: 16.533: [GC (Allocation Failure) 2020-11-07T19:58:09.856+0800: 16.533: [ParNew: 8736K->592K(9216K), 0.0398853 secs] 30026K->21941K(44968K), 0.0399359 secs] [Times: user=0.04 sys=0.00, real=0.04 secs] 
Heap after GC invocations=228 (full 28):
 par new generation   total 9216K, used 592K [0x00000000e3400000, 0x00000000e3e00000, 0x00000000ecca0000)
  eden space 8192K,   0% used [0x00000000e3400000, 0x00000000e3400000, 0x00000000e3c00000)
  from space 1024K,  57% used [0x00000000e3c00000, 0x00000000e3c942d0, 0x00000000e3d00000)
  to   space 1024K,   0% used [0x00000000e3d00000, 0x00000000e3d00000, 0x00000000e3e00000)
 concurrent mark-sweep generation total 35752K, used 21348K [0x00000000ecca0000, 0x00000000eef8a000, 0x0000000100000000)
 Metaspace       used 28457K, capacity 29492K, committed 29696K, reserved 1075200K
  class space    used 3506K, capacity 3772K, committed 3840K, reserved 1048576K
}
2020-11-07T19:58:09.918+0800: 16.595: Application time: 0.0219412 seconds
{Heap before GC invocations=228 (full 28):
 par new generation   total 9216K, used 8784K [0x00000000e3400000, 0x00000000e3e00000, 0x00000000ecca0000)
  eden space 8192K, 100% used [0x00000000e3400000, 0x00000000e3c00000, 0x00000000e3c00000)
  from space 1024K,  57% used [0x00000000e3c00000, 0x00000000e3c942d0, 0x00000000e3d00000)
  to   space 1024K,   0% used [0x00000000e3d00000, 0x00000000e3d00000, 0x00000000e3e00000)
 concurrent mark-sweep generation total 35752K, used 21348K [0x00000000ecca0000, 0x00000000eef8a000, 0x0000000100000000)
 Metaspace       used 28472K, capacity 29498K, committed 29696K, reserved 1075200K
  class space    used 3508K, capacity 3773K, committed 3840K, reserved 1048576K
2020-11-07T19:58:09.918+0800: 16.595: [GC (Allocation Failure) 2020-11-07T19:58:09.918+0800: 16.595: [ParNew: 8784K->485K(9216K), 0.0193438 secs] 30133K->21858K(44968K), 0.0193975 secs] [Times: user=0.02 sys=0.00, real=0.02 secs] 
Heap after GC invocations=229 (full 28):
 par new generation   total 9216K, used 485K [0x00000000e3400000, 0x00000000e3e00000, 0x00000000ecca0000)
  eden space 8192K,   0% used [0x00000000e3400000, 0x00000000e3400000, 0x00000000e3c00000)
  from space 1024K,  47% used [0x00000000e3d00000, 0x00000000e3d79578, 0x00000000e3e00000)
  to   space 1024K,   0% used [0x00000000e3c00000, 0x00000000e3c00000, 0x00000000e3d00000)
 concurrent mark-sweep generation total 35752K, used 21373K [0x00000000ecca0000, 0x00000000eef8a000, 0x0000000100000000)
 Metaspace       used 28472K, capacity 29498K, committed 29696K, reserved 1075200K
  class space    used 3508K, capacity 3773K, committed 3840K, reserved 1048576K
}
2020-11-07T19:58:09.951+0800: 16.628: Application time: 0.0130396 seconds
{Heap before GC invocations=229 (full 28):
 par new generation   total 9216K, used 8677K [0x00000000e3400000, 0x00000000e3e00000, 0x00000000ecca0000)
  eden space 8192K, 100% used [0x00000000e3400000, 0x00000000e3c00000, 0x00000000e3c00000)
  from space 1024K,  47% used [0x00000000e3d00000, 0x00000000e3d79578, 0x00000000e3e00000)
  to   space 1024K,   0% used [0x00000000e3c00000, 0x00000000e3c00000, 0x00000000e3d00000)
 concurrent mark-sweep generation total 35752K, used 21373K [0x00000000ecca0000, 0x00000000eef8a000, 0x0000000100000000)
 Metaspace       used 28473K, capacity 29498K, committed 29696K, reserved 1075200K
  class space    used 3508K, capacity 3773K, committed 3840K, reserved 1048576K
2020-11-07T19:58:09.951+0800: 16.628: [GC (Allocation Failure) 2020-11-07T19:58:09.951+0800: 16.628: [ParNew: 8677K->510K(9216K), 0.0227817 secs] 30050K->21890K(44968K), 0.0228389 secs] [Times: user=0.03 sys=0.00, real=0.02 secs] 
Heap after GC invocations=230 (full 28):
 par new generation   total 9216K, used 510K [0x00000000e3400000, 0x00000000e3e00000, 0x00000000ecca0000)
  eden space 8192K,   0% used [0x00000000e3400000, 0x00000000e3400000, 0x00000000e3c00000)
  from space 1024K,  49% used [0x00000000e3c00000, 0x00000000e3c7f8b8, 0x00000000e3d00000)
  to   space 1024K,   0% used [0x00000000e3d00000, 0x00000000e3d00000, 0x00000000e3e00000)
 concurrent mark-sweep generation total 35752K, used 21380K [0x00000000ecca0000, 0x00000000eef8a000, 0x0000000100000000)
 Metaspace       used 28473K, capacity 29498K, committed 29696K, reserved 1075200K
  class space    used 3508K, capacity 3773K, committed 3840K, reserved 1048576K
}
2020-11-07T19:58:09.992+0800: 16.668: Application time: 0.0177656 seconds
{Heap before GC invocations=230 (full 28):
 par new generation   total 9216K, used 8702K [0x00000000e3400000, 0x00000000e3e00000, 0x00000000ecca0000)
  eden space 8192K, 100% used [0x00000000e3400000, 0x00000000e3c00000, 0x00000000e3c00000)
  from space 1024K,  49% used [0x00000000e3c00000, 0x00000000e3c7f8b8, 0x00000000e3d00000)
  to   space 1024K,   0% used [0x00000000e3d00000, 0x00000000e3d00000, 0x00000000e3e00000)
 concurrent mark-sweep generation total 35752K, used 21380K [0x00000000ecca0000, 0x00000000eef8a000, 0x0000000100000000)
 Metaspace       used 28478K, capacity 29498K, committed 29696K, reserved 1075200K
  class space    used 3509K, capacity 3773K, committed 3840K, reserved 1048576K
2020-11-07T19:58:09.992+0800: 16.669: [GC (Allocation Failure) 2020-11-07T19:58:09.992+0800: 16.669: [ParNew: 8702K->515K(9216K), 0.0178214 secs] 30082K->21913K(44968K), 0.0178734 secs] [Times: user=0.02 sys=0.00, real=0.02 secs] 
Heap after GC invocations=231 (full 28):
 par new generation   total 9216K, used 515K [0x00000000e3400000, 0x00000000e3e00000, 0x00000000ecca0000)
  eden space 8192K,   0% used [0x00000000e3400000, 0x00000000e3400000, 0x00000000e3c00000)
  from space 1024K,  50% used [0x00000000e3d00000, 0x00000000e3d80e18, 0x00000000e3e00000)
  to   space 1024K,   0% used [0x00000000e3c00000, 0x00000000e3c00000, 0x00000000e3d00000)
 concurrent mark-sweep generation total 35752K, used 21398K [0x00000000ecca0000, 0x00000000eef8a000, 0x0000000100000000)
 Metaspace       used 28478K, capacity 29498K, committed 29696K, reserved 1075200K
  class space    used 3509K, capacity 3773K, committed 3840K, reserved 1048576K
}
2020-11-07T19:58:10.042+0800: 16.719: Application time: 0.0326996 seconds
{Heap before GC invocations=231 (full 28):
 par new generation   total 9216K, used 8707K [0x00000000e3400000, 0x00000000e3e00000, 0x00000000ecca0000)
  eden space 8192K, 100% used [0x00000000e3400000, 0x00000000e3c00000, 0x00000000e3c00000)
  from space 1024K,  50% used [0x00000000e3d00000, 0x00000000e3d80e18, 0x00000000e3e00000)
  to   space 1024K,   0% used [0x00000000e3c00000, 0x00000000e3c00000, 0x00000000e3d00000)
 concurrent mark-sweep generation total 35752K, used 21398K [0x00000000ecca0000, 0x00000000eef8a000, 0x0000000100000000)
 Metaspace       used 28497K, capacity 29528K, committed 29696K, reserved 1075200K
  class space    used 3512K, capacity 3778K, committed 3840K, reserved 1048576K
2020-11-07T19:58:10.043+0800: 16.719: [GC (Allocation Failure) 2020-11-07T19:58:10.043+0800: 16.719: [ParNew: 8707K->815K(9216K), 0.0286779 secs] 30105K->22237K(44968K), 0.0287499 secs] [Times: user=0.03 sys=0.00, real=0.03 secs] 
Heap after GC invocations=232 (full 28):
 par new generation   total 9216K, used 815K [0x00000000e3400000, 0x00000000e3e00000, 0x00000000ecca0000)
  eden space 8192K,   0% used [0x00000000e3400000, 0x00000000e3400000, 0x00000000e3c00000)
  from space 1024K,  79% used [0x00000000e3c00000, 0x00000000e3ccbca0, 0x00000000e3d00000)
  to   space 1024K,   0% used [0x00000000e3d00000, 0x00000000e3d00000, 0x00000000e3e00000)
 concurrent mark-sweep generation total 35752K, used 21422K [0x00000000ecca0000, 0x00000000eef8a000, 0x0000000100000000)
 Metaspace       used 28497K, capacity 29528K, committed 29696K, reserved 1075200K
  class space    used 3512K, capacity 3778K, committed 3840K, reserved 1048576K
}
2020-11-07T19:58:10.110+0800: 16.787: Application time: 0.0388222 seconds
{Heap before GC invocations=232 (full 28):
 par new generation   total 9216K, used 9001K [0x00000000e3400000, 0x00000000e3e00000, 0x00000000ecca0000)
  eden space 8192K,  99% used [0x00000000e3400000, 0x00000000e3bfe868, 0x00000000e3c00000)
  from space 1024K,  79% used [0x00000000e3c00000, 0x00000000e3ccbca0, 0x00000000e3d00000)
  to   space 1024K,   0% used [0x00000000e3d00000, 0x00000000e3d00000, 0x00000000e3e00000)
 concurrent mark-sweep generation total 35752K, used 21422K [0x00000000ecca0000, 0x00000000eef8a000, 0x0000000100000000)
 Metaspace       used 28528K, capacity 29552K, committed 29696K, reserved 1075200K
  class space    used 3517K, capacity 3782K, committed 3840K, reserved 1048576K
2020-11-07T19:58:10.110+0800: 16.787: [GC (Allocation Failure) 2020-11-07T19:58:10.110+0800: 16.787: [ParNew: 9001K->797K(9216K), 0.0072770 secs] 30423K->22481K(44968K), 0.0073427 secs] [Times: user=0.00 sys=0.00, real=0.01 secs] 
Heap after GC invocations=233 (full 28):
 par new generation   total 9216K, used 797K [0x00000000e3400000, 0x00000000e3e00000, 0x00000000ecca0000)
  eden space 8192K,   0% used [0x00000000e3400000, 0x00000000e3400000, 0x00000000e3c00000)
  from space 1024K,  77% used [0x00000000e3d00000, 0x00000000e3dc76b8, 0x00000000e3e00000)
  to   space 1024K,   0% used [0x00000000e3c00000, 0x00000000e3c00000, 0x00000000e3d00000)
 concurrent mark-sweep generation total 35752K, used 21683K [0x00000000ecca0000, 0x00000000eef8a000, 0x0000000100000000)
 Metaspace       used 28528K, capacity 29552K, committed 29696K, reserved 1075200K
  class space    used 3517K, capacity 3782K, committed 3840K, reserved 1048576K
}
2020-11-07T19:58:10.120+0800: 16.796: Application time: 0.0017996 seconds
{Heap before GC invocations=233 (full 28):
 par new generation   total 9216K, used 8979K [0x00000000e3400000, 0x00000000e3e00000, 0x00000000ecca0000)
  eden space 8192K,  99% used [0x00000000e3400000, 0x00000000e3bfd818, 0x00000000e3c00000)
  from space 1024K,  77% used [0x00000000e3d00000, 0x00000000e3dc76b8, 0x00000000e3e00000)
  to   space 1024K,   0% used [0x00000000e3c00000, 0x00000000e3c00000, 0x00000000e3d00000)
 concurrent mark-sweep generation total 35752K, used 21683K [0x00000000ecca0000, 0x00000000eef8a000, 0x0000000100000000)
 Metaspace       used 28528K, capacity 29552K, committed 29696K, reserved 1075200K
  class space    used 3517K, capacity 3782K, committed 3840K, reserved 1048576K
2020-11-07T19:58:10.120+0800: 16.796: [GC (Allocation Failure) 2020-11-07T19:58:10.120+0800: 16.796: [ParNew: 8979K->437K(9216K), 0.0060541 secs] 30663K->22449K(44968K), 0.0060966 secs] [Times: user=0.01 sys=0.00, real=0.01 secs] 
Heap after GC invocations=234 (full 28):
 par new generation   total 9216K, used 437K [0x00000000e3400000, 0x00000000e3e00000, 0x00000000ecca0000)
  eden space 8192K,   0% used [0x00000000e3400000, 0x00000000e3400000, 0x00000000e3c00000)
  from space 1024K,  42% used [0x00000000e3c00000, 0x00000000e3c6d758, 0x00000000e3d00000)
  to   space 1024K,   0% used [0x00000000e3d00000, 0x00000000e3d00000, 0x00000000e3e00000)
 concurrent mark-sweep generation total 35752K, used 22011K [0x00000000ecca0000, 0x00000000eef8a000, 0x0000000100000000)
 Metaspace       used 28528K, capacity 29552K, committed 29696K, reserved 1075200K
  class space    used 3517K, capacity 3782K, committed 3840K, reserved 1048576K
}
2020-11-07T19:58:10.136+0800: 16.812: Application time: 0.0097432 seconds
{Heap before GC invocations=234 (full 28):
 par new generation   total 9216K, used 8624K [0x00000000e3400000, 0x00000000e3e00000, 0x00000000ecca0000)
  eden space 8192K,  99% used [0x00000000e3400000, 0x00000000e3bfe9c8, 0x00000000e3c00000)
  from space 1024K,  42% used [0x00000000e3c00000, 0x00000000e3c6d758, 0x00000000e3d00000)
  to   space 1024K,   0% used [0x00000000e3d00000, 0x00000000e3d00000, 0x00000000e3e00000)
 concurrent mark-sweep generation total 35752K, used 22011K [0x00000000ecca0000, 0x00000000eef8a000, 0x0000000100000000)
 Metaspace       used 28528K, capacity 29552K, committed 29696K, reserved 1075200K
  class space    used 3517K, capacity 3782K, committed 3840K, reserved 1048576K
2020-11-07T19:58:10.136+0800: 16.813: [GC (Allocation Failure) 2020-11-07T19:58:10.136+0800: 16.813: [ParNew: 8624K->422K(9216K), 0.0034383 secs] 30636K->22434K(44968K), 0.0034889 secs] [Times: user=0.00 sys=0.00, real=0.00 secs] 
Heap after GC invocations=235 (full 28):
 par new generation   total 9216K, used 422K [0x00000000e3400000, 0x00000000e3e00000, 0x00000000ecca0000)
  eden space 8192K,   0% used [0x00000000e3400000, 0x00000000e3400000, 0x00000000e3c00000)
  from space 1024K,  41% used [0x00000000e3d00000, 0x00000000e3d698c0, 0x00000000e3e00000)
  to   space 1024K,   0% used [0x00000000e3c00000, 0x00000000e3c00000, 0x00000000e3d00000)
 concurrent mark-sweep generation total 35752K, used 22011K [0x00000000ecca0000, 0x00000000eef8a000, 0x0000000100000000)
 Metaspace       used 28528K, capacity 29552K, committed 29696K, reserved 1075200K
  class space    used 3517K, capacity 3782K, committed 3840K, reserved 1048576K
}
2020-11-07T19:58:10.141+0800: 16.818: Application time: 0.0017356 seconds
{Heap before GC invocations=235 (full 28):
 par new generation   total 9216K, used 8599K [0x00000000e3400000, 0x00000000e3e00000, 0x00000000ecca0000)
  eden space 8192K,  99% used [0x00000000e3400000, 0x00000000e3bfc5f0, 0x00000000e3c00000)
  from space 1024K,  41% used [0x00000000e3d00000, 0x00000000e3d698c0, 0x00000000e3e00000)
  to   space 1024K,   0% used [0x00000000e3c00000, 0x00000000e3c00000, 0x00000000e3d00000)
 concurrent mark-sweep generation total 35752K, used 22011K [0x00000000ecca0000, 0x00000000eef8a000, 0x0000000100000000)
 Metaspace       used 28528K, capacity 29552K, committed 29696K, reserved 1075200K
  class space    used 3517K, capacity 3782K, committed 3840K, reserved 1048576K
2020-11-07T19:58:10.141+0800: 16.818: [GC (Allocation Failure) 2020-11-07T19:58:10.141+0800: 16.818: [ParNew: 8599K->491K(9216K), 0.0034178 secs] 30611K->22502K(44968K), 0.0034566 secs] [Times: user=0.01 sys=0.00, real=0.01 secs] 
Heap after GC invocations=236 (full 28):
 par new generation   total 9216K, used 491K [0x00000000e3400000, 0x00000000e3e00000, 0x00000000ecca0000)
  eden space 8192K,   0% used [0x00000000e3400000, 0x00000000e3400000, 0x00000000e3c00000)
  from space 1024K,  47% used [0x00000000e3c00000, 0x00000000e3c7ac10, 0x00000000e3d00000)
  to   space 1024K,   0% used [0x00000000e3d00000, 0x00000000e3d00000, 0x00000000e3e00000)
 concurrent mark-sweep generation total 35752K, used 22011K [0x00000000ecca0000, 0x00000000eef8a000, 0x0000000100000000)
 Metaspace       used 28528K, capacity 29552K, committed 29696K, reserved 1075200K
  class space    used 3517K, capacity 3782K, committed 3840K, reserved 1048576K
}
2020-11-07T19:58:10.150+0800: 16.827: Application time: 0.0054578 seconds
2020-11-07T19:58:10.150+0800: 16.827: [GC (CMS Initial Mark) [1 CMS-initial-mark: 22011K(35752K)] 27268K(44968K), 0.0026866 secs] [Times: user=0.01 sys=0.00, real=0.00 secs] 
2020-11-07T19:58:10.153+0800: 16.830: [CMS-concurrent-mark-start]
2020-11-07T19:58:10.185+0800: 16.861: Application time: 0.0315685 seconds
{Heap before GC invocations=236 (full 29):
 par new generation   total 9216K, used 8683K [0x00000000e3400000, 0x00000000e3e00000, 0x00000000ecca0000)
  eden space 8192K, 100% used [0x00000000e3400000, 0x00000000e3c00000, 0x00000000e3c00000)
  from space 1024K,  47% used [0x00000000e3c00000, 0x00000000e3c7ac10, 0x00000000e3d00000)
  to   space 1024K,   0% used [0x00000000e3d00000, 0x00000000e3d00000, 0x00000000e3e00000)
 concurrent mark-sweep generation total 35752K, used 22011K [0x00000000ecca0000, 0x00000000eef8a000, 0x0000000100000000)
 Metaspace       used 28556K, capacity 29616K, committed 29696K, reserved 1075200K
  class space    used 3518K, capacity 3782K, committed 3840K, reserved 1048576K
2020-11-07T19:58:10.185+0800: 16.861: [GC (Allocation Failure) 2020-11-07T19:58:10.185+0800: 16.861: [ParNew: 8683K->457K(9216K), 0.0054390 secs] 30694K->22469K(44968K), 0.0055164 secs] [Times: user=0.00 sys=0.00, real=0.00 secs] 
Heap after GC invocations=237 (full 29):
 par new generation   total 9216K, used 457K [0x00000000e3400000, 0x00000000e3e00000, 0x00000000ecca0000)
  eden space 8192K,   0% used [0x00000000e3400000, 0x00000000e3400000, 0x00000000e3c00000)
  from space 1024K,  44% used [0x00000000e3d00000, 0x00000000e3d72698, 0x00000000e3e00000)
  to   space 1024K,   0% used [0x00000000e3c00000, 0x00000000e3c00000, 0x00000000e3d00000)
 concurrent mark-sweep generation total 35752K, used 22011K [0x00000000ecca0000, 0x00000000eef8a000, 0x0000000100000000)
 Metaspace       used 28556K, capacity 29616K, committed 29696K, reserved 1075200K
  class space    used 3518K, capacity 3782K, committed 3840K, reserved 1048576K
}
2020-11-07T19:58:10.228+0800: 16.905: Application time: 0.0376842 seconds
{Heap before GC invocations=237 (full 29):
 par new generation   total 9216K, used 8649K [0x00000000e3400000, 0x00000000e3e00000, 0x00000000ecca0000)
  eden space 8192K, 100% used [0x00000000e3400000, 0x00000000e3c00000, 0x00000000e3c00000)
  from space 1024K,  44% used [0x00000000e3d00000, 0x00000000e3d72698, 0x00000000e3e00000)
  to   space 1024K,   0% used [0x00000000e3c00000, 0x00000000e3c00000, 0x00000000e3d00000)
 concurrent mark-sweep generation total 35752K, used 22011K [0x00000000ecca0000, 0x00000000eef8a000, 0x0000000100000000)
 Metaspace       used 28560K, capacity 29616K, committed 29696K, reserved 1075200K
  class space    used 3519K, capacity 3782K, committed 3840K, reserved 1048576K
2020-11-07T19:58:10.228+0800: 16.905: [GC (Allocation Failure) 2020-11-07T19:58:10.228+0800: 16.905: [ParNew: 8649K->415K(9216K), 0.0073975 secs] 30661K->22427K(44968K), 0.0074545 secs] [Times: user=0.00 sys=0.00, real=0.01 secs] 
Heap after GC invocations=238 (full 29):
 par new generation   total 9216K, used 415K [0x00000000e3400000, 0x00000000e3e00000, 0x00000000ecca0000)
  eden space 8192K,   0% used [0x00000000e3400000, 0x00000000e3400000, 0x00000000e3c00000)
  from space 1024K,  40% used [0x00000000e3c00000, 0x00000000e3c67d18, 0x00000000e3d00000)
  to   space 1024K,   0% used [0x00000000e3d00000, 0x00000000e3d00000, 0x00000000e3e00000)
 concurrent mark-sweep generation total 35752K, used 22011K [0x00000000ecca0000, 0x00000000eef8a000, 0x0000000100000000)
 Metaspace       used 28560K, capacity 29616K, committed 29696K, reserved 1075200K
  class space    used 3519K, capacity 3782K, committed 3840K, reserved 1048576K
}
2020-11-07T19:58:10.271+0800: 16.947: Application time: 0.0350986 seconds
{Heap before GC invocations=238 (full 29):
 par new generation   total 9216K, used 8607K [0x00000000e3400000, 0x00000000e3e00000, 0x00000000ecca0000)
  eden space 8192K, 100% used [0x00000000e3400000, 0x00000000e3c00000, 0x00000000e3c00000)
  from space 1024K,  40% used [0x00000000e3c00000, 0x00000000e3c67d18, 0x00000000e3d00000)
  to   space 1024K,   0% used [0x00000000e3d00000, 0x00000000e3d00000, 0x00000000e3e00000)
 concurrent mark-sweep generation total 35752K, used 22011K [0x00000000ecca0000, 0x00000000eef8a000, 0x0000000100000000)
 Metaspace       used 28600K, capacity 29624K, committed 29696K, reserved 1075200K
  class space    used 3527K, capacity 3784K, committed 3840K, reserved 1048576K
2020-11-07T19:58:10.271+0800: 16.948: [GC (Allocation Failure) 2020-11-07T19:58:10.271+0800: 16.948: [ParNew: 8607K->441K(9216K), 0.0110031 secs] 30619K->22453K(44968K), 0.0110783 secs] [Times: user=0.01 sys=0.00, real=0.01 secs] 
Heap after GC invocations=239 (full 29):
 par new generation   total 9216K, used 441K [0x00000000e3400000, 0x00000000e3e00000, 0x00000000ecca0000)
  eden space 8192K,   0% used [0x00000000e3400000, 0x00000000e3400000, 0x00000000e3c00000)
  from space 1024K,  43% used [0x00000000e3d00000, 0x00000000e3d6e6f0, 0x00000000e3e00000)
  to   space 1024K,   0% used [0x00000000e3c00000, 0x00000000e3c00000, 0x00000000e3d00000)
 concurrent mark-sweep generation total 35752K, used 22011K [0x00000000ecca0000, 0x00000000eef8a000, 0x0000000100000000)
 Metaspace       used 28600K, capacity 29624K, committed 29696K, reserved 1075200K
  class space    used 3527K, capacity 3784K, committed 3840K, reserved 1048576K
}
2020-11-07T19:58:10.309+0800: 16.986: [CMS-concurrent-mark: 0.118/0.156 secs] [Times: user=0.14 sys=0.00, real=0.16 secs] 
2020-11-07T19:58:10.309+0800: 16.986: [CMS-concurrent-preclean-start]
2020-11-07T19:58:10.310+0800: 16.987: [CMS-concurrent-preclean: 0.001/0.001 secs] [Times: user=0.00 sys=0.00, real=0.00 secs] 
2020-11-07T19:58:10.310+0800: 16.987: [CMS-concurrent-abortable-preclean-start]
2020-11-07T19:58:10.327+0800: 17.004: Application time: 0.0447124 seconds
{Heap before GC invocations=239 (full 29):
 par new generation   total 9216K, used 8633K [0x00000000e3400000, 0x00000000e3e00000, 0x00000000ecca0000)
  eden space 8192K, 100% used [0x00000000e3400000, 0x00000000e3c00000, 0x00000000e3c00000)
  from space 1024K,  43% used [0x00000000e3d00000, 0x00000000e3d6e6f0, 0x00000000e3e00000)
  to   space 1024K,   0% used [0x00000000e3c00000, 0x00000000e3c00000, 0x00000000e3d00000)
 concurrent mark-sweep generation total 35752K, used 22011K [0x00000000ecca0000, 0x00000000eef8a000, 0x0000000100000000)
 Metaspace       used 28610K, capacity 29630K, committed 29696K, reserved 1075200K
  class space    used 3529K, capacity 3785K, committed 3840K, reserved 1048576K
2020-11-07T19:58:10.327+0800: 17.004: [GC (Allocation Failure) 2020-11-07T19:58:10.327+0800: 17.004: [ParNew: 8633K->516K(9216K), 0.0112370 secs] 30645K->22528K(44968K), 0.0113060 secs] [Times: user=0.01 sys=0.00, real=0.01 secs] 
Heap after GC invocations=240 (full 29):
 par new generation   total 9216K, used 516K [0x00000000e3400000, 0x00000000e3e00000, 0x00000000ecca0000)
  eden space 8192K,   0% used [0x00000000e3400000, 0x00000000e3400000, 0x00000000e3c00000)
  from space 1024K,  50% used [0x00000000e3c00000, 0x00000000e3c810d0, 0x00000000e3d00000)
  to   space 1024K,   0% used [0x00000000e3d00000, 0x00000000e3d00000, 0x00000000e3e00000)
 concurrent mark-sweep generation total 35752K, used 22011K [0x00000000ecca0000, 0x00000000eef8a000, 0x0000000100000000)
 Metaspace       used 28610K, capacity 29630K, committed 29696K, reserved 1075200K
  class space    used 3529K, capacity 3785K, committed 3840K, reserved 1048576K
}
2020-11-07T19:58:10.364+0800: 17.040: Application time: 0.0254106 seconds
{Heap before GC invocations=240 (full 29):
 par new generation   total 9216K, used 8708K [0x00000000e3400000, 0x00000000e3e00000, 0x00000000ecca0000)
  eden space 8192K, 100% used [0x00000000e3400000, 0x00000000e3c00000, 0x00000000e3c00000)
  from space 1024K,  50% used [0x00000000e3c00000, 0x00000000e3c810d0, 0x00000000e3d00000)
  to   space 1024K,   0% used [0x00000000e3d00000, 0x00000000e3d00000, 0x00000000e3e00000)
 concurrent mark-sweep generation total 35752K, used 22011K [0x00000000ecca0000, 0x00000000eef8a000, 0x0000000100000000)
 Metaspace       used 28615K, capacity 29630K, committed 29696K, reserved 1075200K
  class space    used 3530K, capacity 3785K, committed 3840K, reserved 1048576K
2020-11-07T19:58:10.364+0800: 17.041: [GC (Allocation Failure) 2020-11-07T19:58:10.364+0800: 17.041: [ParNew: 8708K->469K(9216K), 0.0117954 secs] 30720K->22480K(44968K), 0.0118606 secs] [Times: user=0.01 sys=0.00, real=0.02 secs] 
Heap after GC invocations=241 (full 29):
 par new generation   total 9216K, used 469K [0x00000000e3400000, 0x00000000e3e00000, 0x00000000ecca0000)
  eden space 8192K,   0% used [0x00000000e3400000, 0x00000000e3400000, 0x00000000e3c00000)
  from space 1024K,  45% used [0x00000000e3d00000, 0x00000000e3d75408, 0x00000000e3e00000)
  to   space 1024K,   0% used [0x00000000e3c00000, 0x00000000e3c00000, 0x00000000e3d00000)
 concurrent mark-sweep generation total 35752K, used 22011K [0x00000000ecca0000, 0x00000000eef8a000, 0x0000000100000000)
 Metaspace       used 28615K, capacity 29630K, committed 29696K, reserved 1075200K
  class space    used 3530K, capacity 3785K, committed 3840K, reserved 1048576K
}
2020-11-07T19:58:10.421+0800: 17.097: Application time: 0.0448427 seconds
{Heap before GC invocations=241 (full 29):
 par new generation   total 9216K, used 8661K [0x00000000e3400000, 0x00000000e3e00000, 0x00000000ecca0000)
  eden space 8192K, 100% used [0x00000000e3400000, 0x00000000e3c00000, 0x00000000e3c00000)
  from space 1024K,  45% used [0x00000000e3d00000, 0x00000000e3d75408, 0x00000000e3e00000)
  to   space 1024K,   0% used [0x00000000e3c00000, 0x00000000e3c00000, 0x00000000e3d00000)
 concurrent mark-sweep generation total 35752K, used 22011K [0x00000000ecca0000, 0x00000000eef8a000, 0x0000000100000000)
 Metaspace       used 28617K, capacity 29630K, committed 29696K, reserved 1075200K
  class space    used 3530K, capacity 3785K, committed 3840K, reserved 1048576K
2020-11-07T19:58:10.421+0800: 17.097: [GC (Allocation Failure) 2020-11-07T19:58:10.421+0800: 17.097: [ParNew2020-11-07T19:58:10.524+0800: 17.201: [CMS-concurrent-abortable-preclean: 0.055/0.214 secs] [Times: user=0.20 sys=0.01, real=0.21 secs] 
: 8661K->303K(9216K), 0.1035621 secs] 30672K->22533K(44968K), 0.1036021 secs] [Times: user=0.09 sys=0.01, real=0.10 secs] 
Heap after GC invocations=242 (full 29):
 par new generation   total 9216K, used 303K [0x00000000e3400000, 0x00000000e3e00000, 0x00000000ecca0000)
  eden space 8192K,   0% used [0x00000000e3400000, 0x00000000e3400000, 0x00000000e3c00000)
  from space 1024K,  29% used [0x00000000e3c00000, 0x00000000e3c4be60, 0x00000000e3d00000)
  to   space 1024K,   0% used [0x00000000e3d00000, 0x00000000e3d00000, 0x00000000e3e00000)
 concurrent mark-sweep generation total 35752K, used 22229K [0x00000000ecca0000, 0x00000000eef8a000, 0x0000000100000000)
 Metaspace       used 28617K, capacity 29630K, committed 29696K, reserved 1075200K
  class space    used 3530K, capacity 3785K, committed 3840K, reserved 1048576K
}
2020-11-07T19:58:10.533+0800: 17.210: Application time: 0.0085560 seconds
2020-11-07T19:58:10.533+0800: 17.210: [GC (CMS Final Remark) [YG occupancy: 3907 K (9216 K)]2020-11-07T19:58:10.534+0800: 17.210: [Rescan (parallel) , 0.0132304 secs]2020-11-07T19:58:10.547+0800: 17.224: [weak refs processing, 0.0001659 secs]2020-11-07T19:58:10.547+0800: 17.224: [class unloading, 0.0085926 secs]2020-11-07T19:58:10.556+0800: 17.232: [scrub symbol table, 0.0091995 secs]2020-11-07T19:58:10.565+0800: 17.242: [scrub string table, 0.0005860 secs][1 CMS-remark: 22229K(35752K)] 26137K(44968K), 0.0319728 secs] [Times: user=0.03 sys=0.00, real=0.04 secs] 
2020-11-07T19:58:10.571+0800: 17.248: [CMS-concurrent-sweep-start]
2020-11-07T19:58:10.587+0800: 17.263: Application time: 0.0210667 seconds
{Heap before GC invocations=242 (full 29):
 par new generation   total 9216K, used 8495K [0x00000000e3400000, 0x00000000e3e00000, 0x00000000ecca0000)
  eden space 8192K, 100% used [0x00000000e3400000, 0x00000000e3c00000, 0x00000000e3c00000)
  from space 1024K,  29% used [0x00000000e3c00000, 0x00000000e3c4be60, 0x00000000e3d00000)
  to   space 1024K,   0% used [0x00000000e3d00000, 0x00000000e3d00000, 0x00000000e3e00000)
 concurrent mark-sweep generation total 35752K, used 22227K [0x00000000ecca0000, 0x00000000eef8a000, 0x0000000100000000)
 Metaspace       used 28629K, capacity 29694K, committed 29952K, reserved 1075200K
  class space    used 3530K, capacity 3785K, committed 3840K, reserved 1048576K
2020-11-07T19:58:10.587+0800: 17.263: [GC (Allocation Failure) 2020-11-07T19:58:10.587+0800: 17.263: [ParNew: 8495K->317K(9216K), 0.0114754 secs] 30723K->22544K(44968K), 0.0115558 secs] [Times: user=0.01 sys=0.00, real=0.01 secs] 
Heap after GC invocations=243 (full 29):
 par new generation   total 9216K, used 317K [0x00000000e3400000, 0x00000000e3e00000, 0x00000000ecca0000)
  eden space 8192K,   0% used [0x00000000e3400000, 0x00000000e3400000, 0x00000000e3c00000)
  from space 1024K,  30% used [0x00000000e3d00000, 0x00000000e3d4f418, 0x00000000e3e00000)
  to   space 1024K,   0% used [0x00000000e3c00000, 0x00000000e3c00000, 0x00000000e3d00000)
 concurrent mark-sweep generation total 35752K, used 22227K [0x00000000ecca0000, 0x00000000eef8a000, 0x0000000100000000)
 Metaspace       used 28629K, capacity 29694K, committed 29952K, reserved 1075200K
  class space    used 3530K, capacity 3785K, committed 3840K, reserved 1048576K
}
2020-11-07T19:58:10.602+0800: 17.278: [CMS-concurrent-sweep: 0.019/0.031 secs] [Times: user=0.03 sys=0.00, real=0.03 secs] 
2020-11-07T19:58:10.611+0800: 17.287: [CMS-concurrent-reset-start]
2020-11-07T19:58:10.612+0800: 17.288: [CMS-concurrent-reset: 0.001/0.001 secs] [Times: user=0.00 sys=0.00, real=0.00 secs] 
2020-11-07T19:58:10.616+0800: 17.293: Application time: 0.0174465 seconds
{Heap before GC invocations=243 (full 29):
 par new generation   total 9216K, used 8509K [0x00000000e3400000, 0x00000000e3e00000, 0x00000000ecca0000)
  eden space 8192K, 100% used [0x00000000e3400000, 0x00000000e3c00000, 0x00000000e3c00000)
  from space 1024K,  30% used [0x00000000e3d00000, 0x00000000e3d4f418, 0x00000000e3e00000)
  to   space 1024K,   0% used [0x00000000e3c00000, 0x00000000e3c00000, 0x00000000e3d00000)
 concurrent mark-sweep generation total 36916K, used 22147K [0x00000000ecca0000, 0x00000000ef0ad000, 0x0000000100000000)
 Metaspace       used 28627K, capacity 29682K, committed 29952K, reserved 1075200K
  class space    used 3529K, capacity 3783K, committed 3840K, reserved 1048576K
2020-11-07T19:58:10.616+0800: 17.293: [GC (Allocation Failure) 2020-11-07T19:58:10.616+0800: 17.293: [ParNew: 8509K->351K(9216K), 0.0108590 secs] 30656K->22499K(46132K), 0.0109202 secs] [Times: user=0.01 sys=0.00, real=0.01 secs] 
Heap after GC invocations=244 (full 29):
 par new generation   total 9216K, used 351K [0x00000000e3400000, 0x00000000e3e00000, 0x00000000ecca0000)
  eden space 8192K,   0% used [0x00000000e3400000, 0x00000000e3400000, 0x00000000e3c00000)
  from space 1024K,  34% used [0x00000000e3c00000, 0x00000000e3c57e70, 0x00000000e3d00000)
  to   space 1024K,   0% used [0x00000000e3d00000, 0x00000000e3d00000, 0x00000000e3e00000)
 concurrent mark-sweep generation total 36916K, used 22147K [0x00000000ecca0000, 0x00000000ef0ad000, 0x0000000100000000)
 Metaspace       used 28627K, capacity 29682K, committed 29952K, reserved 1075200K
  class space    used 3529K, capacity 3783K, committed 3840K, reserved 1048576K
}
2020-11-07T19:58:10.648+0800: 17.324: Application time: 0.0206266 seconds
{Heap before GC invocations=244 (full 29):
 par new generation   total 9216K, used 8543K [0x00000000e3400000, 0x00000000e3e00000, 0x00000000ecca0000)
  eden space 8192K, 100% used [0x00000000e3400000, 0x00000000e3c00000, 0x00000000e3c00000)
  from space 1024K,  34% used [0x00000000e3c00000, 0x00000000e3c57e70, 0x00000000e3d00000)
  to   space 1024K,   0% used [0x00000000e3d00000, 0x00000000e3d00000, 0x00000000e3e00000)
 concurrent mark-sweep generation total 36916K, used 22147K [0x00000000ecca0000, 0x00000000ef0ad000, 0x0000000100000000)
 Metaspace       used 28630K, capacity 29682K, committed 29952K, reserved 1075200K
  class space    used 3530K, capacity 3783K, committed 3840K, reserved 1048576K
2020-11-07T19:58:10.648+0800: 17.324: [GC (Allocation Failure) 2020-11-07T19:58:10.648+0800: 17.325: [ParNew: 8543K->558K(9216K), 0.0160466 secs] 30691K->22705K(46132K), 0.0161176 secs] [Times: user=0.01 sys=0.00, real=0.01 secs] 
Heap after GC invocations=245 (full 29):
 par new generation   total 9216K, used 558K [0x00000000e3400000, 0x00000000e3e00000, 0x00000000ecca0000)
  eden space 8192K,   0% used [0x00000000e3400000, 0x00000000e3400000, 0x00000000e3c00000)
  from space 1024K,  54% used [0x00000000e3d00000, 0x00000000e3d8b938, 0x00000000e3e00000)
  to   space 1024K,   0% used [0x00000000e3c00000, 0x00000000e3c00000, 0x00000000e3d00000)
 concurrent mark-sweep generation total 36916K, used 22147K [0x00000000ecca0000, 0x00000000ef0ad000, 0x0000000100000000)
 Metaspace       used 28630K, capacity 29682K, committed 29952K, reserved 1075200K
  class space    used 3530K, capacity 3783K, committed 3840K, reserved 1048576K
}
2020-11-07T19:58:10.688+0800: 17.364: Application time: 0.0236080 seconds
{Heap before GC invocations=245 (full 29):
 par new generation   total 9216K, used 8750K [0x00000000e3400000, 0x00000000e3e00000, 0x00000000ecca0000)
  eden space 8192K, 100% used [0x00000000e3400000, 0x00000000e3c00000, 0x00000000e3c00000)
  from space 1024K,  54% used [0x00000000e3d00000, 0x00000000e3d8b938, 0x00000000e3e00000)
  to   space 1024K,   0% used [0x00000000e3c00000, 0x00000000e3c00000, 0x00000000e3d00000)
 concurrent mark-sweep generation total 36916K, used 22147K [0x00000000ecca0000, 0x00000000ef0ad000, 0x0000000100000000)
 Metaspace       used 28650K, capacity 29690K, committed 29952K, reserved 1075200K
  class space    used 3530K, capacity 3783K, committed 3840K, reserved 1048576K
2020-11-07T19:58:10.688+0800: 17.364: [GC (Allocation Failure) 2020-11-07T19:58:10.688+0800: 17.364: [ParNew: 8750K->521K(9216K), 0.0044544 secs] 30897K->22681K(46132K), 0.0045051 secs] [Times: user=0.00 sys=0.00, real=0.00 secs] 
Heap after GC invocations=246 (full 29):
 par new generation   total 9216K, used 521K [0x00000000e3400000, 0x00000000e3e00000, 0x00000000ecca0000)
  eden space 8192K,   0% used [0x00000000e3400000, 0x00000000e3400000, 0x00000000e3c00000)
  from space 1024K,  50% used [0x00000000e3c00000, 0x00000000e3c82488, 0x00000000e3d00000)
  to   space 1024K,   0% used [0x00000000e3d00000, 0x00000000e3d00000, 0x00000000e3e00000)
 concurrent mark-sweep generation total 36916K, used 22160K [0x00000000ecca0000, 0x00000000ef0ad000, 0x0000000100000000)
 Metaspace       used 28650K, capacity 29690K, committed 29952K, reserved 1075200K
  class space    used 3530K, capacity 3783K, committed 3840K, reserved 1048576K
}
2020-11-07T19:58:10.696+0800: 17.373: Application time: 0.0037306 seconds
2020-11-07T19:58:10.696+0800: 17.373: [GC (CMS Initial Mark) [1 CMS-initial-mark: 22160K(36916K)] 24647K(46132K), 0.0034637 secs] [Times: user=0.01 sys=0.00, real=0.00 secs] 
2020-11-07T19:58:10.700+0800: 17.376: [CMS-concurrent-mark-start]
2020-11-07T19:58:10.751+0800: 17.428: Application time: 0.0515993 seconds
{Heap before GC invocations=246 (full 30):
 par new generation   total 9216K, used 8713K [0x00000000e3400000, 0x00000000e3e00000, 0x00000000ecca0000)
  eden space 8192K, 100% used [0x00000000e3400000, 0x00000000e3c00000, 0x00000000e3c00000)
  from space 1024K,  50% used [0x00000000e3c00000, 0x00000000e3c82488, 0x00000000e3d00000)
  to   space 1024K,   0% used [0x00000000e3d00000, 0x00000000e3d00000, 0x00000000e3e00000)
 concurrent mark-sweep generation total 36916K, used 22160K [0x00000000ecca0000, 0x00000000ef0ad000, 0x0000000100000000)
 Metaspace       used 28716K, capacity 29812K, committed 29952K, reserved 1075200K
  class space    used 3543K, capacity 3824K, committed 3840K, reserved 1048576K
2020-11-07T19:58:10.751+0800: 17.428: [GC (Allocation Failure) 2020-11-07T19:58:10.751+0800: 17.428: [ParNew: 8713K->674K(9216K), 0.0117531 secs] 30873K->22888K(46132K), 0.0118286 secs] [Times: user=0.01 sys=0.00, real=0.01 secs] 
Heap after GC invocations=247 (full 30):
 par new generation   total 9216K, used 674K [0x00000000e3400000, 0x00000000e3e00000, 0x00000000ecca0000)
  eden space 8192K,   0% used [0x00000000e3400000, 0x00000000e3400000, 0x00000000e3c00000)
  from space 1024K,  65% used [0x00000000e3d00000, 0x00000000e3da8820, 0x00000000e3e00000)
  to   space 1024K,   0% used [0x00000000e3c00000, 0x00000000e3c00000, 0x00000000e3d00000)
 concurrent mark-sweep generation total 36916K, used 22214K [0x00000000ecca0000, 0x00000000ef0ad000, 0x0000000100000000)
 Metaspace       used 28716K, capacity 29812K, committed 29952K, reserved 1075200K
  class space    used 3543K, capacity 3824K, committed 3840K, reserved 1048576K
}
2020-11-07T19:58:10.787+0800: 17.464: Application time: 0.0237355 seconds
{Heap before GC invocations=247 (full 30):
 par new generation   total 9216K, used 8866K [0x00000000e3400000, 0x00000000e3e00000, 0x00000000ecca0000)
  eden space 8192K, 100% used [0x00000000e3400000, 0x00000000e3c00000, 0x00000000e3c00000)
  from space 1024K,  65% used [0x00000000e3d00000, 0x00000000e3da8820, 0x00000000e3e00000)
  to   space 1024K,   0% used [0x00000000e3c00000, 0x00000000e3c00000, 0x00000000e3d00000)
 concurrent mark-sweep generation total 36916K, used 22214K [0x00000000ecca0000, 0x00000000ef0ad000, 0x0000000100000000)
 Metaspace       used 28726K, capacity 29812K, committed 29952K, reserved 1075200K
  class space    used 3544K, capacity 3824K, committed 3840K, reserved 1048576K
2020-11-07T19:58:10.787+0800: 17.464: [GC (Allocation Failure) 2020-11-07T19:58:10.787+0800: 17.464: [ParNew: 8866K->503K(9216K), 0.0058562 secs] 31080K->22795K(46132K), 0.0059189 secs] [Times: user=0.01 sys=0.00, real=0.00 secs] 
Heap after GC invocations=248 (full 30):
 par new generation   total 9216K, used 503K [0x00000000e3400000, 0x00000000e3e00000, 0x00000000ecca0000)
  eden space 8192K,   0% used [0x00000000e3400000, 0x00000000e3400000, 0x00000000e3c00000)
  from space 1024K,  49% used [0x00000000e3c00000, 0x00000000e3c7df78, 0x00000000e3d00000)
  to   space 1024K,   0% used [0x00000000e3d00000, 0x00000000e3d00000, 0x00000000e3e00000)
 concurrent mark-sweep generation total 36916K, used 22291K [0x00000000ecca0000, 0x00000000ef0ad000, 0x0000000100000000)
 Metaspace       used 28726K, capacity 29812K, committed 29952K, reserved 1075200K
  class space    used 3544K, capacity 3824K, committed 3840K, reserved 1048576K
}
2020-11-07T19:58:10.828+0800: 17.505: [CMS-concurrent-mark: 0.104/0.128 secs] [Times: user=0.12 sys=0.00, real=0.13 secs] 
2020-11-07T19:58:10.828+0800: 17.505: [CMS-concurrent-preclean-start]
2020-11-07T19:58:10.830+0800: 17.506: [CMS-concurrent-preclean: 0.002/0.002 secs] [Times: user=0.00 sys=0.00, real=0.00 secs] 
2020-11-07T19:58:10.830+0800: 17.506: [CMS-concurrent-abortable-preclean-start]
2020-11-07T19:58:10.848+0800: 17.525: Application time: 0.0547819 seconds
{Heap before GC invocations=248 (full 30):
 par new generation   total 9216K, used 8695K [0x00000000e3400000, 0x00000000e3e00000, 0x00000000ecca0000)
  eden space 8192K, 100% used [0x00000000e3400000, 0x00000000e3c00000, 0x00000000e3c00000)
  from space 1024K,  49% used [0x00000000e3c00000, 0x00000000e3c7df78, 0x00000000e3d00000)
  to   space 1024K,   0% used [0x00000000e3d00000, 0x00000000e3d00000, 0x00000000e3e00000)
 concurrent mark-sweep generation total 36916K, used 22291K [0x00000000ecca0000, 0x00000000ef0ad000, 0x0000000100000000)
 Metaspace       used 28726K, capacity 29812K, committed 29952K, reserved 1075200K
  class space    used 3544K, capacity 3824K, committed 3840K, reserved 1048576K
2020-11-07T19:58:10.848+0800: 17.525: [GC (Allocation Failure) 2020-11-07T19:58:10.848+0800: 17.525: [ParNew: 8695K->635K(9216K), 0.0053280 secs] 30987K->22927K(46132K), 0.0054057 secs] [Times: user=0.00 sys=0.00, real=0.00 secs] 
Heap after GC invocations=249 (full 30):
 par new generation   total 9216K, used 635K [0x00000000e3400000, 0x00000000e3e00000, 0x00000000ecca0000)
  eden space 8192K,   0% used [0x00000000e3400000, 0x00000000e3400000, 0x00000000e3c00000)
  from space 1024K,  62% used [0x00000000e3d00000, 0x00000000e3d9eef8, 0x00000000e3e00000)
  to   space 1024K,   0% used [0x00000000e3c00000, 0x00000000e3c00000, 0x00000000e3d00000)
 concurrent mark-sweep generation total 36916K, used 22291K [0x00000000ecca0000, 0x00000000ef0ad000, 0x0000000100000000)
 Metaspace       used 28726K, capacity 29812K, committed 29952K, reserved 1075200K
  class space    used 3544K, capacity 3824K, committed 3840K, reserved 1048576K
}
2020-11-07T19:58:10.877+0800: 17.553: Application time: 0.0232364 seconds
{Heap before GC invocations=249 (full 30):
 par new generation   total 9216K, used 8827K [0x00000000e3400000, 0x00000000e3e00000, 0x00000000ecca0000)
  eden space 8192K, 100% used [0x00000000e3400000, 0x00000000e3c00000, 0x00000000e3c00000)
  from space 1024K,  62% used [0x00000000e3d00000, 0x00000000e3d9eef8, 0x00000000e3e00000)
  to   space 1024K,   0% used [0x00000000e3c00000, 0x00000000e3c00000, 0x00000000e3d00000)
 concurrent mark-sweep generation total 36916K, used 22291K [0x00000000ecca0000, 0x00000000ef0ad000, 0x0000000100000000)
 Metaspace       used 28734K, capacity 29818K, committed 29952K, reserved 1075200K
  class space    used 3545K, capacity 3825K, committed 3840K, reserved 1048576K
2020-11-07T19:58:10.877+0800: 17.554: [GC (Allocation Failure) 2020-11-07T19:58:10.877+0800: 17.554: [ParNew: 8827K->625K(9216K), 0.0116149 secs] 31119K->22977K(46132K), 0.0116640 secs] [Times: user=0.01 sys=0.00, real=0.01 secs] 
Heap after GC invocations=250 (full 30):
 par new generation   total 9216K, used 625K [0x00000000e3400000, 0x00000000e3e00000, 0x00000000ecca0000)
  eden space 8192K,   0% used [0x00000000e3400000, 0x00000000e3400000, 0x00000000e3c00000)
  from space 1024K,  61% used [0x00000000e3c00000, 0x00000000e3c9c6b8, 0x00000000e3d00000)
  to   space 1024K,   0% used [0x00000000e3d00000, 0x00000000e3d00000, 0x00000000e3e00000)
 concurrent mark-sweep generation total 36916K, used 22351K [0x00000000ecca0000, 0x00000000ef0ad000, 0x0000000100000000)
 Metaspace       used 28734K, capacity 29818K, committed 29952K, reserved 1075200K
  class space    used 3545K, capacity 3825K, committed 3840K, reserved 1048576K
}
2020-11-07T19:58:10.935+0800: 17.612: Application time: 0.0467279 seconds
{Heap before GC invocations=250 (full 30):
 par new generation   total 9216K, used 8817K [0x00000000e3400000, 0x00000000e3e00000, 0x00000000ecca0000)
  eden space 8192K, 100% used [0x00000000e3400000, 0x00000000e3c00000, 0x00000000e3c00000)
  from space 1024K,  61% used [0x00000000e3c00000, 0x00000000e3c9c6b8, 0x00000000e3d00000)
  to   space 1024K,   0% used [0x00000000e3d00000, 0x00000000e3d00000, 0x00000000e3e00000)
 concurrent mark-sweep generation total 36916K, used 22351K [0x00000000ecca0000, 0x00000000ef0ad000, 0x0000000100000000)
 Metaspace       used 28737K, capacity 29818K, committed 29952K, reserved 1075200K
  class space    used 3545K, capacity 3825K, committed 3840K, reserved 1048576K
2020-11-07T19:58:10.936+0800: 17.612: [GC (Allocation Failure) 2020-11-07T19:58:10.936+0800: 17.612: [ParNew: 8817K->600K(9216K), 0.0092911 secs] 31169K->22951K(46132K), 0.0093451 secs] [Times: user=0.00 sys=0.00, real=0.01 secs] 
Heap after GC invocations=251 (full 30):
 par new generation   total 9216K, used 600K [0x00000000e3400000, 0x00000000e3e00000, 0x00000000ecca0000)
  eden space 8192K,   0% used [0x00000000e3400000, 0x00000000e3400000, 0x00000000e3c00000)
  from space 1024K,  58% used [0x00000000e3d00000, 0x00000000e3d96288, 0x00000000e3e00000)
  to   space 1024K,   0% used [0x00000000e3c00000, 0x00000000e3c00000, 0x00000000e3d00000)
 concurrent mark-sweep generation total 36916K, used 22351K [0x00000000ecca0000, 0x00000000ef0ad000, 0x0000000100000000)
 Metaspace       used 28737K, capacity 29818K, committed 29952K, reserved 1075200K
  class space    used 3545K, capacity 3825K, committed 3840K, reserved 1048576K
}
2020-11-07T19:58:10.995+0800: 17.672: Application time: 0.0504749 seconds
{Heap before GC invocations=251 (full 30):
 par new generation   total 9216K, used 8792K [0x00000000e3400000, 0x00000000e3e00000, 0x00000000ecca0000)
  eden space 8192K, 100% used [0x00000000e3400000, 0x00000000e3c00000, 0x00000000e3c00000)
  from space 1024K,  58% used [0x00000000e3d00000, 0x00000000e3d96288, 0x00000000e3e00000)
  to   space 1024K,   0% used [0x00000000e3c00000, 0x00000000e3c00000, 0x00000000e3d00000)
 concurrent mark-sweep generation total 36916K, used 22351K [0x00000000ecca0000, 0x00000000ef0ad000, 0x0000000100000000)
 Metaspace       used 28737K, capacity 29818K, committed 29952K, reserved 1075200K
  class space    used 3545K, capacity 3825K, committed 3840K, reserved 1048576K
2020-11-07T19:58:10.996+0800: 17.672: [GC (Allocation Failure) 2020-11-07T19:58:10.996+0800: 17.672: [ParNew: 8792K->654K(9216K), 0.0085927 secs] 31143K->23047K(46132K), 0.0086577 secs] [Times: user=0.01 sys=0.00, real=0.00 secs] 
Heap after GC invocations=252 (full 30):
 par new generation   total 9216K, used 654K [0x00000000e3400000, 0x00000000e3e00000, 0x00000000ecca0000)
  eden space 8192K,   0% used [0x00000000e3400000, 0x00000000e3400000, 0x00000000e3c00000)
  from space 1024K,  63% used [0x00000000e3c00000, 0x00000000e3ca39c8, 0x00000000e3d00000)
  to   space 1024K,   0% used [0x00000000e3d00000, 0x00000000e3d00000, 0x00000000e3e00000)
 concurrent mark-sweep generation total 36916K, used 22393K [0x00000000ecca0000, 0x00000000ef0ad000, 0x0000000100000000)
 Metaspace       used 28737K, capacity 29818K, committed 29952K, reserved 1075200K
  class space    used 3545K, capacity 3825K, committed 3840K, reserved 1048576K
}
2020-11-07T19:58:11.004+0800: 17.681: [CMS-concurrent-abortable-preclean: 0.063/0.175 secs] [Times: user=0.16 sys=0.00, real=0.17 secs] 
2020-11-07T19:58:11.008+0800: 17.685: Application time: 0.0037382 seconds
2020-11-07T19:58:11.008+0800: 17.685: [GC (CMS Final Remark) [YG occupancy: 3276 K (9216 K)]2020-11-07T19:58:11.008+0800: 17.685: [Rescan (parallel) , 0.0160132 secs]2020-11-07T19:58:11.024+0800: 17.701: [weak refs processing, 0.0001708 secs]2020-11-07T19:58:11.024+0800: 17.701: [class unloading, 0.0100474 secs]2020-11-07T19:58:11.035+0800: 17.711: [scrub symbol table, 0.0092607 secs]2020-11-07T19:58:11.044+0800: 17.721: [scrub string table, 0.0005614 secs][1 CMS-remark: 22393K(36916K)] 25669K(46132K), 0.0365437 secs] [Times: user=0.04 sys=0.00, real=0.04 secs] 
2020-11-07T19:58:11.056+0800: 17.733: [CMS-concurrent-sweep-start]
2020-11-07T19:58:11.086+0800: 17.763: [CMS-concurrent-sweep: 0.030/0.030 secs] [Times: user=0.03 sys=0.00, real=0.03 secs] 
2020-11-07T19:58:11.086+0800: 17.763: [CMS-concurrent-reset-start]
2020-11-07T19:58:11.087+0800: 17.764: [CMS-concurrent-reset: 0.001/0.001 secs] [Times: user=0.00 sys=0.00, real=0.00 secs] 
2020-11-07T19:58:11.095+0800: 17.771: Application time: 0.0499689 seconds
{Heap before GC invocations=252 (full 30):
 par new generation   total 9216K, used 8846K [0x00000000e3400000, 0x00000000e3e00000, 0x00000000ecca0000)
  eden space 8192K, 100% used [0x00000000e3400000, 0x00000000e3c00000, 0x00000000e3c00000)
  from space 1024K,  63% used [0x00000000e3c00000, 0x00000000e3ca39c8, 0x00000000e3d00000)
  to   space 1024K,   0% used [0x00000000e3d00000, 0x00000000e3d00000, 0x00000000e3e00000)
 concurrent mark-sweep generation total 37248K, used 22347K [0x00000000ecca0000, 0x00000000ef100000, 0x0000000100000000)
 Metaspace       used 28741K, capacity 29800K, committed 29952K, reserved 1075200K
  class space    used 3545K, capacity 3822K, committed 3840K, reserved 1048576K
2020-11-07T19:58:11.095+0800: 17.772: [GC (Allocation Failure) 2020-11-07T19:58:11.095+0800: 17.772: [ParNew: 8846K->827K(9216K), 0.0127892 secs] 31193K->23290K(46464K), 0.0128640 secs] [Times: user=0.02 sys=0.00, real=0.01 secs] 
Heap after GC invocations=253 (full 30):
 par new generation   total 9216K, used 827K [0x00000000e3400000, 0x00000000e3e00000, 0x00000000ecca0000)
  eden space 8192K,   0% used [0x00000000e3400000, 0x00000000e3400000, 0x00000000e3c00000)
  from space 1024K,  80% used [0x00000000e3d00000, 0x00000000e3dcec10, 0x00000000e3e00000)
  to   space 1024K,   0% used [0x00000000e3c00000, 0x00000000e3c00000, 0x00000000e3d00000)
 concurrent mark-sweep generation total 37248K, used 22463K [0x00000000ecca0000, 0x00000000ef100000, 0x0000000100000000)
 Metaspace       used 28741K, capacity 29800K, committed 29952K, reserved 1075200K
  class space    used 3545K, capacity 3822K, committed 3840K, reserved 1048576K
}
2020-11-07T19:58:11.111+0800: 17.788: Application time: 0.0031710 seconds
2020-11-07T19:58:11.111+0800: 17.788: [GC (CMS Initial Mark) [1 CMS-initial-mark: 22463K(37248K)] 23968K(46464K), 0.0029380 secs] [Times: user=0.00 sys=0.00, real=0.00 secs] 
2020-11-07T19:58:11.114+0800: 17.791: [CMS-concurrent-mark-start]
2020-11-07T19:58:11.165+0800: 17.842: Application time: 0.0508351 seconds
{Heap before GC invocations=253 (full 31):
 par new generation   total 9216K, used 9019K [0x00000000e3400000, 0x00000000e3e00000, 0x00000000ecca0000)
  eden space 8192K, 100% used [0x00000000e3400000, 0x00000000e3c00000, 0x00000000e3c00000)
  from space 1024K,  80% used [0x00000000e3d00000, 0x00000000e3dcec10, 0x00000000e3e00000)
  to   space 1024K,   0% used [0x00000000e3c00000, 0x00000000e3c00000, 0x00000000e3d00000)
 concurrent mark-sweep generation total 37248K, used 22463K [0x00000000ecca0000, 0x00000000ef100000, 0x0000000100000000)
 Metaspace       used 28750K, capacity 29800K, committed 29952K, reserved 1075200K
  class space    used 3547K, capacity 3822K, committed 3840K, reserved 1048576K
2020-11-07T19:58:11.165+0800: 17.842: [GC (Allocation Failure) 2020-11-07T19:58:11.165+0800: 17.842: [ParNew: 9019K->590K(9216K), 0.0150636 secs] 31482K->23195K(46464K), 0.0151467 secs] [Times: user=0.01 sys=0.00, real=0.01 secs] 
Heap after GC invocations=254 (full 31):
 par new generation   total 9216K, used 590K [0x00000000e3400000, 0x00000000e3e00000, 0x00000000ecca0000)
  eden space 8192K,   0% used [0x00000000e3400000, 0x00000000e3400000, 0x00000000e3c00000)
  from space 1024K,  57% used [0x00000000e3c00000, 0x00000000e3c939e8, 0x00000000e3d00000)
  to   space 1024K,   0% used [0x00000000e3d00000, 0x00000000e3d00000, 0x00000000e3e00000)
 concurrent mark-sweep generation total 37248K, used 22605K [0x00000000ecca0000, 0x00000000ef100000, 0x0000000100000000)
 Metaspace       used 28750K, capacity 29800K, committed 29952K, reserved 1075200K
  class space    used 3547K, capacity 3822K, committed 3840K, reserved 1048576K
}
2020-11-07T19:58:11.247+0800: 17.924: Application time: 0.0666667 seconds
{Heap before GC invocations=254 (full 31):
 par new generation   total 9216K, used 8782K [0x00000000e3400000, 0x00000000e3e00000, 0x00000000ecca0000)
  eden space 8192K, 100% used [0x00000000e3400000, 0x00000000e3c00000, 0x00000000e3c00000)
  from space 1024K,  57% used [0x00000000e3c00000, 0x00000000e3c939e8, 0x00000000e3d00000)
  to   space 1024K,   0% used [0x00000000e3d00000, 0x00000000e3d00000, 0x00000000e3e00000)
 concurrent mark-sweep generation total 37248K, used 22605K [0x00000000ecca0000, 0x00000000ef100000, 0x0000000100000000)
 Metaspace       used 28808K, capacity 29882K, committed 29952K, reserved 1075200K
  class space    used 3555K, capacity 3825K, committed 3840K, reserved 1048576K
2020-11-07T19:58:11.247+0800: 17.924: [GC (Allocation Failure) 2020-11-07T19:58:11.247+0800: 17.924: [ParNew: 8782K->727K(9216K), 0.0200751 secs] 31387K->23374K(46464K), 0.0201291 secs] [Times: user=0.02 sys=0.00, real=0.02 secs] 
Heap after GC invocations=255 (full 31):
 par new generation   total 9216K, used 727K [0x00000000e3400000, 0x00000000e3e00000, 0x00000000ecca0000)
  eden space 8192K,   0% used [0x00000000e3400000, 0x00000000e3400000, 0x00000000e3c00000)
  from space 1024K,  71% used [0x00000000e3d00000, 0x00000000e3db5d10, 0x00000000e3e00000)
  to   space 1024K,   0% used [0x00000000e3c00000, 0x00000000e3c00000, 0x00000000e3d00000)
 concurrent mark-sweep generation total 37248K, used 22646K [0x00000000ecca0000, 0x00000000ef100000, 0x0000000100000000)
 Metaspace       used 28808K, capacity 29882K, committed 29952K, reserved 1075200K
  class space    used 3555K, capacity 3825K, committed 3840K, reserved 1048576K
}
2020-11-07T19:58:11.284+0800: 17.961: [CMS-concurrent-mark: 0.132/0.170 secs] [Times: user=0.16 sys=0.01, real=0.18 secs] 
2020-11-07T19:58:11.285+0800: 17.961: [CMS-concurrent-preclean-start]
2020-11-07T19:58:11.286+0800: 17.963: [CMS-concurrent-preclean: 0.002/0.002 secs] [Times: user=0.00 sys=0.00, real=0.00 secs] 
2020-11-07T19:58:11.286+0800: 17.963: [CMS-concurrent-abortable-preclean-start]
2020-11-07T19:58:11.298+0800: 17.974: Application time: 0.0302829 seconds
{Heap before GC invocations=255 (full 31):
 par new generation   total 9216K, used 8919K [0x00000000e3400000, 0x00000000e3e00000, 0x00000000ecca0000)
  eden space 8192K, 100% used [0x00000000e3400000, 0x00000000e3c00000, 0x00000000e3c00000)
  from space 1024K,  71% used [0x00000000e3d00000, 0x00000000e3db5d10, 0x00000000e3e00000)
  to   space 1024K,   0% used [0x00000000e3c00000, 0x00000000e3c00000, 0x00000000e3d00000)
 concurrent mark-sweep generation total 37248K, used 22646K [0x00000000ecca0000, 0x00000000ef100000, 0x0000000100000000)
 Metaspace       used 28810K, capacity 29882K, committed 29952K, reserved 1075200K
  class space    used 3555K, capacity 3825K, committed 3840K, reserved 1048576K
2020-11-07T19:58:11.298+0800: 17.974: [GC (Allocation Failure) 2020-11-07T19:58:11.298+0800: 17.974: [ParNew: 8919K->643K(9216K), 0.0240436 secs] 31566K->23369K(46464K), 0.0241234 secs] [Times: user=0.03 sys=0.00, real=0.02 secs] 
Heap after GC invocations=256 (full 31):
 par new generation   total 9216K, used 643K [0x00000000e3400000, 0x00000000e3e00000, 0x00000000ecca0000)
  eden space 8192K,   0% used [0x00000000e3400000, 0x00000000e3400000, 0x00000000e3c00000)
  from space 1024K,  62% used [0x00000000e3c00000, 0x00000000e3ca0cd8, 0x00000000e3d00000)
  to   space 1024K,   0% used [0x00000000e3d00000, 0x00000000e3d00000, 0x00000000e3e00000)
 concurrent mark-sweep generation total 37248K, used 22726K [0x00000000ecca0000, 0x00000000ef100000, 0x0000000100000000)
 Metaspace       used 28810K, capacity 29882K, committed 29952K, reserved 1075200K
  class space    used 3555K, capacity 3825K, committed 3840K, reserved 1048576K
}
2020-11-07T19:58:11.353+0800: 18.030: Application time: 0.0312757 seconds
{Heap before GC invocations=256 (full 31):
 par new generation   total 9216K, used 8835K [0x00000000e3400000, 0x00000000e3e00000, 0x00000000ecca0000)
  eden space 8192K, 100% used [0x00000000e3400000, 0x00000000e3c00000, 0x00000000e3c00000)
  from space 1024K,  62% used [0x00000000e3c00000, 0x00000000e3ca0cd8, 0x00000000e3d00000)
  to   space 1024K,   0% used [0x00000000e3d00000, 0x00000000e3d00000, 0x00000000e3e00000)
 concurrent mark-sweep generation total 37248K, used 22726K [0x00000000ecca0000, 0x00000000ef100000, 0x0000000100000000)
 Metaspace       used 28819K, capacity 29882K, committed 29952K, reserved 1075200K
  class space    used 3556K, capacity 3825K, committed 3840K, reserved 1048576K
2020-11-07T19:58:11.353+0800: 18.030: [GC (Allocation Failure) 2020-11-07T19:58:11.353+0800: 18.030: [ParNew: 8835K->712K(9216K), 0.0197866 secs] 31561K->23438K(46464K), 0.0198444 secs] [Times: user=0.02 sys=0.00, real=0.02 secs] 
Heap after GC invocations=257 (full 31):
 par new generation   total 9216K, used 712K [0x00000000e3400000, 0x00000000e3e00000, 0x00000000ecca0000)
  eden space 8192K,   0% used [0x00000000e3400000, 0x00000000e3400000, 0x00000000e3c00000)
  from space 1024K,  69% used [0x00000000e3d00000, 0x00000000e3db2090, 0x00000000e3e00000)
  to   space 1024K,   0% used [0x00000000e3c00000, 0x00000000e3c00000, 0x00000000e3d00000)
 concurrent mark-sweep generation total 37248K, used 22726K [0x00000000ecca0000, 0x00000000ef100000, 0x0000000100000000)
 Metaspace       used 28819K, capacity 29882K, committed 29952K, reserved 1075200K
  class space    used 3556K, capacity 3825K, committed 3840K, reserved 1048576K
}
2020-11-07T19:58:11.434+0800: 18.111: Application time: 0.0609938 seconds
{Heap before GC invocations=257 (full 31):
 par new generation   total 9216K, used 8904K [0x00000000e3400000, 0x00000000e3e00000, 0x00000000ecca0000)
  eden space 8192K, 100% used [0x00000000e3400000, 0x00000000e3c00000, 0x00000000e3c00000)
  from space 1024K,  69% used [0x00000000e3d00000, 0x00000000e3db2090, 0x00000000e3e00000)
  to   space 1024K,   0% used [0x00000000e3c00000, 0x00000000e3c00000, 0x00000000e3d00000)
 concurrent mark-sweep generation total 37248K, used 22726K [0x00000000ecca0000, 0x00000000ef100000, 0x0000000100000000)
 Metaspace       used 28890K, capacity 29946K, committed 30208K, reserved 1075200K
  class space    used 3564K, capacity 3825K, committed 3840K, reserved 1048576K
2020-11-07T19:58:11.434+0800: 18.111: [GC (Allocation Failure) 2020-11-07T19:58:11.434+0800: 18.111: [ParNew: 8904K->1023K(9216K), 0.0236484 secs] 31630K->23906K(46464K), 0.0237226 secs] [Times: user=0.01 sys=0.00, real=0.03 secs] 
Heap after GC invocations=258 (full 31):
 par new generation   total 9216K, used 1023K [0x00000000e3400000, 0x00000000e3e00000, 0x00000000ecca0000)
  eden space 8192K,   0% used [0x00000000e3400000, 0x00000000e3400000, 0x00000000e3c00000)
  from space 1024K,  99% used [0x00000000e3c00000, 0x00000000e3cffff0, 0x00000000e3d00000)
  to   space 1024K,   0% used [0x00000000e3d00000, 0x00000000e3d00000, 0x00000000e3e00000)
 concurrent mark-sweep generation total 37248K, used 22882K [0x00000000ecca0000, 0x00000000ef100000, 0x0000000100000000)
 Metaspace       used 28890K, capacity 29946K, committed 30208K, reserved 1075200K
  class space    used 3564K, capacity 3825K, committed 3840K, reserved 1048576K
}
2020-11-07T19:58:11.525+0800: 18.202: Application time: 0.0668103 seconds
{Heap before GC invocations=258 (full 31):
 par new generation   total 9216K, used 9215K [0x00000000e3400000, 0x00000000e3e00000, 0x00000000ecca0000)
  eden space 8192K, 100% used [0x00000000e3400000, 0x00000000e3c00000, 0x00000000e3c00000)
  from space 1024K,  99% used [0x00000000e3c00000, 0x00000000e3cffff0, 0x00000000e3d00000)
  to   space 1024K,   0% used [0x00000000e3d00000, 0x00000000e3d00000, 0x00000000e3e00000)
 concurrent mark-sweep generation total 37248K, used 22882K [0x00000000ecca0000, 0x00000000ef100000, 0x0000000100000000)
 Metaspace       used 28983K, capacity 30048K, committed 30336K, reserved 1075200K
  class space    used 3577K, capacity 3858K, committed 3968K, reserved 1048576K
2020-11-07T19:58:11.525+0800: 18.202: [GC (Allocation Failure) 2020-11-07T19:58:11.525+0800: 18.202: [ParNew: 9215K->574K(9216K), 0.0301298 secs] 32098K->23752K(46464K), 0.0301856 secs] [Times: user=0.03 sys=0.00, real=0.03 secs] 
Heap after GC invocations=259 (full 31):
 par new generation   total 9216K, used 574K [0x00000000e3400000, 0x00000000e3e00000, 0x00000000ecca0000)
  eden space 8192K,   0% used [0x00000000e3400000, 0x00000000e3400000, 0x00000000e3c00000)
  from space 1024K,  56% used [0x00000000e3d00000, 0x00000000e3d8f818, 0x00000000e3e00000)
  to   space 1024K,   0% used [0x00000000e3c00000, 0x00000000e3c00000, 0x00000000e3d00000)
 concurrent mark-sweep generation total 37248K, used 23178K [0x00000000ecca0000, 0x00000000ef100000, 0x0000000100000000)
 Metaspace       used 28983K, capacity 30048K, committed 30336K, reserved 1075200K
  class space    used 3577K, capacity 3858K, committed 3968K, reserved 1048576K
}
2020-11-07T19:58:11.555+0800: 18.232: [CMS-concurrent-abortable-preclean: 0.087/0.269 secs] [Times: user=0.24 sys=0.01, real=0.27 secs] 
2020-11-07T19:58:11.561+0800: 18.238: Application time: 0.0057805 seconds
2020-11-07T19:58:11.561+0800: 18.238: [GC (CMS Final Remark) [YG occupancy: 1391 K (9216 K)]2020-11-07T19:58:11.561+0800: 18.238: [Rescan (parallel) , 0.0167838 secs]2020-11-07T19:58:11.578+0800: 18.255: [weak refs processing, 0.0004825 secs]2020-11-07T19:58:11.579+0800: 18.255: [class unloading, 0.0072252 secs]2020-11-07T19:58:11.586+0800: 18.263: [scrub symbol table, 0.0098143 secs]2020-11-07T19:58:11.596+0800: 18.272: [scrub string table, 0.0006100 secs][1 CMS-remark: 23178K(37248K)] 24569K(46464K), 0.0351228 secs] [Times: user=0.03 sys=0.00, real=0.04 secs] 
2020-11-07T19:58:11.607+0800: 18.283: [CMS-concurrent-sweep-start]
2020-11-07T19:58:11.620+0800: 18.297: [CMS-concurrent-sweep: 0.014/0.014 secs] [Times: user=0.01 sys=0.00, real=0.01 secs] 
2020-11-07T19:58:11.620+0800: 18.297: [CMS-concurrent-reset-start]
2020-11-07T19:58:11.645+0800: 18.322: [CMS-concurrent-reset: 0.025/0.025 secs] [Times: user=0.03 sys=0.00, real=0.03 secs] 
2020-11-07T19:58:11.665+0800: 18.341: Application time: 0.0681967 seconds
{Heap before GC invocations=259 (full 31):
 par new generation   total 9216K, used 8766K [0x00000000e3400000, 0x00000000e3e00000, 0x00000000ecca0000)
  eden space 8192K, 100% used [0x00000000e3400000, 0x00000000e3c00000, 0x00000000e3c00000)
  from space 1024K,  56% used [0x00000000e3d00000, 0x00000000e3d8f818, 0x00000000e3e00000)
  to   space 1024K,   0% used [0x00000000e3c00000, 0x00000000e3c00000, 0x00000000e3d00000)
 concurrent mark-sweep generation total 38212K, used 22924K [0x00000000ecca0000, 0x00000000ef1f1000, 0x0000000100000000)
 Metaspace       used 29140K, capacity 30216K, committed 30336K, reserved 1075200K
  class space    used 3607K, capacity 3892K, committed 3968K, reserved 1048576K
2020-11-07T19:58:11.665+0800: 18.342: [GC (Allocation Failure) 2020-11-07T19:58:11.665+0800: 18.342: [ParNew: 8766K->729K(9216K), 0.0159533 secs] 31690K->23654K(47428K), 0.0160304 secs] [Times: user=0.01 sys=0.00, real=0.01 secs] 
Heap after GC invocations=260 (full 31):
 par new generation   total 9216K, used 729K [0x00000000e3400000, 0x00000000e3e00000, 0x00000000ecca0000)
  eden space 8192K,   0% used [0x00000000e3400000, 0x00000000e3400000, 0x00000000e3c00000)
  from space 1024K,  71% used [0x00000000e3c00000, 0x00000000e3cb6688, 0x00000000e3d00000)
  to   space 1024K,   0% used [0x00000000e3d00000, 0x00000000e3d00000, 0x00000000e3e00000)
 concurrent mark-sweep generation total 38212K, used 22924K [0x00000000ecca0000, 0x00000000ef1f1000, 0x0000000100000000)
 Metaspace       used 29140K, capacity 30216K, committed 30336K, reserved 1075200K
  class space    used 3607K, capacity 3892K, committed 3968K, reserved 1048576K
}
2020-11-07T19:58:11.734+0800: 18.410: Application time: 0.0527267 seconds
{Heap before GC invocations=260 (full 31):
 par new generation   total 9216K, used 8921K [0x00000000e3400000, 0x00000000e3e00000, 0x00000000ecca0000)
  eden space 8192K, 100% used [0x00000000e3400000, 0x00000000e3c00000, 0x00000000e3c00000)
  from space 1024K,  71% used [0x00000000e3c00000, 0x00000000e3cb6688, 0x00000000e3d00000)
  to   space 1024K,   0% used [0x00000000e3d00000, 0x00000000e3d00000, 0x00000000e3e00000)
 concurrent mark-sweep generation total 38212K, used 22924K [0x00000000ecca0000, 0x00000000ef1f1000, 0x0000000100000000)
 Metaspace       used 29223K, capacity 30286K, committed 30592K, reserved 1075200K
  class space    used 3620K, capacity 3893K, committed 3968K, reserved 1048576K
2020-11-07T19:58:11.734+0800: 18.410: [GC (Allocation Failure) 2020-11-07T19:58:11.734+0800: 18.411: [ParNew: 8921K->545K(9216K), 0.0233374 secs] 31846K->23689K(47428K), 0.0233896 secs] [Times: user=0.02 sys=0.00, real=0.03 secs] 
Heap after GC invocations=261 (full 31):
 par new generation   total 9216K, used 545K [0x00000000e3400000, 0x00000000e3e00000, 0x00000000ecca0000)
  eden space 8192K,   0% used [0x00000000e3400000, 0x00000000e3400000, 0x00000000e3c00000)
  from space 1024K,  53% used [0x00000000e3d00000, 0x00000000e3d88618, 0x00000000e3e00000)
  to   space 1024K,   0% used [0x00000000e3c00000, 0x00000000e3c00000, 0x00000000e3d00000)
 concurrent mark-sweep generation total 38212K, used 23144K [0x00000000ecca0000, 0x00000000ef1f1000, 0x0000000100000000)
 Metaspace       used 29223K, capacity 30286K, committed 30592K, reserved 1075200K
  class space    used 3620K, capacity 3893K, committed 3968K, reserved 1048576K
}
2020-11-07T19:58:11.761+0800: 18.437: Application time: 0.0035237 seconds
2020-11-07T19:58:11.761+0800: 18.438: [GC (CMS Initial Mark) [1 CMS-initial-mark: 23144K(38212K)] 25845K(47428K), 0.0032324 secs] [Times: user=0.00 sys=0.00, real=0.00 secs] 
2020-11-07T19:58:11.764+0800: 18.441: [CMS-concurrent-mark-start]
2020-11-07T19:58:11.813+0800: 18.490: Application time: 0.0492488 seconds
{Heap before GC invocations=261 (full 32):
 par new generation   total 9216K, used 8737K [0x00000000e3400000, 0x00000000e3e00000, 0x00000000ecca0000)
  eden space 8192K, 100% used [0x00000000e3400000, 0x00000000e3c00000, 0x00000000e3c00000)
  from space 1024K,  53% used [0x00000000e3d00000, 0x00000000e3d88618, 0x00000000e3e00000)
  to   space 1024K,   0% used [0x00000000e3c00000, 0x00000000e3c00000, 0x00000000e3d00000)
 concurrent mark-sweep generation total 38212K, used 23144K [0x00000000ecca0000, 0x00000000ef1f1000, 0x0000000100000000)
 Metaspace       used 29315K, capacity 30354K, committed 30592K, reserved 1075200K
  class space    used 3631K, capacity 3893K, committed 3968K, reserved 1048576K
2020-11-07T19:58:11.814+0800: 18.490: [GC (Allocation Failure) 2020-11-07T19:58:11.814+0800: 18.490: [ParNew: 8737K->665K(9216K), 0.0261859 secs] 31881K->23810K(47428K), 0.0262649 secs] [Times: user=0.02 sys=0.00, real=0.03 secs] 
Heap after GC invocations=262 (full 32):
 par new generation   total 9216K, used 665K [0x00000000e3400000, 0x00000000e3e00000, 0x00000000ecca0000)
  eden space 8192K,   0% used [0x00000000e3400000, 0x00000000e3400000, 0x00000000e3c00000)
  from space 1024K,  65% used [0x00000000e3c00000, 0x00000000e3ca6758, 0x00000000e3d00000)
  to   space 1024K,   0% used [0x00000000e3d00000, 0x00000000e3d00000, 0x00000000e3e00000)
 concurrent mark-sweep generation total 38212K, used 23144K [0x00000000ecca0000, 0x00000000ef1f1000, 0x0000000100000000)
 Metaspace       used 29315K, capacity 30354K, committed 30592K, reserved 1075200K
  class space    used 3631K, capacity 3893K, committed 3968K, reserved 1048576K
}
2020-11-07T19:58:11.892+0800: 18.569: Application time: 0.0520990 seconds
{Heap before GC invocations=262 (full 32):
 par new generation   total 9216K, used 8857K [0x00000000e3400000, 0x00000000e3e00000, 0x00000000ecca0000)
  eden space 8192K, 100% used [0x00000000e3400000, 0x00000000e3c00000, 0x00000000e3c00000)
  from space 1024K,  65% used [0x00000000e3c00000, 0x00000000e3ca6758, 0x00000000e3d00000)
  to   space 1024K,   0% used [0x00000000e3d00000, 0x00000000e3d00000, 0x00000000e3e00000)
 concurrent mark-sweep generation total 38212K, used 23144K [0x00000000ecca0000, 0x00000000ef1f1000, 0x0000000100000000)
 Metaspace       used 29390K, capacity 30450K, committed 30592K, reserved 1075200K
  class space    used 3646K, capacity 3925K, committed 3968K, reserved 1048576K
2020-11-07T19:58:11.892+0800: 18.569: [GC (Allocation Failure) 2020-11-07T19:58:11.892+0800: 18.569: [ParNew: 8857K->741K(9216K), 0.0186361 secs] 32002K->23885K(47428K), 0.0186932 secs] [Times: user=0.02 sys=0.00, real=0.02 secs] 
Heap after GC invocations=263 (full 32):
 par new generation   total 9216K, used 741K [0x00000000e3400000, 0x00000000e3e00000, 0x00000000ecca0000)
  eden space 8192K,   0% used [0x00000000e3400000, 0x00000000e3400000, 0x00000000e3c00000)
  from space 1024K,  72% used [0x00000000e3d00000, 0x00000000e3db95f8, 0x00000000e3e00000)
  to   space 1024K,   0% used [0x00000000e3c00000, 0x00000000e3c00000, 0x00000000e3d00000)
 concurrent mark-sweep generation total 38212K, used 23144K [0x00000000ecca0000, 0x00000000ef1f1000, 0x0000000100000000)
 Metaspace       used 29390K, capacity 30450K, committed 30592K, reserved 1075200K
  class space    used 3646K, capacity 3925K, committed 3968K, reserved 1048576K
}
2020-11-07T19:58:11.932+0800: 18.609: [CMS-concurrent-mark: 0.122/0.168 secs] [Times: user=0.16 sys=0.00, real=0.17 secs] 
2020-11-07T19:58:11.932+0800: 18.609: [CMS-concurrent-preclean-start]
2020-11-07T19:58:11.934+0800: 18.611: [CMS-concurrent-preclean: 0.002/0.002 secs] [Times: user=0.00 sys=0.00, real=0.00 secs] 
2020-11-07T19:58:11.934+0800: 18.611: [CMS-concurrent-abortable-preclean-start]
2020-11-07T19:58:11.937+0800: 18.614: Application time: 0.0259717 seconds
{Heap before GC invocations=263 (full 32):
 par new generation   total 9216K, used 8933K [0x00000000e3400000, 0x00000000e3e00000, 0x00000000ecca0000)
  eden space 8192K, 100% used [0x00000000e3400000, 0x00000000e3c00000, 0x00000000e3c00000)
  from space 1024K,  72% used [0x00000000e3d00000, 0x00000000e3db95f8, 0x00000000e3e00000)
  to   space 1024K,   0% used [0x00000000e3c00000, 0x00000000e3c00000, 0x00000000e3d00000)
 concurrent mark-sweep generation total 38212K, used 23144K [0x00000000ecca0000, 0x00000000ef1f1000, 0x0000000100000000)
 Metaspace       used 29401K, capacity 30450K, committed 30592K, reserved 1075200K
  class space    used 3648K, capacity 3925K, committed 3968K, reserved 1048576K
2020-11-07T19:58:11.937+0800: 18.614: [GC (Allocation Failure) 2020-11-07T19:58:11.937+0800: 18.614: [ParNew: 8933K->409K(9216K), 0.0351189 secs] 32077K->23847K(47428K), 0.0352015 secs] [Times: user=0.03 sys=0.00, real=0.03 secs] 
Heap after GC invocations=264 (full 32):
 par new generation   total 9216K, used 409K [0x00000000e3400000, 0x00000000e3e00000, 0x00000000ecca0000)
  eden space 8192K,   0% used [0x00000000e3400000, 0x00000000e3400000, 0x00000000e3c00000)
  from space 1024K,  40% used [0x00000000e3c00000, 0x00000000e3c666c0, 0x00000000e3d00000)
  to   space 1024K,   0% used [0x00000000e3d00000, 0x00000000e3d00000, 0x00000000e3e00000)
 concurrent mark-sweep generation total 38212K, used 23437K [0x00000000ecca0000, 0x00000000ef1f1000, 0x0000000100000000)
 Metaspace       used 29401K, capacity 30450K, committed 30592K, reserved 1075200K
  class space    used 3648K, capacity 3925K, committed 3968K, reserved 1048576K
}
2020-11-07T19:58:11.999+0800: 18.676: Application time: 0.0271411 seconds
{Heap before GC invocations=264 (full 32):
 par new generation   total 9216K, used 8601K [0x00000000e3400000, 0x00000000e3e00000, 0x00000000ecca0000)
  eden space 8192K,  99% used [0x00000000e3400000, 0x00000000e3bfffd0, 0x00000000e3c00000)
  from space 1024K,  40% used [0x00000000e3c00000, 0x00000000e3c666c0, 0x00000000e3d00000)
  to   space 1024K,   0% used [0x00000000e3d00000, 0x00000000e3d00000, 0x00000000e3e00000)
 concurrent mark-sweep generation total 38212K, used 23437K [0x00000000ecca0000, 0x00000000ef1f1000, 0x0000000100000000)
 Metaspace       used 29446K, capacity 30514K, committed 30592K, reserved 1075200K
  class space    used 3657K, capacity 3925K, committed 3968K, reserved 1048576K
2020-11-07T19:58:11.999+0800: 18.676: [GC (Allocation Failure) 2020-11-07T19:58:11.999+0800: 18.676: [ParNew: 8601K->296K(9216K), 0.0151648 secs] 32039K->23734K(47428K), 0.0152125 secs] [Times: user=0.01 sys=0.00, real=0.02 secs] 
Heap after GC invocations=265 (full 32):
 par new generation   total 9216K, used 296K [0x00000000e3400000, 0x00000000e3e00000, 0x00000000ecca0000)
  eden space 8192K,   0% used [0x00000000e3400000, 0x00000000e3400000, 0x00000000e3c00000)
  from space 1024K,  28% used [0x00000000e3d00000, 0x00000000e3d4a0b8, 0x00000000e3e00000)
  to   space 1024K,   0% used [0x00000000e3c00000, 0x00000000e3c00000, 0x00000000e3d00000)
 concurrent mark-sweep generation total 38212K, used 23437K [0x00000000ecca0000, 0x00000000ef1f1000, 0x0000000100000000)
 Metaspace       used 29446K, capacity 30514K, committed 30592K, reserved 1075200K
  class space    used 3657K, capacity 3925K, committed 3968K, reserved 1048576K
}
2020-11-07T19:58:12.086+0800: 18.762: Application time: 0.0709729 seconds
{Heap before GC invocations=265 (full 32):
 par new generation   total 9216K, used 8488K [0x00000000e3400000, 0x00000000e3e00000, 0x00000000ecca0000)
  eden space 8192K, 100% used [0x00000000e3400000, 0x00000000e3c00000, 0x00000000e3c00000)
  from space 1024K,  28% used [0x00000000e3d00000, 0x00000000e3d4a0b8, 0x00000000e3e00000)
  to   space 1024K,   0% used [0x00000000e3c00000, 0x00000000e3c00000, 0x00000000e3d00000)
 concurrent mark-sweep generation total 38212K, used 23437K [0x00000000ecca0000, 0x00000000ef1f1000, 0x0000000100000000)
 Metaspace       used 29739K, capacity 30802K, committed 30848K, reserved 1077248K
  class space    used 3690K, capacity 3957K, committed 3968K, reserved 1048576K
2020-11-07T19:58:12.086+0800: 18.763: [GC (Allocation Failure) 2020-11-07T19:58:12.086+0800: 18.763: [ParNew: 8488K->605K(9216K), 0.0229004 secs] 31926K->24043K(47428K), 0.0229511 secs] [Times: user=0.02 sys=0.01, real=0.02 secs] 
Heap after GC invocations=266 (full 32):
 par new generation   total 9216K, used 605K [0x00000000e3400000, 0x00000000e3e00000, 0x00000000ecca0000)
  eden space 8192K,   0% used [0x00000000e3400000, 0x00000000e3400000, 0x00000000e3c00000)
  from space 1024K,  59% used [0x00000000e3c00000, 0x00000000e3c97758, 0x00000000e3d00000)
  to   space 1024K,   0% used [0x00000000e3d00000, 0x00000000e3d00000, 0x00000000e3e00000)
 concurrent mark-sweep generation total 38212K, used 23437K [0x00000000ecca0000, 0x00000000ef1f1000, 0x0000000100000000)
 Metaspace       used 29739K, capacity 30802K, committed 30848K, reserved 1077248K
  class space    used 3690K, capacity 3957K, committed 3968K, reserved 1048576K
}
2020-11-07T19:58:12.178+0800: 18.854: Application time: 0.0687408 seconds
{Heap before GC invocations=266 (full 32):
 par new generation   total 9216K, used 8797K [0x00000000e3400000, 0x00000000e3e00000, 0x00000000ecca0000)
  eden space 8192K, 100% used [0x00000000e3400000, 0x00000000e3c00000, 0x00000000e3c00000)
  from space 1024K,  59% used [0x00000000e3c00000, 0x00000000e3c97758, 0x00000000e3d00000)
  to   space 1024K,   0% used [0x00000000e3d00000, 0x00000000e3d00000, 0x00000000e3e00000)
 concurrent mark-sweep generation total 38212K, used 23437K [0x00000000ecca0000, 0x00000000ef1f1000, 0x0000000100000000)
 Metaspace       used 29859K, capacity 30978K, committed 31232K, reserved 1077248K
  class space    used 3714K, capacity 3991K, committed 4096K, reserved 1048576K
2020-11-07T19:58:12.178+0800: 18.854: [GC (Allocation Failure) 2020-11-07T19:58:12.178+0800: 18.854: [ParNew: 8797K->484K(9216K), 0.0220255 secs] 32235K->23974K(47428K), 0.0220767 secs] [Times: user=0.02 sys=0.00, real=0.02 secs] 
Heap after GC invocations=267 (full 32):
 par new generation   total 9216K, used 484K [0x00000000e3400000, 0x00000000e3e00000, 0x00000000ecca0000)
  eden space 8192K,   0% used [0x00000000e3400000, 0x00000000e3400000, 0x00000000e3c00000)
  from space 1024K,  47% used [0x00000000e3d00000, 0x00000000e3d79148, 0x00000000e3e00000)
  to   space 1024K,   0% used [0x00000000e3c00000, 0x00000000e3c00000, 0x00000000e3d00000)
 concurrent mark-sweep generation total 38212K, used 23490K [0x00000000ecca0000, 0x00000000ef1f1000, 0x0000000100000000)
 Metaspace       used 29859K, capacity 30978K, committed 31232K, reserved 1077248K
  class space    used 3714K, capacity 3991K, committed 4096K, reserved 1048576K
}
2020-11-07T19:58:12.212+0800: 18.888: [CMS-concurrent-abortable-preclean: 0.054/0.277 secs] [Times: user=0.27 sys=0.01, real=0.28 secs] 
2020-11-07T19:58:12.212+0800: 18.888: Application time: 0.0116956 seconds
2020-11-07T19:58:12.212+0800: 18.888: [GC (CMS Final Remark) [YG occupancy: 4907 K (9216 K)]2020-11-07T19:58:12.212+0800: 18.888: [Rescan (parallel) , 0.0249027 secs]2020-11-07T19:58:12.237+0800: 18.913: [weak refs processing, 0.0001780 secs]2020-11-07T19:58:12.237+0800: 18.914: [class unloading, 0.0103923 secs]2020-11-07T19:58:12.247+0800: 18.924: [scrub symbol table, 0.0100534 secs]2020-11-07T19:58:12.257+0800: 18.934: [scrub string table, 0.0005594 secs][1 CMS-remark: 23490K(38212K)] 28398K(47428K), 0.0462593 secs] [Times: user=0.04 sys=0.00, real=0.05 secs] 
2020-11-07T19:58:12.262+0800: 18.939: [CMS-concurrent-sweep-start]
2020-11-07T19:58:12.288+0800: 18.965: [CMS-concurrent-sweep: 0.026/0.026 secs] [Times: user=0.03 sys=0.00, real=0.03 secs] 
2020-11-07T19:58:12.292+0800: 18.969: [CMS-concurrent-reset-start]
2020-11-07T19:58:12.293+0800: 18.970: [CMS-concurrent-reset: 0.001/0.001 secs] [Times: user=0.00 sys=0.00, real=0.00 secs] 
2020-11-07T19:58:12.300+0800: 18.977: Application time: 0.0419514 seconds
{Heap before GC invocations=267 (full 32):
 par new generation   total 9216K, used 8676K [0x00000000e3400000, 0x00000000e3e00000, 0x00000000ecca0000)
  eden space 8192K, 100% used [0x00000000e3400000, 0x00000000e3c00000, 0x00000000e3c00000)
  from space 1024K,  47% used [0x00000000e3d00000, 0x00000000e3d79148, 0x00000000e3e00000)
  to   space 1024K,   0% used [0x00000000e3c00000, 0x00000000e3c00000, 0x00000000e3d00000)
 concurrent mark-sweep generation total 38872K, used 23320K [0x00000000ecca0000, 0x00000000ef296000, 0x0000000100000000)
 Metaspace       used 29893K, capacity 30990K, committed 31232K, reserved 1077248K
  class space    used 3721K, capacity 3983K, committed 4096K, reserved 1048576K
2020-11-07T19:58:12.300+0800: 18.977: [GC (Allocation Failure) 2020-11-07T19:58:12.300+0800: 18.977: [ParNew: 8676K->452K(9216K), 0.0364558 secs] 31997K->23773K(48088K), 0.0365372 secs] [Times: user=0.03 sys=0.00, real=0.04 secs] 
Heap after GC invocations=268 (full 32):
 par new generation   total 9216K, used 452K [0x00000000e3400000, 0x00000000e3e00000, 0x00000000ecca0000)
  eden space 8192K,   0% used [0x00000000e3400000, 0x00000000e3400000, 0x00000000e3c00000)
  from space 1024K,  44% used [0x00000000e3c00000, 0x00000000e3c712d8, 0x00000000e3d00000)
  to   space 1024K,   0% used [0x00000000e3d00000, 0x00000000e3d00000, 0x00000000e3e00000)
 concurrent mark-sweep generation total 38872K, used 23320K [0x00000000ecca0000, 0x00000000ef296000, 0x0000000100000000)
 Metaspace       used 29893K, capacity 30990K, committed 31232K, reserved 1077248K
  class space    used 3721K, capacity 3983K, committed 4096K, reserved 1048576K
}
2020-11-07T19:58:12.356+0800: 19.032: Application time: 0.0189273 seconds
{Heap before GC invocations=268 (full 32):
 par new generation   total 9216K, used 8644K [0x00000000e3400000, 0x00000000e3e00000, 0x00000000ecca0000)
  eden space 8192K, 100% used [0x00000000e3400000, 0x00000000e3c00000, 0x00000000e3c00000)
  from space 1024K,  44% used [0x00000000e3c00000, 0x00000000e3c712d8, 0x00000000e3d00000)
  to   space 1024K,   0% used [0x00000000e3d00000, 0x00000000e3d00000, 0x00000000e3e00000)
 concurrent mark-sweep generation total 38872K, used 23320K [0x00000000ecca0000, 0x00000000ef296000, 0x0000000100000000)
 Metaspace       used 29947K, capacity 31054K, committed 31488K, reserved 1077248K
  class space    used 3729K, capacity 3983K, committed 4096K, reserved 1048576K
2020-11-07T19:58:12.356+0800: 19.033: [GC (Allocation Failure) 2020-11-07T19:58:12.356+0800: 19.033: [ParNew: 8644K->562K(9216K), 0.0299165 secs] 31965K->23883K(48088K), 0.0299651 secs] [Times: user=0.03 sys=0.00, real=0.03 secs] 
Heap after GC invocations=269 (full 32):
 par new generation   total 9216K, used 562K [0x00000000e3400000, 0x00000000e3e00000, 0x00000000ecca0000)
  eden space 8192K,   0% used [0x00000000e3400000, 0x00000000e3400000, 0x00000000e3c00000)
  from space 1024K,  54% used [0x00000000e3d00000, 0x00000000e3d8c868, 0x00000000e3e00000)
  to   space 1024K,   0% used [0x00000000e3c00000, 0x00000000e3c00000, 0x00000000e3d00000)
 concurrent mark-sweep generation total 38872K, used 23320K [0x00000000ecca0000, 0x00000000ef296000, 0x0000000100000000)
 Metaspace       used 29947K, capacity 31054K, committed 31488K, reserved 1077248K
  class space    used 3729K, capacity 3983K, committed 4096K, reserved 1048576K
}
2020-11-07T19:58:12.670+0800: 19.347: Application time: 0.2846668 seconds
{Heap before GC invocations=269 (full 32):
 par new generation   total 9216K, used 8754K [0x00000000e3400000, 0x00000000e3e00000, 0x00000000ecca0000)
  eden space 8192K, 100% used [0x00000000e3400000, 0x00000000e3c00000, 0x00000000e3c00000)
  from space 1024K,  54% used [0x00000000e3d00000, 0x00000000e3d8c868, 0x00000000e3e00000)
  to   space 1024K,   0% used [0x00000000e3c00000, 0x00000000e3c00000, 0x00000000e3d00000)
 concurrent mark-sweep generation total 38872K, used 23320K [0x00000000ecca0000, 0x00000000ef296000, 0x0000000100000000)
 Metaspace       used 30080K, capacity 31176K, committed 31488K, reserved 1077248K
  class space    used 3756K, capacity 4018K, committed 4096K, reserved 1048576K
2020-11-07T19:58:12.671+0800: 19.347: [GC (Allocation Failure) 2020-11-07T19:58:12.671+0800: 19.347: [ParNew: 8754K->766K(9216K), 0.0155520 secs] 32075K->24087K(48088K), 0.0156038 secs] [Times: user=0.02 sys=0.00, real=0.02 secs] 
Heap after GC invocations=270 (full 32):
 par new generation   total 9216K, used 766K [0x00000000e3400000, 0x00000000e3e00000, 0x00000000ecca0000)
  eden space 8192K,   0% used [0x00000000e3400000, 0x00000000e3400000, 0x00000000e3c00000)
  from space 1024K,  74% used [0x00000000e3c00000, 0x00000000e3cbfb58, 0x00000000e3d00000)
  to   space 1024K,   0% used [0x00000000e3d00000, 0x00000000e3d00000, 0x00000000e3e00000)
 concurrent mark-sweep generation total 38872K, used 23320K [0x00000000ecca0000, 0x00000000ef296000, 0x0000000100000000)
 Metaspace       used 30080K, capacity 31176K, committed 31488K, reserved 1077248K
  class space    used 3756K, capacity 4018K, committed 4096K, reserved 1048576K
}
2020-11-07T19:58:12.744+0800: 19.420: Application time: 0.0572178 seconds
{Heap before GC invocations=270 (full 32):
 par new generation   total 9216K, used 8958K [0x00000000e3400000, 0x00000000e3e00000, 0x00000000ecca0000)
  eden space 8192K, 100% used [0x00000000e3400000, 0x00000000e3c00000, 0x00000000e3c00000)
  from space 1024K,  74% used [0x00000000e3c00000, 0x00000000e3cbfb58, 0x00000000e3d00000)
  to   space 1024K,   0% used [0x00000000e3d00000, 0x00000000e3d00000, 0x00000000e3e00000)
 concurrent mark-sweep generation total 38872K, used 23320K [0x00000000ecca0000, 0x00000000ef296000, 0x0000000100000000)
 Metaspace       used 30225K, capacity 31336K, committed 31488K, reserved 1077248K
  class space    used 3777K, capacity 4050K, committed 4096K, reserved 1048576K
2020-11-07T19:58:12.744+0800: 19.420: [GC (Allocation Failure) 2020-11-07T19:58:12.744+0800: 19.420: [ParNew: 8958K->841K(9216K), 0.0164090 secs] 32279K->24269K(48088K), 0.0164634 secs] [Times: user=0.02 sys=0.00, real=0.02 secs] 
Heap after GC invocations=271 (full 32):
 par new generation   total 9216K, used 841K [0x00000000e3400000, 0x00000000e3e00000, 0x00000000ecca0000)
  eden space 8192K,   0% used [0x00000000e3400000, 0x00000000e3400000, 0x00000000e3c00000)
  from space 1024K,  82% used [0x00000000e3d00000, 0x00000000e3dd2478, 0x00000000e3e00000)
  to   space 1024K,   0% used [0x00000000e3c00000, 0x00000000e3c00000, 0x00000000e3d00000)
 concurrent mark-sweep generation total 38872K, used 23428K [0x00000000ecca0000, 0x00000000ef296000, 0x0000000100000000)
 Metaspace       used 30225K, capacity 31336K, committed 31488K, reserved 1077248K
  class space    used 3777K, capacity 4050K, committed 4096K, reserved 1048576K
}
2020-11-07T19:58:12.763+0800: 19.439: Application time: 0.0024575 seconds
2020-11-07T19:58:12.763+0800: 19.440: [GC (CMS Initial Mark) [1 CMS-initial-mark: 23428K(38872K)] 24759K(48088K), 0.0029084 secs] [Times: user=0.00 sys=0.00, real=0.01 secs] 
2020-11-07T19:58:12.766+0800: 19.442: [CMS-concurrent-mark-start]
2020-11-07T19:58:12.864+0800: 19.541: [CMS-concurrent-mark: 0.098/0.098 secs] [Times: user=0.10 sys=0.00, real=0.09 secs] 
2020-11-07T19:58:12.864+0800: 19.541: [CMS-concurrent-preclean-start]
2020-11-07T19:58:12.872+0800: 19.549: [CMS-concurrent-preclean: 0.002/0.008 secs] [Times: user=0.01 sys=0.00, real=0.01 secs] 
2020-11-07T19:58:12.872+0800: 19.549: [CMS-concurrent-abortable-preclean-start]
2020-11-07T19:58:12.885+0800: 19.561: Application time: 0.1187817 seconds
{Heap before GC invocations=271 (full 33):
 par new generation   total 9216K, used 9033K [0x00000000e3400000, 0x00000000e3e00000, 0x00000000ecca0000)
  eden space 8192K, 100% used [0x00000000e3400000, 0x00000000e3c00000, 0x00000000e3c00000)
  from space 1024K,  82% used [0x00000000e3d00000, 0x00000000e3dd2478, 0x00000000e3e00000)
  to   space 1024K,   0% used [0x00000000e3c00000, 0x00000000e3c00000, 0x00000000e3d00000)
 concurrent mark-sweep generation total 38872K, used 23428K [0x00000000ecca0000, 0x00000000ef296000, 0x0000000100000000)
 Metaspace       used 30406K, capacity 31520K, committed 31744K, reserved 1077248K
  class space    used 3807K, capacity 4086K, committed 4096K, reserved 1048576K
2020-11-07T19:58:12.885+0800: 19.561: [GC (Allocation Failure) 2020-11-07T19:58:12.885+0800: 19.561: [ParNew: 9033K->838K(9216K), 0.0079541 secs] 32461K->24474K(48088K), 0.0080274 secs] [Times: user=0.01 sys=0.00, real=0.00 secs] 
Heap after GC invocations=272 (full 33):
 par new generation   total 9216K, used 838K [0x00000000e3400000, 0x00000000e3e00000, 0x00000000ecca0000)
  eden space 8192K,   0% used [0x00000000e3400000, 0x00000000e3400000, 0x00000000e3c00000)
  from space 1024K,  81% used [0x00000000e3c00000, 0x00000000e3cd1be8, 0x00000000e3d00000)
  to   space 1024K,   0% used [0x00000000e3d00000, 0x00000000e3d00000, 0x00000000e3e00000)
 concurrent mark-sweep generation total 38872K, used 23635K [0x00000000ecca0000, 0x00000000ef296000, 0x0000000100000000)
 Metaspace       used 30406K, capacity 31520K, committed 31744K, reserved 1077248K
  class space    used 3807K, capacity 4086K, committed 4096K, reserved 1048576K
}
2020-11-07T19:58:12.927+0800: 19.604: Application time: 0.0340376 seconds
{Heap before GC invocations=272 (full 33):
 par new generation   total 9216K, used 9030K [0x00000000e3400000, 0x00000000e3e00000, 0x00000000ecca0000)
  eden space 8192K, 100% used [0x00000000e3400000, 0x00000000e3c00000, 0x00000000e3c00000)
  from space 1024K,  81% used [0x00000000e3c00000, 0x00000000e3cd1be8, 0x00000000e3d00000)
  to   space 1024K,   0% used [0x00000000e3d00000, 0x00000000e3d00000, 0x00000000e3e00000)
 concurrent mark-sweep generation total 38872K, used 23635K [0x00000000ecca0000, 0x00000000ef296000, 0x0000000100000000)
 Metaspace       used 30477K, capacity 31584K, committed 31744K, reserved 1077248K
  class space    used 3816K, capacity 4086K, committed 4096K, reserved 1048576K
2020-11-07T19:58:12.927+0800: 19.604: [GC (Allocation Failure) 2020-11-07T19:58:12.927+0800: 19.604: [ParNew: 9030K->581K(9216K), 0.0164271 secs] 32666K->24401K(48088K), 0.0164884 secs] [Times: user=0.01 sys=0.00, real=0.01 secs] 
Heap after GC invocations=273 (full 33):
 par new generation   total 9216K, used 581K [0x00000000e3400000, 0x00000000e3e00000, 0x00000000ecca0000)
  eden space 8192K,   0% used [0x00000000e3400000, 0x00000000e3400000, 0x00000000e3c00000)
  from space 1024K,  56% used [0x00000000e3d00000, 0x00000000e3d91440, 0x00000000e3e00000)
  to   space 1024K,   0% used [0x00000000e3c00000, 0x00000000e3c00000, 0x00000000e3d00000)
 concurrent mark-sweep generation total 38872K, used 23820K [0x00000000ecca0000, 0x00000000ef296000, 0x0000000100000000)
 Metaspace       used 30477K, capacity 31584K, committed 31744K, reserved 1077248K
  class space    used 3816K, capacity 4086K, committed 4096K, reserved 1048576K
}
2020-11-07T19:58:12.949+0800: 19.626: Application time: 0.0057157 seconds
{Heap before GC invocations=273 (full 33):
 par new generation   total 9216K, used 8744K [0x00000000e3400000, 0x00000000e3e00000, 0x00000000ecca0000)
  eden space 8192K,  99% used [0x00000000e3400000, 0x00000000e3bf8f10, 0x00000000e3c00000)
  from space 1024K,  56% used [0x00000000e3d00000, 0x00000000e3d91440, 0x00000000e3e00000)
  to   space 1024K,   0% used [0x00000000e3c00000, 0x00000000e3c00000, 0x00000000e3d00000)
 concurrent mark-sweep generation total 38872K, used 23820K [0x00000000ecca0000, 0x00000000ef296000, 0x0000000100000000)
 Metaspace       used 30477K, capacity 31584K, committed 31744K, reserved 1077248K
  class space    used 3816K, capacity 4086K, committed 4096K, reserved 1048576K
2020-11-07T19:58:12.949+0800: 19.626: [GC (Allocation Failure) 2020-11-07T19:58:12.949+0800: 19.626: [ParNew: 8744K->558K(9216K), 0.0044820 secs] 32564K->24378K(48088K), 0.0045336 secs] [Times: user=0.01 sys=0.00, real=0.00 secs] 
Heap after GC invocations=274 (full 33):
 par new generation   total 9216K, used 558K [0x00000000e3400000, 0x00000000e3e00000, 0x00000000ecca0000)
  eden space 8192K,   0% used [0x00000000e3400000, 0x00000000e3400000, 0x00000000e3c00000)
  from space 1024K,  54% used [0x00000000e3c00000, 0x00000000e3c8bb58, 0x00000000e3d00000)
  to   space 1024K,   0% used [0x00000000e3d00000, 0x00000000e3d00000, 0x00000000e3e00000)
 concurrent mark-sweep generation total 38872K, used 23820K [0x00000000ecca0000, 0x00000000ef296000, 0x0000000100000000)
 Metaspace       used 30477K, capacity 31584K, committed 31744K, reserved 1077248K
  class space    used 3816K, capacity 4086K, committed 4096K, reserved 1048576K
}
2020-11-07T19:58:12.955+0800: 19.632: [CMS-concurrent-abortable-preclean: 0.041/0.083 secs] [Times: user=0.07 sys=0.00, real=0.09 secs] 
2020-11-07T19:58:12.957+0800: 19.633: Application time: 0.0026862 seconds
{Heap before GC invocations=274 (full 33):
 par new generation   total 9216K, used 8750K [0x00000000e3400000, 0x00000000e3e00000, 0x00000000ecca0000)
  eden space 8192K,  99% used [0x00000000e3400000, 0x00000000e3bffcf0, 0x00000000e3c00000)
  from space 1024K,  54% used [0x00000000e3c00000, 0x00000000e3c8bb58, 0x00000000e3d00000)
  to   space 1024K,   0% used [0x00000000e3d00000, 0x00000000e3d00000, 0x00000000e3e00000)
 concurrent mark-sweep generation total 38872K, used 23820K [0x00000000ecca0000, 0x00000000ef296000, 0x0000000100000000)
 Metaspace       used 30477K, capacity 31584K, committed 31744K, reserved 1077248K
  class space    used 3816K, capacity 4086K, committed 4096K, reserved 1048576K
2020-11-07T19:58:12.957+0800: 19.634: [GC (Allocation Failure) 2020-11-07T19:58:12.957+0800: 19.634: [ParNew: 8750K->603K(9216K), 0.0047860 secs] 32570K->24423K(48088K), 0.0048494 secs] [Times: user=0.01 sys=0.00, real=0.00 secs] 
Heap after GC invocations=275 (full 33):
 par new generation   total 9216K, used 603K [0x00000000e3400000, 0x00000000e3e00000, 0x00000000ecca0000)
  eden space 8192K,   0% used [0x00000000e3400000, 0x00000000e3400000, 0x00000000e3c00000)
  from space 1024K,  58% used [0x00000000e3d00000, 0x00000000e3d96fd8, 0x00000000e3e00000)
  to   space 1024K,   0% used [0x00000000e3c00000, 0x00000000e3c00000, 0x00000000e3d00000)
 concurrent mark-sweep generation total 38872K, used 23820K [0x00000000ecca0000, 0x00000000ef296000, 0x0000000100000000)
 Metaspace       used 30477K, capacity 31584K, committed 31744K, reserved 1077248K
  class space    used 3816K, capacity 4086K, committed 4096K, reserved 1048576K
}
2020-11-07T19:58:12.963+0800: 19.640: Application time: 0.0016560 seconds
{Heap before GC invocations=275 (full 33):
 par new generation   total 9216K, used 8774K [0x00000000e3400000, 0x00000000e3e00000, 0x00000000ecca0000)
  eden space 8192K,  99% used [0x00000000e3400000, 0x00000000e3bfaad0, 0x00000000e3c00000)
  from space 1024K,  58% used [0x00000000e3d00000, 0x00000000e3d96fd8, 0x00000000e3e00000)
  to   space 1024K,   0% used [0x00000000e3c00000, 0x00000000e3c00000, 0x00000000e3d00000)
 concurrent mark-sweep generation total 38872K, used 23820K [0x00000000ecca0000, 0x00000000ef296000, 0x0000000100000000)
 Metaspace       used 30477K, capacity 31584K, committed 31744K, reserved 1077248K
  class space    used 3816K, capacity 4086K, committed 4096K, reserved 1048576K
2020-11-07T19:58:12.964+0800: 19.640: [GC (Allocation Failure) 2020-11-07T19:58:12.964+0800: 19.640: [ParNew: 8774K->622K(9216K), 0.0097296 secs] 32594K->24442K(48088K), 0.0097732 secs] [Times: user=0.01 sys=0.00, real=0.01 secs] 
Heap after GC invocations=276 (full 33):
 par new generation   total 9216K, used 622K [0x00000000e3400000, 0x00000000e3e00000, 0x00000000ecca0000)
  eden space 8192K,   0% used [0x00000000e3400000, 0x00000000e3400000, 0x00000000e3c00000)
  from space 1024K,  60% used [0x00000000e3c00000, 0x00000000e3c9b910, 0x00000000e3d00000)
  to   space 1024K,   0% used [0x00000000e3d00000, 0x00000000e3d00000, 0x00000000e3e00000)
 concurrent mark-sweep generation total 38872K, used 23820K [0x00000000ecca0000, 0x00000000ef296000, 0x0000000100000000)
 Metaspace       used 30477K, capacity 31584K, committed 31744K, reserved 1077248K
  class space    used 3816K, capacity 4086K, committed 4096K, reserved 1048576K
}
2020-11-07T19:58:12.978+0800: 19.655: Application time: 0.0047059 seconds
2020-11-07T19:58:12.978+0800: 19.655: [GC (CMS Final Remark) [YG occupancy: 3876 K (9216 K)]2020-11-07T19:58:12.978+0800: 19.655: [Rescan (parallel) , 0.0132832 secs]2020-11-07T19:58:12.992+0800: 19.668: [weak refs processing, 0.0016052 secs]2020-11-07T19:58:12.993+0800: 19.670: [class unloading, 0.0100866 secs]2020-11-07T19:58:13.003+0800: 19.680: [scrub symbol table, 0.0088092 secs]2020-11-07T19:58:13.012+0800: 19.689: [scrub string table, 0.0006468 secs][1 CMS-remark: 23820K(38872K)] 27696K(48088K), 0.0346544 secs] [Times: user=0.03 sys=0.00, real=0.03 secs] 
2020-11-07T19:58:13.019+0800: 19.696: [CMS-concurrent-sweep-start]
2020-11-07T19:58:13.039+0800: 19.716: [CMS-concurrent-sweep: 0.020/0.020 secs] [Times: user=0.02 sys=0.00, real=0.02 secs] 
2020-11-07T19:58:13.039+0800: 19.716: [CMS-concurrent-reset-start]
2020-11-07T19:58:13.040+0800: 19.717: [CMS-concurrent-reset: 0.001/0.001 secs] [Times: user=0.00 sys=0.00, real=0.00 secs] 
2020-11-07T19:58:13.046+0800: 19.723: Application time: 0.0331488 seconds
{Heap before GC invocations=276 (full 33):
 par new generation   total 9216K, used 8814K [0x00000000e3400000, 0x00000000e3e00000, 0x00000000ecca0000)
  eden space 8192K, 100% used [0x00000000e3400000, 0x00000000e3c00000, 0x00000000e3c00000)
  from space 1024K,  60% used [0x00000000e3c00000, 0x00000000e3c9b910, 0x00000000e3d00000)
  to   space 1024K,   0% used [0x00000000e3d00000, 0x00000000e3d00000, 0x00000000e3e00000)
 concurrent mark-sweep generation total 39668K, used 23799K [0x00000000ecca0000, 0x00000000ef35d000, 0x0000000100000000)
 Metaspace       used 30541K, capacity 31648K, committed 31744K, reserved 1077248K
  class space    used 3824K, capacity 4086K, committed 4096K, reserved 1048576K
2020-11-07T19:58:13.046+0800: 19.723: [GC (Allocation Failure) 2020-11-07T19:58:13.046+0800: 19.723: [ParNew: 8814K->532K(9216K), 0.0096054 secs] 32613K->24331K(48884K), 0.0096742 secs] [Times: user=0.01 sys=0.00, real=0.01 secs] 
Heap after GC invocations=277 (full 33):
 par new generation   total 9216K, used 532K [0x00000000e3400000, 0x00000000e3e00000, 0x00000000ecca0000)
  eden space 8192K,   0% used [0x00000000e3400000, 0x00000000e3400000, 0x00000000e3c00000)
  from space 1024K,  52% used [0x00000000e3d00000, 0x00000000e3d85228, 0x00000000e3e00000)
  to   space 1024K,   0% used [0x00000000e3c00000, 0x00000000e3c00000, 0x00000000e3d00000)
 concurrent mark-sweep generation total 39668K, used 23799K [0x00000000ecca0000, 0x00000000ef35d000, 0x0000000100000000)
 Metaspace       used 30541K, capacity 31648K, committed 31744K, reserved 1077248K
  class space    used 3824K, capacity 4086K, committed 4096K, reserved 1048576K
}
2020-11-07T19:58:13.075+0800: 19.752: Application time: 0.0189419 seconds
{Heap before GC invocations=277 (full 33):
 par new generation   total 9216K, used 8724K [0x00000000e3400000, 0x00000000e3e00000, 0x00000000ecca0000)
  eden space 8192K, 100% used [0x00000000e3400000, 0x00000000e3c00000, 0x00000000e3c00000)
  from space 1024K,  52% used [0x00000000e3d00000, 0x00000000e3d85228, 0x00000000e3e00000)
  to   space 1024K,   0% used [0x00000000e3c00000, 0x00000000e3c00000, 0x00000000e3d00000)
 concurrent mark-sweep generation total 39668K, used 23799K [0x00000000ecca0000, 0x00000000ef35d000, 0x0000000100000000)
 Metaspace       used 30577K, capacity 31648K, committed 31744K, reserved 1077248K
  class space    used 3829K, capacity 4086K, committed 4096K, reserved 1048576K
2020-11-07T19:58:13.075+0800: 19.752: [GC (Allocation Failure) 2020-11-07T19:58:13.075+0800: 19.752: [ParNew: 8724K->535K(9216K), 0.0102346 secs] 32523K->24335K(48884K), 0.0102980 secs] [Times: user=0.01 sys=0.00, real=0.01 secs] 
Heap after GC invocations=278 (full 33):
 par new generation   total 9216K, used 535K [0x00000000e3400000, 0x00000000e3e00000, 0x00000000ecca0000)
  eden space 8192K,   0% used [0x00000000e3400000, 0x00000000e3400000, 0x00000000e3c00000)
  from space 1024K,  52% used [0x00000000e3c00000, 0x00000000e3c85e80, 0x00000000e3d00000)
  to   space 1024K,   0% used [0x00000000e3d00000, 0x00000000e3d00000, 0x00000000e3e00000)
 concurrent mark-sweep generation total 39668K, used 23799K [0x00000000ecca0000, 0x00000000ef35d000, 0x0000000100000000)
 Metaspace       used 30577K, capacity 31648K, committed 31744K, reserved 1077248K
  class space    used 3829K, capacity 4086K, committed 4096K, reserved 1048576K
}
2020-11-07T19:58:13.118+0800: 19.795: Application time: 0.0325758 seconds
{Heap before GC invocations=278 (full 33):
 par new generation   total 9216K, used 8727K [0x00000000e3400000, 0x00000000e3e00000, 0x00000000ecca0000)
  eden space 8192K, 100% used [0x00000000e3400000, 0x00000000e3c00000, 0x00000000e3c00000)
  from space 1024K,  52% used [0x00000000e3c00000, 0x00000000e3c85e80, 0x00000000e3d00000)
  to   space 1024K,   0% used [0x00000000e3d00000, 0x00000000e3d00000, 0x00000000e3e00000)
 concurrent mark-sweep generation total 39668K, used 23799K [0x00000000ecca0000, 0x00000000ef35d000, 0x0000000100000000)
 Metaspace       used 30698K, capacity 31818K, committed 32128K, reserved 1077248K
  class space    used 3842K, capacity 4119K, committed 4224K, reserved 1048576K
2020-11-07T19:58:13.118+0800: 19.795: [GC (Allocation Failure) 2020-11-07T19:58:13.118+0800: 19.795: [ParNew: 8727K->616K(9216K), 0.0178893 secs] 32527K->24416K(48884K), 0.0179686 secs] [Times: user=0.01 sys=0.00, real=0.02 secs] 
Heap after GC invocations=279 (full 33):
 par new generation   total 9216K, used 616K [0x00000000e3400000, 0x00000000e3e00000, 0x00000000ecca0000)
  eden space 8192K,   0% used [0x00000000e3400000, 0x00000000e3400000, 0x00000000e3c00000)
  from space 1024K,  60% used [0x00000000e3d00000, 0x00000000e3d9a2c8, 0x00000000e3e00000)
  to   space 1024K,   0% used [0x00000000e3c00000, 0x00000000e3c00000, 0x00000000e3d00000)
 concurrent mark-sweep generation total 39668K, used 23799K [0x00000000ecca0000, 0x00000000ef35d000, 0x0000000100000000)
 Metaspace       used 30698K, capacity 31818K, committed 32128K, reserved 1077248K
  class space    used 3842K, capacity 4119K, committed 4224K, reserved 1048576K
}
2020-11-07T19:58:13.182+0800: 19.858: Application time: 0.0453630 seconds
{Heap before GC invocations=279 (full 33):
 par new generation   total 9216K, used 8808K [0x00000000e3400000, 0x00000000e3e00000, 0x00000000ecca0000)
  eden space 8192K, 100% used [0x00000000e3400000, 0x00000000e3c00000, 0x00000000e3c00000)
  from space 1024K,  60% used [0x00000000e3d00000, 0x00000000e3d9a2c8, 0x00000000e3e00000)
  to   space 1024K,   0% used [0x00000000e3c00000, 0x00000000e3c00000, 0x00000000e3d00000)
 concurrent mark-sweep generation total 39668K, used 23799K [0x00000000ecca0000, 0x00000000ef35d000, 0x0000000100000000)
 Metaspace       used 30813K, capacity 31894K, committed 32128K, reserved 1077248K
  class space    used 3863K, capacity 4121K, committed 4224K, reserved 1048576K
2020-11-07T19:58:13.182+0800: 19.858: [GC (Allocation Failure) 2020-11-07T19:58:13.182+0800: 19.858: [ParNew: 8808K->691K(9216K), 0.0321799 secs] 32608K->24617K(48884K), 0.0322376 secs] [Times: user=0.03 sys=0.00, real=0.03 secs] 
Heap after GC invocations=280 (full 33):
 par new generation   total 9216K, used 691K [0x00000000e3400000, 0x00000000e3e00000, 0x00000000ecca0000)
  eden space 8192K,   0% used [0x00000000e3400000, 0x00000000e3400000, 0x00000000e3c00000)
  from space 1024K,  67% used [0x00000000e3c00000, 0x00000000e3cacd38, 0x00000000e3d00000)
  to   space 1024K,   0% used [0x00000000e3d00000, 0x00000000e3d00000, 0x00000000e3e00000)
 concurrent mark-sweep generation total 39668K, used 23925K [0x00000000ecca0000, 0x00000000ef35d000, 0x0000000100000000)
 Metaspace       used 30813K, capacity 31894K, committed 32128K, reserved 1077248K
  class space    used 3863K, capacity 4121K, committed 4224K, reserved 1048576K
}
2020-11-07T19:58:13.218+0800: 19.894: Application time: 0.0035780 seconds
2020-11-07T19:58:13.218+0800: 19.894: [GC (CMS Initial Mark) [1 CMS-initial-mark: 23925K(39668K)] 25108K(48884K), 0.0031010 secs] [Times: user=0.00 sys=0.00, real=0.00 secs] 
2020-11-07T19:58:13.221+0800: 19.898: [CMS-concurrent-mark-start]
2020-11-07T19:58:13.274+0800: 19.950: Application time: 0.0528123 seconds
2020-11-07T19:58:13.306+0800: 19.983: Application time: 0.0319989 seconds
{Heap before GC invocations=280 (full 34):
 par new generation   total 9216K, used 8883K [0x00000000e3400000, 0x00000000e3e00000, 0x00000000ecca0000)
  eden space 8192K, 100% used [0x00000000e3400000, 0x00000000e3c00000, 0x00000000e3c00000)
  from space 1024K,  67% used [0x00000000e3c00000, 0x00000000e3cacd38, 0x00000000e3d00000)
  to   space 1024K,   0% used [0x00000000e3d00000, 0x00000000e3d00000, 0x00000000e3e00000)
 concurrent mark-sweep generation total 39668K, used 23925K [0x00000000ecca0000, 0x00000000ef35d000, 0x0000000100000000)
 Metaspace       used 30969K, capacity 32094K, committed 32384K, reserved 1077248K
  class space    used 3884K, capacity 4161K, committed 4224K, reserved 1048576K
2020-11-07T19:58:13.306+0800: 19.983: [GC (Allocation Failure) 2020-11-07T19:58:13.306+0800: 19.983: [ParNew: 8883K->804K(9216K), 0.0314910 secs] 32809K->24900K(48884K), 0.0315736 secs] [Times: user=0.03 sys=0.00, real=0.03 secs] 
Heap after GC invocations=281 (full 34):
 par new generation   total 9216K, used 804K [0x00000000e3400000, 0x00000000e3e00000, 0x00000000ecca0000)
  eden space 8192K,   0% used [0x00000000e3400000, 0x00000000e3400000, 0x00000000e3c00000)
  from space 1024K,  78% used [0x00000000e3d00000, 0x00000000e3dc9300, 0x00000000e3e00000)
  to   space 1024K,   0% used [0x00000000e3c00000, 0x00000000e3c00000, 0x00000000e3d00000)
 concurrent mark-sweep generation total 39668K, used 24096K [0x00000000ecca0000, 0x00000000ef35d000, 0x0000000100000000)
 Metaspace       used 30969K, capacity 32094K, committed 32384K, reserved 1077248K
  class space    used 3884K, capacity 4161K, committed 4224K, reserved 1048576K
}
2020-11-07T19:58:13.386+0800: 20.062: Application time: 0.0475313 seconds
{Heap before GC invocations=281 (full 34):
 par new generation   total 9216K, used 8996K [0x00000000e3400000, 0x00000000e3e00000, 0x00000000ecca0000)
  eden space 8192K, 100% used [0x00000000e3400000, 0x00000000e3c00000, 0x00000000e3c00000)
  from space 1024K,  78% used [0x00000000e3d00000, 0x00000000e3dc9300, 0x00000000e3e00000)
  to   space 1024K,   0% used [0x00000000e3c00000, 0x00000000e3c00000, 0x00000000e3d00000)
 concurrent mark-sweep generation total 39668K, used 24096K [0x00000000ecca0000, 0x00000000ef35d000, 0x0000000100000000)
 Metaspace       used 30994K, capacity 32100K, committed 32384K, reserved 1077248K
  class space    used 3886K, capacity 4162K, committed 4224K, reserved 1048576K
2020-11-07T19:58:13.386+0800: 20.062: [GC (Allocation Failure) 2020-11-07T19:58:13.386+0800: 20.062: [ParNew: 8996K->465K(9216K), 0.0201965 secs] 33092K->24732K(48884K), 0.0202611 secs] [Times: user=0.01 sys=0.00, real=0.02 secs] 
Heap after GC invocations=282 (full 34):
 par new generation   total 9216K, used 465K [0x00000000e3400000, 0x00000000e3e00000, 0x00000000ecca0000)
  eden space 8192K,   0% used [0x00000000e3400000, 0x00000000e3400000, 0x00000000e3c00000)
  from space 1024K,  45% used [0x00000000e3c00000, 0x00000000e3c74780, 0x00000000e3d00000)
  to   space 1024K,   0% used [0x00000000e3d00000, 0x00000000e3d00000, 0x00000000e3e00000)
 concurrent mark-sweep generation total 39668K, used 24266K [0x00000000ecca0000, 0x00000000ef35d000, 0x0000000100000000)
 Metaspace       used 30994K, capacity 32100K, committed 32384K, reserved 1077248K
  class space    used 3886K, capacity 4162K, committed 4224K, reserved 1048576K
}
2020-11-07T19:58:13.416+0800: 20.093: [CMS-concurrent-mark: 0.127/0.195 secs] [Times: user=0.19 sys=0.01, real=0.20 secs] 
2020-11-07T19:58:13.416+0800: 20.093: [CMS-concurrent-preclean-start]
2020-11-07T19:58:13.419+0800: 20.096: [CMS-concurrent-preclean: 0.003/0.003 secs] [Times: user=0.01 sys=0.00, real=0.00 secs] 
2020-11-07T19:58:13.419+0800: 20.096: [CMS-concurrent-abortable-preclean-start]
2020-11-07T19:58:13.433+0800: 20.110: Application time: 0.0273759 seconds
{Heap before GC invocations=282 (full 34):
 par new generation   total 9216K, used 8657K [0x00000000e3400000, 0x00000000e3e00000, 0x00000000ecca0000)
  eden space 8192K, 100% used [0x00000000e3400000, 0x00000000e3c00000, 0x00000000e3c00000)
  from space 1024K,  45% used [0x00000000e3c00000, 0x00000000e3c74780, 0x00000000e3d00000)
  to   space 1024K,   0% used [0x00000000e3d00000, 0x00000000e3d00000, 0x00000000e3e00000)
 concurrent mark-sweep generation total 39668K, used 24266K [0x00000000ecca0000, 0x00000000ef35d000, 0x0000000100000000)
 Metaspace       used 31055K, capacity 32164K, committed 32384K, reserved 1077248K
  class space    used 3892K, capacity 4162K, committed 4224K, reserved 1048576K
2020-11-07T19:58:13.434+0800: 20.110: [GC (Allocation Failure) 2020-11-07T19:58:13.434+0800: 20.110: [ParNew: 8657K->567K(9216K), 0.0240809 secs] 32924K->24834K(48884K), 0.0241507 secs] [Times: user=0.02 sys=0.00, real=0.03 secs] 
Heap after GC invocations=283 (full 34):
 par new generation   total 9216K, used 567K [0x00000000e3400000, 0x00000000e3e00000, 0x00000000ecca0000)
  eden space 8192K,   0% used [0x00000000e3400000, 0x00000000e3400000, 0x00000000e3c00000)
  from space 1024K,  55% used [0x00000000e3d00000, 0x00000000e3d8dc68, 0x00000000e3e00000)
  to   space 1024K,   0% used [0x00000000e3c00000, 0x00000000e3c00000, 0x00000000e3d00000)
 concurrent mark-sweep generation total 39668K, used 24266K [0x00000000ecca0000, 0x00000000ef35d000, 0x0000000100000000)
 Metaspace       used 31055K, capacity 32164K, committed 32384K, reserved 1077248K
  class space    used 3892K, capacity 4162K, committed 4224K, reserved 1048576K
}
2020-11-07T19:58:13.464+0800: 20.141: Application time: 0.0065064 seconds
{Heap before GC invocations=283 (full 34):
 par new generation   total 9216K, used 8736K [0x00000000e3400000, 0x00000000e3e00000, 0x00000000ecca0000)
  eden space 8192K,  99% used [0x00000000e3400000, 0x00000000e3bfa710, 0x00000000e3c00000)
  from space 1024K,  55% used [0x00000000e3d00000, 0x00000000e3d8dc68, 0x00000000e3e00000)
  to   space 1024K,   0% used [0x00000000e3c00000, 0x00000000e3c00000, 0x00000000e3d00000)
 concurrent mark-sweep generation total 39668K, used 24266K [0x00000000ecca0000, 0x00000000ef35d000, 0x0000000100000000)
 Metaspace       used 31055K, capacity 32164K, committed 32384K, reserved 1077248K
  class space    used 3892K, capacity 4162K, committed 4224K, reserved 1048576K
2020-11-07T19:58:13.464+0800: 20.141: [GC (Allocation Failure) 2020-11-07T19:58:13.464+0800: 20.141: [ParNew: 8736K->466K(9216K), 0.0039058 secs] 33003K->24733K(48884K), 0.0039598 secs] [Times: user=0.00 sys=0.00, real=0.00 secs] 
Heap after GC invocations=284 (full 34):
 par new generation   total 9216K, used 466K [0x00000000e3400000, 0x00000000e3e00000, 0x00000000ecca0000)
  eden space 8192K,   0% used [0x00000000e3400000, 0x00000000e3400000, 0x00000000e3c00000)
  from space 1024K,  45% used [0x00000000e3c00000, 0x00000000e3c74b70, 0x00000000e3d00000)
  to   space 1024K,   0% used [0x00000000e3d00000, 0x00000000e3d00000, 0x00000000e3e00000)
 concurrent mark-sweep generation total 39668K, used 24266K [0x00000000ecca0000, 0x00000000ef35d000, 0x0000000100000000)
 Metaspace       used 31055K, capacity 32164K, committed 32384K, reserved 1077248K
  class space    used 3892K, capacity 4162K, committed 4224K, reserved 1048576K
}
2020-11-07T19:58:13.470+0800: 20.147: [CMS-concurrent-abortable-preclean: 0.016/0.051 secs] [Times: user=0.04 sys=0.00, real=0.05 secs] 
2020-11-07T19:58:13.472+0800: 20.149: Application time: 0.0035395 seconds
{Heap before GC invocations=284 (full 34):
 par new generation   total 9216K, used 8653K [0x00000000e3400000, 0x00000000e3e00000, 0x00000000ecca0000)
  eden space 8192K,  99% used [0x00000000e3400000, 0x00000000e3bfeaf0, 0x00000000e3c00000)
  from space 1024K,  45% used [0x00000000e3c00000, 0x00000000e3c74b70, 0x00000000e3d00000)
  to   space 1024K,   0% used [0x00000000e3d00000, 0x00000000e3d00000, 0x00000000e3e00000)
 concurrent mark-sweep generation total 39668K, used 24266K [0x00000000ecca0000, 0x00000000ef35d000, 0x0000000100000000)
 Metaspace       used 31055K, capacity 32164K, committed 32384K, reserved 1077248K
  class space    used 3892K, capacity 4162K, committed 4224K, reserved 1048576K
2020-11-07T19:58:13.472+0800: 20.149: [GC (Allocation Failure) 2020-11-07T19:58:13.472+0800: 20.149: [ParNew: 8653K->463K(9216K), 0.0154507 secs] 32920K->24730K(48884K), 0.0155056 secs] [Times: user=0.01 sys=0.00, real=0.02 secs] 
Heap after GC invocations=285 (full 34):
 par new generation   total 9216K, used 463K [0x00000000e3400000, 0x00000000e3e00000, 0x00000000ecca0000)
  eden space 8192K,   0% used [0x00000000e3400000, 0x00000000e3400000, 0x00000000e3c00000)
  from space 1024K,  45% used [0x00000000e3d00000, 0x00000000e3d73f28, 0x00000000e3e00000)
  to   space 1024K,   0% used [0x00000000e3c00000, 0x00000000e3c00000, 0x00000000e3d00000)
 concurrent mark-sweep generation total 39668K, used 24266K [0x00000000ecca0000, 0x00000000ef35d000, 0x0000000100000000)
 Metaspace       used 31055K, capacity 32164K, committed 32384K, reserved 1077248K
  class space    used 3892K, capacity 4162K, committed 4224K, reserved 1048576K
}
2020-11-07T19:58:13.489+0800: 20.166: Application time: 0.0015601 seconds
{Heap before GC invocations=285 (full 34):
 par new generation   total 9216K, used 8600K [0x00000000e3400000, 0x00000000e3e00000, 0x00000000ecca0000)
  eden space 8192K,  99% used [0x00000000e3400000, 0x00000000e3bf2228, 0x00000000e3c00000)
  from space 1024K,  45% used [0x00000000e3d00000, 0x00000000e3d73f28, 0x00000000e3e00000)
  to   space 1024K,   0% used [0x00000000e3c00000, 0x00000000e3c00000, 0x00000000e3d00000)
 concurrent mark-sweep generation total 39668K, used 24266K [0x00000000ecca0000, 0x00000000ef35d000, 0x0000000100000000)
 Metaspace       used 31055K, capacity 32164K, committed 32384K, reserved 1077248K
  class space    used 3892K, capacity 4162K, committed 4224K, reserved 1048576K
2020-11-07T19:58:13.489+0800: 20.166: [GC (Allocation Failure) 2020-11-07T19:58:13.489+0800: 20.166: [ParNew: 8600K->454K(9216K), 0.0037946 secs] 32867K->24721K(48884K), 0.0038326 secs] [Times: user=0.01 sys=0.00, real=0.00 secs] 
Heap after GC invocations=286 (full 34):
 par new generation   total 9216K, used 454K [0x00000000e3400000, 0x00000000e3e00000, 0x00000000ecca0000)
  eden space 8192K,   0% used [0x00000000e3400000, 0x00000000e3400000, 0x00000000e3c00000)
  from space 1024K,  44% used [0x00000000e3c00000, 0x00000000e3c71a38, 0x00000000e3d00000)
  to   space 1024K,   0% used [0x00000000e3d00000, 0x00000000e3d00000, 0x00000000e3e00000)
 concurrent mark-sweep generation total 39668K, used 24266K [0x00000000ecca0000, 0x00000000ef35d000, 0x0000000100000000)
 Metaspace       used 31055K, capacity 32164K, committed 32384K, reserved 1077248K
  class space    used 3892K, capacity 4162K, committed 4224K, reserved 1048576K
}
2020-11-07T19:58:13.500+0800: 20.176: Application time: 0.0063062 seconds
2020-11-07T19:58:13.500+0800: 20.176: [GC (CMS Final Remark) [YG occupancy: 3897 K (9216 K)]2020-11-07T19:58:13.500+0800: 20.176: [Rescan (parallel) , 0.0097980 secs]2020-11-07T19:58:13.510+0800: 20.186: [weak refs processing, 0.0000718 secs]2020-11-07T19:58:13.510+0800: 20.186: [class unloading, 0.0100196 secs]2020-11-07T19:58:13.520+0800: 20.196: [scrub symbol table, 0.0107137 secs]2020-11-07T19:58:13.530+0800: 20.207: [scrub string table, 0.0005894 secs][1 CMS-remark: 24266K(39668K)] 28163K(48884K), 0.0348513 secs] [Times: user=0.04 sys=0.00, real=0.04 secs] 
2020-11-07T19:58:13.538+0800: 20.214: [CMS-concurrent-sweep-start]
2020-11-07T19:58:13.568+0800: 20.244: [CMS-concurrent-sweep: 0.030/0.030 secs] [Times: user=0.03 sys=0.00, real=0.03 secs] 
2020-11-07T19:58:13.568+0800: 20.244: [CMS-concurrent-reset-start]
2020-11-07T19:58:13.569+0800: 20.245: [CMS-concurrent-reset: 0.001/0.001 secs] [Times: user=0.00 sys=0.00, real=0.00 secs] 
2020-11-07T19:58:13.569+0800: 20.246: Application time: 0.0341712 seconds
2020-11-07T19:58:13.595+0800: 20.272: Application time: 0.0254636 seconds
{Heap before GC invocations=286 (full 34):
 par new generation   total 9216K, used 8646K [0x00000000e3400000, 0x00000000e3e00000, 0x00000000ecca0000)
  eden space 8192K, 100% used [0x00000000e3400000, 0x00000000e3c00000, 0x00000000e3c00000)
  from space 1024K,  44% used [0x00000000e3c00000, 0x00000000e3c71a38, 0x00000000e3d00000)
  to   space 1024K,   0% used [0x00000000e3d00000, 0x00000000e3d00000, 0x00000000e3e00000)
 concurrent mark-sweep generation total 40084K, used 24050K [0x00000000ecca0000, 0x00000000ef3c5000, 0x0000000100000000)
 Metaspace       used 31182K, capacity 32348K, committed 32640K, reserved 1077248K
  class space    used 3913K, capacity 4178K, committed 4224K, reserved 1048576K
2020-11-07T19:58:13.595+0800: 20.272: [GC (Allocation Failure) 2020-11-07T19:58:13.595+0800: 20.272: [ParNew: 8646K->642K(9216K), 0.0345525 secs] 32696K->24692K(49300K), 0.0346360 secs] [Times: user=0.04 sys=0.00, real=0.03 secs] 
Heap after GC invocations=287 (full 34):
 par new generation   total 9216K, used 642K [0x00000000e3400000, 0x00000000e3e00000, 0x00000000ecca0000)
  eden space 8192K,   0% used [0x00000000e3400000, 0x00000000e3400000, 0x00000000e3c00000)
  from space 1024K,  62% used [0x00000000e3d00000, 0x00000000e3da0920, 0x00000000e3e00000)
  to   space 1024K,   0% used [0x00000000e3c00000, 0x00000000e3c00000, 0x00000000e3d00000)
 concurrent mark-sweep generation total 40084K, used 24050K [0x00000000ecca0000, 0x00000000ef3c5000, 0x0000000100000000)
 Metaspace       used 31182K, capacity 32348K, committed 32640K, reserved 1077248K
  class space    used 3913K, capacity 4178K, committed 4224K, reserved 1048576K
}
2020-11-07T19:58:13.652+0800: 20.328: Application time: 0.0219747 seconds
{Heap before GC invocations=287 (full 34):
 par new generation   total 9216K, used 8834K [0x00000000e3400000, 0x00000000e3e00000, 0x00000000ecca0000)
  eden space 8192K, 100% used [0x00000000e3400000, 0x00000000e3c00000, 0x00000000e3c00000)
  from space 1024K,  62% used [0x00000000e3d00000, 0x00000000e3da0920, 0x00000000e3e00000)
  to   space 1024K,   0% used [0x00000000e3c00000, 0x00000000e3c00000, 0x00000000e3d00000)
 concurrent mark-sweep generation total 40084K, used 24050K [0x00000000ecca0000, 0x00000000ef3c5000, 0x0000000100000000)
 Metaspace       used 31382K, capacity 32576K, committed 32640K, reserved 1077248K
  class space    used 3925K, capacity 4212K, committed 4224K, reserved 1048576K
2020-11-07T19:58:13.652+0800: 20.329: [GC (Allocation Failure) 2020-11-07T19:58:13.652+0800: 20.329: [ParNew: 8834K->556K(9216K), 0.0159350 secs] 32884K->24691K(49300K), 0.0159963 secs] [Times: user=0.02 sys=0.00, real=0.02 secs] 
Heap after GC invocations=288 (full 34):
 par new generation   total 9216K, used 556K [0x00000000e3400000, 0x00000000e3e00000, 0x00000000ecca0000)
  eden space 8192K,   0% used [0x00000000e3400000, 0x00000000e3400000, 0x00000000e3c00000)
  from space 1024K,  54% used [0x00000000e3c00000, 0x00000000e3c8b3a0, 0x00000000e3d00000)
  to   space 1024K,   0% used [0x00000000e3d00000, 0x00000000e3d00000, 0x00000000e3e00000)
 concurrent mark-sweep generation total 40084K, used 24134K [0x00000000ecca0000, 0x00000000ef3c5000, 0x0000000100000000)
 Metaspace       used 31382K, capacity 32576K, committed 32640K, reserved 1077248K
  class space    used 3925K, capacity 4212K, committed 4224K, reserved 1048576K
}
2020-11-07T19:58:13.674+0800: 20.350: Application time: 0.0055930 seconds
2020-11-07T19:58:13.675+0800: 20.352: [GC (CMS Initial Mark) [1 CMS-initial-mark: 24134K(40084K)] 25837K(49300K), 0.0040212 secs] [Times: user=0.00 sys=0.00, real=0.00 secs] 
2020-11-07T19:58:13.679+0800: 20.356: [CMS-concurrent-mark-start]
2020-11-07T19:58:13.746+0800: 20.422: Application time: 0.0665776 seconds
{Heap before GC invocations=288 (full 35):
 par new generation   total 9216K, used 8748K [0x00000000e3400000, 0x00000000e3e00000, 0x00000000ecca0000)
  eden space 8192K, 100% used [0x00000000e3400000, 0x00000000e3c00000, 0x00000000e3c00000)
  from space 1024K,  54% used [0x00000000e3c00000, 0x00000000e3c8b3a0, 0x00000000e3d00000)
  to   space 1024K,   0% used [0x00000000e3d00000, 0x00000000e3d00000, 0x00000000e3e00000)
 concurrent mark-sweep generation total 40084K, used 24134K [0x00000000ecca0000, 0x00000000ef3c5000, 0x0000000100000000)
 Metaspace       used 31469K, capacity 32670K, committed 32896K, reserved 1077248K
  class space    used 3941K, capacity 4221K, committed 4224K, reserved 1048576K
2020-11-07T19:58:13.746+0800: 20.422: [GC (Allocation Failure) 2020-11-07T19:58:13.746+0800: 20.423: [ParNew: 8748K->515K(9216K), 0.0182618 secs] 32883K->24650K(49300K), 0.0183339 secs] [Times: user=0.02 sys=0.00, real=0.01 secs] 
Heap after GC invocations=289 (full 35):
 par new generation   total 9216K, used 515K [0x00000000e3400000, 0x00000000e3e00000, 0x00000000ecca0000)
  eden space 8192K,   0% used [0x00000000e3400000, 0x00000000e3400000, 0x00000000e3c00000)
  from space 1024K,  50% used [0x00000000e3d00000, 0x00000000e3d80f98, 0x00000000e3e00000)
  to   space 1024K,   0% used [0x00000000e3c00000, 0x00000000e3c00000, 0x00000000e3d00000)
 concurrent mark-sweep generation total 40084K, used 24134K [0x00000000ecca0000, 0x00000000ef3c5000, 0x0000000100000000)
 Metaspace       used 31469K, capacity 32670K, committed 32896K, reserved 1077248K
  class space    used 3941K, capacity 4221K, committed 4224K, reserved 1048576K
}
2020-11-07T19:58:13.786+0800: 20.462: Application time: 0.0215540 seconds
{Heap before GC invocations=289 (full 35):
 par new generation   total 9216K, used 8707K [0x00000000e3400000, 0x00000000e3e00000, 0x00000000ecca0000)
  eden space 8192K, 100% used [0x00000000e3400000, 0x00000000e3c00000, 0x00000000e3c00000)
  from space 1024K,  50% used [0x00000000e3d00000, 0x00000000e3d80f98, 0x00000000e3e00000)
  to   space 1024K,   0% used [0x00000000e3c00000, 0x00000000e3c00000, 0x00000000e3d00000)
 concurrent mark-sweep generation total 40084K, used 24134K [0x00000000ecca0000, 0x00000000ef3c5000, 0x0000000100000000)
 Metaspace       used 31476K, capacity 32670K, committed 32896K, reserved 1077248K
  class space    used 3942K, capacity 4221K, committed 4224K, reserved 1048576K
2020-11-07T19:58:13.786+0800: 20.463: [GC (Allocation Failure) 2020-11-07T19:58:13.786+0800: 20.463: [ParNew: 8707K->441K(9216K), 0.0363621 secs] 32842K->24637K(49300K), 0.0364234 secs] [Times: user=0.03 sys=0.00, real=0.03 secs] 
Heap after GC invocations=290 (full 35):
 par new generation   total 9216K, used 441K [0x00000000e3400000, 0x00000000e3e00000, 0x00000000ecca0000)
  eden space 8192K,   0% used [0x00000000e3400000, 0x00000000e3400000, 0x00000000e3c00000)
  from space 1024K,  43% used [0x00000000e3c00000, 0x00000000e3c6e790, 0x00000000e3d00000)
  to   space 1024K,   0% used [0x00000000e3d00000, 0x00000000e3d00000, 0x00000000e3e00000)
 concurrent mark-sweep generation total 40084K, used 24195K [0x00000000ecca0000, 0x00000000ef3c5000, 0x0000000100000000)
 Metaspace       used 31476K, capacity 32670K, committed 32896K, reserved 1077248K
  class space    used 3942K, capacity 4221K, committed 4224K, reserved 1048576K
}
2020-11-07T19:58:13.847+0800: 20.524: Application time: 0.0246303 seconds
{Heap before GC invocations=290 (full 35):
 par new generation   total 9216K, used 8633K [0x00000000e3400000, 0x00000000e3e00000, 0x00000000ecca0000)
  eden space 8192K, 100% used [0x00000000e3400000, 0x00000000e3c00000, 0x00000000e3c00000)
  from space 1024K,  43% used [0x00000000e3c00000, 0x00000000e3c6e790, 0x00000000e3d00000)
  to   space 1024K,   0% used [0x00000000e3d00000, 0x00000000e3d00000, 0x00000000e3e00000)
 concurrent mark-sweep generation total 40084K, used 24195K [0x00000000ecca0000, 0x00000000ef3c5000, 0x0000000100000000)
 Metaspace       used 31495K, capacity 32678K, committed 32896K, reserved 1077248K
  class space    used 3944K, capacity 4221K, committed 4224K, reserved 1048576K
2020-11-07T19:58:13.847+0800: 20.524: [GC (Allocation Failure) 2020-11-07T19:58:13.847+0800: 20.524: [ParNew: 8633K->382K(9216K), 0.0145108 secs] 32829K->24655K(49300K), 0.0145686 secs] [Times: user=0.02 sys=0.00, real=0.01 secs] 
Heap after GC invocations=291 (full 35):
 par new generation   total 9216K, used 382K [0x00000000e3400000, 0x00000000e3e00000, 0x00000000ecca0000)
  eden space 8192K,   0% used [0x00000000e3400000, 0x00000000e3400000, 0x00000000e3c00000)
  from space 1024K,  37% used [0x00000000e3d00000, 0x00000000e3d5f890, 0x00000000e3e00000)
  to   space 1024K,   0% used [0x00000000e3c00000, 0x00000000e3c00000, 0x00000000e3d00000)
 concurrent mark-sweep generation total 40084K, used 24273K [0x00000000ecca0000, 0x00000000ef3c5000, 0x0000000100000000)
 Metaspace       used 31495K, capacity 32678K, committed 32896K, reserved 1077248K
  class space    used 3944K, capacity 4221K, committed 4224K, reserved 1048576K
}
2020-11-07T19:58:13.869+0800: 20.546: [CMS-concurrent-mark: 0.103/0.190 secs] [Times: user=0.18 sys=0.01, real=0.19 secs] 
2020-11-07T19:58:13.869+0800: 20.546: [CMS-concurrent-preclean-start]
2020-11-07T19:58:13.871+0800: 20.548: [CMS-concurrent-preclean: 0.002/0.002 secs] [Times: user=0.01 sys=0.00, real=0.00 secs] 
2020-11-07T19:58:13.875+0800: 20.552: Application time: 0.0135274 seconds
2020-11-07T19:58:13.875+0800: 20.552: [GC (CMS Final Remark) [YG occupancy: 1205 K (9216 K)]2020-11-07T19:58:13.875+0800: 20.552: [Rescan (parallel) , 0.0061969 secs]2020-11-07T19:58:13.882+0800: 20.558: [weak refs processing, 0.0004756 secs]2020-11-07T19:58:13.882+0800: 20.559: [class unloading, 0.0097666 secs]2020-11-07T19:58:13.892+0800: 20.569: [scrub symbol table, 0.0094506 secs]2020-11-07T19:58:13.901+0800: 20.578: [scrub string table, 0.0067353 secs][1 CMS-remark: 24273K(40084K)] 25478K(49300K), 0.0328291 secs] [Times: user=0.03 sys=0.00, real=0.03 secs] 
2020-11-07T19:58:13.914+0800: 20.591: [CMS-concurrent-sweep-start]
2020-11-07T19:58:13.942+0800: 20.619: Application time: 0.0342357 seconds
{Heap before GC invocations=291 (full 35):
 par new generation   total 9216K, used 8574K [0x00000000e3400000, 0x00000000e3e00000, 0x00000000ecca0000)
  eden space 8192K, 100% used [0x00000000e3400000, 0x00000000e3c00000, 0x00000000e3c00000)
  from space 1024K,  37% used [0x00000000e3d00000, 0x00000000e3d5f890, 0x00000000e3e00000)
  to   space 1024K,   0% used [0x00000000e3c00000, 0x00000000e3c00000, 0x00000000e3d00000)
 concurrent mark-sweep generation total 40084K, used 24262K [0x00000000ecca0000, 0x00000000ef3c5000, 0x0000000100000000)
 Metaspace       used 31512K, capacity 32682K, committed 32896K, reserved 1077248K
  class space    used 3946K, capacity 4221K, committed 4224K, reserved 1048576K
2020-11-07T19:58:13.943+0800: 20.619: [GC (Allocation Failure) 2020-11-07T19:58:13.943+0800: 20.619: [ParNew: 8574K->357K(9216K), 0.0300200 secs] 32836K->24632K(49300K), 0.0300914 secs] [Times: user=0.02 sys=0.00, real=0.03 secs] 
Heap after GC invocations=292 (full 35):
 par new generation   total 9216K, used 357K [0x00000000e3400000, 0x00000000e3e00000, 0x00000000ecca0000)
  eden space 8192K,   0% used [0x00000000e3400000, 0x00000000e3400000, 0x00000000e3c00000)
  from space 1024K,  34% used [0x00000000e3c00000, 0x00000000e3c597f8, 0x00000000e3d00000)
  to   space 1024K,   0% used [0x00000000e3d00000, 0x00000000e3d00000, 0x00000000e3e00000)
 concurrent mark-sweep generation total 40084K, used 24274K [0x00000000ecca0000, 0x00000000ef3c5000, 0x0000000100000000)
 Metaspace       used 31512K, capacity 32682K, committed 32896K, reserved 1077248K
  class space    used 3946K, capacity 4221K, committed 4224K, reserved 1048576K
}
2020-11-07T19:58:13.980+0800: 20.656: [CMS-concurrent-sweep: 0.030/0.066 secs] [Times: user=0.06 sys=0.00, real=0.07 secs] 
2020-11-07T19:58:13.980+0800: 20.657: [CMS-concurrent-reset-start]
2020-11-07T19:58:13.981+0800: 20.658: [CMS-concurrent-reset: 0.001/0.001 secs] [Times: user=0.00 sys=0.00, real=0.00 secs] 
2020-11-07T19:58:13.988+0800: 20.665: Application time: 0.0157056 seconds
{Heap before GC invocations=292 (full 35):
 par new generation   total 9216K, used 8549K [0x00000000e3400000, 0x00000000e3e00000, 0x00000000ecca0000)
  eden space 8192K, 100% used [0x00000000e3400000, 0x00000000e3c00000, 0x00000000e3c00000)
  from space 1024K,  34% used [0x00000000e3c00000, 0x00000000e3c597f8, 0x00000000e3d00000)
  to   space 1024K,   0% used [0x00000000e3d00000, 0x00000000e3d00000, 0x00000000e3e00000)
 concurrent mark-sweep generation total 40432K, used 24257K [0x00000000ecca0000, 0x00000000ef41c000, 0x0000000100000000)
 Metaspace       used 31505K, capacity 32650K, committed 32896K, reserved 1077248K
  class space    used 3945K, capacity 4215K, committed 4224K, reserved 1048576K
2020-11-07T19:58:13.989+0800: 20.665: [GC (Allocation Failure) 2020-11-07T19:58:13.989+0800: 20.665: [ParNew: 8549K->317K(9216K), 0.0053676 secs] 32807K->24575K(49648K), 0.0054558 secs] [Times: user=0.00 sys=0.00, real=0.00 secs] 
Heap after GC invocations=293 (full 35):
 par new generation   total 9216K, used 317K [0x00000000e3400000, 0x00000000e3e00000, 0x00000000ecca0000)
  eden space 8192K,   0% used [0x00000000e3400000, 0x00000000e3400000, 0x00000000e3c00000)
  from space 1024K,  31% used [0x00000000e3d00000, 0x00000000e3d4f7a8, 0x00000000e3e00000)
  to   space 1024K,   0% used [0x00000000e3c00000, 0x00000000e3c00000, 0x00000000e3d00000)
 concurrent mark-sweep generation total 40432K, used 24257K [0x00000000ecca0000, 0x00000000ef41c000, 0x0000000100000000)
 Metaspace       used 31505K, capacity 32650K, committed 32896K, reserved 1077248K
  class space    used 3945K, capacity 4215K, committed 4224K, reserved 1048576K
}
2020-11-07T19:58:14.018+0800: 20.695: Application time: 0.0239310 seconds
{Heap before GC invocations=293 (full 35):
 par new generation   total 9216K, used 8509K [0x00000000e3400000, 0x00000000e3e00000, 0x00000000ecca0000)
  eden space 8192K, 100% used [0x00000000e3400000, 0x00000000e3c00000, 0x00000000e3c00000)
  from space 1024K,  31% used [0x00000000e3d00000, 0x00000000e3d4f7a8, 0x00000000e3e00000)
  to   space 1024K,   0% used [0x00000000e3c00000, 0x00000000e3c00000, 0x00000000e3d00000)
 concurrent mark-sweep generation total 40432K, used 24257K [0x00000000ecca0000, 0x00000000ef41c000, 0x0000000100000000)
 Metaspace       used 31520K, capacity 32658K, committed 32896K, reserved 1077248K
  class space    used 3948K, capacity 4215K, committed 4224K, reserved 1048576K
2020-11-07T19:58:14.018+0800: 20.695: [GC (Allocation Failure) 2020-11-07T19:58:14.018+0800: 20.695: [ParNew: 8509K->335K(9216K), 0.0050587 secs] 32767K->24593K(49648K), 0.0051142 secs] [Times: user=0.00 sys=0.00, real=0.00 secs] 
Heap after GC invocations=294 (full 35):
 par new generation   total 9216K, used 335K [0x00000000e3400000, 0x00000000e3e00000, 0x00000000ecca0000)
  eden space 8192K,   0% used [0x00000000e3400000, 0x00000000e3400000, 0x00000000e3c00000)
  from space 1024K,  32% used [0x00000000e3c00000, 0x00000000e3c53ef0, 0x00000000e3d00000)
  to   space 1024K,   0% used [0x00000000e3d00000, 0x00000000e3d00000, 0x00000000e3e00000)
 concurrent mark-sweep generation total 40432K, used 24257K [0x00000000ecca0000, 0x00000000ef41c000, 0x0000000100000000)
 Metaspace       used 31520K, capacity 32658K, committed 32896K, reserved 1077248K
  class space    used 3948K, capacity 4215K, committed 4224K, reserved 1048576K
}
2020-11-07T19:58:14.053+0800: 20.729: Application time: 0.0290264 seconds
{Heap before GC invocations=294 (full 35):
 par new generation   total 9216K, used 8527K [0x00000000e3400000, 0x00000000e3e00000, 0x00000000ecca0000)
  eden space 8192K, 100% used [0x00000000e3400000, 0x00000000e3c00000, 0x00000000e3c00000)
  from space 1024K,  32% used [0x00000000e3c00000, 0x00000000e3c53ef0, 0x00000000e3d00000)
  to   space 1024K,   0% used [0x00000000e3d00000, 0x00000000e3d00000, 0x00000000e3e00000)
 concurrent mark-sweep generation total 40432K, used 24257K [0x00000000ecca0000, 0x00000000ef41c000, 0x0000000100000000)
 Metaspace       used 31537K, capacity 32730K, committed 32896K, reserved 1077248K
  class space    used 3950K, capacity 4215K, committed 4224K, reserved 1048576K
2020-11-07T19:58:14.053+0800: 20.729: [GC (Allocation Failure) 2020-11-07T19:58:14.053+0800: 20.729: [ParNew: 8527K->371K(9216K), 0.0159195 secs] 32785K->24629K(49648K), 0.0159699 secs] [Times: user=0.02 sys=0.00, real=0.02 secs] 
Heap after GC invocations=295 (full 35):
 par new generation   total 9216K, used 371K [0x00000000e3400000, 0x00000000e3e00000, 0x00000000ecca0000)
  eden space 8192K,   0% used [0x00000000e3400000, 0x00000000e3400000, 0x00000000e3c00000)
  from space 1024K,  36% used [0x00000000e3d00000, 0x00000000e3d5ceb0, 0x00000000e3e00000)
  to   space 1024K,   0% used [0x00000000e3c00000, 0x00000000e3c00000, 0x00000000e3d00000)
 concurrent mark-sweep generation total 40432K, used 24257K [0x00000000ecca0000, 0x00000000ef41c000, 0x0000000100000000)
 Metaspace       used 31537K, capacity 32730K, committed 32896K, reserved 1077248K
  class space    used 3950K, capacity 4215K, committed 4224K, reserved 1048576K
}
2020-11-07T19:58:14.088+0800: 20.765: Application time: 0.0192811 seconds
{Heap before GC invocations=295 (full 35):
 par new generation   total 9216K, used 8563K [0x00000000e3400000, 0x00000000e3e00000, 0x00000000ecca0000)
  eden space 8192K, 100% used [0x00000000e3400000, 0x00000000e3c00000, 0x00000000e3c00000)
  from space 1024K,  36% used [0x00000000e3d00000, 0x00000000e3d5ceb0, 0x00000000e3e00000)
  to   space 1024K,   0% used [0x00000000e3c00000, 0x00000000e3c00000, 0x00000000e3d00000)
 concurrent mark-sweep generation total 40432K, used 24257K [0x00000000ecca0000, 0x00000000ef41c000, 0x0000000100000000)
 Metaspace       used 31558K, capacity 32740K, committed 32896K, reserved 1077248K
  class space    used 3953K, capacity 4216K, committed 4224K, reserved 1048576K
2020-11-07T19:58:14.088+0800: 20.765: [GC (Allocation Failure) 2020-11-07T19:58:14.088+0800: 20.765: [ParNew: 8563K->160K(9216K), 0.0149949 secs] 32821K->24639K(49648K), 0.0150497 secs] [Times: user=0.02 sys=0.00, real=0.01 secs] 
Heap after GC invocations=296 (full 35):
 par new generation   total 9216K, used 160K [0x00000000e3400000, 0x00000000e3e00000, 0x00000000ecca0000)
  eden space 8192K,   0% used [0x00000000e3400000, 0x00000000e3400000, 0x00000000e3c00000)
  from space 1024K,  15% used [0x00000000e3c00000, 0x00000000e3c281a8, 0x00000000e3d00000)
  to   space 1024K,   0% used [0x00000000e3d00000, 0x00000000e3d00000, 0x00000000e3e00000)
 concurrent mark-sweep generation total 40432K, used 24479K [0x00000000ecca0000, 0x00000000ef41c000, 0x0000000100000000)
 Metaspace       used 31558K, capacity 32740K, committed 32896K, reserved 1077248K
  class space    used 3953K, capacity 4216K, committed 4224K, reserved 1048576K
}
2020-11-07T19:58:14.107+0800: 20.783: Application time: 0.0034534 seconds
2020-11-07T19:58:14.107+0800: 20.784: [GC (CMS Initial Mark) [1 CMS-initial-mark: 24479K(40432K)] 27919K(49648K), 0.0036428 secs] [Times: user=0.00 sys=0.00, real=0.00 secs] 
2020-11-07T19:58:14.118+0800: 20.794: [CMS-concurrent-mark-start]
2020-11-07T19:58:14.150+0800: 20.826: Application time: 0.0389945 seconds
{Heap before GC invocations=296 (full 36):
 par new generation   total 9216K, used 8352K [0x00000000e3400000, 0x00000000e3e00000, 0x00000000ecca0000)
  eden space 8192K, 100% used [0x00000000e3400000, 0x00000000e3c00000, 0x00000000e3c00000)
  from space 1024K,  15% used [0x00000000e3c00000, 0x00000000e3c281a8, 0x00000000e3d00000)
  to   space 1024K,   0% used [0x00000000e3d00000, 0x00000000e3d00000, 0x00000000e3e00000)
 concurrent mark-sweep generation total 40432K, used 24479K [0x00000000ecca0000, 0x00000000ef41c000, 0x0000000100000000)
 Metaspace       used 31573K, capacity 32772K, committed 33024K, reserved 1077248K
  class space    used 3955K, capacity 4248K, committed 4352K, reserved 1048576K
2020-11-07T19:58:14.152+0800: 20.828: [GC (Allocation Failure) 2020-11-07T19:58:14.152+0800: 20.828: [ParNew: 8352K->140K(9216K), 0.0119484 secs] 32831K->24631K(49648K), 0.0120231 secs] [Times: user=0.01 sys=0.00, real=0.01 secs] 
Heap after GC invocations=297 (full 36):
 par new generation   total 9216K, used 140K [0x00000000e3400000, 0x00000000e3e00000, 0x00000000ecca0000)
  eden space 8192K,   0% used [0x00000000e3400000, 0x00000000e3400000, 0x00000000e3c00000)
  from space 1024K,  13% used [0x00000000e3d00000, 0x00000000e3d23148, 0x00000000e3e00000)
  to   space 1024K,   0% used [0x00000000e3c00000, 0x00000000e3c00000, 0x00000000e3d00000)
 concurrent mark-sweep generation total 40432K, used 24491K [0x00000000ecca0000, 0x00000000ef41c000, 0x0000000100000000)
 Metaspace       used 31573K, capacity 32772K, committed 33024K, reserved 1077248K
  class space    used 3955K, capacity 4248K, committed 4352K, reserved 1048576K
}
2020-11-07T19:58:14.243+0800: 20.919: Application time: 0.0790428 seconds
2020-11-07T19:58:14.265+0800: 20.941: Application time: 0.0211649 seconds
{Heap before GC invocations=297 (full 36):
 par new generation   total 9216K, used 8332K [0x00000000e3400000, 0x00000000e3e00000, 0x00000000ecca0000)
  eden space 8192K, 100% used [0x00000000e3400000, 0x00000000e3c00000, 0x00000000e3c00000)
  from space 1024K,  13% used [0x00000000e3d00000, 0x00000000e3d23148, 0x00000000e3e00000)
  to   space 1024K,   0% used [0x00000000e3c00000, 0x00000000e3c00000, 0x00000000e3d00000)
 concurrent mark-sweep generation total 40432K, used 24491K [0x00000000ecca0000, 0x00000000ef41c000, 0x0000000100000000)
 Metaspace       used 31701K, capacity 33024K, committed 33280K, reserved 1079296K
  class space    used 3980K, capacity 4274K, committed 4352K, reserved 1048576K
2020-11-07T19:58:14.265+0800: 20.941: [GC (Allocation Failure) 2020-11-07T19:58:14.265+0800: 20.941: [ParNew: 8332K->252K(9216K), 0.0178169 secs] 32823K->24762K(49648K), 0.0178928 secs] [Times: user=0.02 sys=0.00, real=0.01 secs] 
Heap after GC invocations=298 (full 36):
 par new generation   total 9216K, used 252K [0x00000000e3400000, 0x00000000e3e00000, 0x00000000ecca0000)
  eden space 8192K,   0% used [0x00000000e3400000, 0x00000000e3400000, 0x00000000e3c00000)
  from space 1024K,  24% used [0x00000000e3c00000, 0x00000000e3c3f1a8, 0x00000000e3d00000)
  to   space 1024K,   0% used [0x00000000e3d00000, 0x00000000e3d00000, 0x00000000e3e00000)
 concurrent mark-sweep generation total 40432K, used 24509K [0x00000000ecca0000, 0x00000000ef41c000, 0x0000000100000000)
 Metaspace       used 31701K, capacity 33024K, committed 33280K, reserved 1079296K
  class space    used 3980K, capacity 4274K, committed 4352K, reserved 1048576K
}
2020-11-07T19:58:14.314+0800: 20.990: [CMS-concurrent-mark: 0.163/0.196 secs] [Times: user=0.19 sys=0.00, real=0.19 secs] 
2020-11-07T19:58:14.314+0800: 20.990: [CMS-concurrent-preclean-start]
2020-11-07T19:58:14.316+0800: 20.993: [CMS-concurrent-preclean: 0.002/0.002 secs] [Times: user=0.00 sys=0.00, real=0.01 secs] 
2020-11-07T19:58:14.316+0800: 20.993: [CMS-concurrent-abortable-preclean-start]
2020-11-07T19:58:14.328+0800: 21.005: Application time: 0.0454782 seconds
{Heap before GC invocations=298 (full 36):
 par new generation   total 9216K, used 8444K [0x00000000e3400000, 0x00000000e3e00000, 0x00000000ecca0000)
  eden space 8192K, 100% used [0x00000000e3400000, 0x00000000e3c00000, 0x00000000e3c00000)
  from space 1024K,  24% used [0x00000000e3c00000, 0x00000000e3c3f1a8, 0x00000000e3d00000)
  to   space 1024K,   0% used [0x00000000e3d00000, 0x00000000e3d00000, 0x00000000e3e00000)
 concurrent mark-sweep generation total 40432K, used 24509K [0x00000000ecca0000, 0x00000000ef41c000, 0x0000000100000000)
 Metaspace       used 31704K, capacity 33024K, committed 33280K, reserved 1079296K
  class space    used 3980K, capacity 4274K, committed 4352K, reserved 1048576K
2020-11-07T19:58:14.328+0800: 21.005: [GC (Allocation Failure) 2020-11-07T19:58:14.328+0800: 21.005: [ParNew: 8444K->248K(9216K), 0.0184363 secs] 32954K->24760K(49648K), 0.0185039 secs] [Times: user=0.02 sys=0.01, real=0.02 secs] 
Heap after GC invocations=299 (full 36):
 par new generation   total 9216K, used 248K [0x00000000e3400000, 0x00000000e3e00000, 0x00000000ecca0000)
  eden space 8192K,   0% used [0x00000000e3400000, 0x00000000e3400000, 0x00000000e3c00000)
  from space 1024K,  24% used [0x00000000e3d00000, 0x00000000e3d3e328, 0x00000000e3e00000)
  to   space 1024K,   0% used [0x00000000e3c00000, 0x00000000e3c00000, 0x00000000e3d00000)
 concurrent mark-sweep generation total 40432K, used 24512K [0x00000000ecca0000, 0x00000000ef41c000, 0x0000000100000000)
 Metaspace       used 31704K, capacity 33024K, committed 33280K, reserved 1079296K
  class space    used 3980K, capacity 4274K, committed 4352K, reserved 1048576K
}
2020-11-07T19:58:14.374+0800: 21.051: Application time: 0.0272156 seconds
{Heap before GC invocations=299 (full 36):
 par new generation   total 9216K, used 8440K [0x00000000e3400000, 0x00000000e3e00000, 0x00000000ecca0000)
  eden space 8192K, 100% used [0x00000000e3400000, 0x00000000e3c00000, 0x00000000e3c00000)
  from space 1024K,  24% used [0x00000000e3d00000, 0x00000000e3d3e328, 0x00000000e3e00000)
  to   space 1024K,   0% used [0x00000000e3c00000, 0x00000000e3c00000, 0x00000000e3d00000)
 concurrent mark-sweep generation total 40432K, used 24512K [0x00000000ecca0000, 0x00000000ef41c000, 0x0000000100000000)
 Metaspace       used 31733K, capacity 33024K, committed 33280K, reserved 1079296K
  class space    used 3983K, capacity 4274K, committed 4352K, reserved 1048576K
2020-11-07T19:58:14.374+0800: 21.051: [GC (Allocation Failure) 2020-11-07T19:58:14.374+0800: 21.051: [ParNew: 8440K->407K(9216K), 0.0174531 secs] 32952K->24924K(49648K), 0.0175163 secs] [Times: user=0.01 sys=0.00, real=0.02 secs] 
Heap after GC invocations=300 (full 36):
 par new generation   total 9216K, used 407K [0x00000000e3400000, 0x00000000e3e00000, 0x00000000ecca0000)
  eden space 8192K,   0% used [0x00000000e3400000, 0x00000000e3400000, 0x00000000e3c00000)
  from space 1024K,  39% used [0x00000000e3c00000, 0x00000000e3c65c28, 0x00000000e3d00000)
  to   space 1024K,   0% used [0x00000000e3d00000, 0x00000000e3d00000, 0x00000000e3e00000)
 concurrent mark-sweep generation total 40432K, used 24517K [0x00000000ecca0000, 0x00000000ef41c000, 0x0000000100000000)
 Metaspace       used 31733K, capacity 33024K, committed 33280K, reserved 1079296K
  class space    used 3983K, capacity 4274K, committed 4352K, reserved 1048576K
}
2020-11-07T19:58:14.463+0800: 21.140: Application time: 0.0710447 seconds
{Heap before GC invocations=300 (full 36):
 par new generation   total 9216K, used 8599K [0x00000000e3400000, 0x00000000e3e00000, 0x00000000ecca0000)
  eden space 8192K, 100% used [0x00000000e3400000, 0x00000000e3c00000, 0x00000000e3c00000)
  from space 1024K,  39% used [0x00000000e3c00000, 0x00000000e3c65c28, 0x00000000e3d00000)
  to   space 1024K,   0% used [0x00000000e3d00000, 0x00000000e3d00000, 0x00000000e3e00000)
 concurrent mark-sweep generation total 40432K, used 24517K [0x00000000ecca0000, 0x00000000ef41c000, 0x0000000100000000)
 Metaspace       used 31803K, capacity 33088K, committed 33280K, reserved 1079296K
  class space    used 3994K, capacity 4274K, committed 4352K, reserved 1048576K
2020-11-07T19:58:14.463+0800: 21.140: [GC (Allocation Failure) 2020-11-07T19:58:14.463+0800: 21.140: [ParNew: 8599K->559K(9216K), 0.0100607 secs] 33116K->25082K(49648K), 0.0101121 secs] [Times: user=0.01 sys=0.00, real=0.01 secs] 
Heap after GC invocations=301 (full 36):
 par new generation   total 9216K, used 559K [0x00000000e3400000, 0x00000000e3e00000, 0x00000000ecca0000)
  eden space 8192K,   0% used [0x00000000e3400000, 0x00000000e3400000, 0x00000000e3c00000)
  from space 1024K,  54% used [0x00000000e3d00000, 0x00000000e3d8bf20, 0x00000000e3e00000)
  to   space 1024K,   0% used [0x00000000e3c00000, 0x00000000e3c00000, 0x00000000e3d00000)
 concurrent mark-sweep generation total 40432K, used 24522K [0x00000000ecca0000, 0x00000000ef41c000, 0x0000000100000000)
 Metaspace       used 31803K, capacity 33088K, committed 33280K, reserved 1079296K
  class space    used 3994K, capacity 4274K, committed 4352K, reserved 1048576K
}
2020-11-07T19:58:14.505+0800: 21.182: [CMS-concurrent-abortable-preclean: 0.057/0.189 secs] [Times: user=0.18 sys=0.01, real=0.19 secs] 
2020-11-07T19:58:14.505+0800: 21.182: Application time: 0.0321974 seconds
2020-11-07T19:58:14.517+0800: 21.193: [GC (CMS Final Remark) [YG occupancy: 6625 K (9216 K)]2020-11-07T19:58:14.517+0800: 21.193: [Rescan (parallel) , 0.0139182 secs]2020-11-07T19:58:14.531+0800: 21.207: [weak refs processing, 0.0006492 secs]2020-11-07T19:58:14.531+0800: 21.208: [class unloading, 0.0099522 secs]2020-11-07T19:58:14.541+0800: 21.218: [scrub symbol table, 0.0090053 secs]2020-11-07T19:58:14.550+0800: 21.227: [scrub string table, 0.0006075 secs][1 CMS-remark: 24522K(40432K)] 31148K(49648K), 0.0343414 secs] [Times: user=0.04 sys=0.00, real=0.03 secs] 
2020-11-07T19:58:14.555+0800: 21.232: [CMS-concurrent-sweep-start]
2020-11-07T19:58:14.577+0800: 21.253: Application time: 0.0256313 seconds
{Heap before GC invocations=301 (full 36):
 par new generation   total 9216K, used 8751K [0x00000000e3400000, 0x00000000e3e00000, 0x00000000ecca0000)
  eden space 8192K, 100% used [0x00000000e3400000, 0x00000000e3c00000, 0x00000000e3c00000)
  from space 1024K,  54% used [0x00000000e3d00000, 0x00000000e3d8bf20, 0x00000000e3e00000)
  to   space 1024K,   0% used [0x00000000e3c00000, 0x00000000e3c00000, 0x00000000e3d00000)
 concurrent mark-sweep generation total 40432K, used 24505K [0x00000000ecca0000, 0x00000000ef41c000, 0x0000000100000000)
 Metaspace       used 31830K, capacity 33094K, committed 33280K, reserved 1079296K
  class space    used 4002K, capacity 4275K, committed 4352K, reserved 1048576K
2020-11-07T19:58:14.577+0800: 21.254: [GC (Allocation Failure) 2020-11-07T19:58:14.577+0800: 21.254: [ParNew: 8751K->510K(9216K), 0.0167960 secs] 33256K->25021K(49648K), 0.0169052 secs] [Times: user=0.02 sys=0.00, real=0.01 secs] 
Heap after GC invocations=302 (full 36):
 par new generation   total 9216K, used 510K [0x00000000e3400000, 0x00000000e3e00000, 0x00000000ecca0000)
  eden space 8192K,   0% used [0x00000000e3400000, 0x00000000e3400000, 0x00000000e3c00000)
  from space 1024K,  49% used [0x00000000e3c00000, 0x00000000e3c7fbd0, 0x00000000e3d00000)
  to   space 1024K,   0% used [0x00000000e3d00000, 0x00000000e3d00000, 0x00000000e3e00000)
 concurrent mark-sweep generation total 40432K, used 24510K [0x00000000ecca0000, 0x00000000ef41c000, 0x0000000100000000)
 Metaspace       used 31830K, capacity 33094K, committed 33280K, reserved 1079296K
  class space    used 4002K, capacity 4275K, committed 4352K, reserved 1048576K
}
2020-11-07T19:58:14.599+0800: 21.276: [CMS-concurrent-sweep: 0.023/0.044 secs] [Times: user=0.05 sys=0.00, real=0.04 secs] 
2020-11-07T19:58:14.599+0800: 21.276: [CMS-concurrent-reset-start]
2020-11-07T19:58:14.600+0800: 21.277: [CMS-concurrent-reset: 0.001/0.001 secs] [Times: user=0.00 sys=0.00, real=0.00 secs] 
2020-11-07T19:58:14.623+0800: 21.300: Application time: 0.0292176 seconds
{Heap before GC invocations=302 (full 36):
 par new generation   total 9216K, used 8702K [0x00000000e3400000, 0x00000000e3e00000, 0x00000000ecca0000)
  eden space 8192K, 100% used [0x00000000e3400000, 0x00000000e3c00000, 0x00000000e3c00000)
  from space 1024K,  49% used [0x00000000e3c00000, 0x00000000e3c7fbd0, 0x00000000e3d00000)
  to   space 1024K,   0% used [0x00000000e3d00000, 0x00000000e3d00000, 0x00000000e3e00000)
 concurrent mark-sweep generation total 40844K, used 24506K [0x00000000ecca0000, 0x00000000ef483000, 0x0000000100000000)
 Metaspace       used 31871K, capacity 33172K, committed 33280K, reserved 1079296K
  class space    used 4008K, capacity 4304K, committed 4352K, reserved 1048576K
2020-11-07T19:58:14.623+0800: 21.300: [GC (Allocation Failure) 2020-11-07T19:58:14.623+0800: 21.300: [ParNew: 8702K->548K(9216K), 0.0195366 secs] 33209K->25060K(50060K), 0.0196078 secs] [Times: user=0.02 sys=0.00, real=0.02 secs] 
Heap after GC invocations=303 (full 36):
 par new generation   total 9216K, used 548K [0x00000000e3400000, 0x00000000e3e00000, 0x00000000ecca0000)
  eden space 8192K,   0% used [0x00000000e3400000, 0x00000000e3400000, 0x00000000e3c00000)
  from space 1024K,  53% used [0x00000000e3d00000, 0x00000000e3d89368, 0x00000000e3e00000)
  to   space 1024K,   0% used [0x00000000e3c00000, 0x00000000e3c00000, 0x00000000e3d00000)
 concurrent mark-sweep generation total 40844K, used 24511K [0x00000000ecca0000, 0x00000000ef483000, 0x0000000100000000)
 Metaspace       used 31871K, capacity 33172K, committed 33280K, reserved 1079296K
  class space    used 4008K, capacity 4304K, committed 4352K, reserved 1048576K
}
2020-11-07T19:58:14.653+0800: 21.330: Application time: 0.0105857 seconds
2020-11-07T19:58:14.654+0800: 21.330: [GC (CMS Initial Mark) [1 CMS-initial-mark: 24511K(40844K)] 27542K(50060K), 0.0040934 secs] [Times: user=0.00 sys=0.00, real=0.01 secs] 
2020-11-07T19:58:14.658+0800: 21.335: [CMS-concurrent-mark-start]
2020-11-07T19:58:14.714+0800: 21.390: Application time: 0.0557845 seconds
{Heap before GC invocations=303 (full 37):
 par new generation   total 9216K, used 8740K [0x00000000e3400000, 0x00000000e3e00000, 0x00000000ecca0000)
  eden space 8192K, 100% used [0x00000000e3400000, 0x00000000e3c00000, 0x00000000e3c00000)
  from space 1024K,  53% used [0x00000000e3d00000, 0x00000000e3d89368, 0x00000000e3e00000)
  to   space 1024K,   0% used [0x00000000e3c00000, 0x00000000e3c00000, 0x00000000e3d00000)
 concurrent mark-sweep generation total 40844K, used 24511K [0x00000000ecca0000, 0x00000000ef483000, 0x0000000100000000)
 Metaspace       used 31945K, capacity 33240K, committed 33536K, reserved 1079296K
  class space    used 4015K, capacity 4304K, committed 4352K, reserved 1048576K
2020-11-07T19:58:14.714+0800: 21.390: [GC (Allocation Failure) 2020-11-07T19:58:14.714+0800: 21.391: [ParNew: 8740K->528K(9216K), 0.0191577 secs] 33252K->25164K(50060K), 0.0192500 secs] [Times: user=0.02 sys=0.00, real=0.02 secs] 
Heap after GC invocations=304 (full 37):
 par new generation   total 9216K, used 528K [0x00000000e3400000, 0x00000000e3e00000, 0x00000000ecca0000)
  eden space 8192K,   0% used [0x00000000e3400000, 0x00000000e3400000, 0x00000000e3c00000)
  from space 1024K,  51% used [0x00000000e3c00000, 0x00000000e3c84318, 0x00000000e3d00000)
  to   space 1024K,   0% used [0x00000000e3d00000, 0x00000000e3d00000, 0x00000000e3e00000)
 concurrent mark-sweep generation total 40844K, used 24635K [0x00000000ecca0000, 0x00000000ef483000, 0x0000000100000000)
 Metaspace       used 31945K, capacity 33240K, committed 33536K, reserved 1079296K
  class space    used 4015K, capacity 4304K, committed 4352K, reserved 1048576K
}
2020-11-07T19:58:14.810+0800: 21.486: [CMS-concurrent-mark: 0.132/0.152 secs] [Times: user=0.15 sys=0.00, real=0.15 secs] 
2020-11-07T19:58:14.810+0800: 21.486: [CMS-concurrent-preclean-start]
2020-11-07T19:58:14.817+0800: 21.493: Application time: 0.0837021 seconds
{Heap before GC invocations=304 (full 37):
 par new generation   total 9216K, used 8720K [0x00000000e3400000, 0x00000000e3e00000, 0x00000000ecca0000)
  eden space 8192K, 100% used [0x00000000e3400000, 0x00000000e3c00000, 0x00000000e3c00000)
  from space 1024K,  51% used [0x00000000e3c00000, 0x00000000e3c84318, 0x00000000e3d00000)
  to   space 1024K,   0% used [0x00000000e3d00000, 0x00000000e3d00000, 0x00000000e3e00000)
 concurrent mark-sweep generation total 40844K, used 24635K [0x00000000ecca0000, 0x00000000ef483000, 0x0000000100000000)
 Metaspace       used 32007K, capacity 33304K, committed 33536K, reserved 1079296K
  class space    used 4027K, capacity 4304K, committed 4352K, reserved 1048576K
2020-11-07T19:58:14.817+0800: 21.494: [GC (Allocation Failure) 2020-11-07T19:58:14.817+0800: 21.494: [ParNew: 8720K->596K(9216K), 0.0228042 secs] 33356K->25231K(50060K), 0.0228747 secs] [Times: user=0.03 sys=0.00, real=0.02 secs] 
Heap after GC invocations=305 (full 37):
 par new generation   total 9216K, used 596K [0x00000000e3400000, 0x00000000e3e00000, 0x00000000ecca0000)
  eden space 8192K,   0% used [0x00000000e3400000, 0x00000000e3400000, 0x00000000e3c00000)
  from space 1024K,  58% used [0x00000000e3d00000, 0x00000000e3d950f0, 0x00000000e3e00000)
  to   space 1024K,   0% used [0x00000000e3c00000, 0x00000000e3c00000, 0x00000000e3d00000)
 concurrent mark-sweep generation total 40844K, used 24635K [0x00000000ecca0000, 0x00000000ef483000, 0x0000000100000000)
 Metaspace       used 32007K, capacity 33304K, committed 33536K, reserved 1079296K
  class space    used 4027K, capacity 4304K, committed 4352K, reserved 1048576K
}
2020-11-07T19:58:14.845+0800: 21.522: [CMS-concurrent-preclean: 0.007/0.036 secs] [Times: user=0.03 sys=0.00, real=0.04 secs] 
2020-11-07T19:58:14.845+0800: 21.522: Application time: 0.0055232 seconds
2020-11-07T19:58:14.845+0800: 21.522: [GC (CMS Final Remark) [YG occupancy: 1745 K (9216 K)]2020-11-07T19:58:14.845+0800: 21.522: [Rescan (parallel) , 0.0142730 secs]2020-11-07T19:58:14.860+0800: 21.537: [weak refs processing, 0.0005962 secs]2020-11-07T19:58:14.860+0800: 21.537: [class unloading, 0.0075974 secs]2020-11-07T19:58:14.868+0800: 21.545: [scrub symbol table, 0.0117575 secs]2020-11-07T19:58:14.880+0800: 21.557: [scrub string table, 0.0006058 secs][1 CMS-remark: 24635K(40844K)] 26381K(50060K), 0.0350178 secs] [Times: user=0.03 sys=0.00, real=0.03 secs] 
2020-11-07T19:58:14.885+0800: 21.561: [CMS-concurrent-sweep-start]
2020-11-07T19:58:14.915+0800: 21.591: [CMS-concurrent-sweep: 0.030/0.030 secs] [Times: user=0.02 sys=0.00, real=0.03 secs] 
2020-11-07T19:58:14.915+0800: 21.592: [CMS-concurrent-reset-start]
2020-11-07T19:58:14.916+0800: 21.593: [CMS-concurrent-reset: 0.001/0.001 secs] [Times: user=0.01 sys=0.00, real=0.00 secs] 
2020-11-07T19:58:14.930+0800: 21.607: Application time: 0.0494424 seconds
{Heap before GC invocations=305 (full 37):
 par new generation   total 9216K, used 8788K [0x00000000e3400000, 0x00000000e3e00000, 0x00000000ecca0000)
  eden space 8192K, 100% used [0x00000000e3400000, 0x00000000e3c00000, 0x00000000e3c00000)
  from space 1024K,  58% used [0x00000000e3d00000, 0x00000000e3d950f0, 0x00000000e3e00000)
  to   space 1024K,   0% used [0x00000000e3c00000, 0x00000000e3c00000, 0x00000000e3d00000)
 concurrent mark-sweep generation total 40844K, used 24350K [0x00000000ecca0000, 0x00000000ef483000, 0x0000000100000000)
 Metaspace       used 32069K, capacity 33342K, committed 33536K, reserved 1079296K
  class space    used 4039K, capacity 4337K, committed 4352K, reserved 1048576K
2020-11-07T19:58:14.930+0800: 21.607: [GC (Allocation Failure) 2020-11-07T19:58:14.930+0800: 21.607: [ParNew: 8788K->629K(9216K), 0.0111725 secs] 33138K->25044K(50060K), 0.0112391 secs] [Times: user=0.01 sys=0.00, real=0.01 secs] 
Heap after GC invocations=306 (full 37):
 par new generation   total 9216K, used 629K [0x00000000e3400000, 0x00000000e3e00000, 0x00000000ecca0000)
  eden space 8192K,   0% used [0x00000000e3400000, 0x00000000e3400000, 0x00000000e3c00000)
  from space 1024K,  61% used [0x00000000e3c00000, 0x00000000e3c9d718, 0x00000000e3d00000)
  to   space 1024K,   0% used [0x00000000e3d00000, 0x00000000e3d00000, 0x00000000e3e00000)
 concurrent mark-sweep generation total 40844K, used 24415K [0x00000000ecca0000, 0x00000000ef483000, 0x0000000100000000)
 Metaspace       used 32069K, capacity 33342K, committed 33536K, reserved 1079296K
  class space    used 4039K, capacity 4337K, committed 4352K, reserved 1048576K
}
2020-11-07T19:58:14.997+0800: 21.673: Application time: 0.0551120 seconds
{Heap before GC invocations=306 (full 37):
 par new generation   total 9216K, used 8821K [0x00000000e3400000, 0x00000000e3e00000, 0x00000000ecca0000)
  eden space 8192K, 100% used [0x00000000e3400000, 0x00000000e3c00000, 0x00000000e3c00000)
  from space 1024K,  61% used [0x00000000e3c00000, 0x00000000e3c9d718, 0x00000000e3d00000)
  to   space 1024K,   0% used [0x00000000e3d00000, 0x00000000e3d00000, 0x00000000e3e00000)
 concurrent mark-sweep generation total 40844K, used 24415K [0x00000000ecca0000, 0x00000000ef483000, 0x0000000100000000)
 Metaspace       used 32115K, capacity 33418K, committed 33536K, reserved 1079296K
  class space    used 4047K, capacity 4339K, committed 4352K, reserved 1048576K
2020-11-07T19:58:14.997+0800: 21.673: [GC (Allocation Failure) 2020-11-07T19:58:14.997+0800: 21.673: [ParNew: 8821K->723K(9216K), 0.0180130 secs] 33236K->25267K(50060K), 0.0180670 secs] [Times: user=0.02 sys=0.01, real=0.02 secs] 
Heap after GC invocations=307 (full 37):
 par new generation   total 9216K, used 723K [0x00000000e3400000, 0x00000000e3e00000, 0x00000000ecca0000)
  eden space 8192K,   0% used [0x00000000e3400000, 0x00000000e3400000, 0x00000000e3c00000)
  from space 1024K,  70% used [0x00000000e3d00000, 0x00000000e3db4ce8, 0x00000000e3e00000)
  to   space 1024K,   0% used [0x00000000e3c00000, 0x00000000e3c00000, 0x00000000e3d00000)
 concurrent mark-sweep generation total 40844K, used 24544K [0x00000000ecca0000, 0x00000000ef483000, 0x0000000100000000)
 Metaspace       used 32115K, capacity 33418K, committed 33536K, reserved 1079296K
  class space    used 4047K, capacity 4339K, committed 4352K, reserved 1048576K
}
2020-11-07T19:58:15.025+0800: 21.701: Application time: 0.0099406 seconds
2020-11-07T19:58:15.025+0800: 21.702: [GC (CMS Initial Mark) [1 CMS-initial-mark: 24544K(40844K)] 27078K(50060K), 0.0038435 secs] [Times: user=0.01 sys=0.00, real=0.00 secs] 
2020-11-07T19:58:15.029+0800: 21.705: [CMS-concurrent-mark-start]
2020-11-07T19:58:15.080+0800: 21.756: Application time: 0.0508451 seconds
{Heap before GC invocations=307 (full 38):
 par new generation   total 9216K, used 8915K [0x00000000e3400000, 0x00000000e3e00000, 0x00000000ecca0000)
  eden space 8192K, 100% used [0x00000000e3400000, 0x00000000e3c00000, 0x00000000e3c00000)
  from space 1024K,  70% used [0x00000000e3d00000, 0x00000000e3db4ce8, 0x00000000e3e00000)
  to   space 1024K,   0% used [0x00000000e3c00000, 0x00000000e3c00000, 0x00000000e3d00000)
 concurrent mark-sweep generation total 40844K, used 24544K [0x00000000ecca0000, 0x00000000ef483000, 0x0000000100000000)
 Metaspace       used 32159K, capacity 33424K, committed 33536K, reserved 1079296K
  class space    used 4056K, capacity 4340K, committed 4352K, reserved 1048576K
2020-11-07T19:58:15.080+0800: 21.756: [GC (Allocation Failure) 2020-11-07T19:58:15.080+0800: 21.756: [ParNew: 8915K->703K(9216K), 0.0246290 secs] 33459K->25416K(50060K), 0.0247214 secs] [Times: user=0.02 sys=0.00, real=0.02 secs] 
Heap after GC invocations=308 (full 38):
 par new generation   total 9216K, used 703K [0x00000000e3400000, 0x00000000e3e00000, 0x00000000ecca0000)
  eden space 8192K,   0% used [0x00000000e3400000, 0x00000000e3400000, 0x00000000e3c00000)
  from space 1024K,  68% used [0x00000000e3c00000, 0x00000000e3cafff8, 0x00000000e3d00000)
  to   space 1024K,   0% used [0x00000000e3d00000, 0x00000000e3d00000, 0x00000000e3e00000)
 concurrent mark-sweep generation total 40844K, used 24712K [0x00000000ecca0000, 0x00000000ef483000, 0x0000000100000000)
 Metaspace       used 32159K, capacity 33424K, committed 33536K, reserved 1079296K
  class space    used 4056K, capacity 4340K, committed 4352K, reserved 1048576K
}
2020-11-07T19:58:15.171+0800: 21.847: Application time: 0.0660818 seconds
{Heap before GC invocations=308 (full 38):
 par new generation   total 9216K, used 8895K [0x00000000e3400000, 0x00000000e3e00000, 0x00000000ecca0000)
  eden space 8192K, 100% used [0x00000000e3400000, 0x00000000e3c00000, 0x00000000e3c00000)
  from space 1024K,  68% used [0x00000000e3c00000, 0x00000000e3cafff8, 0x00000000e3d00000)
  to   space 1024K,   0% used [0x00000000e3d00000, 0x00000000e3d00000, 0x00000000e3e00000)
 concurrent mark-sweep generation total 40844K, used 24712K [0x00000000ecca0000, 0x00000000ef483000, 0x0000000100000000)
 Metaspace       used 32206K, capacity 33488K, committed 33536K, reserved 1079296K
  class space    used 4063K, capacity 4340K, committed 4352K, reserved 1048576K
2020-11-07T19:58:15.171+0800: 21.847: [GC (Allocation Failure) 2020-11-07T19:58:15.171+0800: 21.847: [ParNew: 8895K->560K(9216K), 0.0064671 secs] 33608K->25312K(50060K), 0.0065263 secs] [Times: user=0.00 sys=0.00, real=0.01 secs] 
Heap after GC invocations=309 (full 38):
 par new generation   total 9216K, used 560K [0x00000000e3400000, 0x00000000e3e00000, 0x00000000ecca0000)
  eden space 8192K,   0% used [0x00000000e3400000, 0x00000000e3400000, 0x00000000e3c00000)
  from space 1024K,  54% used [0x00000000e3d00000, 0x00000000e3d8c058, 0x00000000e3e00000)
  to   space 1024K,   0% used [0x00000000e3c00000, 0x00000000e3c00000, 0x00000000e3d00000)
 concurrent mark-sweep generation total 40844K, used 24752K [0x00000000ecca0000, 0x00000000ef483000, 0x0000000100000000)
 Metaspace       used 32206K, capacity 33488K, committed 33536K, reserved 1079296K
  class space    used 4063K, capacity 4340K, committed 4352K, reserved 1048576K
}
2020-11-07T19:58:15.215+0800: 21.892: [CMS-concurrent-mark: 0.146/0.186 secs] [Times: user=0.18 sys=0.00, real=0.19 secs] 
2020-11-07T19:58:15.215+0800: 21.892: [CMS-concurrent-preclean-start]
2020-11-07T19:58:15.218+0800: 21.895: [CMS-concurrent-preclean: 0.003/0.003 secs] [Times: user=0.00 sys=0.00, real=0.00 secs] 
2020-11-07T19:58:15.218+0800: 21.895: [CMS-concurrent-abortable-preclean-start]
2020-11-07T19:58:15.296+0800: 21.972: Application time: 0.1183460 seconds
{Heap before GC invocations=309 (full 38):
 par new generation   total 9216K, used 8752K [0x00000000e3400000, 0x00000000e3e00000, 0x00000000ecca0000)
  eden space 8192K, 100% used [0x00000000e3400000, 0x00000000e3c00000, 0x00000000e3c00000)
  from space 1024K,  54% used [0x00000000e3d00000, 0x00000000e3d8c058, 0x00000000e3e00000)
  to   space 1024K,   0% used [0x00000000e3c00000, 0x00000000e3c00000, 0x00000000e3d00000)
 concurrent mark-sweep generation total 40844K, used 24752K [0x00000000ecca0000, 0x00000000ef483000, 0x0000000100000000)
 Metaspace       used 32300K, capacity 33584K, committed 33920K, reserved 1079296K
  class space    used 4077K, capacity 4372K, committed 4480K, reserved 1048576K
2020-11-07T19:58:15.296+0800: 21.973: [GC (Allocation Failure) 2020-11-07T19:58:15.296+0800: 21.973: [ParNew: 8752K->851K(9216K), 0.0130442 secs] 33504K->25656K(50060K), 0.0131444 secs] [Times: user=0.01 sys=0.00, real=0.01 secs] 
Heap after GC invocations=310 (full 38):
 par new generation   total 9216K, used 851K [0x00000000e3400000, 0x00000000e3e00000, 0x00000000ecca0000)
  eden space 8192K,   0% used [0x00000000e3400000, 0x00000000e3400000, 0x00000000e3c00000)
  from space 1024K,  83% used [0x00000000e3c00000, 0x00000000e3cd4c80, 0x00000000e3d00000)
  to   space 1024K,   0% used [0x00000000e3d00000, 0x00000000e3d00000, 0x00000000e3e00000)
 concurrent mark-sweep generation total 40844K, used 24805K [0x00000000ecca0000, 0x00000000ef483000, 0x0000000100000000)
 Metaspace       used 32300K, capacity 33584K, committed 33920K, reserved 1079296K
  class space    used 4077K, capacity 4372K, committed 4480K, reserved 1048576K
}
2020-11-07T19:58:15.350+0800: 22.026: Application time: 0.0405687 seconds
{Heap before GC invocations=310 (full 38):
 par new generation   total 9216K, used 9043K [0x00000000e3400000, 0x00000000e3e00000, 0x00000000ecca0000)
  eden space 8192K, 100% used [0x00000000e3400000, 0x00000000e3c00000, 0x00000000e3c00000)
  from space 1024K,  83% used [0x00000000e3c00000, 0x00000000e3cd4c80, 0x00000000e3d00000)
  to   space 1024K,   0% used [0x00000000e3d00000, 0x00000000e3d00000, 0x00000000e3e00000)
 concurrent mark-sweep generation total 40844K, used 24805K [0x00000000ecca0000, 0x00000000ef483000, 0x0000000100000000)
 Metaspace       used 32375K, capacity 33648K, committed 33920K, reserved 1079296K
  class space    used 4091K, capacity 4372K, committed 4480K, reserved 1048576K
2020-11-07T19:58:15.350+0800: 22.026: [GC (Allocation Failure) 2020-11-07T19:58:15.350+0800: 22.026: [ParNew: 9043K->436K(9216K), 0.0188576 secs] 33848K->25524K(50060K), 0.0189111 secs] [Times: user=0.02 sys=0.00, real=0.02 secs] 
Heap after GC invocations=311 (full 38):
 par new generation   total 9216K, used 436K [0x00000000e3400000, 0x00000000e3e00000, 0x00000000ecca0000)
  eden space 8192K,   0% used [0x00000000e3400000, 0x00000000e3400000, 0x00000000e3c00000)
  from space 1024K,  42% used [0x00000000e3d00000, 0x00000000e3d6d1c0, 0x00000000e3e00000)
  to   space 1024K,   0% used [0x00000000e3c00000, 0x00000000e3c00000, 0x00000000e3d00000)
 concurrent mark-sweep generation total 40844K, used 25088K [0x00000000ecca0000, 0x00000000ef483000, 0x0000000100000000)
 Metaspace       used 32375K, capacity 33648K, committed 33920K, reserved 1079296K
  class space    used 4091K, capacity 4372K, committed 4480K, reserved 1048576K
}
2020-11-07T19:58:15.435+0800: 22.112: Application time: 0.0665077 seconds
{Heap before GC invocations=311 (full 38):
 par new generation   total 9216K, used 8628K [0x00000000e3400000, 0x00000000e3e00000, 0x00000000ecca0000)
  eden space 8192K, 100% used [0x00000000e3400000, 0x00000000e3c00000, 0x00000000e3c00000)
  from space 1024K,  42% used [0x00000000e3d00000, 0x00000000e3d6d1c0, 0x00000000e3e00000)
  to   space 1024K,   0% used [0x00000000e3c00000, 0x00000000e3c00000, 0x00000000e3d00000)
 concurrent mark-sweep generation total 40844K, used 25088K [0x00000000ecca0000, 0x00000000ef483000, 0x0000000100000000)
 Metaspace       used 32476K, capacity 33744K, committed 33920K, reserved 1079296K
  class space    used 4108K, capacity 4404K, committed 4480K, reserved 1048576K
2020-11-07T19:58:15.435+0800: 22.112: [GC (Allocation Failure) 2020-11-07T19:58:15.435+0800: 22.112: [ParNew: 8628K->482K(9216K), 0.0191882 secs] 33716K->25570K(50060K), 0.0192432 secs] [Times: user=0.01 sys=0.00, real=0.02 secs] 
Heap after GC invocations=312 (full 38):
 par new generation   total 9216K, used 482K [0x00000000e3400000, 0x00000000e3e00000, 0x00000000ecca0000)
  eden space 8192K,   0% used [0x00000000e3400000, 0x00000000e3400000, 0x00000000e3c00000)
  from space 1024K,  47% used [0x00000000e3c00000, 0x00000000e3c78a00, 0x00000000e3d00000)
  to   space 1024K,   0% used [0x00000000e3d00000, 0x00000000e3d00000, 0x00000000e3e00000)
 concurrent mark-sweep generation total 40844K, used 25088K [0x00000000ecca0000, 0x00000000ef483000, 0x0000000100000000)
 Metaspace       used 32476K, capacity 33744K, committed 33920K, reserved 1079296K
  class space    used 4108K, capacity 4404K, committed 4480K, reserved 1048576K
}
2020-11-07T19:58:15.585+0800: 22.262: [CMS-concurrent-abortable-preclean: 0.141/0.367 secs] [Times: user=0.36 sys=0.00, real=0.37 secs] 
2020-11-07T19:58:15.591+0800: 22.268: Application time: 0.1362463 seconds
2020-11-07T19:58:15.593+0800: 22.269: [GC (CMS Final Remark) [YG occupancy: 6710 K (9216 K)]2020-11-07T19:58:15.593+0800: 22.269: [Rescan (parallel) , 0.0251439 secs]2020-11-07T19:58:15.618+0800: 22.295: [weak refs processing, 0.0001225 secs]2020-11-07T19:58:15.618+0800: 22.295: [class unloading, 0.0110643 secs]2020-11-07T19:58:15.629+0800: 22.306: [scrub symbol table, 0.0112240 secs]2020-11-07T19:58:15.640+0800: 22.317: [scrub string table, 0.0007253 secs][1 CMS-remark: 25088K(40844K)] 31798K(50060K), 0.0484940 secs] [Times: user=0.04 sys=0.00, real=0.05 secs] 
2020-11-07T19:58:15.660+0800: 22.337: [CMS-concurrent-sweep-start]
2020-11-07T19:58:15.697+0800: 22.374: [CMS-concurrent-sweep: 0.037/0.037 secs] [Times: user=0.03 sys=0.00, real=0.04 secs] 
2020-11-07T19:58:15.697+0800: 22.374: [CMS-concurrent-reset-start]
2020-11-07T19:58:15.724+0800: 22.401: Application time: 0.0830388 seconds
{Heap before GC invocations=312 (full 38):
 par new generation   total 9216K, used 8674K [0x00000000e3400000, 0x00000000e3e00000, 0x00000000ecca0000)
  eden space 8192K, 100% used [0x00000000e3400000, 0x00000000e3c00000, 0x00000000e3c00000)
  from space 1024K,  47% used [0x00000000e3c00000, 0x00000000e3c78a00, 0x00000000e3d00000)
  to   space 1024K,   0% used [0x00000000e3d00000, 0x00000000e3d00000, 0x00000000e3e00000)
 concurrent mark-sweep generation total 41460K, used 24874K [0x00000000ecca0000, 0x00000000ef51d000, 0x0000000100000000)
 Metaspace       used 32519K, capacity 33820K, committed 33920K, reserved 1079296K
  class space    used 4110K, capacity 4404K, committed 4480K, reserved 1048576K
2020-11-07T19:58:15.724+0800: 22.401: [GC (Allocation Failure) 2020-11-07T19:58:15.724+0800: 22.401: [ParNew: 8674K->358K(9216K), 0.0691680 secs] 33548K->25232K(50676K), 0.0692576 secs] [Times: user=0.04 sys=0.00, real=0.07 secs] 
Heap after GC invocations=313 (full 38):
 par new generation   total 9216K, used 358K [0x00000000e3400000, 0x00000000e3e00000, 0x00000000ecca0000)
  eden space 8192K,   0% used [0x00000000e3400000, 0x00000000e3400000, 0x00000000e3c00000)
  from space 1024K,  34% used [0x00000000e3d00000, 0x00000000e3d59858, 0x00000000e3e00000)
  to   space 1024K,   0% used [0x00000000e3c00000, 0x00000000e3c00000, 0x00000000e3d00000)
 concurrent mark-sweep generation total 41460K, used 24874K [0x00000000ecca0000, 0x00000000ef51d000, 0x0000000100000000)
 Metaspace       used 32519K, capacity 33820K, committed 33920K, reserved 1079296K
  class space    used 4110K, capacity 4404K, committed 4480K, reserved 1048576K
}
2020-11-07T19:58:15.794+0800: 22.471: [CMS-concurrent-reset: 0.028/0.097 secs] [Times: user=0.05 sys=0.00, real=0.09 secs] 
2020-11-07T19:58:15.980+0800: 22.657: Application time: 0.1863874 seconds
{Heap before GC invocations=313 (full 38):
 par new generation   total 9216K, used 8550K [0x00000000e3400000, 0x00000000e3e00000, 0x00000000ecca0000)
  eden space 8192K, 100% used [0x00000000e3400000, 0x00000000e3c00000, 0x00000000e3c00000)
  from space 1024K,  34% used [0x00000000e3d00000, 0x00000000e3d59858, 0x00000000e3e00000)
  to   space 1024K,   0% used [0x00000000e3c00000, 0x00000000e3c00000, 0x00000000e3d00000)
 concurrent mark-sweep generation total 41460K, used 24874K [0x00000000ecca0000, 0x00000000ef51d000, 0x0000000100000000)
 Metaspace       used 32780K, capacity 34022K, committed 34176K, reserved 1079296K
  class space    used 4132K, capacity 4405K, committed 4480K, reserved 1048576K
2020-11-07T19:58:15.980+0800: 22.657: [GC (Allocation Failure) 2020-11-07T19:58:15.980+0800: 22.657: [ParNew: 8550K->994K(9216K), 0.0168289 secs] 33424K->25868K(50676K), 0.0169132 secs] [Times: user=0.01 sys=0.00, real=0.02 secs] 
Heap after GC invocations=314 (full 38):
 par new generation   total 9216K, used 994K [0x00000000e3400000, 0x00000000e3e00000, 0x00000000ecca0000)
  eden space 8192K,   0% used [0x00000000e3400000, 0x00000000e3400000, 0x00000000e3c00000)
  from space 1024K,  97% used [0x00000000e3c00000, 0x00000000e3cf8810, 0x00000000e3d00000)
  to   space 1024K,   0% used [0x00000000e3d00000, 0x00000000e3d00000, 0x00000000e3e00000)
 concurrent mark-sweep generation total 41460K, used 24874K [0x00000000ecca0000, 0x00000000ef51d000, 0x0000000100000000)
 Metaspace       used 32780K, capacity 34022K, committed 34176K, reserved 1079296K
  class space    used 4132K, capacity 4405K, committed 4480K, reserved 1048576K
}
2020-11-07T19:58:16.053+0800: 22.730: Application time: 0.0560592 seconds
{Heap before GC invocations=314 (full 38):
 par new generation   total 9216K, used 9186K [0x00000000e3400000, 0x00000000e3e00000, 0x00000000ecca0000)
  eden space 8192K, 100% used [0x00000000e3400000, 0x00000000e3c00000, 0x00000000e3c00000)
  from space 1024K,  97% used [0x00000000e3c00000, 0x00000000e3cf8810, 0x00000000e3d00000)
  to   space 1024K,   0% used [0x00000000e3d00000, 0x00000000e3d00000, 0x00000000e3e00000)
 concurrent mark-sweep generation total 41460K, used 24874K [0x00000000ecca0000, 0x00000000ef51d000, 0x0000000100000000)
 Metaspace       used 32826K, capacity 34092K, committed 34176K, reserved 1079296K
  class space    used 4135K, capacity 4406K, committed 4480K, reserved 1048576K
2020-11-07T19:58:16.054+0800: 22.730: [GC (Allocation Failure) 2020-11-07T19:58:16.054+0800: 22.730: [ParNew: 9186K->532K(9216K), 0.0395393 secs] 34060K->26288K(50676K), 0.0396103 secs] [Times: user=0.03 sys=0.00, real=0.04 secs] 
Heap after GC invocations=315 (full 38):
 par new generation   total 9216K, used 532K [0x00000000e3400000, 0x00000000e3e00000, 0x00000000ecca0000)
  eden space 8192K,   0% used [0x00000000e3400000, 0x00000000e3400000, 0x00000000e3c00000)
  from space 1024K,  52% used [0x00000000e3d00000, 0x00000000e3d853b0, 0x00000000e3e00000)
  to   space 1024K,   0% used [0x00000000e3c00000, 0x00000000e3c00000, 0x00000000e3d00000)
 concurrent mark-sweep generation total 41460K, used 25755K [0x00000000ecca0000, 0x00000000ef51d000, 0x0000000100000000)
 Metaspace       used 32826K, capacity 34092K, committed 34176K, reserved 1079296K
  class space    used 4135K, capacity 4406K, committed 4480K, reserved 1048576K
}
2020-11-07T19:58:16.097+0800: 22.774: Application time: 0.0037470 seconds
2020-11-07T19:58:16.097+0800: 22.774: [GC (CMS Initial Mark) [1 CMS-initial-mark: 25755K(41460K)] 28419K(50676K), 0.0034265 secs] [Times: user=0.00 sys=0.00, real=0.00 secs] 
2020-11-07T19:58:16.101+0800: 22.777: [CMS-concurrent-mark-start]
2020-11-07T19:58:16.254+0800: 22.931: [CMS-concurrent-mark: 0.154/0.154 secs] [Times: user=0.15 sys=0.00, real=0.15 secs] 
2020-11-07T19:58:16.254+0800: 22.931: [CMS-concurrent-preclean-start]
2020-11-07T19:58:16.279+0800: 22.956: Application time: 0.1784985 seconds
{Heap before GC invocations=315 (full 39):
 par new generation   total 9216K, used 8724K [0x00000000e3400000, 0x00000000e3e00000, 0x00000000ecca0000)
  eden space 8192K, 100% used [0x00000000e3400000, 0x00000000e3c00000, 0x00000000e3c00000)
  from space 1024K,  52% used [0x00000000e3d00000, 0x00000000e3d853b0, 0x00000000e3e00000)
  to   space 1024K,   0% used [0x00000000e3c00000, 0x00000000e3c00000, 0x00000000e3d00000)
 concurrent mark-sweep generation total 41460K, used 25755K [0x00000000ecca0000, 0x00000000ef51d000, 0x0000000100000000)
 Metaspace       used 33048K, capacity 34316K, committed 34432K, reserved 1079296K
  class space    used 4154K, capacity 4438K, committed 4480K, reserved 1048576K
2020-11-07T19:58:16.279+0800: 22.956: [GC (Allocation Failure) 2020-11-07T19:58:16.279+0800: 22.956: [ParNew: 8724K->441K(9216K), 0.0143069 secs] 34480K->26197K(50676K), 0.0144014 secs] [Times: user=0.01 sys=0.00, real=0.01 secs] 
Heap after GC invocations=316 (full 39):
 par new generation   total 9216K, used 441K [0x00000000e3400000, 0x00000000e3e00000, 0x00000000ecca0000)
  eden space 8192K,   0% used [0x00000000e3400000, 0x00000000e3400000, 0x00000000e3c00000)
  from space 1024K,  43% used [0x00000000e3c00000, 0x00000000e3c6e688, 0x00000000e3d00000)
  to   space 1024K,   0% used [0x00000000e3d00000, 0x00000000e3d00000, 0x00000000e3e00000)
 concurrent mark-sweep generation total 41460K, used 25755K [0x00000000ecca0000, 0x00000000ef51d000, 0x0000000100000000)
 Metaspace       used 33048K, capacity 34316K, committed 34432K, reserved 1079296K
  class space    used 4154K, capacity 4438K, committed 4480K, reserved 1048576K
}
2020-11-07T19:58:16.294+0800: 22.971: [CMS-concurrent-preclean: 0.025/0.040 secs] [Times: user=0.03 sys=0.00, real=0.04 secs] 
2020-11-07T19:58:16.297+0800: 22.974: Application time: 0.0034105 seconds
2020-11-07T19:58:16.297+0800: 22.974: [GC (CMS Final Remark) [YG occupancy: 769 K (9216 K)]2020-11-07T19:58:16.297+0800: 22.974: [Rescan (parallel) , 0.0152016 secs]2020-11-07T19:58:16.312+0800: 22.989: [weak refs processing, 0.0001165 secs]2020-11-07T19:58:16.312+0800: 22.989: [class unloading, 0.0154643 secs]2020-11-07T19:58:16.328+0800: 23.005: [scrub symbol table, 0.0130408 secs]2020-11-07T19:58:16.341+0800: 23.018: [scrub string table, 0.0007020 secs][1 CMS-remark: 25755K(41460K)] 26524K(50676K), 0.0447739 secs] [Times: user=0.04 sys=0.00, real=0.04 secs] 
2020-11-07T19:58:16.358+0800: 23.034: [CMS-concurrent-sweep-start]
2020-11-07T19:58:16.390+0800: 23.067: [CMS-concurrent-sweep: 0.033/0.033 secs] [Times: user=0.03 sys=0.00, real=0.03 secs] 
2020-11-07T19:58:16.390+0800: 23.067: [CMS-concurrent-reset-start]
2020-11-07T19:58:16.392+0800: 23.068: [CMS-concurrent-reset: 0.001/0.001 secs] [Times: user=0.00 sys=0.00, real=0.00 secs] 
2020-11-07T19:58:17.022+0800: 23.699: Application time: 0.6805315 seconds
{Heap before GC invocations=316 (full 39):
 par new generation   total 9216K, used 8633K [0x00000000e3400000, 0x00000000e3e00000, 0x00000000ecca0000)
  eden space 8192K, 100% used [0x00000000e3400000, 0x00000000e3c00000, 0x00000000e3c00000)
  from space 1024K,  43% used [0x00000000e3c00000, 0x00000000e3c6e688, 0x00000000e3d00000)
  to   space 1024K,   0% used [0x00000000e3d00000, 0x00000000e3d00000, 0x00000000e3e00000)
 concurrent mark-sweep generation total 41460K, used 24760K [0x00000000ecca0000, 0x00000000ef51d000, 0x0000000100000000)
 Metaspace       used 33318K, capacity 34592K, committed 34688K, reserved 1079296K
  class space    used 4177K, capacity 4468K, committed 4480K, reserved 1048576K
2020-11-07T19:58:17.023+0800: 23.699: [GC (Allocation Failure) 2020-11-07T19:58:17.023+0800: 23.699: [ParNew: 8633K->671K(9216K), 0.0085725 secs] 33394K->25432K(50676K), 0.0086516 secs] [Times: user=0.01 sys=0.00, real=0.01 secs] 
Heap after GC invocations=317 (full 39):
 par new generation   total 9216K, used 671K [0x00000000e3400000, 0x00000000e3e00000, 0x00000000ecca0000)
  eden space 8192K,   0% used [0x00000000e3400000, 0x00000000e3400000, 0x00000000e3c00000)
  from space 1024K,  65% used [0x00000000e3d00000, 0x00000000e3da7e70, 0x00000000e3e00000)
  to   space 1024K,   0% used [0x00000000e3c00000, 0x00000000e3c00000, 0x00000000e3d00000)
 concurrent mark-sweep generation total 41460K, used 24760K [0x00000000ecca0000, 0x00000000ef51d000, 0x0000000100000000)
 Metaspace       used 33318K, capacity 34592K, committed 34688K, reserved 1079296K
  class space    used 4177K, capacity 4468K, committed 4480K, reserved 1048576K
}
2020-11-07T19:58:17.197+0800: 23.874: Application time: 0.1660862 seconds
{Heap before GC invocations=317 (full 39):
 par new generation   total 9216K, used 8863K [0x00000000e3400000, 0x00000000e3e00000, 0x00000000ecca0000)
  eden space 8192K, 100% used [0x00000000e3400000, 0x00000000e3c00000, 0x00000000e3c00000)
  from space 1024K,  65% used [0x00000000e3d00000, 0x00000000e3da7e70, 0x00000000e3e00000)
  to   space 1024K,   0% used [0x00000000e3c00000, 0x00000000e3c00000, 0x00000000e3d00000)
 concurrent mark-sweep generation total 41460K, used 24760K [0x00000000ecca0000, 0x00000000ef51d000, 0x0000000100000000)
 Metaspace       used 33592K, capacity 34886K, committed 35072K, reserved 1079296K
  class space    used 4203K, capacity 4501K, committed 4608K, reserved 1048576K
2020-11-07T19:58:17.198+0800: 23.874: [GC (Allocation Failure) 2020-11-07T19:58:17.198+0800: 23.874: [ParNew: 8863K->702K(9216K), 0.0111420 secs] 33624K->25700K(50676K), 0.0112068 secs] [Times: user=0.01 sys=0.00, real=0.01 secs] 
Heap after GC invocations=318 (full 39):
 par new generation   total 9216K, used 702K [0x00000000e3400000, 0x00000000e3e00000, 0x00000000ecca0000)
  eden space 8192K,   0% used [0x00000000e3400000, 0x00000000e3400000, 0x00000000e3c00000)
  from space 1024K,  68% used [0x00000000e3c00000, 0x00000000e3cafb30, 0x00000000e3d00000)
  to   space 1024K,   0% used [0x00000000e3d00000, 0x00000000e3d00000, 0x00000000e3e00000)
 concurrent mark-sweep generation total 41460K, used 24997K [0x00000000ecca0000, 0x00000000ef51d000, 0x0000000100000000)
 Metaspace       used 33592K, capacity 34886K, committed 35072K, reserved 1079296K
  class space    used 4203K, capacity 4501K, committed 4608K, reserved 1048576K
}
2020-11-07T19:58:17.210+0800: 23.886: Application time: 0.0007706 seconds
2020-11-07T19:58:17.210+0800: 23.886: [GC (CMS Initial Mark) [1 CMS-initial-mark: 24997K(41460K)] 25864K(50676K), 0.0028864 secs] [Times: user=0.00 sys=0.00, real=0.00 secs] 
2020-11-07T19:58:17.213+0800: 23.889: [CMS-concurrent-mark-start]
2020-11-07T19:58:17.358+0800: 24.035: [CMS-concurrent-mark: 0.145/0.145 secs] [Times: user=0.14 sys=0.00, real=0.15 secs] 
2020-11-07T19:58:17.358+0800: 24.035: [CMS-concurrent-preclean-start]
2020-11-07T19:58:17.360+0800: 24.036: [CMS-concurrent-preclean: 0.001/0.001 secs] [Times: user=0.00 sys=0.00, real=0.00 secs] 
2020-11-07T19:58:17.360+0800: 24.036: [CMS-concurrent-abortable-preclean-start]
2020-11-07T19:58:17.367+0800: 24.044: Application time: 0.1544005 seconds
2020-11-07T19:58:17.369+0800: 24.046: Application time: 0.0017615 seconds
2020-11-07T19:58:17.386+0800: 24.063: Application time: 0.0158314 seconds
2020-11-07T19:58:17.430+0800: 24.107: Application time: 0.0440574 seconds
{Heap before GC invocations=318 (full 40):
 par new generation   total 9216K, used 8894K [0x00000000e3400000, 0x00000000e3e00000, 0x00000000ecca0000)
  eden space 8192K, 100% used [0x00000000e3400000, 0x00000000e3c00000, 0x00000000e3c00000)
  from space 1024K,  68% used [0x00000000e3c00000, 0x00000000e3cafb30, 0x00000000e3d00000)
  to   space 1024K,   0% used [0x00000000e3d00000, 0x00000000e3d00000, 0x00000000e3e00000)
 concurrent mark-sweep generation total 41460K, used 24997K [0x00000000ecca0000, 0x00000000ef51d000, 0x0000000100000000)
 Metaspace       used 34017K, capacity 35302K, committed 35584K, reserved 1081344K
  class space    used 4245K, capacity 4533K, committed 4608K, reserved 1048576K
2020-11-07T19:58:17.430+0800: 24.107: [GC (Allocation Failure) 2020-11-07T19:58:17.430+0800: 24.107: [ParNew: 8894K->719K(9216K), 0.0371773 secs] 33892K->25957K(50676K), 0.0372348 secs] [Times: user=0.03 sys=0.01, real=0.04 secs] 
Heap after GC invocations=319 (full 40):
 par new generation   total 9216K, used 719K [0x00000000e3400000, 0x00000000e3e00000, 0x00000000ecca0000)
  eden space 8192K,   0% used [0x00000000e3400000, 0x00000000e3400000, 0x00000000e3c00000)
  from space 1024K,  70% used [0x00000000e3d00000, 0x00000000e3db3e10, 0x00000000e3e00000)
  to   space 1024K,   0% used [0x00000000e3c00000, 0x00000000e3c00000, 0x00000000e3d00000)
 concurrent mark-sweep generation total 41460K, used 25238K [0x00000000ecca0000, 0x00000000ef51d000, 0x0000000100000000)
 Metaspace       used 34017K, capacity 35302K, committed 35584K, reserved 1081344K
  class space    used 4245K, capacity 4533K, committed 4608K, reserved 1048576K
}
2020-11-07T19:58:17.507+0800: 24.183: Application time: 0.0391368 seconds
{Heap before GC invocations=319 (full 40):
 par new generation   total 9216K, used 8911K [0x00000000e3400000, 0x00000000e3e00000, 0x00000000ecca0000)
  eden space 8192K, 100% used [0x00000000e3400000, 0x00000000e3c00000, 0x00000000e3c00000)
  from space 1024K,  70% used [0x00000000e3d00000, 0x00000000e3db3e10, 0x00000000e3e00000)
  to   space 1024K,   0% used [0x00000000e3c00000, 0x00000000e3c00000, 0x00000000e3d00000)
 concurrent mark-sweep generation total 41460K, used 25238K [0x00000000ecca0000, 0x00000000ef51d000, 0x0000000100000000)
 Metaspace       used 34021K, capacity 35302K, committed 35584K, reserved 1081344K
  class space    used 4245K, capacity 4533K, committed 4608K, reserved 1048576K
2020-11-07T19:58:17.507+0800: 24.184: [GC (Allocation Failure) 2020-11-07T19:58:17.507+0800: 24.184: [ParNew: 8911K->560K(9216K), 0.0386595 secs] 34149K->26000K(50676K), 0.0387309 secs] [Times: user=0.04 sys=0.00, real=0.04 secs] 
Heap after GC invocations=320 (full 40):
 par new generation   total 9216K, used 560K [0x00000000e3400000, 0x00000000e3e00000, 0x00000000ecca0000)
  eden space 8192K,   0% used [0x00000000e3400000, 0x00000000e3400000, 0x00000000e3c00000)
  from space 1024K,  54% used [0x00000000e3c00000, 0x00000000e3c8c040, 0x00000000e3d00000)
  to   space 1024K,   0% used [0x00000000e3d00000, 0x00000000e3d00000, 0x00000000e3e00000)
 concurrent mark-sweep generation total 41460K, used 25440K [0x00000000ecca0000, 0x00000000ef51d000, 0x0000000100000000)
 Metaspace       used 34021K, capacity 35302K, committed 35584K, reserved 1081344K
  class space    used 4245K, capacity 4533K, committed 4608K, reserved 1048576K
}
2020-11-07T19:58:17.578+0800: 24.255: Application time: 0.0327752 seconds
{Heap before GC invocations=320 (full 40):
 par new generation   total 9216K, used 8752K [0x00000000e3400000, 0x00000000e3e00000, 0x00000000ecca0000)
  eden space 8192K, 100% used [0x00000000e3400000, 0x00000000e3c00000, 0x00000000e3c00000)
  from space 1024K,  54% used [0x00000000e3c00000, 0x00000000e3c8c040, 0x00000000e3d00000)
  to   space 1024K,   0% used [0x00000000e3d00000, 0x00000000e3d00000, 0x00000000e3e00000)
 concurrent mark-sweep generation total 41460K, used 25440K [0x00000000ecca0000, 0x00000000ef51d000, 0x0000000100000000)
 Metaspace       used 34025K, capacity 35302K, committed 35584K, reserved 1081344K
  class space    used 4245K, capacity 4533K, committed 4608K, reserved 1048576K
2020-11-07T19:58:17.579+0800: 24.255: [GC (Allocation Failure) 2020-11-07T19:58:17.579+0800: 24.255: [ParNew: 8752K->375K(9216K), 0.0240872 secs] 34192K->25815K(50676K), 0.0241496 secs] [Times: user=0.02 sys=0.00, real=0.02 secs] 
Heap after GC invocations=321 (full 40):
 par new generation   total 9216K, used 375K [0x00000000e3400000, 0x00000000e3e00000, 0x00000000ecca0000)
  eden space 8192K,   0% used [0x00000000e3400000, 0x00000000e3400000, 0x00000000e3c00000)
  from space 1024K,  36% used [0x00000000e3d00000, 0x00000000e3d5de70, 0x00000000e3e00000)
  to   space 1024K,   0% used [0x00000000e3c00000, 0x00000000e3c00000, 0x00000000e3d00000)
 concurrent mark-sweep generation total 41460K, used 25440K [0x00000000ecca0000, 0x00000000ef51d000, 0x0000000100000000)
 Metaspace       used 34025K, capacity 35302K, committed 35584K, reserved 1081344K
  class space    used 4245K, capacity 4533K, committed 4608K, reserved 1048576K
}
2020-11-07T19:58:17.603+0800: 24.280: [CMS-concurrent-abortable-preclean: 0.064/0.243 secs] [Times: user=0.22 sys=0.01, real=0.24 secs] 
2020-11-07T19:58:17.610+0800: 24.286: Application time: 0.0067815 seconds
2020-11-07T19:58:17.610+0800: 24.286: [GC (CMS Final Remark) [YG occupancy: 2017 K (9216 K)]2020-11-07T19:58:17.610+0800: 24.286: [Rescan (parallel) , 0.0292952 secs]2020-11-07T19:58:17.639+0800: 24.316: [weak refs processing, 0.0038608 secs]2020-11-07T19:58:17.643+0800: 24.320: [class unloading, 0.0118922 secs]2020-11-07T19:58:17.655+0800: 24.332: [scrub symbol table, 0.0139882 secs]2020-11-07T19:58:17.669+0800: 24.346: [scrub string table, 0.0055374 secs][1 CMS-remark: 25440K(41460K)] 27457K(50676K), 0.0648412 secs] [Times: user=0.06 sys=0.00, real=0.07 secs] 
2020-11-07T19:58:17.684+0800: 24.361: [CMS-concurrent-sweep-start]
2020-11-07T19:58:17.709+0800: 24.386: Application time: 0.0344935 seconds
{Heap before GC invocations=321 (full 40):
 par new generation   total 9216K, used 8567K [0x00000000e3400000, 0x00000000e3e00000, 0x00000000ecca0000)
  eden space 8192K, 100% used [0x00000000e3400000, 0x00000000e3c00000, 0x00000000e3c00000)
  from space 1024K,  36% used [0x00000000e3d00000, 0x00000000e3d5de70, 0x00000000e3e00000)
  to   space 1024K,   0% used [0x00000000e3c00000, 0x00000000e3c00000, 0x00000000e3d00000)
 concurrent mark-sweep generation total 41460K, used 25438K [0x00000000ecca0000, 0x00000000ef51d000, 0x0000000100000000)
 Metaspace       used 34033K, capacity 35306K, committed 35584K, reserved 1081344K
  class space    used 4245K, capacity 4533K, committed 4608K, reserved 1048576K
2020-11-07T19:58:17.709+0800: 24.386: [GC (Allocation Failure) 2020-11-07T19:58:17.709+0800: 24.386: [ParNew: 8567K->441K(9216K), 0.0478068 secs] 34006K->25880K(50676K), 0.0479026 secs] [Times: user=0.03 sys=0.00, real=0.05 secs] 
Heap after GC invocations=322 (full 40):
 par new generation   total 9216K, used 441K [0x00000000e3400000, 0x00000000e3e00000, 0x00000000ecca0000)
  eden space 8192K,   0% used [0x00000000e3400000, 0x00000000e3400000, 0x00000000e3c00000)
  from space 1024K,  43% used [0x00000000e3c00000, 0x00000000e3c6e7f0, 0x00000000e3d00000)
  to   space 1024K,   0% used [0x00000000e3d00000, 0x00000000e3d00000, 0x00000000e3e00000)
 concurrent mark-sweep generation total 41460K, used 25438K [0x00000000ecca0000, 0x00000000ef51d000, 0x0000000100000000)
 Metaspace       used 34033K, capacity 35306K, committed 35584K, reserved 1081344K
  class space    used 4245K, capacity 4533K, committed 4608K, reserved 1048576K
}
2020-11-07T19:58:17.762+0800: 24.439: [CMS-concurrent-sweep: 0.030/0.078 secs] [Times: user=0.05 sys=0.00, real=0.08 secs] 
2020-11-07T19:58:17.766+0800: 24.442: [CMS-concurrent-reset-start]
2020-11-07T19:58:17.767+0800: 24.444: [CMS-concurrent-reset: 0.001/0.001 secs] [Times: user=0.00 sys=0.00, real=0.00 secs] 
2020-11-07T19:58:17.830+0800: 24.507: Application time: 0.0732705 seconds
{Heap before GC invocations=322 (full 40):
 par new generation   total 9216K, used 8633K [0x00000000e3400000, 0x00000000e3e00000, 0x00000000ecca0000)
  eden space 8192K, 100% used [0x00000000e3400000, 0x00000000e3c00000, 0x00000000e3c00000)
  from space 1024K,  43% used [0x00000000e3c00000, 0x00000000e3c6e7f0, 0x00000000e3d00000)
  to   space 1024K,   0% used [0x00000000e3d00000, 0x00000000e3d00000, 0x00000000e3e00000)
 concurrent mark-sweep generation total 42276K, used 25363K [0x00000000ecca0000, 0x00000000ef5e9000, 0x0000000100000000)
 Metaspace       used 34063K, capacity 35372K, committed 35584K, reserved 1081344K
  class space    used 4249K, capacity 4534K, committed 4608K, reserved 1048576K
2020-11-07T19:58:17.831+0800: 24.507: [GC (Allocation Failure) 2020-11-07T19:58:17.831+0800: 24.507: [ParNew: 8633K->743K(9216K), 0.0264540 secs] 33997K->26107K(51492K), 0.0265299 secs] [Times: user=0.02 sys=0.00, real=0.03 secs] 
Heap after GC invocations=323 (full 40):
 par new generation   total 9216K, used 743K [0x00000000e3400000, 0x00000000e3e00000, 0x00000000ecca0000)
  eden space 8192K,   0% used [0x00000000e3400000, 0x00000000e3400000, 0x00000000e3c00000)
  from space 1024K,  72% used [0x00000000e3d00000, 0x00000000e3db9ed0, 0x00000000e3e00000)
  to   space 1024K,   0% used [0x00000000e3c00000, 0x00000000e3c00000, 0x00000000e3d00000)
 concurrent mark-sweep generation total 42276K, used 25363K [0x00000000ecca0000, 0x00000000ef5e9000, 0x0000000100000000)
 Metaspace       used 34063K, capacity 35372K, committed 35584K, reserved 1081344K
  class space    used 4249K, capacity 4534K, committed 4608K, reserved 1048576K
}
2020-11-07T19:58:17.894+0800: 24.571: Application time: 0.0370890 seconds
{Heap before GC invocations=323 (full 40):
 par new generation   total 9216K, used 8935K [0x00000000e3400000, 0x00000000e3e00000, 0x00000000ecca0000)
  eden space 8192K, 100% used [0x00000000e3400000, 0x00000000e3c00000, 0x00000000e3c00000)
  from space 1024K,  72% used [0x00000000e3d00000, 0x00000000e3db9ed0, 0x00000000e3e00000)
  to   space 1024K,   0% used [0x00000000e3c00000, 0x00000000e3c00000, 0x00000000e3d00000)
 concurrent mark-sweep generation total 42276K, used 25363K [0x00000000ecca0000, 0x00000000ef5e9000, 0x0000000100000000)
 Metaspace       used 34079K, capacity 35384K, committed 35584K, reserved 1081344K
  class space    used 4250K, capacity 4536K, committed 4608K, reserved 1048576K
2020-11-07T19:58:17.895+0800: 24.571: [GC (Allocation Failure) 2020-11-07T19:58:17.895+0800: 24.571: [ParNew: 8935K->1024K(9216K), 0.0419633 secs] 34299K->26649K(51492K), 0.0420225 secs] [Times: user=0.04 sys=0.00, real=0.04 secs] 
Heap after GC invocations=324 (full 40):
 par new generation   total 9216K, used 1024K [0x00000000e3400000, 0x00000000e3e00000, 0x00000000ecca0000)
  eden space 8192K,   0% used [0x00000000e3400000, 0x00000000e3400000, 0x00000000e3c00000)
  from space 1024K, 100% used [0x00000000e3c00000, 0x00000000e3d00000, 0x00000000e3d00000)
  to   space 1024K,   0% used [0x00000000e3d00000, 0x00000000e3d00000, 0x00000000e3e00000)
 concurrent mark-sweep generation total 42276K, used 25625K [0x00000000ecca0000, 0x00000000ef5e9000, 0x0000000100000000)
 Metaspace       used 34079K, capacity 35384K, committed 35584K, reserved 1081344K
  class space    used 4250K, capacity 4536K, committed 4608K, reserved 1048576K
}
2020-11-07T19:58:17.941+0800: 24.617: Application time: 0.0040104 seconds
2020-11-07T19:58:17.941+0800: 24.617: [GC (CMS Initial Mark) [1 CMS-initial-mark: 25625K(42276K)] 28943K(51492K), 0.0046223 secs] [Times: user=0.00 sys=0.00, real=0.01 secs] 
2020-11-07T19:58:17.945+0800: 24.622: [CMS-concurrent-mark-start]
2020-11-07T19:58:17.968+0800: 24.645: Application time: 0.0229023 seconds
{Heap before GC invocations=324 (full 41):
 par new generation   total 9216K, used 9216K [0x00000000e3400000, 0x00000000e3e00000, 0x00000000ecca0000)
  eden space 8192K, 100% used [0x00000000e3400000, 0x00000000e3c00000, 0x00000000e3c00000)
  from space 1024K, 100% used [0x00000000e3c00000, 0x00000000e3d00000, 0x00000000e3d00000)
  to   space 1024K,   0% used [0x00000000e3d00000, 0x00000000e3d00000, 0x00000000e3e00000)
 concurrent mark-sweep generation total 42276K, used 25625K [0x00000000ecca0000, 0x00000000ef5e9000, 0x0000000100000000)
 Metaspace       used 34079K, capacity 35384K, committed 35584K, reserved 1081344K
  class space    used 4250K, capacity 4536K, committed 4608K, reserved 1048576K
2020-11-07T19:58:17.968+0800: 24.645: [GC (Allocation Failure) 2020-11-07T19:58:17.968+0800: 24.645: [ParNew: 9216K->394K(9216K), 0.0317282 secs] 34841K->26932K(51492K), 0.0318035 secs] [Times: user=0.03 sys=0.00, real=0.03 secs] 
Heap after GC invocations=325 (full 41):
 par new generation   total 9216K, used 394K [0x00000000e3400000, 0x00000000e3e00000, 0x00000000ecca0000)
  eden space 8192K,   0% used [0x00000000e3400000, 0x00000000e3400000, 0x00000000e3c00000)
  from space 1024K,  38% used [0x00000000e3d00000, 0x00000000e3d62800, 0x00000000e3e00000)
  to   space 1024K,   0% used [0x00000000e3c00000, 0x00000000e3c00000, 0x00000000e3d00000)
 concurrent mark-sweep generation total 42276K, used 26538K [0x00000000ecca0000, 0x00000000ef5e9000, 0x0000000100000000)
 Metaspace       used 34079K, capacity 35384K, committed 35584K, reserved 1081344K
  class space    used 4250K, capacity 4536K, committed 4608K, reserved 1048576K
}
2020-11-07T19:58:18.033+0800: 24.710: Application time: 0.0327626 seconds
{Heap before GC invocations=325 (full 41):
 par new generation   total 9216K, used 8586K [0x00000000e3400000, 0x00000000e3e00000, 0x00000000ecca0000)
  eden space 8192K, 100% used [0x00000000e3400000, 0x00000000e3c00000, 0x00000000e3c00000)
  from space 1024K,  38% used [0x00000000e3d00000, 0x00000000e3d62800, 0x00000000e3e00000)
  to   space 1024K,   0% used [0x00000000e3c00000, 0x00000000e3c00000, 0x00000000e3d00000)
 concurrent mark-sweep generation total 42276K, used 26538K [0x00000000ecca0000, 0x00000000ef5e9000, 0x0000000100000000)
 Metaspace       used 34079K, capacity 35384K, committed 35584K, reserved 1081344K
  class space    used 4250K, capacity 4536K, committed 4608K, reserved 1048576K
2020-11-07T19:58:18.033+0800: 24.710: [GC (Allocation Failure) 2020-11-07T19:58:18.033+0800: 24.710: [ParNew: 8586K->49K(9216K), 0.0027585 secs] 35124K->26587K(51492K), 0.0028142 secs] [Times: user=0.00 sys=0.00, real=0.01 secs] 
Heap after GC invocations=326 (full 41):
 par new generation   total 9216K, used 49K [0x00000000e3400000, 0x00000000e3e00000, 0x00000000ecca0000)
  eden space 8192K,   0% used [0x00000000e3400000, 0x00000000e3400000, 0x00000000e3c00000)
  from space 1024K,   4% used [0x00000000e3c00000, 0x00000000e3c0c7b0, 0x00000000e3d00000)
  to   space 1024K,   0% used [0x00000000e3d00000, 0x00000000e3d00000, 0x00000000e3e00000)
 concurrent mark-sweep generation total 42276K, used 26538K [0x00000000ecca0000, 0x00000000ef5e9000, 0x0000000100000000)
 Metaspace       used 34079K, capacity 35384K, committed 35584K, reserved 1081344K
  class space    used 4250K, capacity 4536K, committed 4608K, reserved 1048576K
}
2020-11-07T19:58:18.088+0800: 24.765: Application time: 0.0518815 seconds
{Heap before GC invocations=326 (full 41):
 par new generation   total 9216K, used 8241K [0x00000000e3400000, 0x00000000e3e00000, 0x00000000ecca0000)
  eden space 8192K, 100% used [0x00000000e3400000, 0x00000000e3c00000, 0x00000000e3c00000)
  from space 1024K,   4% used [0x00000000e3c00000, 0x00000000e3c0c7b0, 0x00000000e3d00000)
  to   space 1024K,   0% used [0x00000000e3d00000, 0x00000000e3d00000, 0x00000000e3e00000)
 concurrent mark-sweep generation total 42276K, used 26538K [0x00000000ecca0000, 0x00000000ef5e9000, 0x0000000100000000)
 Metaspace       used 34080K, capacity 35384K, committed 35584K, reserved 1081344K
  class space    used 4250K, capacity 4536K, committed 4608K, reserved 1048576K
2020-11-07T19:58:18.088+0800: 24.765: [GC (Allocation Failure) 2020-11-07T19:58:18.088+0800: 24.765: [ParNew: 8241K->76K(9216K), 0.0176598 secs] 34779K->26614K(51492K), 0.0177239 secs] [Times: user=0.02 sys=0.00, real=0.02 secs] 
Heap after GC invocations=327 (full 41):
 par new generation   total 9216K, used 76K [0x00000000e3400000, 0x00000000e3e00000, 0x00000000ecca0000)
  eden space 8192K,   0% used [0x00000000e3400000, 0x00000000e3400000, 0x00000000e3c00000)
  from space 1024K,   7% used [0x00000000e3d00000, 0x00000000e3d13020, 0x00000000e3e00000)
  to   space 1024K,   0% used [0x00000000e3c00000, 0x00000000e3c00000, 0x00000000e3d00000)
 concurrent mark-sweep generation total 42276K, used 26538K [0x00000000ecca0000, 0x00000000ef5e9000, 0x0000000100000000)
 Metaspace       used 34080K, capacity 35384K, committed 35584K, reserved 1081344K
  class space    used 4250K, capacity 4536K, committed 4608K, reserved 1048576K
}
2020-11-07T19:58:18.130+0800: 24.806: Application time: 0.0237668 seconds
{Heap before GC invocations=327 (full 41):
 par new generation   total 9216K, used 8268K [0x00000000e3400000, 0x00000000e3e00000, 0x00000000ecca0000)
  eden space 8192K, 100% used [0x00000000e3400000, 0x00000000e3c00000, 0x00000000e3c00000)
  from space 1024K,   7% used [0x00000000e3d00000, 0x00000000e3d13020, 0x00000000e3e00000)
  to   space 1024K,   0% used [0x00000000e3c00000, 0x00000000e3c00000, 0x00000000e3d00000)
 concurrent mark-sweep generation total 42276K, used 26538K [0x00000000ecca0000, 0x00000000ef5e9000, 0x0000000100000000)
 Metaspace       used 34080K, capacity 35384K, committed 35584K, reserved 1081344K
  class space    used 4250K, capacity 4536K, committed 4608K, reserved 1048576K
2020-11-07T19:58:18.130+0800: 24.806: [GC (Allocation Failure) 2020-11-07T19:58:18.130+0800: 24.806: [ParNew: 8268K->71K(9216K), 0.0142714 secs] 34806K->26609K(51492K), 0.0143244 secs] [Times: user=0.01 sys=0.00, real=0.01 secs] 
Heap after GC invocations=328 (full 41):
 par new generation   total 9216K, used 71K [0x00000000e3400000, 0x00000000e3e00000, 0x00000000ecca0000)
  eden space 8192K,   0% used [0x00000000e3400000, 0x00000000e3400000, 0x00000000e3c00000)
  from space 1024K,   7% used [0x00000000e3c00000, 0x00000000e3c11f40, 0x00000000e3d00000)
  to   space 1024K,   0% used [0x00000000e3d00000, 0x00000000e3d00000, 0x00000000e3e00000)
 concurrent mark-sweep generation total 42276K, used 26538K [0x00000000ecca0000, 0x00000000ef5e9000, 0x0000000100000000)
 Metaspace       used 34080K, capacity 35384K, committed 35584K, reserved 1081344K
  class space    used 4250K, capacity 4536K, committed 4608K, reserved 1048576K
}
2020-11-07T19:58:18.153+0800: 24.830: [CMS-concurrent-mark: 0.130/0.208 secs] [Times: user=0.19 sys=0.00, real=0.20 secs] 
2020-11-07T19:58:18.153+0800: 24.830: [CMS-concurrent-preclean-start]
2020-11-07T19:58:18.166+0800: 24.843: Application time: 0.0223299 seconds
{Heap before GC invocations=328 (full 41):
 par new generation   total 9216K, used 8263K [0x00000000e3400000, 0x00000000e3e00000, 0x00000000ecca0000)
  eden space 8192K, 100% used [0x00000000e3400000, 0x00000000e3c00000, 0x00000000e3c00000)
  from space 1024K,   7% used [0x00000000e3c00000, 0x00000000e3c11f40, 0x00000000e3d00000)
  to   space 1024K,   0% used [0x00000000e3d00000, 0x00000000e3d00000, 0x00000000e3e00000)
 concurrent mark-sweep generation total 42276K, used 26538K [0x00000000ecca0000, 0x00000000ef5e9000, 0x0000000100000000)
 Metaspace       used 34084K, capacity 35384K, committed 35584K, reserved 1081344K
  class space    used 4250K, capacity 4536K, committed 4608K, reserved 1048576K
2020-11-07T19:58:18.167+0800: 24.843: [GC (Allocation Failure) 2020-11-07T19:58:18.167+0800: 24.843: [ParNew: 8263K->114K(9216K), 0.0090684 secs] 34801K->26652K(51492K), 0.0091382 secs] [Times: user=0.01 sys=0.00, real=0.01 secs] 
Heap after GC invocations=329 (full 41):
 par new generation   total 9216K, used 114K [0x00000000e3400000, 0x00000000e3e00000, 0x00000000ecca0000)
  eden space 8192K,   0% used [0x00000000e3400000, 0x00000000e3400000, 0x00000000e3c00000)
  from space 1024K,  11% used [0x00000000e3d00000, 0x00000000e3d1c818, 0x00000000e3e00000)
  to   space 1024K,   0% used [0x00000000e3c00000, 0x00000000e3c00000, 0x00000000e3d00000)
 concurrent mark-sweep generation total 42276K, used 26538K [0x00000000ecca0000, 0x00000000ef5e9000, 0x0000000100000000)
 Metaspace       used 34084K, capacity 35384K, committed 35584K, reserved 1081344K
  class space    used 4250K, capacity 4536K, committed 4608K, reserved 1048576K
}
2020-11-07T19:58:18.176+0800: 24.853: [CMS-concurrent-preclean: 0.013/0.023 secs] [Times: user=0.02 sys=0.00, real=0.03 secs] 
2020-11-07T19:58:18.181+0800: 24.858: Application time: 0.0051688 seconds
2020-11-07T19:58:18.192+0800: 24.869: [GC (CMS Final Remark) [YG occupancy: 2736 K (9216 K)]2020-11-07T19:58:18.192+0800: 24.869: [Rescan (parallel) , 0.0037847 secs]2020-11-07T19:58:18.196+0800: 24.873: [weak refs processing, 0.0008791 secs]2020-11-07T19:58:18.197+0800: 24.873: [class unloading, 0.0121362 secs]2020-11-07T19:58:18.209+0800: 24.886: [scrub symbol table, 0.0286353 secs]2020-11-07T19:58:18.238+0800: 24.914: [scrub string table, 0.0007675 secs][1 CMS-remark: 26538K(42276K)] 29274K(51492K), 0.0503101 secs] [Times: user=0.04 sys=0.00, real=0.05 secs] 
2020-11-07T19:58:18.248+0800: 24.925: [CMS-concurrent-sweep-start]
2020-11-07T19:58:18.277+0800: 24.954: Application time: 0.0344493 seconds
{Heap before GC invocations=329 (full 41):
 par new generation   total 9216K, used 8306K [0x00000000e3400000, 0x00000000e3e00000, 0x00000000ecca0000)
  eden space 8192K, 100% used [0x00000000e3400000, 0x00000000e3c00000, 0x00000000e3c00000)
  from space 1024K,  11% used [0x00000000e3d00000, 0x00000000e3d1c818, 0x00000000e3e00000)
  to   space 1024K,   0% used [0x00000000e3c00000, 0x00000000e3c00000, 0x00000000e3d00000)
 concurrent mark-sweep generation total 42276K, used 26444K [0x00000000ecca0000, 0x00000000ef5e9000, 0x0000000100000000)
 Metaspace       used 34084K, capacity 35384K, committed 35584K, reserved 1081344K
  class space    used 4250K, capacity 4536K, committed 4608K, reserved 1048576K
2020-11-07T19:58:18.277+0800: 24.954: [GC (Allocation Failure) 2020-11-07T19:58:18.277+0800: 24.954: [ParNew: 8306K->117K(9216K), 0.0150786 secs] 34750K->26561K(51492K), 0.0151583 secs] [Times: user=0.01 sys=0.00, real=0.01 secs] 
Heap after GC invocations=330 (full 41):
 par new generation   total 9216K, used 117K [0x00000000e3400000, 0x00000000e3e00000, 0x00000000ecca0000)
  eden space 8192K,   0% used [0x00000000e3400000, 0x00000000e3400000, 0x00000000e3c00000)
  from space 1024K,  11% used [0x00000000e3c00000, 0x00000000e3c1d538, 0x00000000e3d00000)
  to   space 1024K,   0% used [0x00000000e3d00000, 0x00000000e3d00000, 0x00000000e3e00000)
 concurrent mark-sweep generation total 42276K, used 26444K [0x00000000ecca0000, 0x00000000ef5e9000, 0x0000000100000000)
 Metaspace       used 34084K, capacity 35384K, committed 35584K, reserved 1081344K
  class space    used 4250K, capacity 4536K, committed 4608K, reserved 1048576K
}
2020-11-07T19:58:18.294+0800: 24.971: [CMS-concurrent-sweep: 0.031/0.046 secs] [Times: user=0.04 sys=0.00, real=0.04 secs] 
2020-11-07T19:58:18.299+0800: 24.975: [CMS-concurrent-reset-start]
2020-11-07T19:58:18.300+0800: 24.976: [CMS-concurrent-reset: 0.001/0.001 secs] [Times: user=0.00 sys=0.00, real=0.00 secs] 
2020-11-07T19:58:18.333+0800: 25.010: Application time: 0.0406162 seconds
{Heap before GC invocations=330 (full 41):
 par new generation   total 9216K, used 8309K [0x00000000e3400000, 0x00000000e3e00000, 0x00000000ecca0000)
  eden space 8192K, 100% used [0x00000000e3400000, 0x00000000e3c00000, 0x00000000e3c00000)
  from space 1024K,  11% used [0x00000000e3c00000, 0x00000000e3c1d538, 0x00000000e3d00000)
  to   space 1024K,   0% used [0x00000000e3d00000, 0x00000000e3d00000, 0x00000000e3e00000)
 concurrent mark-sweep generation total 43912K, used 26344K [0x00000000ecca0000, 0x00000000ef782000, 0x0000000100000000)
 Metaspace       used 34133K, capacity 35392K, committed 35584K, reserved 1081344K
  class space    used 4260K, capacity 4564K, committed 4608K, reserved 1048576K
2020-11-07T19:58:18.333+0800: 25.010: [GC (Allocation Failure) 2020-11-07T19:58:18.333+0800: 25.010: [ParNew: 8309K->268K(9216K), 0.0271277 secs] 34654K->26613K(53128K), 0.0271945 secs] [Times: user=0.03 sys=0.00, real=0.03 secs] 
Heap after GC invocations=331 (full 41):
 par new generation   total 9216K, used 268K [0x00000000e3400000, 0x00000000e3e00000, 0x00000000ecca0000)
  eden space 8192K,   0% used [0x00000000e3400000, 0x00000000e3400000, 0x00000000e3c00000)
  from space 1024K,  26% used [0x00000000e3d00000, 0x00000000e3d43228, 0x00000000e3e00000)
  to   space 1024K,   0% used [0x00000000e3c00000, 0x00000000e3c00000, 0x00000000e3d00000)
 concurrent mark-sweep generation total 43912K, used 26344K [0x00000000ecca0000, 0x00000000ef782000, 0x0000000100000000)
 Metaspace       used 34133K, capacity 35392K, committed 35584K, reserved 1081344K
  class space    used 4260K, capacity 4564K, committed 4608K, reserved 1048576K
}
2020-11-07T19:58:18.378+0800: 25.054: Application time: 0.0175311 seconds
{Heap before GC invocations=331 (full 41):
 par new generation   total 9216K, used 8460K [0x00000000e3400000, 0x00000000e3e00000, 0x00000000ecca0000)
  eden space 8192K, 100% used [0x00000000e3400000, 0x00000000e3c00000, 0x00000000e3c00000)
  from space 1024K,  26% used [0x00000000e3d00000, 0x00000000e3d43228, 0x00000000e3e00000)
  to   space 1024K,   0% used [0x00000000e3c00000, 0x00000000e3c00000, 0x00000000e3d00000)
 concurrent mark-sweep generation total 43912K, used 26344K [0x00000000ecca0000, 0x00000000ef782000, 0x0000000100000000)
 Metaspace       used 34134K, capacity 35392K, committed 35584K, reserved 1081344K
  class space    used 4260K, capacity 4564K, committed 4608K, reserved 1048576K
2020-11-07T19:58:18.378+0800: 25.055: [GC (Allocation Failure) 2020-11-07T19:58:18.378+0800: 25.055: [ParNew: 8460K->277K(9216K), 0.0309058 secs] 34805K->26622K(53128K), 0.0309633 secs] [Times: user=0.03 sys=0.00, real=0.03 secs] 
Heap after GC invocations=332 (full 41):
 par new generation   total 9216K, used 277K [0x00000000e3400000, 0x00000000e3e00000, 0x00000000ecca0000)
  eden space 8192K,   0% used [0x00000000e3400000, 0x00000000e3400000, 0x00000000e3c00000)
  from space 1024K,  27% used [0x00000000e3c00000, 0x00000000e3c457b0, 0x00000000e3d00000)
  to   space 1024K,   0% used [0x00000000e3d00000, 0x00000000e3d00000, 0x00000000e3e00000)
 concurrent mark-sweep generation total 43912K, used 26344K [0x00000000ecca0000, 0x00000000ef782000, 0x0000000100000000)
 Metaspace       used 34134K, capacity 35392K, committed 35584K, reserved 1081344K
  class space    used 4260K, capacity 4564K, committed 4608K, reserved 1048576K
}
2020-11-07T19:58:18.430+0800: 25.106: Application time: 0.0206555 seconds
{Heap before GC invocations=332 (full 41):
 par new generation   total 9216K, used 8469K [0x00000000e3400000, 0x00000000e3e00000, 0x00000000ecca0000)
  eden space 8192K, 100% used [0x00000000e3400000, 0x00000000e3c00000, 0x00000000e3c00000)
  from space 1024K,  27% used [0x00000000e3c00000, 0x00000000e3c457b0, 0x00000000e3d00000)
  to   space 1024K,   0% used [0x00000000e3d00000, 0x00000000e3d00000, 0x00000000e3e00000)
 concurrent mark-sweep generation total 43912K, used 26344K [0x00000000ecca0000, 0x00000000ef782000, 0x0000000100000000)
 Metaspace       used 34144K, capacity 35392K, committed 35584K, reserved 1081344K
  class space    used 4260K, capacity 4564K, committed 4608K, reserved 1048576K
2020-11-07T19:58:18.430+0800: 25.106: [GC (Allocation Failure) 2020-11-07T19:58:18.430+0800: 25.106: [ParNew: 8469K->313K(9216K), 0.0732484 secs] 34814K->26658K(53128K), 0.0732987 secs] [Times: user=0.07 sys=0.00, real=0.07 secs] 
Heap after GC invocations=333 (full 41):
 par new generation   total 9216K, used 313K [0x00000000e3400000, 0x00000000e3e00000, 0x00000000ecca0000)
  eden space 8192K,   0% used [0x00000000e3400000, 0x00000000e3400000, 0x00000000e3c00000)
  from space 1024K,  30% used [0x00000000e3d00000, 0x00000000e3d4e7e0, 0x00000000e3e00000)
  to   space 1024K,   0% used [0x00000000e3c00000, 0x00000000e3c00000, 0x00000000e3d00000)
 concurrent mark-sweep generation total 43912K, used 26344K [0x00000000ecca0000, 0x00000000ef782000, 0x0000000100000000)
 Metaspace       used 34144K, capacity 35392K, committed 35584K, reserved 1081344K
  class space    used 4260K, capacity 4564K, committed 4608K, reserved 1048576K
}
2020-11-07T19:58:18.522+0800: 25.199: Application time: 0.0189693 seconds
{Heap before GC invocations=333 (full 41):
 par new generation   total 9216K, used 8505K [0x00000000e3400000, 0x00000000e3e00000, 0x00000000ecca0000)
  eden space 8192K, 100% used [0x00000000e3400000, 0x00000000e3c00000, 0x00000000e3c00000)
  from space 1024K,  30% used [0x00000000e3d00000, 0x00000000e3d4e7e0, 0x00000000e3e00000)
  to   space 1024K,   0% used [0x00000000e3c00000, 0x00000000e3c00000, 0x00000000e3d00000)
 concurrent mark-sweep generation total 43912K, used 26344K [0x00000000ecca0000, 0x00000000ef782000, 0x0000000100000000)
 Metaspace       used 34212K, capacity 35456K, committed 35584K, reserved 1081344K
  class space    used 4272K, capacity 4564K, committed 4608K, reserved 1048576K
2020-11-07T19:58:18.522+0800: 25.199: [GC (Allocation Failure) 2020-11-07T19:58:18.522+0800: 25.199: [ParNew: 8505K->334K(9216K), 0.0095580 secs] 34850K->26688K(53128K), 0.0096105 secs] [Times: user=0.01 sys=0.00, real=0.01 secs] 
Heap after GC invocations=334 (full 41):
 par new generation   total 9216K, used 334K [0x00000000e3400000, 0x00000000e3e00000, 0x00000000ecca0000)
  eden space 8192K,   0% used [0x00000000e3400000, 0x00000000e3400000, 0x00000000e3c00000)
  from space 1024K,  32% used [0x00000000e3c00000, 0x00000000e3c53a58, 0x00000000e3d00000)
  to   space 1024K,   0% used [0x00000000e3d00000, 0x00000000e3d00000, 0x00000000e3e00000)
 concurrent mark-sweep generation total 43912K, used 26354K [0x00000000ecca0000, 0x00000000ef782000, 0x0000000100000000)
 Metaspace       used 34212K, capacity 35456K, committed 35584K, reserved 1081344K
  class space    used 4272K, capacity 4564K, committed 4608K, reserved 1048576K
}
2020-11-07T19:58:18.538+0800: 25.214: Application time: 0.0056866 seconds
2020-11-07T19:58:18.538+0800: 25.214: [GC (CMS Initial Mark) [1 CMS-initial-mark: 26354K(43912K)] 27673K(53128K), 0.0029388 secs] [Times: user=0.01 sys=0.00, real=0.00 secs] 
2020-11-07T19:58:18.541+0800: 25.217: [CMS-concurrent-mark-start]
2020-11-07T19:58:18.608+0800: 25.285: Application time: 0.0676580 seconds
{Heap before GC invocations=334 (full 42):
 par new generation   total 9216K, used 8526K [0x00000000e3400000, 0x00000000e3e00000, 0x00000000ecca0000)
  eden space 8192K, 100% used [0x00000000e3400000, 0x00000000e3c00000, 0x00000000e3c00000)
  from space 1024K,  32% used [0x00000000e3c00000, 0x00000000e3c53a58, 0x00000000e3d00000)
  to   space 1024K,   0% used [0x00000000e3d00000, 0x00000000e3d00000, 0x00000000e3e00000)
 concurrent mark-sweep generation total 43912K, used 26354K [0x00000000ecca0000, 0x00000000ef782000, 0x0000000100000000)
 Metaspace       used 34295K, capacity 35548K, committed 35840K, reserved 1081344K
  class space    used 4288K, capacity 4574K, committed 4608K, reserved 1048576K
2020-11-07T19:58:18.608+0800: 25.285: [GC (Allocation Failure) 2020-11-07T19:58:18.609+0800: 25.285: [ParNew: 8526K->439K(9216K), 0.0186099 secs] 34880K->26808K(53128K), 0.0186809 secs] [Times: user=0.02 sys=0.00, real=0.02 secs] 
Heap after GC invocations=335 (full 42):
 par new generation   total 9216K, used 439K [0x00000000e3400000, 0x00000000e3e00000, 0x00000000ecca0000)
  eden space 8192K,   0% used [0x00000000e3400000, 0x00000000e3400000, 0x00000000e3c00000)
  from space 1024K,  42% used [0x00000000e3d00000, 0x00000000e3d6dc08, 0x00000000e3e00000)
  to   space 1024K,   0% used [0x00000000e3c00000, 0x00000000e3c00000, 0x00000000e3d00000)
 concurrent mark-sweep generation total 43912K, used 26369K [0x00000000ecca0000, 0x00000000ef782000, 0x0000000100000000)
 Metaspace       used 34295K, capacity 35548K, committed 35840K, reserved 1081344K
  class space    used 4288K, capacity 4574K, committed 4608K, reserved 1048576K
}
2020-11-07T19:58:18.652+0800: 25.329: Application time: 0.0246621 seconds
{Heap before GC invocations=335 (full 42):
 par new generation   total 9216K, used 8631K [0x00000000e3400000, 0x00000000e3e00000, 0x00000000ecca0000)
  eden space 8192K, 100% used [0x00000000e3400000, 0x00000000e3c00000, 0x00000000e3c00000)
  from space 1024K,  42% used [0x00000000e3d00000, 0x00000000e3d6dc08, 0x00000000e3e00000)
  to   space 1024K,   0% used [0x00000000e3c00000, 0x00000000e3c00000, 0x00000000e3d00000)
 concurrent mark-sweep generation total 43912K, used 26369K [0x00000000ecca0000, 0x00000000ef782000, 0x0000000100000000)
 Metaspace       used 34295K, capacity 35548K, committed 35840K, reserved 1081344K
  class space    used 4288K, capacity 4574K, committed 4608K, reserved 1048576K
2020-11-07T19:58:18.652+0800: 25.329: [GC (Allocation Failure) 2020-11-07T19:58:18.652+0800: 25.329: [ParNew: 8631K->387K(9216K), 0.0247139 secs] 35000K->26791K(53128K), 0.0247667 secs] [Times: user=0.03 sys=0.00, real=0.03 secs] 
Heap after GC invocations=336 (full 42):
 par new generation   total 9216K, used 387K [0x00000000e3400000, 0x00000000e3e00000, 0x00000000ecca0000)
  eden space 8192K,   0% used [0x00000000e3400000, 0x00000000e3400000, 0x00000000e3c00000)
  from space 1024K,  37% used [0x00000000e3c00000, 0x00000000e3c60d10, 0x00000000e3d00000)
  to   space 1024K,   0% used [0x00000000e3d00000, 0x00000000e3d00000, 0x00000000e3e00000)
 concurrent mark-sweep generation total 43912K, used 26403K [0x00000000ecca0000, 0x00000000ef782000, 0x0000000100000000)
 Metaspace       used 34295K, capacity 35548K, committed 35840K, reserved 1081344K
  class space    used 4288K, capacity 4574K, committed 4608K, reserved 1048576K
}
2020-11-07T19:58:18.687+0800: 25.363: [CMS-concurrent-mark: 0.089/0.146 secs] [Times: user=0.14 sys=0.00, real=0.15 secs] 
2020-11-07T19:58:18.687+0800: 25.363: [CMS-concurrent-preclean-start]
2020-11-07T19:58:18.689+0800: 25.366: [CMS-concurrent-preclean: 0.002/0.002 secs] [Times: user=0.00 sys=0.00, real=0.00 secs] 
2020-11-07T19:58:18.689+0800: 25.366: [CMS-concurrent-abortable-preclean-start]
2020-11-07T19:58:18.701+0800: 25.378: Application time: 0.0240137 seconds
{Heap before GC invocations=336 (full 42):
 par new generation   total 9216K, used 8579K [0x00000000e3400000, 0x00000000e3e00000, 0x00000000ecca0000)
  eden space 8192K, 100% used [0x00000000e3400000, 0x00000000e3c00000, 0x00000000e3c00000)
  from space 1024K,  37% used [0x00000000e3c00000, 0x00000000e3c60d10, 0x00000000e3d00000)
  to   space 1024K,   0% used [0x00000000e3d00000, 0x00000000e3d00000, 0x00000000e3e00000)
 concurrent mark-sweep generation total 43912K, used 26403K [0x00000000ecca0000, 0x00000000ef782000, 0x0000000100000000)
 Metaspace       used 34306K, capacity 35548K, committed 35840K, reserved 1081344K
  class space    used 4290K, capacity 4574K, committed 4608K, reserved 1048576K
2020-11-07T19:58:18.701+0800: 25.378: [GC (Allocation Failure) 2020-11-07T19:58:18.701+0800: 25.378: [ParNew: 8579K->263K(9216K), 0.0137713 secs] 34983K->26667K(53128K), 0.0138504 secs] [Times: user=0.01 sys=0.00, real=0.02 secs] 
Heap after GC invocations=337 (full 42):
 par new generation   total 9216K, used 263K [0x00000000e3400000, 0x00000000e3e00000, 0x00000000ecca0000)
  eden space 8192K,   0% used [0x00000000e3400000, 0x00000000e3400000, 0x00000000e3c00000)
  from space 1024K,  25% used [0x00000000e3d00000, 0x00000000e3d41fe0, 0x00000000e3e00000)
  to   space 1024K,   0% used [0x00000000e3c00000, 0x00000000e3c00000, 0x00000000e3d00000)
 concurrent mark-sweep generation total 43912K, used 26403K [0x00000000ecca0000, 0x00000000ef782000, 0x0000000100000000)
 Metaspace       used 34306K, capacity 35548K, committed 35840K, reserved 1081344K
  class space    used 4290K, capacity 4574K, committed 4608K, reserved 1048576K
}
2020-11-07T19:58:18.760+0800: 25.436: Application time: 0.0447650 seconds
{Heap before GC invocations=337 (full 42):
 par new generation   total 9216K, used 8455K [0x00000000e3400000, 0x00000000e3e00000, 0x00000000ecca0000)
  eden space 8192K, 100% used [0x00000000e3400000, 0x00000000e3c00000, 0x00000000e3c00000)
  from space 1024K,  25% used [0x00000000e3d00000, 0x00000000e3d41fe0, 0x00000000e3e00000)
  to   space 1024K,   0% used [0x00000000e3c00000, 0x00000000e3c00000, 0x00000000e3d00000)
 concurrent mark-sweep generation total 43912K, used 26403K [0x00000000ecca0000, 0x00000000ef782000, 0x0000000100000000)
 Metaspace       used 34326K, capacity 35612K, committed 35840K, reserved 1081344K
  class space    used 4294K, capacity 4574K, committed 4608K, reserved 1048576K
2020-11-07T19:58:18.760+0800: 25.437: [GC (Allocation Failure) 2020-11-07T19:58:18.760+0800: 25.437: [ParNew: 8455K->384K(9216K), 0.0363576 secs] 34859K->26823K(53128K), 0.0364086 secs] [Times: user=0.03 sys=0.00, real=0.04 secs] 
Heap after GC invocations=338 (full 42):
 par new generation   total 9216K, used 384K [0x00000000e3400000, 0x00000000e3e00000, 0x00000000ecca0000)
  eden space 8192K,   0% used [0x00000000e3400000, 0x00000000e3400000, 0x00000000e3c00000)
  from space 1024K,  37% used [0x00000000e3c00000, 0x00000000e3c60140, 0x00000000e3d00000)
  to   space 1024K,   0% used [0x00000000e3d00000, 0x00000000e3d00000, 0x00000000e3e00000)
 concurrent mark-sweep generation total 43912K, used 26439K [0x00000000ecca0000, 0x00000000ef782000, 0x0000000100000000)
 Metaspace       used 34326K, capacity 35612K, committed 35840K, reserved 1081344K
  class space    used 4294K, capacity 4574K, committed 4608K, reserved 1048576K
}
2020-11-07T19:58:18.823+0800: 25.499: Application time: 0.0262856 seconds
{Heap before GC invocations=338 (full 42):
 par new generation   total 9216K, used 8576K [0x00000000e3400000, 0x00000000e3e00000, 0x00000000ecca0000)
  eden space 8192K, 100% used [0x00000000e3400000, 0x00000000e3c00000, 0x00000000e3c00000)
  from space 1024K,  37% used [0x00000000e3c00000, 0x00000000e3c60140, 0x00000000e3d00000)
  to   space 1024K,   0% used [0x00000000e3d00000, 0x00000000e3d00000, 0x00000000e3e00000)
 concurrent mark-sweep generation total 43912K, used 26439K [0x00000000ecca0000, 0x00000000ef782000, 0x0000000100000000)
 Metaspace       used 34331K, capacity 35612K, committed 35840K, reserved 1081344K
  class space    used 4294K, capacity 4574K, committed 4608K, reserved 1048576K
2020-11-07T19:58:18.823+0800: 25.499: [GC (Allocation Failure) 2020-11-07T19:58:18.823+0800: 25.499: [ParNew: 8576K->310K(9216K), 0.0140142 secs] 35015K->26764K(53128K), 0.0140795 secs] [Times: user=0.01 sys=0.00, real=0.02 secs] 
Heap after GC invocations=339 (full 42):
 par new generation   total 9216K, used 310K [0x00000000e3400000, 0x00000000e3e00000, 0x00000000ecca0000)
  eden space 8192K,   0% used [0x00000000e3400000, 0x00000000e3400000, 0x00000000e3c00000)
  from space 1024K,  30% used [0x00000000e3d00000, 0x00000000e3d4d990, 0x00000000e3e00000)
  to   space 1024K,   0% used [0x00000000e3c00000, 0x00000000e3c00000, 0x00000000e3d00000)
 concurrent mark-sweep generation total 43912K, used 26454K [0x00000000ecca0000, 0x00000000ef782000, 0x0000000100000000)
 Metaspace       used 34331K, capacity 35612K, committed 35840K, reserved 1081344K
  class space    used 4294K, capacity 4574K, committed 4608K, reserved 1048576K
}
2020-11-07T19:58:18.856+0800: 25.533: Application time: 0.0190090 seconds
{Heap before GC invocations=339 (full 42):
 par new generation   total 9216K, used 8502K [0x00000000e3400000, 0x00000000e3e00000, 0x00000000ecca0000)
  eden space 8192K, 100% used [0x00000000e3400000, 0x00000000e3c00000, 0x00000000e3c00000)
  from space 1024K,  30% used [0x00000000e3d00000, 0x00000000e3d4d990, 0x00000000e3e00000)
  to   space 1024K,   0% used [0x00000000e3c00000, 0x00000000e3c00000, 0x00000000e3d00000)
 concurrent mark-sweep generation total 43912K, used 26454K [0x00000000ecca0000, 0x00000000ef782000, 0x0000000100000000)
 Metaspace       used 34331K, capacity 35612K, committed 35840K, reserved 1081344K
  class space    used 4294K, capacity 4574K, committed 4608K, reserved 1048576K
2020-11-07T19:58:18.856+0800: 25.533: [GC (Allocation Failure) 2020-11-07T19:58:18.856+0800: 25.533: [ParNew: 8502K->275K(9216K), 0.0191827 secs] 34956K->26767K(53128K), 0.0192320 secs] [Times: user=0.02 sys=0.00, real=0.02 secs] 
Heap after GC invocations=340 (full 42):
 par new generation   total 9216K, used 275K [0x00000000e3400000, 0x00000000e3e00000, 0x00000000ecca0000)
  eden space 8192K,   0% used [0x00000000e3400000, 0x00000000e3400000, 0x00000000e3c00000)
  from space 1024K,  26% used [0x00000000e3c00000, 0x00000000e3c44ea0, 0x00000000e3d00000)
  to   space 1024K,   0% used [0x00000000e3d00000, 0x00000000e3d00000, 0x00000000e3e00000)
 concurrent mark-sweep generation total 43912K, used 26491K [0x00000000ecca0000, 0x00000000ef782000, 0x0000000100000000)
 Metaspace       used 34331K, capacity 35612K, committed 35840K, reserved 1081344K
  class space    used 4294K, capacity 4574K, committed 4608K, reserved 1048576K
}
2020-11-07T19:58:18.894+0800: 25.571: Application time: 0.0187160 seconds
{Heap before GC invocations=340 (full 42):
 par new generation   total 9216K, used 8467K [0x00000000e3400000, 0x00000000e3e00000, 0x00000000ecca0000)
  eden space 8192K, 100% used [0x00000000e3400000, 0x00000000e3c00000, 0x00000000e3c00000)
  from space 1024K,  26% used [0x00000000e3c00000, 0x00000000e3c44ea0, 0x00000000e3d00000)
  to   space 1024K,   0% used [0x00000000e3d00000, 0x00000000e3d00000, 0x00000000e3e00000)
 concurrent mark-sweep generation total 43912K, used 26491K [0x00000000ecca0000, 0x00000000ef782000, 0x0000000100000000)
 Metaspace       used 34331K, capacity 35612K, committed 35840K, reserved 1081344K
  class space    used 4294K, capacity 4574K, committed 4608K, reserved 1048576K
2020-11-07T19:58:18.894+0800: 25.571: [GC (Allocation Failure) 2020-11-07T19:58:18.894+0800: 25.571: [ParNew: 8467K->287K(9216K), 0.0270344 secs] 34959K->26821K(53128K), 0.0270871 secs] [Times: user=0.03 sys=0.00, real=0.03 secs] 
Heap after GC invocations=341 (full 42):
 par new generation   total 9216K, used 287K [0x00000000e3400000, 0x00000000e3e00000, 0x00000000ecca0000)
  eden space 8192K,   0% used [0x00000000e3400000, 0x00000000e3400000, 0x00000000e3c00000)
  from space 1024K,  28% used [0x00000000e3d00000, 0x00000000e3d47dd8, 0x00000000e3e00000)
  to   space 1024K,   0% used [0x00000000e3c00000, 0x00000000e3c00000, 0x00000000e3d00000)
 concurrent mark-sweep generation total 43912K, used 26533K [0x00000000ecca0000, 0x00000000ef782000, 0x0000000100000000)
 Metaspace       used 34331K, capacity 35612K, committed 35840K, reserved 1081344K
  class space    used 4294K, capacity 4574K, committed 4608K, reserved 1048576K
}
2020-11-07T19:58:18.942+0800: 25.619: Application time: 0.0210688 seconds
{Heap before GC invocations=341 (full 42):
 par new generation   total 9216K, used 8479K [0x00000000e3400000, 0x00000000e3e00000, 0x00000000ecca0000)
  eden space 8192K, 100% used [0x00000000e3400000, 0x00000000e3c00000, 0x00000000e3c00000)
  from space 1024K,  28% used [0x00000000e3d00000, 0x00000000e3d47dd8, 0x00000000e3e00000)
  to   space 1024K,   0% used [0x00000000e3c00000, 0x00000000e3c00000, 0x00000000e3d00000)
 concurrent mark-sweep generation total 43912K, used 26533K [0x00000000ecca0000, 0x00000000ef782000, 0x0000000100000000)
 Metaspace       used 34340K, capacity 35612K, committed 35840K, reserved 1081344K
  class space    used 4295K, capacity 4574K, committed 4608K, reserved 1048576K
2020-11-07T19:58:18.942+0800: 25.619: [GC (Allocation Failure) 2020-11-07T19:58:18.943+0800: 25.619: [ParNew: 8479K->248K(9216K), 0.0285903 secs] 35013K->26793K(53128K), 0.0286428 secs] [Times: user=0.03 sys=0.00, real=0.03 secs] 
Heap after GC invocations=342 (full 42):
 par new generation   total 9216K, used 248K [0x00000000e3400000, 0x00000000e3e00000, 0x00000000ecca0000)
  eden space 8192K,   0% used [0x00000000e3400000, 0x00000000e3400000, 0x00000000e3c00000)
  from space 1024K,  24% used [0x00000000e3c00000, 0x00000000e3c3e058, 0x00000000e3d00000)
  to   space 1024K,   0% used [0x00000000e3d00000, 0x00000000e3d00000, 0x00000000e3e00000)
 concurrent mark-sweep generation total 43912K, used 26544K [0x00000000ecca0000, 0x00000000ef782000, 0x0000000100000000)
 Metaspace       used 34340K, capacity 35612K, committed 35840K, reserved 1081344K
  class space    used 4295K, capacity 4574K, committed 4608K, reserved 1048576K
}
2020-11-07T19:58:19.053+0800: 25.730: Application time: 0.0816051 seconds
{Heap before GC invocations=342 (full 42):
 par new generation   total 9216K, used 8440K [0x00000000e3400000, 0x00000000e3e00000, 0x00000000ecca0000)
  eden space 8192K, 100% used [0x00000000e3400000, 0x00000000e3c00000, 0x00000000e3c00000)
  from space 1024K,  24% used [0x00000000e3c00000, 0x00000000e3c3e058, 0x00000000e3d00000)
  to   space 1024K,   0% used [0x00000000e3d00000, 0x00000000e3d00000, 0x00000000e3e00000)
 concurrent mark-sweep generation total 43912K, used 26544K [0x00000000ecca0000, 0x00000000ef782000, 0x0000000100000000)
 Metaspace       used 34468K, capacity 35780K, committed 35840K, reserved 1081344K
  class space    used 4311K, capacity 4608K, committed 4608K, reserved 1048576K
2020-11-07T19:58:19.053+0800: 25.730: [GC (Allocation Failure) 2020-11-07T19:58:19.053+0800: 25.730: [ParNew: 8440K->364K(9216K), 0.0175500 secs] 34985K->26925K(53128K), 0.0176005 secs] [Times: user=0.01 sys=0.00, real=0.02 secs] 
Heap after GC invocations=343 (full 42):
 par new generation   total 9216K, used 364K [0x00000000e3400000, 0x00000000e3e00000, 0x00000000ecca0000)
  eden space 8192K,   0% used [0x00000000e3400000, 0x00000000e3400000, 0x00000000e3c00000)
  from space 1024K,  35% used [0x00000000e3d00000, 0x00000000e3d5b3a8, 0x00000000e3e00000)
  to   space 1024K,   0% used [0x00000000e3c00000, 0x00000000e3c00000, 0x00000000e3d00000)
 concurrent mark-sweep generation total 43912K, used 26560K [0x00000000ecca0000, 0x00000000ef782000, 0x0000000100000000)
 Metaspace       used 34468K, capacity 35780K, committed 35840K, reserved 1081344K
  class space    used 4311K, capacity 4608K, committed 4608K, reserved 1048576K
}
2020-11-07T19:58:19.200+0800: 25.877: [CMS-concurrent-abortable-preclean: 0.075/0.511 secs] [Times: user=0.45 sys=0.01, real=0.51 secs] 
2020-11-07T19:58:19.204+0800: 25.881: Application time: 0.1333383 seconds
2020-11-07T19:58:19.205+0800: 25.881: [GC (CMS Final Remark) [YG occupancy: 6724 K (9216 K)]2020-11-07T19:58:19.205+0800: 25.881: [Rescan (parallel) , 0.0070986 secs]2020-11-07T19:58:19.212+0800: 25.888: [weak refs processing, 0.0001148 secs]2020-11-07T19:58:19.212+0800: 25.889: [class unloading, 0.0117328 secs]2020-11-07T19:58:19.224+0800: 25.900: [scrub symbol table, 0.0099199 secs]2020-11-07T19:58:19.234+0800: 25.910: [scrub string table, 0.0006946 secs][1 CMS-remark: 26560K(43912K)] 33285K(53128K), 0.0297706 secs] [Times: user=0.02 sys=0.00, real=0.02 secs] 
2020-11-07T19:58:19.249+0800: 25.925: [CMS-concurrent-sweep-start]
2020-11-07T19:58:19.274+0800: 25.951: Application time: 0.0396184 seconds
{Heap before GC invocations=343 (full 42):
 par new generation   total 9216K, used 8556K [0x00000000e3400000, 0x00000000e3e00000, 0x00000000ecca0000)
  eden space 8192K, 100% used [0x00000000e3400000, 0x00000000e3c00000, 0x00000000e3c00000)
  from space 1024K,  35% used [0x00000000e3d00000, 0x00000000e3d5b3a8, 0x00000000e3e00000)
  to   space 1024K,   0% used [0x00000000e3c00000, 0x00000000e3c00000, 0x00000000e3d00000)
 concurrent mark-sweep generation total 43912K, used 26539K [0x00000000ecca0000, 0x00000000ef782000, 0x0000000100000000)
 Metaspace       used 34758K, capacity 36128K, committed 36224K, reserved 1081344K
  class space    used 4349K, capacity 4650K, committed 4736K, reserved 1048576K
2020-11-07T19:58:19.274+0800: 25.951: [GC (Allocation Failure) 2020-11-07T19:58:19.274+0800: 25.951: [ParNew: 8556K->700K(9216K), 0.0297285 secs] 35096K->27296K(53128K), 0.0298015 secs] [Times: user=0.03 sys=0.00, real=0.03 secs] 
Heap after GC invocations=344 (full 42):
 par new generation   total 9216K, used 700K [0x00000000e3400000, 0x00000000e3e00000, 0x00000000ecca0000)
  eden space 8192K,   0% used [0x00000000e3400000, 0x00000000e3400000, 0x00000000e3c00000)
  from space 1024K,  68% used [0x00000000e3c00000, 0x00000000e3caf2b0, 0x00000000e3d00000)
  to   space 1024K,   0% used [0x00000000e3d00000, 0x00000000e3d00000, 0x00000000e3e00000)
 concurrent mark-sweep generation total 43912K, used 26596K [0x00000000ecca0000, 0x00000000ef782000, 0x0000000100000000)
 Metaspace       used 34758K, capacity 36128K, committed 36224K, reserved 1081344K
  class space    used 4349K, capacity 4650K, committed 4736K, reserved 1048576K
}
2020-11-07T19:58:19.306+0800: 25.982: [CMS-concurrent-sweep: 0.027/0.057 secs] [Times: user=0.05 sys=0.00, real=0.06 secs] 
2020-11-07T19:58:19.308+0800: 25.985: [CMS-concurrent-reset-start]
2020-11-07T19:58:19.309+0800: 25.986: [CMS-concurrent-reset: 0.001/0.001 secs] [Times: user=0.00 sys=0.00, real=0.00 secs] 
2020-11-07T19:58:19.370+0800: 26.046: Application time: 0.0655369 seconds
{Heap before GC invocations=344 (full 42):
 par new generation   total 9216K, used 8892K [0x00000000e3400000, 0x00000000e3e00000, 0x00000000ecca0000)
  eden space 8192K, 100% used [0x00000000e3400000, 0x00000000e3c00000, 0x00000000e3c00000)
  from space 1024K,  68% used [0x00000000e3c00000, 0x00000000e3caf2b0, 0x00000000e3d00000)
  to   space 1024K,   0% used [0x00000000e3d00000, 0x00000000e3d00000, 0x00000000e3e00000)
 concurrent mark-sweep generation total 44248K, used 26546K [0x00000000ecca0000, 0x00000000ef7d6000, 0x0000000100000000)
 Metaspace       used 34885K, capacity 36222K, committed 36480K, reserved 1081344K
  class space    used 4363K, capacity 4655K, committed 4736K, reserved 1048576K
2020-11-07T19:58:19.370+0800: 26.046: [GC (Allocation Failure) 2020-11-07T19:58:19.370+0800: 26.046: [ParNew: 8892K->558K(9216K), 0.0179813 secs] 35439K->27281K(53464K), 0.0180578 secs] [Times: user=0.02 sys=0.00, real=0.02 secs] 
Heap after GC invocations=345 (full 42):
 par new generation   total 9216K, used 558K [0x00000000e3400000, 0x00000000e3e00000, 0x00000000ecca0000)
  eden space 8192K,   0% used [0x00000000e3400000, 0x00000000e3400000, 0x00000000e3c00000)
  from space 1024K,  54% used [0x00000000e3d00000, 0x00000000e3d8ba30, 0x00000000e3e00000)
  to   space 1024K,   0% used [0x00000000e3c00000, 0x00000000e3c00000, 0x00000000e3d00000)
 concurrent mark-sweep generation total 44248K, used 26723K [0x00000000ecca0000, 0x00000000ef7d6000, 0x0000000100000000)
 Metaspace       used 34885K, capacity 36222K, committed 36480K, reserved 1081344K
  class space    used 4363K, capacity 4655K, committed 4736K, reserved 1048576K
}
2020-11-07T19:58:19.391+0800: 26.068: Application time: 0.0031861 seconds
2020-11-07T19:58:19.391+0800: 26.068: [GC (CMS Initial Mark) [1 CMS-initial-mark: 26723K(44248K)] 29086K(53464K), 0.0035804 secs] [Times: user=0.00 sys=0.00, real=0.01 secs] 
2020-11-07T19:58:19.395+0800: 26.072: [CMS-concurrent-mark-start]
2020-11-07T19:58:19.474+0800: 26.150: Application time: 0.0787526 seconds
{Heap before GC invocations=345 (full 43):
 par new generation   total 9216K, used 8750K [0x00000000e3400000, 0x00000000e3e00000, 0x00000000ecca0000)
  eden space 8192K, 100% used [0x00000000e3400000, 0x00000000e3c00000, 0x00000000e3c00000)
  from space 1024K,  54% used [0x00000000e3d00000, 0x00000000e3d8ba30, 0x00000000e3e00000)
  to   space 1024K,   0% used [0x00000000e3c00000, 0x00000000e3c00000, 0x00000000e3d00000)
 concurrent mark-sweep generation total 44248K, used 26723K [0x00000000ecca0000, 0x00000000ef7d6000, 0x0000000100000000)
 Metaspace       used 34894K, capacity 36222K, committed 36480K, reserved 1081344K
  class space    used 4365K, capacity 4655K, committed 4736K, reserved 1048576K
2020-11-07T19:58:19.474+0800: 26.150: [GC (Allocation Failure) 2020-11-07T19:58:19.474+0800: 26.150: [ParNew: 8750K->335K(9216K), 0.0217895 secs] 35473K->27298K(53464K), 0.0218611 secs] [Times: user=0.02 sys=0.00, real=0.03 secs] 
Heap after GC invocations=346 (full 43):
 par new generation   total 9216K, used 335K [0x00000000e3400000, 0x00000000e3e00000, 0x00000000ecca0000)
  eden space 8192K,   0% used [0x00000000e3400000, 0x00000000e3400000, 0x00000000e3c00000)
  from space 1024K,  32% used [0x00000000e3c00000, 0x00000000e3c53c40, 0x00000000e3d00000)
  to   space 1024K,   0% used [0x00000000e3d00000, 0x00000000e3d00000, 0x00000000e3e00000)
 concurrent mark-sweep generation total 44248K, used 26963K [0x00000000ecca0000, 0x00000000ef7d6000, 0x0000000100000000)
 Metaspace       used 34894K, capacity 36222K, committed 36480K, reserved 1081344K
  class space    used 4365K, capacity 4655K, committed 4736K, reserved 1048576K
}
2020-11-07T19:58:19.576+0800: 26.253: [CMS-concurrent-mark: 0.154/0.182 secs] [Times: user=0.17 sys=0.01, real=0.18 secs] 
2020-11-07T19:58:19.576+0800: 26.253: [CMS-concurrent-preclean-start]
2020-11-07T19:58:19.579+0800: 26.255: [CMS-concurrent-preclean: 0.002/0.002 secs] [Times: user=0.00 sys=0.00, real=0.00 secs] 
2020-11-07T19:58:19.579+0800: 26.255: [CMS-concurrent-abortable-preclean-start]
2020-11-07T19:58:19.620+0800: 26.297: Application time: 0.1246626 seconds
{Heap before GC invocations=346 (full 43):
 par new generation   total 9216K, used 8527K [0x00000000e3400000, 0x00000000e3e00000, 0x00000000ecca0000)
  eden space 8192K, 100% used [0x00000000e3400000, 0x00000000e3c00000, 0x00000000e3c00000)
  from space 1024K,  32% used [0x00000000e3c00000, 0x00000000e3c53c40, 0x00000000e3d00000)
  to   space 1024K,   0% used [0x00000000e3d00000, 0x00000000e3d00000, 0x00000000e3e00000)
 concurrent mark-sweep generation total 44248K, used 26963K [0x00000000ecca0000, 0x00000000ef7d6000, 0x0000000100000000)
 Metaspace       used 35418K, capacity 36734K, committed 36992K, reserved 1081344K
  class space    used 4420K, capacity 4719K, committed 4736K, reserved 1048576K
2020-11-07T19:58:19.620+0800: 26.297: [GC (Allocation Failure) 2020-11-07T19:58:19.620+0800: 26.297: [ParNew: 8527K->819K(9216K), 0.0232103 secs] 35490K->27782K(53464K), 0.0232816 secs] [Times: user=0.02 sys=0.00, real=0.02 secs] 
Heap after GC invocations=347 (full 43):
 par new generation   total 9216K, used 819K [0x00000000e3400000, 0x00000000e3e00000, 0x00000000ecca0000)
  eden space 8192K,   0% used [0x00000000e3400000, 0x00000000e3400000, 0x00000000e3c00000)
  from space 1024K,  80% used [0x00000000e3d00000, 0x00000000e3dcceb8, 0x00000000e3e00000)
  to   space 1024K,   0% used [0x00000000e3c00000, 0x00000000e3c00000, 0x00000000e3d00000)
 concurrent mark-sweep generation total 44248K, used 26963K [0x00000000ecca0000, 0x00000000ef7d6000, 0x0000000100000000)
 Metaspace       used 35418K, capacity 36734K, committed 36992K, reserved 1081344K
  class space    used 4420K, capacity 4719K, committed 4736K, reserved 1048576K
}
2020-11-07T19:58:19.725+0800: 26.402: Application time: 0.0811790 seconds
2020-11-07T19:58:19.732+0800: 26.409: Application time: 0.0062531 seconds
2020-11-07T19:58:19.733+0800: 26.409: [CMS-concurrent-abortable-preclean: 0.031/0.154 secs] [Times: user=0.15 sys=0.00, real=0.15 secs] 
2020-11-07T19:58:19.733+0800: 26.410: Application time: 0.0002443 seconds
2020-11-07T19:58:19.733+0800: 26.410: [GC (CMS Final Remark) [YG occupancy: 8728 K (9216 K)]2020-11-07T19:58:19.733+0800: 26.410: [Rescan (parallel) , 0.0320314 secs]2020-11-07T19:58:19.765+0800: 26.442: [weak refs processing, 0.0000909 secs]2020-11-07T19:58:19.765+0800: 26.442: [class unloading, 0.0115575 secs]2020-11-07T19:58:19.777+0800: 26.453: [scrub symbol table, 0.0220127 secs]2020-11-07T19:58:19.799+0800: 26.475: [scrub string table, 0.0007045 secs][1 CMS-remark: 26963K(44248K)] 35691K(53464K), 0.0665811 secs] [Times: user=0.05 sys=0.00, real=0.07 secs] 
2020-11-07T19:58:19.803+0800: 26.480: [CMS-concurrent-sweep-start]
2020-11-07T19:58:19.807+0800: 26.483: Application time: 0.0070221 seconds
{Heap before GC invocations=347 (full 43):
 par new generation   total 9216K, used 9011K [0x00000000e3400000, 0x00000000e3e00000, 0x00000000ecca0000)
  eden space 8192K, 100% used [0x00000000e3400000, 0x00000000e3c00000, 0x00000000e3c00000)
  from space 1024K,  80% used [0x00000000e3d00000, 0x00000000e3dcceb8, 0x00000000e3e00000)
  to   space 1024K,   0% used [0x00000000e3c00000, 0x00000000e3c00000, 0x00000000e3d00000)
 concurrent mark-sweep generation total 44248K, used 26951K [0x00000000ecca0000, 0x00000000ef7d6000, 0x0000000100000000)
 Metaspace       used 35905K, capacity 37246K, committed 37376K, reserved 1081344K
  class space    used 4472K, capacity 4783K, committed 4864K, reserved 1048576K
2020-11-07T19:58:19.807+0800: 26.483: [GC (Allocation Failure) 2020-11-07T19:58:19.807+0800: 26.483: [ParNew: 9011K->637K(9216K), 0.0212850 secs] 35963K->27793K(53464K), 0.0213535 secs] [Times: user=0.02 sys=0.00, real=0.02 secs] 
Heap after GC invocations=348 (full 43):
 par new generation   total 9216K, used 637K [0x00000000e3400000, 0x00000000e3e00000, 0x00000000ecca0000)
  eden space 8192K,   0% used [0x00000000e3400000, 0x00000000e3400000, 0x00000000e3c00000)
  from space 1024K,  62% used [0x00000000e3c00000, 0x00000000e3c9f408, 0x00000000e3d00000)
  to   space 1024K,   0% used [0x00000000e3d00000, 0x00000000e3d00000, 0x00000000e3e00000)
 concurrent mark-sweep generation total 44248K, used 27156K [0x00000000ecca0000, 0x00000000ef7d6000, 0x0000000100000000)
 Metaspace       used 35905K, capacity 37246K, committed 37376K, reserved 1081344K
  class space    used 4472K, capacity 4783K, committed 4864K, reserved 1048576K
}
2020-11-07T19:58:19.846+0800: 26.523: [CMS-concurrent-sweep: 0.018/0.043 secs] [Times: user=0.04 sys=0.00, real=0.05 secs] 
2020-11-07T19:58:19.846+0800: 26.523: [CMS-concurrent-reset-start]
2020-11-07T19:58:19.847+0800: 26.524: [CMS-concurrent-reset: 0.001/0.001 secs] [Times: user=0.00 sys=0.00, real=0.00 secs] 
2020-11-07T19:58:19.924+0800: 26.601: Application time: 0.0957409 seconds
{Heap before GC invocations=348 (full 43):
 par new generation   total 9216K, used 8829K [0x00000000e3400000, 0x00000000e3e00000, 0x00000000ecca0000)
  eden space 8192K, 100% used [0x00000000e3400000, 0x00000000e3c00000, 0x00000000e3c00000)
  from space 1024K,  62% used [0x00000000e3c00000, 0x00000000e3c9f408, 0x00000000e3d00000)
  to   space 1024K,   0% used [0x00000000e3d00000, 0x00000000e3d00000, 0x00000000e3e00000)
 concurrent mark-sweep generation total 44440K, used 26608K [0x00000000ecca0000, 0x00000000ef806000, 0x0000000100000000)
 Metaspace       used 36316K, capacity 37646K, committed 37888K, reserved 1083392K
  class space    used 4520K, capacity 4811K, committed 4864K, reserved 1048576K
2020-11-07T19:58:19.924+0800: 26.601: [GC (Allocation Failure) 2020-11-07T19:58:19.924+0800: 26.601: [ParNew: 8829K->834K(9216K), 0.0212969 secs] 35437K->27551K(53656K), 0.0213690 secs] [Times: user=0.02 sys=0.01, real=0.03 secs] 
Heap after GC invocations=349 (full 43):
 par new generation   total 9216K, used 834K [0x00000000e3400000, 0x00000000e3e00000, 0x00000000ecca0000)
  eden space 8192K,   0% used [0x00000000e3400000, 0x00000000e3400000, 0x00000000e3c00000)
  from space 1024K,  81% used [0x00000000e3d00000, 0x00000000e3dd0850, 0x00000000e3e00000)
  to   space 1024K,   0% used [0x00000000e3c00000, 0x00000000e3c00000, 0x00000000e3d00000)
 concurrent mark-sweep generation total 44440K, used 26717K [0x00000000ecca0000, 0x00000000ef806000, 0x0000000100000000)
 Metaspace       used 36316K, capacity 37646K, committed 37888K, reserved 1083392K
  class space    used 4520K, capacity 4811K, committed 4864K, reserved 1048576K
}
2020-11-07T19:58:19.951+0800: 26.627: Application time: 0.0053015 seconds
2020-11-07T19:58:19.951+0800: 26.628: [GC (CMS Initial Mark) [1 CMS-initial-mark: 26717K(44440K)] 28860K(53656K), 0.0037701 secs] [Times: user=0.01 sys=0.00, real=0.01 secs] 
2020-11-07T19:58:19.955+0800: 26.631: [CMS-concurrent-mark-start]
2020-11-07T19:58:20.040+0800: 26.717: Application time: 0.0852348 seconds
{Heap before GC invocations=349 (full 44):
 par new generation   total 9216K, used 9026K [0x00000000e3400000, 0x00000000e3e00000, 0x00000000ecca0000)
  eden space 8192K, 100% used [0x00000000e3400000, 0x00000000e3c00000, 0x00000000e3c00000)
  from space 1024K,  81% used [0x00000000e3d00000, 0x00000000e3dd0850, 0x00000000e3e00000)
  to   space 1024K,   0% used [0x00000000e3c00000, 0x00000000e3c00000, 0x00000000e3d00000)
 concurrent mark-sweep generation total 44440K, used 26717K [0x00000000ecca0000, 0x00000000ef806000, 0x0000000100000000)
 Metaspace       used 36590K, capacity 37934K, committed 38144K, reserved 1083392K
  class space    used 4559K, capacity 4843K, committed 4864K, reserved 1048576K
2020-11-07T19:58:20.040+0800: 26.717: [GC (Allocation Failure) 2020-11-07T19:58:20.040+0800: 26.717: [ParNew: 9026K->642K(9216K), 0.0271133 secs] 35743K->27904K(53656K), 0.0271825 secs] [Times: user=0.03 sys=0.00, real=0.03 secs] 
Heap after GC invocations=350 (full 44):
 par new generation   total 9216K, used 642K [0x00000000e3400000, 0x00000000e3e00000, 0x00000000ecca0000)
  eden space 8192K,   0% used [0x00000000e3400000, 0x00000000e3400000, 0x00000000e3c00000)
  from space 1024K,  62% used [0x00000000e3c00000, 0x00000000e3ca0b40, 0x00000000e3d00000)
  to   space 1024K,   0% used [0x00000000e3d00000, 0x00000000e3d00000, 0x00000000e3e00000)
 concurrent mark-sweep generation total 44440K, used 27262K [0x00000000ecca0000, 0x00000000ef806000, 0x0000000100000000)
 Metaspace       used 36590K, capacity 37934K, committed 38144K, reserved 1083392K
  class space    used 4559K, capacity 4843K, committed 4864K, reserved 1048576K
}
2020-11-07T19:58:20.137+0800: 26.813: [CMS-concurrent-mark: 0.155/0.182 secs] [Times: user=0.16 sys=0.00, real=0.18 secs] 
2020-11-07T19:58:20.137+0800: 26.814: [CMS-concurrent-preclean-start]
2020-11-07T19:58:20.139+0800: 26.816: [CMS-concurrent-preclean: 0.002/0.002 secs] [Times: user=0.00 sys=0.00, real=0.00 secs] 
2020-11-07T19:58:20.145+0800: 26.821: Application time: 0.0772917 seconds
2020-11-07T19:58:20.151+0800: 26.828: [GC (CMS Final Remark) [YG occupancy: 2316 K (9216 K)]2020-11-07T19:58:20.151+0800: 26.828: [Rescan (parallel) , 0.0214315 secs]2020-11-07T19:58:20.173+0800: 26.849: [weak refs processing, 0.0000766 secs]2020-11-07T19:58:20.173+0800: 26.849: [class unloading, 0.0115503 secs]2020-11-07T19:58:20.184+0800: 26.861: [scrub symbol table, 0.0266411 secs]2020-11-07T19:58:20.211+0800: 26.888: [scrub string table, 0.0007096 secs][1 CMS-remark: 27262K(44440K)] 29578K(53656K), 0.0606079 secs] [Times: user=0.06 sys=0.00, real=0.06 secs] 
2020-11-07T19:58:20.218+0800: 26.894: [CMS-concurrent-sweep-start]
2020-11-07T19:58:20.236+0800: 26.913: [CMS-concurrent-sweep: 0.019/0.019 secs] [Times: user=0.01 sys=0.00, real=0.02 secs] 
2020-11-07T19:58:20.236+0800: 26.913: [CMS-concurrent-reset-start]
2020-11-07T19:58:20.237+0800: 26.914: [CMS-concurrent-reset: 0.001/0.001 secs] [Times: user=0.00 sys=0.00, real=0.00 secs] 
2020-11-07T19:58:20.288+0800: 26.965: Application time: 0.0764806 seconds
{Heap before GC invocations=350 (full 44):
 par new generation   total 9216K, used 8834K [0x00000000e3400000, 0x00000000e3e00000, 0x00000000ecca0000)
  eden space 8192K, 100% used [0x00000000e3400000, 0x00000000e3c00000, 0x00000000e3c00000)
  from space 1024K,  62% used [0x00000000e3c00000, 0x00000000e3ca0b40, 0x00000000e3d00000)
  to   space 1024K,   0% used [0x00000000e3d00000, 0x00000000e3d00000, 0x00000000e3e00000)
 concurrent mark-sweep generation total 45388K, used 27230K [0x00000000ecca0000, 0x00000000ef8f3000, 0x0000000100000000)
 Metaspace       used 36773K, capacity 38130K, committed 38528K, reserved 1083392K
  class space    used 4580K, capacity 4897K, committed 4992K, reserved 1048576K
2020-11-07T19:58:20.288+0800: 26.965: [GC (Allocation Failure) 2020-11-07T19:58:20.288+0800: 26.965: [ParNew: 8834K->349K(9216K), 0.0089451 secs] 36065K->27580K(54604K), 0.0090394 secs] [Times: user=0.01 sys=0.00, real=0.01 secs] 
Heap after GC invocations=351 (full 44):
 par new generation   total 9216K, used 349K [0x00000000e3400000, 0x00000000e3e00000, 0x00000000ecca0000)
  eden space 8192K,   0% used [0x00000000e3400000, 0x00000000e3400000, 0x00000000e3c00000)
  from space 1024K,  34% used [0x00000000e3d00000, 0x00000000e3d577a8, 0x00000000e3e00000)
  to   space 1024K,   0% used [0x00000000e3c00000, 0x00000000e3c00000, 0x00000000e3d00000)
 concurrent mark-sweep generation total 45388K, used 27230K [0x00000000ecca0000, 0x00000000ef8f3000, 0x0000000100000000)
 Metaspace       used 36773K, capacity 38130K, committed 38528K, reserved 1083392K
  class space    used 4580K, capacity 4897K, committed 4992K, reserved 1048576K
}
2020-11-07T19:58:20.379+0800: 27.056: Application time: 0.0816237 seconds
{Heap before GC invocations=351 (full 44):
 par new generation   total 9216K, used 8541K [0x00000000e3400000, 0x00000000e3e00000, 0x00000000ecca0000)
  eden space 8192K, 100% used [0x00000000e3400000, 0x00000000e3c00000, 0x00000000e3c00000)
  from space 1024K,  34% used [0x00000000e3d00000, 0x00000000e3d577a8, 0x00000000e3e00000)
  to   space 1024K,   0% used [0x00000000e3c00000, 0x00000000e3c00000, 0x00000000e3d00000)
 concurrent mark-sweep generation total 45388K, used 27230K [0x00000000ecca0000, 0x00000000ef8f3000, 0x0000000100000000)
 Metaspace       used 36839K, capacity 38136K, committed 38528K, reserved 1083392K
  class space    used 4586K, capacity 4898K, committed 4992K, reserved 1048576K
2020-11-07T19:58:20.379+0800: 27.056: [GC (Allocation Failure) 2020-11-07T19:58:20.379+0800: 27.056: [ParNew: 8541K->320K(9216K), 0.0078998 secs] 35772K->27550K(54604K), 0.0079503 secs] [Times: user=0.00 sys=0.00, real=0.01 secs] 
Heap after GC invocations=352 (full 44):
 par new generation   total 9216K, used 320K [0x00000000e3400000, 0x00000000e3e00000, 0x00000000ecca0000)
  eden space 8192K,   0% used [0x00000000e3400000, 0x00000000e3400000, 0x00000000e3c00000)
  from space 1024K,  31% used [0x00000000e3c00000, 0x00000000e3c500c8, 0x00000000e3d00000)
  to   space 1024K,   0% used [0x00000000e3d00000, 0x00000000e3d00000, 0x00000000e3e00000)
 concurrent mark-sweep generation total 45388K, used 27230K [0x00000000ecca0000, 0x00000000ef8f3000, 0x0000000100000000)
 Metaspace       used 36839K, capacity 38136K, committed 38528K, reserved 1083392K
  class space    used 4586K, capacity 4898K, committed 4992K, reserved 1048576K
}
2020-11-07T19:58:20.415+0800: 27.092: Application time: 0.0278537 seconds
{Heap before GC invocations=352 (full 44):
 par new generation   total 9216K, used 8512K [0x00000000e3400000, 0x00000000e3e00000, 0x00000000ecca0000)
  eden space 8192K, 100% used [0x00000000e3400000, 0x00000000e3c00000, 0x00000000e3c00000)
  from space 1024K,  31% used [0x00000000e3c00000, 0x00000000e3c500c8, 0x00000000e3d00000)
  to   space 1024K,   0% used [0x00000000e3d00000, 0x00000000e3d00000, 0x00000000e3e00000)
 concurrent mark-sweep generation total 45388K, used 27230K [0x00000000ecca0000, 0x00000000ef8f3000, 0x0000000100000000)
 Metaspace       used 36859K, capacity 38200K, committed 38528K, reserved 1083392K
  class space    used 4590K, capacity 4898K, committed 4992K, reserved 1048576K
2020-11-07T19:58:20.415+0800: 27.092: [GC (Allocation Failure) 2020-11-07T19:58:20.415+0800: 27.092: [ParNew: 8512K->311K(9216K), 0.0186688 secs] 35742K->27542K(54604K), 0.0187416 secs] [Times: user=0.02 sys=0.00, real=0.01 secs] 
Heap after GC invocations=353 (full 44):
 par new generation   total 9216K, used 311K [0x00000000e3400000, 0x00000000e3e00000, 0x00000000ecca0000)
  eden space 8192K,   0% used [0x00000000e3400000, 0x00000000e3400000, 0x00000000e3c00000)
  from space 1024K,  30% used [0x00000000e3d00000, 0x00000000e3d4df88, 0x00000000e3e00000)
  to   space 1024K,   0% used [0x00000000e3c00000, 0x00000000e3c00000, 0x00000000e3d00000)
 concurrent mark-sweep generation total 45388K, used 27230K [0x00000000ecca0000, 0x00000000ef8f3000, 0x0000000100000000)
 Metaspace       used 36859K, capacity 38200K, committed 38528K, reserved 1083392K
  class space    used 4590K, capacity 4898K, committed 4992K, reserved 1048576K
}
2020-11-07T19:58:20.690+0800: 27.367: Application time: 0.2562547 seconds
{Heap before GC invocations=353 (full 44):
 par new generation   total 9216K, used 8503K [0x00000000e3400000, 0x00000000e3e00000, 0x00000000ecca0000)
  eden space 8192K, 100% used [0x00000000e3400000, 0x00000000e3c00000, 0x00000000e3c00000)
  from space 1024K,  30% used [0x00000000e3d00000, 0x00000000e3d4df88, 0x00000000e3e00000)
  to   space 1024K,   0% used [0x00000000e3c00000, 0x00000000e3c00000, 0x00000000e3d00000)
 concurrent mark-sweep generation total 45388K, used 27230K [0x00000000ecca0000, 0x00000000ef8f3000, 0x0000000100000000)
 Metaspace       used 36889K, capacity 38212K, committed 38528K, reserved 1083392K
  class space    used 4597K, capacity 4900K, committed 4992K, reserved 1048576K
2020-11-07T19:58:20.691+0800: 27.368: [GC (Allocation Failure) 2020-11-07T19:58:20.691+0800: 27.368: [ParNew: 8503K->425K(9216K), 0.0047315 secs] 35734K->27656K(54604K), 0.0047832 secs] [Times: user=0.00 sys=0.00, real=0.01 secs] 
Heap after GC invocations=354 (full 44):
 par new generation   total 9216K, used 425K [0x00000000e3400000, 0x00000000e3e00000, 0x00000000ecca0000)
  eden space 8192K,   0% used [0x00000000e3400000, 0x00000000e3400000, 0x00000000e3c00000)
  from space 1024K,  41% used [0x00000000e3c00000, 0x00000000e3c6a620, 0x00000000e3d00000)
  to   space 1024K,   0% used [0x00000000e3d00000, 0x00000000e3d00000, 0x00000000e3e00000)
 concurrent mark-sweep generation total 45388K, used 27230K [0x00000000ecca0000, 0x00000000ef8f3000, 0x0000000100000000)
 Metaspace       used 36889K, capacity 38212K, committed 38528K, reserved 1083392K
  class space    used 4597K, capacity 4900K, committed 4992K, reserved 1048576K
}
2020-11-07T19:58:20.717+0800: 27.394: Application time: 0.0213838 seconds
{Heap before GC invocations=354 (full 44):
 par new generation   total 9216K, used 8617K [0x00000000e3400000, 0x00000000e3e00000, 0x00000000ecca0000)
  eden space 8192K, 100% used [0x00000000e3400000, 0x00000000e3c00000, 0x00000000e3c00000)
  from space 1024K,  41% used [0x00000000e3c00000, 0x00000000e3c6a620, 0x00000000e3d00000)
  to   space 1024K,   0% used [0x00000000e3d00000, 0x00000000e3d00000, 0x00000000e3e00000)
 concurrent mark-sweep generation total 45388K, used 27230K [0x00000000ecca0000, 0x00000000ef8f3000, 0x0000000100000000)
 Metaspace       used 36893K, capacity 38212K, committed 38528K, reserved 1083392K
  class space    used 4597K, capacity 4900K, committed 4992K, reserved 1048576K
2020-11-07T19:58:20.717+0800: 27.394: [GC (Allocation Failure) 2020-11-07T19:58:20.717+0800: 27.394: [ParNew: 8617K->420K(9216K), 0.0141348 secs] 35848K->27651K(54604K), 0.0141888 secs] [Times: user=0.01 sys=0.00, real=0.01 secs] 
Heap after GC invocations=355 (full 44):
 par new generation   total 9216K, used 420K [0x00000000e3400000, 0x00000000e3e00000, 0x00000000ecca0000)
  eden space 8192K,   0% used [0x00000000e3400000, 0x00000000e3400000, 0x00000000e3c00000)
  from space 1024K,  41% used [0x00000000e3d00000, 0x00000000e3d69280, 0x00000000e3e00000)
  to   space 1024K,   0% used [0x00000000e3c00000, 0x00000000e3c00000, 0x00000000e3d00000)
 concurrent mark-sweep generation total 45388K, used 27230K [0x00000000ecca0000, 0x00000000ef8f3000, 0x0000000100000000)
 Metaspace       used 36893K, capacity 38212K, committed 38528K, reserved 1083392K
  class space    used 4597K, capacity 4900K, committed 4992K, reserved 1048576K
}
2020-11-07T19:58:20.746+0800: 27.423: Application time: 0.0148926 seconds
{Heap before GC invocations=355 (full 44):
 par new generation   total 9216K, used 8612K [0x00000000e3400000, 0x00000000e3e00000, 0x00000000ecca0000)
  eden space 8192K, 100% used [0x00000000e3400000, 0x00000000e3c00000, 0x00000000e3c00000)
  from space 1024K,  41% used [0x00000000e3d00000, 0x00000000e3d69280, 0x00000000e3e00000)
  to   space 1024K,   0% used [0x00000000e3c00000, 0x00000000e3c00000, 0x00000000e3d00000)
 concurrent mark-sweep generation total 45388K, used 27230K [0x00000000ecca0000, 0x00000000ef8f3000, 0x0000000100000000)
 Metaspace       used 36900K, capacity 38212K, committed 38528K, reserved 1083392K
  class space    used 4597K, capacity 4900K, committed 4992K, reserved 1048576K
2020-11-07T19:58:20.747+0800: 27.423: [GC (Allocation Failure) 2020-11-07T19:58:20.747+0800: 27.423: [ParNew: 8612K->449K(9216K), 0.0241854 secs] 35843K->27679K(54604K), 0.0242349 secs] [Times: user=0.01 sys=0.00, real=0.02 secs] 
Heap after GC invocations=356 (full 44):
 par new generation   total 9216K, used 449K [0x00000000e3400000, 0x00000000e3e00000, 0x00000000ecca0000)
  eden space 8192K,   0% used [0x00000000e3400000, 0x00000000e3400000, 0x00000000e3c00000)
  from space 1024K,  43% used [0x00000000e3c00000, 0x00000000e3c704b8, 0x00000000e3d00000)
  to   space 1024K,   0% used [0x00000000e3d00000, 0x00000000e3d00000, 0x00000000e3e00000)
 concurrent mark-sweep generation total 45388K, used 27230K [0x00000000ecca0000, 0x00000000ef8f3000, 0x0000000100000000)
 Metaspace       used 36900K, capacity 38212K, committed 38528K, reserved 1083392K
  class space    used 4597K, capacity 4900K, committed 4992K, reserved 1048576K
}
2020-11-07T19:58:20.816+0800: 27.492: Application time: 0.0449414 seconds
{Heap before GC invocations=356 (full 44):
 par new generation   total 9216K, used 8641K [0x00000000e3400000, 0x00000000e3e00000, 0x00000000ecca0000)
  eden space 8192K, 100% used [0x00000000e3400000, 0x00000000e3c00000, 0x00000000e3c00000)
  from space 1024K,  43% used [0x00000000e3c00000, 0x00000000e3c704b8, 0x00000000e3d00000)
  to   space 1024K,   0% used [0x00000000e3d00000, 0x00000000e3d00000, 0x00000000e3e00000)
 concurrent mark-sweep generation total 45388K, used 27230K [0x00000000ecca0000, 0x00000000ef8f3000, 0x0000000100000000)
 Metaspace       used 36970K, capacity 38308K, committed 38528K, reserved 1083392K
  class space    used 4609K, capacity 4932K, committed 4992K, reserved 1048576K
2020-11-07T19:58:20.816+0800: 27.493: [GC (Allocation Failure) 2020-11-07T19:58:20.816+0800: 27.493: [ParNew: 8641K->592K(9216K), 0.0156307 secs] 35871K->27823K(54604K), 0.0156821 secs] [Times: user=0.02 sys=0.00, real=0.01 secs] 
Heap after GC invocations=357 (full 44):
 par new generation   total 9216K, used 592K [0x00000000e3400000, 0x00000000e3e00000, 0x00000000ecca0000)
  eden space 8192K,   0% used [0x00000000e3400000, 0x00000000e3400000, 0x00000000e3c00000)
  from space 1024K,  57% used [0x00000000e3d00000, 0x00000000e3d94328, 0x00000000e3e00000)
  to   space 1024K,   0% used [0x00000000e3c00000, 0x00000000e3c00000, 0x00000000e3d00000)
 concurrent mark-sweep generation total 45388K, used 27230K [0x00000000ecca0000, 0x00000000ef8f3000, 0x0000000100000000)
 Metaspace       used 36970K, capacity 38308K, committed 38528K, reserved 1083392K
  class space    used 4609K, capacity 4932K, committed 4992K, reserved 1048576K
}
2020-11-07T19:58:20.875+0800: 27.552: Application time: 0.0437220 seconds
{Heap before GC invocations=357 (full 44):
 par new generation   total 9216K, used 8784K [0x00000000e3400000, 0x00000000e3e00000, 0x00000000ecca0000)
  eden space 8192K, 100% used [0x00000000e3400000, 0x00000000e3c00000, 0x00000000e3c00000)
  from space 1024K,  57% used [0x00000000e3d00000, 0x00000000e3d94328, 0x00000000e3e00000)
  to   space 1024K,   0% used [0x00000000e3c00000, 0x00000000e3c00000, 0x00000000e3d00000)
 concurrent mark-sweep generation total 45388K, used 27230K [0x00000000ecca0000, 0x00000000ef8f3000, 0x0000000100000000)
 Metaspace       used 36973K, capacity 38308K, committed 38528K, reserved 1083392K
  class space    used 4609K, capacity 4932K, committed 4992K, reserved 1048576K
2020-11-07T19:58:20.876+0800: 27.552: [GC (Allocation Failure) 2020-11-07T19:58:20.876+0800: 27.552: [ParNew: 8784K->517K(9216K), 0.0126715 secs] 36015K->27748K(54604K), 0.0127252 secs] [Times: user=0.01 sys=0.00, real=0.01 secs] 
Heap after GC invocations=358 (full 44):
 par new generation   total 9216K, used 517K [0x00000000e3400000, 0x00000000e3e00000, 0x00000000ecca0000)
  eden space 8192K,   0% used [0x00000000e3400000, 0x00000000e3400000, 0x00000000e3c00000)
  from space 1024K,  50% used [0x00000000e3c00000, 0x00000000e3c81790, 0x00000000e3d00000)
  to   space 1024K,   0% used [0x00000000e3d00000, 0x00000000e3d00000, 0x00000000e3e00000)
 concurrent mark-sweep generation total 45388K, used 27230K [0x00000000ecca0000, 0x00000000ef8f3000, 0x0000000100000000)
 Metaspace       used 36973K, capacity 38308K, committed 38528K, reserved 1083392K
  class space    used 4609K, capacity 4932K, committed 4992K, reserved 1048576K
}
2020-11-07T19:58:20.944+0800: 27.621: Application time: 0.0555602 seconds
{Heap before GC invocations=358 (full 44):
 par new generation   total 9216K, used 8709K [0x00000000e3400000, 0x00000000e3e00000, 0x00000000ecca0000)
  eden space 8192K, 100% used [0x00000000e3400000, 0x00000000e3c00000, 0x00000000e3c00000)
  from space 1024K,  50% used [0x00000000e3c00000, 0x00000000e3c81790, 0x00000000e3d00000)
  to   space 1024K,   0% used [0x00000000e3d00000, 0x00000000e3d00000, 0x00000000e3e00000)
 concurrent mark-sweep generation total 45388K, used 27230K [0x00000000ecca0000, 0x00000000ef8f3000, 0x0000000100000000)
 Metaspace       used 37017K, capacity 38314K, committed 38528K, reserved 1083392K
  class space    used 4612K, capacity 4933K, committed 4992K, reserved 1048576K
2020-11-07T19:58:20.944+0800: 27.621: [GC (Allocation Failure) 2020-11-07T19:58:20.944+0800: 27.621: [ParNew: 8709K->587K(9216K), 0.0195519 secs] 35940K->27853K(54604K), 0.0196034 secs] [Times: user=0.02 sys=0.00, real=0.02 secs] 
Heap after GC invocations=359 (full 44):
 par new generation   total 9216K, used 587K [0x00000000e3400000, 0x00000000e3e00000, 0x00000000ecca0000)
  eden space 8192K,   0% used [0x00000000e3400000, 0x00000000e3400000, 0x00000000e3c00000)
  from space 1024K,  57% used [0x00000000e3d00000, 0x00000000e3d92e30, 0x00000000e3e00000)
  to   space 1024K,   0% used [0x00000000e3c00000, 0x00000000e3c00000, 0x00000000e3d00000)
 concurrent mark-sweep generation total 45388K, used 27265K [0x00000000ecca0000, 0x00000000ef8f3000, 0x0000000100000000)
 Metaspace       used 37017K, capacity 38314K, committed 38528K, reserved 1083392K
  class space    used 4612K, capacity 4933K, committed 4992K, reserved 1048576K
}
2020-11-07T19:58:20.970+0800: 27.647: Application time: 0.0063617 seconds
2020-11-07T19:58:20.971+0800: 27.648: [GC (CMS Initial Mark) [1 CMS-initial-mark: 27265K(45388K)] 30804K(54604K), 0.0043811 secs] [Times: user=0.00 sys=0.00, real=0.01 secs] 
2020-11-07T19:58:20.976+0800: 27.652: [CMS-concurrent-mark-start]
2020-11-07T19:58:20.992+0800: 27.669: Application time: 0.0163959 seconds
{Heap before GC invocations=359 (full 45):
 par new generation   total 9216K, used 8779K [0x00000000e3400000, 0x00000000e3e00000, 0x00000000ecca0000)
  eden space 8192K, 100% used [0x00000000e3400000, 0x00000000e3c00000, 0x00000000e3c00000)
  from space 1024K,  57% used [0x00000000e3d00000, 0x00000000e3d92e30, 0x00000000e3e00000)
  to   space 1024K,   0% used [0x00000000e3c00000, 0x00000000e3c00000, 0x00000000e3d00000)
 concurrent mark-sweep generation total 45388K, used 27265K [0x00000000ecca0000, 0x00000000ef8f3000, 0x0000000100000000)
 Metaspace       used 37017K, capacity 38314K, committed 38528K, reserved 1083392K
  class space    used 4612K, capacity 4933K, committed 4992K, reserved 1048576K
2020-11-07T19:58:20.992+0800: 27.669: [GC (Allocation Failure) 2020-11-07T19:58:20.992+0800: 27.669: [ParNew: 8779K->353K(9216K), 0.0089122 secs] 36045K->27728K(54604K), 0.0090047 secs] [Times: user=0.01 sys=0.00, real=0.01 secs] 
Heap after GC invocations=360 (full 45):
 par new generation   total 9216K, used 353K [0x00000000e3400000, 0x00000000e3e00000, 0x00000000ecca0000)
  eden space 8192K,   0% used [0x00000000e3400000, 0x00000000e3400000, 0x00000000e3c00000)
  from space 1024K,  34% used [0x00000000e3c00000, 0x00000000e3c58500, 0x00000000e3d00000)
  to   space 1024K,   0% used [0x00000000e3d00000, 0x00000000e3d00000, 0x00000000e3e00000)
 concurrent mark-sweep generation total 45388K, used 27375K [0x00000000ecca0000, 0x00000000ef8f3000, 0x0000000100000000)
 Metaspace       used 37017K, capacity 38314K, committed 38528K, reserved 1083392K
  class space    used 4612K, capacity 4933K, committed 4992K, reserved 1048576K
}
2020-11-07T19:58:21.054+0800: 27.731: Application time: 0.0533135 seconds
{Heap before GC invocations=360 (full 45):
 par new generation   total 9216K, used 8545K [0x00000000e3400000, 0x00000000e3e00000, 0x00000000ecca0000)
  eden space 8192K, 100% used [0x00000000e3400000, 0x00000000e3c00000, 0x00000000e3c00000)
  from space 1024K,  34% used [0x00000000e3c00000, 0x00000000e3c58500, 0x00000000e3d00000)
  to   space 1024K,   0% used [0x00000000e3d00000, 0x00000000e3d00000, 0x00000000e3e00000)
 concurrent mark-sweep generation total 45388K, used 27375K [0x00000000ecca0000, 0x00000000ef8f3000, 0x0000000100000000)
 Metaspace       used 37030K, capacity 38384K, committed 38528K, reserved 1083392K
  class space    used 4613K, capacity 4934K, committed 4992K, reserved 1048576K
2020-11-07T19:58:21.055+0800: 27.731: [GC (Allocation Failure) 2020-11-07T19:58:21.055+0800: 27.731: [ParNew: 8545K->374K(9216K), 0.0128557 secs] 35920K->27848K(54604K), 0.0129076 secs] [Times: user=0.01 sys=0.00, real=0.01 secs] 
Heap after GC invocations=361 (full 45):
 par new generation   total 9216K, used 374K [0x00000000e3400000, 0x00000000e3e00000, 0x00000000ecca0000)
  eden space 8192K,   0% used [0x00000000e3400000, 0x00000000e3400000, 0x00000000e3c00000)
  from space 1024K,  36% used [0x00000000e3d00000, 0x00000000e3d5d808, 0x00000000e3e00000)
  to   space 1024K,   0% used [0x00000000e3c00000, 0x00000000e3c00000, 0x00000000e3d00000)
 concurrent mark-sweep generation total 45388K, used 27474K [0x00000000ecca0000, 0x00000000ef8f3000, 0x0000000100000000)
 Metaspace       used 37030K, capacity 38384K, committed 38528K, reserved 1083392K
  class space    used 4613K, capacity 4934K, committed 4992K, reserved 1048576K
}
2020-11-07T19:58:21.179+0800: 27.856: Application time: 0.1117728 seconds
{Heap before GC invocations=361 (full 45):
 par new generation   total 9216K, used 8566K [0x00000000e3400000, 0x00000000e3e00000, 0x00000000ecca0000)
  eden space 8192K, 100% used [0x00000000e3400000, 0x00000000e3c00000, 0x00000000e3c00000)
  from space 1024K,  36% used [0x00000000e3d00000, 0x00000000e3d5d808, 0x00000000e3e00000)
  to   space 1024K,   0% used [0x00000000e3c00000, 0x00000000e3c00000, 0x00000000e3d00000)
 concurrent mark-sweep generation total 45388K, used 27474K [0x00000000ecca0000, 0x00000000ef8f3000, 0x0000000100000000)
 Metaspace       used 37095K, capacity 38388K, committed 38528K, reserved 1083392K
  class space    used 4618K, capacity 4934K, committed 4992K, reserved 1048576K
2020-11-07T19:58:21.180+0800: 27.856: [GC (Allocation Failure) 2020-11-07T19:58:21.180+0800: 27.856: [ParNew: 8566K->418K(9216K), 0.0121223 secs] 36040K->27914K(54604K), 0.0121777 secs] [Times: user=0.01 sys=0.00, real=0.01 secs] 
Heap after GC invocations=362 (full 45):
 par new generation   total 9216K, used 418K [0x00000000e3400000, 0x00000000e3e00000, 0x00000000ecca0000)
  eden space 8192K,   0% used [0x00000000e3400000, 0x00000000e3400000, 0x00000000e3c00000)
  from space 1024K,  40% used [0x00000000e3c00000, 0x00000000e3c68988, 0x00000000e3d00000)
  to   space 1024K,   0% used [0x00000000e3d00000, 0x00000000e3d00000, 0x00000000e3e00000)
 concurrent mark-sweep generation total 45388K, used 27496K [0x00000000ecca0000, 0x00000000ef8f3000, 0x0000000100000000)
 Metaspace       used 37095K, capacity 38388K, committed 38528K, reserved 1083392K
  class space    used 4618K, capacity 4934K, committed 4992K, reserved 1048576K
}
2020-11-07T19:58:21.204+0800: 27.881: [CMS-concurrent-mark: 0.187/0.229 secs] [Times: user=0.21 sys=0.01, real=0.22 secs] 
2020-11-07T19:58:21.204+0800: 27.881: [CMS-concurrent-preclean-start]
2020-11-07T19:58:21.207+0800: 27.883: [CMS-concurrent-preclean: 0.002/0.003 secs] [Times: user=0.00 sys=0.00, real=0.01 secs] 
2020-11-07T19:58:21.207+0800: 27.883: [CMS-concurrent-abortable-preclean-start]
2020-11-07T19:58:21.221+0800: 27.898: Application time: 0.0291999 seconds
{Heap before GC invocations=362 (full 45):
 par new generation   total 9216K, used 8610K [0x00000000e3400000, 0x00000000e3e00000, 0x00000000ecca0000)
  eden space 8192K, 100% used [0x00000000e3400000, 0x00000000e3c00000, 0x00000000e3c00000)
  from space 1024K,  40% used [0x00000000e3c00000, 0x00000000e3c68988, 0x00000000e3d00000)
  to   space 1024K,   0% used [0x00000000e3d00000, 0x00000000e3d00000, 0x00000000e3e00000)
 concurrent mark-sweep generation total 45388K, used 27496K [0x00000000ecca0000, 0x00000000ef8f3000, 0x0000000100000000)
 Metaspace       used 37099K, capacity 38452K, committed 38784K, reserved 1083392K
  class space    used 4619K, capacity 4934K, committed 4992K, reserved 1048576K
2020-11-07T19:58:21.221+0800: 27.898: [GC (Allocation Failure) 2020-11-07T19:58:21.221+0800: 27.898: [ParNew: 8610K->476K(9216K), 0.0175116 secs] 36106K->28029K(54604K), 0.0175825 secs] [Times: user=0.01 sys=0.00, real=0.02 secs] 
Heap after GC invocations=363 (full 45):
 par new generation   total 9216K, used 476K [0x00000000e3400000, 0x00000000e3e00000, 0x00000000ecca0000)
  eden space 8192K,   0% used [0x00000000e3400000, 0x00000000e3400000, 0x00000000e3c00000)
  from space 1024K,  46% used [0x00000000e3d00000, 0x00000000e3d77248, 0x00000000e3e00000)
  to   space 1024K,   0% used [0x00000000e3c00000, 0x00000000e3c00000, 0x00000000e3d00000)
 concurrent mark-sweep generation total 45388K, used 27553K [0x00000000ecca0000, 0x00000000ef8f3000, 0x0000000100000000)
 Metaspace       used 37099K, capacity 38452K, committed 38784K, reserved 1083392K
  class space    used 4619K, capacity 4934K, committed 4992K, reserved 1048576K
}
2020-11-07T19:58:21.251+0800: 27.927: [CMS-concurrent-abortable-preclean: 0.009/0.044 secs] [Times: user=0.05 sys=0.00, real=0.04 secs] 
2020-11-07T19:58:21.267+0800: 27.944: Application time: 0.0286735 seconds
2020-11-07T19:58:21.270+0800: 27.947: [GC (CMS Final Remark) [YG occupancy: 7688 K (9216 K)]2020-11-07T19:58:21.270+0800: 27.947: [Rescan (parallel) , 0.0127647 secs]2020-11-07T19:58:21.283+0800: 27.959: [weak refs processing, 0.0025151 secs]2020-11-07T19:58:21.285+0800: 27.962: [class unloading, 0.0086068 secs]2020-11-07T19:58:21.294+0800: 27.971: [scrub symbol table, 0.0101949 secs]2020-11-07T19:58:21.304+0800: 27.981: [scrub string table, 0.0007028 secs][1 CMS-remark: 27553K(45388K)] 35241K(54604K), 0.0350070 secs] [Times: user=0.03 sys=0.00, real=0.04 secs] 
2020-11-07T19:58:21.310+0800: 27.986: [CMS-concurrent-sweep-start]
2020-11-07T19:58:21.322+0800: 27.999: Application time: 0.0171017 seconds
{Heap before GC invocations=363 (full 45):
 par new generation   total 9216K, used 8668K [0x00000000e3400000, 0x00000000e3e00000, 0x00000000ecca0000)
  eden space 8192K, 100% used [0x00000000e3400000, 0x00000000e3c00000, 0x00000000e3c00000)
  from space 1024K,  46% used [0x00000000e3d00000, 0x00000000e3d77248, 0x00000000e3e00000)
  to   space 1024K,   0% used [0x00000000e3c00000, 0x00000000e3c00000, 0x00000000e3d00000)
 concurrent mark-sweep generation total 45388K, used 27551K [0x00000000ecca0000, 0x00000000ef8f3000, 0x0000000100000000)
 Metaspace       used 37102K, capacity 38452K, committed 38784K, reserved 1083392K
  class space    used 4619K, capacity 4934K, committed 4992K, reserved 1048576K
2020-11-07T19:58:21.322+0800: 27.999: [GC (Allocation Failure) 2020-11-07T19:58:21.322+0800: 27.999: [ParNew: 8668K->362K(9216K), 0.0211123 secs] 36220K->27929K(54604K), 0.0212098 secs] [Times: user=0.02 sys=0.00, real=0.02 secs] 
Heap after GC invocations=364 (full 45):
 par new generation   total 9216K, used 362K [0x00000000e3400000, 0x00000000e3e00000, 0x00000000ecca0000)
  eden space 8192K,   0% used [0x00000000e3400000, 0x00000000e3400000, 0x00000000e3c00000)
  from space 1024K,  35% used [0x00000000e3c00000, 0x00000000e3c5a9a0, 0x00000000e3d00000)
  to   space 1024K,   0% used [0x00000000e3d00000, 0x00000000e3d00000, 0x00000000e3e00000)
 concurrent mark-sweep generation total 45388K, used 27567K [0x00000000ecca0000, 0x00000000ef8f3000, 0x0000000100000000)
 Metaspace       used 37102K, capacity 38452K, committed 38784K, reserved 1083392K
  class space    used 4619K, capacity 4934K, committed 4992K, reserved 1048576K
}
2020-11-07T19:58:21.353+0800: 28.030: [CMS-concurrent-sweep: 0.018/0.044 secs] [Times: user=0.04 sys=0.00, real=0.04 secs] 
2020-11-07T19:58:21.353+0800: 28.030: [CMS-concurrent-reset-start]
2020-11-07T19:58:21.354+0800: 28.031: [CMS-concurrent-reset: 0.001/0.001 secs] [Times: user=0.00 sys=0.00, real=0.00 secs] 
2020-11-07T19:58:21.373+0800: 28.050: Application time: 0.0298665 seconds
{Heap before GC invocations=364 (full 45):
 par new generation   total 9216K, used 8554K [0x00000000e3400000, 0x00000000e3e00000, 0x00000000ecca0000)
  eden space 8192K, 100% used [0x00000000e3400000, 0x00000000e3c00000, 0x00000000e3c00000)
  from space 1024K,  35% used [0x00000000e3c00000, 0x00000000e3c5a9a0, 0x00000000e3d00000)
  to   space 1024K,   0% used [0x00000000e3d00000, 0x00000000e3d00000, 0x00000000e3e00000)
 concurrent mark-sweep generation total 45908K, used 27543K [0x00000000ecca0000, 0x00000000ef975000, 0x0000000100000000)
 Metaspace       used 37124K, capacity 38522K, committed 38784K, reserved 1083392K
  class space    used 4622K, capacity 4935K, committed 4992K, reserved 1048576K
2020-11-07T19:58:21.373+0800: 28.050: [GC (Allocation Failure) 2020-11-07T19:58:21.373+0800: 28.050: [ParNew: 8554K->434K(9216K), 0.0134296 secs] 36098K->27993K(55124K), 0.0134989 secs] [Times: user=0.01 sys=0.00, real=0.02 secs] 
Heap after GC invocations=365 (full 45):
 par new generation   total 9216K, used 434K [0x00000000e3400000, 0x00000000e3e00000, 0x00000000ecca0000)
  eden space 8192K,   0% used [0x00000000e3400000, 0x00000000e3400000, 0x00000000e3c00000)
  from space 1024K,  42% used [0x00000000e3d00000, 0x00000000e3d6cae8, 0x00000000e3e00000)
  to   space 1024K,   0% used [0x00000000e3c00000, 0x00000000e3c00000, 0x00000000e3d00000)
 concurrent mark-sweep generation total 45908K, used 27558K [0x00000000ecca0000, 0x00000000ef975000, 0x0000000100000000)
 Metaspace       used 37124K, capacity 38522K, committed 38784K, reserved 1083392K
  class space    used 4622K, capacity 4935K, committed 4992K, reserved 1048576K
}
2020-11-07T19:58:21.390+0800: 28.067: Application time: 0.0031040 seconds
2020-11-07T19:58:21.390+0800: 28.067: [GC (CMS Initial Mark) [1 CMS-initial-mark: 27558K(45908K)] 28977K(55124K), 0.0031968 secs] [Times: user=0.01 sys=0.00, real=0.00 secs] 
2020-11-07T19:58:21.393+0800: 28.070: [CMS-concurrent-mark-start]
2020-11-07T19:58:21.447+0800: 28.124: Application time: 0.0541681 seconds
{Heap before GC invocations=365 (full 46):
 par new generation   total 9216K, used 8626K [0x00000000e3400000, 0x00000000e3e00000, 0x00000000ecca0000)
  eden space 8192K, 100% used [0x00000000e3400000, 0x00000000e3c00000, 0x00000000e3c00000)
  from space 1024K,  42% used [0x00000000e3d00000, 0x00000000e3d6cae8, 0x00000000e3e00000)
  to   space 1024K,   0% used [0x00000000e3c00000, 0x00000000e3c00000, 0x00000000e3d00000)
 concurrent mark-sweep generation total 45908K, used 27558K [0x00000000ecca0000, 0x00000000ef975000, 0x0000000100000000)
 Metaspace       used 37183K, capacity 38554K, committed 38784K, reserved 1083392K
  class space    used 4633K, capacity 4967K, committed 4992K, reserved 1048576K
2020-11-07T19:58:21.448+0800: 28.124: [GC (Allocation Failure) 2020-11-07T19:58:21.448+0800: 28.124: [ParNew: 8626K->490K(9216K), 0.0095591 secs] 36185K->28092K(55124K), 0.0096466 secs] [Times: user=0.00 sys=0.01, real=0.01 secs] 
Heap after GC invocations=366 (full 46):
 par new generation   total 9216K, used 490K [0x00000000e3400000, 0x00000000e3e00000, 0x00000000ecca0000)
  eden space 8192K,   0% used [0x00000000e3400000, 0x00000000e3400000, 0x00000000e3c00000)
  from space 1024K,  47% used [0x00000000e3c00000, 0x00000000e3c7aa10, 0x00000000e3d00000)
  to   space 1024K,   0% used [0x00000000e3d00000, 0x00000000e3d00000, 0x00000000e3e00000)
 concurrent mark-sweep generation total 45908K, used 27602K [0x00000000ecca0000, 0x00000000ef975000, 0x0000000100000000)
 Metaspace       used 37183K, capacity 38554K, committed 38784K, reserved 1083392K
  class space    used 4633K, capacity 4967K, committed 4992K, reserved 1048576K
}
2020-11-07T19:58:21.504+0800: 28.180: Application time: 0.0458314 seconds
{Heap before GC invocations=366 (full 46):
 par new generation   total 9216K, used 8682K [0x00000000e3400000, 0x00000000e3e00000, 0x00000000ecca0000)
  eden space 8192K, 100% used [0x00000000e3400000, 0x00000000e3c00000, 0x00000000e3c00000)
  from space 1024K,  47% used [0x00000000e3c00000, 0x00000000e3c7aa10, 0x00000000e3d00000)
  to   space 1024K,   0% used [0x00000000e3d00000, 0x00000000e3d00000, 0x00000000e3e00000)
 concurrent mark-sweep generation total 45908K, used 27602K [0x00000000ecca0000, 0x00000000ef975000, 0x0000000100000000)
 Metaspace       used 37188K, capacity 38560K, committed 38784K, reserved 1083392K
  class space    used 4633K, capacity 4968K, committed 4992K, reserved 1048576K
2020-11-07T19:58:21.504+0800: 28.180: [GC (Allocation Failure) 2020-11-07T19:58:21.504+0800: 28.180: [ParNew: 8682K->448K(9216K), 0.0121647 secs] 36284K->28081K(55124K), 0.0122194 secs] [Times: user=0.01 sys=0.00, real=0.02 secs] 
Heap after GC invocations=367 (full 46):
 par new generation   total 9216K, used 448K [0x00000000e3400000, 0x00000000e3e00000, 0x00000000ecca0000)
  eden space 8192K,   0% used [0x00000000e3400000, 0x00000000e3400000, 0x00000000e3c00000)
  from space 1024K,  43% used [0x00000000e3d00000, 0x00000000e3d700d0, 0x00000000e3e00000)
  to   space 1024K,   0% used [0x00000000e3c00000, 0x00000000e3c00000, 0x00000000e3d00000)
 concurrent mark-sweep generation total 45908K, used 27632K [0x00000000ecca0000, 0x00000000ef975000, 0x0000000100000000)
 Metaspace       used 37188K, capacity 38560K, committed 38784K, reserved 1083392K
  class space    used 4633K, capacity 4968K, committed 4992K, reserved 1048576K
}
2020-11-07T19:58:21.547+0800: 28.224: Application time: 0.0310212 seconds
{Heap before GC invocations=367 (full 46):
 par new generation   total 9216K, used 8640K [0x00000000e3400000, 0x00000000e3e00000, 0x00000000ecca0000)
  eden space 8192K, 100% used [0x00000000e3400000, 0x00000000e3c00000, 0x00000000e3c00000)
  from space 1024K,  43% used [0x00000000e3d00000, 0x00000000e3d700d0, 0x00000000e3e00000)
  to   space 1024K,   0% used [0x00000000e3c00000, 0x00000000e3c00000, 0x00000000e3d00000)
 concurrent mark-sweep generation total 45908K, used 27632K [0x00000000ecca0000, 0x00000000ef975000, 0x0000000100000000)
 Metaspace       used 37198K, capacity 38628K, committed 38784K, reserved 1083392K
  class space    used 4634K, capacity 4968K, committed 4992K, reserved 1048576K
2020-11-07T19:58:21.547+0800: 28.224: [GC (Allocation Failure) 2020-11-07T19:58:21.547+0800: 28.224: [ParNew: 8640K->358K(9216K), 0.0055801 secs] 36273K->28023K(55124K), 0.0056304 secs] [Times: user=0.00 sys=0.00, real=0.00 secs] 
Heap after GC invocations=368 (full 46):
 par new generation   total 9216K, used 358K [0x00000000e3400000, 0x00000000e3e00000, 0x00000000ecca0000)
  eden space 8192K,   0% used [0x00000000e3400000, 0x00000000e3400000, 0x00000000e3c00000)
  from space 1024K,  35% used [0x00000000e3c00000, 0x00000000e3c599c0, 0x00000000e3d00000)
  to   space 1024K,   0% used [0x00000000e3d00000, 0x00000000e3d00000, 0x00000000e3e00000)
 concurrent mark-sweep generation total 45908K, used 27664K [0x00000000ecca0000, 0x00000000ef975000, 0x0000000100000000)
 Metaspace       used 37198K, capacity 38628K, committed 38784K, reserved 1083392K
  class space    used 4634K, capacity 4968K, committed 4992K, reserved 1048576K
}
2020-11-07T19:58:21.599+0800: 28.276: Application time: 0.0465608 seconds
{Heap before GC invocations=368 (full 46):
 par new generation   total 9216K, used 8550K [0x00000000e3400000, 0x00000000e3e00000, 0x00000000ecca0000)
  eden space 8192K, 100% used [0x00000000e3400000, 0x00000000e3c00000, 0x00000000e3c00000)
  from space 1024K,  35% used [0x00000000e3c00000, 0x00000000e3c599c0, 0x00000000e3d00000)
  to   space 1024K,   0% used [0x00000000e3d00000, 0x00000000e3d00000, 0x00000000e3e00000)
 concurrent mark-sweep generation total 45908K, used 27664K [0x00000000ecca0000, 0x00000000ef975000, 0x0000000100000000)
 Metaspace       used 37212K, capacity 38628K, committed 38784K, reserved 1083392K
  class space    used 4635K, capacity 4968K, committed 4992K, reserved 1048576K
2020-11-07T19:58:21.600+0800: 28.276: [GC (Allocation Failure) 2020-11-07T19:58:21.600+0800: 28.276: [ParNew: 8550K->431K(9216K), 0.0113349 secs] 36215K->28106K(55124K), 0.0113874 secs] [Times: user=0.01 sys=0.00, real=0.01 secs] 
Heap after GC invocations=369 (full 46):
 par new generation   total 9216K, used 431K [0x00000000e3400000, 0x00000000e3e00000, 0x00000000ecca0000)
  eden space 8192K,   0% used [0x00000000e3400000, 0x00000000e3400000, 0x00000000e3c00000)
  from space 1024K,  42% used [0x00000000e3d00000, 0x00000000e3d6be28, 0x00000000e3e00000)
  to   space 1024K,   0% used [0x00000000e3c00000, 0x00000000e3c00000, 0x00000000e3d00000)
 concurrent mark-sweep generation total 45908K, used 27674K [0x00000000ecca0000, 0x00000000ef975000, 0x0000000100000000)
 Metaspace       used 37212K, capacity 38628K, committed 38784K, reserved 1083392K
  class space    used 4635K, capacity 4968K, committed 4992K, reserved 1048576K
}
2020-11-07T19:58:21.621+0800: 28.297: [CMS-concurrent-mark: 0.183/0.227 secs] [Times: user=0.21 sys=0.01, real=0.23 secs] 
2020-11-07T19:58:21.621+0800: 28.297: [CMS-concurrent-preclean-start]
2020-11-07T19:58:21.623+0800: 28.300: [CMS-concurrent-preclean: 0.002/0.002 secs] [Times: user=0.00 sys=0.00, real=0.00 secs] 
2020-11-07T19:58:21.637+0800: 28.314: Application time: 0.0259862 seconds
2020-11-07T19:58:21.643+0800: 28.320: [GC (CMS Final Remark) [YG occupancy: 6336 K (9216 K)]2020-11-07T19:58:21.643+0800: 28.320: [Rescan (parallel) , 0.0203141 secs]2020-11-07T19:58:21.663+0800: 28.340: [weak refs processing, 0.0001667 secs]2020-11-07T19:58:21.664+0800: 28.340: [class unloading, 0.0122967 secs]2020-11-07T19:58:21.676+0800: 28.353: [scrub symbol table, 0.0124898 secs]2020-11-07T19:58:21.688+0800: 28.365: [scrub string table, 0.0006974 secs][1 CMS-remark: 27674K(45908K)] 34011K(55124K), 0.0461923 secs] [Times: user=0.04 sys=0.00, real=0.05 secs] 
2020-11-07T19:58:21.699+0800: 28.376: [CMS-concurrent-sweep-start]
2020-11-07T19:58:21.716+0800: 28.392: Application time: 0.0264075 seconds
{Heap before GC invocations=369 (full 46):
 par new generation   total 9216K, used 8623K [0x00000000e3400000, 0x00000000e3e00000, 0x00000000ecca0000)
  eden space 8192K, 100% used [0x00000000e3400000, 0x00000000e3c00000, 0x00000000e3c00000)
  from space 1024K,  42% used [0x00000000e3d00000, 0x00000000e3d6be28, 0x00000000e3e00000)
  to   space 1024K,   0% used [0x00000000e3c00000, 0x00000000e3c00000, 0x00000000e3d00000)
 concurrent mark-sweep generation total 45908K, used 27673K [0x00000000ecca0000, 0x00000000ef975000, 0x0000000100000000)
 Metaspace       used 37234K, capacity 38628K, committed 38784K, reserved 1083392K
  class space    used 4636K, capacity 4968K, committed 4992K, reserved 1048576K
2020-11-07T19:58:21.716+0800: 28.392: [GC (Allocation Failure) 2020-11-07T19:58:21.716+0800: 28.392: [ParNew: 8623K->450K(9216K), 0.0122512 secs] 36297K->28172K(55124K), 0.0123274 secs] [Times: user=0.01 sys=0.00, real=0.01 secs] 
Heap after GC invocations=370 (full 46):
 par new generation   total 9216K, used 450K [0x00000000e3400000, 0x00000000e3e00000, 0x00000000ecca0000)
  eden space 8192K,   0% used [0x00000000e3400000, 0x00000000e3400000, 0x00000000e3c00000)
  from space 1024K,  43% used [0x00000000e3c00000, 0x00000000e3c70848, 0x00000000e3d00000)
  to   space 1024K,   0% used [0x00000000e3d00000, 0x00000000e3d00000, 0x00000000e3e00000)
 concurrent mark-sweep generation total 45908K, used 27722K [0x00000000ecca0000, 0x00000000ef975000, 0x0000000100000000)
 Metaspace       used 37234K, capacity 38628K, committed 38784K, reserved 1083392K
  class space    used 4636K, capacity 4968K, committed 4992K, reserved 1048576K
}
2020-11-07T19:58:21.747+0800: 28.424: [CMS-concurrent-sweep: 0.031/0.048 secs] [Times: user=0.05 sys=0.00, real=0.05 secs] 
2020-11-07T19:58:21.747+0800: 28.424: [CMS-concurrent-reset-start]
2020-11-07T19:58:21.748+0800: 28.425: [CMS-concurrent-reset: 0.001/0.001 secs] [Times: user=0.00 sys=0.00, real=0.00 secs] 
2020-11-07T19:58:21.771+0800: 28.448: Application time: 0.0427923 seconds
2020-11-07T19:58:21.776+0800: 28.452: Application time: 0.0045419 seconds
2020-11-07T19:58:21.790+0800: 28.466: Application time: 0.0138831 seconds
{Heap before GC invocations=370 (full 46):
 par new generation   total 9216K, used 8642K [0x00000000e3400000, 0x00000000e3e00000, 0x00000000ecca0000)
  eden space 8192K, 100% used [0x00000000e3400000, 0x00000000e3c00000, 0x00000000e3c00000)
  from space 1024K,  43% used [0x00000000e3c00000, 0x00000000e3c70848, 0x00000000e3d00000)
  to   space 1024K,   0% used [0x00000000e3d00000, 0x00000000e3d00000, 0x00000000e3e00000)
 concurrent mark-sweep generation total 46152K, used 27689K [0x00000000ecca0000, 0x00000000ef9b2000, 0x0000000100000000)
 Metaspace       used 37316K, capacity 38680K, committed 38784K, reserved 1083392K
  class space    used 4643K, capacity 4966K, committed 4992K, reserved 1048576K
2020-11-07T19:58:21.790+0800: 28.466: [GC (Allocation Failure) 2020-11-07T19:58:21.790+0800: 28.466: [ParNew: 8642K->484K(9216K), 0.0099371 secs] 36331K->28262K(55368K), 0.0100087 secs] [Times: user=0.01 sys=0.00, real=0.01 secs] 
Heap after GC invocations=371 (full 46):
 par new generation   total 9216K, used 484K [0x00000000e3400000, 0x00000000e3e00000, 0x00000000ecca0000)
  eden space 8192K,   0% used [0x00000000e3400000, 0x00000000e3400000, 0x00000000e3c00000)
  from space 1024K,  47% used [0x00000000e3d00000, 0x00000000e3d79268, 0x00000000e3e00000)
  to   space 1024K,   0% used [0x00000000e3c00000, 0x00000000e3c00000, 0x00000000e3d00000)
 concurrent mark-sweep generation total 46152K, used 27778K [0x00000000ecca0000, 0x00000000ef9b2000, 0x0000000100000000)
 Metaspace       used 37316K, capacity 38680K, committed 38784K, reserved 1083392K
  class space    used 4643K, capacity 4966K, committed 4992K, reserved 1048576K
}
2020-11-07T19:58:21.803+0800: 28.480: Application time: 0.0033438 seconds
2020-11-07T19:58:21.803+0800: 28.480: [GC (CMS Initial Mark) [1 CMS-initial-mark: 27778K(46152K)] 29573K(55368K), 0.0033421 secs] [Times: user=0.00 sys=0.00, real=0.01 secs] 
2020-11-07T19:58:21.807+0800: 28.483: [CMS-concurrent-mark-start]
2020-11-07T19:58:21.872+0800: 28.549: Application time: 0.0657519 seconds
{Heap before GC invocations=371 (full 47):
 par new generation   total 9216K, used 8676K [0x00000000e3400000, 0x00000000e3e00000, 0x00000000ecca0000)
  eden space 8192K, 100% used [0x00000000e3400000, 0x00000000e3c00000, 0x00000000e3c00000)
  from space 1024K,  47% used [0x00000000e3d00000, 0x00000000e3d79268, 0x00000000e3e00000)
  to   space 1024K,   0% used [0x00000000e3c00000, 0x00000000e3c00000, 0x00000000e3d00000)
 concurrent mark-sweep generation total 46152K, used 27778K [0x00000000ecca0000, 0x00000000ef9b2000, 0x0000000100000000)
 Metaspace       used 37566K, capacity 38968K, committed 39168K, reserved 1083392K
  class space    used 4670K, capacity 4998K, committed 5120K, reserved 1048576K
2020-11-07T19:58:21.872+0800: 28.549: [GC (Allocation Failure) 2020-11-07T19:58:21.872+0800: 28.549: [ParNew: 8676K->560K(9216K), 0.0202708 secs] 36454K->28367K(55368K), 0.0203762 secs] [Times: user=0.02 sys=0.00, real=0.02 secs] 
Heap after GC invocations=372 (full 47):
 par new generation   total 9216K, used 560K [0x00000000e3400000, 0x00000000e3e00000, 0x00000000ecca0000)
  eden space 8192K,   0% used [0x00000000e3400000, 0x00000000e3400000, 0x00000000e3c00000)
  from space 1024K,  54% used [0x00000000e3c00000, 0x00000000e3c8c2d8, 0x00000000e3d00000)
  to   space 1024K,   0% used [0x00000000e3d00000, 0x00000000e3d00000, 0x00000000e3e00000)
 concurrent mark-sweep generation total 46152K, used 27806K [0x00000000ecca0000, 0x00000000ef9b2000, 0x0000000100000000)
 Metaspace       used 37566K, capacity 38968K, committed 39168K, reserved 1083392K
  class space    used 4670K, capacity 4998K, committed 5120K, reserved 1048576K
}
2020-11-07T19:58:21.916+0800: 28.592: Application time: 0.0227394 seconds
{Heap before GC invocations=372 (full 47):
 par new generation   total 9216K, used 8752K [0x00000000e3400000, 0x00000000e3e00000, 0x00000000ecca0000)
  eden space 8192K, 100% used [0x00000000e3400000, 0x00000000e3c00000, 0x00000000e3c00000)
  from space 1024K,  54% used [0x00000000e3c00000, 0x00000000e3c8c2d8, 0x00000000e3d00000)
  to   space 1024K,   0% used [0x00000000e3d00000, 0x00000000e3d00000, 0x00000000e3e00000)
 concurrent mark-sweep generation total 46152K, used 27806K [0x00000000ecca0000, 0x00000000ef9b2000, 0x0000000100000000)
 Metaspace       used 37571K, capacity 38974K, committed 39168K, reserved 1083392K
  class space    used 4670K, capacity 4999K, committed 5120K, reserved 1048576K
2020-11-07T19:58:21.916+0800: 28.592: [GC (Allocation Failure) 2020-11-07T19:58:21.916+0800: 28.592: [ParNew: 8752K->538K(9216K), 0.0157704 secs] 36559K->28396K(55368K), 0.0158242 secs] [Times: user=0.02 sys=0.00, real=0.01 secs] 
Heap after GC invocations=373 (full 47):
 par new generation   total 9216K, used 538K [0x00000000e3400000, 0x00000000e3e00000, 0x00000000ecca0000)
  eden space 8192K,   0% used [0x00000000e3400000, 0x00000000e3400000, 0x00000000e3c00000)
  from space 1024K,  52% used [0x00000000e3d00000, 0x00000000e3d86ad8, 0x00000000e3e00000)
  to   space 1024K,   0% used [0x00000000e3c00000, 0x00000000e3c00000, 0x00000000e3d00000)
 concurrent mark-sweep generation total 46152K, used 27858K [0x00000000ecca0000, 0x00000000ef9b2000, 0x0000000100000000)
 Metaspace       used 37571K, capacity 38974K, committed 39168K, reserved 1083392K
  class space    used 4670K, capacity 4999K, committed 5120K, reserved 1048576K
}
2020-11-07T19:58:21.977+0800: 28.654: Application time: 0.0452889 seconds
{Heap before GC invocations=373 (full 47):
 par new generation   total 9216K, used 8730K [0x00000000e3400000, 0x00000000e3e00000, 0x00000000ecca0000)
  eden space 8192K, 100% used [0x00000000e3400000, 0x00000000e3c00000, 0x00000000e3c00000)
  from space 1024K,  52% used [0x00000000e3d00000, 0x00000000e3d86ad8, 0x00000000e3e00000)
  to   space 1024K,   0% used [0x00000000e3c00000, 0x00000000e3c00000, 0x00000000e3d00000)
 concurrent mark-sweep generation total 46152K, used 27858K [0x00000000ecca0000, 0x00000000ef9b2000, 0x0000000100000000)
 Metaspace       used 37572K, capacity 38974K, committed 39168K, reserved 1083392K
  class space    used 4670K, capacity 4999K, committed 5120K, reserved 1048576K
2020-11-07T19:58:21.977+0800: 28.654: [GC (Allocation Failure) 2020-11-07T19:58:21.977+0800: 28.654: [ParNew: 8730K->584K(9216K), 0.0094412 secs] 36588K->28443K(55368K), 0.0094954 secs] [Times: user=0.01 sys=0.00, real=0.01 secs] 
Heap after GC invocations=374 (full 47):
 par new generation   total 9216K, used 584K [0x00000000e3400000, 0x00000000e3e00000, 0x00000000ecca0000)
  eden space 8192K,   0% used [0x00000000e3400000, 0x00000000e3400000, 0x00000000e3c00000)
  from space 1024K,  57% used [0x00000000e3c00000, 0x00000000e3c923b0, 0x00000000e3d00000)
  to   space 1024K,   0% used [0x00000000e3d00000, 0x00000000e3d00000, 0x00000000e3e00000)
 concurrent mark-sweep generation total 46152K, used 27858K [0x00000000ecca0000, 0x00000000ef9b2000, 0x0000000100000000)
 Metaspace       used 37572K, capacity 38974K, committed 39168K, reserved 1083392K
  class space    used 4670K, capacity 4999K, committed 5120K, reserved 1048576K
}
2020-11-07T19:58:22.010+0800: 28.686: [CMS-concurrent-mark: 0.153/0.203 secs] [Times: user=0.19 sys=0.00, real=0.20 secs] 
2020-11-07T19:58:22.010+0800: 28.686: [CMS-concurrent-preclean-start]
2020-11-07T19:58:22.012+0800: 28.689: [CMS-concurrent-preclean: 0.002/0.002 secs] [Times: user=0.00 sys=0.00, real=0.00 secs] 
2020-11-07T19:58:22.012+0800: 28.689: [CMS-concurrent-abortable-preclean-start]
2020-11-07T19:58:22.070+0800: 28.747: Application time: 0.0836696 seconds
{Heap before GC invocations=374 (full 47):
 par new generation   total 9216K, used 8776K [0x00000000e3400000, 0x00000000e3e00000, 0x00000000ecca0000)
  eden space 8192K, 100% used [0x00000000e3400000, 0x00000000e3c00000, 0x00000000e3c00000)
  from space 1024K,  57% used [0x00000000e3c00000, 0x00000000e3c923b0, 0x00000000e3d00000)
  to   space 1024K,   0% used [0x00000000e3d00000, 0x00000000e3d00000, 0x00000000e3e00000)
 concurrent mark-sweep generation total 46152K, used 27858K [0x00000000ecca0000, 0x00000000ef9b2000, 0x0000000100000000)
 Metaspace       used 37613K, capacity 38980K, committed 39168K, reserved 1083392K
  class space    used 4671K, capacity 5000K, committed 5120K, reserved 1048576K
2020-11-07T19:58:22.070+0800: 28.747: [GC (Allocation Failure) 2020-11-07T19:58:22.071+0800: 28.747: [ParNew: 8776K->637K(9216K), 0.0070319 secs] 36635K->28532K(55368K), 0.0071033 secs] [Times: user=0.01 sys=0.00, real=0.01 secs] 
Heap after GC invocations=375 (full 47):
 par new generation   total 9216K, used 637K [0x00000000e3400000, 0x00000000e3e00000, 0x00000000ecca0000)
  eden space 8192K,   0% used [0x00000000e3400000, 0x00000000e3400000, 0x00000000e3c00000)
  from space 1024K,  62% used [0x00000000e3d00000, 0x00000000e3d9f628, 0x00000000e3e00000)
  to   space 1024K,   0% used [0x00000000e3c00000, 0x00000000e3c00000, 0x00000000e3d00000)
 concurrent mark-sweep generation total 46152K, used 27895K [0x00000000ecca0000, 0x00000000ef9b2000, 0x0000000100000000)
 Metaspace       used 37613K, capacity 38980K, committed 39168K, reserved 1083392K
  class space    used 4671K, capacity 5000K, committed 5120K, reserved 1048576K
}
2020-11-07T19:58:22.086+0800: 28.763: [CMS-concurrent-abortable-preclean: 0.061/0.074 secs] [Times: user=0.07 sys=0.01, real=0.08 secs] 
2020-11-07T19:58:22.089+0800: 28.766: Application time: 0.0113228 seconds
2020-11-07T19:58:22.090+0800: 28.767: [GC (CMS Final Remark) [YG occupancy: 6052 K (9216 K)]2020-11-07T19:58:22.090+0800: 28.767: [Rescan (parallel) , 0.0057515 secs]2020-11-07T19:58:22.096+0800: 28.772: [weak refs processing, 0.0011934 secs]2020-11-07T19:58:22.097+0800: 28.774: [class unloading, 0.0132155 secs]2020-11-07T19:58:22.110+0800: 28.787: [scrub symbol table, 0.0148971 secs]2020-11-07T19:58:22.125+0800: 28.802: [scrub string table, 0.0009024 secs][1 CMS-remark: 27895K(46152K)] 33947K(55368K), 0.0362006 secs] [Times: user=0.03 sys=0.00, real=0.04 secs] 
2020-11-07T19:58:22.136+0800: 28.813: [CMS-concurrent-sweep-start]
2020-11-07T19:58:22.146+0800: 28.823: Application time: 0.0198064 seconds
{Heap before GC invocations=375 (full 47):
 par new generation   total 9216K, used 8829K [0x00000000e3400000, 0x00000000e3e00000, 0x00000000ecca0000)
  eden space 8192K, 100% used [0x00000000e3400000, 0x00000000e3c00000, 0x00000000e3c00000)
  from space 1024K,  62% used [0x00000000e3d00000, 0x00000000e3d9f628, 0x00000000e3e00000)
  to   space 1024K,   0% used [0x00000000e3c00000, 0x00000000e3c00000, 0x00000000e3d00000)
 concurrent mark-sweep generation total 46152K, used 27895K [0x00000000ecca0000, 0x00000000ef9b2000, 0x0000000100000000)
 Metaspace       used 37616K, capacity 38980K, committed 39168K, reserved 1083392K
  class space    used 4671K, capacity 5000K, committed 5120K, reserved 1048576K
2020-11-07T19:58:22.146+0800: 28.823: [GC (Allocation Failure) 2020-11-07T19:58:22.146+0800: 28.823: [ParNew: 8829K->536K(9216K), 0.0061201 secs] 36724K->28475K(55368K), 0.0062163 secs] [Times: user=0.01 sys=0.00, real=0.00 secs] 
Heap after GC invocations=376 (full 47):
 par new generation   total 9216K, used 536K [0x00000000e3400000, 0x00000000e3e00000, 0x00000000ecca0000)
  eden space 8192K,   0% used [0x00000000e3400000, 0x00000000e3400000, 0x00000000e3c00000)
  from space 1024K,  52% used [0x00000000e3c00000, 0x00000000e3c86040, 0x00000000e3d00000)
  to   space 1024K,   0% used [0x00000000e3d00000, 0x00000000e3d00000, 0x00000000e3e00000)
 concurrent mark-sweep generation total 46152K, used 27939K [0x00000000ecca0000, 0x00000000ef9b2000, 0x0000000100000000)
 Metaspace       used 37616K, capacity 38980K, committed 39168K, reserved 1083392K
  class space    used 4671K, capacity 5000K, committed 5120K, reserved 1048576K
}
2020-11-07T19:58:22.169+0800: 28.846: [CMS-concurrent-sweep: 0.020/0.033 secs] [Times: user=0.04 sys=0.00, real=0.03 secs] 
2020-11-07T19:58:22.169+0800: 28.846: [CMS-concurrent-reset-start]
2020-11-07T19:58:22.204+0800: 28.880: [CMS-concurrent-reset: 0.035/0.035 secs] [Times: user=0.03 sys=0.00, real=0.03 secs] 
2020-11-07T19:58:22.208+0800: 28.884: Application time: 0.0552491 seconds
{Heap before GC invocations=376 (full 47):
 par new generation   total 9216K, used 8728K [0x00000000e3400000, 0x00000000e3e00000, 0x00000000ecca0000)
  eden space 8192K, 100% used [0x00000000e3400000, 0x00000000e3c00000, 0x00000000e3c00000)
  from space 1024K,  52% used [0x00000000e3c00000, 0x00000000e3c86040, 0x00000000e3d00000)
  to   space 1024K,   0% used [0x00000000e3d00000, 0x00000000e3d00000, 0x00000000e3e00000)
 concurrent mark-sweep generation total 46536K, used 27919K [0x00000000ecca0000, 0x00000000efa12000, 0x0000000100000000)
 Metaspace       used 37636K, capacity 39038K, committed 39424K, reserved 1083392K
  class space    used 4672K, capacity 4999K, committed 5120K, reserved 1048576K
2020-11-07T19:58:22.208+0800: 28.885: [GC (Allocation Failure) 2020-11-07T19:58:22.208+0800: 28.885: [ParNew: 8728K->644K(9216K), 0.0185252 secs] 36647K->28563K(55752K), 0.0185983 secs] [Times: user=0.02 sys=0.00, real=0.02 secs] 
Heap after GC invocations=377 (full 47):
 par new generation   total 9216K, used 644K [0x00000000e3400000, 0x00000000e3e00000, 0x00000000ecca0000)
  eden space 8192K,   0% used [0x00000000e3400000, 0x00000000e3400000, 0x00000000e3c00000)
  from space 1024K,  62% used [0x00000000e3d00000, 0x00000000e3da1158, 0x00000000e3e00000)
  to   space 1024K,   0% used [0x00000000e3c00000, 0x00000000e3c00000, 0x00000000e3d00000)
 concurrent mark-sweep generation total 46536K, used 27919K [0x00000000ecca0000, 0x00000000efa12000, 0x0000000100000000)
 Metaspace       used 37636K, capacity 39038K, committed 39424K, reserved 1083392K
  class space    used 4672K, capacity 4999K, committed 5120K, reserved 1048576K
}
2020-11-07T19:58:22.269+0800: 28.946: Application time: 0.0423981 seconds
{Heap before GC invocations=377 (full 47):
 par new generation   total 9216K, used 8836K [0x00000000e3400000, 0x00000000e3e00000, 0x00000000ecca0000)
  eden space 8192K, 100% used [0x00000000e3400000, 0x00000000e3c00000, 0x00000000e3c00000)
  from space 1024K,  62% used [0x00000000e3d00000, 0x00000000e3da1158, 0x00000000e3e00000)
  to   space 1024K,   0% used [0x00000000e3c00000, 0x00000000e3c00000, 0x00000000e3d00000)
 concurrent mark-sweep generation total 46536K, used 27919K [0x00000000ecca0000, 0x00000000efa12000, 0x0000000100000000)
 Metaspace       used 37651K, capacity 39038K, committed 39424K, reserved 1083392K
  class space    used 4674K, capacity 4999K, committed 5120K, reserved 1048576K
2020-11-07T19:58:22.269+0800: 28.946: [GC (Allocation Failure) 2020-11-07T19:58:22.269+0800: 28.946: [ParNew: 8836K->680K(9216K), 0.0146508 secs] 36755K->28657K(55752K), 0.0147034 secs] [Times: user=0.01 sys=0.00, real=0.01 secs] 
Heap after GC invocations=378 (full 47):
 par new generation   total 9216K, used 680K [0x00000000e3400000, 0x00000000e3e00000, 0x00000000ecca0000)
  eden space 8192K,   0% used [0x00000000e3400000, 0x00000000e3400000, 0x00000000e3c00000)
  from space 1024K,  66% used [0x00000000e3c00000, 0x00000000e3caa098, 0x00000000e3d00000)
  to   space 1024K,   0% used [0x00000000e3d00000, 0x00000000e3d00000, 0x00000000e3e00000)
 concurrent mark-sweep generation total 46536K, used 27977K [0x00000000ecca0000, 0x00000000efa12000, 0x0000000100000000)
 Metaspace       used 37651K, capacity 39038K, committed 39424K, reserved 1083392K
  class space    used 4674K, capacity 4999K, committed 5120K, reserved 1048576K
}
2020-11-07T19:58:22.287+0800: 28.963: Application time: 0.0027793 seconds
2020-11-07T19:58:22.287+0800: 28.964: [GC (CMS Initial Mark) [1 CMS-initial-mark: 27977K(46536K)] 30132K(55752K), 0.0041173 secs] [Times: user=0.00 sys=0.00, real=0.00 secs] 
2020-11-07T19:58:22.294+0800: 28.971: [CMS-concurrent-mark-start]
2020-11-07T19:58:22.374+0800: 29.051: Application time: 0.0829918 seconds
{Heap before GC invocations=378 (full 48):
 par new generation   total 9216K, used 8872K [0x00000000e3400000, 0x00000000e3e00000, 0x00000000ecca0000)
  eden space 8192K, 100% used [0x00000000e3400000, 0x00000000e3c00000, 0x00000000e3c00000)
  from space 1024K,  66% used [0x00000000e3c00000, 0x00000000e3caa098, 0x00000000e3d00000)
  to   space 1024K,   0% used [0x00000000e3d00000, 0x00000000e3d00000, 0x00000000e3e00000)
 concurrent mark-sweep generation total 46536K, used 27977K [0x00000000ecca0000, 0x00000000efa12000, 0x0000000100000000)
 Metaspace       used 37680K, capacity 39038K, committed 39424K, reserved 1083392K
  class space    used 4677K, capacity 4999K, committed 5120K, reserved 1048576K
2020-11-07T19:58:22.374+0800: 29.051: [GC (Allocation Failure) 2020-11-07T19:58:22.374+0800: 29.051: [ParNew: 8872K->679K(9216K), 0.0417425 secs] 36849K->28795K(55752K), 0.0418305 secs] [Times: user=0.04 sys=0.00, real=0.05 secs] 
Heap after GC invocations=379 (full 48):
 par new generation   total 9216K, used 679K [0x00000000e3400000, 0x00000000e3e00000, 0x00000000ecca0000)
  eden space 8192K,   0% used [0x00000000e3400000, 0x00000000e3400000, 0x00000000e3c00000)
  from space 1024K,  66% used [0x00000000e3d00000, 0x00000000e3da9d68, 0x00000000e3e00000)
  to   space 1024K,   0% used [0x00000000e3c00000, 0x00000000e3c00000, 0x00000000e3d00000)
 concurrent mark-sweep generation total 46536K, used 28116K [0x00000000ecca0000, 0x00000000efa12000, 0x0000000100000000)
 Metaspace       used 37680K, capacity 39038K, committed 39424K, reserved 1083392K
  class space    used 4677K, capacity 4999K, committed 5120K, reserved 1048576K
}
2020-11-07T19:58:22.502+0800: 29.179: Application time: 0.0859111 seconds
{Heap before GC invocations=379 (full 48):
 par new generation   total 9216K, used 8871K [0x00000000e3400000, 0x00000000e3e00000, 0x00000000ecca0000)
  eden space 8192K, 100% used [0x00000000e3400000, 0x00000000e3c00000, 0x00000000e3c00000)
  from space 1024K,  66% used [0x00000000e3d00000, 0x00000000e3da9d68, 0x00000000e3e00000)
  to   space 1024K,   0% used [0x00000000e3c00000, 0x00000000e3c00000, 0x00000000e3d00000)
 concurrent mark-sweep generation total 46536K, used 28116K [0x00000000ecca0000, 0x00000000efa12000, 0x0000000100000000)
 Metaspace       used 37707K, capacity 39110K, committed 39424K, reserved 1083392K
  class space    used 4680K, capacity 4999K, committed 5120K, reserved 1048576K
2020-11-07T19:58:22.502+0800: 29.179: [GC (Allocation Failure) 2020-11-07T19:58:22.502+0800: 29.179: [ParNew: 8871K->613K(9216K), 0.0311219 secs] 36987K->28730K(55752K), 0.0311881 secs] [Times: user=0.03 sys=0.00, real=0.03 secs] 
Heap after GC invocations=380 (full 48):
 par new generation   total 9216K, used 613K [0x00000000e3400000, 0x00000000e3e00000, 0x00000000ecca0000)
  eden space 8192K,   0% used [0x00000000e3400000, 0x00000000e3400000, 0x00000000e3c00000)
  from space 1024K,  59% used [0x00000000e3c00000, 0x00000000e3c99738, 0x00000000e3d00000)
  to   space 1024K,   0% used [0x00000000e3d00000, 0x00000000e3d00000, 0x00000000e3e00000)
 concurrent mark-sweep generation total 46536K, used 28116K [0x00000000ecca0000, 0x00000000efa12000, 0x0000000100000000)
 Metaspace       used 37707K, capacity 39110K, committed 39424K, reserved 1083392K
  class space    used 4680K, capacity 4999K, committed 5120K, reserved 1048576K
}
2020-11-07T19:58:22.561+0800: 29.237: [CMS-concurrent-mark: 0.188/0.267 secs] [Times: user=0.25 sys=0.00, real=0.27 secs] 
2020-11-07T19:58:22.561+0800: 29.237: [CMS-concurrent-preclean-start]
2020-11-07T19:58:22.564+0800: 29.240: [CMS-concurrent-preclean: 0.003/0.003 secs] [Times: user=0.01 sys=0.00, real=0.00 secs] 
2020-11-07T19:58:22.564+0800: 29.240: [CMS-concurrent-abortable-preclean-start]
2020-11-07T19:58:22.577+0800: 29.253: Application time: 0.0433580 seconds
{Heap before GC invocations=380 (full 48):
 par new generation   total 9216K, used 8805K [0x00000000e3400000, 0x00000000e3e00000, 0x00000000ecca0000)
  eden space 8192K, 100% used [0x00000000e3400000, 0x00000000e3c00000, 0x00000000e3c00000)
  from space 1024K,  59% used [0x00000000e3c00000, 0x00000000e3c99738, 0x00000000e3d00000)
  to   space 1024K,   0% used [0x00000000e3d00000, 0x00000000e3d00000, 0x00000000e3e00000)
 concurrent mark-sweep generation total 46536K, used 28116K [0x00000000ecca0000, 0x00000000efa12000, 0x0000000100000000)
 Metaspace       used 37710K, capacity 39110K, committed 39424K, reserved 1083392K
  class space    used 4680K, capacity 4999K, committed 5120K, reserved 1048576K
2020-11-07T19:58:22.577+0800: 29.254: [GC (Allocation Failure) 2020-11-07T19:58:22.577+0800: 29.254: [ParNew: 8805K->562K(9216K), 0.0196614 secs] 36922K->28838K(55752K), 0.0197426 secs] [Times: user=0.02 sys=0.00, real=0.02 secs] 
Heap after GC invocations=381 (full 48):
 par new generation   total 9216K, used 562K [0x00000000e3400000, 0x00000000e3e00000, 0x00000000ecca0000)
  eden space 8192K,   0% used [0x00000000e3400000, 0x00000000e3400000, 0x00000000e3c00000)
  from space 1024K,  54% used [0x00000000e3d00000, 0x00000000e3d8c9e0, 0x00000000e3e00000)
  to   space 1024K,   0% used [0x00000000e3c00000, 0x00000000e3c00000, 0x00000000e3d00000)
 concurrent mark-sweep generation total 46536K, used 28276K [0x00000000ecca0000, 0x00000000efa12000, 0x0000000100000000)
 Metaspace       used 37710K, capacity 39110K, committed 39424K, reserved 1083392K
  class space    used 4680K, capacity 4999K, committed 5120K, reserved 1048576K
}
2020-11-07T19:58:22.633+0800: 29.309: Application time: 0.0360217 seconds
{Heap before GC invocations=381 (full 48):
 par new generation   total 9216K, used 8754K [0x00000000e3400000, 0x00000000e3e00000, 0x00000000ecca0000)
  eden space 8192K, 100% used [0x00000000e3400000, 0x00000000e3c00000, 0x00000000e3c00000)
  from space 1024K,  54% used [0x00000000e3d00000, 0x00000000e3d8c9e0, 0x00000000e3e00000)
  to   space 1024K,   0% used [0x00000000e3c00000, 0x00000000e3c00000, 0x00000000e3d00000)
 concurrent mark-sweep generation total 46536K, used 28276K [0x00000000ecca0000, 0x00000000efa12000, 0x0000000100000000)
 Metaspace       used 37716K, capacity 39110K, committed 39424K, reserved 1083392K
  class space    used 4681K, capacity 4999K, committed 5120K, reserved 1048576K
2020-11-07T19:58:22.633+0800: 29.310: [GC (Allocation Failure) 2020-11-07T19:58:22.633+0800: 29.310: [ParNew: 8754K->592K(9216K), 0.0272761 secs] 37030K->28868K(55752K), 0.0273291 secs] [Times: user=0.02 sys=0.01, real=0.03 secs] 
Heap after GC invocations=382 (full 48):
 par new generation   total 9216K, used 592K [0x00000000e3400000, 0x00000000e3e00000, 0x00000000ecca0000)
  eden space 8192K,   0% used [0x00000000e3400000, 0x00000000e3400000, 0x00000000e3c00000)
  from space 1024K,  57% used [0x00000000e3c00000, 0x00000000e3c941d8, 0x00000000e3d00000)
  to   space 1024K,   0% used [0x00000000e3d00000, 0x00000000e3d00000, 0x00000000e3e00000)
 concurrent mark-sweep generation total 46536K, used 28276K [0x00000000ecca0000, 0x00000000efa12000, 0x0000000100000000)
 Metaspace       used 37716K, capacity 39110K, committed 39424K, reserved 1083392K
  class space    used 4681K, capacity 4999K, committed 5120K, reserved 1048576K
}
2020-11-07T19:58:22.691+0800: 29.368: Application time: 0.0304765 seconds
{Heap before GC invocations=382 (full 48):
 par new generation   total 9216K, used 8784K [0x00000000e3400000, 0x00000000e3e00000, 0x00000000ecca0000)
  eden space 8192K, 100% used [0x00000000e3400000, 0x00000000e3c00000, 0x00000000e3c00000)
  from space 1024K,  57% used [0x00000000e3c00000, 0x00000000e3c941d8, 0x00000000e3d00000)
  to   space 1024K,   0% used [0x00000000e3d00000, 0x00000000e3d00000, 0x00000000e3e00000)
 concurrent mark-sweep generation total 46536K, used 28276K [0x00000000ecca0000, 0x00000000efa12000, 0x0000000100000000)
 Metaspace       used 37732K, capacity 39118K, committed 39424K, reserved 1083392K
  class space    used 4684K, capacity 5001K, committed 5120K, reserved 1048576K
2020-11-07T19:58:22.691+0800: 29.368: [GC (Allocation Failure) 2020-11-07T19:58:22.691+0800: 29.368: [ParNew: 8784K->511K(9216K), 0.0237990 secs] 37060K->28820K(55752K), 0.0238550 secs] [Times: user=0.02 sys=0.00, real=0.03 secs] 
Heap after GC invocations=383 (full 48):
 par new generation   total 9216K, used 511K [0x00000000e3400000, 0x00000000e3e00000, 0x00000000ecca0000)
  eden space 8192K,   0% used [0x00000000e3400000, 0x00000000e3400000, 0x00000000e3c00000)
  from space 1024K,  49% used [0x00000000e3d00000, 0x00000000e3d7fc40, 0x00000000e3e00000)
  to   space 1024K,   0% used [0x00000000e3c00000, 0x00000000e3c00000, 0x00000000e3d00000)
 concurrent mark-sweep generation total 46536K, used 28309K [0x00000000ecca0000, 0x00000000efa12000, 0x0000000100000000)
 Metaspace       used 37732K, capacity 39118K, committed 39424K, reserved 1083392K
  class space    used 4684K, capacity 5001K, committed 5120K, reserved 1048576K
}
2020-11-07T19:58:22.715+0800: 29.392: [CMS-concurrent-abortable-preclean: 0.068/0.151 secs] [Times: user=0.13 sys=0.01, real=0.16 secs] 
2020-11-07T19:58:22.719+0800: 29.396: Application time: 0.0041071 seconds
2020-11-07T19:58:22.719+0800: 29.396: [GC (CMS Final Remark) [YG occupancy: 3628 K (9216 K)]2020-11-07T19:58:22.719+0800: 29.396: [Rescan (parallel) , 0.0152727 secs]2020-11-07T19:58:22.734+0800: 29.411: [weak refs processing, 0.0016180 secs]2020-11-07T19:58:22.736+0800: 29.413: [class unloading, 0.0130411 secs]2020-11-07T19:58:22.749+0800: 29.426: [scrub symbol table, 0.0315410 secs]2020-11-07T19:58:22.781+0800: 29.457: [scrub string table, 0.0007943 secs][1 CMS-remark: 28309K(46536K)] 31937K(55752K), 0.0625069 secs] [Times: user=0.05 sys=0.00, real=0.06 secs] 
2020-11-07T19:58:22.785+0800: 29.462: [CMS-concurrent-sweep-start]
2020-11-07T19:58:22.807+0800: 29.484: Application time: 0.0255119 seconds
{Heap before GC invocations=383 (full 48):
 par new generation   total 9216K, used 8703K [0x00000000e3400000, 0x00000000e3e00000, 0x00000000ecca0000)
  eden space 8192K, 100% used [0x00000000e3400000, 0x00000000e3c00000, 0x00000000e3c00000)
  from space 1024K,  49% used [0x00000000e3d00000, 0x00000000e3d7fc40, 0x00000000e3e00000)
  to   space 1024K,   0% used [0x00000000e3c00000, 0x00000000e3c00000, 0x00000000e3d00000)
 concurrent mark-sweep generation total 46536K, used 28306K [0x00000000ecca0000, 0x00000000efa12000, 0x0000000100000000)
 Metaspace       used 37732K, capacity 39118K, committed 39424K, reserved 1083392K
  class space    used 4684K, capacity 5001K, committed 5120K, reserved 1048576K
2020-11-07T19:58:22.807+0800: 29.484: [GC (Allocation Failure) 2020-11-07T19:58:22.807+0800: 29.484: [ParNew: 8703K->448K(9216K), 0.0081156 secs] 37010K->28827K(55752K), 0.0081969 secs] [Times: user=0.00 sys=0.00, real=0.01 secs] 
Heap after GC invocations=384 (full 48):
 par new generation   total 9216K, used 448K [0x00000000e3400000, 0x00000000e3e00000, 0x00000000ecca0000)
  eden space 8192K,   0% used [0x00000000e3400000, 0x00000000e3400000, 0x00000000e3c00000)
  from space 1024K,  43% used [0x00000000e3c00000, 0x00000000e3c701a0, 0x00000000e3d00000)
  to   space 1024K,   0% used [0x00000000e3d00000, 0x00000000e3d00000, 0x00000000e3e00000)
 concurrent mark-sweep generation total 46536K, used 28379K [0x00000000ecca0000, 0x00000000efa12000, 0x0000000100000000)
 Metaspace       used 37732K, capacity 39118K, committed 39424K, reserved 1083392K
  class space    used 4684K, capacity 5001K, committed 5120K, reserved 1048576K
}
2020-11-07T19:58:22.823+0800: 29.500: [CMS-concurrent-sweep: 0.026/0.038 secs] [Times: user=0.03 sys=0.00, real=0.03 secs] 
2020-11-07T19:58:22.823+0800: 29.500: [CMS-concurrent-reset-start]
2020-11-07T19:58:22.833+0800: 29.510: Application time: 0.0177145 seconds
{Heap before GC invocations=384 (full 48):
 par new generation   total 9216K, used 8640K [0x00000000e3400000, 0x00000000e3e00000, 0x00000000ecca0000)
  eden space 8192K, 100% used [0x00000000e3400000, 0x00000000e3c00000, 0x00000000e3c00000)
  from space 1024K,  43% used [0x00000000e3c00000, 0x00000000e3c701a0, 0x00000000e3d00000)
  to   space 1024K,   0% used [0x00000000e3d00000, 0x00000000e3d00000, 0x00000000e3e00000)
 concurrent mark-sweep generation total 47260K, used 28355K [0x00000000ecca0000, 0x00000000efac7000, 0x0000000100000000)
 Metaspace       used 37726K, capacity 39106K, committed 39424K, reserved 1083392K
  class space    used 4682K, capacity 4999K, committed 5120K, reserved 1048576K
2020-11-07T19:58:22.833+0800: 29.510: [GC (Allocation Failure) 2020-11-07T19:58:22.833+0800: 29.510: [ParNew: 8640K->379K(9216K), 0.0054183 secs] 36995K->28750K(56476K), 0.0055014 secs] [Times: user=0.01 sys=0.00, real=0.01 secs] 
Heap after GC invocations=385 (full 48):
 par new generation   total 9216K, used 379K [0x00000000e3400000, 0x00000000e3e00000, 0x00000000ecca0000)
  eden space 8192K,   0% used [0x00000000e3400000, 0x00000000e3400000, 0x00000000e3c00000)
  from space 1024K,  37% used [0x00000000e3d00000, 0x00000000e3d5ec20, 0x00000000e3e00000)
  to   space 1024K,   0% used [0x00000000e3c00000, 0x00000000e3c00000, 0x00000000e3d00000)
 concurrent mark-sweep generation total 47260K, used 28371K [0x00000000ecca0000, 0x00000000efac7000, 0x0000000100000000)
 Metaspace       used 37726K, capacity 39106K, committed 39424K, reserved 1083392K
  class space    used 4682K, capacity 4999K, committed 5120K, reserved 1048576K
}
2020-11-07T19:58:22.840+0800: 29.517: [CMS-concurrent-reset: 0.011/0.016 secs] [Times: user=0.02 sys=0.00, real=0.02 secs] 
2020-11-07T19:58:22.859+0800: 29.536: Application time: 0.0202518 seconds
{Heap before GC invocations=385 (full 48):
 par new generation   total 9216K, used 8571K [0x00000000e3400000, 0x00000000e3e00000, 0x00000000ecca0000)
  eden space 8192K, 100% used [0x00000000e3400000, 0x00000000e3c00000, 0x00000000e3c00000)
  from space 1024K,  37% used [0x00000000e3d00000, 0x00000000e3d5ec20, 0x00000000e3e00000)
  to   space 1024K,   0% used [0x00000000e3c00000, 0x00000000e3c00000, 0x00000000e3d00000)
 concurrent mark-sweep generation total 47260K, used 28371K [0x00000000ecca0000, 0x00000000efac7000, 0x0000000100000000)
 Metaspace       used 37729K, capacity 39112K, committed 39424K, reserved 1083392K
  class space    used 4683K, capacity 5000K, committed 5120K, reserved 1048576K
2020-11-07T19:58:22.859+0800: 29.536: [GC (Allocation Failure) 2020-11-07T19:58:22.859+0800: 29.536: [ParNew: 8571K->439K(9216K), 0.0237464 secs] 36942K->28853K(56476K), 0.0238232 secs] [Times: user=0.02 sys=0.00, real=0.02 secs] 
Heap after GC invocations=386 (full 48):
 par new generation   total 9216K, used 439K [0x00000000e3400000, 0x00000000e3e00000, 0x00000000ecca0000)
  eden space 8192K,   0% used [0x00000000e3400000, 0x00000000e3400000, 0x00000000e3c00000)
  from space 1024K,  42% used [0x00000000e3c00000, 0x00000000e3c6dd80, 0x00000000e3d00000)
  to   space 1024K,   0% used [0x00000000e3d00000, 0x00000000e3d00000, 0x00000000e3e00000)
 concurrent mark-sweep generation total 47260K, used 28413K [0x00000000ecca0000, 0x00000000efac7000, 0x0000000100000000)
 Metaspace       used 37729K, capacity 39112K, committed 39424K, reserved 1083392K
  class space    used 4683K, capacity 5000K, committed 5120K, reserved 1048576K
}
2020-11-07T19:58:22.888+0800: 29.565: Application time: 0.0047504 seconds
2020-11-07T19:58:22.888+0800: 29.565: [GC (CMS Initial Mark) [1 CMS-initial-mark: 28413K(47260K)] 33447K(56476K), 0.0051759 secs] [Times: user=0.01 sys=0.00, real=0.00 secs] 
2020-11-07T19:58:22.893+0800: 29.570: [CMS-concurrent-mark-start]
2020-11-07T19:58:22.958+0800: 29.635: Application time: 0.0650518 seconds
{Heap before GC invocations=386 (full 49):
 par new generation   total 9216K, used 8631K [0x00000000e3400000, 0x00000000e3e00000, 0x00000000ecca0000)
  eden space 8192K, 100% used [0x00000000e3400000, 0x00000000e3c00000, 0x00000000e3c00000)
  from space 1024K,  42% used [0x00000000e3c00000, 0x00000000e3c6dd80, 0x00000000e3d00000)
  to   space 1024K,   0% used [0x00000000e3d00000, 0x00000000e3d00000, 0x00000000e3e00000)
 concurrent mark-sweep generation total 47260K, used 28413K [0x00000000ecca0000, 0x00000000efac7000, 0x0000000100000000)
 Metaspace       used 37752K, capacity 39112K, committed 39424K, reserved 1083392K
  class space    used 4685K, capacity 5000K, committed 5120K, reserved 1048576K
2020-11-07T19:58:22.959+0800: 29.635: [GC (Allocation Failure) 2020-11-07T19:58:22.959+0800: 29.635: [ParNew: 8631K->415K(9216K), 0.0256252 secs] 37045K->28857K(56476K), 0.0257191 secs] [Times: user=0.02 sys=0.00, real=0.02 secs] 
Heap after GC invocations=387 (full 49):
 par new generation   total 9216K, used 415K [0x00000000e3400000, 0x00000000e3e00000, 0x00000000ecca0000)
  eden space 8192K,   0% used [0x00000000e3400000, 0x00000000e3400000, 0x00000000e3c00000)
  from space 1024K,  40% used [0x00000000e3d00000, 0x00000000e3d67d58, 0x00000000e3e00000)
  to   space 1024K,   0% used [0x00000000e3c00000, 0x00000000e3c00000, 0x00000000e3d00000)
 concurrent mark-sweep generation total 47260K, used 28442K [0x00000000ecca0000, 0x00000000efac7000, 0x0000000100000000)
 Metaspace       used 37752K, capacity 39112K, committed 39424K, reserved 1083392K
  class space    used 4685K, capacity 5000K, committed 5120K, reserved 1048576K
}
2020-11-07T19:58:23.045+0800: 29.722: Application time: 0.0609410 seconds
{Heap before GC invocations=387 (full 49):
 par new generation   total 9216K, used 8607K [0x00000000e3400000, 0x00000000e3e00000, 0x00000000ecca0000)
  eden space 8192K, 100% used [0x00000000e3400000, 0x00000000e3c00000, 0x00000000e3c00000)
  from space 1024K,  40% used [0x00000000e3d00000, 0x00000000e3d67d58, 0x00000000e3e00000)
  to   space 1024K,   0% used [0x00000000e3c00000, 0x00000000e3c00000, 0x00000000e3d00000)
 concurrent mark-sweep generation total 47260K, used 28442K [0x00000000ecca0000, 0x00000000efac7000, 0x0000000100000000)
 Metaspace       used 37758K, capacity 39112K, committed 39424K, reserved 1083392K
  class space    used 4685K, capacity 5000K, committed 5120K, reserved 1048576K
2020-11-07T19:58:23.045+0800: 29.722: [GC (Allocation Failure) 2020-11-07T19:58:23.046+0800: 29.722: [ParNew: 8607K->437K(9216K), 0.0147218 secs] 37049K->28956K(56476K), 0.0147745 secs] [Times: user=0.01 sys=0.00, real=0.01 secs] 
Heap after GC invocations=388 (full 49):
 par new generation   total 9216K, used 437K [0x00000000e3400000, 0x00000000e3e00000, 0x00000000ecca0000)
  eden space 8192K,   0% used [0x00000000e3400000, 0x00000000e3400000, 0x00000000e3c00000)
  from space 1024K,  42% used [0x00000000e3c00000, 0x00000000e3c6d768, 0x00000000e3d00000)
  to   space 1024K,   0% used [0x00000000e3d00000, 0x00000000e3d00000, 0x00000000e3e00000)
 concurrent mark-sweep generation total 47260K, used 28518K [0x00000000ecca0000, 0x00000000efac7000, 0x0000000100000000)
 Metaspace       used 37758K, capacity 39112K, committed 39424K, reserved 1083392K
  class space    used 4685K, capacity 5000K, committed 5120K, reserved 1048576K
}
2020-11-07T19:58:23.101+0800: 29.778: Application time: 0.0406828 seconds
{Heap before GC invocations=388 (full 49):
 par new generation   total 9216K, used 8629K [0x00000000e3400000, 0x00000000e3e00000, 0x00000000ecca0000)
  eden space 8192K, 100% used [0x00000000e3400000, 0x00000000e3c00000, 0x00000000e3c00000)
  from space 1024K,  42% used [0x00000000e3c00000, 0x00000000e3c6d768, 0x00000000e3d00000)
  to   space 1024K,   0% used [0x00000000e3d00000, 0x00000000e3d00000, 0x00000000e3e00000)
 concurrent mark-sweep generation total 47260K, used 28518K [0x00000000ecca0000, 0x00000000efac7000, 0x0000000100000000)
 Metaspace       used 37764K, capacity 39112K, committed 39424K, reserved 1083392K
  class space    used 4685K, capacity 5000K, committed 5120K, reserved 1048576K
2020-11-07T19:58:23.101+0800: 29.778: [GC (Allocation Failure) 2020-11-07T19:58:23.101+0800: 29.778: [ParNew: 8629K->447K(9216K), 0.0141128 secs] 37148K->29045K(56476K), 0.0141902 secs] [Times: user=0.01 sys=0.00, real=0.02 secs] 
Heap after GC invocations=389 (full 49):
 par new generation   total 9216K, used 447K [0x00000000e3400000, 0x00000000e3e00000, 0x00000000ecca0000)
  eden space 8192K,   0% used [0x00000000e3400000, 0x00000000e3400000, 0x00000000e3c00000)
  from space 1024K,  43% used [0x00000000e3d00000, 0x00000000e3d6fc70, 0x00000000e3e00000)
  to   space 1024K,   0% used [0x00000000e3c00000, 0x00000000e3c00000, 0x00000000e3d00000)
 concurrent mark-sweep generation total 47260K, used 28598K [0x00000000ecca0000, 0x00000000efac7000, 0x0000000100000000)
 Metaspace       used 37764K, capacity 39112K, committed 39424K, reserved 1083392K
  class space    used 4685K, capacity 5000K, committed 5120K, reserved 1048576K
}
2020-11-07T19:58:23.152+0800: 29.829: [CMS-concurrent-mark: 0.203/0.258 secs] [Times: user=0.24 sys=0.00, real=0.26 secs] 
2020-11-07T19:58:23.152+0800: 29.829: [CMS-concurrent-preclean-start]
2020-11-07T19:58:23.173+0800: 29.850: Application time: 0.0575118 seconds
{Heap before GC invocations=389 (full 49):
 par new generation   total 9216K, used 8639K [0x00000000e3400000, 0x00000000e3e00000, 0x00000000ecca0000)
  eden space 8192K, 100% used [0x00000000e3400000, 0x00000000e3c00000, 0x00000000e3c00000)
  from space 1024K,  43% used [0x00000000e3d00000, 0x00000000e3d6fc70, 0x00000000e3e00000)
  to   space 1024K,   0% used [0x00000000e3c00000, 0x00000000e3c00000, 0x00000000e3d00000)
 concurrent mark-sweep generation total 47260K, used 28598K [0x00000000ecca0000, 0x00000000efac7000, 0x0000000100000000)
 Metaspace       used 37790K, capacity 39112K, committed 39424K, reserved 1083392K
  class space    used 4687K, capacity 5000K, committed 5120K, reserved 1048576K
2020-11-07T19:58:23.173+0800: 29.850: [GC (Allocation Failure) 2020-11-07T19:58:23.173+0800: 29.850: [ParNew: 8639K->476K(9216K), 0.0117330 secs] 37237K->29120K(56476K), 0.0118083 secs] [Times: user=0.01 sys=0.00, real=0.02 secs] 
Heap after GC invocations=390 (full 49):
 par new generation   total 9216K, used 476K [0x00000000e3400000, 0x00000000e3e00000, 0x00000000ecca0000)
  eden space 8192K,   0% used [0x00000000e3400000, 0x00000000e3400000, 0x00000000e3c00000)
  from space 1024K,  46% used [0x00000000e3c00000, 0x00000000e3c77298, 0x00000000e3d00000)
  to   space 1024K,   0% used [0x00000000e3d00000, 0x00000000e3d00000, 0x00000000e3e00000)
 concurrent mark-sweep generation total 47260K, used 28644K [0x00000000ecca0000, 0x00000000efac7000, 0x0000000100000000)
 Metaspace       used 37790K, capacity 39112K, committed 39424K, reserved 1083392K
  class space    used 4687K, capacity 5000K, committed 5120K, reserved 1048576K
}
2020-11-07T19:58:23.185+0800: 29.862: [CMS-concurrent-preclean: 0.021/0.033 secs] [Times: user=0.03 sys=0.00, real=0.04 secs] 
2020-11-07T19:58:23.188+0800: 29.865: Application time: 0.0030599 seconds
2020-11-07T19:58:23.188+0800: 29.865: [GC (CMS Final Remark) [YG occupancy: 1788 K (9216 K)]2020-11-07T19:58:23.188+0800: 29.865: [Rescan (parallel) , 0.0054755 secs]2020-11-07T19:58:23.194+0800: 29.870: [weak refs processing, 0.0001094 secs]2020-11-07T19:58:23.194+0800: 29.871: [class unloading, 0.0123001 secs]2020-11-07T19:58:23.206+0800: 29.883: [scrub symbol table, 0.0135960 secs]2020-11-07T19:58:23.220+0800: 29.897: [scrub string table, 0.0009100 secs][1 CMS-remark: 28644K(47260K)] 30432K(56476K), 0.0325938 secs] [Times: user=0.03 sys=0.00, real=0.03 secs] 
2020-11-07T19:58:23.230+0800: 29.906: [CMS-concurrent-sweep-start]
2020-11-07T19:58:23.273+0800: 29.950: [CMS-concurrent-sweep: 0.044/0.044 secs] [Times: user=0.04 sys=0.00, real=0.04 secs] 
2020-11-07T19:58:23.273+0800: 29.950: [CMS-concurrent-reset-start]
2020-11-07T19:58:23.274+0800: 29.951: [CMS-concurrent-reset: 0.001/0.001 secs] [Times: user=0.00 sys=0.00, real=0.00 secs] 
2020-11-07T19:58:23.358+0800: 30.035: Application time: 0.1370735 seconds
{Heap before GC invocations=390 (full 49):
 par new generation   total 9216K, used 8668K [0x00000000e3400000, 0x00000000e3e00000, 0x00000000ecca0000)
  eden space 8192K, 100% used [0x00000000e3400000, 0x00000000e3c00000, 0x00000000e3c00000)
  from space 1024K,  46% used [0x00000000e3c00000, 0x00000000e3c77298, 0x00000000e3d00000)
  to   space 1024K,   0% used [0x00000000e3d00000, 0x00000000e3d00000, 0x00000000e3e00000)
 concurrent mark-sweep generation total 47624K, used 28573K [0x00000000ecca0000, 0x00000000efb22000, 0x0000000100000000)
 Metaspace       used 37971K, capacity 39588K, committed 39680K, reserved 1083392K
  class space    used 4737K, capacity 5080K, committed 5120K, reserved 1048576K
2020-11-07T19:58:23.358+0800: 30.035: [GC (Allocation Failure) 2020-11-07T19:58:23.358+0800: 30.035: [ParNew: 8668K->595K(9216K), 0.0356606 secs] 37242K->29198K(56840K), 0.0357442 secs] [Times: user=0.03 sys=0.00, real=0.03 secs] 
Heap after GC invocations=391 (full 49):
 par new generation   total 9216K, used 595K [0x00000000e3400000, 0x00000000e3e00000, 0x00000000ecca0000)
  eden space 8192K,   0% used [0x00000000e3400000, 0x00000000e3400000, 0x00000000e3c00000)
  from space 1024K,  58% used [0x00000000e3d00000, 0x00000000e3d94e30, 0x00000000e3e00000)
  to   space 1024K,   0% used [0x00000000e3c00000, 0x00000000e3c00000, 0x00000000e3d00000)
 concurrent mark-sweep generation total 47624K, used 28602K [0x00000000ecca0000, 0x00000000efb22000, 0x0000000100000000)
 Metaspace       used 37971K, capacity 39588K, committed 39680K, reserved 1083392K
  class space    used 4737K, capacity 5080K, committed 5120K, reserved 1048576K
}
2020-11-07T19:58:23.398+0800: 30.075: Application time: 0.0039014 seconds
2020-11-07T19:58:23.398+0800: 30.075: [GC (CMS Initial Mark) [1 CMS-initial-mark: 28602K(47624K)] 31165K(56840K), 0.0039191 secs] [Times: user=0.00 sys=0.00, real=0.00 secs] 
2020-11-07T19:58:23.402+0800: 30.079: [CMS-concurrent-mark-start]
2020-11-07T19:58:23.836+0800: 30.513: [CMS-concurrent-mark: 0.434/0.434 secs] [Times: user=0.42 sys=0.01, real=0.44 secs] 
2020-11-07T19:58:23.836+0800: 30.513: [CMS-concurrent-preclean-start]
2020-11-07T19:58:23.838+0800: 30.514: [CMS-concurrent-preclean: 0.002/0.002 secs] [Times: user=0.00 sys=0.00, real=0.00 secs] 
2020-11-07T19:58:23.838+0800: 30.515: [CMS-concurrent-abortable-preclean-start]
2020-11-07T19:58:24.184+0800: 30.861: Application time: 0.7821818 seconds
{Heap before GC invocations=391 (full 50):
 par new generation   total 9216K, used 8787K [0x00000000e3400000, 0x00000000e3e00000, 0x00000000ecca0000)
  eden space 8192K, 100% used [0x00000000e3400000, 0x00000000e3c00000, 0x00000000e3c00000)
  from space 1024K,  58% used [0x00000000e3d00000, 0x00000000e3d94e30, 0x00000000e3e00000)
  to   space 1024K,   0% used [0x00000000e3c00000, 0x00000000e3c00000, 0x00000000e3d00000)
 concurrent mark-sweep generation total 47624K, used 28602K [0x00000000ecca0000, 0x00000000efb22000, 0x0000000100000000)
 Metaspace       used 37994K, capacity 39600K, committed 39680K, reserved 1083392K
  class space    used 4739K, capacity 5082K, committed 5120K, reserved 1048576K
2020-11-07T19:58:24.184+0800: 30.861: [GC (Allocation Failure) 2020-11-07T19:58:24.184+0800: 30.861: [ParNew: 8787K->650K(9216K), 0.0076343 secs] 37390K->29274K(56840K), 0.0077146 secs] [Times: user=0.01 sys=0.00, real=0.01 secs] 
Heap after GC invocations=392 (full 50):
 par new generation   total 9216K, used 650K [0x00000000e3400000, 0x00000000e3e00000, 0x00000000ecca0000)
  eden space 8192K,   0% used [0x00000000e3400000, 0x00000000e3400000, 0x00000000e3c00000)
  from space 1024K,  63% used [0x00000000e3c00000, 0x00000000e3ca2868, 0x00000000e3d00000)
  to   space 1024K,   0% used [0x00000000e3d00000, 0x00000000e3d00000, 0x00000000e3e00000)
 concurrent mark-sweep generation total 47624K, used 28624K [0x00000000ecca0000, 0x00000000efb22000, 0x0000000100000000)
 Metaspace       used 37994K, capacity 39600K, committed 39680K, reserved 1083392K
  class space    used 4739K, capacity 5082K, committed 5120K, reserved 1048576K
}
2020-11-07T19:58:24.233+0800: 30.910: Application time: 0.0412580 seconds
{Heap before GC invocations=392 (full 50):
 par new generation   total 9216K, used 8842K [0x00000000e3400000, 0x00000000e3e00000, 0x00000000ecca0000)
  eden space 8192K, 100% used [0x00000000e3400000, 0x00000000e3c00000, 0x00000000e3c00000)
  from space 1024K,  63% used [0x00000000e3c00000, 0x00000000e3ca2868, 0x00000000e3d00000)
  to   space 1024K,   0% used [0x00000000e3d00000, 0x00000000e3d00000, 0x00000000e3e00000)
 concurrent mark-sweep generation total 47624K, used 28624K [0x00000000ecca0000, 0x00000000efb22000, 0x0000000100000000)
 Metaspace       used 38010K, capacity 39664K, committed 39936K, reserved 1083392K
  class space    used 4741K, capacity 5082K, committed 5120K, reserved 1048576K
2020-11-07T19:58:24.233+0800: 30.910: [GC (Allocation Failure) 2020-11-07T19:58:24.233+0800: 30.910: [ParNew: 8842K->561K(9216K), 0.0068556 secs] 37466K->29323K(56840K), 0.0069050 secs] [Times: user=0.01 sys=0.00, real=0.01 secs] 
Heap after GC invocations=393 (full 50):
 par new generation   total 9216K, used 561K [0x00000000e3400000, 0x00000000e3e00000, 0x00000000ecca0000)
  eden space 8192K,   0% used [0x00000000e3400000, 0x00000000e3400000, 0x00000000e3c00000)
  from space 1024K,  54% used [0x00000000e3d00000, 0x00000000e3d8c6b0, 0x00000000e3e00000)
  to   space 1024K,   0% used [0x00000000e3c00000, 0x00000000e3c00000, 0x00000000e3d00000)
 concurrent mark-sweep generation total 47624K, used 28762K [0x00000000ecca0000, 0x00000000efb22000, 0x0000000100000000)
 Metaspace       used 38010K, capacity 39664K, committed 39936K, reserved 1083392K
  class space    used 4741K, capacity 5082K, committed 5120K, reserved 1048576K
}
2020-11-07T19:58:24.240+0800: 30.917: [CMS-concurrent-abortable-preclean: 0.060/0.403 secs] [Times: user=0.37 sys=0.02, real=0.40 secs] 
2020-11-07T19:58:24.243+0800: 30.920: Application time: 0.0025438 seconds
2020-11-07T19:58:24.243+0800: 30.920: [GC (CMS Final Remark) [YG occupancy: 2364 K (9216 K)]2020-11-07T19:58:24.243+0800: 30.920: [Rescan (parallel) , 0.0056075 secs]2020-11-07T19:58:24.249+0800: 30.925: [weak refs processing, 0.0000489 secs]2020-11-07T19:58:24.249+0800: 30.925: [class unloading, 0.0127900 secs]2020-11-07T19:58:24.262+0800: 30.938: [scrub symbol table, 0.0118604 secs]2020-11-07T19:58:24.273+0800: 30.950: [scrub string table, 0.0007435 secs][1 CMS-remark: 28762K(47624K)] 31127K(56840K), 0.0312055 secs] [Times: user=0.03 sys=0.00, real=0.03 secs] 
2020-11-07T19:58:24.285+0800: 30.962: [CMS-concurrent-sweep-start]
2020-11-07T19:58:24.314+0800: 30.991: Application time: 0.0396891 seconds
{Heap before GC invocations=393 (full 50):
 par new generation   total 9216K, used 8753K [0x00000000e3400000, 0x00000000e3e00000, 0x00000000ecca0000)
  eden space 8192K, 100% used [0x00000000e3400000, 0x00000000e3c00000, 0x00000000e3c00000)
  from space 1024K,  54% used [0x00000000e3d00000, 0x00000000e3d8c6b0, 0x00000000e3e00000)
  to   space 1024K,   0% used [0x00000000e3c00000, 0x00000000e3c00000, 0x00000000e3d00000)
 concurrent mark-sweep generation total 47624K, used 28752K [0x00000000ecca0000, 0x00000000efb22000, 0x0000000100000000)
 Metaspace       used 38015K, capacity 39664K, committed 39936K, reserved 1083392K
  class space    used 4741K, capacity 5082K, committed 5120K, reserved 1048576K
2020-11-07T19:58:24.314+0800: 30.991: [GC (Allocation Failure) 2020-11-07T19:58:24.314+0800: 30.991: [ParNew: 8753K->455K(9216K), 0.0055115 secs] 37505K->29208K(56840K), 0.0055848 secs] [Times: user=0.00 sys=0.00, real=0.01 secs] 
Heap after GC invocations=394 (full 50):
 par new generation   total 9216K, used 455K [0x00000000e3400000, 0x00000000e3e00000, 0x00000000ecca0000)
  eden space 8192K,   0% used [0x00000000e3400000, 0x00000000e3400000, 0x00000000e3c00000)
  from space 1024K,  44% used [0x00000000e3c00000, 0x00000000e3c71fe0, 0x00000000e3d00000)
  to   space 1024K,   0% used [0x00000000e3d00000, 0x00000000e3d00000, 0x00000000e3e00000)
 concurrent mark-sweep generation total 47624K, used 28752K [0x00000000ecca0000, 0x00000000efb22000, 0x0000000100000000)
 Metaspace       used 38015K, capacity 39664K, committed 39936K, reserved 1083392K
  class space    used 4741K, capacity 5082K, committed 5120K, reserved 1048576K
}
2020-11-07T19:58:24.328+0800: 31.005: [CMS-concurrent-sweep: 0.029/0.043 secs] [Times: user=0.04 sys=0.00, real=0.04 secs] 
2020-11-07T19:58:24.328+0800: 31.005: [CMS-concurrent-reset-start]
2020-11-07T19:58:24.329+0800: 31.006: [CMS-concurrent-reset: 0.001/0.001 secs] [Times: user=0.00 sys=0.00, real=0.00 secs] 
2020-11-07T19:58:24.353+0800: 31.030: Application time: 0.0331380 seconds
{Heap before GC invocations=394 (full 50):
 par new generation   total 9216K, used 8647K [0x00000000e3400000, 0x00000000e3e00000, 0x00000000ecca0000)
  eden space 8192K, 100% used [0x00000000e3400000, 0x00000000e3c00000, 0x00000000e3c00000)
  from space 1024K,  44% used [0x00000000e3c00000, 0x00000000e3c71fe0, 0x00000000e3d00000)
  to   space 1024K,   0% used [0x00000000e3d00000, 0x00000000e3d00000, 0x00000000e3e00000)
 concurrent mark-sweep generation total 47892K, used 28735K [0x00000000ecca0000, 0x00000000efb65000, 0x0000000100000000)
 Metaspace       used 38016K, capacity 39658K, committed 39936K, reserved 1083392K
  class space    used 4740K, capacity 5081K, committed 5120K, reserved 1048576K
2020-11-07T19:58:24.353+0800: 31.030: [GC (Allocation Failure) 2020-11-07T19:58:24.353+0800: 31.030: [ParNew: 8647K->665K(9216K), 0.0151758 secs] 37382K->29400K(57108K), 0.0152466 secs] [Times: user=0.02 sys=0.00, real=0.02 secs] 
Heap after GC invocations=395 (full 50):
 par new generation   total 9216K, used 665K [0x00000000e3400000, 0x00000000e3e00000, 0x00000000ecca0000)
  eden space 8192K,   0% used [0x00000000e3400000, 0x00000000e3400000, 0x00000000e3c00000)
  from space 1024K,  65% used [0x00000000e3d00000, 0x00000000e3da66b0, 0x00000000e3e00000)
  to   space 1024K,   0% used [0x00000000e3c00000, 0x00000000e3c00000, 0x00000000e3d00000)
 concurrent mark-sweep generation total 47892K, used 28735K [0x00000000ecca0000, 0x00000000efb65000, 0x0000000100000000)
 Metaspace       used 38016K, capacity 39658K, committed 39936K, reserved 1083392K
  class space    used 4740K, capacity 5081K, committed 5120K, reserved 1048576K
}
2020-11-07T19:58:24.411+0800: 31.088: Application time: 0.0423720 seconds
{Heap before GC invocations=395 (full 50):
 par new generation   total 9216K, used 8857K [0x00000000e3400000, 0x00000000e3e00000, 0x00000000ecca0000)
  eden space 8192K, 100% used [0x00000000e3400000, 0x00000000e3c00000, 0x00000000e3c00000)
  from space 1024K,  65% used [0x00000000e3d00000, 0x00000000e3da66b0, 0x00000000e3e00000)
  to   space 1024K,   0% used [0x00000000e3c00000, 0x00000000e3c00000, 0x00000000e3d00000)
 concurrent mark-sweep generation total 47892K, used 28735K [0x00000000ecca0000, 0x00000000efb65000, 0x0000000100000000)
 Metaspace       used 38073K, capacity 39690K, committed 39936K, reserved 1083392K
  class space    used 4747K, capacity 5113K, committed 5120K, reserved 1048576K
2020-11-07T19:58:24.411+0800: 31.088: [GC (Allocation Failure) 2020-11-07T19:58:24.411+0800: 31.088: [ParNew: 8857K->748K(9216K), 0.0110095 secs] 37592K->29483K(57108K), 0.0110619 secs] [Times: user=0.01 sys=0.00, real=0.01 secs] 
Heap after GC invocations=396 (full 50):
 par new generation   total 9216K, used 748K [0x00000000e3400000, 0x00000000e3e00000, 0x00000000ecca0000)
  eden space 8192K,   0% used [0x00000000e3400000, 0x00000000e3400000, 0x00000000e3c00000)
  from space 1024K,  73% used [0x00000000e3c00000, 0x00000000e3cbb280, 0x00000000e3d00000)
  to   space 1024K,   0% used [0x00000000e3d00000, 0x00000000e3d00000, 0x00000000e3e00000)
 concurrent mark-sweep generation total 47892K, used 28735K [0x00000000ecca0000, 0x00000000efb65000, 0x0000000100000000)
 Metaspace       used 38073K, capacity 39690K, committed 39936K, reserved 1083392K
  class space    used 4747K, capacity 5113K, committed 5120K, reserved 1048576K
}
2020-11-07T19:58:24.451+0800: 31.128: Application time: 0.0291746 seconds
{Heap before GC invocations=396 (full 50):
 par new generation   total 9216K, used 8940K [0x00000000e3400000, 0x00000000e3e00000, 0x00000000ecca0000)
  eden space 8192K, 100% used [0x00000000e3400000, 0x00000000e3c00000, 0x00000000e3c00000)
  from space 1024K,  73% used [0x00000000e3c00000, 0x00000000e3cbb280, 0x00000000e3d00000)
  to   space 1024K,   0% used [0x00000000e3d00000, 0x00000000e3d00000, 0x00000000e3e00000)
 concurrent mark-sweep generation total 47892K, used 28735K [0x00000000ecca0000, 0x00000000efb65000, 0x0000000100000000)
 Metaspace       used 38134K, capacity 39760K, committed 39936K, reserved 1083392K
  class space    used 4763K, capacity 5114K, committed 5120K, reserved 1048576K
2020-11-07T19:58:24.451+0800: 31.128: [GC (Allocation Failure) 2020-11-07T19:58:24.451+0800: 31.128: [ParNew: 8940K->912K(9216K), 0.0209506 secs] 37675K->29724K(57108K), 0.0210183 secs] [Times: user=0.01 sys=0.00, real=0.02 secs] 
Heap after GC invocations=397 (full 50):
 par new generation   total 9216K, used 912K [0x00000000e3400000, 0x00000000e3e00000, 0x00000000ecca0000)
  eden space 8192K,   0% used [0x00000000e3400000, 0x00000000e3400000, 0x00000000e3c00000)
  from space 1024K,  89% used [0x00000000e3d00000, 0x00000000e3de41d8, 0x00000000e3e00000)
  to   space 1024K,   0% used [0x00000000e3c00000, 0x00000000e3c00000, 0x00000000e3d00000)
 concurrent mark-sweep generation total 47892K, used 28812K [0x00000000ecca0000, 0x00000000efb65000, 0x0000000100000000)
 Metaspace       used 38134K, capacity 39760K, committed 39936K, reserved 1083392K
  class space    used 4763K, capacity 5114K, committed 5120K, reserved 1048576K
}
2020-11-07T19:58:24.479+0800: 31.156: Application time: 0.0064812 seconds
2020-11-07T19:58:24.479+0800: 31.156: [GC (CMS Initial Mark) [1 CMS-initial-mark: 28812K(47892K)] 33821K(57108K), 0.0053943 secs] [Times: user=0.00 sys=0.00, real=0.01 secs] 
2020-11-07T19:58:24.485+0800: 31.161: [CMS-concurrent-mark-start]
2020-11-07T19:58:24.505+0800: 31.182: Application time: 0.0207493 seconds
{Heap before GC invocations=397 (full 51):
 par new generation   total 9216K, used 9104K [0x00000000e3400000, 0x00000000e3e00000, 0x00000000ecca0000)
  eden space 8192K, 100% used [0x00000000e3400000, 0x00000000e3c00000, 0x00000000e3c00000)
  from space 1024K,  89% used [0x00000000e3d00000, 0x00000000e3de41d8, 0x00000000e3e00000)
  to   space 1024K,   0% used [0x00000000e3c00000, 0x00000000e3c00000, 0x00000000e3d00000)
 concurrent mark-sweep generation total 47892K, used 28812K [0x00000000ecca0000, 0x00000000efb65000, 0x0000000100000000)
 Metaspace       used 38138K, capacity 39760K, committed 39936K, reserved 1083392K
  class space    used 4764K, capacity 5114K, committed 5120K, reserved 1048576K
2020-11-07T19:58:24.505+0800: 31.182: [GC (Allocation Failure) 2020-11-07T19:58:24.505+0800: 31.182: [ParNew: 9104K->557K(9216K), 0.0280082 secs] 37916K->29518K(57108K), 0.0281019 secs] [Times: user=0.03 sys=0.00, real=0.02 secs] 
Heap after GC invocations=398 (full 51):
 par new generation   total 9216K, used 557K [0x00000000e3400000, 0x00000000e3e00000, 0x00000000ecca0000)
  eden space 8192K,   0% used [0x00000000e3400000, 0x00000000e3400000, 0x00000000e3c00000)
  from space 1024K,  54% used [0x00000000e3c00000, 0x00000000e3c8b5f0, 0x00000000e3d00000)
  to   space 1024K,   0% used [0x00000000e3d00000, 0x00000000e3d00000, 0x00000000e3e00000)
 concurrent mark-sweep generation total 47892K, used 28960K [0x00000000ecca0000, 0x00000000efb65000, 0x0000000100000000)
 Metaspace       used 38138K, capacity 39760K, committed 39936K, reserved 1083392K
  class space    used 4764K, capacity 5114K, committed 5120K, reserved 1048576K
}
2020-11-07T19:58:24.612+0800: 31.289: Application time: 0.0785710 seconds
{Heap before GC invocations=398 (full 51):
 par new generation   total 9216K, used 8749K [0x00000000e3400000, 0x00000000e3e00000, 0x00000000ecca0000)
  eden space 8192K, 100% used [0x00000000e3400000, 0x00000000e3c00000, 0x00000000e3c00000)
  from space 1024K,  54% used [0x00000000e3c00000, 0x00000000e3c8b5f0, 0x00000000e3d00000)
  to   space 1024K,   0% used [0x00000000e3d00000, 0x00000000e3d00000, 0x00000000e3e00000)
 concurrent mark-sweep generation total 47892K, used 28960K [0x00000000ecca0000, 0x00000000efb65000, 0x0000000100000000)
 Metaspace       used 38152K, capacity 39766K, committed 39936K, reserved 1083392K
  class space    used 4765K, capacity 5115K, committed 5120K, reserved 1048576K
2020-11-07T19:58:24.612+0800: 31.289: [GC (Allocation Failure) 2020-11-07T19:58:24.612+0800: 31.289: [ParNew: 8749K->676K(9216K), 0.0201445 secs] 37710K->29637K(57108K), 0.0202278 secs] [Times: user=0.02 sys=0.00, real=0.02 secs] 
Heap after GC invocations=399 (full 51):
 par new generation   total 9216K, used 676K [0x00000000e3400000, 0x00000000e3e00000, 0x00000000ecca0000)
  eden space 8192K,   0% used [0x00000000e3400000, 0x00000000e3400000, 0x00000000e3c00000)
  from space 1024K,  66% used [0x00000000e3d00000, 0x00000000e3da9378, 0x00000000e3e00000)
  to   space 1024K,   0% used [0x00000000e3c00000, 0x00000000e3c00000, 0x00000000e3d00000)
 concurrent mark-sweep generation total 47892K, used 28960K [0x00000000ecca0000, 0x00000000efb65000, 0x0000000100000000)
 Metaspace       used 38152K, capacity 39766K, committed 39936K, reserved 1083392K
  class space    used 4765K, capacity 5115K, committed 5120K, reserved 1048576K
}
2020-11-07T19:58:24.718+0800: 31.395: Application time: 0.0853598 seconds
{Heap before GC invocations=399 (full 51):
 par new generation   total 9216K, used 8868K [0x00000000e3400000, 0x00000000e3e00000, 0x00000000ecca0000)
  eden space 8192K, 100% used [0x00000000e3400000, 0x00000000e3c00000, 0x00000000e3c00000)
  from space 1024K,  66% used [0x00000000e3d00000, 0x00000000e3da9378, 0x00000000e3e00000)
  to   space 1024K,   0% used [0x00000000e3c00000, 0x00000000e3c00000, 0x00000000e3d00000)
 concurrent mark-sweep generation total 47892K, used 28960K [0x00000000ecca0000, 0x00000000efb65000, 0x0000000100000000)
 Metaspace       used 38171K, capacity 39772K, committed 39936K, reserved 1083392K
  class space    used 4767K, capacity 5116K, committed 5120K, reserved 1048576K
2020-11-07T19:58:24.718+0800: 31.395: [GC (Allocation Failure) 2020-11-07T19:58:24.718+0800: 31.395: [ParNew: 8868K->693K(9216K), 0.0144841 secs] 37829K->29796K(57108K), 0.0145452 secs] [Times: user=0.01 sys=0.00, real=0.01 secs] 
Heap after GC invocations=400 (full 51):
 par new generation   total 9216K, used 693K [0x00000000e3400000, 0x00000000e3e00000, 0x00000000ecca0000)
  eden space 8192K,   0% used [0x00000000e3400000, 0x00000000e3400000, 0x00000000e3c00000)
  from space 1024K,  67% used [0x00000000e3c00000, 0x00000000e3cad730, 0x00000000e3d00000)
  to   space 1024K,   0% used [0x00000000e3d00000, 0x00000000e3d00000, 0x00000000e3e00000)
 concurrent mark-sweep generation total 47892K, used 29102K [0x00000000ecca0000, 0x00000000efb65000, 0x0000000100000000)
 Metaspace       used 38171K, capacity 39772K, committed 39936K, reserved 1083392K
  class space    used 4767K, capacity 5116K, committed 5120K, reserved 1048576K
}
2020-11-07T19:58:24.771+0800: 31.448: [CMS-concurrent-mark: 0.220/0.287 secs] [Times: user=0.27 sys=0.01, real=0.28 secs] 
2020-11-07T19:58:24.771+0800: 31.448: [CMS-concurrent-preclean-start]
2020-11-07T19:58:24.783+0800: 31.459: [CMS-concurrent-preclean: 0.011/0.011 secs] [Times: user=0.01 sys=0.00, real=0.01 secs] 
2020-11-07T19:58:24.783+0800: 31.459: [CMS-concurrent-abortable-preclean-start]
2020-11-07T19:58:24.788+0800: 31.465: Application time: 0.0551254 seconds
{Heap before GC invocations=400 (full 51):
 par new generation   total 9216K, used 8885K [0x00000000e3400000, 0x00000000e3e00000, 0x00000000ecca0000)
  eden space 8192K, 100% used [0x00000000e3400000, 0x00000000e3c00000, 0x00000000e3c00000)
  from space 1024K,  67% used [0x00000000e3c00000, 0x00000000e3cad730, 0x00000000e3d00000)
  to   space 1024K,   0% used [0x00000000e3d00000, 0x00000000e3d00000, 0x00000000e3e00000)
 concurrent mark-sweep generation total 47892K, used 29102K [0x00000000ecca0000, 0x00000000efb65000, 0x0000000100000000)
 Metaspace       used 38177K, capacity 39772K, committed 39936K, reserved 1083392K
  class space    used 4768K, capacity 5116K, committed 5120K, reserved 1048576K
2020-11-07T19:58:24.788+0800: 31.465: [GC (Allocation Failure) 2020-11-07T19:58:24.788+0800: 31.465: [ParNew: 8885K->704K(9216K), 0.0238592 secs] 37988K->29888K(57108K), 0.0239721 secs] [Times: user=0.01 sys=0.00, real=0.02 secs] 
Heap after GC invocations=401 (full 51):
 par new generation   total 9216K, used 704K [0x00000000e3400000, 0x00000000e3e00000, 0x00000000ecca0000)
  eden space 8192K,   0% used [0x00000000e3400000, 0x00000000e3400000, 0x00000000e3c00000)
  from space 1024K,  68% used [0x00000000e3d00000, 0x00000000e3db00b8, 0x00000000e3e00000)
  to   space 1024K,   0% used [0x00000000e3c00000, 0x00000000e3c00000, 0x00000000e3d00000)
 concurrent mark-sweep generation total 47892K, used 29184K [0x00000000ecca0000, 0x00000000efb65000, 0x0000000100000000)
 Metaspace       used 38177K, capacity 39772K, committed 39936K, reserved 1083392K
  class space    used 4768K, capacity 5116K, committed 5120K, reserved 1048576K
}
2020-11-07T19:58:24.813+0800: 31.489: Application time: 0.0005415 seconds
2020-11-07T19:58:24.872+0800: 31.548: Application time: 0.0588850 seconds
{Heap before GC invocations=401 (full 51):
 par new generation   total 9216K, used 8896K [0x00000000e3400000, 0x00000000e3e00000, 0x00000000ecca0000)
  eden space 8192K, 100% used [0x00000000e3400000, 0x00000000e3c00000, 0x00000000e3c00000)
  from space 1024K,  68% used [0x00000000e3d00000, 0x00000000e3db00b8, 0x00000000e3e00000)
  to   space 1024K,   0% used [0x00000000e3c00000, 0x00000000e3c00000, 0x00000000e3d00000)
 concurrent mark-sweep generation total 47892K, used 29184K [0x00000000ecca0000, 0x00000000efb65000, 0x0000000100000000)
 Metaspace       used 38208K, capacity 39836K, committed 39936K, reserved 1083392K
  class space    used 4772K, capacity 5116K, committed 5120K, reserved 1048576K
2020-11-07T19:58:24.872+0800: 31.549: [GC (Allocation Failure) 2020-11-07T19:58:24.872+0800: 31.549: [ParNew: 8896K->845K(9216K), 0.0190741 secs] 38080K->30128K(57108K), 0.0191273 secs] [Times: user=0.02 sys=0.00, real=0.02 secs] 
Heap after GC invocations=402 (full 51):
 par new generation   total 9216K, used 845K [0x00000000e3400000, 0x00000000e3e00000, 0x00000000ecca0000)
  eden space 8192K,   0% used [0x00000000e3400000, 0x00000000e3400000, 0x00000000e3c00000)
  from space 1024K,  82% used [0x00000000e3c00000, 0x00000000e3cd3598, 0x00000000e3d00000)
  to   space 1024K,   0% used [0x00000000e3d00000, 0x00000000e3d00000, 0x00000000e3e00000)
 concurrent mark-sweep generation total 47892K, used 29283K [0x00000000ecca0000, 0x00000000efb65000, 0x0000000100000000)
 Metaspace       used 38208K, capacity 39836K, committed 39936K, reserved 1083392K
  class space    used 4772K, capacity 5116K, committed 5120K, reserved 1048576K
}
2020-11-07T19:58:24.913+0800: 31.590: Application time: 0.0221546 seconds
{Heap before GC invocations=402 (full 51):
 par new generation   total 9216K, used 9037K [0x00000000e3400000, 0x00000000e3e00000, 0x00000000ecca0000)
  eden space 8192K, 100% used [0x00000000e3400000, 0x00000000e3c00000, 0x00000000e3c00000)
  from space 1024K,  82% used [0x00000000e3c00000, 0x00000000e3cd3598, 0x00000000e3d00000)
  to   space 1024K,   0% used [0x00000000e3d00000, 0x00000000e3d00000, 0x00000000e3e00000)
 concurrent mark-sweep generation total 47892K, used 29283K [0x00000000ecca0000, 0x00000000efb65000, 0x0000000100000000)
 Metaspace       used 38209K, capacity 39836K, committed 39936K, reserved 1083392K
  class space    used 4772K, capacity 5116K, committed 5120K, reserved 1048576K
2020-11-07T19:58:24.913+0800: 31.590: [GC (Allocation Failure) 2020-11-07T19:58:24.913+0800: 31.590: [ParNew: 9037K->579K(9216K), 0.0326611 secs] 38320K->30105K(57108K), 0.0327278 secs] [Times: user=0.03 sys=0.00, real=0.04 secs] 
Heap after GC invocations=403 (full 51):
 par new generation   total 9216K, used 579K [0x00000000e3400000, 0x00000000e3e00000, 0x00000000ecca0000)
  eden space 8192K,   0% used [0x00000000e3400000, 0x00000000e3400000, 0x00000000e3c00000)
  from space 1024K,  56% used [0x00000000e3d00000, 0x00000000e3d90ec0, 0x00000000e3e00000)
  to   space 1024K,   0% used [0x00000000e3c00000, 0x00000000e3c00000, 0x00000000e3d00000)
 concurrent mark-sweep generation total 47892K, used 29525K [0x00000000ecca0000, 0x00000000efb65000, 0x0000000100000000)
 Metaspace       used 38209K, capacity 39836K, committed 39936K, reserved 1083392K
  class space    used 4772K, capacity 5116K, committed 5120K, reserved 1048576K
}
2020-11-07T19:58:24.950+0800: 31.626: [CMS-concurrent-abortable-preclean: 0.045/0.167 secs] [Times: user=0.15 sys=0.00, real=0.17 secs] 
2020-11-07T19:58:24.955+0800: 31.632: Application time: 0.0093182 seconds
2020-11-07T19:58:24.956+0800: 31.632: [GC (CMS Final Remark) [YG occupancy: 1398 K (9216 K)]2020-11-07T19:58:24.956+0800: 31.632: [Rescan (parallel) , 0.0037744 secs]2020-11-07T19:58:24.959+0800: 31.636: [weak refs processing, 0.0005230 secs]2020-11-07T19:58:24.960+0800: 31.637: [class unloading, 0.0129486 secs]2020-11-07T19:58:24.973+0800: 31.650: [scrub symbol table, 0.0128436 secs]2020-11-07T19:58:24.986+0800: 31.663: [scrub string table, 0.0007746 secs][1 CMS-remark: 29525K(47892K)] 30924K(57108K), 0.0357054 secs] [Times: user=0.03 sys=0.00, real=0.03 secs] 
2020-11-07T19:58:25.010+0800: 31.687: [CMS-concurrent-sweep-start]
2020-11-07T19:58:25.036+0800: 31.713: Application time: 0.0445957 seconds
{Heap before GC invocations=403 (full 51):
 par new generation   total 9216K, used 8771K [0x00000000e3400000, 0x00000000e3e00000, 0x00000000ecca0000)
  eden space 8192K, 100% used [0x00000000e3400000, 0x00000000e3c00000, 0x00000000e3c00000)
  from space 1024K,  56% used [0x00000000e3d00000, 0x00000000e3d90ec0, 0x00000000e3e00000)
  to   space 1024K,   0% used [0x00000000e3c00000, 0x00000000e3c00000, 0x00000000e3d00000)
 concurrent mark-sweep generation total 47892K, used 28693K [0x00000000ecca0000, 0x00000000efb65000, 0x0000000100000000)
 Metaspace       used 38236K, capacity 39840K, committed 39936K, reserved 1083392K
  class space    used 4774K, capacity 5116K, committed 5120K, reserved 1048576K
2020-11-07T19:58:25.036+0800: 31.713: [GC (Allocation Failure) 2020-11-07T19:58:25.036+0800: 31.713: [ParNew: 8771K->1024K(9216K), 0.0190293 secs] 37465K->29959K(57108K), 0.0190998 secs] [Times: user=0.02 sys=0.00, real=0.02 secs] 
Heap after GC invocations=404 (full 51):
 par new generation   total 9216K, used 1024K [0x00000000e3400000, 0x00000000e3e00000, 0x00000000ecca0000)
  eden space 8192K,   0% used [0x00000000e3400000, 0x00000000e3400000, 0x00000000e3c00000)
  from space 1024K, 100% used [0x00000000e3c00000, 0x00000000e3d00000, 0x00000000e3d00000)
  to   space 1024K,   0% used [0x00000000e3d00000, 0x00000000e3d00000, 0x00000000e3e00000)
 concurrent mark-sweep generation total 47892K, used 28935K [0x00000000ecca0000, 0x00000000efb65000, 0x0000000100000000)
 Metaspace       used 38236K, capacity 39840K, committed 39936K, reserved 1083392K
  class space    used 4774K, capacity 5116K, committed 5120K, reserved 1048576K
}
2020-11-07T19:58:25.056+0800: 31.732: [CMS-concurrent-sweep: 0.026/0.046 secs] [Times: user=0.04 sys=0.00, real=0.05 secs] 
2020-11-07T19:58:25.059+0800: 31.736: [CMS-concurrent-reset-start]
2020-11-07T19:58:25.061+0800: 31.737: [CMS-concurrent-reset: 0.001/0.001 secs] [Times: user=0.00 sys=0.00, real=0.00 secs] 
2020-11-07T19:58:25.082+0800: 31.758: Application time: 0.0264031 seconds
{Heap before GC invocations=404 (full 51):
 par new generation   total 9216K, used 9216K [0x00000000e3400000, 0x00000000e3e00000, 0x00000000ecca0000)
  eden space 8192K, 100% used [0x00000000e3400000, 0x00000000e3c00000, 0x00000000e3c00000)
  from space 1024K, 100% used [0x00000000e3c00000, 0x00000000e3d00000, 0x00000000e3d00000)
  to   space 1024K,   0% used [0x00000000e3d00000, 0x00000000e3d00000, 0x00000000e3e00000)
 concurrent mark-sweep generation total 48228K, used 28935K [0x00000000ecca0000, 0x00000000efbb9000, 0x0000000100000000)
 Metaspace       used 38242K, capacity 39850K, committed 39936K, reserved 1083392K
  class space    used 4776K, capacity 5119K, committed 5120K, reserved 1048576K
2020-11-07T19:58:25.082+0800: 31.759: [GC (Allocation Failure) 2020-11-07T19:58:25.082+0800: 31.759: [ParNew: 9216K->407K(9216K), 0.0332022 secs] 38151K->30391K(57444K), 0.0332926 secs] [Times: user=0.03 sys=0.00, real=0.04 secs] 
Heap after GC invocations=405 (full 51):
 par new generation   total 9216K, used 407K [0x00000000e3400000, 0x00000000e3e00000, 0x00000000ecca0000)
  eden space 8192K,   0% used [0x00000000e3400000, 0x00000000e3400000, 0x00000000e3c00000)
  from space 1024K,  39% used [0x00000000e3d00000, 0x00000000e3d65c68, 0x00000000e3e00000)
  to   space 1024K,   0% used [0x00000000e3c00000, 0x00000000e3c00000, 0x00000000e3d00000)
 concurrent mark-sweep generation total 48228K, used 29984K [0x00000000ecca0000, 0x00000000efbb9000, 0x0000000100000000)
 Metaspace       used 38242K, capacity 39850K, committed 39936K, reserved 1083392K
  class space    used 4776K, capacity 5119K, committed 5120K, reserved 1048576K
}
2020-11-07T19:58:25.122+0800: 31.799: Application time: 0.0068315 seconds
2020-11-07T19:58:25.122+0800: 31.799: [GC (CMS Initial Mark) [1 CMS-initial-mark: 29984K(48228K)] 31872K(57444K), 0.0038268 secs] [Times: user=0.00 sys=0.00, real=0.01 secs] 
2020-11-07T19:58:25.126+0800: 31.803: [CMS-concurrent-mark-start]
2020-11-07T19:58:25.146+0800: 31.823: Application time: 0.0201687 seconds
{Heap before GC invocations=405 (full 52):
 par new generation   total 9216K, used 8599K [0x00000000e3400000, 0x00000000e3e00000, 0x00000000ecca0000)
  eden space 8192K, 100% used [0x00000000e3400000, 0x00000000e3c00000, 0x00000000e3c00000)
  from space 1024K,  39% used [0x00000000e3d00000, 0x00000000e3d65c68, 0x00000000e3e00000)
  to   space 1024K,   0% used [0x00000000e3c00000, 0x00000000e3c00000, 0x00000000e3d00000)
 concurrent mark-sweep generation total 48228K, used 29984K [0x00000000ecca0000, 0x00000000efbb9000, 0x0000000100000000)
 Metaspace       used 38254K, capacity 39850K, committed 39936K, reserved 1083392K
  class space    used 4778K, capacity 5119K, committed 5120K, reserved 1048576K
2020-11-07T19:58:25.146+0800: 31.823: [GC (Allocation Failure) 2020-11-07T19:58:25.146+0800: 31.823: [ParNew: 8599K->159K(9216K), 0.0278276 secs] 38583K->30143K(57444K), 0.0279047 secs] [Times: user=0.03 sys=0.00, real=0.02 secs] 
Heap after GC invocations=406 (full 52):
 par new generation   total 9216K, used 159K [0x00000000e3400000, 0x00000000e3e00000, 0x00000000ecca0000)
  eden space 8192K,   0% used [0x00000000e3400000, 0x00000000e3400000, 0x00000000e3c00000)
  from space 1024K,  15% used [0x00000000e3c00000, 0x00000000e3c27db0, 0x00000000e3d00000)
  to   space 1024K,   0% used [0x00000000e3d00000, 0x00000000e3d00000, 0x00000000e3e00000)
 concurrent mark-sweep generation total 48228K, used 29984K [0x00000000ecca0000, 0x00000000efbb9000, 0x0000000100000000)
 Metaspace       used 38254K, capacity 39850K, committed 39936K, reserved 1083392K
  class space    used 4778K, capacity 5119K, committed 5120K, reserved 1048576K
}
2020-11-07T19:58:25.307+0800: 31.983: Application time: 0.1322278 seconds
{Heap before GC invocations=406 (full 52):
 par new generation   total 9216K, used 8351K [0x00000000e3400000, 0x00000000e3e00000, 0x00000000ecca0000)
  eden space 8192K, 100% used [0x00000000e3400000, 0x00000000e3c00000, 0x00000000e3c00000)
  from space 1024K,  15% used [0x00000000e3c00000, 0x00000000e3c27db0, 0x00000000e3d00000)
  to   space 1024K,   0% used [0x00000000e3d00000, 0x00000000e3d00000, 0x00000000e3e00000)
 concurrent mark-sweep generation total 48228K, used 29984K [0x00000000ecca0000, 0x00000000efbb9000, 0x0000000100000000)
 Metaspace       used 38551K, capacity 40210K, committed 40320K, reserved 1085440K
  class space    used 4807K, capacity 5153K, committed 5248K, reserved 1048576K
2020-11-07T19:58:25.307+0800: 31.983: [GC (Allocation Failure) 2020-11-07T19:58:25.307+0800: 31.983: [ParNew: 8351K->402K(9216K), 0.0300868 secs] 38335K->30386K(57444K), 0.0301398 secs] [Times: user=0.02 sys=0.00, real=0.03 secs] 
Heap after GC invocations=407 (full 52):
 par new generation   total 9216K, used 402K [0x00000000e3400000, 0x00000000e3e00000, 0x00000000ecca0000)
  eden space 8192K,   0% used [0x00000000e3400000, 0x00000000e3400000, 0x00000000e3c00000)
  from space 1024K,  39% used [0x00000000e3d00000, 0x00000000e3d64a18, 0x00000000e3e00000)
  to   space 1024K,   0% used [0x00000000e3c00000, 0x00000000e3c00000, 0x00000000e3d00000)
 concurrent mark-sweep generation total 48228K, used 29984K [0x00000000ecca0000, 0x00000000efbb9000, 0x0000000100000000)
 Metaspace       used 38551K, capacity 40210K, committed 40320K, reserved 1085440K
  class space    used 4807K, capacity 5153K, committed 5248K, reserved 1048576K
}
2020-11-07T19:58:25.365+0800: 32.042: [CMS-concurrent-mark: 0.174/0.239 secs] [Times: user=0.23 sys=0.00, real=0.24 secs] 
2020-11-07T19:58:25.366+0800: 32.042: [CMS-concurrent-preclean-start]
2020-11-07T19:58:25.373+0800: 32.050: [CMS-concurrent-preclean: 0.008/0.008 secs] [Times: user=0.00 sys=0.00, real=0.00 secs] 
2020-11-07T19:58:25.373+0800: 32.050: [CMS-concurrent-abortable-preclean-start]
2020-11-07T19:58:25.378+0800: 32.054: Application time: 0.0408992 seconds
{Heap before GC invocations=407 (full 52):
 par new generation   total 9216K, used 8594K [0x00000000e3400000, 0x00000000e3e00000, 0x00000000ecca0000)
  eden space 8192K, 100% used [0x00000000e3400000, 0x00000000e3c00000, 0x00000000e3c00000)
  from space 1024K,  39% used [0x00000000e3d00000, 0x00000000e3d64a18, 0x00000000e3e00000)
  to   space 1024K,   0% used [0x00000000e3c00000, 0x00000000e3c00000, 0x00000000e3d00000)
 concurrent mark-sweep generation total 48228K, used 29984K [0x00000000ecca0000, 0x00000000efbb9000, 0x0000000100000000)
 Metaspace       used 38693K, capacity 40338K, committed 40576K, reserved 1085440K
  class space    used 4821K, capacity 5153K, committed 5248K, reserved 1048576K
2020-11-07T19:58:25.378+0800: 32.055: [GC (Allocation Failure) 2020-11-07T19:58:25.378+0800: 32.055: [ParNew: 8594K->561K(9216K), 0.0338010 secs] 38578K->30545K(57444K), 0.0338698 secs] [Times: user=0.03 sys=0.01, real=0.03 secs] 
Heap after GC invocations=408 (full 52):
 par new generation   total 9216K, used 561K [0x00000000e3400000, 0x00000000e3e00000, 0x00000000ecca0000)
  eden space 8192K,   0% used [0x00000000e3400000, 0x00000000e3400000, 0x00000000e3c00000)
  from space 1024K,  54% used [0x00000000e3c00000, 0x00000000e3c8c4a8, 0x00000000e3d00000)
  to   space 1024K,   0% used [0x00000000e3d00000, 0x00000000e3d00000, 0x00000000e3e00000)
 concurrent mark-sweep generation total 48228K, used 29984K [0x00000000ecca0000, 0x00000000efbb9000, 0x0000000100000000)
 Metaspace       used 38693K, capacity 40338K, committed 40576K, reserved 1085440K
  class space    used 4821K, capacity 5153K, committed 5248K, reserved 1048576K
}
2020-11-07T19:58:25.729+0800: 32.406: [CMS-concurrent-abortable-preclean: 0.023/0.356 secs] [Times: user=0.34 sys=0.01, real=0.36 secs] 
2020-11-07T19:58:25.730+0800: 32.406: Application time: 0.3177643 seconds
2020-11-07T19:58:25.901+0800: 32.578: [GC (CMS Final Remark) [YG occupancy: 6960 K (9216 K)]2020-11-07T19:58:25.901+0800: 32.578: [Rescan (parallel) , 0.0214888 secs]2020-11-07T19:58:25.923+0800: 32.600: [weak refs processing, 0.0015921 secs]2020-11-07T19:58:25.925+0800: 32.601: [class unloading, 0.0132782 secs]2020-11-07T19:58:25.938+0800: 32.615: [scrub symbol table, 0.0166527 secs]2020-11-07T19:58:25.955+0800: 32.631: [scrub string table, 0.0007700 secs][1 CMS-remark: 29984K(48228K)] 36944K(57444K), 0.0752153 secs] [Times: user=0.07 sys=0.00, real=0.08 secs] 
2020-11-07T19:58:25.977+0800: 32.654: [CMS-concurrent-sweep-start]
2020-11-07T19:58:26.003+0800: 32.679: Application time: 0.0259788 seconds
{Heap before GC invocations=408 (full 52):
 par new generation   total 9216K, used 8753K [0x00000000e3400000, 0x00000000e3e00000, 0x00000000ecca0000)
  eden space 8192K, 100% used [0x00000000e3400000, 0x00000000e3c00000, 0x00000000e3c00000)
  from space 1024K,  54% used [0x00000000e3c00000, 0x00000000e3c8c4a8, 0x00000000e3d00000)
  to   space 1024K,   0% used [0x00000000e3d00000, 0x00000000e3d00000, 0x00000000e3e00000)
 concurrent mark-sweep generation total 48228K, used 29923K [0x00000000ecca0000, 0x00000000efbb9000, 0x0000000100000000)
 Metaspace       used 38915K, capacity 40658K, committed 40832K, reserved 1085440K
  class space    used 4844K, capacity 5217K, committed 5248K, reserved 1048576K
2020-11-07T19:58:26.003+0800: 32.680: [GC (Allocation Failure) 2020-11-07T19:58:26.003+0800: 32.680: [ParNew: 8753K->702K(9216K), 0.0212235 secs] 38677K->30626K(57444K), 0.0213162 secs] [Times: user=0.02 sys=0.00, real=0.02 secs] 
Heap after GC invocations=409 (full 52):
 par new generation   total 9216K, used 702K [0x00000000e3400000, 0x00000000e3e00000, 0x00000000ecca0000)
  eden space 8192K,   0% used [0x00000000e3400000, 0x00000000e3400000, 0x00000000e3c00000)
  from space 1024K,  68% used [0x00000000e3d00000, 0x00000000e3daf858, 0x00000000e3e00000)
  to   space 1024K,   0% used [0x00000000e3c00000, 0x00000000e3c00000, 0x00000000e3d00000)
 concurrent mark-sweep generation total 48228K, used 29923K [0x00000000ecca0000, 0x00000000efbb9000, 0x0000000100000000)
 Metaspace       used 38915K, capacity 40658K, committed 40832K, reserved 1085440K
  class space    used 4844K, capacity 5217K, committed 5248K, reserved 1048576K
}
2020-11-07T19:58:26.038+0800: 32.715: [CMS-concurrent-sweep: 0.036/0.062 secs] [Times: user=0.06 sys=0.00, real=0.06 secs] 
2020-11-07T19:58:26.038+0800: 32.715: [CMS-concurrent-reset-start]
2020-11-07T19:58:26.039+0800: 32.717: [CMS-concurrent-reset: 0.001/0.001 secs] [Times: user=0.00 sys=0.00, real=0.00 secs] 
2020-11-07T19:58:26.061+0800: 32.738: Application time: 0.0370265 seconds
{Heap before GC invocations=409 (full 52):
 par new generation   total 9216K, used 8894K [0x00000000e3400000, 0x00000000e3e00000, 0x00000000ecca0000)
  eden space 8192K, 100% used [0x00000000e3400000, 0x00000000e3c00000, 0x00000000e3c00000)
  from space 1024K,  68% used [0x00000000e3d00000, 0x00000000e3daf858, 0x00000000e3e00000)
  to   space 1024K,   0% used [0x00000000e3c00000, 0x00000000e3c00000, 0x00000000e3d00000)
 concurrent mark-sweep generation total 49624K, used 29772K [0x00000000ecca0000, 0x00000000efd16000, 0x0000000100000000)
 Metaspace       used 39039K, capacity 40710K, committed 40832K, reserved 1085440K
  class space    used 4854K, capacity 5215K, committed 5248K, reserved 1048576K
2020-11-07T19:58:26.061+0800: 32.738: [GC (Allocation Failure) 2020-11-07T19:58:26.061+0800: 32.738: [ParNew: 8894K->537K(9216K), 0.0187221 secs] 38667K->30645K(58840K), 0.0187957 secs] [Times: user=0.02 sys=0.00, real=0.02 secs] 
Heap after GC invocations=410 (full 52):
 par new generation   total 9216K, used 537K [0x00000000e3400000, 0x00000000e3e00000, 0x00000000ecca0000)
  eden space 8192K,   0% used [0x00000000e3400000, 0x00000000e3400000, 0x00000000e3c00000)
  from space 1024K,  52% used [0x00000000e3c00000, 0x00000000e3c86780, 0x00000000e3d00000)
  to   space 1024K,   0% used [0x00000000e3d00000, 0x00000000e3d00000, 0x00000000e3e00000)
 concurrent mark-sweep generation total 49624K, used 30107K [0x00000000ecca0000, 0x00000000efd16000, 0x0000000100000000)
 Metaspace       used 39039K, capacity 40710K, committed 40832K, reserved 1085440K
  class space    used 4854K, capacity 5215K, committed 5248K, reserved 1048576K
}
2020-11-07T19:58:26.085+0800: 32.762: Application time: 0.0048306 seconds
2020-11-07T19:58:26.085+0800: 32.762: [GC (CMS Initial Mark) [1 CMS-initial-mark: 30107K(49624K)] 32121K(58840K), 0.0031891 secs] [Times: user=0.01 sys=0.00, real=0.00 secs] 
2020-11-07T19:58:26.088+0800: 32.765: [CMS-concurrent-mark-start]
2020-11-07T19:58:26.233+0800: 32.909: Application time: 0.1443395 seconds
2020-11-07T19:58:26.265+0800: 32.942: Application time: 0.0319095 seconds
2020-11-07T19:58:26.276+0800: 32.952: [CMS-concurrent-mark: 0.186/0.187 secs] [Times: user=0.17 sys=0.01, real=0.19 secs] 
2020-11-07T19:58:26.276+0800: 32.952: [CMS-concurrent-preclean-start]
2020-11-07T19:58:26.277+0800: 32.954: [CMS-concurrent-preclean: 0.001/0.001 secs] [Times: user=0.00 sys=0.00, real=0.00 secs] 
2020-11-07T19:58:26.277+0800: 32.954: [CMS-concurrent-abortable-preclean-start]
2020-11-07T19:58:26.297+0800: 32.974: Application time: 0.0306642 seconds
2020-11-07T19:58:26.342+0800: 33.019: Application time: 0.0447483 seconds
{Heap before GC invocations=410 (full 53):
 par new generation   total 9216K, used 8729K [0x00000000e3400000, 0x00000000e3e00000, 0x00000000ecca0000)
  eden space 8192K, 100% used [0x00000000e3400000, 0x00000000e3c00000, 0x00000000e3c00000)
  from space 1024K,  52% used [0x00000000e3c00000, 0x00000000e3c86780, 0x00000000e3d00000)
  to   space 1024K,   0% used [0x00000000e3d00000, 0x00000000e3d00000, 0x00000000e3e00000)
 concurrent mark-sweep generation total 49624K, used 30107K [0x00000000ecca0000, 0x00000000efd16000, 0x0000000100000000)
 Metaspace       used 39921K, capacity 41574K, committed 41728K, reserved 1085440K
  class space    used 4982K, capacity 5311K, committed 5376K, reserved 1048576K
2020-11-07T19:58:26.342+0800: 33.019: [GC (Allocation Failure) 2020-11-07T19:58:26.342+0800: 33.019: [ParNew: 8729K->1024K(9216K), 0.0191940 secs] 38837K->34159K(58840K), 0.0192733 secs] [Times: user=0.02 sys=0.00, real=0.02 secs] 
Heap after GC invocations=411 (full 53):
 par new generation   total 9216K, used 1024K [0x00000000e3400000, 0x00000000e3e00000, 0x00000000ecca0000)
  eden space 8192K,   0% used [0x00000000e3400000, 0x00000000e3400000, 0x00000000e3c00000)
  from space 1024K, 100% used [0x00000000e3d00000, 0x00000000e3e00000, 0x00000000e3e00000)
  to   space 1024K,   0% used [0x00000000e3c00000, 0x00000000e3c00000, 0x00000000e3d00000)
 concurrent mark-sweep generation total 49624K, used 33135K [0x00000000ecca0000, 0x00000000efd16000, 0x0000000100000000)
 Metaspace       used 39921K, capacity 41574K, committed 41728K, reserved 1085440K
  class space    used 4982K, capacity 5311K, committed 5376K, reserved 1048576K
}
2020-11-07T19:58:26.454+0800: 33.131: Application time: 0.0925444 seconds
{Heap before GC invocations=411 (full 53):
 par new generation   total 9216K, used 9174K [0x00000000e3400000, 0x00000000e3e00000, 0x00000000ecca0000)
  eden space 8192K,  99% used [0x00000000e3400000, 0x00000000e3bf5810, 0x00000000e3c00000)
  from space 1024K, 100% used [0x00000000e3d00000, 0x00000000e3e00000, 0x00000000e3e00000)
  to   space 1024K,   0% used [0x00000000e3c00000, 0x00000000e3c00000, 0x00000000e3d00000)
 concurrent mark-sweep generation total 49624K, used 33135K [0x00000000ecca0000, 0x00000000efd16000, 0x0000000100000000)
 Metaspace       used 40183K, capacity 41798K, committed 41984K, reserved 1085440K
  class space    used 5016K, capacity 5343K, committed 5376K, reserved 1048576K
2020-11-07T19:58:26.454+0800: 33.131: [GC (Allocation Failure) 2020-11-07T19:58:26.455+0800: 33.131: [ParNew: 9174K->547K(9216K), 0.0165006 secs] 42309K->34708K(58840K), 0.0165564 secs] [Times: user=0.02 sys=0.00, real=0.01 secs] 
Heap after GC invocations=412 (full 53):
 par new generation   total 9216K, used 547K [0x00000000e3400000, 0x00000000e3e00000, 0x00000000ecca0000)
  eden space 8192K,   0% used [0x00000000e3400000, 0x00000000e3400000, 0x00000000e3c00000)
  from space 1024K,  53% used [0x00000000e3c00000, 0x00000000e3c88fc8, 0x00000000e3d00000)
  to   space 1024K,   0% used [0x00000000e3d00000, 0x00000000e3d00000, 0x00000000e3e00000)
 concurrent mark-sweep generation total 49624K, used 34160K [0x00000000ecca0000, 0x00000000efd16000, 0x0000000100000000)
 Metaspace       used 40183K, capacity 41798K, committed 41984K, reserved 1085440K
  class space    used 5016K, capacity 5343K, committed 5376K, reserved 1048576K
}
2020-11-07T19:58:26.527+0800: 33.203: Application time: 0.0554337 seconds
{Heap before GC invocations=412 (full 53):
 par new generation   total 9216K, used 8739K [0x00000000e3400000, 0x00000000e3e00000, 0x00000000ecca0000)
  eden space 8192K, 100% used [0x00000000e3400000, 0x00000000e3c00000, 0x00000000e3c00000)
  from space 1024K,  53% used [0x00000000e3c00000, 0x00000000e3c88fc8, 0x00000000e3d00000)
  to   space 1024K,   0% used [0x00000000e3d00000, 0x00000000e3d00000, 0x00000000e3e00000)
 concurrent mark-sweep generation total 49624K, used 34160K [0x00000000ecca0000, 0x00000000efd16000, 0x0000000100000000)
 Metaspace       used 40393K, capacity 41998K, committed 42240K, reserved 1085440K
  class space    used 5029K, capacity 5345K, committed 5376K, reserved 1048576K
2020-11-07T19:58:26.527+0800: 33.203: [GC (Allocation Failure) 2020-11-07T19:58:26.527+0800: 33.203: [ParNew: 8739K->470K(9216K), 0.0173056 secs] 42900K->34630K(58840K), 0.0173672 secs] [Times: user=0.02 sys=0.00, real=0.01 secs] 
Heap after GC invocations=413 (full 53):
 par new generation   total 9216K, used 470K [0x00000000e3400000, 0x00000000e3e00000, 0x00000000ecca0000)
  eden space 8192K,   0% used [0x00000000e3400000, 0x00000000e3400000, 0x00000000e3c00000)
  from space 1024K,  45% used [0x00000000e3d00000, 0x00000000e3d75898, 0x00000000e3e00000)
  to   space 1024K,   0% used [0x00000000e3c00000, 0x00000000e3c00000, 0x00000000e3d00000)
 concurrent mark-sweep generation total 49624K, used 34160K [0x00000000ecca0000, 0x00000000efd16000, 0x0000000100000000)
 Metaspace       used 40393K, capacity 41998K, committed 42240K, reserved 1085440K
  class space    used 5029K, capacity 5345K, committed 5376K, reserved 1048576K
}
2020-11-07T19:58:26.586+0800: 33.262: Application time: 0.0415089 seconds
2020-11-07T19:58:26.589+0800: 33.265: [CMS-concurrent-abortable-preclean: 0.069/0.312 secs] [Times: user=0.31 sys=0.01, real=0.31 secs] 
2020-11-07T19:58:26.592+0800: 33.268: Application time: 0.0058496 seconds
2020-11-07T19:58:26.592+0800: 33.268: [GC (CMS Final Remark) [YG occupancy: 6381 K (9216 K)]2020-11-07T19:58:26.592+0800: 33.268: [Rescan (parallel) , 0.0303514 secs]2020-11-07T19:58:26.622+0800: 33.299: [weak refs processing, 0.0000873 secs]2020-11-07T19:58:26.622+0800: 33.299: [class unloading, 0.0127741 secs]2020-11-07T19:58:26.635+0800: 33.312: [scrub symbol table, 0.0117055 secs]2020-11-07T19:58:26.647+0800: 33.323: [scrub string table, 0.0009019 secs][1 CMS-remark: 34160K(49624K)] 40541K(58840K), 0.0602502 secs] [Times: user=0.06 sys=0.00, real=0.06 secs] 
2020-11-07T19:58:26.662+0800: 33.338: Application time: 0.0096167 seconds
2020-11-07T19:58:26.662+0800: 33.338: [CMS-concurrent-sweep-start]
2020-11-07T19:58:26.674+0800: 33.350: Application time: 0.0119453 seconds
2020-11-07T19:58:26.693+0800: 33.370: Application time: 0.0192793 seconds
2020-11-07T19:58:26.697+0800: 33.374: [CMS-concurrent-sweep: 0.030/0.035 secs] [Times: user=0.03 sys=0.00, real=0.04 secs] 
2020-11-07T19:58:26.697+0800: 33.374: [CMS-concurrent-reset-start]
2020-11-07T19:58:26.702+0800: 33.379: Application time: 0.0089093 seconds
{Heap before GC invocations=413 (full 53):
 par new generation   total 9216K, used 8662K [0x00000000e3400000, 0x00000000e3e00000, 0x00000000ecca0000)
  eden space 8192K, 100% used [0x00000000e3400000, 0x00000000e3c00000, 0x00000000e3c00000)
  from space 1024K,  45% used [0x00000000e3d00000, 0x00000000e3d75898, 0x00000000e3e00000)
  to   space 1024K,   0% used [0x00000000e3c00000, 0x00000000e3c00000, 0x00000000e3d00000)
 concurrent mark-sweep generation total 56892K, used 34134K [0x00000000ecca0000, 0x00000000f042f000, 0x0000000100000000)
 Metaspace       used 40585K, capacity 42268K, committed 42624K, reserved 1087488K
  class space    used 5049K, capacity 5412K, committed 5504K, reserved 1048576K
2020-11-07T19:58:26.702+0800: 33.379: [GC (Allocation Failure) 2020-11-07T19:58:26.702+0800: 33.379: [ParNew: 8662K->363K(9216K), 0.0048183 secs] 42796K->34498K(66108K), 0.0048823 secs] [Times: user=0.00 sys=0.00, real=0.01 secs] 
Heap after GC invocations=414 (full 53):
 par new generation   total 9216K, used 363K [0x00000000e3400000, 0x00000000e3e00000, 0x00000000ecca0000)
  eden space 8192K,   0% used [0x00000000e3400000, 0x00000000e3400000, 0x00000000e3c00000)
  from space 1024K,  35% used [0x00000000e3c00000, 0x00000000e3c5ae60, 0x00000000e3d00000)
  to   space 1024K,   0% used [0x00000000e3d00000, 0x00000000e3d00000, 0x00000000e3e00000)
 concurrent mark-sweep generation total 56892K, used 34134K [0x00000000ecca0000, 0x00000000f042f000, 0x0000000100000000)
 Metaspace       used 40585K, capacity 42268K, committed 42624K, reserved 1087488K
  class space    used 5049K, capacity 5412K, committed 5504K, reserved 1048576K
}
2020-11-07T19:58:26.710+0800: 33.387: [CMS-concurrent-reset: 0.005/0.013 secs] [Times: user=0.01 sys=0.00, real=0.01 secs] 
2020-11-07T19:58:26.711+0800: 33.388: Application time: 0.0040301 seconds
2020-11-07T19:58:26.711+0800: 33.388: Application time: 0.0000679 seconds
2020-11-07T19:58:26.711+0800: 33.388: Application time: 0.0000659 seconds
2020-11-07T19:58:26.765+0800: 33.442: Application time: 0.0542467 seconds
{Heap before GC invocations=414 (full 53):
 par new generation   total 9216K, used 8555K [0x00000000e3400000, 0x00000000e3e00000, 0x00000000ecca0000)
  eden space 8192K, 100% used [0x00000000e3400000, 0x00000000e3c00000, 0x00000000e3c00000)
  from space 1024K,  35% used [0x00000000e3c00000, 0x00000000e3c5ae60, 0x00000000e3d00000)
  to   space 1024K,   0% used [0x00000000e3d00000, 0x00000000e3d00000, 0x00000000e3e00000)
 concurrent mark-sweep generation total 56892K, used 34134K [0x00000000ecca0000, 0x00000000f042f000, 0x0000000100000000)
 Metaspace       used 40727K, capacity 42396K, committed 42624K, reserved 1087488K
  class space    used 5063K, capacity 5412K, committed 5504K, reserved 1048576K
2020-11-07T19:58:26.766+0800: 33.442: [GC (Allocation Failure) 2020-11-07T19:58:26.766+0800: 33.442: [ParNew: 8555K->485K(9216K), 0.0158628 secs] 42690K->34620K(66108K), 0.0159348 secs] [Times: user=0.01 sys=0.00, real=0.01 secs] 
Heap after GC invocations=415 (full 53):
 par new generation   total 9216K, used 485K [0x00000000e3400000, 0x00000000e3e00000, 0x00000000ecca0000)
  eden space 8192K,   0% used [0x00000000e3400000, 0x00000000e3400000, 0x00000000e3c00000)
  from space 1024K,  47% used [0x00000000e3d00000, 0x00000000e3d794d8, 0x00000000e3e00000)
  to   space 1024K,   0% used [0x00000000e3c00000, 0x00000000e3c00000, 0x00000000e3d00000)
 concurrent mark-sweep generation total 56892K, used 34134K [0x00000000ecca0000, 0x00000000f042f000, 0x0000000100000000)
 Metaspace       used 40727K, capacity 42396K, committed 42624K, reserved 1087488K
  class space    used 5063K, capacity 5412K, committed 5504K, reserved 1048576K
}
2020-11-07T19:58:26.799+0800: 33.475: Application time: 0.0169711 seconds
2020-11-07T19:58:26.806+0800: 33.482: Application time: 0.0062636 seconds
2020-11-07T19:58:26.835+0800: 33.512: Application time: 0.0290763 seconds
2020-11-07T19:58:26.836+0800: 33.513: Application time: 0.0004603 seconds
2020-11-07T19:58:26.839+0800: 33.515: Application time: 0.0028754 seconds
2020-11-07T19:58:26.839+0800: 33.516: Application time: 0.0000767 seconds
2020-11-07T19:58:26.839+0800: 33.516: Application time: 0.0001414 seconds
2020-11-07T19:58:26.839+0800: 33.516: Application time: 0.0002433 seconds
2020-11-07T19:58:26.839+0800: 33.516: Application time: 0.0000997 seconds
2020-11-07T19:58:26.840+0800: 33.516: Application time: 0.0000583 seconds
2020-11-07T19:58:26.840+0800: 33.516: Application time: 0.0000472 seconds
2020-11-07T19:58:26.849+0800: 33.526: Application time: 0.0094391 seconds
2020-11-07T19:58:26.894+0800: 33.571: Application time: 0.0447317 seconds
{Heap before GC invocations=415 (full 53):
 par new generation   total 9216K, used 8677K [0x00000000e3400000, 0x00000000e3e00000, 0x00000000ecca0000)
  eden space 8192K, 100% used [0x00000000e3400000, 0x00000000e3c00000, 0x00000000e3c00000)
  from space 1024K,  47% used [0x00000000e3d00000, 0x00000000e3d794d8, 0x00000000e3e00000)
  to   space 1024K,   0% used [0x00000000e3c00000, 0x00000000e3c00000, 0x00000000e3d00000)
 concurrent mark-sweep generation total 56892K, used 34134K [0x00000000ecca0000, 0x00000000f042f000, 0x0000000100000000)
 Metaspace       used 41055K, capacity 42748K, committed 42880K, reserved 1087488K
  class space    used 5099K, capacity 5444K, committed 5504K, reserved 1048576K
2020-11-07T19:58:26.894+0800: 33.571: [GC (Allocation Failure) 2020-11-07T19:58:26.894+0800: 33.571: [ParNew: 8677K->824K(9216K), 0.0141916 secs] 42812K->34958K(66108K), 0.0142436 secs] [Times: user=0.01 sys=0.00, real=0.02 secs] 
Heap after GC invocations=416 (full 53):
 par new generation   total 9216K, used 824K [0x00000000e3400000, 0x00000000e3e00000, 0x00000000ecca0000)
  eden space 8192K,   0% used [0x00000000e3400000, 0x00000000e3400000, 0x00000000e3c00000)
  from space 1024K,  80% used [0x00000000e3c00000, 0x00000000e3cce020, 0x00000000e3d00000)
  to   space 1024K,   0% used [0x00000000e3d00000, 0x00000000e3d00000, 0x00000000e3e00000)
 concurrent mark-sweep generation total 56892K, used 34134K [0x00000000ecca0000, 0x00000000f042f000, 0x0000000100000000)
 Metaspace       used 41055K, capacity 42748K, committed 42880K, reserved 1087488K
  class space    used 5099K, capacity 5444K, committed 5504K, reserved 1048576K
}
2020-11-07T19:58:26.921+0800: 33.598: Application time: 0.0126087 seconds
2020-11-07T19:58:26.924+0800: 33.600: Application time: 0.0026954 seconds
2020-11-07T19:58:26.983+0800: 33.660: Application time: 0.0585198 seconds
2020-11-07T19:58:26.983+0800: 33.660: Application time: 0.0000317 seconds
2020-11-07T19:58:26.983+0800: 33.660: Application time: 0.0000529 seconds
2020-11-07T19:58:26.984+0800: 33.661: Application time: 0.0007223 seconds
{Heap before GC invocations=416 (full 53):
 par new generation   total 9216K, used 9016K [0x00000000e3400000, 0x00000000e3e00000, 0x00000000ecca0000)
  eden space 8192K, 100% used [0x00000000e3400000, 0x00000000e3c00000, 0x00000000e3c00000)
  from space 1024K,  80% used [0x00000000e3c00000, 0x00000000e3cce020, 0x00000000e3d00000)
  to   space 1024K,   0% used [0x00000000e3d00000, 0x00000000e3d00000, 0x00000000e3e00000)
 concurrent mark-sweep generation total 56892K, used 34134K [0x00000000ecca0000, 0x00000000f042f000, 0x0000000100000000)
 Metaspace       used 41188K, capacity 42876K, committed 43136K, reserved 1087488K
  class space    used 5111K, capacity 5444K, committed 5504K, reserved 1048576K
2020-11-07T19:58:26.984+0800: 33.661: [GC (Allocation Failure) 2020-11-07T19:58:26.984+0800: 33.661: [ParNew: 9016K->478K(9216K), 0.0216409 secs] 43150K->34912K(66108K), 0.0217018 secs] [Times: user=0.02 sys=0.01, real=0.03 secs] 
Heap after GC invocations=417 (full 53):
 par new generation   total 9216K, used 478K [0x00000000e3400000, 0x00000000e3e00000, 0x00000000ecca0000)
  eden space 8192K,   0% used [0x00000000e3400000, 0x00000000e3400000, 0x00000000e3c00000)
  from space 1024K,  46% used [0x00000000e3d00000, 0x00000000e3d779c8, 0x00000000e3e00000)
  to   space 1024K,   0% used [0x00000000e3c00000, 0x00000000e3c00000, 0x00000000e3d00000)
 concurrent mark-sweep generation total 56892K, used 34434K [0x00000000ecca0000, 0x00000000f042f000, 0x0000000100000000)
 Metaspace       used 41188K, capacity 42876K, committed 43136K, reserved 1087488K
  class space    used 5111K, capacity 5444K, committed 5504K, reserved 1048576K
}
2020-11-07T19:58:27.009+0800: 33.685: Application time: 0.0029892 seconds
2020-11-07T19:58:27.009+0800: 33.686: [GC (CMS Initial Mark) [1 CMS-initial-mark: 34434K(56892K)] 35911K(66108K), 0.0031376 secs] [Times: user=0.00 sys=0.00, real=0.00 secs] 
2020-11-07T19:58:27.012+0800: 33.689: [CMS-concurrent-mark-start]
2020-11-07T19:58:27.066+0800: 33.742: Application time: 0.0535307 seconds
{Heap before GC invocations=417 (full 54):
 par new generation   total 9216K, used 8670K [0x00000000e3400000, 0x00000000e3e00000, 0x00000000ecca0000)
  eden space 8192K, 100% used [0x00000000e3400000, 0x00000000e3c00000, 0x00000000e3c00000)
  from space 1024K,  46% used [0x00000000e3d00000, 0x00000000e3d779c8, 0x00000000e3e00000)
  to   space 1024K,   0% used [0x00000000e3c00000, 0x00000000e3c00000, 0x00000000e3d00000)
 concurrent mark-sweep generation total 56892K, used 34434K [0x00000000ecca0000, 0x00000000f042f000, 0x0000000100000000)
 Metaspace       used 41215K, capacity 42908K, committed 43136K, reserved 1087488K
  class space    used 5113K, capacity 5476K, committed 5504K, reserved 1048576K
2020-11-07T19:58:27.066+0800: 33.742: [GC (Allocation Failure) 2020-11-07T19:58:27.066+0800: 33.742: [ParNew: 8670K->494K(9216K), 0.0203889 secs] 43104K->34929K(66108K), 0.0204656 secs] [Times: user=0.02 sys=0.00, real=0.02 secs] 
Heap after GC invocations=418 (full 54):
 par new generation   total 9216K, used 494K [0x00000000e3400000, 0x00000000e3e00000, 0x00000000ecca0000)
  eden space 8192K,   0% used [0x00000000e3400000, 0x00000000e3400000, 0x00000000e3c00000)
  from space 1024K,  48% used [0x00000000e3c00000, 0x00000000e3c7bb98, 0x00000000e3d00000)
  to   space 1024K,   0% used [0x00000000e3d00000, 0x00000000e3d00000, 0x00000000e3e00000)
 concurrent mark-sweep generation total 56892K, used 34434K [0x00000000ecca0000, 0x00000000f042f000, 0x0000000100000000)
 Metaspace       used 41215K, capacity 42908K, committed 43136K, reserved 1087488K
  class space    used 5113K, capacity 5476K, committed 5504K, reserved 1048576K
}
2020-11-07T19:58:27.094+0800: 33.771: Application time: 0.0076133 seconds
2020-11-07T19:58:27.148+0800: 33.825: Application time: 0.0545808 seconds
2020-11-07T19:58:27.174+0800: 33.850: Application time: 0.0250417 seconds
{Heap before GC invocations=418 (full 54):
 par new generation   total 9216K, used 8686K [0x00000000e3400000, 0x00000000e3e00000, 0x00000000ecca0000)
  eden space 8192K, 100% used [0x00000000e3400000, 0x00000000e3c00000, 0x00000000e3c00000)
  from space 1024K,  48% used [0x00000000e3c00000, 0x00000000e3c7bb98, 0x00000000e3d00000)
  to   space 1024K,   0% used [0x00000000e3d00000, 0x00000000e3d00000, 0x00000000e3e00000)
 concurrent mark-sweep generation total 56892K, used 34434K [0x00000000ecca0000, 0x00000000f042f000, 0x0000000100000000)
 Metaspace       used 41429K, capacity 43100K, committed 43392K, reserved 1087488K
  class space    used 5135K, capacity 5476K, committed 5504K, reserved 1048576K
2020-11-07T19:58:27.174+0800: 33.850: [GC (Allocation Failure) 2020-11-07T19:58:27.174+0800: 33.850: [ParNew: 8686K->701K(9216K), 0.0319628 secs] 43121K->35136K(66108K), 0.0320179 secs] [Times: user=0.03 sys=0.00, real=0.04 secs] 
Heap after GC invocations=419 (full 54):
 par new generation   total 9216K, used 701K [0x00000000e3400000, 0x00000000e3e00000, 0x00000000ecca0000)
  eden space 8192K,   0% used [0x00000000e3400000, 0x00000000e3400000, 0x00000000e3c00000)
  from space 1024K,  68% used [0x00000000e3d00000, 0x00000000e3daf7c0, 0x00000000e3e00000)
  to   space 1024K,   0% used [0x00000000e3c00000, 0x00000000e3c00000, 0x00000000e3d00000)
 concurrent mark-sweep generation total 56892K, used 34434K [0x00000000ecca0000, 0x00000000f042f000, 0x0000000100000000)
 Metaspace       used 41429K, capacity 43100K, committed 43392K, reserved 1087488K
  class space    used 5135K, capacity 5476K, committed 5504K, reserved 1048576K
}
2020-11-07T19:58:27.231+0800: 33.908: [CMS-concurrent-mark: 0.166/0.219 secs] [Times: user=0.21 sys=0.00, real=0.22 secs] 
2020-11-07T19:58:27.231+0800: 33.908: [CMS-concurrent-preclean-start]
2020-11-07T19:58:27.241+0800: 33.918: [CMS-concurrent-preclean: 0.010/0.010 secs] [Times: user=0.01 sys=0.00, real=0.01 secs] 
2020-11-07T19:58:27.241+0800: 33.918: [CMS-concurrent-abortable-preclean-start]
2020-11-07T19:58:27.256+0800: 33.933: Application time: 0.0506861 seconds
2020-11-07T19:58:27.259+0800: 33.936: Application time: 0.0023745 seconds
2020-11-07T19:58:27.272+0800: 33.948: Application time: 0.0126332 seconds
2020-11-07T19:58:27.273+0800: 33.950: Application time: 0.0015928 seconds
2020-11-07T19:58:27.286+0800: 33.962: Application time: 0.0121398 seconds
2020-11-07T19:58:27.288+0800: 33.964: Application time: 0.0019009 seconds
2020-11-07T19:58:27.288+0800: 33.964: Application time: 0.0001478 seconds
2020-11-07T19:58:27.291+0800: 33.967: Application time: 0.0028501 seconds
2020-11-07T19:58:27.291+0800: 33.968: Application time: 0.0004264 seconds
2020-11-07T19:58:27.293+0800: 33.970: Application time: 0.0018307 seconds
2020-11-07T19:58:27.294+0800: 33.970: Application time: 0.0006157 seconds
{Heap before GC invocations=419 (full 54):
 par new generation   total 9216K, used 8893K [0x00000000e3400000, 0x00000000e3e00000, 0x00000000ecca0000)
  eden space 8192K, 100% used [0x00000000e3400000, 0x00000000e3c00000, 0x00000000e3c00000)
  from space 1024K,  68% used [0x00000000e3d00000, 0x00000000e3daf7c0, 0x00000000e3e00000)
  to   space 1024K,   0% used [0x00000000e3c00000, 0x00000000e3c00000, 0x00000000e3d00000)
 concurrent mark-sweep generation total 56892K, used 34434K [0x00000000ecca0000, 0x00000000f042f000, 0x0000000100000000)
 Metaspace       used 41540K, capacity 43220K, committed 43520K, reserved 1087488K
  class space    used 5154K, capacity 5514K, committed 5632K, reserved 1048576K
2020-11-07T19:58:27.294+0800: 33.971: [GC (Allocation Failure) 2020-11-07T19:58:27.294+0800: 33.971: [ParNew: 8893K->528K(9216K), 0.0300146 secs] 43328K->35167K(66108K), 0.0300834 secs] [Times: user=0.02 sys=0.00, real=0.03 secs] 
Heap after GC invocations=420 (full 54):
 par new generation   total 9216K, used 528K [0x00000000e3400000, 0x00000000e3e00000, 0x00000000ecca0000)
  eden space 8192K,   0% used [0x00000000e3400000, 0x00000000e3400000, 0x00000000e3c00000)
  from space 1024K,  51% used [0x00000000e3c00000, 0x00000000e3c843a8, 0x00000000e3d00000)
  to   space 1024K,   0% used [0x00000000e3d00000, 0x00000000e3d00000, 0x00000000e3e00000)
 concurrent mark-sweep generation total 56892K, used 34638K [0x00000000ecca0000, 0x00000000f042f000, 0x0000000100000000)
 Metaspace       used 41540K, capacity 43220K, committed 43520K, reserved 1087488K
  class space    used 5154K, capacity 5514K, committed 5632K, reserved 1048576K
}
2020-11-07T19:58:27.339+0800: 34.016: Application time: 0.0149034 seconds
2020-11-07T19:58:27.343+0800: 34.019: Application time: 0.0037518 seconds
2020-11-07T19:58:27.343+0800: 34.019: Application time: 0.0000314 seconds
2020-11-07T19:58:27.343+0800: 34.020: Application time: 0.0000436 seconds
2020-11-07T19:58:27.343+0800: 34.020: Application time: 0.0002975 seconds
2020-11-07T19:58:27.343+0800: 34.020: [CMS-concurrent-abortable-preclean: 0.055/0.102 secs] [Times: user=0.09 sys=0.00, real=0.10 secs] 
2020-11-07T19:58:27.343+0800: 34.020: Application time: 0.0000551 seconds
2020-11-07T19:58:27.343+0800: 34.020: [GC (CMS Final Remark) [YG occupancy: 7326 K (9216 K)]2020-11-07T19:58:27.343+0800: 34.020: [Rescan (parallel) , 0.0242487 secs]2020-11-07T19:58:27.368+0800: 34.044: [weak refs processing, 0.0009933 secs]2020-11-07T19:58:27.369+0800: 34.045: [class unloading, 0.0091198 secs]2020-11-07T19:58:27.378+0800: 34.054: [scrub symbol table, 0.0200693 secs]2020-11-07T19:58:27.398+0800: 34.075: [scrub string table, 0.0009055 secs][1 CMS-remark: 34638K(56892K)] 41964K(66108K), 0.0555161 secs] [Times: user=0.06 sys=0.01, real=0.06 secs] 
2020-11-07T19:58:27.404+0800: 34.081: Application time: 0.0056466 seconds
2020-11-07T19:58:27.405+0800: 34.082: [CMS-concurrent-sweep-start]
2020-11-07T19:58:27.409+0800: 34.085: Application time: 0.0039474 seconds
2020-11-07T19:58:27.409+0800: 34.086: Application time: 0.0004803 seconds
2020-11-07T19:58:27.409+0800: 34.086: Application time: 0.0000194 seconds
2020-11-07T19:58:27.409+0800: 34.086: Application time: 0.0000484 seconds
2020-11-07T19:58:27.409+0800: 34.086: Application time: 0.0001298 seconds
2020-11-07T19:58:27.409+0800: 34.086: Application time: 0.0000158 seconds
2020-11-07T19:58:27.410+0800: 34.086: Application time: 0.0000347 seconds
2020-11-07T19:58:27.412+0800: 34.088: Application time: 0.0021613 seconds
2020-11-07T19:58:27.412+0800: 34.089: Application time: 0.0000247 seconds
2020-11-07T19:58:27.423+0800: 34.099: Application time: 0.0106963 seconds
2020-11-07T19:58:27.423+0800: 34.100: Application time: 0.0004263 seconds
2020-11-07T19:58:27.423+0800: 34.100: Application time: 0.0000202 seconds
2020-11-07T19:58:27.423+0800: 34.100: Application time: 0.0000607 seconds
2020-11-07T19:58:27.425+0800: 34.101: Application time: 0.0013802 seconds
2020-11-07T19:58:27.425+0800: 34.101: Application time: 0.0000223 seconds
2020-11-07T19:58:27.425+0800: 34.102: Application time: 0.0000647 seconds
2020-11-07T19:58:27.425+0800: 34.102: Application time: 0.0001749 seconds
2020-11-07T19:58:27.425+0800: 34.102: Application time: 0.0000535 seconds
2020-11-07T19:58:27.425+0800: 34.102: Application time: 0.0001223 seconds
2020-11-07T19:58:27.425+0800: 34.102: Application time: 0.0000158 seconds
2020-11-07T19:58:27.425+0800: 34.102: Application time: 0.0000325 seconds
2020-11-07T19:58:27.426+0800: 34.102: Application time: 0.0003549 seconds
2020-11-07T19:58:27.440+0800: 34.116: [CMS-concurrent-sweep: 0.019/0.035 secs] [Times: user=0.04 sys=0.00, real=0.03 secs] 
2020-11-07T19:58:27.440+0800: 34.116: [CMS-concurrent-reset-start]
2020-11-07T19:58:27.664+0800: 34.341: Application time: 0.2380229 seconds
{Heap before GC invocations=420 (full 54):
 par new generation   total 9216K, used 8720K [0x00000000e3400000, 0x00000000e3e00000, 0x00000000ecca0000)
  eden space 8192K, 100% used [0x00000000e3400000, 0x00000000e3c00000, 0x00000000e3c00000)
  from space 1024K,  51% used [0x00000000e3c00000, 0x00000000e3c843a8, 0x00000000e3d00000)
  to   space 1024K,   0% used [0x00000000e3d00000, 0x00000000e3d00000, 0x00000000e3e00000)
 concurrent mark-sweep generation total 57644K, used 34584K [0x00000000ecca0000, 0x00000000f04eb000, 0x0000000100000000)
 Metaspace       used 41565K, capacity 43220K, committed 43520K, reserved 1087488K
  class space    used 5157K, capacity 5514K, committed 5632K, reserved 1048576K
2020-11-07T19:58:27.664+0800: 34.341: [GC (Allocation Failure) 2020-11-07T19:58:27.664+0800: 34.341: [ParNew: 8720K->345K(9216K), 0.0056129 secs] 43304K->34929K(66860K), 0.0056890 secs] [Times: user=0.00 sys=0.00, real=0.01 secs] 
Heap after GC invocations=421 (full 54):
 par new generation   total 9216K, used 345K [0x00000000e3400000, 0x00000000e3e00000, 0x00000000ecca0000)
  eden space 8192K,   0% used [0x00000000e3400000, 0x00000000e3400000, 0x00000000e3c00000)
  from space 1024K,  33% used [0x00000000e3d00000, 0x00000000e3d566b0, 0x00000000e3e00000)
  to   space 1024K,   0% used [0x00000000e3c00000, 0x00000000e3c00000, 0x00000000e3d00000)
 concurrent mark-sweep generation total 57644K, used 34584K [0x00000000ecca0000, 0x00000000f04eb000, 0x0000000100000000)
 Metaspace       used 41565K, capacity 43220K, committed 43520K, reserved 1087488K
  class space    used 5157K, capacity 5514K, committed 5632K, reserved 1048576K
}
2020-11-07T19:58:27.674+0800: 34.350: [CMS-concurrent-reset: 0.224/0.234 secs] [Times: user=0.23 sys=0.00, real=0.23 secs] 
2020-11-07T19:58:27.682+0800: 34.358: Application time: 0.0118543 seconds
2020-11-07T19:58:27.682+0800: 34.358: Application time: 0.0000527 seconds
2020-11-07T19:58:27.687+0800: 34.364: Application time: 0.0052127 seconds
{Heap before GC invocations=421 (full 54):
 par new generation   total 9216K, used 8537K [0x00000000e3400000, 0x00000000e3e00000, 0x00000000ecca0000)
  eden space 8192K, 100% used [0x00000000e3400000, 0x00000000e3c00000, 0x00000000e3c00000)
  from space 1024K,  33% used [0x00000000e3d00000, 0x00000000e3d566b0, 0x00000000e3e00000)
  to   space 1024K,   0% used [0x00000000e3c00000, 0x00000000e3c00000, 0x00000000e3d00000)
 concurrent mark-sweep generation total 57644K, used 34584K [0x00000000ecca0000, 0x00000000f04eb000, 0x0000000100000000)
 Metaspace       used 41565K, capacity 43220K, committed 43520K, reserved 1087488K
  class space    used 5157K, capacity 5514K, committed 5632K, reserved 1048576K
2020-11-07T19:58:27.687+0800: 34.364: [GC (Allocation Failure) 2020-11-07T19:58:27.687+0800: 34.364: [ParNew: 8537K->406K(9216K), 0.0050221 secs] 43121K->34990K(66860K), 0.0051005 secs] [Times: user=0.00 sys=0.00, real=0.00 secs] 
Heap after GC invocations=422 (full 54):
 par new generation   total 9216K, used 406K [0x00000000e3400000, 0x00000000e3e00000, 0x00000000ecca0000)
  eden space 8192K,   0% used [0x00000000e3400000, 0x00000000e3400000, 0x00000000e3c00000)
  from space 1024K,  39% used [0x00000000e3c00000, 0x00000000e3c659a0, 0x00000000e3d00000)
  to   space 1024K,   0% used [0x00000000e3d00000, 0x00000000e3d00000, 0x00000000e3e00000)
 concurrent mark-sweep generation total 57644K, used 34584K [0x00000000ecca0000, 0x00000000f04eb000, 0x0000000100000000)
 Metaspace       used 41565K, capacity 43220K, committed 43520K, reserved 1087488K
  class space    used 5157K, capacity 5514K, committed 5632K, reserved 1048576K
}
2020-11-07T19:58:27.714+0800: 34.391: Application time: 0.0219369 seconds
2020-11-07T19:58:27.719+0800: 34.395: Application time: 0.0044480 seconds
2020-11-07T19:58:27.719+0800: 34.396: Application time: 0.0000324 seconds
2020-11-07T19:58:27.719+0800: 34.396: Application time: 0.0000194 seconds
2020-11-07T19:58:27.719+0800: 34.396: Application time: 0.0000510 seconds
2020-11-07T19:58:27.726+0800: 34.402: Application time: 0.0065634 seconds
{Heap before GC invocations=422 (full 54):
 par new generation   total 9216K, used 8598K [0x00000000e3400000, 0x00000000e3e00000, 0x00000000ecca0000)
  eden space 8192K, 100% used [0x00000000e3400000, 0x00000000e3c00000, 0x00000000e3c00000)
  from space 1024K,  39% used [0x00000000e3c00000, 0x00000000e3c659a0, 0x00000000e3d00000)
  to   space 1024K,   0% used [0x00000000e3d00000, 0x00000000e3d00000, 0x00000000e3e00000)
 concurrent mark-sweep generation total 57644K, used 34584K [0x00000000ecca0000, 0x00000000f04eb000, 0x0000000100000000)
 Metaspace       used 41578K, capacity 43226K, committed 43520K, reserved 1087488K
  class space    used 5158K, capacity 5515K, committed 5632K, reserved 1048576K
2020-11-07T19:58:27.726+0800: 34.402: [GC (Allocation Failure) 2020-11-07T19:58:27.726+0800: 34.402: [ParNew: 8598K->545K(9216K), 0.0155010 secs] 43182K->35129K(66860K), 0.0155754 secs] [Times: user=0.01 sys=0.00, real=0.01 secs] 
Heap after GC invocations=423 (full 54):
 par new generation   total 9216K, used 545K [0x00000000e3400000, 0x00000000e3e00000, 0x00000000ecca0000)
  eden space 8192K,   0% used [0x00000000e3400000, 0x00000000e3400000, 0x00000000e3c00000)
  from space 1024K,  53% used [0x00000000e3d00000, 0x00000000e3d886a8, 0x00000000e3e00000)
  to   space 1024K,   0% used [0x00000000e3c00000, 0x00000000e3c00000, 0x00000000e3d00000)
 concurrent mark-sweep generation total 57644K, used 34584K [0x00000000ecca0000, 0x00000000f04eb000, 0x0000000100000000)
 Metaspace       used 41578K, capacity 43226K, committed 43520K, reserved 1087488K
  class space    used 5158K, capacity 5515K, committed 5632K, reserved 1048576K
}
2020-11-07T19:58:27.760+0800: 34.437: Application time: 0.0187506 seconds
{Heap before GC invocations=423 (full 54):
 par new generation   total 9216K, used 8737K [0x00000000e3400000, 0x00000000e3e00000, 0x00000000ecca0000)
  eden space 8192K, 100% used [0x00000000e3400000, 0x00000000e3c00000, 0x00000000e3c00000)
  from space 1024K,  53% used [0x00000000e3d00000, 0x00000000e3d886a8, 0x00000000e3e00000)
  to   space 1024K,   0% used [0x00000000e3c00000, 0x00000000e3c00000, 0x00000000e3d00000)
 concurrent mark-sweep generation total 57644K, used 34584K [0x00000000ecca0000, 0x00000000f04eb000, 0x0000000100000000)
 Metaspace       used 41610K, capacity 43290K, committed 43520K, reserved 1087488K
  class space    used 5161K, capacity 5515K, committed 5632K, reserved 1048576K
2020-11-07T19:58:27.760+0800: 34.437: [GC (Allocation Failure) 2020-11-07T19:58:27.760+0800: 34.437: [ParNew: 8737K->723K(9216K), 0.0106212 secs] 43321K->35307K(66860K), 0.0106759 secs] [Times: user=0.01 sys=0.00, real=0.01 secs] 
Heap after GC invocations=424 (full 54):
 par new generation   total 9216K, used 723K [0x00000000e3400000, 0x00000000e3e00000, 0x00000000ecca0000)
  eden space 8192K,   0% used [0x00000000e3400000, 0x00000000e3400000, 0x00000000e3c00000)
  from space 1024K,  70% used [0x00000000e3c00000, 0x00000000e3cb4d70, 0x00000000e3d00000)
  to   space 1024K,   0% used [0x00000000e3d00000, 0x00000000e3d00000, 0x00000000e3e00000)
 concurrent mark-sweep generation total 57644K, used 34584K [0x00000000ecca0000, 0x00000000f04eb000, 0x0000000100000000)
 Metaspace       used 41610K, capacity 43290K, committed 43520K, reserved 1087488K
  class space    used 5161K, capacity 5515K, committed 5632K, reserved 1048576K
}
2020-11-07T19:58:27.785+0800: 34.462: Application time: 0.0141998 seconds
{Heap before GC invocations=424 (full 54):
 par new generation   total 9216K, used 8915K [0x00000000e3400000, 0x00000000e3e00000, 0x00000000ecca0000)
  eden space 8192K, 100% used [0x00000000e3400000, 0x00000000e3c00000, 0x00000000e3c00000)
  from space 1024K,  70% used [0x00000000e3c00000, 0x00000000e3cb4d70, 0x00000000e3d00000)
  to   space 1024K,   0% used [0x00000000e3d00000, 0x00000000e3d00000, 0x00000000e3e00000)
 concurrent mark-sweep generation total 57644K, used 34584K [0x00000000ecca0000, 0x00000000f04eb000, 0x0000000100000000)
 Metaspace       used 41623K, capacity 43296K, committed 43520K, reserved 1087488K
  class space    used 5162K, capacity 5516K, committed 5632K, reserved 1048576K
2020-11-07T19:58:27.785+0800: 34.462: [GC (Allocation Failure) 2020-11-07T19:58:27.785+0800: 34.462: [ParNew: 8915K->644K(9216K), 0.0128146 secs] 43499K->35301K(66860K), 0.0128807 secs] [Times: user=0.01 sys=0.00, real=0.01 secs] 
Heap after GC invocations=425 (full 54):
 par new generation   total 9216K, used 644K [0x00000000e3400000, 0x00000000e3e00000, 0x00000000ecca0000)
  eden space 8192K,   0% used [0x00000000e3400000, 0x00000000e3400000, 0x00000000e3c00000)
  from space 1024K,  62% used [0x00000000e3d00000, 0x00000000e3da1128, 0x00000000e3e00000)
  to   space 1024K,   0% used [0x00000000e3c00000, 0x00000000e3c00000, 0x00000000e3d00000)
 concurrent mark-sweep generation total 57644K, used 34657K [0x00000000ecca0000, 0x00000000f04eb000, 0x0000000100000000)
 Metaspace       used 41623K, capacity 43296K, committed 43520K, reserved 1087488K
  class space    used 5162K, capacity 5516K, committed 5632K, reserved 1048576K
}
2020-11-07T19:58:27.802+0800: 34.478: Application time: 0.0032759 seconds
2020-11-07T19:58:27.802+0800: 34.478: [GC (CMS Initial Mark) [1 CMS-initial-mark: 34657K(57644K)] 37260K(66860K), 0.0039197 secs] [Times: user=0.01 sys=0.00, real=0.01 secs] 
2020-11-07T19:58:27.806+0800: 34.482: [CMS-concurrent-mark-start]
2020-11-07T19:58:27.835+0800: 34.511: Application time: 0.0289257 seconds
{Heap before GC invocations=425 (full 55):
 par new generation   total 9216K, used 8836K [0x00000000e3400000, 0x00000000e3e00000, 0x00000000ecca0000)
  eden space 8192K, 100% used [0x00000000e3400000, 0x00000000e3c00000, 0x00000000e3c00000)
  from space 1024K,  62% used [0x00000000e3d00000, 0x00000000e3da1128, 0x00000000e3e00000)
  to   space 1024K,   0% used [0x00000000e3c00000, 0x00000000e3c00000, 0x00000000e3d00000)
 concurrent mark-sweep generation total 57644K, used 34657K [0x00000000ecca0000, 0x00000000f04eb000, 0x0000000100000000)
 Metaspace       used 41623K, capacity 43296K, committed 43520K, reserved 1087488K
  class space    used 5162K, capacity 5516K, committed 5632K, reserved 1048576K
2020-11-07T19:58:27.835+0800: 34.511: [GC (Allocation Failure) 2020-11-07T19:58:27.835+0800: 34.511: [ParNew: 8836K->613K(9216K), 0.0113129 secs] 43493K->35271K(66860K), 0.0113844 secs] [Times: user=0.01 sys=0.00, real=0.01 secs] 
Heap after GC invocations=426 (full 55):
 par new generation   total 9216K, used 613K [0x00000000e3400000, 0x00000000e3e00000, 0x00000000ecca0000)
  eden space 8192K,   0% used [0x00000000e3400000, 0x00000000e3400000, 0x00000000e3c00000)
  from space 1024K,  59% used [0x00000000e3c00000, 0x00000000e3c995c0, 0x00000000e3d00000)
  to   space 1024K,   0% used [0x00000000e3d00000, 0x00000000e3d00000, 0x00000000e3e00000)
 concurrent mark-sweep generation total 57644K, used 34657K [0x00000000ecca0000, 0x00000000f04eb000, 0x0000000100000000)
 Metaspace       used 41623K, capacity 43296K, committed 43520K, reserved 1087488K
  class space    used 5162K, capacity 5516K, committed 5632K, reserved 1048576K
}
2020-11-07T19:58:27.860+0800: 34.537: Application time: 0.0141490 seconds
2020-11-07T19:58:27.861+0800: 34.538: Application time: 0.0006383 seconds
2020-11-07T19:58:27.863+0800: 34.539: Application time: 0.0016383 seconds
2020-11-07T19:58:27.864+0800: 34.541: Application time: 0.0013236 seconds
2020-11-07T19:58:27.885+0800: 34.562: Application time: 0.0208721 seconds
{Heap before GC invocations=426 (full 55):
 par new generation   total 9216K, used 8805K [0x00000000e3400000, 0x00000000e3e00000, 0x00000000ecca0000)
  eden space 8192K, 100% used [0x00000000e3400000, 0x00000000e3c00000, 0x00000000e3c00000)
  from space 1024K,  59% used [0x00000000e3c00000, 0x00000000e3c995c0, 0x00000000e3d00000)
  to   space 1024K,   0% used [0x00000000e3d00000, 0x00000000e3d00000, 0x00000000e3e00000)
 concurrent mark-sweep generation total 57644K, used 34657K [0x00000000ecca0000, 0x00000000f04eb000, 0x0000000100000000)
 Metaspace       used 41635K, capacity 43304K, committed 43520K, reserved 1087488K
  class space    used 5164K, capacity 5518K, committed 5632K, reserved 1048576K
2020-11-07T19:58:27.885+0800: 34.562: [GC (Allocation Failure) 2020-11-07T19:58:27.885+0800: 34.562: [ParNew: 8805K->611K(9216K), 0.0133962 secs] 43463K->35354K(66860K), 0.0134658 secs] [Times: user=0.02 sys=0.00, real=0.01 secs] 
Heap after GC invocations=427 (full 55):
 par new generation   total 9216K, used 611K [0x00000000e3400000, 0x00000000e3e00000, 0x00000000ecca0000)
  eden space 8192K,   0% used [0x00000000e3400000, 0x00000000e3400000, 0x00000000e3c00000)
  from space 1024K,  59% used [0x00000000e3d00000, 0x00000000e3d98f28, 0x00000000e3e00000)
  to   space 1024K,   0% used [0x00000000e3c00000, 0x00000000e3c00000, 0x00000000e3d00000)
 concurrent mark-sweep generation total 57644K, used 34742K [0x00000000ecca0000, 0x00000000f04eb000, 0x0000000100000000)
 Metaspace       used 41635K, capacity 43304K, committed 43520K, reserved 1087488K
  class space    used 5164K, capacity 5518K, committed 5632K, reserved 1048576K
}
2020-11-07T19:58:27.955+0800: 34.631: Application time: 0.0558283 seconds
{Heap before GC invocations=427 (full 55):
 par new generation   total 9216K, used 8803K [0x00000000e3400000, 0x00000000e3e00000, 0x00000000ecca0000)
  eden space 8192K, 100% used [0x00000000e3400000, 0x00000000e3c00000, 0x00000000e3c00000)
  from space 1024K,  59% used [0x00000000e3d00000, 0x00000000e3d98f28, 0x00000000e3e00000)
  to   space 1024K,   0% used [0x00000000e3c00000, 0x00000000e3c00000, 0x00000000e3d00000)
 concurrent mark-sweep generation total 57644K, used 34742K [0x00000000ecca0000, 0x00000000f04eb000, 0x0000000100000000)
 Metaspace       used 41642K, capacity 43310K, committed 43520K, reserved 1087488K
  class space    used 5164K, capacity 5519K, committed 5632K, reserved 1048576K
2020-11-07T19:58:27.955+0800: 34.631: [GC (Allocation Failure) 2020-11-07T19:58:27.955+0800: 34.631: [ParNew: 8803K->703K(9216K), 0.0245246 secs] 43546K->35498K(66860K), 0.0245773 secs] [Times: user=0.02 sys=0.00, real=0.02 secs] 
Heap after GC invocations=428 (full 55):
 par new generation   total 9216K, used 703K [0x00000000e3400000, 0x00000000e3e00000, 0x00000000ecca0000)
  eden space 8192K,   0% used [0x00000000e3400000, 0x00000000e3400000, 0x00000000e3c00000)
  from space 1024K,  68% used [0x00000000e3c00000, 0x00000000e3cafc60, 0x00000000e3d00000)
  to   space 1024K,   0% used [0x00000000e3d00000, 0x00000000e3d00000, 0x00000000e3e00000)
 concurrent mark-sweep generation total 57644K, used 34795K [0x00000000ecca0000, 0x00000000f04eb000, 0x0000000100000000)
 Metaspace       used 41642K, capacity 43310K, committed 43520K, reserved 1087488K
  class space    used 5164K, capacity 5519K, committed 5632K, reserved 1048576K
}
2020-11-07T19:58:27.994+0800: 34.670: [CMS-concurrent-mark: 0.119/0.188 secs] [Times: user=0.18 sys=0.00, real=0.18 secs] 
2020-11-07T19:58:27.994+0800: 34.670: [CMS-concurrent-preclean-start]
2020-11-07T19:58:28.005+0800: 34.682: [CMS-concurrent-preclean: 0.012/0.012 secs] [Times: user=0.01 sys=0.00, real=0.02 secs] 
2020-11-07T19:58:28.005+0800: 34.682: [CMS-concurrent-abortable-preclean-start]
2020-11-07T19:58:28.011+0800: 34.688: Application time: 0.0317168 seconds
{Heap before GC invocations=428 (full 55):
 par new generation   total 9216K, used 8895K [0x00000000e3400000, 0x00000000e3e00000, 0x00000000ecca0000)
  eden space 8192K, 100% used [0x00000000e3400000, 0x00000000e3c00000, 0x00000000e3c00000)
  from space 1024K,  68% used [0x00000000e3c00000, 0x00000000e3cafc60, 0x00000000e3d00000)
  to   space 1024K,   0% used [0x00000000e3d00000, 0x00000000e3d00000, 0x00000000e3e00000)
 concurrent mark-sweep generation total 57644K, used 34795K [0x00000000ecca0000, 0x00000000f04eb000, 0x0000000100000000)
 Metaspace       used 41649K, capacity 43310K, committed 43520K, reserved 1087488K
  class space    used 5165K, capacity 5519K, committed 5632K, reserved 1048576K
2020-11-07T19:58:28.011+0800: 34.688: [GC (Allocation Failure) 2020-11-07T19:58:28.011+0800: 34.688: [ParNew: 8895K->745K(9216K), 0.0214899 secs] 43690K->35687K(66860K), 0.0215765 secs] [Times: user=0.02 sys=0.00, real=0.02 secs] 
Heap after GC invocations=429 (full 55):
 par new generation   total 9216K, used 745K [0x00000000e3400000, 0x00000000e3e00000, 0x00000000ecca0000)
  eden space 8192K,   0% used [0x00000000e3400000, 0x00000000e3400000, 0x00000000e3c00000)
  from space 1024K,  72% used [0x00000000e3d00000, 0x00000000e3dba7e0, 0x00000000e3e00000)
  to   space 1024K,   0% used [0x00000000e3c00000, 0x00000000e3c00000, 0x00000000e3d00000)
 concurrent mark-sweep generation total 57644K, used 34941K [0x00000000ecca0000, 0x00000000f04eb000, 0x0000000100000000)
 Metaspace       used 41649K, capacity 43310K, committed 43520K, reserved 1087488K
  class space    used 5165K, capacity 5519K, committed 5632K, reserved 1048576K
}
2020-11-07T19:58:28.063+0800: 34.740: Application time: 0.0303992 seconds
2020-11-07T19:58:28.068+0800: 34.745: Application time: 0.0045133 seconds
2020-11-07T19:58:28.071+0800: 34.748: [CMS-concurrent-abortable-preclean: 0.026/0.066 secs] [Times: user=0.06 sys=0.00, real=0.06 secs] 
2020-11-07T19:58:28.075+0800: 34.751: Application time: 0.0054026 seconds
2020-11-07T19:58:28.075+0800: 34.751: [GC (CMS Final Remark) [YG occupancy: 7463 K (9216 K)]2020-11-07T19:58:28.075+0800: 34.751: [Rescan (parallel) , 0.0133063 secs]2020-11-07T19:58:28.088+0800: 34.765: [weak refs processing, 0.0004331 secs]2020-11-07T19:58:28.089+0800: 34.765: [class unloading, 0.0091574 secs]2020-11-07T19:58:28.098+0800: 34.774: [scrub symbol table, 0.0116119 secs]2020-11-07T19:58:28.109+0800: 34.786: [scrub string table, 0.0009215 secs][1 CMS-remark: 34941K(57644K)] 42404K(66860K), 0.0356117 secs] [Times: user=0.03 sys=0.00, real=0.03 secs] 
2020-11-07T19:58:28.120+0800: 34.797: [CMS-concurrent-sweep-start]
2020-11-07T19:58:28.139+0800: 34.816: [CMS-concurrent-sweep: 0.019/0.019 secs] [Times: user=0.02 sys=0.00, real=0.02 secs] 
2020-11-07T19:58:28.139+0800: 34.816: [CMS-concurrent-reset-start]
2020-11-07T19:58:28.141+0800: 34.818: Application time: 0.0308508 seconds
{Heap before GC invocations=429 (full 55):
 par new generation   total 9216K, used 8937K [0x00000000e3400000, 0x00000000e3e00000, 0x00000000ecca0000)
  eden space 8192K, 100% used [0x00000000e3400000, 0x00000000e3c00000, 0x00000000e3c00000)
  from space 1024K,  72% used [0x00000000e3d00000, 0x00000000e3dba7e0, 0x00000000e3e00000)
  to   space 1024K,   0% used [0x00000000e3c00000, 0x00000000e3c00000, 0x00000000e3d00000)
 concurrent mark-sweep generation total 57988K, used 34791K [0x00000000ecca0000, 0x00000000f0541000, 0x0000000100000000)
 Metaspace       used 41700K, capacity 43382K, committed 43776K, reserved 1087488K
  class space    used 5173K, capacity 5521K, committed 5632K, reserved 1048576K
2020-11-07T19:58:28.141+0800: 34.818: [GC (Allocation Failure) 2020-11-07T19:58:28.141+0800: 34.818: [ParNew: 8937K->807K(9216K), 0.0195886 secs] 43729K->35599K(67204K), 0.0196463 secs] [Times: user=0.02 sys=0.00, real=0.02 secs] 
Heap after GC invocations=430 (full 55):
 par new generation   total 9216K, used 807K [0x00000000e3400000, 0x00000000e3e00000, 0x00000000ecca0000)
  eden space 8192K,   0% used [0x00000000e3400000, 0x00000000e3400000, 0x00000000e3c00000)
  from space 1024K,  78% used [0x00000000e3c00000, 0x00000000e3cc9fa8, 0x00000000e3d00000)
  to   space 1024K,   0% used [0x00000000e3d00000, 0x00000000e3d00000, 0x00000000e3e00000)
 concurrent mark-sweep generation total 57988K, used 34791K [0x00000000ecca0000, 0x00000000f0541000, 0x0000000100000000)
 Metaspace       used 41700K, capacity 43382K, committed 43776K, reserved 1087488K
  class space    used 5173K, capacity 5521K, committed 5632K, reserved 1048576K
}
2020-11-07T19:58:28.167+0800: 34.844: [CMS-concurrent-reset: 0.003/0.028 secs] [Times: user=0.02 sys=0.00, real=0.03 secs] 
2020-11-07T19:58:28.181+0800: 34.857: Application time: 0.0195134 seconds
{Heap before GC invocations=430 (full 55):
 par new generation   total 9216K, used 8999K [0x00000000e3400000, 0x00000000e3e00000, 0x00000000ecca0000)
  eden space 8192K, 100% used [0x00000000e3400000, 0x00000000e3c00000, 0x00000000e3c00000)
  from space 1024K,  78% used [0x00000000e3c00000, 0x00000000e3cc9fa8, 0x00000000e3d00000)
  to   space 1024K,   0% used [0x00000000e3d00000, 0x00000000e3d00000, 0x00000000e3e00000)
 concurrent mark-sweep generation total 57988K, used 34791K [0x00000000ecca0000, 0x00000000f0541000, 0x0000000100000000)
 Metaspace       used 41726K, capacity 43390K, committed 43776K, reserved 1087488K
  class space    used 5177K, capacity 5523K, committed 5632K, reserved 1048576K
2020-11-07T19:58:28.181+0800: 34.857: [GC (Allocation Failure) 2020-11-07T19:58:28.181+0800: 34.857: [ParNew: 8999K->626K(9216K), 0.0227887 secs] 43791K->35598K(67204K), 0.0228638 secs] [Times: user=0.02 sys=0.00, real=0.02 secs] 
Heap after GC invocations=431 (full 55):
 par new generation   total 9216K, used 626K [0x00000000e3400000, 0x00000000e3e00000, 0x00000000ecca0000)
  eden space 8192K,   0% used [0x00000000e3400000, 0x00000000e3400000, 0x00000000e3c00000)
  from space 1024K,  61% used [0x00000000e3d00000, 0x00000000e3d9c840, 0x00000000e3e00000)
  to   space 1024K,   0% used [0x00000000e3c00000, 0x00000000e3c00000, 0x00000000e3d00000)
 concurrent mark-sweep generation total 57988K, used 34972K [0x00000000ecca0000, 0x00000000f0541000, 0x0000000100000000)
 Metaspace       used 41726K, capacity 43390K, committed 43776K, reserved 1087488K
  class space    used 5177K, capacity 5523K, committed 5632K, reserved 1048576K
}
2020-11-07T19:58:28.210+0800: 34.886: Application time: 0.0059277 seconds
2020-11-07T19:58:28.210+0800: 34.886: [GC (CMS Initial Mark) [1 CMS-initial-mark: 34972K(57988K)] 36746K(67204K), 0.0044049 secs] [Times: user=0.01 sys=0.00, real=0.00 secs] 
2020-11-07T19:58:28.214+0800: 34.891: [CMS-concurrent-mark-start]
2020-11-07T19:58:28.241+0800: 34.918: Application time: 0.0268058 seconds
2020-11-07T19:58:28.262+0800: 34.938: Application time: 0.0205604 seconds
{Heap before GC invocations=431 (full 56):
 par new generation   total 9216K, used 8818K [0x00000000e3400000, 0x00000000e3e00000, 0x00000000ecca0000)
  eden space 8192K, 100% used [0x00000000e3400000, 0x00000000e3c00000, 0x00000000e3c00000)
  from space 1024K,  61% used [0x00000000e3d00000, 0x00000000e3d9c840, 0x00000000e3e00000)
  to   space 1024K,   0% used [0x00000000e3c00000, 0x00000000e3c00000, 0x00000000e3d00000)
 concurrent mark-sweep generation total 57988K, used 34972K [0x00000000ecca0000, 0x00000000f0541000, 0x0000000100000000)
 Metaspace       used 41735K, capacity 43390K, committed 43776K, reserved 1087488K
  class space    used 5179K, capacity 5523K, committed 5632K, reserved 1048576K
2020-11-07T19:58:28.262+0800: 34.938: [GC (Allocation Failure) 2020-11-07T19:58:28.262+0800: 34.939: [ParNew: 8818K->650K(9216K), 0.0080813 secs] 43790K->35629K(67204K), 0.0081557 secs] [Times: user=0.00 sys=0.00, real=0.01 secs] 
Heap after GC invocations=432 (full 56):
 par new generation   total 9216K, used 650K [0x00000000e3400000, 0x00000000e3e00000, 0x00000000ecca0000)
  eden space 8192K,   0% used [0x00000000e3400000, 0x00000000e3400000, 0x00000000e3c00000)
  from space 1024K,  63% used [0x00000000e3c00000, 0x00000000e3ca2aa8, 0x00000000e3d00000)
  to   space 1024K,   0% used [0x00000000e3d00000, 0x00000000e3d00000, 0x00000000e3e00000)
 concurrent mark-sweep generation total 57988K, used 34978K [0x00000000ecca0000, 0x00000000f0541000, 0x0000000100000000)
 Metaspace       used 41735K, capacity 43390K, committed 43776K, reserved 1087488K
  class space    used 5179K, capacity 5523K, committed 5632K, reserved 1048576K
}
2020-11-07T19:58:28.303+0800: 34.979: Application time: 0.0325520 seconds
2020-11-07T19:58:28.318+0800: 34.994: Application time: 0.0149444 seconds
2020-11-07T19:58:28.325+0800: 35.001: Application time: 0.0062659 seconds
{Heap before GC invocations=432 (full 56):
 par new generation   total 9216K, used 8842K [0x00000000e3400000, 0x00000000e3e00000, 0x00000000ecca0000)
  eden space 8192K, 100% used [0x00000000e3400000, 0x00000000e3c00000, 0x00000000e3c00000)
  from space 1024K,  63% used [0x00000000e3c00000, 0x00000000e3ca2aa8, 0x00000000e3d00000)
  to   space 1024K,   0% used [0x00000000e3d00000, 0x00000000e3d00000, 0x00000000e3e00000)
 concurrent mark-sweep generation total 57988K, used 34978K [0x00000000ecca0000, 0x00000000f0541000, 0x0000000100000000)
 Metaspace       used 41834K, capacity 43550K, committed 43776K, reserved 1087488K
  class space    used 5194K, capacity 5555K, committed 5632K, reserved 1048576K
2020-11-07T19:58:28.325+0800: 35.002: [GC (Allocation Failure) 2020-11-07T19:58:28.325+0800: 35.002: [ParNew: 8842K->482K(9216K), 0.0174575 secs] 43821K->35717K(67204K), 0.0175114 secs] [Times: user=0.01 sys=0.00, real=0.01 secs] 
Heap after GC invocations=433 (full 56):
 par new generation   total 9216K, used 482K [0x00000000e3400000, 0x00000000e3e00000, 0x00000000ecca0000)
  eden space 8192K,   0% used [0x00000000e3400000, 0x00000000e3400000, 0x00000000e3c00000)
  from space 1024K,  47% used [0x00000000e3d00000, 0x00000000e3d78930, 0x00000000e3e00000)
  to   space 1024K,   0% used [0x00000000e3c00000, 0x00000000e3c00000, 0x00000000e3d00000)
 concurrent mark-sweep generation total 57988K, used 35235K [0x00000000ecca0000, 0x00000000f0541000, 0x0000000100000000)
 Metaspace       used 41834K, capacity 43550K, committed 43776K, reserved 1087488K
  class space    used 5194K, capacity 5555K, committed 5632K, reserved 1048576K
}
2020-11-07T19:58:28.360+0800: 35.036: Application time: 0.0171266 seconds
2020-11-07T19:58:28.365+0800: 35.042: Application time: 0.0049012 seconds
2020-11-07T19:58:28.445+0800: 35.122: [CMS-concurrent-mark: 0.189/0.231 secs] [Times: user=0.22 sys=0.01, real=0.24 secs] 
2020-11-07T19:58:28.445+0800: 35.122: [CMS-concurrent-preclean-start]
2020-11-07T19:58:28.449+0800: 35.126: [CMS-concurrent-preclean: 0.003/0.004 secs] [Times: user=0.01 sys=0.00, real=0.00 secs] 
2020-11-07T19:58:28.450+0800: 35.126: [CMS-concurrent-abortable-preclean-start]
2020-11-07T19:58:28.483+0800: 35.160: Application time: 0.1178146 seconds
{Heap before GC invocations=433 (full 56):
 par new generation   total 9216K, used 8674K [0x00000000e3400000, 0x00000000e3e00000, 0x00000000ecca0000)
  eden space 8192K, 100% used [0x00000000e3400000, 0x00000000e3c00000, 0x00000000e3c00000)
  from space 1024K,  47% used [0x00000000e3d00000, 0x00000000e3d78930, 0x00000000e3e00000)
  to   space 1024K,   0% used [0x00000000e3c00000, 0x00000000e3c00000, 0x00000000e3d00000)
 concurrent mark-sweep generation total 57988K, used 35235K [0x00000000ecca0000, 0x00000000f0541000, 0x0000000100000000)
 Metaspace       used 41975K, capacity 43684K, committed 44032K, reserved 1087488K
  class space    used 5206K, capacity 5556K, committed 5632K, reserved 1048576K
2020-11-07T19:58:28.483+0800: 35.160: [GC (Allocation Failure) 2020-11-07T19:58:28.483+0800: 35.160: [ParNew: 8674K->723K(9216K), 0.0303120 secs] 43909K->35958K(67204K), 0.0303872 secs] [Times: user=0.03 sys=0.00, real=0.03 secs] 
Heap after GC invocations=434 (full 56):
 par new generation   total 9216K, used 723K [0x00000000e3400000, 0x00000000e3e00000, 0x00000000ecca0000)
  eden space 8192K,   0% used [0x00000000e3400000, 0x00000000e3400000, 0x00000000e3c00000)
  from space 1024K,  70% used [0x00000000e3c00000, 0x00000000e3cb4cb8, 0x00000000e3d00000)
  to   space 1024K,   0% used [0x00000000e3d00000, 0x00000000e3d00000, 0x00000000e3e00000)
 concurrent mark-sweep generation total 57988K, used 35235K [0x00000000ecca0000, 0x00000000f0541000, 0x0000000100000000)
 Metaspace       used 41975K, capacity 43684K, committed 44032K, reserved 1087488K
  class space    used 5206K, capacity 5556K, committed 5632K, reserved 1048576K
}
2020-11-07T19:58:28.539+0800: 35.216: [CMS-concurrent-abortable-preclean: 0.029/0.089 secs] [Times: user=0.08 sys=0.00, real=0.09 secs] 
2020-11-07T19:58:28.543+0800: 35.220: Application time: 0.0294205 seconds
2020-11-07T19:58:28.550+0800: 35.226: [GC (CMS Final Remark) [YG occupancy: 8597 K (9216 K)]2020-11-07T19:58:28.550+0800: 35.226: [Rescan (parallel) , 0.0358587 secs]2020-11-07T19:58:28.586+0800: 35.262: [weak refs processing, 0.0005563 secs]2020-11-07T19:58:28.586+0800: 35.263: [class unloading, 0.0094811 secs]2020-11-07T19:58:28.596+0800: 35.272: [scrub symbol table, 0.0147908 secs]2020-11-07T19:58:28.610+0800: 35.287: [scrub string table, 0.0009592 secs][1 CMS-remark: 35235K(57988K)] 43832K(67204K), 0.0679588 secs] [Times: user=0.07 sys=0.00, real=0.07 secs] 
2020-11-07T19:58:28.622+0800: 35.298: [CMS-concurrent-sweep-start]
2020-11-07T19:58:28.635+0800: 35.311: Application time: 0.0169104 seconds
{Heap before GC invocations=434 (full 56):
 par new generation   total 9216K, used 8915K [0x00000000e3400000, 0x00000000e3e00000, 0x00000000ecca0000)
  eden space 8192K, 100% used [0x00000000e3400000, 0x00000000e3c00000, 0x00000000e3c00000)
  from space 1024K,  70% used [0x00000000e3c00000, 0x00000000e3cb4cb8, 0x00000000e3d00000)
  to   space 1024K,   0% used [0x00000000e3d00000, 0x00000000e3d00000, 0x00000000e3e00000)
 concurrent mark-sweep generation total 57988K, used 35235K [0x00000000ecca0000, 0x00000000f0541000, 0x0000000100000000)
 Metaspace       used 41983K, capacity 43684K, committed 44032K, reserved 1087488K
  class space    used 5206K, capacity 5556K, committed 5632K, reserved 1048576K
2020-11-07T19:58:28.635+0800: 35.311: [GC (Allocation Failure) 2020-11-07T19:58:28.635+0800: 35.311: [ParNew: 8915K->375K(9216K), 0.0268832 secs] 44150K->35764K(67204K), 0.0269609 secs] [Times: user=0.02 sys=0.01, real=0.02 secs] 
Heap after GC invocations=435 (full 56):
 par new generation   total 9216K, used 375K [0x00000000e3400000, 0x00000000e3e00000, 0x00000000ecca0000)
  eden space 8192K,   0% used [0x00000000e3400000, 0x00000000e3400000, 0x00000000e3c00000)
  from space 1024K,  36% used [0x00000000e3d00000, 0x00000000e3d5ddc8, 0x00000000e3e00000)
  to   space 1024K,   0% used [0x00000000e3c00000, 0x00000000e3c00000, 0x00000000e3d00000)
 concurrent mark-sweep generation total 57988K, used 35388K [0x00000000ecca0000, 0x00000000f0541000, 0x0000000100000000)
 Metaspace       used 41983K, capacity 43684K, committed 44032K, reserved 1087488K
  class space    used 5206K, capacity 5556K, committed 5632K, reserved 1048576K
}
2020-11-07T19:58:28.673+0800: 35.350: Application time: 0.0117737 seconds
2020-11-07T19:58:28.674+0800: 35.350: Application time: 0.0000743 seconds
2020-11-07T19:58:28.677+0800: 35.353: Application time: 0.0029493 seconds
2020-11-07T19:58:28.697+0800: 35.374: [CMS-concurrent-sweep: 0.043/0.075 secs] [Times: user=0.08 sys=0.01, real=0.08 secs] 
2020-11-07T19:58:28.697+0800: 35.374: [CMS-concurrent-reset-start]
2020-11-07T19:58:28.698+0800: 35.375: [CMS-concurrent-reset: 0.001/0.001 secs] [Times: user=0.00 sys=0.00, real=0.00 secs] 
2020-11-07T19:58:28.704+0800: 35.381: Application time: 0.0277164 seconds
{Heap before GC invocations=435 (full 56):
 par new generation   total 9216K, used 8567K [0x00000000e3400000, 0x00000000e3e00000, 0x00000000ecca0000)
  eden space 8192K, 100% used [0x00000000e3400000, 0x00000000e3c00000, 0x00000000e3c00000)
  from space 1024K,  36% used [0x00000000e3d00000, 0x00000000e3d5ddc8, 0x00000000e3e00000)
  to   space 1024K,   0% used [0x00000000e3c00000, 0x00000000e3c00000, 0x00000000e3d00000)
 concurrent mark-sweep generation total 58960K, used 35374K [0x00000000ecca0000, 0x00000000f0634000, 0x0000000100000000)
 Metaspace       used 42004K, capacity 43688K, committed 44032K, reserved 1087488K
  class space    used 5210K, capacity 5558K, committed 5632K, reserved 1048576K
2020-11-07T19:58:28.705+0800: 35.381: [GC (Allocation Failure) 2020-11-07T19:58:28.705+0800: 35.381: [ParNew: 8567K->470K(9216K), 0.0137627 secs] 43941K->35844K(68176K), 0.0138448 secs] [Times: user=0.02 sys=0.00, real=0.01 secs] 
Heap after GC invocations=436 (full 56):
 par new generation   total 9216K, used 470K [0x00000000e3400000, 0x00000000e3e00000, 0x00000000ecca0000)
  eden space 8192K,   0% used [0x00000000e3400000, 0x00000000e3400000, 0x00000000e3c00000)
  from space 1024K,  45% used [0x00000000e3c00000, 0x00000000e3c75938, 0x00000000e3d00000)
  to   space 1024K,   0% used [0x00000000e3d00000, 0x00000000e3d00000, 0x00000000e3e00000)
 concurrent mark-sweep generation total 58960K, used 35374K [0x00000000ecca0000, 0x00000000f0634000, 0x0000000100000000)
 Metaspace       used 42004K, capacity 43688K, committed 44032K, reserved 1087488K
  class space    used 5210K, capacity 5558K, committed 5632K, reserved 1048576K
}
2020-11-07T19:58:28.746+0800: 35.423: Application time: 0.0279444 seconds
2020-11-07T19:58:28.774+0800: 35.450: Application time: 0.0269733 seconds
{Heap before GC invocations=436 (full 56):
 par new generation   total 9216K, used 8662K [0x00000000e3400000, 0x00000000e3e00000, 0x00000000ecca0000)
  eden space 8192K, 100% used [0x00000000e3400000, 0x00000000e3c00000, 0x00000000e3c00000)
  from space 1024K,  45% used [0x00000000e3c00000, 0x00000000e3c75938, 0x00000000e3d00000)
  to   space 1024K,   0% used [0x00000000e3d00000, 0x00000000e3d00000, 0x00000000e3e00000)
 concurrent mark-sweep generation total 58960K, used 35374K [0x00000000ecca0000, 0x00000000f0634000, 0x0000000100000000)
 Metaspace       used 42019K, capacity 43752K, committed 44032K, reserved 1087488K
  class space    used 5212K, capacity 5558K, committed 5632K, reserved 1048576K
2020-11-07T19:58:28.774+0800: 35.450: [GC (Allocation Failure) 2020-11-07T19:58:28.774+0800: 35.450: [ParNew: 8662K->606K(9216K), 0.0288073 secs] 44036K->35981K(68176K), 0.0288639 secs] [Times: user=0.03 sys=0.00, real=0.03 secs] 
Heap after GC invocations=437 (full 56):
 par new generation   total 9216K, used 606K [0x00000000e3400000, 0x00000000e3e00000, 0x00000000ecca0000)
  eden space 8192K,   0% used [0x00000000e3400000, 0x00000000e3400000, 0x00000000e3c00000)
  from space 1024K,  59% used [0x00000000e3d00000, 0x00000000e3d97bc0, 0x00000000e3e00000)
  to   space 1024K,   0% used [0x00000000e3c00000, 0x00000000e3c00000, 0x00000000e3d00000)
 concurrent mark-sweep generation total 58960K, used 35374K [0x00000000ecca0000, 0x00000000f0634000, 0x0000000100000000)
 Metaspace       used 42019K, capacity 43752K, committed 44032K, reserved 1087488K
  class space    used 5212K, capacity 5558K, committed 5632K, reserved 1048576K
}
2020-11-07T19:58:28.817+0800: 35.493: Application time: 0.0141048 seconds
2020-11-07T19:58:28.834+0800: 35.511: Application time: 0.0174715 seconds
{Heap before GC invocations=437 (full 56):
 par new generation   total 9216K, used 8798K [0x00000000e3400000, 0x00000000e3e00000, 0x00000000ecca0000)
  eden space 8192K, 100% used [0x00000000e3400000, 0x00000000e3c00000, 0x00000000e3c00000)
  from space 1024K,  59% used [0x00000000e3d00000, 0x00000000e3d97bc0, 0x00000000e3e00000)
  to   space 1024K,   0% used [0x00000000e3c00000, 0x00000000e3c00000, 0x00000000e3d00000)
 concurrent mark-sweep generation total 58960K, used 35374K [0x00000000ecca0000, 0x00000000f0634000, 0x0000000100000000)
 Metaspace       used 42033K, capacity 43752K, committed 44032K, reserved 1087488K
  class space    used 5213K, capacity 5558K, committed 5632K, reserved 1048576K
2020-11-07T19:58:28.835+0800: 35.511: [GC (Allocation Failure) 2020-11-07T19:58:28.835+0800: 35.511: [ParNew: 8798K->579K(9216K), 0.0064107 secs] 44173K->35954K(68176K), 0.0064637 secs] [Times: user=0.01 sys=0.00, real=0.00 secs] 
Heap after GC invocations=438 (full 56):
 par new generation   total 9216K, used 579K [0x00000000e3400000, 0x00000000e3e00000, 0x00000000ecca0000)
  eden space 8192K,   0% used [0x00000000e3400000, 0x00000000e3400000, 0x00000000e3c00000)
  from space 1024K,  56% used [0x00000000e3c00000, 0x00000000e3c90f88, 0x00000000e3d00000)
  to   space 1024K,   0% used [0x00000000e3d00000, 0x00000000e3d00000, 0x00000000e3e00000)
 concurrent mark-sweep generation total 58960K, used 35374K [0x00000000ecca0000, 0x00000000f0634000, 0x0000000100000000)
 Metaspace       used 42033K, capacity 43752K, committed 44032K, reserved 1087488K
  class space    used 5213K, capacity 5558K, committed 5632K, reserved 1048576K
}
2020-11-07T19:58:28.847+0800: 35.523: Application time: 0.0054987 seconds
2020-11-07T19:58:28.890+0800: 35.566: Application time: 0.0429830 seconds
{Heap before GC invocations=438 (full 56):
 par new generation   total 9216K, used 8771K [0x00000000e3400000, 0x00000000e3e00000, 0x00000000ecca0000)
  eden space 8192K, 100% used [0x00000000e3400000, 0x00000000e3c00000, 0x00000000e3c00000)
  from space 1024K,  56% used [0x00000000e3c00000, 0x00000000e3c90f88, 0x00000000e3d00000)
  to   space 1024K,   0% used [0x00000000e3d00000, 0x00000000e3d00000, 0x00000000e3e00000)
 concurrent mark-sweep generation total 58960K, used 35374K [0x00000000ecca0000, 0x00000000f0634000, 0x0000000100000000)
 Metaspace       used 42188K, capacity 43918K, committed 44032K, reserved 1087488K
  class space    used 5232K, capacity 5593K, committed 5632K, reserved 1048576K
2020-11-07T19:58:28.890+0800: 35.566: [GC (Allocation Failure) 2020-11-07T19:58:28.890+0800: 35.567: [ParNew: 8771K->809K(9216K), 0.0151702 secs] 44146K->36183K(68176K), 0.0152243 secs] [Times: user=0.01 sys=0.00, real=0.02 secs] 
Heap after GC invocations=439 (full 56):
 par new generation   total 9216K, used 809K [0x00000000e3400000, 0x00000000e3e00000, 0x00000000ecca0000)
  eden space 8192K,   0% used [0x00000000e3400000, 0x00000000e3400000, 0x00000000e3c00000)
  from space 1024K,  79% used [0x00000000e3d00000, 0x00000000e3dca5b8, 0x00000000e3e00000)
  to   space 1024K,   0% used [0x00000000e3c00000, 0x00000000e3c00000, 0x00000000e3d00000)
 concurrent mark-sweep generation total 58960K, used 35374K [0x00000000ecca0000, 0x00000000f0634000, 0x0000000100000000)
 Metaspace       used 42188K, capacity 43918K, committed 44032K, reserved 1087488K
  class space    used 5232K, capacity 5593K, committed 5632K, reserved 1048576K
}
2020-11-07T19:58:28.941+0800: 35.618: Application time: 0.0357710 seconds
{Heap before GC invocations=439 (full 56):
 par new generation   total 9216K, used 9001K [0x00000000e3400000, 0x00000000e3e00000, 0x00000000ecca0000)
  eden space 8192K, 100% used [0x00000000e3400000, 0x00000000e3c00000, 0x00000000e3c00000)
  from space 1024K,  79% used [0x00000000e3d00000, 0x00000000e3dca5b8, 0x00000000e3e00000)
  to   space 1024K,   0% used [0x00000000e3c00000, 0x00000000e3c00000, 0x00000000e3d00000)
 concurrent mark-sweep generation total 58960K, used 35374K [0x00000000ecca0000, 0x00000000f0634000, 0x0000000100000000)
 Metaspace       used 42282K, capacity 43982K, committed 44288K, reserved 1087488K
  class space    used 5243K, capacity 5593K, committed 5632K, reserved 1048576K
2020-11-07T19:58:28.941+0800: 35.618: [GC (Allocation Failure) 2020-11-07T19:58:28.941+0800: 35.618: [ParNew: 9001K->701K(9216K), 0.0138379 secs] 44375K->36194K(68176K), 0.0138913 secs] [Times: user=0.02 sys=0.00, real=0.02 secs] 
Heap after GC invocations=440 (full 56):
 par new generation   total 9216K, used 701K [0x00000000e3400000, 0x00000000e3e00000, 0x00000000ecca0000)
  eden space 8192K,   0% used [0x00000000e3400000, 0x00000000e3400000, 0x00000000e3c00000)
  from space 1024K,  68% used [0x00000000e3c00000, 0x00000000e3caf640, 0x00000000e3d00000)
  to   space 1024K,   0% used [0x00000000e3d00000, 0x00000000e3d00000, 0x00000000e3e00000)
 concurrent mark-sweep generation total 58960K, used 35492K [0x00000000ecca0000, 0x00000000f0634000, 0x0000000100000000)
 Metaspace       used 42282K, capacity 43982K, committed 44288K, reserved 1087488K
  class space    used 5243K, capacity 5593K, committed 5632K, reserved 1048576K
}
2020-11-07T19:58:28.965+0800: 35.641: Application time: 0.0098245 seconds
2020-11-07T19:58:28.965+0800: 35.642: [GC (CMS Initial Mark) [1 CMS-initial-mark: 35492K(58960K)] 37013K(68176K), 0.0040787 secs] [Times: user=0.00 sys=0.00, real=0.00 secs] 
2020-11-07T19:58:28.969+0800: 35.646: [CMS-concurrent-mark-start]
2020-11-07T19:58:29.024+0800: 35.701: Application time: 0.0549768 seconds
{Heap before GC invocations=440 (full 57):
 par new generation   total 9216K, used 8893K [0x00000000e3400000, 0x00000000e3e00000, 0x00000000ecca0000)
  eden space 8192K, 100% used [0x00000000e3400000, 0x00000000e3c00000, 0x00000000e3c00000)
  from space 1024K,  68% used [0x00000000e3c00000, 0x00000000e3caf640, 0x00000000e3d00000)
  to   space 1024K,   0% used [0x00000000e3d00000, 0x00000000e3d00000, 0x00000000e3e00000)
 concurrent mark-sweep generation total 58960K, used 35492K [0x00000000ecca0000, 0x00000000f0634000, 0x0000000100000000)
 Metaspace       used 42283K, capacity 43982K, committed 44288K, reserved 1087488K
  class space    used 5243K, capacity 5593K, committed 5632K, reserved 1048576K
2020-11-07T19:58:29.024+0800: 35.701: [GC (Allocation Failure) 2020-11-07T19:58:29.024+0800: 35.701: [ParNew: 8893K->975K(9216K), 0.0197721 secs] 44386K->36622K(68176K), 0.0198611 secs] [Times: user=0.02 sys=0.00, real=0.02 secs] 
Heap after GC invocations=441 (full 57):
 par new generation   total 9216K, used 975K [0x00000000e3400000, 0x00000000e3e00000, 0x00000000ecca0000)
  eden space 8192K,   0% used [0x00000000e3400000, 0x00000000e3400000, 0x00000000e3c00000)
  from space 1024K,  95% used [0x00000000e3d00000, 0x00000000e3df3e80, 0x00000000e3e00000)
  to   space 1024K,   0% used [0x00000000e3c00000, 0x00000000e3c00000, 0x00000000e3d00000)
 concurrent mark-sweep generation total 58960K, used 35646K [0x00000000ecca0000, 0x00000000f0634000, 0x0000000100000000)
 Metaspace       used 42283K, capacity 43982K, committed 44288K, reserved 1087488K
  class space    used 5243K, capacity 5593K, committed 5632K, reserved 1048576K
}
2020-11-07T19:58:29.057+0800: 35.733: Application time: 0.0125313 seconds
2020-11-07T19:58:29.086+0800: 35.763: Application time: 0.0297118 seconds
{Heap before GC invocations=441 (full 57):
 par new generation   total 9216K, used 9167K [0x00000000e3400000, 0x00000000e3e00000, 0x00000000ecca0000)
  eden space 8192K, 100% used [0x00000000e3400000, 0x00000000e3c00000, 0x00000000e3c00000)
  from space 1024K,  95% used [0x00000000e3d00000, 0x00000000e3df3e80, 0x00000000e3e00000)
  to   space 1024K,   0% used [0x00000000e3c00000, 0x00000000e3c00000, 0x00000000e3d00000)
 concurrent mark-sweep generation total 58960K, used 35646K [0x00000000ecca0000, 0x00000000f0634000, 0x0000000100000000)
 Metaspace       used 42300K, capacity 43982K, committed 44288K, reserved 1087488K
  class space    used 5245K, capacity 5593K, committed 5632K, reserved 1048576K
2020-11-07T19:58:29.087+0800: 35.763: [GC (Allocation Failure) 2020-11-07T19:58:29.087+0800: 35.763: [ParNew: 9167K->630K(9216K), 0.0290314 secs] 44814K->36277K(68176K), 0.0290884 secs] [Times: user=0.02 sys=0.00, real=0.03 secs] 
Heap after GC invocations=442 (full 57):
 par new generation   total 9216K, used 630K [0x00000000e3400000, 0x00000000e3e00000, 0x00000000ecca0000)
  eden space 8192K,   0% used [0x00000000e3400000, 0x00000000e3400000, 0x00000000e3c00000)
  from space 1024K,  61% used [0x00000000e3c00000, 0x00000000e3c9daa0, 0x00000000e3d00000)
  to   space 1024K,   0% used [0x00000000e3d00000, 0x00000000e3d00000, 0x00000000e3e00000)
 concurrent mark-sweep generation total 58960K, used 35646K [0x00000000ecca0000, 0x00000000f0634000, 0x0000000100000000)
 Metaspace       used 42300K, capacity 43982K, committed 44288K, reserved 1087488K
  class space    used 5245K, capacity 5593K, committed 5632K, reserved 1048576K
}
2020-11-07T19:58:29.124+0800: 35.800: Application time: 0.0078912 seconds
2020-11-07T19:58:29.130+0800: 35.807: Application time: 0.0062653 seconds
2020-11-07T19:58:29.154+0800: 35.830: Application time: 0.0235963 seconds
2020-11-07T19:58:29.173+0800: 35.849: Application time: 0.0188024 seconds
{Heap before GC invocations=442 (full 57):
 par new generation   total 9216K, used 8822K [0x00000000e3400000, 0x00000000e3e00000, 0x00000000ecca0000)
  eden space 8192K, 100% used [0x00000000e3400000, 0x00000000e3c00000, 0x00000000e3c00000)
  from space 1024K,  61% used [0x00000000e3c00000, 0x00000000e3c9daa0, 0x00000000e3d00000)
  to   space 1024K,   0% used [0x00000000e3d00000, 0x00000000e3d00000, 0x00000000e3e00000)
 concurrent mark-sweep generation total 58960K, used 35646K [0x00000000ecca0000, 0x00000000f0634000, 0x0000000100000000)
 Metaspace       used 42305K, capacity 43982K, committed 44288K, reserved 1087488K
  class space    used 5245K, capacity 5593K, committed 5632K, reserved 1048576K
2020-11-07T19:58:29.173+0800: 35.849: [GC (Allocation Failure) 2020-11-07T19:58:29.173+0800: 35.849: [ParNew: 8822K->791K(9216K), 0.0169379 secs] 44469K->36437K(68176K), 0.0170079 secs] [Times: user=0.01 sys=0.01, real=0.02 secs] 
Heap after GC invocations=443 (full 57):
 par new generation   total 9216K, used 791K [0x00000000e3400000, 0x00000000e3e00000, 0x00000000ecca0000)
  eden space 8192K,   0% used [0x00000000e3400000, 0x00000000e3400000, 0x00000000e3c00000)
  from space 1024K,  77% used [0x00000000e3d00000, 0x00000000e3dc5ca8, 0x00000000e3e00000)
  to   space 1024K,   0% used [0x00000000e3c00000, 0x00000000e3c00000, 0x00000000e3d00000)
 concurrent mark-sweep generation total 58960K, used 35646K [0x00000000ecca0000, 0x00000000f0634000, 0x0000000100000000)
 Metaspace       used 42305K, capacity 43982K, committed 44288K, reserved 1087488K
  class space    used 5245K, capacity 5593K, committed 5632K, reserved 1048576K
}
2020-11-07T19:58:29.200+0800: 35.877: Application time: 0.0104442 seconds
2020-11-07T19:58:29.215+0800: 35.892: [CMS-concurrent-mark: 0.161/0.246 secs] [Times: user=0.24 sys=0.01, real=0.25 secs] 
2020-11-07T19:58:29.215+0800: 35.892: [CMS-concurrent-preclean-start]
2020-11-07T19:58:29.219+0800: 35.896: [CMS-concurrent-preclean: 0.004/0.004 secs] [Times: user=0.00 sys=0.00, real=0.00 secs] 
2020-11-07T19:58:29.219+0800: 35.896: [CMS-concurrent-abortable-preclean-start]
2020-11-07T19:58:29.242+0800: 35.918: Application time: 0.0411719 seconds
{Heap before GC invocations=443 (full 57):
 par new generation   total 9216K, used 8983K [0x00000000e3400000, 0x00000000e3e00000, 0x00000000ecca0000)
  eden space 8192K, 100% used [0x00000000e3400000, 0x00000000e3c00000, 0x00000000e3c00000)
  from space 1024K,  77% used [0x00000000e3d00000, 0x00000000e3dc5ca8, 0x00000000e3e00000)
  to   space 1024K,   0% used [0x00000000e3c00000, 0x00000000e3c00000, 0x00000000e3d00000)
 concurrent mark-sweep generation total 58960K, used 35646K [0x00000000ecca0000, 0x00000000f0634000, 0x0000000100000000)
 Metaspace       used 42309K, capacity 43982K, committed 44288K, reserved 1087488K
  class space    used 5245K, capacity 5593K, committed 5632K, reserved 1048576K
2020-11-07T19:58:29.242+0800: 35.918: [GC (Allocation Failure) 2020-11-07T19:58:29.242+0800: 35.918: [ParNew: 8983K->593K(9216K), 0.0393630 secs] 44629K->36389K(68176K), 0.0394538 secs] [Times: user=0.03 sys=0.00, real=0.04 secs] 
Heap after GC invocations=444 (full 57):
 par new generation   total 9216K, used 593K [0x00000000e3400000, 0x00000000e3e00000, 0x00000000ecca0000)
  eden space 8192K,   0% used [0x00000000e3400000, 0x00000000e3400000, 0x00000000e3c00000)
  from space 1024K,  57% used [0x00000000e3c00000, 0x00000000e3c944a0, 0x00000000e3d00000)
  to   space 1024K,   0% used [0x00000000e3d00000, 0x00000000e3d00000, 0x00000000e3e00000)
 concurrent mark-sweep generation total 58960K, used 35796K [0x00000000ecca0000, 0x00000000f0634000, 0x0000000100000000)
 Metaspace       used 42309K, capacity 43982K, committed 44288K, reserved 1087488K
  class space    used 5245K, capacity 5593K, committed 5632K, reserved 1048576K
}
2020-11-07T19:58:29.305+0800: 35.982: Application time: 0.0240060 seconds
2020-11-07T19:58:29.305+0800: 35.982: [CMS-concurrent-abortable-preclean: 0.041/0.086 secs] [Times: user=0.09 sys=0.00, real=0.09 secs] 
2020-11-07T19:58:29.305+0800: 35.982: Application time: 0.0000840 seconds
2020-11-07T19:58:29.305+0800: 35.982: [GC (CMS Final Remark) [YG occupancy: 8306 K (9216 K)]2020-11-07T19:58:29.305+0800: 35.982: [Rescan (parallel) , 0.0139961 secs]2020-11-07T19:58:29.319+0800: 35.996: [weak refs processing, 0.0021138 secs]2020-11-07T19:58:29.322+0800: 35.998: [class unloading, 0.0131948 secs]2020-11-07T19:58:29.335+0800: 36.012: [scrub symbol table, 0.0141037 secs]2020-11-07T19:58:29.349+0800: 36.026: [scrub string table, 0.0009578 secs][1 CMS-remark: 35796K(58960K)] 44102K(68176K), 0.0445544 secs] [Times: user=0.04 sys=0.00, real=0.04 secs] 
2020-11-07T19:58:29.362+0800: 36.039: [CMS-concurrent-sweep-start]
2020-11-07T19:58:29.392+0800: 36.068: Application time: 0.0416988 seconds
{Heap before GC invocations=444 (full 57):
 par new generation   total 9216K, used 8785K [0x00000000e3400000, 0x00000000e3e00000, 0x00000000ecca0000)
  eden space 8192K, 100% used [0x00000000e3400000, 0x00000000e3c00000, 0x00000000e3c00000)
  from space 1024K,  57% used [0x00000000e3c00000, 0x00000000e3c944a0, 0x00000000e3d00000)
  to   space 1024K,   0% used [0x00000000e3d00000, 0x00000000e3d00000, 0x00000000e3e00000)
 concurrent mark-sweep generation total 58960K, used 35699K [0x00000000ecca0000, 0x00000000f0634000, 0x0000000100000000)
 Metaspace       used 42316K, capacity 44046K, committed 44288K, reserved 1087488K
  class space    used 5247K, capacity 5593K, committed 5632K, reserved 1048576K
2020-11-07T19:58:29.392+0800: 36.069: [GC (Allocation Failure) 2020-11-07T19:58:29.392+0800: 36.069: [ParNew: 8785K->567K(9216K), 0.0115860 secs] 44484K->36330K(68176K), 0.0116617 secs] [Times: user=0.01 sys=0.00, real=0.01 secs] 
Heap after GC invocations=445 (full 57):
 par new generation   total 9216K, used 567K [0x00000000e3400000, 0x00000000e3e00000, 0x00000000ecca0000)
  eden space 8192K,   0% used [0x00000000e3400000, 0x00000000e3400000, 0x00000000e3c00000)
  from space 1024K,  55% used [0x00000000e3d00000, 0x00000000e3d8dd60, 0x00000000e3e00000)
  to   space 1024K,   0% used [0x00000000e3c00000, 0x00000000e3c00000, 0x00000000e3d00000)
 concurrent mark-sweep generation total 58960K, used 35763K [0x00000000ecca0000, 0x00000000f0634000, 0x0000000100000000)
 Metaspace       used 42316K, capacity 44046K, committed 44288K, reserved 1087488K
  class space    used 5247K, capacity 5593K, committed 5632K, reserved 1048576K
}
2020-11-07T19:58:29.404+0800: 36.081: [CMS-concurrent-sweep: 0.030/0.042 secs] [Times: user=0.04 sys=0.00, real=0.04 secs] 
2020-11-07T19:58:29.409+0800: 36.085: [CMS-concurrent-reset-start]
2020-11-07T19:58:29.410+0800: 36.086: [CMS-concurrent-reset: 0.001/0.001 secs] [Times: user=0.00 sys=0.00, real=0.00 secs] 
2020-11-07T19:58:29.415+0800: 36.092: Application time: 0.0114891 seconds
2020-11-07T19:58:29.424+0800: 36.101: Application time: 0.0090519 seconds
{Heap before GC invocations=445 (full 57):
 par new generation   total 9216K, used 8759K [0x00000000e3400000, 0x00000000e3e00000, 0x00000000ecca0000)
  eden space 8192K, 100% used [0x00000000e3400000, 0x00000000e3c00000, 0x00000000e3c00000)
  from space 1024K,  55% used [0x00000000e3d00000, 0x00000000e3d8dd60, 0x00000000e3e00000)
  to   space 1024K,   0% used [0x00000000e3c00000, 0x00000000e3c00000, 0x00000000e3d00000)
 concurrent mark-sweep generation total 59608K, used 35763K [0x00000000ecca0000, 0x00000000f06d6000, 0x0000000100000000)
 Metaspace       used 42309K, capacity 44034K, committed 44288K, reserved 1087488K
  class space    used 5246K, capacity 5591K, committed 5632K, reserved 1048576K
2020-11-07T19:58:29.424+0800: 36.101: [GC (Allocation Failure) 2020-11-07T19:58:29.425+0800: 36.101: [ParNew: 8759K->656K(9216K), 0.2221621 secs] 44522K->36419K(68824K), 0.2222355 secs] [Times: user=0.22 sys=0.00, real=0.22 secs] 
Heap after GC invocations=446 (full 57):
 par new generation   total 9216K, used 656K [0x00000000e3400000, 0x00000000e3e00000, 0x00000000ecca0000)
  eden space 8192K,   0% used [0x00000000e3400000, 0x00000000e3400000, 0x00000000e3c00000)
  from space 1024K,  64% used [0x00000000e3c00000, 0x00000000e3ca4240, 0x00000000e3d00000)
  to   space 1024K,   0% used [0x00000000e3d00000, 0x00000000e3d00000, 0x00000000e3e00000)
 concurrent mark-sweep generation total 59608K, used 35763K [0x00000000ecca0000, 0x00000000f06d6000, 0x0000000100000000)
 Metaspace       used 42309K, capacity 44034K, committed 44288K, reserved 1087488K
  class space    used 5246K, capacity 5591K, committed 5632K, reserved 1048576K
}
2020-11-07T19:58:29.658+0800: 36.334: Application time: 0.0108490 seconds
2020-11-07T19:58:29.670+0800: 36.346: Application time: 0.0117576 seconds
2020-11-07T19:58:29.678+0800: 36.355: Application time: 0.0083251 seconds
{Heap before GC invocations=446 (full 57):
 par new generation   total 9216K, used 8848K [0x00000000e3400000, 0x00000000e3e00000, 0x00000000ecca0000)
  eden space 8192K, 100% used [0x00000000e3400000, 0x00000000e3c00000, 0x00000000e3c00000)
  from space 1024K,  64% used [0x00000000e3c00000, 0x00000000e3ca4240, 0x00000000e3d00000)
  to   space 1024K,   0% used [0x00000000e3d00000, 0x00000000e3d00000, 0x00000000e3e00000)
 concurrent mark-sweep generation total 59608K, used 35763K [0x00000000ecca0000, 0x00000000f06d6000, 0x0000000100000000)
 Metaspace       used 42313K, capacity 44034K, committed 44288K, reserved 1087488K
  class space    used 5246K, capacity 5591K, committed 5632K, reserved 1048576K
2020-11-07T19:58:29.678+0800: 36.355: [GC (Allocation Failure) 2020-11-07T19:58:29.678+0800: 36.355: [ParNew: 8848K->674K(9216K), 0.0306918 secs] 44611K->36522K(68824K), 0.0307479 secs] [Times: user=0.03 sys=0.01, real=0.03 secs] 
Heap after GC invocations=447 (full 57):
 par new generation   total 9216K, used 674K [0x00000000e3400000, 0x00000000e3e00000, 0x00000000ecca0000)
  eden space 8192K,   0% used [0x00000000e3400000, 0x00000000e3400000, 0x00000000e3c00000)
  from space 1024K,  65% used [0x00000000e3d00000, 0x00000000e3da88e0, 0x00000000e3e00000)
  to   space 1024K,   0% used [0x00000000e3c00000, 0x00000000e3c00000, 0x00000000e3d00000)
 concurrent mark-sweep generation total 59608K, used 35848K [0x00000000ecca0000, 0x00000000f06d6000, 0x0000000100000000)
 Metaspace       used 42313K, capacity 44034K, committed 44288K, reserved 1087488K
  class space    used 5246K, capacity 5591K, committed 5632K, reserved 1048576K
}
2020-11-07T19:58:29.713+0800: 36.390: Application time: 0.0041485 seconds
2020-11-07T19:58:29.713+0800: 36.390: [GC (CMS Initial Mark) [1 CMS-initial-mark: 35848K(59608K)] 38326K(68824K), 0.0045467 secs] [Times: user=0.01 sys=0.00, real=0.01 secs] 
2020-11-07T19:58:29.719+0800: 36.396: [CMS-concurrent-mark-start]
2020-11-07T19:58:29.729+0800: 36.405: Application time: 0.0107708 seconds
2020-11-07T19:58:29.759+0800: 36.435: Application time: 0.0301467 seconds
{Heap before GC invocations=447 (full 58):
 par new generation   total 9216K, used 8866K [0x00000000e3400000, 0x00000000e3e00000, 0x00000000ecca0000)
  eden space 8192K, 100% used [0x00000000e3400000, 0x00000000e3c00000, 0x00000000e3c00000)
  from space 1024K,  65% used [0x00000000e3d00000, 0x00000000e3da88e0, 0x00000000e3e00000)
  to   space 1024K,   0% used [0x00000000e3c00000, 0x00000000e3c00000, 0x00000000e3d00000)
 concurrent mark-sweep generation total 59608K, used 35848K [0x00000000ecca0000, 0x00000000f06d6000, 0x0000000100000000)
 Metaspace       used 42327K, capacity 44034K, committed 44288K, reserved 1087488K
  class space    used 5247K, capacity 5591K, committed 5632K, reserved 1048576K
2020-11-07T19:58:29.759+0800: 36.436: [GC (Allocation Failure) 2020-11-07T19:58:29.759+0800: 36.436: [ParNew: 8866K->753K(9216K), 0.0376795 secs] 44714K->36602K(68824K), 0.0377552 secs] [Times: user=0.04 sys=0.00, real=0.04 secs] 
Heap after GC invocations=448 (full 58):
 par new generation   total 9216K, used 753K [0x00000000e3400000, 0x00000000e3e00000, 0x00000000ecca0000)
  eden space 8192K,   0% used [0x00000000e3400000, 0x00000000e3400000, 0x00000000e3c00000)
  from space 1024K,  73% used [0x00000000e3c00000, 0x00000000e3cbc7f0, 0x00000000e3d00000)
  to   space 1024K,   0% used [0x00000000e3d00000, 0x00000000e3d00000, 0x00000000e3e00000)
 concurrent mark-sweep generation total 59608K, used 35848K [0x00000000ecca0000, 0x00000000f06d6000, 0x0000000100000000)
 Metaspace       used 42327K, capacity 44034K, committed 44288K, reserved 1087488K
  class space    used 5247K, capacity 5591K, committed 5632K, reserved 1048576K
}
2020-11-07T19:58:29.829+0800: 36.506: Application time: 0.0322433 seconds
2020-11-07T19:58:29.839+0800: 36.515: Application time: 0.0096345 seconds
{Heap before GC invocations=448 (full 58):
 par new generation   total 9216K, used 8945K [0x00000000e3400000, 0x00000000e3e00000, 0x00000000ecca0000)
  eden space 8192K, 100% used [0x00000000e3400000, 0x00000000e3c00000, 0x00000000e3c00000)
  from space 1024K,  73% used [0x00000000e3c00000, 0x00000000e3cbc7f0, 0x00000000e3d00000)
  to   space 1024K,   0% used [0x00000000e3d00000, 0x00000000e3d00000, 0x00000000e3e00000)
 concurrent mark-sweep generation total 59608K, used 35848K [0x00000000ecca0000, 0x00000000f06d6000, 0x0000000100000000)
 Metaspace       used 42327K, capacity 44034K, committed 44288K, reserved 1087488K
  class space    used 5247K, capacity 5591K, committed 5632K, reserved 1048576K
2020-11-07T19:58:29.839+0800: 36.516: [GC (Allocation Failure) 2020-11-07T19:58:29.839+0800: 36.516: [ParNew: 8945K->881K(9216K), 0.0151796 secs] 44794K->36872K(68824K), 0.0152322 secs] [Times: user=0.01 sys=0.00, real=0.01 secs] 
Heap after GC invocations=449 (full 58):
 par new generation   total 9216K, used 881K [0x00000000e3400000, 0x00000000e3e00000, 0x00000000ecca0000)
  eden space 8192K,   0% used [0x00000000e3400000, 0x00000000e3400000, 0x00000000e3c00000)
  from space 1024K,  86% used [0x00000000e3d00000, 0x00000000e3ddc500, 0x00000000e3e00000)
  to   space 1024K,   0% used [0x00000000e3c00000, 0x00000000e3c00000, 0x00000000e3d00000)
 concurrent mark-sweep generation total 59608K, used 35991K [0x00000000ecca0000, 0x00000000f06d6000, 0x0000000100000000)
 Metaspace       used 42327K, capacity 44034K, committed 44288K, reserved 1087488K
  class space    used 5247K, capacity 5591K, committed 5632K, reserved 1048576K
}
2020-11-07T19:58:29.907+0800: 36.584: Application time: 0.0530184 seconds
{Heap before GC invocations=449 (full 58):
 par new generation   total 9216K, used 9073K [0x00000000e3400000, 0x00000000e3e00000, 0x00000000ecca0000)
  eden space 8192K, 100% used [0x00000000e3400000, 0x00000000e3c00000, 0x00000000e3c00000)
  from space 1024K,  86% used [0x00000000e3d00000, 0x00000000e3ddc500, 0x00000000e3e00000)
  to   space 1024K,   0% used [0x00000000e3c00000, 0x00000000e3c00000, 0x00000000e3d00000)
 concurrent mark-sweep generation total 59608K, used 35991K [0x00000000ecca0000, 0x00000000f06d6000, 0x0000000100000000)
 Metaspace       used 42346K, capacity 44034K, committed 44288K, reserved 1087488K
  class space    used 5250K, capacity 5591K, committed 5632K, reserved 1048576K
2020-11-07T19:58:29.907+0800: 36.584: [GC (Allocation Failure) 2020-11-07T19:58:29.907+0800: 36.584: [ParNew: 9073K->605K(9216K), 0.0168009 secs] 45064K->36633K(68824K), 0.0168674 secs] [Times: user=0.02 sys=0.00, real=0.01 secs] 
Heap after GC invocations=450 (full 58):
 par new generation   total 9216K, used 605K [0x00000000e3400000, 0x00000000e3e00000, 0x00000000ecca0000)
  eden space 8192K,   0% used [0x00000000e3400000, 0x00000000e3400000, 0x00000000e3c00000)
  from space 1024K,  59% used [0x00000000e3c00000, 0x00000000e3c97790, 0x00000000e3d00000)
  to   space 1024K,   0% used [0x00000000e3d00000, 0x00000000e3d00000, 0x00000000e3e00000)
 concurrent mark-sweep generation total 59608K, used 36027K [0x00000000ecca0000, 0x00000000f06d6000, 0x0000000100000000)
 Metaspace       used 42346K, capacity 44034K, committed 44288K, reserved 1087488K
  class space    used 5250K, capacity 5591K, committed 5632K, reserved 1048576K
}
2020-11-07T19:58:29.934+0800: 36.611: Application time: 0.0096948 seconds
2020-11-07T19:58:29.983+0800: 36.660: [CMS-concurrent-mark: 0.182/0.265 secs] [Times: user=0.26 sys=0.00, real=0.26 secs] 
2020-11-07T19:58:29.984+0800: 36.660: [CMS-concurrent-preclean-start]
2020-11-07T19:58:29.986+0800: 36.663: [CMS-concurrent-preclean: 0.003/0.003 secs] [Times: user=0.00 sys=0.00, real=0.01 secs] 
2020-11-07T19:58:29.986+0800: 36.663: [CMS-concurrent-abortable-preclean-start]
2020-11-07T19:58:29.995+0800: 36.672: Application time: 0.0611920 seconds
{Heap before GC invocations=450 (full 58):
 par new generation   total 9216K, used 8797K [0x00000000e3400000, 0x00000000e3e00000, 0x00000000ecca0000)
  eden space 8192K, 100% used [0x00000000e3400000, 0x00000000e3c00000, 0x00000000e3c00000)
  from space 1024K,  59% used [0x00000000e3c00000, 0x00000000e3c97790, 0x00000000e3d00000)
  to   space 1024K,   0% used [0x00000000e3d00000, 0x00000000e3d00000, 0x00000000e3e00000)
 concurrent mark-sweep generation total 59608K, used 36027K [0x00000000ecca0000, 0x00000000f06d6000, 0x0000000100000000)
 Metaspace       used 42355K, capacity 44034K, committed 44288K, reserved 1087488K
  class space    used 5251K, capacity 5591K, committed 5632K, reserved 1048576K
2020-11-07T19:58:29.996+0800: 36.672: [GC (Allocation Failure) 2020-11-07T19:58:29.996+0800: 36.672: [ParNew: 8797K->718K(9216K), 0.0298592 secs] 44825K->36893K(68824K), 0.0299491 secs] [Times: user=0.03 sys=0.00, real=0.03 secs] 
Heap after GC invocations=451 (full 58):
 par new generation   total 9216K, used 718K [0x00000000e3400000, 0x00000000e3e00000, 0x00000000ecca0000)
  eden space 8192K,   0% used [0x00000000e3400000, 0x00000000e3400000, 0x00000000e3c00000)
  from space 1024K,  70% used [0x00000000e3d00000, 0x00000000e3db39b0, 0x00000000e3e00000)
  to   space 1024K,   0% used [0x00000000e3c00000, 0x00000000e3c00000, 0x00000000e3d00000)
 concurrent mark-sweep generation total 59608K, used 36175K [0x00000000ecca0000, 0x00000000f06d6000, 0x0000000100000000)
 Metaspace       used 42355K, capacity 44034K, committed 44288K, reserved 1087488K
  class space    used 5251K, capacity 5591K, committed 5632K, reserved 1048576K
}
2020-11-07T19:58:30.055+0800: 36.732: [CMS-concurrent-abortable-preclean: 0.039/0.069 secs] [Times: user=0.06 sys=0.00, real=0.07 secs] 
2020-11-07T19:58:30.056+0800: 36.732: Application time: 0.0300133 seconds
2020-11-07T19:58:30.062+0800: 36.738: [GC (CMS Final Remark) [YG occupancy: 5803 K (9216 K)]2020-11-07T19:58:30.062+0800: 36.739: [Rescan (parallel) , 0.0234375 secs]2020-11-07T19:58:30.085+0800: 36.762: [weak refs processing, 0.0005783 secs]2020-11-07T19:58:30.086+0800: 36.763: [class unloading, 0.0147832 secs]2020-11-07T19:58:30.101+0800: 36.777: [scrub symbol table, 0.0157348 secs]2020-11-07T19:58:30.116+0800: 36.793: [scrub string table, 0.0010689 secs][1 CMS-remark: 36175K(59608K)] 41978K(68824K), 0.0558112 secs] [Times: user=0.05 sys=0.01, real=0.06 secs] 
2020-11-07T19:58:30.127+0800: 36.803: [CMS-concurrent-sweep-start]
2020-11-07T19:58:30.145+0800: 36.822: Application time: 0.0273057 seconds
{Heap before GC invocations=451 (full 58):
 par new generation   total 9216K, used 8910K [0x00000000e3400000, 0x00000000e3e00000, 0x00000000ecca0000)
  eden space 8192K, 100% used [0x00000000e3400000, 0x00000000e3c00000, 0x00000000e3c00000)
  from space 1024K,  70% used [0x00000000e3d00000, 0x00000000e3db39b0, 0x00000000e3e00000)
  to   space 1024K,   0% used [0x00000000e3c00000, 0x00000000e3c00000, 0x00000000e3d00000)
 concurrent mark-sweep generation total 59608K, used 36174K [0x00000000ecca0000, 0x00000000f06d6000, 0x0000000100000000)
 Metaspace       used 42355K, capacity 44034K, committed 44288K, reserved 1087488K
  class space    used 5251K, capacity 5591K, committed 5632K, reserved 1048576K
2020-11-07T19:58:30.145+0800: 36.822: [GC (Allocation Failure) 2020-11-07T19:58:30.145+0800: 36.822: [ParNew: 8910K->703K(9216K), 0.0247343 secs] 45084K->36963K(68824K), 0.0248124 secs] [Times: user=0.02 sys=0.00, real=0.02 secs] 
Heap after GC invocations=452 (full 58):
 par new generation   total 9216K, used 703K [0x00000000e3400000, 0x00000000e3e00000, 0x00000000ecca0000)
  eden space 8192K,   0% used [0x00000000e3400000, 0x00000000e3400000, 0x00000000e3c00000)
  from space 1024K,  68% used [0x00000000e3c00000, 0x00000000e3cafd98, 0x00000000e3d00000)
  to   space 1024K,   0% used [0x00000000e3d00000, 0x00000000e3d00000, 0x00000000e3e00000)
 concurrent mark-sweep generation total 59608K, used 36260K [0x00000000ecca0000, 0x00000000f06d6000, 0x0000000100000000)
 Metaspace       used 42355K, capacity 44034K, committed 44288K, reserved 1087488K
  class space    used 5251K, capacity 5591K, committed 5632K, reserved 1048576K
}
2020-11-07T19:58:30.175+0800: 36.852: Application time: 0.0048886 seconds
2020-11-07T19:58:30.189+0800: 36.866: Application time: 0.0142735 seconds
2020-11-07T19:58:30.192+0800: 36.869: [CMS-concurrent-sweep: 0.035/0.065 secs] [Times: user=0.06 sys=0.00, real=0.06 secs] 
2020-11-07T19:58:30.192+0800: 36.869: [CMS-concurrent-reset-start]
2020-11-07T19:58:30.193+0800: 36.869: Application time: 0.0033617 seconds
2020-11-07T19:58:30.193+0800: 36.870: Application time: 0.0000236 seconds
2020-11-07T19:58:30.200+0800: 36.876: [CMS-concurrent-reset: 0.001/0.008 secs] [Times: user=0.01 sys=0.00, real=0.01 secs] 
2020-11-07T19:58:30.224+0800: 36.901: Application time: 0.0315398 seconds
{Heap before GC invocations=452 (full 58):
 par new generation   total 9216K, used 8895K [0x00000000e3400000, 0x00000000e3e00000, 0x00000000ecca0000)
  eden space 8192K, 100% used [0x00000000e3400000, 0x00000000e3c00000, 0x00000000e3c00000)
  from space 1024K,  68% used [0x00000000e3c00000, 0x00000000e3cafd98, 0x00000000e3d00000)
  to   space 1024K,   0% used [0x00000000e3d00000, 0x00000000e3d00000, 0x00000000e3e00000)
 concurrent mark-sweep generation total 60336K, used 36199K [0x00000000ecca0000, 0x00000000f078c000, 0x0000000100000000)
 Metaspace       used 42422K, capacity 44106K, committed 44288K, reserved 1087488K
  class space    used 5261K, capacity 5593K, committed 5632K, reserved 1048576K
2020-11-07T19:58:30.225+0800: 36.901: [GC (Allocation Failure) 2020-11-07T19:58:30.225+0800: 36.901: [ParNew: 8895K->568K(9216K), 0.0075833 secs] 45095K->36767K(69552K), 0.0076624 secs] [Times: user=0.01 sys=0.00, real=0.00 secs] 
Heap after GC invocations=453 (full 58):
 par new generation   total 9216K, used 568K [0x00000000e3400000, 0x00000000e3e00000, 0x00000000ecca0000)
  eden space 8192K,   0% used [0x00000000e3400000, 0x00000000e3400000, 0x00000000e3c00000)
  from space 1024K,  55% used [0x00000000e3d00000, 0x00000000e3d8e020, 0x00000000e3e00000)
  to   space 1024K,   0% used [0x00000000e3c00000, 0x00000000e3c00000, 0x00000000e3d00000)
 concurrent mark-sweep generation total 60336K, used 36199K [0x00000000ecca0000, 0x00000000f078c000, 0x0000000100000000)
 Metaspace       used 42422K, capacity 44106K, committed 44288K, reserved 1087488K
  class space    used 5261K, capacity 5593K, committed 5632K, reserved 1048576K
}
2020-11-07T19:58:30.263+0800: 36.940: Application time: 0.0311073 seconds
{Heap before GC invocations=453 (full 58):
 par new generation   total 9216K, used 8760K [0x00000000e3400000, 0x00000000e3e00000, 0x00000000ecca0000)
  eden space 8192K, 100% used [0x00000000e3400000, 0x00000000e3c00000, 0x00000000e3c00000)
  from space 1024K,  55% used [0x00000000e3d00000, 0x00000000e3d8e020, 0x00000000e3e00000)
  to   space 1024K,   0% used [0x00000000e3c00000, 0x00000000e3c00000, 0x00000000e3d00000)
 concurrent mark-sweep generation total 60336K, used 36199K [0x00000000ecca0000, 0x00000000f078c000, 0x0000000100000000)
 Metaspace       used 42424K, capacity 44106K, committed 44288K, reserved 1087488K
  class space    used 5261K, capacity 5593K, committed 5632K, reserved 1048576K
2020-11-07T19:58:30.264+0800: 36.940: [GC (Allocation Failure) 2020-11-07T19:58:30.264+0800: 36.940: [ParNew: 8760K->675K(9216K), 0.0187209 secs] 44959K->36941K(69552K), 0.0187779 secs] [Times: user=0.02 sys=0.00, real=0.02 secs] 
Heap after GC invocations=454 (full 58):
 par new generation   total 9216K, used 675K [0x00000000e3400000, 0x00000000e3e00000, 0x00000000ecca0000)
  eden space 8192K,   0% used [0x00000000e3400000, 0x00000000e3400000, 0x00000000e3c00000)
  from space 1024K,  65% used [0x00000000e3c00000, 0x00000000e3ca8d10, 0x00000000e3d00000)
  to   space 1024K,   0% used [0x00000000e3d00000, 0x00000000e3d00000, 0x00000000e3e00000)
 concurrent mark-sweep generation total 60336K, used 36266K [0x00000000ecca0000, 0x00000000f078c000, 0x0000000100000000)
 Metaspace       used 42424K, capacity 44106K, committed 44288K, reserved 1087488K
  class space    used 5261K, capacity 5593K, committed 5632K, reserved 1048576K
}
2020-11-07T19:58:30.288+0800: 36.965: Application time: 0.0055890 seconds
2020-11-07T19:58:30.288+0800: 36.965: [GC (CMS Initial Mark) [1 CMS-initial-mark: 36266K(60336K)] 38088K(69552K), 0.0046928 secs] [Times: user=0.00 sys=0.00, real=0.00 secs] 
2020-11-07T19:58:30.297+0800: 36.974: [CMS-concurrent-mark-start]
2020-11-07T19:58:30.366+0800: 37.042: Application time: 0.0725808 seconds
2020-11-07T19:58:30.444+0800: 37.120: Application time: 0.0771881 seconds
2020-11-07T19:58:30.536+0800: 37.213: [CMS-concurrent-mark: 0.230/0.239 secs] [Times: user=0.23 sys=0.01, real=0.24 secs] 
2020-11-07T19:58:30.536+0800: 37.213: [CMS-concurrent-preclean-start]
2020-11-07T19:58:30.556+0800: 37.233: Application time: 0.1113913 seconds
{Heap before GC invocations=454 (full 59):
 par new generation   total 9216K, used 8867K [0x00000000e3400000, 0x00000000e3e00000, 0x00000000ecca0000)
  eden space 8192K, 100% used [0x00000000e3400000, 0x00000000e3c00000, 0x00000000e3c00000)
  from space 1024K,  65% used [0x00000000e3c00000, 0x00000000e3ca8d10, 0x00000000e3d00000)
  to   space 1024K,   0% used [0x00000000e3d00000, 0x00000000e3d00000, 0x00000000e3e00000)
 concurrent mark-sweep generation total 60336K, used 36266K [0x00000000ecca0000, 0x00000000f078c000, 0x0000000100000000)
 Metaspace       used 42754K, capacity 44650K, committed 44672K, reserved 1087488K
  class space    used 5336K, capacity 5747K, committed 5760K, reserved 1048576K
2020-11-07T19:58:30.556+0800: 37.233: [GC (Allocation Failure) 2020-11-07T19:58:30.556+0800: 37.233: [ParNew: 8867K->908K(9216K), 0.0236782 secs] 45133K->37174K(69552K), 0.0237579 secs] [Times: user=0.02 sys=0.00, real=0.02 secs] 
Heap after GC invocations=455 (full 59):
 par new generation   total 9216K, used 908K [0x00000000e3400000, 0x00000000e3e00000, 0x00000000ecca0000)
  eden space 8192K,   0% used [0x00000000e3400000, 0x00000000e3400000, 0x00000000e3c00000)
  from space 1024K,  88% used [0x00000000e3d00000, 0x00000000e3de3118, 0x00000000e3e00000)
  to   space 1024K,   0% used [0x00000000e3c00000, 0x00000000e3c00000, 0x00000000e3d00000)
 concurrent mark-sweep generation total 60336K, used 36266K [0x00000000ecca0000, 0x00000000f078c000, 0x0000000100000000)
 Metaspace       used 42754K, capacity 44650K, committed 44672K, reserved 1087488K
  class space    used 5336K, capacity 5747K, committed 5760K, reserved 1048576K
}
2020-11-07T19:58:30.591+0800: 37.268: [CMS-concurrent-preclean: 0.020/0.055 secs] [Times: user=0.05 sys=0.00, real=0.05 secs] 
2020-11-07T19:58:30.591+0800: 37.268: Application time: 0.0111585 seconds
2020-11-07T19:58:30.591+0800: 37.268: [GC (CMS Final Remark) [YG occupancy: 1727 K (9216 K)]2020-11-07T19:58:30.591+0800: 37.268: [Rescan (parallel) , 0.0302656 secs]2020-11-07T19:58:30.622+0800: 37.298: [weak refs processing, 0.0001981 secs]2020-11-07T19:58:30.622+0800: 37.298: [class unloading, 0.0112021 secs]2020-11-07T19:58:30.633+0800: 37.310: [scrub symbol table, 0.0241932 secs]2020-11-07T19:58:30.657+0800: 37.334: [scrub string table, 0.0010160 secs][1 CMS-remark: 36266K(60336K)] 37993K(69552K), 0.0670652 secs] [Times: user=0.07 sys=0.00, real=0.07 secs] 
2020-11-07T19:58:30.663+0800: 37.339: [CMS-concurrent-sweep-start]
2020-11-07T19:58:30.692+0800: 37.369: Application time: 0.0338566 seconds
2020-11-07T19:58:30.717+0800: 37.393: [CMS-concurrent-sweep: 0.049/0.054 secs] [Times: user=0.06 sys=0.00, real=0.06 secs] 
2020-11-07T19:58:30.717+0800: 37.393: [CMS-concurrent-reset-start]
2020-11-07T19:58:30.732+0800: 37.408: Application time: 0.0348623 seconds
{Heap before GC invocations=455 (full 59):
 par new generation   total 9216K, used 9100K [0x00000000e3400000, 0x00000000e3e00000, 0x00000000ecca0000)
  eden space 8192K, 100% used [0x00000000e3400000, 0x00000000e3c00000, 0x00000000e3c00000)
  from space 1024K,  88% used [0x00000000e3d00000, 0x00000000e3de3118, 0x00000000e3e00000)
  to   space 1024K,   0% used [0x00000000e3c00000, 0x00000000e3c00000, 0x00000000e3d00000)
 concurrent mark-sweep generation total 60336K, used 36185K [0x00000000ecca0000, 0x00000000f078c000, 0x0000000100000000)
 Metaspace       used 43059K, capacity 45060K, committed 45312K, reserved 1089536K
  class space    used 5386K, capacity 5778K, committed 5888K, reserved 1048576K
2020-11-07T19:58:30.735+0800: 37.411: [GC (Allocation Failure) 2020-11-07T19:58:30.735+0800: 37.411: [ParNew: 9100K->882K(9216K), 0.0435023 secs] 45285K->37427K(69552K), 0.0435983 secs] [Times: user=0.05 sys=0.00, real=0.04 secs] 
Heap after GC invocations=456 (full 59):
 par new generation   total 9216K, used 882K [0x00000000e3400000, 0x00000000e3e00000, 0x00000000ecca0000)
  eden space 8192K,   0% used [0x00000000e3400000, 0x00000000e3400000, 0x00000000e3c00000)
  from space 1024K,  86% used [0x00000000e3c00000, 0x00000000e3cdc9a8, 0x00000000e3d00000)
  to   space 1024K,   0% used [0x00000000e3d00000, 0x00000000e3d00000, 0x00000000e3e00000)
 concurrent mark-sweep generation total 60336K, used 36545K [0x00000000ecca0000, 0x00000000f078c000, 0x0000000100000000)
 Metaspace       used 43059K, capacity 45060K, committed 45312K, reserved 1089536K
  class space    used 5386K, capacity 5778K, committed 5888K, reserved 1048576K
}
2020-11-07T19:58:30.782+0800: 37.458: [CMS-concurrent-reset: 0.015/0.065 secs] [Times: user=0.06 sys=0.00, real=0.06 secs] 
2020-11-07T19:58:30.808+0800: 37.484: Application time: 0.0292851 seconds
{Heap before GC invocations=456 (full 59):
 par new generation   total 9216K, used 9074K [0x00000000e3400000, 0x00000000e3e00000, 0x00000000ecca0000)
  eden space 8192K, 100% used [0x00000000e3400000, 0x00000000e3c00000, 0x00000000e3c00000)
  from space 1024K,  86% used [0x00000000e3c00000, 0x00000000e3cdc9a8, 0x00000000e3d00000)
  to   space 1024K,   0% used [0x00000000e3d00000, 0x00000000e3d00000, 0x00000000e3e00000)
 concurrent mark-sweep generation total 60336K, used 36545K [0x00000000ecca0000, 0x00000000f078c000, 0x0000000100000000)
 Metaspace       used 43223K, capacity 45242K, committed 45568K, reserved 1089536K
  class space    used 5409K, capacity 5815K, committed 5888K, reserved 1048576K
2020-11-07T19:58:30.808+0800: 37.484: [GC (Allocation Failure) 2020-11-07T19:58:30.808+0800: 37.484: [ParNew: 9074K->612K(9216K), 0.0270507 secs] 45619K->37239K(69552K), 0.0271221 secs] [Times: user=0.03 sys=0.00, real=0.03 secs] 
Heap after GC invocations=457 (full 59):
 par new generation   total 9216K, used 612K [0x00000000e3400000, 0x00000000e3e00000, 0x00000000ecca0000)
  eden space 8192K,   0% used [0x00000000e3400000, 0x00000000e3400000, 0x00000000e3c00000)
  from space 1024K,  59% used [0x00000000e3d00000, 0x00000000e3d991e8, 0x00000000e3e00000)
  to   space 1024K,   0% used [0x00000000e3c00000, 0x00000000e3c00000, 0x00000000e3d00000)
 concurrent mark-sweep generation total 60336K, used 36627K [0x00000000ecca0000, 0x00000000f078c000, 0x0000000100000000)
 Metaspace       used 43223K, capacity 45242K, committed 45568K, reserved 1089536K
  class space    used 5409K, capacity 5815K, committed 5888K, reserved 1048576K
}
2020-11-07T19:58:30.841+0800: 37.517: Application time: 0.0057072 seconds
2020-11-07T19:58:30.841+0800: 37.517: [GC (CMS Initial Mark) [1 CMS-initial-mark: 36627K(60336K)] 38976K(69552K), 0.0059989 secs] [Times: user=0.01 sys=0.00, real=0.01 secs] 
2020-11-07T19:58:30.847+0800: 37.524: [CMS-concurrent-mark-start]
2020-11-07T19:58:30.903+0800: 37.580: Application time: 0.0560905 seconds
{Heap before GC invocations=457 (full 60):
 par new generation   total 9216K, used 8804K [0x00000000e3400000, 0x00000000e3e00000, 0x00000000ecca0000)
  eden space 8192K, 100% used [0x00000000e3400000, 0x00000000e3c00000, 0x00000000e3c00000)
  from space 1024K,  59% used [0x00000000e3d00000, 0x00000000e3d991e8, 0x00000000e3e00000)
  to   space 1024K,   0% used [0x00000000e3c00000, 0x00000000e3c00000, 0x00000000e3d00000)
 concurrent mark-sweep generation total 60336K, used 36627K [0x00000000ecca0000, 0x00000000f078c000, 0x0000000100000000)
 Metaspace       used 43316K, capacity 45370K, committed 45568K, reserved 1089536K
  class space    used 5427K, capacity 5815K, committed 5888K, reserved 1048576K
2020-11-07T19:58:30.903+0800: 37.580: [GC (Allocation Failure) 2020-11-07T19:58:30.903+0800: 37.580: [ParNew: 8804K->582K(9216K), 0.0280091 secs] 45431K->37230K(69552K), 0.0280968 secs] [Times: user=0.03 sys=0.01, real=0.03 secs] 
Heap after GC invocations=458 (full 60):
 par new generation   total 9216K, used 582K [0x00000000e3400000, 0x00000000e3e00000, 0x00000000ecca0000)
  eden space 8192K,   0% used [0x00000000e3400000, 0x00000000e3400000, 0x00000000e3c00000)
  from space 1024K,  56% used [0x00000000e3c00000, 0x00000000e3c91840, 0x00000000e3d00000)
  to   space 1024K,   0% used [0x00000000e3d00000, 0x00000000e3d00000, 0x00000000e3e00000)
 concurrent mark-sweep generation total 60336K, used 36648K [0x00000000ecca0000, 0x00000000f078c000, 0x0000000100000000)
 Metaspace       used 43316K, capacity 45370K, committed 45568K, reserved 1089536K
  class space    used 5427K, capacity 5815K, committed 5888K, reserved 1048576K
}
2020-11-07T19:58:30.982+0800: 37.658: Application time: 0.0503686 seconds
{Heap before GC invocations=458 (full 60):
 par new generation   total 9216K, used 8774K [0x00000000e3400000, 0x00000000e3e00000, 0x00000000ecca0000)
  eden space 8192K, 100% used [0x00000000e3400000, 0x00000000e3c00000, 0x00000000e3c00000)
  from space 1024K,  56% used [0x00000000e3c00000, 0x00000000e3c91840, 0x00000000e3d00000)
  to   space 1024K,   0% used [0x00000000e3d00000, 0x00000000e3d00000, 0x00000000e3e00000)
 concurrent mark-sweep generation total 60336K, used 36648K [0x00000000ecca0000, 0x00000000f078c000, 0x0000000100000000)
 Metaspace       used 43455K, capacity 45466K, committed 45568K, reserved 1089536K
  class space    used 5446K, capacity 5847K, committed 5888K, reserved 1048576K
2020-11-07T19:58:30.982+0800: 37.658: [GC (Allocation Failure) 2020-11-07T19:58:30.982+0800: 37.658: [ParNew: 8774K->555K(9216K), 0.0470991 secs] 45422K->37378K(69552K), 0.0471551 secs] [Times: user=0.05 sys=0.00, real=0.05 secs] 
Heap after GC invocations=459 (full 60):
 par new generation   total 9216K, used 555K [0x00000000e3400000, 0x00000000e3e00000, 0x00000000ecca0000)
  eden space 8192K,   0% used [0x00000000e3400000, 0x00000000e3400000, 0x00000000e3c00000)
  from space 1024K,  54% used [0x00000000e3d00000, 0x00000000e3d8af00, 0x00000000e3e00000)
  to   space 1024K,   0% used [0x00000000e3c00000, 0x00000000e3c00000, 0x00000000e3d00000)
 concurrent mark-sweep generation total 60336K, used 36823K [0x00000000ecca0000, 0x00000000f078c000, 0x0000000100000000)
 Metaspace       used 43455K, capacity 45466K, committed 45568K, reserved 1089536K
  class space    used 5446K, capacity 5847K, committed 5888K, reserved 1048576K
}
2020-11-07T19:58:31.059+0800: 37.736: Application time: 0.0298841 seconds
{Heap before GC invocations=459 (full 60):
 par new generation   total 9216K, used 8747K [0x00000000e3400000, 0x00000000e3e00000, 0x00000000ecca0000)
  eden space 8192K, 100% used [0x00000000e3400000, 0x00000000e3c00000, 0x00000000e3c00000)
  from space 1024K,  54% used [0x00000000e3d00000, 0x00000000e3d8af00, 0x00000000e3e00000)
  to   space 1024K,   0% used [0x00000000e3c00000, 0x00000000e3c00000, 0x00000000e3d00000)
 concurrent mark-sweep generation total 60336K, used 36823K [0x00000000ecca0000, 0x00000000f078c000, 0x0000000100000000)
 Metaspace       used 43521K, capacity 45530K, committed 45824K, reserved 1089536K
  class space    used 5457K, capacity 5847K, committed 5888K, reserved 1048576K
2020-11-07T19:58:31.059+0800: 37.736: [GC (Allocation Failure) 2020-11-07T19:58:31.059+0800: 37.736: [ParNew: 8747K->452K(9216K), 0.0207126 secs] 45570K->37275K(69552K), 0.0207643 secs] [Times: user=0.02 sys=0.00, real=0.02 secs] 
Heap after GC invocations=460 (full 60):
 par new generation   total 9216K, used 452K [0x00000000e3400000, 0x00000000e3e00000, 0x00000000ecca0000)
  eden space 8192K,   0% used [0x00000000e3400000, 0x00000000e3400000, 0x00000000e3c00000)
  from space 1024K,  44% used [0x00000000e3c00000, 0x00000000e3c71088, 0x00000000e3d00000)
  to   space 1024K,   0% used [0x00000000e3d00000, 0x00000000e3d00000, 0x00000000e3e00000)
 concurrent mark-sweep generation total 60336K, used 36823K [0x00000000ecca0000, 0x00000000f078c000, 0x0000000100000000)
 Metaspace       used 43521K, capacity 45530K, committed 45824K, reserved 1089536K
  class space    used 5457K, capacity 5847K, committed 5888K, reserved 1048576K
}
2020-11-07T19:58:31.145+0800: 37.822: [CMS-concurrent-mark: 0.190/0.298 secs] [Times: user=0.27 sys=0.01, real=0.30 secs] 
2020-11-07T19:58:31.145+0800: 37.822: [CMS-concurrent-preclean-start]
2020-11-07T19:58:31.148+0800: 37.825: [CMS-concurrent-preclean: 0.003/0.003 secs] [Times: user=0.00 sys=0.00, real=0.00 secs] 
2020-11-07T19:58:31.149+0800: 37.825: [CMS-concurrent-abortable-preclean-start]
2020-11-07T19:58:31.152+0800: 37.829: Application time: 0.0724370 seconds
{Heap before GC invocations=460 (full 60):
 par new generation   total 9216K, used 8644K [0x00000000e3400000, 0x00000000e3e00000, 0x00000000ecca0000)
  eden space 8192K, 100% used [0x00000000e3400000, 0x00000000e3c00000, 0x00000000e3c00000)
  from space 1024K,  44% used [0x00000000e3c00000, 0x00000000e3c71088, 0x00000000e3d00000)
  to   space 1024K,   0% used [0x00000000e3d00000, 0x00000000e3d00000, 0x00000000e3e00000)
 concurrent mark-sweep generation total 60336K, used 36823K [0x00000000ecca0000, 0x00000000f078c000, 0x0000000100000000)
 Metaspace       used 43583K, capacity 45662K, committed 45952K, reserved 1089536K
  class space    used 5471K, capacity 5889K, committed 6016K, reserved 1048576K
2020-11-07T19:58:31.152+0800: 37.829: [GC (Allocation Failure) 2020-11-07T19:58:31.152+0800: 37.829: [ParNew: 8644K->604K(9216K), 0.0313243 secs] 45467K->37427K(69552K), 0.0314008 secs] [Times: user=0.02 sys=0.00, real=0.03 secs] 
Heap after GC invocations=461 (full 60):
 par new generation   total 9216K, used 604K [0x00000000e3400000, 0x00000000e3e00000, 0x00000000ecca0000)
  eden space 8192K,   0% used [0x00000000e3400000, 0x00000000e3400000, 0x00000000e3c00000)
  from space 1024K,  59% used [0x00000000e3d00000, 0x00000000e3d971f8, 0x00000000e3e00000)
  to   space 1024K,   0% used [0x00000000e3c00000, 0x00000000e3c00000, 0x00000000e3d00000)
 concurrent mark-sweep generation total 60336K, used 36823K [0x00000000ecca0000, 0x00000000f078c000, 0x0000000100000000)
 Metaspace       used 43583K, capacity 45662K, committed 45952K, reserved 1089536K
  class space    used 5471K, capacity 5889K, committed 6016K, reserved 1048576K
}
2020-11-07T19:58:31.212+0800: 37.889: Application time: 0.0280660 seconds
{Heap before GC invocations=461 (full 60):
 par new generation   total 9216K, used 8796K [0x00000000e3400000, 0x00000000e3e00000, 0x00000000ecca0000)
  eden space 8192K, 100% used [0x00000000e3400000, 0x00000000e3c00000, 0x00000000e3c00000)
  from space 1024K,  59% used [0x00000000e3d00000, 0x00000000e3d971f8, 0x00000000e3e00000)
  to   space 1024K,   0% used [0x00000000e3c00000, 0x00000000e3c00000, 0x00000000e3d00000)
 concurrent mark-sweep generation total 60336K, used 36823K [0x00000000ecca0000, 0x00000000f078c000, 0x0000000100000000)
 Metaspace       used 43592K, capacity 45662K, committed 45952K, reserved 1089536K
  class space    used 5472K, capacity 5889K, committed 6016K, reserved 1048576K
2020-11-07T19:58:31.212+0800: 37.889: [GC (Allocation Failure) 2020-11-07T19:58:31.212+0800: 37.889: [ParNew: 8796K->610K(9216K), 0.0385586 secs] 45619K->37433K(69552K), 0.0386213 secs] [Times: user=0.04 sys=0.00, real=0.04 secs] 
Heap after GC invocations=462 (full 60):
 par new generation   total 9216K, used 610K [0x00000000e3400000, 0x00000000e3e00000, 0x00000000ecca0000)
  eden space 8192K,   0% used [0x00000000e3400000, 0x00000000e3400000, 0x00000000e3c00000)
  from space 1024K,  59% used [0x00000000e3c00000, 0x00000000e3c98900, 0x00000000e3d00000)
  to   space 1024K,   0% used [0x00000000e3d00000, 0x00000000e3d00000, 0x00000000e3e00000)
 concurrent mark-sweep generation total 60336K, used 36823K [0x00000000ecca0000, 0x00000000f078c000, 0x0000000100000000)
 Metaspace       used 43592K, capacity 45662K, committed 45952K, reserved 1089536K
  class space    used 5472K, capacity 5889K, committed 6016K, reserved 1048576K
}
2020-11-07T19:58:31.252+0800: 37.928: [CMS-concurrent-abortable-preclean: 0.019/0.103 secs] [Times: user=0.10 sys=0.00, real=0.10 secs] 
2020-11-07T19:58:31.260+0800: 37.936: Application time: 0.0087689 seconds
2020-11-07T19:58:31.260+0800: 37.936: [GC (CMS Final Remark) [YG occupancy: 3042 K (9216 K)]2020-11-07T19:58:31.260+0800: 37.936: [Rescan (parallel) , 0.0258069 secs]2020-11-07T19:58:31.286+0800: 37.962: [weak refs processing, 0.0007119 secs]2020-11-07T19:58:31.286+0800: 37.963: [class unloading, 0.0107581 secs]2020-11-07T19:58:31.297+0800: 37.974: [scrub symbol table, 0.0217571 secs]2020-11-07T19:58:31.319+0800: 37.996: [scrub string table, 0.0010380 secs][1 CMS-remark: 36823K(60336K)] 39865K(69552K), 0.0602747 secs] [Times: user=0.06 sys=0.00, real=0.06 secs] 
2020-11-07T19:58:31.323+0800: 37.999: [CMS-concurrent-sweep-start]
2020-11-07T19:58:31.369+0800: 38.045: [CMS-concurrent-sweep: 0.046/0.046 secs] [Times: user=0.05 sys=0.00, real=0.05 secs] 
2020-11-07T19:58:31.369+0800: 38.045: [CMS-concurrent-reset-start]
2020-11-07T19:58:31.370+0800: 38.046: [CMS-concurrent-reset: 0.001/0.001 secs] [Times: user=0.00 sys=0.00, real=0.00 secs] 
2020-11-07T19:58:31.409+0800: 38.086: Application time: 0.0891761 seconds
{Heap before GC invocations=462 (full 60):
 par new generation   total 9216K, used 8802K [0x00000000e3400000, 0x00000000e3e00000, 0x00000000ecca0000)
  eden space 8192K, 100% used [0x00000000e3400000, 0x00000000e3c00000, 0x00000000e3c00000)
  from space 1024K,  59% used [0x00000000e3c00000, 0x00000000e3c98900, 0x00000000e3d00000)
  to   space 1024K,   0% used [0x00000000e3d00000, 0x00000000e3d00000, 0x00000000e3e00000)
 concurrent mark-sweep generation total 61244K, used 36745K [0x00000000ecca0000, 0x00000000f086f000, 0x0000000100000000)
 Metaspace       used 43735K, capacity 45866K, committed 45952K, reserved 1089536K
  class space    used 5492K, capacity 5933K, committed 6016K, reserved 1048576K
2020-11-07T19:58:31.409+0800: 38.086: [GC (Allocation Failure) 2020-11-07T19:58:31.409+0800: 38.086: [ParNew: 8802K->795K(9216K), 0.1333696 secs] 45547K->37540K(70460K), 0.1334563 secs] [Times: user=0.12 sys=0.00, real=0.13 secs] 
Heap after GC invocations=463 (full 60):
 par new generation   total 9216K, used 795K [0x00000000e3400000, 0x00000000e3e00000, 0x00000000ecca0000)
  eden space 8192K,   0% used [0x00000000e3400000, 0x00000000e3400000, 0x00000000e3c00000)
  from space 1024K,  77% used [0x00000000e3d00000, 0x00000000e3dc6c40, 0x00000000e3e00000)
  to   space 1024K,   0% used [0x00000000e3c00000, 0x00000000e3c00000, 0x00000000e3d00000)
 concurrent mark-sweep generation total 61244K, used 36745K [0x00000000ecca0000, 0x00000000f086f000, 0x0000000100000000)
 Metaspace       used 43735K, capacity 45866K, committed 45952K, reserved 1089536K
  class space    used 5492K, capacity 5933K, committed 6016K, reserved 1048576K
}
2020-11-07T19:58:31.568+0800: 38.244: Application time: 0.0247954 seconds
{Heap before GC invocations=463 (full 60):
 par new generation   total 9216K, used 8987K [0x00000000e3400000, 0x00000000e3e00000, 0x00000000ecca0000)
  eden space 8192K, 100% used [0x00000000e3400000, 0x00000000e3c00000, 0x00000000e3c00000)
  from space 1024K,  77% used [0x00000000e3d00000, 0x00000000e3dc6c40, 0x00000000e3e00000)
  to   space 1024K,   0% used [0x00000000e3c00000, 0x00000000e3c00000, 0x00000000e3d00000)
 concurrent mark-sweep generation total 61244K, used 36745K [0x00000000ecca0000, 0x00000000f086f000, 0x0000000100000000)
 Metaspace       used 43743K, capacity 45872K, committed 46208K, reserved 1089536K
  class space    used 5493K, capacity 5934K, committed 6016K, reserved 1048576K
2020-11-07T19:58:31.568+0800: 38.245: [GC (Allocation Failure) 2020-11-07T19:58:31.568+0800: 38.245: [ParNew: 8987K->566K(9216K), 0.0232382 secs] 45732K->37546K(70460K), 0.0232956 secs] [Times: user=0.02 sys=0.00, real=0.02 secs] 
Heap after GC invocations=464 (full 60):
 par new generation   total 9216K, used 566K [0x00000000e3400000, 0x00000000e3e00000, 0x00000000ecca0000)
  eden space 8192K,   0% used [0x00000000e3400000, 0x00000000e3400000, 0x00000000e3c00000)
  from space 1024K,  55% used [0x00000000e3c00000, 0x00000000e3c8dae0, 0x00000000e3d00000)
  to   space 1024K,   0% used [0x00000000e3d00000, 0x00000000e3d00000, 0x00000000e3e00000)
 concurrent mark-sweep generation total 61244K, used 36979K [0x00000000ecca0000, 0x00000000f086f000, 0x0000000100000000)
 Metaspace       used 43743K, capacity 45872K, committed 46208K, reserved 1089536K
  class space    used 5493K, capacity 5934K, committed 6016K, reserved 1048576K
}
2020-11-07T19:58:31.596+0800: 38.272: Application time: 0.0043254 seconds
2020-11-07T19:58:31.596+0800: 38.272: [GC (CMS Initial Mark) [1 CMS-initial-mark: 36979K(61244K)] 38216K(70460K), 0.0046037 secs] [Times: user=0.00 sys=0.00, real=0.00 secs] 
2020-11-07T19:58:31.606+0800: 38.282: [CMS-concurrent-mark-start]
2020-11-07T19:58:31.641+0800: 38.318: Application time: 0.0404958 seconds
2020-11-07T19:58:31.651+0800: 38.328: Application time: 0.0102041 seconds
{Heap before GC invocations=464 (full 61):
 par new generation   total 9216K, used 8758K [0x00000000e3400000, 0x00000000e3e00000, 0x00000000ecca0000)
  eden space 8192K, 100% used [0x00000000e3400000, 0x00000000e3c00000, 0x00000000e3c00000)
  from space 1024K,  55% used [0x00000000e3c00000, 0x00000000e3c8dae0, 0x00000000e3d00000)
  to   space 1024K,   0% used [0x00000000e3d00000, 0x00000000e3d00000, 0x00000000e3e00000)
 concurrent mark-sweep generation total 61244K, used 36979K [0x00000000ecca0000, 0x00000000f086f000, 0x0000000100000000)
 Metaspace       used 43766K, capacity 45872K, committed 46208K, reserved 1089536K
  class space    used 5494K, capacity 5934K, committed 6016K, reserved 1048576K
2020-11-07T19:58:31.651+0800: 38.328: [GC (Allocation Failure) 2020-11-07T19:58:31.651+0800: 38.328: [ParNew: 8758K->984K(9216K), 0.0169934 secs] 45738K->38011K(70460K), 0.0170654 secs] [Times: user=0.02 sys=0.00, real=0.02 secs] 
Heap after GC invocations=465 (full 61):
 par new generation   total 9216K, used 984K [0x00000000e3400000, 0x00000000e3e00000, 0x00000000ecca0000)
  eden space 8192K,   0% used [0x00000000e3400000, 0x00000000e3400000, 0x00000000e3c00000)
  from space 1024K,  96% used [0x00000000e3d00000, 0x00000000e3df6258, 0x00000000e3e00000)
  to   space 1024K,   0% used [0x00000000e3c00000, 0x00000000e3c00000, 0x00000000e3d00000)
 concurrent mark-sweep generation total 61244K, used 37026K [0x00000000ecca0000, 0x00000000f086f000, 0x0000000100000000)
 Metaspace       used 43766K, capacity 45872K, committed 46208K, reserved 1089536K
  class space    used 5494K, capacity 5934K, committed 6016K, reserved 1048576K
}
2020-11-07T19:58:31.756+0800: 38.433: Application time: 0.0879179 seconds
{Heap before GC invocations=465 (full 61):
 par new generation   total 9216K, used 9176K [0x00000000e3400000, 0x00000000e3e00000, 0x00000000ecca0000)
  eden space 8192K, 100% used [0x00000000e3400000, 0x00000000e3c00000, 0x00000000e3c00000)
  from space 1024K,  96% used [0x00000000e3d00000, 0x00000000e3df6258, 0x00000000e3e00000)
  to   space 1024K,   0% used [0x00000000e3c00000, 0x00000000e3c00000, 0x00000000e3d00000)
 concurrent mark-sweep generation total 61244K, used 37026K [0x00000000ecca0000, 0x00000000f086f000, 0x0000000100000000)
 Metaspace       used 43866K, capacity 46004K, committed 46208K, reserved 1089536K
  class space    used 5502K, capacity 5936K, committed 6016K, reserved 1048576K
2020-11-07T19:58:31.757+0800: 38.433: [GC (Allocation Failure) 2020-11-07T19:58:31.757+0800: 38.433: [ParNew: 9176K->685K(9216K), 0.0150069 secs] 46203K->38019K(70460K), 0.0150653 secs] [Times: user=0.02 sys=0.00, real=0.01 secs] 
Heap after GC invocations=466 (full 61):
 par new generation   total 9216K, used 685K [0x00000000e3400000, 0x00000000e3e00000, 0x00000000ecca0000)
  eden space 8192K,   0% used [0x00000000e3400000, 0x00000000e3400000, 0x00000000e3c00000)
  from space 1024K,  66% used [0x00000000e3c00000, 0x00000000e3cab4d8, 0x00000000e3d00000)
  to   space 1024K,   0% used [0x00000000e3d00000, 0x00000000e3d00000, 0x00000000e3e00000)
 concurrent mark-sweep generation total 61244K, used 37334K [0x00000000ecca0000, 0x00000000f086f000, 0x0000000100000000)
 Metaspace       used 43866K, capacity 46004K, committed 46208K, reserved 1089536K
  class space    used 5502K, capacity 5936K, committed 6016K, reserved 1048576K
}
2020-11-07T19:58:31.798+0800: 38.474: [CMS-concurrent-mark: 0.147/0.192 secs] [Times: user=0.19 sys=0.01, real=0.19 secs] 
2020-11-07T19:58:31.798+0800: 38.475: [CMS-concurrent-preclean-start]
2020-11-07T19:58:31.810+0800: 38.487: [CMS-concurrent-preclean: 0.012/0.012 secs] [Times: user=0.01 sys=0.00, real=0.01 secs] 
2020-11-07T19:58:31.810+0800: 38.487: [CMS-concurrent-abortable-preclean-start]
2020-11-07T19:58:31.841+0800: 38.517: Application time: 0.0689878 seconds
{Heap before GC invocations=466 (full 61):
 par new generation   total 9216K, used 8877K [0x00000000e3400000, 0x00000000e3e00000, 0x00000000ecca0000)
  eden space 8192K, 100% used [0x00000000e3400000, 0x00000000e3c00000, 0x00000000e3c00000)
  from space 1024K,  66% used [0x00000000e3c00000, 0x00000000e3cab4d8, 0x00000000e3d00000)
  to   space 1024K,   0% used [0x00000000e3d00000, 0x00000000e3d00000, 0x00000000e3e00000)
 concurrent mark-sweep generation total 61244K, used 37334K [0x00000000ecca0000, 0x00000000f086f000, 0x0000000100000000)
 Metaspace       used 43889K, capacity 46026K, committed 46208K, reserved 1089536K
  class space    used 5506K, capacity 5941K, committed 6016K, reserved 1048576K
2020-11-07T19:58:31.841+0800: 38.518: [GC (Allocation Failure) 2020-11-07T19:58:31.841+0800: 38.518: [ParNew: 8877K->761K(9216K), 0.0344416 secs] 46211K->38095K(70460K), 0.0345150 secs] [Times: user=0.03 sys=0.00, real=0.04 secs] 
Heap after GC invocations=467 (full 61):
 par new generation   total 9216K, used 761K [0x00000000e3400000, 0x00000000e3e00000, 0x00000000ecca0000)
  eden space 8192K,   0% used [0x00000000e3400000, 0x00000000e3400000, 0x00000000e3c00000)
  from space 1024K,  74% used [0x00000000e3d00000, 0x00000000e3dbe678, 0x00000000e3e00000)
  to   space 1024K,   0% used [0x00000000e3c00000, 0x00000000e3c00000, 0x00000000e3d00000)
 concurrent mark-sweep generation total 61244K, used 37334K [0x00000000ecca0000, 0x00000000f086f000, 0x0000000100000000)
 Metaspace       used 43889K, capacity 46026K, committed 46208K, reserved 1089536K
  class space    used 5506K, capacity 5941K, committed 6016K, reserved 1048576K
}
2020-11-07T19:58:31.894+0800: 38.571: Application time: 0.0183833 seconds
2020-11-07T19:58:31.900+0800: 38.577: [CMS-concurrent-abortable-preclean: 0.042/0.090 secs] [Times: user=0.08 sys=0.00, real=0.09 secs] 
2020-11-07T19:58:31.900+0800: 38.577: Application time: 0.0059114 seconds
2020-11-07T19:58:31.900+0800: 38.577: [GC (CMS Final Remark) [YG occupancy: 5189 K (9216 K)]2020-11-07T19:58:31.900+0800: 38.577: [Rescan (parallel) , 0.0305094 secs]2020-11-07T19:58:31.931+0800: 38.607: [weak refs processing, 0.0011674 secs]2020-11-07T19:58:31.932+0800: 38.608: [class unloading, 0.0118997 secs]2020-11-07T19:58:31.944+0800: 38.620: [scrub symbol table, 0.0222294 secs]2020-11-07T19:58:31.966+0800: 38.643: [scrub string table, 0.0043738 secs][1 CMS-remark: 37334K(61244K)] 42524K(70460K), 0.0703669 secs] [Times: user=0.07 sys=0.00, real=0.07 secs] 
2020-11-07T19:58:31.975+0800: 38.651: [CMS-concurrent-sweep-start]
2020-11-07T19:58:31.991+0800: 38.668: Application time: 0.0209546 seconds
{Heap before GC invocations=467 (full 61):
 par new generation   total 9216K, used 8953K [0x00000000e3400000, 0x00000000e3e00000, 0x00000000ecca0000)
  eden space 8192K, 100% used [0x00000000e3400000, 0x00000000e3c00000, 0x00000000e3c00000)
  from space 1024K,  74% used [0x00000000e3d00000, 0x00000000e3dbe678, 0x00000000e3e00000)
  to   space 1024K,   0% used [0x00000000e3c00000, 0x00000000e3c00000, 0x00000000e3d00000)
 concurrent mark-sweep generation total 61244K, used 37333K [0x00000000ecca0000, 0x00000000f086f000, 0x0000000100000000)
 Metaspace       used 43914K, capacity 46032K, committed 46208K, reserved 1089536K
  class space    used 5509K, capacity 5942K, committed 6016K, reserved 1048576K
2020-11-07T19:58:31.991+0800: 38.668: [GC (Allocation Failure) 2020-11-07T19:58:31.992+0800: 38.668: [ParNew: 8953K->556K(9216K), 0.0333197 secs] 46287K->38025K(70460K), 0.0333981 secs] [Times: user=0.04 sys=0.00, real=0.04 secs] 
Heap after GC invocations=468 (full 61):
 par new generation   total 9216K, used 556K [0x00000000e3400000, 0x00000000e3e00000, 0x00000000ecca0000)
  eden space 8192K,   0% used [0x00000000e3400000, 0x00000000e3400000, 0x00000000e3c00000)
  from space 1024K,  54% used [0x00000000e3c00000, 0x00000000e3c8b000, 0x00000000e3d00000)
  to   space 1024K,   0% used [0x00000000e3d00000, 0x00000000e3d00000, 0x00000000e3e00000)
 concurrent mark-sweep generation total 61244K, used 37469K [0x00000000ecca0000, 0x00000000f086f000, 0x0000000100000000)
 Metaspace       used 43914K, capacity 46032K, committed 46208K, reserved 1089536K
  class space    used 5509K, capacity 5942K, committed 6016K, reserved 1048576K
}
2020-11-07T19:58:32.045+0800: 38.722: [CMS-concurrent-sweep: 0.035/0.071 secs] [Times: user=0.07 sys=0.00, real=0.07 secs] 
2020-11-07T19:58:32.045+0800: 38.722: [CMS-concurrent-reset-start]
2020-11-07T19:58:32.046+0800: 38.723: [CMS-concurrent-reset: 0.001/0.001 secs] [Times: user=0.00 sys=0.00, real=0.00 secs] 
2020-11-07T19:58:32.072+0800: 38.749: Application time: 0.0469893 seconds
{Heap before GC invocations=468 (full 61):
 par new generation   total 9216K, used 8748K [0x00000000e3400000, 0x00000000e3e00000, 0x00000000ecca0000)
  eden space 8192K, 100% used [0x00000000e3400000, 0x00000000e3c00000, 0x00000000e3c00000)
  from space 1024K,  54% used [0x00000000e3c00000, 0x00000000e3c8b000, 0x00000000e3d00000)
  to   space 1024K,   0% used [0x00000000e3d00000, 0x00000000e3d00000, 0x00000000e3e00000)
 concurrent mark-sweep generation total 62368K, used 37418K [0x00000000ecca0000, 0x00000000f0988000, 0x0000000100000000)
 Metaspace       used 43924K, capacity 46036K, committed 46208K, reserved 1089536K
  class space    used 5511K, capacity 5944K, committed 6016K, reserved 1048576K
2020-11-07T19:58:32.072+0800: 38.749: [GC (Allocation Failure) 2020-11-07T19:58:32.072+0800: 38.749: [ParNew: 8748K->664K(9216K), 0.0365420 secs] 46166K->38083K(71584K), 0.0366243 secs] [Times: user=0.03 sys=0.00, real=0.04 secs] 
Heap after GC invocations=469 (full 61):
 par new generation   total 9216K, used 664K [0x00000000e3400000, 0x00000000e3e00000, 0x00000000ecca0000)
  eden space 8192K,   0% used [0x00000000e3400000, 0x00000000e3400000, 0x00000000e3c00000)
  from space 1024K,  64% used [0x00000000e3d00000, 0x00000000e3da61f0, 0x00000000e3e00000)
  to   space 1024K,   0% used [0x00000000e3c00000, 0x00000000e3c00000, 0x00000000e3d00000)
 concurrent mark-sweep generation total 62368K, used 37418K [0x00000000ecca0000, 0x00000000f0988000, 0x0000000100000000)
 Metaspace       used 43924K, capacity 46036K, committed 46208K, reserved 1089536K
  class space    used 5511K, capacity 5944K, committed 6016K, reserved 1048576K
}
2020-11-07T19:58:32.124+0800: 38.801: Application time: 0.0154283 seconds
2020-11-07T19:58:32.129+0800: 38.806: Application time: 0.0047549 seconds
{Heap before GC invocations=469 (full 61):
 par new generation   total 9216K, used 8856K [0x00000000e3400000, 0x00000000e3e00000, 0x00000000ecca0000)
  eden space 8192K, 100% used [0x00000000e3400000, 0x00000000e3c00000, 0x00000000e3c00000)
  from space 1024K,  64% used [0x00000000e3d00000, 0x00000000e3da61f0, 0x00000000e3e00000)
  to   space 1024K,   0% used [0x00000000e3c00000, 0x00000000e3c00000, 0x00000000e3d00000)
 concurrent mark-sweep generation total 62368K, used 37418K [0x00000000ecca0000, 0x00000000f0988000, 0x0000000100000000)
 Metaspace       used 43943K, capacity 46042K, committed 46208K, reserved 1089536K
  class space    used 5513K, capacity 5945K, committed 6016K, reserved 1048576K
2020-11-07T19:58:32.129+0800: 38.806: [GC (Allocation Failure) 2020-11-07T19:58:32.129+0800: 38.806: [ParNew: 8856K->372K(9216K), 0.0295337 secs] 46275K->37998K(71584K), 0.0295903 secs] [Times: user=0.03 sys=0.00, real=0.03 secs] 
Heap after GC invocations=470 (full 61):
 par new generation   total 9216K, used 372K [0x00000000e3400000, 0x00000000e3e00000, 0x00000000ecca0000)
  eden space 8192K,   0% used [0x00000000e3400000, 0x00000000e3400000, 0x00000000e3c00000)
  from space 1024K,  36% used [0x00000000e3c00000, 0x00000000e3c5d3f0, 0x00000000e3d00000)
  to   space 1024K,   0% used [0x00000000e3d00000, 0x00000000e3d00000, 0x00000000e3e00000)
 concurrent mark-sweep generation total 62368K, used 37625K [0x00000000ecca0000, 0x00000000f0988000, 0x0000000100000000)
 Metaspace       used 43943K, capacity 46042K, committed 46208K, reserved 1089536K
  class space    used 5513K, capacity 5945K, committed 6016K, reserved 1048576K
}
2020-11-07T19:58:32.164+0800: 38.840: Application time: 0.0045269 seconds
2020-11-07T19:58:32.164+0800: 38.840: [GC (CMS Initial Mark) [1 CMS-initial-mark: 37625K(62368K)] 39817K(71584K), 0.0041921 secs] [Times: user=0.01 sys=0.00, real=0.01 secs] 
2020-11-07T19:58:32.168+0800: 38.845: [CMS-concurrent-mark-start]
2020-11-07T19:58:32.187+0800: 38.863: Application time: 0.0186643 seconds
{Heap before GC invocations=470 (full 62):
 par new generation   total 9216K, used 8564K [0x00000000e3400000, 0x00000000e3e00000, 0x00000000ecca0000)
  eden space 8192K, 100% used [0x00000000e3400000, 0x00000000e3c00000, 0x00000000e3c00000)
  from space 1024K,  36% used [0x00000000e3c00000, 0x00000000e3c5d3f0, 0x00000000e3d00000)
  to   space 1024K,   0% used [0x00000000e3d00000, 0x00000000e3d00000, 0x00000000e3e00000)
 concurrent mark-sweep generation total 62368K, used 37625K [0x00000000ecca0000, 0x00000000f0988000, 0x0000000100000000)
 Metaspace       used 43944K, capacity 46042K, committed 46208K, reserved 1089536K
  class space    used 5513K, capacity 5945K, committed 6016K, reserved 1048576K
2020-11-07T19:58:32.187+0800: 38.863: [GC (Allocation Failure) 2020-11-07T19:58:32.187+0800: 38.863: [ParNew: 8564K->316K(9216K), 0.0169280 secs] 46190K->37941K(71584K), 0.0170022 secs] [Times: user=0.02 sys=0.00, real=0.01 secs] 
Heap after GC invocations=471 (full 62):
 par new generation   total 9216K, used 316K [0x00000000e3400000, 0x00000000e3e00000, 0x00000000ecca0000)
  eden space 8192K,   0% used [0x00000000e3400000, 0x00000000e3400000, 0x00000000e3c00000)
  from space 1024K,  30% used [0x00000000e3d00000, 0x00000000e3d4f2a0, 0x00000000e3e00000)
  to   space 1024K,   0% used [0x00000000e3c00000, 0x00000000e3c00000, 0x00000000e3d00000)
 concurrent mark-sweep generation total 62368K, used 37625K [0x00000000ecca0000, 0x00000000f0988000, 0x0000000100000000)
 Metaspace       used 43944K, capacity 46042K, committed 46208K, reserved 1089536K
  class space    used 5513K, capacity 5945K, committed 6016K, reserved 1048576K
}
2020-11-07T19:58:32.220+0800: 38.896: Application time: 0.0159669 seconds
{Heap before GC invocations=471 (full 62):
 par new generation   total 9216K, used 8508K [0x00000000e3400000, 0x00000000e3e00000, 0x00000000ecca0000)
  eden space 8192K, 100% used [0x00000000e3400000, 0x00000000e3c00000, 0x00000000e3c00000)
  from space 1024K,  30% used [0x00000000e3d00000, 0x00000000e3d4f2a0, 0x00000000e3e00000)
  to   space 1024K,   0% used [0x00000000e3c00000, 0x00000000e3c00000, 0x00000000e3d00000)
 concurrent mark-sweep generation total 62368K, used 37625K [0x00000000ecca0000, 0x00000000f0988000, 0x0000000100000000)
 Metaspace       used 43944K, capacity 46042K, committed 46208K, reserved 1089536K
  class space    used 5513K, capacity 5945K, committed 6016K, reserved 1048576K
2020-11-07T19:58:32.220+0800: 38.897: [GC (Allocation Failure) 2020-11-07T19:58:32.220+0800: 38.897: [ParNew: 8508K->283K(9216K), 0.0167568 secs] 46133K->37908K(71584K), 0.0168128 secs] [Times: user=0.01 sys=0.00, real=0.02 secs] 
Heap after GC invocations=472 (full 62):
 par new generation   total 9216K, used 283K [0x00000000e3400000, 0x00000000e3e00000, 0x00000000ecca0000)
  eden space 8192K,   0% used [0x00000000e3400000, 0x00000000e3400000, 0x00000000e3c00000)
  from space 1024K,  27% used [0x00000000e3c00000, 0x00000000e3c46d20, 0x00000000e3d00000)
  to   space 1024K,   0% used [0x00000000e3d00000, 0x00000000e3d00000, 0x00000000e3e00000)
 concurrent mark-sweep generation total 62368K, used 37625K [0x00000000ecca0000, 0x00000000f0988000, 0x0000000100000000)
 Metaspace       used 43944K, capacity 46042K, committed 46208K, reserved 1089536K
  class space    used 5513K, capacity 5945K, committed 6016K, reserved 1048576K
}
2020-11-07T19:58:32.250+0800: 38.926: Application time: 0.0127974 seconds
{Heap before GC invocations=472 (full 62):
 par new generation   total 9216K, used 8475K [0x00000000e3400000, 0x00000000e3e00000, 0x00000000ecca0000)
  eden space 8192K, 100% used [0x00000000e3400000, 0x00000000e3c00000, 0x00000000e3c00000)
  from space 1024K,  27% used [0x00000000e3c00000, 0x00000000e3c46d20, 0x00000000e3d00000)
  to   space 1024K,   0% used [0x00000000e3d00000, 0x00000000e3d00000, 0x00000000e3e00000)
 concurrent mark-sweep generation total 62368K, used 37625K [0x00000000ecca0000, 0x00000000f0988000, 0x0000000100000000)
 Metaspace       used 43944K, capacity 46042K, committed 46208K, reserved 1089536K
  class space    used 5513K, capacity 5945K, committed 6016K, reserved 1048576K
2020-11-07T19:58:32.250+0800: 38.926: [GC (Allocation Failure) 2020-11-07T19:58:32.250+0800: 38.927: [ParNew: 8475K->415K(9216K), 0.0199001 secs] 46100K->38040K(71584K), 0.0199544 secs] [Times: user=0.02 sys=0.00, real=0.02 secs] 
Heap after GC invocations=473 (full 62):
 par new generation   total 9216K, used 415K [0x00000000e3400000, 0x00000000e3e00000, 0x00000000ecca0000)
  eden space 8192K,   0% used [0x00000000e3400000, 0x00000000e3400000, 0x00000000e3c00000)
  from space 1024K,  40% used [0x00000000e3d00000, 0x00000000e3d67d40, 0x00000000e3e00000)
  to   space 1024K,   0% used [0x00000000e3c00000, 0x00000000e3c00000, 0x00000000e3d00000)
 concurrent mark-sweep generation total 62368K, used 37625K [0x00000000ecca0000, 0x00000000f0988000, 0x0000000100000000)
 Metaspace       used 43944K, capacity 46042K, committed 46208K, reserved 1089536K
  class space    used 5513K, capacity 5945K, committed 6016K, reserved 1048576K
}
2020-11-07T19:58:32.295+0800: 38.972: Application time: 0.0252714 seconds
{Heap before GC invocations=473 (full 62):
 par new generation   total 9216K, used 8607K [0x00000000e3400000, 0x00000000e3e00000, 0x00000000ecca0000)
  eden space 8192K, 100% used [0x00000000e3400000, 0x00000000e3c00000, 0x00000000e3c00000)
  from space 1024K,  40% used [0x00000000e3d00000, 0x00000000e3d67d40, 0x00000000e3e00000)
  to   space 1024K,   0% used [0x00000000e3c00000, 0x00000000e3c00000, 0x00000000e3d00000)
 concurrent mark-sweep generation total 62368K, used 37625K [0x00000000ecca0000, 0x00000000f0988000, 0x0000000100000000)
 Metaspace       used 43947K, capacity 46042K, committed 46208K, reserved 1089536K
  class space    used 5513K, capacity 5945K, committed 6016K, reserved 1048576K
2020-11-07T19:58:32.295+0800: 38.972: [GC (Allocation Failure) 2020-11-07T19:58:32.295+0800: 38.972: [ParNew: 8607K->349K(9216K), 0.0236635 secs] 46232K->37974K(71584K), 0.0237164 secs] [Times: user=0.02 sys=0.00, real=0.02 secs] 
Heap after GC invocations=474 (full 62):
 par new generation   total 9216K, used 349K [0x00000000e3400000, 0x00000000e3e00000, 0x00000000ecca0000)
  eden space 8192K,   0% used [0x00000000e3400000, 0x00000000e3400000, 0x00000000e3c00000)
  from space 1024K,  34% used [0x00000000e3c00000, 0x00000000e3c574b8, 0x00000000e3d00000)
  to   space 1024K,   0% used [0x00000000e3d00000, 0x00000000e3d00000, 0x00000000e3e00000)
 concurrent mark-sweep generation total 62368K, used 37625K [0x00000000ecca0000, 0x00000000f0988000, 0x0000000100000000)
 Metaspace       used 43947K, capacity 46042K, committed 46208K, reserved 1089536K
  class space    used 5513K, capacity 5945K, committed 6016K, reserved 1048576K
}
2020-11-07T19:58:32.370+0800: 39.046: Application time: 0.0504935 seconds
{Heap before GC invocations=474 (full 62):
 par new generation   total 9216K, used 8541K [0x00000000e3400000, 0x00000000e3e00000, 0x00000000ecca0000)
  eden space 8192K, 100% used [0x00000000e3400000, 0x00000000e3c00000, 0x00000000e3c00000)
  from space 1024K,  34% used [0x00000000e3c00000, 0x00000000e3c574b8, 0x00000000e3d00000)
  to   space 1024K,   0% used [0x00000000e3d00000, 0x00000000e3d00000, 0x00000000e3e00000)
 concurrent mark-sweep generation total 62368K, used 37625K [0x00000000ecca0000, 0x00000000f0988000, 0x0000000100000000)
 Metaspace       used 43953K, capacity 46046K, committed 46208K, reserved 1089536K
  class space    used 5514K, capacity 5947K, committed 6016K, reserved 1048576K
2020-11-07T19:58:32.370+0800: 39.046: [GC (Allocation Failure) 2020-11-07T19:58:32.370+0800: 39.046: [ParNew: 8541K->360K(9216K), 0.0219939 secs] 46166K->38023K(71584K), 0.0220650 secs] [Times: user=0.02 sys=0.00, real=0.02 secs] 
Heap after GC invocations=475 (full 62):
 par new generation   total 9216K, used 360K [0x00000000e3400000, 0x00000000e3e00000, 0x00000000ecca0000)
  eden space 8192K,   0% used [0x00000000e3400000, 0x00000000e3400000, 0x00000000e3c00000)
  from space 1024K,  35% used [0x00000000e3d00000, 0x00000000e3d5a278, 0x00000000e3e00000)
  to   space 1024K,   0% used [0x00000000e3c00000, 0x00000000e3c00000, 0x00000000e3d00000)
 concurrent mark-sweep generation total 62368K, used 37662K [0x00000000ecca0000, 0x00000000f0988000, 0x0000000100000000)
 Metaspace       used 43953K, capacity 46046K, committed 46208K, reserved 1089536K
  class space    used 5514K, capacity 5947K, committed 6016K, reserved 1048576K
}
2020-11-07T19:58:32.497+0800: 39.174: [CMS-concurrent-mark: 0.200/0.329 secs] [Times: user=0.28 sys=0.00, real=0.33 secs] 
2020-11-07T19:58:32.497+0800: 39.174: [CMS-concurrent-preclean-start]
2020-11-07T19:58:32.506+0800: 39.182: Application time: 0.1137288 seconds
{Heap before GC invocations=475 (full 62):
 par new generation   total 9216K, used 8552K [0x00000000e3400000, 0x00000000e3e00000, 0x00000000ecca0000)
  eden space 8192K, 100% used [0x00000000e3400000, 0x00000000e3c00000, 0x00000000e3c00000)
  from space 1024K,  35% used [0x00000000e3d00000, 0x00000000e3d5a278, 0x00000000e3e00000)
  to   space 1024K,   0% used [0x00000000e3c00000, 0x00000000e3c00000, 0x00000000e3d00000)
 concurrent mark-sweep generation total 62368K, used 37662K [0x00000000ecca0000, 0x00000000f0988000, 0x0000000100000000)
 Metaspace       used 43989K, capacity 46110K, committed 46208K, reserved 1089536K
  class space    used 5517K, capacity 5947K, committed 6016K, reserved 1048576K
2020-11-07T19:58:32.506+0800: 39.182: [GC (Allocation Failure) 2020-11-07T19:58:32.506+0800: 39.183: [ParNew: 8552K->397K(9216K), 0.0280782 secs] 46215K->38150K(71584K), 0.0281501 secs] [Times: user=0.03 sys=0.00, real=0.02 secs] 
Heap after GC invocations=476 (full 62):
 par new generation   total 9216K, used 397K [0x00000000e3400000, 0x00000000e3e00000, 0x00000000ecca0000)
  eden space 8192K,   0% used [0x00000000e3400000, 0x00000000e3400000, 0x00000000e3c00000)
  from space 1024K,  38% used [0x00000000e3c00000, 0x00000000e3c63708, 0x00000000e3d00000)
  to   space 1024K,   0% used [0x00000000e3d00000, 0x00000000e3d00000, 0x00000000e3e00000)
 concurrent mark-sweep generation total 62368K, used 37752K [0x00000000ecca0000, 0x00000000f0988000, 0x0000000100000000)
 Metaspace       used 43989K, capacity 46110K, committed 46208K, reserved 1089536K
  class space    used 5517K, capacity 5947K, committed 6016K, reserved 1048576K
}
2020-11-07T19:58:32.538+0800: 39.215: [CMS-concurrent-preclean: 0.012/0.041 secs] [Times: user=0.04 sys=0.00, real=0.04 secs] 
2020-11-07T19:58:32.541+0800: 39.218: Application time: 0.0073555 seconds
{Heap before GC invocations=476 (full 62):
 par new generation   total 9216K, used 8564K [0x00000000e3400000, 0x00000000e3e00000, 0x00000000ecca0000)
  eden space 8192K,  99% used [0x00000000e3400000, 0x00000000e3bf9b38, 0x00000000e3c00000)
  from space 1024K,  38% used [0x00000000e3c00000, 0x00000000e3c63708, 0x00000000e3d00000)
  to   space 1024K,   0% used [0x00000000e3d00000, 0x00000000e3d00000, 0x00000000e3e00000)
 concurrent mark-sweep generation total 62368K, used 37752K [0x00000000ecca0000, 0x00000000f0988000, 0x0000000100000000)
 Metaspace       used 43995K, capacity 46110K, committed 46208K, reserved 1089536K
  class space    used 5519K, capacity 5947K, committed 6016K, reserved 1048576K
2020-11-07T19:58:32.541+0800: 39.218: [GC (Allocation Failure) 2020-11-07T19:58:32.542+0800: 39.218: [ParNew: 8564K->425K(9216K), 0.0116824 secs] 46317K->38221K(71584K), 0.0117515 secs] [Times: user=0.01 sys=0.00, real=0.01 secs] 
Heap after GC invocations=477 (full 62):
 par new generation   total 9216K, used 425K [0x00000000e3400000, 0x00000000e3e00000, 0x00000000ecca0000)
  eden space 8192K,   0% used [0x00000000e3400000, 0x00000000e3400000, 0x00000000e3c00000)
  from space 1024K,  41% used [0x00000000e3d00000, 0x00000000e3d6a6d8, 0x00000000e3e00000)
  to   space 1024K,   0% used [0x00000000e3c00000, 0x00000000e3c00000, 0x00000000e3d00000)
 concurrent mark-sweep generation total 62368K, used 37795K [0x00000000ecca0000, 0x00000000f0988000, 0x0000000100000000)
 Metaspace       used 43995K, capacity 46110K, committed 46208K, reserved 1089536K
  class space    used 5519K, capacity 5947K, committed 6016K, reserved 1048576K
}
2020-11-07T19:58:32.556+0800: 39.232: Application time: 0.0024635 seconds
{Heap before GC invocations=477 (full 62):
 par new generation   total 9216K, used 8580K [0x00000000e3400000, 0x00000000e3e00000, 0x00000000ecca0000)
  eden space 8192K,  99% used [0x00000000e3400000, 0x00000000e3bf6be0, 0x00000000e3c00000)
  from space 1024K,  41% used [0x00000000e3d00000, 0x00000000e3d6a6d8, 0x00000000e3e00000)
  to   space 1024K,   0% used [0x00000000e3c00000, 0x00000000e3c00000, 0x00000000e3d00000)
 concurrent mark-sweep generation total 62368K, used 37795K [0x00000000ecca0000, 0x00000000f0988000, 0x0000000100000000)
 Metaspace       used 43995K, capacity 46110K, committed 46208K, reserved 1089536K
  class space    used 5519K, capacity 5947K, committed 6016K, reserved 1048576K
2020-11-07T19:58:32.556+0800: 39.233: [GC (Allocation Failure) 2020-11-07T19:58:32.556+0800: 39.233: [ParNew: 8580K->422K(9216K), 0.0228163 secs] 46376K->38260K(71584K), 0.0228690 secs] [Times: user=0.02 sys=0.00, real=0.02 secs] 
Heap after GC invocations=478 (full 62):
 par new generation   total 9216K, used 422K [0x00000000e3400000, 0x00000000e3e00000, 0x00000000ecca0000)
  eden space 8192K,   0% used [0x00000000e3400000, 0x00000000e3400000, 0x00000000e3c00000)
  from space 1024K,  41% used [0x00000000e3c00000, 0x00000000e3c69ad0, 0x00000000e3d00000)
  to   space 1024K,   0% used [0x00000000e3d00000, 0x00000000e3d00000, 0x00000000e3e00000)
 concurrent mark-sweep generation total 62368K, used 37837K [0x00000000ecca0000, 0x00000000f0988000, 0x0000000100000000)
 Metaspace       used 43995K, capacity 46110K, committed 46208K, reserved 1089536K
  class space    used 5519K, capacity 5947K, committed 6016K, reserved 1048576K
}
2020-11-07T19:58:32.581+0800: 39.258: Application time: 0.0023189 seconds
{Heap before GC invocations=478 (full 62):
 par new generation   total 9216K, used 8595K [0x00000000e3400000, 0x00000000e3e00000, 0x00000000ecca0000)
  eden space 8192K,  99% used [0x00000000e3400000, 0x00000000e3bfb180, 0x00000000e3c00000)
  from space 1024K,  41% used [0x00000000e3c00000, 0x00000000e3c69ad0, 0x00000000e3d00000)
  to   space 1024K,   0% used [0x00000000e3d00000, 0x00000000e3d00000, 0x00000000e3e00000)
 concurrent mark-sweep generation total 62368K, used 37837K [0x00000000ecca0000, 0x00000000f0988000, 0x0000000100000000)
 Metaspace       used 43995K, capacity 46110K, committed 46208K, reserved 1089536K
  class space    used 5519K, capacity 5947K, committed 6016K, reserved 1048576K
2020-11-07T19:58:32.581+0800: 39.258: [GC (Allocation Failure) 2020-11-07T19:58:32.581+0800: 39.258: [ParNew: 8595K->327K(9216K), 0.0126038 secs] 46432K->38190K(71584K), 0.0126554 secs] [Times: user=0.01 sys=0.00, real=0.01 secs] 
Heap after GC invocations=479 (full 62):
 par new generation   total 9216K, used 327K [0x00000000e3400000, 0x00000000e3e00000, 0x00000000ecca0000)
  eden space 8192K,   0% used [0x00000000e3400000, 0x00000000e3400000, 0x00000000e3c00000)
  from space 1024K,  31% used [0x00000000e3d00000, 0x00000000e3d51c60, 0x00000000e3e00000)
  to   space 1024K,   0% used [0x00000000e3c00000, 0x00000000e3c00000, 0x00000000e3d00000)
 concurrent mark-sweep generation total 62368K, used 37863K [0x00000000ecca0000, 0x00000000f0988000, 0x0000000100000000)
 Metaspace       used 43995K, capacity 46110K, committed 46208K, reserved 1089536K
  class space    used 5519K, capacity 5947K, committed 6016K, reserved 1048576K
}
2020-11-07T19:58:32.598+0800: 39.275: Application time: 0.0038808 seconds
2020-11-07T19:58:32.598+0800: 39.275: [GC (CMS Final Remark) [YG occupancy: 5453 K (9216 K)]2020-11-07T19:58:32.598+0800: 39.275: [Rescan (parallel) , 0.0050541 secs]2020-11-07T19:58:32.603+0800: 39.280: [weak refs processing, 0.0009058 secs]2020-11-07T19:58:32.604+0800: 39.281: [class unloading, 0.0136548 secs]2020-11-07T19:58:32.618+0800: 39.295: [scrub symbol table, 0.0267845 secs]2020-11-07T19:58:32.645+0800: 39.321: [scrub string table, 0.0009840 secs][1 CMS-remark: 37863K(62368K)] 43317K(71584K), 0.0521243 secs] [Times: user=0.05 sys=0.00, real=0.05 secs] 
2020-11-07T19:58:32.658+0800: 39.334: [CMS-concurrent-sweep-start]
2020-11-07T19:58:32.688+0800: 39.365: Application time: 0.0378554 seconds
{Heap before GC invocations=479 (full 62):
 par new generation   total 9216K, used 8519K [0x00000000e3400000, 0x00000000e3e00000, 0x00000000ecca0000)
  eden space 8192K, 100% used [0x00000000e3400000, 0x00000000e3c00000, 0x00000000e3c00000)
  from space 1024K,  31% used [0x00000000e3d00000, 0x00000000e3d51c60, 0x00000000e3e00000)
  to   space 1024K,   0% used [0x00000000e3c00000, 0x00000000e3c00000, 0x00000000e3d00000)
 concurrent mark-sweep generation total 62368K, used 37497K [0x00000000ecca0000, 0x00000000f0988000, 0x0000000100000000)
 Metaspace       used 44191K, capacity 46334K, committed 46464K, reserved 1089536K
  class space    used 5535K, capacity 5979K, committed 6016K, reserved 1048576K
2020-11-07T19:58:32.688+0800: 39.365: [GC (Allocation Failure) 2020-11-07T19:58:32.688+0800: 39.365: [ParNew: 8519K->512K(9216K), 0.0201752 secs] 46016K->38029K(71584K), 0.0202447 secs] [Times: user=0.02 sys=0.00, real=0.02 secs] 
Heap after GC invocations=480 (full 62):
 par new generation   total 9216K, used 512K [0x00000000e3400000, 0x00000000e3e00000, 0x00000000ecca0000)
  eden space 8192K,   0% used [0x00000000e3400000, 0x00000000e3400000, 0x00000000e3c00000)
  from space 1024K,  50% used [0x00000000e3c00000, 0x00000000e3c800b0, 0x00000000e3d00000)
  to   space 1024K,   0% used [0x00000000e3d00000, 0x00000000e3d00000, 0x00000000e3e00000)
 concurrent mark-sweep generation total 62368K, used 37517K [0x00000000ecca0000, 0x00000000f0988000, 0x0000000100000000)
 Metaspace       used 44191K, capacity 46334K, committed 46464K, reserved 1089536K
  class space    used 5535K, capacity 5979K, committed 6016K, reserved 1048576K
}
2020-11-07T19:58:32.715+0800: 39.392: [CMS-concurrent-sweep: 0.036/0.057 secs] [Times: user=0.06 sys=0.00, real=0.06 secs] 
2020-11-07T19:58:32.724+0800: 39.400: [CMS-concurrent-reset-start]
2020-11-07T19:58:32.725+0800: 39.401: [CMS-concurrent-reset: 0.001/0.001 secs] [Times: user=0.00 sys=0.00, real=0.01 secs] 
2020-11-07T19:58:32.736+0800: 39.413: Application time: 0.0274687 seconds
2020-11-07T19:58:32.740+0800: 39.416: Application time: 0.0033852 seconds
2020-11-07T19:58:32.752+0800: 39.429: Application time: 0.0122919 seconds
{Heap before GC invocations=480 (full 62):
 par new generation   total 9216K, used 8704K [0x00000000e3400000, 0x00000000e3e00000, 0x00000000ecca0000)
  eden space 8192K, 100% used [0x00000000e3400000, 0x00000000e3c00000, 0x00000000e3c00000)
  from space 1024K,  50% used [0x00000000e3c00000, 0x00000000e3c800b0, 0x00000000e3d00000)
  to   space 1024K,   0% used [0x00000000e3d00000, 0x00000000e3d00000, 0x00000000e3e00000)
 concurrent mark-sweep generation total 62560K, used 37462K [0x00000000ecca0000, 0x00000000f09b8000, 0x0000000100000000)
 Metaspace       used 44347K, capacity 46388K, committed 46464K, reserved 1089536K
  class space    used 5558K, capacity 5978K, committed 6016K, reserved 1048576K
2020-11-07T19:58:32.752+0800: 39.429: [GC (Allocation Failure) 2020-11-07T19:58:32.752+0800: 39.429: [ParNew: 8704K->862K(9216K), 0.0158138 secs] 46166K->38331K(71776K), 0.0158859 secs] [Times: user=0.02 sys=0.00, real=0.02 secs] 
Heap after GC invocations=481 (full 62):
 par new generation   total 9216K, used 862K [0x00000000e3400000, 0x00000000e3e00000, 0x00000000ecca0000)
  eden space 8192K,   0% used [0x00000000e3400000, 0x00000000e3400000, 0x00000000e3c00000)
  from space 1024K,  84% used [0x00000000e3d00000, 0x00000000e3dd7bc0, 0x00000000e3e00000)
  to   space 1024K,   0% used [0x00000000e3c00000, 0x00000000e3c00000, 0x00000000e3d00000)
 concurrent mark-sweep generation total 62560K, used 37468K [0x00000000ecca0000, 0x00000000f09b8000, 0x0000000100000000)
 Metaspace       used 44347K, capacity 46388K, committed 46464K, reserved 1089536K
  class space    used 5558K, capacity 5978K, committed 6016K, reserved 1048576K
}
2020-11-07T19:58:32.783+0800: 39.460: Application time: 0.0150484 seconds
2020-11-07T19:58:32.869+0800: 39.546: Application time: 0.0858045 seconds
{Heap before GC invocations=481 (full 62):
 par new generation   total 9216K, used 9054K [0x00000000e3400000, 0x00000000e3e00000, 0x00000000ecca0000)
  eden space 8192K, 100% used [0x00000000e3400000, 0x00000000e3c00000, 0x00000000e3c00000)
  from space 1024K,  84% used [0x00000000e3d00000, 0x00000000e3dd7bc0, 0x00000000e3e00000)
  to   space 1024K,   0% used [0x00000000e3c00000, 0x00000000e3c00000, 0x00000000e3d00000)
 concurrent mark-sweep generation total 62560K, used 37468K [0x00000000ecca0000, 0x00000000f09b8000, 0x0000000100000000)
 Metaspace       used 44705K, capacity 46750K, committed 46976K, reserved 1089536K
  class space    used 5597K, capacity 6013K, committed 6016K, reserved 1048576K
2020-11-07T19:58:32.869+0800: 39.546: [GC (Allocation Failure) 2020-11-07T19:58:32.869+0800: 39.546: [ParNew: 9054K->789K(9216K), 0.0293503 secs] 46523K->38567K(71776K), 0.0294050 secs] [Times: user=0.03 sys=0.00, real=0.03 secs] 
Heap after GC invocations=482 (full 62):
 par new generation   total 9216K, used 789K [0x00000000e3400000, 0x00000000e3e00000, 0x00000000ecca0000)
  eden space 8192K,   0% used [0x00000000e3400000, 0x00000000e3400000, 0x00000000e3c00000)
  from space 1024K,  77% used [0x00000000e3c00000, 0x00000000e3cc5740, 0x00000000e3d00000)
  to   space 1024K,   0% used [0x00000000e3d00000, 0x00000000e3d00000, 0x00000000e3e00000)
 concurrent mark-sweep generation total 62560K, used 37777K [0x00000000ecca0000, 0x00000000f09b8000, 0x0000000100000000)
 Metaspace       used 44705K, capacity 46750K, committed 46976K, reserved 1089536K
  class space    used 5597K, capacity 6013K, committed 6016K, reserved 1048576K
}
2020-11-07T19:58:32.907+0800: 39.583: Application time: 0.0079662 seconds
2020-11-07T19:58:32.907+0800: 39.584: [GC (CMS Initial Mark) [1 CMS-initial-mark: 37777K(62560K)] 39903K(71776K), 0.0045289 secs] [Times: user=0.00 sys=0.00, real=0.00 secs] 
2020-11-07T19:58:32.911+0800: 39.588: [CMS-concurrent-mark-start]
2020-11-07T19:58:33.030+0800: 39.706: Application time: 0.1181113 seconds
{Heap before GC invocations=482 (full 63):
 par new generation   total 9216K, used 8961K [0x00000000e3400000, 0x00000000e3e00000, 0x00000000ecca0000)
  eden space 8192K,  99% used [0x00000000e3400000, 0x00000000e3bfadc8, 0x00000000e3c00000)
  from space 1024K,  77% used [0x00000000e3c00000, 0x00000000e3cc5740, 0x00000000e3d00000)
  to   space 1024K,   0% used [0x00000000e3d00000, 0x00000000e3d00000, 0x00000000e3e00000)
 concurrent mark-sweep generation total 62560K, used 37777K [0x00000000ecca0000, 0x00000000f09b8000, 0x0000000100000000)
 Metaspace       used 45021K, capacity 47134K, committed 47360K, reserved 1091584K
  class space    used 5618K, capacity 6051K, committed 6144K, reserved 1048576K
2020-11-07T19:58:33.030+0800: 39.706: [GC (Allocation Failure) 2020-11-07T19:58:33.030+0800: 39.706: [ParNew: 8961K->782K(9216K), 0.0421762 secs] 46738K->38960K(71776K), 0.0422507 secs] [Times: user=0.03 sys=0.00, real=0.04 secs] 
Heap after GC invocations=483 (full 63):
 par new generation   total 9216K, used 782K [0x00000000e3400000, 0x00000000e3e00000, 0x00000000ecca0000)
  eden space 8192K,   0% used [0x00000000e3400000, 0x00000000e3400000, 0x00000000e3c00000)
  from space 1024K,  76% used [0x00000000e3d00000, 0x00000000e3dc3a80, 0x00000000e3e00000)
  to   space 1024K,   0% used [0x00000000e3c00000, 0x00000000e3c00000, 0x00000000e3d00000)
 concurrent mark-sweep generation total 62560K, used 38177K [0x00000000ecca0000, 0x00000000f09b8000, 0x0000000100000000)
 Metaspace       used 45021K, capacity 47134K, committed 47360K, reserved 1091584K
  class space    used 5618K, capacity 6051K, committed 6144K, reserved 1048576K
}
2020-11-07T19:58:33.186+0800: 39.863: [CMS-concurrent-mark: 0.227/0.274 secs] [Times: user=0.24 sys=0.01, real=0.28 secs] 
2020-11-07T19:58:33.186+0800: 39.863: [CMS-concurrent-preclean-start]
2020-11-07T19:58:33.203+0800: 39.880: [CMS-concurrent-preclean: 0.017/0.017 secs] [Times: user=0.02 sys=0.00, real=0.01 secs] 
2020-11-07T19:58:33.203+0800: 39.880: [CMS-concurrent-abortable-preclean-start]
2020-11-07T19:58:33.209+0800: 39.886: Application time: 0.1370676 seconds
{Heap before GC invocations=483 (full 63):
 par new generation   total 9216K, used 8974K [0x00000000e3400000, 0x00000000e3e00000, 0x00000000ecca0000)
  eden space 8192K, 100% used [0x00000000e3400000, 0x00000000e3c00000, 0x00000000e3c00000)
  from space 1024K,  76% used [0x00000000e3d00000, 0x00000000e3dc3a80, 0x00000000e3e00000)
  to   space 1024K,   0% used [0x00000000e3c00000, 0x00000000e3c00000, 0x00000000e3d00000)
 concurrent mark-sweep generation total 62560K, used 38177K [0x00000000ecca0000, 0x00000000f09b8000, 0x0000000100000000)
 Metaspace       used 45645K, capacity 47780K, committed 47872K, reserved 1091584K
  class space    used 5682K, capacity 6116K, committed 6144K, reserved 1048576K
2020-11-07T19:58:33.209+0800: 39.886: [GC (Allocation Failure) 2020-11-07T19:58:33.209+0800: 39.886: [ParNew: 8974K->484K(9216K), 0.0405428 secs] 47152K->39077K(71776K), 0.0406140 secs] [Times: user=0.04 sys=0.00, real=0.04 secs] 
Heap after GC invocations=484 (full 63):
 par new generation   total 9216K, used 484K [0x00000000e3400000, 0x00000000e3e00000, 0x00000000ecca0000)
  eden space 8192K,   0% used [0x00000000e3400000, 0x00000000e3400000, 0x00000000e3c00000)
  from space 1024K,  47% used [0x00000000e3c00000, 0x00000000e3c79040, 0x00000000e3d00000)
  to   space 1024K,   0% used [0x00000000e3d00000, 0x00000000e3d00000, 0x00000000e3e00000)
 concurrent mark-sweep generation total 62560K, used 38593K [0x00000000ecca0000, 0x00000000f09b8000, 0x0000000100000000)
 Metaspace       used 45645K, capacity 47780K, committed 47872K, reserved 1091584K
  class space    used 5682K, capacity 6116K, committed 6144K, reserved 1048576K
}
2020-11-07T19:58:33.342+0800: 40.018: Application time: 0.0917711 seconds
{Heap before GC invocations=484 (full 63):
 par new generation   total 9216K, used 8676K [0x00000000e3400000, 0x00000000e3e00000, 0x00000000ecca0000)
  eden space 8192K, 100% used [0x00000000e3400000, 0x00000000e3c00000, 0x00000000e3c00000)
  from space 1024K,  47% used [0x00000000e3c00000, 0x00000000e3c79040, 0x00000000e3d00000)
  to   space 1024K,   0% used [0x00000000e3d00000, 0x00000000e3d00000, 0x00000000e3e00000)
 concurrent mark-sweep generation total 62560K, used 38593K [0x00000000ecca0000, 0x00000000f09b8000, 0x0000000100000000)
 Metaspace       used 46228K, capacity 48426K, committed 48768K, reserved 1091584K
  class space    used 5737K, capacity 6181K, committed 6272K, reserved 1048576K
2020-11-07T19:58:33.342+0800: 40.019: [GC (Allocation Failure) 2020-11-07T19:58:33.342+0800: 40.019: [ParNew: 8676K->519K(9216K), 0.0109112 secs] 47269K->39112K(71776K), 0.0109611 secs] [Times: user=0.01 sys=0.00, real=0.01 secs] 
Heap after GC invocations=485 (full 63):
 par new generation   total 9216K, used 519K [0x00000000e3400000, 0x00000000e3e00000, 0x00000000ecca0000)
  eden space 8192K,   0% used [0x00000000e3400000, 0x00000000e3400000, 0x00000000e3c00000)
  from space 1024K,  50% used [0x00000000e3d00000, 0x00000000e3d81d78, 0x00000000e3e00000)
  to   space 1024K,   0% used [0x00000000e3c00000, 0x00000000e3c00000, 0x00000000e3d00000)
 concurrent mark-sweep generation total 62560K, used 38593K [0x00000000ecca0000, 0x00000000f09b8000, 0x0000000100000000)
 Metaspace       used 46228K, capacity 48426K, committed 48768K, reserved 1091584K
  class space    used 5737K, capacity 6181K, committed 6272K, reserved 1048576K
}
2020-11-07T19:58:33.669+0800: 40.345: Application time: 0.3159155 seconds
2020-11-07T19:58:33.681+0800: 40.357: Application time: 0.0108666 seconds
2020-11-07T19:58:33.684+0800: 40.360: Application time: 0.0029102 seconds
2020-11-07T19:58:33.690+0800: 40.367: Application time: 0.0066723 seconds
2020-11-07T19:58:33.735+0800: 40.412: Application time: 0.0446724 seconds
{Heap before GC invocations=485 (full 63):
 par new generation   total 9216K, used 8711K [0x00000000e3400000, 0x00000000e3e00000, 0x00000000ecca0000)
  eden space 8192K, 100% used [0x00000000e3400000, 0x00000000e3c00000, 0x00000000e3c00000)
  from space 1024K,  50% used [0x00000000e3d00000, 0x00000000e3d81d78, 0x00000000e3e00000)
  to   space 1024K,   0% used [0x00000000e3c00000, 0x00000000e3c00000, 0x00000000e3d00000)
 concurrent mark-sweep generation total 62560K, used 38593K [0x00000000ecca0000, 0x00000000f09b8000, 0x0000000100000000)
 Metaspace       used 46512K, capacity 48650K, committed 48768K, reserved 1091584K
  class space    used 5773K, capacity 6213K, committed 6272K, reserved 1048576K
2020-11-07T19:58:33.735+0800: 40.412: [GC (Allocation Failure) 2020-11-07T19:58:33.735+0800: 40.412: [ParNew: 8711K->666K(9216K), 0.0287124 secs] 47304K->39260K(71776K), 0.0287686 secs] [Times: user=0.03 sys=0.00, real=0.02 secs] 
Heap after GC invocations=486 (full 63):
 par new generation   total 9216K, used 666K [0x00000000e3400000, 0x00000000e3e00000, 0x00000000ecca0000)
  eden space 8192K,   0% used [0x00000000e3400000, 0x00000000e3400000, 0x00000000e3c00000)
  from space 1024K,  65% used [0x00000000e3c00000, 0x00000000e3ca6a90, 0x00000000e3d00000)
  to   space 1024K,   0% used [0x00000000e3d00000, 0x00000000e3d00000, 0x00000000e3e00000)
 concurrent mark-sweep generation total 62560K, used 38593K [0x00000000ecca0000, 0x00000000f09b8000, 0x0000000100000000)
 Metaspace       used 46512K, capacity 48650K, committed 48768K, reserved 1091584K
  class space    used 5773K, capacity 6213K, committed 6272K, reserved 1048576K
}
2020-11-07T19:58:33.765+0800: 40.441: [CMS-concurrent-abortable-preclean: 0.026/0.562 secs] [Times: user=0.54 sys=0.01, real=0.57 secs] 
2020-11-07T19:58:33.768+0800: 40.444: Application time: 0.0035643 seconds
2020-11-07T19:58:33.768+0800: 40.444: [GC (CMS Final Remark) [YG occupancy: 1652 K (9216 K)]2020-11-07T19:58:33.768+0800: 40.444: [Rescan (parallel) , 0.0045223 secs]2020-11-07T19:58:33.772+0800: 40.449: [weak refs processing, 0.0000614 secs]2020-11-07T19:58:33.772+0800: 40.449: [class unloading, 0.0138346 secs]2020-11-07T19:58:33.786+0800: 40.463: [scrub symbol table, 0.0316322 secs]2020-11-07T19:58:33.818+0800: 40.495: [scrub string table, 0.0010387 secs][1 CMS-remark: 38593K(62560K)] 40246K(71776K), 0.0512494 secs] [Times: user=0.05 sys=0.00, real=0.05 secs] 
2020-11-07T19:58:33.819+0800: 40.496: [CMS-concurrent-sweep-start]
2020-11-07T19:58:33.872+0800: 40.549: [CMS-concurrent-sweep: 0.053/0.053 secs] [Times: user=0.05 sys=0.00, real=0.05 secs] 
2020-11-07T19:58:33.873+0800: 40.549: [CMS-concurrent-reset-start]
2020-11-07T19:58:33.874+0800: 40.550: [CMS-concurrent-reset: 0.001/0.001 secs] [Times: user=0.00 sys=0.00, real=0.00 secs] 
2020-11-07T19:58:33.998+0800: 40.675: Application time: 0.1790018 seconds
{Heap before GC invocations=486 (full 63):
 par new generation   total 9216K, used 8858K [0x00000000e3400000, 0x00000000e3e00000, 0x00000000ecca0000)
  eden space 8192K, 100% used [0x00000000e3400000, 0x00000000e3c00000, 0x00000000e3c00000)
  from space 1024K,  65% used [0x00000000e3c00000, 0x00000000e3ca6a90, 0x00000000e3d00000)
  to   space 1024K,   0% used [0x00000000e3d00000, 0x00000000e3d00000, 0x00000000e3e00000)
 concurrent mark-sweep generation total 63136K, used 37880K [0x00000000ecca0000, 0x00000000f0a48000, 0x0000000100000000)
 Metaspace       used 46774K, capacity 48970K, committed 49024K, reserved 1091584K
  class space    used 5808K, capacity 6255K, committed 6272K, reserved 1048576K
2020-11-07T19:58:33.998+0800: 40.675: [GC (Allocation Failure) 2020-11-07T19:58:33.998+0800: 40.675: [ParNew: 8858K->1024K(9216K), 0.0256002 secs] 46739K->39175K(72352K), 0.0256754 secs] [Times: user=0.02 sys=0.00, real=0.02 secs] 
Heap after GC invocations=487 (full 63):
 par new generation   total 9216K, used 1024K [0x00000000e3400000, 0x00000000e3e00000, 0x00000000ecca0000)
  eden space 8192K,   0% used [0x00000000e3400000, 0x00000000e3400000, 0x00000000e3c00000)
  from space 1024K, 100% used [0x00000000e3d00000, 0x00000000e3e00000, 0x00000000e3e00000)
  to   space 1024K,   0% used [0x00000000e3c00000, 0x00000000e3c00000, 0x00000000e3d00000)
 concurrent mark-sweep generation total 63136K, used 38151K [0x00000000ecca0000, 0x00000000f0a48000, 0x0000000100000000)
 Metaspace       used 46774K, capacity 48970K, committed 49024K, reserved 1091584K
  class space    used 5808K, capacity 6255K, committed 6272K, reserved 1048576K
}
2020-11-07T19:58:34.028+0800: 40.704: Application time: 0.0037515 seconds
2020-11-07T19:58:34.028+0800: 40.705: [GC (CMS Initial Mark) [1 CMS-initial-mark: 38151K(63136K)] 40973K(72352K), 0.0054275 secs] [Times: user=0.00 sys=0.00, real=0.00 secs] 
2020-11-07T19:58:34.039+0800: 40.715: [CMS-concurrent-mark-start]
2020-11-07T19:58:34.082+0800: 40.759: Application time: 0.0489600 seconds
{Heap before GC invocations=487 (full 64):
 par new generation   total 9216K, used 9216K [0x00000000e3400000, 0x00000000e3e00000, 0x00000000ecca0000)
  eden space 8192K, 100% used [0x00000000e3400000, 0x00000000e3c00000, 0x00000000e3c00000)
  from space 1024K, 100% used [0x00000000e3d00000, 0x00000000e3e00000, 0x00000000e3e00000)
  to   space 1024K,   0% used [0x00000000e3c00000, 0x00000000e3c00000, 0x00000000e3d00000)
 concurrent mark-sweep generation total 63136K, used 38151K [0x00000000ecca0000, 0x00000000f0a48000, 0x0000000100000000)
 Metaspace       used 46783K, capacity 48976K, committed 49024K, reserved 1091584K
  class space    used 5809K, capacity 6256K, committed 6272K, reserved 1048576K
2020-11-07T19:58:34.091+0800: 40.767: [GC (Allocation Failure) 2020-11-07T19:58:34.091+0800: 40.767: [ParNew: 9216K->590K(9216K), 0.0251326 secs] 47367K->39750K(72352K), 0.0252141 secs] [Times: user=0.02 sys=0.00, real=0.03 secs] 
Heap after GC invocations=488 (full 64):
 par new generation   total 9216K, used 590K [0x00000000e3400000, 0x00000000e3e00000, 0x00000000ecca0000)
  eden space 8192K,   0% used [0x00000000e3400000, 0x00000000e3400000, 0x00000000e3c00000)
  from space 1024K,  57% used [0x00000000e3c00000, 0x00000000e3c93a98, 0x00000000e3d00000)
  to   space 1024K,   0% used [0x00000000e3d00000, 0x00000000e3d00000, 0x00000000e3e00000)
 concurrent mark-sweep generation total 63136K, used 39159K [0x00000000ecca0000, 0x00000000f0a48000, 0x0000000100000000)
 Metaspace       used 46783K, capacity 48976K, committed 49024K, reserved 1091584K
  class space    used 5809K, capacity 6256K, committed 6272K, reserved 1048576K
}
2020-11-07T19:58:34.145+0800: 40.822: Application time: 0.0290197 seconds
2020-11-07T19:58:34.159+0800: 40.836: Application time: 0.0015001 seconds
2020-11-07T19:58:34.181+0800: 40.858: Application time: 0.0213021 seconds
{Heap before GC invocations=488 (full 64):
 par new generation   total 9216K, used 8780K [0x00000000e3400000, 0x00000000e3e00000, 0x00000000ecca0000)
  eden space 8192K,  99% used [0x00000000e3400000, 0x00000000e3bff850, 0x00000000e3c00000)
  from space 1024K,  57% used [0x00000000e3c00000, 0x00000000e3c93a98, 0x00000000e3d00000)
  to   space 1024K,   0% used [0x00000000e3d00000, 0x00000000e3d00000, 0x00000000e3e00000)
 concurrent mark-sweep generation total 63136K, used 39159K [0x00000000ecca0000, 0x00000000f0a48000, 0x0000000100000000)
 Metaspace       used 46850K, capacity 48988K, committed 49024K, reserved 1091584K
  class space    used 5820K, capacity 6258K, committed 6272K, reserved 1048576K
2020-11-07T19:58:34.181+0800: 40.858: [GC (Allocation Failure) 2020-11-07T19:58:34.181+0800: 40.858: [ParNew: 8780K->354K(9216K), 0.0494106 secs] 47940K->39514K(72352K), 0.0494709 secs] [Times: user=0.02 sys=0.00, real=0.05 secs] 
Heap after GC invocations=489 (full 64):
 par new generation   total 9216K, used 354K [0x00000000e3400000, 0x00000000e3e00000, 0x00000000ecca0000)
  eden space 8192K,   0% used [0x00000000e3400000, 0x00000000e3400000, 0x00000000e3c00000)
  from space 1024K,  34% used [0x00000000e3d00000, 0x00000000e3d589f8, 0x00000000e3e00000)
  to   space 1024K,   0% used [0x00000000e3c00000, 0x00000000e3c00000, 0x00000000e3d00000)
 concurrent mark-sweep generation total 63136K, used 39159K [0x00000000ecca0000, 0x00000000f0a48000, 0x0000000100000000)
 Metaspace       used 46850K, capacity 48988K, committed 49024K, reserved 1091584K
  class space    used 5820K, capacity 6258K, committed 6272K, reserved 1048576K
}
2020-11-07T19:58:34.233+0800: 40.910: Application time: 0.0023139 seconds
{Heap before GC invocations=489 (full 64):
 par new generation   total 9216K, used 8525K [0x00000000e3400000, 0x00000000e3e00000, 0x00000000ecca0000)
  eden space 8192K,  99% used [0x00000000e3400000, 0x00000000e3bfacc8, 0x00000000e3c00000)
  from space 1024K,  34% used [0x00000000e3d00000, 0x00000000e3d589f8, 0x00000000e3e00000)
  to   space 1024K,   0% used [0x00000000e3c00000, 0x00000000e3c00000, 0x00000000e3d00000)
 concurrent mark-sweep generation total 63136K, used 39159K [0x00000000ecca0000, 0x00000000f0a48000, 0x0000000100000000)
 Metaspace       used 46850K, capacity 48988K, committed 49024K, reserved 1091584K
  class space    used 5820K, capacity 6258K, committed 6272K, reserved 1048576K
2020-11-07T19:58:34.233+0800: 40.910: [GC (Allocation Failure) 2020-11-07T19:58:34.233+0800: 40.910: [ParNew: 8525K->329K(9216K), 0.0266985 secs] 47685K->39489K(72352K), 0.0267529 secs] [Times: user=0.01 sys=0.00, real=0.03 secs] 
Heap after GC invocations=490 (full 64):
 par new generation   total 9216K, used 329K [0x00000000e3400000, 0x00000000e3e00000, 0x00000000ecca0000)
  eden space 8192K,   0% used [0x00000000e3400000, 0x00000000e3400000, 0x00000000e3c00000)
  from space 1024K,  32% used [0x00000000e3c00000, 0x00000000e3c52628, 0x00000000e3d00000)
  to   space 1024K,   0% used [0x00000000e3d00000, 0x00000000e3d00000, 0x00000000e3e00000)
 concurrent mark-sweep generation total 63136K, used 39159K [0x00000000ecca0000, 0x00000000f0a48000, 0x0000000100000000)
 Metaspace       used 46850K, capacity 48988K, committed 49024K, reserved 1091584K
  class space    used 5820K, capacity 6258K, committed 6272K, reserved 1048576K
}
2020-11-07T19:58:34.265+0800: 40.942: Application time: 0.0055146 seconds
{Heap before GC invocations=490 (full 64):
 par new generation   total 9216K, used 8516K [0x00000000e3400000, 0x00000000e3e00000, 0x00000000ecca0000)
  eden space 8192K,  99% used [0x00000000e3400000, 0x00000000e3bfeb80, 0x00000000e3c00000)
  from space 1024K,  32% used [0x00000000e3c00000, 0x00000000e3c52628, 0x00000000e3d00000)
  to   space 1024K,   0% used [0x00000000e3d00000, 0x00000000e3d00000, 0x00000000e3e00000)
 concurrent mark-sweep generation total 63136K, used 39159K [0x00000000ecca0000, 0x00000000f0a48000, 0x0000000100000000)
 Metaspace       used 46851K, capacity 48988K, committed 49024K, reserved 1091584K
  class space    used 5820K, capacity 6258K, committed 6272K, reserved 1048576K
2020-11-07T19:58:34.266+0800: 40.942: [GC (Allocation Failure) 2020-11-07T19:58:34.266+0800: 40.942: [ParNew: 8516K->338K(9216K), 0.0080708 secs] 47676K->39498K(72352K), 0.0081217 secs] [Times: user=0.00 sys=0.00, real=0.00 secs] 
Heap after GC invocations=491 (full 64):
 par new generation   total 9216K, used 338K [0x00000000e3400000, 0x00000000e3e00000, 0x00000000ecca0000)
  eden space 8192K,   0% used [0x00000000e3400000, 0x00000000e3400000, 0x00000000e3c00000)
  from space 1024K,  33% used [0x00000000e3d00000, 0x00000000e3d54968, 0x00000000e3e00000)
  to   space 1024K,   0% used [0x00000000e3c00000, 0x00000000e3c00000, 0x00000000e3d00000)
 concurrent mark-sweep generation total 63136K, used 39159K [0x00000000ecca0000, 0x00000000f0a48000, 0x0000000100000000)
 Metaspace       used 46851K, capacity 48988K, committed 49024K, reserved 1091584K
  class space    used 5820K, capacity 6258K, committed 6272K, reserved 1048576K
}
2020-11-07T19:58:34.280+0800: 40.957: Application time: 0.0066278 seconds
{Heap before GC invocations=491 (full 64):
 par new generation   total 9216K, used 8530K [0x00000000e3400000, 0x00000000e3e00000, 0x00000000ecca0000)
  eden space 8192K, 100% used [0x00000000e3400000, 0x00000000e3c00000, 0x00000000e3c00000)
  from space 1024K,  33% used [0x00000000e3d00000, 0x00000000e3d54968, 0x00000000e3e00000)
  to   space 1024K,   0% used [0x00000000e3c00000, 0x00000000e3c00000, 0x00000000e3d00000)
 concurrent mark-sweep generation total 63136K, used 39159K [0x00000000ecca0000, 0x00000000f0a48000, 0x0000000100000000)
 Metaspace       used 46856K, capacity 49052K, committed 49280K, reserved 1091584K
  class space    used 5822K, capacity 6258K, committed 6272K, reserved 1048576K
2020-11-07T19:58:34.281+0800: 40.957: [GC (Allocation Failure) 2020-11-07T19:58:34.281+0800: 40.957: [ParNew: 8530K->431K(9216K), 0.0105017 secs] 47690K->39591K(72352K), 0.0105564 secs] [Times: user=0.01 sys=0.00, real=0.01 secs] 
Heap after GC invocations=492 (full 64):
 par new generation   total 9216K, used 431K [0x00000000e3400000, 0x00000000e3e00000, 0x00000000ecca0000)
  eden space 8192K,   0% used [0x00000000e3400000, 0x00000000e3400000, 0x00000000e3c00000)
  from space 1024K,  42% used [0x00000000e3c00000, 0x00000000e3c6bda8, 0x00000000e3d00000)
  to   space 1024K,   0% used [0x00000000e3d00000, 0x00000000e3d00000, 0x00000000e3e00000)
 concurrent mark-sweep generation total 63136K, used 39159K [0x00000000ecca0000, 0x00000000f0a48000, 0x0000000100000000)
 Metaspace       used 46856K, capacity 49052K, committed 49280K, reserved 1091584K
  class space    used 5822K, capacity 6258K, committed 6272K, reserved 1048576K
}
2020-11-07T19:58:34.328+0800: 41.004: Application time: 0.0362795 seconds
2020-11-07T19:58:34.330+0800: 41.007: Application time: 0.0000500 seconds
2020-11-07T19:58:34.350+0800: 41.026: Application time: 0.0190342 seconds
{Heap before GC invocations=492 (full 64):
 par new generation   total 9216K, used 8623K [0x00000000e3400000, 0x00000000e3e00000, 0x00000000ecca0000)
  eden space 8192K, 100% used [0x00000000e3400000, 0x00000000e3c00000, 0x00000000e3c00000)
  from space 1024K,  42% used [0x00000000e3c00000, 0x00000000e3c6bda8, 0x00000000e3d00000)
  to   space 1024K,   0% used [0x00000000e3d00000, 0x00000000e3d00000, 0x00000000e3e00000)
 concurrent mark-sweep generation total 63136K, used 39159K [0x00000000ecca0000, 0x00000000f0a48000, 0x0000000100000000)
 Metaspace       used 46935K, capacity 49058K, committed 49280K, reserved 1091584K
  class space    used 5833K, capacity 6259K, committed 6272K, reserved 1048576K
2020-11-07T19:58:34.350+0800: 41.026: [GC (Allocation Failure) 2020-11-07T19:58:34.350+0800: 41.026: [ParNew: 8623K->383K(9216K), 0.0154348 secs] 47783K->39542K(72352K), 0.0154866 secs] [Times: user=0.02 sys=0.00, real=0.02 secs] 
Heap after GC invocations=493 (full 64):
 par new generation   total 9216K, used 383K [0x00000000e3400000, 0x00000000e3e00000, 0x00000000ecca0000)
  eden space 8192K,   0% used [0x00000000e3400000, 0x00000000e3400000, 0x00000000e3c00000)
  from space 1024K,  37% used [0x00000000e3d00000, 0x00000000e3d5fc30, 0x00000000e3e00000)
  to   space 1024K,   0% used [0x00000000e3c00000, 0x00000000e3c00000, 0x00000000e3d00000)
 concurrent mark-sweep generation total 63136K, used 39159K [0x00000000ecca0000, 0x00000000f0a48000, 0x0000000100000000)
 Metaspace       used 46935K, capacity 49058K, committed 49280K, reserved 1091584K
  class space    used 5833K, capacity 6259K, committed 6272K, reserved 1048576K
}
2020-11-07T19:58:34.405+0800: 41.082: Application time: 0.0401361 seconds
{Heap before GC invocations=493 (full 64):
 par new generation   total 9216K, used 8575K [0x00000000e3400000, 0x00000000e3e00000, 0x00000000ecca0000)
  eden space 8192K, 100% used [0x00000000e3400000, 0x00000000e3c00000, 0x00000000e3c00000)
  from space 1024K,  37% used [0x00000000e3d00000, 0x00000000e3d5fc30, 0x00000000e3e00000)
  to   space 1024K,   0% used [0x00000000e3c00000, 0x00000000e3c00000, 0x00000000e3d00000)
 concurrent mark-sweep generation total 63136K, used 39159K [0x00000000ecca0000, 0x00000000f0a48000, 0x0000000100000000)
 Metaspace       used 46958K, capacity 49122K, committed 49280K, reserved 1091584K
  class space    used 5833K, capacity 6259K, committed 6272K, reserved 1048576K
2020-11-07T19:58:34.406+0800: 41.082: [GC (Allocation Failure) 2020-11-07T19:58:34.406+0800: 41.082: [ParNew: 8575K->505K(9216K), 0.0205510 secs] 47734K->39665K(72352K), 0.0206186 secs] [Times: user=0.02 sys=0.00, real=0.02 secs] 
Heap after GC invocations=494 (full 64):
 par new generation   total 9216K, used 505K [0x00000000e3400000, 0x00000000e3e00000, 0x00000000ecca0000)
  eden space 8192K,   0% used [0x00000000e3400000, 0x00000000e3400000, 0x00000000e3c00000)
  from space 1024K,  49% used [0x00000000e3c00000, 0x00000000e3c7e530, 0x00000000e3d00000)
  to   space 1024K,   0% used [0x00000000e3d00000, 0x00000000e3d00000, 0x00000000e3e00000)
 concurrent mark-sweep generation total 63136K, used 39159K [0x00000000ecca0000, 0x00000000f0a48000, 0x0000000100000000)
 Metaspace       used 46958K, capacity 49122K, committed 49280K, reserved 1091584K
  class space    used 5833K, capacity 6259K, committed 6272K, reserved 1048576K
}
2020-11-07T19:58:34.445+0800: 41.122: Application time: 0.0187506 seconds
{Heap before GC invocations=494 (full 64):
 par new generation   total 9216K, used 8697K [0x00000000e3400000, 0x00000000e3e00000, 0x00000000ecca0000)
  eden space 8192K, 100% used [0x00000000e3400000, 0x00000000e3c00000, 0x00000000e3c00000)
  from space 1024K,  49% used [0x00000000e3c00000, 0x00000000e3c7e530, 0x00000000e3d00000)
  to   space 1024K,   0% used [0x00000000e3d00000, 0x00000000e3d00000, 0x00000000e3e00000)
 concurrent mark-sweep generation total 63136K, used 39159K [0x00000000ecca0000, 0x00000000f0a48000, 0x0000000100000000)
 Metaspace       used 46958K, capacity 49122K, committed 49280K, reserved 1091584K
  class space    used 5833K, capacity 6259K, committed 6272K, reserved 1048576K
2020-11-07T19:58:34.445+0800: 41.122: [GC (Allocation Failure) 2020-11-07T19:58:34.445+0800: 41.122: [ParNew: 8697K->422K(9216K), 0.0131271 secs] 47857K->39582K(72352K), 0.0131829 secs] [Times: user=0.02 sys=0.00, real=0.01 secs] 
Heap after GC invocations=495 (full 64):
 par new generation   total 9216K, used 422K [0x00000000e3400000, 0x00000000e3e00000, 0x00000000ecca0000)
  eden space 8192K,   0% used [0x00000000e3400000, 0x00000000e3400000, 0x00000000e3c00000)
  from space 1024K,  41% used [0x00000000e3d00000, 0x00000000e3d69a28, 0x00000000e3e00000)
  to   space 1024K,   0% used [0x00000000e3c00000, 0x00000000e3c00000, 0x00000000e3d00000)
 concurrent mark-sweep generation total 63136K, used 39159K [0x00000000ecca0000, 0x00000000f0a48000, 0x0000000100000000)
 Metaspace       used 46958K, capacity 49122K, committed 49280K, reserved 1091584K
  class space    used 5833K, capacity 6259K, committed 6272K, reserved 1048576K
}
2020-11-07T19:58:34.475+0800: 41.152: [CMS-concurrent-mark: 0.223/0.436 secs] [Times: user=0.36 sys=0.01, real=0.44 secs] 
2020-11-07T19:58:34.475+0800: 41.152: [CMS-concurrent-preclean-start]
2020-11-07T19:58:34.479+0800: 41.156: [CMS-concurrent-preclean: 0.004/0.004 secs] [Times: user=0.01 sys=0.00, real=0.00 secs] 
2020-11-07T19:58:34.479+0800: 41.156: [CMS-concurrent-abortable-preclean-start]
2020-11-07T19:58:34.510+0800: 41.187: Application time: 0.0513484 seconds
{Heap before GC invocations=495 (full 64):
 par new generation   total 9216K, used 8614K [0x00000000e3400000, 0x00000000e3e00000, 0x00000000ecca0000)
  eden space 8192K, 100% used [0x00000000e3400000, 0x00000000e3c00000, 0x00000000e3c00000)
  from space 1024K,  41% used [0x00000000e3d00000, 0x00000000e3d69a28, 0x00000000e3e00000)
  to   space 1024K,   0% used [0x00000000e3c00000, 0x00000000e3c00000, 0x00000000e3d00000)
 concurrent mark-sweep generation total 63136K, used 39159K [0x00000000ecca0000, 0x00000000f0a48000, 0x0000000100000000)
 Metaspace       used 46990K, capacity 49122K, committed 49280K, reserved 1091584K
  class space    used 5838K, capacity 6259K, committed 6272K, reserved 1048576K
2020-11-07T19:58:34.510+0800: 41.187: [GC (Allocation Failure) 2020-11-07T19:58:34.510+0800: 41.187: [ParNew: 8614K->652K(9216K), 0.0396704 secs] 47774K->39811K(72352K), 0.0397558 secs] [Times: user=0.04 sys=0.00, real=0.04 secs] 
Heap after GC invocations=496 (full 64):
 par new generation   total 9216K, used 652K [0x00000000e3400000, 0x00000000e3e00000, 0x00000000ecca0000)
  eden space 8192K,   0% used [0x00000000e3400000, 0x00000000e3400000, 0x00000000e3c00000)
  from space 1024K,  63% used [0x00000000e3c00000, 0x00000000e3ca3038, 0x00000000e3d00000)
  to   space 1024K,   0% used [0x00000000e3d00000, 0x00000000e3d00000, 0x00000000e3e00000)
 concurrent mark-sweep generation total 63136K, used 39159K [0x00000000ecca0000, 0x00000000f0a48000, 0x0000000100000000)
 Metaspace       used 46990K, capacity 49122K, committed 49280K, reserved 1091584K
  class space    used 5838K, capacity 6259K, committed 6272K, reserved 1048576K
}
2020-11-07T19:58:34.567+0800: 41.244: [CMS-concurrent-abortable-preclean: 0.036/0.088 secs] [Times: user=0.08 sys=0.00, real=0.09 secs] 
2020-11-07T19:58:34.567+0800: 41.244: Application time: 0.0175624 seconds
2020-11-07T19:58:34.568+0800: 41.244: [GC (CMS Final Remark) [YG occupancy: 4825 K (9216 K)]2020-11-07T19:58:34.568+0800: 41.244: [Rescan (parallel) , 0.0199667 secs]2020-11-07T19:58:34.588+0800: 41.264: [weak refs processing, 0.0009988 secs]2020-11-07T19:58:34.589+0800: 41.265: [class unloading, 0.0102923 secs]2020-11-07T19:58:34.599+0800: 41.276: [scrub symbol table, 0.0227207 secs]2020-11-07T19:58:34.622+0800: 41.298: [scrub string table, 0.0010511 secs][1 CMS-remark: 39159K(63136K)] 43985K(72352K), 0.0552257 secs] [Times: user=0.05 sys=0.01, real=0.05 secs] 
2020-11-07T19:58:34.624+0800: 41.301: [CMS-concurrent-sweep-start]
2020-11-07T19:58:34.654+0800: 41.330: Application time: 0.0307312 seconds
{Heap before GC invocations=496 (full 64):
 par new generation   total 9216K, used 8844K [0x00000000e3400000, 0x00000000e3e00000, 0x00000000ecca0000)
  eden space 8192K, 100% used [0x00000000e3400000, 0x00000000e3c00000, 0x00000000e3c00000)
  from space 1024K,  63% used [0x00000000e3c00000, 0x00000000e3ca3038, 0x00000000e3d00000)
  to   space 1024K,   0% used [0x00000000e3d00000, 0x00000000e3d00000, 0x00000000e3e00000)
 concurrent mark-sweep generation total 63136K, used 39139K [0x00000000ecca0000, 0x00000000f0a48000, 0x0000000100000000)
 Metaspace       used 46996K, capacity 49154K, committed 49408K, reserved 1091584K
  class space    used 5840K, capacity 6291K, committed 6400K, reserved 1048576K
2020-11-07T19:58:34.654+0800: 41.330: [GC (Allocation Failure) 2020-11-07T19:58:34.654+0800: 41.330: [ParNew: 8844K->684K(9216K), 0.0110920 secs] 47983K->39910K(72352K), 0.0111681 secs] [Times: user=0.01 sys=0.00, real=0.02 secs] 
Heap after GC invocations=497 (full 64):
 par new generation   total 9216K, used 684K [0x00000000e3400000, 0x00000000e3e00000, 0x00000000ecca0000)
  eden space 8192K,   0% used [0x00000000e3400000, 0x00000000e3400000, 0x00000000e3c00000)
  from space 1024K,  66% used [0x00000000e3d00000, 0x00000000e3dab218, 0x00000000e3e00000)
  to   space 1024K,   0% used [0x00000000e3c00000, 0x00000000e3c00000, 0x00000000e3d00000)
 concurrent mark-sweep generation total 63136K, used 39226K [0x00000000ecca0000, 0x00000000f0a48000, 0x0000000100000000)
 Metaspace       used 46996K, capacity 49154K, committed 49408K, reserved 1091584K
  class space    used 5840K, capacity 6291K, committed 6400K, reserved 1048576K
}
2020-11-07T19:58:34.673+0800: 41.350: Application time: 0.0085607 seconds
{Heap before GC invocations=497 (full 64):
 par new generation   total 9216K, used 8853K [0x00000000e3400000, 0x00000000e3e00000, 0x00000000ecca0000)
  eden space 8192K,  99% used [0x00000000e3400000, 0x00000000e3bfa4f8, 0x00000000e3c00000)
  from space 1024K,  66% used [0x00000000e3d00000, 0x00000000e3dab218, 0x00000000e3e00000)
  to   space 1024K,   0% used [0x00000000e3c00000, 0x00000000e3c00000, 0x00000000e3d00000)
 concurrent mark-sweep generation total 63136K, used 39210K [0x00000000ecca0000, 0x00000000f0a48000, 0x0000000100000000)
 Metaspace       used 47000K, capacity 49154K, committed 49408K, reserved 1091584K
  class space    used 5840K, capacity 6291K, committed 6400K, reserved 1048576K
2020-11-07T19:58:34.674+0800: 41.350: [GC (Allocation Failure) 2020-11-07T19:58:34.674+0800: 41.350: [ParNew: 8853K->556K(9216K), 0.0200066 secs] 48063K->39858K(72352K), 0.0200774 secs] [Times: user=0.02 sys=0.00, real=0.02 secs] 
Heap after GC invocations=498 (full 64):
 par new generation   total 9216K, used 556K [0x00000000e3400000, 0x00000000e3e00000, 0x00000000ecca0000)
  eden space 8192K,   0% used [0x00000000e3400000, 0x00000000e3400000, 0x00000000e3c00000)
  from space 1024K,  54% used [0x00000000e3c00000, 0x00000000e3c8b358, 0x00000000e3d00000)
  to   space 1024K,   0% used [0x00000000e3d00000, 0x00000000e3d00000, 0x00000000e3e00000)
 concurrent mark-sweep generation total 63136K, used 39301K [0x00000000ecca0000, 0x00000000f0a48000, 0x0000000100000000)
 Metaspace       used 47000K, capacity 49154K, committed 49408K, reserved 1091584K
  class space    used 5840K, capacity 6291K, committed 6400K, reserved 1048576K
}
2020-11-07T19:58:34.696+0800: 41.373: Application time: 0.0023789 seconds
{Heap before GC invocations=498 (full 64):
 par new generation   total 9216K, used 8705K [0x00000000e3400000, 0x00000000e3e00000, 0x00000000ecca0000)
  eden space 8192K,  99% used [0x00000000e3400000, 0x00000000e3bf5350, 0x00000000e3c00000)
  from space 1024K,  54% used [0x00000000e3c00000, 0x00000000e3c8b358, 0x00000000e3d00000)
  to   space 1024K,   0% used [0x00000000e3d00000, 0x00000000e3d00000, 0x00000000e3e00000)
 concurrent mark-sweep generation total 63136K, used 39301K [0x00000000ecca0000, 0x00000000f0a48000, 0x0000000100000000)
 Metaspace       used 47000K, capacity 49154K, committed 49408K, reserved 1091584K
  class space    used 5840K, capacity 6291K, committed 6400K, reserved 1048576K
2020-11-07T19:58:34.696+0800: 41.373: [GC (Allocation Failure) 2020-11-07T19:58:34.696+0800: 41.373: [ParNew: 8705K->519K(9216K), 0.0253198 secs] 48007K->39821K(72352K), 0.0253755 secs] [Times: user=0.02 sys=0.00, real=0.02 secs] 
Heap after GC invocations=499 (full 64):
 par new generation   total 9216K, used 519K [0x00000000e3400000, 0x00000000e3e00000, 0x00000000ecca0000)
  eden space 8192K,   0% used [0x00000000e3400000, 0x00000000e3400000, 0x00000000e3c00000)
  from space 1024K,  50% used [0x00000000e3d00000, 0x00000000e3d81e38, 0x00000000e3e00000)
  to   space 1024K,   0% used [0x00000000e3c00000, 0x00000000e3c00000, 0x00000000e3d00000)
 concurrent mark-sweep generation total 63136K, used 39301K [0x00000000ecca0000, 0x00000000f0a48000, 0x0000000100000000)
 Metaspace       used 47000K, capacity 49154K, committed 49408K, reserved 1091584K
  class space    used 5840K, capacity 6291K, committed 6400K, reserved 1048576K
}
2020-11-07T19:58:34.724+0800: 41.400: [CMS-concurrent-sweep: 0.036/0.099 secs] [Times: user=0.10 sys=0.00, real=0.10 secs] 
2020-11-07T19:58:34.732+0800: 41.409: [CMS-concurrent-reset-start]
2020-11-07T19:58:34.733+0800: 41.410: [CMS-concurrent-reset: 0.001/0.001 secs] [Times: user=0.00 sys=0.00, real=0.00 secs] 
2020-11-07T19:58:34.748+0800: 41.424: Application time: 0.0258590 seconds
{Heap before GC invocations=499 (full 64):
 par new generation   total 9216K, used 8711K [0x00000000e3400000, 0x00000000e3e00000, 0x00000000ecca0000)
  eden space 8192K, 100% used [0x00000000e3400000, 0x00000000e3c00000, 0x00000000e3c00000)
  from space 1024K,  50% used [0x00000000e3d00000, 0x00000000e3d81e38, 0x00000000e3e00000)
  to   space 1024K,   0% used [0x00000000e3c00000, 0x00000000e3c00000, 0x00000000e3d00000)
 concurrent mark-sweep generation total 65300K, used 39177K [0x00000000ecca0000, 0x00000000f0c65000, 0x0000000100000000)
 Metaspace       used 47125K, capacity 49290K, committed 49408K, reserved 1091584K
  class space    used 5849K, capacity 6293K, committed 6400K, reserved 1048576K
2020-11-07T19:58:34.748+0800: 41.424: [GC (Allocation Failure) 2020-11-07T19:58:34.748+0800: 41.425: [ParNew: 8711K->762K(9216K), 0.0169196 secs] 47889K->39940K(74516K), 0.0169850 secs] [Times: user=0.01 sys=0.00, real=0.02 secs] 
Heap after GC invocations=500 (full 64):
 par new generation   total 9216K, used 762K [0x00000000e3400000, 0x00000000e3e00000, 0x00000000ecca0000)
  eden space 8192K,   0% used [0x00000000e3400000, 0x00000000e3400000, 0x00000000e3c00000)
  from space 1024K,  74% used [0x00000000e3c00000, 0x00000000e3cbe968, 0x00000000e3d00000)
  to   space 1024K,   0% used [0x00000000e3d00000, 0x00000000e3d00000, 0x00000000e3e00000)
 concurrent mark-sweep generation total 65300K, used 39177K [0x00000000ecca0000, 0x00000000f0c65000, 0x0000000100000000)
 Metaspace       used 47125K, capacity 49290K, committed 49408K, reserved 1091584K
  class space    used 5849K, capacity 6293K, committed 6400K, reserved 1048576K
}
2020-11-07T19:58:34.818+0800: 41.495: Application time: 0.0536447 seconds
{Heap before GC invocations=500 (full 64):
 par new generation   total 9216K, used 8954K [0x00000000e3400000, 0x00000000e3e00000, 0x00000000ecca0000)
  eden space 8192K, 100% used [0x00000000e3400000, 0x00000000e3c00000, 0x00000000e3c00000)
  from space 1024K,  74% used [0x00000000e3c00000, 0x00000000e3cbe968, 0x00000000e3d00000)
  to   space 1024K,   0% used [0x00000000e3d00000, 0x00000000e3d00000, 0x00000000e3e00000)
 concurrent mark-sweep generation total 65300K, used 39177K [0x00000000ecca0000, 0x00000000f0c65000, 0x0000000100000000)
 Metaspace       used 47459K, capacity 49610K, committed 49920K, reserved 1093632K
  class space    used 5872K, capacity 6293K, committed 6400K, reserved 1048576K
2020-11-07T19:58:34.819+0800: 41.495: [GC (Allocation Failure) 2020-11-07T19:58:34.819+0800: 41.495: [ParNew: 8954K->639K(9216K), 0.0201429 secs] 48132K->39989K(74516K), 0.0201992 secs] [Times: user=0.02 sys=0.00, real=0.02 secs] 
Heap after GC invocations=501 (full 64):
 par new generation   total 9216K, used 639K [0x00000000e3400000, 0x00000000e3e00000, 0x00000000ecca0000)
  eden space 8192K,   0% used [0x00000000e3400000, 0x00000000e3400000, 0x00000000e3c00000)
  from space 1024K,  62% used [0x00000000e3d00000, 0x00000000e3d9fe78, 0x00000000e3e00000)
  to   space 1024K,   0% used [0x00000000e3c00000, 0x00000000e3c00000, 0x00000000e3d00000)
 concurrent mark-sweep generation total 65300K, used 39349K [0x00000000ecca0000, 0x00000000f0c65000, 0x0000000100000000)
 Metaspace       used 47459K, capacity 49610K, committed 49920K, reserved 1093632K
  class space    used 5872K, capacity 6293K, committed 6400K, reserved 1048576K
}
2020-11-07T19:58:34.844+0800: 41.521: Application time: 0.0051350 seconds
2020-11-07T19:58:34.844+0800: 41.521: [GC (CMS Initial Mark) [1 CMS-initial-mark: 39349K(65300K)] 40993K(74516K), 0.0037367 secs] [Times: user=0.01 sys=0.00, real=0.01 secs] 
2020-11-07T19:58:34.848+0800: 41.525: [CMS-concurrent-mark-start]
2020-11-07T19:58:34.943+0800: 41.620: Application time: 0.0953652 seconds
{Heap before GC invocations=501 (full 65):
 par new generation   total 9216K, used 8831K [0x00000000e3400000, 0x00000000e3e00000, 0x00000000ecca0000)
  eden space 8192K, 100% used [0x00000000e3400000, 0x00000000e3c00000, 0x00000000e3c00000)
  from space 1024K,  62% used [0x00000000e3d00000, 0x00000000e3d9fe78, 0x00000000e3e00000)
  to   space 1024K,   0% used [0x00000000e3c00000, 0x00000000e3c00000, 0x00000000e3d00000)
 concurrent mark-sweep generation total 65300K, used 39349K [0x00000000ecca0000, 0x00000000f0c65000, 0x0000000100000000)
 Metaspace       used 47757K, capacity 49968K, committed 50176K, reserved 1093632K
  class space    used 5898K, capacity 6326K, committed 6400K, reserved 1048576K
2020-11-07T19:58:34.943+0800: 41.620: [GC (Allocation Failure) 2020-11-07T19:58:34.944+0800: 41.620: [ParNew: 8831K->680K(9216K), 0.0342131 secs] 48181K->40156K(74516K), 0.0342871 secs] [Times: user=0.03 sys=0.01, real=0.04 secs] 
Heap after GC invocations=502 (full 65):
 par new generation   total 9216K, used 680K [0x00000000e3400000, 0x00000000e3e00000, 0x00000000ecca0000)
  eden space 8192K,   0% used [0x00000000e3400000, 0x00000000e3400000, 0x00000000e3c00000)
  from space 1024K,  66% used [0x00000000e3c00000, 0x00000000e3caa278, 0x00000000e3d00000)
  to   space 1024K,   0% used [0x00000000e3d00000, 0x00000000e3d00000, 0x00000000e3e00000)
 concurrent mark-sweep generation total 65300K, used 39475K [0x00000000ecca0000, 0x00000000f0c65000, 0x0000000100000000)
 Metaspace       used 47757K, capacity 49968K, committed 50176K, reserved 1093632K
  class space    used 5898K, capacity 6326K, committed 6400K, reserved 1048576K
}
2020-11-07T19:58:35.049+0800: 41.725: Application time: 0.0707305 seconds
{Heap before GC invocations=502 (full 65):
 par new generation   total 9216K, used 8872K [0x00000000e3400000, 0x00000000e3e00000, 0x00000000ecca0000)
  eden space 8192K, 100% used [0x00000000e3400000, 0x00000000e3c00000, 0x00000000e3c00000)
  from space 1024K,  66% used [0x00000000e3c00000, 0x00000000e3caa278, 0x00000000e3d00000)
  to   space 1024K,   0% used [0x00000000e3d00000, 0x00000000e3d00000, 0x00000000e3e00000)
 concurrent mark-sweep generation total 65300K, used 39475K [0x00000000ecca0000, 0x00000000f0c65000, 0x0000000100000000)
 Metaspace       used 48047K, capacity 50226K, committed 50432K, reserved 1093632K
  class space    used 5951K, capacity 6391K, committed 6400K, reserved 1048576K
2020-11-07T19:58:35.049+0800: 41.725: [GC (Allocation Failure) 2020-11-07T19:58:35.049+0800: 41.725: [ParNew: 8872K->640K(9216K), 0.0260459 secs] 48348K->40337K(74516K), 0.0261033 secs] [Times: user=0.03 sys=0.00, real=0.03 secs] 
Heap after GC invocations=503 (full 65):
 par new generation   total 9216K, used 640K [0x00000000e3400000, 0x00000000e3e00000, 0x00000000ecca0000)
  eden space 8192K,   0% used [0x00000000e3400000, 0x00000000e3400000, 0x00000000e3c00000)
  from space 1024K,  62% used [0x00000000e3d00000, 0x00000000e3da0330, 0x00000000e3e00000)
  to   space 1024K,   0% used [0x00000000e3c00000, 0x00000000e3c00000, 0x00000000e3d00000)
 concurrent mark-sweep generation total 65300K, used 39696K [0x00000000ecca0000, 0x00000000f0c65000, 0x0000000100000000)
 Metaspace       used 48047K, capacity 50226K, committed 50432K, reserved 1093632K
  class space    used 5951K, capacity 6391K, committed 6400K, reserved 1048576K
}
2020-11-07T19:58:35.149+0800: 41.826: Application time: 0.0744193 seconds
{Heap before GC invocations=503 (full 65):
 par new generation   total 9216K, used 8832K [0x00000000e3400000, 0x00000000e3e00000, 0x00000000ecca0000)
  eden space 8192K, 100% used [0x00000000e3400000, 0x00000000e3c00000, 0x00000000e3c00000)
  from space 1024K,  62% used [0x00000000e3d00000, 0x00000000e3da0330, 0x00000000e3e00000)
  to   space 1024K,   0% used [0x00000000e3c00000, 0x00000000e3c00000, 0x00000000e3d00000)
 concurrent mark-sweep generation total 65300K, used 39696K [0x00000000ecca0000, 0x00000000f0c65000, 0x0000000100000000)
 Metaspace       used 48351K, capacity 50482K, committed 50560K, reserved 1093632K
  class space    used 6031K, capacity 6455K, committed 6528K, reserved 1048576K
2020-11-07T19:58:35.150+0800: 41.826: [GC (Allocation Failure) 2020-11-07T19:58:35.150+0800: 41.826: [ParNew: 8832K->612K(9216K), 0.0433286 secs] 48529K->40454K(74516K), 0.0433841 secs] [Times: user=0.04 sys=0.00, real=0.04 secs] 
Heap after GC invocations=504 (full 65):
 par new generation   total 9216K, used 612K [0x00000000e3400000, 0x00000000e3e00000, 0x00000000ecca0000)
  eden space 8192K,   0% used [0x00000000e3400000, 0x00000000e3400000, 0x00000000e3c00000)
  from space 1024K,  59% used [0x00000000e3c00000, 0x00000000e3c990f0, 0x00000000e3d00000)
  to   space 1024K,   0% used [0x00000000e3d00000, 0x00000000e3d00000, 0x00000000e3e00000)
 concurrent mark-sweep generation total 65300K, used 39841K [0x00000000ecca0000, 0x00000000f0c65000, 0x0000000100000000)
 Metaspace       used 48351K, capacity 50482K, committed 50560K, reserved 1093632K
  class space    used 6031K, capacity 6455K, committed 6528K, reserved 1048576K
}
2020-11-07T19:58:35.200+0800: 41.877: [CMS-concurrent-mark: 0.231/0.352 secs] [Times: user=0.32 sys=0.01, real=0.35 secs] 
2020-11-07T19:58:35.200+0800: 41.877: [CMS-concurrent-preclean-start]
2020-11-07T19:58:35.206+0800: 41.883: [CMS-concurrent-preclean: 0.006/0.006 secs] [Times: user=0.01 sys=0.00, real=0.01 secs] 
2020-11-07T19:58:35.209+0800: 41.885: Application time: 0.0156135 seconds
2020-11-07T19:58:35.209+0800: 41.885: [GC (CMS Final Remark) [YG occupancy: 3696 K (9216 K)]2020-11-07T19:58:35.209+0800: 41.885: [Rescan (parallel) , 0.0045649 secs]2020-11-07T19:58:35.213+0800: 41.890: [weak refs processing, 0.0019474 secs]2020-11-07T19:58:35.215+0800: 41.892: [class unloading, 0.0154030 secs]2020-11-07T19:58:35.231+0800: 41.907: [scrub symbol table, 0.0276048 secs]2020-11-07T19:58:35.258+0800: 41.935: [scrub string table, 0.0011047 secs][1 CMS-remark: 39841K(65300K)] 43537K(74516K), 0.0508171 secs] [Times: user=0.05 sys=0.00, real=0.05 secs] 
2020-11-07T19:58:35.269+0800: 41.945: [CMS-concurrent-sweep-start]
2020-11-07T19:58:35.296+0800: 41.973: Application time: 0.0363052 seconds
{Heap before GC invocations=504 (full 65):
 par new generation   total 9216K, used 8804K [0x00000000e3400000, 0x00000000e3e00000, 0x00000000ecca0000)
  eden space 8192K, 100% used [0x00000000e3400000, 0x00000000e3c00000, 0x00000000e3c00000)
  from space 1024K,  59% used [0x00000000e3c00000, 0x00000000e3c990f0, 0x00000000e3d00000)
  to   space 1024K,   0% used [0x00000000e3d00000, 0x00000000e3d00000, 0x00000000e3e00000)
 concurrent mark-sweep generation total 65300K, used 39820K [0x00000000ecca0000, 0x00000000f0c65000, 0x0000000100000000)
 Metaspace       used 48467K, capacity 50642K, committed 50816K, reserved 1093632K
  class space    used 6051K, capacity 6487K, committed 6528K, reserved 1048576K
2020-11-07T19:58:35.296+0800: 41.973: [GC (Allocation Failure) 2020-11-07T19:58:35.296+0800: 41.973: [ParNew: 8804K->371K(9216K), 0.0153127 secs] 48624K->40330K(74516K), 0.0153815 secs] [Times: user=0.02 sys=0.00, real=0.01 secs] 
Heap after GC invocations=505 (full 65):
 par new generation   total 9216K, used 371K [0x00000000e3400000, 0x00000000e3e00000, 0x00000000ecca0000)
  eden space 8192K,   0% used [0x00000000e3400000, 0x00000000e3400000, 0x00000000e3c00000)
  from space 1024K,  36% used [0x00000000e3d00000, 0x00000000e3d5ce58, 0x00000000e3e00000)
  to   space 1024K,   0% used [0x00000000e3c00000, 0x00000000e3c00000, 0x00000000e3d00000)
 concurrent mark-sweep generation total 65300K, used 39959K [0x00000000ecca0000, 0x00000000f0c65000, 0x0000000100000000)
 Metaspace       used 48467K, capacity 50642K, committed 50816K, reserved 1093632K
  class space    used 6051K, capacity 6487K, committed 6528K, reserved 1048576K
}
2020-11-07T19:58:35.329+0800: 42.006: [CMS-concurrent-sweep: 0.044/0.061 secs] [Times: user=0.05 sys=0.01, real=0.06 secs] 
2020-11-07T19:58:35.329+0800: 42.006: [CMS-concurrent-reset-start]
2020-11-07T19:58:35.330+0800: 42.007: [CMS-concurrent-reset: 0.001/0.001 secs] [Times: user=0.00 sys=0.00, real=0.00 secs] 
2020-11-07T19:58:35.356+0800: 42.033: Application time: 0.0450730 seconds
{Heap before GC invocations=505 (full 65):
 par new generation   total 9216K, used 8563K [0x00000000e3400000, 0x00000000e3e00000, 0x00000000ecca0000)
  eden space 8192K, 100% used [0x00000000e3400000, 0x00000000e3c00000, 0x00000000e3c00000)
  from space 1024K,  36% used [0x00000000e3d00000, 0x00000000e3d5ce58, 0x00000000e3e00000)
  to   space 1024K,   0% used [0x00000000e3c00000, 0x00000000e3c00000, 0x00000000e3d00000)
 concurrent mark-sweep generation total 66388K, used 39831K [0x00000000ecca0000, 0x00000000f0d75000, 0x0000000100000000)
 Metaspace       used 48542K, capacity 50700K, committed 50816K, reserved 1093632K
  class space    used 6065K, capacity 6486K, committed 6528K, reserved 1048576K
2020-11-07T19:58:35.357+0800: 42.033: [GC (Allocation Failure) 2020-11-07T19:58:35.357+0800: 42.033: [ParNew: 8563K->325K(9216K), 0.0049881 secs] 48395K->40156K(75604K), 0.0050571 secs] [Times: user=0.01 sys=0.00, real=0.00 secs] 
Heap after GC invocations=506 (full 65):
 par new generation   total 9216K, used 325K [0x00000000e3400000, 0x00000000e3e00000, 0x00000000ecca0000)
  eden space 8192K,   0% used [0x00000000e3400000, 0x00000000e3400000, 0x00000000e3c00000)
  from space 1024K,  31% used [0x00000000e3c00000, 0x00000000e3c514b0, 0x00000000e3d00000)
  to   space 1024K,   0% used [0x00000000e3d00000, 0x00000000e3d00000, 0x00000000e3e00000)
 concurrent mark-sweep generation total 66388K, used 39831K [0x00000000ecca0000, 0x00000000f0d75000, 0x0000000100000000)
 Metaspace       used 48542K, capacity 50700K, committed 50816K, reserved 1093632K
  class space    used 6065K, capacity 6486K, committed 6528K, reserved 1048576K
}
2020-11-07T19:58:35.381+0800: 42.058: Application time: 0.0190993 seconds
{Heap before GC invocations=506 (full 65):
 par new generation   total 9216K, used 8517K [0x00000000e3400000, 0x00000000e3e00000, 0x00000000ecca0000)
  eden space 8192K, 100% used [0x00000000e3400000, 0x00000000e3c00000, 0x00000000e3c00000)
  from space 1024K,  31% used [0x00000000e3c00000, 0x00000000e3c514b0, 0x00000000e3d00000)
  to   space 1024K,   0% used [0x00000000e3d00000, 0x00000000e3d00000, 0x00000000e3e00000)
 concurrent mark-sweep generation total 66388K, used 39831K [0x00000000ecca0000, 0x00000000f0d75000, 0x0000000100000000)
 Metaspace       used 48578K, capacity 50732K, committed 50816K, reserved 1093632K
  class space    used 6072K, capacity 6518K, committed 6528K, reserved 1048576K
2020-11-07T19:58:35.381+0800: 42.058: [GC (Allocation Failure) 2020-11-07T19:58:35.381+0800: 42.058: [ParNew: 8517K->369K(9216K), 0.0126228 secs] 48348K->40201K(75604K), 0.0126747 secs] [Times: user=0.02 sys=0.00, real=0.01 secs] 
Heap after GC invocations=507 (full 65):
 par new generation   total 9216K, used 369K [0x00000000e3400000, 0x00000000e3e00000, 0x00000000ecca0000)
  eden space 8192K,   0% used [0x00000000e3400000, 0x00000000e3400000, 0x00000000e3c00000)
  from space 1024K,  36% used [0x00000000e3d00000, 0x00000000e3d5c740, 0x00000000e3e00000)
  to   space 1024K,   0% used [0x00000000e3c00000, 0x00000000e3c00000, 0x00000000e3d00000)
 concurrent mark-sweep generation total 66388K, used 39831K [0x00000000ecca0000, 0x00000000f0d75000, 0x0000000100000000)
 Metaspace       used 48578K, capacity 50732K, committed 50816K, reserved 1093632K
  class space    used 6072K, capacity 6518K, committed 6528K, reserved 1048576K
}
2020-11-07T19:58:35.425+0800: 42.101: Application time: 0.0307338 seconds
{Heap before GC invocations=507 (full 65):
 par new generation   total 9216K, used 8561K [0x00000000e3400000, 0x00000000e3e00000, 0x00000000ecca0000)
  eden space 8192K, 100% used [0x00000000e3400000, 0x00000000e3c00000, 0x00000000e3c00000)
  from space 1024K,  36% used [0x00000000e3d00000, 0x00000000e3d5c740, 0x00000000e3e00000)
  to   space 1024K,   0% used [0x00000000e3c00000, 0x00000000e3c00000, 0x00000000e3d00000)
 concurrent mark-sweep generation total 66388K, used 39831K [0x00000000ecca0000, 0x00000000f0d75000, 0x0000000100000000)
 Metaspace       used 48679K, capacity 50860K, committed 51072K, reserved 1093632K
  class space    used 6083K, capacity 6518K, committed 6528K, reserved 1048576K
2020-11-07T19:58:35.425+0800: 42.101: [GC (Allocation Failure) 2020-11-07T19:58:35.425+0800: 42.101: [ParNew: 8561K->398K(9216K), 0.0061371 secs] 48393K->40229K(75604K), 0.0061852 secs] [Times: user=0.01 sys=0.00, real=0.00 secs] 
Heap after GC invocations=508 (full 65):
 par new generation   total 9216K, used 398K [0x00000000e3400000, 0x00000000e3e00000, 0x00000000ecca0000)
  eden space 8192K,   0% used [0x00000000e3400000, 0x00000000e3400000, 0x00000000e3c00000)
  from space 1024K,  38% used [0x00000000e3c00000, 0x00000000e3c638d8, 0x00000000e3d00000)
  to   space 1024K,   0% used [0x00000000e3d00000, 0x00000000e3d00000, 0x00000000e3e00000)
 concurrent mark-sweep generation total 66388K, used 39831K [0x00000000ecca0000, 0x00000000f0d75000, 0x0000000100000000)
 Metaspace       used 48679K, capacity 50860K, committed 51072K, reserved 1093632K
  class space    used 6083K, capacity 6518K, committed 6528K, reserved 1048576K
}
2020-11-07T19:58:35.795+0800: 42.472: Application time: 0.3640423 seconds
{Heap before GC invocations=508 (full 65):
 par new generation   total 9216K, used 8590K [0x00000000e3400000, 0x00000000e3e00000, 0x00000000ecca0000)
  eden space 8192K, 100% used [0x00000000e3400000, 0x00000000e3c00000, 0x00000000e3c00000)
  from space 1024K,  38% used [0x00000000e3c00000, 0x00000000e3c638d8, 0x00000000e3d00000)
  to   space 1024K,   0% used [0x00000000e3d00000, 0x00000000e3d00000, 0x00000000e3e00000)
 concurrent mark-sweep generation total 66388K, used 39831K [0x00000000ecca0000, 0x00000000f0d75000, 0x0000000100000000)
 Metaspace       used 48795K, capacity 50988K, committed 51072K, reserved 1093632K
  class space    used 6100K, capacity 6518K, committed 6528K, reserved 1048576K
2020-11-07T19:58:35.795+0800: 42.472: [GC (Allocation Failure) 2020-11-07T19:58:35.795+0800: 42.472: [ParNew: 8590K->407K(9216K), 0.0108248 secs] 48421K->40238K(75604K), 0.0108643 secs] [Times: user=0.01 sys=0.00, real=0.01 secs] 
Heap after GC invocations=509 (full 65):
 par new generation   total 9216K, used 407K [0x00000000e3400000, 0x00000000e3e00000, 0x00000000ecca0000)
  eden space 8192K,   0% used [0x00000000e3400000, 0x00000000e3400000, 0x00000000e3c00000)
  from space 1024K,  39% used [0x00000000e3d00000, 0x00000000e3d65c98, 0x00000000e3e00000)
  to   space 1024K,   0% used [0x00000000e3c00000, 0x00000000e3c00000, 0x00000000e3d00000)
 concurrent mark-sweep generation total 66388K, used 39831K [0x00000000ecca0000, 0x00000000f0d75000, 0x0000000100000000)
 Metaspace       used 48795K, capacity 50988K, committed 51072K, reserved 1093632K
  class space    used 6100K, capacity 6518K, committed 6528K, reserved 1048576K
}
2020-11-07T19:58:35.832+0800: 42.509: Application time: 0.0261392 seconds
{Heap before GC invocations=509 (full 65):
 par new generation   total 9216K, used 8599K [0x00000000e3400000, 0x00000000e3e00000, 0x00000000ecca0000)
  eden space 8192K, 100% used [0x00000000e3400000, 0x00000000e3c00000, 0x00000000e3c00000)
  from space 1024K,  39% used [0x00000000e3d00000, 0x00000000e3d65c98, 0x00000000e3e00000)
  to   space 1024K,   0% used [0x00000000e3c00000, 0x00000000e3c00000, 0x00000000e3d00000)
 concurrent mark-sweep generation total 66388K, used 39831K [0x00000000ecca0000, 0x00000000f0d75000, 0x0000000100000000)
 Metaspace       used 48899K, capacity 51084K, committed 51200K, reserved 1093632K
  class space    used 6118K, capacity 6550K, committed 6656K, reserved 1048576K
2020-11-07T19:58:35.832+0800: 42.509: [GC (Allocation Failure) 2020-11-07T19:58:35.832+0800: 42.509: [ParNew: 8599K->480K(9216K), 0.0167702 secs] 48430K->40312K(75604K), 0.0168226 secs] [Times: user=0.01 sys=0.00, real=0.02 secs] 
Heap after GC invocations=510 (full 65):
 par new generation   total 9216K, used 480K [0x00000000e3400000, 0x00000000e3e00000, 0x00000000ecca0000)
  eden space 8192K,   0% used [0x00000000e3400000, 0x00000000e3400000, 0x00000000e3c00000)
  from space 1024K,  46% used [0x00000000e3c00000, 0x00000000e3c78240, 0x00000000e3d00000)
  to   space 1024K,   0% used [0x00000000e3d00000, 0x00000000e3d00000, 0x00000000e3e00000)
 concurrent mark-sweep generation total 66388K, used 39831K [0x00000000ecca0000, 0x00000000f0d75000, 0x0000000100000000)
 Metaspace       used 48899K, capacity 51084K, committed 51200K, reserved 1093632K
  class space    used 6118K, capacity 6550K, committed 6656K, reserved 1048576K
}
2020-11-07T19:58:35.874+0800: 42.550: Application time: 0.0243806 seconds
{Heap before GC invocations=510 (full 65):
 par new generation   total 9216K, used 8672K [0x00000000e3400000, 0x00000000e3e00000, 0x00000000ecca0000)
  eden space 8192K, 100% used [0x00000000e3400000, 0x00000000e3c00000, 0x00000000e3c00000)
  from space 1024K,  46% used [0x00000000e3c00000, 0x00000000e3c78240, 0x00000000e3d00000)
  to   space 1024K,   0% used [0x00000000e3d00000, 0x00000000e3d00000, 0x00000000e3e00000)
 concurrent mark-sweep generation total 66388K, used 39831K [0x00000000ecca0000, 0x00000000f0d75000, 0x0000000100000000)
 Metaspace       used 49000K, capacity 51162K, committed 51456K, reserved 1093632K
  class space    used 6140K, capacity 6553K, committed 6656K, reserved 1048576K
2020-11-07T19:58:35.874+0800: 42.551: [GC (Allocation Failure) 2020-11-07T19:58:35.874+0800: 42.551: [ParNew: 8672K->463K(9216K), 0.0147790 secs] 48504K->40295K(75604K), 0.0148502 secs] [Times: user=0.01 sys=0.00, real=0.02 secs] 
Heap after GC invocations=511 (full 65):
 par new generation   total 9216K, used 463K [0x00000000e3400000, 0x00000000e3e00000, 0x00000000ecca0000)
  eden space 8192K,   0% used [0x00000000e3400000, 0x00000000e3400000, 0x00000000e3c00000)
  from space 1024K,  45% used [0x00000000e3d00000, 0x00000000e3d73e28, 0x00000000e3e00000)
  to   space 1024K,   0% used [0x00000000e3c00000, 0x00000000e3c00000, 0x00000000e3d00000)
 concurrent mark-sweep generation total 66388K, used 39831K [0x00000000ecca0000, 0x00000000f0d75000, 0x0000000100000000)
 Metaspace       used 49000K, capacity 51162K, committed 51456K, reserved 1093632K
  class space    used 6140K, capacity 6553K, committed 6656K, reserved 1048576K
}
2020-11-07T19:58:35.931+0800: 42.608: Application time: 0.0421141 seconds
{Heap before GC invocations=511 (full 65):
 par new generation   total 9216K, used 8655K [0x00000000e3400000, 0x00000000e3e00000, 0x00000000ecca0000)
  eden space 8192K, 100% used [0x00000000e3400000, 0x00000000e3c00000, 0x00000000e3c00000)
  from space 1024K,  45% used [0x00000000e3d00000, 0x00000000e3d73e28, 0x00000000e3e00000)
  to   space 1024K,   0% used [0x00000000e3c00000, 0x00000000e3c00000, 0x00000000e3d00000)
 concurrent mark-sweep generation total 66388K, used 39831K [0x00000000ecca0000, 0x00000000f0d75000, 0x0000000100000000)
 Metaspace       used 49071K, capacity 51264K, committed 51456K, reserved 1093632K
  class space    used 6156K, capacity 6586K, committed 6656K, reserved 1048576K
2020-11-07T19:58:35.931+0800: 42.608: [GC (Allocation Failure) 2020-11-07T19:58:35.931+0800: 42.608: [ParNew: 8655K->403K(9216K), 0.0165333 secs] 48487K->40317K(75604K), 0.0165853 secs] [Times: user=0.02 sys=0.01, real=0.02 secs] 
Heap after GC invocations=512 (full 65):
 par new generation   total 9216K, used 403K [0x00000000e3400000, 0x00000000e3e00000, 0x00000000ecca0000)
  eden space 8192K,   0% used [0x00000000e3400000, 0x00000000e3400000, 0x00000000e3c00000)
  from space 1024K,  39% used [0x00000000e3c00000, 0x00000000e3c64da8, 0x00000000e3d00000)
  to   space 1024K,   0% used [0x00000000e3d00000, 0x00000000e3d00000, 0x00000000e3e00000)
 concurrent mark-sweep generation total 66388K, used 39914K [0x00000000ecca0000, 0x00000000f0d75000, 0x0000000100000000)
 Metaspace       used 49071K, capacity 51264K, committed 51456K, reserved 1093632K
  class space    used 6156K, capacity 6586K, committed 6656K, reserved 1048576K
}
2020-11-07T19:58:35.957+0800: 42.633: Application time: 0.0089520 seconds
2020-11-07T19:58:35.960+0800: 42.637: [GC (CMS Initial Mark) [1 CMS-initial-mark: 39914K(66388K)] 41975K(75604K), 0.0041438 secs] [Times: user=0.00 sys=0.00, real=0.00 secs] 
2020-11-07T19:58:35.964+0800: 42.641: [CMS-concurrent-mark-start]
2020-11-07T19:58:36.031+0800: 42.708: Application time: 0.0667234 seconds
{Heap before GC invocations=512 (full 66):
 par new generation   total 9216K, used 8595K [0x00000000e3400000, 0x00000000e3e00000, 0x00000000ecca0000)
  eden space 8192K, 100% used [0x00000000e3400000, 0x00000000e3c00000, 0x00000000e3c00000)
  from space 1024K,  39% used [0x00000000e3c00000, 0x00000000e3c64da8, 0x00000000e3d00000)
  to   space 1024K,   0% used [0x00000000e3d00000, 0x00000000e3d00000, 0x00000000e3e00000)
 concurrent mark-sweep generation total 66388K, used 39914K [0x00000000ecca0000, 0x00000000f0d75000, 0x0000000100000000)
 Metaspace       used 49223K, capacity 51424K, committed 51712K, reserved 1093632K
  class space    used 6179K, capacity 6618K, committed 6656K, reserved 1048576K
2020-11-07T19:58:36.031+0800: 42.708: [GC (Allocation Failure) 2020-11-07T19:58:36.031+0800: 42.708: [ParNew: 8595K->430K(9216K), 0.0191247 secs] 48509K->40444K(75604K), 0.0192008 secs] [Times: user=0.02 sys=0.00, real=0.02 secs] 
Heap after GC invocations=513 (full 66):
 par new generation   total 9216K, used 430K [0x00000000e3400000, 0x00000000e3e00000, 0x00000000ecca0000)
  eden space 8192K,   0% used [0x00000000e3400000, 0x00000000e3400000, 0x00000000e3c00000)
  from space 1024K,  42% used [0x00000000e3d00000, 0x00000000e3d6ba08, 0x00000000e3e00000)
  to   space 1024K,   0% used [0x00000000e3c00000, 0x00000000e3c00000, 0x00000000e3d00000)
 concurrent mark-sweep generation total 66388K, used 40014K [0x00000000ecca0000, 0x00000000f0d75000, 0x0000000100000000)
 Metaspace       used 49223K, capacity 51424K, committed 51712K, reserved 1093632K
  class space    used 6179K, capacity 6618K, committed 6656K, reserved 1048576K
}
2020-11-07T19:58:36.101+0800: 42.777: Application time: 0.0501885 seconds
{Heap before GC invocations=513 (full 66):
 par new generation   total 9216K, used 8622K [0x00000000e3400000, 0x00000000e3e00000, 0x00000000ecca0000)
  eden space 8192K, 100% used [0x00000000e3400000, 0x00000000e3c00000, 0x00000000e3c00000)
  from space 1024K,  42% used [0x00000000e3d00000, 0x00000000e3d6ba08, 0x00000000e3e00000)
  to   space 1024K,   0% used [0x00000000e3c00000, 0x00000000e3c00000, 0x00000000e3d00000)
 concurrent mark-sweep generation total 66388K, used 40014K [0x00000000ecca0000, 0x00000000f0d75000, 0x0000000100000000)
 Metaspace       used 49323K, capacity 51488K, committed 51712K, reserved 1093632K
  class space    used 6191K, capacity 6618K, committed 6656K, reserved 1048576K
2020-11-07T19:58:36.101+0800: 42.777: [GC (Allocation Failure) 2020-11-07T19:58:36.101+0800: 42.777: [ParNew: 8622K->372K(9216K), 0.0271794 secs] 48636K->40415K(75604K), 0.0272356 secs] [Times: user=0.03 sys=0.00, real=0.03 secs] 
Heap after GC invocations=514 (full 66):
 par new generation   total 9216K, used 372K [0x00000000e3400000, 0x00000000e3e00000, 0x00000000ecca0000)
  eden space 8192K,   0% used [0x00000000e3400000, 0x00000000e3400000, 0x00000000e3c00000)
  from space 1024K,  36% used [0x00000000e3c00000, 0x00000000e3c5d230, 0x00000000e3d00000)
  to   space 1024K,   0% used [0x00000000e3d00000, 0x00000000e3d00000, 0x00000000e3e00000)
 concurrent mark-sweep generation total 66388K, used 40043K [0x00000000ecca0000, 0x00000000f0d75000, 0x0000000100000000)
 Metaspace       used 49323K, capacity 51488K, committed 51712K, reserved 1093632K
  class space    used 6191K, capacity 6618K, committed 6656K, reserved 1048576K
}
2020-11-07T19:58:36.170+0800: 42.847: Application time: 0.0418680 seconds
{Heap before GC invocations=514 (full 66):
 par new generation   total 9216K, used 8564K [0x00000000e3400000, 0x00000000e3e00000, 0x00000000ecca0000)
  eden space 8192K, 100% used [0x00000000e3400000, 0x00000000e3c00000, 0x00000000e3c00000)
  from space 1024K,  36% used [0x00000000e3c00000, 0x00000000e3c5d230, 0x00000000e3d00000)
  to   space 1024K,   0% used [0x00000000e3d00000, 0x00000000e3d00000, 0x00000000e3e00000)
 concurrent mark-sweep generation total 66388K, used 40043K [0x00000000ecca0000, 0x00000000f0d75000, 0x0000000100000000)
 Metaspace       used 49454K, capacity 51616K, committed 51712K, reserved 1093632K
  class space    used 6205K, capacity 6618K, committed 6656K, reserved 1048576K
2020-11-07T19:58:36.170+0800: 42.847: [GC (Allocation Failure) 2020-11-07T19:58:36.170+0800: 42.847: [ParNew: 8564K->371K(9216K), 0.0153050 secs] 48607K->40441K(75604K), 0.0153718 secs] [Times: user=0.02 sys=0.00, real=0.02 secs] 
Heap after GC invocations=515 (full 66):
 par new generation   total 9216K, used 371K [0x00000000e3400000, 0x00000000e3e00000, 0x00000000ecca0000)
  eden space 8192K,   0% used [0x00000000e3400000, 0x00000000e3400000, 0x00000000e3c00000)
  from space 1024K,  36% used [0x00000000e3d00000, 0x00000000e3d5cf00, 0x00000000e3e00000)
  to   space 1024K,   0% used [0x00000000e3c00000, 0x00000000e3c00000, 0x00000000e3d00000)
 concurrent mark-sweep generation total 66388K, used 40069K [0x00000000ecca0000, 0x00000000f0d75000, 0x0000000100000000)
 Metaspace       used 49454K, capacity 51616K, committed 51712K, reserved 1093632K
  class space    used 6205K, capacity 6618K, committed 6656K, reserved 1048576K
}
2020-11-07T19:58:36.230+0800: 42.906: Application time: 0.0441760 seconds
{Heap before GC invocations=515 (full 66):
 par new generation   total 9216K, used 8563K [0x00000000e3400000, 0x00000000e3e00000, 0x00000000ecca0000)
  eden space 8192K, 100% used [0x00000000e3400000, 0x00000000e3c00000, 0x00000000e3c00000)
  from space 1024K,  36% used [0x00000000e3d00000, 0x00000000e3d5cf00, 0x00000000e3e00000)
  to   space 1024K,   0% used [0x00000000e3c00000, 0x00000000e3c00000, 0x00000000e3d00000)
 concurrent mark-sweep generation total 66388K, used 40069K [0x00000000ecca0000, 0x00000000f0d75000, 0x0000000100000000)
 Metaspace       used 49547K, capacity 51712K, committed 51968K, reserved 1095680K
  class space    used 6217K, capacity 6650K, committed 6656K, reserved 1048576K
2020-11-07T19:58:36.230+0800: 42.907: [GC (Allocation Failure) 2020-11-07T19:58:36.230+0800: 42.907: [ParNew: 8563K->323K(9216K), 0.0053282 secs] 48633K->40402K(75604K), 0.0053770 secs] [Times: user=0.01 sys=0.00, real=0.01 secs] 
Heap after GC invocations=516 (full 66):
 par new generation   total 9216K, used 323K [0x00000000e3400000, 0x00000000e3e00000, 0x00000000ecca0000)
  eden space 8192K,   0% used [0x00000000e3400000, 0x00000000e3400000, 0x00000000e3c00000)
  from space 1024K,  31% used [0x00000000e3c00000, 0x00000000e3c50d70, 0x00000000e3d00000)
  to   space 1024K,   0% used [0x00000000e3d00000, 0x00000000e3d00000, 0x00000000e3e00000)
 concurrent mark-sweep generation total 66388K, used 40079K [0x00000000ecca0000, 0x00000000f0d75000, 0x0000000100000000)
 Metaspace       used 49547K, capacity 51712K, committed 51968K, reserved 1095680K
  class space    used 6217K, capacity 6650K, committed 6656K, reserved 1048576K
}
2020-11-07T19:58:36.257+0800: 42.933: [CMS-concurrent-mark: 0.201/0.292 secs] [Times: user=0.28 sys=0.00, real=0.30 secs] 
2020-11-07T19:58:36.257+0800: 42.933: [CMS-concurrent-preclean-start]
2020-11-07T19:58:36.276+0800: 42.953: [CMS-concurrent-preclean: 0.019/0.020 secs] [Times: user=0.02 sys=0.00, real=0.02 secs] 
2020-11-07T19:58:36.276+0800: 42.953: [CMS-concurrent-abortable-preclean-start]
2020-11-07T19:58:36.291+0800: 42.967: Application time: 0.0553527 seconds
{Heap before GC invocations=516 (full 66):
 par new generation   total 9216K, used 8515K [0x00000000e3400000, 0x00000000e3e00000, 0x00000000ecca0000)
  eden space 8192K, 100% used [0x00000000e3400000, 0x00000000e3c00000, 0x00000000e3c00000)
  from space 1024K,  31% used [0x00000000e3c00000, 0x00000000e3c50d70, 0x00000000e3d00000)
  to   space 1024K,   0% used [0x00000000e3d00000, 0x00000000e3d00000, 0x00000000e3e00000)
 concurrent mark-sweep generation total 66388K, used 40079K [0x00000000ecca0000, 0x00000000f0d75000, 0x0000000100000000)
 Metaspace       used 49633K, capacity 51776K, committed 51968K, reserved 1095680K
  class space    used 6227K, capacity 6650K, committed 6656K, reserved 1048576K
2020-11-07T19:58:36.291+0800: 42.968: [GC (Allocation Failure) 2020-11-07T19:58:36.291+0800: 42.968: [ParNew: 8515K->803K(9216K), 0.0069742 secs] 48594K->40909K(75604K), 0.0070451 secs] [Times: user=0.01 sys=0.00, real=0.01 secs] 
Heap after GC invocations=517 (full 66):
 par new generation   total 9216K, used 803K [0x00000000e3400000, 0x00000000e3e00000, 0x00000000ecca0000)
  eden space 8192K,   0% used [0x00000000e3400000, 0x00000000e3400000, 0x00000000e3c00000)
  from space 1024K,  78% used [0x00000000e3d00000, 0x00000000e3dc8e90, 0x00000000e3e00000)
  to   space 1024K,   0% used [0x00000000e3c00000, 0x00000000e3c00000, 0x00000000e3d00000)
 concurrent mark-sweep generation total 66388K, used 40105K [0x00000000ecca0000, 0x00000000f0d75000, 0x0000000100000000)
 Metaspace       used 49633K, capacity 51776K, committed 51968K, reserved 1095680K
  class space    used 6227K, capacity 6650K, committed 6656K, reserved 1048576K
}
2020-11-07T19:58:36.320+0800: 42.996: Application time: 0.0218066 seconds
{Heap before GC invocations=517 (full 66):
 par new generation   total 9216K, used 8995K [0x00000000e3400000, 0x00000000e3e00000, 0x00000000ecca0000)
  eden space 8192K, 100% used [0x00000000e3400000, 0x00000000e3c00000, 0x00000000e3c00000)
  from space 1024K,  78% used [0x00000000e3d00000, 0x00000000e3dc8e90, 0x00000000e3e00000)
  to   space 1024K,   0% used [0x00000000e3c00000, 0x00000000e3c00000, 0x00000000e3d00000)
 concurrent mark-sweep generation total 66388K, used 40105K [0x00000000ecca0000, 0x00000000f0d75000, 0x0000000100000000)
 Metaspace       used 49636K, capacity 51776K, committed 51968K, reserved 1095680K
  class space    used 6227K, capacity 6650K, committed 6656K, reserved 1048576K
2020-11-07T19:58:36.320+0800: 42.997: [GC (Allocation Failure) 2020-11-07T19:58:36.320+0800: 42.997: [ParNew: 8995K->1024K(9216K), 0.0352953 secs] 49101K->41656K(75604K), 0.0353608 secs] [Times: user=0.03 sys=0.00, real=0.04 secs] 
Heap after GC invocations=518 (full 66):
 par new generation   total 9216K, used 1024K [0x00000000e3400000, 0x00000000e3e00000, 0x00000000ecca0000)
  eden space 8192K,   0% used [0x00000000e3400000, 0x00000000e3400000, 0x00000000e3c00000)
  from space 1024K, 100% used [0x00000000e3c00000, 0x00000000e3d00000, 0x00000000e3d00000)
  to   space 1024K,   0% used [0x00000000e3d00000, 0x00000000e3d00000, 0x00000000e3e00000)
 concurrent mark-sweep generation total 66388K, used 40632K [0x00000000ecca0000, 0x00000000f0d75000, 0x0000000100000000)
 Metaspace       used 49636K, capacity 51776K, committed 51968K, reserved 1095680K
  class space    used 6227K, capacity 6650K, committed 6656K, reserved 1048576K
}
2020-11-07T19:58:36.365+0800: 43.042: Application time: 0.0095039 seconds
{Heap before GC invocations=518 (full 66):
 par new generation   total 9216K, used 8105K [0x00000000e3400000, 0x00000000e3e00000, 0x00000000ecca0000)
  eden space 8192K,  86% used [0x00000000e3400000, 0x00000000e3aea488, 0x00000000e3c00000)
  from space 1024K, 100% used [0x00000000e3c00000, 0x00000000e3d00000, 0x00000000e3d00000)
  to   space 1024K,   0% used [0x00000000e3d00000, 0x00000000e3d00000, 0x00000000e3e00000)
 concurrent mark-sweep generation total 66388K, used 40632K [0x00000000ecca0000, 0x00000000f0d75000, 0x0000000100000000)
 Metaspace       used 49636K, capacity 51776K, committed 51968K, reserved 1095680K
  class space    used 6227K, capacity 6650K, committed 6656K, reserved 1048576K
2020-11-07T19:58:36.365+0800: 43.042: [GC (Allocation Failure) 2020-11-07T19:58:36.365+0800: 43.042: [ParNew: 8105K->1024K(9216K), 0.0166659 secs] 48738K->44508K(75604K), 0.0167176 secs] [Times: user=0.02 sys=0.01, real=0.01 secs] 
Heap after GC invocations=519 (full 66):
 par new generation   total 9216K, used 1024K [0x00000000e3400000, 0x00000000e3e00000, 0x00000000ecca0000)
  eden space 8192K,   0% used [0x00000000e3400000, 0x00000000e3400000, 0x00000000e3c00000)
  from space 1024K, 100% used [0x00000000e3d00000, 0x00000000e3e00000, 0x00000000e3e00000)
  to   space 1024K,   0% used [0x00000000e3c00000, 0x00000000e3c00000, 0x00000000e3d00000)
 concurrent mark-sweep generation total 66388K, used 43484K [0x00000000ecca0000, 0x00000000f0d75000, 0x0000000100000000)
 Metaspace       used 49636K, capacity 51776K, committed 51968K, reserved 1095680K
  class space    used 6227K, capacity 6650K, committed 6656K, reserved 1048576K
}
2020-11-07T19:58:36.387+0800: 43.063: Application time: 0.0049789 seconds
{Heap before GC invocations=519 (full 66):
 par new generation   total 9216K, used 8809K [0x00000000e3400000, 0x00000000e3e00000, 0x00000000ecca0000)
  eden space 8192K,  95% used [0x00000000e3400000, 0x00000000e3b9a7c8, 0x00000000e3c00000)
  from space 1024K, 100% used [0x00000000e3d00000, 0x00000000e3e00000, 0x00000000e3e00000)
  to   space 1024K,   0% used [0x00000000e3c00000, 0x00000000e3c00000, 0x00000000e3d00000)
 concurrent mark-sweep generation total 66388K, used 43484K [0x00000000ecca0000, 0x00000000f0d75000, 0x0000000100000000)
 Metaspace       used 49636K, capacity 51776K, committed 51968K, reserved 1095680K
  class space    used 6227K, capacity 6650K, committed 6656K, reserved 1048576K
2020-11-07T19:58:36.387+0800: 43.064: [GC (Allocation Failure) 2020-11-07T19:58:36.387+0800: 43.064: [ParNew: 8809K->737K(9216K), 0.0047547 secs] 52294K->45236K(75604K), 0.0048016 secs] [Times: user=0.00 sys=0.00, real=0.00 secs] 
Heap after GC invocations=520 (full 66):
 par new generation   total 9216K, used 737K [0x00000000e3400000, 0x00000000e3e00000, 0x00000000ecca0000)
  eden space 8192K,   0% used [0x00000000e3400000, 0x00000000e3400000, 0x00000000e3c00000)
  from space 1024K,  72% used [0x00000000e3c00000, 0x00000000e3cb8690, 0x00000000e3d00000)
  to   space 1024K,   0% used [0x00000000e3d00000, 0x00000000e3d00000, 0x00000000e3e00000)
 concurrent mark-sweep generation total 66388K, used 44498K [0x00000000ecca0000, 0x00000000f0d75000, 0x0000000100000000)
 Metaspace       used 49636K, capacity 51776K, committed 51968K, reserved 1095680K
  class space    used 6227K, capacity 6650K, committed 6656K, reserved 1048576K
}
2020-11-07T19:58:36.408+0800: 43.085: Application time: 0.0162243 seconds
{Heap before GC invocations=520 (full 66):
 par new generation   total 9216K, used 8929K [0x00000000e3400000, 0x00000000e3e00000, 0x00000000ecca0000)
  eden space 8192K, 100% used [0x00000000e3400000, 0x00000000e3c00000, 0x00000000e3c00000)
  from space 1024K,  72% used [0x00000000e3c00000, 0x00000000e3cb8690, 0x00000000e3d00000)
  to   space 1024K,   0% used [0x00000000e3d00000, 0x00000000e3d00000, 0x00000000e3e00000)
 concurrent mark-sweep generation total 66388K, used 44498K [0x00000000ecca0000, 0x00000000f0d75000, 0x0000000100000000)
 Metaspace       used 49637K, capacity 51776K, committed 51968K, reserved 1095680K
  class space    used 6227K, capacity 6650K, committed 6656K, reserved 1048576K
2020-11-07T19:58:36.408+0800: 43.085: [GC (Allocation Failure) 2020-11-07T19:58:36.408+0800: 43.085: [ParNew: 8929K->758K(9216K), 0.0038025 secs] 53428K->45258K(75604K), 0.0038479 secs] [Times: user=0.00 sys=0.00, real=0.00 secs] 
Heap after GC invocations=521 (full 66):
 par new generation   total 9216K, used 758K [0x00000000e3400000, 0x00000000e3e00000, 0x00000000ecca0000)
  eden space 8192K,   0% used [0x00000000e3400000, 0x00000000e3400000, 0x00000000e3c00000)
  from space 1024K,  74% used [0x00000000e3d00000, 0x00000000e3dbda98, 0x00000000e3e00000)
  to   space 1024K,   0% used [0x00000000e3c00000, 0x00000000e3c00000, 0x00000000e3d00000)
 concurrent mark-sweep generation total 66388K, used 44499K [0x00000000ecca0000, 0x00000000f0d75000, 0x0000000100000000)
 Metaspace       used 49637K, capacity 51776K, committed 51968K, reserved 1095680K
  class space    used 6227K, capacity 6650K, committed 6656K, reserved 1048576K
}
2020-11-07T19:58:36.418+0800: 43.095: Application time: 0.0063629 seconds
{Heap before GC invocations=521 (full 66):
 par new generation   total 9216K, used 6940K [0x00000000e3400000, 0x00000000e3e00000, 0x00000000ecca0000)
  eden space 8192K,  75% used [0x00000000e3400000, 0x00000000e3a09700, 0x00000000e3c00000)
  from space 1024K,  74% used [0x00000000e3d00000, 0x00000000e3dbda98, 0x00000000e3e00000)
  to   space 1024K,   0% used [0x00000000e3c00000, 0x00000000e3c00000, 0x00000000e3d00000)
 concurrent mark-sweep generation total 66388K, used 44499K [0x00000000ecca0000, 0x00000000f0d75000, 0x0000000100000000)
 Metaspace       used 49637K, capacity 51776K, committed 51968K, reserved 1095680K
  class space    used 6227K, capacity 6650K, committed 6656K, reserved 1048576K
2020-11-07T19:58:36.419+0800: 43.095: [GC (Allocation Failure) 2020-11-07T19:58:36.419+0800: 43.095: [ParNew: 6940K->1024K(9216K), 0.0108559 secs] 51440K->51328K(75604K), 0.0109073 secs] [Times: user=0.01 sys=0.00, real=0.01 secs] 
Heap after GC invocations=522 (full 66):
 par new generation   total 9216K, used 1024K [0x00000000e3400000, 0x00000000e3e00000, 0x00000000ecca0000)
  eden space 8192K,   0% used [0x00000000e3400000, 0x00000000e3400000, 0x00000000e3c00000)
  from space 1024K, 100% used [0x00000000e3c00000, 0x00000000e3d00000, 0x00000000e3d00000)
  to   space 1024K,   0% used [0x00000000e3d00000, 0x00000000e3d00000, 0x00000000e3e00000)
 concurrent mark-sweep generation total 66388K, used 50304K [0x00000000ecca0000, 0x00000000f0d75000, 0x0000000100000000)
 Metaspace       used 49637K, capacity 51776K, committed 51968K, reserved 1095680K
  class space    used 6227K, capacity 6650K, committed 6656K, reserved 1048576K
}
2020-11-07T19:58:36.436+0800: 43.113: [CMS-concurrent-abortable-preclean: 0.032/0.160 secs] [Times: user=0.14 sys=0.01, real=0.16 secs] 
2020-11-07T19:58:36.441+0800: 43.118: Application time: 0.0113221 seconds
2020-11-07T19:58:36.441+0800: 43.118: [GC (CMS Final Remark) [YG occupancy: 8442 K (9216 K)]2020-11-07T19:58:36.441+0800: 43.118: [Rescan (parallel) , 0.0031481 secs]2020-11-07T19:58:36.444+0800: 43.121: [weak refs processing, 0.0000686 secs]2020-11-07T19:58:36.444+0800: 43.121: [class unloading, 0.0147748 secs]2020-11-07T19:58:36.459+0800: 43.136: [scrub symbol table, 0.0181971 secs]2020-11-07T19:58:36.477+0800: 43.154: [scrub string table, 0.0010806 secs][1 CMS-remark: 50304K(66388K)] 58746K(75604K), 0.0374478 secs] [Times: user=0.03 sys=0.00, real=0.04 secs] 
2020-11-07T19:58:36.479+0800: 43.156: [CMS-concurrent-sweep-start]
2020-11-07T19:58:36.489+0800: 43.165: Application time: 0.0101516 seconds
{Heap before GC invocations=522 (full 66):
 par new generation   total 9216K, used 9041K [0x00000000e3400000, 0x00000000e3e00000, 0x00000000ecca0000)
  eden space 8192K,  97% used [0x00000000e3400000, 0x00000000e3bd45c8, 0x00000000e3c00000)
  from space 1024K, 100% used [0x00000000e3c00000, 0x00000000e3d00000, 0x00000000e3d00000)
  to   space 1024K,   0% used [0x00000000e3d00000, 0x00000000e3d00000, 0x00000000e3e00000)
 concurrent mark-sweep generation total 66388K, used 50303K [0x00000000ecca0000, 0x00000000f0d75000, 0x0000000100000000)
 Metaspace       used 49637K, capacity 51776K, committed 51968K, reserved 1095680K
  class space    used 6227K, capacity 6650K, committed 6656K, reserved 1048576K
2020-11-07T19:58:36.489+0800: 43.165: [GC (Allocation Failure) 2020-11-07T19:58:36.489+0800: 43.165: [ParNew: 9041K->202K(9216K), 0.0043119 secs] 59345K->51346K(75604K), 0.0043903 secs] [Times: user=0.01 sys=0.00, real=0.00 secs] 
Heap after GC invocations=523 (full 66):
 par new generation   total 9216K, used 202K [0x00000000e3400000, 0x00000000e3e00000, 0x00000000ecca0000)
  eden space 8192K,   0% used [0x00000000e3400000, 0x00000000e3400000, 0x00000000e3c00000)
  from space 1024K,  19% used [0x00000000e3d00000, 0x00000000e3d32908, 0x00000000e3e00000)
  to   space 1024K,   0% used [0x00000000e3c00000, 0x00000000e3c00000, 0x00000000e3d00000)
 concurrent mark-sweep generation total 66388K, used 51144K [0x00000000ecca0000, 0x00000000f0d75000, 0x0000000100000000)
 Metaspace       used 49637K, capacity 51776K, committed 51968K, reserved 1095680K
  class space    used 6227K, capacity 6650K, committed 6656K, reserved 1048576K
}
2020-11-07T19:58:36.504+0800: 43.180: Application time: 0.0104237 seconds
{Heap before GC invocations=523 (full 66):
 par new generation   total 9216K, used 8394K [0x00000000e3400000, 0x00000000e3e00000, 0x00000000ecca0000)
  eden space 8192K, 100% used [0x00000000e3400000, 0x00000000e3c00000, 0x00000000e3c00000)
  from space 1024K,  19% used [0x00000000e3d00000, 0x00000000e3d32908, 0x00000000e3e00000)
  to   space 1024K,   0% used [0x00000000e3c00000, 0x00000000e3c00000, 0x00000000e3d00000)
 concurrent mark-sweep generation total 66388K, used 51142K [0x00000000ecca0000, 0x00000000f0d75000, 0x0000000100000000)
 Metaspace       used 49637K, capacity 51776K, committed 51968K, reserved 1095680K
  class space    used 6227K, capacity 6650K, committed 6656K, reserved 1048576K
2020-11-07T19:58:36.504+0800: 43.180: [GC (Allocation Failure) 2020-11-07T19:58:36.504+0800: 43.180: [ParNew: 8394K->1024K(9216K), 0.0039461 secs] 59537K->52167K(75604K), 0.0039962 secs] [Times: user=0.01 sys=0.00, real=0.01 secs] 
Heap after GC invocations=524 (full 66):
 par new generation   total 9216K, used 1024K [0x00000000e3400000, 0x00000000e3e00000, 0x00000000ecca0000)
  eden space 8192K,   0% used [0x00000000e3400000, 0x00000000e3400000, 0x00000000e3c00000)
  from space 1024K, 100% used [0x00000000e3c00000, 0x00000000e3d00000, 0x00000000e3d00000)
  to   space 1024K,   0% used [0x00000000e3d00000, 0x00000000e3d00000, 0x00000000e3e00000)
 concurrent mark-sweep generation total 66388K, used 51143K [0x00000000ecca0000, 0x00000000f0d75000, 0x0000000100000000)
 Metaspace       used 49637K, capacity 51776K, committed 51968K, reserved 1095680K
  class space    used 6227K, capacity 6650K, committed 6656K, reserved 1048576K
}
2020-11-07T19:58:36.513+0800: 43.190: Application time: 0.0052616 seconds
{Heap before GC invocations=524 (full 66):
 par new generation   total 9216K, used 9216K [0x00000000e3400000, 0x00000000e3e00000, 0x00000000ecca0000)
  eden space 8192K, 100% used [0x00000000e3400000, 0x00000000e3c00000, 0x00000000e3c00000)
  from space 1024K, 100% used [0x00000000e3c00000, 0x00000000e3d00000, 0x00000000e3d00000)
  to   space 1024K,   0% used [0x00000000e3d00000, 0x00000000e3d00000, 0x00000000e3e00000)
 concurrent mark-sweep generation total 66388K, used 51143K [0x00000000ecca0000, 0x00000000f0d75000, 0x0000000100000000)
 Metaspace       used 49638K, capacity 51776K, committed 51968K, reserved 1095680K
  class space    used 6227K, capacity 6650K, committed 6656K, reserved 1048576K
2020-11-07T19:58:36.513+0800: 43.190: [GC (Allocation Failure) 2020-11-07T19:58:36.513+0800: 43.190: [ParNew: 9216K->209K(9216K), 0.0036450 secs] 60359K->51353K(75604K), 0.0036909 secs] [Times: user=0.01 sys=0.00, real=0.01 secs] 
Heap after GC invocations=525 (full 66):
 par new generation   total 9216K, used 209K [0x00000000e3400000, 0x00000000e3e00000, 0x00000000ecca0000)
  eden space 8192K,   0% used [0x00000000e3400000, 0x00000000e3400000, 0x00000000e3c00000)
  from space 1024K,  20% used [0x00000000e3d00000, 0x00000000e3d34668, 0x00000000e3e00000)
  to   space 1024K,   0% used [0x00000000e3c00000, 0x00000000e3c00000, 0x00000000e3d00000)
 concurrent mark-sweep generation total 66388K, used 51144K [0x00000000ecca0000, 0x00000000f0d75000, 0x0000000100000000)
 Metaspace       used 49638K, capacity 51776K, committed 51968K, reserved 1095680K
  class space    used 6227K, capacity 6650K, committed 6656K, reserved 1048576K
}
2020-11-07T19:58:36.528+0800: 43.205: Application time: 0.0112629 seconds
{Heap before GC invocations=525 (full 66):
 par new generation   total 9216K, used 8401K [0x00000000e3400000, 0x00000000e3e00000, 0x00000000ecca0000)
  eden space 8192K, 100% used [0x00000000e3400000, 0x00000000e3c00000, 0x00000000e3c00000)
  from space 1024K,  20% used [0x00000000e3d00000, 0x00000000e3d34668, 0x00000000e3e00000)
  to   space 1024K,   0% used [0x00000000e3c00000, 0x00000000e3c00000, 0x00000000e3d00000)
 concurrent mark-sweep generation total 66388K, used 51009K [0x00000000ecca0000, 0x00000000f0d75000, 0x0000000100000000)
 Metaspace       used 49638K, capacity 51776K, committed 51968K, reserved 1095680K
  class space    used 6227K, capacity 6650K, committed 6656K, reserved 1048576K
2020-11-07T19:58:36.528+0800: 43.205: [GC (Allocation Failure) 2020-11-07T19:58:36.528+0800: 43.205: [ParNew: 8401K->934K(9216K), 0.0123905 secs] 59411K->51944K(75604K), 0.0124426 secs] [Times: user=0.01 sys=0.00, real=0.01 secs] 
Heap after GC invocations=526 (full 66):
 par new generation   total 9216K, used 934K [0x00000000e3400000, 0x00000000e3e00000, 0x00000000ecca0000)
  eden space 8192K,   0% used [0x00000000e3400000, 0x00000000e3400000, 0x00000000e3c00000)
  from space 1024K,  91% used [0x00000000e3c00000, 0x00000000e3ce9a30, 0x00000000e3d00000)
  to   space 1024K,   0% used [0x00000000e3d00000, 0x00000000e3d00000, 0x00000000e3e00000)
 concurrent mark-sweep generation total 66388K, used 51009K [0x00000000ecca0000, 0x00000000f0d75000, 0x0000000100000000)
 Metaspace       used 49638K, capacity 51776K, committed 51968K, reserved 1095680K
  class space    used 6227K, capacity 6650K, committed 6656K, reserved 1048576K
}
2020-11-07T19:58:36.544+0800: 43.221: [CMS-concurrent-sweep: 0.025/0.065 secs] [Times: user=0.06 sys=0.01, real=0.06 secs] 
2020-11-07T19:58:36.550+0800: 43.227: [CMS-concurrent-reset-start]
2020-11-07T19:58:36.551+0800: 43.228: [CMS-concurrent-reset: 0.001/0.001 secs] [Times: user=0.00 sys=0.00, real=0.00 secs] 
2020-11-07T19:58:36.552+0800: 43.229: Application time: 0.0113654 seconds
{Heap before GC invocations=526 (full 66):
 par new generation   total 9216K, used 9126K [0x00000000e3400000, 0x00000000e3e00000, 0x00000000ecca0000)
  eden space 8192K, 100% used [0x00000000e3400000, 0x00000000e3c00000, 0x00000000e3c00000)
  from space 1024K,  91% used [0x00000000e3c00000, 0x00000000e3ce9a30, 0x00000000e3d00000)
  to   space 1024K,   0% used [0x00000000e3d00000, 0x00000000e3d00000, 0x00000000e3e00000)
 concurrent mark-sweep generation total 84724K, used 50833K [0x00000000ecca0000, 0x00000000f1f5d000, 0x0000000100000000)
 Metaspace       used 49634K, capacity 51770K, committed 51968K, reserved 1095680K
  class space    used 6226K, capacity 6649K, committed 6656K, reserved 1048576K
2020-11-07T19:58:36.552+0800: 43.229: [GC (Allocation Failure) 2020-11-07T19:58:36.552+0800: 43.229: [ParNew: 9126K->348K(9216K), 0.0036864 secs] 59959K->51182K(93940K), 0.0037583 secs] [Times: user=0.00 sys=0.00, real=0.01 secs] 
Heap after GC invocations=527 (full 66):
 par new generation   total 9216K, used 348K [0x00000000e3400000, 0x00000000e3e00000, 0x00000000ecca0000)
  eden space 8192K,   0% used [0x00000000e3400000, 0x00000000e3400000, 0x00000000e3c00000)
  from space 1024K,  34% used [0x00000000e3d00000, 0x00000000e3d573c0, 0x00000000e3e00000)
  to   space 1024K,   0% used [0x00000000e3c00000, 0x00000000e3c00000, 0x00000000e3d00000)
 concurrent mark-sweep generation total 84724K, used 50833K [0x00000000ecca0000, 0x00000000f1f5d000, 0x0000000100000000)
 Metaspace       used 49634K, capacity 51770K, committed 51968K, reserved 1095680K
  class space    used 6226K, capacity 6649K, committed 6656K, reserved 1048576K
}
2020-11-07T19:58:36.562+0800: 43.238: Application time: 0.0055427 seconds
{Heap before GC invocations=527 (full 66):
 par new generation   total 9216K, used 8328K [0x00000000e3400000, 0x00000000e3e00000, 0x00000000ecca0000)
  eden space 8192K,  97% used [0x00000000e3400000, 0x00000000e3bcad08, 0x00000000e3c00000)
  from space 1024K,  34% used [0x00000000e3d00000, 0x00000000e3d573c0, 0x00000000e3e00000)
  to   space 1024K,   0% used [0x00000000e3c00000, 0x00000000e3c00000, 0x00000000e3d00000)
 concurrent mark-sweep generation total 84724K, used 50833K [0x00000000ecca0000, 0x00000000f1f5d000, 0x0000000100000000)
 Metaspace       used 49634K, capacity 51770K, committed 51968K, reserved 1095680K
  class space    used 6226K, capacity 6649K, committed 6656K, reserved 1048576K
2020-11-07T19:58:36.562+0800: 43.239: [GC (Allocation Failure) 2020-11-07T19:58:36.562+0800: 43.239: [ParNew: 8328K->302K(9216K), 0.0037479 secs] 59161K->51135K(93940K), 0.0037943 secs] [Times: user=0.00 sys=0.00, real=0.01 secs] 
Heap after GC invocations=528 (full 66):
 par new generation   total 9216K, used 302K [0x00000000e3400000, 0x00000000e3e00000, 0x00000000ecca0000)
  eden space 8192K,   0% used [0x00000000e3400000, 0x00000000e3400000, 0x00000000e3c00000)
  from space 1024K,  29% used [0x00000000e3c00000, 0x00000000e3c4b940, 0x00000000e3d00000)
  to   space 1024K,   0% used [0x00000000e3d00000, 0x00000000e3d00000, 0x00000000e3e00000)
 concurrent mark-sweep generation total 84724K, used 50833K [0x00000000ecca0000, 0x00000000f1f5d000, 0x0000000100000000)
 Metaspace       used 49634K, capacity 51770K, committed 51968K, reserved 1095680K
  class space    used 6226K, capacity 6649K, committed 6656K, reserved 1048576K
}
2020-11-07T19:58:36.576+0800: 43.253: Application time: 0.0101415 seconds
{Heap before GC invocations=528 (full 66):
 par new generation   total 9216K, used 8494K [0x00000000e3400000, 0x00000000e3e00000, 0x00000000ecca0000)
  eden space 8192K, 100% used [0x00000000e3400000, 0x00000000e3c00000, 0x00000000e3c00000)
  from space 1024K,  29% used [0x00000000e3c00000, 0x00000000e3c4b940, 0x00000000e3d00000)
  to   space 1024K,   0% used [0x00000000e3d00000, 0x00000000e3d00000, 0x00000000e3e00000)
 concurrent mark-sweep generation total 84724K, used 50833K [0x00000000ecca0000, 0x00000000f1f5d000, 0x0000000100000000)
 Metaspace       used 49635K, capacity 51770K, committed 51968K, reserved 1095680K
  class space    used 6226K, capacity 6649K, committed 6656K, reserved 1048576K
2020-11-07T19:58:36.576+0800: 43.253: [GC (Allocation Failure) 2020-11-07T19:58:36.576+0800: 43.253: [ParNew: 8494K->67K(9216K), 0.0037422 secs] 59327K->50900K(93940K), 0.0037973 secs] [Times: user=0.00 sys=0.00, real=0.00 secs] 
Heap after GC invocations=529 (full 66):
 par new generation   total 9216K, used 67K [0x00000000e3400000, 0x00000000e3e00000, 0x00000000ecca0000)
  eden space 8192K,   0% used [0x00000000e3400000, 0x00000000e3400000, 0x00000000e3c00000)
  from space 1024K,   6% used [0x00000000e3d00000, 0x00000000e3d10d38, 0x00000000e3e00000)
  to   space 1024K,   0% used [0x00000000e3c00000, 0x00000000e3c00000, 0x00000000e3d00000)
 concurrent mark-sweep generation total 84724K, used 50833K [0x00000000ecca0000, 0x00000000f1f5d000, 0x0000000100000000)
 Metaspace       used 49635K, capacity 51770K, committed 51968K, reserved 1095680K
  class space    used 6226K, capacity 6649K, committed 6656K, reserved 1048576K
}
2020-11-07T19:58:36.585+0800: 43.262: Application time: 0.0050728 seconds
{Heap before GC invocations=529 (full 66):
 par new generation   total 9216K, used 6136K [0x00000000e3400000, 0x00000000e3e00000, 0x00000000ecca0000)
  eden space 8192K,  74% used [0x00000000e3400000, 0x00000000e39ed610, 0x00000000e3c00000)
  from space 1024K,   6% used [0x00000000e3d00000, 0x00000000e3d10d38, 0x00000000e3e00000)
  to   space 1024K,   0% used [0x00000000e3c00000, 0x00000000e3c00000, 0x00000000e3d00000)
 concurrent mark-sweep generation total 84724K, used 50833K [0x00000000ecca0000, 0x00000000f1f5d000, 0x0000000100000000)
 Metaspace       used 49635K, capacity 51770K, committed 51968K, reserved 1095680K
  class space    used 6226K, capacity 6649K, committed 6656K, reserved 1048576K
2020-11-07T19:58:36.585+0800: 43.262: [GC (Allocation Failure) 2020-11-07T19:58:36.585+0800: 43.262: [ParNew: 6136K->1024K(9216K), 0.0168358 secs] 56969K->54875K(93940K), 0.0169014 secs] [Times: user=0.01 sys=0.00, real=0.01 secs] 
Heap after GC invocations=530 (full 66):
 par new generation   total 9216K, used 1024K [0x00000000e3400000, 0x00000000e3e00000, 0x00000000ecca0000)
  eden space 8192K,   0% used [0x00000000e3400000, 0x00000000e3400000, 0x00000000e3c00000)
  from space 1024K, 100% used [0x00000000e3c00000, 0x00000000e3d00000, 0x00000000e3d00000)
  to   space 1024K,   0% used [0x00000000e3d00000, 0x00000000e3d00000, 0x00000000e3e00000)
 concurrent mark-sweep generation total 84724K, used 53851K [0x00000000ecca0000, 0x00000000f1f5d000, 0x0000000100000000)
 Metaspace       used 49635K, capacity 51770K, committed 51968K, reserved 1095680K
  class space    used 6226K, capacity 6649K, committed 6656K, reserved 1048576K
}
2020-11-07T19:58:36.619+0800: 43.296: Application time: 0.0166880 seconds
{Heap before GC invocations=530 (full 66):
 par new generation   total 9216K, used 8917K [0x00000000e3400000, 0x00000000e3e00000, 0x00000000ecca0000)
  eden space 8192K,  96% used [0x00000000e3400000, 0x00000000e3bb54b8, 0x00000000e3c00000)
  from space 1024K, 100% used [0x00000000e3c00000, 0x00000000e3d00000, 0x00000000e3d00000)
  to   space 1024K,   0% used [0x00000000e3d00000, 0x00000000e3d00000, 0x00000000e3e00000)
 concurrent mark-sweep generation total 84724K, used 53851K [0x00000000ecca0000, 0x00000000f1f5d000, 0x0000000100000000)
 Metaspace       used 49637K, capacity 51770K, committed 51968K, reserved 1095680K
  class space    used 6226K, capacity 6649K, committed 6656K, reserved 1048576K
2020-11-07T19:58:36.619+0800: 43.296: [GC (Allocation Failure) 2020-11-07T19:58:36.619+0800: 43.296: [ParNew: 8917K->959K(9216K), 0.0193784 secs] 62768K->55830K(93940K), 0.0194318 secs] [Times: user=0.02 sys=0.00, real=0.02 secs] 
Heap after GC invocations=531 (full 66):
 par new generation   total 9216K, used 959K [0x00000000e3400000, 0x00000000e3e00000, 0x00000000ecca0000)
  eden space 8192K,   0% used [0x00000000e3400000, 0x00000000e3400000, 0x00000000e3c00000)
  from space 1024K,  93% used [0x00000000e3d00000, 0x00000000e3deff30, 0x00000000e3e00000)
  to   space 1024K,   0% used [0x00000000e3c00000, 0x00000000e3c00000, 0x00000000e3d00000)
 concurrent mark-sweep generation total 84724K, used 54870K [0x00000000ecca0000, 0x00000000f1f5d000, 0x0000000100000000)
 Metaspace       used 49637K, capacity 51770K, committed 51968K, reserved 1095680K
  class space    used 6226K, capacity 6649K, committed 6656K, reserved 1048576K
}
2020-11-07T19:58:36.648+0800: 43.324: Application time: 0.0091885 seconds
{Heap before GC invocations=531 (full 66):
 par new generation   total 9216K, used 9151K [0x00000000e3400000, 0x00000000e3e00000, 0x00000000ecca0000)
  eden space 8192K, 100% used [0x00000000e3400000, 0x00000000e3c00000, 0x00000000e3c00000)
  from space 1024K,  93% used [0x00000000e3d00000, 0x00000000e3deff30, 0x00000000e3e00000)
  to   space 1024K,   0% used [0x00000000e3c00000, 0x00000000e3c00000, 0x00000000e3d00000)
 concurrent mark-sweep generation total 84724K, used 54870K [0x00000000ecca0000, 0x00000000f1f5d000, 0x0000000100000000)
 Metaspace       used 49637K, capacity 51770K, committed 51968K, reserved 1095680K
  class space    used 6226K, capacity 6649K, committed 6656K, reserved 1048576K
2020-11-07T19:58:36.648+0800: 43.325: [GC (Allocation Failure) 2020-11-07T19:58:36.648+0800: 43.325: [ParNew: 9151K->370K(9216K), 0.0125127 secs] 64022K->55241K(93940K), 0.0125647 secs] [Times: user=0.02 sys=0.00, real=0.01 secs] 
Heap after GC invocations=532 (full 66):
 par new generation   total 9216K, used 370K [0x00000000e3400000, 0x00000000e3e00000, 0x00000000ecca0000)
  eden space 8192K,   0% used [0x00000000e3400000, 0x00000000e3400000, 0x00000000e3c00000)
  from space 1024K,  36% used [0x00000000e3c00000, 0x00000000e3c5c8e8, 0x00000000e3d00000)
  to   space 1024K,   0% used [0x00000000e3d00000, 0x00000000e3d00000, 0x00000000e3e00000)
 concurrent mark-sweep generation total 84724K, used 54871K [0x00000000ecca0000, 0x00000000f1f5d000, 0x0000000100000000)
 Metaspace       used 49637K, capacity 51770K, committed 51968K, reserved 1095680K
  class space    used 6226K, capacity 6649K, committed 6656K, reserved 1048576K
}
2020-11-07T19:58:36.667+0800: 43.343: Application time: 0.0060904 seconds
2020-11-07T19:58:36.667+0800: 43.343: [GC (CMS Initial Mark) [1 CMS-initial-mark: 54871K(84724K)] 59954K(93940K), 0.0033220 secs] [Times: user=0.00 sys=0.00, real=0.00 secs] 
2020-11-07T19:58:36.675+0800: 43.352: [CMS-concurrent-mark-start]
2020-11-07T19:58:36.708+0800: 43.385: Application time: 0.0376947 seconds
{Heap before GC invocations=532 (full 67):
 par new generation   total 9216K, used 8553K [0x00000000e3400000, 0x00000000e3e00000, 0x00000000ecca0000)
  eden space 8192K,  99% used [0x00000000e3400000, 0x00000000e3bfdcc0, 0x00000000e3c00000)
  from space 1024K,  36% used [0x00000000e3c00000, 0x00000000e3c5c8e8, 0x00000000e3d00000)
  to   space 1024K,   0% used [0x00000000e3d00000, 0x00000000e3d00000, 0x00000000e3e00000)
 concurrent mark-sweep generation total 84724K, used 54871K [0x00000000ecca0000, 0x00000000f1f5d000, 0x0000000100000000)
 Metaspace       used 49643K, capacity 51770K, committed 51968K, reserved 1095680K
  class space    used 6227K, capacity 6649K, committed 6656K, reserved 1048576K
2020-11-07T19:58:36.708+0800: 43.385: [GC (Allocation Failure) 2020-11-07T19:58:36.708+0800: 43.385: [ParNew: 8553K->250K(9216K), 0.0050823 secs] 63424K->55121K(93940K), 0.0051513 secs] [Times: user=0.01 sys=0.00, real=0.00 secs] 
Heap after GC invocations=533 (full 67):
 par new generation   total 9216K, used 250K [0x00000000e3400000, 0x00000000e3e00000, 0x00000000ecca0000)
  eden space 8192K,   0% used [0x00000000e3400000, 0x00000000e3400000, 0x00000000e3c00000)
  from space 1024K,  24% used [0x00000000e3d00000, 0x00000000e3d3e840, 0x00000000e3e00000)
  to   space 1024K,   0% used [0x00000000e3c00000, 0x00000000e3c00000, 0x00000000e3d00000)
 concurrent mark-sweep generation total 84724K, used 54871K [0x00000000ecca0000, 0x00000000f1f5d000, 0x0000000100000000)
 Metaspace       used 49643K, capacity 51770K, committed 51968K, reserved 1095680K
  class space    used 6227K, capacity 6649K, committed 6656K, reserved 1048576K
}
2020-11-07T19:58:36.724+0800: 43.401: Application time: 0.0110229 seconds
{Heap before GC invocations=533 (full 67):
 par new generation   total 9216K, used 8436K [0x00000000e3400000, 0x00000000e3e00000, 0x00000000ecca0000)
  eden space 8192K,  99% used [0x00000000e3400000, 0x00000000e3bfe958, 0x00000000e3c00000)
  from space 1024K,  24% used [0x00000000e3d00000, 0x00000000e3d3e840, 0x00000000e3e00000)
  to   space 1024K,   0% used [0x00000000e3c00000, 0x00000000e3c00000, 0x00000000e3d00000)
 concurrent mark-sweep generation total 84724K, used 54871K [0x00000000ecca0000, 0x00000000f1f5d000, 0x0000000100000000)
 Metaspace       used 49643K, capacity 51770K, committed 51968K, reserved 1095680K
  class space    used 6227K, capacity 6649K, committed 6656K, reserved 1048576K
2020-11-07T19:58:36.724+0800: 43.401: [GC (Allocation Failure) 2020-11-07T19:58:36.724+0800: 43.401: [ParNew: 8436K->295K(9216K), 0.0038150 secs] 63307K->55167K(93940K), 0.0038705 secs] [Times: user=0.00 sys=0.00, real=0.01 secs] 
Heap after GC invocations=534 (full 67):
 par new generation   total 9216K, used 295K [0x00000000e3400000, 0x00000000e3e00000, 0x00000000ecca0000)
  eden space 8192K,   0% used [0x00000000e3400000, 0x00000000e3400000, 0x00000000e3c00000)
  from space 1024K,  28% used [0x00000000e3c00000, 0x00000000e3c49f08, 0x00000000e3d00000)
  to   space 1024K,   0% used [0x00000000e3d00000, 0x00000000e3d00000, 0x00000000e3e00000)
 concurrent mark-sweep generation total 84724K, used 54871K [0x00000000ecca0000, 0x00000000f1f5d000, 0x0000000100000000)
 Metaspace       used 49643K, capacity 51770K, committed 51968K, reserved 1095680K
  class space    used 6227K, capacity 6649K, committed 6656K, reserved 1048576K
}
2020-11-07T19:58:36.731+0800: 43.408: Application time: 0.0025251 seconds
{Heap before GC invocations=534 (full 67):
 par new generation   total 9216K, used 8454K [0x00000000e3400000, 0x00000000e3e00000, 0x00000000ecca0000)
  eden space 8192K,  99% used [0x00000000e3400000, 0x00000000e3bf79b0, 0x00000000e3c00000)
  from space 1024K,  28% used [0x00000000e3c00000, 0x00000000e3c49f08, 0x00000000e3d00000)
  to   space 1024K,   0% used [0x00000000e3d00000, 0x00000000e3d00000, 0x00000000e3e00000)
 concurrent mark-sweep generation total 84724K, used 54871K [0x00000000ecca0000, 0x00000000f1f5d000, 0x0000000100000000)
 Metaspace       used 49644K, capacity 51770K, committed 51968K, reserved 1095680K
  class space    used 6227K, capacity 6649K, committed 6656K, reserved 1048576K
2020-11-07T19:58:36.731+0800: 43.408: [GC (Allocation Failure) 2020-11-07T19:58:36.731+0800: 43.408: [ParNew: 8454K->327K(9216K), 0.0038290 secs] 63325K->55198K(93940K), 0.0038667 secs] [Times: user=0.01 sys=0.00, real=0.01 secs] 
Heap after GC invocations=535 (full 67):
 par new generation   total 9216K, used 327K [0x00000000e3400000, 0x00000000e3e00000, 0x00000000ecca0000)
  eden space 8192K,   0% used [0x00000000e3400000, 0x00000000e3400000, 0x00000000e3c00000)
  from space 1024K,  31% used [0x00000000e3d00000, 0x00000000e3d51c68, 0x00000000e3e00000)
  to   space 1024K,   0% used [0x00000000e3c00000, 0x00000000e3c00000, 0x00000000e3d00000)
 concurrent mark-sweep generation total 84724K, used 54871K [0x00000000ecca0000, 0x00000000f1f5d000, 0x0000000100000000)
 Metaspace       used 49644K, capacity 51770K, committed 51968K, reserved 1095680K
  class space    used 6227K, capacity 6649K, committed 6656K, reserved 1048576K
}
2020-11-07T19:58:36.737+0800: 43.414: Application time: 0.0025649 seconds
{Heap before GC invocations=535 (full 67):
 par new generation   total 9216K, used 8463K [0x00000000e3400000, 0x00000000e3e00000, 0x00000000ecca0000)
  eden space 8192K,  99% used [0x00000000e3400000, 0x00000000e3bf1fe0, 0x00000000e3c00000)
  from space 1024K,  31% used [0x00000000e3d00000, 0x00000000e3d51c68, 0x00000000e3e00000)
  to   space 1024K,   0% used [0x00000000e3c00000, 0x00000000e3c00000, 0x00000000e3d00000)
 concurrent mark-sweep generation total 84724K, used 54871K [0x00000000ecca0000, 0x00000000f1f5d000, 0x0000000100000000)
 Metaspace       used 49644K, capacity 51770K, committed 51968K, reserved 1095680K
  class space    used 6227K, capacity 6649K, committed 6656K, reserved 1048576K
2020-11-07T19:58:36.738+0800: 43.414: [GC (Allocation Failure) 2020-11-07T19:58:36.738+0800: 43.414: [ParNew: 8463K->340K(9216K), 0.0036528 secs] 63334K->55212K(93940K), 0.0037019 secs] [Times: user=0.00 sys=0.00, real=0.00 secs] 
Heap after GC invocations=536 (full 67):
 par new generation   total 9216K, used 340K [0x00000000e3400000, 0x00000000e3e00000, 0x00000000ecca0000)
  eden space 8192K,   0% used [0x00000000e3400000, 0x00000000e3400000, 0x00000000e3c00000)
  from space 1024K,  33% used [0x00000000e3c00000, 0x00000000e3c55358, 0x00000000e3d00000)
  to   space 1024K,   0% used [0x00000000e3d00000, 0x00000000e3d00000, 0x00000000e3e00000)
 concurrent mark-sweep generation total 84724K, used 54871K [0x00000000ecca0000, 0x00000000f1f5d000, 0x0000000100000000)
 Metaspace       used 49644K, capacity 51770K, committed 51968K, reserved 1095680K
  class space    used 6227K, capacity 6649K, committed 6656K, reserved 1048576K
}
2020-11-07T19:58:36.788+0800: 43.464: Application time: 0.0462175 seconds
{Heap before GC invocations=536 (full 67):
 par new generation   total 9216K, used 8532K [0x00000000e3400000, 0x00000000e3e00000, 0x00000000ecca0000)
  eden space 8192K, 100% used [0x00000000e3400000, 0x00000000e3c00000, 0x00000000e3c00000)
  from space 1024K,  33% used [0x00000000e3c00000, 0x00000000e3c55358, 0x00000000e3d00000)
  to   space 1024K,   0% used [0x00000000e3d00000, 0x00000000e3d00000, 0x00000000e3e00000)
 concurrent mark-sweep generation total 84724K, used 54871K [0x00000000ecca0000, 0x00000000f1f5d000, 0x0000000100000000)
 Metaspace       used 49809K, capacity 51930K, committed 52096K, reserved 1095680K
  class space    used 6259K, capacity 6681K, committed 6784K, reserved 1048576K
2020-11-07T19:58:36.788+0800: 43.464: [GC (Allocation Failure) 2020-11-07T19:58:36.788+0800: 43.464: [ParNew: 8532K->433K(9216K), 0.0046633 secs] 63404K->55305K(93940K), 0.0047262 secs] [Times: user=0.00 sys=0.00, real=0.00 secs] 
Heap after GC invocations=537 (full 67):
 par new generation   total 9216K, used 433K [0x00000000e3400000, 0x00000000e3e00000, 0x00000000ecca0000)
  eden space 8192K,   0% used [0x00000000e3400000, 0x00000000e3400000, 0x00000000e3c00000)
  from space 1024K,  42% used [0x00000000e3d00000, 0x00000000e3d6c750, 0x00000000e3e00000)
  to   space 1024K,   0% used [0x00000000e3c00000, 0x00000000e3c00000, 0x00000000e3d00000)
 concurrent mark-sweep generation total 84724K, used 54871K [0x00000000ecca0000, 0x00000000f1f5d000, 0x0000000100000000)
 Metaspace       used 49809K, capacity 51930K, committed 52096K, reserved 1095680K
  class space    used 6259K, capacity 6681K, committed 6784K, reserved 1048576K
}
2020-11-07T19:58:36.913+0800: 43.589: Application time: 0.1199792 seconds
{Heap before GC invocations=537 (full 67):
 par new generation   total 9216K, used 8625K [0x00000000e3400000, 0x00000000e3e00000, 0x00000000ecca0000)
  eden space 8192K, 100% used [0x00000000e3400000, 0x00000000e3c00000, 0x00000000e3c00000)
  from space 1024K,  42% used [0x00000000e3d00000, 0x00000000e3d6c750, 0x00000000e3e00000)
  to   space 1024K,   0% used [0x00000000e3c00000, 0x00000000e3c00000, 0x00000000e3d00000)
 concurrent mark-sweep generation total 84724K, used 54871K [0x00000000ecca0000, 0x00000000f1f5d000, 0x0000000100000000)
 Metaspace       used 50129K, capacity 52298K, committed 52736K, reserved 1095680K
  class space    used 6344K, capacity 6785K, committed 6912K, reserved 1048576K
2020-11-07T19:58:36.913+0800: 43.589: [GC (Allocation Failure) 2020-11-07T19:58:36.913+0800: 43.589: [ParNew: 8625K->423K(9216K), 0.0309072 secs] 63497K->55295K(93940K), 0.0309670 secs] [Times: user=0.03 sys=0.00, real=0.03 secs] 
Heap after GC invocations=538 (full 67):
 par new generation   total 9216K, used 423K [0x00000000e3400000, 0x00000000e3e00000, 0x00000000ecca0000)
  eden space 8192K,   0% used [0x00000000e3400000, 0x00000000e3400000, 0x00000000e3c00000)
  from space 1024K,  41% used [0x00000000e3c00000, 0x00000000e3c69e70, 0x00000000e3d00000)
  to   space 1024K,   0% used [0x00000000e3d00000, 0x00000000e3d00000, 0x00000000e3e00000)
 concurrent mark-sweep generation total 84724K, used 54871K [0x00000000ecca0000, 0x00000000f1f5d000, 0x0000000100000000)
 Metaspace       used 50129K, capacity 52298K, committed 52736K, reserved 1095680K
  class space    used 6344K, capacity 6785K, committed 6912K, reserved 1048576K
}
2020-11-07T19:58:36.965+0800: 43.641: [CMS-concurrent-mark: 0.219/0.289 secs] [Times: user=0.28 sys=0.01, real=0.29 secs] 
2020-11-07T19:58:36.965+0800: 43.641: [CMS-concurrent-preclean-start]
2020-11-07T19:58:36.967+0800: 43.644: [CMS-concurrent-preclean: 0.002/0.002 secs] [Times: user=0.00 sys=0.00, real=0.00 secs] 
2020-11-07T19:58:36.967+0800: 43.644: [CMS-concurrent-abortable-preclean-start]
2020-11-07T19:58:36.988+0800: 43.664: Application time: 0.0438503 seconds
{Heap before GC invocations=538 (full 67):
 par new generation   total 9216K, used 8615K [0x00000000e3400000, 0x00000000e3e00000, 0x00000000ecca0000)
  eden space 8192K, 100% used [0x00000000e3400000, 0x00000000e3c00000, 0x00000000e3c00000)
  from space 1024K,  41% used [0x00000000e3c00000, 0x00000000e3c69e70, 0x00000000e3d00000)
  to   space 1024K,   0% used [0x00000000e3d00000, 0x00000000e3d00000, 0x00000000e3e00000)
 concurrent mark-sweep generation total 84724K, used 54871K [0x00000000ecca0000, 0x00000000f1f5d000, 0x0000000100000000)
 Metaspace       used 50325K, capacity 52458K, committed 52736K, reserved 1095680K
  class space    used 6394K, capacity 6817K, committed 6912K, reserved 1048576K
2020-11-07T19:58:36.988+0800: 43.664: [GC (Allocation Failure) 2020-11-07T19:58:36.988+0800: 43.664: [ParNew: 8615K->383K(9216K), 0.0157464 secs] 63487K->55254K(93940K), 0.0158169 secs] [Times: user=0.01 sys=0.00, real=0.01 secs] 
Heap after GC invocations=539 (full 67):
 par new generation   total 9216K, used 383K [0x00000000e3400000, 0x00000000e3e00000, 0x00000000ecca0000)
  eden space 8192K,   0% used [0x00000000e3400000, 0x00000000e3400000, 0x00000000e3c00000)
  from space 1024K,  37% used [0x00000000e3d00000, 0x00000000e3d5fdb8, 0x00000000e3e00000)
  to   space 1024K,   0% used [0x00000000e3c00000, 0x00000000e3c00000, 0x00000000e3d00000)
 concurrent mark-sweep generation total 84724K, used 54871K [0x00000000ecca0000, 0x00000000f1f5d000, 0x0000000100000000)
 Metaspace       used 50325K, capacity 52458K, committed 52736K, reserved 1095680K
  class space    used 6394K, capacity 6817K, committed 6912K, reserved 1048576K
}
2020-11-07T19:58:37.048+0800: 43.725: Application time: 0.0443218 seconds
{Heap before GC invocations=539 (full 67):
 par new generation   total 9216K, used 8574K [0x00000000e3400000, 0x00000000e3e00000, 0x00000000ecca0000)
  eden space 8192K,  99% used [0x00000000e3400000, 0x00000000e3bffbc0, 0x00000000e3c00000)
  from space 1024K,  37% used [0x00000000e3d00000, 0x00000000e3d5fdb8, 0x00000000e3e00000)
  to   space 1024K,   0% used [0x00000000e3c00000, 0x00000000e3c00000, 0x00000000e3d00000)
 concurrent mark-sweep generation total 84724K, used 54871K [0x00000000ecca0000, 0x00000000f1f5d000, 0x0000000100000000)
 Metaspace       used 50493K, capacity 52618K, committed 52992K, reserved 1095680K
  class space    used 6427K, capacity 6849K, committed 6912K, reserved 1048576K
2020-11-07T19:58:37.048+0800: 43.725: [GC (Allocation Failure) 2020-11-07T19:58:37.048+0800: 43.725: [ParNew: 8574K->366K(9216K), 0.0138185 secs] 63445K->55238K(93940K), 0.0138724 secs] [Times: user=0.01 sys=0.00, real=0.01 secs] 
Heap after GC invocations=540 (full 67):
 par new generation   total 9216K, used 366K [0x00000000e3400000, 0x00000000e3e00000, 0x00000000ecca0000)
  eden space 8192K,   0% used [0x00000000e3400000, 0x00000000e3400000, 0x00000000e3c00000)
  from space 1024K,  35% used [0x00000000e3c00000, 0x00000000e3c5b9f0, 0x00000000e3d00000)
  to   space 1024K,   0% used [0x00000000e3d00000, 0x00000000e3d00000, 0x00000000e3e00000)
 concurrent mark-sweep generation total 84724K, used 54871K [0x00000000ecca0000, 0x00000000f1f5d000, 0x0000000100000000)
 Metaspace       used 50493K, capacity 52618K, committed 52992K, reserved 1095680K
  class space    used 6427K, capacity 6849K, committed 6912K, reserved 1048576K
}
2020-11-07T19:58:37.070+0800: 43.747: Application time: 0.0078701 seconds
{Heap before GC invocations=540 (full 67):
 par new generation   total 9216K, used 8544K [0x00000000e3400000, 0x00000000e3e00000, 0x00000000ecca0000)
  eden space 8192K,  99% used [0x00000000e3400000, 0x00000000e3bfc620, 0x00000000e3c00000)
  from space 1024K,  35% used [0x00000000e3c00000, 0x00000000e3c5b9f0, 0x00000000e3d00000)
  to   space 1024K,   0% used [0x00000000e3d00000, 0x00000000e3d00000, 0x00000000e3e00000)
 concurrent mark-sweep generation total 84724K, used 54871K [0x00000000ecca0000, 0x00000000f1f5d000, 0x0000000100000000)
 Metaspace       used 50493K, capacity 52618K, committed 52992K, reserved 1095680K
  class space    used 6427K, capacity 6849K, committed 6912K, reserved 1048576K
2020-11-07T19:58:37.070+0800: 43.747: [GC (Allocation Failure) 2020-11-07T19:58:37.070+0800: 43.747: [ParNew: 8544K->331K(9216K), 0.0042021 secs] 63415K->55202K(93940K), 0.0042527 secs] [Times: user=0.00 sys=0.00, real=0.00 secs] 
Heap after GC invocations=541 (full 67):
 par new generation   total 9216K, used 331K [0x00000000e3400000, 0x00000000e3e00000, 0x00000000ecca0000)
  eden space 8192K,   0% used [0x00000000e3400000, 0x00000000e3400000, 0x00000000e3c00000)
  from space 1024K,  32% used [0x00000000e3d00000, 0x00000000e3d52c10, 0x00000000e3e00000)
  to   space 1024K,   0% used [0x00000000e3c00000, 0x00000000e3c00000, 0x00000000e3d00000)
 concurrent mark-sweep generation total 84724K, used 54871K [0x00000000ecca0000, 0x00000000f1f5d000, 0x0000000100000000)
 Metaspace       used 50493K, capacity 52618K, committed 52992K, reserved 1095680K
  class space    used 6427K, capacity 6849K, committed 6912K, reserved 1048576K
}
2020-11-07T19:58:37.077+0800: 43.753: Application time: 0.0021783 seconds
{Heap before GC invocations=541 (full 67):
 par new generation   total 9216K, used 8507K [0x00000000e3400000, 0x00000000e3e00000, 0x00000000ecca0000)
  eden space 8192K,  99% used [0x00000000e3400000, 0x00000000e3bfc130, 0x00000000e3c00000)
  from space 1024K,  32% used [0x00000000e3d00000, 0x00000000e3d52c10, 0x00000000e3e00000)
  to   space 1024K,   0% used [0x00000000e3c00000, 0x00000000e3c00000, 0x00000000e3d00000)
 concurrent mark-sweep generation total 84724K, used 54871K [0x00000000ecca0000, 0x00000000f1f5d000, 0x0000000100000000)
 Metaspace       used 50493K, capacity 52618K, committed 52992K, reserved 1095680K
  class space    used 6427K, capacity 6849K, committed 6912K, reserved 1048576K
2020-11-07T19:58:37.077+0800: 43.753: [GC (Allocation Failure) 2020-11-07T19:58:37.077+0800: 43.754: [ParNew2020-11-07T19:58:37.081+0800: 43.757: [CMS-concurrent-abortable-preclean: 0.018/0.114 secs] [Times: user=0.11 sys=0.00, real=0.11 secs] 
: 8507K->376K(9216K), 0.0043446 secs] 63378K->55250K(93940K), 0.0043738 secs] [Times: user=0.01 sys=0.00, real=0.00 secs] 
Heap after GC invocations=542 (full 67):
 par new generation   total 9216K, used 376K [0x00000000e3400000, 0x00000000e3e00000, 0x00000000ecca0000)
  eden space 8192K,   0% used [0x00000000e3400000, 0x00000000e3400000, 0x00000000e3c00000)
  from space 1024K,  36% used [0x00000000e3c00000, 0x00000000e3c5e1a8, 0x00000000e3d00000)
  to   space 1024K,   0% used [0x00000000e3d00000, 0x00000000e3d00000, 0x00000000e3e00000)
 concurrent mark-sweep generation total 84724K, used 54873K [0x00000000ecca0000, 0x00000000f1f5d000, 0x0000000100000000)
 Metaspace       used 50493K, capacity 52618K, committed 52992K, reserved 1095680K
  class space    used 6427K, capacity 6849K, committed 6912K, reserved 1048576K
}
2020-11-07T19:58:37.089+0800: 43.766: Application time: 0.0079623 seconds
{Heap before GC invocations=542 (full 67):
 par new generation   total 9216K, used 8563K [0x00000000e3400000, 0x00000000e3e00000, 0x00000000ecca0000)
  eden space 8192K,  99% used [0x00000000e3400000, 0x00000000e3bfee50, 0x00000000e3c00000)
  from space 1024K,  36% used [0x00000000e3c00000, 0x00000000e3c5e1a8, 0x00000000e3d00000)
  to   space 1024K,   0% used [0x00000000e3d00000, 0x00000000e3d00000, 0x00000000e3e00000)
 concurrent mark-sweep generation total 84724K, used 54873K [0x00000000ecca0000, 0x00000000f1f5d000, 0x0000000100000000)
 Metaspace       used 50493K, capacity 52618K, committed 52992K, reserved 1095680K
  class space    used 6427K, capacity 6849K, committed 6912K, reserved 1048576K
2020-11-07T19:58:37.089+0800: 43.766: [GC (Allocation Failure) 2020-11-07T19:58:37.089+0800: 43.766: [ParNew: 8563K->380K(9216K), 0.0047166 secs] 63437K->55254K(93940K), 0.0047869 secs] [Times: user=0.00 sys=0.00, real=0.00 secs] 
Heap after GC invocations=543 (full 67):
 par new generation   total 9216K, used 380K [0x00000000e3400000, 0x00000000e3e00000, 0x00000000ecca0000)
  eden space 8192K,   0% used [0x00000000e3400000, 0x00000000e3400000, 0x00000000e3c00000)
  from space 1024K,  37% used [0x00000000e3d00000, 0x00000000e3d5f258, 0x00000000e3e00000)
  to   space 1024K,   0% used [0x00000000e3c00000, 0x00000000e3c00000, 0x00000000e3d00000)
 concurrent mark-sweep generation total 84724K, used 54873K [0x00000000ecca0000, 0x00000000f1f5d000, 0x0000000100000000)
 Metaspace       used 50493K, capacity 52618K, committed 52992K, reserved 1095680K
  class space    used 6427K, capacity 6849K, committed 6912K, reserved 1048576K
}
2020-11-07T19:58:37.099+0800: 43.775: Application time: 0.0045699 seconds
2020-11-07T19:58:37.099+0800: 43.776: [GC (CMS Final Remark) [YG occupancy: 2777 K (9216 K)]2020-11-07T19:58:37.099+0800: 43.776: [Rescan (parallel) , 0.0125276 secs]2020-11-07T19:58:37.111+0800: 43.788: [weak refs processing, 0.0022801 secs]2020-11-07T19:58:37.114+0800: 43.790: [class unloading, 0.0149196 secs]2020-11-07T19:58:37.129+0800: 43.805: [scrub symbol table, 0.0167600 secs]2020-11-07T19:58:37.145+0800: 43.822: [scrub string table, 0.0010955 secs][1 CMS-remark: 54873K(84724K)] 57651K(93940K), 0.0477644 secs] [Times: user=0.04 sys=0.00, real=0.05 secs] 
2020-11-07T19:58:37.153+0800: 43.829: [CMS-concurrent-sweep-start]
2020-11-07T19:58:37.196+0800: 43.872: Application time: 0.0488792 seconds
{Heap before GC invocations=543 (full 67):
 par new generation   total 9216K, used 8572K [0x00000000e3400000, 0x00000000e3e00000, 0x00000000ecca0000)
  eden space 8192K, 100% used [0x00000000e3400000, 0x00000000e3c00000, 0x00000000e3c00000)
  from space 1024K,  37% used [0x00000000e3d00000, 0x00000000e3d5f258, 0x00000000e3e00000)
  to   space 1024K,   0% used [0x00000000e3c00000, 0x00000000e3c00000, 0x00000000e3d00000)
 concurrent mark-sweep generation total 84724K, used 54872K [0x00000000ecca0000, 0x00000000f1f5d000, 0x0000000100000000)
 Metaspace       used 50546K, capacity 52714K, committed 52992K, reserved 1095680K
  class space    used 6436K, capacity 6881K, committed 6912K, reserved 1048576K
2020-11-07T19:58:37.196+0800: 43.872: [GC (Allocation Failure) 2020-11-07T19:58:37.196+0800: 43.872: [ParNew: 8572K->549K(9216K), 0.0115000 secs] 63445K->55422K(93940K), 0.0115721 secs] [Times: user=0.01 sys=0.00, real=0.01 secs] 
Heap after GC invocations=544 (full 67):
 par new generation   total 9216K, used 549K [0x00000000e3400000, 0x00000000e3e00000, 0x00000000ecca0000)
  eden space 8192K,   0% used [0x00000000e3400000, 0x00000000e3400000, 0x00000000e3c00000)
  from space 1024K,  53% used [0x00000000e3c00000, 0x00000000e3c89650, 0x00000000e3d00000)
  to   space 1024K,   0% used [0x00000000e3d00000, 0x00000000e3d00000, 0x00000000e3e00000)
 concurrent mark-sweep generation total 84724K, used 54872K [0x00000000ecca0000, 0x00000000f1f5d000, 0x0000000100000000)
 Metaspace       used 50546K, capacity 52714K, committed 52992K, reserved 1095680K
  class space    used 6436K, capacity 6881K, committed 6912K, reserved 1048576K
}
2020-11-07T19:58:37.213+0800: 43.890: [CMS-concurrent-sweep: 0.048/0.060 secs] [Times: user=0.06 sys=0.00, real=0.06 secs] 
2020-11-07T19:58:37.224+0800: 43.901: [CMS-concurrent-reset-start]
2020-11-07T19:58:37.225+0800: 43.902: [CMS-concurrent-reset: 0.001/0.001 secs] [Times: user=0.01 sys=0.00, real=0.01 secs] 
2020-11-07T19:58:37.260+0800: 43.937: Application time: 0.0528360 seconds
{Heap before GC invocations=544 (full 67):
 par new generation   total 9216K, used 8741K [0x00000000e3400000, 0x00000000e3e00000, 0x00000000ecca0000)
  eden space 8192K, 100% used [0x00000000e3400000, 0x00000000e3c00000, 0x00000000e3c00000)
  from space 1024K,  53% used [0x00000000e3c00000, 0x00000000e3c89650, 0x00000000e3d00000)
  to   space 1024K,   0% used [0x00000000e3d00000, 0x00000000e3d00000, 0x00000000e3e00000)
 concurrent mark-sweep generation total 84724K, used 39953K [0x00000000ecca0000, 0x00000000f1f5d000, 0x0000000100000000)
 Metaspace       used 50669K, capacity 52868K, committed 53120K, reserved 1095680K
  class space    used 6457K, capacity 6912K, committed 7040K, reserved 1048576K
2020-11-07T19:58:37.260+0800: 43.937: [GC (Allocation Failure) 2020-11-07T19:58:37.260+0800: 43.937: [ParNew: 8741K->558K(9216K), 0.0126125 secs] 48694K->40511K(93940K), 0.0127173 secs] [Times: user=0.01 sys=0.00, real=0.01 secs] 
Heap after GC invocations=545 (full 67):
 par new generation   total 9216K, used 558K [0x00000000e3400000, 0x00000000e3e00000, 0x00000000ecca0000)
  eden space 8192K,   0% used [0x00000000e3400000, 0x00000000e3400000, 0x00000000e3c00000)
  from space 1024K,  54% used [0x00000000e3d00000, 0x00000000e3d8b9b8, 0x00000000e3e00000)
  to   space 1024K,   0% used [0x00000000e3c00000, 0x00000000e3c00000, 0x00000000e3d00000)
 concurrent mark-sweep generation total 84724K, used 39953K [0x00000000ecca0000, 0x00000000f1f5d000, 0x0000000100000000)
 Metaspace       used 50669K, capacity 52868K, committed 53120K, reserved 1095680K
  class space    used 6457K, capacity 6912K, committed 7040K, reserved 1048576K
}
2020-11-07T19:58:37.340+0800: 44.016: Application time: 0.0664624 seconds
{Heap before GC invocations=545 (full 67):
 par new generation   total 9216K, used 8750K [0x00000000e3400000, 0x00000000e3e00000, 0x00000000ecca0000)
  eden space 8192K, 100% used [0x00000000e3400000, 0x00000000e3c00000, 0x00000000e3c00000)
  from space 1024K,  54% used [0x00000000e3d00000, 0x00000000e3d8b9b8, 0x00000000e3e00000)
  to   space 1024K,   0% used [0x00000000e3c00000, 0x00000000e3c00000, 0x00000000e3d00000)
 concurrent mark-sweep generation total 84724K, used 39953K [0x00000000ecca0000, 0x00000000f1f5d000, 0x0000000100000000)
 Metaspace       used 50768K, capacity 52964K, committed 53376K, reserved 1095680K
  class space    used 6476K, capacity 6944K, committed 7040K, reserved 1048576K
2020-11-07T19:58:37.340+0800: 44.017: [GC (Allocation Failure) 2020-11-07T19:58:37.340+0800: 44.017: [ParNew: 8750K->594K(9216K), 0.0269414 secs] 48703K->40606K(93940K), 0.0269981 secs] [Times: user=0.02 sys=0.00, real=0.03 secs] 
Heap after GC invocations=546 (full 67):
 par new generation   total 9216K, used 594K [0x00000000e3400000, 0x00000000e3e00000, 0x00000000ecca0000)
  eden space 8192K,   0% used [0x00000000e3400000, 0x00000000e3400000, 0x00000000e3c00000)
  from space 1024K,  58% used [0x00000000e3c00000, 0x00000000e3c94a50, 0x00000000e3d00000)
  to   space 1024K,   0% used [0x00000000e3d00000, 0x00000000e3d00000, 0x00000000e3e00000)
 concurrent mark-sweep generation total 84724K, used 40011K [0x00000000ecca0000, 0x00000000f1f5d000, 0x0000000100000000)
 Metaspace       used 50768K, capacity 52964K, committed 53376K, reserved 1095680K
  class space    used 6476K, capacity 6944K, committed 7040K, reserved 1048576K
}
2020-11-07T19:58:37.465+0800: 44.142: Application time: 0.0983033 seconds
{Heap before GC invocations=546 (full 67):
 par new generation   total 9216K, used 8786K [0x00000000e3400000, 0x00000000e3e00000, 0x00000000ecca0000)
  eden space 8192K, 100% used [0x00000000e3400000, 0x00000000e3c00000, 0x00000000e3c00000)
  from space 1024K,  58% used [0x00000000e3c00000, 0x00000000e3c94a50, 0x00000000e3d00000)
  to   space 1024K,   0% used [0x00000000e3d00000, 0x00000000e3d00000, 0x00000000e3e00000)
 concurrent mark-sweep generation total 84724K, used 40011K [0x00000000ecca0000, 0x00000000f1f5d000, 0x0000000100000000)
 Metaspace       used 51025K, capacity 53252K, committed 53632K, reserved 1095680K
  class space    used 6506K, capacity 6976K, committed 7040K, reserved 1048576K
2020-11-07T19:58:37.465+0800: 44.142: [GC (Allocation Failure) 2020-11-07T19:58:37.465+0800: 44.142: [ParNew: 8786K->599K(9216K), 0.0065643 secs] 48798K->40660K(93940K), 0.0066289 secs] [Times: user=0.01 sys=0.00, real=0.00 secs] 
Heap after GC invocations=547 (full 67):
 par new generation   total 9216K, used 599K [0x00000000e3400000, 0x00000000e3e00000, 0x00000000ecca0000)
  eden space 8192K,   0% used [0x00000000e3400000, 0x00000000e3400000, 0x00000000e3c00000)
  from space 1024K,  58% used [0x00000000e3d00000, 0x00000000e3d95d88, 0x00000000e3e00000)
  to   space 1024K,   0% used [0x00000000e3c00000, 0x00000000e3c00000, 0x00000000e3d00000)
 concurrent mark-sweep generation total 84724K, used 40061K [0x00000000ecca0000, 0x00000000f1f5d000, 0x0000000100000000)
 Metaspace       used 51025K, capacity 53252K, committed 53632K, reserved 1095680K
  class space    used 6506K, capacity 6976K, committed 7040K, reserved 1048576K
}
2020-11-07T19:58:37.474+0800: 44.150: Application time: 0.0014785 seconds
2020-11-07T19:58:37.482+0800: 44.159: Application time: 0.0077607 seconds
{Heap before GC invocations=547 (full 67):
 par new generation   total 9216K, used 8776K [0x00000000e3400000, 0x00000000e3e00000, 0x00000000ecca0000)
  eden space 8192K,  99% used [0x00000000e3400000, 0x00000000e3bfc668, 0x00000000e3c00000)
  from space 1024K,  58% used [0x00000000e3d00000, 0x00000000e3d95d88, 0x00000000e3e00000)
  to   space 1024K,   0% used [0x00000000e3c00000, 0x00000000e3c00000, 0x00000000e3d00000)
 concurrent mark-sweep generation total 84724K, used 40061K [0x00000000ecca0000, 0x00000000f1f5d000, 0x0000000100000000)
 Metaspace       used 51093K, capacity 53316K, committed 53632K, reserved 1095680K
  class space    used 6512K, capacity 6976K, committed 7040K, reserved 1048576K
2020-11-07T19:58:37.482+0800: 44.159: [GC (Allocation Failure) 2020-11-07T19:58:37.482+0800: 44.159: [ParNew: 8776K->391K(9216K), 0.0168187 secs] 48838K->40607K(93940K), 0.0168730 secs] [Times: user=0.01 sys=0.00, real=0.02 secs] 
Heap after GC invocations=548 (full 67):
 par new generation   total 9216K, used 391K [0x00000000e3400000, 0x00000000e3e00000, 0x00000000ecca0000)
  eden space 8192K,   0% used [0x00000000e3400000, 0x00000000e3400000, 0x00000000e3c00000)
  from space 1024K,  38% used [0x00000000e3c00000, 0x00000000e3c61db0, 0x00000000e3d00000)
  to   space 1024K,   0% used [0x00000000e3d00000, 0x00000000e3d00000, 0x00000000e3e00000)
 concurrent mark-sweep generation total 84724K, used 40216K [0x00000000ecca0000, 0x00000000f1f5d000, 0x0000000100000000)
 Metaspace       used 51093K, capacity 53316K, committed 53632K, reserved 1095680K
  class space    used 6512K, capacity 6976K, committed 7040K, reserved 1048576K
}
2020-11-07T19:58:37.502+0800: 44.178: Application time: 0.0023224 seconds
{Heap before GC invocations=548 (full 67):
 par new generation   total 9216K, used 8543K [0x00000000e3400000, 0x00000000e3e00000, 0x00000000ecca0000)
  eden space 8192K,  99% used [0x00000000e3400000, 0x00000000e3bf61c8, 0x00000000e3c00000)
  from space 1024K,  38% used [0x00000000e3c00000, 0x00000000e3c61db0, 0x00000000e3d00000)
  to   space 1024K,   0% used [0x00000000e3d00000, 0x00000000e3d00000, 0x00000000e3e00000)
 concurrent mark-sweep generation total 84724K, used 40216K [0x00000000ecca0000, 0x00000000f1f5d000, 0x0000000100000000)
 Metaspace       used 51093K, capacity 53316K, committed 53632K, reserved 1095680K
  class space    used 6512K, capacity 6976K, committed 7040K, reserved 1048576K
2020-11-07T19:58:37.502+0800: 44.179: [GC (Allocation Failure) 2020-11-07T19:58:37.502+0800: 44.179: [ParNew: 8543K->431K(9216K), 0.0105427 secs] 48760K->40648K(93940K), 0.0106078 secs] [Times: user=0.01 sys=0.00, real=0.01 secs] 
Heap after GC invocations=549 (full 67):
 par new generation   total 9216K, used 431K [0x00000000e3400000, 0x00000000e3e00000, 0x00000000ecca0000)
  eden space 8192K,   0% used [0x00000000e3400000, 0x00000000e3400000, 0x00000000e3c00000)
  from space 1024K,  42% used [0x00000000e3d00000, 0x00000000e3d6beb8, 0x00000000e3e00000)
  to   space 1024K,   0% used [0x00000000e3c00000, 0x00000000e3c00000, 0x00000000e3d00000)
 concurrent mark-sweep generation total 84724K, used 40216K [0x00000000ecca0000, 0x00000000f1f5d000, 0x0000000100000000)
 Metaspace       used 51093K, capacity 53316K, committed 53632K, reserved 1095680K
  class space    used 6512K, capacity 6976K, committed 7040K, reserved 1048576K
}
2020-11-07T19:58:37.515+0800: 44.192: Application time: 0.0028888 seconds
{Heap before GC invocations=549 (full 67):
 par new generation   total 9216K, used 8608K [0x00000000e3400000, 0x00000000e3e00000, 0x00000000ecca0000)
  eden space 8192K,  99% used [0x00000000e3400000, 0x00000000e3bfc3c0, 0x00000000e3c00000)
  from space 1024K,  42% used [0x00000000e3d00000, 0x00000000e3d6beb8, 0x00000000e3e00000)
  to   space 1024K,   0% used [0x00000000e3c00000, 0x00000000e3c00000, 0x00000000e3d00000)
 concurrent mark-sweep generation total 84724K, used 40216K [0x00000000ecca0000, 0x00000000f1f5d000, 0x0000000100000000)
 Metaspace       used 51095K, capacity 53316K, committed 53632K, reserved 1095680K
  class space    used 6512K, capacity 6976K, committed 7040K, reserved 1048576K
2020-11-07T19:58:37.516+0800: 44.192: [GC (Allocation Failure) 2020-11-07T19:58:37.516+0800: 44.192: [ParNew: 8608K->409K(9216K), 0.0118643 secs] 48824K->40625K(93940K), 0.0119220 secs] [Times: user=0.01 sys=0.00, real=0.01 secs] 
Heap after GC invocations=550 (full 67):
 par new generation   total 9216K, used 409K [0x00000000e3400000, 0x00000000e3e00000, 0x00000000ecca0000)
  eden space 8192K,   0% used [0x00000000e3400000, 0x00000000e3400000, 0x00000000e3c00000)
  from space 1024K,  39% used [0x00000000e3c00000, 0x00000000e3c66620, 0x00000000e3d00000)
  to   space 1024K,   0% used [0x00000000e3d00000, 0x00000000e3d00000, 0x00000000e3e00000)
 concurrent mark-sweep generation total 84724K, used 40216K [0x00000000ecca0000, 0x00000000f1f5d000, 0x0000000100000000)
 Metaspace       used 51095K, capacity 53316K, committed 53632K, reserved 1095680K
  class space    used 6512K, capacity 6976K, committed 7040K, reserved 1048576K
}
2020-11-07T19:58:37.543+0800: 44.219: Application time: 0.0150278 seconds
{Heap before GC invocations=550 (full 67):
 par new generation   total 9216K, used 8601K [0x00000000e3400000, 0x00000000e3e00000, 0x00000000ecca0000)
  eden space 8192K, 100% used [0x00000000e3400000, 0x00000000e3c00000, 0x00000000e3c00000)
  from space 1024K,  39% used [0x00000000e3c00000, 0x00000000e3c66620, 0x00000000e3d00000)
  to   space 1024K,   0% used [0x00000000e3d00000, 0x00000000e3d00000, 0x00000000e3e00000)
 concurrent mark-sweep generation total 84724K, used 40216K [0x00000000ecca0000, 0x00000000f1f5d000, 0x0000000100000000)
 Metaspace       used 51154K, capacity 53380K, committed 53632K, reserved 1095680K
  class space    used 6519K, capacity 6976K, committed 7040K, reserved 1048576K
2020-11-07T19:58:37.543+0800: 44.220: [GC (Allocation Failure) 2020-11-07T19:58:37.543+0800: 44.220: [ParNew: 8601K->448K(9216K), 0.0306661 secs] 48817K->40665K(93940K), 0.0307274 secs] [Times: user=0.03 sys=0.00, real=0.03 secs] 
Heap after GC invocations=551 (full 67):
 par new generation   total 9216K, used 448K [0x00000000e3400000, 0x00000000e3e00000, 0x00000000ecca0000)
  eden space 8192K,   0% used [0x00000000e3400000, 0x00000000e3400000, 0x00000000e3c00000)
  from space 1024K,  43% used [0x00000000e3d00000, 0x00000000e3d703f0, 0x00000000e3e00000)
  to   space 1024K,   0% used [0x00000000e3c00000, 0x00000000e3c00000, 0x00000000e3d00000)
 concurrent mark-sweep generation total 84724K, used 40216K [0x00000000ecca0000, 0x00000000f1f5d000, 0x0000000100000000)
 Metaspace       used 51154K, capacity 53380K, committed 53632K, reserved 1095680K
  class space    used 6519K, capacity 6976K, committed 7040K, reserved 1048576K
}
2020-11-07T19:58:37.590+0800: 44.267: Application time: 0.0167431 seconds
2020-11-07T19:58:37.599+0800: 44.276: Application time: 0.0086138 seconds
{Heap before GC invocations=551 (full 67):
 par new generation   total 9216K, used 8640K [0x00000000e3400000, 0x00000000e3e00000, 0x00000000ecca0000)
  eden space 8192K, 100% used [0x00000000e3400000, 0x00000000e3c00000, 0x00000000e3c00000)
  from space 1024K,  43% used [0x00000000e3d00000, 0x00000000e3d703f0, 0x00000000e3e00000)
  to   space 1024K,   0% used [0x00000000e3c00000, 0x00000000e3c00000, 0x00000000e3d00000)
 concurrent mark-sweep generation total 84724K, used 40216K [0x00000000ecca0000, 0x00000000f1f5d000, 0x0000000100000000)
 Metaspace       used 51339K, capacity 53540K, committed 53888K, reserved 1095680K
  class space    used 6554K, capacity 7008K, committed 7040K, reserved 1048576K
2020-11-07T19:58:37.599+0800: 44.276: [GC (Allocation Failure) 2020-11-07T19:58:37.599+0800: 44.276: [ParNew: 8640K->558K(9216K), 0.0375035 secs] 48857K->40774K(93940K), 0.0375712 secs] [Times: user=0.03 sys=0.00, real=0.04 secs] 
Heap after GC invocations=552 (full 67):
 par new generation   total 9216K, used 558K [0x00000000e3400000, 0x00000000e3e00000, 0x00000000ecca0000)
  eden space 8192K,   0% used [0x00000000e3400000, 0x00000000e3400000, 0x00000000e3c00000)
  from space 1024K,  54% used [0x00000000e3c00000, 0x00000000e3c8ba70, 0x00000000e3d00000)
  to   space 1024K,   0% used [0x00000000e3d00000, 0x00000000e3d00000, 0x00000000e3e00000)
 concurrent mark-sweep generation total 84724K, used 40216K [0x00000000ecca0000, 0x00000000f1f5d000, 0x0000000100000000)
 Metaspace       used 51339K, capacity 53540K, committed 53888K, reserved 1095680K
  class space    used 6554K, capacity 7008K, committed 7040K, reserved 1048576K
}
2020-11-07T19:58:37.671+0800: 44.348: Application time: 0.0340070 seconds
{Heap before GC invocations=552 (full 67):
 par new generation   total 9216K, used 8750K [0x00000000e3400000, 0x00000000e3e00000, 0x00000000ecca0000)
  eden space 8192K, 100% used [0x00000000e3400000, 0x00000000e3c00000, 0x00000000e3c00000)
  from space 1024K,  54% used [0x00000000e3c00000, 0x00000000e3c8ba70, 0x00000000e3d00000)
  to   space 1024K,   0% used [0x00000000e3d00000, 0x00000000e3d00000, 0x00000000e3e00000)
 concurrent mark-sweep generation total 84724K, used 40216K [0x00000000ecca0000, 0x00000000f1f5d000, 0x0000000100000000)
 Metaspace       used 51683K, capacity 53892K, committed 54272K, reserved 1095680K
  class space    used 6595K, capacity 7040K, committed 7168K, reserved 1048576K
2020-11-07T19:58:37.671+0800: 44.348: [GC (Allocation Failure) 2020-11-07T19:58:37.671+0800: 44.348: [ParNew: 8750K->728K(9216K), 0.0278541 secs] 48966K->40969K(93940K), 0.0279200 secs] [Times: user=0.03 sys=0.00, real=0.03 secs] 
Heap after GC invocations=553 (full 67):
 par new generation   total 9216K, used 728K [0x00000000e3400000, 0x00000000e3e00000, 0x00000000ecca0000)
  eden space 8192K,   0% used [0x00000000e3400000, 0x00000000e3400000, 0x00000000e3c00000)
  from space 1024K,  71% used [0x00000000e3d00000, 0x00000000e3db61a0, 0x00000000e3e00000)
  to   space 1024K,   0% used [0x00000000e3c00000, 0x00000000e3c00000, 0x00000000e3d00000)
 concurrent mark-sweep generation total 84724K, used 40240K [0x00000000ecca0000, 0x00000000f1f5d000, 0x0000000100000000)
 Metaspace       used 51683K, capacity 53892K, committed 54272K, reserved 1095680K
  class space    used 6595K, capacity 7040K, committed 7168K, reserved 1048576K
}
2020-11-07T19:58:37.730+0800: 44.407: Application time: 0.0310323 seconds
{Heap before GC invocations=553 (full 67):
 par new generation   total 9216K, used 8920K [0x00000000e3400000, 0x00000000e3e00000, 0x00000000ecca0000)
  eden space 8192K, 100% used [0x00000000e3400000, 0x00000000e3c00000, 0x00000000e3c00000)
  from space 1024K,  71% used [0x00000000e3d00000, 0x00000000e3db61a0, 0x00000000e3e00000)
  to   space 1024K,   0% used [0x00000000e3c00000, 0x00000000e3c00000, 0x00000000e3d00000)
 concurrent mark-sweep generation total 84724K, used 40240K [0x00000000ecca0000, 0x00000000f1f5d000, 0x0000000100000000)
 Metaspace       used 51918K, capacity 54152K, committed 54528K, reserved 1097728K
  class space    used 6638K, capacity 7104K, committed 7168K, reserved 1048576K
2020-11-07T19:58:37.730+0800: 44.407: [GC (Allocation Failure) 2020-11-07T19:58:37.730+0800: 44.407: [ParNew: 8920K->265K(9216K), 0.0218447 secs] 49161K->40670K(93940K), 0.0219126 secs] [Times: user=0.02 sys=0.00, real=0.02 secs] 
Heap after GC invocations=554 (full 67):
 par new generation   total 9216K, used 265K [0x00000000e3400000, 0x00000000e3e00000, 0x00000000ecca0000)
  eden space 8192K,   0% used [0x00000000e3400000, 0x00000000e3400000, 0x00000000e3c00000)
  from space 1024K,  25% used [0x00000000e3c00000, 0x00000000e3c424a0, 0x00000000e3d00000)
  to   space 1024K,   0% used [0x00000000e3d00000, 0x00000000e3d00000, 0x00000000e3e00000)
 concurrent mark-sweep generation total 84724K, used 40405K [0x00000000ecca0000, 0x00000000f1f5d000, 0x0000000100000000)
 Metaspace       used 51918K, capacity 54152K, committed 54528K, reserved 1097728K
  class space    used 6638K, capacity 7104K, committed 7168K, reserved 1048576K
}
2020-11-07T19:58:37.761+0800: 44.438: Application time: 0.0087506 seconds
{Heap before GC invocations=554 (full 67):
 par new generation   total 9216K, used 8445K [0x00000000e3400000, 0x00000000e3e00000, 0x00000000ecca0000)
  eden space 8192K,  99% used [0x00000000e3400000, 0x00000000e3bfd168, 0x00000000e3c00000)
  from space 1024K,  25% used [0x00000000e3c00000, 0x00000000e3c424a0, 0x00000000e3d00000)
  to   space 1024K,   0% used [0x00000000e3d00000, 0x00000000e3d00000, 0x00000000e3e00000)
 concurrent mark-sweep generation total 84724K, used 40405K [0x00000000ecca0000, 0x00000000f1f5d000, 0x0000000100000000)
 Metaspace       used 51924K, capacity 54152K, committed 54528K, reserved 1097728K
  class space    used 6639K, capacity 7104K, committed 7168K, reserved 1048576K
2020-11-07T19:58:37.761+0800: 44.438: [GC (Allocation Failure) 2020-11-07T19:58:37.761+0800: 44.438: [ParNew: 8445K->179K(9216K), 0.0083197 secs] 48850K->40584K(93940K), 0.0083723 secs] [Times: user=0.01 sys=0.00, real=0.01 secs] 
Heap after GC invocations=555 (full 67):
 par new generation   total 9216K, used 179K [0x00000000e3400000, 0x00000000e3e00000, 0x00000000ecca0000)
  eden space 8192K,   0% used [0x00000000e3400000, 0x00000000e3400000, 0x00000000e3c00000)
  from space 1024K,  17% used [0x00000000e3d00000, 0x00000000e3d2ce18, 0x00000000e3e00000)
  to   space 1024K,   0% used [0x00000000e3c00000, 0x00000000e3c00000, 0x00000000e3d00000)
 concurrent mark-sweep generation total 84724K, used 40405K [0x00000000ecca0000, 0x00000000f1f5d000, 0x0000000100000000)
 Metaspace       used 51924K, capacity 54152K, committed 54528K, reserved 1097728K
  class space    used 6639K, capacity 7104K, committed 7168K, reserved 1048576K
}
2020-11-07T19:58:37.772+0800: 44.449: Application time: 0.0023340 seconds
{Heap before GC invocations=555 (full 67):
 par new generation   total 9216K, used 8347K [0x00000000e3400000, 0x00000000e3e00000, 0x00000000ecca0000)
  eden space 8192K,  99% used [0x00000000e3400000, 0x00000000e3bf9fb8, 0x00000000e3c00000)
  from space 1024K,  17% used [0x00000000e3d00000, 0x00000000e3d2ce18, 0x00000000e3e00000)
  to   space 1024K,   0% used [0x00000000e3c00000, 0x00000000e3c00000, 0x00000000e3d00000)
 concurrent mark-sweep generation total 84724K, used 40405K [0x00000000ecca0000, 0x00000000f1f5d000, 0x0000000100000000)
 Metaspace       used 51924K, capacity 54152K, committed 54528K, reserved 1097728K
  class space    used 6639K, capacity 7104K, committed 7168K, reserved 1048576K
2020-11-07T19:58:37.772+0800: 44.449: [GC (Allocation Failure) 2020-11-07T19:58:37.772+0800: 44.449: [ParNew: 8347K->216K(9216K), 0.0111824 secs] 48752K->40621K(93940K), 0.0112318 secs] [Times: user=0.01 sys=0.00, real=0.01 secs] 
Heap after GC invocations=556 (full 67):
 par new generation   total 9216K, used 216K [0x00000000e3400000, 0x00000000e3e00000, 0x00000000ecca0000)
  eden space 8192K,   0% used [0x00000000e3400000, 0x00000000e3400000, 0x00000000e3c00000)
  from space 1024K,  21% used [0x00000000e3c00000, 0x00000000e3c362c0, 0x00000000e3d00000)
  to   space 1024K,   0% used [0x00000000e3d00000, 0x00000000e3d00000, 0x00000000e3e00000)
 concurrent mark-sweep generation total 84724K, used 40405K [0x00000000ecca0000, 0x00000000f1f5d000, 0x0000000100000000)
 Metaspace       used 51924K, capacity 54152K, committed 54528K, reserved 1097728K
  class space    used 6639K, capacity 7104K, committed 7168K, reserved 1048576K
}
2020-11-07T19:58:37.786+0800: 44.463: Application time: 0.0026002 seconds
{Heap before GC invocations=556 (full 67):
 par new generation   total 9216K, used 8397K [0x00000000e3400000, 0x00000000e3e00000, 0x00000000ecca0000)
  eden space 8192K,  99% used [0x00000000e3400000, 0x00000000e3bfd3f0, 0x00000000e3c00000)
  from space 1024K,  21% used [0x00000000e3c00000, 0x00000000e3c362c0, 0x00000000e3d00000)
  to   space 1024K,   0% used [0x00000000e3d00000, 0x00000000e3d00000, 0x00000000e3e00000)
 concurrent mark-sweep generation total 84724K, used 40405K [0x00000000ecca0000, 0x00000000f1f5d000, 0x0000000100000000)
 Metaspace       used 51924K, capacity 54152K, committed 54528K, reserved 1097728K
  class space    used 6639K, capacity 7104K, committed 7168K, reserved 1048576K
2020-11-07T19:58:37.786+0800: 44.463: [GC (Allocation Failure) 2020-11-07T19:58:37.786+0800: 44.463: [ParNew: 8397K->219K(9216K), 0.0130526 secs] 48802K->40629K(93940K), 0.0131045 secs] [Times: user=0.01 sys=0.00, real=0.01 secs] 
Heap after GC invocations=557 (full 67):
 par new generation   total 9216K, used 219K [0x00000000e3400000, 0x00000000e3e00000, 0x00000000ecca0000)
  eden space 8192K,   0% used [0x00000000e3400000, 0x00000000e3400000, 0x00000000e3c00000)
  from space 1024K,  21% used [0x00000000e3d00000, 0x00000000e3d36c58, 0x00000000e3e00000)
  to   space 1024K,   0% used [0x00000000e3c00000, 0x00000000e3c00000, 0x00000000e3d00000)
 concurrent mark-sweep generation total 84724K, used 40410K [0x00000000ecca0000, 0x00000000f1f5d000, 0x0000000100000000)
 Metaspace       used 51924K, capacity 54152K, committed 54528K, reserved 1097728K
  class space    used 6639K, capacity 7104K, committed 7168K, reserved 1048576K
}
2020-11-07T19:58:37.823+0800: 44.500: Application time: 0.0240595 seconds
2020-11-07T19:58:37.838+0800: 44.515: Application time: 0.0147414 seconds
{Heap before GC invocations=557 (full 67):
 par new generation   total 9216K, used 8401K [0x00000000e3400000, 0x00000000e3e00000, 0x00000000ecca0000)
  eden space 8192K,  99% used [0x00000000e3400000, 0x00000000e3bfd840, 0x00000000e3c00000)
  from space 1024K,  21% used [0x00000000e3d00000, 0x00000000e3d36c58, 0x00000000e3e00000)
  to   space 1024K,   0% used [0x00000000e3c00000, 0x00000000e3c00000, 0x00000000e3d00000)
 concurrent mark-sweep generation total 84724K, used 40410K [0x00000000ecca0000, 0x00000000f1f5d000, 0x0000000100000000)
 Metaspace       used 52015K, capacity 54228K, committed 54528K, reserved 1097728K
  class space    used 6653K, capacity 7106K, committed 7168K, reserved 1048576K
2020-11-07T19:58:37.838+0800: 44.515: [GC (Allocation Failure) 2020-11-07T19:58:37.839+0800: 44.515: [ParNew: 8401K->395K(9216K), 0.0173984 secs] 48811K->40806K(93940K), 0.0174568 secs] [Times: user=0.02 sys=0.00, real=0.02 secs] 
Heap after GC invocations=558 (full 67):
 par new generation   total 9216K, used 395K [0x00000000e3400000, 0x00000000e3e00000, 0x00000000ecca0000)
  eden space 8192K,   0% used [0x00000000e3400000, 0x00000000e3400000, 0x00000000e3c00000)
  from space 1024K,  38% used [0x00000000e3c00000, 0x00000000e3c62fc8, 0x00000000e3d00000)
  to   space 1024K,   0% used [0x00000000e3d00000, 0x00000000e3d00000, 0x00000000e3e00000)
 concurrent mark-sweep generation total 84724K, used 40410K [0x00000000ecca0000, 0x00000000f1f5d000, 0x0000000100000000)
 Metaspace       used 52015K, capacity 54228K, committed 54528K, reserved 1097728K
  class space    used 6653K, capacity 7106K, committed 7168K, reserved 1048576K
}
2020-11-07T19:58:37.920+0800: 44.597: Application time: 0.0642843 seconds
{Heap before GC invocations=558 (full 67):
 par new generation   total 9216K, used 8587K [0x00000000e3400000, 0x00000000e3e00000, 0x00000000ecca0000)
  eden space 8192K, 100% used [0x00000000e3400000, 0x00000000e3c00000, 0x00000000e3c00000)
  from space 1024K,  38% used [0x00000000e3c00000, 0x00000000e3c62fc8, 0x00000000e3d00000)
  to   space 1024K,   0% used [0x00000000e3d00000, 0x00000000e3d00000, 0x00000000e3e00000)
 concurrent mark-sweep generation total 84724K, used 40410K [0x00000000ecca0000, 0x00000000f1f5d000, 0x0000000100000000)
 Metaspace       used 52236K, capacity 54452K, committed 54784K, reserved 1097728K
  class space    used 6668K, capacity 7138K, committed 7168K, reserved 1048576K
2020-11-07T19:58:37.921+0800: 44.597: [GC (Allocation Failure) 2020-11-07T19:58:37.921+0800: 44.597: [ParNew: 8587K->443K(9216K), 0.0291375 secs] 48998K->40853K(93940K), 0.0292156 secs] [Times: user=0.03 sys=0.00, real=0.03 secs] 
Heap after GC invocations=559 (full 67):
 par new generation   total 9216K, used 443K [0x00000000e3400000, 0x00000000e3e00000, 0x00000000ecca0000)
  eden space 8192K,   0% used [0x00000000e3400000, 0x00000000e3400000, 0x00000000e3c00000)
  from space 1024K,  43% used [0x00000000e3d00000, 0x00000000e3d6ec60, 0x00000000e3e00000)
  to   space 1024K,   0% used [0x00000000e3c00000, 0x00000000e3c00000, 0x00000000e3d00000)
 concurrent mark-sweep generation total 84724K, used 40410K [0x00000000ecca0000, 0x00000000f1f5d000, 0x0000000100000000)
 Metaspace       used 52236K, capacity 54452K, committed 54784K, reserved 1097728K
  class space    used 6668K, capacity 7138K, committed 7168K, reserved 1048576K
}
2020-11-07T19:58:37.972+0800: 44.649: Application time: 0.0221351 seconds
{Heap before GC invocations=559 (full 67):
 par new generation   total 9216K, used 8635K [0x00000000e3400000, 0x00000000e3e00000, 0x00000000ecca0000)
  eden space 8192K, 100% used [0x00000000e3400000, 0x00000000e3c00000, 0x00000000e3c00000)
  from space 1024K,  43% used [0x00000000e3d00000, 0x00000000e3d6ec60, 0x00000000e3e00000)
  to   space 1024K,   0% used [0x00000000e3c00000, 0x00000000e3c00000, 0x00000000e3d00000)
 concurrent mark-sweep generation total 84724K, used 40410K [0x00000000ecca0000, 0x00000000f1f5d000, 0x0000000100000000)
 Metaspace       used 52361K, capacity 54586K, committed 54784K, reserved 1097728K
  class space    used 6681K, capacity 7139K, committed 7168K, reserved 1048576K
2020-11-07T19:58:37.972+0800: 44.649: [GC (Allocation Failure) 2020-11-07T19:58:37.972+0800: 44.649: [ParNew: 8635K->319K(9216K), 0.0405582 secs] 49045K->40736K(93940K), 0.0406160 secs] [Times: user=0.04 sys=0.01, real=0.04 secs] 
Heap after GC invocations=560 (full 67):
 par new generation   total 9216K, used 319K [0x00000000e3400000, 0x00000000e3e00000, 0x00000000ecca0000)
  eden space 8192K,   0% used [0x00000000e3400000, 0x00000000e3400000, 0x00000000e3c00000)
  from space 1024K,  31% used [0x00000000e3c00000, 0x00000000e3c4ff40, 0x00000000e3d00000)
  to   space 1024K,   0% used [0x00000000e3d00000, 0x00000000e3d00000, 0x00000000e3e00000)
 concurrent mark-sweep generation total 84724K, used 40416K [0x00000000ecca0000, 0x00000000f1f5d000, 0x0000000100000000)
 Metaspace       used 52361K, capacity 54586K, committed 54784K, reserved 1097728K
  class space    used 6681K, capacity 7139K, committed 7168K, reserved 1048576K
}
2020-11-07T19:58:38.031+0800: 44.708: Application time: 0.0181321 seconds
{Heap before GC invocations=560 (full 67):
 par new generation   total 9216K, used 8503K [0x00000000e3400000, 0x00000000e3e00000, 0x00000000ecca0000)
  eden space 8192K,  99% used [0x00000000e3400000, 0x00000000e3bfdf78, 0x00000000e3c00000)
  from space 1024K,  31% used [0x00000000e3c00000, 0x00000000e3c4ff40, 0x00000000e3d00000)
  to   space 1024K,   0% used [0x00000000e3d00000, 0x00000000e3d00000, 0x00000000e3e00000)
 concurrent mark-sweep generation total 84724K, used 40416K [0x00000000ecca0000, 0x00000000f1f5d000, 0x0000000100000000)
 Metaspace       used 52428K, capacity 54650K, committed 54784K, reserved 1097728K
  class space    used 6696K, capacity 7139K, committed 7168K, reserved 1048576K
2020-11-07T19:58:38.031+0800: 44.708: [GC (Allocation Failure) 2020-11-07T19:58:38.031+0800: 44.708: [ParNew: 8503K->276K(9216K), 0.0666279 secs] 48920K->40711K(93940K), 0.0666846 secs] [Times: user=0.04 sys=0.00, real=0.07 secs] 
Heap after GC invocations=561 (full 67):
 par new generation   total 9216K, used 276K [0x00000000e3400000, 0x00000000e3e00000, 0x00000000ecca0000)
  eden space 8192K,   0% used [0x00000000e3400000, 0x00000000e3400000, 0x00000000e3c00000)
  from space 1024K,  27% used [0x00000000e3d00000, 0x00000000e3d45208, 0x00000000e3e00000)
  to   space 1024K,   0% used [0x00000000e3c00000, 0x00000000e3c00000, 0x00000000e3d00000)
 concurrent mark-sweep generation total 84724K, used 40434K [0x00000000ecca0000, 0x00000000f1f5d000, 0x0000000100000000)
 Metaspace       used 52428K, capacity 54650K, committed 54784K, reserved 1097728K
  class space    used 6696K, capacity 7139K, committed 7168K, reserved 1048576K
}
2020-11-07T19:58:38.100+0800: 44.777: Application time: 0.0023962 seconds
{Heap before GC invocations=561 (full 67):
 par new generation   total 9216K, used 8440K [0x00000000e3400000, 0x00000000e3e00000, 0x00000000ecca0000)
  eden space 8192K,  99% used [0x00000000e3400000, 0x00000000e3bf8fb0, 0x00000000e3c00000)
  from space 1024K,  27% used [0x00000000e3d00000, 0x00000000e3d45208, 0x00000000e3e00000)
  to   space 1024K,   0% used [0x00000000e3c00000, 0x00000000e3c00000, 0x00000000e3d00000)
 concurrent mark-sweep generation total 84724K, used 40434K [0x00000000ecca0000, 0x00000000f1f5d000, 0x0000000100000000)
 Metaspace       used 52428K, capacity 54650K, committed 54784K, reserved 1097728K
  class space    used 6696K, capacity 7139K, committed 7168K, reserved 1048576K
2020-11-07T19:58:38.100+0800: 44.777: [GC (Allocation Failure) 2020-11-07T19:58:38.100+0800: 44.777: [ParNew: 8440K->267K(9216K), 0.0052539 secs] 48875K->40735K(93940K), 0.0053025 secs] [Times: user=0.01 sys=0.00, real=0.01 secs] 
Heap after GC invocations=562 (full 67):
 par new generation   total 9216K, used 267K [0x00000000e3400000, 0x00000000e3e00000, 0x00000000ecca0000)
  eden space 8192K,   0% used [0x00000000e3400000, 0x00000000e3400000, 0x00000000e3c00000)
  from space 1024K,  26% used [0x00000000e3c00000, 0x00000000e3c42f60, 0x00000000e3d00000)
  to   space 1024K,   0% used [0x00000000e3d00000, 0x00000000e3d00000, 0x00000000e3e00000)
 concurrent mark-sweep generation total 84724K, used 40467K [0x00000000ecca0000, 0x00000000f1f5d000, 0x0000000100000000)
 Metaspace       used 52428K, capacity 54650K, committed 54784K, reserved 1097728K
  class space    used 6696K, capacity 7139K, committed 7168K, reserved 1048576K
}
2020-11-07T19:58:38.109+0800: 44.785: Application time: 0.0029092 seconds
{Heap before GC invocations=562 (full 67):
 par new generation   total 9216K, used 8450K [0x00000000e3400000, 0x00000000e3e00000, 0x00000000ecca0000)
  eden space 8192K,  99% used [0x00000000e3400000, 0x00000000e3bfda00, 0x00000000e3c00000)
  from space 1024K,  26% used [0x00000000e3c00000, 0x00000000e3c42f60, 0x00000000e3d00000)
  to   space 1024K,   0% used [0x00000000e3d00000, 0x00000000e3d00000, 0x00000000e3e00000)
 concurrent mark-sweep generation total 84724K, used 40467K [0x00000000ecca0000, 0x00000000f1f5d000, 0x0000000100000000)
 Metaspace       used 52428K, capacity 54650K, committed 54784K, reserved 1097728K
  class space    used 6696K, capacity 7139K, committed 7168K, reserved 1048576K
2020-11-07T19:58:38.109+0800: 44.786: [GC (Allocation Failure) 2020-11-07T19:58:38.109+0800: 44.786: [ParNew: 8450K->311K(9216K), 0.0147548 secs] 48918K->40797K(93940K), 0.0148079 secs] [Times: user=0.01 sys=0.00, real=0.01 secs] 
Heap after GC invocations=563 (full 67):
 par new generation   total 9216K, used 311K [0x00000000e3400000, 0x00000000e3e00000, 0x00000000ecca0000)
  eden space 8192K,   0% used [0x00000000e3400000, 0x00000000e3400000, 0x00000000e3c00000)
  from space 1024K,  30% used [0x00000000e3d00000, 0x00000000e3d4dce0, 0x00000000e3e00000)
  to   space 1024K,   0% used [0x00000000e3c00000, 0x00000000e3c00000, 0x00000000e3d00000)
 concurrent mark-sweep generation total 84724K, used 40486K [0x00000000ecca0000, 0x00000000f1f5d000, 0x0000000100000000)
 Metaspace       used 52428K, capacity 54650K, committed 54784K, reserved 1097728K
  class space    used 6696K, capacity 7139K, committed 7168K, reserved 1048576K
}
2020-11-07T19:58:38.126+0800: 44.803: Application time: 0.0021785 seconds
{Heap before GC invocations=563 (full 67):
 par new generation   total 9216K, used 8500K [0x00000000e3400000, 0x00000000e3e00000, 0x00000000ecca0000)
  eden space 8192K,  99% used [0x00000000e3400000, 0x00000000e3bff528, 0x00000000e3c00000)
  from space 1024K,  30% used [0x00000000e3d00000, 0x00000000e3d4dce0, 0x00000000e3e00000)
  to   space 1024K,   0% used [0x00000000e3c00000, 0x00000000e3c00000, 0x00000000e3d00000)
 concurrent mark-sweep generation total 84724K, used 40486K [0x00000000ecca0000, 0x00000000f1f5d000, 0x0000000100000000)
 Metaspace       used 52428K, capacity 54650K, committed 54784K, reserved 1097728K
  class space    used 6696K, capacity 7139K, committed 7168K, reserved 1048576K
2020-11-07T19:58:38.126+0800: 44.803: [GC (Allocation Failure) 2020-11-07T19:58:38.126+0800: 44.803: [ParNew: 8500K->272K(9216K), 0.0049994 secs] 48986K->40761K(93940K), 0.0050462 secs] [Times: user=0.00 sys=0.00, real=0.00 secs] 
Heap after GC invocations=564 (full 67):
 par new generation   total 9216K, used 272K [0x00000000e3400000, 0x00000000e3e00000, 0x00000000ecca0000)
  eden space 8192K,   0% used [0x00000000e3400000, 0x00000000e3400000, 0x00000000e3c00000)
  from space 1024K,  26% used [0x00000000e3c00000, 0x00000000e3c44370, 0x00000000e3d00000)
  to   space 1024K,   0% used [0x00000000e3d00000, 0x00000000e3d00000, 0x00000000e3e00000)
 concurrent mark-sweep generation total 84724K, used 40488K [0x00000000ecca0000, 0x00000000f1f5d000, 0x0000000100000000)
 Metaspace       used 52428K, capacity 54650K, committed 54784K, reserved 1097728K
  class space    used 6696K, capacity 7139K, committed 7168K, reserved 1048576K
}
2020-11-07T19:58:38.180+0800: 44.857: Application time: 0.0489163 seconds
{Heap before GC invocations=564 (full 67):
 par new generation   total 9216K, used 8464K [0x00000000e3400000, 0x00000000e3e00000, 0x00000000ecca0000)
  eden space 8192K, 100% used [0x00000000e3400000, 0x00000000e3c00000, 0x00000000e3c00000)
  from space 1024K,  26% used [0x00000000e3c00000, 0x00000000e3c44370, 0x00000000e3d00000)
  to   space 1024K,   0% used [0x00000000e3d00000, 0x00000000e3d00000, 0x00000000e3e00000)
 concurrent mark-sweep generation total 84724K, used 40488K [0x00000000ecca0000, 0x00000000f1f5d000, 0x0000000100000000)
 Metaspace       used 52629K, capacity 54842K, committed 55168K, reserved 1097728K
  class space    used 6729K, capacity 7203K, committed 7296K, reserved 1048576K
2020-11-07T19:58:38.180+0800: 44.857: [GC (Allocation Failure) 2020-11-07T19:58:38.180+0800: 44.857: [ParNew: 8464K->486K(9216K), 0.0253661 secs] 48953K->40975K(93940K), 0.0254224 secs] [Times: user=0.02 sys=0.00, real=0.03 secs] 
Heap after GC invocations=565 (full 67):
 par new generation   total 9216K, used 486K [0x00000000e3400000, 0x00000000e3e00000, 0x00000000ecca0000)
  eden space 8192K,   0% used [0x00000000e3400000, 0x00000000e3400000, 0x00000000e3c00000)
  from space 1024K,  47% used [0x00000000e3d00000, 0x00000000e3d799f0, 0x00000000e3e00000)
  to   space 1024K,   0% used [0x00000000e3c00000, 0x00000000e3c00000, 0x00000000e3d00000)
 concurrent mark-sweep generation total 84724K, used 40488K [0x00000000ecca0000, 0x00000000f1f5d000, 0x0000000100000000)
 Metaspace       used 52629K, capacity 54842K, committed 55168K, reserved 1097728K
  class space    used 6729K, capacity 7203K, committed 7296K, reserved 1048576K
}
2020-11-07T19:58:38.210+0800: 44.887: Application time: 0.0044921 seconds
2020-11-07T19:58:38.238+0800: 44.914: Application time: 0.0265533 seconds
{Heap before GC invocations=565 (full 67):
 par new generation   total 9216K, used 8678K [0x00000000e3400000, 0x00000000e3e00000, 0x00000000ecca0000)
  eden space 8192K, 100% used [0x00000000e3400000, 0x00000000e3c00000, 0x00000000e3c00000)
  from space 1024K,  47% used [0x00000000e3d00000, 0x00000000e3d799f0, 0x00000000e3e00000)
  to   space 1024K,   0% used [0x00000000e3c00000, 0x00000000e3c00000, 0x00000000e3d00000)
 concurrent mark-sweep generation total 84724K, used 40488K [0x00000000ecca0000, 0x00000000f1f5d000, 0x0000000100000000)
 Metaspace       used 52738K, capacity 54970K, committed 55168K, reserved 1097728K
  class space    used 6746K, capacity 7203K, committed 7296K, reserved 1048576K
2020-11-07T19:58:38.238+0800: 44.915: [GC (Allocation Failure) 2020-11-07T19:58:38.238+0800: 44.915: [ParNew: 8678K->311K(9216K), 0.0378491 secs] 49167K->40799K(93940K), 0.0379190 secs] [Times: user=0.04 sys=0.00, real=0.04 secs] 
Heap after GC invocations=566 (full 67):
 par new generation   total 9216K, used 311K [0x00000000e3400000, 0x00000000e3e00000, 0x00000000ecca0000)
  eden space 8192K,   0% used [0x00000000e3400000, 0x00000000e3400000, 0x00000000e3c00000)
  from space 1024K,  30% used [0x00000000e3c00000, 0x00000000e3c4dc80, 0x00000000e3d00000)
  to   space 1024K,   0% used [0x00000000e3d00000, 0x00000000e3d00000, 0x00000000e3e00000)
 concurrent mark-sweep generation total 84724K, used 40488K [0x00000000ecca0000, 0x00000000f1f5d000, 0x0000000100000000)
 Metaspace       used 52738K, capacity 54970K, committed 55168K, reserved 1097728K
  class space    used 6746K, capacity 7203K, committed 7296K, reserved 1048576K
}
2020-11-07T19:58:38.379+0800: 45.056: Application time: 0.1030773 seconds
{Heap before GC invocations=566 (full 67):
 par new generation   total 9216K, used 8503K [0x00000000e3400000, 0x00000000e3e00000, 0x00000000ecca0000)
  eden space 8192K, 100% used [0x00000000e3400000, 0x00000000e3c00000, 0x00000000e3c00000)
  from space 1024K,  30% used [0x00000000e3c00000, 0x00000000e3c4dc80, 0x00000000e3d00000)
  to   space 1024K,   0% used [0x00000000e3d00000, 0x00000000e3d00000, 0x00000000e3e00000)
 concurrent mark-sweep generation total 84724K, used 40488K [0x00000000ecca0000, 0x00000000f1f5d000, 0x0000000100000000)
 Metaspace       used 52857K, capacity 55072K, committed 55424K, reserved 1097728K
  class space    used 6764K, capacity 7236K, committed 7296K, reserved 1048576K
2020-11-07T19:58:38.379+0800: 45.056: [GC (Allocation Failure) 2020-11-07T19:58:38.379+0800: 45.056: [ParNew: 8503K->625K(9216K), 0.0345464 secs] 48991K->41167K(93940K), 0.0346006 secs] [Times: user=0.03 sys=0.00, real=0.03 secs] 
Heap after GC invocations=567 (full 67):
 par new generation   total 9216K, used 625K [0x00000000e3400000, 0x00000000e3e00000, 0x00000000ecca0000)
  eden space 8192K,   0% used [0x00000000e3400000, 0x00000000e3400000, 0x00000000e3c00000)
  from space 1024K,  61% used [0x00000000e3d00000, 0x00000000e3d9c438, 0x00000000e3e00000)
  to   space 1024K,   0% used [0x00000000e3c00000, 0x00000000e3c00000, 0x00000000e3d00000)
 concurrent mark-sweep generation total 84724K, used 40542K [0x00000000ecca0000, 0x00000000f1f5d000, 0x0000000100000000)
 Metaspace       used 52857K, capacity 55072K, committed 55424K, reserved 1097728K
  class space    used 6764K, capacity 7236K, committed 7296K, reserved 1048576K
}
2020-11-07T19:58:38.424+0800: 45.101: Application time: 0.0100801 seconds
{Heap before GC invocations=567 (full 67):
 par new generation   total 9216K, used 8799K [0x00000000e3400000, 0x00000000e3e00000, 0x00000000ecca0000)
  eden space 8192K,  99% used [0x00000000e3400000, 0x00000000e3bfba70, 0x00000000e3c00000)
  from space 1024K,  61% used [0x00000000e3d00000, 0x00000000e3d9c438, 0x00000000e3e00000)
  to   space 1024K,   0% used [0x00000000e3c00000, 0x00000000e3c00000, 0x00000000e3d00000)
 concurrent mark-sweep generation total 84724K, used 40542K [0x00000000ecca0000, 0x00000000f1f5d000, 0x0000000100000000)
 Metaspace       used 52882K, capacity 55136K, committed 55424K, reserved 1097728K
  class space    used 6768K, capacity 7236K, committed 7296K, reserved 1048576K
2020-11-07T19:58:38.424+0800: 45.101: [GC (Allocation Failure) 2020-11-07T19:58:38.424+0800: 45.101: [ParNew: 8799K->588K(9216K), 0.0186962 secs] 49342K->41234K(93940K), 0.0187596 secs] [Times: user=0.02 sys=0.00, real=0.02 secs] 
Heap after GC invocations=568 (full 67):
 par new generation   total 9216K, used 588K [0x00000000e3400000, 0x00000000e3e00000, 0x00000000ecca0000)
  eden space 8192K,   0% used [0x00000000e3400000, 0x00000000e3400000, 0x00000000e3c00000)
  from space 1024K,  57% used [0x00000000e3c00000, 0x00000000e3c93030, 0x00000000e3d00000)
  to   space 1024K,   0% used [0x00000000e3d00000, 0x00000000e3d00000, 0x00000000e3e00000)
 concurrent mark-sweep generation total 84724K, used 40646K [0x00000000ecca0000, 0x00000000f1f5d000, 0x0000000100000000)
 Metaspace       used 52882K, capacity 55136K, committed 55424K, reserved 1097728K
  class space    used 6768K, capacity 7236K, committed 7296K, reserved 1048576K
}
2020-11-07T19:58:38.445+0800: 45.122: Application time: 0.0023994 seconds
{Heap before GC invocations=568 (full 67):
 par new generation   total 9216K, used 8775K [0x00000000e3400000, 0x00000000e3e00000, 0x00000000ecca0000)
  eden space 8192K,  99% used [0x00000000e3400000, 0x00000000e3bfed68, 0x00000000e3c00000)
  from space 1024K,  57% used [0x00000000e3c00000, 0x00000000e3c93030, 0x00000000e3d00000)
  to   space 1024K,   0% used [0x00000000e3d00000, 0x00000000e3d00000, 0x00000000e3e00000)
 concurrent mark-sweep generation total 84724K, used 40646K [0x00000000ecca0000, 0x00000000f1f5d000, 0x0000000100000000)
 Metaspace       used 52882K, capacity 55136K, committed 55424K, reserved 1097728K
  class space    used 6768K, capacity 7236K, committed 7296K, reserved 1048576K
2020-11-07T19:58:38.445+0800: 45.122: [GC (Allocation Failure) 2020-11-07T19:58:38.445+0800: 45.122: [ParNew: 8775K->545K(9216K), 0.0171377 secs] 49422K->41192K(93940K), 0.0171991 secs] [Times: user=0.02 sys=0.00, real=0.01 secs] 
Heap after GC invocations=569 (full 67):
 par new generation   total 9216K, used 545K [0x00000000e3400000, 0x00000000e3e00000, 0x00000000ecca0000)
  eden space 8192K,   0% used [0x00000000e3400000, 0x00000000e3400000, 0x00000000e3c00000)
  from space 1024K,  53% used [0x00000000e3d00000, 0x00000000e3d88658, 0x00000000e3e00000)
  to   space 1024K,   0% used [0x00000000e3c00000, 0x00000000e3c00000, 0x00000000e3d00000)
 concurrent mark-sweep generation total 84724K, used 40646K [0x00000000ecca0000, 0x00000000f1f5d000, 0x0000000100000000)
 Metaspace       used 52882K, capacity 55136K, committed 55424K, reserved 1097728K
  class space    used 6768K, capacity 7236K, committed 7296K, reserved 1048576K
}
2020-11-07T19:58:38.466+0800: 45.142: Application time: 0.0028546 seconds
{Heap before GC invocations=569 (full 67):
 par new generation   total 9216K, used 8705K [0x00000000e3400000, 0x00000000e3e00000, 0x00000000ecca0000)
  eden space 8192K,  99% used [0x00000000e3400000, 0x00000000e3bf81a0, 0x00000000e3c00000)
  from space 1024K,  53% used [0x00000000e3d00000, 0x00000000e3d88658, 0x00000000e3e00000)
  to   space 1024K,   0% used [0x00000000e3c00000, 0x00000000e3c00000, 0x00000000e3d00000)
 concurrent mark-sweep generation total 84724K, used 40646K [0x00000000ecca0000, 0x00000000f1f5d000, 0x0000000100000000)
 Metaspace       used 52882K, capacity 55136K, committed 55424K, reserved 1097728K
  class space    used 6768K, capacity 7236K, committed 7296K, reserved 1048576K
2020-11-07T19:58:38.466+0800: 45.142: [GC (Allocation Failure) 2020-11-07T19:58:38.466+0800: 45.142: [ParNew: 8705K->507K(9216K), 0.0119049 secs] 49352K->41154K(93940K), 0.0119687 secs] [Times: user=0.02 sys=0.00, real=0.01 secs] 
Heap after GC invocations=570 (full 67):
 par new generation   total 9216K, used 507K [0x00000000e3400000, 0x00000000e3e00000, 0x00000000ecca0000)
  eden space 8192K,   0% used [0x00000000e3400000, 0x00000000e3400000, 0x00000000e3c00000)
  from space 1024K,  49% used [0x00000000e3c00000, 0x00000000e3c7ef70, 0x00000000e3d00000)
  to   space 1024K,   0% used [0x00000000e3d00000, 0x00000000e3d00000, 0x00000000e3e00000)
 concurrent mark-sweep generation total 84724K, used 40646K [0x00000000ecca0000, 0x00000000f1f5d000, 0x0000000100000000)
 Metaspace       used 52882K, capacity 55136K, committed 55424K, reserved 1097728K
  class space    used 6768K, capacity 7236K, committed 7296K, reserved 1048576K
}
2020-11-07T19:58:38.493+0800: 45.170: Application time: 0.0152947 seconds
{Heap before GC invocations=570 (full 67):
 par new generation   total 9216K, used 8699K [0x00000000e3400000, 0x00000000e3e00000, 0x00000000ecca0000)
  eden space 8192K, 100% used [0x00000000e3400000, 0x00000000e3c00000, 0x00000000e3c00000)
  from space 1024K,  49% used [0x00000000e3c00000, 0x00000000e3c7ef70, 0x00000000e3d00000)
  to   space 1024K,   0% used [0x00000000e3d00000, 0x00000000e3d00000, 0x00000000e3e00000)
 concurrent mark-sweep generation total 84724K, used 40646K [0x00000000ecca0000, 0x00000000f1f5d000, 0x0000000100000000)
 Metaspace       used 53055K, capacity 55270K, committed 55680K, reserved 1097728K
  class space    used 6777K, capacity 7237K, committed 7296K, reserved 1048576K
2020-11-07T19:58:38.493+0800: 45.170: [GC (Allocation Failure) 2020-11-07T19:58:38.493+0800: 45.170: [ParNew: 8699K->686K(9216K), 0.0284339 secs] 49346K->41333K(93940K), 0.0284890 secs] [Times: user=0.03 sys=0.00, real=0.03 secs] 
Heap after GC invocations=571 (full 67):
 par new generation   total 9216K, used 686K [0x00000000e3400000, 0x00000000e3e00000, 0x00000000ecca0000)
  eden space 8192K,   0% used [0x00000000e3400000, 0x00000000e3400000, 0x00000000e3c00000)
  from space 1024K,  67% used [0x00000000e3d00000, 0x00000000e3dab9f0, 0x00000000e3e00000)
  to   space 1024K,   0% used [0x00000000e3c00000, 0x00000000e3c00000, 0x00000000e3d00000)
 concurrent mark-sweep generation total 84724K, used 40646K [0x00000000ecca0000, 0x00000000f1f5d000, 0x0000000100000000)
 Metaspace       used 53055K, capacity 55270K, committed 55680K, reserved 1097728K
  class space    used 6777K, capacity 7237K, committed 7296K, reserved 1048576K
}
2020-11-07T19:58:38.563+0800: 45.240: Application time: 0.0416289 seconds
{Heap before GC invocations=571 (full 67):
 par new generation   total 9216K, used 8878K [0x00000000e3400000, 0x00000000e3e00000, 0x00000000ecca0000)
  eden space 8192K, 100% used [0x00000000e3400000, 0x00000000e3c00000, 0x00000000e3c00000)
  from space 1024K,  67% used [0x00000000e3d00000, 0x00000000e3dab9f0, 0x00000000e3e00000)
  to   space 1024K,   0% used [0x00000000e3c00000, 0x00000000e3c00000, 0x00000000e3d00000)
 concurrent mark-sweep generation total 84724K, used 40646K [0x00000000ecca0000, 0x00000000f1f5d000, 0x0000000100000000)
 Metaspace       used 53334K, capacity 55558K, committed 55936K, reserved 1097728K
  class space    used 6814K, capacity 7269K, committed 7296K, reserved 1048576K
2020-11-07T19:58:38.564+0800: 45.240: [GC (Allocation Failure) 2020-11-07T19:58:38.564+0800: 45.240: [ParNew: 8878K->511K(9216K), 0.0433730 secs] 49525K->41510K(93940K), 0.0434355 secs] [Times: user=0.04 sys=0.00, real=0.05 secs] 
Heap after GC invocations=572 (full 67):
 par new generation   total 9216K, used 511K [0x00000000e3400000, 0x00000000e3e00000, 0x00000000ecca0000)
  eden space 8192K,   0% used [0x00000000e3400000, 0x00000000e3400000, 0x00000000e3c00000)
  from space 1024K,  49% used [0x00000000e3c00000, 0x00000000e3c7fe98, 0x00000000e3d00000)
  to   space 1024K,   0% used [0x00000000e3d00000, 0x00000000e3d00000, 0x00000000e3e00000)
 concurrent mark-sweep generation total 84724K, used 40998K [0x00000000ecca0000, 0x00000000f1f5d000, 0x0000000100000000)
 Metaspace       used 53334K, capacity 55558K, committed 55936K, reserved 1097728K
  class space    used 6814K, capacity 7269K, committed 7296K, reserved 1048576K
}
2020-11-07T19:58:38.630+0800: 45.307: Application time: 0.0226862 seconds
{Heap before GC invocations=572 (full 67):
 par new generation   total 9216K, used 8703K [0x00000000e3400000, 0x00000000e3e00000, 0x00000000ecca0000)
  eden space 8192K, 100% used [0x00000000e3400000, 0x00000000e3c00000, 0x00000000e3c00000)
  from space 1024K,  49% used [0x00000000e3c00000, 0x00000000e3c7fe98, 0x00000000e3d00000)
  to   space 1024K,   0% used [0x00000000e3d00000, 0x00000000e3d00000, 0x00000000e3e00000)
 concurrent mark-sweep generation total 84724K, used 40998K [0x00000000ecca0000, 0x00000000f1f5d000, 0x0000000100000000)
 Metaspace       used 53441K, capacity 55654K, committed 56064K, reserved 1097728K
  class space    used 6828K, capacity 7301K, committed 7424K, reserved 1048576K
2020-11-07T19:58:38.630+0800: 45.307: [GC (Allocation Failure) 2020-11-07T19:58:38.630+0800: 45.307: [ParNew: 8703K->313K(9216K), 0.0187542 secs] 49702K->41311K(93940K), 0.0188083 secs] [Times: user=0.02 sys=0.00, real=0.02 secs] 
Heap after GC invocations=573 (full 67):
 par new generation   total 9216K, used 313K [0x00000000e3400000, 0x00000000e3e00000, 0x00000000ecca0000)
  eden space 8192K,   0% used [0x00000000e3400000, 0x00000000e3400000, 0x00000000e3c00000)
  from space 1024K,  30% used [0x00000000e3d00000, 0x00000000e3d4e4b0, 0x00000000e3e00000)
  to   space 1024K,   0% used [0x00000000e3c00000, 0x00000000e3c00000, 0x00000000e3d00000)
 concurrent mark-sweep generation total 84724K, used 40998K [0x00000000ecca0000, 0x00000000f1f5d000, 0x0000000100000000)
 Metaspace       used 53441K, capacity 55654K, committed 56064K, reserved 1097728K
  class space    used 6828K, capacity 7301K, committed 7424K, reserved 1048576K
}
2020-11-07T19:58:38.673+0800: 45.349: Application time: 0.0238647 seconds
{Heap before GC invocations=573 (full 67):
 par new generation   total 9216K, used 8505K [0x00000000e3400000, 0x00000000e3e00000, 0x00000000ecca0000)
  eden space 8192K, 100% used [0x00000000e3400000, 0x00000000e3c00000, 0x00000000e3c00000)
  from space 1024K,  30% used [0x00000000e3d00000, 0x00000000e3d4e4b0, 0x00000000e3e00000)
  to   space 1024K,   0% used [0x00000000e3c00000, 0x00000000e3c00000, 0x00000000e3d00000)
 concurrent mark-sweep generation total 84724K, used 40998K [0x00000000ecca0000, 0x00000000f1f5d000, 0x0000000100000000)
 Metaspace       used 53595K, capacity 55782K, committed 56064K, reserved 1097728K
  class space    used 6851K, capacity 7301K, committed 7424K, reserved 1048576K
2020-11-07T19:58:38.673+0800: 45.350: [GC (Allocation Failure) 2020-11-07T19:58:38.673+0800: 45.350: [ParNew: 8505K->357K(9216K), 0.0298638 secs] 49503K->41356K(93940K), 0.0299182 secs] [Times: user=0.03 sys=0.00, real=0.03 secs] 
Heap after GC invocations=574 (full 67):
 par new generation   total 9216K, used 357K [0x00000000e3400000, 0x00000000e3e00000, 0x00000000ecca0000)
  eden space 8192K,   0% used [0x00000000e3400000, 0x00000000e3400000, 0x00000000e3c00000)
  from space 1024K,  34% used [0x00000000e3c00000, 0x00000000e3c59530, 0x00000000e3d00000)
  to   space 1024K,   0% used [0x00000000e3d00000, 0x00000000e3d00000, 0x00000000e3e00000)
 concurrent mark-sweep generation total 84724K, used 40998K [0x00000000ecca0000, 0x00000000f1f5d000, 0x0000000100000000)
 Metaspace       used 53595K, capacity 55782K, committed 56064K, reserved 1097728K
  class space    used 6851K, capacity 7301K, committed 7424K, reserved 1048576K
}
2020-11-07T19:58:38.721+0800: 45.398: Application time: 0.0180548 seconds
{Heap before GC invocations=574 (full 67):
 par new generation   total 9216K, used 8549K [0x00000000e3400000, 0x00000000e3e00000, 0x00000000ecca0000)
  eden space 8192K, 100% used [0x00000000e3400000, 0x00000000e3c00000, 0x00000000e3c00000)
  from space 1024K,  34% used [0x00000000e3c00000, 0x00000000e3c59530, 0x00000000e3d00000)
  to   space 1024K,   0% used [0x00000000e3d00000, 0x00000000e3d00000, 0x00000000e3e00000)
 concurrent mark-sweep generation total 84724K, used 40998K [0x00000000ecca0000, 0x00000000f1f5d000, 0x0000000100000000)
 Metaspace       used 53674K, capacity 55942K, committed 56320K, reserved 1097728K
  class space    used 6861K, capacity 7333K, committed 7424K, reserved 1048576K
2020-11-07T19:58:38.721+0800: 45.398: [GC (Allocation Failure) 2020-11-07T19:58:38.721+0800: 45.398: [ParNew: 8549K->356K(9216K), 0.0345115 secs] 49548K->41355K(93940K), 0.0345744 secs] [Times: user=0.03 sys=0.00, real=0.04 secs] 
Heap after GC invocations=575 (full 67):
 par new generation   total 9216K, used 356K [0x00000000e3400000, 0x00000000e3e00000, 0x00000000ecca0000)
  eden space 8192K,   0% used [0x00000000e3400000, 0x00000000e3400000, 0x00000000e3c00000)
  from space 1024K,  34% used [0x00000000e3d00000, 0x00000000e3d59278, 0x00000000e3e00000)
  to   space 1024K,   0% used [0x00000000e3c00000, 0x00000000e3c00000, 0x00000000e3d00000)
 concurrent mark-sweep generation total 84724K, used 40998K [0x00000000ecca0000, 0x00000000f1f5d000, 0x0000000100000000)
 Metaspace       used 53674K, capacity 55942K, committed 56320K, reserved 1097728K
  class space    used 6861K, capacity 7333K, committed 7424K, reserved 1048576K
}
2020-11-07T19:58:38.770+0800: 45.447: Application time: 0.0142963 seconds
{Heap before GC invocations=575 (full 67):
 par new generation   total 9216K, used 8548K [0x00000000e3400000, 0x00000000e3e00000, 0x00000000ecca0000)
  eden space 8192K, 100% used [0x00000000e3400000, 0x00000000e3c00000, 0x00000000e3c00000)
  from space 1024K,  34% used [0x00000000e3d00000, 0x00000000e3d59278, 0x00000000e3e00000)
  to   space 1024K,   0% used [0x00000000e3c00000, 0x00000000e3c00000, 0x00000000e3d00000)
 concurrent mark-sweep generation total 84724K, used 40998K [0x00000000ecca0000, 0x00000000f1f5d000, 0x0000000100000000)
 Metaspace       used 53747K, capacity 56006K, committed 56320K, reserved 1097728K
  class space    used 6868K, capacity 7333K, committed 7424K, reserved 1048576K
2020-11-07T19:58:38.770+0800: 45.447: [GC (Allocation Failure) 2020-11-07T19:58:38.770+0800: 45.447: [ParNew: 8548K->195K(9216K), 0.0244170 secs] 49547K->41194K(93940K), 0.0244756 secs] [Times: user=0.02 sys=0.00, real=0.03 secs] 
Heap after GC invocations=576 (full 67):
 par new generation   total 9216K, used 195K [0x00000000e3400000, 0x00000000e3e00000, 0x00000000ecca0000)
  eden space 8192K,   0% used [0x00000000e3400000, 0x00000000e3400000, 0x00000000e3c00000)
  from space 1024K,  19% used [0x00000000e3c00000, 0x00000000e3c30db0, 0x00000000e3d00000)
  to   space 1024K,   0% used [0x00000000e3d00000, 0x00000000e3d00000, 0x00000000e3e00000)
 concurrent mark-sweep generation total 84724K, used 40998K [0x00000000ecca0000, 0x00000000f1f5d000, 0x0000000100000000)
 Metaspace       used 53747K, capacity 56006K, committed 56320K, reserved 1097728K
  class space    used 6868K, capacity 7333K, committed 7424K, reserved 1048576K
}
2020-11-07T19:58:38.806+0800: 45.483: Application time: 0.0114699 seconds
{Heap before GC invocations=576 (full 67):
 par new generation   total 9216K, used 8387K [0x00000000e3400000, 0x00000000e3e00000, 0x00000000ecca0000)
  eden space 8192K, 100% used [0x00000000e3400000, 0x00000000e3c00000, 0x00000000e3c00000)
  from space 1024K,  19% used [0x00000000e3c00000, 0x00000000e3c30db0, 0x00000000e3d00000)
  to   space 1024K,   0% used [0x00000000e3d00000, 0x00000000e3d00000, 0x00000000e3e00000)
 concurrent mark-sweep generation total 84724K, used 40998K [0x00000000ecca0000, 0x00000000f1f5d000, 0x0000000100000000)
 Metaspace       used 53782K, capacity 56006K, committed 56320K, reserved 1097728K
  class space    used 6872K, capacity 7333K, committed 7424K, reserved 1048576K
2020-11-07T19:58:38.806+0800: 45.483: [GC (Allocation Failure) 2020-11-07T19:58:38.806+0800: 45.483: [ParNew: 8387K->173K(9216K), 0.0262235 secs] 49386K->41180K(93940K), 0.0262809 secs] [Times: user=0.03 sys=0.00, real=0.02 secs] 
Heap after GC invocations=577 (full 67):
 par new generation   total 9216K, used 173K [0x00000000e3400000, 0x00000000e3e00000, 0x00000000ecca0000)
  eden space 8192K,   0% used [0x00000000e3400000, 0x00000000e3400000, 0x00000000e3c00000)
  from space 1024K,  16% used [0x00000000e3d00000, 0x00000000e3d2b628, 0x00000000e3e00000)
  to   space 1024K,   0% used [0x00000000e3c00000, 0x00000000e3c00000, 0x00000000e3d00000)
 concurrent mark-sweep generation total 84724K, used 41006K [0x00000000ecca0000, 0x00000000f1f5d000, 0x0000000100000000)
 Metaspace       used 53782K, capacity 56006K, committed 56320K, reserved 1097728K
  class space    used 6872K, capacity 7333K, committed 7424K, reserved 1048576K
}
2020-11-07T19:58:38.846+0800: 45.522: Application time: 0.0128891 seconds
{Heap before GC invocations=577 (full 67):
 par new generation   total 9216K, used 8365K [0x00000000e3400000, 0x00000000e3e00000, 0x00000000ecca0000)
  eden space 8192K, 100% used [0x00000000e3400000, 0x00000000e3c00000, 0x00000000e3c00000)
  from space 1024K,  16% used [0x00000000e3d00000, 0x00000000e3d2b628, 0x00000000e3e00000)
  to   space 1024K,   0% used [0x00000000e3c00000, 0x00000000e3c00000, 0x00000000e3d00000)
 concurrent mark-sweep generation total 84724K, used 41006K [0x00000000ecca0000, 0x00000000f1f5d000, 0x0000000100000000)
 Metaspace       used 53829K, capacity 56070K, committed 56320K, reserved 1097728K
  class space    used 6878K, capacity 7333K, committed 7424K, reserved 1048576K
2020-11-07T19:58:38.846+0800: 45.522: [GC (Allocation Failure) 2020-11-07T19:58:38.846+0800: 45.523: [ParNew: 8365K->207K(9216K), 0.0158811 secs] 49372K->41213K(93940K), 0.0159466 secs] [Times: user=0.02 sys=0.00, real=0.01 secs] 
Heap after GC invocations=578 (full 67):
 par new generation   total 9216K, used 207K [0x00000000e3400000, 0x00000000e3e00000, 0x00000000ecca0000)
  eden space 8192K,   0% used [0x00000000e3400000, 0x00000000e3400000, 0x00000000e3c00000)
  from space 1024K,  20% used [0x00000000e3c00000, 0x00000000e3c33c18, 0x00000000e3d00000)
  to   space 1024K,   0% used [0x00000000e3d00000, 0x00000000e3d00000, 0x00000000e3e00000)
 concurrent mark-sweep generation total 84724K, used 41006K [0x00000000ecca0000, 0x00000000f1f5d000, 0x0000000100000000)
 Metaspace       used 53829K, capacity 56070K, committed 56320K, reserved 1097728K
  class space    used 6878K, capacity 7333K, committed 7424K, reserved 1048576K
}
2020-11-07T19:58:38.870+0800: 45.547: Application time: 0.0080382 seconds
{Heap before GC invocations=578 (full 67):
 par new generation   total 9216K, used 8399K [0x00000000e3400000, 0x00000000e3e00000, 0x00000000ecca0000)
  eden space 8192K, 100% used [0x00000000e3400000, 0x00000000e3c00000, 0x00000000e3c00000)
  from space 1024K,  20% used [0x00000000e3c00000, 0x00000000e3c33c18, 0x00000000e3d00000)
  to   space 1024K,   0% used [0x00000000e3d00000, 0x00000000e3d00000, 0x00000000e3e00000)
 concurrent mark-sweep generation total 84724K, used 41006K [0x00000000ecca0000, 0x00000000f1f5d000, 0x0000000100000000)
 Metaspace       used 53866K, capacity 56070K, committed 56320K, reserved 1097728K
  class space    used 6882K, capacity 7333K, committed 7424K, reserved 1048576K
2020-11-07T19:58:38.870+0800: 45.547: [GC (Allocation Failure) 2020-11-07T19:58:38.870+0800: 45.547: [ParNew: 8399K->299K(9216K), 0.0206192 secs] 49405K->41306K(93940K), 0.0206739 secs] [Times: user=0.02 sys=0.00, real=0.02 secs] 
Heap after GC invocations=579 (full 67):
 par new generation   total 9216K, used 299K [0x00000000e3400000, 0x00000000e3e00000, 0x00000000ecca0000)
  eden space 8192K,   0% used [0x00000000e3400000, 0x00000000e3400000, 0x00000000e3c00000)
  from space 1024K,  29% used [0x00000000e3d00000, 0x00000000e3d4adb0, 0x00000000e3e00000)
  to   space 1024K,   0% used [0x00000000e3c00000, 0x00000000e3c00000, 0x00000000e3d00000)
 concurrent mark-sweep generation total 84724K, used 41006K [0x00000000ecca0000, 0x00000000f1f5d000, 0x0000000100000000)
 Metaspace       used 53866K, capacity 56070K, committed 56320K, reserved 1097728K
  class space    used 6882K, capacity 7333K, committed 7424K, reserved 1048576K
}
2020-11-07T19:58:38.893+0800: 45.570: Application time: 0.0022845 seconds
{Heap before GC invocations=579 (full 67):
 par new generation   total 9216K, used 8458K [0x00000000e3400000, 0x00000000e3e00000, 0x00000000ecca0000)
  eden space 8192K,  99% used [0x00000000e3400000, 0x00000000e3bf7a88, 0x00000000e3c00000)
  from space 1024K,  29% used [0x00000000e3d00000, 0x00000000e3d4adb0, 0x00000000e3e00000)
  to   space 1024K,   0% used [0x00000000e3c00000, 0x00000000e3c00000, 0x00000000e3d00000)
 concurrent mark-sweep generation total 84724K, used 41006K [0x00000000ecca0000, 0x00000000f1f5d000, 0x0000000100000000)
 Metaspace       used 53866K, capacity 56070K, committed 56320K, reserved 1097728K
  class space    used 6882K, capacity 7333K, committed 7424K, reserved 1048576K
2020-11-07T19:58:38.893+0800: 45.570: [GC (Allocation Failure) 2020-11-07T19:58:38.893+0800: 45.570: [ParNew: 8458K->277K(9216K), 0.0176461 secs] 49464K->41292K(93940K), 0.0176992 secs] [Times: user=0.01 sys=0.00, real=0.02 secs] 
Heap after GC invocations=580 (full 67):
 par new generation   total 9216K, used 277K [0x00000000e3400000, 0x00000000e3e00000, 0x00000000ecca0000)
  eden space 8192K,   0% used [0x00000000e3400000, 0x00000000e3400000, 0x00000000e3c00000)
  from space 1024K,  27% used [0x00000000e3c00000, 0x00000000e3c457f0, 0x00000000e3d00000)
  to   space 1024K,   0% used [0x00000000e3d00000, 0x00000000e3d00000, 0x00000000e3e00000)
 concurrent mark-sweep generation total 84724K, used 41014K [0x00000000ecca0000, 0x00000000f1f5d000, 0x0000000100000000)
 Metaspace       used 53866K, capacity 56070K, committed 56320K, reserved 1097728K
  class space    used 6882K, capacity 7333K, committed 7424K, reserved 1048576K
}
2020-11-07T19:58:38.913+0800: 45.590: Application time: 0.0023012 seconds
{Heap before GC invocations=580 (full 67):
 par new generation   total 9216K, used 8467K [0x00000000e3400000, 0x00000000e3e00000, 0x00000000ecca0000)
  eden space 8192K,  99% used [0x00000000e3400000, 0x00000000e3bff7b0, 0x00000000e3c00000)
  from space 1024K,  27% used [0x00000000e3c00000, 0x00000000e3c457f0, 0x00000000e3d00000)
  to   space 1024K,   0% used [0x00000000e3d00000, 0x00000000e3d00000, 0x00000000e3e00000)
 concurrent mark-sweep generation total 84724K, used 41014K [0x00000000ecca0000, 0x00000000f1f5d000, 0x0000000100000000)
 Metaspace       used 53866K, capacity 56070K, committed 56320K, reserved 1097728K
  class space    used 6882K, capacity 7333K, committed 7424K, reserved 1048576K
2020-11-07T19:58:38.913+0800: 45.590: [GC (Allocation Failure) 2020-11-07T19:58:38.913+0800: 45.590: [ParNew: 8467K->253K(9216K), 0.0124291 secs] 49482K->41299K(93940K), 0.0124813 secs] [Times: user=0.01 sys=0.00, real=0.02 secs] 
Heap after GC invocations=581 (full 67):
 par new generation   total 9216K, used 253K [0x00000000e3400000, 0x00000000e3e00000, 0x00000000ecca0000)
  eden space 8192K,   0% used [0x00000000e3400000, 0x00000000e3400000, 0x00000000e3c00000)
  from space 1024K,  24% used [0x00000000e3d00000, 0x00000000e3d3f518, 0x00000000e3e00000)
  to   space 1024K,   0% used [0x00000000e3c00000, 0x00000000e3c00000, 0x00000000e3d00000)
 concurrent mark-sweep generation total 84724K, used 41046K [0x00000000ecca0000, 0x00000000f1f5d000, 0x0000000100000000)
 Metaspace       used 53866K, capacity 56070K, committed 56320K, reserved 1097728K
  class space    used 6882K, capacity 7333K, committed 7424K, reserved 1048576K
}
2020-11-07T19:58:38.945+0800: 45.621: Application time: 0.0187126 seconds
{Heap before GC invocations=581 (full 67):
 par new generation   total 9216K, used 8445K [0x00000000e3400000, 0x00000000e3e00000, 0x00000000ecca0000)
  eden space 8192K, 100% used [0x00000000e3400000, 0x00000000e3c00000, 0x00000000e3c00000)
  from space 1024K,  24% used [0x00000000e3d00000, 0x00000000e3d3f518, 0x00000000e3e00000)
  to   space 1024K,   0% used [0x00000000e3c00000, 0x00000000e3c00000, 0x00000000e3d00000)
 concurrent mark-sweep generation total 84724K, used 41046K [0x00000000ecca0000, 0x00000000f1f5d000, 0x0000000100000000)
 Metaspace       used 53931K, capacity 56134K, committed 56576K, reserved 1097728K
  class space    used 6889K, capacity 7333K, committed 7424K, reserved 1048576K
2020-11-07T19:58:38.945+0800: 45.622: [GC (Allocation Failure) 2020-11-07T19:58:38.945+0800: 45.622: [ParNew: 8445K->304K(9216K), 0.0242937 secs] 49491K->41366K(93940K), 0.0243465 secs] [Times: user=0.01 sys=0.00, real=0.02 secs] 
Heap after GC invocations=582 (full 67):
 par new generation   total 9216K, used 304K [0x00000000e3400000, 0x00000000e3e00000, 0x00000000ecca0000)
  eden space 8192K,   0% used [0x00000000e3400000, 0x00000000e3400000, 0x00000000e3c00000)
  from space 1024K,  29% used [0x00000000e3c00000, 0x00000000e3c4c100, 0x00000000e3d00000)
  to   space 1024K,   0% used [0x00000000e3d00000, 0x00000000e3d00000, 0x00000000e3e00000)
 concurrent mark-sweep generation total 84724K, used 41061K [0x00000000ecca0000, 0x00000000f1f5d000, 0x0000000100000000)
 Metaspace       used 53931K, capacity 56134K, committed 56576K, reserved 1097728K
  class space    used 6889K, capacity 7333K, committed 7424K, reserved 1048576K
}
2020-11-07T19:58:39.013+0800: 45.690: Application time: 0.0436178 seconds
{Heap before GC invocations=582 (full 67):
 par new generation   total 9216K, used 8496K [0x00000000e3400000, 0x00000000e3e00000, 0x00000000ecca0000)
  eden space 8192K, 100% used [0x00000000e3400000, 0x00000000e3c00000, 0x00000000e3c00000)
  from space 1024K,  29% used [0x00000000e3c00000, 0x00000000e3c4c100, 0x00000000e3d00000)
  to   space 1024K,   0% used [0x00000000e3d00000, 0x00000000e3d00000, 0x00000000e3e00000)
 concurrent mark-sweep generation total 84724K, used 41061K [0x00000000ecca0000, 0x00000000f1f5d000, 0x0000000100000000)
 Metaspace       used 54163K, capacity 56358K, committed 56576K, reserved 1097728K
  class space    used 6912K, capacity 7365K, committed 7424K, reserved 1048576K
2020-11-07T19:58:39.013+0800: 45.690: [GC (Allocation Failure) 2020-11-07T19:58:39.013+0800: 45.690: [ParNew: 8496K->487K(9216K), 0.0185370 secs] 49558K->41578K(93940K), 0.0185911 secs] [Times: user=0.02 sys=0.00, real=0.02 secs] 
Heap after GC invocations=583 (full 67):
 par new generation   total 9216K, used 487K [0x00000000e3400000, 0x00000000e3e00000, 0x00000000ecca0000)
  eden space 8192K,   0% used [0x00000000e3400000, 0x00000000e3400000, 0x00000000e3c00000)
  from space 1024K,  47% used [0x00000000e3d00000, 0x00000000e3d79fd8, 0x00000000e3e00000)
  to   space 1024K,   0% used [0x00000000e3c00000, 0x00000000e3c00000, 0x00000000e3d00000)
 concurrent mark-sweep generation total 84724K, used 41090K [0x00000000ecca0000, 0x00000000f1f5d000, 0x0000000100000000)
 Metaspace       used 54163K, capacity 56358K, committed 56576K, reserved 1097728K
  class space    used 6912K, capacity 7365K, committed 7424K, reserved 1048576K
}
2020-11-07T19:58:39.041+0800: 45.717: Application time: 0.0090368 seconds
2020-11-07T19:58:39.041+0800: 45.717: Application time: 0.0000380 seconds
2020-11-07T19:58:39.074+0800: 45.750: Application time: 0.0328456 seconds
{Heap before GC invocations=583 (full 67):
 par new generation   total 9216K, used 8679K [0x00000000e3400000, 0x00000000e3e00000, 0x00000000ecca0000)
  eden space 8192K, 100% used [0x00000000e3400000, 0x00000000e3c00000, 0x00000000e3c00000)
  from space 1024K,  47% used [0x00000000e3d00000, 0x00000000e3d79fd8, 0x00000000e3e00000)
  to   space 1024K,   0% used [0x00000000e3c00000, 0x00000000e3c00000, 0x00000000e3d00000)
 concurrent mark-sweep generation total 84724K, used 41090K [0x00000000ecca0000, 0x00000000f1f5d000, 0x0000000100000000)
 Metaspace       used 54180K, capacity 56422K, committed 56832K, reserved 1099776K
  class space    used 6914K, capacity 7365K, committed 7424K, reserved 1048576K
2020-11-07T19:58:39.074+0800: 45.751: [GC (Allocation Failure) 2020-11-07T19:58:39.074+0800: 45.751: [ParNew: 8679K->190K(9216K), 0.0115376 secs] 49770K->41290K(93940K), 0.0115934 secs] [Times: user=0.01 sys=0.00, real=0.02 secs] 
Heap after GC invocations=584 (full 67):
 par new generation   total 9216K, used 190K [0x00000000e3400000, 0x00000000e3e00000, 0x00000000ecca0000)
  eden space 8192K,   0% used [0x00000000e3400000, 0x00000000e3400000, 0x00000000e3c00000)
  from space 1024K,  18% used [0x00000000e3c00000, 0x00000000e3c2fac8, 0x00000000e3d00000)
  to   space 1024K,   0% used [0x00000000e3d00000, 0x00000000e3d00000, 0x00000000e3e00000)
 concurrent mark-sweep generation total 84724K, used 41100K [0x00000000ecca0000, 0x00000000f1f5d000, 0x0000000100000000)
 Metaspace       used 54180K, capacity 56422K, committed 56832K, reserved 1099776K
  class space    used 6914K, capacity 7365K, committed 7424K, reserved 1048576K
}
2020-11-07T19:58:39.171+0800: 45.848: Application time: 0.0853134 seconds
{Heap before GC invocations=584 (full 67):
 par new generation   total 9216K, used 8382K [0x00000000e3400000, 0x00000000e3e00000, 0x00000000ecca0000)
  eden space 8192K, 100% used [0x00000000e3400000, 0x00000000e3c00000, 0x00000000e3c00000)
  from space 1024K,  18% used [0x00000000e3c00000, 0x00000000e3c2fac8, 0x00000000e3d00000)
  to   space 1024K,   0% used [0x00000000e3d00000, 0x00000000e3d00000, 0x00000000e3e00000)
 concurrent mark-sweep generation total 84724K, used 41100K [0x00000000ecca0000, 0x00000000f1f5d000, 0x0000000100000000)
 Metaspace       used 54403K, capacity 56636K, committed 56832K, reserved 1099776K
  class space    used 6948K, capacity 7414K, committed 7424K, reserved 1048576K
2020-11-07T19:58:39.171+0800: 45.848: [GC (Allocation Failure) 2020-11-07T19:58:39.171+0800: 45.848: [ParNew: 8382K->457K(9216K), 0.0141351 secs] 49482K->41568K(93940K), 0.0142045 secs] [Times: user=0.01 sys=0.00, real=0.02 secs] 
Heap after GC invocations=585 (full 67):
 par new generation   total 9216K, used 457K [0x00000000e3400000, 0x00000000e3e00000, 0x00000000ecca0000)
  eden space 8192K,   0% used [0x00000000e3400000, 0x00000000e3400000, 0x00000000e3c00000)
  from space 1024K,  44% used [0x00000000e3d00000, 0x00000000e3d726b0, 0x00000000e3e00000)
  to   space 1024K,   0% used [0x00000000e3c00000, 0x00000000e3c00000, 0x00000000e3d00000)
 concurrent mark-sweep generation total 84724K, used 41111K [0x00000000ecca0000, 0x00000000f1f5d000, 0x0000000100000000)
 Metaspace       used 54403K, capacity 56636K, committed 56832K, reserved 1099776K
  class space    used 6948K, capacity 7414K, committed 7424K, reserved 1048576K
}
2020-11-07T19:58:39.342+0800: 46.019: Application time: 0.1566627 seconds
{Heap before GC invocations=585 (full 67):
 par new generation   total 9216K, used 8649K [0x00000000e3400000, 0x00000000e3e00000, 0x00000000ecca0000)
  eden space 8192K, 100% used [0x00000000e3400000, 0x00000000e3c00000, 0x00000000e3c00000)
  from space 1024K,  44% used [0x00000000e3d00000, 0x00000000e3d726b0, 0x00000000e3e00000)
  to   space 1024K,   0% used [0x00000000e3c00000, 0x00000000e3c00000, 0x00000000e3d00000)
 concurrent mark-sweep generation total 84724K, used 41111K [0x00000000ecca0000, 0x00000000f1f5d000, 0x0000000100000000)
 Metaspace       used 54574K, capacity 56836K, committed 57216K, reserved 1099776K
  class space    used 6969K, capacity 7448K, committed 7552K, reserved 1048576K
2020-11-07T19:58:39.342+0800: 46.019: [GC (Allocation Failure) 2020-11-07T19:58:39.342+0800: 46.019: [ParNew: 8649K->489K(9216K), 0.0191356 secs] 49760K->41610K(93940K), 0.0191919 secs] [Times: user=0.02 sys=0.00, real=0.02 secs] 
Heap after GC invocations=586 (full 67):
 par new generation   total 9216K, used 489K [0x00000000e3400000, 0x00000000e3e00000, 0x00000000ecca0000)
  eden space 8192K,   0% used [0x00000000e3400000, 0x00000000e3400000, 0x00000000e3c00000)
  from space 1024K,  47% used [0x00000000e3c00000, 0x00000000e3c7a798, 0x00000000e3d00000)
  to   space 1024K,   0% used [0x00000000e3d00000, 0x00000000e3d00000, 0x00000000e3e00000)
 concurrent mark-sweep generation total 84724K, used 41120K [0x00000000ecca0000, 0x00000000f1f5d000, 0x0000000100000000)
 Metaspace       used 54574K, capacity 56836K, committed 57216K, reserved 1099776K
  class space    used 6969K, capacity 7448K, committed 7552K, reserved 1048576K
}
2020-11-07T19:58:39.399+0800: 46.076: Application time: 0.0379522 seconds
{Heap before GC invocations=586 (full 67):
 par new generation   total 9216K, used 8681K [0x00000000e3400000, 0x00000000e3e00000, 0x00000000ecca0000)
  eden space 8192K, 100% used [0x00000000e3400000, 0x00000000e3c00000, 0x00000000e3c00000)
  from space 1024K,  47% used [0x00000000e3c00000, 0x00000000e3c7a798, 0x00000000e3d00000)
  to   space 1024K,   0% used [0x00000000e3d00000, 0x00000000e3d00000, 0x00000000e3e00000)
 concurrent mark-sweep generation total 84724K, used 41120K [0x00000000ecca0000, 0x00000000f1f5d000, 0x0000000100000000)
 Metaspace       used 54656K, capacity 56932K, committed 57216K, reserved 1099776K
  class space    used 6986K, capacity 7456K, committed 7552K, reserved 1048576K
2020-11-07T19:58:39.400+0800: 46.076: [GC (Allocation Failure) 2020-11-07T19:58:39.400+0800: 46.076: [ParNew: 8681K->393K(9216K), 0.0281759 secs] 49802K->41528K(93940K), 0.0282312 secs] [Times: user=0.03 sys=0.00, real=0.03 secs] 
Heap after GC invocations=587 (full 67):
 par new generation   total 9216K, used 393K [0x00000000e3400000, 0x00000000e3e00000, 0x00000000ecca0000)
  eden space 8192K,   0% used [0x00000000e3400000, 0x00000000e3400000, 0x00000000e3c00000)
  from space 1024K,  38% used [0x00000000e3d00000, 0x00000000e3d62580, 0x00000000e3e00000)
  to   space 1024K,   0% used [0x00000000e3c00000, 0x00000000e3c00000, 0x00000000e3d00000)
 concurrent mark-sweep generation total 84724K, used 41134K [0x00000000ecca0000, 0x00000000f1f5d000, 0x0000000100000000)
 Metaspace       used 54656K, capacity 56932K, committed 57216K, reserved 1099776K
  class space    used 6986K, capacity 7456K, committed 7552K, reserved 1048576K
}
2020-11-07T19:58:39.674+0800: 46.351: Application time: 0.2460328 seconds
{Heap before GC invocations=587 (full 67):
 par new generation   total 9216K, used 8585K [0x00000000e3400000, 0x00000000e3e00000, 0x00000000ecca0000)
  eden space 8192K, 100% used [0x00000000e3400000, 0x00000000e3c00000, 0x00000000e3c00000)
  from space 1024K,  38% used [0x00000000e3d00000, 0x00000000e3d62580, 0x00000000e3e00000)
  to   space 1024K,   0% used [0x00000000e3c00000, 0x00000000e3c00000, 0x00000000e3d00000)
 concurrent mark-sweep generation total 84724K, used 41134K [0x00000000ecca0000, 0x00000000f1f5d000, 0x0000000100000000)
 Metaspace       used 54718K, capacity 57002K, committed 57216K, reserved 1099776K
  class space    used 6993K, capacity 7457K, committed 7552K, reserved 1048576K
2020-11-07T19:58:39.674+0800: 46.351: [GC (Allocation Failure) 2020-11-07T19:58:39.674+0800: 46.351: [ParNew: 8585K->413K(9216K), 0.0202956 secs] 49720K->41559K(93940K), 0.0203519 secs] [Times: user=0.02 sys=0.00, real=0.02 secs] 
Heap after GC invocations=588 (full 67):
 par new generation   total 9216K, used 413K [0x00000000e3400000, 0x00000000e3e00000, 0x00000000ecca0000)
  eden space 8192K,   0% used [0x00000000e3400000, 0x00000000e3400000, 0x00000000e3c00000)
  from space 1024K,  40% used [0x00000000e3c00000, 0x00000000e3c677d8, 0x00000000e3d00000)
  to   space 1024K,   0% used [0x00000000e3d00000, 0x00000000e3d00000, 0x00000000e3e00000)
 concurrent mark-sweep generation total 84724K, used 41145K [0x00000000ecca0000, 0x00000000f1f5d000, 0x0000000100000000)
 Metaspace       used 54718K, capacity 57002K, committed 57216K, reserved 1099776K
  class space    used 6993K, capacity 7457K, committed 7552K, reserved 1048576K
}
2020-11-07T19:58:39.700+0800: 46.377: Application time: 0.0054829 seconds
{Heap before GC invocations=588 (full 67):
 par new generation   total 9216K, used 8602K [0x00000000e3400000, 0x00000000e3e00000, 0x00000000ecca0000)
  eden space 8192K,  99% used [0x00000000e3400000, 0x00000000e3bff0e0, 0x00000000e3c00000)
  from space 1024K,  40% used [0x00000000e3c00000, 0x00000000e3c677d8, 0x00000000e3d00000)
  to   space 1024K,   0% used [0x00000000e3d00000, 0x00000000e3d00000, 0x00000000e3e00000)
 concurrent mark-sweep generation total 84724K, used 41145K [0x00000000ecca0000, 0x00000000f1f5d000, 0x0000000100000000)
 Metaspace       used 54736K, capacity 57002K, committed 57216K, reserved 1099776K
  class space    used 6999K, capacity 7457K, committed 7552K, reserved 1048576K
2020-11-07T19:58:39.700+0800: 46.377: [GC (Allocation Failure) 2020-11-07T19:58:39.700+0800: 46.377: [ParNew: 8602K->331K(9216K), 0.0174619 secs] 49748K->41476K(93940K), 0.0175212 secs] [Times: user=0.02 sys=0.00, real=0.02 secs] 
Heap after GC invocations=589 (full 67):
 par new generation   total 9216K, used 331K [0x00000000e3400000, 0x00000000e3e00000, 0x00000000ecca0000)
  eden space 8192K,   0% used [0x00000000e3400000, 0x00000000e3400000, 0x00000000e3c00000)
  from space 1024K,  32% used [0x00000000e3d00000, 0x00000000e3d52c08, 0x00000000e3e00000)
  to   space 1024K,   0% used [0x00000000e3c00000, 0x00000000e3c00000, 0x00000000e3d00000)
 concurrent mark-sweep generation total 84724K, used 41145K [0x00000000ecca0000, 0x00000000f1f5d000, 0x0000000100000000)
 Metaspace       used 54736K, capacity 57002K, committed 57216K, reserved 1099776K
  class space    used 6999K, capacity 7457K, committed 7552K, reserved 1048576K
}
2020-11-07T19:58:39.720+0800: 46.397: Application time: 0.0022800 seconds
{Heap before GC invocations=589 (full 67):
 par new generation   total 9216K, used 8501K [0x00000000e3400000, 0x00000000e3e00000, 0x00000000ecca0000)
  eden space 8192K,  99% used [0x00000000e3400000, 0x00000000e3bfab60, 0x00000000e3c00000)
  from space 1024K,  32% used [0x00000000e3d00000, 0x00000000e3d52c08, 0x00000000e3e00000)
  to   space 1024K,   0% used [0x00000000e3c00000, 0x00000000e3c00000, 0x00000000e3d00000)
 concurrent mark-sweep generation total 84724K, used 41145K [0x00000000ecca0000, 0x00000000f1f5d000, 0x0000000100000000)
 Metaspace       used 54736K, capacity 57002K, committed 57216K, reserved 1099776K
  class space    used 6999K, capacity 7457K, committed 7552K, reserved 1048576K
2020-11-07T19:58:39.720+0800: 46.397: [GC (Allocation Failure) 2020-11-07T19:58:39.720+0800: 46.397: [ParNew: 8501K->372K(9216K), 0.0130123 secs] 49647K->41518K(93940K), 0.0130679 secs] [Times: user=0.02 sys=0.00, real=0.01 secs] 
Heap after GC invocations=590 (full 67):
 par new generation   total 9216K, used 372K [0x00000000e3400000, 0x00000000e3e00000, 0x00000000ecca0000)
  eden space 8192K,   0% used [0x00000000e3400000, 0x00000000e3400000, 0x00000000e3c00000)
  from space 1024K,  36% used [0x00000000e3c00000, 0x00000000e3c5d148, 0x00000000e3d00000)
  to   space 1024K,   0% used [0x00000000e3d00000, 0x00000000e3d00000, 0x00000000e3e00000)
 concurrent mark-sweep generation total 84724K, used 41145K [0x00000000ecca0000, 0x00000000f1f5d000, 0x0000000100000000)
 Metaspace       used 54736K, capacity 57002K, committed 57216K, reserved 1099776K
  class space    used 6999K, capacity 7457K, committed 7552K, reserved 1048576K
}
2020-11-07T19:58:39.736+0800: 46.412: Application time: 0.0022452 seconds
{Heap before GC invocations=590 (full 67):
 par new generation   total 9216K, used 8551K [0x00000000e3400000, 0x00000000e3e00000, 0x00000000ecca0000)
  eden space 8192K,  99% used [0x00000000e3400000, 0x00000000e3bfcca8, 0x00000000e3c00000)
  from space 1024K,  36% used [0x00000000e3c00000, 0x00000000e3c5d148, 0x00000000e3d00000)
  to   space 1024K,   0% used [0x00000000e3d00000, 0x00000000e3d00000, 0x00000000e3e00000)
 concurrent mark-sweep generation total 84724K, used 41145K [0x00000000ecca0000, 0x00000000f1f5d000, 0x0000000100000000)
 Metaspace       used 54736K, capacity 57002K, committed 57216K, reserved 1099776K
  class space    used 6999K, capacity 7457K, committed 7552K, reserved 1048576K
2020-11-07T19:58:39.736+0800: 46.412: [GC (Allocation Failure) 2020-11-07T19:58:39.736+0800: 46.413: [ParNew: 8551K->319K(9216K), 0.0054860 secs] 49697K->41470K(93940K), 0.0055363 secs] [Times: user=0.01 sys=0.00, real=0.00 secs] 
Heap after GC invocations=591 (full 67):
 par new generation   total 9216K, used 319K [0x00000000e3400000, 0x00000000e3e00000, 0x00000000ecca0000)
  eden space 8192K,   0% used [0x00000000e3400000, 0x00000000e3400000, 0x00000000e3c00000)
  from space 1024K,  31% used [0x00000000e3d00000, 0x00000000e3d4fe78, 0x00000000e3e00000)
  to   space 1024K,   0% used [0x00000000e3c00000, 0x00000000e3c00000, 0x00000000e3d00000)
 concurrent mark-sweep generation total 84724K, used 41150K [0x00000000ecca0000, 0x00000000f1f5d000, 0x0000000100000000)
 Metaspace       used 54736K, capacity 57002K, committed 57216K, reserved 1099776K
  class space    used 6999K, capacity 7457K, committed 7552K, reserved 1048576K
}
2020-11-07T19:58:39.770+0800: 46.446: Application time: 0.0284018 seconds
{Heap before GC invocations=591 (full 67):
 par new generation   total 9216K, used 8511K [0x00000000e3400000, 0x00000000e3e00000, 0x00000000ecca0000)
  eden space 8192K, 100% used [0x00000000e3400000, 0x00000000e3c00000, 0x00000000e3c00000)
  from space 1024K,  31% used [0x00000000e3d00000, 0x00000000e3d4fe78, 0x00000000e3e00000)
  to   space 1024K,   0% used [0x00000000e3c00000, 0x00000000e3c00000, 0x00000000e3d00000)
 concurrent mark-sweep generation total 84724K, used 41150K [0x00000000ecca0000, 0x00000000f1f5d000, 0x0000000100000000)
 Metaspace       used 54802K, capacity 57098K, committed 57472K, reserved 1099776K
  class space    used 7017K, capacity 7489K, committed 7552K, reserved 1048576K
2020-11-07T19:58:39.770+0800: 46.447: [GC (Allocation Failure) 2020-11-07T19:58:39.770+0800: 46.447: [ParNew: 8511K->426K(9216K), 0.0180374 secs] 49662K->41627K(93940K), 0.0181034 secs] [Times: user=0.02 sys=0.00, real=0.02 secs] 
Heap after GC invocations=592 (full 67):
 par new generation   total 9216K, used 426K [0x00000000e3400000, 0x00000000e3e00000, 0x00000000ecca0000)
  eden space 8192K,   0% used [0x00000000e3400000, 0x00000000e3400000, 0x00000000e3c00000)
  from space 1024K,  41% used [0x00000000e3c00000, 0x00000000e3c6a878, 0x00000000e3d00000)
  to   space 1024K,   0% used [0x00000000e3d00000, 0x00000000e3d00000, 0x00000000e3e00000)
 concurrent mark-sweep generation total 84724K, used 41201K [0x00000000ecca0000, 0x00000000f1f5d000, 0x0000000100000000)
 Metaspace       used 54802K, capacity 57098K, committed 57472K, reserved 1099776K
  class space    used 7017K, capacity 7489K, committed 7552K, reserved 1048576K
}
2020-11-07T19:58:39.848+0800: 46.525: Application time: 0.0603719 seconds
{Heap before GC invocations=592 (full 67):
 par new generation   total 9216K, used 8618K [0x00000000e3400000, 0x00000000e3e00000, 0x00000000ecca0000)
  eden space 8192K, 100% used [0x00000000e3400000, 0x00000000e3c00000, 0x00000000e3c00000)
  from space 1024K,  41% used [0x00000000e3c00000, 0x00000000e3c6a878, 0x00000000e3d00000)
  to   space 1024K,   0% used [0x00000000e3d00000, 0x00000000e3d00000, 0x00000000e3e00000)
 concurrent mark-sweep generation total 84724K, used 41201K [0x00000000ecca0000, 0x00000000f1f5d000, 0x0000000100000000)
 Metaspace       used 54995K, capacity 57270K, committed 57472K, reserved 1099776K
  class space    used 7048K, capacity 7525K, committed 7552K, reserved 1048576K
2020-11-07T19:58:39.849+0800: 46.525: [GC (Allocation Failure) 2020-11-07T19:58:39.849+0800: 46.525: [ParNew: 8618K->579K(9216K), 0.0274490 secs] 49819K->41818K(93940K), 0.0275101 secs] [Times: user=0.02 sys=0.00, real=0.03 secs] 
Heap after GC invocations=593 (full 67):
 par new generation   total 9216K, used 579K [0x00000000e3400000, 0x00000000e3e00000, 0x00000000ecca0000)
  eden space 8192K,   0% used [0x00000000e3400000, 0x00000000e3400000, 0x00000000e3c00000)
  from space 1024K,  56% used [0x00000000e3d00000, 0x00000000e3d90c40, 0x00000000e3e00000)
  to   space 1024K,   0% used [0x00000000e3c00000, 0x00000000e3c00000, 0x00000000e3d00000)
 concurrent mark-sweep generation total 84724K, used 41239K [0x00000000ecca0000, 0x00000000f1f5d000, 0x0000000100000000)
 Metaspace       used 54995K, capacity 57270K, committed 57472K, reserved 1099776K
  class space    used 7048K, capacity 7525K, committed 7552K, reserved 1048576K
}
2020-11-07T19:58:39.930+0800: 46.606: Application time: 0.0533331 seconds
{Heap before GC invocations=593 (full 67):
 par new generation   total 9216K, used 8771K [0x00000000e3400000, 0x00000000e3e00000, 0x00000000ecca0000)
  eden space 8192K, 100% used [0x00000000e3400000, 0x00000000e3c00000, 0x00000000e3c00000)
  from space 1024K,  56% used [0x00000000e3d00000, 0x00000000e3d90c40, 0x00000000e3e00000)
  to   space 1024K,   0% used [0x00000000e3c00000, 0x00000000e3c00000, 0x00000000e3d00000)
 concurrent mark-sweep generation total 84724K, used 41239K [0x00000000ecca0000, 0x00000000f1f5d000, 0x0000000100000000)
 Metaspace       used 55279K, capacity 57558K, committed 57856K, reserved 1099776K
  class space    used 7074K, capacity 7557K, committed 7680K, reserved 1048576K
2020-11-07T19:58:39.930+0800: 46.606: [GC (Allocation Failure) 2020-11-07T19:58:39.930+0800: 46.606: [ParNew: 8771K->475K(9216K), 0.0197529 secs] 50010K->41765K(93940K), 0.0198127 secs] [Times: user=0.02 sys=0.00, real=0.02 secs] 
Heap after GC invocations=594 (full 67):
 par new generation   total 9216K, used 475K [0x00000000e3400000, 0x00000000e3e00000, 0x00000000ecca0000)
  eden space 8192K,   0% used [0x00000000e3400000, 0x00000000e3400000, 0x00000000e3c00000)
  from space 1024K,  46% used [0x00000000e3c00000, 0x00000000e3c76cb8, 0x00000000e3d00000)
  to   space 1024K,   0% used [0x00000000e3d00000, 0x00000000e3d00000, 0x00000000e3e00000)
 concurrent mark-sweep generation total 84724K, used 41290K [0x00000000ecca0000, 0x00000000f1f5d000, 0x0000000100000000)
 Metaspace       used 55279K, capacity 57558K, committed 57856K, reserved 1099776K
  class space    used 7074K, capacity 7557K, committed 7680K, reserved 1048576K
}
2020-11-07T19:58:40.008+0800: 46.685: Application time: 0.0586011 seconds
{Heap before GC invocations=594 (full 67):
 par new generation   total 9216K, used 8667K [0x00000000e3400000, 0x00000000e3e00000, 0x00000000ecca0000)
  eden space 8192K, 100% used [0x00000000e3400000, 0x00000000e3c00000, 0x00000000e3c00000)
  from space 1024K,  46% used [0x00000000e3c00000, 0x00000000e3c76cb8, 0x00000000e3d00000)
  to   space 1024K,   0% used [0x00000000e3d00000, 0x00000000e3d00000, 0x00000000e3e00000)
 concurrent mark-sweep generation total 84724K, used 41290K [0x00000000ecca0000, 0x00000000f1f5d000, 0x0000000100000000)
 Metaspace       used 55484K, capacity 57782K, committed 58112K, reserved 1099776K
  class space    used 7120K, capacity 7589K, committed 7680K, reserved 1048576K
2020-11-07T19:58:40.008+0800: 46.685: [GC (Allocation Failure) 2020-11-07T19:58:40.008+0800: 46.685: [ParNew: 8667K->576K(9216K), 0.0350580 secs] 49957K->41889K(93940K), 0.0351232 secs] [Times: user=0.04 sys=0.00, real=0.03 secs] 
Heap after GC invocations=595 (full 67):
 par new generation   total 9216K, used 576K [0x00000000e3400000, 0x00000000e3e00000, 0x00000000ecca0000)
  eden space 8192K,   0% used [0x00000000e3400000, 0x00000000e3400000, 0x00000000e3c00000)
  from space 1024K,  56% used [0x00000000e3d00000, 0x00000000e3d902e0, 0x00000000e3e00000)
  to   space 1024K,   0% used [0x00000000e3c00000, 0x00000000e3c00000, 0x00000000e3d00000)
 concurrent mark-sweep generation total 84724K, used 41312K [0x00000000ecca0000, 0x00000000f1f5d000, 0x0000000100000000)
 Metaspace       used 55484K, capacity 57782K, committed 58112K, reserved 1099776K
  class space    used 7120K, capacity 7589K, committed 7680K, reserved 1048576K
}
2020-11-07T19:58:40.076+0800: 46.753: Application time: 0.0323316 seconds
{Heap before GC invocations=595 (full 67):
 par new generation   total 9216K, used 8768K [0x00000000e3400000, 0x00000000e3e00000, 0x00000000ecca0000)
  eden space 8192K, 100% used [0x00000000e3400000, 0x00000000e3c00000, 0x00000000e3c00000)
  from space 1024K,  56% used [0x00000000e3d00000, 0x00000000e3d902e0, 0x00000000e3e00000)
  to   space 1024K,   0% used [0x00000000e3c00000, 0x00000000e3c00000, 0x00000000e3d00000)
 concurrent mark-sweep generation total 84724K, used 41312K [0x00000000ecca0000, 0x00000000f1f5d000, 0x0000000100000000)
 Metaspace       used 55554K, capacity 57850K, committed 58112K, reserved 1099776K
  class space    used 7128K, capacity 7591K, committed 7680K, reserved 1048576K
2020-11-07T19:58:40.076+0800: 46.753: [GC (Allocation Failure) 2020-11-07T19:58:40.076+0800: 46.753: [ParNew: 8768K->516K(9216K), 0.0147797 secs] 50081K->41848K(93940K), 0.0148433 secs] [Times: user=0.01 sys=0.00, real=0.01 secs] 
Heap after GC invocations=596 (full 67):
 par new generation   total 9216K, used 516K [0x00000000e3400000, 0x00000000e3e00000, 0x00000000ecca0000)
  eden space 8192K,   0% used [0x00000000e3400000, 0x00000000e3400000, 0x00000000e3c00000)
  from space 1024K,  50% used [0x00000000e3c00000, 0x00000000e3c81158, 0x00000000e3d00000)
  to   space 1024K,   0% used [0x00000000e3d00000, 0x00000000e3d00000, 0x00000000e3e00000)
 concurrent mark-sweep generation total 84724K, used 41331K [0x00000000ecca0000, 0x00000000f1f5d000, 0x0000000100000000)
 Metaspace       used 55554K, capacity 57850K, committed 58112K, reserved 1099776K
  class space    used 7128K, capacity 7591K, committed 7680K, reserved 1048576K
}
2020-11-07T19:58:40.119+0800: 46.795: Application time: 0.0275273 seconds
{Heap before GC invocations=596 (full 67):
 par new generation   total 9216K, used 8708K [0x00000000e3400000, 0x00000000e3e00000, 0x00000000ecca0000)
  eden space 8192K, 100% used [0x00000000e3400000, 0x00000000e3c00000, 0x00000000e3c00000)
  from space 1024K,  50% used [0x00000000e3c00000, 0x00000000e3c81158, 0x00000000e3d00000)
  to   space 1024K,   0% used [0x00000000e3d00000, 0x00000000e3d00000, 0x00000000e3e00000)
 concurrent mark-sweep generation total 84724K, used 41331K [0x00000000ecca0000, 0x00000000f1f5d000, 0x0000000100000000)
 Metaspace       used 55666K, capacity 57978K, committed 58368K, reserved 1099776K
  class space    used 7140K, capacity 7591K, committed 7680K, reserved 1048576K
2020-11-07T19:58:40.119+0800: 46.795: [GC (Allocation Failure) 2020-11-07T19:58:40.119+0800: 46.795: [ParNew: 8708K->413K(9216K), 0.0152481 secs] 50040K->41757K(93940K), 0.0153107 secs] [Times: user=0.01 sys=0.00, real=0.01 secs] 
Heap after GC invocations=597 (full 67):
 par new generation   total 9216K, used 413K [0x00000000e3400000, 0x00000000e3e00000, 0x00000000ecca0000)
  eden space 8192K,   0% used [0x00000000e3400000, 0x00000000e3400000, 0x00000000e3c00000)
  from space 1024K,  40% used [0x00000000e3d00000, 0x00000000e3d675a8, 0x00000000e3e00000)
  to   space 1024K,   0% used [0x00000000e3c00000, 0x00000000e3c00000, 0x00000000e3d00000)
 concurrent mark-sweep generation total 84724K, used 41343K [0x00000000ecca0000, 0x00000000f1f5d000, 0x0000000100000000)
 Metaspace       used 55666K, capacity 57978K, committed 58368K, reserved 1099776K
  class space    used 7140K, capacity 7591K, committed 7680K, reserved 1048576K
}
2020-11-07T19:58:40.141+0800: 46.817: Application time: 0.0065262 seconds
2020-11-07T19:58:40.165+0800: 46.842: Application time: 0.0241938 seconds
{Heap before GC invocations=597 (full 67):
 par new generation   total 9216K, used 8600K [0x00000000e3400000, 0x00000000e3e00000, 0x00000000ecca0000)
  eden space 8192K,  99% used [0x00000000e3400000, 0x00000000e3bfec98, 0x00000000e3c00000)
  from space 1024K,  40% used [0x00000000e3d00000, 0x00000000e3d675a8, 0x00000000e3e00000)
  to   space 1024K,   0% used [0x00000000e3c00000, 0x00000000e3c00000, 0x00000000e3d00000)
 concurrent mark-sweep generation total 84724K, used 41343K [0x00000000ecca0000, 0x00000000f1f5d000, 0x0000000100000000)
 Metaspace       used 55777K, capacity 58044K, committed 58368K, reserved 1099776K
  class space    used 7164K, capacity 7616K, committed 7680K, reserved 1048576K
2020-11-07T19:58:40.165+0800: 46.842: [GC (Allocation Failure) 2020-11-07T19:58:40.165+0800: 46.842: [ParNew: 8600K->495K(9216K), 0.0179601 secs] 49944K->41846K(93940K), 0.0180146 secs] [Times: user=0.01 sys=0.00, real=0.01 secs] 
Heap after GC invocations=598 (full 67):
 par new generation   total 9216K, used 495K [0x00000000e3400000, 0x00000000e3e00000, 0x00000000ecca0000)
  eden space 8192K,   0% used [0x00000000e3400000, 0x00000000e3400000, 0x00000000e3c00000)
  from space 1024K,  48% used [0x00000000e3c00000, 0x00000000e3c7bc58, 0x00000000e3d00000)
  to   space 1024K,   0% used [0x00000000e3d00000, 0x00000000e3d00000, 0x00000000e3e00000)
 concurrent mark-sweep generation total 84724K, used 41351K [0x00000000ecca0000, 0x00000000f1f5d000, 0x0000000100000000)
 Metaspace       used 55777K, capacity 58044K, committed 58368K, reserved 1099776K
  class space    used 7164K, capacity 7616K, committed 7680K, reserved 1048576K
}
2020-11-07T19:58:40.185+0800: 46.862: Application time: 0.0022547 seconds
{Heap before GC invocations=598 (full 67):
 par new generation   total 9216K, used 8664K [0x00000000e3400000, 0x00000000e3e00000, 0x00000000ecca0000)
  eden space 8192K,  99% used [0x00000000e3400000, 0x00000000e3bfa5e8, 0x00000000e3c00000)
  from space 1024K,  48% used [0x00000000e3c00000, 0x00000000e3c7bc58, 0x00000000e3d00000)
  to   space 1024K,   0% used [0x00000000e3d00000, 0x00000000e3d00000, 0x00000000e3e00000)
 concurrent mark-sweep generation total 84724K, used 41351K [0x00000000ecca0000, 0x00000000f1f5d000, 0x0000000100000000)
 Metaspace       used 55777K, capacity 58044K, committed 58368K, reserved 1099776K
  class space    used 7164K, capacity 7616K, committed 7680K, reserved 1048576K
2020-11-07T19:58:40.186+0800: 46.862: [GC (Allocation Failure) 2020-11-07T19:58:40.186+0800: 46.862: [ParNew: 8664K->532K(9216K), 0.0241430 secs] 50015K->41883K(93940K), 0.0241971 secs] [Times: user=0.02 sys=0.00, real=0.02 secs] 
Heap after GC invocations=599 (full 67):
 par new generation   total 9216K, used 532K [0x00000000e3400000, 0x00000000e3e00000, 0x00000000ecca0000)
  eden space 8192K,   0% used [0x00000000e3400000, 0x00000000e3400000, 0x00000000e3c00000)
  from space 1024K,  52% used [0x00000000e3d00000, 0x00000000e3d852c0, 0x00000000e3e00000)
  to   space 1024K,   0% used [0x00000000e3c00000, 0x00000000e3c00000, 0x00000000e3d00000)
 concurrent mark-sweep generation total 84724K, used 41351K [0x00000000ecca0000, 0x00000000f1f5d000, 0x0000000100000000)
 Metaspace       used 55777K, capacity 58044K, committed 58368K, reserved 1099776K
  class space    used 7164K, capacity 7616K, committed 7680K, reserved 1048576K
}
2020-11-07T19:58:40.212+0800: 46.889: Application time: 0.0022160 seconds
{Heap before GC invocations=599 (full 67):
 par new generation   total 9216K, used 8690K [0x00000000e3400000, 0x00000000e3e00000, 0x00000000ecca0000)
  eden space 8192K,  99% used [0x00000000e3400000, 0x00000000e3bf7788, 0x00000000e3c00000)
  from space 1024K,  52% used [0x00000000e3d00000, 0x00000000e3d852c0, 0x00000000e3e00000)
  to   space 1024K,   0% used [0x00000000e3c00000, 0x00000000e3c00000, 0x00000000e3d00000)
 concurrent mark-sweep generation total 84724K, used 41351K [0x00000000ecca0000, 0x00000000f1f5d000, 0x0000000100000000)
 Metaspace       used 55777K, capacity 58044K, committed 58368K, reserved 1099776K
  class space    used 7164K, capacity 7616K, committed 7680K, reserved 1048576K
2020-11-07T19:58:40.212+0800: 46.889: [GC (Allocation Failure) 2020-11-07T19:58:40.212+0800: 46.889: [ParNew: 8690K->483K(9216K), 0.0129018 secs] 50041K->41834K(93940K), 0.0129573 secs] [Times: user=0.01 sys=0.00, real=0.02 secs] 
Heap after GC invocations=600 (full 67):
 par new generation   total 9216K, used 483K [0x00000000e3400000, 0x00000000e3e00000, 0x00000000ecca0000)
  eden space 8192K,   0% used [0x00000000e3400000, 0x00000000e3400000, 0x00000000e3c00000)
  from space 1024K,  47% used [0x00000000e3c00000, 0x00000000e3c78f00, 0x00000000e3d00000)
  to   space 1024K,   0% used [0x00000000e3d00000, 0x00000000e3d00000, 0x00000000e3e00000)
 concurrent mark-sweep generation total 84724K, used 41351K [0x00000000ecca0000, 0x00000000f1f5d000, 0x0000000100000000)
 Metaspace       used 55777K, capacity 58044K, committed 58368K, reserved 1099776K
  class space    used 7164K, capacity 7616K, committed 7680K, reserved 1048576K
}
2020-11-07T19:58:40.240+0800: 46.917: Application time: 0.0147707 seconds
{Heap before GC invocations=600 (full 67):
 par new generation   total 9216K, used 8675K [0x00000000e3400000, 0x00000000e3e00000, 0x00000000ecca0000)
  eden space 8192K, 100% used [0x00000000e3400000, 0x00000000e3c00000, 0x00000000e3c00000)
  from space 1024K,  47% used [0x00000000e3c00000, 0x00000000e3c78f00, 0x00000000e3d00000)
  to   space 1024K,   0% used [0x00000000e3d00000, 0x00000000e3d00000, 0x00000000e3e00000)
 concurrent mark-sweep generation total 84724K, used 41351K [0x00000000ecca0000, 0x00000000f1f5d000, 0x0000000100000000)
 Metaspace       used 55807K, capacity 58044K, committed 58368K, reserved 1099776K
  class space    used 7167K, capacity 7616K, committed 7680K, reserved 1048576K
2020-11-07T19:58:40.240+0800: 46.917: [GC (Allocation Failure) 2020-11-07T19:58:40.240+0800: 46.917: [ParNew: 8675K->550K(9216K), 0.0202896 secs] 50026K->41916K(93940K), 0.0203507 secs] [Times: user=0.01 sys=0.00, real=0.02 secs] 
Heap after GC invocations=601 (full 67):
 par new generation   total 9216K, used 550K [0x00000000e3400000, 0x00000000e3e00000, 0x00000000ecca0000)
  eden space 8192K,   0% used [0x00000000e3400000, 0x00000000e3400000, 0x00000000e3c00000)
  from space 1024K,  53% used [0x00000000e3d00000, 0x00000000e3d89b98, 0x00000000e3e00000)
  to   space 1024K,   0% used [0x00000000e3c00000, 0x00000000e3c00000, 0x00000000e3d00000)
 concurrent mark-sweep generation total 84724K, used 41365K [0x00000000ecca0000, 0x00000000f1f5d000, 0x0000000100000000)
 Metaspace       used 55807K, capacity 58044K, committed 58368K, reserved 1099776K
  class space    used 7167K, capacity 7616K, committed 7680K, reserved 1048576K
}
2020-11-07T19:58:40.330+0800: 47.007: Application time: 0.0696134 seconds
2020-11-07T19:58:40.403+0800: 47.080: Application time: 0.0722241 seconds
{Heap before GC invocations=601 (full 67):
 par new generation   total 9216K, used 8742K [0x00000000e3400000, 0x00000000e3e00000, 0x00000000ecca0000)
  eden space 8192K, 100% used [0x00000000e3400000, 0x00000000e3c00000, 0x00000000e3c00000)
  from space 1024K,  53% used [0x00000000e3d00000, 0x00000000e3d89b98, 0x00000000e3e00000)
  to   space 1024K,   0% used [0x00000000e3c00000, 0x00000000e3c00000, 0x00000000e3d00000)
 concurrent mark-sweep generation total 84724K, used 41365K [0x00000000ecca0000, 0x00000000f1f5d000, 0x0000000100000000)
 Metaspace       used 56011K, capacity 58338K, committed 58624K, reserved 1099776K
  class space    used 7186K, capacity 7649K, committed 7680K, reserved 1048576K
2020-11-07T19:58:40.403+0800: 47.080: [GC (Allocation Failure) 2020-11-07T19:58:40.403+0800: 47.080: [ParNew: 8742K->740K(9216K), 0.0221485 secs] 50108K->42213K(93940K), 0.0222085 secs] [Times: user=0.03 sys=0.00, real=0.03 secs] 
Heap after GC invocations=602 (full 67):
 par new generation   total 9216K, used 740K [0x00000000e3400000, 0x00000000e3e00000, 0x00000000ecca0000)
  eden space 8192K,   0% used [0x00000000e3400000, 0x00000000e3400000, 0x00000000e3c00000)
  from space 1024K,  72% used [0x00000000e3c00000, 0x00000000e3cb9048, 0x00000000e3d00000)
  to   space 1024K,   0% used [0x00000000e3d00000, 0x00000000e3d00000, 0x00000000e3e00000)
 concurrent mark-sweep generation total 84724K, used 41473K [0x00000000ecca0000, 0x00000000f1f5d000, 0x0000000100000000)
 Metaspace       used 56011K, capacity 58338K, committed 58624K, reserved 1099776K
  class space    used 7186K, capacity 7649K, committed 7680K, reserved 1048576K
}
2020-11-07T19:58:40.576+0800: 47.253: Application time: 0.1505590 seconds
{Heap before GC invocations=602 (full 67):
 par new generation   total 9216K, used 8932K [0x00000000e3400000, 0x00000000e3e00000, 0x00000000ecca0000)
  eden space 8192K, 100% used [0x00000000e3400000, 0x00000000e3c00000, 0x00000000e3c00000)
  from space 1024K,  72% used [0x00000000e3c00000, 0x00000000e3cb9048, 0x00000000e3d00000)
  to   space 1024K,   0% used [0x00000000e3d00000, 0x00000000e3d00000, 0x00000000e3e00000)
 concurrent mark-sweep generation total 84724K, used 41473K [0x00000000ecca0000, 0x00000000f1f5d000, 0x0000000100000000)
 Metaspace       used 56221K, capacity 58530K, committed 58624K, reserved 1099776K
  class space    used 7194K, capacity 7649K, committed 7680K, reserved 1048576K
2020-11-07T19:58:40.576+0800: 47.253: [GC (Allocation Failure) 2020-11-07T19:58:40.576+0800: 47.253: [ParNew: 8932K->672K(9216K), 0.0102971 secs] 50405K->42325K(93940K), 0.0103575 secs] [Times: user=0.01 sys=0.00, real=0.01 secs] 
Heap after GC invocations=603 (full 67):
 par new generation   total 9216K, used 672K [0x00000000e3400000, 0x00000000e3e00000, 0x00000000ecca0000)
  eden space 8192K,   0% used [0x00000000e3400000, 0x00000000e3400000, 0x00000000e3c00000)
  from space 1024K,  65% used [0x00000000e3d00000, 0x00000000e3da8310, 0x00000000e3e00000)
  to   space 1024K,   0% used [0x00000000e3c00000, 0x00000000e3c00000, 0x00000000e3d00000)
 concurrent mark-sweep generation total 84724K, used 41652K [0x00000000ecca0000, 0x00000000f1f5d000, 0x0000000100000000)
 Metaspace       used 56221K, capacity 58530K, committed 58624K, reserved 1099776K
  class space    used 7194K, capacity 7649K, committed 7680K, reserved 1048576K
}
2020-11-07T19:58:40.630+0800: 47.307: Application time: 0.0434288 seconds
{Heap before GC invocations=603 (full 67):
 par new generation   total 9216K, used 8857K [0x00000000e3400000, 0x00000000e3e00000, 0x00000000ecca0000)
  eden space 8192K,  99% used [0x00000000e3400000, 0x00000000e3bfe220, 0x00000000e3c00000)
  from space 1024K,  65% used [0x00000000e3d00000, 0x00000000e3da8310, 0x00000000e3e00000)
  to   space 1024K,   0% used [0x00000000e3c00000, 0x00000000e3c00000, 0x00000000e3d00000)
 concurrent mark-sweep generation total 84724K, used 41652K [0x00000000ecca0000, 0x00000000f1f5d000, 0x0000000100000000)
 Metaspace       used 56288K, capacity 58620K, committed 58880K, reserved 1099776K
  class space    used 7199K, capacity 7654K, committed 7680K, reserved 1048576K
2020-11-07T19:58:40.630+0800: 47.307: [GC (Allocation Failure) 2020-11-07T19:58:40.630+0800: 47.307: [ParNew: 8857K->772K(9216K), 0.0356109 secs] 50509K->42619K(93940K), 0.0356931 secs] [Times: user=0.03 sys=0.00, real=0.04 secs] 
Heap after GC invocations=604 (full 67):
 par new generation   total 9216K, used 772K [0x00000000e3400000, 0x00000000e3e00000, 0x00000000ecca0000)
  eden space 8192K,   0% used [0x00000000e3400000, 0x00000000e3400000, 0x00000000e3c00000)
  from space 1024K,  75% used [0x00000000e3c00000, 0x00000000e3cc11a0, 0x00000000e3d00000)
  to   space 1024K,   0% used [0x00000000e3d00000, 0x00000000e3d00000, 0x00000000e3e00000)
 concurrent mark-sweep generation total 84724K, used 41846K [0x00000000ecca0000, 0x00000000f1f5d000, 0x0000000100000000)
 Metaspace       used 56288K, capacity 58620K, committed 58880K, reserved 1099776K
  class space    used 7199K, capacity 7654K, committed 7680K, reserved 1048576K
}
2020-11-07T19:58:40.668+0800: 47.345: Application time: 0.0022755 seconds
{Heap before GC invocations=604 (full 67):
 par new generation   total 9216K, used 8964K [0x00000000e3400000, 0x00000000e3e00000, 0x00000000ecca0000)
  eden space 8192K, 100% used [0x00000000e3400000, 0x00000000e3c00000, 0x00000000e3c00000)
  from space 1024K,  75% used [0x00000000e3c00000, 0x00000000e3cc11a0, 0x00000000e3d00000)
  to   space 1024K,   0% used [0x00000000e3d00000, 0x00000000e3d00000, 0x00000000e3e00000)
 concurrent mark-sweep generation total 84724K, used 41846K [0x00000000ecca0000, 0x00000000f1f5d000, 0x0000000100000000)
 Metaspace       used 56288K, capacity 58620K, committed 58880K, reserved 1099776K
  class space    used 7199K, capacity 7654K, committed 7680K, reserved 1048576K
2020-11-07T19:58:40.669+0800: 47.345: [GC (Allocation Failure) 2020-11-07T19:58:40.669+0800: 47.345: [ParNew: 8964K->412K(9216K), 0.0242107 secs] 50811K->42667K(93940K), 0.0242664 secs] [Times: user=0.03 sys=0.00, real=0.02 secs] 
Heap after GC invocations=605 (full 67):
 par new generation   total 9216K, used 412K [0x00000000e3400000, 0x00000000e3e00000, 0x00000000ecca0000)
  eden space 8192K,   0% used [0x00000000e3400000, 0x00000000e3400000, 0x00000000e3c00000)
  from space 1024K,  40% used [0x00000000e3d00000, 0x00000000e3d67050, 0x00000000e3e00000)
  to   space 1024K,   0% used [0x00000000e3c00000, 0x00000000e3c00000, 0x00000000e3d00000)
 concurrent mark-sweep generation total 84724K, used 42255K [0x00000000ecca0000, 0x00000000f1f5d000, 0x0000000100000000)
 Metaspace       used 56288K, capacity 58620K, committed 58880K, reserved 1099776K
  class space    used 7199K, capacity 7654K, committed 7680K, reserved 1048576K
}
2020-11-07T19:58:40.695+0800: 47.372: Application time: 0.0022040 seconds
{Heap before GC invocations=605 (full 67):
 par new generation   total 9216K, used 8551K [0x00000000e3400000, 0x00000000e3e00000, 0x00000000ecca0000)
  eden space 8192K,  99% used [0x00000000e3400000, 0x00000000e3bf2f18, 0x00000000e3c00000)
  from space 1024K,  40% used [0x00000000e3d00000, 0x00000000e3d67050, 0x00000000e3e00000)
  to   space 1024K,   0% used [0x00000000e3c00000, 0x00000000e3c00000, 0x00000000e3d00000)
 concurrent mark-sweep generation total 84724K, used 42255K [0x00000000ecca0000, 0x00000000f1f5d000, 0x0000000100000000)
 Metaspace       used 56288K, capacity 58620K, committed 58880K, reserved 1099776K
  class space    used 7199K, capacity 7654K, committed 7680K, reserved 1048576K
2020-11-07T19:58:40.695+0800: 47.372: [GC (Allocation Failure) 2020-11-07T19:58:40.695+0800: 47.372: [ParNew: 8551K->236K(9216K), 0.0048765 secs] 50807K->42492K(93940K), 0.0049254 secs] [Times: user=0.00 sys=0.00, real=0.00 secs] 
Heap after GC invocations=606 (full 67):
 par new generation   total 9216K, used 236K [0x00000000e3400000, 0x00000000e3e00000, 0x00000000ecca0000)
  eden space 8192K,   0% used [0x00000000e3400000, 0x00000000e3400000, 0x00000000e3c00000)
  from space 1024K,  23% used [0x00000000e3c00000, 0x00000000e3c3b138, 0x00000000e3d00000)
  to   space 1024K,   0% used [0x00000000e3d00000, 0x00000000e3d00000, 0x00000000e3e00000)
 concurrent mark-sweep generation total 84724K, used 42255K [0x00000000ecca0000, 0x00000000f1f5d000, 0x0000000100000000)
 Metaspace       used 56288K, capacity 58620K, committed 58880K, reserved 1099776K
  class space    used 7199K, capacity 7654K, committed 7680K, reserved 1048576K
}
2020-11-07T19:58:40.719+0800: 47.396: Application time: 0.0186995 seconds
{Heap before GC invocations=606 (full 67):
 par new generation   total 9216K, used 8428K [0x00000000e3400000, 0x00000000e3e00000, 0x00000000ecca0000)
  eden space 8192K, 100% used [0x00000000e3400000, 0x00000000e3c00000, 0x00000000e3c00000)
  from space 1024K,  23% used [0x00000000e3c00000, 0x00000000e3c3b138, 0x00000000e3d00000)
  to   space 1024K,   0% used [0x00000000e3d00000, 0x00000000e3d00000, 0x00000000e3e00000)
 concurrent mark-sweep generation total 84724K, used 42255K [0x00000000ecca0000, 0x00000000f1f5d000, 0x0000000100000000)
 Metaspace       used 56370K, capacity 58716K, committed 59008K, reserved 1099776K
  class space    used 7209K, capacity 7686K, committed 7808K, reserved 1048576K
2020-11-07T19:58:40.719+0800: 47.396: [GC (Allocation Failure) 2020-11-07T19:58:40.719+0800: 47.396: [ParNew: 8428K->370K(9216K), 0.0142805 secs] 50684K->42626K(93940K), 0.0143577 secs] [Times: user=0.02 sys=0.00, real=0.01 secs] 
Heap after GC invocations=607 (full 67):
 par new generation   total 9216K, used 370K [0x00000000e3400000, 0x00000000e3e00000, 0x00000000ecca0000)
  eden space 8192K,   0% used [0x00000000e3400000, 0x00000000e3400000, 0x00000000e3c00000)
  from space 1024K,  36% used [0x00000000e3d00000, 0x00000000e3d5c990, 0x00000000e3e00000)
  to   space 1024K,   0% used [0x00000000e3c00000, 0x00000000e3c00000, 0x00000000e3d00000)
 concurrent mark-sweep generation total 84724K, used 42255K [0x00000000ecca0000, 0x00000000f1f5d000, 0x0000000100000000)
 Metaspace       used 56370K, capacity 58716K, committed 59008K, reserved 1099776K
  class space    used 7209K, capacity 7686K, committed 7808K, reserved 1048576K
}
2020-11-07T19:58:40.779+0800: 47.456: Application time: 0.0456169 seconds
{Heap before GC invocations=607 (full 67):
 par new generation   total 9216K, used 8562K [0x00000000e3400000, 0x00000000e3e00000, 0x00000000ecca0000)
  eden space 8192K, 100% used [0x00000000e3400000, 0x00000000e3c00000, 0x00000000e3c00000)
  from space 1024K,  36% used [0x00000000e3d00000, 0x00000000e3d5c990, 0x00000000e3e00000)
  to   space 1024K,   0% used [0x00000000e3c00000, 0x00000000e3c00000, 0x00000000e3d00000)
 concurrent mark-sweep generation total 84724K, used 42255K [0x00000000ecca0000, 0x00000000f1f5d000, 0x0000000100000000)
 Metaspace       used 56484K, capacity 58780K, committed 59008K, reserved 1099776K
  class space    used 7229K, capacity 7686K, committed 7808K, reserved 1048576K
2020-11-07T19:58:40.779+0800: 47.456: [GC (Allocation Failure) 2020-11-07T19:58:40.779+0800: 47.456: [ParNew: 8562K->372K(9216K), 0.0073981 secs] 50818K->42627K(93940K), 0.0074546 secs] [Times: user=0.01 sys=0.00, real=0.01 secs] 
Heap after GC invocations=608 (full 67):
 par new generation   total 9216K, used 372K [0x00000000e3400000, 0x00000000e3e00000, 0x00000000ecca0000)
  eden space 8192K,   0% used [0x00000000e3400000, 0x00000000e3400000, 0x00000000e3c00000)
  from space 1024K,  36% used [0x00000000e3c00000, 0x00000000e3c5d0b8, 0x00000000e3d00000)
  to   space 1024K,   0% used [0x00000000e3d00000, 0x00000000e3d00000, 0x00000000e3e00000)
 concurrent mark-sweep generation total 84724K, used 42255K [0x00000000ecca0000, 0x00000000f1f5d000, 0x0000000100000000)
 Metaspace       used 56484K, capacity 58780K, committed 59008K, reserved 1099776K
  class space    used 7229K, capacity 7686K, committed 7808K, reserved 1048576K
}
2020-11-07T19:58:40.826+0800: 47.502: Application time: 0.0387710 seconds
{Heap before GC invocations=608 (full 67):
 par new generation   total 9216K, used 8564K [0x00000000e3400000, 0x00000000e3e00000, 0x00000000ecca0000)
  eden space 8192K, 100% used [0x00000000e3400000, 0x00000000e3c00000, 0x00000000e3c00000)
  from space 1024K,  36% used [0x00000000e3c00000, 0x00000000e3c5d0b8, 0x00000000e3d00000)
  to   space 1024K,   0% used [0x00000000e3d00000, 0x00000000e3d00000, 0x00000000e3e00000)
 concurrent mark-sweep generation total 84724K, used 42255K [0x00000000ecca0000, 0x00000000f1f5d000, 0x0000000100000000)
 Metaspace       used 56619K, capacity 58940K, committed 59264K, reserved 1101824K
  class space    used 7253K, capacity 7718K, committed 7808K, reserved 1048576K
2020-11-07T19:58:40.826+0800: 47.503: [GC (Allocation Failure) 2020-11-07T19:58:40.826+0800: 47.503: [ParNew: 8564K->408K(9216K), 0.0168928 secs] 50819K->42664K(93940K), 0.0169516 secs] [Times: user=0.01 sys=0.00, real=0.01 secs] 
Heap after GC invocations=609 (full 67):
 par new generation   total 9216K, used 408K [0x00000000e3400000, 0x00000000e3e00000, 0x00000000ecca0000)
  eden space 8192K,   0% used [0x00000000e3400000, 0x00000000e3400000, 0x00000000e3c00000)
  from space 1024K,  39% used [0x00000000e3d00000, 0x00000000e3d662e8, 0x00000000e3e00000)
  to   space 1024K,   0% used [0x00000000e3c00000, 0x00000000e3c00000, 0x00000000e3d00000)
 concurrent mark-sweep generation total 84724K, used 42255K [0x00000000ecca0000, 0x00000000f1f5d000, 0x0000000100000000)
 Metaspace       used 56619K, capacity 58940K, committed 59264K, reserved 1101824K
  class space    used 7253K, capacity 7718K, committed 7808K, reserved 1048576K
}
2020-11-07T19:58:40.891+0800: 47.568: Application time: 0.0479706 seconds
{Heap before GC invocations=609 (full 67):
 par new generation   total 9216K, used 8600K [0x00000000e3400000, 0x00000000e3e00000, 0x00000000ecca0000)
  eden space 8192K, 100% used [0x00000000e3400000, 0x00000000e3c00000, 0x00000000e3c00000)
  from space 1024K,  39% used [0x00000000e3d00000, 0x00000000e3d662e8, 0x00000000e3e00000)
  to   space 1024K,   0% used [0x00000000e3c00000, 0x00000000e3c00000, 0x00000000e3d00000)
 concurrent mark-sweep generation total 84724K, used 42255K [0x00000000ecca0000, 0x00000000f1f5d000, 0x0000000100000000)
 Metaspace       used 56865K, capacity 59228K, committed 59520K, reserved 1101824K
  class space    used 7283K, capacity 7750K, committed 7808K, reserved 1048576K
2020-11-07T19:58:40.891+0800: 47.568: [GC (Allocation Failure) 2020-11-07T19:58:40.891+0800: 47.568: [ParNew: 8600K->548K(9216K), 0.0057221 secs] 50856K->42804K(93940K), 0.0057742 secs] [Times: user=0.01 sys=0.00, real=0.01 secs] 
Heap after GC invocations=610 (full 67):
 par new generation   total 9216K, used 548K [0x00000000e3400000, 0x00000000e3e00000, 0x00000000ecca0000)
  eden space 8192K,   0% used [0x00000000e3400000, 0x00000000e3400000, 0x00000000e3c00000)
  from space 1024K,  53% used [0x00000000e3c00000, 0x00000000e3c89270, 0x00000000e3d00000)
  to   space 1024K,   0% used [0x00000000e3d00000, 0x00000000e3d00000, 0x00000000e3e00000)
 concurrent mark-sweep generation total 84724K, used 42255K [0x00000000ecca0000, 0x00000000f1f5d000, 0x0000000100000000)
 Metaspace       used 56865K, capacity 59228K, committed 59520K, reserved 1101824K
  class space    used 7283K, capacity 7750K, committed 7808K, reserved 1048576K
}
2020-11-07T19:58:40.990+0800: 47.667: Application time: 0.0936027 seconds
{Heap before GC invocations=610 (full 67):
 par new generation   total 9216K, used 8740K [0x00000000e3400000, 0x00000000e3e00000, 0x00000000ecca0000)
  eden space 8192K, 100% used [0x00000000e3400000, 0x00000000e3c00000, 0x00000000e3c00000)
  from space 1024K,  53% used [0x00000000e3c00000, 0x00000000e3c89270, 0x00000000e3d00000)
  to   space 1024K,   0% used [0x00000000e3d00000, 0x00000000e3d00000, 0x00000000e3e00000)
 concurrent mark-sweep generation total 84724K, used 42255K [0x00000000ecca0000, 0x00000000f1f5d000, 0x0000000100000000)
 Metaspace       used 56978K, capacity 59292K, committed 59520K, reserved 1101824K
  class space    used 7296K, capacity 7750K, committed 7808K, reserved 1048576K
2020-11-07T19:58:40.991+0800: 47.667: [GC (Allocation Failure) 2020-11-07T19:58:40.991+0800: 47.667: [ParNew: 8740K->537K(9216K), 0.0243303 secs] 50996K->42868K(93940K), 0.0244011 secs] [Times: user=0.03 sys=0.00, real=0.03 secs] 
Heap after GC invocations=611 (full 67):
 par new generation   total 9216K, used 537K [0x00000000e3400000, 0x00000000e3e00000, 0x00000000ecca0000)
  eden space 8192K,   0% used [0x00000000e3400000, 0x00000000e3400000, 0x00000000e3c00000)
  from space 1024K,  52% used [0x00000000e3d00000, 0x00000000e3d86690, 0x00000000e3e00000)
  to   space 1024K,   0% used [0x00000000e3c00000, 0x00000000e3c00000, 0x00000000e3d00000)
 concurrent mark-sweep generation total 84724K, used 42331K [0x00000000ecca0000, 0x00000000f1f5d000, 0x0000000100000000)
 Metaspace       used 56978K, capacity 59292K, committed 59520K, reserved 1101824K
  class space    used 7296K, capacity 7750K, committed 7808K, reserved 1048576K
}
2020-11-07T19:58:41.094+0800: 47.771: Application time: 0.0788894 seconds
{Heap before GC invocations=611 (full 67):
 par new generation   total 9216K, used 8729K [0x00000000e3400000, 0x00000000e3e00000, 0x00000000ecca0000)
  eden space 8192K, 100% used [0x00000000e3400000, 0x00000000e3c00000, 0x00000000e3c00000)
  from space 1024K,  52% used [0x00000000e3d00000, 0x00000000e3d86690, 0x00000000e3e00000)
  to   space 1024K,   0% used [0x00000000e3c00000, 0x00000000e3c00000, 0x00000000e3d00000)
 concurrent mark-sweep generation total 84724K, used 42331K [0x00000000ecca0000, 0x00000000f1f5d000, 0x0000000100000000)
 Metaspace       used 57050K, capacity 59392K, committed 59520K, reserved 1101824K
  class space    used 7305K, capacity 7784K, committed 7808K, reserved 1048576K
2020-11-07T19:58:41.094+0800: 47.771: [GC (Allocation Failure) 2020-11-07T19:58:41.094+0800: 47.771: [ParNew: 8729K->949K(9216K), 0.0220165 secs] 51060K->43280K(93940K), 0.0220722 secs] [Times: user=0.02 sys=0.00, real=0.03 secs] 
Heap after GC invocations=612 (full 67):
 par new generation   total 9216K, used 949K [0x00000000e3400000, 0x00000000e3e00000, 0x00000000ecca0000)
  eden space 8192K,   0% used [0x00000000e3400000, 0x00000000e3400000, 0x00000000e3c00000)
  from space 1024K,  92% used [0x00000000e3c00000, 0x00000000e3ced780, 0x00000000e3d00000)
  to   space 1024K,   0% used [0x00000000e3d00000, 0x00000000e3d00000, 0x00000000e3e00000)
 concurrent mark-sweep generation total 84724K, used 42331K [0x00000000ecca0000, 0x00000000f1f5d000, 0x0000000100000000)
 Metaspace       used 57050K, capacity 59392K, committed 59520K, reserved 1101824K
  class space    used 7305K, capacity 7784K, committed 7808K, reserved 1048576K
}
2020-11-07T19:58:41.145+0800: 47.822: Application time: 0.0289490 seconds
{Heap before GC invocations=612 (full 67):
 par new generation   total 9216K, used 9141K [0x00000000e3400000, 0x00000000e3e00000, 0x00000000ecca0000)
  eden space 8192K, 100% used [0x00000000e3400000, 0x00000000e3c00000, 0x00000000e3c00000)
  from space 1024K,  92% used [0x00000000e3c00000, 0x00000000e3ced780, 0x00000000e3d00000)
  to   space 1024K,   0% used [0x00000000e3d00000, 0x00000000e3d00000, 0x00000000e3e00000)
 concurrent mark-sweep generation total 84724K, used 42331K [0x00000000ecca0000, 0x00000000f1f5d000, 0x0000000100000000)
 Metaspace       used 57128K, capacity 59456K, committed 59520K, reserved 1101824K
  class space    used 7321K, capacity 7784K, committed 7808K, reserved 1048576K
2020-11-07T19:58:41.145+0800: 47.822: [GC (Allocation Failure) 2020-11-07T19:58:41.145+0800: 47.822: [ParNew: 9141K->572K(9216K), 0.0214495 secs] 51472K->43319K(93940K), 0.0215051 secs] [Times: user=0.02 sys=0.00, real=0.02 secs] 
Heap after GC invocations=613 (full 67):
 par new generation   total 9216K, used 572K [0x00000000e3400000, 0x00000000e3e00000, 0x00000000ecca0000)
  eden space 8192K,   0% used [0x00000000e3400000, 0x00000000e3400000, 0x00000000e3c00000)
  from space 1024K,  55% used [0x00000000e3d00000, 0x00000000e3d8f078, 0x00000000e3e00000)
  to   space 1024K,   0% used [0x00000000e3c00000, 0x00000000e3c00000, 0x00000000e3d00000)
 concurrent mark-sweep generation total 84724K, used 42747K [0x00000000ecca0000, 0x00000000f1f5d000, 0x0000000100000000)
 Metaspace       used 57128K, capacity 59456K, committed 59520K, reserved 1101824K
  class space    used 7321K, capacity 7784K, committed 7808K, reserved 1048576K
}
2020-11-07T19:58:41.178+0800: 47.855: Application time: 0.0112948 seconds
{Heap before GC invocations=613 (full 67):
 par new generation   total 9216K, used 8764K [0x00000000e3400000, 0x00000000e3e00000, 0x00000000ecca0000)
  eden space 8192K, 100% used [0x00000000e3400000, 0x00000000e3c00000, 0x00000000e3c00000)
  from space 1024K,  55% used [0x00000000e3d00000, 0x00000000e3d8f078, 0x00000000e3e00000)
  to   space 1024K,   0% used [0x00000000e3c00000, 0x00000000e3c00000, 0x00000000e3d00000)
 concurrent mark-sweep generation total 84724K, used 42747K [0x00000000ecca0000, 0x00000000f1f5d000, 0x0000000100000000)
 Metaspace       used 57128K, capacity 59456K, committed 59520K, reserved 1101824K
  class space    used 7321K, capacity 7784K, committed 7808K, reserved 1048576K
2020-11-07T19:58:41.178+0800: 47.855: [GC (Allocation Failure) 2020-11-07T19:58:41.178+0800: 47.855: [ParNew: 8764K->481K(9216K), 0.0054175 secs] 51511K->43228K(93940K), 0.0054705 secs] [Times: user=0.01 sys=0.00, real=0.00 secs] 
Heap after GC invocations=614 (full 67):
 par new generation   total 9216K, used 481K [0x00000000e3400000, 0x00000000e3e00000, 0x00000000ecca0000)
  eden space 8192K,   0% used [0x00000000e3400000, 0x00000000e3400000, 0x00000000e3c00000)
  from space 1024K,  46% used [0x00000000e3c00000, 0x00000000e3c784c0, 0x00000000e3d00000)
  to   space 1024K,   0% used [0x00000000e3d00000, 0x00000000e3d00000, 0x00000000e3e00000)
 concurrent mark-sweep generation total 84724K, used 42747K [0x00000000ecca0000, 0x00000000f1f5d000, 0x0000000100000000)
 Metaspace       used 57128K, capacity 59456K, committed 59520K, reserved 1101824K
  class space    used 7321K, capacity 7784K, committed 7808K, reserved 1048576K
}
2020-11-07T19:58:41.196+0800: 47.873: Application time: 0.0119228 seconds
{Heap before GC invocations=614 (full 67):
 par new generation   total 9216K, used 8673K [0x00000000e3400000, 0x00000000e3e00000, 0x00000000ecca0000)
  eden space 8192K, 100% used [0x00000000e3400000, 0x00000000e3c00000, 0x00000000e3c00000)
  from space 1024K,  46% used [0x00000000e3c00000, 0x00000000e3c784c0, 0x00000000e3d00000)
  to   space 1024K,   0% used [0x00000000e3d00000, 0x00000000e3d00000, 0x00000000e3e00000)
 concurrent mark-sweep generation total 84724K, used 42747K [0x00000000ecca0000, 0x00000000f1f5d000, 0x0000000100000000)
 Metaspace       used 57132K, capacity 59456K, committed 59520K, reserved 1101824K
  class space    used 7321K, capacity 7784K, committed 7808K, reserved 1048576K
2020-11-07T19:58:41.196+0800: 47.873: [GC (Allocation Failure) 2020-11-07T19:58:41.196+0800: 47.873: [ParNew: 8673K->541K(9216K), 0.0139322 secs] 51420K->43289K(93940K), 0.0139854 secs] [Times: user=0.01 sys=0.00, real=0.01 secs] 
Heap after GC invocations=615 (full 67):
 par new generation   total 9216K, used 541K [0x00000000e3400000, 0x00000000e3e00000, 0x00000000ecca0000)
  eden space 8192K,   0% used [0x00000000e3400000, 0x00000000e3400000, 0x00000000e3c00000)
  from space 1024K,  52% used [0x00000000e3d00000, 0x00000000e3d876b8, 0x00000000e3e00000)
  to   space 1024K,   0% used [0x00000000e3c00000, 0x00000000e3c00000, 0x00000000e3d00000)
 concurrent mark-sweep generation total 84724K, used 42747K [0x00000000ecca0000, 0x00000000f1f5d000, 0x0000000100000000)
 Metaspace       used 57132K, capacity 59456K, committed 59520K, reserved 1101824K
  class space    used 7321K, capacity 7784K, committed 7808K, reserved 1048576K
}
2020-11-07T19:58:41.232+0800: 47.909: Application time: 0.0219965 seconds
{Heap before GC invocations=615 (full 67):
 par new generation   total 9216K, used 8733K [0x00000000e3400000, 0x00000000e3e00000, 0x00000000ecca0000)
  eden space 8192K, 100% used [0x00000000e3400000, 0x00000000e3c00000, 0x00000000e3c00000)
  from space 1024K,  52% used [0x00000000e3d00000, 0x00000000e3d876b8, 0x00000000e3e00000)
  to   space 1024K,   0% used [0x00000000e3c00000, 0x00000000e3c00000, 0x00000000e3d00000)
 concurrent mark-sweep generation total 84724K, used 42747K [0x00000000ecca0000, 0x00000000f1f5d000, 0x0000000100000000)
 Metaspace       used 57162K, capacity 59464K, committed 59776K, reserved 1101824K
  class space    used 7325K, capacity 7786K, committed 7808K, reserved 1048576K
2020-11-07T19:58:41.232+0800: 47.909: [GC (Allocation Failure) 2020-11-07T19:58:41.232+0800: 47.909: [ParNew: 8733K->560K(9216K), 0.0130872 secs] 51481K->43307K(93940K), 0.0131519 secs] [Times: user=0.01 sys=0.00, real=0.02 secs] 
Heap after GC invocations=616 (full 67):
 par new generation   total 9216K, used 560K [0x00000000e3400000, 0x00000000e3e00000, 0x00000000ecca0000)
  eden space 8192K,   0% used [0x00000000e3400000, 0x00000000e3400000, 0x00000000e3c00000)
  from space 1024K,  54% used [0x00000000e3c00000, 0x00000000e3c8c1b8, 0x00000000e3d00000)
  to   space 1024K,   0% used [0x00000000e3d00000, 0x00000000e3d00000, 0x00000000e3e00000)
 concurrent mark-sweep generation total 84724K, used 42747K [0x00000000ecca0000, 0x00000000f1f5d000, 0x0000000100000000)
 Metaspace       used 57162K, capacity 59464K, committed 59776K, reserved 1101824K
  class space    used 7325K, capacity 7786K, committed 7808K, reserved 1048576K
}
2020-11-07T19:58:41.261+0800: 47.937: Application time: 0.0150463 seconds
{Heap before GC invocations=616 (full 67):
 par new generation   total 9216K, used 8737K [0x00000000e3400000, 0x00000000e3e00000, 0x00000000ecca0000)
  eden space 8192K,  99% used [0x00000000e3400000, 0x00000000e3bfc5e0, 0x00000000e3c00000)
  from space 1024K,  54% used [0x00000000e3c00000, 0x00000000e3c8c1b8, 0x00000000e3d00000)
  to   space 1024K,   0% used [0x00000000e3d00000, 0x00000000e3d00000, 0x00000000e3e00000)
 concurrent mark-sweep generation total 84724K, used 42747K [0x00000000ecca0000, 0x00000000f1f5d000, 0x0000000100000000)
 Metaspace       used 57176K, capacity 59528K, committed 59776K, reserved 1101824K
  class space    used 7329K, capacity 7786K, committed 7808K, reserved 1048576K
2020-11-07T19:58:41.261+0800: 47.938: [GC (Allocation Failure) 2020-11-07T19:58:41.261+0800: 47.938: [ParNew: 8737K->766K(9216K), 0.0121123 secs] 51485K->43514K(93940K), 0.0121773 secs] [Times: user=0.01 sys=0.01, real=0.01 secs] 
Heap after GC invocations=617 (full 67):
 par new generation   total 9216K, used 766K [0x00000000e3400000, 0x00000000e3e00000, 0x00000000ecca0000)
  eden space 8192K,   0% used [0x00000000e3400000, 0x00000000e3400000, 0x00000000e3c00000)
  from space 1024K,  74% used [0x00000000e3d00000, 0x00000000e3dbfbb8, 0x00000000e3e00000)
  to   space 1024K,   0% used [0x00000000e3c00000, 0x00000000e3c00000, 0x00000000e3d00000)
 concurrent mark-sweep generation total 84724K, used 42747K [0x00000000ecca0000, 0x00000000f1f5d000, 0x0000000100000000)
 Metaspace       used 57176K, capacity 59528K, committed 59776K, reserved 1101824K
  class space    used 7329K, capacity 7786K, committed 7808K, reserved 1048576K
}
2020-11-07T19:58:41.286+0800: 47.963: Application time: 0.0131874 seconds
{Heap before GC invocations=617 (full 67):
 par new generation   total 9216K, used 8935K [0x00000000e3400000, 0x00000000e3e00000, 0x00000000ecca0000)
  eden space 8192K,  99% used [0x00000000e3400000, 0x00000000e3bfa130, 0x00000000e3c00000)
  from space 1024K,  74% used [0x00000000e3d00000, 0x00000000e3dbfbb8, 0x00000000e3e00000)
  to   space 1024K,   0% used [0x00000000e3c00000, 0x00000000e3c00000, 0x00000000e3d00000)
 concurrent mark-sweep generation total 84724K, used 42747K [0x00000000ecca0000, 0x00000000f1f5d000, 0x0000000100000000)
 Metaspace       used 57176K, capacity 59528K, committed 59776K, reserved 1101824K
  class space    used 7329K, capacity 7786K, committed 7808K, reserved 1048576K
2020-11-07T19:58:41.286+0800: 47.963: [GC (Allocation Failure) 2020-11-07T19:58:41.286+0800: 47.963: [ParNew: 8935K->260K(9216K), 0.0135403 secs] 51682K->43393K(93940K), 0.0135955 secs] [Times: user=0.01 sys=0.00, real=0.01 secs] 
Heap after GC invocations=618 (full 67):
 par new generation   total 9216K, used 260K [0x00000000e3400000, 0x00000000e3e00000, 0x00000000ecca0000)
  eden space 8192K,   0% used [0x00000000e3400000, 0x00000000e3400000, 0x00000000e3c00000)
  from space 1024K,  25% used [0x00000000e3c00000, 0x00000000e3c410d0, 0x00000000e3d00000)
  to   space 1024K,   0% used [0x00000000e3d00000, 0x00000000e3d00000, 0x00000000e3e00000)
 concurrent mark-sweep generation total 84724K, used 43133K [0x00000000ecca0000, 0x00000000f1f5d000, 0x0000000100000000)
 Metaspace       used 57176K, capacity 59528K, committed 59776K, reserved 1101824K
  class space    used 7329K, capacity 7786K, committed 7808K, reserved 1048576K
}
2020-11-07T19:58:41.302+0800: 47.979: Application time: 0.0021529 seconds
{Heap before GC invocations=618 (full 67):
 par new generation   total 9216K, used 8441K [0x00000000e3400000, 0x00000000e3e00000, 0x00000000ecca0000)
  eden space 8192K,  99% used [0x00000000e3400000, 0x00000000e3bfd538, 0x00000000e3c00000)
  from space 1024K,  25% used [0x00000000e3c00000, 0x00000000e3c410d0, 0x00000000e3d00000)
  to   space 1024K,   0% used [0x00000000e3d00000, 0x00000000e3d00000, 0x00000000e3e00000)
 concurrent mark-sweep generation total 84724K, used 43133K [0x00000000ecca0000, 0x00000000f1f5d000, 0x0000000100000000)
 Metaspace       used 57176K, capacity 59528K, committed 59776K, reserved 1101824K
  class space    used 7329K, capacity 7786K, committed 7808K, reserved 1048576K
2020-11-07T19:58:41.302+0800: 47.979: [GC (Allocation Failure) 2020-11-07T19:58:41.302+0800: 47.979: [ParNew: 8441K->255K(9216K), 0.0120990 secs] 51575K->43389K(93940K), 0.0121668 secs] [Times: user=0.01 sys=0.00, real=0.02 secs] 
Heap after GC invocations=619 (full 67):
 par new generation   total 9216K, used 255K [0x00000000e3400000, 0x00000000e3e00000, 0x00000000ecca0000)
  eden space 8192K,   0% used [0x00000000e3400000, 0x00000000e3400000, 0x00000000e3c00000)
  from space 1024K,  24% used [0x00000000e3d00000, 0x00000000e3d3feb8, 0x00000000e3e00000)
  to   space 1024K,   0% used [0x00000000e3c00000, 0x00000000e3c00000, 0x00000000e3d00000)
 concurrent mark-sweep generation total 84724K, used 43133K [0x00000000ecca0000, 0x00000000f1f5d000, 0x0000000100000000)
 Metaspace       used 57176K, capacity 59528K, committed 59776K, reserved 1101824K
  class space    used 7329K, capacity 7786K, committed 7808K, reserved 1048576K
}
2020-11-07T19:58:41.350+0800: 48.027: Application time: 0.0356460 seconds
{Heap before GC invocations=619 (full 67):
 par new generation   total 9216K, used 8447K [0x00000000e3400000, 0x00000000e3e00000, 0x00000000ecca0000)
  eden space 8192K, 100% used [0x00000000e3400000, 0x00000000e3c00000, 0x00000000e3c00000)
  from space 1024K,  24% used [0x00000000e3d00000, 0x00000000e3d3feb8, 0x00000000e3e00000)
  to   space 1024K,   0% used [0x00000000e3c00000, 0x00000000e3c00000, 0x00000000e3d00000)
 concurrent mark-sweep generation total 84724K, used 43133K [0x00000000ecca0000, 0x00000000f1f5d000, 0x0000000100000000)
 Metaspace       used 57216K, capacity 59534K, committed 59776K, reserved 1101824K
  class space    used 7333K, capacity 7787K, committed 7808K, reserved 1048576K
2020-11-07T19:58:41.350+0800: 48.027: [GC (Allocation Failure) 2020-11-07T19:58:41.351+0800: 48.027: [ParNew: 8447K->348K(9216K), 0.0129950 secs] 51581K->43481K(93940K), 0.0130481 secs] [Times: user=0.01 sys=0.00, real=0.01 secs] 
Heap after GC invocations=620 (full 67):
 par new generation   total 9216K, used 348K [0x00000000e3400000, 0x00000000e3e00000, 0x00000000ecca0000)
  eden space 8192K,   0% used [0x00000000e3400000, 0x00000000e3400000, 0x00000000e3c00000)
  from space 1024K,  33% used [0x00000000e3c00000, 0x00000000e3c57098, 0x00000000e3d00000)
  to   space 1024K,   0% used [0x00000000e3d00000, 0x00000000e3d00000, 0x00000000e3e00000)
 concurrent mark-sweep generation total 84724K, used 43133K [0x00000000ecca0000, 0x00000000f1f5d000, 0x0000000100000000)
 Metaspace       used 57216K, capacity 59534K, committed 59776K, reserved 1101824K
  class space    used 7333K, capacity 7787K, committed 7808K, reserved 1048576K
}
2020-11-07T19:58:41.649+0800: 48.325: Application time: 0.2850121 seconds
{Heap before GC invocations=620 (full 67):
 par new generation   total 9216K, used 8540K [0x00000000e3400000, 0x00000000e3e00000, 0x00000000ecca0000)
  eden space 8192K, 100% used [0x00000000e3400000, 0x00000000e3c00000, 0x00000000e3c00000)
  from space 1024K,  33% used [0x00000000e3c00000, 0x00000000e3c57098, 0x00000000e3d00000)
  to   space 1024K,   0% used [0x00000000e3d00000, 0x00000000e3d00000, 0x00000000e3e00000)
 concurrent mark-sweep generation total 84724K, used 43133K [0x00000000ecca0000, 0x00000000f1f5d000, 0x0000000100000000)
 Metaspace       used 57362K, capacity 59708K, committed 59904K, reserved 1101824K
  class space    used 7341K, capacity 7822K, committed 7936K, reserved 1048576K
2020-11-07T19:58:41.649+0800: 48.326: [GC (Allocation Failure) 2020-11-07T19:58:41.649+0800: 48.326: [ParNew: 8540K->539K(9216K), 0.0139345 secs] 51673K->43672K(93940K), 0.0139969 secs] [Times: user=0.01 sys=0.00, real=0.01 secs] 
Heap after GC invocations=621 (full 67):
 par new generation   total 9216K, used 539K [0x00000000e3400000, 0x00000000e3e00000, 0x00000000ecca0000)
  eden space 8192K,   0% used [0x00000000e3400000, 0x00000000e3400000, 0x00000000e3c00000)
  from space 1024K,  52% used [0x00000000e3d00000, 0x00000000e3d86cb0, 0x00000000e3e00000)
  to   space 1024K,   0% used [0x00000000e3c00000, 0x00000000e3c00000, 0x00000000e3d00000)
 concurrent mark-sweep generation total 84724K, used 43133K [0x00000000ecca0000, 0x00000000f1f5d000, 0x0000000100000000)
 Metaspace       used 57362K, capacity 59708K, committed 59904K, reserved 1101824K
  class space    used 7341K, capacity 7822K, committed 7936K, reserved 1048576K
}
2020-11-07T19:58:41.688+0800: 48.365: Application time: 0.0249684 seconds
{Heap before GC invocations=621 (full 67):
 par new generation   total 9216K, used 8731K [0x00000000e3400000, 0x00000000e3e00000, 0x00000000ecca0000)
  eden space 8192K, 100% used [0x00000000e3400000, 0x00000000e3c00000, 0x00000000e3c00000)
  from space 1024K,  52% used [0x00000000e3d00000, 0x00000000e3d86cb0, 0x00000000e3e00000)
  to   space 1024K,   0% used [0x00000000e3c00000, 0x00000000e3c00000, 0x00000000e3d00000)
 concurrent mark-sweep generation total 84724K, used 43133K [0x00000000ecca0000, 0x00000000f1f5d000, 0x0000000100000000)
 Metaspace       used 57363K, capacity 59708K, committed 59904K, reserved 1101824K
  class space    used 7341K, capacity 7822K, committed 7936K, reserved 1048576K
2020-11-07T19:58:41.688+0800: 48.365: [GC (Allocation Failure) 2020-11-07T19:58:41.688+0800: 48.365: [ParNew: 8731K->691K(9216K), 0.0121553 secs] 51864K->43846K(93940K), 0.0122087 secs] [Times: user=0.01 sys=0.00, real=0.01 secs] 
Heap after GC invocations=622 (full 67):
 par new generation   total 9216K, used 691K [0x00000000e3400000, 0x00000000e3e00000, 0x00000000ecca0000)
  eden space 8192K,   0% used [0x00000000e3400000, 0x00000000e3400000, 0x00000000e3c00000)
  from space 1024K,  67% used [0x00000000e3c00000, 0x00000000e3cacc40, 0x00000000e3d00000)
  to   space 1024K,   0% used [0x00000000e3d00000, 0x00000000e3d00000, 0x00000000e3e00000)
 concurrent mark-sweep generation total 84724K, used 43155K [0x00000000ecca0000, 0x00000000f1f5d000, 0x0000000100000000)
 Metaspace       used 57363K, capacity 59708K, committed 59904K, reserved 1101824K
  class space    used 7341K, capacity 7822K, committed 7936K, reserved 1048576K
}
2020-11-07T19:58:41.713+0800: 48.390: Application time: 0.0127650 seconds
{Heap before GC invocations=622 (full 67):
 par new generation   total 9216K, used 8883K [0x00000000e3400000, 0x00000000e3e00000, 0x00000000ecca0000)
  eden space 8192K, 100% used [0x00000000e3400000, 0x00000000e3c00000, 0x00000000e3c00000)
  from space 1024K,  67% used [0x00000000e3c00000, 0x00000000e3cacc40, 0x00000000e3d00000)
  to   space 1024K,   0% used [0x00000000e3d00000, 0x00000000e3d00000, 0x00000000e3e00000)
 concurrent mark-sweep generation total 84724K, used 43155K [0x00000000ecca0000, 0x00000000f1f5d000, 0x0000000100000000)
 Metaspace       used 57370K, capacity 59708K, committed 59904K, reserved 1101824K
  class space    used 7341K, capacity 7822K, committed 7936K, reserved 1048576K
2020-11-07T19:58:41.713+0800: 48.390: [GC (Allocation Failure) 2020-11-07T19:58:41.713+0800: 48.390: [ParNew: 8883K->642K(9216K), 0.0176507 secs] 52038K->43889K(93940K), 0.0177238 secs] [Times: user=0.02 sys=0.00, real=0.02 secs] 
Heap after GC invocations=623 (full 67):
 par new generation   total 9216K, used 642K [0x00000000e3400000, 0x00000000e3e00000, 0x00000000ecca0000)
  eden space 8192K,   0% used [0x00000000e3400000, 0x00000000e3400000, 0x00000000e3c00000)
  from space 1024K,  62% used [0x00000000e3d00000, 0x00000000e3da0910, 0x00000000e3e00000)
  to   space 1024K,   0% used [0x00000000e3c00000, 0x00000000e3c00000, 0x00000000e3d00000)
 concurrent mark-sweep generation total 84724K, used 43247K [0x00000000ecca0000, 0x00000000f1f5d000, 0x0000000100000000)
 Metaspace       used 57370K, capacity 59708K, committed 59904K, reserved 1101824K
  class space    used 7341K, capacity 7822K, committed 7936K, reserved 1048576K
}
2020-11-07T19:58:41.743+0800: 48.420: Application time: 0.0121813 seconds
{Heap before GC invocations=623 (full 67):
 par new generation   total 9216K, used 8834K [0x00000000e3400000, 0x00000000e3e00000, 0x00000000ecca0000)
  eden space 8192K, 100% used [0x00000000e3400000, 0x00000000e3c00000, 0x00000000e3c00000)
  from space 1024K,  62% used [0x00000000e3d00000, 0x00000000e3da0910, 0x00000000e3e00000)
  to   space 1024K,   0% used [0x00000000e3c00000, 0x00000000e3c00000, 0x00000000e3d00000)
 concurrent mark-sweep generation total 84724K, used 43247K [0x00000000ecca0000, 0x00000000f1f5d000, 0x0000000100000000)
 Metaspace       used 57385K, capacity 59708K, committed 59904K, reserved 1101824K
  class space    used 7344K, capacity 7822K, committed 7936K, reserved 1048576K
2020-11-07T19:58:41.743+0800: 48.420: [GC (Allocation Failure) 2020-11-07T19:58:41.743+0800: 48.420: [ParNew: 8834K->542K(9216K), 0.0121541 secs] 52081K->44030K(93940K), 0.0122134 secs] [Times: user=0.02 sys=0.00, real=0.02 secs] 
Heap after GC invocations=624 (full 67):
 par new generation   total 9216K, used 542K [0x00000000e3400000, 0x00000000e3e00000, 0x00000000ecca0000)
  eden space 8192K,   0% used [0x00000000e3400000, 0x00000000e3400000, 0x00000000e3c00000)
  from space 1024K,  52% used [0x00000000e3c00000, 0x00000000e3c87a20, 0x00000000e3d00000)
  to   space 1024K,   0% used [0x00000000e3d00000, 0x00000000e3d00000, 0x00000000e3e00000)
 concurrent mark-sweep generation total 84724K, used 43487K [0x00000000ecca0000, 0x00000000f1f5d000, 0x0000000100000000)
 Metaspace       used 57385K, capacity 59708K, committed 59904K, reserved 1101824K
  class space    used 7344K, capacity 7822K, committed 7936K, reserved 1048576K
}
2020-11-07T19:58:41.806+0800: 48.483: Application time: 0.0507116 seconds
{Heap before GC invocations=624 (full 67):
 par new generation   total 9216K, used 8734K [0x00000000e3400000, 0x00000000e3e00000, 0x00000000ecca0000)
  eden space 8192K, 100% used [0x00000000e3400000, 0x00000000e3c00000, 0x00000000e3c00000)
  from space 1024K,  52% used [0x00000000e3c00000, 0x00000000e3c87a20, 0x00000000e3d00000)
  to   space 1024K,   0% used [0x00000000e3d00000, 0x00000000e3d00000, 0x00000000e3e00000)
 concurrent mark-sweep generation total 84724K, used 43487K [0x00000000ecca0000, 0x00000000f1f5d000, 0x0000000100000000)
 Metaspace       used 57556K, capacity 59878K, committed 60160K, reserved 1101824K
  class space    used 7367K, capacity 7833K, committed 7936K, reserved 1048576K
2020-11-07T19:58:41.807+0800: 48.483: [GC (Allocation Failure) 2020-11-07T19:58:41.807+0800: 48.483: [ParNew: 8734K->684K(9216K), 0.0237352 secs] 52222K->44171K(93940K), 0.0238068 secs] [Times: user=0.02 sys=0.00, real=0.02 secs] 
Heap after GC invocations=625 (full 67):
 par new generation   total 9216K, used 684K [0x00000000e3400000, 0x00000000e3e00000, 0x00000000ecca0000)
  eden space 8192K,   0% used [0x00000000e3400000, 0x00000000e3400000, 0x00000000e3c00000)
  from space 1024K,  66% used [0x00000000e3d00000, 0x00000000e3dab0d0, 0x00000000e3e00000)
  to   space 1024K,   0% used [0x00000000e3c00000, 0x00000000e3c00000, 0x00000000e3d00000)
 concurrent mark-sweep generation total 84724K, used 43487K [0x00000000ecca0000, 0x00000000f1f5d000, 0x0000000100000000)
 Metaspace       used 57556K, capacity 59878K, committed 60160K, reserved 1101824K
  class space    used 7367K, capacity 7833K, committed 7936K, reserved 1048576K
}
2020-11-07T19:58:41.833+0800: 48.510: Application time: 0.0029566 seconds
2020-11-07T19:58:41.841+0800: 48.517: Application time: 0.0068877 seconds
{Heap before GC invocations=625 (full 67):
 par new generation   total 9216K, used 8855K [0x00000000e3400000, 0x00000000e3e00000, 0x00000000ecca0000)
  eden space 8192K,  99% used [0x00000000e3400000, 0x00000000e3bfacd0, 0x00000000e3c00000)
  from space 1024K,  66% used [0x00000000e3d00000, 0x00000000e3dab0d0, 0x00000000e3e00000)
  to   space 1024K,   0% used [0x00000000e3c00000, 0x00000000e3c00000, 0x00000000e3d00000)
 concurrent mark-sweep generation total 84724K, used 43487K [0x00000000ecca0000, 0x00000000f1f5d000, 0x0000000100000000)
 Metaspace       used 57599K, capacity 59944K, committed 60160K, reserved 1101824K
  class space    used 7373K, capacity 7834K, committed 7936K, reserved 1048576K
2020-11-07T19:58:41.841+0800: 48.517: [GC (Allocation Failure) 2020-11-07T19:58:41.841+0800: 48.517: [ParNew: 8855K->471K(9216K), 0.0158353 secs] 52342K->44177K(93940K), 0.0158889 secs] [Times: user=0.01 sys=0.00, real=0.02 secs] 
Heap after GC invocations=626 (full 67):
 par new generation   total 9216K, used 471K [0x00000000e3400000, 0x00000000e3e00000, 0x00000000ecca0000)
  eden space 8192K,   0% used [0x00000000e3400000, 0x00000000e3400000, 0x00000000e3c00000)
  from space 1024K,  46% used [0x00000000e3c00000, 0x00000000e3c75cf0, 0x00000000e3d00000)
  to   space 1024K,   0% used [0x00000000e3d00000, 0x00000000e3d00000, 0x00000000e3e00000)
 concurrent mark-sweep generation total 84724K, used 43706K [0x00000000ecca0000, 0x00000000f1f5d000, 0x0000000100000000)
 Metaspace       used 57599K, capacity 59944K, committed 60160K, reserved 1101824K
  class space    used 7373K, capacity 7834K, committed 7936K, reserved 1048576K
}
2020-11-07T19:58:41.861+0800: 48.537: Application time: 0.0040260 seconds
{Heap before GC invocations=626 (full 67):
 par new generation   total 9216K, used 8654K [0x00000000e3400000, 0x00000000e3e00000, 0x00000000ecca0000)
  eden space 8192K,  99% used [0x00000000e3400000, 0x00000000e3bfdde8, 0x00000000e3c00000)
  from space 1024K,  46% used [0x00000000e3c00000, 0x00000000e3c75cf0, 0x00000000e3d00000)
  to   space 1024K,   0% used [0x00000000e3d00000, 0x00000000e3d00000, 0x00000000e3e00000)
 concurrent mark-sweep generation total 84724K, used 43706K [0x00000000ecca0000, 0x00000000f1f5d000, 0x0000000100000000)
 Metaspace       used 57602K, capacity 59944K, committed 60160K, reserved 1101824K
  class space    used 7373K, capacity 7834K, committed 7936K, reserved 1048576K
2020-11-07T19:58:41.861+0800: 48.538: [GC (Allocation Failure) 2020-11-07T19:58:41.861+0800: 48.538: [ParNew: 8654K->491K(9216K), 0.0149552 secs] 52361K->44198K(93940K), 0.0150104 secs] [Times: user=0.01 sys=0.00, real=0.02 secs] 
Heap after GC invocations=627 (full 67):
 par new generation   total 9216K, used 491K [0x00000000e3400000, 0x00000000e3e00000, 0x00000000ecca0000)
  eden space 8192K,   0% used [0x00000000e3400000, 0x00000000e3400000, 0x00000000e3c00000)
  from space 1024K,  48% used [0x00000000e3d00000, 0x00000000e3d7af00, 0x00000000e3e00000)
  to   space 1024K,   0% used [0x00000000e3c00000, 0x00000000e3c00000, 0x00000000e3d00000)
 concurrent mark-sweep generation total 84724K, used 43706K [0x00000000ecca0000, 0x00000000f1f5d000, 0x0000000100000000)
 Metaspace       used 57602K, capacity 59944K, committed 60160K, reserved 1101824K
  class space    used 7373K, capacity 7834K, committed 7936K, reserved 1048576K
}
2020-11-07T19:58:41.878+0800: 48.555: Application time: 0.0023590 seconds
{Heap before GC invocations=627 (full 67):
 par new generation   total 9216K, used 8642K [0x00000000e3400000, 0x00000000e3e00000, 0x00000000ecca0000)
  eden space 8192K,  99% used [0x00000000e3400000, 0x00000000e3bf5c58, 0x00000000e3c00000)
  from space 1024K,  48% used [0x00000000e3d00000, 0x00000000e3d7af00, 0x00000000e3e00000)
  to   space 1024K,   0% used [0x00000000e3c00000, 0x00000000e3c00000, 0x00000000e3d00000)
 concurrent mark-sweep generation total 84724K, used 43706K [0x00000000ecca0000, 0x00000000f1f5d000, 0x0000000100000000)
 Metaspace       used 57602K, capacity 59944K, committed 60160K, reserved 1101824K
  class space    used 7373K, capacity 7834K, committed 7936K, reserved 1048576K
2020-11-07T19:58:41.879+0800: 48.555: [GC (Allocation Failure) 2020-11-07T19:58:41.879+0800: 48.555: [ParNew: 8642K->395K(9216K), 0.0069156 secs] 52349K->44102K(93940K), 0.0069638 secs] [Times: user=0.01 sys=0.00, real=0.01 secs] 
Heap after GC invocations=628 (full 67):
 par new generation   total 9216K, used 395K [0x00000000e3400000, 0x00000000e3e00000, 0x00000000ecca0000)
  eden space 8192K,   0% used [0x00000000e3400000, 0x00000000e3400000, 0x00000000e3c00000)
  from space 1024K,  38% used [0x00000000e3c00000, 0x00000000e3c62fe0, 0x00000000e3d00000)
  to   space 1024K,   0% used [0x00000000e3d00000, 0x00000000e3d00000, 0x00000000e3e00000)
 concurrent mark-sweep generation total 84724K, used 43706K [0x00000000ecca0000, 0x00000000f1f5d000, 0x0000000100000000)
 Metaspace       used 57602K, capacity 59944K, committed 60160K, reserved 1101824K
  class space    used 7373K, capacity 7834K, committed 7936K, reserved 1048576K
}
2020-11-07T19:58:41.913+0800: 48.590: Application time: 0.0278775 seconds
{Heap before GC invocations=628 (full 67):
 par new generation   total 9216K, used 8587K [0x00000000e3400000, 0x00000000e3e00000, 0x00000000ecca0000)
  eden space 8192K, 100% used [0x00000000e3400000, 0x00000000e3c00000, 0x00000000e3c00000)
  from space 1024K,  38% used [0x00000000e3c00000, 0x00000000e3c62fe0, 0x00000000e3d00000)
  to   space 1024K,   0% used [0x00000000e3d00000, 0x00000000e3d00000, 0x00000000e3e00000)
 concurrent mark-sweep generation total 84724K, used 43706K [0x00000000ecca0000, 0x00000000f1f5d000, 0x0000000100000000)
 Metaspace       used 57969K, capacity 60296K, committed 60416K, reserved 1101824K
  class space    used 7404K, capacity 7866K, committed 7936K, reserved 1048576K
2020-11-07T19:58:41.914+0800: 48.590: [GC (Allocation Failure) 2020-11-07T19:58:41.914+0800: 48.590: [ParNew: 8587K->569K(9216K), 0.0162477 secs] 52294K->44276K(93940K), 0.0163044 secs] [Times: user=0.01 sys=0.00, real=0.02 secs] 
Heap after GC invocations=629 (full 67):
 par new generation   total 9216K, used 569K [0x00000000e3400000, 0x00000000e3e00000, 0x00000000ecca0000)
  eden space 8192K,   0% used [0x00000000e3400000, 0x00000000e3400000, 0x00000000e3c00000)
  from space 1024K,  55% used [0x00000000e3d00000, 0x00000000e3d8e790, 0x00000000e3e00000)
  to   space 1024K,   0% used [0x00000000e3c00000, 0x00000000e3c00000, 0x00000000e3d00000)
 concurrent mark-sweep generation total 84724K, used 43706K [0x00000000ecca0000, 0x00000000f1f5d000, 0x0000000100000000)
 Metaspace       used 57969K, capacity 60296K, committed 60416K, reserved 1101824K
  class space    used 7404K, capacity 7866K, committed 7936K, reserved 1048576K
}
2020-11-07T19:58:41.947+0800: 48.624: Application time: 0.0168736 seconds
2020-11-07T19:58:41.958+0800: 48.635: Application time: 0.0109573 seconds
{Heap before GC invocations=629 (full 67):
 par new generation   total 9216K, used 8761K [0x00000000e3400000, 0x00000000e3e00000, 0x00000000ecca0000)
  eden space 8192K, 100% used [0x00000000e3400000, 0x00000000e3c00000, 0x00000000e3c00000)
  from space 1024K,  55% used [0x00000000e3d00000, 0x00000000e3d8e790, 0x00000000e3e00000)
  to   space 1024K,   0% used [0x00000000e3c00000, 0x00000000e3c00000, 0x00000000e3d00000)
 concurrent mark-sweep generation total 84724K, used 43706K [0x00000000ecca0000, 0x00000000f1f5d000, 0x0000000100000000)
 Metaspace       used 58122K, capacity 60482K, committed 60672K, reserved 1101824K
  class space    used 7426K, capacity 7907K, committed 7936K, reserved 1048576K
2020-11-07T19:58:41.958+0800: 48.635: [GC (Allocation Failure) 2020-11-07T19:58:41.958+0800: 48.635: [ParNew: 8761K->639K(9216K), 0.0172037 secs] 52468K->44377K(93940K), 0.0172581 secs] [Times: user=0.01 sys=0.00, real=0.02 secs] 
Heap after GC invocations=630 (full 67):
 par new generation   total 9216K, used 639K [0x00000000e3400000, 0x00000000e3e00000, 0x00000000ecca0000)
  eden space 8192K,   0% used [0x00000000e3400000, 0x00000000e3400000, 0x00000000e3c00000)
  from space 1024K,  62% used [0x00000000e3c00000, 0x00000000e3c9fdf0, 0x00000000e3d00000)
  to   space 1024K,   0% used [0x00000000e3d00000, 0x00000000e3d00000, 0x00000000e3e00000)
 concurrent mark-sweep generation total 84724K, used 43737K [0x00000000ecca0000, 0x00000000f1f5d000, 0x0000000100000000)
 Metaspace       used 58122K, capacity 60482K, committed 60672K, reserved 1101824K
  class space    used 7426K, capacity 7907K, committed 7936K, reserved 1048576K
}
2020-11-07T19:58:41.992+0800: 48.669: Application time: 0.0169969 seconds
{Heap before GC invocations=630 (full 67):
 par new generation   total 9216K, used 8831K [0x00000000e3400000, 0x00000000e3e00000, 0x00000000ecca0000)
  eden space 8192K, 100% used [0x00000000e3400000, 0x00000000e3c00000, 0x00000000e3c00000)
  from space 1024K,  62% used [0x00000000e3c00000, 0x00000000e3c9fdf0, 0x00000000e3d00000)
  to   space 1024K,   0% used [0x00000000e3d00000, 0x00000000e3d00000, 0x00000000e3e00000)
 concurrent mark-sweep generation total 84724K, used 43737K [0x00000000ecca0000, 0x00000000f1f5d000, 0x0000000100000000)
 Metaspace       used 58189K, capacity 60546K, committed 60672K, reserved 1101824K
  class space    used 7437K, capacity 7907K, committed 7936K, reserved 1048576K
2020-11-07T19:58:41.993+0800: 48.669: [GC (Allocation Failure) 2020-11-07T19:58:41.993+0800: 48.669: [ParNew: 8831K->535K(9216K), 0.0104557 secs] 52569K->44273K(93940K), 0.0105122 secs] [Times: user=0.01 sys=0.00, real=0.01 secs] 
Heap after GC invocations=631 (full 67):
 par new generation   total 9216K, used 535K [0x00000000e3400000, 0x00000000e3e00000, 0x00000000ecca0000)
  eden space 8192K,   0% used [0x00000000e3400000, 0x00000000e3400000, 0x00000000e3c00000)
  from space 1024K,  52% used [0x00000000e3d00000, 0x00000000e3d85e08, 0x00000000e3e00000)
  to   space 1024K,   0% used [0x00000000e3c00000, 0x00000000e3c00000, 0x00000000e3d00000)
 concurrent mark-sweep generation total 84724K, used 43737K [0x00000000ecca0000, 0x00000000f1f5d000, 0x0000000100000000)
 Metaspace       used 58189K, capacity 60546K, committed 60672K, reserved 1101824K
  class space    used 7437K, capacity 7907K, committed 7936K, reserved 1048576K
}
2020-11-07T19:58:42.023+0800: 48.700: Application time: 0.0200710 seconds
{Heap before GC invocations=631 (full 67):
 par new generation   total 9216K, used 8727K [0x00000000e3400000, 0x00000000e3e00000, 0x00000000ecca0000)
  eden space 8192K, 100% used [0x00000000e3400000, 0x00000000e3c00000, 0x00000000e3c00000)
  from space 1024K,  52% used [0x00000000e3d00000, 0x00000000e3d85e08, 0x00000000e3e00000)
  to   space 1024K,   0% used [0x00000000e3c00000, 0x00000000e3c00000, 0x00000000e3d00000)
 concurrent mark-sweep generation total 84724K, used 43737K [0x00000000ecca0000, 0x00000000f1f5d000, 0x0000000100000000)
 Metaspace       used 58355K, capacity 60706K, committed 61056K, reserved 1101824K
  class space    used 7457K, capacity 7939K, committed 8064K, reserved 1048576K
2020-11-07T19:58:42.023+0800: 48.700: [GC (Allocation Failure) 2020-11-07T19:58:42.023+0800: 48.700: [ParNew: 8727K->537K(9216K), 0.0227265 secs] 52465K->44275K(93940K), 0.0227983 secs] [Times: user=0.02 sys=0.00, real=0.03 secs] 
Heap after GC invocations=632 (full 67):
 par new generation   total 9216K, used 537K [0x00000000e3400000, 0x00000000e3e00000, 0x00000000ecca0000)
  eden space 8192K,   0% used [0x00000000e3400000, 0x00000000e3400000, 0x00000000e3c00000)
  from space 1024K,  52% used [0x00000000e3c00000, 0x00000000e3c86558, 0x00000000e3d00000)
  to   space 1024K,   0% used [0x00000000e3d00000, 0x00000000e3d00000, 0x00000000e3e00000)
 concurrent mark-sweep generation total 84724K, used 43737K [0x00000000ecca0000, 0x00000000f1f5d000, 0x0000000100000000)
 Metaspace       used 58355K, capacity 60706K, committed 61056K, reserved 1101824K
  class space    used 7457K, capacity 7939K, committed 8064K, reserved 1048576K
}
2020-11-07T19:58:42.072+0800: 48.748: Application time: 0.0254895 seconds
{Heap before GC invocations=632 (full 67):
 par new generation   total 9216K, used 8729K [0x00000000e3400000, 0x00000000e3e00000, 0x00000000ecca0000)
  eden space 8192K, 100% used [0x00000000e3400000, 0x00000000e3c00000, 0x00000000e3c00000)
  from space 1024K,  52% used [0x00000000e3c00000, 0x00000000e3c86558, 0x00000000e3d00000)
  to   space 1024K,   0% used [0x00000000e3d00000, 0x00000000e3d00000, 0x00000000e3e00000)
 concurrent mark-sweep generation total 84724K, used 43737K [0x00000000ecca0000, 0x00000000f1f5d000, 0x0000000100000000)
 Metaspace       used 58478K, capacity 60834K, committed 61056K, reserved 1101824K
  class space    used 7469K, capacity 7939K, committed 8064K, reserved 1048576K
2020-11-07T19:58:42.072+0800: 48.749: [GC (Allocation Failure) 2020-11-07T19:58:42.072+0800: 48.749: [ParNew: 8729K->463K(9216K), 0.0168688 secs] 52467K->44208K(93940K), 0.0169301 secs] [Times: user=0.01 sys=0.00, real=0.02 secs] 
Heap after GC invocations=633 (full 67):
 par new generation   total 9216K, used 463K [0x00000000e3400000, 0x00000000e3e00000, 0x00000000ecca0000)
  eden space 8192K,   0% used [0x00000000e3400000, 0x00000000e3400000, 0x00000000e3c00000)
  from space 1024K,  45% used [0x00000000e3d00000, 0x00000000e3d73f00, 0x00000000e3e00000)
  to   space 1024K,   0% used [0x00000000e3c00000, 0x00000000e3c00000, 0x00000000e3d00000)
 concurrent mark-sweep generation total 84724K, used 43744K [0x00000000ecca0000, 0x00000000f1f5d000, 0x0000000100000000)
 Metaspace       used 58478K, capacity 60834K, committed 61056K, reserved 1101824K
  class space    used 7469K, capacity 7939K, committed 8064K, reserved 1048576K
}
2020-11-07T19:58:42.161+0800: 48.837: Application time: 0.0716607 seconds
{Heap before GC invocations=633 (full 67):
 par new generation   total 9216K, used 8655K [0x00000000e3400000, 0x00000000e3e00000, 0x00000000ecca0000)
  eden space 8192K, 100% used [0x00000000e3400000, 0x00000000e3c00000, 0x00000000e3c00000)
  from space 1024K,  45% used [0x00000000e3d00000, 0x00000000e3d73f00, 0x00000000e3e00000)
  to   space 1024K,   0% used [0x00000000e3c00000, 0x00000000e3c00000, 0x00000000e3d00000)
 concurrent mark-sweep generation total 84724K, used 43744K [0x00000000ecca0000, 0x00000000f1f5d000, 0x0000000100000000)
 Metaspace       used 58661K, capacity 61038K, committed 61312K, reserved 1101824K
  class space    used 7498K, capacity 7983K, committed 8064K, reserved 1048576K
2020-11-07T19:58:42.161+0800: 48.837: [GC (Allocation Failure) 2020-11-07T19:58:42.161+0800: 48.837: [ParNew: 8655K->341K(9216K), 0.0207824 secs] 52400K->44289K(93940K), 0.0208490 secs] [Times: user=0.02 sys=0.00, real=0.02 secs] 
Heap after GC invocations=634 (full 67):
 par new generation   total 9216K, used 341K [0x00000000e3400000, 0x00000000e3e00000, 0x00000000ecca0000)
  eden space 8192K,   0% used [0x00000000e3400000, 0x00000000e3400000, 0x00000000e3c00000)
  from space 1024K,  33% used [0x00000000e3c00000, 0x00000000e3c555e8, 0x00000000e3d00000)
  to   space 1024K,   0% used [0x00000000e3d00000, 0x00000000e3d00000, 0x00000000e3e00000)
 concurrent mark-sweep generation total 84724K, used 43948K [0x00000000ecca0000, 0x00000000f1f5d000, 0x0000000100000000)
 Metaspace       used 58661K, capacity 61038K, committed 61312K, reserved 1101824K
  class space    used 7498K, capacity 7983K, committed 8064K, reserved 1048576K
}
2020-11-07T19:58:42.311+0800: 48.988: Application time: 0.1291463 seconds
{Heap before GC invocations=634 (full 67):
 par new generation   total 9216K, used 8533K [0x00000000e3400000, 0x00000000e3e00000, 0x00000000ecca0000)
  eden space 8192K, 100% used [0x00000000e3400000, 0x00000000e3c00000, 0x00000000e3c00000)
  from space 1024K,  33% used [0x00000000e3c00000, 0x00000000e3c555e8, 0x00000000e3d00000)
  to   space 1024K,   0% used [0x00000000e3d00000, 0x00000000e3d00000, 0x00000000e3e00000)
 concurrent mark-sweep generation total 84724K, used 43948K [0x00000000ecca0000, 0x00000000f1f5d000, 0x0000000100000000)
 Metaspace       used 58960K, capacity 61602K, committed 61824K, reserved 1103872K
  class space    used 7557K, capacity 8057K, committed 8064K, reserved 1048576K
2020-11-07T19:58:42.311+0800: 48.988: [GC (Allocation Failure) 2020-11-07T19:58:42.311+0800: 48.988: [ParNew: 8533K->485K(9216K), 0.0347147 secs] 52481K->44444K(93940K), 0.0347861 secs] [Times: user=0.04 sys=0.00, real=0.04 secs] 
Heap after GC invocations=635 (full 67):
 par new generation   total 9216K, used 485K [0x00000000e3400000, 0x00000000e3e00000, 0x00000000ecca0000)
  eden space 8192K,   0% used [0x00000000e3400000, 0x00000000e3400000, 0x00000000e3c00000)
  from space 1024K,  47% used [0x00000000e3d00000, 0x00000000e3d794d0, 0x00000000e3e00000)
  to   space 1024K,   0% used [0x00000000e3c00000, 0x00000000e3c00000, 0x00000000e3d00000)
 concurrent mark-sweep generation total 84724K, used 43959K [0x00000000ecca0000, 0x00000000f1f5d000, 0x0000000100000000)
 Metaspace       used 58960K, capacity 61602K, committed 61824K, reserved 1103872K
  class space    used 7557K, capacity 8057K, committed 8064K, reserved 1048576K
}
2020-11-07T19:58:42.369+0800: 49.046: Application time: 0.0230321 seconds
2020-11-07T19:58:42.374+0800: 49.051: Application time: 0.0043002 seconds
{Heap before GC invocations=635 (full 67):
 par new generation   total 9216K, used 8677K [0x00000000e3400000, 0x00000000e3e00000, 0x00000000ecca0000)
  eden space 8192K, 100% used [0x00000000e3400000, 0x00000000e3c00000, 0x00000000e3c00000)
  from space 1024K,  47% used [0x00000000e3d00000, 0x00000000e3d794d0, 0x00000000e3e00000)
  to   space 1024K,   0% used [0x00000000e3c00000, 0x00000000e3c00000, 0x00000000e3d00000)
 concurrent mark-sweep generation total 84724K, used 43959K [0x00000000ecca0000, 0x00000000f1f5d000, 0x0000000100000000)
 Metaspace       used 59075K, capacity 61728K, committed 61952K, reserved 1103872K
  class space    used 7576K, capacity 8096K, committed 8192K, reserved 1048576K
2020-11-07T19:58:42.374+0800: 49.051: [GC (Allocation Failure) 2020-11-07T19:58:42.374+0800: 49.051: [ParNew: 8677K->444K(9216K), 0.0384023 secs] 52636K->44403K(93940K), 0.0384581 secs] [Times: user=0.03 sys=0.00, real=0.04 secs] 
Heap after GC invocations=636 (full 67):
 par new generation   total 9216K, used 444K [0x00000000e3400000, 0x00000000e3e00000, 0x00000000ecca0000)
  eden space 8192K,   0% used [0x00000000e3400000, 0x00000000e3400000, 0x00000000e3c00000)
  from space 1024K,  43% used [0x00000000e3c00000, 0x00000000e3c6f1a8, 0x00000000e3d00000)
  to   space 1024K,   0% used [0x00000000e3d00000, 0x00000000e3d00000, 0x00000000e3e00000)
 concurrent mark-sweep generation total 84724K, used 43959K [0x00000000ecca0000, 0x00000000f1f5d000, 0x0000000100000000)
 Metaspace       used 59075K, capacity 61728K, committed 61952K, reserved 1103872K
  class space    used 7576K, capacity 8096K, committed 8192K, reserved 1048576K
}
2020-11-07T19:58:42.432+0800: 49.108: Application time: 0.0188859 seconds
{Heap before GC invocations=636 (full 67):
 par new generation   total 9216K, used 8636K [0x00000000e3400000, 0x00000000e3e00000, 0x00000000ecca0000)
  eden space 8192K, 100% used [0x00000000e3400000, 0x00000000e3c00000, 0x00000000e3c00000)
  from space 1024K,  43% used [0x00000000e3c00000, 0x00000000e3c6f1a8, 0x00000000e3d00000)
  to   space 1024K,   0% used [0x00000000e3d00000, 0x00000000e3d00000, 0x00000000e3e00000)
 concurrent mark-sweep generation total 84724K, used 43959K [0x00000000ecca0000, 0x00000000f1f5d000, 0x0000000100000000)
 Metaspace       used 59150K, capacity 61812K, committed 61952K, reserved 1103872K
  class space    used 7587K, capacity 8100K, committed 8192K, reserved 1048576K
2020-11-07T19:58:42.432+0800: 49.109: [GC (Allocation Failure) 2020-11-07T19:58:42.432+0800: 49.109: [ParNew: 8636K->541K(9216K), 0.0298047 secs] 52595K->44500K(93940K), 0.0298668 secs] [Times: user=0.03 sys=0.00, real=0.03 secs] 
Heap after GC invocations=637 (full 67):
 par new generation   total 9216K, used 541K [0x00000000e3400000, 0x00000000e3e00000, 0x00000000ecca0000)
  eden space 8192K,   0% used [0x00000000e3400000, 0x00000000e3400000, 0x00000000e3c00000)
  from space 1024K,  52% used [0x00000000e3d00000, 0x00000000e3d874e0, 0x00000000e3e00000)
  to   space 1024K,   0% used [0x00000000e3c00000, 0x00000000e3c00000, 0x00000000e3d00000)
 concurrent mark-sweep generation total 84724K, used 43959K [0x00000000ecca0000, 0x00000000f1f5d000, 0x0000000100000000)
 Metaspace       used 59150K, capacity 61812K, committed 61952K, reserved 1103872K
  class space    used 7587K, capacity 8100K, committed 8192K, reserved 1048576K
}
2020-11-07T19:58:42.529+0800: 49.206: Application time: 0.0674484 seconds
{Heap before GC invocations=637 (full 67):
 par new generation   total 9216K, used 8733K [0x00000000e3400000, 0x00000000e3e00000, 0x00000000ecca0000)
  eden space 8192K, 100% used [0x00000000e3400000, 0x00000000e3c00000, 0x00000000e3c00000)
  from space 1024K,  52% used [0x00000000e3d00000, 0x00000000e3d874e0, 0x00000000e3e00000)
  to   space 1024K,   0% used [0x00000000e3c00000, 0x00000000e3c00000, 0x00000000e3d00000)
 concurrent mark-sweep generation total 84724K, used 43959K [0x00000000ecca0000, 0x00000000f1f5d000, 0x0000000100000000)
 Metaspace       used 59484K, capacity 62238K, committed 62592K, reserved 1103872K
  class space    used 7637K, capacity 8193K, committed 8320K, reserved 1048576K
2020-11-07T19:58:42.530+0800: 49.206: [GC (Allocation Failure) 2020-11-07T19:58:42.530+0800: 49.206: [ParNew: 8733K->656K(9216K), 0.0332841 secs] 52692K->44624K(93940K), 0.0333518 secs] [Times: user=0.03 sys=0.00, real=0.03 secs] 
Heap after GC invocations=638 (full 67):
 par new generation   total 9216K, used 656K [0x00000000e3400000, 0x00000000e3e00000, 0x00000000ecca0000)
  eden space 8192K,   0% used [0x00000000e3400000, 0x00000000e3400000, 0x00000000e3c00000)
  from space 1024K,  64% used [0x00000000e3c00000, 0x00000000e3ca4140, 0x00000000e3d00000)
  to   space 1024K,   0% used [0x00000000e3d00000, 0x00000000e3d00000, 0x00000000e3e00000)
 concurrent mark-sweep generation total 84724K, used 43968K [0x00000000ecca0000, 0x00000000f1f5d000, 0x0000000100000000)
 Metaspace       used 59484K, capacity 62238K, committed 62592K, reserved 1103872K
  class space    used 7637K, capacity 8193K, committed 8320K, reserved 1048576K
}
2020-11-07T19:58:42.577+0800: 49.254: Application time: 0.0142091 seconds
{Heap before GC invocations=638 (full 67):
 par new generation   total 9216K, used 8846K [0x00000000e3400000, 0x00000000e3e00000, 0x00000000ecca0000)
  eden space 8192K,  99% used [0x00000000e3400000, 0x00000000e3bff918, 0x00000000e3c00000)
  from space 1024K,  64% used [0x00000000e3c00000, 0x00000000e3ca4140, 0x00000000e3d00000)
  to   space 1024K,   0% used [0x00000000e3d00000, 0x00000000e3d00000, 0x00000000e3e00000)
 concurrent mark-sweep generation total 84724K, used 43968K [0x00000000ecca0000, 0x00000000f1f5d000, 0x0000000100000000)
 Metaspace       used 59571K, capacity 62308K, committed 62592K, reserved 1103872K
  class space    used 7651K, capacity 8194K, committed 8320K, reserved 1048576K
2020-11-07T19:58:42.577+0800: 49.254: [GC (Allocation Failure) 2020-11-07T19:58:42.577+0800: 49.254: [ParNew: 8846K->736K(9216K), 0.0345231 secs] 52814K->44758K(93940K), 0.0345791 secs] [Times: user=0.04 sys=0.00, real=0.03 secs] 
Heap after GC invocations=639 (full 67):
 par new generation   total 9216K, used 736K [0x00000000e3400000, 0x00000000e3e00000, 0x00000000ecca0000)
  eden space 8192K,   0% used [0x00000000e3400000, 0x00000000e3400000, 0x00000000e3c00000)
  from space 1024K,  71% used [0x00000000e3d00000, 0x00000000e3db8158, 0x00000000e3e00000)
  to   space 1024K,   0% used [0x00000000e3c00000, 0x00000000e3c00000, 0x00000000e3d00000)
 concurrent mark-sweep generation total 84724K, used 44022K [0x00000000ecca0000, 0x00000000f1f5d000, 0x0000000100000000)
 Metaspace       used 59571K, capacity 62308K, committed 62592K, reserved 1103872K
  class space    used 7651K, capacity 8194K, committed 8320K, reserved 1048576K
}
2020-11-07T19:58:42.615+0800: 49.292: Application time: 0.0030877 seconds
{Heap before GC invocations=639 (full 67):
 par new generation   total 9216K, used 8906K [0x00000000e3400000, 0x00000000e3e00000, 0x00000000ecca0000)
  eden space 8192K,  99% used [0x00000000e3400000, 0x00000000e3bfa818, 0x00000000e3c00000)
  from space 1024K,  71% used [0x00000000e3d00000, 0x00000000e3db8158, 0x00000000e3e00000)
  to   space 1024K,   0% used [0x00000000e3c00000, 0x00000000e3c00000, 0x00000000e3d00000)
 concurrent mark-sweep generation total 84724K, used 44022K [0x00000000ecca0000, 0x00000000f1f5d000, 0x0000000100000000)
 Metaspace       used 59572K, capacity 62308K, committed 62592K, reserved 1103872K
  class space    used 7651K, capacity 8194K, committed 8320K, reserved 1048576K
2020-11-07T19:58:42.615+0800: 49.292: [GC (Allocation Failure) 2020-11-07T19:58:42.615+0800: 49.292: [ParNew: 8906K->561K(9216K), 0.0216077 secs] 52928K->44648K(93940K), 0.0216673 secs] [Times: user=0.02 sys=0.00, real=0.02 secs] 
Heap after GC invocations=640 (full 67):
 par new generation   total 9216K, used 561K [0x00000000e3400000, 0x00000000e3e00000, 0x00000000ecca0000)
  eden space 8192K,   0% used [0x00000000e3400000, 0x00000000e3400000, 0x00000000e3c00000)
  from space 1024K,  54% used [0x00000000e3c00000, 0x00000000e3c8c668, 0x00000000e3d00000)
  to   space 1024K,   0% used [0x00000000e3d00000, 0x00000000e3d00000, 0x00000000e3e00000)
 concurrent mark-sweep generation total 84724K, used 44087K [0x00000000ecca0000, 0x00000000f1f5d000, 0x0000000100000000)
 Metaspace       used 59572K, capacity 62308K, committed 62592K, reserved 1103872K
  class space    used 7651K, capacity 8194K, committed 8320K, reserved 1048576K
}
2020-11-07T19:58:42.639+0800: 49.316: Application time: 0.0023179 seconds
{Heap before GC invocations=640 (full 67):
 par new generation   total 9216K, used 8711K [0x00000000e3400000, 0x00000000e3e00000, 0x00000000ecca0000)
  eden space 8192K,  99% used [0x00000000e3400000, 0x00000000e3bf5740, 0x00000000e3c00000)
  from space 1024K,  54% used [0x00000000e3c00000, 0x00000000e3c8c668, 0x00000000e3d00000)
  to   space 1024K,   0% used [0x00000000e3d00000, 0x00000000e3d00000, 0x00000000e3e00000)
 concurrent mark-sweep generation total 84724K, used 44087K [0x00000000ecca0000, 0x00000000f1f5d000, 0x0000000100000000)
 Metaspace       used 59572K, capacity 62308K, committed 62592K, reserved 1103872K
  class space    used 7651K, capacity 8194K, committed 8320K, reserved 1048576K
2020-11-07T19:58:42.639+0800: 49.316: [GC (Allocation Failure) 2020-11-07T19:58:42.639+0800: 49.316: [ParNew: 8711K->683K(9216K), 0.0271880 secs] 52798K->44770K(93940K), 0.0272437 secs] [Times: user=0.02 sys=0.00, real=0.03 secs] 
Heap after GC invocations=641 (full 67):
 par new generation   total 9216K, used 683K [0x00000000e3400000, 0x00000000e3e00000, 0x00000000ecca0000)
  eden space 8192K,   0% used [0x00000000e3400000, 0x00000000e3400000, 0x00000000e3c00000)
  from space 1024K,  66% used [0x00000000e3d00000, 0x00000000e3daac78, 0x00000000e3e00000)
  to   space 1024K,   0% used [0x00000000e3c00000, 0x00000000e3c00000, 0x00000000e3d00000)
 concurrent mark-sweep generation total 84724K, used 44087K [0x00000000ecca0000, 0x00000000f1f5d000, 0x0000000100000000)
 Metaspace       used 59572K, capacity 62308K, committed 62592K, reserved 1103872K
  class space    used 7651K, capacity 8194K, committed 8320K, reserved 1048576K
}
2020-11-07T19:58:42.671+0800: 49.348: Application time: 0.0045051 seconds
{Heap before GC invocations=641 (full 67):
 par new generation   total 9216K, used 8875K [0x00000000e3400000, 0x00000000e3e00000, 0x00000000ecca0000)
  eden space 8192K, 100% used [0x00000000e3400000, 0x00000000e3c00000, 0x00000000e3c00000)
  from space 1024K,  66% used [0x00000000e3d00000, 0x00000000e3daac78, 0x00000000e3e00000)
  to   space 1024K,   0% used [0x00000000e3c00000, 0x00000000e3c00000, 0x00000000e3d00000)
 concurrent mark-sweep generation total 84724K, used 44087K [0x00000000ecca0000, 0x00000000f1f5d000, 0x0000000100000000)
 Metaspace       used 59585K, capacity 62308K, committed 62592K, reserved 1103872K
  class space    used 7652K, capacity 8194K, committed 8320K, reserved 1048576K
2020-11-07T19:58:42.671+0800: 49.348: [GC (Allocation Failure) 2020-11-07T19:58:42.671+0800: 49.348: [ParNew: 8875K->683K(9216K), 0.0107306 secs] 52962K->44771K(93940K), 0.0108103 secs] [Times: user=0.01 sys=0.00, real=0.01 secs] 
Heap after GC invocations=642 (full 67):
 par new generation   total 9216K, used 683K [0x00000000e3400000, 0x00000000e3e00000, 0x00000000ecca0000)
  eden space 8192K,   0% used [0x00000000e3400000, 0x00000000e3400000, 0x00000000e3c00000)
  from space 1024K,  66% used [0x00000000e3c00000, 0x00000000e3caafd0, 0x00000000e3d00000)
  to   space 1024K,   0% used [0x00000000e3d00000, 0x00000000e3d00000, 0x00000000e3e00000)
 concurrent mark-sweep generation total 84724K, used 44087K [0x00000000ecca0000, 0x00000000f1f5d000, 0x0000000100000000)
 Metaspace       used 59585K, capacity 62308K, committed 62592K, reserved 1103872K
  class space    used 7652K, capacity 8194K, committed 8320K, reserved 1048576K
}
2020-11-07T19:58:42.767+0800: 49.444: Application time: 0.0848231 seconds
{Heap before GC invocations=642 (full 67):
 par new generation   total 9216K, used 8875K [0x00000000e3400000, 0x00000000e3e00000, 0x00000000ecca0000)
  eden space 8192K, 100% used [0x00000000e3400000, 0x00000000e3c00000, 0x00000000e3c00000)
  from space 1024K,  66% used [0x00000000e3c00000, 0x00000000e3caafd0, 0x00000000e3d00000)
  to   space 1024K,   0% used [0x00000000e3d00000, 0x00000000e3d00000, 0x00000000e3e00000)
 concurrent mark-sweep generation total 84724K, used 44087K [0x00000000ecca0000, 0x00000000f1f5d000, 0x0000000100000000)
 Metaspace       used 60013K, capacity 62726K, committed 62848K, reserved 1103872K
  class space    used 7714K, capacity 8243K, committed 8320K, reserved 1048576K
2020-11-07T19:58:42.767+0800: 49.444: [GC (Allocation Failure) 2020-11-07T19:58:42.767+0800: 49.444: [ParNew: 8875K->999K(9216K), 0.0296220 secs] 52963K->45086K(93940K), 0.0296794 secs] [Times: user=0.03 sys=0.00, real=0.03 secs] 
Heap after GC invocations=643 (full 67):
 par new generation   total 9216K, used 999K [0x00000000e3400000, 0x00000000e3e00000, 0x00000000ecca0000)
  eden space 8192K,   0% used [0x00000000e3400000, 0x00000000e3400000, 0x00000000e3c00000)
  from space 1024K,  97% used [0x00000000e3d00000, 0x00000000e3df9d30, 0x00000000e3e00000)
  to   space 1024K,   0% used [0x00000000e3c00000, 0x00000000e3c00000, 0x00000000e3d00000)
 concurrent mark-sweep generation total 84724K, used 44087K [0x00000000ecca0000, 0x00000000f1f5d000, 0x0000000100000000)
 Metaspace       used 60013K, capacity 62726K, committed 62848K, reserved 1103872K
  class space    used 7714K, capacity 8243K, committed 8320K, reserved 1048576K
}
2020-11-07T19:58:42.856+0800: 49.533: Application time: 0.0593600 seconds
{Heap before GC invocations=643 (full 67):
 par new generation   total 9216K, used 9191K [0x00000000e3400000, 0x00000000e3e00000, 0x00000000ecca0000)
  eden space 8192K, 100% used [0x00000000e3400000, 0x00000000e3c00000, 0x00000000e3c00000)
  from space 1024K,  97% used [0x00000000e3d00000, 0x00000000e3df9d30, 0x00000000e3e00000)
  to   space 1024K,   0% used [0x00000000e3c00000, 0x00000000e3c00000, 0x00000000e3d00000)
 concurrent mark-sweep generation total 84724K, used 44087K [0x00000000ecca0000, 0x00000000f1f5d000, 0x0000000100000000)
 Metaspace       used 60313K, capacity 63118K, committed 63488K, reserved 1103872K
  class space    used 7768K, capacity 8323K, committed 8448K, reserved 1048576K
2020-11-07T19:58:42.857+0800: 49.533: [GC (Allocation Failure) 2020-11-07T19:58:42.857+0800: 49.533: [ParNew: 9191K->537K(9216K), 0.0394321 secs] 53278K->45093K(93940K), 0.0394874 secs] [Times: user=0.04 sys=0.00, real=0.04 secs] 
Heap after GC invocations=644 (full 67):
 par new generation   total 9216K, used 537K [0x00000000e3400000, 0x00000000e3e00000, 0x00000000ecca0000)
  eden space 8192K,   0% used [0x00000000e3400000, 0x00000000e3400000, 0x00000000e3c00000)
  from space 1024K,  52% used [0x00000000e3c00000, 0x00000000e3c86540, 0x00000000e3d00000)
  to   space 1024K,   0% used [0x00000000e3d00000, 0x00000000e3d00000, 0x00000000e3e00000)
 concurrent mark-sweep generation total 84724K, used 44556K [0x00000000ecca0000, 0x00000000f1f5d000, 0x0000000100000000)
 Metaspace       used 60313K, capacity 63118K, committed 63488K, reserved 1103872K
  class space    used 7768K, capacity 8323K, committed 8448K, reserved 1048576K
}
2020-11-07T19:58:42.899+0800: 49.576: Application time: 0.0032022 seconds
2020-11-07T19:58:42.899+0800: 49.576: Application time: 0.0000555 seconds
2020-11-07T19:58:42.912+0800: 49.589: Application time: 0.0128133 seconds
2020-11-07T19:58:43.020+0800: 49.697: Application time: 0.1068630 seconds
{Heap before GC invocations=644 (full 67):
 par new generation   total 9216K, used 8729K [0x00000000e3400000, 0x00000000e3e00000, 0x00000000ecca0000)
  eden space 8192K, 100% used [0x00000000e3400000, 0x00000000e3c00000, 0x00000000e3c00000)
  from space 1024K,  52% used [0x00000000e3c00000, 0x00000000e3c86540, 0x00000000e3d00000)
  to   space 1024K,   0% used [0x00000000e3d00000, 0x00000000e3d00000, 0x00000000e3e00000)
 concurrent mark-sweep generation total 84724K, used 44556K [0x00000000ecca0000, 0x00000000f1f5d000, 0x0000000100000000)
 Metaspace       used 60732K, capacity 63572K, committed 63744K, reserved 1103872K
  class space    used 7825K, capacity 8388K, committed 8448K, reserved 1048576K
2020-11-07T19:58:43.020+0800: 49.697: [GC (Allocation Failure) 2020-11-07T19:58:43.020+0800: 49.697: [ParNew: 8729K->1002K(9216K), 0.0397916 secs] 53285K->45559K(93940K), 0.0398485 secs] [Times: user=0.04 sys=0.00, real=0.04 secs] 
Heap after GC invocations=645 (full 67):
 par new generation   total 9216K, used 1002K [0x00000000e3400000, 0x00000000e3e00000, 0x00000000ecca0000)
  eden space 8192K,   0% used [0x00000000e3400000, 0x00000000e3400000, 0x00000000e3c00000)
  from space 1024K,  97% used [0x00000000e3d00000, 0x00000000e3dfaaa8, 0x00000000e3e00000)
  to   space 1024K,   0% used [0x00000000e3c00000, 0x00000000e3c00000, 0x00000000e3d00000)
 concurrent mark-sweep generation total 84724K, used 44556K [0x00000000ecca0000, 0x00000000f1f5d000, 0x0000000100000000)
 Metaspace       used 60732K, capacity 63572K, committed 63744K, reserved 1103872K
  class space    used 7825K, capacity 8388K, committed 8448K, reserved 1048576K
}
2020-11-07T19:58:43.093+0800: 49.770: Application time: 0.0329063 seconds
2020-11-07T19:58:43.100+0800: 49.777: Application time: 0.0070984 seconds
{Heap before GC invocations=645 (full 67):
 par new generation   total 9216K, used 9194K [0x00000000e3400000, 0x00000000e3e00000, 0x00000000ecca0000)
  eden space 8192K, 100% used [0x00000000e3400000, 0x00000000e3c00000, 0x00000000e3c00000)
  from space 1024K,  97% used [0x00000000e3d00000, 0x00000000e3dfaaa8, 0x00000000e3e00000)
  to   space 1024K,   0% used [0x00000000e3c00000, 0x00000000e3c00000, 0x00000000e3d00000)
 concurrent mark-sweep generation total 84724K, used 44556K [0x00000000ecca0000, 0x00000000f1f5d000, 0x0000000100000000)
 Metaspace       used 60884K, capacity 63732K, committed 64000K, reserved 1105920K
  class space    used 7857K, capacity 8420K, committed 8448K, reserved 1048576K
2020-11-07T19:58:43.101+0800: 49.777: [GC (Allocation Failure) 2020-11-07T19:58:43.101+0800: 49.777: [ParNew: 9194K->464K(9216K), 0.0316049 secs] 53751K->45559K(93940K), 0.0316710 secs] [Times: user=0.03 sys=0.00, real=0.03 secs] 
Heap after GC invocations=646 (full 67):
 par new generation   total 9216K, used 464K [0x00000000e3400000, 0x00000000e3e00000, 0x00000000ecca0000)
  eden space 8192K,   0% used [0x00000000e3400000, 0x00000000e3400000, 0x00000000e3c00000)
  from space 1024K,  45% used [0x00000000e3c00000, 0x00000000e3c74100, 0x00000000e3d00000)
  to   space 1024K,   0% used [0x00000000e3d00000, 0x00000000e3d00000, 0x00000000e3e00000)
 concurrent mark-sweep generation total 84724K, used 45094K [0x00000000ecca0000, 0x00000000f1f5d000, 0x0000000100000000)
 Metaspace       used 60884K, capacity 63732K, committed 64000K, reserved 1105920K
  class space    used 7857K, capacity 8420K, committed 8448K, reserved 1048576K
}
2020-11-07T19:58:43.186+0800: 49.862: Application time: 0.0533984 seconds
{Heap before GC invocations=646 (full 67):
 par new generation   total 9216K, used 8656K [0x00000000e3400000, 0x00000000e3e00000, 0x00000000ecca0000)
  eden space 8192K, 100% used [0x00000000e3400000, 0x00000000e3c00000, 0x00000000e3c00000)
  from space 1024K,  45% used [0x00000000e3c00000, 0x00000000e3c74100, 0x00000000e3d00000)
  to   space 1024K,   0% used [0x00000000e3d00000, 0x00000000e3d00000, 0x00000000e3e00000)
 concurrent mark-sweep generation total 84724K, used 45094K [0x00000000ecca0000, 0x00000000f1f5d000, 0x0000000100000000)
 Metaspace       used 61034K, capacity 63888K, committed 64000K, reserved 1105920K
  class space    used 7883K, capacity 8426K, committed 8448K, reserved 1048576K
2020-11-07T19:58:43.186+0800: 49.863: [GC (Allocation Failure) 2020-11-07T19:58:43.186+0800: 49.863: [ParNew: 8656K->316K(9216K), 0.0238613 secs] 53751K->45411K(93940K), 0.0239193 secs] [Times: user=0.02 sys=0.00, real=0.02 secs] 
Heap after GC invocations=647 (full 67):
 par new generation   total 9216K, used 316K [0x00000000e3400000, 0x00000000e3e00000, 0x00000000ecca0000)
  eden space 8192K,   0% used [0x00000000e3400000, 0x00000000e3400000, 0x00000000e3c00000)
  from space 1024K,  30% used [0x00000000e3d00000, 0x00000000e3d4f288, 0x00000000e3e00000)
  to   space 1024K,   0% used [0x00000000e3c00000, 0x00000000e3c00000, 0x00000000e3d00000)
 concurrent mark-sweep generation total 84724K, used 45094K [0x00000000ecca0000, 0x00000000f1f5d000, 0x0000000100000000)
 Metaspace       used 61034K, capacity 63888K, committed 64000K, reserved 1105920K
  class space    used 7883K, capacity 8426K, committed 8448K, reserved 1048576K
}
2020-11-07T19:58:43.227+0800: 49.904: Application time: 0.0175077 seconds
{Heap before GC invocations=647 (full 67):
 par new generation   total 9216K, used 8508K [0x00000000e3400000, 0x00000000e3e00000, 0x00000000ecca0000)
  eden space 8192K, 100% used [0x00000000e3400000, 0x00000000e3c00000, 0x00000000e3c00000)
  from space 1024K,  30% used [0x00000000e3d00000, 0x00000000e3d4f288, 0x00000000e3e00000)
  to   space 1024K,   0% used [0x00000000e3c00000, 0x00000000e3c00000, 0x00000000e3d00000)
 concurrent mark-sweep generation total 84724K, used 45094K [0x00000000ecca0000, 0x00000000f1f5d000, 0x0000000100000000)
 Metaspace       used 61047K, capacity 63894K, committed 64000K, reserved 1105920K
  class space    used 7884K, capacity 8427K, committed 8448K, reserved 1048576K
2020-11-07T19:58:43.228+0800: 49.904: [GC (Allocation Failure) 2020-11-07T19:58:43.228+0800: 49.904: [ParNew: 8508K->300K(9216K), 0.0240678 secs] 53603K->45395K(93940K), 0.0241281 secs] [Times: user=0.02 sys=0.00, real=0.02 secs] 
Heap after GC invocations=648 (full 67):
 par new generation   total 9216K, used 300K [0x00000000e3400000, 0x00000000e3e00000, 0x00000000ecca0000)
  eden space 8192K,   0% used [0x00000000e3400000, 0x00000000e3400000, 0x00000000e3c00000)
  from space 1024K,  29% used [0x00000000e3c00000, 0x00000000e3c4b150, 0x00000000e3d00000)
  to   space 1024K,   0% used [0x00000000e3d00000, 0x00000000e3d00000, 0x00000000e3e00000)
 concurrent mark-sweep generation total 84724K, used 45094K [0x00000000ecca0000, 0x00000000f1f5d000, 0x0000000100000000)
 Metaspace       used 61047K, capacity 63894K, committed 64000K, reserved 1105920K
  class space    used 7884K, capacity 8427K, committed 8448K, reserved 1048576K
}
2020-11-07T19:58:43.307+0800: 49.983: Application time: 0.0547930 seconds
{Heap before GC invocations=648 (full 67):
 par new generation   total 9216K, used 8492K [0x00000000e3400000, 0x00000000e3e00000, 0x00000000ecca0000)
  eden space 8192K, 100% used [0x00000000e3400000, 0x00000000e3c00000, 0x00000000e3c00000)
  from space 1024K,  29% used [0x00000000e3c00000, 0x00000000e3c4b150, 0x00000000e3d00000)
  to   space 1024K,   0% used [0x00000000e3d00000, 0x00000000e3d00000, 0x00000000e3e00000)
 concurrent mark-sweep generation total 84724K, used 45094K [0x00000000ecca0000, 0x00000000f1f5d000, 0x0000000100000000)
 Metaspace       used 61164K, capacity 64026K, committed 64384K, reserved 1105920K
  class space    used 7902K, capacity 8467K, committed 8576K, reserved 1048576K
2020-11-07T19:58:43.307+0800: 49.983: [GC (Allocation Failure) 2020-11-07T19:58:43.307+0800: 49.984: [ParNew: 8492K->590K(9216K), 0.0440241 secs] 53587K->45685K(93940K), 0.0440926 secs] [Times: user=0.04 sys=0.00, real=0.04 secs] 
Heap after GC invocations=649 (full 67):
 par new generation   total 9216K, used 590K [0x00000000e3400000, 0x00000000e3e00000, 0x00000000ecca0000)
  eden space 8192K,   0% used [0x00000000e3400000, 0x00000000e3400000, 0x00000000e3c00000)
  from space 1024K,  57% used [0x00000000e3d00000, 0x00000000e3d93a80, 0x00000000e3e00000)
  to   space 1024K,   0% used [0x00000000e3c00000, 0x00000000e3c00000, 0x00000000e3d00000)
 concurrent mark-sweep generation total 84724K, used 45094K [0x00000000ecca0000, 0x00000000f1f5d000, 0x0000000100000000)
 Metaspace       used 61164K, capacity 64026K, committed 64384K, reserved 1105920K
  class space    used 7902K, capacity 8467K, committed 8576K, reserved 1048576K
}
2020-11-07T19:58:43.380+0800: 50.057: Application time: 0.0294765 seconds
{Heap before GC invocations=649 (full 67):
 par new generation   total 9216K, used 8782K [0x00000000e3400000, 0x00000000e3e00000, 0x00000000ecca0000)
  eden space 8192K, 100% used [0x00000000e3400000, 0x00000000e3c00000, 0x00000000e3c00000)
  from space 1024K,  57% used [0x00000000e3d00000, 0x00000000e3d93a80, 0x00000000e3e00000)
  to   space 1024K,   0% used [0x00000000e3c00000, 0x00000000e3c00000, 0x00000000e3d00000)
 concurrent mark-sweep generation total 84724K, used 45094K [0x00000000ecca0000, 0x00000000f1f5d000, 0x0000000100000000)
 Metaspace       used 61347K, capacity 64218K, committed 64384K, reserved 1105920K
  class space    used 7927K, capacity 8467K, committed 8576K, reserved 1048576K
2020-11-07T19:58:43.381+0800: 50.057: [GC (Allocation Failure) 2020-11-07T19:58:43.381+0800: 50.057: [ParNew: 8782K->453K(9216K), 0.0342759 secs] 53877K->45617K(93940K), 0.0343370 secs] [Times: user=0.04 sys=0.00, real=0.04 secs] 
Heap after GC invocations=650 (full 67):
 par new generation   total 9216K, used 453K [0x00000000e3400000, 0x00000000e3e00000, 0x00000000ecca0000)
  eden space 8192K,   0% used [0x00000000e3400000, 0x00000000e3400000, 0x00000000e3c00000)
  from space 1024K,  44% used [0x00000000e3c00000, 0x00000000e3c716c0, 0x00000000e3d00000)
  to   space 1024K,   0% used [0x00000000e3d00000, 0x00000000e3d00000, 0x00000000e3e00000)
 concurrent mark-sweep generation total 84724K, used 45163K [0x00000000ecca0000, 0x00000000f1f5d000, 0x0000000100000000)
 Metaspace       used 61347K, capacity 64218K, committed 64384K, reserved 1105920K
  class space    used 7927K, capacity 8467K, committed 8576K, reserved 1048576K
}
2020-11-07T19:58:43.653+0800: 50.329: Application time: 0.2376643 seconds
{Heap before GC invocations=650 (full 67):
 par new generation   total 9216K, used 8645K [0x00000000e3400000, 0x00000000e3e00000, 0x00000000ecca0000)
  eden space 8192K, 100% used [0x00000000e3400000, 0x00000000e3c00000, 0x00000000e3c00000)
  from space 1024K,  44% used [0x00000000e3c00000, 0x00000000e3c716c0, 0x00000000e3d00000)
  to   space 1024K,   0% used [0x00000000e3d00000, 0x00000000e3d00000, 0x00000000e3e00000)
 concurrent mark-sweep generation total 84724K, used 45163K [0x00000000ecca0000, 0x00000000f1f5d000, 0x0000000100000000)
 Metaspace       used 61581K, capacity 64442K, committed 64640K, reserved 1105920K
  class space    used 7944K, capacity 8499K, committed 8576K, reserved 1048576K
2020-11-07T19:58:43.653+0800: 50.330: [GC (Allocation Failure) 2020-11-07T19:58:43.653+0800: 50.330: [ParNew: 8645K->610K(9216K), 0.0137207 secs] 53809K->45773K(93940K), 0.0137788 secs] [Times: user=0.01 sys=0.00, real=0.02 secs] 
Heap after GC invocations=651 (full 67):
 par new generation   total 9216K, used 610K [0x00000000e3400000, 0x00000000e3e00000, 0x00000000ecca0000)
  eden space 8192K,   0% used [0x00000000e3400000, 0x00000000e3400000, 0x00000000e3c00000)
  from space 1024K,  59% used [0x00000000e3d00000, 0x00000000e3d98878, 0x00000000e3e00000)
  to   space 1024K,   0% used [0x00000000e3c00000, 0x00000000e3c00000, 0x00000000e3d00000)
 concurrent mark-sweep generation total 84724K, used 45163K [0x00000000ecca0000, 0x00000000f1f5d000, 0x0000000100000000)
 Metaspace       used 61581K, capacity 64442K, committed 64640K, reserved 1105920K
  class space    used 7944K, capacity 8499K, committed 8576K, reserved 1048576K
}
2020-11-07T19:58:43.682+0800: 50.359: Application time: 0.0154394 seconds
2020-11-07T19:58:43.689+0800: 50.365: Application time: 0.0063847 seconds
2020-11-07T19:58:43.720+0800: 50.397: Application time: 0.0302316 seconds
{Heap before GC invocations=651 (full 67):
 par new generation   total 9216K, used 8802K [0x00000000e3400000, 0x00000000e3e00000, 0x00000000ecca0000)
  eden space 8192K, 100% used [0x00000000e3400000, 0x00000000e3c00000, 0x00000000e3c00000)
  from space 1024K,  59% used [0x00000000e3d00000, 0x00000000e3d98878, 0x00000000e3e00000)
  to   space 1024K,   0% used [0x00000000e3c00000, 0x00000000e3c00000, 0x00000000e3d00000)
 concurrent mark-sweep generation total 84724K, used 45163K [0x00000000ecca0000, 0x00000000f1f5d000, 0x0000000100000000)
 Metaspace       used 61958K, capacity 64806K, committed 64896K, reserved 1105920K
  class space    used 7981K, capacity 8533K, committed 8576K, reserved 1048576K
2020-11-07T19:58:43.720+0800: 50.397: [GC (Allocation Failure) 2020-11-07T19:58:43.720+0800: 50.397: [ParNew: 8802K->796K(9216K), 0.0152100 secs] 53965K->46043K(93940K), 0.0152707 secs] [Times: user=0.02 sys=0.00, real=0.02 secs] 
Heap after GC invocations=652 (full 67):
 par new generation   total 9216K, used 796K [0x00000000e3400000, 0x00000000e3e00000, 0x00000000ecca0000)
  eden space 8192K,   0% used [0x00000000e3400000, 0x00000000e3400000, 0x00000000e3c00000)
  from space 1024K,  77% used [0x00000000e3c00000, 0x00000000e3cc7058, 0x00000000e3d00000)
  to   space 1024K,   0% used [0x00000000e3d00000, 0x00000000e3d00000, 0x00000000e3e00000)
 concurrent mark-sweep generation total 84724K, used 45247K [0x00000000ecca0000, 0x00000000f1f5d000, 0x0000000100000000)
 Metaspace       used 61958K, capacity 64806K, committed 64896K, reserved 1105920K
  class space    used 7981K, capacity 8533K, committed 8576K, reserved 1048576K
}
2020-11-07T19:58:43.754+0800: 50.431: Application time: 0.0190072 seconds
{Heap before GC invocations=652 (full 67):
 par new generation   total 9216K, used 8988K [0x00000000e3400000, 0x00000000e3e00000, 0x00000000ecca0000)
  eden space 8192K, 100% used [0x00000000e3400000, 0x00000000e3c00000, 0x00000000e3c00000)
  from space 1024K,  77% used [0x00000000e3c00000, 0x00000000e3cc7058, 0x00000000e3d00000)
  to   space 1024K,   0% used [0x00000000e3d00000, 0x00000000e3d00000, 0x00000000e3e00000)
 concurrent mark-sweep generation total 84724K, used 45247K [0x00000000ecca0000, 0x00000000f1f5d000, 0x0000000100000000)
 Metaspace       used 62019K, capacity 64870K, committed 65152K, reserved 1105920K
  class space    used 7992K, capacity 8533K, committed 8576K, reserved 1048576K
2020-11-07T19:58:43.755+0800: 50.431: [GC (Allocation Failure) 2020-11-07T19:58:43.755+0800: 50.431: [ParNew: 8988K->588K(9216K), 0.0107596 secs] 54235K->46054K(93940K), 0.0108321 secs] [Times: user=0.01 sys=0.00, real=0.01 secs] 
Heap after GC invocations=653 (full 67):
 par new generation   total 9216K, used 588K [0x00000000e3400000, 0x00000000e3e00000, 0x00000000ecca0000)
  eden space 8192K,   0% used [0x00000000e3400000, 0x00000000e3400000, 0x00000000e3c00000)
  from space 1024K,  57% used [0x00000000e3d00000, 0x00000000e3d93318, 0x00000000e3e00000)
  to   space 1024K,   0% used [0x00000000e3c00000, 0x00000000e3c00000, 0x00000000e3d00000)
 concurrent mark-sweep generation total 84724K, used 45466K [0x00000000ecca0000, 0x00000000f1f5d000, 0x0000000100000000)
 Metaspace       used 62019K, capacity 64870K, committed 65152K, reserved 1105920K
  class space    used 7992K, capacity 8533K, committed 8576K, reserved 1048576K
}
2020-11-07T19:58:43.786+0800: 50.463: Application time: 0.0207133 seconds
{Heap before GC invocations=653 (full 67):
 par new generation   total 9216K, used 8780K [0x00000000e3400000, 0x00000000e3e00000, 0x00000000ecca0000)
  eden space 8192K, 100% used [0x00000000e3400000, 0x00000000e3c00000, 0x00000000e3c00000)
  from space 1024K,  57% used [0x00000000e3d00000, 0x00000000e3d93318, 0x00000000e3e00000)
  to   space 1024K,   0% used [0x00000000e3c00000, 0x00000000e3c00000, 0x00000000e3d00000)
 concurrent mark-sweep generation total 84724K, used 45466K [0x00000000ecca0000, 0x00000000f1f5d000, 0x0000000100000000)
 Metaspace       used 62128K, capacity 64966K, committed 65152K, reserved 1105920K
  class space    used 8009K, capacity 8565K, committed 8576K, reserved 1048576K
2020-11-07T19:58:43.786+0800: 50.463: [GC (Allocation Failure) 2020-11-07T19:58:43.786+0800: 50.463: [ParNew: 8780K->371K(9216K), 0.0162270 secs] 54246K->45837K(93940K), 0.0162860 secs] [Times: user=0.01 sys=0.00, real=0.01 secs] 
Heap after GC invocations=654 (full 67):
 par new generation   total 9216K, used 371K [0x00000000e3400000, 0x00000000e3e00000, 0x00000000ecca0000)
  eden space 8192K,   0% used [0x00000000e3400000, 0x00000000e3400000, 0x00000000e3c00000)
  from space 1024K,  36% used [0x00000000e3c00000, 0x00000000e3c5cfb8, 0x00000000e3d00000)
  to   space 1024K,   0% used [0x00000000e3d00000, 0x00000000e3d00000, 0x00000000e3e00000)
 concurrent mark-sweep generation total 84724K, used 45466K [0x00000000ecca0000, 0x00000000f1f5d000, 0x0000000100000000)
 Metaspace       used 62128K, capacity 64966K, committed 65152K, reserved 1105920K
  class space    used 8009K, capacity 8565K, committed 8576K, reserved 1048576K
}
2020-11-07T19:58:43.822+0800: 50.499: Application time: 0.0196766 seconds
{Heap before GC invocations=654 (full 67):
 par new generation   total 9216K, used 8563K [0x00000000e3400000, 0x00000000e3e00000, 0x00000000ecca0000)
  eden space 8192K, 100% used [0x00000000e3400000, 0x00000000e3c00000, 0x00000000e3c00000)
  from space 1024K,  36% used [0x00000000e3c00000, 0x00000000e3c5cfb8, 0x00000000e3d00000)
  to   space 1024K,   0% used [0x00000000e3d00000, 0x00000000e3d00000, 0x00000000e3e00000)
 concurrent mark-sweep generation total 84724K, used 45466K [0x00000000ecca0000, 0x00000000f1f5d000, 0x0000000100000000)
 Metaspace       used 62230K, capacity 65094K, committed 65152K, reserved 1105920K
  class space    used 8022K, capacity 8565K, committed 8576K, reserved 1048576K
2020-11-07T19:58:43.823+0800: 50.499: [GC (Allocation Failure) 2020-11-07T19:58:43.823+0800: 50.499: [ParNew: 8563K->384K(9216K), 0.0059953 secs] 54029K->45850K(93940K), 0.0060415 secs] [Times: user=0.01 sys=0.00, real=0.01 secs] 
Heap after GC invocations=655 (full 67):
 par new generation   total 9216K, used 384K [0x00000000e3400000, 0x00000000e3e00000, 0x00000000ecca0000)
  eden space 8192K,   0% used [0x00000000e3400000, 0x00000000e3400000, 0x00000000e3c00000)
  from space 1024K,  37% used [0x00000000e3d00000, 0x00000000e3d60020, 0x00000000e3e00000)
  to   space 1024K,   0% used [0x00000000e3c00000, 0x00000000e3c00000, 0x00000000e3d00000)
 concurrent mark-sweep generation total 84724K, used 45466K [0x00000000ecca0000, 0x00000000f1f5d000, 0x0000000100000000)
 Metaspace       used 62230K, capacity 65094K, committed 65152K, reserved 1105920K
  class space    used 8022K, capacity 8565K, committed 8576K, reserved 1048576K
}
2020-11-07T19:58:43.859+0800: 50.536: Application time: 0.0305161 seconds
{Heap before GC invocations=655 (full 67):
 par new generation   total 9216K, used 8576K [0x00000000e3400000, 0x00000000e3e00000, 0x00000000ecca0000)
  eden space 8192K, 100% used [0x00000000e3400000, 0x00000000e3c00000, 0x00000000e3c00000)
  from space 1024K,  37% used [0x00000000e3d00000, 0x00000000e3d60020, 0x00000000e3e00000)
  to   space 1024K,   0% used [0x00000000e3c00000, 0x00000000e3c00000, 0x00000000e3d00000)
 concurrent mark-sweep generation total 84724K, used 45466K [0x00000000ecca0000, 0x00000000f1f5d000, 0x0000000100000000)
 Metaspace       used 62436K, capacity 65318K, committed 65536K, reserved 1105920K
  class space    used 8042K, capacity 8597K, committed 8704K, reserved 1048576K
2020-11-07T19:58:43.859+0800: 50.536: [GC (Allocation Failure) 2020-11-07T19:58:43.859+0800: 50.536: [ParNew: 8576K->491K(9216K), 0.0058583 secs] 54042K->45957K(93940K), 0.0059285 secs] [Times: user=0.00 sys=0.00, real=0.01 secs] 
Heap after GC invocations=656 (full 67):
 par new generation   total 9216K, used 491K [0x00000000e3400000, 0x00000000e3e00000, 0x00000000ecca0000)
  eden space 8192K,   0% used [0x00000000e3400000, 0x00000000e3400000, 0x00000000e3c00000)
  from space 1024K,  47% used [0x00000000e3c00000, 0x00000000e3c7ae10, 0x00000000e3d00000)
  to   space 1024K,   0% used [0x00000000e3d00000, 0x00000000e3d00000, 0x00000000e3e00000)
 concurrent mark-sweep generation total 84724K, used 45466K [0x00000000ecca0000, 0x00000000f1f5d000, 0x0000000100000000)
 Metaspace       used 62436K, capacity 65318K, committed 65536K, reserved 1105920K
  class space    used 8042K, capacity 8597K, committed 8704K, reserved 1048576K
}
2020-11-07T19:58:43.928+0800: 50.604: Application time: 0.0622129 seconds
{Heap before GC invocations=656 (full 67):
 par new generation   total 9216K, used 8683K [0x00000000e3400000, 0x00000000e3e00000, 0x00000000ecca0000)
  eden space 8192K, 100% used [0x00000000e3400000, 0x00000000e3c00000, 0x00000000e3c00000)
  from space 1024K,  47% used [0x00000000e3c00000, 0x00000000e3c7ae10, 0x00000000e3d00000)
  to   space 1024K,   0% used [0x00000000e3d00000, 0x00000000e3d00000, 0x00000000e3e00000)
 concurrent mark-sweep generation total 84724K, used 45466K [0x00000000ecca0000, 0x00000000f1f5d000, 0x0000000100000000)
 Metaspace       used 62901K, capacity 65762K, committed 66048K, reserved 1105920K
  class space    used 8089K, capacity 8635K, committed 8704K, reserved 1048576K
2020-11-07T19:58:43.928+0800: 50.604: [GC (Allocation Failure) 2020-11-07T19:58:43.928+0800: 50.605: [ParNew: 8683K->674K(9216K), 0.0410184 secs] 54149K->46140K(93940K), 0.0410731 secs] [Times: user=0.04 sys=0.00, real=0.04 secs] 
Heap after GC invocations=657 (full 67):
 par new generation   total 9216K, used 674K [0x00000000e3400000, 0x00000000e3e00000, 0x00000000ecca0000)
  eden space 8192K,   0% used [0x00000000e3400000, 0x00000000e3400000, 0x00000000e3c00000)
  from space 1024K,  65% used [0x00000000e3d00000, 0x00000000e3da8be0, 0x00000000e3e00000)
  to   space 1024K,   0% used [0x00000000e3c00000, 0x00000000e3c00000, 0x00000000e3d00000)
 concurrent mark-sweep generation total 84724K, used 45466K [0x00000000ecca0000, 0x00000000f1f5d000, 0x0000000100000000)
 Metaspace       used 62901K, capacity 65762K, committed 66048K, reserved 1105920K
  class space    used 8089K, capacity 8635K, committed 8704K, reserved 1048576K
}
2020-11-07T19:58:44.052+0800: 50.729: Application time: 0.0832811 seconds
{Heap before GC invocations=657 (full 67):
 par new generation   total 9216K, used 8866K [0x00000000e3400000, 0x00000000e3e00000, 0x00000000ecca0000)
  eden space 8192K, 100% used [0x00000000e3400000, 0x00000000e3c00000, 0x00000000e3c00000)
  from space 1024K,  65% used [0x00000000e3d00000, 0x00000000e3da8be0, 0x00000000e3e00000)
  to   space 1024K,   0% used [0x00000000e3c00000, 0x00000000e3c00000, 0x00000000e3d00000)
 concurrent mark-sweep generation total 84724K, used 45466K [0x00000000ecca0000, 0x00000000f1f5d000, 0x0000000100000000)
 Metaspace       used 63080K, capacity 65940K, committed 66048K, reserved 1105920K
  class space    used 8117K, capacity 8672K, committed 8704K, reserved 1048576K
2020-11-07T19:58:44.052+0800: 50.729: [GC (Allocation Failure) 2020-11-07T19:58:44.052+0800: 50.729: [ParNew: 8866K->406K(9216K), 0.0364604 secs] 54332K->46104K(93940K), 0.0365379 secs] [Times: user=0.04 sys=0.00, real=0.04 secs] 
Heap after GC invocations=658 (full 67):
 par new generation   total 9216K, used 406K [0x00000000e3400000, 0x00000000e3e00000, 0x00000000ecca0000)
  eden space 8192K,   0% used [0x00000000e3400000, 0x00000000e3400000, 0x00000000e3c00000)
  from space 1024K,  39% used [0x00000000e3c00000, 0x00000000e3c65b38, 0x00000000e3d00000)
  to   space 1024K,   0% used [0x00000000e3d00000, 0x00000000e3d00000, 0x00000000e3e00000)
 concurrent mark-sweep generation total 84724K, used 45697K [0x00000000ecca0000, 0x00000000f1f5d000, 0x0000000100000000)
 Metaspace       used 63080K, capacity 65940K, committed 66048K, reserved 1105920K
  class space    used 8117K, capacity 8672K, committed 8704K, reserved 1048576K
}
2020-11-07T19:58:44.133+0800: 50.810: Application time: 0.0440327 seconds
{Heap before GC invocations=658 (full 67):
 par new generation   total 9216K, used 8598K [0x00000000e3400000, 0x00000000e3e00000, 0x00000000ecca0000)
  eden space 8192K, 100% used [0x00000000e3400000, 0x00000000e3c00000, 0x00000000e3c00000)
  from space 1024K,  39% used [0x00000000e3c00000, 0x00000000e3c65b38, 0x00000000e3d00000)
  to   space 1024K,   0% used [0x00000000e3d00000, 0x00000000e3d00000, 0x00000000e3e00000)
 concurrent mark-sweep generation total 84724K, used 45697K [0x00000000ecca0000, 0x00000000f1f5d000, 0x0000000100000000)
 Metaspace       used 63095K, capacity 65940K, committed 66048K, reserved 1105920K
  class space    used 8118K, capacity 8672K, committed 8704K, reserved 1048576K
2020-11-07T19:58:44.133+0800: 50.810: [GC (Allocation Failure) 2020-11-07T19:58:44.133+0800: 50.810: [ParNew: 8598K->349K(9216K), 0.0144573 secs] 54296K->46046K(93940K), 0.0145205 secs] [Times: user=0.02 sys=0.00, real=0.02 secs] 
Heap after GC invocations=659 (full 67):
 par new generation   total 9216K, used 349K [0x00000000e3400000, 0x00000000e3e00000, 0x00000000ecca0000)
  eden space 8192K,   0% used [0x00000000e3400000, 0x00000000e3400000, 0x00000000e3c00000)
  from space 1024K,  34% used [0x00000000e3d00000, 0x00000000e3d57480, 0x00000000e3e00000)
  to   space 1024K,   0% used [0x00000000e3c00000, 0x00000000e3c00000, 0x00000000e3d00000)
 concurrent mark-sweep generation total 84724K, used 45697K [0x00000000ecca0000, 0x00000000f1f5d000, 0x0000000100000000)
 Metaspace       used 63095K, capacity 65940K, committed 66048K, reserved 1105920K
  class space    used 8118K, capacity 8672K, committed 8704K, reserved 1048576K
}
2020-11-07T19:58:44.183+0800: 50.860: Application time: 0.0350159 seconds
{Heap before GC invocations=659 (full 67):
 par new generation   total 9216K, used 8541K [0x00000000e3400000, 0x00000000e3e00000, 0x00000000ecca0000)
  eden space 8192K, 100% used [0x00000000e3400000, 0x00000000e3c00000, 0x00000000e3c00000)
  from space 1024K,  34% used [0x00000000e3d00000, 0x00000000e3d57480, 0x00000000e3e00000)
  to   space 1024K,   0% used [0x00000000e3c00000, 0x00000000e3c00000, 0x00000000e3d00000)
 concurrent mark-sweep generation total 84724K, used 45697K [0x00000000ecca0000, 0x00000000f1f5d000, 0x0000000100000000)
 Metaspace       used 63098K, capacity 65940K, committed 66048K, reserved 1105920K
  class space    used 8118K, capacity 8672K, committed 8704K, reserved 1048576K
2020-11-07T19:58:44.183+0800: 50.860: [GC (Allocation Failure) 2020-11-07T19:58:44.183+0800: 50.860: [ParNew: 8541K->351K(9216K), 0.0156036 secs] 54238K->46049K(93940K), 0.0156578 secs] [Times: user=0.02 sys=0.00, real=0.02 secs] 
Heap after GC invocations=660 (full 67):
 par new generation   total 9216K, used 351K [0x00000000e3400000, 0x00000000e3e00000, 0x00000000ecca0000)
  eden space 8192K,   0% used [0x00000000e3400000, 0x00000000e3400000, 0x00000000e3c00000)
  from space 1024K,  34% used [0x00000000e3c00000, 0x00000000e3c57ff8, 0x00000000e3d00000)
  to   space 1024K,   0% used [0x00000000e3d00000, 0x00000000e3d00000, 0x00000000e3e00000)
 concurrent mark-sweep generation total 84724K, used 45697K [0x00000000ecca0000, 0x00000000f1f5d000, 0x0000000100000000)
 Metaspace       used 63098K, capacity 65940K, committed 66048K, reserved 1105920K
  class space    used 8118K, capacity 8672K, committed 8704K, reserved 1048576K
}
2020-11-07T19:58:44.247+0800: 50.923: Application time: 0.0478672 seconds
{Heap before GC invocations=660 (full 67):
 par new generation   total 9216K, used 8543K [0x00000000e3400000, 0x00000000e3e00000, 0x00000000ecca0000)
  eden space 8192K, 100% used [0x00000000e3400000, 0x00000000e3c00000, 0x00000000e3c00000)
  from space 1024K,  34% used [0x00000000e3c00000, 0x00000000e3c57ff8, 0x00000000e3d00000)
  to   space 1024K,   0% used [0x00000000e3d00000, 0x00000000e3d00000, 0x00000000e3e00000)
 concurrent mark-sweep generation total 84724K, used 45697K [0x00000000ecca0000, 0x00000000f1f5d000, 0x0000000100000000)
 Metaspace       used 63101K, capacity 66004K, committed 66048K, reserved 1105920K
  class space    used 8119K, capacity 8672K, committed 8704K, reserved 1048576K
2020-11-07T19:58:44.247+0800: 50.924: [GC (Allocation Failure) 2020-11-07T19:58:44.247+0800: 50.924: [ParNew: 8543K->396K(9216K), 0.0162378 secs] 54241K->46094K(93940K), 0.0163131 secs] [Times: user=0.02 sys=0.00, real=0.01 secs] 
Heap after GC invocations=661 (full 67):
 par new generation   total 9216K, used 396K [0x00000000e3400000, 0x00000000e3e00000, 0x00000000ecca0000)
  eden space 8192K,   0% used [0x00000000e3400000, 0x00000000e3400000, 0x00000000e3c00000)
  from space 1024K,  38% used [0x00000000e3d00000, 0x00000000e3d633d0, 0x00000000e3e00000)
  to   space 1024K,   0% used [0x00000000e3c00000, 0x00000000e3c00000, 0x00000000e3d00000)
 concurrent mark-sweep generation total 84724K, used 45697K [0x00000000ecca0000, 0x00000000f1f5d000, 0x0000000100000000)
 Metaspace       used 63101K, capacity 66004K, committed 66048K, reserved 1105920K
  class space    used 8119K, capacity 8672K, committed 8704K, reserved 1048576K
}
2020-11-07T19:58:44.319+0800: 50.996: Application time: 0.0558865 seconds
{Heap before GC invocations=661 (full 67):
 par new generation   total 9216K, used 8588K [0x00000000e3400000, 0x00000000e3e00000, 0x00000000ecca0000)
  eden space 8192K, 100% used [0x00000000e3400000, 0x00000000e3c00000, 0x00000000e3c00000)
  from space 1024K,  38% used [0x00000000e3d00000, 0x00000000e3d633d0, 0x00000000e3e00000)
  to   space 1024K,   0% used [0x00000000e3c00000, 0x00000000e3c00000, 0x00000000e3d00000)
 concurrent mark-sweep generation total 84724K, used 45697K [0x00000000ecca0000, 0x00000000f1f5d000, 0x0000000100000000)
 Metaspace       used 63128K, capacity 66010K, committed 66048K, reserved 1105920K
  class space    used 8123K, capacity 8675K, committed 8704K, reserved 1048576K
2020-11-07T19:58:44.319+0800: 50.996: [GC (Allocation Failure) 2020-11-07T19:58:44.319+0800: 50.996: [ParNew: 8588K->621K(9216K), 0.0382886 secs] 54286K->46338K(93940K), 0.0383554 secs] [Times: user=0.04 sys=0.00, real=0.04 secs] 
Heap after GC invocations=662 (full 67):
 par new generation   total 9216K, used 621K [0x00000000e3400000, 0x00000000e3e00000, 0x00000000ecca0000)
  eden space 8192K,   0% used [0x00000000e3400000, 0x00000000e3400000, 0x00000000e3c00000)
  from space 1024K,  60% used [0x00000000e3c00000, 0x00000000e3c9b418, 0x00000000e3d00000)
  to   space 1024K,   0% used [0x00000000e3d00000, 0x00000000e3d00000, 0x00000000e3e00000)
 concurrent mark-sweep generation total 84724K, used 45717K [0x00000000ecca0000, 0x00000000f1f5d000, 0x0000000100000000)
 Metaspace       used 63128K, capacity 66010K, committed 66048K, reserved 1105920K
  class space    used 8123K, capacity 8675K, committed 8704K, reserved 1048576K
}
2020-11-07T19:58:44.402+0800: 51.079: Application time: 0.0444636 seconds
{Heap before GC invocations=662 (full 67):
 par new generation   total 9216K, used 8813K [0x00000000e3400000, 0x00000000e3e00000, 0x00000000ecca0000)
  eden space 8192K, 100% used [0x00000000e3400000, 0x00000000e3c00000, 0x00000000e3c00000)
  from space 1024K,  60% used [0x00000000e3c00000, 0x00000000e3c9b418, 0x00000000e3d00000)
  to   space 1024K,   0% used [0x00000000e3d00000, 0x00000000e3d00000, 0x00000000e3e00000)
 concurrent mark-sweep generation total 84724K, used 45717K [0x00000000ecca0000, 0x00000000f1f5d000, 0x0000000100000000)
 Metaspace       used 63128K, capacity 66010K, committed 66048K, reserved 1105920K
  class space    used 8123K, capacity 8675K, committed 8704K, reserved 1048576K
2020-11-07T19:58:44.403+0800: 51.079: [GC (Allocation Failure) 2020-11-07T19:58:44.403+0800: 51.079: [ParNew: 8813K->524K(9216K), 0.0277056 secs] 54530K->46254K(93940K), 0.0277710 secs] [Times: user=0.02 sys=0.00, real=0.03 secs] 
Heap after GC invocations=663 (full 67):
 par new generation   total 9216K, used 524K [0x00000000e3400000, 0x00000000e3e00000, 0x00000000ecca0000)
  eden space 8192K,   0% used [0x00000000e3400000, 0x00000000e3400000, 0x00000000e3c00000)
  from space 1024K,  51% used [0x00000000e3d00000, 0x00000000e3d833b0, 0x00000000e3e00000)
  to   space 1024K,   0% used [0x00000000e3c00000, 0x00000000e3c00000, 0x00000000e3d00000)
 concurrent mark-sweep generation total 84724K, used 45729K [0x00000000ecca0000, 0x00000000f1f5d000, 0x0000000100000000)
 Metaspace       used 63128K, capacity 66010K, committed 66048K, reserved 1105920K
  class space    used 8123K, capacity 8675K, committed 8704K, reserved 1048576K
}
2020-11-07T19:58:44.457+0800: 51.134: Application time: 0.0268267 seconds
{Heap before GC invocations=663 (full 67):
 par new generation   total 9216K, used 8716K [0x00000000e3400000, 0x00000000e3e00000, 0x00000000ecca0000)
  eden space 8192K, 100% used [0x00000000e3400000, 0x00000000e3c00000, 0x00000000e3c00000)
  from space 1024K,  51% used [0x00000000e3d00000, 0x00000000e3d833b0, 0x00000000e3e00000)
  to   space 1024K,   0% used [0x00000000e3c00000, 0x00000000e3c00000, 0x00000000e3d00000)
 concurrent mark-sweep generation total 84724K, used 45729K [0x00000000ecca0000, 0x00000000f1f5d000, 0x0000000100000000)
 Metaspace       used 63129K, capacity 66010K, committed 66048K, reserved 1105920K
  class space    used 8124K, capacity 8675K, committed 8704K, reserved 1048576K
2020-11-07T19:58:44.457+0800: 51.134: [GC (Allocation Failure) 2020-11-07T19:58:44.457+0800: 51.134: [ParNew: 8716K->600K(9216K), 0.0335668 secs] 54446K->46342K(93940K), 0.0336482 secs] [Times: user=0.03 sys=0.00, real=0.03 secs] 
Heap after GC invocations=664 (full 67):
 par new generation   total 9216K, used 600K [0x00000000e3400000, 0x00000000e3e00000, 0x00000000ecca0000)
  eden space 8192K,   0% used [0x00000000e3400000, 0x00000000e3400000, 0x00000000e3c00000)
  from space 1024K,  58% used [0x00000000e3c00000, 0x00000000e3c962a8, 0x00000000e3d00000)
  to   space 1024K,   0% used [0x00000000e3d00000, 0x00000000e3d00000, 0x00000000e3e00000)
 concurrent mark-sweep generation total 84724K, used 45741K [0x00000000ecca0000, 0x00000000f1f5d000, 0x0000000100000000)
 Metaspace       used 63129K, capacity 66010K, committed 66048K, reserved 1105920K
  class space    used 8124K, capacity 8675K, committed 8704K, reserved 1048576K
}
2020-11-07T19:58:44.566+0800: 51.243: Application time: 0.0750816 seconds
{Heap before GC invocations=664 (full 67):
 par new generation   total 9216K, used 8792K [0x00000000e3400000, 0x00000000e3e00000, 0x00000000ecca0000)
  eden space 8192K, 100% used [0x00000000e3400000, 0x00000000e3c00000, 0x00000000e3c00000)
  from space 1024K,  58% used [0x00000000e3c00000, 0x00000000e3c962a8, 0x00000000e3d00000)
  to   space 1024K,   0% used [0x00000000e3d00000, 0x00000000e3d00000, 0x00000000e3e00000)
 concurrent mark-sweep generation total 84724K, used 45741K [0x00000000ecca0000, 0x00000000f1f5d000, 0x0000000100000000)
 Metaspace       used 63155K, capacity 66036K, committed 66304K, reserved 1107968K
  class space    used 8128K, capacity 8682K, committed 8704K, reserved 1048576K
2020-11-07T19:58:44.566+0800: 51.243: [GC (Allocation Failure) 2020-11-07T19:58:44.566+0800: 51.243: [ParNew: 8792K->602K(9216K), 0.0192648 secs] 54534K->46362K(93940K), 0.0193321 secs] [Times: user=0.02 sys=0.00, real=0.02 secs] 
Heap after GC invocations=665 (full 67):
 par new generation   total 9216K, used 602K [0x00000000e3400000, 0x00000000e3e00000, 0x00000000ecca0000)
  eden space 8192K,   0% used [0x00000000e3400000, 0x00000000e3400000, 0x00000000e3c00000)
  from space 1024K,  58% used [0x00000000e3d00000, 0x00000000e3d968d0, 0x00000000e3e00000)
  to   space 1024K,   0% used [0x00000000e3c00000, 0x00000000e3c00000, 0x00000000e3d00000)
 concurrent mark-sweep generation total 84724K, used 45760K [0x00000000ecca0000, 0x00000000f1f5d000, 0x0000000100000000)
 Metaspace       used 63155K, capacity 66036K, committed 66304K, reserved 1107968K
  class space    used 8128K, capacity 8682K, committed 8704K, reserved 1048576K
}
2020-11-07T19:58:44.653+0800: 51.330: Application time: 0.0673009 seconds
{Heap before GC invocations=665 (full 67):
 par new generation   total 9216K, used 8794K [0x00000000e3400000, 0x00000000e3e00000, 0x00000000ecca0000)
  eden space 8192K, 100% used [0x00000000e3400000, 0x00000000e3c00000, 0x00000000e3c00000)
  from space 1024K,  58% used [0x00000000e3d00000, 0x00000000e3d968d0, 0x00000000e3e00000)
  to   space 1024K,   0% used [0x00000000e3c00000, 0x00000000e3c00000, 0x00000000e3d00000)
 concurrent mark-sweep generation total 84724K, used 45760K [0x00000000ecca0000, 0x00000000f1f5d000, 0x0000000100000000)
 Metaspace       used 63164K, capacity 66036K, committed 66304K, reserved 1107968K
  class space    used 8128K, capacity 8682K, committed 8704K, reserved 1048576K
2020-11-07T19:58:44.653+0800: 51.330: [GC (Allocation Failure) 2020-11-07T19:58:44.653+0800: 51.330: [ParNew: 8794K->882K(9216K), 0.0454257 secs] 54554K->46672K(93940K), 0.0454938 secs] [Times: user=0.04 sys=0.00, real=0.05 secs] 
Heap after GC invocations=666 (full 67):
 par new generation   total 9216K, used 882K [0x00000000e3400000, 0x00000000e3e00000, 0x00000000ecca0000)
  eden space 8192K,   0% used [0x00000000e3400000, 0x00000000e3400000, 0x00000000e3c00000)
  from space 1024K,  86% used [0x00000000e3c00000, 0x00000000e3cdc988, 0x00000000e3d00000)
  to   space 1024K,   0% used [0x00000000e3d00000, 0x00000000e3d00000, 0x00000000e3e00000)
 concurrent mark-sweep generation total 84724K, used 45790K [0x00000000ecca0000, 0x00000000f1f5d000, 0x0000000100000000)
 Metaspace       used 63164K, capacity 66036K, committed 66304K, reserved 1107968K
  class space    used 8128K, capacity 8682K, committed 8704K, reserved 1048576K
}
2020-11-07T19:58:44.723+0800: 51.400: Application time: 0.0238565 seconds
{Heap before GC invocations=666 (full 67):
 par new generation   total 9216K, used 9074K [0x00000000e3400000, 0x00000000e3e00000, 0x00000000ecca0000)
  eden space 8192K, 100% used [0x00000000e3400000, 0x00000000e3c00000, 0x00000000e3c00000)
  from space 1024K,  86% used [0x00000000e3c00000, 0x00000000e3cdc988, 0x00000000e3d00000)
  to   space 1024K,   0% used [0x00000000e3d00000, 0x00000000e3d00000, 0x00000000e3e00000)
 concurrent mark-sweep generation total 84724K, used 45790K [0x00000000ecca0000, 0x00000000f1f5d000, 0x0000000100000000)
 Metaspace       used 63181K, capacity 66036K, committed 66304K, reserved 1107968K
  class space    used 8129K, capacity 8682K, committed 8704K, reserved 1048576K
2020-11-07T19:58:44.723+0800: 51.400: [GC (Allocation Failure) 2020-11-07T19:58:44.723+0800: 51.400: [ParNew: 9074K->629K(9216K), 0.0349763 secs] 54864K->46530K(93940K), 0.0350357 secs] [Times: user=0.03 sys=0.00, real=0.04 secs] 
Heap after GC invocations=667 (full 67):
 par new generation   total 9216K, used 629K [0x00000000e3400000, 0x00000000e3e00000, 0x00000000ecca0000)
  eden space 8192K,   0% used [0x00000000e3400000, 0x00000000e3400000, 0x00000000e3c00000)
  from space 1024K,  61% used [0x00000000e3d00000, 0x00000000e3d9d450, 0x00000000e3e00000)
  to   space 1024K,   0% used [0x00000000e3c00000, 0x00000000e3c00000, 0x00000000e3d00000)
 concurrent mark-sweep generation total 84724K, used 45901K [0x00000000ecca0000, 0x00000000f1f5d000, 0x0000000100000000)
 Metaspace       used 63181K, capacity 66036K, committed 66304K, reserved 1107968K
  class space    used 8129K, capacity 8682K, committed 8704K, reserved 1048576K
}
2020-11-07T19:58:44.791+0800: 51.468: Application time: 0.0328528 seconds
{Heap before GC invocations=667 (full 67):
 par new generation   total 9216K, used 8821K [0x00000000e3400000, 0x00000000e3e00000, 0x00000000ecca0000)
  eden space 8192K, 100% used [0x00000000e3400000, 0x00000000e3c00000, 0x00000000e3c00000)
  from space 1024K,  61% used [0x00000000e3d00000, 0x00000000e3d9d450, 0x00000000e3e00000)
  to   space 1024K,   0% used [0x00000000e3c00000, 0x00000000e3c00000, 0x00000000e3d00000)
 concurrent mark-sweep generation total 84724K, used 45901K [0x00000000ecca0000, 0x00000000f1f5d000, 0x0000000100000000)
 Metaspace       used 63226K, capacity 66104K, committed 66304K, reserved 1107968K
  class space    used 8133K, capacity 8684K, committed 8704K, reserved 1048576K
2020-11-07T19:58:44.791+0800: 51.468: [GC (Allocation Failure) 2020-11-07T19:58:44.791+0800: 51.468: [ParNew: 8821K->601K(9216K), 0.0326541 secs] 54722K->46540K(93940K), 0.0327202 secs] [Times: user=0.03 sys=0.00, real=0.03 secs] 
Heap after GC invocations=668 (full 67):
 par new generation   total 9216K, used 601K [0x00000000e3400000, 0x00000000e3e00000, 0x00000000ecca0000)
  eden space 8192K,   0% used [0x00000000e3400000, 0x00000000e3400000, 0x00000000e3c00000)
  from space 1024K,  58% used [0x00000000e3c00000, 0x00000000e3c96750, 0x00000000e3d00000)
  to   space 1024K,   0% used [0x00000000e3d00000, 0x00000000e3d00000, 0x00000000e3e00000)
 concurrent mark-sweep generation total 84724K, used 45938K [0x00000000ecca0000, 0x00000000f1f5d000, 0x0000000100000000)
 Metaspace       used 63226K, capacity 66104K, committed 66304K, reserved 1107968K
  class space    used 8133K, capacity 8684K, committed 8704K, reserved 1048576K
}
2020-11-07T19:58:44.847+0800: 51.524: Application time: 0.0232240 seconds
{Heap before GC invocations=668 (full 67):
 par new generation   total 9216K, used 8793K [0x00000000e3400000, 0x00000000e3e00000, 0x00000000ecca0000)
  eden space 8192K, 100% used [0x00000000e3400000, 0x00000000e3c00000, 0x00000000e3c00000)
  from space 1024K,  58% used [0x00000000e3c00000, 0x00000000e3c96750, 0x00000000e3d00000)
  to   space 1024K,   0% used [0x00000000e3d00000, 0x00000000e3d00000, 0x00000000e3e00000)
 concurrent mark-sweep generation total 84724K, used 45938K [0x00000000ecca0000, 0x00000000f1f5d000, 0x0000000100000000)
 Metaspace       used 63241K, capacity 66108K, committed 66304K, reserved 1107968K
  class space    used 8135K, capacity 8686K, committed 8704K, reserved 1048576K
2020-11-07T19:58:44.847+0800: 51.524: [GC (Allocation Failure) 2020-11-07T19:58:44.847+0800: 51.524: [ParNew: 8793K->585K(9216K), 0.0394874 secs] 54732K->46555K(93940K), 0.0395446 secs] [Times: user=0.04 sys=0.00, real=0.04 secs] 
Heap after GC invocations=669 (full 67):
 par new generation   total 9216K, used 585K [0x00000000e3400000, 0x00000000e3e00000, 0x00000000ecca0000)
  eden space 8192K,   0% used [0x00000000e3400000, 0x00000000e3400000, 0x00000000e3c00000)
  from space 1024K,  57% used [0x00000000e3d00000, 0x00000000e3d92748, 0x00000000e3e00000)
  to   space 1024K,   0% used [0x00000000e3c00000, 0x00000000e3c00000, 0x00000000e3d00000)
 concurrent mark-sweep generation total 84724K, used 45969K [0x00000000ecca0000, 0x00000000f1f5d000, 0x0000000100000000)
 Metaspace       used 63241K, capacity 66108K, committed 66304K, reserved 1107968K
  class space    used 8135K, capacity 8686K, committed 8704K, reserved 1048576K
}
2020-11-07T19:58:44.905+0800: 51.581: Application time: 0.0176216 seconds
{Heap before GC invocations=669 (full 67):
 par new generation   total 9216K, used 8777K [0x00000000e3400000, 0x00000000e3e00000, 0x00000000ecca0000)
  eden space 8192K, 100% used [0x00000000e3400000, 0x00000000e3c00000, 0x00000000e3c00000)
  from space 1024K,  57% used [0x00000000e3d00000, 0x00000000e3d92748, 0x00000000e3e00000)
  to   space 1024K,   0% used [0x00000000e3c00000, 0x00000000e3c00000, 0x00000000e3d00000)
 concurrent mark-sweep generation total 84724K, used 45969K [0x00000000ecca0000, 0x00000000f1f5d000, 0x0000000100000000)
 Metaspace       used 63267K, capacity 66142K, committed 66432K, reserved 1107968K
  class space    used 8142K, capacity 8719K, committed 8832K, reserved 1048576K
2020-11-07T19:58:44.905+0800: 51.581: [GC (Allocation Failure) 2020-11-07T19:58:44.905+0800: 51.581: [ParNew: 8777K->737K(9216K), 0.0291133 secs] 54747K->46743K(93940K), 0.0291703 secs] [Times: user=0.03 sys=0.00, real=0.02 secs] 
Heap after GC invocations=670 (full 67):
 par new generation   total 9216K, used 737K [0x00000000e3400000, 0x00000000e3e00000, 0x00000000ecca0000)
  eden space 8192K,   0% used [0x00000000e3400000, 0x00000000e3400000, 0x00000000e3c00000)
  from space 1024K,  71% used [0x00000000e3c00000, 0x00000000e3cb84c0, 0x00000000e3d00000)
  to   space 1024K,   0% used [0x00000000e3d00000, 0x00000000e3d00000, 0x00000000e3e00000)
 concurrent mark-sweep generation total 84724K, used 46005K [0x00000000ecca0000, 0x00000000f1f5d000, 0x0000000100000000)
 Metaspace       used 63267K, capacity 66142K, committed 66432K, reserved 1107968K
  class space    used 8142K, capacity 8719K, committed 8832K, reserved 1048576K
}
2020-11-07T19:58:44.963+0800: 51.640: Application time: 0.0294001 seconds
{Heap before GC invocations=670 (full 67):
 par new generation   total 9216K, used 8929K [0x00000000e3400000, 0x00000000e3e00000, 0x00000000ecca0000)
  eden space 8192K, 100% used [0x00000000e3400000, 0x00000000e3c00000, 0x00000000e3c00000)
  from space 1024K,  71% used [0x00000000e3c00000, 0x00000000e3cb84c0, 0x00000000e3d00000)
  to   space 1024K,   0% used [0x00000000e3d00000, 0x00000000e3d00000, 0x00000000e3e00000)
 concurrent mark-sweep generation total 84724K, used 46005K [0x00000000ecca0000, 0x00000000f1f5d000, 0x0000000100000000)
 Metaspace       used 63279K, capacity 66206K, committed 66432K, reserved 1107968K
  class space    used 8143K, capacity 8719K, committed 8832K, reserved 1048576K
2020-11-07T19:58:44.964+0800: 51.640: [GC (Allocation Failure) 2020-11-07T19:58:44.964+0800: 51.640: [ParNew: 8929K->979K(9216K), 0.0243762 secs] 54935K->47044K(93940K), 0.0244374 secs] [Times: user=0.02 sys=0.01, real=0.03 secs] 
Heap after GC invocations=671 (full 67):
 par new generation   total 9216K, used 979K [0x00000000e3400000, 0x00000000e3e00000, 0x00000000ecca0000)
  eden space 8192K,   0% used [0x00000000e3400000, 0x00000000e3400000, 0x00000000e3c00000)
  from space 1024K,  95% used [0x00000000e3d00000, 0x00000000e3df4d40, 0x00000000e3e00000)
  to   space 1024K,   0% used [0x00000000e3c00000, 0x00000000e3c00000, 0x00000000e3d00000)
 concurrent mark-sweep generation total 84724K, used 46065K [0x00000000ecca0000, 0x00000000f1f5d000, 0x0000000100000000)
 Metaspace       used 63279K, capacity 66206K, committed 66432K, reserved 1107968K
  class space    used 8143K, capacity 8719K, committed 8832K, reserved 1048576K
}
2020-11-07T19:58:45.006+0800: 51.683: Application time: 0.0181718 seconds
{Heap before GC invocations=671 (full 67):
 par new generation   total 9216K, used 9171K [0x00000000e3400000, 0x00000000e3e00000, 0x00000000ecca0000)
  eden space 8192K, 100% used [0x00000000e3400000, 0x00000000e3c00000, 0x00000000e3c00000)
  from space 1024K,  95% used [0x00000000e3d00000, 0x00000000e3df4d40, 0x00000000e3e00000)
  to   space 1024K,   0% used [0x00000000e3c00000, 0x00000000e3c00000, 0x00000000e3d00000)
 concurrent mark-sweep generation total 84724K, used 46065K [0x00000000ecca0000, 0x00000000f1f5d000, 0x0000000100000000)
 Metaspace       used 63280K, capacity 66206K, committed 66432K, reserved 1107968K
  class space    used 8143K, capacity 8719K, committed 8832K, reserved 1048576K
2020-11-07T19:58:45.006+0800: 51.683: [GC (Allocation Failure) 2020-11-07T19:58:45.006+0800: 51.683: [ParNew: 9171K->850K(9216K), 0.0375193 secs] 55236K->47212K(93940K), 0.0375780 secs] [Times: user=0.03 sys=0.00, real=0.03 secs] 
Heap after GC invocations=672 (full 67):
 par new generation   total 9216K, used 850K [0x00000000e3400000, 0x00000000e3e00000, 0x00000000ecca0000)
  eden space 8192K,   0% used [0x00000000e3400000, 0x00000000e3400000, 0x00000000e3c00000)
  from space 1024K,  83% used [0x00000000e3c00000, 0x00000000e3cd4b20, 0x00000000e3d00000)
  to   space 1024K,   0% used [0x00000000e3d00000, 0x00000000e3d00000, 0x00000000e3e00000)
 concurrent mark-sweep generation total 84724K, used 46361K [0x00000000ecca0000, 0x00000000f1f5d000, 0x0000000100000000)
 Metaspace       used 63280K, capacity 66206K, committed 66432K, reserved 1107968K
  class space    used 8143K, capacity 8719K, committed 8832K, reserved 1048576K
}
2020-11-07T19:58:45.064+0800: 51.741: Application time: 0.0201720 seconds
{Heap before GC invocations=672 (full 67):
 par new generation   total 9216K, used 9042K [0x00000000e3400000, 0x00000000e3e00000, 0x00000000ecca0000)
  eden space 8192K, 100% used [0x00000000e3400000, 0x00000000e3c00000, 0x00000000e3c00000)
  from space 1024K,  83% used [0x00000000e3c00000, 0x00000000e3cd4b20, 0x00000000e3d00000)
  to   space 1024K,   0% used [0x00000000e3d00000, 0x00000000e3d00000, 0x00000000e3e00000)
 concurrent mark-sweep generation total 84724K, used 46361K [0x00000000ecca0000, 0x00000000f1f5d000, 0x0000000100000000)
 Metaspace       used 63305K, capacity 66226K, committed 66432K, reserved 1107968K
  class space    used 8147K, capacity 8723K, committed 8832K, reserved 1048576K
2020-11-07T19:58:45.064+0800: 51.741: [GC (Allocation Failure) 2020-11-07T19:58:45.064+0800: 51.741: [ParNew: 9042K->607K(9216K), 0.0434016 secs] 55404K->46969K(93940K), 0.0434578 secs] [Times: user=0.05 sys=0.00, real=0.05 secs] 
Heap after GC invocations=673 (full 67):
 par new generation   total 9216K, used 607K [0x00000000e3400000, 0x00000000e3e00000, 0x00000000ecca0000)
  eden space 8192K,   0% used [0x00000000e3400000, 0x00000000e3400000, 0x00000000e3c00000)
  from space 1024K,  59% used [0x00000000e3d00000, 0x00000000e3d97da8, 0x00000000e3e00000)
  to   space 1024K,   0% used [0x00000000e3c00000, 0x00000000e3c00000, 0x00000000e3d00000)
 concurrent mark-sweep generation total 84724K, used 46361K [0x00000000ecca0000, 0x00000000f1f5d000, 0x0000000100000000)
 Metaspace       used 63305K, capacity 66226K, committed 66432K, reserved 1107968K
  class space    used 8147K, capacity 8723K, committed 8832K, reserved 1048576K
}
2020-11-07T19:58:45.124+0800: 51.801: Application time: 0.0163745 seconds
{Heap before GC invocations=673 (full 67):
 par new generation   total 9216K, used 8799K [0x00000000e3400000, 0x00000000e3e00000, 0x00000000ecca0000)
  eden space 8192K, 100% used [0x00000000e3400000, 0x00000000e3c00000, 0x00000000e3c00000)
  from space 1024K,  59% used [0x00000000e3d00000, 0x00000000e3d97da8, 0x00000000e3e00000)
  to   space 1024K,   0% used [0x00000000e3c00000, 0x00000000e3c00000, 0x00000000e3d00000)
 concurrent mark-sweep generation total 84724K, used 46361K [0x00000000ecca0000, 0x00000000f1f5d000, 0x0000000100000000)
 Metaspace       used 63306K, capacity 66226K, committed 66432K, reserved 1107968K
  class space    used 8147K, capacity 8723K, committed 8832K, reserved 1048576K
2020-11-07T19:58:45.124+0800: 51.801: [GC (Allocation Failure) 2020-11-07T19:58:45.124+0800: 51.801: [ParNew: 8799K->573K(9216K), 0.0384813 secs] 55161K->46935K(93940K), 0.0385380 secs] [Times: user=0.04 sys=0.00, real=0.04 secs] 
Heap after GC invocations=674 (full 67):
 par new generation   total 9216K, used 573K [0x00000000e3400000, 0x00000000e3e00000, 0x00000000ecca0000)
  eden space 8192K,   0% used [0x00000000e3400000, 0x00000000e3400000, 0x00000000e3c00000)
  from space 1024K,  56% used [0x00000000e3c00000, 0x00000000e3c8f7a0, 0x00000000e3d00000)
  to   space 1024K,   0% used [0x00000000e3d00000, 0x00000000e3d00000, 0x00000000e3e00000)
 concurrent mark-sweep generation total 84724K, used 46361K [0x00000000ecca0000, 0x00000000f1f5d000, 0x0000000100000000)
 Metaspace       used 63306K, capacity 66226K, committed 66432K, reserved 1107968K
  class space    used 8147K, capacity 8723K, committed 8832K, reserved 1048576K
}
2020-11-07T19:58:45.179+0800: 51.856: Application time: 0.0161728 seconds
{Heap before GC invocations=674 (full 67):
 par new generation   total 9216K, used 8765K [0x00000000e3400000, 0x00000000e3e00000, 0x00000000ecca0000)
  eden space 8192K, 100% used [0x00000000e3400000, 0x00000000e3c00000, 0x00000000e3c00000)
  from space 1024K,  56% used [0x00000000e3c00000, 0x00000000e3c8f7a0, 0x00000000e3d00000)
  to   space 1024K,   0% used [0x00000000e3d00000, 0x00000000e3d00000, 0x00000000e3e00000)
 concurrent mark-sweep generation total 84724K, used 46361K [0x00000000ecca0000, 0x00000000f1f5d000, 0x0000000100000000)
 Metaspace       used 63322K, capacity 66226K, committed 66432K, reserved 1107968K
  class space    used 8149K, capacity 8723K, committed 8832K, reserved 1048576K
2020-11-07T19:58:45.179+0800: 51.856: [GC (Allocation Failure) 2020-11-07T19:58:45.179+0800: 51.856: [ParNew: 8765K->740K(9216K), 0.0284254 secs] 55127K->47102K(93940K), 0.0284804 secs] [Times: user=0.02 sys=0.00, real=0.03 secs] 
Heap after GC invocations=675 (full 67):
 par new generation   total 9216K, used 740K [0x00000000e3400000, 0x00000000e3e00000, 0x00000000ecca0000)
  eden space 8192K,   0% used [0x00000000e3400000, 0x00000000e3400000, 0x00000000e3c00000)
  from space 1024K,  72% used [0x00000000e3d00000, 0x00000000e3db93f0, 0x00000000e3e00000)
  to   space 1024K,   0% used [0x00000000e3c00000, 0x00000000e3c00000, 0x00000000e3d00000)
 concurrent mark-sweep generation total 84724K, used 46361K [0x00000000ecca0000, 0x00000000f1f5d000, 0x0000000100000000)
 Metaspace       used 63322K, capacity 66226K, committed 66432K, reserved 1107968K
  class space    used 8149K, capacity 8723K, committed 8832K, reserved 1048576K
}
2020-11-07T19:58:45.229+0800: 51.906: Application time: 0.0212538 seconds
{Heap before GC invocations=675 (full 67):
 par new generation   total 9216K, used 8932K [0x00000000e3400000, 0x00000000e3e00000, 0x00000000ecca0000)
  eden space 8192K, 100% used [0x00000000e3400000, 0x00000000e3c00000, 0x00000000e3c00000)
  from space 1024K,  72% used [0x00000000e3d00000, 0x00000000e3db93f0, 0x00000000e3e00000)
  to   space 1024K,   0% used [0x00000000e3c00000, 0x00000000e3c00000, 0x00000000e3d00000)
 concurrent mark-sweep generation total 84724K, used 46361K [0x00000000ecca0000, 0x00000000f1f5d000, 0x0000000100000000)
 Metaspace       used 63335K, capacity 66226K, committed 66432K, reserved 1107968K
  class space    used 8151K, capacity 8723K, committed 8832K, reserved 1048576K
2020-11-07T19:58:45.229+0800: 51.906: [GC (Allocation Failure) 2020-11-07T19:58:45.229+0800: 51.906: [ParNew: 8932K->763K(9216K), 0.0414914 secs] 55294K->47156K(93940K), 0.0415485 secs] [Times: user=0.04 sys=0.00, real=0.04 secs] 
Heap after GC invocations=676 (full 67):
 par new generation   total 9216K, used 763K [0x00000000e3400000, 0x00000000e3e00000, 0x00000000ecca0000)
  eden space 8192K,   0% used [0x00000000e3400000, 0x00000000e3400000, 0x00000000e3c00000)
  from space 1024K,  74% used [0x00000000e3c00000, 0x00000000e3cbedf8, 0x00000000e3d00000)
  to   space 1024K,   0% used [0x00000000e3d00000, 0x00000000e3d00000, 0x00000000e3e00000)
 concurrent mark-sweep generation total 84724K, used 46392K [0x00000000ecca0000, 0x00000000f1f5d000, 0x0000000100000000)
 Metaspace       used 63335K, capacity 66226K, committed 66432K, reserved 1107968K
  class space    used 8151K, capacity 8723K, committed 8832K, reserved 1048576K
}
2020-11-07T19:58:45.295+0800: 51.972: Application time: 0.0242284 seconds
{Heap before GC invocations=676 (full 67):
 par new generation   total 9216K, used 8955K [0x00000000e3400000, 0x00000000e3e00000, 0x00000000ecca0000)
  eden space 8192K, 100% used [0x00000000e3400000, 0x00000000e3c00000, 0x00000000e3c00000)
  from space 1024K,  74% used [0x00000000e3c00000, 0x00000000e3cbedf8, 0x00000000e3d00000)
  to   space 1024K,   0% used [0x00000000e3d00000, 0x00000000e3d00000, 0x00000000e3e00000)
 concurrent mark-sweep generation total 84724K, used 46392K [0x00000000ecca0000, 0x00000000f1f5d000, 0x0000000100000000)
 Metaspace       used 63347K, capacity 66226K, committed 66432K, reserved 1107968K
  class space    used 8153K, capacity 8723K, committed 8832K, reserved 1048576K
2020-11-07T19:58:45.295+0800: 51.972: [GC (Allocation Failure) 2020-11-07T19:58:45.295+0800: 51.972: [ParNew: 8955K->695K(9216K), 0.0345433 secs] 55348K->47143K(93940K), 0.0345998 secs] [Times: user=0.03 sys=0.00, real=0.03 secs] 
Heap after GC invocations=677 (full 67):
 par new generation   total 9216K, used 695K [0x00000000e3400000, 0x00000000e3e00000, 0x00000000ecca0000)
  eden space 8192K,   0% used [0x00000000e3400000, 0x00000000e3400000, 0x00000000e3c00000)
  from space 1024K,  67% used [0x00000000e3d00000, 0x00000000e3dadee8, 0x00000000e3e00000)
  to   space 1024K,   0% used [0x00000000e3c00000, 0x00000000e3c00000, 0x00000000e3d00000)
 concurrent mark-sweep generation total 84724K, used 46447K [0x00000000ecca0000, 0x00000000f1f5d000, 0x0000000100000000)
 Metaspace       used 63347K, capacity 66226K, committed 66432K, reserved 1107968K
  class space    used 8153K, capacity 8723K, committed 8832K, reserved 1048576K
}
2020-11-07T19:58:45.368+0800: 52.045: Application time: 0.0381589 seconds
{Heap before GC invocations=677 (full 67):
 par new generation   total 9216K, used 8887K [0x00000000e3400000, 0x00000000e3e00000, 0x00000000ecca0000)
  eden space 8192K, 100% used [0x00000000e3400000, 0x00000000e3c00000, 0x00000000e3c00000)
  from space 1024K,  67% used [0x00000000e3d00000, 0x00000000e3dadee8, 0x00000000e3e00000)
  to   space 1024K,   0% used [0x00000000e3c00000, 0x00000000e3c00000, 0x00000000e3d00000)
 concurrent mark-sweep generation total 84724K, used 46447K [0x00000000ecca0000, 0x00000000f1f5d000, 0x0000000100000000)
 Metaspace       used 63373K, capacity 66290K, committed 66432K, reserved 1107968K
  class space    used 8154K, capacity 8723K, committed 8832K, reserved 1048576K
2020-11-07T19:58:45.368+0800: 52.045: [GC (Allocation Failure) 2020-11-07T19:58:45.368+0800: 52.045: [ParNew: 8887K->405K(9216K), 0.0384988 secs] 55335K->47142K(93940K), 0.0385525 secs] [Times: user=0.03 sys=0.00, real=0.04 secs] 
Heap after GC invocations=678 (full 67):
 par new generation   total 9216K, used 405K [0x00000000e3400000, 0x00000000e3e00000, 0x00000000ecca0000)
  eden space 8192K,   0% used [0x00000000e3400000, 0x00000000e3400000, 0x00000000e3c00000)
  from space 1024K,  39% used [0x00000000e3c00000, 0x00000000e3c656b0, 0x00000000e3d00000)
  to   space 1024K,   0% used [0x00000000e3d00000, 0x00000000e3d00000, 0x00000000e3e00000)
 concurrent mark-sweep generation total 84724K, used 46736K [0x00000000ecca0000, 0x00000000f1f5d000, 0x0000000100000000)
 Metaspace       used 63373K, capacity 66290K, committed 66432K, reserved 1107968K
  class space    used 8154K, capacity 8723K, committed 8832K, reserved 1048576K
}
2020-11-07T19:58:45.424+0800: 52.100: Application time: 0.0167188 seconds
{Heap before GC invocations=678 (full 67):
 par new generation   total 9216K, used 8597K [0x00000000e3400000, 0x00000000e3e00000, 0x00000000ecca0000)
  eden space 8192K, 100% used [0x00000000e3400000, 0x00000000e3c00000, 0x00000000e3c00000)
  from space 1024K,  39% used [0x00000000e3c00000, 0x00000000e3c656b0, 0x00000000e3d00000)
  to   space 1024K,   0% used [0x00000000e3d00000, 0x00000000e3d00000, 0x00000000e3e00000)
 concurrent mark-sweep generation total 84724K, used 46736K [0x00000000ecca0000, 0x00000000f1f5d000, 0x0000000100000000)
 Metaspace       used 63382K, capacity 66302K, committed 66432K, reserved 1107968K
  class space    used 8155K, capacity 8725K, committed 8832K, reserved 1048576K
2020-11-07T19:58:45.424+0800: 52.101: [GC (Allocation Failure) 2020-11-07T19:58:45.424+0800: 52.101: [ParNew: 8597K->525K(9216K), 0.2190561 secs] 55334K->47261K(93940K), 0.2191133 secs] [Times: user=0.21 sys=0.01, real=0.22 secs] 
Heap after GC invocations=679 (full 67):
 par new generation   total 9216K, used 525K [0x00000000e3400000, 0x00000000e3e00000, 0x00000000ecca0000)
  eden space 8192K,   0% used [0x00000000e3400000, 0x00000000e3400000, 0x00000000e3c00000)
  from space 1024K,  51% used [0x00000000e3d00000, 0x00000000e3d83400, 0x00000000e3e00000)
  to   space 1024K,   0% used [0x00000000e3c00000, 0x00000000e3c00000, 0x00000000e3d00000)
 concurrent mark-sweep generation total 84724K, used 46736K [0x00000000ecca0000, 0x00000000f1f5d000, 0x0000000100000000)
 Metaspace       used 63382K, capacity 66302K, committed 66432K, reserved 1107968K
  class space    used 8155K, capacity 8725K, committed 8832K, reserved 1048576K
}
2020-11-07T19:58:45.660+0800: 52.337: Application time: 0.0174511 seconds
{Heap before GC invocations=679 (full 67):
 par new generation   total 9216K, used 8717K [0x00000000e3400000, 0x00000000e3e00000, 0x00000000ecca0000)
  eden space 8192K, 100% used [0x00000000e3400000, 0x00000000e3c00000, 0x00000000e3c00000)
  from space 1024K,  51% used [0x00000000e3d00000, 0x00000000e3d83400, 0x00000000e3e00000)
  to   space 1024K,   0% used [0x00000000e3c00000, 0x00000000e3c00000, 0x00000000e3d00000)
 concurrent mark-sweep generation total 84724K, used 46736K [0x00000000ecca0000, 0x00000000f1f5d000, 0x0000000100000000)
 Metaspace       used 63398K, capacity 66302K, committed 66432K, reserved 1107968K
  class space    used 8158K, capacity 8725K, committed 8832K, reserved 1048576K
2020-11-07T19:58:45.661+0800: 52.337: [GC (Allocation Failure) 2020-11-07T19:58:45.661+0800: 52.337: [ParNew: 8717K->460K(9216K), 0.0159067 secs] 55453K->47197K(93940K), 0.0159750 secs] [Times: user=0.01 sys=0.00, real=0.02 secs] 
Heap after GC invocations=680 (full 67):
 par new generation   total 9216K, used 460K [0x00000000e3400000, 0x00000000e3e00000, 0x00000000ecca0000)
  eden space 8192K,   0% used [0x00000000e3400000, 0x00000000e3400000, 0x00000000e3c00000)
  from space 1024K,  44% used [0x00000000e3c00000, 0x00000000e3c731a0, 0x00000000e3d00000)
  to   space 1024K,   0% used [0x00000000e3d00000, 0x00000000e3d00000, 0x00000000e3e00000)
 concurrent mark-sweep generation total 84724K, used 46736K [0x00000000ecca0000, 0x00000000f1f5d000, 0x0000000100000000)
 Metaspace       used 63398K, capacity 66302K, committed 66432K, reserved 1107968K
  class space    used 8158K, capacity 8725K, committed 8832K, reserved 1048576K
}
2020-11-07T19:58:45.727+0800: 52.403: Application time: 0.0500048 seconds
{Heap before GC invocations=680 (full 67):
 par new generation   total 9216K, used 8652K [0x00000000e3400000, 0x00000000e3e00000, 0x00000000ecca0000)
  eden space 8192K, 100% used [0x00000000e3400000, 0x00000000e3c00000, 0x00000000e3c00000)
  from space 1024K,  44% used [0x00000000e3c00000, 0x00000000e3c731a0, 0x00000000e3d00000)
  to   space 1024K,   0% used [0x00000000e3d00000, 0x00000000e3d00000, 0x00000000e3e00000)
 concurrent mark-sweep generation total 84724K, used 46736K [0x00000000ecca0000, 0x00000000f1f5d000, 0x0000000100000000)
 Metaspace       used 63410K, capacity 66314K, committed 66432K, reserved 1107968K
  class space    used 8158K, capacity 8725K, committed 8832K, reserved 1048576K
2020-11-07T19:58:45.727+0800: 52.404: [GC (Allocation Failure) 2020-11-07T19:58:45.727+0800: 52.404: [ParNew: 8652K->712K(9216K), 0.0246835 secs] 55389K->47478K(93940K), 0.0247396 secs] [Times: user=0.03 sys=0.00, real=0.02 secs] 
Heap after GC invocations=681 (full 67):
 par new generation   total 9216K, used 712K [0x00000000e3400000, 0x00000000e3e00000, 0x00000000ecca0000)
  eden space 8192K,   0% used [0x00000000e3400000, 0x00000000e3400000, 0x00000000e3c00000)
  from space 1024K,  69% used [0x00000000e3d00000, 0x00000000e3db2268, 0x00000000e3e00000)
  to   space 1024K,   0% used [0x00000000e3c00000, 0x00000000e3c00000, 0x00000000e3d00000)
 concurrent mark-sweep generation total 84724K, used 46765K [0x00000000ecca0000, 0x00000000f1f5d000, 0x0000000100000000)
 Metaspace       used 63410K, capacity 66314K, committed 66432K, reserved 1107968K
  class space    used 8158K, capacity 8725K, committed 8832K, reserved 1048576K
}
2020-11-07T19:58:45.778+0800: 52.454: Application time: 0.0259955 seconds
2020-11-07T19:58:45.820+0800: 52.497: Application time: 0.0425106 seconds
{Heap before GC invocations=681 (full 67):
 par new generation   total 9216K, used 8904K [0x00000000e3400000, 0x00000000e3e00000, 0x00000000ecca0000)
  eden space 8192K, 100% used [0x00000000e3400000, 0x00000000e3c00000, 0x00000000e3c00000)
  from space 1024K,  69% used [0x00000000e3d00000, 0x00000000e3db2268, 0x00000000e3e00000)
  to   space 1024K,   0% used [0x00000000e3c00000, 0x00000000e3c00000, 0x00000000e3d00000)
 concurrent mark-sweep generation total 84724K, used 46765K [0x00000000ecca0000, 0x00000000f1f5d000, 0x0000000100000000)
 Metaspace       used 63583K, capacity 66526K, committed 66688K, reserved 1107968K
  class space    used 8182K, capacity 8767K, committed 8832K, reserved 1048576K
2020-11-07T19:58:45.820+0800: 52.497: [GC (Allocation Failure) 2020-11-07T19:58:45.820+0800: 52.497: [ParNew: 8904K->1008K(9216K), 0.0257267 secs] 55670K->47876K(93940K), 0.0257945 secs] [Times: user=0.02 sys=0.00, real=0.03 secs] 
Heap after GC invocations=682 (full 67):
 par new generation   total 9216K, used 1008K [0x00000000e3400000, 0x00000000e3e00000, 0x00000000ecca0000)
  eden space 8192K,   0% used [0x00000000e3400000, 0x00000000e3400000, 0x00000000e3c00000)
  from space 1024K,  98% used [0x00000000e3c00000, 0x00000000e3cfc218, 0x00000000e3d00000)
  to   space 1024K,   0% used [0x00000000e3d00000, 0x00000000e3d00000, 0x00000000e3e00000)
 concurrent mark-sweep generation total 84724K, used 46868K [0x00000000ecca0000, 0x00000000f1f5d000, 0x0000000100000000)
 Metaspace       used 63583K, capacity 66526K, committed 66688K, reserved 1107968K
  class space    used 8182K, capacity 8767K, committed 8832K, reserved 1048576K
}
2020-11-07T19:58:45.900+0800: 52.577: Application time: 0.0534346 seconds
{Heap before GC invocations=682 (full 67):
 par new generation   total 9216K, used 9200K [0x00000000e3400000, 0x00000000e3e00000, 0x00000000ecca0000)
  eden space 8192K, 100% used [0x00000000e3400000, 0x00000000e3c00000, 0x00000000e3c00000)
  from space 1024K,  98% used [0x00000000e3c00000, 0x00000000e3cfc218, 0x00000000e3d00000)
  to   space 1024K,   0% used [0x00000000e3d00000, 0x00000000e3d00000, 0x00000000e3e00000)
 concurrent mark-sweep generation total 84724K, used 46868K [0x00000000ecca0000, 0x00000000f1f5d000, 0x0000000100000000)
 Metaspace       used 63628K, capacity 66612K, committed 66688K, reserved 1107968K
  class space    used 8184K, capacity 8770K, committed 8832K, reserved 1048576K
2020-11-07T19:58:45.900+0800: 52.577: [GC (Allocation Failure) 2020-11-07T19:58:45.900+0800: 52.577: [ParNew: 9200K->1024K(9216K), 0.0253808 secs] 56068K->48236K(93940K), 0.0254374 secs] [Times: user=0.03 sys=0.00, real=0.03 secs] 
Heap after GC invocations=683 (full 67):
 par new generation   total 9216K, used 1024K [0x00000000e3400000, 0x00000000e3e00000, 0x00000000ecca0000)
  eden space 8192K,   0% used [0x00000000e3400000, 0x00000000e3400000, 0x00000000e3c00000)
  from space 1024K, 100% used [0x00000000e3d00000, 0x00000000e3e00000, 0x00000000e3e00000)
  to   space 1024K,   0% used [0x00000000e3c00000, 0x00000000e3c00000, 0x00000000e3d00000)
 concurrent mark-sweep generation total 84724K, used 47212K [0x00000000ecca0000, 0x00000000f1f5d000, 0x0000000100000000)
 Metaspace       used 63628K, capacity 66612K, committed 66688K, reserved 1107968K
  class space    used 8184K, capacity 8770K, committed 8832K, reserved 1048576K
}
2020-11-07T19:58:45.956+0800: 52.633: Application time: 0.0308398 seconds
{Heap before GC invocations=683 (full 67):
 par new generation   total 9216K, used 9216K [0x00000000e3400000, 0x00000000e3e00000, 0x00000000ecca0000)
  eden space 8192K, 100% used [0x00000000e3400000, 0x00000000e3c00000, 0x00000000e3c00000)
  from space 1024K, 100% used [0x00000000e3d00000, 0x00000000e3e00000, 0x00000000e3e00000)
  to   space 1024K,   0% used [0x00000000e3c00000, 0x00000000e3c00000, 0x00000000e3d00000)
 concurrent mark-sweep generation total 84724K, used 47212K [0x00000000ecca0000, 0x00000000f1f5d000, 0x0000000100000000)
 Metaspace       used 63660K, capacity 66682K, committed 66944K, reserved 1107968K
  class space    used 8187K, capacity 8771K, committed 8832K, reserved 1048576K
2020-11-07T19:58:45.957+0800: 52.633: [GC (Allocation Failure) 2020-11-07T19:58:45.957+0800: 52.633: [ParNew: 9216K->741K(9216K), 0.0252912 secs] 56428K->48281K(93940K), 0.0253560 secs] [Times: user=0.02 sys=0.00, real=0.02 secs] 
Heap after GC invocations=684 (full 67):
 par new generation   total 9216K, used 741K [0x00000000e3400000, 0x00000000e3e00000, 0x00000000ecca0000)
  eden space 8192K,   0% used [0x00000000e3400000, 0x00000000e3400000, 0x00000000e3c00000)
  from space 1024K,  72% used [0x00000000e3c00000, 0x00000000e3cb94a8, 0x00000000e3d00000)
  to   space 1024K,   0% used [0x00000000e3d00000, 0x00000000e3d00000, 0x00000000e3e00000)
 concurrent mark-sweep generation total 84724K, used 47540K [0x00000000ecca0000, 0x00000000f1f5d000, 0x0000000100000000)
 Metaspace       used 63660K, capacity 66682K, committed 66944K, reserved 1107968K
  class space    used 8187K, capacity 8771K, committed 8832K, reserved 1048576K
}
2020-11-07T19:58:45.996+0800: 52.673: Application time: 0.0142239 seconds
{Heap before GC invocations=684 (full 67):
 par new generation   total 9216K, used 8933K [0x00000000e3400000, 0x00000000e3e00000, 0x00000000ecca0000)
  eden space 8192K, 100% used [0x00000000e3400000, 0x00000000e3c00000, 0x00000000e3c00000)
  from space 1024K,  72% used [0x00000000e3c00000, 0x00000000e3cb94a8, 0x00000000e3d00000)
  to   space 1024K,   0% used [0x00000000e3d00000, 0x00000000e3d00000, 0x00000000e3e00000)
 concurrent mark-sweep generation total 84724K, used 47540K [0x00000000ecca0000, 0x00000000f1f5d000, 0x0000000100000000)
 Metaspace       used 63661K, capacity 66682K, committed 66944K, reserved 1107968K
  class space    used 8187K, capacity 8771K, committed 8832K, reserved 1048576K
2020-11-07T19:58:45.996+0800: 52.673: [GC (Allocation Failure) 2020-11-07T19:58:45.996+0800: 52.673: [ParNew: 8933K->524K(9216K), 0.0137187 secs] 56473K->48064K(93940K), 0.0137758 secs] [Times: user=0.01 sys=0.00, real=0.01 secs] 
Heap after GC invocations=685 (full 67):
 par new generation   total 9216K, used 524K [0x00000000e3400000, 0x00000000e3e00000, 0x00000000ecca0000)
  eden space 8192K,   0% used [0x00000000e3400000, 0x00000000e3400000, 0x00000000e3c00000)
  from space 1024K,  51% used [0x00000000e3d00000, 0x00000000e3d83040, 0x00000000e3e00000)
  to   space 1024K,   0% used [0x00000000e3c00000, 0x00000000e3c00000, 0x00000000e3d00000)
 concurrent mark-sweep generation total 84724K, used 47540K [0x00000000ecca0000, 0x00000000f1f5d000, 0x0000000100000000)
 Metaspace       used 63661K, capacity 66682K, committed 66944K, reserved 1107968K
  class space    used 8187K, capacity 8771K, committed 8832K, reserved 1048576K
}
2020-11-07T19:58:46.060+0800: 52.737: Application time: 0.0500317 seconds
{Heap before GC invocations=685 (full 67):
 par new generation   total 9216K, used 8716K [0x00000000e3400000, 0x00000000e3e00000, 0x00000000ecca0000)
  eden space 8192K, 100% used [0x00000000e3400000, 0x00000000e3c00000, 0x00000000e3c00000)
  from space 1024K,  51% used [0x00000000e3d00000, 0x00000000e3d83040, 0x00000000e3e00000)
  to   space 1024K,   0% used [0x00000000e3c00000, 0x00000000e3c00000, 0x00000000e3d00000)
 concurrent mark-sweep generation total 84724K, used 47540K [0x00000000ecca0000, 0x00000000f1f5d000, 0x0000000100000000)
 Metaspace       used 63678K, capacity 66682K, committed 66944K, reserved 1107968K
  class space    used 8188K, capacity 8771K, committed 8832K, reserved 1048576K
2020-11-07T19:58:46.060+0800: 52.737: [GC (Allocation Failure) 2020-11-07T19:58:46.060+0800: 52.737: [ParNew: 8716K->728K(9216K), 0.0282816 secs] 56256K->48268K(93940K), 0.0283583 secs] [Times: user=0.03 sys=0.00, real=0.03 secs] 
Heap after GC invocations=686 (full 67):
 par new generation   total 9216K, used 728K [0x00000000e3400000, 0x00000000e3e00000, 0x00000000ecca0000)
  eden space 8192K,   0% used [0x00000000e3400000, 0x00000000e3400000, 0x00000000e3c00000)
  from space 1024K,  71% used [0x00000000e3c00000, 0x00000000e3cb62d8, 0x00000000e3d00000)
  to   space 1024K,   0% used [0x00000000e3d00000, 0x00000000e3d00000, 0x00000000e3e00000)
 concurrent mark-sweep generation total 84724K, used 47540K [0x00000000ecca0000, 0x00000000f1f5d000, 0x0000000100000000)
 Metaspace       used 63678K, capacity 66682K, committed 66944K, reserved 1107968K
  class space    used 8188K, capacity 8771K, committed 8832K, reserved 1048576K
}
2020-11-07T19:58:46.118+0800: 52.794: Application time: 0.0287547 seconds
{Heap before GC invocations=686 (full 67):
 par new generation   total 9216K, used 8920K [0x00000000e3400000, 0x00000000e3e00000, 0x00000000ecca0000)
  eden space 8192K, 100% used [0x00000000e3400000, 0x00000000e3c00000, 0x00000000e3c00000)
  from space 1024K,  71% used [0x00000000e3c00000, 0x00000000e3cb62d8, 0x00000000e3d00000)
  to   space 1024K,   0% used [0x00000000e3d00000, 0x00000000e3d00000, 0x00000000e3e00000)
 concurrent mark-sweep generation total 84724K, used 47540K [0x00000000ecca0000, 0x00000000f1f5d000, 0x0000000100000000)
 Metaspace       used 63691K, capacity 66696K, committed 66944K, reserved 1107968K
  class space    used 8190K, capacity 8774K, committed 8832K, reserved 1048576K
2020-11-07T19:58:46.118+0800: 52.795: [GC (Allocation Failure) 2020-11-07T19:58:46.118+0800: 52.795: [ParNew: 8920K->382K(9216K), 0.0461683 secs] 56460K->48186K(93940K), 0.0462398 secs] [Times: user=0.04 sys=0.01, real=0.04 secs] 
Heap after GC invocations=687 (full 67):
 par new generation   total 9216K, used 382K [0x00000000e3400000, 0x00000000e3e00000, 0x00000000ecca0000)
  eden space 8192K,   0% used [0x00000000e3400000, 0x00000000e3400000, 0x00000000e3c00000)
  from space 1024K,  37% used [0x00000000e3d00000, 0x00000000e3d5fb90, 0x00000000e3e00000)
  to   space 1024K,   0% used [0x00000000e3c00000, 0x00000000e3c00000, 0x00000000e3d00000)
 concurrent mark-sweep generation total 84724K, used 47803K [0x00000000ecca0000, 0x00000000f1f5d000, 0x0000000100000000)
 Metaspace       used 63691K, capacity 66696K, committed 66944K, reserved 1107968K
  class space    used 8190K, capacity 8774K, committed 8832K, reserved 1048576K
}
2020-11-07T19:58:46.176+0800: 52.853: Application time: 0.0122409 seconds
{Heap before GC invocations=687 (full 67):
 par new generation   total 9216K, used 8574K [0x00000000e3400000, 0x00000000e3e00000, 0x00000000ecca0000)
  eden space 8192K, 100% used [0x00000000e3400000, 0x00000000e3c00000, 0x00000000e3c00000)
  from space 1024K,  37% used [0x00000000e3d00000, 0x00000000e3d5fb90, 0x00000000e3e00000)
  to   space 1024K,   0% used [0x00000000e3c00000, 0x00000000e3c00000, 0x00000000e3d00000)
 concurrent mark-sweep generation total 84724K, used 47803K [0x00000000ecca0000, 0x00000000f1f5d000, 0x0000000100000000)
 Metaspace       used 63691K, capacity 66696K, committed 66944K, reserved 1107968K
  class space    used 8190K, capacity 8774K, committed 8832K, reserved 1048576K
2020-11-07T19:58:46.177+0800: 52.853: [GC (Allocation Failure) 2020-11-07T19:58:46.177+0800: 52.853: [ParNew: 8574K->429K(9216K), 0.0280801 secs] 56378K->48232K(93940K), 0.0281412 secs] [Times: user=0.02 sys=0.00, real=0.03 secs] 
Heap after GC invocations=688 (full 67):
 par new generation   total 9216K, used 429K [0x00000000e3400000, 0x00000000e3e00000, 0x00000000ecca0000)
  eden space 8192K,   0% used [0x00000000e3400000, 0x00000000e3400000, 0x00000000e3c00000)
  from space 1024K,  41% used [0x00000000e3c00000, 0x00000000e3c6b710, 0x00000000e3d00000)
  to   space 1024K,   0% used [0x00000000e3d00000, 0x00000000e3d00000, 0x00000000e3e00000)
 concurrent mark-sweep generation total 84724K, used 47803K [0x00000000ecca0000, 0x00000000f1f5d000, 0x0000000100000000)
 Metaspace       used 63691K, capacity 66696K, committed 66944K, reserved 1107968K
  class space    used 8190K, capacity 8774K, committed 8832K, reserved 1048576K
}
2020-11-07T19:58:46.230+0800: 52.907: Application time: 0.0254457 seconds
{Heap before GC invocations=688 (full 67):
 par new generation   total 9216K, used 8621K [0x00000000e3400000, 0x00000000e3e00000, 0x00000000ecca0000)
  eden space 8192K, 100% used [0x00000000e3400000, 0x00000000e3c00000, 0x00000000e3c00000)
  from space 1024K,  41% used [0x00000000e3c00000, 0x00000000e3c6b710, 0x00000000e3d00000)
  to   space 1024K,   0% used [0x00000000e3d00000, 0x00000000e3d00000, 0x00000000e3e00000)
 concurrent mark-sweep generation total 84724K, used 47803K [0x00000000ecca0000, 0x00000000f1f5d000, 0x0000000100000000)
 Metaspace       used 63708K, capacity 66696K, committed 66944K, reserved 1107968K
  class space    used 8192K, capacity 8774K, committed 8832K, reserved 1048576K
2020-11-07T19:58:46.230+0800: 52.907: [GC (Allocation Failure) 2020-11-07T19:58:46.230+0800: 52.907: [ParNew: 8621K->455K(9216K), 0.0502865 secs] 56424K->48258K(93940K), 0.0503547 secs] [Times: user=0.05 sys=0.00, real=0.05 secs] 
Heap after GC invocations=689 (full 67):
 par new generation   total 9216K, used 455K [0x00000000e3400000, 0x00000000e3e00000, 0x00000000ecca0000)
  eden space 8192K,   0% used [0x00000000e3400000, 0x00000000e3400000, 0x00000000e3c00000)
  from space 1024K,  44% used [0x00000000e3d00000, 0x00000000e3d71f40, 0x00000000e3e00000)
  to   space 1024K,   0% used [0x00000000e3c00000, 0x00000000e3c00000, 0x00000000e3d00000)
 concurrent mark-sweep generation total 84724K, used 47803K [0x00000000ecca0000, 0x00000000f1f5d000, 0x0000000100000000)
 Metaspace       used 63708K, capacity 66696K, committed 66944K, reserved 1107968K
  class space    used 8192K, capacity 8774K, committed 8832K, reserved 1048576K
}
2020-11-07T19:58:46.295+0800: 52.972: Application time: 0.0142362 seconds
{Heap before GC invocations=689 (full 67):
 par new generation   total 9216K, used 8647K [0x00000000e3400000, 0x00000000e3e00000, 0x00000000ecca0000)
  eden space 8192K, 100% used [0x00000000e3400000, 0x00000000e3c00000, 0x00000000e3c00000)
  from space 1024K,  44% used [0x00000000e3d00000, 0x00000000e3d71f40, 0x00000000e3e00000)
  to   space 1024K,   0% used [0x00000000e3c00000, 0x00000000e3c00000, 0x00000000e3d00000)
 concurrent mark-sweep generation total 84724K, used 47803K [0x00000000ecca0000, 0x00000000f1f5d000, 0x0000000100000000)
 Metaspace       used 63710K, capacity 66704K, committed 66944K, reserved 1107968K
  class space    used 8192K, capacity 8774K, committed 8832K, reserved 1048576K
2020-11-07T19:58:46.295+0800: 52.972: [GC (Allocation Failure) 2020-11-07T19:58:46.295+0800: 52.972: [ParNew: 8647K->499K(9216K), 0.0264474 secs] 56450K->48303K(93940K), 0.0265016 secs] [Times: user=0.02 sys=0.00, real=0.02 secs] 
Heap after GC invocations=690 (full 67):
 par new generation   total 9216K, used 499K [0x00000000e3400000, 0x00000000e3e00000, 0x00000000ecca0000)
  eden space 8192K,   0% used [0x00000000e3400000, 0x00000000e3400000, 0x00000000e3c00000)
  from space 1024K,  48% used [0x00000000e3c00000, 0x00000000e3c7cfb0, 0x00000000e3d00000)
  to   space 1024K,   0% used [0x00000000e3d00000, 0x00000000e3d00000, 0x00000000e3e00000)
 concurrent mark-sweep generation total 84724K, used 47803K [0x00000000ecca0000, 0x00000000f1f5d000, 0x0000000100000000)
 Metaspace       used 63710K, capacity 66704K, committed 66944K, reserved 1107968K
  class space    used 8192K, capacity 8774K, committed 8832K, reserved 1048576K
}
2020-11-07T19:58:46.341+0800: 53.018: Application time: 0.0191843 seconds
{Heap before GC invocations=690 (full 67):
 par new generation   total 9216K, used 8691K [0x00000000e3400000, 0x00000000e3e00000, 0x00000000ecca0000)
  eden space 8192K, 100% used [0x00000000e3400000, 0x00000000e3c00000, 0x00000000e3c00000)
  from space 1024K,  48% used [0x00000000e3c00000, 0x00000000e3c7cfb0, 0x00000000e3d00000)
  to   space 1024K,   0% used [0x00000000e3d00000, 0x00000000e3d00000, 0x00000000e3e00000)
 concurrent mark-sweep generation total 84724K, used 47803K [0x00000000ecca0000, 0x00000000f1f5d000, 0x0000000100000000)
 Metaspace       used 63711K, capacity 66704K, committed 66944K, reserved 1107968K
  class space    used 8192K, capacity 8774K, committed 8832K, reserved 1048576K
2020-11-07T19:58:46.341+0800: 53.018: [GC (Allocation Failure) 2020-11-07T19:58:46.341+0800: 53.018: [ParNew: 8691K->539K(9216K), 0.0194743 secs] 56495K->48342K(93940K), 0.0195299 secs] [Times: user=0.02 sys=0.00, real=0.02 secs] 
Heap after GC invocations=691 (full 67):
 par new generation   total 9216K, used 539K [0x00000000e3400000, 0x00000000e3e00000, 0x00000000ecca0000)
  eden space 8192K,   0% used [0x00000000e3400000, 0x00000000e3400000, 0x00000000e3c00000)
  from space 1024K,  52% used [0x00000000e3d00000, 0x00000000e3d86ee0, 0x00000000e3e00000)
  to   space 1024K,   0% used [0x00000000e3c00000, 0x00000000e3c00000, 0x00000000e3d00000)
 concurrent mark-sweep generation total 84724K, used 47803K [0x00000000ecca0000, 0x00000000f1f5d000, 0x0000000100000000)
 Metaspace       used 63711K, capacity 66704K, committed 66944K, reserved 1107968K
  class space    used 8192K, capacity 8774K, committed 8832K, reserved 1048576K
}
2020-11-07T19:58:46.376+0800: 53.053: Application time: 0.0153205 seconds
{Heap before GC invocations=691 (full 67):
 par new generation   total 9216K, used 8731K [0x00000000e3400000, 0x00000000e3e00000, 0x00000000ecca0000)
  eden space 8192K, 100% used [0x00000000e3400000, 0x00000000e3c00000, 0x00000000e3c00000)
  from space 1024K,  52% used [0x00000000e3d00000, 0x00000000e3d86ee0, 0x00000000e3e00000)
  to   space 1024K,   0% used [0x00000000e3c00000, 0x00000000e3c00000, 0x00000000e3d00000)
 concurrent mark-sweep generation total 84724K, used 47803K [0x00000000ecca0000, 0x00000000f1f5d000, 0x0000000100000000)
 Metaspace       used 63721K, capacity 66768K, committed 66944K, reserved 1107968K
  class space    used 8193K, capacity 8774K, committed 8832K, reserved 1048576K
2020-11-07T19:58:46.376+0800: 53.053: [GC (Allocation Failure) 2020-11-07T19:58:46.376+0800: 53.053: [ParNew: 8731K->603K(9216K), 0.0284719 secs] 56534K->48407K(93940K), 0.0285380 secs] [Times: user=0.02 sys=0.00, real=0.03 secs] 
Heap after GC invocations=692 (full 67):
 par new generation   total 9216K, used 603K [0x00000000e3400000, 0x00000000e3e00000, 0x00000000ecca0000)
  eden space 8192K,   0% used [0x00000000e3400000, 0x00000000e3400000, 0x00000000e3c00000)
  from space 1024K,  58% used [0x00000000e3c00000, 0x00000000e3c96ff0, 0x00000000e3d00000)
  to   space 1024K,   0% used [0x00000000e3d00000, 0x00000000e3d00000, 0x00000000e3e00000)
 concurrent mark-sweep generation total 84724K, used 47803K [0x00000000ecca0000, 0x00000000f1f5d000, 0x0000000100000000)
 Metaspace       used 63721K, capacity 66768K, committed 66944K, reserved 1107968K
  class space    used 8193K, capacity 8774K, committed 8832K, reserved 1048576K
}
2020-11-07T19:58:46.418+0800: 53.095: Application time: 0.0135911 seconds
{Heap before GC invocations=692 (full 67):
 par new generation   total 9216K, used 8795K [0x00000000e3400000, 0x00000000e3e00000, 0x00000000ecca0000)
  eden space 8192K, 100% used [0x00000000e3400000, 0x00000000e3c00000, 0x00000000e3c00000)
  from space 1024K,  58% used [0x00000000e3c00000, 0x00000000e3c96ff0, 0x00000000e3d00000)
  to   space 1024K,   0% used [0x00000000e3d00000, 0x00000000e3d00000, 0x00000000e3e00000)
 concurrent mark-sweep generation total 84724K, used 47803K [0x00000000ecca0000, 0x00000000f1f5d000, 0x0000000100000000)
 Metaspace       used 63721K, capacity 66768K, committed 66944K, reserved 1107968K
  class space    used 8193K, capacity 8774K, committed 8832K, reserved 1048576K
2020-11-07T19:58:46.419+0800: 53.095: [GC (Allocation Failure) 2020-11-07T19:58:46.419+0800: 53.095: [ParNew: 8795K->428K(9216K), 0.0289504 secs] 56599K->48371K(93940K), 0.0290044 secs] [Times: user=0.03 sys=0.00, real=0.03 secs] 
Heap after GC invocations=693 (full 67):
 par new generation   total 9216K, used 428K [0x00000000e3400000, 0x00000000e3e00000, 0x00000000ecca0000)
  eden space 8192K,   0% used [0x00000000e3400000, 0x00000000e3400000, 0x00000000e3c00000)
  from space 1024K,  41% used [0x00000000e3d00000, 0x00000000e3d6b0e0, 0x00000000e3e00000)
  to   space 1024K,   0% used [0x00000000e3c00000, 0x00000000e3c00000, 0x00000000e3d00000)
 concurrent mark-sweep generation total 84724K, used 47943K [0x00000000ecca0000, 0x00000000f1f5d000, 0x0000000100000000)
 Metaspace       used 63721K, capacity 66768K, committed 66944K, reserved 1107968K
  class space    used 8193K, capacity 8774K, committed 8832K, reserved 1048576K
}
2020-11-07T19:58:46.483+0800: 53.159: Application time: 0.0349896 seconds
{Heap before GC invocations=693 (full 67):
 par new generation   total 9216K, used 8620K [0x00000000e3400000, 0x00000000e3e00000, 0x00000000ecca0000)
  eden space 8192K, 100% used [0x00000000e3400000, 0x00000000e3c00000, 0x00000000e3c00000)
  from space 1024K,  41% used [0x00000000e3d00000, 0x00000000e3d6b0e0, 0x00000000e3e00000)
  to   space 1024K,   0% used [0x00000000e3c00000, 0x00000000e3c00000, 0x00000000e3d00000)
 concurrent mark-sweep generation total 84724K, used 47943K [0x00000000ecca0000, 0x00000000f1f5d000, 0x0000000100000000)
 Metaspace       used 63722K, capacity 66768K, committed 66944K, reserved 1107968K
  class space    used 8193K, capacity 8774K, committed 8832K, reserved 1048576K
2020-11-07T19:58:46.483+0800: 53.160: [GC (Allocation Failure) 2020-11-07T19:58:46.483+0800: 53.160: [ParNew: 8620K->448K(9216K), 0.0254230 secs] 56563K->48419K(93940K), 0.0254966 secs] [Times: user=0.03 sys=0.00, real=0.03 secs] 
Heap after GC invocations=694 (full 67):
 par new generation   total 9216K, used 448K [0x00000000e3400000, 0x00000000e3e00000, 0x00000000ecca0000)
  eden space 8192K,   0% used [0x00000000e3400000, 0x00000000e3400000, 0x00000000e3c00000)
  from space 1024K,  43% used [0x00000000e3c00000, 0x00000000e3c70058, 0x00000000e3d00000)
  to   space 1024K,   0% used [0x00000000e3d00000, 0x00000000e3d00000, 0x00000000e3e00000)
 concurrent mark-sweep generation total 84724K, used 47971K [0x00000000ecca0000, 0x00000000f1f5d000, 0x0000000100000000)
 Metaspace       used 63722K, capacity 66768K, committed 66944K, reserved 1107968K
  class space    used 8193K, capacity 8774K, committed 8832K, reserved 1048576K
}
2020-11-07T19:58:46.544+0800: 53.221: Application time: 0.0359999 seconds
{Heap before GC invocations=694 (full 67):
 par new generation   total 9216K, used 8640K [0x00000000e3400000, 0x00000000e3e00000, 0x00000000ecca0000)
  eden space 8192K, 100% used [0x00000000e3400000, 0x00000000e3c00000, 0x00000000e3c00000)
  from space 1024K,  43% used [0x00000000e3c00000, 0x00000000e3c70058, 0x00000000e3d00000)
  to   space 1024K,   0% used [0x00000000e3d00000, 0x00000000e3d00000, 0x00000000e3e00000)
 concurrent mark-sweep generation total 84724K, used 47971K [0x00000000ecca0000, 0x00000000f1f5d000, 0x0000000100000000)
 Metaspace       used 63741K, capacity 66768K, committed 66944K, reserved 1107968K
  class space    used 8193K, capacity 8774K, committed 8832K, reserved 1048576K
2020-11-07T19:58:46.545+0800: 53.221: [GC (Allocation Failure) 2020-11-07T19:58:46.545+0800: 53.221: [ParNew: 8640K->428K(9216K), 0.0254264 secs] 56611K->48443K(93940K), 0.0254906 secs] [Times: user=0.03 sys=0.00, real=0.02 secs] 
Heap after GC invocations=695 (full 67):
 par new generation   total 9216K, used 428K [0x00000000e3400000, 0x00000000e3e00000, 0x00000000ecca0000)
  eden space 8192K,   0% used [0x00000000e3400000, 0x00000000e3400000, 0x00000000e3c00000)
  from space 1024K,  41% used [0x00000000e3d00000, 0x00000000e3d6b328, 0x00000000e3e00000)
  to   space 1024K,   0% used [0x00000000e3c00000, 0x00000000e3c00000, 0x00000000e3d00000)
 concurrent mark-sweep generation total 84724K, used 48014K [0x00000000ecca0000, 0x00000000f1f5d000, 0x0000000100000000)
 Metaspace       used 63741K, capacity 66768K, committed 66944K, reserved 1107968K
  class space    used 8193K, capacity 8774K, committed 8832K, reserved 1048576K
}
2020-11-07T19:58:46.602+0800: 53.278: Application time: 0.0315048 seconds
{Heap before GC invocations=695 (full 67):
 par new generation   total 9216K, used 8620K [0x00000000e3400000, 0x00000000e3e00000, 0x00000000ecca0000)
  eden space 8192K, 100% used [0x00000000e3400000, 0x00000000e3c00000, 0x00000000e3c00000)
  from space 1024K,  41% used [0x00000000e3d00000, 0x00000000e3d6b328, 0x00000000e3e00000)
  to   space 1024K,   0% used [0x00000000e3c00000, 0x00000000e3c00000, 0x00000000e3d00000)
 concurrent mark-sweep generation total 84724K, used 48014K [0x00000000ecca0000, 0x00000000f1f5d000, 0x0000000100000000)
 Metaspace       used 63741K, capacity 66768K, committed 66944K, reserved 1107968K
  class space    used 8193K, capacity 8774K, committed 8832K, reserved 1048576K
2020-11-07T19:58:46.602+0800: 53.279: [GC (Allocation Failure) 2020-11-07T19:58:46.602+0800: 53.279: [ParNew: 8620K->422K(9216K), 0.0317620 secs] 56635K->48478K(93940K), 0.0318188 secs] [Times: user=0.03 sys=0.01, real=0.03 secs] 
Heap after GC invocations=696 (full 67):
 par new generation   total 9216K, used 422K [0x00000000e3400000, 0x00000000e3e00000, 0x00000000ecca0000)
  eden space 8192K,   0% used [0x00000000e3400000, 0x00000000e3400000, 0x00000000e3c00000)
  from space 1024K,  41% used [0x00000000e3c00000, 0x00000000e3c69870, 0x00000000e3d00000)
  to   space 1024K,   0% used [0x00000000e3d00000, 0x00000000e3d00000, 0x00000000e3e00000)
 concurrent mark-sweep generation total 84724K, used 48056K [0x00000000ecca0000, 0x00000000f1f5d000, 0x0000000100000000)
 Metaspace       used 63741K, capacity 66768K, committed 66944K, reserved 1107968K
  class space    used 8193K, capacity 8774K, committed 8832K, reserved 1048576K
}
2020-11-07T19:58:46.680+0800: 53.357: Application time: 0.0463012 seconds
{Heap before GC invocations=696 (full 67):
 par new generation   total 9216K, used 8614K [0x00000000e3400000, 0x00000000e3e00000, 0x00000000ecca0000)
  eden space 8192K, 100% used [0x00000000e3400000, 0x00000000e3c00000, 0x00000000e3c00000)
  from space 1024K,  41% used [0x00000000e3c00000, 0x00000000e3c69870, 0x00000000e3d00000)
  to   space 1024K,   0% used [0x00000000e3d00000, 0x00000000e3d00000, 0x00000000e3e00000)
 concurrent mark-sweep generation total 84724K, used 48056K [0x00000000ecca0000, 0x00000000f1f5d000, 0x0000000100000000)
 Metaspace       used 63815K, capacity 66832K, committed 66944K, reserved 1107968K
  class space    used 8198K, capacity 8774K, committed 8832K, reserved 1048576K
2020-11-07T19:58:46.680+0800: 53.357: [GC (Allocation Failure) 2020-11-07T19:58:46.680+0800: 53.357: [ParNew: 8614K->510K(9216K), 0.0285601 secs] 56670K->48585K(93940K), 0.0286232 secs] [Times: user=0.03 sys=0.00, real=0.03 secs] 
Heap after GC invocations=697 (full 67):
 par new generation   total 9216K, used 510K [0x00000000e3400000, 0x00000000e3e00000, 0x00000000ecca0000)
  eden space 8192K,   0% used [0x00000000e3400000, 0x00000000e3400000, 0x00000000e3c00000)
  from space 1024K,  49% used [0x00000000e3d00000, 0x00000000e3d7f8f0, 0x00000000e3e00000)
  to   space 1024K,   0% used [0x00000000e3c00000, 0x00000000e3c00000, 0x00000000e3d00000)
 concurrent mark-sweep generation total 84724K, used 48074K [0x00000000ecca0000, 0x00000000f1f5d000, 0x0000000100000000)
 Metaspace       used 63815K, capacity 66832K, committed 66944K, reserved 1107968K
  class space    used 8198K, capacity 8774K, committed 8832K, reserved 1048576K
}
2020-11-07T19:58:46.745+0800: 53.421: Application time: 0.0356692 seconds
{Heap before GC invocations=697 (full 67):
 par new generation   total 9216K, used 8702K [0x00000000e3400000, 0x00000000e3e00000, 0x00000000ecca0000)
  eden space 8192K, 100% used [0x00000000e3400000, 0x00000000e3c00000, 0x00000000e3c00000)
  from space 1024K,  49% used [0x00000000e3d00000, 0x00000000e3d7f8f0, 0x00000000e3e00000)
  to   space 1024K,   0% used [0x00000000e3c00000, 0x00000000e3c00000, 0x00000000e3d00000)
 concurrent mark-sweep generation total 84724K, used 48074K [0x00000000ecca0000, 0x00000000f1f5d000, 0x0000000100000000)
 Metaspace       used 63823K, capacity 66832K, committed 66944K, reserved 1107968K
  class space    used 8198K, capacity 8774K, committed 8832K, reserved 1048576K
2020-11-07T19:58:46.745+0800: 53.422: [GC (Allocation Failure) 2020-11-07T19:58:46.745+0800: 53.422: [ParNew: 8702K->415K(9216K), 0.0234272 secs] 56777K->48529K(93940K), 0.0234817 secs] [Times: user=0.03 sys=0.00, real=0.02 secs] 
Heap after GC invocations=698 (full 67):
 par new generation   total 9216K, used 415K [0x00000000e3400000, 0x00000000e3e00000, 0x00000000ecca0000)
  eden space 8192K,   0% used [0x00000000e3400000, 0x00000000e3400000, 0x00000000e3c00000)
  from space 1024K,  40% used [0x00000000e3c00000, 0x00000000e3c67f20, 0x00000000e3d00000)
  to   space 1024K,   0% used [0x00000000e3d00000, 0x00000000e3d00000, 0x00000000e3e00000)
 concurrent mark-sweep generation total 84724K, used 48113K [0x00000000ecca0000, 0x00000000f1f5d000, 0x0000000100000000)
 Metaspace       used 63823K, capacity 66832K, committed 66944K, reserved 1107968K
  class space    used 8198K, capacity 8774K, committed 8832K, reserved 1048576K
}
2020-11-07T19:58:46.831+0800: 53.508: Application time: 0.0630749 seconds
{Heap before GC invocations=698 (full 67):
 par new generation   total 9216K, used 8607K [0x00000000e3400000, 0x00000000e3e00000, 0x00000000ecca0000)
  eden space 8192K, 100% used [0x00000000e3400000, 0x00000000e3c00000, 0x00000000e3c00000)
  from space 1024K,  40% used [0x00000000e3c00000, 0x00000000e3c67f20, 0x00000000e3d00000)
  to   space 1024K,   0% used [0x00000000e3d00000, 0x00000000e3d00000, 0x00000000e3e00000)
 concurrent mark-sweep generation total 84724K, used 48113K [0x00000000ecca0000, 0x00000000f1f5d000, 0x0000000100000000)
 Metaspace       used 63857K, capacity 66832K, committed 66944K, reserved 1107968K
  class space    used 8200K, capacity 8774K, committed 8832K, reserved 1048576K
2020-11-07T19:58:46.832+0800: 53.508: [GC (Allocation Failure) 2020-11-07T19:58:46.832+0800: 53.508: [ParNew: 8607K->598K(9216K), 0.0195262 secs] 56721K->48750K(93940K), 0.0195968 secs] [Times: user=0.02 sys=0.00, real=0.02 secs] 
Heap after GC invocations=699 (full 67):
 par new generation   total 9216K, used 598K [0x00000000e3400000, 0x00000000e3e00000, 0x00000000ecca0000)
  eden space 8192K,   0% used [0x00000000e3400000, 0x00000000e3400000, 0x00000000e3c00000)
  from space 1024K,  58% used [0x00000000e3d00000, 0x00000000e3d95990, 0x00000000e3e00000)
  to   space 1024K,   0% used [0x00000000e3c00000, 0x00000000e3c00000, 0x00000000e3d00000)
 concurrent mark-sweep generation total 84724K, used 48151K [0x00000000ecca0000, 0x00000000f1f5d000, 0x0000000100000000)
 Metaspace       used 63857K, capacity 66832K, committed 66944K, reserved 1107968K
  class space    used 8200K, capacity 8774K, committed 8832K, reserved 1048576K
}
2020-11-07T19:58:46.934+0800: 53.610: Application time: 0.0823106 seconds
{Heap before GC invocations=699 (full 67):
 par new generation   total 9216K, used 8790K [0x00000000e3400000, 0x00000000e3e00000, 0x00000000ecca0000)
  eden space 8192K, 100% used [0x00000000e3400000, 0x00000000e3c00000, 0x00000000e3c00000)
  from space 1024K,  58% used [0x00000000e3d00000, 0x00000000e3d95990, 0x00000000e3e00000)
  to   space 1024K,   0% used [0x00000000e3c00000, 0x00000000e3c00000, 0x00000000e3d00000)
 concurrent mark-sweep generation total 84724K, used 48151K [0x00000000ecca0000, 0x00000000f1f5d000, 0x0000000100000000)
 Metaspace       used 63900K, capacity 66902K, committed 67200K, reserved 1107968K
  class space    used 8206K, capacity 8775K, committed 8832K, reserved 1048576K
2020-11-07T19:58:46.934+0800: 53.611: [GC (Allocation Failure) 2020-11-07T19:58:46.934+0800: 53.611: [ParNew: 8790K->572K(9216K), 0.0306976 secs] 56942K->48765K(93940K), 0.0307538 secs] [Times: user=0.03 sys=0.00, real=0.04 secs] 
Heap after GC invocations=700 (full 67):
 par new generation   total 9216K, used 572K [0x00000000e3400000, 0x00000000e3e00000, 0x00000000ecca0000)
  eden space 8192K,   0% used [0x00000000e3400000, 0x00000000e3400000, 0x00000000e3c00000)
  from space 1024K,  55% used [0x00000000e3c00000, 0x00000000e3c8f038, 0x00000000e3d00000)
  to   space 1024K,   0% used [0x00000000e3d00000, 0x00000000e3d00000, 0x00000000e3e00000)
 concurrent mark-sweep generation total 84724K, used 48192K [0x00000000ecca0000, 0x00000000f1f5d000, 0x0000000100000000)
 Metaspace       used 63900K, capacity 66902K, committed 67200K, reserved 1107968K
  class space    used 8206K, capacity 8775K, committed 8832K, reserved 1048576K
}
2020-11-07T19:58:46.966+0800: 53.643: Application time: 0.0017613 seconds
2020-11-07T19:58:47.002+0800: 53.679: Application time: 0.0343274 seconds
{Heap before GC invocations=700 (full 67):
 par new generation   total 9216K, used 8764K [0x00000000e3400000, 0x00000000e3e00000, 0x00000000ecca0000)
  eden space 8192K, 100% used [0x00000000e3400000, 0x00000000e3c00000, 0x00000000e3c00000)
  from space 1024K,  55% used [0x00000000e3c00000, 0x00000000e3c8f038, 0x00000000e3d00000)
  to   space 1024K,   0% used [0x00000000e3d00000, 0x00000000e3d00000, 0x00000000e3e00000)
 concurrent mark-sweep generation total 84724K, used 48192K [0x00000000ecca0000, 0x00000000f1f5d000, 0x0000000100000000)
 Metaspace       used 63907K, capacity 66902K, committed 67200K, reserved 1107968K
  class space    used 8207K, capacity 8775K, committed 8832K, reserved 1048576K
2020-11-07T19:58:47.002+0800: 53.679: [GC (Allocation Failure) 2020-11-07T19:58:47.002+0800: 53.679: [ParNew: 8764K->790K(9216K), 0.0228359 secs] 56957K->49011K(93940K), 0.0228996 secs] [Times: user=0.03 sys=0.00, real=0.03 secs] 
Heap after GC invocations=701 (full 67):
 par new generation   total 9216K, used 790K [0x00000000e3400000, 0x00000000e3e00000, 0x00000000ecca0000)
  eden space 8192K,   0% used [0x00000000e3400000, 0x00000000e3400000, 0x00000000e3c00000)
  from space 1024K,  77% used [0x00000000e3d00000, 0x00000000e3dc5ab0, 0x00000000e3e00000)
  to   space 1024K,   0% used [0x00000000e3c00000, 0x00000000e3c00000, 0x00000000e3d00000)
 concurrent mark-sweep generation total 84724K, used 48221K [0x00000000ecca0000, 0x00000000f1f5d000, 0x0000000100000000)
 Metaspace       used 63907K, capacity 66902K, committed 67200K, reserved 1107968K
  class space    used 8207K, capacity 8775K, committed 8832K, reserved 1048576K
}
2020-11-07T19:58:47.091+0800: 53.768: Application time: 0.0659481 seconds
{Heap before GC invocations=701 (full 67):
 par new generation   total 9216K, used 8982K [0x00000000e3400000, 0x00000000e3e00000, 0x00000000ecca0000)
  eden space 8192K, 100% used [0x00000000e3400000, 0x00000000e3c00000, 0x00000000e3c00000)
  from space 1024K,  77% used [0x00000000e3d00000, 0x00000000e3dc5ab0, 0x00000000e3e00000)
  to   space 1024K,   0% used [0x00000000e3c00000, 0x00000000e3c00000, 0x00000000e3d00000)
 concurrent mark-sweep generation total 84724K, used 48221K [0x00000000ecca0000, 0x00000000f1f5d000, 0x0000000100000000)
 Metaspace       used 63961K, capacity 66902K, committed 67200K, reserved 1107968K
  class space    used 8216K, capacity 8775K, committed 8832K, reserved 1048576K
2020-11-07T19:58:47.091+0800: 53.768: [GC (Allocation Failure) 2020-11-07T19:58:47.091+0800: 53.768: [ParNew: 8982K->1023K(9216K), 0.0250640 secs] 57203K->49377K(93940K), 0.0251253 secs] [Times: user=0.03 sys=0.00, real=0.03 secs] 
Heap after GC invocations=702 (full 67):
 par new generation   total 9216K, used 1023K [0x00000000e3400000, 0x00000000e3e00000, 0x00000000ecca0000)
  eden space 8192K,   0% used [0x00000000e3400000, 0x00000000e3400000, 0x00000000e3c00000)
  from space 1024K,  99% used [0x00000000e3c00000, 0x00000000e3cffe00, 0x00000000e3d00000)
  to   space 1024K,   0% used [0x00000000e3d00000, 0x00000000e3d00000, 0x00000000e3e00000)
 concurrent mark-sweep generation total 84724K, used 48353K [0x00000000ecca0000, 0x00000000f1f5d000, 0x0000000100000000)
 Metaspace       used 63961K, capacity 66902K, committed 67200K, reserved 1107968K
  class space    used 8216K, capacity 8775K, committed 8832K, reserved 1048576K
}
2020-11-07T19:58:47.177+0800: 53.854: Application time: 0.0604495 seconds
{Heap before GC invocations=702 (full 67):
 par new generation   total 9216K, used 9215K [0x00000000e3400000, 0x00000000e3e00000, 0x00000000ecca0000)
  eden space 8192K, 100% used [0x00000000e3400000, 0x00000000e3c00000, 0x00000000e3c00000)
  from space 1024K,  99% used [0x00000000e3c00000, 0x00000000e3cffe00, 0x00000000e3d00000)
  to   space 1024K,   0% used [0x00000000e3d00000, 0x00000000e3d00000, 0x00000000e3e00000)
 concurrent mark-sweep generation total 84724K, used 48353K [0x00000000ecca0000, 0x00000000f1f5d000, 0x0000000100000000)
 Metaspace       used 63967K, capacity 66966K, committed 67200K, reserved 1107968K
  class space    used 8216K, capacity 8775K, committed 8832K, reserved 1048576K
2020-11-07T19:58:47.177+0800: 53.854: [GC (Allocation Failure) 2020-11-07T19:58:47.177+0800: 53.854: [ParNew: 9215K->858K(9216K), 0.0270450 secs] 57569K->49592K(93940K), 0.0271241 secs] [Times: user=0.03 sys=0.00, real=0.02 secs] 
Heap after GC invocations=703 (full 67):
 par new generation   total 9216K, used 858K [0x00000000e3400000, 0x00000000e3e00000, 0x00000000ecca0000)
  eden space 8192K,   0% used [0x00000000e3400000, 0x00000000e3400000, 0x00000000e3c00000)
  from space 1024K,  83% used [0x00000000e3d00000, 0x00000000e3dd69e8, 0x00000000e3e00000)
  to   space 1024K,   0% used [0x00000000e3c00000, 0x00000000e3c00000, 0x00000000e3d00000)
 concurrent mark-sweep generation total 84724K, used 48734K [0x00000000ecca0000, 0x00000000f1f5d000, 0x0000000100000000)
 Metaspace       used 63967K, capacity 66966K, committed 67200K, reserved 1107968K
  class space    used 8216K, capacity 8775K, committed 8832K, reserved 1048576K
}
2020-11-07T19:58:47.254+0800: 53.931: Application time: 0.0501932 seconds
{Heap before GC invocations=703 (full 67):
 par new generation   total 9216K, used 9050K [0x00000000e3400000, 0x00000000e3e00000, 0x00000000ecca0000)
  eden space 8192K, 100% used [0x00000000e3400000, 0x00000000e3c00000, 0x00000000e3c00000)
  from space 1024K,  83% used [0x00000000e3d00000, 0x00000000e3dd69e8, 0x00000000e3e00000)
  to   space 1024K,   0% used [0x00000000e3c00000, 0x00000000e3c00000, 0x00000000e3d00000)
 concurrent mark-sweep generation total 84724K, used 48734K [0x00000000ecca0000, 0x00000000f1f5d000, 0x0000000100000000)
 Metaspace       used 63983K, capacity 66970K, committed 67200K, reserved 1107968K
  class space    used 8217K, capacity 8775K, committed 8832K, reserved 1048576K
2020-11-07T19:58:47.255+0800: 53.931: [GC (Allocation Failure) 2020-11-07T19:58:47.255+0800: 53.931: [ParNew: 9050K->907K(9216K), 0.0196253 secs] 57784K->49895K(93940K), 0.0196877 secs] [Times: user=0.02 sys=0.00, real=0.01 secs] 
Heap after GC invocations=704 (full 67):
 par new generation   total 9216K, used 907K [0x00000000e3400000, 0x00000000e3e00000, 0x00000000ecca0000)
  eden space 8192K,   0% used [0x00000000e3400000, 0x00000000e3400000, 0x00000000e3c00000)
  from space 1024K,  88% used [0x00000000e3c00000, 0x00000000e3ce2c80, 0x00000000e3d00000)
  to   space 1024K,   0% used [0x00000000e3d00000, 0x00000000e3d00000, 0x00000000e3e00000)
 concurrent mark-sweep generation total 84724K, used 48988K [0x00000000ecca0000, 0x00000000f1f5d000, 0x0000000100000000)
 Metaspace       used 63983K, capacity 66970K, committed 67200K, reserved 1107968K
  class space    used 8217K, capacity 8775K, committed 8832K, reserved 1048576K
}
2020-11-07T19:58:47.308+0800: 53.985: Application time: 0.0336176 seconds
{Heap before GC invocations=704 (full 67):
 par new generation   total 9216K, used 9099K [0x00000000e3400000, 0x00000000e3e00000, 0x00000000ecca0000)
  eden space 8192K, 100% used [0x00000000e3400000, 0x00000000e3c00000, 0x00000000e3c00000)
  from space 1024K,  88% used [0x00000000e3c00000, 0x00000000e3ce2c80, 0x00000000e3d00000)
  to   space 1024K,   0% used [0x00000000e3d00000, 0x00000000e3d00000, 0x00000000e3e00000)
 concurrent mark-sweep generation total 84724K, used 48988K [0x00000000ecca0000, 0x00000000f1f5d000, 0x0000000100000000)
 Metaspace       used 63988K, capacity 66970K, committed 67200K, reserved 1107968K
  class space    used 8218K, capacity 8775K, committed 8832K, reserved 1048576K
2020-11-07T19:58:47.308+0800: 53.985: [GC (Allocation Failure) 2020-11-07T19:58:47.308+0800: 53.985: [ParNew: 9099K->543K(9216K), 0.0310144 secs] 58087K->49531K(93940K), 0.0310713 secs] [Times: user=0.02 sys=0.00, real=0.03 secs] 
Heap after GC invocations=705 (full 67):
 par new generation   total 9216K, used 543K [0x00000000e3400000, 0x00000000e3e00000, 0x00000000ecca0000)
  eden space 8192K,   0% used [0x00000000e3400000, 0x00000000e3400000, 0x00000000e3c00000)
  from space 1024K,  53% used [0x00000000e3d00000, 0x00000000e3d87d38, 0x00000000e3e00000)
  to   space 1024K,   0% used [0x00000000e3c00000, 0x00000000e3c00000, 0x00000000e3d00000)
 concurrent mark-sweep generation total 84724K, used 48988K [0x00000000ecca0000, 0x00000000f1f5d000, 0x0000000100000000)
 Metaspace       used 63988K, capacity 66970K, committed 67200K, reserved 1107968K
  class space    used 8218K, capacity 8775K, committed 8832K, reserved 1048576K
}
2020-11-07T19:58:47.362+0800: 54.039: Application time: 0.0227152 seconds
{Heap before GC invocations=705 (full 67):
 par new generation   total 9216K, used 8735K [0x00000000e3400000, 0x00000000e3e00000, 0x00000000ecca0000)
  eden space 8192K, 100% used [0x00000000e3400000, 0x00000000e3c00000, 0x00000000e3c00000)
  from space 1024K,  53% used [0x00000000e3d00000, 0x00000000e3d87d38, 0x00000000e3e00000)
  to   space 1024K,   0% used [0x00000000e3c00000, 0x00000000e3c00000, 0x00000000e3d00000)
 concurrent mark-sweep generation total 84724K, used 48988K [0x00000000ecca0000, 0x00000000f1f5d000, 0x0000000100000000)
 Metaspace       used 63988K, capacity 66970K, committed 67200K, reserved 1107968K
  class space    used 8218K, capacity 8775K, committed 8832K, reserved 1048576K
2020-11-07T19:58:47.362+0800: 54.039: [GC (Allocation Failure) 2020-11-07T19:58:47.362+0800: 54.039: [ParNew: 8735K->612K(9216K), 0.0215040 secs] 57723K->49600K(93940K), 0.0215755 secs] [Times: user=0.02 sys=0.00, real=0.02 secs] 
Heap after GC invocations=706 (full 67):
 par new generation   total 9216K, used 612K [0x00000000e3400000, 0x00000000e3e00000, 0x00000000ecca0000)
  eden space 8192K,   0% used [0x00000000e3400000, 0x00000000e3400000, 0x00000000e3c00000)
  from space 1024K,  59% used [0x00000000e3c00000, 0x00000000e3c99240, 0x00000000e3d00000)
  to   space 1024K,   0% used [0x00000000e3d00000, 0x00000000e3d00000, 0x00000000e3e00000)
 concurrent mark-sweep generation total 84724K, used 48988K [0x00000000ecca0000, 0x00000000f1f5d000, 0x0000000100000000)
 Metaspace       used 63988K, capacity 66970K, committed 67200K, reserved 1107968K
  class space    used 8218K, capacity 8775K, committed 8832K, reserved 1048576K
}
2020-11-07T19:58:47.430+0800: 54.107: Application time: 0.0464723 seconds
{Heap before GC invocations=706 (full 67):
 par new generation   total 9216K, used 8804K [0x00000000e3400000, 0x00000000e3e00000, 0x00000000ecca0000)
  eden space 8192K, 100% used [0x00000000e3400000, 0x00000000e3c00000, 0x00000000e3c00000)
  from space 1024K,  59% used [0x00000000e3c00000, 0x00000000e3c99240, 0x00000000e3d00000)
  to   space 1024K,   0% used [0x00000000e3d00000, 0x00000000e3d00000, 0x00000000e3e00000)
 concurrent mark-sweep generation total 84724K, used 48988K [0x00000000ecca0000, 0x00000000f1f5d000, 0x0000000100000000)
 Metaspace       used 64007K, capacity 67002K, committed 67200K, reserved 1107968K
  class space    used 8220K, capacity 8807K, committed 8832K, reserved 1048576K
2020-11-07T19:58:47.431+0800: 54.107: [GC (Allocation Failure) 2020-11-07T19:58:47.431+0800: 54.107: [ParNew: 8804K->694K(9216K), 0.2062290 secs] 57792K->49683K(93940K), 0.2062962 secs] [Times: user=0.20 sys=0.01, real=0.21 secs] 
Heap after GC invocations=707 (full 67):
 par new generation   total 9216K, used 694K [0x00000000e3400000, 0x00000000e3e00000, 0x00000000ecca0000)
  eden space 8192K,   0% used [0x00000000e3400000, 0x00000000e3400000, 0x00000000e3c00000)
  from space 1024K,  67% used [0x00000000e3d00000, 0x00000000e3dadb50, 0x00000000e3e00000)
  to   space 1024K,   0% used [0x00000000e3c00000, 0x00000000e3c00000, 0x00000000e3d00000)
 concurrent mark-sweep generation total 84724K, used 48988K [0x00000000ecca0000, 0x00000000f1f5d000, 0x0000000100000000)
 Metaspace       used 64007K, capacity 67002K, committed 67200K, reserved 1107968K
  class space    used 8220K, capacity 8807K, committed 8832K, reserved 1048576K
}
2020-11-07T19:58:47.666+0800: 54.343: Application time: 0.0291307 seconds
{Heap before GC invocations=707 (full 67):
 par new generation   total 9216K, used 8886K [0x00000000e3400000, 0x00000000e3e00000, 0x00000000ecca0000)
  eden space 8192K, 100% used [0x00000000e3400000, 0x00000000e3c00000, 0x00000000e3c00000)
  from space 1024K,  67% used [0x00000000e3d00000, 0x00000000e3dadb50, 0x00000000e3e00000)
  to   space 1024K,   0% used [0x00000000e3c00000, 0x00000000e3c00000, 0x00000000e3d00000)
 concurrent mark-sweep generation total 84724K, used 48988K [0x00000000ecca0000, 0x00000000f1f5d000, 0x0000000100000000)
 Metaspace       used 64017K, capacity 67002K, committed 67200K, reserved 1107968K
  class space    used 8221K, capacity 8807K, committed 8832K, reserved 1048576K
2020-11-07T19:58:47.666+0800: 54.343: [GC (Allocation Failure) 2020-11-07T19:58:47.666+0800: 54.343: [ParNew: 8886K->573K(9216K), 0.0304703 secs] 57875K->49785K(93940K), 0.0305333 secs] [Times: user=0.03 sys=0.00, real=0.03 secs] 
Heap after GC invocations=708 (full 67):
 par new generation   total 9216K, used 573K [0x00000000e3400000, 0x00000000e3e00000, 0x00000000ecca0000)
  eden space 8192K,   0% used [0x00000000e3400000, 0x00000000e3400000, 0x00000000e3c00000)
  from space 1024K,  55% used [0x00000000e3c00000, 0x00000000e3c8f440, 0x00000000e3d00000)
  to   space 1024K,   0% used [0x00000000e3d00000, 0x00000000e3d00000, 0x00000000e3e00000)
 concurrent mark-sweep generation total 84724K, used 49212K [0x00000000ecca0000, 0x00000000f1f5d000, 0x0000000100000000)
 Metaspace       used 64017K, capacity 67002K, committed 67200K, reserved 1107968K
  class space    used 8221K, capacity 8807K, committed 8832K, reserved 1048576K
}
2020-11-07T19:58:47.742+0800: 54.419: Application time: 0.0454106 seconds
{Heap before GC invocations=708 (full 67):
 par new generation   total 9216K, used 8765K [0x00000000e3400000, 0x00000000e3e00000, 0x00000000ecca0000)
  eden space 8192K, 100% used [0x00000000e3400000, 0x00000000e3c00000, 0x00000000e3c00000)
  from space 1024K,  55% used [0x00000000e3c00000, 0x00000000e3c8f440, 0x00000000e3d00000)
  to   space 1024K,   0% used [0x00000000e3d00000, 0x00000000e3d00000, 0x00000000e3e00000)
 concurrent mark-sweep generation total 84724K, used 49212K [0x00000000ecca0000, 0x00000000f1f5d000, 0x0000000100000000)
 Metaspace       used 64030K, capacity 67002K, committed 67200K, reserved 1107968K
  class space    used 8223K, capacity 8807K, committed 8832K, reserved 1048576K
2020-11-07T19:58:47.742+0800: 54.419: [GC (Allocation Failure) 2020-11-07T19:58:47.743+0800: 54.419: [ParNew: 8765K->476K(9216K), 0.0422283 secs] 57977K->49689K(93940K), 0.0422887 secs] [Times: user=0.04 sys=0.00, real=0.05 secs] 
Heap after GC invocations=709 (full 67):
 par new generation   total 9216K, used 476K [0x00000000e3400000, 0x00000000e3e00000, 0x00000000ecca0000)
  eden space 8192K,   0% used [0x00000000e3400000, 0x00000000e3400000, 0x00000000e3c00000)
  from space 1024K,  46% used [0x00000000e3d00000, 0x00000000e3d77308, 0x00000000e3e00000)
  to   space 1024K,   0% used [0x00000000e3c00000, 0x00000000e3c00000, 0x00000000e3d00000)
 concurrent mark-sweep generation total 84724K, used 49212K [0x00000000ecca0000, 0x00000000f1f5d000, 0x0000000100000000)
 Metaspace       used 64030K, capacity 67002K, committed 67200K, reserved 1107968K
  class space    used 8223K, capacity 8807K, committed 8832K, reserved 1048576K
}
2020-11-07T19:58:47.808+0800: 54.485: Application time: 0.0232875 seconds
{Heap before GC invocations=709 (full 67):
 par new generation   total 9216K, used 8668K [0x00000000e3400000, 0x00000000e3e00000, 0x00000000ecca0000)
  eden space 8192K, 100% used [0x00000000e3400000, 0x00000000e3c00000, 0x00000000e3c00000)
  from space 1024K,  46% used [0x00000000e3d00000, 0x00000000e3d77308, 0x00000000e3e00000)
  to   space 1024K,   0% used [0x00000000e3c00000, 0x00000000e3c00000, 0x00000000e3d00000)
 concurrent mark-sweep generation total 84724K, used 49212K [0x00000000ecca0000, 0x00000000f1f5d000, 0x0000000100000000)
 Metaspace       used 64033K, capacity 67002K, committed 67200K, reserved 1107968K
  class space    used 8224K, capacity 8807K, committed 8832K, reserved 1048576K
2020-11-07T19:58:47.808+0800: 54.485: [GC (Allocation Failure) 2020-11-07T19:58:47.808+0800: 54.485: [ParNew: 8668K->594K(9216K), 0.0164926 secs] 57881K->49807K(93940K), 0.0165498 secs] [Times: user=0.02 sys=0.00, real=0.02 secs] 
Heap after GC invocations=710 (full 67):
 par new generation   total 9216K, used 594K [0x00000000e3400000, 0x00000000e3e00000, 0x00000000ecca0000)
  eden space 8192K,   0% used [0x00000000e3400000, 0x00000000e3400000, 0x00000000e3c00000)
  from space 1024K,  58% used [0x00000000e3c00000, 0x00000000e3c94bd8, 0x00000000e3d00000)
  to   space 1024K,   0% used [0x00000000e3d00000, 0x00000000e3d00000, 0x00000000e3e00000)
 concurrent mark-sweep generation total 84724K, used 49212K [0x00000000ecca0000, 0x00000000f1f5d000, 0x0000000100000000)
 Metaspace       used 64033K, capacity 67002K, committed 67200K, reserved 1107968K
  class space    used 8224K, capacity 8807K, committed 8832K, reserved 1048576K
}
2020-11-07T19:58:47.852+0800: 54.529: Application time: 0.0275665 seconds
{Heap before GC invocations=710 (full 67):
 par new generation   total 9216K, used 8786K [0x00000000e3400000, 0x00000000e3e00000, 0x00000000ecca0000)
  eden space 8192K, 100% used [0x00000000e3400000, 0x00000000e3c00000, 0x00000000e3c00000)
  from space 1024K,  58% used [0x00000000e3c00000, 0x00000000e3c94bd8, 0x00000000e3d00000)
  to   space 1024K,   0% used [0x00000000e3d00000, 0x00000000e3d00000, 0x00000000e3e00000)
 concurrent mark-sweep generation total 84724K, used 49212K [0x00000000ecca0000, 0x00000000f1f5d000, 0x0000000100000000)
 Metaspace       used 64033K, capacity 67002K, committed 67200K, reserved 1107968K
  class space    used 8224K, capacity 8807K, committed 8832K, reserved 1048576K
2020-11-07T19:58:47.853+0800: 54.529: [GC (Allocation Failure) 2020-11-07T19:58:47.853+0800: 54.529: [ParNew: 8786K->521K(9216K), 0.0239935 secs] 57999K->49734K(93940K), 0.0240510 secs] [Times: user=0.02 sys=0.00, real=0.03 secs] 
Heap after GC invocations=711 (full 67):
 par new generation   total 9216K, used 521K [0x00000000e3400000, 0x00000000e3e00000, 0x00000000ecca0000)
  eden space 8192K,   0% used [0x00000000e3400000, 0x00000000e3400000, 0x00000000e3c00000)
  from space 1024K,  50% used [0x00000000e3d00000, 0x00000000e3d827d0, 0x00000000e3e00000)
  to   space 1024K,   0% used [0x00000000e3c00000, 0x00000000e3c00000, 0x00000000e3d00000)
 concurrent mark-sweep generation total 84724K, used 49212K [0x00000000ecca0000, 0x00000000f1f5d000, 0x0000000100000000)
 Metaspace       used 64033K, capacity 67002K, committed 67200K, reserved 1107968K
  class space    used 8224K, capacity 8807K, committed 8832K, reserved 1048576K
}
2020-11-07T19:58:47.901+0800: 54.578: Application time: 0.0246610 seconds
{Heap before GC invocations=711 (full 67):
 par new generation   total 9216K, used 8713K [0x00000000e3400000, 0x00000000e3e00000, 0x00000000ecca0000)
  eden space 8192K, 100% used [0x00000000e3400000, 0x00000000e3c00000, 0x00000000e3c00000)
  from space 1024K,  50% used [0x00000000e3d00000, 0x00000000e3d827d0, 0x00000000e3e00000)
  to   space 1024K,   0% used [0x00000000e3c00000, 0x00000000e3c00000, 0x00000000e3d00000)
 concurrent mark-sweep generation total 84724K, used 49212K [0x00000000ecca0000, 0x00000000f1f5d000, 0x0000000100000000)
 Metaspace       used 64044K, capacity 67002K, committed 67200K, reserved 1107968K
  class space    used 8225K, capacity 8807K, committed 8832K, reserved 1048576K
2020-11-07T19:58:47.902+0800: 54.578: [GC (Allocation Failure) 2020-11-07T19:58:47.902+0800: 54.578: [ParNew: 8713K->668K(9216K), 0.0203383 secs] 57926K->49881K(93940K), 0.0204221 secs] [Times: user=0.02 sys=0.00, real=0.02 secs] 
Heap after GC invocations=712 (full 67):
 par new generation   total 9216K, used 668K [0x00000000e3400000, 0x00000000e3e00000, 0x00000000ecca0000)
  eden space 8192K,   0% used [0x00000000e3400000, 0x00000000e3400000, 0x00000000e3c00000)
  from space 1024K,  65% used [0x00000000e3c00000, 0x00000000e3ca72b0, 0x00000000e3d00000)
  to   space 1024K,   0% used [0x00000000e3d00000, 0x00000000e3d00000, 0x00000000e3e00000)
 concurrent mark-sweep generation total 84724K, used 49212K [0x00000000ecca0000, 0x00000000f1f5d000, 0x0000000100000000)
 Metaspace       used 64044K, capacity 67002K, committed 67200K, reserved 1107968K
  class space    used 8225K, capacity 8807K, committed 8832K, reserved 1048576K
}
2020-11-07T19:58:47.963+0800: 54.640: Application time: 0.0406281 seconds
{Heap before GC invocations=712 (full 67):
 par new generation   total 9216K, used 8860K [0x00000000e3400000, 0x00000000e3e00000, 0x00000000ecca0000)
  eden space 8192K, 100% used [0x00000000e3400000, 0x00000000e3c00000, 0x00000000e3c00000)
  from space 1024K,  65% used [0x00000000e3c00000, 0x00000000e3ca72b0, 0x00000000e3d00000)
  to   space 1024K,   0% used [0x00000000e3d00000, 0x00000000e3d00000, 0x00000000e3e00000)
 concurrent mark-sweep generation total 84724K, used 49212K [0x00000000ecca0000, 0x00000000f1f5d000, 0x0000000100000000)
 Metaspace       used 64050K, capacity 67066K, committed 67200K, reserved 1107968K
  class space    used 8226K, capacity 8807K, committed 8832K, reserved 1048576K
2020-11-07T19:58:47.963+0800: 54.640: [GC (Allocation Failure) 2020-11-07T19:58:47.963+0800: 54.640: [ParNew: 8860K->587K(9216K), 0.0208213 secs] 58073K->49957K(93940K), 0.0208799 secs] [Times: user=0.02 sys=0.00, real=0.02 secs] 
Heap after GC invocations=713 (full 67):
 par new generation   total 9216K, used 587K [0x00000000e3400000, 0x00000000e3e00000, 0x00000000ecca0000)
  eden space 8192K,   0% used [0x00000000e3400000, 0x00000000e3400000, 0x00000000e3c00000)
  from space 1024K,  57% used [0x00000000e3d00000, 0x00000000e3d92d08, 0x00000000e3e00000)
  to   space 1024K,   0% used [0x00000000e3c00000, 0x00000000e3c00000, 0x00000000e3d00000)
 concurrent mark-sweep generation total 84724K, used 49370K [0x00000000ecca0000, 0x00000000f1f5d000, 0x0000000100000000)
 Metaspace       used 64050K, capacity 67066K, committed 67200K, reserved 1107968K
  class space    used 8226K, capacity 8807K, committed 8832K, reserved 1048576K
}
2020-11-07T19:58:48.010+0800: 54.687: Application time: 0.0261651 seconds
{Heap before GC invocations=713 (full 67):
 par new generation   total 9216K, used 8779K [0x00000000e3400000, 0x00000000e3e00000, 0x00000000ecca0000)
  eden space 8192K, 100% used [0x00000000e3400000, 0x00000000e3c00000, 0x00000000e3c00000)
  from space 1024K,  57% used [0x00000000e3d00000, 0x00000000e3d92d08, 0x00000000e3e00000)
  to   space 1024K,   0% used [0x00000000e3c00000, 0x00000000e3c00000, 0x00000000e3d00000)
 concurrent mark-sweep generation total 84724K, used 49370K [0x00000000ecca0000, 0x00000000f1f5d000, 0x0000000100000000)
 Metaspace       used 64054K, capacity 67066K, committed 67200K, reserved 1107968K
  class space    used 8226K, capacity 8807K, committed 8832K, reserved 1048576K
2020-11-07T19:58:48.010+0800: 54.687: [GC (Allocation Failure) 2020-11-07T19:58:48.010+0800: 54.687: [ParNew: 8779K->570K(9216K), 0.0189422 secs] 58149K->49967K(93940K), 0.0190005 secs] [Times: user=0.02 sys=0.00, real=0.02 secs] 
Heap after GC invocations=714 (full 67):
 par new generation   total 9216K, used 570K [0x00000000e3400000, 0x00000000e3e00000, 0x00000000ecca0000)
  eden space 8192K,   0% used [0x00000000e3400000, 0x00000000e3400000, 0x00000000e3c00000)
  from space 1024K,  55% used [0x00000000e3c00000, 0x00000000e3c8e9e0, 0x00000000e3d00000)
  to   space 1024K,   0% used [0x00000000e3d00000, 0x00000000e3d00000, 0x00000000e3e00000)
 concurrent mark-sweep generation total 84724K, used 49396K [0x00000000ecca0000, 0x00000000f1f5d000, 0x0000000100000000)
 Metaspace       used 64054K, capacity 67066K, committed 67200K, reserved 1107968K
  class space    used 8226K, capacity 8807K, committed 8832K, reserved 1048576K
}
2020-11-07T19:58:48.070+0800: 54.747: Application time: 0.0408148 seconds
{Heap before GC invocations=714 (full 67):
 par new generation   total 9216K, used 8762K [0x00000000e3400000, 0x00000000e3e00000, 0x00000000ecca0000)
  eden space 8192K, 100% used [0x00000000e3400000, 0x00000000e3c00000, 0x00000000e3c00000)
  from space 1024K,  55% used [0x00000000e3c00000, 0x00000000e3c8e9e0, 0x00000000e3d00000)
  to   space 1024K,   0% used [0x00000000e3d00000, 0x00000000e3d00000, 0x00000000e3e00000)
 concurrent mark-sweep generation total 84724K, used 49396K [0x00000000ecca0000, 0x00000000f1f5d000, 0x0000000100000000)
 Metaspace       used 64063K, capacity 67066K, committed 67200K, reserved 1107968K
  class space    used 8227K, capacity 8807K, committed 8832K, reserved 1048576K
2020-11-07T19:58:48.070+0800: 54.747: [GC (Allocation Failure) 2020-11-07T19:58:48.070+0800: 54.747: [ParNew: 8762K->583K(9216K), 0.0186945 secs] 58159K->50012K(93940K), 0.0187582 secs] [Times: user=0.02 sys=0.00, real=0.02 secs] 
Heap after GC invocations=715 (full 67):
 par new generation   total 9216K, used 583K [0x00000000e3400000, 0x00000000e3e00000, 0x00000000ecca0000)
  eden space 8192K,   0% used [0x00000000e3400000, 0x00000000e3400000, 0x00000000e3c00000)
  from space 1024K,  56% used [0x00000000e3d00000, 0x00000000e3d91c60, 0x00000000e3e00000)
  to   space 1024K,   0% used [0x00000000e3c00000, 0x00000000e3c00000, 0x00000000e3d00000)
 concurrent mark-sweep generation total 84724K, used 49428K [0x00000000ecca0000, 0x00000000f1f5d000, 0x0000000100000000)
 Metaspace       used 64063K, capacity 67066K, committed 67200K, reserved 1107968K
  class space    used 8227K, capacity 8807K, committed 8832K, reserved 1048576K
}
2020-11-07T19:58:48.113+0800: 54.789: Application time: 0.0233772 seconds
{Heap before GC invocations=715 (full 67):
 par new generation   total 9216K, used 8775K [0x00000000e3400000, 0x00000000e3e00000, 0x00000000ecca0000)
  eden space 8192K, 100% used [0x00000000e3400000, 0x00000000e3c00000, 0x00000000e3c00000)
  from space 1024K,  56% used [0x00000000e3d00000, 0x00000000e3d91c60, 0x00000000e3e00000)
  to   space 1024K,   0% used [0x00000000e3c00000, 0x00000000e3c00000, 0x00000000e3d00000)
 concurrent mark-sweep generation total 84724K, used 49428K [0x00000000ecca0000, 0x00000000f1f5d000, 0x0000000100000000)
 Metaspace       used 64068K, capacity 67066K, committed 67200K, reserved 1107968K
  class space    used 8228K, capacity 8807K, committed 8832K, reserved 1048576K
2020-11-07T19:58:48.113+0800: 54.790: [GC (Allocation Failure) 2020-11-07T19:58:48.113+0800: 54.790: [ParNew: 8775K->405K(9216K), 0.0362362 secs] 58204K->49891K(93940K), 0.0363095 secs] [Times: user=0.03 sys=0.01, real=0.04 secs] 
Heap after GC invocations=716 (full 67):
 par new generation   total 9216K, used 405K [0x00000000e3400000, 0x00000000e3e00000, 0x00000000ecca0000)
  eden space 8192K,   0% used [0x00000000e3400000, 0x00000000e3400000, 0x00000000e3c00000)
  from space 1024K,  39% used [0x00000000e3c00000, 0x00000000e3c65640, 0x00000000e3d00000)
  to   space 1024K,   0% used [0x00000000e3d00000, 0x00000000e3d00000, 0x00000000e3e00000)
 concurrent mark-sweep generation total 84724K, used 49485K [0x00000000ecca0000, 0x00000000f1f5d000, 0x0000000100000000)
 Metaspace       used 64068K, capacity 67066K, committed 67200K, reserved 1107968K
  class space    used 8228K, capacity 8807K, committed 8832K, reserved 1048576K
}
2020-11-07T19:58:48.170+0800: 54.847: Application time: 0.0210203 seconds
{Heap before GC invocations=716 (full 67):
 par new generation   total 9216K, used 8597K [0x00000000e3400000, 0x00000000e3e00000, 0x00000000ecca0000)
  eden space 8192K, 100% used [0x00000000e3400000, 0x00000000e3c00000, 0x00000000e3c00000)
  from space 1024K,  39% used [0x00000000e3c00000, 0x00000000e3c65640, 0x00000000e3d00000)
  to   space 1024K,   0% used [0x00000000e3d00000, 0x00000000e3d00000, 0x00000000e3e00000)
 concurrent mark-sweep generation total 84724K, used 49485K [0x00000000ecca0000, 0x00000000f1f5d000, 0x0000000100000000)
 Metaspace       used 64110K, capacity 67098K, committed 67328K, reserved 1107968K
  class space    used 8236K, capacity 8839K, committed 8960K, reserved 1048576K
2020-11-07T19:58:48.170+0800: 54.847: [GC (Allocation Failure) 2020-11-07T19:58:48.170+0800: 54.847: [ParNew: 8597K->493K(9216K), 0.0266271 secs] 58083K->50017K(93940K), 0.0266936 secs] [Times: user=0.03 sys=0.00, real=0.03 secs] 
Heap after GC invocations=717 (full 67):
 par new generation   total 9216K, used 493K [0x00000000e3400000, 0x00000000e3e00000, 0x00000000ecca0000)
  eden space 8192K,   0% used [0x00000000e3400000, 0x00000000e3400000, 0x00000000e3c00000)
  from space 1024K,  48% used [0x00000000e3d00000, 0x00000000e3d7b450, 0x00000000e3e00000)
  to   space 1024K,   0% used [0x00000000e3c00000, 0x00000000e3c00000, 0x00000000e3d00000)
 concurrent mark-sweep generation total 84724K, used 49524K [0x00000000ecca0000, 0x00000000f1f5d000, 0x0000000100000000)
 Metaspace       used 64110K, capacity 67098K, committed 67328K, reserved 1107968K
  class space    used 8236K, capacity 8839K, committed 8960K, reserved 1048576K
}
2020-11-07T19:58:48.219+0800: 54.896: Application time: 0.0217435 seconds
{Heap before GC invocations=717 (full 67):
 par new generation   total 9216K, used 8685K [0x00000000e3400000, 0x00000000e3e00000, 0x00000000ecca0000)
  eden space 8192K, 100% used [0x00000000e3400000, 0x00000000e3c00000, 0x00000000e3c00000)
  from space 1024K,  48% used [0x00000000e3d00000, 0x00000000e3d7b450, 0x00000000e3e00000)
  to   space 1024K,   0% used [0x00000000e3c00000, 0x00000000e3c00000, 0x00000000e3d00000)
 concurrent mark-sweep generation total 84724K, used 49524K [0x00000000ecca0000, 0x00000000f1f5d000, 0x0000000100000000)
 Metaspace       used 64110K, capacity 67098K, committed 67328K, reserved 1107968K
  class space    used 8236K, capacity 8839K, committed 8960K, reserved 1048576K
2020-11-07T19:58:48.219+0800: 54.896: [GC (Allocation Failure) 2020-11-07T19:58:48.219+0800: 54.896: [ParNew: 8685K->447K(9216K), 0.0162297 secs] 58209K->50024K(93940K), 0.0163050 secs] [Times: user=0.02 sys=0.00, real=0.02 secs] 
Heap after GC invocations=718 (full 67):
 par new generation   total 9216K, used 447K [0x00000000e3400000, 0x00000000e3e00000, 0x00000000ecca0000)
  eden space 8192K,   0% used [0x00000000e3400000, 0x00000000e3400000, 0x00000000e3c00000)
  from space 1024K,  43% used [0x00000000e3c00000, 0x00000000e3c6fdd8, 0x00000000e3d00000)
  to   space 1024K,   0% used [0x00000000e3d00000, 0x00000000e3d00000, 0x00000000e3e00000)
 concurrent mark-sweep generation total 84724K, used 49577K [0x00000000ecca0000, 0x00000000f1f5d000, 0x0000000100000000)
 Metaspace       used 64110K, capacity 67098K, committed 67328K, reserved 1107968K
  class space    used 8236K, capacity 8839K, committed 8960K, reserved 1048576K
}
2020-11-07T19:58:48.276+0800: 54.953: Application time: 0.0410053 seconds
{Heap before GC invocations=718 (full 67):
 par new generation   total 9216K, used 8639K [0x00000000e3400000, 0x00000000e3e00000, 0x00000000ecca0000)
  eden space 8192K, 100% used [0x00000000e3400000, 0x00000000e3c00000, 0x00000000e3c00000)
  from space 1024K,  43% used [0x00000000e3c00000, 0x00000000e3c6fdd8, 0x00000000e3d00000)
  to   space 1024K,   0% used [0x00000000e3d00000, 0x00000000e3d00000, 0x00000000e3e00000)
 concurrent mark-sweep generation total 84724K, used 49577K [0x00000000ecca0000, 0x00000000f1f5d000, 0x0000000100000000)
 Metaspace       used 64133K, capacity 67162K, committed 67328K, reserved 1107968K
  class space    used 8240K, capacity 8839K, committed 8960K, reserved 1048576K
2020-11-07T19:58:48.277+0800: 54.953: [GC (Allocation Failure) 2020-11-07T19:58:48.277+0800: 54.953: [ParNew: 8639K->561K(9216K), 0.0148195 secs] 58216K->50177K(93940K), 0.0148785 secs] [Times: user=0.02 sys=0.00, real=0.01 secs] 
Heap after GC invocations=719 (full 67):
 par new generation   total 9216K, used 561K [0x00000000e3400000, 0x00000000e3e00000, 0x00000000ecca0000)
  eden space 8192K,   0% used [0x00000000e3400000, 0x00000000e3400000, 0x00000000e3c00000)
  from space 1024K,  54% used [0x00000000e3d00000, 0x00000000e3d8c508, 0x00000000e3e00000)
  to   space 1024K,   0% used [0x00000000e3c00000, 0x00000000e3c00000, 0x00000000e3d00000)
 concurrent mark-sweep generation total 84724K, used 49616K [0x00000000ecca0000, 0x00000000f1f5d000, 0x0000000100000000)
 Metaspace       used 64133K, capacity 67162K, committed 67328K, reserved 1107968K
  class space    used 8240K, capacity 8839K, committed 8960K, reserved 1048576K
}
2020-11-07T19:58:48.317+0800: 54.993: Application time: 0.0251115 seconds
{Heap before GC invocations=719 (full 67):
 par new generation   total 9216K, used 8753K [0x00000000e3400000, 0x00000000e3e00000, 0x00000000ecca0000)
  eden space 8192K, 100% used [0x00000000e3400000, 0x00000000e3c00000, 0x00000000e3c00000)
  from space 1024K,  54% used [0x00000000e3d00000, 0x00000000e3d8c508, 0x00000000e3e00000)
  to   space 1024K,   0% used [0x00000000e3c00000, 0x00000000e3c00000, 0x00000000e3d00000)
 concurrent mark-sweep generation total 84724K, used 49616K [0x00000000ecca0000, 0x00000000f1f5d000, 0x0000000100000000)
 Metaspace       used 64134K, capacity 67162K, committed 67328K, reserved 1107968K
  class space    used 8240K, capacity 8839K, committed 8960K, reserved 1048576K
2020-11-07T19:58:48.317+0800: 54.994: [GC (Allocation Failure) 2020-11-07T19:58:48.317+0800: 54.994: [ParNew: 8753K->522K(9216K), 0.0239512 secs] 58369K->50167K(93940K), 0.0240132 secs] [Times: user=0.02 sys=0.00, real=0.02 secs] 
Heap after GC invocations=720 (full 67):
 par new generation   total 9216K, used 522K [0x00000000e3400000, 0x00000000e3e00000, 0x00000000ecca0000)
  eden space 8192K,   0% used [0x00000000e3400000, 0x00000000e3400000, 0x00000000e3c00000)
  from space 1024K,  51% used [0x00000000e3c00000, 0x00000000e3c82b00, 0x00000000e3d00000)
  to   space 1024K,   0% used [0x00000000e3d00000, 0x00000000e3d00000, 0x00000000e3e00000)
 concurrent mark-sweep generation total 84724K, used 49644K [0x00000000ecca0000, 0x00000000f1f5d000, 0x0000000100000000)
 Metaspace       used 64134K, capacity 67162K, committed 67328K, reserved 1107968K
  class space    used 8240K, capacity 8839K, committed 8960K, reserved 1048576K
}
2020-11-07T19:58:48.382+0800: 55.058: Application time: 0.0407288 seconds
{Heap before GC invocations=720 (full 67):
 par new generation   total 9216K, used 8714K [0x00000000e3400000, 0x00000000e3e00000, 0x00000000ecca0000)
  eden space 8192K, 100% used [0x00000000e3400000, 0x00000000e3c00000, 0x00000000e3c00000)
  from space 1024K,  51% used [0x00000000e3c00000, 0x00000000e3c82b00, 0x00000000e3d00000)
  to   space 1024K,   0% used [0x00000000e3d00000, 0x00000000e3d00000, 0x00000000e3e00000)
 concurrent mark-sweep generation total 84724K, used 49644K [0x00000000ecca0000, 0x00000000f1f5d000, 0x0000000100000000)
 Metaspace       used 64150K, capacity 67166K, committed 67328K, reserved 1107968K
  class space    used 8243K, capacity 8841K, committed 8960K, reserved 1048576K
2020-11-07T19:58:48.382+0800: 55.059: [GC (Allocation Failure) 2020-11-07T19:58:48.382+0800: 55.059: [ParNew: 8714K->657K(9216K), 0.0449384 secs] 58359K->50326K(93940K), 0.0450000 secs] [Times: user=0.05 sys=0.00, real=0.05 secs] 
Heap after GC invocations=721 (full 67):
 par new generation   total 9216K, used 657K [0x00000000e3400000, 0x00000000e3e00000, 0x00000000ecca0000)
  eden space 8192K,   0% used [0x00000000e3400000, 0x00000000e3400000, 0x00000000e3c00000)
  from space 1024K,  64% used [0x00000000e3d00000, 0x00000000e3da4638, 0x00000000e3e00000)
  to   space 1024K,   0% used [0x00000000e3c00000, 0x00000000e3c00000, 0x00000000e3d00000)
 concurrent mark-sweep generation total 84724K, used 49669K [0x00000000ecca0000, 0x00000000f1f5d000, 0x0000000100000000)
 Metaspace       used 64150K, capacity 67166K, committed 67328K, reserved 1107968K
  class space    used 8243K, capacity 8841K, committed 8960K, reserved 1048576K
}
2020-11-07T19:58:48.446+0800: 55.122: Application time: 0.0188181 seconds
{Heap before GC invocations=721 (full 67):
 par new generation   total 9216K, used 8849K [0x00000000e3400000, 0x00000000e3e00000, 0x00000000ecca0000)
  eden space 8192K, 100% used [0x00000000e3400000, 0x00000000e3c00000, 0x00000000e3c00000)
  from space 1024K,  64% used [0x00000000e3d00000, 0x00000000e3da4638, 0x00000000e3e00000)
  to   space 1024K,   0% used [0x00000000e3c00000, 0x00000000e3c00000, 0x00000000e3d00000)
 concurrent mark-sweep generation total 84724K, used 49669K [0x00000000ecca0000, 0x00000000f1f5d000, 0x0000000100000000)
 Metaspace       used 64163K, capacity 67166K, committed 67328K, reserved 1107968K
  class space    used 8245K, capacity 8841K, committed 8960K, reserved 1048576K
2020-11-07T19:58:48.446+0800: 55.123: [GC (Allocation Failure) 2020-11-07T19:58:48.446+0800: 55.123: [ParNew: 8849K->551K(9216K), 0.0162133 secs] 58518K->50252K(93940K), 0.0162679 secs] [Times: user=0.02 sys=0.00, real=0.01 secs] 
Heap after GC invocations=722 (full 67):
 par new generation   total 9216K, used 551K [0x00000000e3400000, 0x00000000e3e00000, 0x00000000ecca0000)
  eden space 8192K,   0% used [0x00000000e3400000, 0x00000000e3400000, 0x00000000e3c00000)
  from space 1024K,  53% used [0x00000000e3c00000, 0x00000000e3c89d38, 0x00000000e3d00000)
  to   space 1024K,   0% used [0x00000000e3d00000, 0x00000000e3d00000, 0x00000000e3e00000)
 concurrent mark-sweep generation total 84724K, used 49701K [0x00000000ecca0000, 0x00000000f1f5d000, 0x0000000100000000)
 Metaspace       used 64163K, capacity 67166K, committed 67328K, reserved 1107968K
  class space    used 8245K, capacity 8841K, committed 8960K, reserved 1048576K
}
2020-11-07T19:58:48.497+0800: 55.173: Application time: 0.0344026 seconds
{Heap before GC invocations=722 (full 67):
 par new generation   total 9216K, used 8743K [0x00000000e3400000, 0x00000000e3e00000, 0x00000000ecca0000)
  eden space 8192K, 100% used [0x00000000e3400000, 0x00000000e3c00000, 0x00000000e3c00000)
  from space 1024K,  53% used [0x00000000e3c00000, 0x00000000e3c89d38, 0x00000000e3d00000)
  to   space 1024K,   0% used [0x00000000e3d00000, 0x00000000e3d00000, 0x00000000e3e00000)
 concurrent mark-sweep generation total 84724K, used 49701K [0x00000000ecca0000, 0x00000000f1f5d000, 0x0000000100000000)
 Metaspace       used 64165K, capacity 67166K, committed 67328K, reserved 1107968K
  class space    used 8245K, capacity 8841K, committed 8960K, reserved 1048576K
2020-11-07T19:58:48.497+0800: 55.174: [GC (Allocation Failure) 2020-11-07T19:58:48.497+0800: 55.174: [ParNew: 8743K->618K(9216K), 0.0203953 secs] 58444K->50342K(93940K), 0.0204512 secs] [Times: user=0.02 sys=0.00, real=0.02 secs] 
Heap after GC invocations=723 (full 67):
 par new generation   total 9216K, used 618K [0x00000000e3400000, 0x00000000e3e00000, 0x00000000ecca0000)
  eden space 8192K,   0% used [0x00000000e3400000, 0x00000000e3400000, 0x00000000e3c00000)
  from space 1024K,  60% used [0x00000000e3d00000, 0x00000000e3d9a830, 0x00000000e3e00000)
  to   space 1024K,   0% used [0x00000000e3c00000, 0x00000000e3c00000, 0x00000000e3d00000)
 concurrent mark-sweep generation total 84724K, used 49724K [0x00000000ecca0000, 0x00000000f1f5d000, 0x0000000100000000)
 Metaspace       used 64165K, capacity 67166K, committed 67328K, reserved 1107968K
  class space    used 8245K, capacity 8841K, committed 8960K, reserved 1048576K
}
2020-11-07T19:58:48.547+0800: 55.224: Application time: 0.0298753 seconds
{Heap before GC invocations=723 (full 67):
 par new generation   total 9216K, used 8810K [0x00000000e3400000, 0x00000000e3e00000, 0x00000000ecca0000)
  eden space 8192K, 100% used [0x00000000e3400000, 0x00000000e3c00000, 0x00000000e3c00000)
  from space 1024K,  60% used [0x00000000e3d00000, 0x00000000e3d9a830, 0x00000000e3e00000)
  to   space 1024K,   0% used [0x00000000e3c00000, 0x00000000e3c00000, 0x00000000e3d00000)
 concurrent mark-sweep generation total 84724K, used 49724K [0x00000000ecca0000, 0x00000000f1f5d000, 0x0000000100000000)
 Metaspace       used 64186K, capacity 67166K, committed 67328K, reserved 1107968K
  class space    used 8247K, capacity 8841K, committed 8960K, reserved 1048576K
2020-11-07T19:58:48.547+0800: 55.224: [GC (Allocation Failure) 2020-11-07T19:58:48.547+0800: 55.224: [ParNew: 8810K->576K(9216K), 0.0150902 secs] 58534K->50350K(93940K), 0.0151470 secs] [Times: user=0.02 sys=0.00, real=0.01 secs] 
Heap after GC invocations=724 (full 67):
 par new generation   total 9216K, used 576K [0x00000000e3400000, 0x00000000e3e00000, 0x00000000ecca0000)
  eden space 8192K,   0% used [0x00000000e3400000, 0x00000000e3400000, 0x00000000e3c00000)
  from space 1024K,  56% used [0x00000000e3c00000, 0x00000000e3c90268, 0x00000000e3d00000)
  to   space 1024K,   0% used [0x00000000e3d00000, 0x00000000e3d00000, 0x00000000e3e00000)
 concurrent mark-sweep generation total 84724K, used 49773K [0x00000000ecca0000, 0x00000000f1f5d000, 0x0000000100000000)
 Metaspace       used 64186K, capacity 67166K, committed 67328K, reserved 1107968K
  class space    used 8247K, capacity 8841K, committed 8960K, reserved 1048576K
}
2020-11-07T19:58:48.592+0800: 55.269: Application time: 0.0296724 seconds
{Heap before GC invocations=724 (full 67):
 par new generation   total 9216K, used 8768K [0x00000000e3400000, 0x00000000e3e00000, 0x00000000ecca0000)
  eden space 8192K, 100% used [0x00000000e3400000, 0x00000000e3c00000, 0x00000000e3c00000)
  from space 1024K,  56% used [0x00000000e3c00000, 0x00000000e3c90268, 0x00000000e3d00000)
  to   space 1024K,   0% used [0x00000000e3d00000, 0x00000000e3d00000, 0x00000000e3e00000)
 concurrent mark-sweep generation total 84724K, used 49773K [0x00000000ecca0000, 0x00000000f1f5d000, 0x0000000100000000)
 Metaspace       used 64190K, capacity 67166K, committed 67328K, reserved 1107968K
  class space    used 8247K, capacity 8841K, committed 8960K, reserved 1048576K
2020-11-07T19:58:48.593+0800: 55.269: [GC (Allocation Failure) 2020-11-07T19:58:48.593+0800: 55.269: [ParNew: 8768K->658K(9216K), 0.0163030 secs] 58542K->50451K(93940K), 0.0163835 secs] [Times: user=0.01 sys=0.00, real=0.02 secs] 
Heap after GC invocations=725 (full 67):
 par new generation   total 9216K, used 658K [0x00000000e3400000, 0x00000000e3e00000, 0x00000000ecca0000)
  eden space 8192K,   0% used [0x00000000e3400000, 0x00000000e3400000, 0x00000000e3c00000)
  from space 1024K,  64% used [0x00000000e3d00000, 0x00000000e3da48a0, 0x00000000e3e00000)
  to   space 1024K,   0% used [0x00000000e3c00000, 0x00000000e3c00000, 0x00000000e3d00000)
 concurrent mark-sweep generation total 84724K, used 49792K [0x00000000ecca0000, 0x00000000f1f5d000, 0x0000000100000000)
 Metaspace       used 64190K, capacity 67166K, committed 67328K, reserved 1107968K
  class space    used 8247K, capacity 8841K, committed 8960K, reserved 1048576K
}
2020-11-07T19:58:48.654+0800: 55.330: Application time: 0.0446375 seconds
{Heap before GC invocations=725 (full 67):
 par new generation   total 9216K, used 8850K [0x00000000e3400000, 0x00000000e3e00000, 0x00000000ecca0000)
  eden space 8192K, 100% used [0x00000000e3400000, 0x00000000e3c00000, 0x00000000e3c00000)
  from space 1024K,  64% used [0x00000000e3d00000, 0x00000000e3da48a0, 0x00000000e3e00000)
  to   space 1024K,   0% used [0x00000000e3c00000, 0x00000000e3c00000, 0x00000000e3d00000)
 concurrent mark-sweep generation total 84724K, used 49792K [0x00000000ecca0000, 0x00000000f1f5d000, 0x0000000100000000)
 Metaspace       used 64191K, capacity 67166K, committed 67328K, reserved 1107968K
  class space    used 8247K, capacity 8841K, committed 8960K, reserved 1048576K
2020-11-07T19:58:48.654+0800: 55.331: [GC (Allocation Failure) 2020-11-07T19:58:48.654+0800: 55.331: [ParNew: 8850K->783K(9216K), 0.0126832 secs] 58643K->50641K(93940K), 0.0127395 secs] [Times: user=0.01 sys=0.00, real=0.02 secs] 
Heap after GC invocations=726 (full 67):
 par new generation   total 9216K, used 783K [0x00000000e3400000, 0x00000000e3e00000, 0x00000000ecca0000)
  eden space 8192K,   0% used [0x00000000e3400000, 0x00000000e3400000, 0x00000000e3c00000)
  from space 1024K,  76% used [0x00000000e3c00000, 0x00000000e3cc3e40, 0x00000000e3d00000)
  to   space 1024K,   0% used [0x00000000e3d00000, 0x00000000e3d00000, 0x00000000e3e00000)
 concurrent mark-sweep generation total 84724K, used 49857K [0x00000000ecca0000, 0x00000000f1f5d000, 0x0000000100000000)
 Metaspace       used 64191K, capacity 67166K, committed 67328K, reserved 1107968K
  class space    used 8247K, capacity 8841K, committed 8960K, reserved 1048576K
}
2020-11-07T19:58:48.692+0800: 55.369: Application time: 0.0253650 seconds
{Heap before GC invocations=726 (full 67):
 par new generation   total 9216K, used 8975K [0x00000000e3400000, 0x00000000e3e00000, 0x00000000ecca0000)
  eden space 8192K, 100% used [0x00000000e3400000, 0x00000000e3c00000, 0x00000000e3c00000)
  from space 1024K,  76% used [0x00000000e3c00000, 0x00000000e3cc3e40, 0x00000000e3d00000)
  to   space 1024K,   0% used [0x00000000e3d00000, 0x00000000e3d00000, 0x00000000e3e00000)
 concurrent mark-sweep generation total 84724K, used 49857K [0x00000000ecca0000, 0x00000000f1f5d000, 0x0000000100000000)
 Metaspace       used 64197K, capacity 67166K, committed 67328K, reserved 1107968K
  class space    used 8248K, capacity 8841K, committed 8960K, reserved 1048576K
2020-11-07T19:58:48.692+0800: 55.369: [GC (Allocation Failure) 2020-11-07T19:58:48.692+0800: 55.369: [ParNew: 8975K->609K(9216K), 0.0184528 secs] 58833K->50492K(93940K), 0.0185167 secs] [Times: user=0.01 sys=0.00, real=0.02 secs] 
Heap after GC invocations=727 (full 67):
 par new generation   total 9216K, used 609K [0x00000000e3400000, 0x00000000e3e00000, 0x00000000ecca0000)
  eden space 8192K,   0% used [0x00000000e3400000, 0x00000000e3400000, 0x00000000e3c00000)
  from space 1024K,  59% used [0x00000000e3d00000, 0x00000000e3d98760, 0x00000000e3e00000)
  to   space 1024K,   0% used [0x00000000e3c00000, 0x00000000e3c00000, 0x00000000e3d00000)
 concurrent mark-sweep generation total 84724K, used 49882K [0x00000000ecca0000, 0x00000000f1f5d000, 0x0000000100000000)
 Metaspace       used 64197K, capacity 67166K, committed 67328K, reserved 1107968K
  class space    used 8248K, capacity 8841K, committed 8960K, reserved 1048576K
}
2020-11-07T19:58:48.744+0800: 55.420: Application time: 0.0328302 seconds
{Heap before GC invocations=727 (full 67):
 par new generation   total 9216K, used 8801K [0x00000000e3400000, 0x00000000e3e00000, 0x00000000ecca0000)
  eden space 8192K, 100% used [0x00000000e3400000, 0x00000000e3c00000, 0x00000000e3c00000)
  from space 1024K,  59% used [0x00000000e3d00000, 0x00000000e3d98760, 0x00000000e3e00000)
  to   space 1024K,   0% used [0x00000000e3c00000, 0x00000000e3c00000, 0x00000000e3d00000)
 concurrent mark-sweep generation total 84724K, used 49882K [0x00000000ecca0000, 0x00000000f1f5d000, 0x0000000100000000)
 Metaspace       used 64203K, capacity 67166K, committed 67328K, reserved 1107968K
  class space    used 8248K, capacity 8841K, committed 8960K, reserved 1048576K
2020-11-07T19:58:48.744+0800: 55.421: [GC (Allocation Failure) 2020-11-07T19:58:48.744+0800: 55.421: [ParNew: 8801K->568K(9216K), 0.0186984 secs] 58684K->50507K(93940K), 0.0187659 secs] [Times: user=0.01 sys=0.00, real=0.02 secs] 
Heap after GC invocations=728 (full 67):
 par new generation   total 9216K, used 568K [0x00000000e3400000, 0x00000000e3e00000, 0x00000000ecca0000)
  eden space 8192K,   0% used [0x00000000e3400000, 0x00000000e3400000, 0x00000000e3c00000)
  from space 1024K,  55% used [0x00000000e3c00000, 0x00000000e3c8e008, 0x00000000e3d00000)
  to   space 1024K,   0% used [0x00000000e3d00000, 0x00000000e3d00000, 0x00000000e3e00000)
 concurrent mark-sweep generation total 84724K, used 49939K [0x00000000ecca0000, 0x00000000f1f5d000, 0x0000000100000000)
 Metaspace       used 64203K, capacity 67166K, committed 67328K, reserved 1107968K
  class space    used 8248K, capacity 8841K, committed 8960K, reserved 1048576K
}
2020-11-07T19:58:48.803+0800: 55.480: Application time: 0.0404451 seconds
{Heap before GC invocations=728 (full 67):
 par new generation   total 9216K, used 8760K [0x00000000e3400000, 0x00000000e3e00000, 0x00000000ecca0000)
  eden space 8192K, 100% used [0x00000000e3400000, 0x00000000e3c00000, 0x00000000e3c00000)
  from space 1024K,  55% used [0x00000000e3c00000, 0x00000000e3c8e008, 0x00000000e3d00000)
  to   space 1024K,   0% used [0x00000000e3d00000, 0x00000000e3d00000, 0x00000000e3e00000)
 concurrent mark-sweep generation total 84724K, used 49939K [0x00000000ecca0000, 0x00000000f1f5d000, 0x0000000100000000)
 Metaspace       used 64226K, capacity 67230K, committed 67584K, reserved 1107968K
  class space    used 8251K, capacity 8841K, committed 8960K, reserved 1048576K
2020-11-07T19:58:48.803+0800: 55.480: [GC (Allocation Failure) 2020-11-07T19:58:48.803+0800: 55.480: [ParNew: 8760K->651K(9216K), 0.0211204 secs] 58699K->50651K(93940K), 0.0211926 secs] [Times: user=0.02 sys=0.00, real=0.03 secs] 
Heap after GC invocations=729 (full 67):
 par new generation   total 9216K, used 651K [0x00000000e3400000, 0x00000000e3e00000, 0x00000000ecca0000)
  eden space 8192K,   0% used [0x00000000e3400000, 0x00000000e3400000, 0x00000000e3c00000)
  from space 1024K,  63% used [0x00000000e3d00000, 0x00000000e3da2ca8, 0x00000000e3e00000)
  to   space 1024K,   0% used [0x00000000e3c00000, 0x00000000e3c00000, 0x00000000e3d00000)
 concurrent mark-sweep generation total 84724K, used 50000K [0x00000000ecca0000, 0x00000000f1f5d000, 0x0000000100000000)
 Metaspace       used 64226K, capacity 67230K, committed 67584K, reserved 1107968K
  class space    used 8251K, capacity 8841K, committed 8960K, reserved 1048576K
}
2020-11-07T19:58:48.854+0800: 55.530: Application time: 0.0291113 seconds
{Heap before GC invocations=729 (full 67):
 par new generation   total 9216K, used 8843K [0x00000000e3400000, 0x00000000e3e00000, 0x00000000ecca0000)
  eden space 8192K, 100% used [0x00000000e3400000, 0x00000000e3c00000, 0x00000000e3c00000)
  from space 1024K,  63% used [0x00000000e3d00000, 0x00000000e3da2ca8, 0x00000000e3e00000)
  to   space 1024K,   0% used [0x00000000e3c00000, 0x00000000e3c00000, 0x00000000e3d00000)
 concurrent mark-sweep generation total 84724K, used 50000K [0x00000000ecca0000, 0x00000000f1f5d000, 0x0000000100000000)
 Metaspace       used 64241K, capacity 67262K, committed 67584K, reserved 1107968K
  class space    used 8254K, capacity 8873K, committed 8960K, reserved 1048576K
2020-11-07T19:58:48.854+0800: 55.531: [GC (Allocation Failure) 2020-11-07T19:58:48.854+0800: 55.531: [ParNew: 8843K->541K(9216K), 0.0350092 secs] 58843K->50587K(93940K), 0.0350851 secs] [Times: user=0.03 sys=0.00, real=0.04 secs] 
Heap after GC invocations=730 (full 67):
 par new generation   total 9216K, used 541K [0x00000000e3400000, 0x00000000e3e00000, 0x00000000ecca0000)
  eden space 8192K,   0% used [0x00000000e3400000, 0x00000000e3400000, 0x00000000e3c00000)
  from space 1024K,  52% used [0x00000000e3c00000, 0x00000000e3c87520, 0x00000000e3d00000)
  to   space 1024K,   0% used [0x00000000e3d00000, 0x00000000e3d00000, 0x00000000e3e00000)
 concurrent mark-sweep generation total 84724K, used 50046K [0x00000000ecca0000, 0x00000000f1f5d000, 0x0000000100000000)
 Metaspace       used 64241K, capacity 67262K, committed 67584K, reserved 1107968K
  class space    used 8254K, capacity 8873K, committed 8960K, reserved 1048576K
}
2020-11-07T19:58:48.903+0800: 55.580: Application time: 0.0140794 seconds
{Heap before GC invocations=730 (full 67):
 par new generation   total 9216K, used 8733K [0x00000000e3400000, 0x00000000e3e00000, 0x00000000ecca0000)
  eden space 8192K, 100% used [0x00000000e3400000, 0x00000000e3c00000, 0x00000000e3c00000)
  from space 1024K,  52% used [0x00000000e3c00000, 0x00000000e3c87520, 0x00000000e3d00000)
  to   space 1024K,   0% used [0x00000000e3d00000, 0x00000000e3d00000, 0x00000000e3e00000)
 concurrent mark-sweep generation total 84724K, used 50046K [0x00000000ecca0000, 0x00000000f1f5d000, 0x0000000100000000)
 Metaspace       used 64242K, capacity 67262K, committed 67584K, reserved 1107968K
  class space    used 8254K, capacity 8873K, committed 8960K, reserved 1048576K
2020-11-07T19:58:48.903+0800: 55.580: [GC (Allocation Failure) 2020-11-07T19:58:48.903+0800: 55.580: [ParNew: 8733K->500K(9216K), 0.0235963 secs] 58779K->50580K(93940K), 0.0236521 secs] [Times: user=0.02 sys=0.00, real=0.03 secs] 
Heap after GC invocations=731 (full 67):
 par new generation   total 9216K, used 500K [0x00000000e3400000, 0x00000000e3e00000, 0x00000000ecca0000)
  eden space 8192K,   0% used [0x00000000e3400000, 0x00000000e3400000, 0x00000000e3c00000)
  from space 1024K,  48% used [0x00000000e3d00000, 0x00000000e3d7d2f8, 0x00000000e3e00000)
  to   space 1024K,   0% used [0x00000000e3c00000, 0x00000000e3c00000, 0x00000000e3d00000)
 concurrent mark-sweep generation total 84724K, used 50079K [0x00000000ecca0000, 0x00000000f1f5d000, 0x0000000100000000)
 Metaspace       used 64242K, capacity 67262K, committed 67584K, reserved 1107968K
  class space    used 8254K, capacity 8873K, committed 8960K, reserved 1048576K
}
2020-11-07T19:58:48.942+0800: 55.619: Application time: 0.0150389 seconds
{Heap before GC invocations=731 (full 67):
 par new generation   total 9216K, used 8692K [0x00000000e3400000, 0x00000000e3e00000, 0x00000000ecca0000)
  eden space 8192K, 100% used [0x00000000e3400000, 0x00000000e3c00000, 0x00000000e3c00000)
  from space 1024K,  48% used [0x00000000e3d00000, 0x00000000e3d7d2f8, 0x00000000e3e00000)
  to   space 1024K,   0% used [0x00000000e3c00000, 0x00000000e3c00000, 0x00000000e3d00000)
 concurrent mark-sweep generation total 84724K, used 50079K [0x00000000ecca0000, 0x00000000f1f5d000, 0x0000000100000000)
 Metaspace       used 64253K, capacity 67262K, committed 67584K, reserved 1107968K
  class space    used 8255K, capacity 8873K, committed 8960K, reserved 1048576K
2020-11-07T19:58:48.942+0800: 55.619: [GC (Allocation Failure) 2020-11-07T19:58:48.942+0800: 55.619: [ParNew: 8692K->504K(9216K), 0.0332859 secs] 58772K->50629K(93940K), 0.0333467 secs] [Times: user=0.04 sys=0.00, real=0.04 secs] 
Heap after GC invocations=732 (full 67):
 par new generation   total 9216K, used 504K [0x00000000e3400000, 0x00000000e3e00000, 0x00000000ecca0000)
  eden space 8192K,   0% used [0x00000000e3400000, 0x00000000e3400000, 0x00000000e3c00000)
  from space 1024K,  49% used [0x00000000e3c00000, 0x00000000e3c7e280, 0x00000000e3d00000)
  to   space 1024K,   0% used [0x00000000e3d00000, 0x00000000e3d00000, 0x00000000e3e00000)
 concurrent mark-sweep generation total 84724K, used 50124K [0x00000000ecca0000, 0x00000000f1f5d000, 0x0000000100000000)
 Metaspace       used 64253K, capacity 67262K, committed 67584K, reserved 1107968K
  class space    used 8255K, capacity 8873K, committed 8960K, reserved 1048576K
}
2020-11-07T19:58:48.990+0800: 55.667: Application time: 0.0148642 seconds
{Heap before GC invocations=732 (full 67):
 par new generation   total 9216K, used 8696K [0x00000000e3400000, 0x00000000e3e00000, 0x00000000ecca0000)
  eden space 8192K, 100% used [0x00000000e3400000, 0x00000000e3c00000, 0x00000000e3c00000)
  from space 1024K,  49% used [0x00000000e3c00000, 0x00000000e3c7e280, 0x00000000e3d00000)
  to   space 1024K,   0% used [0x00000000e3d00000, 0x00000000e3d00000, 0x00000000e3e00000)
 concurrent mark-sweep generation total 84724K, used 50124K [0x00000000ecca0000, 0x00000000f1f5d000, 0x0000000100000000)
 Metaspace       used 64263K, capacity 67262K, committed 67584K, reserved 1107968K
  class space    used 8257K, capacity 8873K, committed 8960K, reserved 1048576K
2020-11-07T19:58:48.991+0800: 55.667: [GC (Allocation Failure) 2020-11-07T19:58:48.991+0800: 55.667: [ParNew: 8696K->496K(9216K), 0.0241569 secs] 58821K->50662K(93940K), 0.0242349 secs] [Times: user=0.02 sys=0.00, real=0.03 secs] 
Heap after GC invocations=733 (full 67):
 par new generation   total 9216K, used 496K [0x00000000e3400000, 0x00000000e3e00000, 0x00000000ecca0000)
  eden space 8192K,   0% used [0x00000000e3400000, 0x00000000e3400000, 0x00000000e3c00000)
  from space 1024K,  48% used [0x00000000e3d00000, 0x00000000e3d7c1a0, 0x00000000e3e00000)
  to   space 1024K,   0% used [0x00000000e3c00000, 0x00000000e3c00000, 0x00000000e3d00000)
 concurrent mark-sweep generation total 84724K, used 50165K [0x00000000ecca0000, 0x00000000f1f5d000, 0x0000000100000000)
 Metaspace       used 64263K, capacity 67262K, committed 67584K, reserved 1107968K
  class space    used 8257K, capacity 8873K, committed 8960K, reserved 1048576K
}
2020-11-07T19:58:49.041+0800: 55.718: Application time: 0.0260639 seconds
{Heap before GC invocations=733 (full 67):
 par new generation   total 9216K, used 8688K [0x00000000e3400000, 0x00000000e3e00000, 0x00000000ecca0000)
  eden space 8192K, 100% used [0x00000000e3400000, 0x00000000e3c00000, 0x00000000e3c00000)
  from space 1024K,  48% used [0x00000000e3d00000, 0x00000000e3d7c1a0, 0x00000000e3e00000)
  to   space 1024K,   0% used [0x00000000e3c00000, 0x00000000e3c00000, 0x00000000e3d00000)
 concurrent mark-sweep generation total 84724K, used 50165K [0x00000000ecca0000, 0x00000000f1f5d000, 0x0000000100000000)
 Metaspace       used 64263K, capacity 67262K, committed 67584K, reserved 1107968K
  class space    used 8257K, capacity 8873K, committed 8960K, reserved 1048576K
2020-11-07T19:58:49.041+0800: 55.718: [GC (Allocation Failure) 2020-11-07T19:58:49.041+0800: 55.718: [ParNew: 8688K->468K(9216K), 0.0148611 secs] 58854K->50690K(93940K), 0.0149308 secs] [Times: user=0.02 sys=0.00, real=0.02 secs] 
Heap after GC invocations=734 (full 67):
 par new generation   total 9216K, used 468K [0x00000000e3400000, 0x00000000e3e00000, 0x00000000ecca0000)
  eden space 8192K,   0% used [0x00000000e3400000, 0x00000000e3400000, 0x00000000e3c00000)
  from space 1024K,  45% used [0x00000000e3c00000, 0x00000000e3c75198, 0x00000000e3d00000)
  to   space 1024K,   0% used [0x00000000e3d00000, 0x00000000e3d00000, 0x00000000e3e00000)
 concurrent mark-sweep generation total 84724K, used 50222K [0x00000000ecca0000, 0x00000000f1f5d000, 0x0000000100000000)
 Metaspace       used 64263K, capacity 67262K, committed 67584K, reserved 1107968K
  class space    used 8257K, capacity 8873K, committed 8960K, reserved 1048576K
}
2020-11-07T19:58:49.157+0800: 55.834: Application time: 0.1012745 seconds
{Heap before GC invocations=734 (full 67):
 par new generation   total 9216K, used 8660K [0x00000000e3400000, 0x00000000e3e00000, 0x00000000ecca0000)
  eden space 8192K, 100% used [0x00000000e3400000, 0x00000000e3c00000, 0x00000000e3c00000)
  from space 1024K,  45% used [0x00000000e3c00000, 0x00000000e3c75198, 0x00000000e3d00000)
  to   space 1024K,   0% used [0x00000000e3d00000, 0x00000000e3d00000, 0x00000000e3e00000)
 concurrent mark-sweep generation total 84724K, used 50222K [0x00000000ecca0000, 0x00000000f1f5d000, 0x0000000100000000)
 Metaspace       used 64287K, capacity 67326K, committed 67584K, reserved 1107968K
  class space    used 8260K, capacity 8873K, committed 8960K, reserved 1048576K
2020-11-07T19:58:49.158+0800: 55.834: [GC (Allocation Failure) 2020-11-07T19:58:49.158+0800: 55.834: [ParNew: 8660K->536K(9216K), 0.0172839 secs] 58882K->50818K(93940K), 0.0173513 secs] [Times: user=0.01 sys=0.00, real=0.02 secs] 
Heap after GC invocations=735 (full 67):
 par new generation   total 9216K, used 536K [0x00000000e3400000, 0x00000000e3e00000, 0x00000000ecca0000)
  eden space 8192K,   0% used [0x00000000e3400000, 0x00000000e3400000, 0x00000000e3c00000)
  from space 1024K,  52% used [0x00000000e3d00000, 0x00000000e3d86300, 0x00000000e3e00000)
  to   space 1024K,   0% used [0x00000000e3c00000, 0x00000000e3c00000, 0x00000000e3d00000)
 concurrent mark-sweep generation total 84724K, used 50282K [0x00000000ecca0000, 0x00000000f1f5d000, 0x0000000100000000)
 Metaspace       used 64287K, capacity 67326K, committed 67584K, reserved 1107968K
  class space    used 8260K, capacity 8873K, committed 8960K, reserved 1048576K
}
2020-11-07T19:58:49.225+0800: 55.902: Application time: 0.0496737 seconds
{Heap before GC invocations=735 (full 67):
 par new generation   total 9216K, used 8728K [0x00000000e3400000, 0x00000000e3e00000, 0x00000000ecca0000)
  eden space 8192K, 100% used [0x00000000e3400000, 0x00000000e3c00000, 0x00000000e3c00000)
  from space 1024K,  52% used [0x00000000e3d00000, 0x00000000e3d86300, 0x00000000e3e00000)
  to   space 1024K,   0% used [0x00000000e3c00000, 0x00000000e3c00000, 0x00000000e3d00000)
 concurrent mark-sweep generation total 84724K, used 50282K [0x00000000ecca0000, 0x00000000f1f5d000, 0x0000000100000000)
 Metaspace       used 64315K, capacity 67330K, committed 67584K, reserved 1107968K
  class space    used 8265K, capacity 8875K, committed 8960K, reserved 1048576K
2020-11-07T19:58:49.225+0800: 55.902: [GC (Allocation Failure) 2020-11-07T19:58:49.225+0800: 55.902: [ParNew: 8728K->482K(9216K), 0.0175408 secs] 59010K->50790K(93940K), 0.0176074 secs] [Times: user=0.02 sys=0.00, real=0.01 secs] 
Heap after GC invocations=736 (full 67):
 par new generation   total 9216K, used 482K [0x00000000e3400000, 0x00000000e3e00000, 0x00000000ecca0000)
  eden space 8192K,   0% used [0x00000000e3400000, 0x00000000e3400000, 0x00000000e3c00000)
  from space 1024K,  47% used [0x00000000e3c00000, 0x00000000e3c78a08, 0x00000000e3d00000)
  to   space 1024K,   0% used [0x00000000e3d00000, 0x00000000e3d00000, 0x00000000e3e00000)
 concurrent mark-sweep generation total 84724K, used 50308K [0x00000000ecca0000, 0x00000000f1f5d000, 0x0000000100000000)
 Metaspace       used 64315K, capacity 67330K, committed 67584K, reserved 1107968K
  class space    used 8265K, capacity 8875K, committed 8960K, reserved 1048576K
}
2020-11-07T19:58:49.263+0800: 55.940: Application time: 0.0202591 seconds
{Heap before GC invocations=736 (full 67):
 par new generation   total 9216K, used 8674K [0x00000000e3400000, 0x00000000e3e00000, 0x00000000ecca0000)
  eden space 8192K, 100% used [0x00000000e3400000, 0x00000000e3c00000, 0x00000000e3c00000)
  from space 1024K,  47% used [0x00000000e3c00000, 0x00000000e3c78a08, 0x00000000e3d00000)
  to   space 1024K,   0% used [0x00000000e3d00000, 0x00000000e3d00000, 0x00000000e3e00000)
 concurrent mark-sweep generation total 84724K, used 50308K [0x00000000ecca0000, 0x00000000f1f5d000, 0x0000000100000000)
 Metaspace       used 64315K, capacity 67330K, committed 67584K, reserved 1107968K
  class space    used 8265K, capacity 8875K, committed 8960K, reserved 1048576K
2020-11-07T19:58:49.263+0800: 55.940: [GC (Allocation Failure) 2020-11-07T19:58:49.263+0800: 55.940: [ParNew: 8674K->459K(9216K), 0.0253501 secs] 58982K->50798K(93940K), 0.0254314 secs] [Times: user=0.02 sys=0.00, real=0.03 secs] 
Heap after GC invocations=737 (full 67):
 par new generation   total 9216K, used 459K [0x00000000e3400000, 0x00000000e3e00000, 0x00000000ecca0000)
  eden space 8192K,   0% used [0x00000000e3400000, 0x00000000e3400000, 0x00000000e3c00000)
  from space 1024K,  44% used [0x00000000e3d00000, 0x00000000e3d72e20, 0x00000000e3e00000)
  to   space 1024K,   0% used [0x00000000e3c00000, 0x00000000e3c00000, 0x00000000e3d00000)
 concurrent mark-sweep generation total 84724K, used 50338K [0x00000000ecca0000, 0x00000000f1f5d000, 0x0000000100000000)
 Metaspace       used 64315K, capacity 67330K, committed 67584K, reserved 1107968K
  class space    used 8265K, capacity 8875K, committed 8960K, reserved 1048576K
}
2020-11-07T19:58:49.312+0800: 55.989: Application time: 0.0235263 seconds
{Heap before GC invocations=737 (full 67):
 par new generation   total 9216K, used 8651K [0x00000000e3400000, 0x00000000e3e00000, 0x00000000ecca0000)
  eden space 8192K, 100% used [0x00000000e3400000, 0x00000000e3c00000, 0x00000000e3c00000)
  from space 1024K,  44% used [0x00000000e3d00000, 0x00000000e3d72e20, 0x00000000e3e00000)
  to   space 1024K,   0% used [0x00000000e3c00000, 0x00000000e3c00000, 0x00000000e3d00000)
 concurrent mark-sweep generation total 84724K, used 50338K [0x00000000ecca0000, 0x00000000f1f5d000, 0x0000000100000000)
 Metaspace       used 64315K, capacity 67330K, committed 67584K, reserved 1107968K
  class space    used 8265K, capacity 8875K, committed 8960K, reserved 1048576K
2020-11-07T19:58:49.312+0800: 55.989: [GC (Allocation Failure) 2020-11-07T19:58:49.312+0800: 55.989: [ParNew: 8651K->557K(9216K), 0.0208565 secs] 58990K->50953K(93940K), 0.0209126 secs] [Times: user=0.01 sys=0.00, real=0.02 secs] 
Heap after GC invocations=738 (full 67):
 par new generation   total 9216K, used 557K [0x00000000e3400000, 0x00000000e3e00000, 0x00000000ecca0000)
  eden space 8192K,   0% used [0x00000000e3400000, 0x00000000e3400000, 0x00000000e3c00000)
  from space 1024K,  54% used [0x00000000e3c00000, 0x00000000e3c8b6e0, 0x00000000e3d00000)
  to   space 1024K,   0% used [0x00000000e3d00000, 0x00000000e3d00000, 0x00000000e3e00000)
 concurrent mark-sweep generation total 84724K, used 50395K [0x00000000ecca0000, 0x00000000f1f5d000, 0x0000000100000000)
 Metaspace       used 64315K, capacity 67330K, committed 67584K, reserved 1107968K
  class space    used 8265K, capacity 8875K, committed 8960K, reserved 1048576K
}
2020-11-07T19:58:49.370+0800: 56.046: Application time: 0.0364483 seconds
{Heap before GC invocations=738 (full 67):
 par new generation   total 9216K, used 8749K [0x00000000e3400000, 0x00000000e3e00000, 0x00000000ecca0000)
  eden space 8192K, 100% used [0x00000000e3400000, 0x00000000e3c00000, 0x00000000e3c00000)
  from space 1024K,  54% used [0x00000000e3c00000, 0x00000000e3c8b6e0, 0x00000000e3d00000)
  to   space 1024K,   0% used [0x00000000e3d00000, 0x00000000e3d00000, 0x00000000e3e00000)
 concurrent mark-sweep generation total 84724K, used 50395K [0x00000000ecca0000, 0x00000000f1f5d000, 0x0000000100000000)
 Metaspace       used 64343K, capacity 67330K, committed 67584K, reserved 1107968K
  class space    used 8268K, capacity 8875K, committed 8960K, reserved 1048576K
2020-11-07T19:58:49.370+0800: 56.047: [GC (Allocation Failure) 2020-11-07T19:58:49.370+0800: 56.047: [ParNew: 8749K->450K(9216K), 0.0249028 secs] 59145K->50873K(93940K), 0.0249586 secs] [Times: user=0.02 sys=0.00, real=0.03 secs] 
Heap after GC invocations=739 (full 67):
 par new generation   total 9216K, used 450K [0x00000000e3400000, 0x00000000e3e00000, 0x00000000ecca0000)
  eden space 8192K,   0% used [0x00000000e3400000, 0x00000000e3400000, 0x00000000e3c00000)
  from space 1024K,  44% used [0x00000000e3d00000, 0x00000000e3d70a88, 0x00000000e3e00000)
  to   space 1024K,   0% used [0x00000000e3c00000, 0x00000000e3c00000, 0x00000000e3d00000)
 concurrent mark-sweep generation total 84724K, used 50423K [0x00000000ecca0000, 0x00000000f1f5d000, 0x0000000100000000)
 Metaspace       used 64343K, capacity 67330K, committed 67584K, reserved 1107968K
  class space    used 8268K, capacity 8875K, committed 8960K, reserved 1048576K
}
2020-11-07T19:58:49.405+0800: 56.081: Application time: 0.0098578 seconds
{Heap before GC invocations=739 (full 67):
 par new generation   total 9216K, used 8642K [0x00000000e3400000, 0x00000000e3e00000, 0x00000000ecca0000)
  eden space 8192K, 100% used [0x00000000e3400000, 0x00000000e3c00000, 0x00000000e3c00000)
  from space 1024K,  44% used [0x00000000e3d00000, 0x00000000e3d70a88, 0x00000000e3e00000)
  to   space 1024K,   0% used [0x00000000e3c00000, 0x00000000e3c00000, 0x00000000e3d00000)
 concurrent mark-sweep generation total 84724K, used 50423K [0x00000000ecca0000, 0x00000000f1f5d000, 0x0000000100000000)
 Metaspace       used 64343K, capacity 67330K, committed 67584K, reserved 1107968K
  class space    used 8268K, capacity 8875K, committed 8960K, reserved 1048576K
2020-11-07T19:58:49.405+0800: 56.082: [GC (Allocation Failure) 2020-11-07T19:58:49.405+0800: 56.082: [ParNew: 8642K->455K(9216K), 0.0576726 secs] 59065K->50911K(93940K), 0.0577285 secs] [Times: user=0.06 sys=0.00, real=0.05 secs] 
Heap after GC invocations=740 (full 67):
 par new generation   total 9216K, used 455K [0x00000000e3400000, 0x00000000e3e00000, 0x00000000ecca0000)
  eden space 8192K,   0% used [0x00000000e3400000, 0x00000000e3400000, 0x00000000e3c00000)
  from space 1024K,  44% used [0x00000000e3c00000, 0x00000000e3c71de0, 0x00000000e3d00000)
  to   space 1024K,   0% used [0x00000000e3d00000, 0x00000000e3d00000, 0x00000000e3e00000)
 concurrent mark-sweep generation total 84724K, used 50456K [0x00000000ecca0000, 0x00000000f1f5d000, 0x0000000100000000)
 Metaspace       used 64343K, capacity 67330K, committed 67584K, reserved 1107968K
  class space    used 8268K, capacity 8875K, committed 8960K, reserved 1048576K
}
2020-11-07T19:58:49.493+0800: 56.170: Application time: 0.0300601 seconds
{Heap before GC invocations=740 (full 67):
 par new generation   total 9216K, used 8647K [0x00000000e3400000, 0x00000000e3e00000, 0x00000000ecca0000)
  eden space 8192K, 100% used [0x00000000e3400000, 0x00000000e3c00000, 0x00000000e3c00000)
  from space 1024K,  44% used [0x00000000e3c00000, 0x00000000e3c71de0, 0x00000000e3d00000)
  to   space 1024K,   0% used [0x00000000e3d00000, 0x00000000e3d00000, 0x00000000e3e00000)
 concurrent mark-sweep generation total 84724K, used 50456K [0x00000000ecca0000, 0x00000000f1f5d000, 0x0000000100000000)
 Metaspace       used 64368K, capacity 67398K, committed 67584K, reserved 1107968K
  class space    used 8270K, capacity 8877K, committed 8960K, reserved 1048576K
2020-11-07T19:58:49.493+0800: 56.170: [GC (Allocation Failure) 2020-11-07T19:58:49.493+0800: 56.170: [ParNew: 8647K->449K(9216K), 0.0152557 secs] 59103K->50942K(93940K), 0.0153113 secs] [Times: user=0.01 sys=0.01, real=0.02 secs] 
Heap after GC invocations=741 (full 67):
 par new generation   total 9216K, used 449K [0x00000000e3400000, 0x00000000e3e00000, 0x00000000ecca0000)
  eden space 8192K,   0% used [0x00000000e3400000, 0x00000000e3400000, 0x00000000e3c00000)
  from space 1024K,  43% used [0x00000000e3d00000, 0x00000000e3d706c0, 0x00000000e3e00000)
  to   space 1024K,   0% used [0x00000000e3c00000, 0x00000000e3c00000, 0x00000000e3d00000)
 concurrent mark-sweep generation total 84724K, used 50492K [0x00000000ecca0000, 0x00000000f1f5d000, 0x0000000100000000)
 Metaspace       used 64368K, capacity 67398K, committed 67584K, reserved 1107968K
  class space    used 8270K, capacity 8877K, committed 8960K, reserved 1048576K
}
2020-11-07T19:58:49.527+0800: 56.204: Application time: 0.0184319 seconds
{Heap before GC invocations=741 (full 67):
 par new generation   total 9216K, used 8641K [0x00000000e3400000, 0x00000000e3e00000, 0x00000000ecca0000)
  eden space 8192K, 100% used [0x00000000e3400000, 0x00000000e3c00000, 0x00000000e3c00000)
  from space 1024K,  43% used [0x00000000e3d00000, 0x00000000e3d706c0, 0x00000000e3e00000)
  to   space 1024K,   0% used [0x00000000e3c00000, 0x00000000e3c00000, 0x00000000e3d00000)
 concurrent mark-sweep generation total 84724K, used 50492K [0x00000000ecca0000, 0x00000000f1f5d000, 0x0000000100000000)
 Metaspace       used 64399K, capacity 67398K, committed 67584K, reserved 1107968K
  class space    used 8273K, capacity 8877K, committed 8960K, reserved 1048576K
2020-11-07T19:58:49.527+0800: 56.204: [GC (Allocation Failure) 2020-11-07T19:58:49.527+0800: 56.204: [ParNew: 8641K->457K(9216K), 0.0215068 secs] 59134K->50976K(93940K), 0.0215644 secs] [Times: user=0.02 sys=0.00, real=0.02 secs] 
Heap after GC invocations=742 (full 67):
 par new generation   total 9216K, used 457K [0x00000000e3400000, 0x00000000e3e00000, 0x00000000ecca0000)
  eden space 8192K,   0% used [0x00000000e3400000, 0x00000000e3400000, 0x00000000e3c00000)
  from space 1024K,  44% used [0x00000000e3c00000, 0x00000000e3c72478, 0x00000000e3d00000)
  to   space 1024K,   0% used [0x00000000e3d00000, 0x00000000e3d00000, 0x00000000e3e00000)
 concurrent mark-sweep generation total 84724K, used 50519K [0x00000000ecca0000, 0x00000000f1f5d000, 0x0000000100000000)
 Metaspace       used 64399K, capacity 67398K, committed 67584K, reserved 1107968K
  class space    used 8273K, capacity 8877K, committed 8960K, reserved 1048576K
}
2020-11-07T19:58:49.570+0800: 56.247: Application time: 0.0215663 seconds
{Heap before GC invocations=742 (full 67):
 par new generation   total 9216K, used 8649K [0x00000000e3400000, 0x00000000e3e00000, 0x00000000ecca0000)
  eden space 8192K, 100% used [0x00000000e3400000, 0x00000000e3c00000, 0x00000000e3c00000)
  from space 1024K,  44% used [0x00000000e3c00000, 0x00000000e3c72478, 0x00000000e3d00000)
  to   space 1024K,   0% used [0x00000000e3d00000, 0x00000000e3d00000, 0x00000000e3e00000)
 concurrent mark-sweep generation total 84724K, used 50519K [0x00000000ecca0000, 0x00000000f1f5d000, 0x0000000100000000)
 Metaspace       used 64405K, capacity 67398K, committed 67584K, reserved 1107968K
  class space    used 8274K, capacity 8877K, committed 8960K, reserved 1048576K
2020-11-07T19:58:49.570+0800: 56.247: [GC (Allocation Failure) 2020-11-07T19:58:49.570+0800: 56.247: [ParNew: 8649K->446K(9216K), 0.0171479 secs] 59168K->50993K(93940K), 0.0172027 secs] [Times: user=0.02 sys=0.00, real=0.02 secs] 
Heap after GC invocations=743 (full 67):
 par new generation   total 9216K, used 446K [0x00000000e3400000, 0x00000000e3e00000, 0x00000000ecca0000)
  eden space 8192K,   0% used [0x00000000e3400000, 0x00000000e3400000, 0x00000000e3c00000)
  from space 1024K,  43% used [0x00000000e3d00000, 0x00000000e3d6fa98, 0x00000000e3e00000)
  to   space 1024K,   0% used [0x00000000e3c00000, 0x00000000e3c00000, 0x00000000e3d00000)
 concurrent mark-sweep generation total 84724K, used 50547K [0x00000000ecca0000, 0x00000000f1f5d000, 0x0000000100000000)
 Metaspace       used 64405K, capacity 67398K, committed 67584K, reserved 1107968K
  class space    used 8274K, capacity 8877K, committed 8960K, reserved 1048576K
}
2020-11-07T19:58:49.617+0800: 56.293: Application time: 0.0290703 seconds
{Heap before GC invocations=743 (full 67):
 par new generation   total 9216K, used 8638K [0x00000000e3400000, 0x00000000e3e00000, 0x00000000ecca0000)
  eden space 8192K, 100% used [0x00000000e3400000, 0x00000000e3c00000, 0x00000000e3c00000)
  from space 1024K,  43% used [0x00000000e3d00000, 0x00000000e3d6fa98, 0x00000000e3e00000)
  to   space 1024K,   0% used [0x00000000e3c00000, 0x00000000e3c00000, 0x00000000e3d00000)
 concurrent mark-sweep generation total 84724K, used 50547K [0x00000000ecca0000, 0x00000000f1f5d000, 0x0000000100000000)
 Metaspace       used 64423K, capacity 67398K, committed 67584K, reserved 1107968K
  class space    used 8276K, capacity 8877K, committed 8960K, reserved 1048576K
2020-11-07T19:58:49.617+0800: 56.294: [GC (Allocation Failure) 2020-11-07T19:58:49.617+0800: 56.294: [ParNew: 8638K->464K(9216K), 0.0419631 secs] 59185K->51091K(93940K), 0.0420205 secs] [Times: user=0.04 sys=0.00, real=0.04 secs] 
Heap after GC invocations=744 (full 67):
 par new generation   total 9216K, used 464K [0x00000000e3400000, 0x00000000e3e00000, 0x00000000ecca0000)
  eden space 8192K,   0% used [0x00000000e3400000, 0x00000000e3400000, 0x00000000e3c00000)
  from space 1024K,  45% used [0x00000000e3c00000, 0x00000000e3c74068, 0x00000000e3d00000)
  to   space 1024K,   0% used [0x00000000e3d00000, 0x00000000e3d00000, 0x00000000e3e00000)
 concurrent mark-sweep generation total 84724K, used 50627K [0x00000000ecca0000, 0x00000000f1f5d000, 0x0000000100000000)
 Metaspace       used 64423K, capacity 67398K, committed 67584K, reserved 1107968K
  class space    used 8276K, capacity 8877K, committed 8960K, reserved 1048576K
}
2020-11-07T19:58:49.672+0800: 56.349: Application time: 0.0133311 seconds
{Heap before GC invocations=744 (full 67):
 par new generation   total 9216K, used 8656K [0x00000000e3400000, 0x00000000e3e00000, 0x00000000ecca0000)
  eden space 8192K, 100% used [0x00000000e3400000, 0x00000000e3c00000, 0x00000000e3c00000)
  from space 1024K,  45% used [0x00000000e3c00000, 0x00000000e3c74068, 0x00000000e3d00000)
  to   space 1024K,   0% used [0x00000000e3d00000, 0x00000000e3d00000, 0x00000000e3e00000)
 concurrent mark-sweep generation total 84724K, used 50627K [0x00000000ecca0000, 0x00000000f1f5d000, 0x0000000100000000)
 Metaspace       used 64430K, capacity 67398K, committed 67584K, reserved 1107968K
  class space    used 8277K, capacity 8877K, committed 8960K, reserved 1048576K
2020-11-07T19:58:49.672+0800: 56.349: [GC (Allocation Failure) 2020-11-07T19:58:49.672+0800: 56.349: [ParNew: 8656K->424K(9216K), 0.0363217 secs] 59283K->51081K(93940K), 0.0363800 secs] [Times: user=0.04 sys=0.00, real=0.04 secs] 
Heap after GC invocations=745 (full 67):
 par new generation   total 9216K, used 424K [0x00000000e3400000, 0x00000000e3e00000, 0x00000000ecca0000)
  eden space 8192K,   0% used [0x00000000e3400000, 0x00000000e3400000, 0x00000000e3c00000)
  from space 1024K,  41% used [0x00000000e3d00000, 0x00000000e3d6a218, 0x00000000e3e00000)
  to   space 1024K,   0% used [0x00000000e3c00000, 0x00000000e3c00000, 0x00000000e3d00000)
 concurrent mark-sweep generation total 84724K, used 50656K [0x00000000ecca0000, 0x00000000f1f5d000, 0x0000000100000000)
 Metaspace       used 64430K, capacity 67398K, committed 67584K, reserved 1107968K
  class space    used 8277K, capacity 8877K, committed 8960K, reserved 1048576K
}
2020-11-07T19:58:49.721+0800: 56.398: Application time: 0.0120812 seconds
{Heap before GC invocations=745 (full 67):
 par new generation   total 9216K, used 8616K [0x00000000e3400000, 0x00000000e3e00000, 0x00000000ecca0000)
  eden space 8192K, 100% used [0x00000000e3400000, 0x00000000e3c00000, 0x00000000e3c00000)
  from space 1024K,  41% used [0x00000000e3d00000, 0x00000000e3d6a218, 0x00000000e3e00000)
  to   space 1024K,   0% used [0x00000000e3c00000, 0x00000000e3c00000, 0x00000000e3d00000)
 concurrent mark-sweep generation total 84724K, used 50656K [0x00000000ecca0000, 0x00000000f1f5d000, 0x0000000100000000)
 Metaspace       used 64436K, capacity 67398K, committed 67584K, reserved 1107968K
  class space    used 8277K, capacity 8877K, committed 8960K, reserved 1048576K
2020-11-07T19:58:49.721+0800: 56.398: [GC (Allocation Failure) 2020-11-07T19:58:49.721+0800: 56.398: [ParNew: 8616K->485K(9216K), 0.0185973 secs] 59273K->51175K(93940K), 0.0186528 secs] [Times: user=0.02 sys=0.00, real=0.02 secs] 
Heap after GC invocations=746 (full 67):
 par new generation   total 9216K, used 485K [0x00000000e3400000, 0x00000000e3e00000, 0x00000000ecca0000)
  eden space 8192K,   0% used [0x00000000e3400000, 0x00000000e3400000, 0x00000000e3c00000)
  from space 1024K,  47% used [0x00000000e3c00000, 0x00000000e3c79500, 0x00000000e3d00000)
  to   space 1024K,   0% used [0x00000000e3d00000, 0x00000000e3d00000, 0x00000000e3e00000)
 concurrent mark-sweep generation total 84724K, used 50690K [0x00000000ecca0000, 0x00000000f1f5d000, 0x0000000100000000)
 Metaspace       used 64436K, capacity 67398K, committed 67584K, reserved 1107968K
  class space    used 8277K, capacity 8877K, committed 8960K, reserved 1048576K
}
2020-11-07T19:58:49.761+0800: 56.438: Application time: 0.0208794 seconds
{Heap before GC invocations=746 (full 67):
 par new generation   total 9216K, used 8677K [0x00000000e3400000, 0x00000000e3e00000, 0x00000000ecca0000)
  eden space 8192K, 100% used [0x00000000e3400000, 0x00000000e3c00000, 0x00000000e3c00000)
  from space 1024K,  47% used [0x00000000e3c00000, 0x00000000e3c79500, 0x00000000e3d00000)
  to   space 1024K,   0% used [0x00000000e3d00000, 0x00000000e3d00000, 0x00000000e3e00000)
 concurrent mark-sweep generation total 84724K, used 50690K [0x00000000ecca0000, 0x00000000f1f5d000, 0x0000000100000000)
 Metaspace       used 64443K, capacity 67462K, committed 67584K, reserved 1107968K
  class space    used 8277K, capacity 8877K, committed 8960K, reserved 1048576K
2020-11-07T19:58:49.761+0800: 56.438: [GC (Allocation Failure) 2020-11-07T19:58:49.761+0800: 56.438: [ParNew: 8677K->404K(9216K), 0.0208561 secs] 59367K->51122K(93940K), 0.0209111 secs] [Times: user=0.02 sys=0.00, real=0.02 secs] 
Heap after GC invocations=747 (full 67):
 par new generation   total 9216K, used 404K [0x00000000e3400000, 0x00000000e3e00000, 0x00000000ecca0000)
  eden space 8192K,   0% used [0x00000000e3400000, 0x00000000e3400000, 0x00000000e3c00000)
  from space 1024K,  39% used [0x00000000e3d00000, 0x00000000e3d652c0, 0x00000000e3e00000)
  to   space 1024K,   0% used [0x00000000e3c00000, 0x00000000e3c00000, 0x00000000e3d00000)
 concurrent mark-sweep generation total 84724K, used 50717K [0x00000000ecca0000, 0x00000000f1f5d000, 0x0000000100000000)
 Metaspace       used 64443K, capacity 67462K, committed 67584K, reserved 1107968K
  class space    used 8277K, capacity 8877K, committed 8960K, reserved 1048576K
}
2020-11-07T19:58:49.824+0800: 56.501: Application time: 0.0423694 seconds
{Heap before GC invocations=747 (full 67):
 par new generation   total 9216K, used 8596K [0x00000000e3400000, 0x00000000e3e00000, 0x00000000ecca0000)
  eden space 8192K, 100% used [0x00000000e3400000, 0x00000000e3c00000, 0x00000000e3c00000)
  from space 1024K,  39% used [0x00000000e3d00000, 0x00000000e3d652c0, 0x00000000e3e00000)
  to   space 1024K,   0% used [0x00000000e3c00000, 0x00000000e3c00000, 0x00000000e3d00000)
 concurrent mark-sweep generation total 84724K, used 50717K [0x00000000ecca0000, 0x00000000f1f5d000, 0x0000000100000000)
 Metaspace       used 64468K, capacity 67466K, committed 67584K, reserved 1107968K
  class space    used 8280K, capacity 8877K, committed 8960K, reserved 1048576K
2020-11-07T19:58:49.824+0800: 56.501: [GC (Allocation Failure) 2020-11-07T19:58:49.825+0800: 56.501: [ParNew: 8596K->582K(9216K), 0.0257701 secs] 59314K->51346K(93940K), 0.0258413 secs] [Times: user=0.02 sys=0.00, real=0.02 secs] 
Heap after GC invocations=748 (full 67):
 par new generation   total 9216K, used 582K [0x00000000e3400000, 0x00000000e3e00000, 0x00000000ecca0000)
  eden space 8192K,   0% used [0x00000000e3400000, 0x00000000e3400000, 0x00000000e3c00000)
  from space 1024K,  56% used [0x00000000e3c00000, 0x00000000e3c918d0, 0x00000000e3d00000)
  to   space 1024K,   0% used [0x00000000e3d00000, 0x00000000e3d00000, 0x00000000e3e00000)
 concurrent mark-sweep generation total 84724K, used 50764K [0x00000000ecca0000, 0x00000000f1f5d000, 0x0000000100000000)
 Metaspace       used 64468K, capacity 67466K, committed 67584K, reserved 1107968K
  class space    used 8280K, capacity 8877K, committed 8960K, reserved 1048576K
}
2020-11-07T19:58:49.869+0800: 56.546: Application time: 0.0185381 seconds
{Heap before GC invocations=748 (full 67):
 par new generation   total 9216K, used 8774K [0x00000000e3400000, 0x00000000e3e00000, 0x00000000ecca0000)
  eden space 8192K, 100% used [0x00000000e3400000, 0x00000000e3c00000, 0x00000000e3c00000)
  from space 1024K,  56% used [0x00000000e3c00000, 0x00000000e3c918d0, 0x00000000e3d00000)
  to   space 1024K,   0% used [0x00000000e3d00000, 0x00000000e3d00000, 0x00000000e3e00000)
 concurrent mark-sweep generation total 84724K, used 50764K [0x00000000ecca0000, 0x00000000f1f5d000, 0x0000000100000000)
 Metaspace       used 64471K, capacity 67466K, committed 67584K, reserved 1107968K
  class space    used 8281K, capacity 8877K, committed 8960K, reserved 1048576K
2020-11-07T19:58:49.869+0800: 56.546: [GC (Allocation Failure) 2020-11-07T19:58:49.869+0800: 56.546: [ParNew: 8774K->452K(9216K), 0.0171965 secs] 59538K->51246K(93940K), 0.0172844 secs] [Times: user=0.02 sys=0.00, real=0.02 secs] 
Heap after GC invocations=749 (full 67):
 par new generation   total 9216K, used 452K [0x00000000e3400000, 0x00000000e3e00000, 0x00000000ecca0000)
  eden space 8192K,   0% used [0x00000000e3400000, 0x00000000e3400000, 0x00000000e3c00000)
  from space 1024K,  44% used [0x00000000e3d00000, 0x00000000e3d71228, 0x00000000e3e00000)
  to   space 1024K,   0% used [0x00000000e3c00000, 0x00000000e3c00000, 0x00000000e3d00000)
 concurrent mark-sweep generation total 84724K, used 50794K [0x00000000ecca0000, 0x00000000f1f5d000, 0x0000000100000000)
 Metaspace       used 64471K, capacity 67466K, committed 67584K, reserved 1107968K
  class space    used 8281K, capacity 8877K, committed 8960K, reserved 1048576K
}
2020-11-07T19:58:49.908+0800: 56.584: Application time: 0.0210182 seconds
{Heap before GC invocations=749 (full 67):
 par new generation   total 9216K, used 8644K [0x00000000e3400000, 0x00000000e3e00000, 0x00000000ecca0000)
  eden space 8192K, 100% used [0x00000000e3400000, 0x00000000e3c00000, 0x00000000e3c00000)
  from space 1024K,  44% used [0x00000000e3d00000, 0x00000000e3d71228, 0x00000000e3e00000)
  to   space 1024K,   0% used [0x00000000e3c00000, 0x00000000e3c00000, 0x00000000e3d00000)
 concurrent mark-sweep generation total 84724K, used 50794K [0x00000000ecca0000, 0x00000000f1f5d000, 0x0000000100000000)
 Metaspace       used 64477K, capacity 67472K, committed 67584K, reserved 1107968K
  class space    used 8281K, capacity 8878K, committed 8960K, reserved 1048576K
2020-11-07T19:58:49.908+0800: 56.584: [GC (Allocation Failure) 2020-11-07T19:58:49.908+0800: 56.584: [ParNew: 8644K->626K(9216K), 0.0641793 secs] 59438K->51443K(93940K), 0.0642349 secs] [Times: user=0.06 sys=0.01, real=0.06 secs] 
Heap after GC invocations=750 (full 67):
 par new generation   total 9216K, used 626K [0x00000000e3400000, 0x00000000e3e00000, 0x00000000ecca0000)
  eden space 8192K,   0% used [0x00000000e3400000, 0x00000000e3400000, 0x00000000e3c00000)
  from space 1024K,  61% used [0x00000000e3c00000, 0x00000000e3c9c878, 0x00000000e3d00000)
  to   space 1024K,   0% used [0x00000000e3d00000, 0x00000000e3d00000, 0x00000000e3e00000)
 concurrent mark-sweep generation total 84724K, used 50817K [0x00000000ecca0000, 0x00000000f1f5d000, 0x0000000100000000)
 Metaspace       used 64477K, capacity 67472K, committed 67584K, reserved 1107968K
  class space    used 8281K, capacity 8878K, committed 8960K, reserved 1048576K
}
2020-11-07T19:58:49.992+0800: 56.669: Application time: 0.0204462 seconds
{Heap before GC invocations=750 (full 67):
 par new generation   total 9216K, used 8818K [0x00000000e3400000, 0x00000000e3e00000, 0x00000000ecca0000)
  eden space 8192K, 100% used [0x00000000e3400000, 0x00000000e3c00000, 0x00000000e3c00000)
  from space 1024K,  61% used [0x00000000e3c00000, 0x00000000e3c9c878, 0x00000000e3d00000)
  to   space 1024K,   0% used [0x00000000e3d00000, 0x00000000e3d00000, 0x00000000e3e00000)
 concurrent mark-sweep generation total 84724K, used 50817K [0x00000000ecca0000, 0x00000000f1f5d000, 0x0000000100000000)
 Metaspace       used 64478K, capacity 67472K, committed 67584K, reserved 1107968K
  class space    used 8281K, capacity 8878K, committed 8960K, reserved 1048576K
2020-11-07T19:58:49.993+0800: 56.669: [GC (Allocation Failure) 2020-11-07T19:58:49.993+0800: 56.669: [ParNew: 8818K->484K(9216K), 0.0161893 secs] 59635K->51338K(93940K), 0.0162450 secs] [Times: user=0.02 sys=0.00, real=0.02 secs] 
Heap after GC invocations=751 (full 67):
 par new generation   total 9216K, used 484K [0x00000000e3400000, 0x00000000e3e00000, 0x00000000ecca0000)
  eden space 8192K,   0% used [0x00000000e3400000, 0x00000000e3400000, 0x00000000e3c00000)
  from space 1024K,  47% used [0x00000000e3d00000, 0x00000000e3d79270, 0x00000000e3e00000)
  to   space 1024K,   0% used [0x00000000e3c00000, 0x00000000e3c00000, 0x00000000e3d00000)
 concurrent mark-sweep generation total 84724K, used 50854K [0x00000000ecca0000, 0x00000000f1f5d000, 0x0000000100000000)
 Metaspace       used 64478K, capacity 67472K, committed 67584K, reserved 1107968K
  class space    used 8281K, capacity 8878K, committed 8960K, reserved 1048576K
}
2020-11-07T19:58:50.013+0800: 56.690: Application time: 0.0038832 seconds
2020-11-07T19:58:50.013+0800: 56.690: [GC (CMS Initial Mark) [1 CMS-initial-mark: 50854K(84724K)] 51852K(93940K), 0.0063044 secs] [Times: user=0.01 sys=0.00, real=0.01 secs] 
2020-11-07T19:58:50.024+0800: 56.700: [CMS-concurrent-mark-start]
2020-11-07T19:58:50.108+0800: 56.784: Application time: 0.0881761 seconds
{Heap before GC invocations=751 (full 68):
 par new generation   total 9216K, used 8676K [0x00000000e3400000, 0x00000000e3e00000, 0x00000000ecca0000)
  eden space 8192K, 100% used [0x00000000e3400000, 0x00000000e3c00000, 0x00000000e3c00000)
  from space 1024K,  47% used [0x00000000e3d00000, 0x00000000e3d79270, 0x00000000e3e00000)
  to   space 1024K,   0% used [0x00000000e3c00000, 0x00000000e3c00000, 0x00000000e3d00000)
 concurrent mark-sweep generation total 84724K, used 50854K [0x00000000ecca0000, 0x00000000f1f5d000, 0x0000000100000000)
 Metaspace       used 64504K, capacity 67472K, committed 67584K, reserved 1107968K
  class space    used 8284K, capacity 8878K, committed 8960K, reserved 1048576K
2020-11-07T19:58:50.108+0800: 56.784: [GC (Allocation Failure) 2020-11-07T19:58:50.108+0800: 56.784: [ParNew: 8676K->597K(9216K), 0.0096455 secs] 59530K->51491K(93940K), 0.0097329 secs] [Times: user=0.01 sys=0.00, real=0.01 secs] 
Heap after GC invocations=752 (full 68):
 par new generation   total 9216K, used 597K [0x00000000e3400000, 0x00000000e3e00000, 0x00000000ecca0000)
  eden space 8192K,   0% used [0x00000000e3400000, 0x00000000e3400000, 0x00000000e3c00000)
  from space 1024K,  58% used [0x00000000e3c00000, 0x00000000e3c957c0, 0x00000000e3d00000)
  to   space 1024K,   0% used [0x00000000e3d00000, 0x00000000e3d00000, 0x00000000e3e00000)
 concurrent mark-sweep generation total 84724K, used 50894K [0x00000000ecca0000, 0x00000000f1f5d000, 0x0000000100000000)
 Metaspace       used 64504K, capacity 67472K, committed 67584K, reserved 1107968K
  class space    used 8284K, capacity 8878K, committed 8960K, reserved 1048576K
}
2020-11-07T19:58:50.150+0800: 56.827: Application time: 0.0329012 seconds
{Heap before GC invocations=752 (full 68):
 par new generation   total 9216K, used 8789K [0x00000000e3400000, 0x00000000e3e00000, 0x00000000ecca0000)
  eden space 8192K, 100% used [0x00000000e3400000, 0x00000000e3c00000, 0x00000000e3c00000)
  from space 1024K,  58% used [0x00000000e3c00000, 0x00000000e3c957c0, 0x00000000e3d00000)
  to   space 1024K,   0% used [0x00000000e3d00000, 0x00000000e3d00000, 0x00000000e3e00000)
 concurrent mark-sweep generation total 84724K, used 50894K [0x00000000ecca0000, 0x00000000f1f5d000, 0x0000000100000000)
 Metaspace       used 64504K, capacity 67472K, committed 67584K, reserved 1107968K
  class space    used 8284K, capacity 8878K, committed 8960K, reserved 1048576K
2020-11-07T19:58:50.151+0800: 56.827: [GC (Allocation Failure) 2020-11-07T19:58:50.151+0800: 56.827: [ParNew: 8789K->600K(9216K), 0.0251687 secs] 59683K->51525K(93940K), 0.0252247 secs] [Times: user=0.03 sys=0.00, real=0.03 secs] 
Heap after GC invocations=753 (full 68):
 par new generation   total 9216K, used 600K [0x00000000e3400000, 0x00000000e3e00000, 0x00000000ecca0000)
  eden space 8192K,   0% used [0x00000000e3400000, 0x00000000e3400000, 0x00000000e3c00000)
  from space 1024K,  58% used [0x00000000e3d00000, 0x00000000e3d96398, 0x00000000e3e00000)
  to   space 1024K,   0% used [0x00000000e3c00000, 0x00000000e3c00000, 0x00000000e3d00000)
 concurrent mark-sweep generation total 84724K, used 50924K [0x00000000ecca0000, 0x00000000f1f5d000, 0x0000000100000000)
 Metaspace       used 64504K, capacity 67472K, committed 67584K, reserved 1107968K
  class space    used 8284K, capacity 8878K, committed 8960K, reserved 1048576K
}
2020-11-07T19:58:50.265+0800: 56.942: Application time: 0.0893390 seconds
{Heap before GC invocations=753 (full 68):
 par new generation   total 9216K, used 8792K [0x00000000e3400000, 0x00000000e3e00000, 0x00000000ecca0000)
  eden space 8192K, 100% used [0x00000000e3400000, 0x00000000e3c00000, 0x00000000e3c00000)
  from space 1024K,  58% used [0x00000000e3d00000, 0x00000000e3d96398, 0x00000000e3e00000)
  to   space 1024K,   0% used [0x00000000e3c00000, 0x00000000e3c00000, 0x00000000e3d00000)
 concurrent mark-sweep generation total 84724K, used 50924K [0x00000000ecca0000, 0x00000000f1f5d000, 0x0000000100000000)
 Metaspace       used 64552K, capacity 67542K, committed 67840K, reserved 1107968K
  class space    used 8288K, capacity 8879K, committed 8960K, reserved 1048576K
2020-11-07T19:58:50.265+0800: 56.942: [GC (Allocation Failure) 2020-11-07T19:58:50.265+0800: 56.942: [ParNew: 8792K->655K(9216K), 0.0147195 secs] 59717K->51616K(93940K), 0.0147875 secs] [Times: user=0.02 sys=0.00, real=0.01 secs] 
Heap after GC invocations=754 (full 68):
 par new generation   total 9216K, used 655K [0x00000000e3400000, 0x00000000e3e00000, 0x00000000ecca0000)
  eden space 8192K,   0% used [0x00000000e3400000, 0x00000000e3400000, 0x00000000e3c00000)
  from space 1024K,  64% used [0x00000000e3c00000, 0x00000000e3ca3eb0, 0x00000000e3d00000)
  to   space 1024K,   0% used [0x00000000e3d00000, 0x00000000e3d00000, 0x00000000e3e00000)
 concurrent mark-sweep generation total 84724K, used 50960K [0x00000000ecca0000, 0x00000000f1f5d000, 0x0000000100000000)
 Metaspace       used 64552K, capacity 67542K, committed 67840K, reserved 1107968K
  class space    used 8288K, capacity 8879K, committed 8960K, reserved 1048576K
}
2020-11-07T19:58:50.341+0800: 57.017: Application time: 0.0602301 seconds
{Heap before GC invocations=754 (full 68):
 par new generation   total 9216K, used 8847K [0x00000000e3400000, 0x00000000e3e00000, 0x00000000ecca0000)
  eden space 8192K, 100% used [0x00000000e3400000, 0x00000000e3c00000, 0x00000000e3c00000)
  from space 1024K,  64% used [0x00000000e3c00000, 0x00000000e3ca3eb0, 0x00000000e3d00000)
  to   space 1024K,   0% used [0x00000000e3d00000, 0x00000000e3d00000, 0x00000000e3e00000)
 concurrent mark-sweep generation total 84724K, used 50960K [0x00000000ecca0000, 0x00000000f1f5d000, 0x0000000100000000)
 Metaspace       used 64604K, capacity 67646K, committed 67840K, reserved 1107968K
  class space    used 8296K, capacity 8915K, committed 8960K, reserved 1048576K
2020-11-07T19:58:50.341+0800: 57.017: [GC (Allocation Failure) 2020-11-07T19:58:50.341+0800: 57.017: [ParNew: 8847K->724K(9216K), 0.0471923 secs] 59808K->51716K(93940K), 0.0472622 secs] [Times: user=0.05 sys=0.00, real=0.05 secs] 
Heap after GC invocations=755 (full 68):
 par new generation   total 9216K, used 724K [0x00000000e3400000, 0x00000000e3e00000, 0x00000000ecca0000)
  eden space 8192K,   0% used [0x00000000e3400000, 0x00000000e3400000, 0x00000000e3c00000)
  from space 1024K,  70% used [0x00000000e3d00000, 0x00000000e3db5238, 0x00000000e3e00000)
  to   space 1024K,   0% used [0x00000000e3c00000, 0x00000000e3c00000, 0x00000000e3d00000)
 concurrent mark-sweep generation total 84724K, used 50992K [0x00000000ecca0000, 0x00000000f1f5d000, 0x0000000100000000)
 Metaspace       used 64604K, capacity 67646K, committed 67840K, reserved 1107968K
  class space    used 8296K, capacity 8915K, committed 8960K, reserved 1048576K
}
2020-11-07T19:58:50.424+0800: 57.100: Application time: 0.0355140 seconds
{Heap before GC invocations=755 (full 68):
 par new generation   total 9216K, used 8916K [0x00000000e3400000, 0x00000000e3e00000, 0x00000000ecca0000)
  eden space 8192K, 100% used [0x00000000e3400000, 0x00000000e3c00000, 0x00000000e3c00000)
  from space 1024K,  70% used [0x00000000e3d00000, 0x00000000e3db5238, 0x00000000e3e00000)
  to   space 1024K,   0% used [0x00000000e3c00000, 0x00000000e3c00000, 0x00000000e3d00000)
 concurrent mark-sweep generation total 84724K, used 50992K [0x00000000ecca0000, 0x00000000f1f5d000, 0x0000000100000000)
 Metaspace       used 64605K, capacity 67646K, committed 67840K, reserved 1107968K
  class space    used 8296K, capacity 8915K, committed 8960K, reserved 1048576K
2020-11-07T19:58:50.424+0800: 57.100: [GC (Allocation Failure) 2020-11-07T19:58:50.424+0800: 57.101: [ParNew: 8916K->773K(9216K), 0.0321041 secs] 59908K->51866K(93940K), 0.0321799 secs] [Times: user=0.03 sys=0.00, real=0.04 secs] 
Heap after GC invocations=756 (full 68):
 par new generation   total 9216K, used 773K [0x00000000e3400000, 0x00000000e3e00000, 0x00000000ecca0000)
  eden space 8192K,   0% used [0x00000000e3400000, 0x00000000e3400000, 0x00000000e3c00000)
  from space 1024K,  75% used [0x00000000e3c00000, 0x00000000e3cc17d0, 0x00000000e3d00000)
  to   space 1024K,   0% used [0x00000000e3d00000, 0x00000000e3d00000, 0x00000000e3e00000)
 concurrent mark-sweep generation total 84724K, used 51092K [0x00000000ecca0000, 0x00000000f1f5d000, 0x0000000100000000)
 Metaspace       used 64605K, capacity 67646K, committed 67840K, reserved 1107968K
  class space    used 8296K, capacity 8915K, committed 8960K, reserved 1048576K
}
2020-11-07T19:58:50.483+0800: 57.160: [CMS-concurrent-mark: 0.314/0.459 secs] [Times: user=0.44 sys=0.01, real=0.46 secs] 
2020-11-07T19:58:50.483+0800: 57.160: [CMS-concurrent-preclean-start]
2020-11-07T19:58:50.490+0800: 57.167: Application time: 0.0342635 seconds
{Heap before GC invocations=756 (full 68):
 par new generation   total 9216K, used 8965K [0x00000000e3400000, 0x00000000e3e00000, 0x00000000ecca0000)
  eden space 8192K, 100% used [0x00000000e3400000, 0x00000000e3c00000, 0x00000000e3c00000)
  from space 1024K,  75% used [0x00000000e3c00000, 0x00000000e3cc17d0, 0x00000000e3d00000)
  to   space 1024K,   0% used [0x00000000e3d00000, 0x00000000e3d00000, 0x00000000e3e00000)
 concurrent mark-sweep generation total 84724K, used 51092K [0x00000000ecca0000, 0x00000000f1f5d000, 0x0000000100000000)
 Metaspace       used 64605K, capacity 67646K, committed 67840K, reserved 1107968K
  class space    used 8296K, capacity 8915K, committed 8960K, reserved 1048576K
2020-11-07T19:58:50.490+0800: 57.167: [GC (Allocation Failure) 2020-11-07T19:58:50.490+0800: 57.167: [ParNew: 8965K->612K(9216K), 0.0445120 secs] 60058K->51704K(93940K), 0.0446070 secs] [Times: user=0.05 sys=0.00, real=0.05 secs] 
Heap after GC invocations=757 (full 68):
 par new generation   total 9216K, used 612K [0x00000000e3400000, 0x00000000e3e00000, 0x00000000ecca0000)
  eden space 8192K,   0% used [0x00000000e3400000, 0x00000000e3400000, 0x00000000e3c00000)
  from space 1024K,  59% used [0x00000000e3d00000, 0x00000000e3d992f0, 0x00000000e3e00000)
  to   space 1024K,   0% used [0x00000000e3c00000, 0x00000000e3c00000, 0x00000000e3d00000)
 concurrent mark-sweep generation total 84724K, used 51092K [0x00000000ecca0000, 0x00000000f1f5d000, 0x0000000100000000)
 Metaspace       used 64605K, capacity 67646K, committed 67840K, reserved 1107968K
  class space    used 8296K, capacity 8915K, committed 8960K, reserved 1048576K
}
2020-11-07T19:58:50.541+0800: 57.218: [CMS-concurrent-preclean: 0.012/0.058 secs] [Times: user=0.05 sys=0.00, real=0.06 secs] 
2020-11-07T19:58:50.557+0800: 57.233: Application time: 0.0215589 seconds
2020-11-07T19:58:50.557+0800: 57.234: [GC (CMS Final Remark) [YG occupancy: 5215 K (9216 K)]2020-11-07T19:58:50.557+0800: 57.234: [Rescan (parallel) , 0.0296892 secs]2020-11-07T19:58:50.587+0800: 57.263: [weak refs processing, 0.0022123 secs]2020-11-07T19:58:50.589+0800: 57.266: [class unloading, 0.0290503 secs]2020-11-07T19:58:50.618+0800: 57.295: [scrub symbol table, 0.0492103 secs]2020-11-07T19:58:50.667+0800: 57.344: [scrub string table, 0.0013706 secs][1 CMS-remark: 51092K(84724K)] 56307K(93940K), 0.1295546 secs] [Times: user=0.12 sys=0.00, real=0.13 secs] 
2020-11-07T19:58:50.694+0800: 57.371: [CMS-concurrent-sweep-start]
2020-11-07T19:58:50.743+0800: 57.420: Application time: 0.0570278 seconds
{Heap before GC invocations=757 (full 68):
 par new generation   total 9216K, used 8804K [0x00000000e3400000, 0x00000000e3e00000, 0x00000000ecca0000)
  eden space 8192K, 100% used [0x00000000e3400000, 0x00000000e3c00000, 0x00000000e3c00000)
  from space 1024K,  59% used [0x00000000e3d00000, 0x00000000e3d992f0, 0x00000000e3e00000)
  to   space 1024K,   0% used [0x00000000e3c00000, 0x00000000e3c00000, 0x00000000e3d00000)
 concurrent mark-sweep generation total 84724K, used 50568K [0x00000000ecca0000, 0x00000000f1f5d000, 0x0000000100000000)
 Metaspace       used 64618K, capacity 67646K, committed 67840K, reserved 1107968K
  class space    used 8298K, capacity 8915K, committed 8960K, reserved 1048576K
2020-11-07T19:58:50.744+0800: 57.420: [GC (Allocation Failure) 2020-11-07T19:58:50.744+0800: 57.421: [ParNew: 8804K->704K(9216K), 0.0410459 secs] 59373K->51298K(93940K), 0.0411402 secs] [Times: user=0.04 sys=0.00, real=0.05 secs] 
Heap after GC invocations=758 (full 68):
 par new generation   total 9216K, used 704K [0x00000000e3400000, 0x00000000e3e00000, 0x00000000ecca0000)
  eden space 8192K,   0% used [0x00000000e3400000, 0x00000000e3400000, 0x00000000e3c00000)
  from space 1024K,  68% used [0x00000000e3c00000, 0x00000000e3cb0150, 0x00000000e3d00000)
  to   space 1024K,   0% used [0x00000000e3d00000, 0x00000000e3d00000, 0x00000000e3e00000)
 concurrent mark-sweep generation total 84724K, used 50594K [0x00000000ecca0000, 0x00000000f1f5d000, 0x0000000100000000)
 Metaspace       used 64618K, capacity 67646K, committed 67840K, reserved 1107968K
  class space    used 8298K, capacity 8915K, committed 8960K, reserved 1048576K
}
2020-11-07T19:58:50.793+0800: 57.470: [CMS-concurrent-sweep: 0.057/0.099 secs] [Times: user=0.10 sys=0.00, real=0.10 secs] 
2020-11-07T19:58:50.806+0800: 57.483: [CMS-concurrent-reset-start]
2020-11-07T19:58:50.808+0800: 57.484: [CMS-concurrent-reset: 0.001/0.001 secs] [Times: user=0.00 sys=0.00, real=0.00 secs] 
2020-11-07T19:58:50.828+0800: 57.505: Application time: 0.0430040 seconds
{Heap before GC invocations=758 (full 68):
 par new generation   total 9216K, used 8896K [0x00000000e3400000, 0x00000000e3e00000, 0x00000000ecca0000)
  eden space 8192K, 100% used [0x00000000e3400000, 0x00000000e3c00000, 0x00000000e3c00000)
  from space 1024K,  68% used [0x00000000e3c00000, 0x00000000e3cb0150, 0x00000000e3d00000)
  to   space 1024K,   0% used [0x00000000e3d00000, 0x00000000e3d00000, 0x00000000e3e00000)
 concurrent mark-sweep generation total 84724K, used 49685K [0x00000000ecca0000, 0x00000000f1f5d000, 0x0000000100000000)
 Metaspace       used 64554K, capacity 67598K, committed 67840K, reserved 1107968K
  class space    used 8287K, capacity 8891K, committed 8960K, reserved 1048576K
2020-11-07T19:58:50.828+0800: 57.505: [GC (Allocation Failure) 2020-11-07T19:58:50.828+0800: 57.505: [ParNew: 8896K->809K(9216K), 0.0305949 secs] 58582K->50552K(93940K), 0.0306729 secs] [Times: user=0.03 sys=0.00, real=0.03 secs] 
Heap after GC invocations=759 (full 68):
 par new generation   total 9216K, used 809K [0x00000000e3400000, 0x00000000e3e00000, 0x00000000ecca0000)
  eden space 8192K,   0% used [0x00000000e3400000, 0x00000000e3400000, 0x00000000e3c00000)
  from space 1024K,  79% used [0x00000000e3d00000, 0x00000000e3dca7e8, 0x00000000e3e00000)
  to   space 1024K,   0% used [0x00000000e3c00000, 0x00000000e3c00000, 0x00000000e3d00000)
 concurrent mark-sweep generation total 84724K, used 49742K [0x00000000ecca0000, 0x00000000f1f5d000, 0x0000000100000000)
 Metaspace       used 64554K, capacity 67598K, committed 67840K, reserved 1107968K
  class space    used 8287K, capacity 8891K, committed 8960K, reserved 1048576K
}
2020-11-07T19:58:50.877+0800: 57.554: Application time: 0.0179228 seconds
{Heap before GC invocations=759 (full 68):
 par new generation   total 9216K, used 9001K [0x00000000e3400000, 0x00000000e3e00000, 0x00000000ecca0000)
  eden space 8192K, 100% used [0x00000000e3400000, 0x00000000e3c00000, 0x00000000e3c00000)
  from space 1024K,  79% used [0x00000000e3d00000, 0x00000000e3dca7e8, 0x00000000e3e00000)
  to   space 1024K,   0% used [0x00000000e3c00000, 0x00000000e3c00000, 0x00000000e3d00000)
 concurrent mark-sweep generation total 84724K, used 49742K [0x00000000ecca0000, 0x00000000f1f5d000, 0x0000000100000000)
 Metaspace       used 64556K, capacity 67598K, committed 67840K, reserved 1107968K
  class space    used 8288K, capacity 8891K, committed 8960K, reserved 1048576K
2020-11-07T19:58:50.877+0800: 57.554: [GC (Allocation Failure) 2020-11-07T19:58:50.877+0800: 57.554: [ParNew: 9001K->661K(9216K), 0.0316929 secs] 58744K->50457K(93940K), 0.0317611 secs] [Times: user=0.03 sys=0.00, real=0.03 secs] 
Heap after GC invocations=760 (full 68):
 par new generation   total 9216K, used 661K [0x00000000e3400000, 0x00000000e3e00000, 0x00000000ecca0000)
  eden space 8192K,   0% used [0x00000000e3400000, 0x00000000e3400000, 0x00000000e3c00000)
  from space 1024K,  64% used [0x00000000e3c00000, 0x00000000e3ca54b0, 0x00000000e3d00000)
  to   space 1024K,   0% used [0x00000000e3d00000, 0x00000000e3d00000, 0x00000000e3e00000)
 concurrent mark-sweep generation total 84724K, used 49795K [0x00000000ecca0000, 0x00000000f1f5d000, 0x0000000100000000)
 Metaspace       used 64556K, capacity 67598K, committed 67840K, reserved 1107968K
  class space    used 8288K, capacity 8891K, committed 8960K, reserved 1048576K
}
2020-11-07T19:58:50.922+0800: 57.599: Application time: 0.0134350 seconds
{Heap before GC invocations=760 (full 68):
 par new generation   total 9216K, used 8853K [0x00000000e3400000, 0x00000000e3e00000, 0x00000000ecca0000)
  eden space 8192K, 100% used [0x00000000e3400000, 0x00000000e3c00000, 0x00000000e3c00000)
  from space 1024K,  64% used [0x00000000e3c00000, 0x00000000e3ca54b0, 0x00000000e3d00000)
  to   space 1024K,   0% used [0x00000000e3d00000, 0x00000000e3d00000, 0x00000000e3e00000)
 concurrent mark-sweep generation total 84724K, used 49795K [0x00000000ecca0000, 0x00000000f1f5d000, 0x0000000100000000)
 Metaspace       used 64557K, capacity 67598K, committed 67840K, reserved 1107968K
  class space    used 8289K, capacity 8891K, committed 8960K, reserved 1048576K
2020-11-07T19:58:50.923+0800: 57.599: [GC (Allocation Failure) 2020-11-07T19:58:50.923+0800: 57.599: [ParNew: 8853K->739K(9216K), 0.0283597 secs] 58649K->50607K(93940K), 0.0284153 secs] [Times: user=0.02 sys=0.00, real=0.03 secs] 
Heap after GC invocations=761 (full 68):
 par new generation   total 9216K, used 739K [0x00000000e3400000, 0x00000000e3e00000, 0x00000000ecca0000)
  eden space 8192K,   0% used [0x00000000e3400000, 0x00000000e3400000, 0x00000000e3c00000)
  from space 1024K,  72% used [0x00000000e3d00000, 0x00000000e3db8d10, 0x00000000e3e00000)
  to   space 1024K,   0% used [0x00000000e3c00000, 0x00000000e3c00000, 0x00000000e3d00000)
 concurrent mark-sweep generation total 84724K, used 49868K [0x00000000ecca0000, 0x00000000f1f5d000, 0x0000000100000000)
 Metaspace       used 64557K, capacity 67598K, committed 67840K, reserved 1107968K
  class space    used 8289K, capacity 8891K, committed 8960K, reserved 1048576K
}
2020-11-07T19:58:50.987+0800: 57.664: Application time: 0.0361897 seconds
{Heap before GC invocations=761 (full 68):
 par new generation   total 9216K, used 8931K [0x00000000e3400000, 0x00000000e3e00000, 0x00000000ecca0000)
  eden space 8192K,  99% used [0x00000000e3400000, 0x00000000e3bfff28, 0x00000000e3c00000)
  from space 1024K,  72% used [0x00000000e3d00000, 0x00000000e3db8d10, 0x00000000e3e00000)
  to   space 1024K,   0% used [0x00000000e3c00000, 0x00000000e3c00000, 0x00000000e3d00000)
 concurrent mark-sweep generation total 84724K, used 49868K [0x00000000ecca0000, 0x00000000f1f5d000, 0x0000000100000000)
 Metaspace       used 64559K, capacity 67598K, committed 67840K, reserved 1107968K
  class space    used 8290K, capacity 8891K, committed 8960K, reserved 1048576K
2020-11-07T19:58:50.988+0800: 57.664: [GC (Allocation Failure) 2020-11-07T19:58:50.988+0800: 57.664: [ParNew: 8931K->581K(9216K), 0.0443283 secs] 58799K->50474K(93940K), 0.0443860 secs] [Times: user=0.04 sys=0.00, real=0.04 secs] 
Heap after GC invocations=762 (full 68):
 par new generation   total 9216K, used 581K [0x00000000e3400000, 0x00000000e3e00000, 0x00000000ecca0000)
  eden space 8192K,   0% used [0x00000000e3400000, 0x00000000e3400000, 0x00000000e3c00000)
  from space 1024K,  56% used [0x00000000e3c00000, 0x00000000e3c91788, 0x00000000e3d00000)
  to   space 1024K,   0% used [0x00000000e3d00000, 0x00000000e3d00000, 0x00000000e3e00000)
 concurrent mark-sweep generation total 84724K, used 49892K [0x00000000ecca0000, 0x00000000f1f5d000, 0x0000000100000000)
 Metaspace       used 64559K, capacity 67598K, committed 67840K, reserved 1107968K
  class space    used 8290K, capacity 8891K, committed 8960K, reserved 1048576K
}
2020-11-07T19:58:51.045+0800: 57.722: Application time: 0.0129353 seconds
{Heap before GC invocations=762 (full 68):
 par new generation   total 9216K, used 8773K [0x00000000e3400000, 0x00000000e3e00000, 0x00000000ecca0000)
  eden space 8192K, 100% used [0x00000000e3400000, 0x00000000e3c00000, 0x00000000e3c00000)
  from space 1024K,  56% used [0x00000000e3c00000, 0x00000000e3c91788, 0x00000000e3d00000)
  to   space 1024K,   0% used [0x00000000e3d00000, 0x00000000e3d00000, 0x00000000e3e00000)
 concurrent mark-sweep generation total 84724K, used 49892K [0x00000000ecca0000, 0x00000000f1f5d000, 0x0000000100000000)
 Metaspace       used 64561K, capacity 67598K, committed 67840K, reserved 1107968K
  class space    used 8291K, capacity 8891K, committed 8960K, reserved 1048576K
2020-11-07T19:58:51.045+0800: 57.722: [GC (Allocation Failure) 2020-11-07T19:58:51.045+0800: 57.722: [ParNew: 8773K->700K(9216K), 0.0336711 secs] 58666K->50655K(93940K), 0.0337379 secs] [Times: user=0.04 sys=0.00, real=0.03 secs] 
Heap after GC invocations=763 (full 68):
 par new generation   total 9216K, used 700K [0x00000000e3400000, 0x00000000e3e00000, 0x00000000ecca0000)
  eden space 8192K,   0% used [0x00000000e3400000, 0x00000000e3400000, 0x00000000e3c00000)
  from space 1024K,  68% used [0x00000000e3d00000, 0x00000000e3daf2d0, 0x00000000e3e00000)
  to   space 1024K,   0% used [0x00000000e3c00000, 0x00000000e3c00000, 0x00000000e3d00000)
 concurrent mark-sweep generation total 84724K, used 49954K [0x00000000ecca0000, 0x00000000f1f5d000, 0x0000000100000000)
 Metaspace       used 64561K, capacity 67598K, committed 67840K, reserved 1107968K
  class space    used 8291K, capacity 8891K, committed 8960K, reserved 1048576K
}
2020-11-07T19:58:51.091+0800: 57.768: Application time: 0.0119528 seconds
{Heap before GC invocations=763 (full 68):
 par new generation   total 9216K, used 8892K [0x00000000e3400000, 0x00000000e3e00000, 0x00000000ecca0000)
  eden space 8192K, 100% used [0x00000000e3400000, 0x00000000e3c00000, 0x00000000e3c00000)
  from space 1024K,  68% used [0x00000000e3d00000, 0x00000000e3daf2d0, 0x00000000e3e00000)
  to   space 1024K,   0% used [0x00000000e3c00000, 0x00000000e3c00000, 0x00000000e3d00000)
 concurrent mark-sweep generation total 84724K, used 49954K [0x00000000ecca0000, 0x00000000f1f5d000, 0x0000000100000000)
 Metaspace       used 64561K, capacity 67598K, committed 67840K, reserved 1107968K
  class space    used 8291K, capacity 8891K, committed 8960K, reserved 1048576K
2020-11-07T19:58:51.091+0800: 57.768: [GC (Allocation Failure) 2020-11-07T19:58:51.091+0800: 57.768: [ParNew: 8892K->566K(9216K), 0.0228608 secs] 58847K->50593K(93940K), 0.0229155 secs] [Times: user=0.02 sys=0.00, real=0.02 secs] 
Heap after GC invocations=764 (full 68):
 par new generation   total 9216K, used 566K [0x00000000e3400000, 0x00000000e3e00000, 0x00000000ecca0000)
  eden space 8192K,   0% used [0x00000000e3400000, 0x00000000e3400000, 0x00000000e3c00000)
  from space 1024K,  55% used [0x00000000e3c00000, 0x00000000e3c8da40, 0x00000000e3d00000)
  to   space 1024K,   0% used [0x00000000e3d00000, 0x00000000e3d00000, 0x00000000e3e00000)
 concurrent mark-sweep generation total 84724K, used 50026K [0x00000000ecca0000, 0x00000000f1f5d000, 0x0000000100000000)
 Metaspace       used 64561K, capacity 67598K, committed 67840K, reserved 1107968K
  class space    used 8291K, capacity 8891K, committed 8960K, reserved 1048576K
}
2020-11-07T19:58:51.129+0800: 57.805: Application time: 0.0147591 seconds
{Heap before GC invocations=764 (full 68):
 par new generation   total 9216K, used 8758K [0x00000000e3400000, 0x00000000e3e00000, 0x00000000ecca0000)
  eden space 8192K, 100% used [0x00000000e3400000, 0x00000000e3c00000, 0x00000000e3c00000)
  from space 1024K,  55% used [0x00000000e3c00000, 0x00000000e3c8da40, 0x00000000e3d00000)
  to   space 1024K,   0% used [0x00000000e3d00000, 0x00000000e3d00000, 0x00000000e3e00000)
 concurrent mark-sweep generation total 84724K, used 50026K [0x00000000ecca0000, 0x00000000f1f5d000, 0x0000000100000000)
 Metaspace       used 64562K, capacity 67598K, committed 67840K, reserved 1107968K
  class space    used 8291K, capacity 8891K, committed 8960K, reserved 1048576K
2020-11-07T19:58:51.129+0800: 57.806: [GC (Allocation Failure) 2020-11-07T19:58:51.129+0800: 57.806: [ParNew: 8758K->489K(9216K), 0.0359397 secs] 58785K->50555K(93940K), 0.0359976 secs] [Times: user=0.03 sys=0.00, real=0.04 secs] 
Heap after GC invocations=765 (full 68):
 par new generation   total 9216K, used 489K [0x00000000e3400000, 0x00000000e3e00000, 0x00000000ecca0000)
  eden space 8192K,   0% used [0x00000000e3400000, 0x00000000e3400000, 0x00000000e3c00000)
  from space 1024K,  47% used [0x00000000e3d00000, 0x00000000e3d7a4e0, 0x00000000e3e00000)
  to   space 1024K,   0% used [0x00000000e3c00000, 0x00000000e3c00000, 0x00000000e3d00000)
 concurrent mark-sweep generation total 84724K, used 50066K [0x00000000ecca0000, 0x00000000f1f5d000, 0x0000000100000000)
 Metaspace       used 64562K, capacity 67598K, committed 67840K, reserved 1107968K
  class space    used 8291K, capacity 8891K, committed 8960K, reserved 1048576K
}
2020-11-07T19:58:51.179+0800: 57.855: Application time: 0.0135938 seconds
{Heap before GC invocations=765 (full 68):
 par new generation   total 9216K, used 8681K [0x00000000e3400000, 0x00000000e3e00000, 0x00000000ecca0000)
  eden space 8192K, 100% used [0x00000000e3400000, 0x00000000e3c00000, 0x00000000e3c00000)
  from space 1024K,  47% used [0x00000000e3d00000, 0x00000000e3d7a4e0, 0x00000000e3e00000)
  to   space 1024K,   0% used [0x00000000e3c00000, 0x00000000e3c00000, 0x00000000e3d00000)
 concurrent mark-sweep generation total 84724K, used 50066K [0x00000000ecca0000, 0x00000000f1f5d000, 0x0000000100000000)
 Metaspace       used 64568K, capacity 67598K, committed 67840K, reserved 1107968K
  class space    used 8293K, capacity 8891K, committed 8960K, reserved 1048576K
2020-11-07T19:58:51.179+0800: 57.855: [GC (Allocation Failure) 2020-11-07T19:58:51.179+0800: 57.855: [ParNew: 8681K->517K(9216K), 0.0301461 secs] 58747K->50612K(93940K), 0.0302041 secs] [Times: user=0.03 sys=0.00, real=0.03 secs] 
Heap after GC invocations=766 (full 68):
 par new generation   total 9216K, used 517K [0x00000000e3400000, 0x00000000e3e00000, 0x00000000ecca0000)
  eden space 8192K,   0% used [0x00000000e3400000, 0x00000000e3400000, 0x00000000e3c00000)
  from space 1024K,  50% used [0x00000000e3c00000, 0x00000000e3c81508, 0x00000000e3d00000)
  to   space 1024K,   0% used [0x00000000e3d00000, 0x00000000e3d00000, 0x00000000e3e00000)
 concurrent mark-sweep generation total 84724K, used 50094K [0x00000000ecca0000, 0x00000000f1f5d000, 0x0000000100000000)
 Metaspace       used 64568K, capacity 67598K, committed 67840K, reserved 1107968K
  class space    used 8293K, capacity 8891K, committed 8960K, reserved 1048576K
}
2020-11-07T19:58:51.224+0800: 57.901: Application time: 0.0149266 seconds
{Heap before GC invocations=766 (full 68):
 par new generation   total 9216K, used 8709K [0x00000000e3400000, 0x00000000e3e00000, 0x00000000ecca0000)
  eden space 8192K, 100% used [0x00000000e3400000, 0x00000000e3c00000, 0x00000000e3c00000)
  from space 1024K,  50% used [0x00000000e3c00000, 0x00000000e3c81508, 0x00000000e3d00000)
  to   space 1024K,   0% used [0x00000000e3d00000, 0x00000000e3d00000, 0x00000000e3e00000)
 concurrent mark-sweep generation total 84724K, used 50094K [0x00000000ecca0000, 0x00000000f1f5d000, 0x0000000100000000)
 Metaspace       used 64568K, capacity 67598K, committed 67840K, reserved 1107968K
  class space    used 8293K, capacity 8891K, committed 8960K, reserved 1048576K
2020-11-07T19:58:51.224+0800: 57.901: [GC (Allocation Failure) 2020-11-07T19:58:51.224+0800: 57.901: [ParNew: 8709K->413K(9216K), 0.0187320 secs] 58804K->50592K(93940K), 0.0188109 secs] [Times: user=0.02 sys=0.00, real=0.02 secs] 
Heap after GC invocations=767 (full 68):
 par new generation   total 9216K, used 413K [0x00000000e3400000, 0x00000000e3e00000, 0x00000000ecca0000)
  eden space 8192K,   0% used [0x00000000e3400000, 0x00000000e3400000, 0x00000000e3c00000)
  from space 1024K,  40% used [0x00000000e3d00000, 0x00000000e3d67620, 0x00000000e3e00000)
  to   space 1024K,   0% used [0x00000000e3c00000, 0x00000000e3c00000, 0x00000000e3d00000)
 concurrent mark-sweep generation total 84724K, used 50178K [0x00000000ecca0000, 0x00000000f1f5d000, 0x0000000100000000)
 Metaspace       used 64568K, capacity 67598K, committed 67840K, reserved 1107968K
  class space    used 8293K, capacity 8891K, committed 8960K, reserved 1048576K
}
2020-11-07T19:58:51.252+0800: 57.928: Application time: 0.0086173 seconds
{Heap before GC invocations=767 (full 68):
 par new generation   total 9216K, used 8605K [0x00000000e3400000, 0x00000000e3e00000, 0x00000000ecca0000)
  eden space 8192K, 100% used [0x00000000e3400000, 0x00000000e3c00000, 0x00000000e3c00000)
  from space 1024K,  40% used [0x00000000e3d00000, 0x00000000e3d67620, 0x00000000e3e00000)
  to   space 1024K,   0% used [0x00000000e3c00000, 0x00000000e3c00000, 0x00000000e3d00000)
 concurrent mark-sweep generation total 84724K, used 50178K [0x00000000ecca0000, 0x00000000f1f5d000, 0x0000000100000000)
 Metaspace       used 64568K, capacity 67598K, committed 67840K, reserved 1107968K
  class space    used 8293K, capacity 8891K, committed 8960K, reserved 1048576K
2020-11-07T19:58:51.252+0800: 57.929: [GC (Allocation Failure) 2020-11-07T19:58:51.252+0800: 57.929: [ParNew: 8605K->355K(9216K), 0.0399947 secs] 58784K->50586K(93940K), 0.0400574 secs] [Times: user=0.04 sys=0.00, real=0.04 secs] 
Heap after GC invocations=768 (full 68):
 par new generation   total 9216K, used 355K [0x00000000e3400000, 0x00000000e3e00000, 0x00000000ecca0000)
  eden space 8192K,   0% used [0x00000000e3400000, 0x00000000e3400000, 0x00000000e3c00000)
  from space 1024K,  34% used [0x00000000e3c00000, 0x00000000e3c58ce0, 0x00000000e3d00000)
  to   space 1024K,   0% used [0x00000000e3d00000, 0x00000000e3d00000, 0x00000000e3e00000)
 concurrent mark-sweep generation total 84724K, used 50230K [0x00000000ecca0000, 0x00000000f1f5d000, 0x0000000100000000)
 Metaspace       used 64568K, capacity 67598K, committed 67840K, reserved 1107968K
  class space    used 8293K, capacity 8891K, committed 8960K, reserved 1048576K
}
2020-11-07T19:58:51.302+0800: 57.979: Application time: 0.0104956 seconds
2020-11-07T19:58:51.303+0800: 57.980: Application time: 0.0007575 seconds
2020-11-07T19:58:51.310+0800: 57.986: Application time: 0.0061716 seconds
{Heap before GC invocations=768 (full 68):
 par new generation   total 9216K, used 8547K [0x00000000e3400000, 0x00000000e3e00000, 0x00000000ecca0000)
  eden space 8192K, 100% used [0x00000000e3400000, 0x00000000e3c00000, 0x00000000e3c00000)
  from space 1024K,  34% used [0x00000000e3c00000, 0x00000000e3c58ce0, 0x00000000e3d00000)
  to   space 1024K,   0% used [0x00000000e3d00000, 0x00000000e3d00000, 0x00000000e3e00000)
 concurrent mark-sweep generation total 84724K, used 50230K [0x00000000ecca0000, 0x00000000f1f5d000, 0x0000000100000000)
 Metaspace       used 64570K, capacity 67598K, committed 67840K, reserved 1107968K
  class space    used 8294K, capacity 8891K, committed 8960K, reserved 1048576K
2020-11-07T19:58:51.310+0800: 57.986: [GC (Allocation Failure) 2020-11-07T19:58:51.310+0800: 57.986: [ParNew: 8547K->373K(9216K), 0.0241236 secs] 58778K->50633K(93940K), 0.0241776 secs] [Times: user=0.03 sys=0.00, real=0.02 secs] 
Heap after GC invocations=769 (full 68):
 par new generation   total 9216K, used 373K [0x00000000e3400000, 0x00000000e3e00000, 0x00000000ecca0000)
  eden space 8192K,   0% used [0x00000000e3400000, 0x00000000e3400000, 0x00000000e3c00000)
  from space 1024K,  36% used [0x00000000e3d00000, 0x00000000e3d5d610, 0x00000000e3e00000)
  to   space 1024K,   0% used [0x00000000e3c00000, 0x00000000e3c00000, 0x00000000e3d00000)
 concurrent mark-sweep generation total 84724K, used 50260K [0x00000000ecca0000, 0x00000000f1f5d000, 0x0000000100000000)
 Metaspace       used 64570K, capacity 67598K, committed 67840K, reserved 1107968K
  class space    used 8294K, capacity 8891K, committed 8960K, reserved 1048576K
}
2020-11-07T19:58:51.342+0800: 58.019: Application time: 0.0080211 seconds
{Heap before GC invocations=769 (full 68):
 par new generation   total 9216K, used 8565K [0x00000000e3400000, 0x00000000e3e00000, 0x00000000ecca0000)
  eden space 8192K, 100% used [0x00000000e3400000, 0x00000000e3c00000, 0x00000000e3c00000)
  from space 1024K,  36% used [0x00000000e3d00000, 0x00000000e3d5d610, 0x00000000e3e00000)
  to   space 1024K,   0% used [0x00000000e3c00000, 0x00000000e3c00000, 0x00000000e3d00000)
 concurrent mark-sweep generation total 84724K, used 50260K [0x00000000ecca0000, 0x00000000f1f5d000, 0x0000000100000000)
 Metaspace       used 64570K, capacity 67598K, committed 67840K, reserved 1107968K
  class space    used 8294K, capacity 8891K, committed 8960K, reserved 1048576K
2020-11-07T19:58:51.342+0800: 58.019: [GC (Allocation Failure) 2020-11-07T19:58:51.342+0800: 58.019: [ParNew: 8565K->389K(9216K), 0.0177324 secs] 58825K->50688K(93940K), 0.0177941 secs] [Times: user=0.01 sys=0.00, real=0.02 secs] 
Heap after GC invocations=770 (full 68):
 par new generation   total 9216K, used 389K [0x00000000e3400000, 0x00000000e3e00000, 0x00000000ecca0000)
  eden space 8192K,   0% used [0x00000000e3400000, 0x00000000e3400000, 0x00000000e3c00000)
  from space 1024K,  38% used [0x00000000e3c00000, 0x00000000e3c61508, 0x00000000e3d00000)
  to   space 1024K,   0% used [0x00000000e3d00000, 0x00000000e3d00000, 0x00000000e3e00000)
 concurrent mark-sweep generation total 84724K, used 50299K [0x00000000ecca0000, 0x00000000f1f5d000, 0x0000000100000000)
 Metaspace       used 64570K, capacity 67598K, committed 67840K, reserved 1107968K
  class space    used 8294K, capacity 8891K, committed 8960K, reserved 1048576K
}
2020-11-07T19:58:51.374+0800: 58.051: Application time: 0.0144029 seconds
{Heap before GC invocations=770 (full 68):
 par new generation   total 9216K, used 8581K [0x00000000e3400000, 0x00000000e3e00000, 0x00000000ecca0000)
  eden space 8192K, 100% used [0x00000000e3400000, 0x00000000e3c00000, 0x00000000e3c00000)
  from space 1024K,  38% used [0x00000000e3c00000, 0x00000000e3c61508, 0x00000000e3d00000)
  to   space 1024K,   0% used [0x00000000e3d00000, 0x00000000e3d00000, 0x00000000e3e00000)
 concurrent mark-sweep generation total 84724K, used 50299K [0x00000000ecca0000, 0x00000000f1f5d000, 0x0000000100000000)
 Metaspace       used 64570K, capacity 67598K, committed 67840K, reserved 1107968K
  class space    used 8294K, capacity 8891K, committed 8960K, reserved 1048576K
2020-11-07T19:58:51.375+0800: 58.051: [GC (Allocation Failure) 2020-11-07T19:58:51.375+0800: 58.051: [ParNew: 8581K->291K(9216K), 0.0301615 secs] 58880K->50633K(93940K), 0.0302177 secs] [Times: user=0.03 sys=0.00, real=0.03 secs] 
Heap after GC invocations=771 (full 68):
 par new generation   total 9216K, used 291K [0x00000000e3400000, 0x00000000e3e00000, 0x00000000ecca0000)
  eden space 8192K,   0% used [0x00000000e3400000, 0x00000000e3400000, 0x00000000e3c00000)
  from space 1024K,  28% used [0x00000000e3d00000, 0x00000000e3d48e40, 0x00000000e3e00000)
  to   space 1024K,   0% used [0x00000000e3c00000, 0x00000000e3c00000, 0x00000000e3d00000)
 concurrent mark-sweep generation total 84724K, used 50341K [0x00000000ecca0000, 0x00000000f1f5d000, 0x0000000100000000)
 Metaspace       used 64570K, capacity 67598K, committed 67840K, reserved 1107968K
  class space    used 8294K, capacity 8891K, committed 8960K, reserved 1048576K
}
2020-11-07T19:58:51.420+0800: 58.097: Application time: 0.0153634 seconds
{Heap before GC invocations=771 (full 68):
 par new generation   total 9216K, used 8483K [0x00000000e3400000, 0x00000000e3e00000, 0x00000000ecca0000)
  eden space 8192K, 100% used [0x00000000e3400000, 0x00000000e3c00000, 0x00000000e3c00000)
  from space 1024K,  28% used [0x00000000e3d00000, 0x00000000e3d48e40, 0x00000000e3e00000)
  to   space 1024K,   0% used [0x00000000e3c00000, 0x00000000e3c00000, 0x00000000e3d00000)
 concurrent mark-sweep generation total 84724K, used 50341K [0x00000000ecca0000, 0x00000000f1f5d000, 0x0000000100000000)
 Metaspace       used 64572K, capacity 67598K, committed 67840K, reserved 1107968K
  class space    used 8294K, capacity 8891K, committed 8960K, reserved 1048576K
2020-11-07T19:58:51.420+0800: 58.097: [GC (Allocation Failure) 2020-11-07T19:58:51.420+0800: 58.097: [ParNew: 8483K->317K(9216K), 0.0170969 secs] 58825K->50690K(93940K), 0.0171535 secs] [Times: user=0.02 sys=0.01, real=0.02 secs] 
Heap after GC invocations=772 (full 68):
 par new generation   total 9216K, used 317K [0x00000000e3400000, 0x00000000e3e00000, 0x00000000ecca0000)
  eden space 8192K,   0% used [0x00000000e3400000, 0x00000000e3400000, 0x00000000e3c00000)
  from space 1024K,  30% used [0x00000000e3c00000, 0x00000000e3c4f4c0, 0x00000000e3d00000)
  to   space 1024K,   0% used [0x00000000e3d00000, 0x00000000e3d00000, 0x00000000e3e00000)
 concurrent mark-sweep generation total 84724K, used 50373K [0x00000000ecca0000, 0x00000000f1f5d000, 0x0000000100000000)
 Metaspace       used 64572K, capacity 67598K, committed 67840K, reserved 1107968K
  class space    used 8294K, capacity 8891K, committed 8960K, reserved 1048576K
}
2020-11-07T19:58:51.805+0800: 58.481: Application time: 0.3670888 seconds
{Heap before GC invocations=772 (full 68):
 par new generation   total 9216K, used 8509K [0x00000000e3400000, 0x00000000e3e00000, 0x00000000ecca0000)
  eden space 8192K, 100% used [0x00000000e3400000, 0x00000000e3c00000, 0x00000000e3c00000)
  from space 1024K,  30% used [0x00000000e3c00000, 0x00000000e3c4f4c0, 0x00000000e3d00000)
  to   space 1024K,   0% used [0x00000000e3d00000, 0x00000000e3d00000, 0x00000000e3e00000)
 concurrent mark-sweep generation total 84724K, used 50373K [0x00000000ecca0000, 0x00000000f1f5d000, 0x0000000100000000)
 Metaspace       used 64581K, capacity 67598K, committed 67840K, reserved 1107968K
  class space    used 8295K, capacity 8891K, committed 8960K, reserved 1048576K
2020-11-07T19:58:51.805+0800: 58.482: [GC (Allocation Failure) 2020-11-07T19:58:51.805+0800: 58.482: [ParNew: 8509K->391K(9216K), 0.0150035 secs] 58882K->50773K(93940K), 0.0150581 secs] [Times: user=0.02 sys=0.00, real=0.01 secs] 
Heap after GC invocations=773 (full 68):
 par new generation   total 9216K, used 391K [0x00000000e3400000, 0x00000000e3e00000, 0x00000000ecca0000)
  eden space 8192K,   0% used [0x00000000e3400000, 0x00000000e3400000, 0x00000000e3c00000)
  from space 1024K,  38% used [0x00000000e3d00000, 0x00000000e3d61f98, 0x00000000e3e00000)
  to   space 1024K,   0% used [0x00000000e3c00000, 0x00000000e3c00000, 0x00000000e3d00000)
 concurrent mark-sweep generation total 84724K, used 50381K [0x00000000ecca0000, 0x00000000f1f5d000, 0x0000000100000000)
 Metaspace       used 64581K, capacity 67598K, committed 67840K, reserved 1107968K
  class space    used 8295K, capacity 8891K, committed 8960K, reserved 1048576K
}
2020-11-07T19:58:51.854+0800: 58.530: Application time: 0.0335076 seconds
{Heap before GC invocations=773 (full 68):
 par new generation   total 9216K, used 8583K [0x00000000e3400000, 0x00000000e3e00000, 0x00000000ecca0000)
  eden space 8192K, 100% used [0x00000000e3400000, 0x00000000e3c00000, 0x00000000e3c00000)
  from space 1024K,  38% used [0x00000000e3d00000, 0x00000000e3d61f98, 0x00000000e3e00000)
  to   space 1024K,   0% used [0x00000000e3c00000, 0x00000000e3c00000, 0x00000000e3d00000)
 concurrent mark-sweep generation total 84724K, used 50381K [0x00000000ecca0000, 0x00000000f1f5d000, 0x0000000100000000)
 Metaspace       used 64587K, capacity 67598K, committed 67840K, reserved 1107968K
  class space    used 8297K, capacity 8891K, committed 8960K, reserved 1048576K
2020-11-07T19:58:51.854+0800: 58.530: [GC (Allocation Failure) 2020-11-07T19:58:51.854+0800: 58.530: [ParNew: 8583K->326K(9216K), 0.0076828 secs] 58965K->50780K(93940K), 0.0077523 secs] [Times: user=0.01 sys=0.00, real=0.01 secs] 
Heap after GC invocations=774 (full 68):
 par new generation   total 9216K, used 326K [0x00000000e3400000, 0x00000000e3e00000, 0x00000000ecca0000)
  eden space 8192K,   0% used [0x00000000e3400000, 0x00000000e3400000, 0x00000000e3c00000)
  from space 1024K,  31% used [0x00000000e3c00000, 0x00000000e3c51ae0, 0x00000000e3d00000)
  to   space 1024K,   0% used [0x00000000e3d00000, 0x00000000e3d00000, 0x00000000e3e00000)
 concurrent mark-sweep generation total 84724K, used 50454K [0x00000000ecca0000, 0x00000000f1f5d000, 0x0000000100000000)
 Metaspace       used 64587K, capacity 67598K, committed 67840K, reserved 1107968K
  class space    used 8297K, capacity 8891K, committed 8960K, reserved 1048576K
}
2020-11-07T19:58:51.880+0800: 58.557: Application time: 0.0187794 seconds
{Heap before GC invocations=774 (full 68):
 par new generation   total 9216K, used 8518K [0x00000000e3400000, 0x00000000e3e00000, 0x00000000ecca0000)
  eden space 8192K, 100% used [0x00000000e3400000, 0x00000000e3c00000, 0x00000000e3c00000)
  from space 1024K,  31% used [0x00000000e3c00000, 0x00000000e3c51ae0, 0x00000000e3d00000)
  to   space 1024K,   0% used [0x00000000e3d00000, 0x00000000e3d00000, 0x00000000e3e00000)
 concurrent mark-sweep generation total 84724K, used 50454K [0x00000000ecca0000, 0x00000000f1f5d000, 0x0000000100000000)
 Metaspace       used 64587K, capacity 67598K, committed 67840K, reserved 1107968K
  class space    used 8297K, capacity 8891K, committed 8960K, reserved 1048576K
2020-11-07T19:58:51.880+0800: 58.557: [GC (Allocation Failure) 2020-11-07T19:58:51.881+0800: 58.557: [ParNew: 8518K->297K(9216K), 0.0104648 secs] 58972K->50779K(93940K), 0.0105213 secs] [Times: user=0.02 sys=0.00, real=0.01 secs] 
Heap after GC invocations=775 (full 68):
 par new generation   total 9216K, used 297K [0x00000000e3400000, 0x00000000e3e00000, 0x00000000ecca0000)
  eden space 8192K,   0% used [0x00000000e3400000, 0x00000000e3400000, 0x00000000e3c00000)
  from space 1024K,  29% used [0x00000000e3d00000, 0x00000000e3d4a400, 0x00000000e3e00000)
  to   space 1024K,   0% used [0x00000000e3c00000, 0x00000000e3c00000, 0x00000000e3d00000)
 concurrent mark-sweep generation total 84724K, used 50482K [0x00000000ecca0000, 0x00000000f1f5d000, 0x0000000100000000)
 Metaspace       used 64587K, capacity 67598K, committed 67840K, reserved 1107968K
  class space    used 8297K, capacity 8891K, committed 8960K, reserved 1048576K
}
2020-11-07T19:58:51.919+0800: 58.596: Application time: 0.0281851 seconds
{Heap before GC invocations=775 (full 68):
 par new generation   total 9216K, used 8489K [0x00000000e3400000, 0x00000000e3e00000, 0x00000000ecca0000)
  eden space 8192K, 100% used [0x00000000e3400000, 0x00000000e3c00000, 0x00000000e3c00000)
  from space 1024K,  29% used [0x00000000e3d00000, 0x00000000e3d4a400, 0x00000000e3e00000)
  to   space 1024K,   0% used [0x00000000e3c00000, 0x00000000e3c00000, 0x00000000e3d00000)
 concurrent mark-sweep generation total 84724K, used 50482K [0x00000000ecca0000, 0x00000000f1f5d000, 0x0000000100000000)
 Metaspace       used 64589K, capacity 67598K, committed 67840K, reserved 1107968K
  class space    used 8297K, capacity 8891K, committed 8960K, reserved 1048576K
2020-11-07T19:58:51.919+0800: 58.596: [GC (Allocation Failure) 2020-11-07T19:58:51.919+0800: 58.596: [ParNew: 8489K->327K(9216K), 0.0077327 secs] 58971K->50827K(93940K), 0.0077894 secs] [Times: user=0.01 sys=0.00, real=0.01 secs] 
Heap after GC invocations=776 (full 68):
 par new generation   total 9216K, used 327K [0x00000000e3400000, 0x00000000e3e00000, 0x00000000ecca0000)
  eden space 8192K,   0% used [0x00000000e3400000, 0x00000000e3400000, 0x00000000e3c00000)
  from space 1024K,  31% used [0x00000000e3c00000, 0x00000000e3c51e50, 0x00000000e3d00000)
  to   space 1024K,   0% used [0x00000000e3d00000, 0x00000000e3d00000, 0x00000000e3e00000)
 concurrent mark-sweep generation total 84724K, used 50499K [0x00000000ecca0000, 0x00000000f1f5d000, 0x0000000100000000)
 Metaspace       used 64589K, capacity 67598K, committed 67840K, reserved 1107968K
  class space    used 8297K, capacity 8891K, committed 8960K, reserved 1048576K
}
2020-11-07T19:58:51.943+0800: 58.619: Application time: 0.0152976 seconds
{Heap before GC invocations=776 (full 68):
 par new generation   total 9216K, used 8519K [0x00000000e3400000, 0x00000000e3e00000, 0x00000000ecca0000)
  eden space 8192K, 100% used [0x00000000e3400000, 0x00000000e3c00000, 0x00000000e3c00000)
  from space 1024K,  31% used [0x00000000e3c00000, 0x00000000e3c51e50, 0x00000000e3d00000)
  to   space 1024K,   0% used [0x00000000e3d00000, 0x00000000e3d00000, 0x00000000e3e00000)
 concurrent mark-sweep generation total 84724K, used 50499K [0x00000000ecca0000, 0x00000000f1f5d000, 0x0000000100000000)
 Metaspace       used 64589K, capacity 67598K, committed 67840K, reserved 1107968K
  class space    used 8297K, capacity 8891K, committed 8960K, reserved 1048576K
2020-11-07T19:58:51.943+0800: 58.619: [GC (Allocation Failure) 2020-11-07T19:58:51.943+0800: 58.619: [ParNew: 8519K->408K(9216K), 0.0152959 secs] 59019K->50907K(93940K), 0.0153669 secs] [Times: user=0.01 sys=0.00, real=0.02 secs] 
Heap after GC invocations=777 (full 68):
 par new generation   total 9216K, used 408K [0x00000000e3400000, 0x00000000e3e00000, 0x00000000ecca0000)
  eden space 8192K,   0% used [0x00000000e3400000, 0x00000000e3400000, 0x00000000e3c00000)
  from space 1024K,  39% used [0x00000000e3d00000, 0x00000000e3d660c0, 0x00000000e3e00000)
  to   space 1024K,   0% used [0x00000000e3c00000, 0x00000000e3c00000, 0x00000000e3d00000)
 concurrent mark-sweep generation total 84724K, used 50499K [0x00000000ecca0000, 0x00000000f1f5d000, 0x0000000100000000)
 Metaspace       used 64589K, capacity 67598K, committed 67840K, reserved 1107968K
  class space    used 8297K, capacity 8891K, committed 8960K, reserved 1048576K
}
2020-11-07T19:58:51.976+0800: 58.652: Application time: 0.0174386 seconds
{Heap before GC invocations=777 (full 68):
 par new generation   total 9216K, used 8600K [0x00000000e3400000, 0x00000000e3e00000, 0x00000000ecca0000)
  eden space 8192K, 100% used [0x00000000e3400000, 0x00000000e3c00000, 0x00000000e3c00000)
  from space 1024K,  39% used [0x00000000e3d00000, 0x00000000e3d660c0, 0x00000000e3e00000)
  to   space 1024K,   0% used [0x00000000e3c00000, 0x00000000e3c00000, 0x00000000e3d00000)
 concurrent mark-sweep generation total 84724K, used 50499K [0x00000000ecca0000, 0x00000000f1f5d000, 0x0000000100000000)
 Metaspace       used 64589K, capacity 67598K, committed 67840K, reserved 1107968K
  class space    used 8297K, capacity 8891K, committed 8960K, reserved 1048576K
2020-11-07T19:58:51.976+0800: 58.653: [GC (Allocation Failure) 2020-11-07T19:58:51.976+0800: 58.653: [ParNew: 8600K->356K(9216K), 0.0245511 secs] 59099K->50903K(93940K), 0.0246098 secs] [Times: user=0.02 sys=0.00, real=0.02 secs] 
Heap after GC invocations=778 (full 68):
 par new generation   total 9216K, used 356K [0x00000000e3400000, 0x00000000e3e00000, 0x00000000ecca0000)
  eden space 8192K,   0% used [0x00000000e3400000, 0x00000000e3400000, 0x00000000e3c00000)
  from space 1024K,  34% used [0x00000000e3c00000, 0x00000000e3c59010, 0x00000000e3d00000)
  to   space 1024K,   0% used [0x00000000e3d00000, 0x00000000e3d00000, 0x00000000e3e00000)
 concurrent mark-sweep generation total 84724K, used 50547K [0x00000000ecca0000, 0x00000000f1f5d000, 0x0000000100000000)
 Metaspace       used 64589K, capacity 67598K, committed 67840K, reserved 1107968K
  class space    used 8297K, capacity 8891K, committed 8960K, reserved 1048576K
}
2020-11-07T19:58:52.021+0800: 58.697: Application time: 0.0201520 seconds
2020-11-07T19:58:52.062+0800: 58.739: Application time: 0.0406617 seconds
{Heap before GC invocations=778 (full 68):
 par new generation   total 9216K, used 8548K [0x00000000e3400000, 0x00000000e3e00000, 0x00000000ecca0000)
  eden space 8192K, 100% used [0x00000000e3400000, 0x00000000e3c00000, 0x00000000e3c00000)
  from space 1024K,  34% used [0x00000000e3c00000, 0x00000000e3c59010, 0x00000000e3d00000)
  to   space 1024K,   0% used [0x00000000e3d00000, 0x00000000e3d00000, 0x00000000e3e00000)
 concurrent mark-sweep generation total 84724K, used 50547K [0x00000000ecca0000, 0x00000000f1f5d000, 0x0000000100000000)
 Metaspace       used 64605K, capacity 67602K, committed 67840K, reserved 1107968K
  class space    used 8302K, capacity 8893K, committed 8960K, reserved 1048576K
2020-11-07T19:58:52.063+0800: 58.739: [GC (Allocation Failure) 2020-11-07T19:58:52.063+0800: 58.739: [ParNew: 8548K->450K(9216K), 0.0147059 secs] 59095K->51017K(93940K), 0.0147689 secs] [Times: user=0.02 sys=0.00, real=0.02 secs] 
Heap after GC invocations=779 (full 68):
 par new generation   total 9216K, used 450K [0x00000000e3400000, 0x00000000e3e00000, 0x00000000ecca0000)
  eden space 8192K,   0% used [0x00000000e3400000, 0x00000000e3400000, 0x00000000e3c00000)
  from space 1024K,  43% used [0x00000000e3d00000, 0x00000000e3d70a20, 0x00000000e3e00000)
  to   space 1024K,   0% used [0x00000000e3c00000, 0x00000000e3c00000, 0x00000000e3d00000)
 concurrent mark-sweep generation total 84724K, used 50566K [0x00000000ecca0000, 0x00000000f1f5d000, 0x0000000100000000)
 Metaspace       used 64605K, capacity 67602K, committed 67840K, reserved 1107968K
  class space    used 8302K, capacity 8893K, committed 8960K, reserved 1048576K
}
2020-11-07T19:58:52.155+0800: 58.832: Application time: 0.0780440 seconds
{Heap before GC invocations=779 (full 68):
 par new generation   total 9216K, used 8642K [0x00000000e3400000, 0x00000000e3e00000, 0x00000000ecca0000)
  eden space 8192K, 100% used [0x00000000e3400000, 0x00000000e3c00000, 0x00000000e3c00000)
  from space 1024K,  43% used [0x00000000e3d00000, 0x00000000e3d70a20, 0x00000000e3e00000)
  to   space 1024K,   0% used [0x00000000e3c00000, 0x00000000e3c00000, 0x00000000e3d00000)
 concurrent mark-sweep generation total 84724K, used 50566K [0x00000000ecca0000, 0x00000000f1f5d000, 0x0000000100000000)
 Metaspace       used 64731K, capacity 67674K, committed 67840K, reserved 1107968K
  class space    used 8317K, capacity 8895K, committed 8960K, reserved 1048576K
2020-11-07T19:58:52.156+0800: 58.832: [GC (Allocation Failure) 2020-11-07T19:58:52.156+0800: 58.832: [ParNew: 8642K->599K(9216K), 0.0461047 secs] 59209K->51166K(93940K), 0.0461613 secs] [Times: user=0.04 sys=0.00, real=0.04 secs] 
Heap after GC invocations=780 (full 68):
 par new generation   total 9216K, used 599K [0x00000000e3400000, 0x00000000e3e00000, 0x00000000ecca0000)
  eden space 8192K,   0% used [0x00000000e3400000, 0x00000000e3400000, 0x00000000e3c00000)
  from space 1024K,  58% used [0x00000000e3c00000, 0x00000000e3c95f08, 0x00000000e3d00000)
  to   space 1024K,   0% used [0x00000000e3d00000, 0x00000000e3d00000, 0x00000000e3e00000)
 concurrent mark-sweep generation total 84724K, used 50566K [0x00000000ecca0000, 0x00000000f1f5d000, 0x0000000100000000)
 Metaspace       used 64731K, capacity 67674K, committed 67840K, reserved 1107968K
  class space    used 8317K, capacity 8895K, committed 8960K, reserved 1048576K
}
2020-11-07T19:58:52.215+0800: 58.891: Application time: 0.0127894 seconds
2020-11-07T19:58:52.223+0800: 58.900: Application time: 0.0073162 seconds
{Heap before GC invocations=780 (full 68):
 par new generation   total 9216K, used 8791K [0x00000000e3400000, 0x00000000e3e00000, 0x00000000ecca0000)
  eden space 8192K, 100% used [0x00000000e3400000, 0x00000000e3c00000, 0x00000000e3c00000)
  from space 1024K,  58% used [0x00000000e3c00000, 0x00000000e3c95f08, 0x00000000e3d00000)
  to   space 1024K,   0% used [0x00000000e3d00000, 0x00000000e3d00000, 0x00000000e3e00000)
 concurrent mark-sweep generation total 84724K, used 50566K [0x00000000ecca0000, 0x00000000f1f5d000, 0x0000000100000000)
 Metaspace       used 64792K, capacity 67770K, committed 68096K, reserved 1107968K
  class space    used 8327K, capacity 8927K, committed 8960K, reserved 1048576K
2020-11-07T19:58:52.223+0800: 58.900: [GC (Allocation Failure) 2020-11-07T19:58:52.223+0800: 58.900: [ParNew: 8791K->539K(9216K), 0.0299230 secs] 59358K->51142K(93940K), 0.0299843 secs] [Times: user=0.03 sys=0.01, real=0.03 secs] 
Heap after GC invocations=781 (full 68):
 par new generation   total 9216K, used 539K [0x00000000e3400000, 0x00000000e3e00000, 0x00000000ecca0000)
  eden space 8192K,   0% used [0x00000000e3400000, 0x00000000e3400000, 0x00000000e3c00000)
  from space 1024K,  52% used [0x00000000e3d00000, 0x00000000e3d86c78, 0x00000000e3e00000)
  to   space 1024K,   0% used [0x00000000e3c00000, 0x00000000e3c00000, 0x00000000e3d00000)
 concurrent mark-sweep generation total 84724K, used 50603K [0x00000000ecca0000, 0x00000000f1f5d000, 0x0000000100000000)
 Metaspace       used 64792K, capacity 67770K, committed 68096K, reserved 1107968K
  class space    used 8327K, capacity 8927K, committed 8960K, reserved 1048576K
}
2020-11-07T19:58:52.261+0800: 58.938: Application time: 0.0078990 seconds
{Heap before GC invocations=781 (full 68):
 par new generation   total 9216K, used 8731K [0x00000000e3400000, 0x00000000e3e00000, 0x00000000ecca0000)
  eden space 8192K, 100% used [0x00000000e3400000, 0x00000000e3c00000, 0x00000000e3c00000)
  from space 1024K,  52% used [0x00000000e3d00000, 0x00000000e3d86c78, 0x00000000e3e00000)
  to   space 1024K,   0% used [0x00000000e3c00000, 0x00000000e3c00000, 0x00000000e3d00000)
 concurrent mark-sweep generation total 84724K, used 50603K [0x00000000ecca0000, 0x00000000f1f5d000, 0x0000000100000000)
 Metaspace       used 64792K, capacity 67770K, committed 68096K, reserved 1107968K
  class space    used 8327K, capacity 8927K, committed 8960K, reserved 1048576K
2020-11-07T19:58:52.261+0800: 58.938: [GC (Allocation Failure) 2020-11-07T19:58:52.261+0800: 58.938: [ParNew: 8731K->440K(9216K), 0.0136445 secs] 59334K->51095K(93940K), 0.0137092 secs] [Times: user=0.02 sys=0.00, real=0.02 secs] 
Heap after GC invocations=782 (full 68):
 par new generation   total 9216K, used 440K [0x00000000e3400000, 0x00000000e3e00000, 0x00000000ecca0000)
  eden space 8192K,   0% used [0x00000000e3400000, 0x00000000e3400000, 0x00000000e3c00000)
  from space 1024K,  43% used [0x00000000e3c00000, 0x00000000e3c6e348, 0x00000000e3d00000)
  to   space 1024K,   0% used [0x00000000e3d00000, 0x00000000e3d00000, 0x00000000e3e00000)
 concurrent mark-sweep generation total 84724K, used 50655K [0x00000000ecca0000, 0x00000000f1f5d000, 0x0000000100000000)
 Metaspace       used 64792K, capacity 67770K, committed 68096K, reserved 1107968K
  class space    used 8327K, capacity 8927K, committed 8960K, reserved 1048576K
}
2020-11-07T19:58:52.283+0800: 58.959: Application time: 0.0074881 seconds
2020-11-07T19:58:52.283+0800: 58.960: Application time: 0.0000574 seconds
2020-11-07T19:58:52.286+0800: 58.962: Application time: 0.0027478 seconds
2020-11-07T19:58:52.298+0800: 58.975: Application time: 0.0120622 seconds
2020-11-07T19:58:52.324+0800: 59.001: Application time: 0.0009011 seconds
2020-11-07T19:58:52.326+0800: 59.003: Application time: 0.0015762 seconds
2020-11-07T19:58:52.330+0800: 59.007: Application time: 0.0036277 seconds
{Heap before GC invocations=782 (full 68):
 par new generation   total 9216K, used 8632K [0x00000000e3400000, 0x00000000e3e00000, 0x00000000ecca0000)
  eden space 8192K, 100% used [0x00000000e3400000, 0x00000000e3c00000, 0x00000000e3c00000)
  from space 1024K,  43% used [0x00000000e3c00000, 0x00000000e3c6e348, 0x00000000e3d00000)
  to   space 1024K,   0% used [0x00000000e3d00000, 0x00000000e3d00000, 0x00000000e3e00000)
 concurrent mark-sweep generation total 84724K, used 50655K [0x00000000ecca0000, 0x00000000f1f5d000, 0x0000000100000000)
 Metaspace       used 64818K, capacity 67834K, committed 68096K, reserved 1107968K
  class space    used 8331K, capacity 8927K, committed 8960K, reserved 1048576K
2020-11-07T19:58:52.330+0800: 59.007: [GC (Allocation Failure) 2020-11-07T19:58:52.330+0800: 59.007: [ParNew: 8632K->376K(9216K), 0.0221514 secs] 59287K->51086K(93940K), 0.0222194 secs] [Times: user=0.02 sys=0.00, real=0.02 secs] 
Heap after GC invocations=783 (full 68):
 par new generation   total 9216K, used 376K [0x00000000e3400000, 0x00000000e3e00000, 0x00000000ecca0000)
  eden space 8192K,   0% used [0x00000000e3400000, 0x00000000e3400000, 0x00000000e3c00000)
  from space 1024K,  36% used [0x00000000e3d00000, 0x00000000e3d5e218, 0x00000000e3e00000)
  to   space 1024K,   0% used [0x00000000e3c00000, 0x00000000e3c00000, 0x00000000e3d00000)
 concurrent mark-sweep generation total 84724K, used 50709K [0x00000000ecca0000, 0x00000000f1f5d000, 0x0000000100000000)
 Metaspace       used 64818K, capacity 67834K, committed 68096K, reserved 1107968K
  class space    used 8331K, capacity 8927K, committed 8960K, reserved 1048576K
}
2020-11-07T19:58:52.357+0800: 59.034: Application time: 0.0051559 seconds
2020-11-07T19:58:52.365+0800: 59.042: Application time: 0.0038803 seconds
2020-11-07T19:58:52.366+0800: 59.042: Application time: 0.0000290 seconds
2020-11-07T19:58:52.366+0800: 59.042: Application time: 0.0000189 seconds
2020-11-07T19:58:52.366+0800: 59.042: Application time: 0.0000510 seconds
2020-11-07T19:58:52.366+0800: 59.042: Application time: 0.0000186 seconds
2020-11-07T19:58:52.366+0800: 59.042: Application time: 0.0000178 seconds
2020-11-07T19:58:52.366+0800: 59.042: Application time: 0.0000177 seconds
2020-11-07T19:58:52.366+0800: 59.043: Application time: 0.0000178 seconds
2020-11-07T19:58:52.366+0800: 59.043: Application time: 0.0000178 seconds
2020-11-07T19:58:52.366+0800: 59.043: Application time: 0.0000178 seconds
2020-11-07T19:58:52.366+0800: 59.043: Application time: 0.0000179 seconds
2020-11-07T19:58:52.366+0800: 59.043: Application time: 0.0000176 seconds
2020-11-07T19:58:52.368+0800: 59.044: Application time: 0.0016304 seconds
2020-11-07T19:58:52.374+0800: 59.051: Application time: 0.0061933 seconds
{Heap before GC invocations=783 (full 68):
 par new generation   total 9216K, used 8568K [0x00000000e3400000, 0x00000000e3e00000, 0x00000000ecca0000)
  eden space 8192K, 100% used [0x00000000e3400000, 0x00000000e3c00000, 0x00000000e3c00000)
  from space 1024K,  36% used [0x00000000e3d00000, 0x00000000e3d5e218, 0x00000000e3e00000)
  to   space 1024K,   0% used [0x00000000e3c00000, 0x00000000e3c00000, 0x00000000e3d00000)
 concurrent mark-sweep generation total 84724K, used 50709K [0x00000000ecca0000, 0x00000000f1f5d000, 0x0000000100000000)
 Metaspace       used 64822K, capacity 67834K, committed 68096K, reserved 1107968K
  class space    used 8331K, capacity 8927K, committed 8960K, reserved 1048576K
2020-11-07T19:58:52.374+0800: 59.051: [GC (Allocation Failure) 2020-11-07T19:58:52.374+0800: 59.051: [ParNew: 8568K->377K(9216K), 0.0223630 secs] 59278K->51092K(93940K), 0.0224195 secs] [Times: user=0.02 sys=0.00, real=0.03 secs] 
Heap after GC invocations=784 (full 68):
 par new generation   total 9216K, used 377K [0x00000000e3400000, 0x00000000e3e00000, 0x00000000ecca0000)
  eden space 8192K,   0% used [0x00000000e3400000, 0x00000000e3400000, 0x00000000e3c00000)
  from space 1024K,  36% used [0x00000000e3c00000, 0x00000000e3c5e698, 0x00000000e3d00000)
  to   space 1024K,   0% used [0x00000000e3d00000, 0x00000000e3d00000, 0x00000000e3e00000)
 concurrent mark-sweep generation total 84724K, used 50714K [0x00000000ecca0000, 0x00000000f1f5d000, 0x0000000100000000)
 Metaspace       used 64822K, capacity 67834K, committed 68096K, reserved 1107968K
  class space    used 8331K, capacity 8927K, committed 8960K, reserved 1048576K
}
2020-11-07T19:58:52.403+0800: 59.080: Application time: 0.0065672 seconds
2020-11-07T19:58:52.403+0800: 59.080: Application time: 0.0000426 seconds
2020-11-07T19:58:52.416+0800: 59.092: Application time: 0.0123354 seconds
{Heap before GC invocations=784 (full 68):
 par new generation   total 9216K, used 8569K [0x00000000e3400000, 0x00000000e3e00000, 0x00000000ecca0000)
  eden space 8192K, 100% used [0x00000000e3400000, 0x00000000e3c00000, 0x00000000e3c00000)
  from space 1024K,  36% used [0x00000000e3c00000, 0x00000000e3c5e698, 0x00000000e3d00000)
  to   space 1024K,   0% used [0x00000000e3d00000, 0x00000000e3d00000, 0x00000000e3e00000)
 concurrent mark-sweep generation total 84724K, used 50714K [0x00000000ecca0000, 0x00000000f1f5d000, 0x0000000100000000)
 Metaspace       used 64827K, capacity 67834K, committed 68096K, reserved 1107968K
  class space    used 8332K, capacity 8927K, committed 8960K, reserved 1048576K
2020-11-07T19:58:52.416+0800: 59.092: [GC (Allocation Failure) 2020-11-07T19:58:52.416+0800: 59.093: [ParNew: 8569K->372K(9216K), 0.0234358 secs] 59284K->51120K(93940K), 0.0235127 secs] [Times: user=0.02 sys=0.00, real=0.02 secs] 
Heap after GC invocations=785 (full 68):
 par new generation   total 9216K, used 372K [0x00000000e3400000, 0x00000000e3e00000, 0x00000000ecca0000)
  eden space 8192K,   0% used [0x00000000e3400000, 0x00000000e3400000, 0x00000000e3c00000)
  from space 1024K,  36% used [0x00000000e3d00000, 0x00000000e3d5d070, 0x00000000e3e00000)
  to   space 1024K,   0% used [0x00000000e3c00000, 0x00000000e3c00000, 0x00000000e3d00000)
 concurrent mark-sweep generation total 84724K, used 50748K [0x00000000ecca0000, 0x00000000f1f5d000, 0x0000000100000000)
 Metaspace       used 64827K, capacity 67834K, committed 68096K, reserved 1107968K
  class space    used 8332K, capacity 8927K, committed 8960K, reserved 1048576K
}
2020-11-07T19:58:52.472+0800: 59.149: Application time: 0.0328361 seconds
{Heap before GC invocations=785 (full 68):
 par new generation   total 9216K, used 8564K [0x00000000e3400000, 0x00000000e3e00000, 0x00000000ecca0000)
  eden space 8192K, 100% used [0x00000000e3400000, 0x00000000e3c00000, 0x00000000e3c00000)
  from space 1024K,  36% used [0x00000000e3d00000, 0x00000000e3d5d070, 0x00000000e3e00000)
  to   space 1024K,   0% used [0x00000000e3c00000, 0x00000000e3c00000, 0x00000000e3d00000)
 concurrent mark-sweep generation total 84724K, used 50748K [0x00000000ecca0000, 0x00000000f1f5d000, 0x0000000100000000)
 Metaspace       used 64829K, capacity 67834K, committed 68096K, reserved 1107968K
  class space    used 8332K, capacity 8927K, committed 8960K, reserved 1048576K
2020-11-07T19:58:52.472+0800: 59.149: [GC (Allocation Failure) 2020-11-07T19:58:52.472+0800: 59.149: [ParNew: 8564K->365K(9216K), 0.0303549 secs] 59312K->51137K(93940K), 0.0304139 secs] [Times: user=0.03 sys=0.00, real=0.03 secs] 
Heap after GC invocations=786 (full 68):
 par new generation   total 9216K, used 365K [0x00000000e3400000, 0x00000000e3e00000, 0x00000000ecca0000)
  eden space 8192K,   0% used [0x00000000e3400000, 0x00000000e3400000, 0x00000000e3c00000)
  from space 1024K,  35% used [0x00000000e3c00000, 0x00000000e3c5b400, 0x00000000e3d00000)
  to   space 1024K,   0% used [0x00000000e3d00000, 0x00000000e3d00000, 0x00000000e3e00000)
 concurrent mark-sweep generation total 84724K, used 50772K [0x00000000ecca0000, 0x00000000f1f5d000, 0x0000000100000000)
 Metaspace       used 64829K, capacity 67834K, committed 68096K, reserved 1107968K
  class space    used 8332K, capacity 8927K, committed 8960K, reserved 1048576K
}
2020-11-07T19:58:52.518+0800: 59.195: Application time: 0.0150083 seconds
2020-11-07T19:58:52.520+0800: 59.197: Application time: 0.0021208 seconds
{Heap before GC invocations=786 (full 68):
 par new generation   total 9216K, used 8557K [0x00000000e3400000, 0x00000000e3e00000, 0x00000000ecca0000)
  eden space 8192K, 100% used [0x00000000e3400000, 0x00000000e3c00000, 0x00000000e3c00000)
  from space 1024K,  35% used [0x00000000e3c00000, 0x00000000e3c5b400, 0x00000000e3d00000)
  to   space 1024K,   0% used [0x00000000e3d00000, 0x00000000e3d00000, 0x00000000e3e00000)
 concurrent mark-sweep generation total 84724K, used 50772K [0x00000000ecca0000, 0x00000000f1f5d000, 0x0000000100000000)
 Metaspace       used 64855K, capacity 67834K, committed 68096K, reserved 1107968K
  class space    used 8338K, capacity 8927K, committed 8960K, reserved 1048576K
2020-11-07T19:58:52.520+0800: 59.197: [GC (Allocation Failure) 2020-11-07T19:58:52.520+0800: 59.197: [ParNew: 8557K->403K(9216K), 0.0175919 secs] 59329K->51175K(93940K), 0.0176524 secs] [Times: user=0.02 sys=0.00, real=0.02 secs] 
Heap after GC invocations=787 (full 68):
 par new generation   total 9216K, used 403K [0x00000000e3400000, 0x00000000e3e00000, 0x00000000ecca0000)
  eden space 8192K,   0% used [0x00000000e3400000, 0x00000000e3400000, 0x00000000e3c00000)
  from space 1024K,  39% used [0x00000000e3d00000, 0x00000000e3d64e08, 0x00000000e3e00000)
  to   space 1024K,   0% used [0x00000000e3c00000, 0x00000000e3c00000, 0x00000000e3d00000)
 concurrent mark-sweep generation total 84724K, used 50772K [0x00000000ecca0000, 0x00000000f1f5d000, 0x0000000100000000)
 Metaspace       used 64855K, capacity 67834K, committed 68096K, reserved 1107968K
  class space    used 8338K, capacity 8927K, committed 8960K, reserved 1048576K
}
2020-11-07T19:58:52.555+0800: 59.232: Application time: 0.0175051 seconds
{Heap before GC invocations=787 (full 68):
 par new generation   total 9216K, used 8595K [0x00000000e3400000, 0x00000000e3e00000, 0x00000000ecca0000)
  eden space 8192K, 100% used [0x00000000e3400000, 0x00000000e3c00000, 0x00000000e3c00000)
  from space 1024K,  39% used [0x00000000e3d00000, 0x00000000e3d64e08, 0x00000000e3e00000)
  to   space 1024K,   0% used [0x00000000e3c00000, 0x00000000e3c00000, 0x00000000e3d00000)
 concurrent mark-sweep generation total 84724K, used 50772K [0x00000000ecca0000, 0x00000000f1f5d000, 0x0000000100000000)
 Metaspace       used 64855K, capacity 67834K, committed 68096K, reserved 1107968K
  class space    used 8338K, capacity 8927K, committed 8960K, reserved 1048576K
2020-11-07T19:58:52.556+0800: 59.232: [GC (Allocation Failure) 2020-11-07T19:58:52.556+0800: 59.232: [ParNew: 8595K->423K(9216K), 0.0294988 secs] 59367K->51252K(93940K), 0.0295594 secs] [Times: user=0.03 sys=0.00, real=0.03 secs] 
Heap after GC invocations=788 (full 68):
 par new generation   total 9216K, used 423K [0x00000000e3400000, 0x00000000e3e00000, 0x00000000ecca0000)
  eden space 8192K,   0% used [0x00000000e3400000, 0x00000000e3400000, 0x00000000e3c00000)
  from space 1024K,  41% used [0x00000000e3c00000, 0x00000000e3c69ff0, 0x00000000e3d00000)
  to   space 1024K,   0% used [0x00000000e3d00000, 0x00000000e3d00000, 0x00000000e3e00000)
 concurrent mark-sweep generation total 84724K, used 50828K [0x00000000ecca0000, 0x00000000f1f5d000, 0x0000000100000000)
 Metaspace       used 64855K, capacity 67834K, committed 68096K, reserved 1107968K
  class space    used 8338K, capacity 8927K, committed 8960K, reserved 1048576K
}
2020-11-07T19:58:52.596+0800: 59.272: Application time: 0.0104195 seconds
{Heap before GC invocations=788 (full 68):
 par new generation   total 9216K, used 8615K [0x00000000e3400000, 0x00000000e3e00000, 0x00000000ecca0000)
  eden space 8192K, 100% used [0x00000000e3400000, 0x00000000e3c00000, 0x00000000e3c00000)
  from space 1024K,  41% used [0x00000000e3c00000, 0x00000000e3c69ff0, 0x00000000e3d00000)
  to   space 1024K,   0% used [0x00000000e3d00000, 0x00000000e3d00000, 0x00000000e3e00000)
 concurrent mark-sweep generation total 84724K, used 50828K [0x00000000ecca0000, 0x00000000f1f5d000, 0x0000000100000000)
 Metaspace       used 64855K, capacity 67834K, committed 68096K, reserved 1107968K
  class space    used 8338K, capacity 8927K, committed 8960K, reserved 1048576K
2020-11-07T19:58:52.596+0800: 59.273: [GC (Allocation Failure) 2020-11-07T19:58:52.596+0800: 59.273: [ParNew: 8615K->526K(9216K), 0.0582744 secs] 59444K->51421K(93940K), 0.0583418 secs] [Times: user=0.06 sys=0.00, real=0.05 secs] 
Heap after GC invocations=789 (full 68):
 par new generation   total 9216K, used 526K [0x00000000e3400000, 0x00000000e3e00000, 0x00000000ecca0000)
  eden space 8192K,   0% used [0x00000000e3400000, 0x00000000e3400000, 0x00000000e3c00000)
  from space 1024K,  51% used [0x00000000e3d00000, 0x00000000e3d83a90, 0x00000000e3e00000)
  to   space 1024K,   0% used [0x00000000e3c00000, 0x00000000e3c00000, 0x00000000e3d00000)
 concurrent mark-sweep generation total 84724K, used 50895K [0x00000000ecca0000, 0x00000000f1f5d000, 0x0000000100000000)
 Metaspace       used 64855K, capacity 67834K, committed 68096K, reserved 1107968K
  class space    used 8338K, capacity 8927K, committed 8960K, reserved 1048576K
}
2020-11-07T19:58:52.664+0800: 59.341: Application time: 0.0098143 seconds
2020-11-07T19:58:52.684+0800: 59.360: [GC (CMS Initial Mark) [1 CMS-initial-mark: 50895K(84724K)] 54459K(93940K), 0.0061290 secs] [Times: user=0.00 sys=0.00, real=0.01 secs] 
2020-11-07T19:58:52.690+0800: 59.367: [CMS-concurrent-mark-start]
2020-11-07T19:58:52.712+0800: 59.389: Application time: 0.0220103 seconds
2020-11-07T19:58:52.718+0800: 59.394: Application time: 0.0056323 seconds
2020-11-07T19:58:52.718+0800: 59.394: Application time: 0.0000260 seconds
2020-11-07T19:58:52.718+0800: 59.395: Application time: 0.0000779 seconds
2020-11-07T19:58:52.718+0800: 59.395: Application time: 0.0000168 seconds
2020-11-07T19:58:52.732+0800: 59.408: Application time: 0.0135664 seconds
2020-11-07T19:58:52.732+0800: 59.408: Application time: 0.0000374 seconds
2020-11-07T19:58:52.732+0800: 59.408: Application time: 0.0000224 seconds
2020-11-07T19:58:52.732+0800: 59.408: Application time: 0.0000175 seconds
2020-11-07T19:58:52.732+0800: 59.409: Application time: 0.0000455 seconds
2020-11-07T19:58:52.732+0800: 59.409: Application time: 0.0000144 seconds
2020-11-07T19:58:52.732+0800: 59.409: Application time: 0.0000142 seconds
2020-11-07T19:58:52.732+0800: 59.409: Application time: 0.0000140 seconds
2020-11-07T19:58:52.732+0800: 59.409: Application time: 0.0000141 seconds
2020-11-07T19:58:52.732+0800: 59.409: Application time: 0.0000142 seconds
2020-11-07T19:58:52.732+0800: 59.409: Application time: 0.0000138 seconds
2020-11-07T19:58:52.732+0800: 59.409: Application time: 0.0000145 seconds
2020-11-07T19:58:52.732+0800: 59.409: Application time: 0.0000144 seconds
2020-11-07T19:58:52.732+0800: 59.409: Application time: 0.0000139 seconds
2020-11-07T19:58:52.732+0800: 59.409: Application time: 0.0000141 seconds
2020-11-07T19:58:52.732+0800: 59.409: Application time: 0.0000138 seconds
2020-11-07T19:58:52.732+0800: 59.409: Application time: 0.0000138 seconds
2020-11-07T19:58:52.732+0800: 59.409: Application time: 0.0000138 seconds
2020-11-07T19:58:52.732+0800: 59.409: Application time: 0.0000142 seconds
2020-11-07T19:58:52.733+0800: 59.410: Application time: 0.0008935 seconds
2020-11-07T19:58:52.740+0800: 59.417: Application time: 0.0065148 seconds
2020-11-07T19:58:52.754+0800: 59.430: Application time: 0.0135071 seconds
2020-11-07T19:58:52.775+0800: 59.452: Application time: 0.0216518 seconds
{Heap before GC invocations=789 (full 69):
 par new generation   total 9216K, used 8718K [0x00000000e3400000, 0x00000000e3e00000, 0x00000000ecca0000)
  eden space 8192K, 100% used [0x00000000e3400000, 0x00000000e3c00000, 0x00000000e3c00000)
  from space 1024K,  51% used [0x00000000e3d00000, 0x00000000e3d83a90, 0x00000000e3e00000)
  to   space 1024K,   0% used [0x00000000e3c00000, 0x00000000e3c00000, 0x00000000e3d00000)
 concurrent mark-sweep generation total 84724K, used 50895K [0x00000000ecca0000, 0x00000000f1f5d000, 0x0000000100000000)
 Metaspace       used 64862K, capacity 67834K, committed 68096K, reserved 1107968K
  class space    used 8338K, capacity 8927K, committed 8960K, reserved 1048576K
2020-11-07T19:58:52.776+0800: 59.452: [GC (Allocation Failure) 2020-11-07T19:58:52.776+0800: 59.452: [ParNew: 8718K->554K(9216K), 0.0209479 secs] 59613K->51493K(93940K), 0.0210286 secs] [Times: user=0.02 sys=0.00, real=0.02 secs] 
Heap after GC invocations=790 (full 69):
 par new generation   total 9216K, used 554K [0x00000000e3400000, 0x00000000e3e00000, 0x00000000ecca0000)
  eden space 8192K,   0% used [0x00000000e3400000, 0x00000000e3400000, 0x00000000e3c00000)
  from space 1024K,  54% used [0x00000000e3c00000, 0x00000000e3c8aac8, 0x00000000e3d00000)
  to   space 1024K,   0% used [0x00000000e3d00000, 0x00000000e3d00000, 0x00000000e3e00000)
 concurrent mark-sweep generation total 84724K, used 50939K [0x00000000ecca0000, 0x00000000f1f5d000, 0x0000000100000000)
 Metaspace       used 64862K, capacity 67834K, committed 68096K, reserved 1107968K
  class space    used 8338K, capacity 8927K, committed 8960K, reserved 1048576K
}
2020-11-07T19:58:52.801+0800: 59.477: Application time: 0.0039603 seconds
2020-11-07T19:58:52.897+0800: 59.574: Application time: 0.0966321 seconds
2020-11-07T19:58:52.936+0800: 59.612: Application time: 0.0380596 seconds
{Heap before GC invocations=790 (full 69):
 par new generation   total 9216K, used 8746K [0x00000000e3400000, 0x00000000e3e00000, 0x00000000ecca0000)
  eden space 8192K, 100% used [0x00000000e3400000, 0x00000000e3c00000, 0x00000000e3c00000)
  from space 1024K,  54% used [0x00000000e3c00000, 0x00000000e3c8aac8, 0x00000000e3d00000)
  to   space 1024K,   0% used [0x00000000e3d00000, 0x00000000e3d00000, 0x00000000e3e00000)
 concurrent mark-sweep generation total 84724K, used 50939K [0x00000000ecca0000, 0x00000000f1f5d000, 0x0000000100000000)
 Metaspace       used 64895K, capacity 67844K, committed 68096K, reserved 1107968K
  class space    used 8340K, capacity 8928K, committed 8960K, reserved 1048576K
2020-11-07T19:58:52.936+0800: 59.612: [GC (Allocation Failure) 2020-11-07T19:58:52.936+0800: 59.613: [ParNew: 8746K->742K(9216K), 0.0399543 secs] 59685K->51693K(93940K), 0.0400134 secs] [Times: user=0.04 sys=0.01, real=0.04 secs] 
Heap after GC invocations=791 (full 69):
 par new generation   total 9216K, used 742K [0x00000000e3400000, 0x00000000e3e00000, 0x00000000ecca0000)
  eden space 8192K,   0% used [0x00000000e3400000, 0x00000000e3400000, 0x00000000e3c00000)
  from space 1024K,  72% used [0x00000000e3d00000, 0x00000000e3db9880, 0x00000000e3e00000)
  to   space 1024K,   0% used [0x00000000e3c00000, 0x00000000e3c00000, 0x00000000e3d00000)
 concurrent mark-sweep generation total 84724K, used 50951K [0x00000000ecca0000, 0x00000000f1f5d000, 0x0000000100000000)
 Metaspace       used 64895K, capacity 67844K, committed 68096K, reserved 1107968K
  class space    used 8340K, capacity 8928K, committed 8960K, reserved 1048576K
}
2020-11-07T19:58:52.982+0800: 59.659: Application time: 0.0065444 seconds
2020-11-07T19:58:52.992+0800: 59.669: Application time: 0.0093189 seconds
2020-11-07T19:58:53.092+0800: 59.769: [CMS-concurrent-mark: 0.310/0.403 secs] [Times: user=0.41 sys=0.01, real=0.42 secs] 
2020-11-07T19:58:53.109+0800: 59.786: Application time: 0.1173211 seconds
{Heap before GC invocations=791 (full 69):
 par new generation   total 9216K, used 8934K [0x00000000e3400000, 0x00000000e3e00000, 0x00000000ecca0000)
  eden space 8192K, 100% used [0x00000000e3400000, 0x00000000e3c00000, 0x00000000e3c00000)
  from space 1024K,  72% used [0x00000000e3d00000, 0x00000000e3db9880, 0x00000000e3e00000)
  to   space 1024K,   0% used [0x00000000e3c00000, 0x00000000e3c00000, 0x00000000e3d00000)
 concurrent mark-sweep generation total 84724K, used 50951K [0x00000000ecca0000, 0x00000000f1f5d000, 0x0000000100000000)
 Metaspace       used 64986K, capacity 67992K, committed 68096K, reserved 1107968K
  class space    used 8343K, capacity 8930K, committed 8960K, reserved 1048576K
2020-11-07T19:58:53.110+0800: 59.786: [GC (Allocation Failure) 2020-11-07T19:58:53.110+0800: 59.786: [ParNew: 8934K->984K(9216K), 0.0785828 secs] 59885K->52264K(93940K), 0.0786479 secs] [Times: user=0.04 sys=0.00, real=0.08 secs] 
Heap after GC invocations=792 (full 69):
 par new generation   total 9216K, used 984K [0x00000000e3400000, 0x00000000e3e00000, 0x00000000ecca0000)
  eden space 8192K,   0% used [0x00000000e3400000, 0x00000000e3400000, 0x00000000e3c00000)
  from space 1024K,  96% used [0x00000000e3c00000, 0x00000000e3cf6070, 0x00000000e3d00000)
  to   space 1024K,   0% used [0x00000000e3d00000, 0x00000000e3d00000, 0x00000000e3e00000)
 concurrent mark-sweep generation total 84724K, used 51279K [0x00000000ecca0000, 0x00000000f1f5d000, 0x0000000100000000)
 Metaspace       used 64986K, capacity 67992K, committed 68096K, reserved 1107968K
  class space    used 8343K, capacity 8930K, committed 8960K, reserved 1048576K
}
2020-11-07T19:58:53.189+0800: 59.865: [CMS-concurrent-preclean-start]
2020-11-07T19:58:53.201+0800: 59.878: [CMS-concurrent-preclean: 0.012/0.012 secs] [Times: user=0.02 sys=0.00, real=0.01 secs] 
2020-11-07T19:58:53.201+0800: 59.878: [CMS-concurrent-abortable-preclean-start]
2020-11-07T19:58:53.259+0800: 59.936: Application time: 0.0710202 seconds
{Heap before GC invocations=792 (full 69):
 par new generation   total 9216K, used 9176K [0x00000000e3400000, 0x00000000e3e00000, 0x00000000ecca0000)
  eden space 8192K, 100% used [0x00000000e3400000, 0x00000000e3c00000, 0x00000000e3c00000)
  from space 1024K,  96% used [0x00000000e3c00000, 0x00000000e3cf6070, 0x00000000e3d00000)
  to   space 1024K,   0% used [0x00000000e3d00000, 0x00000000e3d00000, 0x00000000e3e00000)
 concurrent mark-sweep generation total 84724K, used 51279K [0x00000000ecca0000, 0x00000000f1f5d000, 0x0000000100000000)
 Metaspace       used 65028K, capacity 68054K, committed 68096K, reserved 1107968K
  class space    used 8351K, capacity 8941K, committed 8960K, reserved 1048576K
2020-11-07T19:58:53.260+0800: 59.936: [GC (Allocation Failure) 2020-11-07T19:58:53.260+0800: 59.936: [ParNew: 9176K->978K(9216K), 0.0284766 secs] 60456K->52566K(93940K), 0.0285941 secs] [Times: user=0.03 sys=0.00, real=0.03 secs] 
Heap after GC invocations=793 (full 69):
 par new generation   total 9216K, used 978K [0x00000000e3400000, 0x00000000e3e00000, 0x00000000ecca0000)
  eden space 8192K,   0% used [0x00000000e3400000, 0x00000000e3400000, 0x00000000e3c00000)
  from space 1024K,  95% used [0x00000000e3d00000, 0x00000000e3df4bf8, 0x00000000e3e00000)
  to   space 1024K,   0% used [0x00000000e3c00000, 0x00000000e3c00000, 0x00000000e3d00000)
 concurrent mark-sweep generation total 84724K, used 51587K [0x00000000ecca0000, 0x00000000f1f5d000, 0x0000000100000000)
 Metaspace       used 65028K, capacity 68054K, committed 68096K, reserved 1107968K
  class space    used 8351K, capacity 8941K, committed 8960K, reserved 1048576K
}
2020-11-07T19:58:53.289+0800: 59.965: [CMS-concurrent-abortable-preclean: 0.014/0.088 secs] [Times: user=0.08 sys=0.00, real=0.09 secs] 
2020-11-07T19:58:53.291+0800: 59.967: Application time: 0.0023360 seconds
2020-11-07T19:58:53.291+0800: 59.967: [GC (CMS Final Remark) [YG occupancy: 1979 K (9216 K)]2020-11-07T19:58:53.291+0800: 59.967: [Rescan (parallel) , 0.0299164 secs]2020-11-07T19:58:53.321+0800: 59.997: [weak refs processing, 0.0005196 secs]2020-11-07T19:58:53.321+0800: 59.998: [class unloading, 0.0240167 secs]2020-11-07T19:58:53.345+0800: 60.022: [scrub symbol table, 0.0741262 secs]2020-11-07T19:58:53.419+0800: 60.096: [scrub string table, 0.0014396 secs][1 CMS-remark: 51587K(84724K)] 53567K(93940K), 0.1302470 secs] [Times: user=0.12 sys=0.00, real=0.13 secs] 
2020-11-07T19:58:53.421+0800: 60.098: [CMS-concurrent-sweep-start]
2020-11-07T19:58:53.427+0800: 60.103: Application time: 0.0055685 seconds
2020-11-07T19:58:53.427+0800: 60.103: Application time: 0.0000336 seconds
2020-11-07T19:58:53.427+0800: 60.103: Application time: 0.0000172 seconds
2020-11-07T19:58:53.433+0800: 60.110: Application time: 0.0065925 seconds
{Heap before GC invocations=793 (full 69):
 par new generation   total 9216K, used 9167K [0x00000000e3400000, 0x00000000e3e00000, 0x00000000ecca0000)
  eden space 8192K,  99% used [0x00000000e3400000, 0x00000000e3bff198, 0x00000000e3c00000)
  from space 1024K,  95% used [0x00000000e3d00000, 0x00000000e3df4bf8, 0x00000000e3e00000)
  to   space 1024K,   0% used [0x00000000e3c00000, 0x00000000e3c00000, 0x00000000e3d00000)
 concurrent mark-sweep generation total 84724K, used 51586K [0x00000000ecca0000, 0x00000000f1f5d000, 0x0000000100000000)
 Metaspace       used 65039K, capacity 68054K, committed 68096K, reserved 1107968K
  class space    used 8354K, capacity 8941K, committed 8960K, reserved 1048576K
2020-11-07T19:58:53.434+0800: 60.110: [GC (Allocation Failure) 2020-11-07T19:58:53.434+0800: 60.110: [ParNew: 9167K->442K(9216K), 0.0493818 secs] 60754K->52218K(93940K), 0.0494407 secs] [Times: user=0.05 sys=0.00, real=0.05 secs] 
Heap after GC invocations=794 (full 69):
 par new generation   total 9216K, used 442K [0x00000000e3400000, 0x00000000e3e00000, 0x00000000ecca0000)
  eden space 8192K,   0% used [0x00000000e3400000, 0x00000000e3400000, 0x00000000e3c00000)
  from space 1024K,  43% used [0x00000000e3c00000, 0x00000000e3c6ea18, 0x00000000e3d00000)
  to   space 1024K,   0% used [0x00000000e3d00000, 0x00000000e3d00000, 0x00000000e3e00000)
 concurrent mark-sweep generation total 84724K, used 51776K [0x00000000ecca0000, 0x00000000f1f5d000, 0x0000000100000000)
 Metaspace       used 65039K, capacity 68054K, committed 68096K, reserved 1107968K
  class space    used 8354K, capacity 8941K, committed 8960K, reserved 1048576K
}
2020-11-07T19:58:53.488+0800: 60.165: Application time: 0.0053797 seconds
{Heap before GC invocations=794 (full 69):
 par new generation   total 9216K, used 8601K [0x00000000e3400000, 0x00000000e3e00000, 0x00000000ecca0000)
  eden space 8192K,  99% used [0x00000000e3400000, 0x00000000e3bf7b58, 0x00000000e3c00000)
  from space 1024K,  43% used [0x00000000e3c00000, 0x00000000e3c6ea18, 0x00000000e3d00000)
  to   space 1024K,   0% used [0x00000000e3d00000, 0x00000000e3d00000, 0x00000000e3e00000)
 concurrent mark-sweep generation total 84724K, used 51776K [0x00000000ecca0000, 0x00000000f1f5d000, 0x0000000100000000)
 Metaspace       used 65039K, capacity 68054K, committed 68096K, reserved 1107968K
  class space    used 8354K, capacity 8941K, committed 8960K, reserved 1048576K
2020-11-07T19:58:53.489+0800: 60.165: [GC (Allocation Failure) 2020-11-07T19:58:53.489+0800: 60.165: [ParNew: 8601K->400K(9216K), 0.0549570 secs] 60377K->52176K(93940K), 0.0550243 secs] [Times: user=0.05 sys=0.01, real=0.05 secs] 
Heap after GC invocations=795 (full 69):
 par new generation   total 9216K, used 400K [0x00000000e3400000, 0x00000000e3e00000, 0x00000000ecca0000)
  eden space 8192K,   0% used [0x00000000e3400000, 0x00000000e3400000, 0x00000000e3c00000)
  from space 1024K,  39% used [0x00000000e3d00000, 0x00000000e3d64330, 0x00000000e3e00000)
  to   space 1024K,   0% used [0x00000000e3c00000, 0x00000000e3c00000, 0x00000000e3d00000)
 concurrent mark-sweep generation total 84724K, used 51776K [0x00000000ecca0000, 0x00000000f1f5d000, 0x0000000100000000)
 Metaspace       used 65039K, capacity 68054K, committed 68096K, reserved 1107968K
  class space    used 8354K, capacity 8941K, committed 8960K, reserved 1048576K
}
2020-11-07T19:58:53.557+0800: 60.233: Application time: 0.0126910 seconds
{Heap before GC invocations=795 (full 69):
 par new generation   total 9216K, used 8572K [0x00000000e3400000, 0x00000000e3e00000, 0x00000000ecca0000)
  eden space 8192K,  99% used [0x00000000e3400000, 0x00000000e3bfafe8, 0x00000000e3c00000)
  from space 1024K,  39% used [0x00000000e3d00000, 0x00000000e3d64330, 0x00000000e3e00000)
  to   space 1024K,   0% used [0x00000000e3c00000, 0x00000000e3c00000, 0x00000000e3d00000)
 concurrent mark-sweep generation total 84724K, used 51718K [0x00000000ecca0000, 0x00000000f1f5d000, 0x0000000100000000)
 Metaspace       used 65040K, capacity 68054K, committed 68096K, reserved 1107968K
  class space    used 8354K, capacity 8941K, committed 8960K, reserved 1048576K
2020-11-07T19:58:53.557+0800: 60.233: [GC (Allocation Failure) 2020-11-07T19:58:53.557+0800: 60.233: [ParNew: 8572K->312K(9216K), 0.0199548 secs] 60291K->52031K(93940K), 0.0200160 secs] [Times: user=0.02 sys=0.00, real=0.02 secs] 
Heap after GC invocations=796 (full 69):
 par new generation   total 9216K, used 312K [0x00000000e3400000, 0x00000000e3e00000, 0x00000000ecca0000)
  eden space 8192K,   0% used [0x00000000e3400000, 0x00000000e3400000, 0x00000000e3c00000)
  from space 1024K,  30% used [0x00000000e3c00000, 0x00000000e3c4e290, 0x00000000e3d00000)
  to   space 1024K,   0% used [0x00000000e3d00000, 0x00000000e3d00000, 0x00000000e3e00000)
 concurrent mark-sweep generation total 84724K, used 51718K [0x00000000ecca0000, 0x00000000f1f5d000, 0x0000000100000000)
 Metaspace       used 65040K, capacity 68054K, committed 68096K, reserved 1107968K
  class space    used 8354K, capacity 8941K, committed 8960K, reserved 1048576K
}
2020-11-07T19:58:53.599+0800: 60.276: [CMS-concurrent-sweep: 0.038/0.178 secs] [Times: user=0.18 sys=0.01, real=0.18 secs] 
2020-11-07T19:58:53.599+0800: 60.276: [CMS-concurrent-reset-start]
2020-11-07T19:58:53.600+0800: 60.277: [CMS-concurrent-reset: 0.001/0.001 secs] [Times: user=0.00 sys=0.00, real=0.00 secs] 
2020-11-07T19:58:53.607+0800: 60.283: Application time: 0.0299250 seconds
{Heap before GC invocations=796 (full 69):
 par new generation   total 9216K, used 8504K [0x00000000e3400000, 0x00000000e3e00000, 0x00000000ecca0000)
  eden space 8192K, 100% used [0x00000000e3400000, 0x00000000e3c00000, 0x00000000e3c00000)
  from space 1024K,  30% used [0x00000000e3c00000, 0x00000000e3c4e290, 0x00000000e3d00000)
  to   space 1024K,   0% used [0x00000000e3d00000, 0x00000000e3d00000, 0x00000000e3e00000)
 concurrent mark-sweep generation total 85956K, used 51572K [0x00000000ecca0000, 0x00000000f2091000, 0x0000000100000000)
 Metaspace       used 65062K, capacity 68030K, committed 68096K, reserved 1107968K
  class space    used 8355K, capacity 8937K, committed 8960K, reserved 1048576K
2020-11-07T19:58:53.607+0800: 60.284: [GC (Allocation Failure) 2020-11-07T19:58:53.607+0800: 60.284: [ParNew: 8504K->551K(9216K), 0.0327430 secs] 60077K->52124K(95172K), 0.0328411 secs] [Times: user=0.04 sys=0.00, real=0.03 secs] 
Heap after GC invocations=797 (full 69):
 par new generation   total 9216K, used 551K [0x00000000e3400000, 0x00000000e3e00000, 0x00000000ecca0000)
  eden space 8192K,   0% used [0x00000000e3400000, 0x00000000e3400000, 0x00000000e3c00000)
  from space 1024K,  53% used [0x00000000e3d00000, 0x00000000e3d89f08, 0x00000000e3e00000)
  to   space 1024K,   0% used [0x00000000e3c00000, 0x00000000e3c00000, 0x00000000e3d00000)
 concurrent mark-sweep generation total 85956K, used 51572K [0x00000000ecca0000, 0x00000000f2091000, 0x0000000100000000)
 Metaspace       used 65062K, capacity 68030K, committed 68096K, reserved 1107968K
  class space    used 8355K, capacity 8937K, committed 8960K, reserved 1048576K
}
2020-11-07T19:58:53.672+0800: 60.349: Application time: 0.0319266 seconds
{Heap before GC invocations=797 (full 69):
 par new generation   total 9216K, used 8743K [0x00000000e3400000, 0x00000000e3e00000, 0x00000000ecca0000)
  eden space 8192K, 100% used [0x00000000e3400000, 0x00000000e3c00000, 0x00000000e3c00000)
  from space 1024K,  53% used [0x00000000e3d00000, 0x00000000e3d89f08, 0x00000000e3e00000)
  to   space 1024K,   0% used [0x00000000e3c00000, 0x00000000e3c00000, 0x00000000e3d00000)
 concurrent mark-sweep generation total 85956K, used 51572K [0x00000000ecca0000, 0x00000000f2091000, 0x0000000100000000)
 Metaspace       used 65090K, capacity 68100K, committed 68352K, reserved 1107968K
  class space    used 8356K, capacity 8938K, committed 8960K, reserved 1048576K
2020-11-07T19:58:53.672+0800: 60.349: [GC (Allocation Failure) 2020-11-07T19:58:53.672+0800: 60.349: [ParNew: 8743K->481K(9216K), 0.0357035 secs] 60316K->52054K(95172K), 0.0357732 secs] [Times: user=0.03 sys=0.00, real=0.04 secs] 
Heap after GC invocations=798 (full 69):
 par new generation   total 9216K, used 481K [0x00000000e3400000, 0x00000000e3e00000, 0x00000000ecca0000)
  eden space 8192K,   0% used [0x00000000e3400000, 0x00000000e3400000, 0x00000000e3c00000)
  from space 1024K,  47% used [0x00000000e3c00000, 0x00000000e3c785a8, 0x00000000e3d00000)
  to   space 1024K,   0% used [0x00000000e3d00000, 0x00000000e3d00000, 0x00000000e3e00000)
 concurrent mark-sweep generation total 85956K, used 51572K [0x00000000ecca0000, 0x00000000f2091000, 0x0000000100000000)
 Metaspace       used 65090K, capacity 68100K, committed 68352K, reserved 1107968K
  class space    used 8356K, capacity 8938K, committed 8960K, reserved 1048576K
}
2020-11-07T19:58:53.781+0800: 60.458: Application time: 0.0732161 seconds
{Heap before GC invocations=798 (full 69):
 par new generation   total 9216K, used 8673K [0x00000000e3400000, 0x00000000e3e00000, 0x00000000ecca0000)
  eden space 8192K, 100% used [0x00000000e3400000, 0x00000000e3c00000, 0x00000000e3c00000)
  from space 1024K,  47% used [0x00000000e3c00000, 0x00000000e3c785a8, 0x00000000e3d00000)
  to   space 1024K,   0% used [0x00000000e3d00000, 0x00000000e3d00000, 0x00000000e3e00000)
 concurrent mark-sweep generation total 85956K, used 51572K [0x00000000ecca0000, 0x00000000f2091000, 0x0000000100000000)
 Metaspace       used 65103K, capacity 68144K, committed 68480K, reserved 1107968K
  class space    used 8358K, capacity 8972K, committed 9088K, reserved 1048576K
2020-11-07T19:58:53.782+0800: 60.458: [GC (Allocation Failure) 2020-11-07T19:58:53.782+0800: 60.458: [ParNew: 8673K->691K(9216K), 0.0246248 secs] 60246K->52264K(95172K), 0.0246975 secs] [Times: user=0.03 sys=0.00, real=0.03 secs] 
Heap after GC invocations=799 (full 69):
 par new generation   total 9216K, used 691K [0x00000000e3400000, 0x00000000e3e00000, 0x00000000ecca0000)
  eden space 8192K,   0% used [0x00000000e3400000, 0x00000000e3400000, 0x00000000e3c00000)
  from space 1024K,  67% used [0x00000000e3d00000, 0x00000000e3dacec8, 0x00000000e3e00000)
  to   space 1024K,   0% used [0x00000000e3c00000, 0x00000000e3c00000, 0x00000000e3d00000)
 concurrent mark-sweep generation total 85956K, used 51572K [0x00000000ecca0000, 0x00000000f2091000, 0x0000000100000000)
 Metaspace       used 65103K, capacity 68144K, committed 68480K, reserved 1107968K
  class space    used 8358K, capacity 8972K, committed 9088K, reserved 1048576K
}
2020-11-07T19:58:53.920+0800: 60.597: Application time: 0.1135691 seconds
{Heap before GC invocations=799 (full 69):
 par new generation   total 9216K, used 8883K [0x00000000e3400000, 0x00000000e3e00000, 0x00000000ecca0000)
  eden space 8192K, 100% used [0x00000000e3400000, 0x00000000e3c00000, 0x00000000e3c00000)
  from space 1024K,  67% used [0x00000000e3d00000, 0x00000000e3dacec8, 0x00000000e3e00000)
  to   space 1024K,   0% used [0x00000000e3c00000, 0x00000000e3c00000, 0x00000000e3d00000)
 concurrent mark-sweep generation total 85956K, used 51572K [0x00000000ecca0000, 0x00000000f2091000, 0x0000000100000000)
 Metaspace       used 65161K, capacity 68220K, committed 68480K, reserved 1107968K
  class space    used 8360K, capacity 8974K, committed 9088K, reserved 1048576K
2020-11-07T19:58:53.920+0800: 60.597: [GC (Allocation Failure) 2020-11-07T19:58:53.920+0800: 60.597: [ParNew: 8883K->1024K(9216K), 0.0379745 secs] 60456K->52794K(95172K), 0.0380397 secs] [Times: user=0.04 sys=0.00, real=0.04 secs] 
Heap after GC invocations=800 (full 69):
 par new generation   total 9216K, used 1024K [0x00000000e3400000, 0x00000000e3e00000, 0x00000000ecca0000)
  eden space 8192K,   0% used [0x00000000e3400000, 0x00000000e3400000, 0x00000000e3c00000)
  from space 1024K, 100% used [0x00000000e3c00000, 0x00000000e3d00000, 0x00000000e3d00000)
  to   space 1024K,   0% used [0x00000000e3d00000, 0x00000000e3d00000, 0x00000000e3e00000)
 concurrent mark-sweep generation total 85956K, used 51770K [0x00000000ecca0000, 0x00000000f2091000, 0x0000000100000000)
 Metaspace       used 65161K, capacity 68220K, committed 68480K, reserved 1107968K
  class space    used 8360K, capacity 8974K, committed 9088K, reserved 1048576K
}
2020-11-07T19:58:53.964+0800: 60.641: Application time: 0.0058484 seconds
2020-11-07T19:58:53.975+0800: 60.651: [GC (CMS Initial Mark) [1 CMS-initial-mark: 51770K(85956K)] 54942K(95172K), 0.0064658 secs] [Times: user=0.01 sys=0.00, real=0.00 secs] 
2020-11-07T19:58:53.986+0800: 60.662: [CMS-concurrent-mark-start]
2020-11-07T19:58:54.062+0800: 60.738: Application time: 0.0804582 seconds
{Heap before GC invocations=800 (full 70):
 par new generation   total 9216K, used 9215K [0x00000000e3400000, 0x00000000e3e00000, 0x00000000ecca0000)
  eden space 8192K,  99% used [0x00000000e3400000, 0x00000000e3bfffd8, 0x00000000e3c00000)
  from space 1024K, 100% used [0x00000000e3c00000, 0x00000000e3d00000, 0x00000000e3d00000)
  to   space 1024K,   0% used [0x00000000e3d00000, 0x00000000e3d00000, 0x00000000e3e00000)
 concurrent mark-sweep generation total 85956K, used 51770K [0x00000000ecca0000, 0x00000000f2091000, 0x0000000100000000)
 Metaspace       used 65197K, capacity 68226K, committed 68480K, reserved 1107968K
  class space    used 8362K, capacity 8975K, committed 9088K, reserved 1048576K
2020-11-07T19:58:54.062+0800: 60.739: [GC (Allocation Failure) 2020-11-07T19:58:54.062+0800: 60.739: [ParNew: 9215K->869K(9216K), 0.0531690 secs] 60986K->52938K(95172K), 0.0532602 secs] [Times: user=0.05 sys=0.00, real=0.06 secs] 
Heap after GC invocations=801 (full 70):
 par new generation   total 9216K, used 869K [0x00000000e3400000, 0x00000000e3e00000, 0x00000000ecca0000)
  eden space 8192K,   0% used [0x00000000e3400000, 0x00000000e3400000, 0x00000000e3c00000)
  from space 1024K,  84% used [0x00000000e3d00000, 0x00000000e3dd96e8, 0x00000000e3e00000)
  to   space 1024K,   0% used [0x00000000e3c00000, 0x00000000e3c00000, 0x00000000e3d00000)
 concurrent mark-sweep generation total 85956K, used 52069K [0x00000000ecca0000, 0x00000000f2091000, 0x0000000100000000)
 Metaspace       used 65197K, capacity 68226K, committed 68480K, reserved 1107968K
  class space    used 8362K, capacity 8975K, committed 9088K, reserved 1048576K
}
2020-11-07T19:58:54.213+0800: 60.889: Application time: 0.0973918 seconds
{Heap before GC invocations=801 (full 70):
 par new generation   total 9216K, used 9061K [0x00000000e3400000, 0x00000000e3e00000, 0x00000000ecca0000)
  eden space 8192K, 100% used [0x00000000e3400000, 0x00000000e3c00000, 0x00000000e3c00000)
  from space 1024K,  84% used [0x00000000e3d00000, 0x00000000e3dd96e8, 0x00000000e3e00000)
  to   space 1024K,   0% used [0x00000000e3c00000, 0x00000000e3c00000, 0x00000000e3d00000)
 concurrent mark-sweep generation total 85956K, used 52069K [0x00000000ecca0000, 0x00000000f2091000, 0x0000000100000000)
 Metaspace       used 65220K, capacity 68232K, committed 68480K, reserved 1107968K
  class space    used 8363K, capacity 8976K, committed 9088K, reserved 1048576K
2020-11-07T19:58:54.213+0800: 60.890: [GC (Allocation Failure) 2020-11-07T19:58:54.213+0800: 60.890: [ParNew: 9061K->718K(9216K), 0.0382613 secs] 61130K->53089K(95172K), 0.0383537 secs] [Times: user=0.04 sys=0.00, real=0.04 secs] 
Heap after GC invocations=802 (full 70):
 par new generation   total 9216K, used 718K [0x00000000e3400000, 0x00000000e3e00000, 0x00000000ecca0000)
  eden space 8192K,   0% used [0x00000000e3400000, 0x00000000e3400000, 0x00000000e3c00000)
  from space 1024K,  70% used [0x00000000e3c00000, 0x00000000e3cb3848, 0x00000000e3d00000)
  to   space 1024K,   0% used [0x00000000e3d00000, 0x00000000e3d00000, 0x00000000e3e00000)
 concurrent mark-sweep generation total 85956K, used 52370K [0x00000000ecca0000, 0x00000000f2091000, 0x0000000100000000)
 Metaspace       used 65220K, capacity 68232K, committed 68480K, reserved 1107968K
  class space    used 8363K, capacity 8976K, committed 9088K, reserved 1048576K
}
2020-11-07T19:58:54.428+0800: 61.104: Application time: 0.1763373 seconds
{Heap before GC invocations=802 (full 70):
 par new generation   total 9216K, used 8910K [0x00000000e3400000, 0x00000000e3e00000, 0x00000000ecca0000)
  eden space 8192K, 100% used [0x00000000e3400000, 0x00000000e3c00000, 0x00000000e3c00000)
  from space 1024K,  70% used [0x00000000e3c00000, 0x00000000e3cb3848, 0x00000000e3d00000)
  to   space 1024K,   0% used [0x00000000e3d00000, 0x00000000e3d00000, 0x00000000e3e00000)
 concurrent mark-sweep generation total 85956K, used 52370K [0x00000000ecca0000, 0x00000000f2091000, 0x0000000100000000)
 Metaspace       used 65284K, capacity 68320K, committed 68480K, reserved 1107968K
  class space    used 8367K, capacity 8980K, committed 9088K, reserved 1048576K
2020-11-07T19:58:54.428+0800: 61.104: [GC (Allocation Failure) 2020-11-07T19:58:54.428+0800: 61.104: [ParNew: 8910K->729K(9216K), 0.0240854 secs] 61281K->53212K(95172K), 0.0241479 secs] [Times: user=0.03 sys=0.00, real=0.02 secs] 
Heap after GC invocations=803 (full 70):
 par new generation   total 9216K, used 729K [0x00000000e3400000, 0x00000000e3e00000, 0x00000000ecca0000)
  eden space 8192K,   0% used [0x00000000e3400000, 0x00000000e3400000, 0x00000000e3c00000)
  from space 1024K,  71% used [0x00000000e3d00000, 0x00000000e3db6578, 0x00000000e3e00000)
  to   space 1024K,   0% used [0x00000000e3c00000, 0x00000000e3c00000, 0x00000000e3d00000)
 concurrent mark-sweep generation total 85956K, used 52482K [0x00000000ecca0000, 0x00000000f2091000, 0x0000000100000000)
 Metaspace       used 65284K, capacity 68320K, committed 68480K, reserved 1107968K
  class space    used 8367K, capacity 8980K, committed 9088K, reserved 1048576K
}
2020-11-07T19:58:54.471+0800: 61.147: [CMS-concurrent-mark: 0.366/0.485 secs] [Times: user=0.45 sys=0.00, real=0.48 secs] 
2020-11-07T19:58:54.471+0800: 61.147: [CMS-concurrent-preclean-start]
2020-11-07T19:58:54.484+0800: 61.160: [CMS-concurrent-preclean: 0.013/0.013 secs] [Times: user=0.02 sys=0.00, real=0.01 secs] 
2020-11-07T19:58:54.484+0800: 61.160: [CMS-concurrent-abortable-preclean-start]
2020-11-07T19:58:54.565+0800: 61.242: Application time: 0.1134767 seconds
{Heap before GC invocations=803 (full 70):
 par new generation   total 9216K, used 8921K [0x00000000e3400000, 0x00000000e3e00000, 0x00000000ecca0000)
  eden space 8192K, 100% used [0x00000000e3400000, 0x00000000e3c00000, 0x00000000e3c00000)
  from space 1024K,  71% used [0x00000000e3d00000, 0x00000000e3db6578, 0x00000000e3e00000)
  to   space 1024K,   0% used [0x00000000e3c00000, 0x00000000e3c00000, 0x00000000e3d00000)
 concurrent mark-sweep generation total 85956K, used 52482K [0x00000000ecca0000, 0x00000000f2091000, 0x0000000100000000)
 Metaspace       used 65354K, capacity 68414K, committed 68736K, reserved 1110016K
  class space    used 8373K, capacity 8989K, committed 9088K, reserved 1048576K
2020-11-07T19:58:54.566+0800: 61.242: [GC (Allocation Failure) 2020-11-07T19:58:54.566+0800: 61.242: [ParNew: 8921K->775K(9216K), 0.0253888 secs] 61404K->53497K(95172K), 0.0254880 secs] [Times: user=0.02 sys=0.00, real=0.02 secs] 
Heap after GC invocations=804 (full 70):
 par new generation   total 9216K, used 775K [0x00000000e3400000, 0x00000000e3e00000, 0x00000000ecca0000)
  eden space 8192K,   0% used [0x00000000e3400000, 0x00000000e3400000, 0x00000000e3c00000)
  from space 1024K,  75% used [0x00000000e3c00000, 0x00000000e3cc1d38, 0x00000000e3d00000)
  to   space 1024K,   0% used [0x00000000e3d00000, 0x00000000e3d00000, 0x00000000e3e00000)
 concurrent mark-sweep generation total 85956K, used 52721K [0x00000000ecca0000, 0x00000000f2091000, 0x0000000100000000)
 Metaspace       used 65354K, capacity 68414K, committed 68736K, reserved 1110016K
  class space    used 8373K, capacity 8989K, committed 9088K, reserved 1048576K
}
2020-11-07T19:58:54.717+0800: 61.394: Application time: 0.1257881 seconds
{Heap before GC invocations=804 (full 70):
 par new generation   total 9216K, used 8967K [0x00000000e3400000, 0x00000000e3e00000, 0x00000000ecca0000)
  eden space 8192K, 100% used [0x00000000e3400000, 0x00000000e3c00000, 0x00000000e3c00000)
  from space 1024K,  75% used [0x00000000e3c00000, 0x00000000e3cc1d38, 0x00000000e3d00000)
  to   space 1024K,   0% used [0x00000000e3d00000, 0x00000000e3d00000, 0x00000000e3e00000)
 concurrent mark-sweep generation total 85956K, used 52721K [0x00000000ecca0000, 0x00000000f2091000, 0x0000000100000000)
 Metaspace       used 65425K, capacity 68484K, committed 68736K, reserved 1110016K
  class space    used 8384K, capacity 8990K, committed 9088K, reserved 1048576K
2020-11-07T19:58:54.717+0800: 61.394: [GC (Allocation Failure) 2020-11-07T19:58:54.717+0800: 61.394: [ParNew: 8967K->681K(9216K), 0.0232039 secs] 61689K->53703K(95172K), 0.0232795 secs] [Times: user=0.03 sys=0.00, real=0.02 secs] 
Heap after GC invocations=805 (full 70):
 par new generation   total 9216K, used 681K [0x00000000e3400000, 0x00000000e3e00000, 0x00000000ecca0000)
  eden space 8192K,   0% used [0x00000000e3400000, 0x00000000e3400000, 0x00000000e3c00000)
  from space 1024K,  66% used [0x00000000e3d00000, 0x00000000e3daa490, 0x00000000e3e00000)
  to   space 1024K,   0% used [0x00000000e3c00000, 0x00000000e3c00000, 0x00000000e3d00000)
 concurrent mark-sweep generation total 85956K, used 53022K [0x00000000ecca0000, 0x00000000f2091000, 0x0000000100000000)
 Metaspace       used 65425K, capacity 68484K, committed 68736K, reserved 1110016K
  class space    used 8384K, capacity 8990K, committed 9088K, reserved 1048576K
}
2020-11-07T19:58:54.827+0800: 61.504: Application time: 0.0868566 seconds
{Heap before GC invocations=805 (full 70):
 par new generation   total 9216K, used 8873K [0x00000000e3400000, 0x00000000e3e00000, 0x00000000ecca0000)
  eden space 8192K, 100% used [0x00000000e3400000, 0x00000000e3c00000, 0x00000000e3c00000)
  from space 1024K,  66% used [0x00000000e3d00000, 0x00000000e3daa490, 0x00000000e3e00000)
  to   space 1024K,   0% used [0x00000000e3c00000, 0x00000000e3c00000, 0x00000000e3d00000)
 concurrent mark-sweep generation total 85956K, used 53022K [0x00000000ecca0000, 0x00000000f2091000, 0x0000000100000000)
 Metaspace       used 65431K, capacity 68490K, committed 68736K, reserved 1110016K
  class space    used 8384K, capacity 8991K, committed 9088K, reserved 1048576K
2020-11-07T19:58:54.828+0800: 61.504: [GC (Allocation Failure) 2020-11-07T19:58:54.828+0800: 61.504: [ParNew: 8873K->495K(9216K), 0.0240482 secs] 61895K->53738K(95172K), 0.0241420 secs] [Times: user=0.02 sys=0.00, real=0.02 secs] 
Heap after GC invocations=806 (full 70):
 par new generation   total 9216K, used 495K [0x00000000e3400000, 0x00000000e3e00000, 0x00000000ecca0000)
  eden space 8192K,   0% used [0x00000000e3400000, 0x00000000e3400000, 0x00000000e3c00000)
  from space 1024K,  48% used [0x00000000e3c00000, 0x00000000e3c7bd48, 0x00000000e3d00000)
  to   space 1024K,   0% used [0x00000000e3d00000, 0x00000000e3d00000, 0x00000000e3e00000)
 concurrent mark-sweep generation total 85956K, used 53243K [0x00000000ecca0000, 0x00000000f2091000, 0x0000000100000000)
 Metaspace       used 65431K, capacity 68490K, committed 68736K, reserved 1110016K
  class space    used 8384K, capacity 8991K, committed 9088K, reserved 1048576K
}
2020-11-07T19:58:54.852+0800: 61.529: [CMS-concurrent-abortable-preclean: 0.173/0.369 secs] [Times: user=0.36 sys=0.01, real=0.37 secs] 
2020-11-07T19:58:54.866+0800: 61.542: Application time: 0.0138457 seconds
2020-11-07T19:58:54.870+0800: 61.546: [GC (CMS Final Remark) [YG occupancy: 847 K (9216 K)]2020-11-07T19:58:54.870+0800: 61.546: [Rescan (parallel) , 0.0141234 secs]2020-11-07T19:58:54.884+0800: 61.560: [weak refs processing, 0.0001608 secs]2020-11-07T19:58:54.884+0800: 61.561: [class unloading, 0.0207242 secs]2020-11-07T19:58:54.905+0800: 61.581: [scrub symbol table, 0.0243018 secs]2020-11-07T19:58:54.929+0800: 61.606: [scrub string table, 0.0014179 secs][1 CMS-remark: 53243K(85956K)] 54090K(95172K), 0.0609952 secs] [Times: user=0.06 sys=0.00, real=0.06 secs] 
2020-11-07T19:58:54.938+0800: 61.614: [CMS-concurrent-sweep-start]
2020-11-07T19:58:55.019+0800: 61.696: [CMS-concurrent-sweep: 0.082/0.082 secs] [Times: user=0.07 sys=0.01, real=0.08 secs] 
2020-11-07T19:58:55.019+0800: 61.696: [CMS-concurrent-reset-start]
2020-11-07T19:58:55.020+0800: 61.697: [CMS-concurrent-reset: 0.001/0.001 secs] [Times: user=0.01 sys=0.00, real=0.00 secs] 
2020-11-07T19:58:55.059+0800: 61.736: Application time: 0.1284685 seconds
{Heap before GC invocations=806 (full 70):
 par new generation   total 9216K, used 8687K [0x00000000e3400000, 0x00000000e3e00000, 0x00000000ecca0000)
  eden space 8192K, 100% used [0x00000000e3400000, 0x00000000e3c00000, 0x00000000e3c00000)
  from space 1024K,  48% used [0x00000000e3c00000, 0x00000000e3c7bd48, 0x00000000e3d00000)
  to   space 1024K,   0% used [0x00000000e3d00000, 0x00000000e3d00000, 0x00000000e3e00000)
 concurrent mark-sweep generation total 87664K, used 52596K [0x00000000ecca0000, 0x00000000f223c000, 0x0000000100000000)
 Metaspace       used 65465K, capacity 68542K, committed 68736K, reserved 1110016K
  class space    used 8384K, capacity 8989K, committed 9088K, reserved 1048576K
2020-11-07T19:58:55.059+0800: 61.736: [GC (Allocation Failure) 2020-11-07T19:58:55.059+0800: 61.736: [ParNew: 8687K->1024K(9216K), 0.0267059 secs] 61284K->53975K(96880K), 0.0268167 secs] [Times: user=0.03 sys=0.00, real=0.03 secs] 
Heap after GC invocations=807 (full 70):
 par new generation   total 9216K, used 1024K [0x00000000e3400000, 0x00000000e3e00000, 0x00000000ecca0000)
  eden space 8192K,   0% used [0x00000000e3400000, 0x00000000e3400000, 0x00000000e3c00000)
  from space 1024K, 100% used [0x00000000e3d00000, 0x00000000e3e00000, 0x00000000e3e00000)
  to   space 1024K,   0% used [0x00000000e3c00000, 0x00000000e3c00000, 0x00000000e3d00000)
 concurrent mark-sweep generation total 87664K, used 52951K [0x00000000ecca0000, 0x00000000f223c000, 0x0000000100000000)
 Metaspace       used 65465K, capacity 68542K, committed 68736K, reserved 1110016K
  class space    used 8384K, capacity 8989K, committed 9088K, reserved 1048576K
}
2020-11-07T19:58:55.097+0800: 61.774: Application time: 0.0108673 seconds
2020-11-07T19:58:55.097+0800: 61.774: [GC (CMS Initial Mark) [1 CMS-initial-mark: 52951K(87664K)] 54817K(96880K), 0.0074478 secs] [Times: user=0.01 sys=0.00, real=0.01 secs] 
2020-11-07T19:58:55.110+0800: 61.786: [CMS-concurrent-mark-start]
2020-11-07T19:58:55.163+0800: 61.839: Application time: 0.0576833 seconds
{Heap before GC invocations=807 (full 71):
 par new generation   total 9216K, used 9216K [0x00000000e3400000, 0x00000000e3e00000, 0x00000000ecca0000)
  eden space 8192K, 100% used [0x00000000e3400000, 0x00000000e3c00000, 0x00000000e3c00000)
  from space 1024K, 100% used [0x00000000e3d00000, 0x00000000e3e00000, 0x00000000e3e00000)
  to   space 1024K,   0% used [0x00000000e3c00000, 0x00000000e3c00000, 0x00000000e3d00000)
 concurrent mark-sweep generation total 87664K, used 52951K [0x00000000ecca0000, 0x00000000f223c000, 0x0000000100000000)
 Metaspace       used 65497K, capacity 68564K, committed 68736K, reserved 1110016K
  class space    used 8388K, capacity 8992K, committed 9088K, reserved 1048576K
2020-11-07T19:58:55.163+0800: 61.840: [GC (Allocation Failure) 2020-11-07T19:58:55.163+0800: 61.840: [ParNew: 9216K->602K(9216K), 0.0682373 secs] 62167K->54495K(96880K), 0.0683281 secs] [Times: user=0.07 sys=0.00, real=0.07 secs] 
Heap after GC invocations=808 (full 71):
 par new generation   total 9216K, used 602K [0x00000000e3400000, 0x00000000e3e00000, 0x00000000ecca0000)
  eden space 8192K,   0% used [0x00000000e3400000, 0x00000000e3400000, 0x00000000e3c00000)
  from space 1024K,  58% used [0x00000000e3c00000, 0x00000000e3c96820, 0x00000000e3d00000)
  to   space 1024K,   0% used [0x00000000e3d00000, 0x00000000e3d00000, 0x00000000e3e00000)
 concurrent mark-sweep generation total 87664K, used 53893K [0x00000000ecca0000, 0x00000000f223c000, 0x0000000100000000)
 Metaspace       used 65497K, capacity 68564K, committed 68736K, reserved 1110016K
  class space    used 8388K, capacity 8992K, committed 9088K, reserved 1048576K
}
2020-11-07T19:58:55.382+0800: 62.058: Application time: 0.1503365 seconds
{Heap before GC invocations=808 (full 71):
 par new generation   total 9216K, used 8794K [0x00000000e3400000, 0x00000000e3e00000, 0x00000000ecca0000)
  eden space 8192K, 100% used [0x00000000e3400000, 0x00000000e3c00000, 0x00000000e3c00000)
  from space 1024K,  58% used [0x00000000e3c00000, 0x00000000e3c96820, 0x00000000e3d00000)
  to   space 1024K,   0% used [0x00000000e3d00000, 0x00000000e3d00000, 0x00000000e3e00000)
 concurrent mark-sweep generation total 87664K, used 53893K [0x00000000ecca0000, 0x00000000f223c000, 0x0000000100000000)
 Metaspace       used 65560K, capacity 68646K, committed 68992K, reserved 1110016K
  class space    used 8393K, capacity 8995K, committed 9088K, reserved 1048576K
2020-11-07T19:58:55.382+0800: 62.059: [GC (Allocation Failure) 2020-11-07T19:58:55.382+0800: 62.059: [ParNew: 8794K->481K(9216K), 0.0236775 secs] 62687K->54374K(96880K), 0.0237389 secs] [Times: user=0.03 sys=0.00, real=0.03 secs] 
Heap after GC invocations=809 (full 71):
 par new generation   total 9216K, used 481K [0x00000000e3400000, 0x00000000e3e00000, 0x00000000ecca0000)
  eden space 8192K,   0% used [0x00000000e3400000, 0x00000000e3400000, 0x00000000e3c00000)
  from space 1024K,  46% used [0x00000000e3d00000, 0x00000000e3d784b8, 0x00000000e3e00000)
  to   space 1024K,   0% used [0x00000000e3c00000, 0x00000000e3c00000, 0x00000000e3d00000)
 concurrent mark-sweep generation total 87664K, used 53893K [0x00000000ecca0000, 0x00000000f223c000, 0x0000000100000000)
 Metaspace       used 65560K, capacity 68646K, committed 68992K, reserved 1110016K
  class space    used 8393K, capacity 8995K, committed 9088K, reserved 1048576K
}
2020-11-07T19:58:55.429+0800: 62.106: Application time: 0.0238085 seconds
2020-11-07T19:58:55.653+0800: 62.330: Application time: 0.2238330 seconds
{Heap before GC invocations=809 (full 71):
 par new generation   total 9216K, used 8673K [0x00000000e3400000, 0x00000000e3e00000, 0x00000000ecca0000)
  eden space 8192K, 100% used [0x00000000e3400000, 0x00000000e3c00000, 0x00000000e3c00000)
  from space 1024K,  46% used [0x00000000e3d00000, 0x00000000e3d784b8, 0x00000000e3e00000)
  to   space 1024K,   0% used [0x00000000e3c00000, 0x00000000e3c00000, 0x00000000e3d00000)
 concurrent mark-sweep generation total 87664K, used 53893K [0x00000000ecca0000, 0x00000000f223c000, 0x0000000100000000)
 Metaspace       used 65613K, capacity 68724K, committed 68992K, reserved 1110016K
  class space    used 8396K, capacity 8998K, committed 9088K, reserved 1048576K
2020-11-07T19:58:55.654+0800: 62.330: [GC (Allocation Failure) 2020-11-07T19:58:55.654+0800: 62.330: [ParNew: 8673K->554K(9216K), 0.0167153 secs] 62566K->54447K(96880K), 0.0167805 secs] [Times: user=0.02 sys=0.00, real=0.02 secs] 
Heap after GC invocations=810 (full 71):
 par new generation   total 9216K, used 554K [0x00000000e3400000, 0x00000000e3e00000, 0x00000000ecca0000)
  eden space 8192K,   0% used [0x00000000e3400000, 0x00000000e3400000, 0x00000000e3c00000)
  from space 1024K,  54% used [0x00000000e3c00000, 0x00000000e3c8a930, 0x00000000e3d00000)
  to   space 1024K,   0% used [0x00000000e3d00000, 0x00000000e3d00000, 0x00000000e3e00000)
 concurrent mark-sweep generation total 87664K, used 53893K [0x00000000ecca0000, 0x00000000f223c000, 0x0000000100000000)
 Metaspace       used 65613K, capacity 68724K, committed 68992K, reserved 1110016K
  class space    used 8396K, capacity 8998K, committed 9088K, reserved 1048576K
}
2020-11-07T19:58:55.727+0800: 62.404: [CMS-concurrent-mark: 0.494/0.617 secs] [Times: user=0.60 sys=0.00, real=0.62 secs] 
2020-11-07T19:58:55.727+0800: 62.404: [CMS-concurrent-preclean-start]
2020-11-07T19:58:55.738+0800: 62.415: [CMS-concurrent-preclean: 0.011/0.011 secs] [Times: user=0.01 sys=0.00, real=0.01 secs] 
2020-11-07T19:58:55.738+0800: 62.415: [CMS-concurrent-abortable-preclean-start]
2020-11-07T19:58:55.766+0800: 62.442: Application time: 0.0952865 seconds
{Heap before GC invocations=810 (full 71):
 par new generation   total 9216K, used 8746K [0x00000000e3400000, 0x00000000e3e00000, 0x00000000ecca0000)
  eden space 8192K, 100% used [0x00000000e3400000, 0x00000000e3c00000, 0x00000000e3c00000)
  from space 1024K,  54% used [0x00000000e3c00000, 0x00000000e3c8a930, 0x00000000e3d00000)
  to   space 1024K,   0% used [0x00000000e3d00000, 0x00000000e3d00000, 0x00000000e3e00000)
 concurrent mark-sweep generation total 87664K, used 53893K [0x00000000ecca0000, 0x00000000f223c000, 0x0000000100000000)
 Metaspace       used 65650K, capacity 68728K, committed 68992K, reserved 1110016K
  class space    used 8397K, capacity 8998K, committed 9088K, reserved 1048576K
2020-11-07T19:58:55.766+0800: 62.443: [GC (Allocation Failure) 2020-11-07T19:58:55.766+0800: 62.443: [ParNew: 8746K->1024K(9216K), 0.0226374 secs] 62639K->54990K(96880K), 0.0227192 secs] [Times: user=0.02 sys=0.00, real=0.02 secs] 
Heap after GC invocations=811 (full 71):
 par new generation   total 9216K, used 1024K [0x00000000e3400000, 0x00000000e3e00000, 0x00000000ecca0000)
  eden space 8192K,   0% used [0x00000000e3400000, 0x00000000e3400000, 0x00000000e3c00000)
  from space 1024K, 100% used [0x00000000e3d00000, 0x00000000e3e00000, 0x00000000e3e00000)
  to   space 1024K,   0% used [0x00000000e3c00000, 0x00000000e3c00000, 0x00000000e3d00000)
 concurrent mark-sweep generation total 87664K, used 53966K [0x00000000ecca0000, 0x00000000f223c000, 0x0000000100000000)
 Metaspace       used 65650K, capacity 68728K, committed 68992K, reserved 1110016K
  class space    used 8397K, capacity 8998K, committed 9088K, reserved 1048576K
}
2020-11-07T19:58:55.885+0800: 62.562: Application time: 0.0962975 seconds
{Heap before GC invocations=811 (full 71):
 par new generation   total 9216K, used 9216K [0x00000000e3400000, 0x00000000e3e00000, 0x00000000ecca0000)
  eden space 8192K, 100% used [0x00000000e3400000, 0x00000000e3c00000, 0x00000000e3c00000)
  from space 1024K, 100% used [0x00000000e3d00000, 0x00000000e3e00000, 0x00000000e3e00000)
  to   space 1024K,   0% used [0x00000000e3c00000, 0x00000000e3c00000, 0x00000000e3d00000)
 concurrent mark-sweep generation total 87664K, used 53966K [0x00000000ecca0000, 0x00000000f223c000, 0x0000000100000000)
 Metaspace       used 65797K, capacity 68900K, committed 68992K, reserved 1110016K
  class space    used 8410K, capacity 9032K, committed 9088K, reserved 1048576K
2020-11-07T19:58:55.886+0800: 62.563: [GC (Allocation Failure) 2020-11-07T19:58:55.886+0800: 62.563: [ParNew: 9216K->1023K(9216K), 0.0584324 secs] 63182K->55500K(96880K), 0.0585092 secs] [Times: user=0.05 sys=0.01, real=0.05 secs] 
Heap after GC invocations=812 (full 71):
 par new generation   total 9216K, used 1023K [0x00000000e3400000, 0x00000000e3e00000, 0x00000000ecca0000)
  eden space 8192K,   0% used [0x00000000e3400000, 0x00000000e3400000, 0x00000000e3c00000)
  from space 1024K,  99% used [0x00000000e3c00000, 0x00000000e3cffff8, 0x00000000e3d00000)
  to   space 1024K,   0% used [0x00000000e3d00000, 0x00000000e3d00000, 0x00000000e3e00000)
 concurrent mark-sweep generation total 87664K, used 54476K [0x00000000ecca0000, 0x00000000f223c000, 0x0000000100000000)
 Metaspace       used 65797K, capacity 68900K, committed 68992K, reserved 1110016K
  class space    used 8410K, capacity 9032K, committed 9088K, reserved 1048576K
}
2020-11-07T19:58:56.103+0800: 62.779: Application time: 0.1581146 seconds
{Heap before GC invocations=812 (full 71):
 par new generation   total 9216K, used 9215K [0x00000000e3400000, 0x00000000e3e00000, 0x00000000ecca0000)
  eden space 8192K, 100% used [0x00000000e3400000, 0x00000000e3c00000, 0x00000000e3c00000)
  from space 1024K,  99% used [0x00000000e3c00000, 0x00000000e3cffff8, 0x00000000e3d00000)
  to   space 1024K,   0% used [0x00000000e3d00000, 0x00000000e3d00000, 0x00000000e3e00000)
 concurrent mark-sweep generation total 87664K, used 54476K [0x00000000ecca0000, 0x00000000f223c000, 0x0000000100000000)
 Metaspace       used 65899K, capacity 69044K, committed 69248K, reserved 1110016K
  class space    used 8414K, capacity 9034K, committed 9088K, reserved 1048576K
2020-11-07T19:58:56.103+0800: 62.780: [GC (Allocation Failure) 2020-11-07T19:58:56.103+0800: 62.780: [ParNew: 9215K->1017K(9216K), 0.0294677 secs] 63692K->55493K(96880K), 0.0295514 secs] [Times: user=0.03 sys=0.00, real=0.03 secs] 
Heap after GC invocations=813 (full 71):
 par new generation   total 9216K, used 1017K [0x00000000e3400000, 0x00000000e3e00000, 0x00000000ecca0000)
  eden space 8192K,   0% used [0x00000000e3400000, 0x00000000e3400000, 0x00000000e3c00000)
  from space 1024K,  99% used [0x00000000e3d00000, 0x00000000e3dfe480, 0x00000000e3e00000)
  to   space 1024K,   0% used [0x00000000e3c00000, 0x00000000e3c00000, 0x00000000e3d00000)
 concurrent mark-sweep generation total 87664K, used 54476K [0x00000000ecca0000, 0x00000000f223c000, 0x0000000100000000)
 Metaspace       used 65899K, capacity 69044K, committed 69248K, reserved 1110016K
  class space    used 8414K, capacity 9034K, committed 9088K, reserved 1048576K
}
2020-11-07T19:58:56.133+0800: 62.810: [CMS-concurrent-abortable-preclean: 0.132/0.395 secs] [Times: user=0.39 sys=0.01, real=0.39 secs] 
2020-11-07T19:58:56.139+0800: 62.815: Application time: 0.0060671 seconds
2020-11-07T19:58:56.139+0800: 62.815: [GC (CMS Final Remark) [YG occupancy: 1531 K (9216 K)]2020-11-07T19:58:56.139+0800: 62.815: [Rescan (parallel) , 0.0320674 secs]2020-11-07T19:58:56.171+0800: 62.848: [weak refs processing, 0.0001496 secs]2020-11-07T19:58:56.171+0800: 62.848: [class unloading, 0.0217002 secs]2020-11-07T19:58:56.193+0800: 62.869: [scrub symbol table, 0.0238670 secs]2020-11-07T19:58:56.217+0800: 62.893: [scrub string table, 0.0013470 secs][1 CMS-remark: 54476K(87664K)] 56008K(96880K), 0.0860425 secs] [Times: user=0.08 sys=0.00, real=0.09 secs] 
2020-11-07T19:58:56.243+0800: 62.920: [CMS-concurrent-sweep-start]
2020-11-07T19:58:56.314+0800: 62.991: [CMS-concurrent-sweep: 0.071/0.071 secs] [Times: user=0.07 sys=0.00, real=0.07 secs] 
2020-11-07T19:58:56.314+0800: 62.991: [CMS-concurrent-reset-start]
2020-11-07T19:58:56.321+0800: 62.998: [CMS-concurrent-reset: 0.007/0.007 secs] [Times: user=0.01 sys=0.00, real=0.01 secs] 
2020-11-07T19:58:56.346+0800: 63.023: Application time: 0.1209951 seconds
{Heap before GC invocations=813 (full 71):
 par new generation   total 9216K, used 9209K [0x00000000e3400000, 0x00000000e3e00000, 0x00000000ecca0000)
  eden space 8192K, 100% used [0x00000000e3400000, 0x00000000e3c00000, 0x00000000e3c00000)
  from space 1024K,  99% used [0x00000000e3d00000, 0x00000000e3dfe480, 0x00000000e3e00000)
  to   space 1024K,   0% used [0x00000000e3c00000, 0x00000000e3c00000, 0x00000000e3d00000)
 concurrent mark-sweep generation total 89720K, used 53831K [0x00000000ecca0000, 0x00000000f243e000, 0x0000000100000000)
 Metaspace       used 65963K, capacity 69072K, committed 69248K, reserved 1110016K
  class space    used 8414K, capacity 9028K, committed 9088K, reserved 1048576K
2020-11-07T19:58:56.346+0800: 63.023: [GC (Allocation Failure) 2020-11-07T19:58:56.346+0800: 63.023: [ParNew: 9209K->885K(9216K), 0.0438950 secs] 63040K->55421K(98936K), 0.0439867 secs] [Times: user=0.04 sys=0.00, real=0.04 secs] 
Heap after GC invocations=814 (full 71):
 par new generation   total 9216K, used 885K [0x00000000e3400000, 0x00000000e3e00000, 0x00000000ecca0000)
  eden space 8192K,   0% used [0x00000000e3400000, 0x00000000e3400000, 0x00000000e3c00000)
  from space 1024K,  86% used [0x00000000e3c00000, 0x00000000e3cdd568, 0x00000000e3d00000)
  to   space 1024K,   0% used [0x00000000e3d00000, 0x00000000e3d00000, 0x00000000e3e00000)
 concurrent mark-sweep generation total 89720K, used 54535K [0x00000000ecca0000, 0x00000000f243e000, 0x0000000100000000)
 Metaspace       used 65963K, capacity 69072K, committed 69248K, reserved 1110016K
  class space    used 8414K, capacity 9028K, committed 9088K, reserved 1048576K
}
2020-11-07T19:58:56.394+0800: 63.070: Application time: 0.0034800 seconds
2020-11-07T19:58:56.394+0800: 63.071: [GC (CMS Initial Mark) [1 CMS-initial-mark: 54535K(89720K)] 56915K(98936K), 0.0056292 secs] [Times: user=0.00 sys=0.00, real=0.01 secs] 
2020-11-07T19:58:56.400+0800: 63.076: [CMS-concurrent-mark-start]
2020-11-07T19:58:56.532+0800: 63.208: Application time: 0.1320123 seconds
{Heap before GC invocations=814 (full 72):
 par new generation   total 9216K, used 9077K [0x00000000e3400000, 0x00000000e3e00000, 0x00000000ecca0000)
  eden space 8192K, 100% used [0x00000000e3400000, 0x00000000e3c00000, 0x00000000e3c00000)
  from space 1024K,  86% used [0x00000000e3c00000, 0x00000000e3cdd568, 0x00000000e3d00000)
  to   space 1024K,   0% used [0x00000000e3d00000, 0x00000000e3d00000, 0x00000000e3e00000)
 concurrent mark-sweep generation total 89720K, used 54535K [0x00000000ecca0000, 0x00000000f243e000, 0x0000000100000000)
 Metaspace       used 65993K, capacity 69078K, committed 69248K, reserved 1110016K
  class space    used 8415K, capacity 9029K, committed 9088K, reserved 1048576K
2020-11-07T19:58:56.532+0800: 63.209: [GC (Allocation Failure) 2020-11-07T19:58:56.532+0800: 63.209: [ParNew: 9077K->455K(9216K), 0.0239284 secs] 63613K->55554K(98936K), 0.0240284 secs] [Times: user=0.02 sys=0.00, real=0.03 secs] 
Heap after GC invocations=815 (full 72):
 par new generation   total 9216K, used 455K [0x00000000e3400000, 0x00000000e3e00000, 0x00000000ecca0000)
  eden space 8192K,   0% used [0x00000000e3400000, 0x00000000e3400000, 0x00000000e3c00000)
  from space 1024K,  44% used [0x00000000e3d00000, 0x00000000e3d71e10, 0x00000000e3e00000)
  to   space 1024K,   0% used [0x00000000e3c00000, 0x00000000e3c00000, 0x00000000e3d00000)
 concurrent mark-sweep generation total 89720K, used 55099K [0x00000000ecca0000, 0x00000000f243e000, 0x0000000100000000)
 Metaspace       used 65993K, capacity 69078K, committed 69248K, reserved 1110016K
  class space    used 8415K, capacity 9029K, committed 9088K, reserved 1048576K
}
2020-11-07T19:58:56.682+0800: 63.359: Application time: 0.1261594 seconds
{Heap before GC invocations=815 (full 72):
 par new generation   total 9216K, used 8647K [0x00000000e3400000, 0x00000000e3e00000, 0x00000000ecca0000)
  eden space 8192K, 100% used [0x00000000e3400000, 0x00000000e3c00000, 0x00000000e3c00000)
  from space 1024K,  44% used [0x00000000e3d00000, 0x00000000e3d71e10, 0x00000000e3e00000)
  to   space 1024K,   0% used [0x00000000e3c00000, 0x00000000e3c00000, 0x00000000e3d00000)
 concurrent mark-sweep generation total 89720K, used 55099K [0x00000000ecca0000, 0x00000000f243e000, 0x0000000100000000)
 Metaspace       used 66017K, capacity 69154K, committed 69504K, reserved 1110016K
  class space    used 8416K, capacity 9029K, committed 9088K, reserved 1048576K
2020-11-07T19:58:56.682+0800: 63.359: [GC (Allocation Failure) 2020-11-07T19:58:56.683+0800: 63.359: [ParNew: 8647K->700K(9216K), 0.0361817 secs] 63746K->55799K(98936K), 0.0362538 secs] [Times: user=0.04 sys=0.00, real=0.04 secs] 
Heap after GC invocations=816 (full 72):
 par new generation   total 9216K, used 700K [0x00000000e3400000, 0x00000000e3e00000, 0x00000000ecca0000)
  eden space 8192K,   0% used [0x00000000e3400000, 0x00000000e3400000, 0x00000000e3c00000)
  from space 1024K,  68% used [0x00000000e3c00000, 0x00000000e3caf288, 0x00000000e3d00000)
  to   space 1024K,   0% used [0x00000000e3d00000, 0x00000000e3d00000, 0x00000000e3e00000)
 concurrent mark-sweep generation total 89720K, used 55099K [0x00000000ecca0000, 0x00000000f243e000, 0x0000000100000000)
 Metaspace       used 66017K, capacity 69154K, committed 69504K, reserved 1110016K
  class space    used 8416K, capacity 9029K, committed 9088K, reserved 1048576K
}
2020-11-07T19:58:56.767+0800: 63.443: Application time: 0.0477091 seconds
{Heap before GC invocations=816 (full 72):
 par new generation   total 9216K, used 8892K [0x00000000e3400000, 0x00000000e3e00000, 0x00000000ecca0000)
  eden space 8192K, 100% used [0x00000000e3400000, 0x00000000e3c00000, 0x00000000e3c00000)
  from space 1024K,  68% used [0x00000000e3c00000, 0x00000000e3caf288, 0x00000000e3d00000)
  to   space 1024K,   0% used [0x00000000e3d00000, 0x00000000e3d00000, 0x00000000e3e00000)
 concurrent mark-sweep generation total 89720K, used 55099K [0x00000000ecca0000, 0x00000000f243e000, 0x0000000100000000)
 Metaspace       used 66049K, capacity 69160K, committed 69504K, reserved 1110016K
  class space    used 8419K, capacity 9030K, committed 9088K, reserved 1048576K
2020-11-07T19:58:56.767+0800: 63.443: [GC (Allocation Failure) 2020-11-07T19:58:56.767+0800: 63.443: [ParNew: 8892K->377K(9216K), 0.0180396 secs] 63991K->55604K(98936K), 0.0181056 secs] [Times: user=0.01 sys=0.00, real=0.02 secs] 
Heap after GC invocations=817 (full 72):
 par new generation   total 9216K, used 377K [0x00000000e3400000, 0x00000000e3e00000, 0x00000000ecca0000)
  eden space 8192K,   0% used [0x00000000e3400000, 0x00000000e3400000, 0x00000000e3c00000)
  from space 1024K,  36% used [0x00000000e3d00000, 0x00000000e3d5e778, 0x00000000e3e00000)
  to   space 1024K,   0% used [0x00000000e3c00000, 0x00000000e3c00000, 0x00000000e3d00000)
 concurrent mark-sweep generation total 89720K, used 55226K [0x00000000ecca0000, 0x00000000f243e000, 0x0000000100000000)
 Metaspace       used 66049K, capacity 69160K, committed 69504K, reserved 1110016K
  class space    used 8419K, capacity 9030K, committed 9088K, reserved 1048576K
}
2020-11-07T19:58:56.871+0800: 63.547: Application time: 0.0855976 seconds
{Heap before GC invocations=817 (full 72):
 par new generation   total 9216K, used 8569K [0x00000000e3400000, 0x00000000e3e00000, 0x00000000ecca0000)
  eden space 8192K, 100% used [0x00000000e3400000, 0x00000000e3c00000, 0x00000000e3c00000)
  from space 1024K,  36% used [0x00000000e3d00000, 0x00000000e3d5e778, 0x00000000e3e00000)
  to   space 1024K,   0% used [0x00000000e3c00000, 0x00000000e3c00000, 0x00000000e3d00000)
 concurrent mark-sweep generation total 89720K, used 55226K [0x00000000ecca0000, 0x00000000f243e000, 0x0000000100000000)
 Metaspace       used 66095K, capacity 69230K, committed 69504K, reserved 1110016K
  class space    used 8428K, capacity 9031K, committed 9088K, reserved 1048576K
2020-11-07T19:58:56.871+0800: 63.547: [GC (Allocation Failure) 2020-11-07T19:58:56.871+0800: 63.547: [ParNew: 8569K->615K(9216K), 0.0410132 secs] 63796K->55842K(98936K), 0.0410759 secs] [Times: user=0.04 sys=0.00, real=0.04 secs] 
Heap after GC invocations=818 (full 72):
 par new generation   total 9216K, used 615K [0x00000000e3400000, 0x00000000e3e00000, 0x00000000ecca0000)
  eden space 8192K,   0% used [0x00000000e3400000, 0x00000000e3400000, 0x00000000e3c00000)
  from space 1024K,  60% used [0x00000000e3c00000, 0x00000000e3c99e18, 0x00000000e3d00000)
  to   space 1024K,   0% used [0x00000000e3d00000, 0x00000000e3d00000, 0x00000000e3e00000)
 concurrent mark-sweep generation total 89720K, used 55226K [0x00000000ecca0000, 0x00000000f243e000, 0x0000000100000000)
 Metaspace       used 66095K, capacity 69230K, committed 69504K, reserved 1110016K
  class space    used 8428K, capacity 9031K, committed 9088K, reserved 1048576K
}
2020-11-07T19:58:56.921+0800: 63.598: [CMS-concurrent-mark: 0.392/0.521 secs] [Times: user=0.50 sys=0.01, real=0.52 secs] 
2020-11-07T19:58:56.921+0800: 63.598: [CMS-concurrent-preclean-start]
2020-11-07T19:58:56.932+0800: 63.609: [CMS-concurrent-preclean: 0.011/0.011 secs] [Times: user=0.01 sys=0.00, real=0.01 secs] 
2020-11-07T19:58:56.932+0800: 63.609: Application time: 0.0203981 seconds
2020-11-07T19:58:56.940+0800: 63.616: [GC (CMS Final Remark) [YG occupancy: 1784 K (9216 K)]2020-11-07T19:58:56.940+0800: 63.616: [Rescan (parallel) , 0.0057695 secs]2020-11-07T19:58:56.945+0800: 63.622: [weak refs processing, 0.0001677 secs]2020-11-07T19:58:56.946+0800: 63.622: [class unloading, 0.0255230 secs]2020-11-07T19:58:56.971+0800: 63.648: [scrub symbol table, 0.0227560 secs]2020-11-07T19:58:56.994+0800: 63.671: [scrub string table, 0.0013863 secs][1 CMS-remark: 55226K(89720K)] 57011K(98936K), 0.0558754 secs] [Times: user=0.05 sys=0.00, real=0.06 secs] 
2020-11-07T19:58:57.002+0800: 63.678: [CMS-concurrent-sweep-start]
2020-11-07T19:58:57.031+0800: 63.707: Application time: 0.0350810 seconds
{Heap before GC invocations=818 (full 72):
 par new generation   total 9216K, used 8807K [0x00000000e3400000, 0x00000000e3e00000, 0x00000000ecca0000)
  eden space 8192K, 100% used [0x00000000e3400000, 0x00000000e3c00000, 0x00000000e3c00000)
  from space 1024K,  60% used [0x00000000e3c00000, 0x00000000e3c99e18, 0x00000000e3d00000)
  to   space 1024K,   0% used [0x00000000e3d00000, 0x00000000e3d00000, 0x00000000e3e00000)
 concurrent mark-sweep generation total 89720K, used 55182K [0x00000000ecca0000, 0x00000000f243e000, 0x0000000100000000)
 Metaspace       used 66112K, capacity 69236K, committed 69504K, reserved 1110016K
  class space    used 8430K, capacity 9032K, committed 9088K, reserved 1048576K
2020-11-07T19:58:57.031+0800: 63.708: [GC (Allocation Failure) 2020-11-07T19:58:57.031+0800: 63.708: [ParNew: 8807K->505K(9216K), 0.0078116 secs] 63989K->55687K(98936K), 0.0078976 secs] [Times: user=0.01 sys=0.00, real=0.01 secs] 
Heap after GC invocations=819 (full 72):
 par new generation   total 9216K, used 505K [0x00000000e3400000, 0x00000000e3e00000, 0x00000000ecca0000)
  eden space 8192K,   0% used [0x00000000e3400000, 0x00000000e3400000, 0x00000000e3c00000)
  from space 1024K,  49% used [0x00000000e3d00000, 0x00000000e3d7e648, 0x00000000e3e00000)
  to   space 1024K,   0% used [0x00000000e3c00000, 0x00000000e3c00000, 0x00000000e3d00000)
 concurrent mark-sweep generation total 89720K, used 55182K [0x00000000ecca0000, 0x00000000f243e000, 0x0000000100000000)
 Metaspace       used 66112K, capacity 69236K, committed 69504K, reserved 1110016K
  class space    used 8430K, capacity 9032K, committed 9088K, reserved 1048576K
}
2020-11-07T19:58:57.073+0800: 63.749: Application time: 0.0339229 seconds
{Heap before GC invocations=819 (full 72):
 par new generation   total 9216K, used 8697K [0x00000000e3400000, 0x00000000e3e00000, 0x00000000ecca0000)
  eden space 8192K, 100% used [0x00000000e3400000, 0x00000000e3c00000, 0x00000000e3c00000)
  from space 1024K,  49% used [0x00000000e3d00000, 0x00000000e3d7e648, 0x00000000e3e00000)
  to   space 1024K,   0% used [0x00000000e3c00000, 0x00000000e3c00000, 0x00000000e3d00000)
 concurrent mark-sweep generation total 89720K, used 55104K [0x00000000ecca0000, 0x00000000f243e000, 0x0000000100000000)
 Metaspace       used 66112K, capacity 69236K, committed 69504K, reserved 1110016K
  class space    used 8430K, capacity 9032K, committed 9088K, reserved 1048576K
2020-11-07T19:58:57.073+0800: 63.750: [GC (Allocation Failure) 2020-11-07T19:58:57.073+0800: 63.750: [ParNew: 8697K->533K(9216K), 0.0226011 secs] 63802K->55638K(98936K), 0.0226947 secs] [Times: user=0.02 sys=0.00, real=0.03 secs] 
Heap after GC invocations=820 (full 72):
 par new generation   total 9216K, used 533K [0x00000000e3400000, 0x00000000e3e00000, 0x00000000ecca0000)
  eden space 8192K,   0% used [0x00000000e3400000, 0x00000000e3400000, 0x00000000e3c00000)
  from space 1024K,  52% used [0x00000000e3c00000, 0x00000000e3c85570, 0x00000000e3d00000)
  to   space 1024K,   0% used [0x00000000e3d00000, 0x00000000e3d00000, 0x00000000e3e00000)
 concurrent mark-sweep generation total 89720K, used 55104K [0x00000000ecca0000, 0x00000000f243e000, 0x0000000100000000)
 Metaspace       used 66112K, capacity 69236K, committed 69504K, reserved 1110016K
  class space    used 8430K, capacity 9032K, committed 9088K, reserved 1048576K
}
2020-11-07T19:58:57.125+0800: 63.801: [CMS-concurrent-sweep: 0.086/0.123 secs] [Times: user=0.12 sys=0.00, real=0.13 secs] 
2020-11-07T19:58:57.125+0800: 63.802: [CMS-concurrent-reset-start]
2020-11-07T19:58:57.126+0800: 63.803: [CMS-concurrent-reset: 0.001/0.001 secs] [Times: user=0.00 sys=0.00, real=0.00 secs] 
2020-11-07T19:58:57.137+0800: 63.814: Application time: 0.0412184 seconds
{Heap before GC invocations=820 (full 72):
 par new generation   total 9216K, used 8725K [0x00000000e3400000, 0x00000000e3e00000, 0x00000000ecca0000)
  eden space 8192K, 100% used [0x00000000e3400000, 0x00000000e3c00000, 0x00000000e3c00000)
  from space 1024K,  52% used [0x00000000e3c00000, 0x00000000e3c85570, 0x00000000e3d00000)
  to   space 1024K,   0% used [0x00000000e3d00000, 0x00000000e3d00000, 0x00000000e3e00000)
 concurrent mark-sweep generation total 91288K, used 54770K [0x00000000ecca0000, 0x00000000f25c6000, 0x0000000100000000)
 Metaspace       used 66097K, capacity 69188K, committed 69504K, reserved 1110016K
  class space    used 8427K, capacity 9024K, committed 9088K, reserved 1048576K
2020-11-07T19:58:57.137+0800: 63.814: [GC (Allocation Failure) 2020-11-07T19:58:57.137+0800: 63.814: [ParNew: 8725K->643K(9216K), 0.0260874 secs] 63496K->55414K(100504K), 0.0261765 secs] [Times: user=0.02 sys=0.00, real=0.02 secs] 
Heap after GC invocations=821 (full 72):
 par new generation   total 9216K, used 643K [0x00000000e3400000, 0x00000000e3e00000, 0x00000000ecca0000)
  eden space 8192K,   0% used [0x00000000e3400000, 0x00000000e3400000, 0x00000000e3c00000)
  from space 1024K,  62% used [0x00000000e3d00000, 0x00000000e3da0dd0, 0x00000000e3e00000)
  to   space 1024K,   0% used [0x00000000e3c00000, 0x00000000e3c00000, 0x00000000e3d00000)
 concurrent mark-sweep generation total 91288K, used 54770K [0x00000000ecca0000, 0x00000000f25c6000, 0x0000000100000000)
 Metaspace       used 66097K, capacity 69188K, committed 69504K, reserved 1110016K
  class space    used 8427K, capacity 9024K, committed 9088K, reserved 1048576K
}
2020-11-07T19:58:57.218+0800: 63.895: Application time: 0.0548260 seconds
{Heap before GC invocations=821 (full 72):
 par new generation   total 9216K, used 8835K [0x00000000e3400000, 0x00000000e3e00000, 0x00000000ecca0000)
  eden space 8192K, 100% used [0x00000000e3400000, 0x00000000e3c00000, 0x00000000e3c00000)
  from space 1024K,  62% used [0x00000000e3d00000, 0x00000000e3da0dd0, 0x00000000e3e00000)
  to   space 1024K,   0% used [0x00000000e3c00000, 0x00000000e3c00000, 0x00000000e3d00000)
 concurrent mark-sweep generation total 91288K, used 54770K [0x00000000ecca0000, 0x00000000f25c6000, 0x0000000100000000)
 Metaspace       used 66099K, capacity 69188K, committed 69504K, reserved 1110016K
  class space    used 8427K, capacity 9024K, committed 9088K, reserved 1048576K
2020-11-07T19:58:57.219+0800: 63.895: [GC (Allocation Failure) 2020-11-07T19:58:57.219+0800: 63.895: [ParNew: 8835K->598K(9216K), 0.0214141 secs] 63606K->55369K(100504K), 0.0214795 secs] [Times: user=0.02 sys=0.00, real=0.02 secs] 
Heap after GC invocations=822 (full 72):
 par new generation   total 9216K, used 598K [0x00000000e3400000, 0x00000000e3e00000, 0x00000000ecca0000)
  eden space 8192K,   0% used [0x00000000e3400000, 0x00000000e3400000, 0x00000000e3c00000)
  from space 1024K,  58% used [0x00000000e3c00000, 0x00000000e3c95948, 0x00000000e3d00000)
  to   space 1024K,   0% used [0x00000000e3d00000, 0x00000000e3d00000, 0x00000000e3e00000)
 concurrent mark-sweep generation total 91288K, used 54770K [0x00000000ecca0000, 0x00000000f25c6000, 0x0000000100000000)
 Metaspace       used 66099K, capacity 69188K, committed 69504K, reserved 1110016K
  class space    used 8427K, capacity 9024K, committed 9088K, reserved 1048576K
}
2020-11-07T19:58:57.292+0800: 63.969: Application time: 0.0520691 seconds
{Heap before GC invocations=822 (full 72):
 par new generation   total 9216K, used 8790K [0x00000000e3400000, 0x00000000e3e00000, 0x00000000ecca0000)
  eden space 8192K, 100% used [0x00000000e3400000, 0x00000000e3c00000, 0x00000000e3c00000)
  from space 1024K,  58% used [0x00000000e3c00000, 0x00000000e3c95948, 0x00000000e3d00000)
  to   space 1024K,   0% used [0x00000000e3d00000, 0x00000000e3d00000, 0x00000000e3e00000)
 concurrent mark-sweep generation total 91288K, used 54770K [0x00000000ecca0000, 0x00000000f25c6000, 0x0000000100000000)
 Metaspace       used 66109K, capacity 69188K, committed 69504K, reserved 1110016K
  class space    used 8427K, capacity 9024K, committed 9088K, reserved 1048576K
2020-11-07T19:58:57.292+0800: 63.969: [GC (Allocation Failure) 2020-11-07T19:58:57.292+0800: 63.969: [ParNew: 8790K->639K(9216K), 0.0467829 secs] 63561K->55650K(100504K), 0.0468591 secs] [Times: user=0.05 sys=0.00, real=0.05 secs] 
Heap after GC invocations=823 (full 72):
 par new generation   total 9216K, used 639K [0x00000000e3400000, 0x00000000e3e00000, 0x00000000ecca0000)
  eden space 8192K,   0% used [0x00000000e3400000, 0x00000000e3400000, 0x00000000e3c00000)
  from space 1024K,  62% used [0x00000000e3d00000, 0x00000000e3d9fee8, 0x00000000e3e00000)
  to   space 1024K,   0% used [0x00000000e3c00000, 0x00000000e3c00000, 0x00000000e3d00000)
 concurrent mark-sweep generation total 91288K, used 55011K [0x00000000ecca0000, 0x00000000f25c6000, 0x0000000100000000)
 Metaspace       used 66109K, capacity 69188K, committed 69504K, reserved 1110016K
  class space    used 8427K, capacity 9024K, committed 9088K, reserved 1048576K
}
2020-11-07T19:58:57.355+0800: 64.032: Application time: 0.0158190 seconds
2020-11-07T19:58:57.355+0800: 64.032: [GC (CMS Initial Mark) [1 CMS-initial-mark: 55011K(91288K)] 59933K(100504K), 0.0082882 secs] [Times: user=0.01 sys=0.00, real=0.00 secs] 
2020-11-07T19:58:57.364+0800: 64.040: [CMS-concurrent-mark-start]
2020-11-07T19:58:57.379+0800: 64.056: Application time: 0.0153572 seconds
{Heap before GC invocations=823 (full 73):
 par new generation   total 9216K, used 8831K [0x00000000e3400000, 0x00000000e3e00000, 0x00000000ecca0000)
  eden space 8192K, 100% used [0x00000000e3400000, 0x00000000e3c00000, 0x00000000e3c00000)
  from space 1024K,  62% used [0x00000000e3d00000, 0x00000000e3d9fee8, 0x00000000e3e00000)
  to   space 1024K,   0% used [0x00000000e3c00000, 0x00000000e3c00000, 0x00000000e3d00000)
 concurrent mark-sweep generation total 91288K, used 55011K [0x00000000ecca0000, 0x00000000f25c6000, 0x0000000100000000)
 Metaspace       used 66113K, capacity 69194K, committed 69504K, reserved 1110016K
  class space    used 8428K, capacity 9025K, committed 9088K, reserved 1048576K
2020-11-07T19:58:57.379+0800: 64.056: [GC (Allocation Failure) 2020-11-07T19:58:57.379+0800: 64.056: [ParNew: 8831K->455K(9216K), 0.0234590 secs] 63842K->55466K(100504K), 0.0235342 secs] [Times: user=0.02 sys=0.00, real=0.02 secs] 
Heap after GC invocations=824 (full 73):
 par new generation   total 9216K, used 455K [0x00000000e3400000, 0x00000000e3e00000, 0x00000000ecca0000)
  eden space 8192K,   0% used [0x00000000e3400000, 0x00000000e3400000, 0x00000000e3c00000)
  from space 1024K,  44% used [0x00000000e3c00000, 0x00000000e3c71ed8, 0x00000000e3d00000)
  to   space 1024K,   0% used [0x00000000e3d00000, 0x00000000e3d00000, 0x00000000e3e00000)
 concurrent mark-sweep generation total 91288K, used 55011K [0x00000000ecca0000, 0x00000000f25c6000, 0x0000000100000000)
 Metaspace       used 66113K, capacity 69194K, committed 69504K, reserved 1110016K
  class space    used 8428K, capacity 9025K, committed 9088K, reserved 1048576K
}
2020-11-07T19:58:57.497+0800: 64.173: Application time: 0.0936991 seconds
{Heap before GC invocations=824 (full 73):
 par new generation   total 9216K, used 8647K [0x00000000e3400000, 0x00000000e3e00000, 0x00000000ecca0000)
  eden space 8192K, 100% used [0x00000000e3400000, 0x00000000e3c00000, 0x00000000e3c00000)
  from space 1024K,  44% used [0x00000000e3c00000, 0x00000000e3c71ed8, 0x00000000e3d00000)
  to   space 1024K,   0% used [0x00000000e3d00000, 0x00000000e3d00000, 0x00000000e3e00000)
 concurrent mark-sweep generation total 91288K, used 55011K [0x00000000ecca0000, 0x00000000f25c6000, 0x0000000100000000)
 Metaspace       used 66127K, capacity 69194K, committed 69504K, reserved 1110016K
  class space    used 8429K, capacity 9025K, committed 9088K, reserved 1048576K
2020-11-07T19:58:57.497+0800: 64.173: [GC (Allocation Failure) 2020-11-07T19:58:57.497+0800: 64.173: [ParNew: 8647K->530K(9216K), 0.0420859 secs] 63658K->55541K(100504K), 0.0421575 secs] [Times: user=0.04 sys=0.00, real=0.04 secs] 
Heap after GC invocations=825 (full 73):
 par new generation   total 9216K, used 530K [0x00000000e3400000, 0x00000000e3e00000, 0x00000000ecca0000)
  eden space 8192K,   0% used [0x00000000e3400000, 0x00000000e3400000, 0x00000000e3c00000)
  from space 1024K,  51% used [0x00000000e3d00000, 0x00000000e3d84840, 0x00000000e3e00000)
  to   space 1024K,   0% used [0x00000000e3c00000, 0x00000000e3c00000, 0x00000000e3d00000)
 concurrent mark-sweep generation total 91288K, used 55011K [0x00000000ecca0000, 0x00000000f25c6000, 0x0000000100000000)
 Metaspace       used 66127K, capacity 69194K, committed 69504K, reserved 1110016K
  class space    used 8429K, capacity 9025K, committed 9088K, reserved 1048576K
}
2020-11-07T19:58:57.560+0800: 64.237: Application time: 0.0210551 seconds
{Heap before GC invocations=825 (full 73):
 par new generation   total 9216K, used 8722K [0x00000000e3400000, 0x00000000e3e00000, 0x00000000ecca0000)
  eden space 8192K, 100% used [0x00000000e3400000, 0x00000000e3c00000, 0x00000000e3c00000)
  from space 1024K,  51% used [0x00000000e3d00000, 0x00000000e3d84840, 0x00000000e3e00000)
  to   space 1024K,   0% used [0x00000000e3c00000, 0x00000000e3c00000, 0x00000000e3d00000)
 concurrent mark-sweep generation total 91288K, used 55011K [0x00000000ecca0000, 0x00000000f25c6000, 0x0000000100000000)
 Metaspace       used 66127K, capacity 69194K, committed 69504K, reserved 1110016K
  class space    used 8429K, capacity 9025K, committed 9088K, reserved 1048576K
2020-11-07T19:58:57.560+0800: 64.237: [GC (Allocation Failure) 2020-11-07T19:58:57.560+0800: 64.237: [ParNew: 8722K->428K(9216K), 0.0135210 secs] 63733K->55487K(100504K), 0.0135782 secs] [Times: user=0.02 sys=0.00, real=0.01 secs] 
Heap after GC invocations=826 (full 73):
 par new generation   total 9216K, used 428K [0x00000000e3400000, 0x00000000e3e00000, 0x00000000ecca0000)
  eden space 8192K,   0% used [0x00000000e3400000, 0x00000000e3400000, 0x00000000e3c00000)
  from space 1024K,  41% used [0x00000000e3c00000, 0x00000000e3c6b380, 0x00000000e3d00000)
  to   space 1024K,   0% used [0x00000000e3d00000, 0x00000000e3d00000, 0x00000000e3e00000)
 concurrent mark-sweep generation total 91288K, used 55058K [0x00000000ecca0000, 0x00000000f25c6000, 0x0000000100000000)
 Metaspace       used 66127K, capacity 69194K, committed 69504K, reserved 1110016K
  class space    used 8429K, capacity 9025K, committed 9088K, reserved 1048576K
}
2020-11-07T19:58:57.614+0800: 64.290: Application time: 0.0398425 seconds
{Heap before GC invocations=826 (full 73):
 par new generation   total 9216K, used 8620K [0x00000000e3400000, 0x00000000e3e00000, 0x00000000ecca0000)
  eden space 8192K, 100% used [0x00000000e3400000, 0x00000000e3c00000, 0x00000000e3c00000)
  from space 1024K,  41% used [0x00000000e3c00000, 0x00000000e3c6b380, 0x00000000e3d00000)
  to   space 1024K,   0% used [0x00000000e3d00000, 0x00000000e3d00000, 0x00000000e3e00000)
 concurrent mark-sweep generation total 91288K, used 55058K [0x00000000ecca0000, 0x00000000f25c6000, 0x0000000100000000)
 Metaspace       used 66128K, capacity 69194K, committed 69504K, reserved 1110016K
  class space    used 8429K, capacity 9025K, committed 9088K, reserved 1048576K
2020-11-07T19:58:57.614+0800: 64.291: [GC (Allocation Failure) 2020-11-07T19:58:57.614+0800: 64.291: [ParNew: 8620K->608K(9216K), 0.0448390 secs] 63679K->55696K(100504K), 0.0448950 secs] [Times: user=0.04 sys=0.00, real=0.05 secs] 
Heap after GC invocations=827 (full 73):
 par new generation   total 9216K, used 608K [0x00000000e3400000, 0x00000000e3e00000, 0x00000000ecca0000)
  eden space 8192K,   0% used [0x00000000e3400000, 0x00000000e3400000, 0x00000000e3c00000)
  from space 1024K,  59% used [0x00000000e3d00000, 0x00000000e3d98010, 0x00000000e3e00000)
  to   space 1024K,   0% used [0x00000000e3c00000, 0x00000000e3c00000, 0x00000000e3d00000)
 concurrent mark-sweep generation total 91288K, used 55088K [0x00000000ecca0000, 0x00000000f25c6000, 0x0000000100000000)
 Metaspace       used 66128K, capacity 69194K, committed 69504K, reserved 1110016K
  class space    used 8429K, capacity 9025K, committed 9088K, reserved 1048576K
}
2020-11-07T19:58:57.694+0800: 64.371: Application time: 0.0351463 seconds
{Heap before GC invocations=827 (full 73):
 par new generation   total 9216K, used 8800K [0x00000000e3400000, 0x00000000e3e00000, 0x00000000ecca0000)
  eden space 8192K, 100% used [0x00000000e3400000, 0x00000000e3c00000, 0x00000000e3c00000)
  from space 1024K,  59% used [0x00000000e3d00000, 0x00000000e3d98010, 0x00000000e3e00000)
  to   space 1024K,   0% used [0x00000000e3c00000, 0x00000000e3c00000, 0x00000000e3d00000)
 concurrent mark-sweep generation total 91288K, used 55088K [0x00000000ecca0000, 0x00000000f25c6000, 0x0000000100000000)
 Metaspace       used 66142K, capacity 69202K, committed 69504K, reserved 1110016K
  class space    used 8431K, capacity 9027K, committed 9088K, reserved 1048576K
2020-11-07T19:58:57.694+0800: 64.371: [GC (Allocation Failure) 2020-11-07T19:58:57.694+0800: 64.371: [ParNew: 8800K->670K(9216K), 0.0195759 secs] 63888K->55783K(100504K), 0.0196382 secs] [Times: user=0.02 sys=0.00, real=0.02 secs] 
Heap after GC invocations=828 (full 73):
 par new generation   total 9216K, used 670K [0x00000000e3400000, 0x00000000e3e00000, 0x00000000ecca0000)
  eden space 8192K,   0% used [0x00000000e3400000, 0x00000000e3400000, 0x00000000e3c00000)
  from space 1024K,  65% used [0x00000000e3c00000, 0x00000000e3ca7940, 0x00000000e3d00000)
  to   space 1024K,   0% used [0x00000000e3d00000, 0x00000000e3d00000, 0x00000000e3e00000)
 concurrent mark-sweep generation total 91288K, used 55113K [0x00000000ecca0000, 0x00000000f25c6000, 0x0000000100000000)
 Metaspace       used 66142K, capacity 69202K, committed 69504K, reserved 1110016K
  class space    used 8431K, capacity 9027K, committed 9088K, reserved 1048576K
}
2020-11-07T19:58:57.722+0800: 64.399: Application time: 0.0079449 seconds
{Heap before GC invocations=828 (full 73):
 par new generation   total 9216K, used 8862K [0x00000000e3400000, 0x00000000e3e00000, 0x00000000ecca0000)
  eden space 8192K, 100% used [0x00000000e3400000, 0x00000000e3c00000, 0x00000000e3c00000)
  from space 1024K,  65% used [0x00000000e3c00000, 0x00000000e3ca7940, 0x00000000e3d00000)
  to   space 1024K,   0% used [0x00000000e3d00000, 0x00000000e3d00000, 0x00000000e3e00000)
 concurrent mark-sweep generation total 91288K, used 55113K [0x00000000ecca0000, 0x00000000f25c6000, 0x0000000100000000)
 Metaspace       used 66142K, capacity 69202K, committed 69504K, reserved 1110016K
  class space    used 8431K, capacity 9027K, committed 9088K, reserved 1048576K
2020-11-07T19:58:57.722+0800: 64.399: [GC (Allocation Failure) 2020-11-07T19:58:57.722+0800: 64.399: [ParNew: 8862K->529K(9216K), 0.0335191 secs] 63975K->55663K(100504K), 0.0335978 secs] [Times: user=0.04 sys=0.00, real=0.04 secs] 
Heap after GC invocations=829 (full 73):
 par new generation   total 9216K, used 529K [0x00000000e3400000, 0x00000000e3e00000, 0x00000000ecca0000)
  eden space 8192K,   0% used [0x00000000e3400000, 0x00000000e3400000, 0x00000000e3c00000)
  from space 1024K,  51% used [0x00000000e3d00000, 0x00000000e3d84530, 0x00000000e3e00000)
  to   space 1024K,   0% used [0x00000000e3c00000, 0x00000000e3c00000, 0x00000000e3d00000)
 concurrent mark-sweep generation total 91288K, used 55134K [0x00000000ecca0000, 0x00000000f25c6000, 0x0000000100000000)
 Metaspace       used 66142K, capacity 69202K, committed 69504K, reserved 1110016K
  class space    used 8431K, capacity 9027K, committed 9088K, reserved 1048576K
}
2020-11-07T19:58:57.771+0800: 64.448: Application time: 0.0154907 seconds
{Heap before GC invocations=829 (full 73):
 par new generation   total 9216K, used 8721K [0x00000000e3400000, 0x00000000e3e00000, 0x00000000ecca0000)
  eden space 8192K, 100% used [0x00000000e3400000, 0x00000000e3c00000, 0x00000000e3c00000)
  from space 1024K,  51% used [0x00000000e3d00000, 0x00000000e3d84530, 0x00000000e3e00000)
  to   space 1024K,   0% used [0x00000000e3c00000, 0x00000000e3c00000, 0x00000000e3d00000)
 concurrent mark-sweep generation total 91288K, used 55134K [0x00000000ecca0000, 0x00000000f25c6000, 0x0000000100000000)
 Metaspace       used 66142K, capacity 69202K, committed 69504K, reserved 1110016K
  class space    used 8431K, capacity 9027K, committed 9088K, reserved 1048576K
2020-11-07T19:58:57.772+0800: 64.448: [GC (Allocation Failure) 2020-11-07T19:58:57.772+0800: 64.448: [ParNew: 8721K->396K(9216K), 0.0203228 secs] 63855K->55581K(100504K), 0.0203828 secs] [Times: user=0.02 sys=0.00, real=0.02 secs] 
Heap after GC invocations=830 (full 73):
 par new generation   total 9216K, used 396K [0x00000000e3400000, 0x00000000e3e00000, 0x00000000ecca0000)
  eden space 8192K,   0% used [0x00000000e3400000, 0x00000000e3400000, 0x00000000e3c00000)
  from space 1024K,  38% used [0x00000000e3c00000, 0x00000000e3c631a0, 0x00000000e3d00000)
  to   space 1024K,   0% used [0x00000000e3d00000, 0x00000000e3d00000, 0x00000000e3e00000)
 concurrent mark-sweep generation total 91288K, used 55185K [0x00000000ecca0000, 0x00000000f25c6000, 0x0000000100000000)
 Metaspace       used 66142K, capacity 69202K, committed 69504K, reserved 1110016K
  class space    used 8431K, capacity 9027K, committed 9088K, reserved 1048576K
}
2020-11-07T19:58:57.829+0800: 64.506: Application time: 0.0374670 seconds
{Heap before GC invocations=830 (full 73):
 par new generation   total 9216K, used 8588K [0x00000000e3400000, 0x00000000e3e00000, 0x00000000ecca0000)
  eden space 8192K, 100% used [0x00000000e3400000, 0x00000000e3c00000, 0x00000000e3c00000)
  from space 1024K,  38% used [0x00000000e3c00000, 0x00000000e3c631a0, 0x00000000e3d00000)
  to   space 1024K,   0% used [0x00000000e3d00000, 0x00000000e3d00000, 0x00000000e3e00000)
 concurrent mark-sweep generation total 91288K, used 55185K [0x00000000ecca0000, 0x00000000f25c6000, 0x0000000100000000)
 Metaspace       used 66145K, capacity 69210K, committed 69504K, reserved 1110016K
  class space    used 8432K, capacity 9029K, committed 9088K, reserved 1048576K
2020-11-07T19:58:57.830+0800: 64.506: [GC (Allocation Failure) 2020-11-07T19:58:57.830+0800: 64.506: [ParNew: 8588K->356K(9216K), 0.0410604 secs] 63773K->55615K(100504K), 0.0411203 secs] [Times: user=0.04 sys=0.00, real=0.04 secs] 
Heap after GC invocations=831 (full 73):
 par new generation   total 9216K, used 356K [0x00000000e3400000, 0x00000000e3e00000, 0x00000000ecca0000)
  eden space 8192K,   0% used [0x00000000e3400000, 0x00000000e3400000, 0x00000000e3c00000)
  from space 1024K,  34% used [0x00000000e3d00000, 0x00000000e3d59240, 0x00000000e3e00000)
  to   space 1024K,   0% used [0x00000000e3c00000, 0x00000000e3c00000, 0x00000000e3d00000)
 concurrent mark-sweep generation total 91288K, used 55258K [0x00000000ecca0000, 0x00000000f25c6000, 0x0000000100000000)
 Metaspace       used 66145K, capacity 69210K, committed 69504K, reserved 1110016K
  class space    used 8432K, capacity 9029K, committed 9088K, reserved 1048576K
}
2020-11-07T19:58:57.886+0800: 64.563: Application time: 0.0154212 seconds
{Heap before GC invocations=831 (full 73):
 par new generation   total 9216K, used 8548K [0x00000000e3400000, 0x00000000e3e00000, 0x00000000ecca0000)
  eden space 8192K, 100% used [0x00000000e3400000, 0x00000000e3c00000, 0x00000000e3c00000)
  from space 1024K,  34% used [0x00000000e3d00000, 0x00000000e3d59240, 0x00000000e3e00000)
  to   space 1024K,   0% used [0x00000000e3c00000, 0x00000000e3c00000, 0x00000000e3d00000)
 concurrent mark-sweep generation total 91288K, used 55258K [0x00000000ecca0000, 0x00000000f25c6000, 0x0000000100000000)
 Metaspace       used 66145K, capacity 69210K, committed 69504K, reserved 1110016K
  class space    used 8432K, capacity 9029K, committed 9088K, reserved 1048576K
2020-11-07T19:58:57.887+0800: 64.563: [GC (Allocation Failure) 2020-11-07T19:58:57.887+0800: 64.563: [ParNew: 8548K->315K(9216K), 0.0293879 secs] 63807K->55631K(100504K), 0.0294434 secs] [Times: user=0.02 sys=0.00, real=0.03 secs] 
Heap after GC invocations=832 (full 73):
 par new generation   total 9216K, used 315K [0x00000000e3400000, 0x00000000e3e00000, 0x00000000ecca0000)
  eden space 8192K,   0% used [0x00000000e3400000, 0x00000000e3400000, 0x00000000e3c00000)
  from space 1024K,  30% used [0x00000000e3c00000, 0x00000000e3c4ecc0, 0x00000000e3d00000)
  to   space 1024K,   0% used [0x00000000e3d00000, 0x00000000e3d00000, 0x00000000e3e00000)
 concurrent mark-sweep generation total 91288K, used 55316K [0x00000000ecca0000, 0x00000000f25c6000, 0x0000000100000000)
 Metaspace       used 66145K, capacity 69210K, committed 69504K, reserved 1110016K
  class space    used 8432K, capacity 9029K, committed 9088K, reserved 1048576K
}
2020-11-07T19:58:57.934+0800: 64.611: Application time: 0.0181348 seconds
{Heap before GC invocations=832 (full 73):
 par new generation   total 9216K, used 8507K [0x00000000e3400000, 0x00000000e3e00000, 0x00000000ecca0000)
  eden space 8192K, 100% used [0x00000000e3400000, 0x00000000e3c00000, 0x00000000e3c00000)
  from space 1024K,  30% used [0x00000000e3c00000, 0x00000000e3c4ecc0, 0x00000000e3d00000)
  to   space 1024K,   0% used [0x00000000e3d00000, 0x00000000e3d00000, 0x00000000e3e00000)
 concurrent mark-sweep generation total 91288K, used 55316K [0x00000000ecca0000, 0x00000000f25c6000, 0x0000000100000000)
 Metaspace       used 66145K, capacity 69210K, committed 69504K, reserved 1110016K
  class space    used 8432K, capacity 9029K, committed 9088K, reserved 1048576K
2020-11-07T19:58:57.934+0800: 64.611: [GC (Allocation Failure) 2020-11-07T19:58:57.934+0800: 64.611: [ParNew: 8507K->259K(9216K), 0.0243848 secs] 63823K->55604K(100504K), 0.0244417 secs] [Times: user=0.02 sys=0.00, real=0.03 secs] 
Heap after GC invocations=833 (full 73):
 par new generation   total 9216K, used 259K [0x00000000e3400000, 0x00000000e3e00000, 0x00000000ecca0000)
  eden space 8192K,   0% used [0x00000000e3400000, 0x00000000e3400000, 0x00000000e3c00000)
  from space 1024K,  25% used [0x00000000e3d00000, 0x00000000e3d40fa0, 0x00000000e3e00000)
  to   space 1024K,   0% used [0x00000000e3c00000, 0x00000000e3c00000, 0x00000000e3d00000)
 concurrent mark-sweep generation total 91288K, used 55344K [0x00000000ecca0000, 0x00000000f25c6000, 0x0000000100000000)
 Metaspace       used 66145K, capacity 69210K, committed 69504K, reserved 1110016K
  class space    used 8432K, capacity 9029K, committed 9088K, reserved 1048576K
}
2020-11-07T19:58:57.985+0800: 64.661: Application time: 0.0258819 seconds
{Heap before GC invocations=833 (full 73):
 par new generation   total 9216K, used 8451K [0x00000000e3400000, 0x00000000e3e00000, 0x00000000ecca0000)
  eden space 8192K, 100% used [0x00000000e3400000, 0x00000000e3c00000, 0x00000000e3c00000)
  from space 1024K,  25% used [0x00000000e3d00000, 0x00000000e3d40fa0, 0x00000000e3e00000)
  to   space 1024K,   0% used [0x00000000e3c00000, 0x00000000e3c00000, 0x00000000e3d00000)
 concurrent mark-sweep generation total 91288K, used 55344K [0x00000000ecca0000, 0x00000000f25c6000, 0x0000000100000000)
 Metaspace       used 66145K, capacity 69210K, committed 69504K, reserved 1110016K
  class space    used 8432K, capacity 9029K, committed 9088K, reserved 1048576K
2020-11-07T19:58:57.985+0800: 64.662: [GC (Allocation Failure) 2020-11-07T19:58:57.985+0800: 64.662: [ParNew: 8451K->228K(9216K), 0.0377290 secs] 63796K->55646K(100504K), 0.0378012 secs] [Times: user=0.04 sys=0.00, real=0.03 secs] 
Heap after GC invocations=834 (full 73):
 par new generation   total 9216K, used 228K [0x00000000e3400000, 0x00000000e3e00000, 0x00000000ecca0000)
  eden space 8192K,   0% used [0x00000000e3400000, 0x00000000e3400000, 0x00000000e3c00000)
  from space 1024K,  22% used [0x00000000e3c00000, 0x00000000e3c39020, 0x00000000e3d00000)
  to   space 1024K,   0% used [0x00000000e3d00000, 0x00000000e3d00000, 0x00000000e3e00000)
 concurrent mark-sweep generation total 91288K, used 55418K [0x00000000ecca0000, 0x00000000f25c6000, 0x0000000100000000)
 Metaspace       used 66145K, capacity 69210K, committed 69504K, reserved 1110016K
  class space    used 8432K, capacity 9029K, committed 9088K, reserved 1048576K
}
2020-11-07T19:58:58.064+0800: 64.741: [CMS-concurrent-mark: 0.341/0.700 secs] [Times: user=0.68 sys=0.01, real=0.70 secs] 
2020-11-07T19:58:58.064+0800: 64.741: [CMS-concurrent-preclean-start]
2020-11-07T19:58:58.071+0800: 64.747: [CMS-concurrent-preclean: 0.006/0.007 secs] [Times: user=0.00 sys=0.00, real=0.01 secs] 
2020-11-07T19:58:58.071+0800: 64.747: [CMS-concurrent-abortable-preclean-start]
2020-11-07T19:58:58.101+0800: 64.778: Application time: 0.0783207 seconds
{Heap before GC invocations=834 (full 73):
 par new generation   total 9216K, used 8420K [0x00000000e3400000, 0x00000000e3e00000, 0x00000000ecca0000)
  eden space 8192K, 100% used [0x00000000e3400000, 0x00000000e3c00000, 0x00000000e3c00000)
  from space 1024K,  22% used [0x00000000e3c00000, 0x00000000e3c39020, 0x00000000e3d00000)
  to   space 1024K,   0% used [0x00000000e3d00000, 0x00000000e3d00000, 0x00000000e3e00000)
 concurrent mark-sweep generation total 91288K, used 55418K [0x00000000ecca0000, 0x00000000f25c6000, 0x0000000100000000)
 Metaspace       used 66219K, capacity 69322K, committed 69504K, reserved 1110016K
  class space    used 8441K, capacity 9065K, committed 9088K, reserved 1048576K
2020-11-07T19:58:58.101+0800: 64.778: [GC (Allocation Failure) 2020-11-07T19:58:58.101+0800: 64.778: [ParNew: 8420K->596K(9216K), 0.0475602 secs] 63838K->56025K(100504K), 0.0476397 secs] [Times: user=0.05 sys=0.00, real=0.05 secs] 
Heap after GC invocations=835 (full 73):
 par new generation   total 9216K, used 596K [0x00000000e3400000, 0x00000000e3e00000, 0x00000000ecca0000)
  eden space 8192K,   0% used [0x00000000e3400000, 0x00000000e3400000, 0x00000000e3c00000)
  from space 1024K,  58% used [0x00000000e3d00000, 0x00000000e3d95350, 0x00000000e3e00000)
  to   space 1024K,   0% used [0x00000000e3c00000, 0x00000000e3c00000, 0x00000000e3d00000)
 concurrent mark-sweep generation total 91288K, used 55429K [0x00000000ecca0000, 0x00000000f25c6000, 0x0000000100000000)
 Metaspace       used 66219K, capacity 69322K, committed 69504K, reserved 1110016K
  class space    used 8441K, capacity 9065K, committed 9088K, reserved 1048576K
}
2020-11-07T19:58:58.171+0800: 64.848: [CMS-concurrent-abortable-preclean: 0.025/0.101 secs] [Times: user=0.10 sys=0.00, real=0.10 secs] 
2020-11-07T19:58:58.171+0800: 64.848: Application time: 0.0224038 seconds
2020-11-07T19:58:58.177+0800: 64.854: [GC (CMS Final Remark) [YG occupancy: 5523 K (9216 K)]2020-11-07T19:58:58.177+0800: 64.854: [Rescan (parallel) , 0.0275477 secs]2020-11-07T19:58:58.205+0800: 64.881: [weak refs processing, 0.0013086 secs]2020-11-07T19:58:58.206+0800: 64.883: [class unloading, 0.0266793 secs]2020-11-07T19:58:58.233+0800: 64.909: [scrub symbol table, 0.0569390 secs]2020-11-07T19:58:58.290+0800: 64.966: [scrub string table, 0.0013286 secs][1 CMS-remark: 55429K(91288K)] 60952K(100504K), 0.1140501 secs] [Times: user=0.11 sys=0.00, real=0.11 secs] 
2020-11-07T19:58:58.297+0800: 64.973: [CMS-concurrent-sweep-start]
2020-11-07T19:58:58.325+0800: 65.001: Application time: 0.0333869 seconds
{Heap before GC invocations=835 (full 73):
 par new generation   total 9216K, used 8788K [0x00000000e3400000, 0x00000000e3e00000, 0x00000000ecca0000)
  eden space 8192K, 100% used [0x00000000e3400000, 0x00000000e3c00000, 0x00000000e3c00000)
  from space 1024K,  58% used [0x00000000e3d00000, 0x00000000e3d95350, 0x00000000e3e00000)
  to   space 1024K,   0% used [0x00000000e3c00000, 0x00000000e3c00000, 0x00000000e3d00000)
 concurrent mark-sweep generation total 91288K, used 55424K [0x00000000ecca0000, 0x00000000f25c6000, 0x0000000100000000)
 Metaspace       used 66219K, capacity 69322K, committed 69504K, reserved 1110016K
  class space    used 8441K, capacity 9065K, committed 9088K, reserved 1048576K
2020-11-07T19:58:58.325+0800: 65.002: [GC (Allocation Failure) 2020-11-07T19:58:58.325+0800: 65.002: [ParNew: 8788K->485K(9216K), 0.0319094 secs] 64212K->55945K(100504K), 0.0319895 secs] [Times: user=0.03 sys=0.00, real=0.03 secs] 
Heap after GC invocations=836 (full 73):
 par new generation   total 9216K, used 485K [0x00000000e3400000, 0x00000000e3e00000, 0x00000000ecca0000)
  eden space 8192K,   0% used [0x00000000e3400000, 0x00000000e3400000, 0x00000000e3c00000)
  from space 1024K,  47% used [0x00000000e3c00000, 0x00000000e3c797e8, 0x00000000e3d00000)
  to   space 1024K,   0% used [0x00000000e3d00000, 0x00000000e3d00000, 0x00000000e3e00000)
 concurrent mark-sweep generation total 91288K, used 55459K [0x00000000ecca0000, 0x00000000f25c6000, 0x0000000100000000)
 Metaspace       used 66219K, capacity 69322K, committed 69504K, reserved 1110016K
  class space    used 8441K, capacity 9065K, committed 9088K, reserved 1048576K
}
2020-11-07T19:58:58.403+0800: 65.079: Application time: 0.0458021 seconds
{Heap before GC invocations=836 (full 73):
 par new generation   total 9216K, used 8677K [0x00000000e3400000, 0x00000000e3e00000, 0x00000000ecca0000)
  eden space 8192K, 100% used [0x00000000e3400000, 0x00000000e3c00000, 0x00000000e3c00000)
  from space 1024K,  47% used [0x00000000e3c00000, 0x00000000e3c797e8, 0x00000000e3d00000)
  to   space 1024K,   0% used [0x00000000e3d00000, 0x00000000e3d00000, 0x00000000e3e00000)
 concurrent mark-sweep generation total 91288K, used 55407K [0x00000000ecca0000, 0x00000000f25c6000, 0x0000000100000000)
 Metaspace       used 66222K, capacity 69322K, committed 69504K, reserved 1110016K
  class space    used 8441K, capacity 9065K, committed 9088K, reserved 1048576K
2020-11-07T19:58:58.403+0800: 65.080: [GC (Allocation Failure) 2020-11-07T19:58:58.403+0800: 65.080: [ParNew: 8677K->519K(9216K), 0.0428866 secs] 64085K->55964K(100504K), 0.0429460 secs] [Times: user=0.04 sys=0.00, real=0.05 secs] 
Heap after GC invocations=837 (full 73):
 par new generation   total 9216K, used 519K [0x00000000e3400000, 0x00000000e3e00000, 0x00000000ecca0000)
  eden space 8192K,   0% used [0x00000000e3400000, 0x00000000e3400000, 0x00000000e3c00000)
  from space 1024K,  50% used [0x00000000e3d00000, 0x00000000e3d81dd8, 0x00000000e3e00000)
  to   space 1024K,   0% used [0x00000000e3c00000, 0x00000000e3c00000, 0x00000000e3d00000)
 concurrent mark-sweep generation total 91288K, used 55444K [0x00000000ecca0000, 0x00000000f25c6000, 0x0000000100000000)
 Metaspace       used 66222K, capacity 69322K, committed 69504K, reserved 1110016K
  class space    used 8441K, capacity 9065K, committed 9088K, reserved 1048576K
}
2020-11-07T19:58:58.453+0800: 65.129: [CMS-concurrent-sweep: 0.071/0.156 secs] [Times: user=0.14 sys=0.00, real=0.15 secs] 
2020-11-07T19:58:58.453+0800: 65.130: [CMS-concurrent-reset-start]
2020-11-07T19:58:58.454+0800: 65.131: [CMS-concurrent-reset: 0.001/0.001 secs] [Times: user=0.00 sys=0.00, real=0.00 secs] 
2020-11-07T19:58:58.463+0800: 65.140: Application time: 0.0174478 seconds
{Heap before GC invocations=837 (full 73):
 par new generation   total 9216K, used 8711K [0x00000000e3400000, 0x00000000e3e00000, 0x00000000ecca0000)
  eden space 8192K, 100% used [0x00000000e3400000, 0x00000000e3c00000, 0x00000000e3c00000)
  from space 1024K,  50% used [0x00000000e3d00000, 0x00000000e3d81dd8, 0x00000000e3e00000)
  to   space 1024K,   0% used [0x00000000e3c00000, 0x00000000e3c00000, 0x00000000e3d00000)
 concurrent mark-sweep generation total 92248K, used 55346K [0x00000000ecca0000, 0x00000000f26b6000, 0x0000000100000000)
 Metaspace       used 66192K, capacity 69268K, committed 69504K, reserved 1110016K
  class space    used 8436K, capacity 9056K, committed 9088K, reserved 1048576K
2020-11-07T19:58:58.464+0800: 65.140: [GC (Allocation Failure) 2020-11-07T19:58:58.464+0800: 65.140: [ParNew: 8711K->514K(9216K), 0.0180950 secs] 64058K->55866K(101464K), 0.0181849 secs] [Times: user=0.02 sys=0.00, real=0.02 secs] 
Heap after GC invocations=838 (full 73):
 par new generation   total 9216K, used 514K [0x00000000e3400000, 0x00000000e3e00000, 0x00000000ecca0000)
  eden space 8192K,   0% used [0x00000000e3400000, 0x00000000e3400000, 0x00000000e3c00000)
  from space 1024K,  50% used [0x00000000e3c00000, 0x00000000e3c808b8, 0x00000000e3d00000)
  to   space 1024K,   0% used [0x00000000e3d00000, 0x00000000e3d00000, 0x00000000e3e00000)
 concurrent mark-sweep generation total 92248K, used 55352K [0x00000000ecca0000, 0x00000000f26b6000, 0x0000000100000000)
 Metaspace       used 66192K, capacity 69268K, committed 69504K, reserved 1110016K
  class space    used 8436K, capacity 9056K, committed 9088K, reserved 1048576K
}
2020-11-07T19:58:58.488+0800: 65.165: Application time: 0.0065905 seconds
2020-11-07T19:58:58.489+0800: 65.165: [GC (CMS Initial Mark) [1 CMS-initial-mark: 55352K(92248K)] 62100K(101464K), 0.0076724 secs] [Times: user=0.01 sys=0.00, real=0.01 secs] 
2020-11-07T19:58:58.496+0800: 65.173: [CMS-concurrent-mark-start]
2020-11-07T19:58:58.529+0800: 65.205: Application time: 0.0322565 seconds
{Heap before GC invocations=838 (full 74):
 par new generation   total 9216K, used 8706K [0x00000000e3400000, 0x00000000e3e00000, 0x00000000ecca0000)
  eden space 8192K, 100% used [0x00000000e3400000, 0x00000000e3c00000, 0x00000000e3c00000)
  from space 1024K,  50% used [0x00000000e3c00000, 0x00000000e3c808b8, 0x00000000e3d00000)
  to   space 1024K,   0% used [0x00000000e3d00000, 0x00000000e3d00000, 0x00000000e3e00000)
 concurrent mark-sweep generation total 92248K, used 55352K [0x00000000ecca0000, 0x00000000f26b6000, 0x0000000100000000)
 Metaspace       used 66193K, capacity 69268K, committed 69504K, reserved 1110016K
  class space    used 8436K, capacity 9056K, committed 9088K, reserved 1048576K
2020-11-07T19:58:58.529+0800: 65.205: [GC (Allocation Failure) 2020-11-07T19:58:58.529+0800: 65.205: [ParNew: 8706K->858K(9216K), 0.0400485 secs] 64058K->56216K(101464K), 0.0401375 secs] [Times: user=0.04 sys=0.00, real=0.04 secs] 
Heap after GC invocations=839 (full 74):
 par new generation   total 9216K, used 858K [0x00000000e3400000, 0x00000000e3e00000, 0x00000000ecca0000)
  eden space 8192K,   0% used [0x00000000e3400000, 0x00000000e3400000, 0x00000000e3c00000)
  from space 1024K,  83% used [0x00000000e3d00000, 0x00000000e3dd68c8, 0x00000000e3e00000)
  to   space 1024K,   0% used [0x00000000e3c00000, 0x00000000e3c00000, 0x00000000e3d00000)
 concurrent mark-sweep generation total 92248K, used 55358K [0x00000000ecca0000, 0x00000000f26b6000, 0x0000000100000000)
 Metaspace       used 66193K, capacity 69268K, committed 69504K, reserved 1110016K
  class space    used 8436K, capacity 9056K, committed 9088K, reserved 1048576K
}
2020-11-07T19:58:58.607+0800: 65.283: Application time: 0.0377043 seconds
{Heap before GC invocations=839 (full 74):
 par new generation   total 9216K, used 9050K [0x00000000e3400000, 0x00000000e3e00000, 0x00000000ecca0000)
  eden space 8192K, 100% used [0x00000000e3400000, 0x00000000e3c00000, 0x00000000e3c00000)
  from space 1024K,  83% used [0x00000000e3d00000, 0x00000000e3dd68c8, 0x00000000e3e00000)
  to   space 1024K,   0% used [0x00000000e3c00000, 0x00000000e3c00000, 0x00000000e3d00000)
 concurrent mark-sweep generation total 92248K, used 55358K [0x00000000ecca0000, 0x00000000f26b6000, 0x0000000100000000)
 Metaspace       used 66194K, capacity 69268K, committed 69504K, reserved 1110016K
  class space    used 8436K, capacity 9056K, committed 9088K, reserved 1048576K
2020-11-07T19:58:58.607+0800: 65.284: [GC (Allocation Failure) 2020-11-07T19:58:58.607+0800: 65.284: [ParNew: 9050K->830K(9216K), 0.0350999 secs] 64408K->56518K(101464K), 0.0351804 secs] [Times: user=0.03 sys=0.00, real=0.03 secs] 
Heap after GC invocations=840 (full 74):
 par new generation   total 9216K, used 830K [0x00000000e3400000, 0x00000000e3e00000, 0x00000000ecca0000)
  eden space 8192K,   0% used [0x00000000e3400000, 0x00000000e3400000, 0x00000000e3c00000)
  from space 1024K,  81% used [0x00000000e3c00000, 0x00000000e3ccfbf0, 0x00000000e3d00000)
  to   space 1024K,   0% used [0x00000000e3d00000, 0x00000000e3d00000, 0x00000000e3e00000)
 concurrent mark-sweep generation total 92248K, used 55687K [0x00000000ecca0000, 0x00000000f26b6000, 0x0000000100000000)
 Metaspace       used 66194K, capacity 69268K, committed 69504K, reserved 1110016K
  class space    used 8436K, capacity 9056K, committed 9088K, reserved 1048576K
}
2020-11-07T19:58:58.667+0800: 65.344: Application time: 0.0254064 seconds
{Heap before GC invocations=840 (full 74):
 par new generation   total 9216K, used 9022K [0x00000000e3400000, 0x00000000e3e00000, 0x00000000ecca0000)
  eden space 8192K, 100% used [0x00000000e3400000, 0x00000000e3c00000, 0x00000000e3c00000)
  from space 1024K,  81% used [0x00000000e3c00000, 0x00000000e3ccfbf0, 0x00000000e3d00000)
  to   space 1024K,   0% used [0x00000000e3d00000, 0x00000000e3d00000, 0x00000000e3e00000)
 concurrent mark-sweep generation total 92248K, used 55687K [0x00000000ecca0000, 0x00000000f26b6000, 0x0000000100000000)
 Metaspace       used 66209K, capacity 69332K, committed 69504K, reserved 1110016K
  class space    used 8438K, capacity 9056K, committed 9088K, reserved 1048576K
2020-11-07T19:58:58.668+0800: 65.344: [GC (Allocation Failure) 2020-11-07T19:58:58.668+0800: 65.344: [ParNew: 9022K->659K(9216K), 0.0253532 secs] 64710K->56416K(101464K), 0.0254292 secs] [Times: user=0.02 sys=0.00, real=0.02 secs] 
Heap after GC invocations=841 (full 74):
 par new generation   total 9216K, used 659K [0x00000000e3400000, 0x00000000e3e00000, 0x00000000ecca0000)
  eden space 8192K,   0% used [0x00000000e3400000, 0x00000000e3400000, 0x00000000e3c00000)
  from space 1024K,  64% used [0x00000000e3d00000, 0x00000000e3da4d38, 0x00000000e3e00000)
  to   space 1024K,   0% used [0x00000000e3c00000, 0x00000000e3c00000, 0x00000000e3d00000)
 concurrent mark-sweep generation total 92248K, used 55757K [0x00000000ecca0000, 0x00000000f26b6000, 0x0000000100000000)
 Metaspace       used 66209K, capacity 69332K, committed 69504K, reserved 1110016K
  class space    used 8438K, capacity 9056K, committed 9088K, reserved 1048576K
}
2020-11-07T19:58:58.727+0800: 65.404: Application time: 0.0337107 seconds
{Heap before GC invocations=841 (full 74):
 par new generation   total 9216K, used 8851K [0x00000000e3400000, 0x00000000e3e00000, 0x00000000ecca0000)
  eden space 8192K, 100% used [0x00000000e3400000, 0x00000000e3c00000, 0x00000000e3c00000)
  from space 1024K,  64% used [0x00000000e3d00000, 0x00000000e3da4d38, 0x00000000e3e00000)
  to   space 1024K,   0% used [0x00000000e3c00000, 0x00000000e3c00000, 0x00000000e3d00000)
 concurrent mark-sweep generation total 92248K, used 55757K [0x00000000ecca0000, 0x00000000f26b6000, 0x0000000100000000)
 Metaspace       used 66243K, capacity 69332K, committed 69504K, reserved 1110016K
  class space    used 8450K, capacity 9056K, committed 9088K, reserved 1048576K
2020-11-07T19:58:58.727+0800: 65.404: [GC (Allocation Failure) 2020-11-07T19:58:58.727+0800: 65.404: [ParNew: 8851K->695K(9216K), 0.0326559 secs] 64608K->56453K(101464K), 0.0327144 secs] [Times: user=0.03 sys=0.00, real=0.03 secs] 
Heap after GC invocations=842 (full 74):
 par new generation   total 9216K, used 695K [0x00000000e3400000, 0x00000000e3e00000, 0x00000000ecca0000)
  eden space 8192K,   0% used [0x00000000e3400000, 0x00000000e3400000, 0x00000000e3c00000)
  from space 1024K,  67% used [0x00000000e3c00000, 0x00000000e3cadf58, 0x00000000e3d00000)
  to   space 1024K,   0% used [0x00000000e3d00000, 0x00000000e3d00000, 0x00000000e3e00000)
 concurrent mark-sweep generation total 92248K, used 55757K [0x00000000ecca0000, 0x00000000f26b6000, 0x0000000100000000)
 Metaspace       used 66243K, capacity 69332K, committed 69504K, reserved 1110016K
  class space    used 8450K, capacity 9056K, committed 9088K, reserved 1048576K
}
2020-11-07T19:58:58.789+0800: 65.466: Application time: 0.0291226 seconds
{Heap before GC invocations=842 (full 74):
 par new generation   total 9216K, used 8887K [0x00000000e3400000, 0x00000000e3e00000, 0x00000000ecca0000)
  eden space 8192K, 100% used [0x00000000e3400000, 0x00000000e3c00000, 0x00000000e3c00000)
  from space 1024K,  67% used [0x00000000e3c00000, 0x00000000e3cadf58, 0x00000000e3d00000)
  to   space 1024K,   0% used [0x00000000e3d00000, 0x00000000e3d00000, 0x00000000e3e00000)
 concurrent mark-sweep generation total 92248K, used 55757K [0x00000000ecca0000, 0x00000000f26b6000, 0x0000000100000000)
 Metaspace       used 66249K, capacity 69332K, committed 69504K, reserved 1110016K
  class space    used 8451K, capacity 9056K, committed 9088K, reserved 1048576K
2020-11-07T19:58:58.789+0800: 65.466: [GC (Allocation Failure) 2020-11-07T19:58:58.789+0800: 65.466: [ParNew: 8887K->341K(9216K), 0.0366548 secs] 64645K->56492K(101464K), 0.0367124 secs] [Times: user=0.03 sys=0.00, real=0.04 secs] 
Heap after GC invocations=843 (full 74):
 par new generation   total 9216K, used 341K [0x00000000e3400000, 0x00000000e3e00000, 0x00000000ecca0000)
  eden space 8192K,   0% used [0x00000000e3400000, 0x00000000e3400000, 0x00000000e3c00000)
  from space 1024K,  33% used [0x00000000e3d00000, 0x00000000e3d55430, 0x00000000e3e00000)
  to   space 1024K,   0% used [0x00000000e3c00000, 0x00000000e3c00000, 0x00000000e3d00000)
 concurrent mark-sweep generation total 92248K, used 56151K [0x00000000ecca0000, 0x00000000f26b6000, 0x0000000100000000)
 Metaspace       used 66249K, capacity 69332K, committed 69504K, reserved 1110016K
  class space    used 8451K, capacity 9056K, committed 9088K, reserved 1048576K
}
2020-11-07T19:58:58.841+0800: 65.517: Application time: 0.0146480 seconds
{Heap before GC invocations=843 (full 74):
 par new generation   total 9216K, used 8533K [0x00000000e3400000, 0x00000000e3e00000, 0x00000000ecca0000)
  eden space 8192K, 100% used [0x00000000e3400000, 0x00000000e3c00000, 0x00000000e3c00000)
  from space 1024K,  33% used [0x00000000e3d00000, 0x00000000e3d55430, 0x00000000e3e00000)
  to   space 1024K,   0% used [0x00000000e3c00000, 0x00000000e3c00000, 0x00000000e3d00000)
 concurrent mark-sweep generation total 92248K, used 56151K [0x00000000ecca0000, 0x00000000f26b6000, 0x0000000100000000)
 Metaspace       used 66249K, capacity 69332K, committed 69504K, reserved 1110016K
  class space    used 8451K, capacity 9056K, committed 9088K, reserved 1048576K
2020-11-07T19:58:58.841+0800: 65.517: [GC (Allocation Failure) 2020-11-07T19:58:58.841+0800: 65.517: [ParNew: 8533K->279K(9216K), 0.0169297 secs] 64684K->56430K(101464K), 0.0169861 secs] [Times: user=0.01 sys=0.00, real=0.02 secs] 
Heap after GC invocations=844 (full 74):
 par new generation   total 9216K, used 279K [0x00000000e3400000, 0x00000000e3e00000, 0x00000000ecca0000)
  eden space 8192K,   0% used [0x00000000e3400000, 0x00000000e3400000, 0x00000000e3c00000)
  from space 1024K,  27% used [0x00000000e3c00000, 0x00000000e3c45c90, 0x00000000e3d00000)
  to   space 1024K,   0% used [0x00000000e3d00000, 0x00000000e3d00000, 0x00000000e3e00000)
 concurrent mark-sweep generation total 92248K, used 56151K [0x00000000ecca0000, 0x00000000f26b6000, 0x0000000100000000)
 Metaspace       used 66249K, capacity 69332K, committed 69504K, reserved 1110016K
  class space    used 8451K, capacity 9056K, committed 9088K, reserved 1048576K
}
2020-11-07T19:58:58.944+0800: 65.620: Application time: 0.0857191 seconds
{Heap before GC invocations=844 (full 74):
 par new generation   total 9216K, used 8471K [0x00000000e3400000, 0x00000000e3e00000, 0x00000000ecca0000)
  eden space 8192K, 100% used [0x00000000e3400000, 0x00000000e3c00000, 0x00000000e3c00000)
  from space 1024K,  27% used [0x00000000e3c00000, 0x00000000e3c45c90, 0x00000000e3d00000)
  to   space 1024K,   0% used [0x00000000e3d00000, 0x00000000e3d00000, 0x00000000e3e00000)
 concurrent mark-sweep generation total 92248K, used 56151K [0x00000000ecca0000, 0x00000000f26b6000, 0x0000000100000000)
 Metaspace       used 66422K, capacity 69496K, committed 69888K, reserved 1110016K
  class space    used 8475K, capacity 9088K, committed 9216K, reserved 1048576K
2020-11-07T19:58:58.944+0800: 65.620: [GC (Allocation Failure) 2020-11-07T19:58:58.944+0800: 65.620: [ParNew: 8471K->487K(9216K), 0.0410744 secs] 64622K->56638K(101464K), 0.0411364 secs] [Times: user=0.04 sys=0.00, real=0.05 secs] 
Heap after GC invocations=845 (full 74):
 par new generation   total 9216K, used 487K [0x00000000e3400000, 0x00000000e3e00000, 0x00000000ecca0000)
  eden space 8192K,   0% used [0x00000000e3400000, 0x00000000e3400000, 0x00000000e3c00000)
  from space 1024K,  47% used [0x00000000e3d00000, 0x00000000e3d79c50, 0x00000000e3e00000)
  to   space 1024K,   0% used [0x00000000e3c00000, 0x00000000e3c00000, 0x00000000e3d00000)
 concurrent mark-sweep generation total 92248K, used 56151K [0x00000000ecca0000, 0x00000000f26b6000, 0x0000000100000000)
 Metaspace       used 66422K, capacity 69496K, committed 69888K, reserved 1110016K
  class space    used 8475K, capacity 9088K, committed 9216K, reserved 1048576K
}
2020-11-07T19:58:59.065+0800: 65.742: [CMS-concurrent-mark: 0.335/0.569 secs] [Times: user=0.55 sys=0.00, real=0.57 secs] 
2020-11-07T19:58:59.065+0800: 65.742: [CMS-concurrent-preclean-start]
2020-11-07T19:58:59.089+0800: 65.766: [CMS-concurrent-preclean: 0.024/0.024 secs] [Times: user=0.03 sys=0.00, real=0.02 secs] 
2020-11-07T19:58:59.089+0800: 65.766: [CMS-concurrent-abortable-preclean-start]
2020-11-07T19:58:59.107+0800: 65.784: Application time: 0.1222966 seconds
{Heap before GC invocations=845 (full 74):
 par new generation   total 9216K, used 8679K [0x00000000e3400000, 0x00000000e3e00000, 0x00000000ecca0000)
  eden space 8192K, 100% used [0x00000000e3400000, 0x00000000e3c00000, 0x00000000e3c00000)
  from space 1024K,  47% used [0x00000000e3d00000, 0x00000000e3d79c50, 0x00000000e3e00000)
  to   space 1024K,   0% used [0x00000000e3c00000, 0x00000000e3c00000, 0x00000000e3d00000)
 concurrent mark-sweep generation total 92248K, used 56151K [0x00000000ecca0000, 0x00000000f26b6000, 0x0000000100000000)
 Metaspace       used 66462K, capacity 69500K, committed 69888K, reserved 1110016K
  class space    used 8480K, capacity 9090K, committed 9216K, reserved 1048576K
2020-11-07T19:58:59.107+0800: 65.784: [GC (Allocation Failure) 2020-11-07T19:58:59.108+0800: 65.784: [ParNew: 8679K->708K(9216K), 0.0204419 secs] 64830K->56859K(101464K), 0.0205287 secs] [Times: user=0.02 sys=0.00, real=0.02 secs] 
Heap after GC invocations=846 (full 74):
 par new generation   total 9216K, used 708K [0x00000000e3400000, 0x00000000e3e00000, 0x00000000ecca0000)
  eden space 8192K,   0% used [0x00000000e3400000, 0x00000000e3400000, 0x00000000e3c00000)
  from space 1024K,  69% used [0x00000000e3c00000, 0x00000000e3cb1188, 0x00000000e3d00000)
  to   space 1024K,   0% used [0x00000000e3d00000, 0x00000000e3d00000, 0x00000000e3e00000)
 concurrent mark-sweep generation total 92248K, used 56151K [0x00000000ecca0000, 0x00000000f26b6000, 0x0000000100000000)
 Metaspace       used 66462K, capacity 69500K, committed 69888K, reserved 1110016K
  class space    used 8480K, capacity 9090K, committed 9216K, reserved 1048576K
}
2020-11-07T19:58:59.223+0800: 65.900: Application time: 0.0951612 seconds
{Heap before GC invocations=846 (full 74):
 par new generation   total 9216K, used 8900K [0x00000000e3400000, 0x00000000e3e00000, 0x00000000ecca0000)
  eden space 8192K, 100% used [0x00000000e3400000, 0x00000000e3c00000, 0x00000000e3c00000)
  from space 1024K,  69% used [0x00000000e3c00000, 0x00000000e3cb1188, 0x00000000e3d00000)
  to   space 1024K,   0% used [0x00000000e3d00000, 0x00000000e3d00000, 0x00000000e3e00000)
 concurrent mark-sweep generation total 92248K, used 56151K [0x00000000ecca0000, 0x00000000f26b6000, 0x0000000100000000)
 Metaspace       used 66502K, capacity 69578K, committed 69888K, reserved 1110016K
  class space    used 8483K, capacity 9091K, committed 9216K, reserved 1048576K
2020-11-07T19:58:59.224+0800: 65.900: [GC (Allocation Failure) 2020-11-07T19:58:59.224+0800: 65.900: [ParNew2020-11-07T19:58:59.234+0800: 65.911: [CMS-concurrent-abortable-preclean: 0.018/0.145 secs] [Times: user=0.13 sys=0.00, real=0.15 secs] 
: 8900K->1001K(9216K), 0.0462518 secs] 65051K->57343K(101464K), 0.0463339 secs] [Times: user=0.05 sys=0.01, real=0.05 secs] 
Heap after GC invocations=847 (full 74):
 par new generation   total 9216K, used 1001K [0x00000000e3400000, 0x00000000e3e00000, 0x00000000ecca0000)
  eden space 8192K,   0% used [0x00000000e3400000, 0x00000000e3400000, 0x00000000e3c00000)
  from space 1024K,  97% used [0x00000000e3d00000, 0x00000000e3dfa490, 0x00000000e3e00000)
  to   space 1024K,   0% used [0x00000000e3c00000, 0x00000000e3c00000, 0x00000000e3d00000)
 concurrent mark-sweep generation total 92248K, used 56342K [0x00000000ecca0000, 0x00000000f26b6000, 0x0000000100000000)
 Metaspace       used 66502K, capacity 69578K, committed 69888K, reserved 1110016K
  class space    used 8483K, capacity 9091K, committed 9216K, reserved 1048576K
}
2020-11-07T19:58:59.277+0800: 65.953: Application time: 0.0066786 seconds
2020-11-07T19:58:59.277+0800: 65.954: [GC (CMS Final Remark) [YG occupancy: 2987 K (9216 K)]2020-11-07T19:58:59.277+0800: 65.954: [Rescan (parallel) , 0.0534059 secs]2020-11-07T19:58:59.330+0800: 66.007: [weak refs processing, 0.0001449 secs]2020-11-07T19:58:59.330+0800: 66.007: [class unloading, 0.0329638 secs]2020-11-07T19:58:59.363+0800: 66.040: [scrub symbol table, 0.0528254 secs]2020-11-07T19:58:59.416+0800: 66.093: [scrub string table, 0.0067200 secs][1 CMS-remark: 56342K(92248K)] 59329K(101464K), 0.1463115 secs] [Times: user=0.14 sys=0.00, real=0.14 secs] 
2020-11-07T19:58:59.431+0800: 66.108: [CMS-concurrent-sweep-start]
2020-11-07T19:58:59.696+0800: 66.373: [CMS-concurrent-sweep: 0.265/0.265 secs] [Times: user=0.25 sys=0.00, real=0.27 secs] 
2020-11-07T19:58:59.696+0800: 66.373: [CMS-concurrent-reset-start]
2020-11-07T19:58:59.698+0800: 66.375: [CMS-concurrent-reset: 0.002/0.002 secs] [Times: user=0.00 sys=0.00, real=0.00 secs] 
2020-11-07T19:58:59.918+0800: 66.595: Application time: 0.4952660 seconds
2020-11-07T19:58:59.927+0800: 66.603: Application time: 0.0078023 seconds
{Heap before GC invocations=847 (full 74):
 par new generation   total 9216K, used 9193K [0x00000000e3400000, 0x00000000e3e00000, 0x00000000ecca0000)
  eden space 8192K, 100% used [0x00000000e3400000, 0x00000000e3c00000, 0x00000000e3c00000)
  from space 1024K,  97% used [0x00000000e3d00000, 0x00000000e3dfa490, 0x00000000e3e00000)
  to   space 1024K,   0% used [0x00000000e3c00000, 0x00000000e3c00000, 0x00000000e3d00000)
 concurrent mark-sweep generation total 92736K, used 55640K [0x00000000ecca0000, 0x00000000f2730000, 0x0000000100000000)
 Metaspace       used 66531K, capacity 69572K, committed 69888K, reserved 1110016K
  class space    used 8484K, capacity 9090K, committed 9216K, reserved 1048576K
2020-11-07T19:58:59.927+0800: 66.603: [GC (Allocation Failure) 2020-11-07T19:58:59.927+0800: 66.604: [ParNew: 9193K->1024K(9216K), 0.0447019 secs] 64833K->56938K(101952K), 0.0447787 secs] [Times: user=0.04 sys=0.00, real=0.04 secs] 
Heap after GC invocations=848 (full 74):
 par new generation   total 9216K, used 1024K [0x00000000e3400000, 0x00000000e3e00000, 0x00000000ecca0000)
  eden space 8192K,   0% used [0x00000000e3400000, 0x00000000e3400000, 0x00000000e3c00000)
  from space 1024K, 100% used [0x00000000e3c00000, 0x00000000e3d00000, 0x00000000e3d00000)
  to   space 1024K,   0% used [0x00000000e3d00000, 0x00000000e3d00000, 0x00000000e3e00000)
 concurrent mark-sweep generation total 92736K, used 55914K [0x00000000ecca0000, 0x00000000f2730000, 0x0000000100000000)
 Metaspace       used 66531K, capacity 69572K, committed 69888K, reserved 1110016K
  class space    used 8484K, capacity 9090K, committed 9216K, reserved 1048576K
}
2020-11-07T19:58:59.978+0800: 66.655: Application time: 0.0065372 seconds
2020-11-07T19:58:59.979+0800: 66.655: [GC (CMS Initial Mark) [1 CMS-initial-mark: 55914K(92736K)] 59087K(101952K), 0.0076259 secs] [Times: user=0.01 sys=0.00, real=0.01 secs] 
2020-11-07T19:58:59.986+0800: 66.663: [CMS-concurrent-mark-start]
2020-11-07T19:59:00.087+0800: 66.763: Application time: 0.1002937 seconds
{Heap before GC invocations=848 (full 75):
 par new generation   total 9216K, used 9215K [0x00000000e3400000, 0x00000000e3e00000, 0x00000000ecca0000)
  eden space 8192K,  99% used [0x00000000e3400000, 0x00000000e3bfff90, 0x00000000e3c00000)
  from space 1024K, 100% used [0x00000000e3c00000, 0x00000000e3d00000, 0x00000000e3d00000)
  to   space 1024K,   0% used [0x00000000e3d00000, 0x00000000e3d00000, 0x00000000e3e00000)
 concurrent mark-sweep generation total 92736K, used 55914K [0x00000000ecca0000, 0x00000000f2730000, 0x0000000100000000)
 Metaspace       used 66615K, capacity 69732K, committed 69888K, reserved 1110016K
  class space    used 8493K, capacity 9106K, committed 9216K, reserved 1048576K
2020-11-07T19:59:00.087+0800: 66.764: [GC (Allocation Failure) 2020-11-07T19:59:00.087+0800: 66.764: [ParNew: 9215K->661K(9216K), 0.0419800 secs] 65130K->57484K(101952K), 0.0420620 secs] [Times: user=0.04 sys=0.00, real=0.04 secs] 
Heap after GC invocations=849 (full 75):
 par new generation   total 9216K, used 661K [0x00000000e3400000, 0x00000000e3e00000, 0x00000000ecca0000)
  eden space 8192K,   0% used [0x00000000e3400000, 0x00000000e3400000, 0x00000000e3c00000)
  from space 1024K,  64% used [0x00000000e3d00000, 0x00000000e3da5528, 0x00000000e3e00000)
  to   space 1024K,   0% used [0x00000000e3c00000, 0x00000000e3c00000, 0x00000000e3d00000)
 concurrent mark-sweep generation total 92736K, used 56823K [0x00000000ecca0000, 0x00000000f2730000, 0x0000000100000000)
 Metaspace       used 66615K, capacity 69732K, committed 69888K, reserved 1110016K
  class space    used 8493K, capacity 9106K, committed 9216K, reserved 1048576K
}
2020-11-07T19:59:00.335+0800: 67.012: Application time: 0.2057563 seconds
{Heap before GC invocations=849 (full 75):
 par new generation   total 9216K, used 8853K [0x00000000e3400000, 0x00000000e3e00000, 0x00000000ecca0000)
  eden space 8192K, 100% used [0x00000000e3400000, 0x00000000e3c00000, 0x00000000e3c00000)
  from space 1024K,  64% used [0x00000000e3d00000, 0x00000000e3da5528, 0x00000000e3e00000)
  to   space 1024K,   0% used [0x00000000e3c00000, 0x00000000e3c00000, 0x00000000e3d00000)
 concurrent mark-sweep generation total 92736K, used 56823K [0x00000000ecca0000, 0x00000000f2730000, 0x0000000100000000)
 Metaspace       used 66699K, capacity 69812K, committed 70144K, reserved 1110016K
  class space    used 8498K, capacity 9110K, committed 9216K, reserved 1048576K
2020-11-07T19:59:00.335+0800: 67.012: [GC (Allocation Failure) 2020-11-07T19:59:00.335+0800: 67.012: [ParNew: 8853K->668K(9216K), 0.0429892 secs] 65676K->57491K(101952K), 0.0430473 secs] [Times: user=0.04 sys=0.00, real=0.04 secs] 
Heap after GC invocations=850 (full 75):
 par new generation   total 9216K, used 668K [0x00000000e3400000, 0x00000000e3e00000, 0x00000000ecca0000)
  eden space 8192K,   0% used [0x00000000e3400000, 0x00000000e3400000, 0x00000000e3c00000)
  from space 1024K,  65% used [0x00000000e3c00000, 0x00000000e3ca7118, 0x00000000e3d00000)
  to   space 1024K,   0% used [0x00000000e3d00000, 0x00000000e3d00000, 0x00000000e3e00000)
 concurrent mark-sweep generation total 92736K, used 56823K [0x00000000ecca0000, 0x00000000f2730000, 0x0000000100000000)
 Metaspace       used 66699K, capacity 69812K, committed 70144K, reserved 1110016K
  class space    used 8498K, capacity 9110K, committed 9216K, reserved 1048576K
}
2020-11-07T19:59:00.416+0800: 67.093: Application time: 0.0381546 seconds
{Heap before GC invocations=850 (full 75):
 par new generation   total 9216K, used 8860K [0x00000000e3400000, 0x00000000e3e00000, 0x00000000ecca0000)
  eden space 8192K, 100% used [0x00000000e3400000, 0x00000000e3c00000, 0x00000000e3c00000)
  from space 1024K,  65% used [0x00000000e3c00000, 0x00000000e3ca7118, 0x00000000e3d00000)
  to   space 1024K,   0% used [0x00000000e3d00000, 0x00000000e3d00000, 0x00000000e3e00000)
 concurrent mark-sweep generation total 92736K, used 56823K [0x00000000ecca0000, 0x00000000f2730000, 0x0000000100000000)
 Metaspace       used 66730K, capacity 69818K, committed 70144K, reserved 1110016K
  class space    used 8499K, capacity 9111K, committed 9216K, reserved 1048576K
2020-11-07T19:59:00.417+0800: 67.093: [GC (Allocation Failure) 2020-11-07T19:59:00.417+0800: 67.093: [ParNew: 8860K->665K(9216K), 0.0261933 secs] 65683K->57610K(101952K), 0.0262615 secs] [Times: user=0.02 sys=0.00, real=0.02 secs] 
Heap after GC invocations=851 (full 75):
 par new generation   total 9216K, used 665K [0x00000000e3400000, 0x00000000e3e00000, 0x00000000ecca0000)
  eden space 8192K,   0% used [0x00000000e3400000, 0x00000000e3400000, 0x00000000e3c00000)
  from space 1024K,  64% used [0x00000000e3d00000, 0x00000000e3da6540, 0x00000000e3e00000)
  to   space 1024K,   0% used [0x00000000e3c00000, 0x00000000e3c00000, 0x00000000e3d00000)
 concurrent mark-sweep generation total 92736K, used 56945K [0x00000000ecca0000, 0x00000000f2730000, 0x0000000100000000)
 Metaspace       used 66730K, capacity 69818K, committed 70144K, reserved 1110016K
  class space    used 8499K, capacity 9111K, committed 9216K, reserved 1048576K
}
2020-11-07T19:59:00.502+0800: 67.179: Application time: 0.0589528 seconds
2020-11-07T19:59:00.505+0800: 67.182: Application time: 0.0030955 seconds
{Heap before GC invocations=851 (full 75):
 par new generation   total 9216K, used 8857K [0x00000000e3400000, 0x00000000e3e00000, 0x00000000ecca0000)
  eden space 8192K, 100% used [0x00000000e3400000, 0x00000000e3c00000, 0x00000000e3c00000)
  from space 1024K,  64% used [0x00000000e3d00000, 0x00000000e3da6540, 0x00000000e3e00000)
  to   space 1024K,   0% used [0x00000000e3c00000, 0x00000000e3c00000, 0x00000000e3d00000)
 concurrent mark-sweep generation total 92736K, used 56945K [0x00000000ecca0000, 0x00000000f2730000, 0x0000000100000000)
 Metaspace       used 66766K, capacity 69900K, committed 70144K, reserved 1110016K
  class space    used 8502K, capacity 9114K, committed 9216K, reserved 1048576K
2020-11-07T19:59:00.505+0800: 67.182: [GC (Allocation Failure) 2020-11-07T19:59:00.505+0800: 67.182: [ParNew: 8857K->609K(9216K), 0.0358533 secs] 65802K->57555K(101952K), 0.0359107 secs] [Times: user=0.03 sys=0.00, real=0.03 secs] 
Heap after GC invocations=852 (full 75):
 par new generation   total 9216K, used 609K [0x00000000e3400000, 0x00000000e3e00000, 0x00000000ecca0000)
  eden space 8192K,   0% used [0x00000000e3400000, 0x00000000e3400000, 0x00000000e3c00000)
  from space 1024K,  59% used [0x00000000e3c00000, 0x00000000e3c98690, 0x00000000e3d00000)
  to   space 1024K,   0% used [0x00000000e3d00000, 0x00000000e3d00000, 0x00000000e3e00000)
 concurrent mark-sweep generation total 92736K, used 56945K [0x00000000ecca0000, 0x00000000f2730000, 0x0000000100000000)
 Metaspace       used 66766K, capacity 69900K, committed 70144K, reserved 1110016K
  class space    used 8502K, capacity 9114K, committed 9216K, reserved 1048576K
}
2020-11-07T19:59:00.602+0800: 67.279: [CMS-concurrent-mark: 0.458/0.615 secs] [Times: user=0.55 sys=0.00, real=0.61 secs] 
2020-11-07T19:59:00.602+0800: 67.279: [CMS-concurrent-preclean-start]
2020-11-07T19:59:00.605+0800: 67.281: Application time: 0.0632986 seconds
{Heap before GC invocations=852 (full 75):
 par new generation   total 9216K, used 8801K [0x00000000e3400000, 0x00000000e3e00000, 0x00000000ecca0000)
  eden space 8192K, 100% used [0x00000000e3400000, 0x00000000e3c00000, 0x00000000e3c00000)
  from space 1024K,  59% used [0x00000000e3c00000, 0x00000000e3c98690, 0x00000000e3d00000)
  to   space 1024K,   0% used [0x00000000e3d00000, 0x00000000e3d00000, 0x00000000e3e00000)
 concurrent mark-sweep generation total 92736K, used 56945K [0x00000000ecca0000, 0x00000000f2730000, 0x0000000100000000)
 Metaspace       used 66788K, capacity 69900K, committed 70144K, reserved 1110016K
  class space    used 8504K, capacity 9114K, committed 9216K, reserved 1048576K
2020-11-07T19:59:00.605+0800: 67.281: [GC (Allocation Failure) 2020-11-07T19:59:00.605+0800: 67.282: [ParNew: 8801K->631K(9216K), 0.0233581 secs] 65747K->57576K(101952K), 0.0234427 secs] [Times: user=0.02 sys=0.00, real=0.02 secs] 
Heap after GC invocations=853 (full 75):
 par new generation   total 9216K, used 631K [0x00000000e3400000, 0x00000000e3e00000, 0x00000000ecca0000)
  eden space 8192K,   0% used [0x00000000e3400000, 0x00000000e3400000, 0x00000000e3c00000)
  from space 1024K,  61% used [0x00000000e3d00000, 0x00000000e3d9dc78, 0x00000000e3e00000)
  to   space 1024K,   0% used [0x00000000e3c00000, 0x00000000e3c00000, 0x00000000e3d00000)
 concurrent mark-sweep generation total 92736K, used 56945K [0x00000000ecca0000, 0x00000000f2730000, 0x0000000100000000)
 Metaspace       used 66788K, capacity 69900K, committed 70144K, reserved 1110016K
  class space    used 8504K, capacity 9114K, committed 9216K, reserved 1048576K
}
2020-11-07T19:59:00.634+0800: 67.310: [CMS-concurrent-preclean: 0.007/0.032 secs] [Times: user=0.03 sys=0.00, real=0.03 secs] 
2020-11-07T19:59:00.646+0800: 67.322: Application time: 0.0172662 seconds
2020-11-07T19:59:00.646+0800: 67.322: [GC (CMS Final Remark) [YG occupancy: 3928 K (9216 K)]2020-11-07T19:59:00.646+0800: 67.322: [Rescan (parallel) , 0.0243527 secs]2020-11-07T19:59:00.670+0800: 67.347: [weak refs processing, 0.0001232 secs]2020-11-07T19:59:00.670+0800: 67.347: [class unloading, 0.0216536 secs]2020-11-07T19:59:00.692+0800: 67.369: [scrub symbol table, 0.0248362 secs]2020-11-07T19:59:00.717+0800: 67.393: [scrub string table, 0.0014971 secs][1 CMS-remark: 56945K(92736K)] 60874K(101952K), 0.0726750 secs] [Times: user=0.07 sys=0.00, real=0.07 secs] 
2020-11-07T19:59:00.731+0800: 67.408: [CMS-concurrent-sweep-start]
2020-11-07T19:59:00.773+0800: 67.449: Application time: 0.0542312 seconds
{Heap before GC invocations=853 (full 75):
 par new generation   total 9216K, used 8823K [0x00000000e3400000, 0x00000000e3e00000, 0x00000000ecca0000)
  eden space 8192K, 100% used [0x00000000e3400000, 0x00000000e3c00000, 0x00000000e3c00000)
  from space 1024K,  61% used [0x00000000e3d00000, 0x00000000e3d9dc78, 0x00000000e3e00000)
  to   space 1024K,   0% used [0x00000000e3c00000, 0x00000000e3c00000, 0x00000000e3d00000)
 concurrent mark-sweep generation total 92736K, used 56929K [0x00000000ecca0000, 0x00000000f2730000, 0x0000000100000000)
 Metaspace       used 66827K, capacity 69900K, committed 70144K, reserved 1110016K
  class space    used 8508K, capacity 9114K, committed 9216K, reserved 1048576K
2020-11-07T19:59:00.773+0800: 67.450: [GC (Allocation Failure) 2020-11-07T19:59:00.773+0800: 67.450: [ParNew: 8823K->615K(9216K), 0.0459167 secs] 65752K->57884K(101952K), 0.0460016 secs] [Times: user=0.04 sys=0.00, real=0.05 secs] 
Heap after GC invocations=854 (full 75):
 par new generation   total 9216K, used 615K [0x00000000e3400000, 0x00000000e3e00000, 0x00000000ecca0000)
  eden space 8192K,   0% used [0x00000000e3400000, 0x00000000e3400000, 0x00000000e3c00000)
  from space 1024K,  60% used [0x00000000e3c00000, 0x00000000e3c99de0, 0x00000000e3d00000)
  to   space 1024K,   0% used [0x00000000e3d00000, 0x00000000e3d00000, 0x00000000e3e00000)
 concurrent mark-sweep generation total 92736K, used 57269K [0x00000000ecca0000, 0x00000000f2730000, 0x0000000100000000)
 Metaspace       used 66827K, capacity 69900K, committed 70144K, reserved 1110016K
  class space    used 8508K, capacity 9114K, committed 9216K, reserved 1048576K
}
2020-11-07T19:59:00.850+0800: 67.527: [CMS-concurrent-sweep: 0.072/0.119 secs] [Times: user=0.11 sys=0.01, real=0.12 secs] 
2020-11-07T19:59:00.850+0800: 67.527: [CMS-concurrent-reset-start]
2020-11-07T19:59:00.862+0800: 67.539: [CMS-concurrent-reset: 0.012/0.012 secs] [Times: user=0.01 sys=0.00, real=0.01 secs] 
2020-11-07T19:59:00.883+0800: 67.559: Application time: 0.0638247 seconds
{Heap before GC invocations=854 (full 75):
 par new generation   total 9216K, used 8807K [0x00000000e3400000, 0x00000000e3e00000, 0x00000000ecca0000)
  eden space 8192K, 100% used [0x00000000e3400000, 0x00000000e3c00000, 0x00000000e3c00000)
  from space 1024K,  60% used [0x00000000e3c00000, 0x00000000e3c99de0, 0x00000000e3d00000)
  to   space 1024K,   0% used [0x00000000e3d00000, 0x00000000e3d00000, 0x00000000e3e00000)
 concurrent mark-sweep generation total 95336K, used 57200K [0x00000000ecca0000, 0x00000000f29ba000, 0x0000000100000000)
 Metaspace       used 66888K, capacity 70058K, committed 70400K, reserved 1110016K
  class space    used 8514K, capacity 9119K, committed 9216K, reserved 1048576K
2020-11-07T19:59:00.883+0800: 67.560: [GC (Allocation Failure) 2020-11-07T19:59:00.883+0800: 67.560: [ParNew: 8807K->667K(9216K), 0.0431351 secs] 66007K->57867K(104552K), 0.0432112 secs] [Times: user=0.04 sys=0.00, real=0.05 secs] 
Heap after GC invocations=855 (full 75):
 par new generation   total 9216K, used 667K [0x00000000e3400000, 0x00000000e3e00000, 0x00000000ecca0000)
  eden space 8192K,   0% used [0x00000000e3400000, 0x00000000e3400000, 0x00000000e3c00000)
  from space 1024K,  65% used [0x00000000e3d00000, 0x00000000e3da6d68, 0x00000000e3e00000)
  to   space 1024K,   0% used [0x00000000e3c00000, 0x00000000e3c00000, 0x00000000e3d00000)
 concurrent mark-sweep generation total 95336K, used 57200K [0x00000000ecca0000, 0x00000000f29ba000, 0x0000000100000000)
 Metaspace       used 66888K, capacity 70058K, committed 70400K, reserved 1110016K
  class space    used 8514K, capacity 9119K, committed 9216K, reserved 1048576K
}
2020-11-07T19:59:00.975+0800: 67.652: Application time: 0.0486614 seconds
{Heap before GC invocations=855 (full 75):
 par new generation   total 9216K, used 8859K [0x00000000e3400000, 0x00000000e3e00000, 0x00000000ecca0000)
  eden space 8192K, 100% used [0x00000000e3400000, 0x00000000e3c00000, 0x00000000e3c00000)
  from space 1024K,  65% used [0x00000000e3d00000, 0x00000000e3da6d68, 0x00000000e3e00000)
  to   space 1024K,   0% used [0x00000000e3c00000, 0x00000000e3c00000, 0x00000000e3d00000)
 concurrent mark-sweep generation total 95336K, used 57200K [0x00000000ecca0000, 0x00000000f29ba000, 0x0000000100000000)
 Metaspace       used 66966K, capacity 70208K, committed 70400K, reserved 1110016K
  class space    used 8523K, capacity 9160K, committed 9216K, reserved 1048576K
2020-11-07T19:59:00.975+0800: 67.652: [GC (Allocation Failure) 2020-11-07T19:59:00.975+0800: 67.652: [ParNew: 8859K->650K(9216K), 0.0318557 secs] 66059K->57937K(104552K), 0.0319308 secs] [Times: user=0.03 sys=0.00, real=0.03 secs] 
Heap after GC invocations=856 (full 75):
 par new generation   total 9216K, used 650K [0x00000000e3400000, 0x00000000e3e00000, 0x00000000ecca0000)
  eden space 8192K,   0% used [0x00000000e3400000, 0x00000000e3400000, 0x00000000e3c00000)
  from space 1024K,  63% used [0x00000000e3c00000, 0x00000000e3ca2a60, 0x00000000e3d00000)
  to   space 1024K,   0% used [0x00000000e3d00000, 0x00000000e3d00000, 0x00000000e3e00000)
 concurrent mark-sweep generation total 95336K, used 57286K [0x00000000ecca0000, 0x00000000f29ba000, 0x0000000100000000)
 Metaspace       used 66966K, capacity 70208K, committed 70400K, reserved 1110016K
  class space    used 8523K, capacity 9160K, committed 9216K, reserved 1048576K
}
2020-11-07T19:59:01.017+0800: 67.694: Application time: 0.0098316 seconds
2020-11-07T19:59:01.018+0800: 67.694: [GC (CMS Initial Mark) [1 CMS-initial-mark: 57286K(95336K)] 60415K(104552K), 0.0058333 secs] [Times: user=0.01 sys=0.00, real=0.00 secs] 
2020-11-07T19:59:01.028+0800: 67.705: [CMS-concurrent-mark-start]
2020-11-07T19:59:01.079+0800: 67.756: Application time: 0.0555561 seconds
{Heap before GC invocations=856 (full 76):
 par new generation   total 9216K, used 8842K [0x00000000e3400000, 0x00000000e3e00000, 0x00000000ecca0000)
  eden space 8192K, 100% used [0x00000000e3400000, 0x00000000e3c00000, 0x00000000e3c00000)
  from space 1024K,  63% used [0x00000000e3c00000, 0x00000000e3ca2a60, 0x00000000e3d00000)
  to   space 1024K,   0% used [0x00000000e3d00000, 0x00000000e3d00000, 0x00000000e3e00000)
 concurrent mark-sweep generation total 95336K, used 57286K [0x00000000ecca0000, 0x00000000f29ba000, 0x0000000100000000)
 Metaspace       used 67011K, capacity 70214K, committed 70400K, reserved 1110016K
  class space    used 8526K, capacity 9161K, committed 9216K, reserved 1048576K
2020-11-07T19:59:01.079+0800: 67.756: [GC (Allocation Failure) 2020-11-07T19:59:01.079+0800: 67.756: [ParNew: 8842K->654K(9216K), 0.0381884 secs] 66129K->57996K(104552K), 0.0382907 secs] [Times: user=0.03 sys=0.00, real=0.04 secs] 
Heap after GC invocations=857 (full 76):
 par new generation   total 9216K, used 654K [0x00000000e3400000, 0x00000000e3e00000, 0x00000000ecca0000)
  eden space 8192K,   0% used [0x00000000e3400000, 0x00000000e3400000, 0x00000000e3c00000)
  from space 1024K,  63% used [0x00000000e3d00000, 0x00000000e3da3a30, 0x00000000e3e00000)
  to   space 1024K,   0% used [0x00000000e3c00000, 0x00000000e3c00000, 0x00000000e3d00000)
 concurrent mark-sweep generation total 95336K, used 57341K [0x00000000ecca0000, 0x00000000f29ba000, 0x0000000100000000)
 Metaspace       used 67011K, capacity 70214K, committed 70400K, reserved 1110016K
  class space    used 8526K, capacity 9161K, committed 9216K, reserved 1048576K
}
2020-11-07T19:59:01.169+0800: 67.846: Application time: 0.0513876 seconds
{Heap before GC invocations=857 (full 76):
 par new generation   total 9216K, used 8846K [0x00000000e3400000, 0x00000000e3e00000, 0x00000000ecca0000)
  eden space 8192K, 100% used [0x00000000e3400000, 0x00000000e3c00000, 0x00000000e3c00000)
  from space 1024K,  63% used [0x00000000e3d00000, 0x00000000e3da3a30, 0x00000000e3e00000)
  to   space 1024K,   0% used [0x00000000e3c00000, 0x00000000e3c00000, 0x00000000e3d00000)
 concurrent mark-sweep generation total 95336K, used 57341K [0x00000000ecca0000, 0x00000000f29ba000, 0x0000000100000000)
 Metaspace       used 67022K, capacity 70278K, committed 70400K, reserved 1110016K
  class space    used 8527K, capacity 9161K, committed 9216K, reserved 1048576K
2020-11-07T19:59:01.169+0800: 67.846: [GC (Allocation Failure) 2020-11-07T19:59:01.169+0800: 67.846: [ParNew: 8846K->668K(9216K), 0.0381155 secs] 66188K->58127K(104552K), 0.0381710 secs] [Times: user=0.04 sys=0.00, real=0.04 secs] 
Heap after GC invocations=858 (full 76):
 par new generation   total 9216K, used 668K [0x00000000e3400000, 0x00000000e3e00000, 0x00000000ecca0000)
  eden space 8192K,   0% used [0x00000000e3400000, 0x00000000e3400000, 0x00000000e3c00000)
  from space 1024K,  65% used [0x00000000e3c00000, 0x00000000e3ca72c0, 0x00000000e3d00000)
  to   space 1024K,   0% used [0x00000000e3d00000, 0x00000000e3d00000, 0x00000000e3e00000)
 concurrent mark-sweep generation total 95336K, used 57458K [0x00000000ecca0000, 0x00000000f29ba000, 0x0000000100000000)
 Metaspace       used 67022K, capacity 70278K, committed 70400K, reserved 1110016K
  class space    used 8527K, capacity 9161K, committed 9216K, reserved 1048576K
}
2020-11-07T19:59:01.254+0800: 67.931: Application time: 0.0469170 seconds
{Heap before GC invocations=858 (full 76):
 par new generation   total 9216K, used 8860K [0x00000000e3400000, 0x00000000e3e00000, 0x00000000ecca0000)
  eden space 8192K, 100% used [0x00000000e3400000, 0x00000000e3c00000, 0x00000000e3c00000)
  from space 1024K,  65% used [0x00000000e3c00000, 0x00000000e3ca72c0, 0x00000000e3d00000)
  to   space 1024K,   0% used [0x00000000e3d00000, 0x00000000e3d00000, 0x00000000e3e00000)
 concurrent mark-sweep generation total 95336K, used 57458K [0x00000000ecca0000, 0x00000000f29ba000, 0x0000000100000000)
 Metaspace       used 67080K, capacity 70278K, committed 70400K, reserved 1110016K
  class space    used 8535K, capacity 9161K, committed 9216K, reserved 1048576K
2020-11-07T19:59:01.255+0800: 67.931: [GC (Allocation Failure) 2020-11-07T19:59:01.255+0800: 67.931: [ParNew: 8860K->765K(9216K), 0.0235411 secs] 66319K->58223K(104552K), 0.0236144 secs] [Times: user=0.02 sys=0.00, real=0.02 secs] 
Heap after GC invocations=859 (full 76):
 par new generation   total 9216K, used 765K [0x00000000e3400000, 0x00000000e3e00000, 0x00000000ecca0000)
  eden space 8192K,   0% used [0x00000000e3400000, 0x00000000e3400000, 0x00000000e3c00000)
  from space 1024K,  74% used [0x00000000e3d00000, 0x00000000e3dbf610, 0x00000000e3e00000)
  to   space 1024K,   0% used [0x00000000e3c00000, 0x00000000e3c00000, 0x00000000e3d00000)
 concurrent mark-sweep generation total 95336K, used 57458K [0x00000000ecca0000, 0x00000000f29ba000, 0x0000000100000000)
 Metaspace       used 67080K, capacity 70278K, committed 70400K, reserved 1110016K
  class space    used 8535K, capacity 9161K, committed 9216K, reserved 1048576K
}
2020-11-07T19:59:01.309+0800: 67.986: Application time: 0.0311048 seconds
{Heap before GC invocations=859 (full 76):
 par new generation   total 9216K, used 8957K [0x00000000e3400000, 0x00000000e3e00000, 0x00000000ecca0000)
  eden space 8192K, 100% used [0x00000000e3400000, 0x00000000e3c00000, 0x00000000e3c00000)
  from space 1024K,  74% used [0x00000000e3d00000, 0x00000000e3dbf610, 0x00000000e3e00000)
  to   space 1024K,   0% used [0x00000000e3c00000, 0x00000000e3c00000, 0x00000000e3d00000)
 concurrent mark-sweep generation total 95336K, used 57458K [0x00000000ecca0000, 0x00000000f29ba000, 0x0000000100000000)
 Metaspace       used 67084K, capacity 70278K, committed 70400K, reserved 1110016K
  class space    used 8536K, capacity 9161K, committed 9216K, reserved 1048576K
2020-11-07T19:59:01.310+0800: 67.986: [GC (Allocation Failure) 2020-11-07T19:59:01.310+0800: 67.986: [ParNew: 8957K->655K(9216K), 0.0295449 secs] 66415K->58207K(104552K), 0.0296067 secs] [Times: user=0.02 sys=0.00, real=0.03 secs] 
Heap after GC invocations=860 (full 76):
 par new generation   total 9216K, used 655K [0x00000000e3400000, 0x00000000e3e00000, 0x00000000ecca0000)
  eden space 8192K,   0% used [0x00000000e3400000, 0x00000000e3400000, 0x00000000e3c00000)
  from space 1024K,  63% used [0x00000000e3c00000, 0x00000000e3ca3c70, 0x00000000e3d00000)
  to   space 1024K,   0% used [0x00000000e3d00000, 0x00000000e3d00000, 0x00000000e3e00000)
 concurrent mark-sweep generation total 95336K, used 57552K [0x00000000ecca0000, 0x00000000f29ba000, 0x0000000100000000)
 Metaspace       used 67084K, capacity 70278K, committed 70400K, reserved 1110016K
  class space    used 8536K, capacity 9161K, committed 9216K, reserved 1048576K
}
2020-11-07T19:59:01.365+0800: 68.042: Application time: 0.0259908 seconds
{Heap before GC invocations=860 (full 76):
 par new generation   total 9216K, used 8847K [0x00000000e3400000, 0x00000000e3e00000, 0x00000000ecca0000)
  eden space 8192K, 100% used [0x00000000e3400000, 0x00000000e3c00000, 0x00000000e3c00000)
  from space 1024K,  63% used [0x00000000e3c00000, 0x00000000e3ca3c70, 0x00000000e3d00000)
  to   space 1024K,   0% used [0x00000000e3d00000, 0x00000000e3d00000, 0x00000000e3e00000)
 concurrent mark-sweep generation total 95336K, used 57552K [0x00000000ecca0000, 0x00000000f29ba000, 0x0000000100000000)
 Metaspace       used 67084K, capacity 70278K, committed 70400K, reserved 1110016K
  class space    used 8536K, capacity 9161K, committed 9216K, reserved 1048576K
2020-11-07T19:59:01.366+0800: 68.042: [GC (Allocation Failure) 2020-11-07T19:59:01.366+0800: 68.042: [ParNew: 8847K->593K(9216K), 0.0286278 secs] 66399K->58146K(104552K), 0.0286976 secs] [Times: user=0.03 sys=0.00, real=0.02 secs] 
Heap after GC invocations=861 (full 76):
 par new generation   total 9216K, used 593K [0x00000000e3400000, 0x00000000e3e00000, 0x00000000ecca0000)
  eden space 8192K,   0% used [0x00000000e3400000, 0x00000000e3400000, 0x00000000e3c00000)
  from space 1024K,  58% used [0x00000000e3d00000, 0x00000000e3d947f0, 0x00000000e3e00000)
  to   space 1024K,   0% used [0x00000000e3c00000, 0x00000000e3c00000, 0x00000000e3d00000)
 concurrent mark-sweep generation total 95336K, used 57552K [0x00000000ecca0000, 0x00000000f29ba000, 0x0000000100000000)
 Metaspace       used 67084K, capacity 70278K, committed 70400K, reserved 1110016K
  class space    used 8536K, capacity 9161K, committed 9216K, reserved 1048576K
}
2020-11-07T19:59:01.673+0800: 68.350: Application time: 0.2786374 seconds
{Heap before GC invocations=861 (full 76):
 par new generation   total 9216K, used 8785K [0x00000000e3400000, 0x00000000e3e00000, 0x00000000ecca0000)
  eden space 8192K, 100% used [0x00000000e3400000, 0x00000000e3c00000, 0x00000000e3c00000)
  from space 1024K,  58% used [0x00000000e3d00000, 0x00000000e3d947f0, 0x00000000e3e00000)
  to   space 1024K,   0% used [0x00000000e3c00000, 0x00000000e3c00000, 0x00000000e3d00000)
 concurrent mark-sweep generation total 95336K, used 57552K [0x00000000ecca0000, 0x00000000f29ba000, 0x0000000100000000)
 Metaspace       used 67206K, capacity 70414K, committed 70656K, reserved 1110016K
  class space    used 8548K, capacity 9161K, committed 9216K, reserved 1048576K
2020-11-07T19:59:01.673+0800: 68.350: [GC (Allocation Failure) 2020-11-07T19:59:01.673+0800: 68.350: [ParNew: 8785K->754K(9216K), 0.0246893 secs] 66338K->58420K(104552K), 0.0247483 secs] [Times: user=0.02 sys=0.00, real=0.03 secs] 
Heap after GC invocations=862 (full 76):
 par new generation   total 9216K, used 754K [0x00000000e3400000, 0x00000000e3e00000, 0x00000000ecca0000)
  eden space 8192K,   0% used [0x00000000e3400000, 0x00000000e3400000, 0x00000000e3c00000)
  from space 1024K,  73% used [0x00000000e3c00000, 0x00000000e3cbc938, 0x00000000e3d00000)
  to   space 1024K,   0% used [0x00000000e3d00000, 0x00000000e3d00000, 0x00000000e3e00000)
 concurrent mark-sweep generation total 95336K, used 57665K [0x00000000ecca0000, 0x00000000f29ba000, 0x0000000100000000)
 Metaspace       used 67206K, capacity 70414K, committed 70656K, reserved 1110016K
  class space    used 8548K, capacity 9161K, committed 9216K, reserved 1048576K
}
2020-11-07T19:59:01.737+0800: 68.414: Application time: 0.0391278 seconds
2020-11-07T19:59:01.788+0800: 68.465: Application time: 0.0493725 seconds
{Heap before GC invocations=862 (full 76):
 par new generation   total 9216K, used 8946K [0x00000000e3400000, 0x00000000e3e00000, 0x00000000ecca0000)
  eden space 8192K, 100% used [0x00000000e3400000, 0x00000000e3c00000, 0x00000000e3c00000)
  from space 1024K,  73% used [0x00000000e3c00000, 0x00000000e3cbc938, 0x00000000e3d00000)
  to   space 1024K,   0% used [0x00000000e3d00000, 0x00000000e3d00000, 0x00000000e3e00000)
 concurrent mark-sweep generation total 95336K, used 57665K [0x00000000ecca0000, 0x00000000f29ba000, 0x0000000100000000)
 Metaspace       used 67472K, capacity 70706K, committed 70912K, reserved 1112064K
  class space    used 8581K, capacity 9195K, committed 9216K, reserved 1048576K
2020-11-07T19:59:01.788+0800: 68.465: [GC (Allocation Failure) 2020-11-07T19:59:01.788+0800: 68.465: [ParNew: 8946K->791K(9216K), 0.0127221 secs] 66612K->58555K(104552K), 0.0127788 secs] [Times: user=0.01 sys=0.00, real=0.01 secs] 
Heap after GC invocations=863 (full 76):
 par new generation   total 9216K, used 791K [0x00000000e3400000, 0x00000000e3e00000, 0x00000000ecca0000)
  eden space 8192K,   0% used [0x00000000e3400000, 0x00000000e3400000, 0x00000000e3c00000)
  from space 1024K,  77% used [0x00000000e3d00000, 0x00000000e3dc5d08, 0x00000000e3e00000)
  to   space 1024K,   0% used [0x00000000e3c00000, 0x00000000e3c00000, 0x00000000e3d00000)
 concurrent mark-sweep generation total 95336K, used 57763K [0x00000000ecca0000, 0x00000000f29ba000, 0x0000000100000000)
 Metaspace       used 67472K, capacity 70706K, committed 70912K, reserved 1112064K
  class space    used 8581K, capacity 9195K, committed 9216K, reserved 1048576K
}
2020-11-07T19:59:01.823+0800: 68.500: [CMS-concurrent-mark: 0.562/0.795 secs] [Times: user=0.74 sys=0.01, real=0.79 secs] 
2020-11-07T19:59:01.823+0800: 68.500: [CMS-concurrent-preclean-start]
2020-11-07T19:59:01.834+0800: 68.511: [CMS-concurrent-preclean: 0.011/0.011 secs] [Times: user=0.01 sys=0.00, real=0.01 secs] 
2020-11-07T19:59:01.834+0800: 68.511: [CMS-concurrent-abortable-preclean-start]
2020-11-07T19:59:01.844+0800: 68.521: Application time: 0.0434560 seconds
{Heap before GC invocations=863 (full 76):
 par new generation   total 9216K, used 8983K [0x00000000e3400000, 0x00000000e3e00000, 0x00000000ecca0000)
  eden space 8192K, 100% used [0x00000000e3400000, 0x00000000e3c00000, 0x00000000e3c00000)
  from space 1024K,  77% used [0x00000000e3d00000, 0x00000000e3dc5d08, 0x00000000e3e00000)
  to   space 1024K,   0% used [0x00000000e3c00000, 0x00000000e3c00000, 0x00000000e3d00000)
 concurrent mark-sweep generation total 95336K, used 57763K [0x00000000ecca0000, 0x00000000f29ba000, 0x0000000100000000)
 Metaspace       used 67490K, capacity 70706K, committed 70912K, reserved 1112064K
  class space    used 8584K, capacity 9195K, committed 9216K, reserved 1048576K
2020-11-07T19:59:01.844+0800: 68.521: [GC (Allocation Failure) 2020-11-07T19:59:01.845+0800: 68.521: [ParNew: 8983K->313K(9216K), 0.0093017 secs] 66747K->58233K(104552K), 0.0093877 secs] [Times: user=0.01 sys=0.00, real=0.00 secs] 
Heap after GC invocations=864 (full 76):
 par new generation   total 9216K, used 313K [0x00000000e3400000, 0x00000000e3e00000, 0x00000000ecca0000)
  eden space 8192K,   0% used [0x00000000e3400000, 0x00000000e3400000, 0x00000000e3c00000)
  from space 1024K,  30% used [0x00000000e3c00000, 0x00000000e3c4e430, 0x00000000e3d00000)
  to   space 1024K,   0% used [0x00000000e3d00000, 0x00000000e3d00000, 0x00000000e3e00000)
 concurrent mark-sweep generation total 95336K, used 57920K [0x00000000ecca0000, 0x00000000f29ba000, 0x0000000100000000)
 Metaspace       used 67490K, capacity 70706K, committed 70912K, reserved 1112064K
  class space    used 8584K, capacity 9195K, committed 9216K, reserved 1048576K
}
2020-11-07T19:59:01.873+0800: 68.549: Application time: 0.0185763 seconds
{Heap before GC invocations=864 (full 76):
 par new generation   total 9216K, used 8505K [0x00000000e3400000, 0x00000000e3e00000, 0x00000000ecca0000)
  eden space 8192K, 100% used [0x00000000e3400000, 0x00000000e3c00000, 0x00000000e3c00000)
  from space 1024K,  30% used [0x00000000e3c00000, 0x00000000e3c4e430, 0x00000000e3d00000)
  to   space 1024K,   0% used [0x00000000e3d00000, 0x00000000e3d00000, 0x00000000e3e00000)
 concurrent mark-sweep generation total 95336K, used 57920K [0x00000000ecca0000, 0x00000000f29ba000, 0x0000000100000000)
 Metaspace       used 67500K, capacity 70706K, committed 70912K, reserved 1112064K
  class space    used 8586K, capacity 9195K, committed 9216K, reserved 1048576K
2020-11-07T19:59:01.873+0800: 68.549: [GC (Allocation Failure) 2020-11-07T19:59:01.873+0800: 68.549: [ParNew: 8505K->483K(9216K), 0.0205581 secs] 66425K->58404K(104552K), 0.0206155 secs] [Times: user=0.02 sys=0.00, real=0.02 secs] 
Heap after GC invocations=865 (full 76):
 par new generation   total 9216K, used 483K [0x00000000e3400000, 0x00000000e3e00000, 0x00000000ecca0000)
  eden space 8192K,   0% used [0x00000000e3400000, 0x00000000e3400000, 0x00000000e3c00000)
  from space 1024K,  47% used [0x00000000e3d00000, 0x00000000e3d78ed8, 0x00000000e3e00000)
  to   space 1024K,   0% used [0x00000000e3c00000, 0x00000000e3c00000, 0x00000000e3d00000)
 concurrent mark-sweep generation total 95336K, used 57920K [0x00000000ecca0000, 0x00000000f29ba000, 0x0000000100000000)
 Metaspace       used 67500K, capacity 70706K, committed 70912K, reserved 1112064K
  class space    used 8586K, capacity 9195K, committed 9216K, reserved 1048576K
}
2020-11-07T19:59:01.918+0800: 68.595: [CMS-concurrent-abortable-preclean: 0.034/0.084 secs] [Times: user=0.08 sys=0.00, real=0.09 secs] 
2020-11-07T19:59:01.918+0800: 68.595: Application time: 0.0250305 seconds
2020-11-07T19:59:01.919+0800: 68.595: [GC (CMS Final Remark) [YG occupancy: 5409 K (9216 K)]2020-11-07T19:59:01.919+0800: 68.595: [Rescan (parallel) , 0.0222699 secs]2020-11-07T19:59:01.941+0800: 68.618: [weak refs processing, 0.0025716 secs]2020-11-07T19:59:01.944+0800: 68.620: [class unloading, 0.0248027 secs]2020-11-07T19:59:01.968+0800: 68.645: [scrub symbol table, 0.0278095 secs]2020-11-07T19:59:01.996+0800: 68.673: [scrub string table, 0.0018308 secs][1 CMS-remark: 57920K(95336K)] 63329K(104552K), 0.0795517 secs] [Times: user=0.08 sys=0.00, real=0.08 secs] 
2020-11-07T19:59:02.004+0800: 68.680: [CMS-concurrent-sweep-start]
2020-11-07T19:59:02.029+0800: 68.706: Application time: 0.0306995 seconds
{Heap before GC invocations=865 (full 76):
 par new generation   total 9216K, used 8675K [0x00000000e3400000, 0x00000000e3e00000, 0x00000000ecca0000)
  eden space 8192K, 100% used [0x00000000e3400000, 0x00000000e3c00000, 0x00000000e3c00000)
  from space 1024K,  47% used [0x00000000e3d00000, 0x00000000e3d78ed8, 0x00000000e3e00000)
  to   space 1024K,   0% used [0x00000000e3c00000, 0x00000000e3c00000, 0x00000000e3d00000)
 concurrent mark-sweep generation total 95336K, used 57893K [0x00000000ecca0000, 0x00000000f29ba000, 0x0000000100000000)
 Metaspace       used 67529K, capacity 70738K, committed 71040K, reserved 1112064K
  class space    used 8591K, capacity 9227K, committed 9344K, reserved 1048576K
2020-11-07T19:59:02.029+0800: 68.706: [GC (Allocation Failure) 2020-11-07T19:59:02.029+0800: 68.706: [ParNew: 8675K->633K(9216K), 0.0239756 secs] 66569K->58526K(104552K), 0.0240563 secs] [Times: user=0.03 sys=0.00, real=0.02 secs] 
Heap after GC invocations=866 (full 76):
 par new generation   total 9216K, used 633K [0x00000000e3400000, 0x00000000e3e00000, 0x00000000ecca0000)
  eden space 8192K,   0% used [0x00000000e3400000, 0x00000000e3400000, 0x00000000e3c00000)
  from space 1024K,  61% used [0x00000000e3c00000, 0x00000000e3c9e438, 0x00000000e3d00000)
  to   space 1024K,   0% used [0x00000000e3d00000, 0x00000000e3d00000, 0x00000000e3e00000)
 concurrent mark-sweep generation total 95336K, used 57893K [0x00000000ecca0000, 0x00000000f29ba000, 0x0000000100000000)
 Metaspace       used 67529K, capacity 70738K, committed 71040K, reserved 1112064K
  class space    used 8591K, capacity 9227K, committed 9344K, reserved 1048576K
}
2020-11-07T19:59:02.076+0800: 68.753: Application time: 0.0226722 seconds
{Heap before GC invocations=866 (full 76):
 par new generation   total 9216K, used 8825K [0x00000000e3400000, 0x00000000e3e00000, 0x00000000ecca0000)
  eden space 8192K, 100% used [0x00000000e3400000, 0x00000000e3c00000, 0x00000000e3c00000)
  from space 1024K,  61% used [0x00000000e3c00000, 0x00000000e3c9e438, 0x00000000e3d00000)
  to   space 1024K,   0% used [0x00000000e3d00000, 0x00000000e3d00000, 0x00000000e3e00000)
 concurrent mark-sweep generation total 95336K, used 57868K [0x00000000ecca0000, 0x00000000f29ba000, 0x0000000100000000)
 Metaspace       used 67529K, capacity 70738K, committed 71040K, reserved 1112064K
  class space    used 8591K, capacity 9227K, committed 9344K, reserved 1048576K
2020-11-07T19:59:02.076+0800: 68.753: [GC (Allocation Failure) 2020-11-07T19:59:02.076+0800: 68.753: [ParNew: 8825K->706K(9216K), 0.0125202 secs] 66693K->58616K(104552K), 0.0125815 secs] [Times: user=0.01 sys=0.00, real=0.01 secs] 
Heap after GC invocations=867 (full 76):
 par new generation   total 9216K, used 706K [0x00000000e3400000, 0x00000000e3e00000, 0x00000000ecca0000)
  eden space 8192K,   0% used [0x00000000e3400000, 0x00000000e3400000, 0x00000000e3c00000)
  from space 1024K,  69% used [0x00000000e3d00000, 0x00000000e3db0af0, 0x00000000e3e00000)
  to   space 1024K,   0% used [0x00000000e3c00000, 0x00000000e3c00000, 0x00000000e3d00000)
 concurrent mark-sweep generation total 95336K, used 57910K [0x00000000ecca0000, 0x00000000f29ba000, 0x0000000100000000)
 Metaspace       used 67529K, capacity 70738K, committed 71040K, reserved 1112064K
  class space    used 8591K, capacity 9227K, committed 9344K, reserved 1048576K
}
2020-11-07T19:59:02.102+0800: 68.778: [CMS-concurrent-sweep: 0.055/0.098 secs] [Times: user=0.09 sys=0.00, real=0.10 secs] 
2020-11-07T19:59:02.102+0800: 68.778: [CMS-concurrent-reset-start]
2020-11-07T19:59:02.106+0800: 68.783: [CMS-concurrent-reset: 0.005/0.005 secs] [Times: user=0.00 sys=0.00, real=0.01 secs] 
2020-11-07T19:59:02.110+0800: 68.787: Application time: 0.0212081 seconds
{Heap before GC invocations=867 (full 76):
 par new generation   total 9216K, used 8898K [0x00000000e3400000, 0x00000000e3e00000, 0x00000000ecca0000)
  eden space 8192K, 100% used [0x00000000e3400000, 0x00000000e3c00000, 0x00000000e3c00000)
  from space 1024K,  69% used [0x00000000e3d00000, 0x00000000e3db0af0, 0x00000000e3e00000)
  to   space 1024K,   0% used [0x00000000e3c00000, 0x00000000e3c00000, 0x00000000e3d00000)
 concurrent mark-sweep generation total 96384K, used 57829K [0x00000000ecca0000, 0x00000000f2ac0000, 0x0000000100000000)
 Metaspace       used 67512K, capacity 70702K, committed 71040K, reserved 1112064K
  class space    used 8588K, capacity 9221K, committed 9344K, reserved 1048576K
2020-11-07T19:59:02.110+0800: 68.787: [GC (Allocation Failure) 2020-11-07T19:59:02.110+0800: 68.787: [ParNew: 8898K->570K(9216K), 0.0258125 secs] 66727K->58399K(105600K), 0.0259066 secs] [Times: user=0.02 sys=0.00, real=0.03 secs] 
Heap after GC invocations=868 (full 76):
 par new generation   total 9216K, used 570K [0x00000000e3400000, 0x00000000e3e00000, 0x00000000ecca0000)
  eden space 8192K,   0% used [0x00000000e3400000, 0x00000000e3400000, 0x00000000e3c00000)
  from space 1024K,  55% used [0x00000000e3c00000, 0x00000000e3c8e858, 0x00000000e3d00000)
  to   space 1024K,   0% used [0x00000000e3d00000, 0x00000000e3d00000, 0x00000000e3e00000)
 concurrent mark-sweep generation total 96384K, used 57829K [0x00000000ecca0000, 0x00000000f2ac0000, 0x0000000100000000)
 Metaspace       used 67512K, capacity 70702K, committed 71040K, reserved 1112064K
  class space    used 8588K, capacity 9221K, committed 9344K, reserved 1048576K
}
2020-11-07T19:59:02.167+0800: 68.843: Application time: 0.0302948 seconds
{Heap before GC invocations=868 (full 76):
 par new generation   total 9216K, used 8762K [0x00000000e3400000, 0x00000000e3e00000, 0x00000000ecca0000)
  eden space 8192K, 100% used [0x00000000e3400000, 0x00000000e3c00000, 0x00000000e3c00000)
  from space 1024K,  55% used [0x00000000e3c00000, 0x00000000e3c8e858, 0x00000000e3d00000)
  to   space 1024K,   0% used [0x00000000e3d00000, 0x00000000e3d00000, 0x00000000e3e00000)
 concurrent mark-sweep generation total 96384K, used 57829K [0x00000000ecca0000, 0x00000000f2ac0000, 0x0000000100000000)
 Metaspace       used 67751K, capacity 70990K, committed 71296K, reserved 1112064K
  class space    used 8621K, capacity 9253K, committed 9344K, reserved 1048576K
2020-11-07T19:59:02.167+0800: 68.843: [GC (Allocation Failure) 2020-11-07T19:59:02.167+0800: 68.844: [ParNew: 8762K->930K(9216K), 0.0167503 secs] 66591K->58797K(105600K), 0.0168142 secs] [Times: user=0.02 sys=0.00, real=0.01 secs] 
Heap after GC invocations=869 (full 76):
 par new generation   total 9216K, used 930K [0x00000000e3400000, 0x00000000e3e00000, 0x00000000ecca0000)
  eden space 8192K,   0% used [0x00000000e3400000, 0x00000000e3400000, 0x00000000e3c00000)
  from space 1024K,  90% used [0x00000000e3d00000, 0x00000000e3de8a10, 0x00000000e3e00000)
  to   space 1024K,   0% used [0x00000000e3c00000, 0x00000000e3c00000, 0x00000000e3d00000)
 concurrent mark-sweep generation total 96384K, used 57866K [0x00000000ecca0000, 0x00000000f2ac0000, 0x0000000100000000)
 Metaspace       used 67751K, capacity 70990K, committed 71296K, reserved 1112064K
  class space    used 8621K, capacity 9253K, committed 9344K, reserved 1048576K
}
2020-11-07T19:59:02.187+0800: 68.864: Application time: 0.0034855 seconds
2020-11-07T19:59:02.188+0800: 68.864: [GC (CMS Initial Mark) [1 CMS-initial-mark: 57866K(96384K)] 59475K(105600K), 0.0055140 secs] [Times: user=0.00 sys=0.00, real=0.00 secs] 
2020-11-07T19:59:02.193+0800: 68.870: [CMS-concurrent-mark-start]
2020-11-07T19:59:02.290+0800: 68.967: Application time: 0.0970446 seconds
2020-11-07T19:59:02.320+0800: 68.996: Application time: 0.0233914 seconds
{Heap before GC invocations=869 (full 77):
 par new generation   total 9216K, used 9122K [0x00000000e3400000, 0x00000000e3e00000, 0x00000000ecca0000)
  eden space 8192K, 100% used [0x00000000e3400000, 0x00000000e3c00000, 0x00000000e3c00000)
  from space 1024K,  90% used [0x00000000e3d00000, 0x00000000e3de8a10, 0x00000000e3e00000)
  to   space 1024K,   0% used [0x00000000e3c00000, 0x00000000e3c00000, 0x00000000e3d00000)
 concurrent mark-sweep generation total 96384K, used 57866K [0x00000000ecca0000, 0x00000000f2ac0000, 0x0000000100000000)
 Metaspace       used 67941K, capacity 71154K, committed 71296K, reserved 1112064K
  class space    used 8655K, capacity 9287K, committed 9344K, reserved 1048576K
2020-11-07T19:59:02.320+0800: 68.997: [GC (Allocation Failure) 2020-11-07T19:59:02.320+0800: 68.997: [ParNew: 9122K->789K(9216K), 0.0206678 secs] 66989K->59031K(105600K), 0.0207758 secs] [Times: user=0.01 sys=0.00, real=0.02 secs] 
Heap after GC invocations=870 (full 77):
 par new generation   total 9216K, used 789K [0x00000000e3400000, 0x00000000e3e00000, 0x00000000ecca0000)
  eden space 8192K,   0% used [0x00000000e3400000, 0x00000000e3400000, 0x00000000e3c00000)
  from space 1024K,  77% used [0x00000000e3c00000, 0x00000000e3cc57a0, 0x00000000e3d00000)
  to   space 1024K,   0% used [0x00000000e3d00000, 0x00000000e3d00000, 0x00000000e3e00000)
 concurrent mark-sweep generation total 96384K, used 58241K [0x00000000ecca0000, 0x00000000f2ac0000, 0x0000000100000000)
 Metaspace       used 67941K, capacity 71154K, committed 71296K, reserved 1112064K
  class space    used 8655K, capacity 9287K, committed 9344K, reserved 1048576K
}
2020-11-07T19:59:02.385+0800: 69.061: Application time: 0.0438906 seconds
2020-11-07T19:59:02.393+0800: 69.070: Application time: 0.0070305 seconds
{Heap before GC invocations=870 (full 77):
 par new generation   total 9216K, used 8981K [0x00000000e3400000, 0x00000000e3e00000, 0x00000000ecca0000)
  eden space 8192K, 100% used [0x00000000e3400000, 0x00000000e3c00000, 0x00000000e3c00000)
  from space 1024K,  77% used [0x00000000e3c00000, 0x00000000e3cc57a0, 0x00000000e3d00000)
  to   space 1024K,   0% used [0x00000000e3d00000, 0x00000000e3d00000, 0x00000000e3e00000)
 concurrent mark-sweep generation total 96384K, used 58241K [0x00000000ecca0000, 0x00000000f2ac0000, 0x0000000100000000)
 Metaspace       used 67989K, capacity 71218K, committed 71552K, reserved 1112064K
  class space    used 8664K, capacity 9287K, committed 9344K, reserved 1048576K
2020-11-07T19:59:02.393+0800: 69.070: [GC (Allocation Failure) 2020-11-07T19:59:02.393+0800: 69.070: [ParNew: 8981K->250K(9216K), 0.0064083 secs] 67223K->58491K(105600K), 0.0064635 secs] [Times: user=0.01 sys=0.00, real=0.01 secs] 
Heap after GC invocations=871 (full 77):
 par new generation   total 9216K, used 250K [0x00000000e3400000, 0x00000000e3e00000, 0x00000000ecca0000)
  eden space 8192K,   0% used [0x00000000e3400000, 0x00000000e3400000, 0x00000000e3c00000)
  from space 1024K,  24% used [0x00000000e3d00000, 0x00000000e3d3eab0, 0x00000000e3e00000)
  to   space 1024K,   0% used [0x00000000e3c00000, 0x00000000e3c00000, 0x00000000e3d00000)
 concurrent mark-sweep generation total 96384K, used 58241K [0x00000000ecca0000, 0x00000000f2ac0000, 0x0000000100000000)
 Metaspace       used 67989K, capacity 71218K, committed 71552K, reserved 1112064K
  class space    used 8664K, capacity 9287K, committed 9344K, reserved 1048576K
}
2020-11-07T19:59:02.421+0800: 69.098: Application time: 0.0212312 seconds
{Heap before GC invocations=871 (full 77):
 par new generation   total 9216K, used 8442K [0x00000000e3400000, 0x00000000e3e00000, 0x00000000ecca0000)
  eden space 8192K, 100% used [0x00000000e3400000, 0x00000000e3c00000, 0x00000000e3c00000)
  from space 1024K,  24% used [0x00000000e3d00000, 0x00000000e3d3eab0, 0x00000000e3e00000)
  to   space 1024K,   0% used [0x00000000e3c00000, 0x00000000e3c00000, 0x00000000e3d00000)
 concurrent mark-sweep generation total 96384K, used 58241K [0x00000000ecca0000, 0x00000000f2ac0000, 0x0000000100000000)
 Metaspace       used 67996K, capacity 71218K, committed 71552K, reserved 1112064K
  class space    used 8665K, capacity 9287K, committed 9344K, reserved 1048576K
2020-11-07T19:59:02.421+0800: 69.098: [GC (Allocation Failure) 2020-11-07T19:59:02.421+0800: 69.098: [ParNew: 8442K->281K(9216K), 0.0418087 secs] 66683K->58522K(105600K), 0.0418616 secs] [Times: user=0.01 sys=0.00, real=0.04 secs] 
Heap after GC invocations=872 (full 77):
 par new generation   total 9216K, used 281K [0x00000000e3400000, 0x00000000e3e00000, 0x00000000ecca0000)
  eden space 8192K,   0% used [0x00000000e3400000, 0x00000000e3400000, 0x00000000e3c00000)
  from space 1024K,  27% used [0x00000000e3c00000, 0x00000000e3c46500, 0x00000000e3d00000)
  to   space 1024K,   0% used [0x00000000e3d00000, 0x00000000e3d00000, 0x00000000e3e00000)
 concurrent mark-sweep generation total 96384K, used 58241K [0x00000000ecca0000, 0x00000000f2ac0000, 0x0000000100000000)
 Metaspace       used 67996K, capacity 71218K, committed 71552K, reserved 1112064K
  class space    used 8665K, capacity 9287K, committed 9344K, reserved 1048576K
}
2020-11-07T19:59:02.525+0800: 69.202: Application time: 0.0616861 seconds
{Heap before GC invocations=872 (full 77):
 par new generation   total 9216K, used 8473K [0x00000000e3400000, 0x00000000e3e00000, 0x00000000ecca0000)
  eden space 8192K, 100% used [0x00000000e3400000, 0x00000000e3c00000, 0x00000000e3c00000)
  from space 1024K,  27% used [0x00000000e3c00000, 0x00000000e3c46500, 0x00000000e3d00000)
  to   space 1024K,   0% used [0x00000000e3d00000, 0x00000000e3d00000, 0x00000000e3e00000)
 concurrent mark-sweep generation total 96384K, used 58241K [0x00000000ecca0000, 0x00000000f2ac0000, 0x0000000100000000)
 Metaspace       used 68040K, capacity 71218K, committed 71552K, reserved 1112064K
  class space    used 8673K, capacity 9287K, committed 9344K, reserved 1048576K
2020-11-07T19:59:02.525+0800: 69.202: [GC (Allocation Failure) 2020-11-07T19:59:02.525+0800: 69.202: [ParNew: 8473K->371K(9216K), 0.0238370 secs] 66714K->58613K(105600K), 0.0239031 secs] [Times: user=0.02 sys=0.00, real=0.02 secs] 
Heap after GC invocations=873 (full 77):
 par new generation   total 9216K, used 371K [0x00000000e3400000, 0x00000000e3e00000, 0x00000000ecca0000)
  eden space 8192K,   0% used [0x00000000e3400000, 0x00000000e3400000, 0x00000000e3c00000)
  from space 1024K,  36% used [0x00000000e3d00000, 0x00000000e3d5cf50, 0x00000000e3e00000)
  to   space 1024K,   0% used [0x00000000e3c00000, 0x00000000e3c00000, 0x00000000e3d00000)
 concurrent mark-sweep generation total 96384K, used 58241K [0x00000000ecca0000, 0x00000000f2ac0000, 0x0000000100000000)
 Metaspace       used 68040K, capacity 71218K, committed 71552K, reserved 1112064K
  class space    used 8673K, capacity 9287K, committed 9344K, reserved 1048576K
}
2020-11-07T19:59:02.600+0800: 69.277: Application time: 0.0508359 seconds
{Heap before GC invocations=873 (full 77):
 par new generation   total 9216K, used 8563K [0x00000000e3400000, 0x00000000e3e00000, 0x00000000ecca0000)
  eden space 8192K, 100% used [0x00000000e3400000, 0x00000000e3c00000, 0x00000000e3c00000)
  from space 1024K,  36% used [0x00000000e3d00000, 0x00000000e3d5cf50, 0x00000000e3e00000)
  to   space 1024K,   0% used [0x00000000e3c00000, 0x00000000e3c00000, 0x00000000e3d00000)
 concurrent mark-sweep generation total 96384K, used 58241K [0x00000000ecca0000, 0x00000000f2ac0000, 0x0000000100000000)
 Metaspace       used 68049K, capacity 71222K, committed 71552K, reserved 1112064K
  class space    used 8675K, capacity 9289K, committed 9344K, reserved 1048576K
2020-11-07T19:59:02.600+0800: 69.277: [GC (Allocation Failure) 2020-11-07T19:59:02.600+0800: 69.277: [ParNew: 8563K->322K(9216K), 0.0429114 secs] 66805K->58563K(105600K), 0.0429726 secs] [Times: user=0.04 sys=0.00, real=0.04 secs] 
Heap after GC invocations=874 (full 77):
 par new generation   total 9216K, used 322K [0x00000000e3400000, 0x00000000e3e00000, 0x00000000ecca0000)
  eden space 8192K,   0% used [0x00000000e3400000, 0x00000000e3400000, 0x00000000e3c00000)
  from space 1024K,  31% used [0x00000000e3c00000, 0x00000000e3c508d8, 0x00000000e3d00000)
  to   space 1024K,   0% used [0x00000000e3d00000, 0x00000000e3d00000, 0x00000000e3e00000)
 concurrent mark-sweep generation total 96384K, used 58241K [0x00000000ecca0000, 0x00000000f2ac0000, 0x0000000100000000)
 Metaspace       used 68049K, capacity 71222K, committed 71552K, reserved 1112064K
  class space    used 8675K, capacity 9289K, committed 9344K, reserved 1048576K
}
2020-11-07T19:59:02.680+0800: 69.357: Application time: 0.0371110 seconds
{Heap before GC invocations=874 (full 77):
 par new generation   total 9216K, used 8514K [0x00000000e3400000, 0x00000000e3e00000, 0x00000000ecca0000)
  eden space 8192K, 100% used [0x00000000e3400000, 0x00000000e3c00000, 0x00000000e3c00000)
  from space 1024K,  31% used [0x00000000e3c00000, 0x00000000e3c508d8, 0x00000000e3d00000)
  to   space 1024K,   0% used [0x00000000e3d00000, 0x00000000e3d00000, 0x00000000e3e00000)
 concurrent mark-sweep generation total 96384K, used 58241K [0x00000000ecca0000, 0x00000000f2ac0000, 0x0000000100000000)
 Metaspace       used 68071K, capacity 71286K, committed 71552K, reserved 1112064K
  class space    used 8680K, capacity 9289K, committed 9344K, reserved 1048576K
2020-11-07T19:59:02.681+0800: 69.357: [GC (Allocation Failure) 2020-11-07T19:59:02.681+0800: 69.357: [ParNew: 8514K->524K(9216K), 0.0411760 secs] 66755K->58765K(105600K), 0.0412395 secs] [Times: user=0.04 sys=0.00, real=0.04 secs] 
Heap after GC invocations=875 (full 77):
 par new generation   total 9216K, used 524K [0x00000000e3400000, 0x00000000e3e00000, 0x00000000ecca0000)
  eden space 8192K,   0% used [0x00000000e3400000, 0x00000000e3400000, 0x00000000e3c00000)
  from space 1024K,  51% used [0x00000000e3d00000, 0x00000000e3d83188, 0x00000000e3e00000)
  to   space 1024K,   0% used [0x00000000e3c00000, 0x00000000e3c00000, 0x00000000e3d00000)
 concurrent mark-sweep generation total 96384K, used 58241K [0x00000000ecca0000, 0x00000000f2ac0000, 0x0000000100000000)
 Metaspace       used 68071K, capacity 71286K, committed 71552K, reserved 1112064K
  class space    used 8680K, capacity 9289K, committed 9344K, reserved 1048576K
}
2020-11-07T19:59:02.737+0800: 69.413: Application time: 0.0148063 seconds
{Heap before GC invocations=875 (full 77):
 par new generation   total 9216K, used 8716K [0x00000000e3400000, 0x00000000e3e00000, 0x00000000ecca0000)
  eden space 8192K, 100% used [0x00000000e3400000, 0x00000000e3c00000, 0x00000000e3c00000)
  from space 1024K,  51% used [0x00000000e3d00000, 0x00000000e3d83188, 0x00000000e3e00000)
  to   space 1024K,   0% used [0x00000000e3c00000, 0x00000000e3c00000, 0x00000000e3d00000)
 concurrent mark-sweep generation total 96384K, used 58241K [0x00000000ecca0000, 0x00000000f2ac0000, 0x0000000100000000)
 Metaspace       used 68071K, capacity 71286K, committed 71552K, reserved 1112064K
  class space    used 8680K, capacity 9289K, committed 9344K, reserved 1048576K
2020-11-07T19:59:02.737+0800: 69.414: [GC (Allocation Failure) 2020-11-07T19:59:02.737+0800: 69.414: [ParNew: 8716K->425K(9216K), 0.0292412 secs] 66957K->58690K(105600K), 0.0292948 secs] [Times: user=0.03 sys=0.00, real=0.03 secs] 
Heap after GC invocations=876 (full 77):
 par new generation   total 9216K, used 425K [0x00000000e3400000, 0x00000000e3e00000, 0x00000000ecca0000)
  eden space 8192K,   0% used [0x00000000e3400000, 0x00000000e3400000, 0x00000000e3c00000)
  from space 1024K,  41% used [0x00000000e3c00000, 0x00000000e3c6a568, 0x00000000e3d00000)
  to   space 1024K,   0% used [0x00000000e3d00000, 0x00000000e3d00000, 0x00000000e3e00000)
 concurrent mark-sweep generation total 96384K, used 58265K [0x00000000ecca0000, 0x00000000f2ac0000, 0x0000000100000000)
 Metaspace       used 68071K, capacity 71286K, committed 71552K, reserved 1112064K
  class space    used 8680K, capacity 9289K, committed 9344K, reserved 1048576K
}
2020-11-07T19:59:02.792+0800: 69.469: Application time: 0.0261042 seconds
{Heap before GC invocations=876 (full 77):
 par new generation   total 9216K, used 8617K [0x00000000e3400000, 0x00000000e3e00000, 0x00000000ecca0000)
  eden space 8192K, 100% used [0x00000000e3400000, 0x00000000e3c00000, 0x00000000e3c00000)
  from space 1024K,  41% used [0x00000000e3c00000, 0x00000000e3c6a568, 0x00000000e3d00000)
  to   space 1024K,   0% used [0x00000000e3d00000, 0x00000000e3d00000, 0x00000000e3e00000)
 concurrent mark-sweep generation total 96384K, used 58265K [0x00000000ecca0000, 0x00000000f2ac0000, 0x0000000100000000)
 Metaspace       used 68071K, capacity 71286K, committed 71552K, reserved 1112064K
  class space    used 8680K, capacity 9289K, committed 9344K, reserved 1048576K
2020-11-07T19:59:02.793+0800: 69.469: [GC (Allocation Failure) 2020-11-07T19:59:02.793+0800: 69.469: [ParNew: 8617K->341K(9216K), 0.0301672 secs] 66882K->58648K(105600K), 0.0302522 secs] [Times: user=0.02 sys=0.00, real=0.03 secs] 
Heap after GC invocations=877 (full 77):
 par new generation   total 9216K, used 341K [0x00000000e3400000, 0x00000000e3e00000, 0x00000000ecca0000)
  eden space 8192K,   0% used [0x00000000e3400000, 0x00000000e3400000, 0x00000000e3c00000)
  from space 1024K,  33% used [0x00000000e3d00000, 0x00000000e3d55700, 0x00000000e3e00000)
  to   space 1024K,   0% used [0x00000000e3c00000, 0x00000000e3c00000, 0x00000000e3d00000)
 concurrent mark-sweep generation total 96384K, used 58306K [0x00000000ecca0000, 0x00000000f2ac0000, 0x0000000100000000)
 Metaspace       used 68071K, capacity 71286K, committed 71552K, reserved 1112064K
  class space    used 8680K, capacity 9289K, committed 9344K, reserved 1048576K
}
2020-11-07T19:59:02.850+0800: 69.527: Application time: 0.0271292 seconds
{Heap before GC invocations=877 (full 77):
 par new generation   total 9216K, used 8533K [0x00000000e3400000, 0x00000000e3e00000, 0x00000000ecca0000)
  eden space 8192K, 100% used [0x00000000e3400000, 0x00000000e3c00000, 0x00000000e3c00000)
  from space 1024K,  33% used [0x00000000e3d00000, 0x00000000e3d55700, 0x00000000e3e00000)
  to   space 1024K,   0% used [0x00000000e3c00000, 0x00000000e3c00000, 0x00000000e3d00000)
 concurrent mark-sweep generation total 96384K, used 58306K [0x00000000ecca0000, 0x00000000f2ac0000, 0x0000000100000000)
 Metaspace       used 68076K, capacity 71286K, committed 71552K, reserved 1112064K
  class space    used 8680K, capacity 9289K, committed 9344K, reserved 1048576K
2020-11-07T19:59:02.850+0800: 69.527: [GC (Allocation Failure) 2020-11-07T19:59:02.850+0800: 69.527: [ParNew: 8533K->327K(9216K), 0.0224631 secs] 66840K->58671K(105600K), 0.0225257 secs] [Times: user=0.02 sys=0.00, real=0.02 secs] 
Heap after GC invocations=878 (full 77):
 par new generation   total 9216K, used 327K [0x00000000e3400000, 0x00000000e3e00000, 0x00000000ecca0000)
  eden space 8192K,   0% used [0x00000000e3400000, 0x00000000e3400000, 0x00000000e3c00000)
  from space 1024K,  31% used [0x00000000e3c00000, 0x00000000e3c51e40, 0x00000000e3d00000)
  to   space 1024K,   0% used [0x00000000e3d00000, 0x00000000e3d00000, 0x00000000e3e00000)
 concurrent mark-sweep generation total 96384K, used 58344K [0x00000000ecca0000, 0x00000000f2ac0000, 0x0000000100000000)
 Metaspace       used 68076K, capacity 71286K, committed 71552K, reserved 1112064K
  class space    used 8680K, capacity 9289K, committed 9344K, reserved 1048576K
}
2020-11-07T19:59:02.899+0800: 69.576: Application time: 0.0259333 seconds
{Heap before GC invocations=878 (full 77):
 par new generation   total 9216K, used 8519K [0x00000000e3400000, 0x00000000e3e00000, 0x00000000ecca0000)
  eden space 8192K, 100% used [0x00000000e3400000, 0x00000000e3c00000, 0x00000000e3c00000)
  from space 1024K,  31% used [0x00000000e3c00000, 0x00000000e3c51e40, 0x00000000e3d00000)
  to   space 1024K,   0% used [0x00000000e3d00000, 0x00000000e3d00000, 0x00000000e3e00000)
 concurrent mark-sweep generation total 96384K, used 58344K [0x00000000ecca0000, 0x00000000f2ac0000, 0x0000000100000000)
 Metaspace       used 68088K, capacity 71286K, committed 71552K, reserved 1112064K
  class space    used 8682K, capacity 9289K, committed 9344K, reserved 1048576K
2020-11-07T19:59:02.899+0800: 69.576: [GC (Allocation Failure) 2020-11-07T19:59:02.899+0800: 69.576: [ParNew: 8519K->310K(9216K), 0.0262587 secs] 66863K->58720K(105600K), 0.0263148 secs] [Times: user=0.02 sys=0.00, real=0.03 secs] 
Heap after GC invocations=879 (full 77):
 par new generation   total 9216K, used 310K [0x00000000e3400000, 0x00000000e3e00000, 0x00000000ecca0000)
  eden space 8192K,   0% used [0x00000000e3400000, 0x00000000e3400000, 0x00000000e3c00000)
  from space 1024K,  30% used [0x00000000e3d00000, 0x00000000e3d4d848, 0x00000000e3e00000)
  to   space 1024K,   0% used [0x00000000e3c00000, 0x00000000e3c00000, 0x00000000e3d00000)
 concurrent mark-sweep generation total 96384K, used 58410K [0x00000000ecca0000, 0x00000000f2ac0000, 0x0000000100000000)
 Metaspace       used 68088K, capacity 71286K, committed 71552K, reserved 1112064K
  class space    used 8682K, capacity 9289K, committed 9344K, reserved 1048576K
}
2020-11-07T19:59:02.935+0800: 69.611: Application time: 0.0091833 seconds
{Heap before GC invocations=879 (full 77):
 par new generation   total 9216K, used 8502K [0x00000000e3400000, 0x00000000e3e00000, 0x00000000ecca0000)
  eden space 8192K, 100% used [0x00000000e3400000, 0x00000000e3c00000, 0x00000000e3c00000)
  from space 1024K,  30% used [0x00000000e3d00000, 0x00000000e3d4d848, 0x00000000e3e00000)
  to   space 1024K,   0% used [0x00000000e3c00000, 0x00000000e3c00000, 0x00000000e3d00000)
 concurrent mark-sweep generation total 96384K, used 58410K [0x00000000ecca0000, 0x00000000f2ac0000, 0x0000000100000000)
 Metaspace       used 68088K, capacity 71286K, committed 71552K, reserved 1112064K
  class space    used 8682K, capacity 9289K, committed 9344K, reserved 1048576K
2020-11-07T19:59:02.935+0800: 69.611: [GC (Allocation Failure) 2020-11-07T19:59:02.935+0800: 69.612: [ParNew: 8502K->324K(9216K), 0.0180687 secs] 66912K->58766K(105600K), 0.0181263 secs] [Times: user=0.02 sys=0.00, real=0.01 secs] 
Heap after GC invocations=880 (full 77):
 par new generation   total 9216K, used 324K [0x00000000e3400000, 0x00000000e3e00000, 0x00000000ecca0000)
  eden space 8192K,   0% used [0x00000000e3400000, 0x00000000e3400000, 0x00000000e3c00000)
  from space 1024K,  31% used [0x00000000e3c00000, 0x00000000e3c511f8, 0x00000000e3d00000)
  to   space 1024K,   0% used [0x00000000e3d00000, 0x00000000e3d00000, 0x00000000e3e00000)
 concurrent mark-sweep generation total 96384K, used 58441K [0x00000000ecca0000, 0x00000000f2ac0000, 0x0000000100000000)
 Metaspace       used 68088K, capacity 71286K, committed 71552K, reserved 1112064K
  class space    used 8682K, capacity 9289K, committed 9344K, reserved 1048576K
}
2020-11-07T19:59:02.957+0800: 69.634: [CMS-concurrent-mark: 0.420/0.764 secs] [Times: user=0.68 sys=0.01, real=0.77 secs] 
2020-11-07T19:59:02.957+0800: 69.634: [CMS-concurrent-preclean-start]
2020-11-07T19:59:02.993+0800: 69.670: [CMS-concurrent-preclean: 0.036/0.036 secs] [Times: user=0.02 sys=0.00, real=0.03 secs] 
2020-11-07T19:59:02.993+0800: 69.670: [CMS-concurrent-abortable-preclean-start]
2020-11-07T19:59:03.006+0800: 69.682: Application time: 0.0526873 seconds
{Heap before GC invocations=880 (full 77):
 par new generation   total 9216K, used 8516K [0x00000000e3400000, 0x00000000e3e00000, 0x00000000ecca0000)
  eden space 8192K, 100% used [0x00000000e3400000, 0x00000000e3c00000, 0x00000000e3c00000)
  from space 1024K,  31% used [0x00000000e3c00000, 0x00000000e3c511f8, 0x00000000e3d00000)
  to   space 1024K,   0% used [0x00000000e3d00000, 0x00000000e3d00000, 0x00000000e3e00000)
 concurrent mark-sweep generation total 96384K, used 58441K [0x00000000ecca0000, 0x00000000f2ac0000, 0x0000000100000000)
 Metaspace       used 68088K, capacity 71286K, committed 71552K, reserved 1112064K
  class space    used 8682K, capacity 9289K, committed 9344K, reserved 1048576K
2020-11-07T19:59:03.006+0800: 69.683: [GC (Allocation Failure) 2020-11-07T19:59:03.006+0800: 69.683: [ParNew: 8516K->250K(9216K), 0.0274174 secs] 66958K->58714K(105600K), 0.0275038 secs] [Times: user=0.03 sys=0.00, real=0.02 secs] 
Heap after GC invocations=881 (full 77):
 par new generation   total 9216K, used 250K [0x00000000e3400000, 0x00000000e3e00000, 0x00000000ecca0000)
  eden space 8192K,   0% used [0x00000000e3400000, 0x00000000e3400000, 0x00000000e3c00000)
  from space 1024K,  24% used [0x00000000e3d00000, 0x00000000e3d3eaa0, 0x00000000e3e00000)
  to   space 1024K,   0% used [0x00000000e3c00000, 0x00000000e3c00000, 0x00000000e3d00000)
 concurrent mark-sweep generation total 96384K, used 58463K [0x00000000ecca0000, 0x00000000f2ac0000, 0x0000000100000000)
 Metaspace       used 68088K, capacity 71286K, committed 71552K, reserved 1112064K
  class space    used 8682K, capacity 9289K, committed 9344K, reserved 1048576K
}
2020-11-07T19:59:03.040+0800: 69.717: [CMS-concurrent-abortable-preclean: 0.013/0.047 secs] [Times: user=0.04 sys=0.00, real=0.05 secs] 
2020-11-07T19:59:03.040+0800: 69.717: Application time: 0.0068441 seconds
2020-11-07T19:59:03.040+0800: 69.717: [GC (CMS Final Remark) [YG occupancy: 3217 K (9216 K)]2020-11-07T19:59:03.040+0800: 69.717: [Rescan (parallel) , 0.0330953 secs]2020-11-07T19:59:03.074+0800: 69.750: [weak refs processing, 0.0023012 secs]2020-11-07T19:59:03.076+0800: 69.753: [class unloading, 0.0281122 secs]2020-11-07T19:59:03.104+0800: 69.781: [scrub symbol table, 0.0526419 secs]2020-11-07T19:59:03.157+0800: 69.833: [scrub string table, 0.0015717 secs][1 CMS-remark: 58463K(96384K)] 61681K(105600K), 0.1179177 secs] [Times: user=0.11 sys=0.00, real=0.12 secs] 
2020-11-07T19:59:03.162+0800: 69.839: [CMS-concurrent-sweep-start]
2020-11-07T19:59:03.185+0800: 69.862: Application time: 0.0267867 seconds
{Heap before GC invocations=881 (full 77):
 par new generation   total 9216K, used 8442K [0x00000000e3400000, 0x00000000e3e00000, 0x00000000ecca0000)
  eden space 8192K, 100% used [0x00000000e3400000, 0x00000000e3c00000, 0x00000000e3c00000)
  from space 1024K,  24% used [0x00000000e3d00000, 0x00000000e3d3eaa0, 0x00000000e3e00000)
  to   space 1024K,   0% used [0x00000000e3c00000, 0x00000000e3c00000, 0x00000000e3d00000)
 concurrent mark-sweep generation total 96384K, used 58461K [0x00000000ecca0000, 0x00000000f2ac0000, 0x0000000100000000)
 Metaspace       used 68089K, capacity 71286K, committed 71552K, reserved 1112064K
  class space    used 8682K, capacity 9289K, committed 9344K, reserved 1048576K
2020-11-07T19:59:03.185+0800: 69.862: [GC (Allocation Failure) 2020-11-07T19:59:03.185+0800: 69.862: [ParNew: 8442K->278K(9216K), 0.0447874 secs] 66904K->58772K(105600K), 0.0448602 secs] [Times: user=0.03 sys=0.01, real=0.04 secs] 
Heap after GC invocations=882 (full 77):
 par new generation   total 9216K, used 278K [0x00000000e3400000, 0x00000000e3e00000, 0x00000000ecca0000)
  eden space 8192K,   0% used [0x00000000e3400000, 0x00000000e3400000, 0x00000000e3c00000)
  from space 1024K,  27% used [0x00000000e3c00000, 0x00000000e3c45b28, 0x00000000e3d00000)
  to   space 1024K,   0% used [0x00000000e3d00000, 0x00000000e3d00000, 0x00000000e3e00000)
 concurrent mark-sweep generation total 96384K, used 58493K [0x00000000ecca0000, 0x00000000f2ac0000, 0x0000000100000000)
 Metaspace       used 68089K, capacity 71286K, committed 71552K, reserved 1112064K
  class space    used 8682K, capacity 9289K, committed 9344K, reserved 1048576K
}
2020-11-07T19:59:03.248+0800: 69.925: Application time: 0.0181491 seconds
{Heap before GC invocations=882 (full 77):
 par new generation   total 9216K, used 8470K [0x00000000e3400000, 0x00000000e3e00000, 0x00000000ecca0000)
  eden space 8192K, 100% used [0x00000000e3400000, 0x00000000e3c00000, 0x00000000e3c00000)
  from space 1024K,  27% used [0x00000000e3c00000, 0x00000000e3c45b28, 0x00000000e3d00000)
  to   space 1024K,   0% used [0x00000000e3d00000, 0x00000000e3d00000, 0x00000000e3e00000)
 concurrent mark-sweep generation total 96384K, used 58447K [0x00000000ecca0000, 0x00000000f2ac0000, 0x0000000100000000)
 Metaspace       used 68089K, capacity 71286K, committed 71552K, reserved 1112064K
  class space    used 8682K, capacity 9289K, committed 9344K, reserved 1048576K
2020-11-07T19:59:03.249+0800: 69.925: [GC (Allocation Failure) 2020-11-07T19:59:03.249+0800: 69.925: [ParNew: 8470K->219K(9216K), 0.0221269 secs] 66918K->58702K(105600K), 0.0221823 secs] [Times: user=0.02 sys=0.00, real=0.02 secs] 
Heap after GC invocations=883 (full 77):
 par new generation   total 9216K, used 219K [0x00000000e3400000, 0x00000000e3e00000, 0x00000000ecca0000)
  eden space 8192K,   0% used [0x00000000e3400000, 0x00000000e3400000, 0x00000000e3c00000)
  from space 1024K,  21% used [0x00000000e3d00000, 0x00000000e3d36c60, 0x00000000e3e00000)
  to   space 1024K,   0% used [0x00000000e3c00000, 0x00000000e3c00000, 0x00000000e3d00000)
 concurrent mark-sweep generation total 96384K, used 58483K [0x00000000ecca0000, 0x00000000f2ac0000, 0x0000000100000000)
 Metaspace       used 68089K, capacity 71286K, committed 71552K, reserved 1112064K
  class space    used 8682K, capacity 9289K, committed 9344K, reserved 1048576K
}
2020-11-07T19:59:03.309+0800: 69.986: Application time: 0.0384942 seconds
{Heap before GC invocations=883 (full 77):
 par new generation   total 9216K, used 8411K [0x00000000e3400000, 0x00000000e3e00000, 0x00000000ecca0000)
  eden space 8192K, 100% used [0x00000000e3400000, 0x00000000e3c00000, 0x00000000e3c00000)
  from space 1024K,  21% used [0x00000000e3d00000, 0x00000000e3d36c60, 0x00000000e3e00000)
  to   space 1024K,   0% used [0x00000000e3c00000, 0x00000000e3c00000, 0x00000000e3d00000)
 concurrent mark-sweep generation total 96384K, used 58395K [0x00000000ecca0000, 0x00000000f2ac0000, 0x0000000100000000)
 Metaspace       used 68089K, capacity 71286K, committed 71552K, reserved 1112064K
  class space    used 8682K, capacity 9289K, committed 9344K, reserved 1048576K
2020-11-07T19:59:03.310+0800: 69.986: [GC (Allocation Failure) 2020-11-07T19:59:03.310+0800: 69.986: [ParNew: 8411K->234K(9216K), 0.0406166 secs] 66806K->58674K(105600K), 0.0406722 secs] [Times: user=0.04 sys=0.00, real=0.04 secs] 
Heap after GC invocations=884 (full 77):
 par new generation   total 9216K, used 234K [0x00000000e3400000, 0x00000000e3e00000, 0x00000000ecca0000)
  eden space 8192K,   0% used [0x00000000e3400000, 0x00000000e3400000, 0x00000000e3c00000)
  from space 1024K,  22% used [0x00000000e3c00000, 0x00000000e3c3a818, 0x00000000e3d00000)
  to   space 1024K,   0% used [0x00000000e3d00000, 0x00000000e3d00000, 0x00000000e3e00000)
 concurrent mark-sweep generation total 96384K, used 58440K [0x00000000ecca0000, 0x00000000f2ac0000, 0x0000000100000000)
 Metaspace       used 68089K, capacity 71286K, committed 71552K, reserved 1112064K
  class space    used 8682K, capacity 9289K, committed 9344K, reserved 1048576K
}
2020-11-07T19:59:03.351+0800: 70.028: [CMS-concurrent-sweep: 0.069/0.189 secs] [Times: user=0.16 sys=0.01, real=0.19 secs] 
2020-11-07T19:59:03.357+0800: 70.033: [CMS-concurrent-reset-start]
2020-11-07T19:59:03.358+0800: 70.034: [CMS-concurrent-reset: 0.001/0.001 secs] [Times: user=0.00 sys=0.00, real=0.00 secs] 
2020-11-07T19:59:03.360+0800: 70.037: Application time: 0.0095891 seconds
{Heap before GC invocations=884 (full 77):
 par new generation   total 9216K, used 8426K [0x00000000e3400000, 0x00000000e3e00000, 0x00000000ecca0000)
  eden space 8192K, 100% used [0x00000000e3400000, 0x00000000e3c00000, 0x00000000e3c00000)
  from space 1024K,  22% used [0x00000000e3c00000, 0x00000000e3c3a818, 0x00000000e3d00000)
  to   space 1024K,   0% used [0x00000000e3d00000, 0x00000000e3d00000, 0x00000000e3e00000)
 concurrent mark-sweep generation total 97404K, used 58440K [0x00000000ecca0000, 0x00000000f2bbf000, 0x0000000100000000)
 Metaspace       used 68026K, capacity 71160K, committed 71552K, reserved 1112064K
  class space    used 8670K, capacity 9268K, committed 9344K, reserved 1048576K
2020-11-07T19:59:03.360+0800: 70.037: [GC (Allocation Failure) 2020-11-07T19:59:03.360+0800: 70.037: [ParNew: 8426K->218K(9216K), 0.0245303 secs] 66866K->58676K(106620K), 0.0246021 secs] [Times: user=0.02 sys=0.00, real=0.03 secs] 
Heap after GC invocations=885 (full 77):
 par new generation   total 9216K, used 218K [0x00000000e3400000, 0x00000000e3e00000, 0x00000000ecca0000)
  eden space 8192K,   0% used [0x00000000e3400000, 0x00000000e3400000, 0x00000000e3c00000)
  from space 1024K,  21% used [0x00000000e3d00000, 0x00000000e3d368d0, 0x00000000e3e00000)
  to   space 1024K,   0% used [0x00000000e3c00000, 0x00000000e3c00000, 0x00000000e3d00000)
 concurrent mark-sweep generation total 97404K, used 58458K [0x00000000ecca0000, 0x00000000f2bbf000, 0x0000000100000000)
 Metaspace       used 68026K, capacity 71160K, committed 71552K, reserved 1112064K
  class space    used 8670K, capacity 9268K, committed 9344K, reserved 1048576K
}
2020-11-07T19:59:03.389+0800: 70.066: Application time: 0.0042122 seconds
2020-11-07T19:59:03.389+0800: 70.066: [GC (CMS Initial Mark) [1 CMS-initial-mark: 58458K(97404K)] 59680K(106620K), 0.0047167 secs] [Times: user=0.00 sys=0.00, real=0.00 secs] 
2020-11-07T19:59:03.394+0800: 70.071: [CMS-concurrent-mark-start]
2020-11-07T19:59:03.422+0800: 70.098: Application time: 0.0276562 seconds
{Heap before GC invocations=885 (full 78):
 par new generation   total 9216K, used 8410K [0x00000000e3400000, 0x00000000e3e00000, 0x00000000ecca0000)
  eden space 8192K, 100% used [0x00000000e3400000, 0x00000000e3c00000, 0x00000000e3c00000)
  from space 1024K,  21% used [0x00000000e3d00000, 0x00000000e3d368d0, 0x00000000e3e00000)
  to   space 1024K,   0% used [0x00000000e3c00000, 0x00000000e3c00000, 0x00000000e3d00000)
 concurrent mark-sweep generation total 97404K, used 58458K [0x00000000ecca0000, 0x00000000f2bbf000, 0x0000000100000000)
 Metaspace       used 68032K, capacity 71192K, committed 71552K, reserved 1112064K
  class space    used 8672K, capacity 9300K, committed 9344K, reserved 1048576K
2020-11-07T19:59:03.422+0800: 70.099: [GC (Allocation Failure) 2020-11-07T19:59:03.422+0800: 70.099: [ParNew: 8410K->270K(9216K), 0.2239260 secs] 66868K->58749K(106620K), 0.2240091 secs] [Times: user=0.21 sys=0.01, real=0.23 secs] 
Heap after GC invocations=886 (full 78):
 par new generation   total 9216K, used 270K [0x00000000e3400000, 0x00000000e3e00000, 0x00000000ecca0000)
  eden space 8192K,   0% used [0x00000000e3400000, 0x00000000e3400000, 0x00000000e3c00000)
  from space 1024K,  26% used [0x00000000e3c00000, 0x00000000e3c43b80, 0x00000000e3d00000)
  to   space 1024K,   0% used [0x00000000e3d00000, 0x00000000e3d00000, 0x00000000e3e00000)
 concurrent mark-sweep generation total 97404K, used 58478K [0x00000000ecca0000, 0x00000000f2bbf000, 0x0000000100000000)
 Metaspace       used 68032K, capacity 71192K, committed 71552K, reserved 1112064K
  class space    used 8672K, capacity 9300K, committed 9344K, reserved 1048576K
}
2020-11-07T19:59:03.662+0800: 70.339: Application time: 0.0162684 seconds
{Heap before GC invocations=886 (full 78):
 par new generation   total 9216K, used 8462K [0x00000000e3400000, 0x00000000e3e00000, 0x00000000ecca0000)
  eden space 8192K, 100% used [0x00000000e3400000, 0x00000000e3c00000, 0x00000000e3c00000)
  from space 1024K,  26% used [0x00000000e3c00000, 0x00000000e3c43b80, 0x00000000e3d00000)
  to   space 1024K,   0% used [0x00000000e3d00000, 0x00000000e3d00000, 0x00000000e3e00000)
 concurrent mark-sweep generation total 97404K, used 58478K [0x00000000ecca0000, 0x00000000f2bbf000, 0x0000000100000000)
 Metaspace       used 68032K, capacity 71192K, committed 71552K, reserved 1112064K
  class space    used 8672K, capacity 9300K, committed 9344K, reserved 1048576K
2020-11-07T19:59:03.662+0800: 70.339: [GC (Allocation Failure) 2020-11-07T19:59:03.662+0800: 70.339: [ParNew: 8462K->187K(9216K), 0.0216107 secs] 66941K->58676K(106620K), 0.0216636 secs] [Times: user=0.02 sys=0.00, real=0.02 secs] 
Heap after GC invocations=887 (full 78):
 par new generation   total 9216K, used 187K [0x00000000e3400000, 0x00000000e3e00000, 0x00000000ecca0000)
  eden space 8192K,   0% used [0x00000000e3400000, 0x00000000e3400000, 0x00000000e3c00000)
  from space 1024K,  18% used [0x00000000e3d00000, 0x00000000e3d2eee0, 0x00000000e3e00000)
  to   space 1024K,   0% used [0x00000000e3c00000, 0x00000000e3c00000, 0x00000000e3d00000)
 concurrent mark-sweep generation total 97404K, used 58488K [0x00000000ecca0000, 0x00000000f2bbf000, 0x0000000100000000)
 Metaspace       used 68032K, capacity 71192K, committed 71552K, reserved 1112064K
  class space    used 8672K, capacity 9300K, committed 9344K, reserved 1048576K
}
2020-11-07T19:59:03.723+0800: 70.399: Application time: 0.0385645 seconds
{Heap before GC invocations=887 (full 78):
 par new generation   total 9216K, used 8379K [0x00000000e3400000, 0x00000000e3e00000, 0x00000000ecca0000)
  eden space 8192K, 100% used [0x00000000e3400000, 0x00000000e3c00000, 0x00000000e3c00000)
  from space 1024K,  18% used [0x00000000e3d00000, 0x00000000e3d2eee0, 0x00000000e3e00000)
  to   space 1024K,   0% used [0x00000000e3c00000, 0x00000000e3c00000, 0x00000000e3d00000)
 concurrent mark-sweep generation total 97404K, used 58488K [0x00000000ecca0000, 0x00000000f2bbf000, 0x0000000100000000)
 Metaspace       used 68051K, capacity 71192K, committed 71552K, reserved 1112064K
  class space    used 8675K, capacity 9300K, committed 9344K, reserved 1048576K
2020-11-07T19:59:03.723+0800: 70.399: [GC (Allocation Failure) 2020-11-07T19:59:03.723+0800: 70.400: [ParNew: 8379K->281K(9216K), 0.0132494 secs] 66868K->58786K(106620K), 0.0133245 secs] [Times: user=0.01 sys=0.00, real=0.02 secs] 
Heap after GC invocations=888 (full 78):
 par new generation   total 9216K, used 281K [0x00000000e3400000, 0x00000000e3e00000, 0x00000000ecca0000)
  eden space 8192K,   0% used [0x00000000e3400000, 0x00000000e3400000, 0x00000000e3c00000)
  from space 1024K,  27% used [0x00000000e3c00000, 0x00000000e3c466c8, 0x00000000e3d00000)
  to   space 1024K,   0% used [0x00000000e3d00000, 0x00000000e3d00000, 0x00000000e3e00000)
 concurrent mark-sweep generation total 97404K, used 58504K [0x00000000ecca0000, 0x00000000f2bbf000, 0x0000000100000000)
 Metaspace       used 68051K, capacity 71192K, committed 71552K, reserved 1112064K
  class space    used 8675K, capacity 9300K, committed 9344K, reserved 1048576K
}
2020-11-07T19:59:03.749+0800: 70.426: Application time: 0.0131678 seconds
{Heap before GC invocations=888 (full 78):
 par new generation   total 9216K, used 8473K [0x00000000e3400000, 0x00000000e3e00000, 0x00000000ecca0000)
  eden space 8192K, 100% used [0x00000000e3400000, 0x00000000e3c00000, 0x00000000e3c00000)
  from space 1024K,  27% used [0x00000000e3c00000, 0x00000000e3c466c8, 0x00000000e3d00000)
  to   space 1024K,   0% used [0x00000000e3d00000, 0x00000000e3d00000, 0x00000000e3e00000)
 concurrent mark-sweep generation total 97404K, used 58504K [0x00000000ecca0000, 0x00000000f2bbf000, 0x0000000100000000)
 Metaspace       used 68051K, capacity 71192K, committed 71552K, reserved 1112064K
  class space    used 8675K, capacity 9300K, committed 9344K, reserved 1048576K
2020-11-07T19:59:03.750+0800: 70.426: [GC (Allocation Failure) 2020-11-07T19:59:03.750+0800: 70.426: [ParNew: 8473K->257K(9216K), 0.0125606 secs] 66978K->58787K(106620K), 0.0126181 secs] [Times: user=0.01 sys=0.00, real=0.01 secs] 
Heap after GC invocations=889 (full 78):
 par new generation   total 9216K, used 257K [0x00000000e3400000, 0x00000000e3e00000, 0x00000000ecca0000)
  eden space 8192K,   0% used [0x00000000e3400000, 0x00000000e3400000, 0x00000000e3c00000)
  from space 1024K,  25% used [0x00000000e3d00000, 0x00000000e3d407e0, 0x00000000e3e00000)
  to   space 1024K,   0% used [0x00000000e3c00000, 0x00000000e3c00000, 0x00000000e3d00000)
 concurrent mark-sweep generation total 97404K, used 58529K [0x00000000ecca0000, 0x00000000f2bbf000, 0x0000000100000000)
 Metaspace       used 68051K, capacity 71192K, committed 71552K, reserved 1112064K
  class space    used 8675K, capacity 9300K, committed 9344K, reserved 1048576K
}
2020-11-07T19:59:03.785+0800: 70.462: Application time: 0.0229389 seconds
{Heap before GC invocations=889 (full 78):
 par new generation   total 9216K, used 8449K [0x00000000e3400000, 0x00000000e3e00000, 0x00000000ecca0000)
  eden space 8192K, 100% used [0x00000000e3400000, 0x00000000e3c00000, 0x00000000e3c00000)
  from space 1024K,  25% used [0x00000000e3d00000, 0x00000000e3d407e0, 0x00000000e3e00000)
  to   space 1024K,   0% used [0x00000000e3c00000, 0x00000000e3c00000, 0x00000000e3d00000)
 concurrent mark-sweep generation total 97404K, used 58529K [0x00000000ecca0000, 0x00000000f2bbf000, 0x0000000100000000)
 Metaspace       used 68056K, capacity 71192K, committed 71552K, reserved 1112064K
  class space    used 8676K, capacity 9300K, committed 9344K, reserved 1048576K
2020-11-07T19:59:03.785+0800: 70.462: [GC (Allocation Failure) 2020-11-07T19:59:03.785+0800: 70.462: [ParNew: 8449K->327K(9216K), 0.0138340 secs] 66979K->58859K(106620K), 0.0138903 secs] [Times: user=0.02 sys=0.00, real=0.01 secs] 
Heap after GC invocations=890 (full 78):
 par new generation   total 9216K, used 327K [0x00000000e3400000, 0x00000000e3e00000, 0x00000000ecca0000)
  eden space 8192K,   0% used [0x00000000e3400000, 0x00000000e3400000, 0x00000000e3c00000)
  from space 1024K,  31% used [0x00000000e3c00000, 0x00000000e3c51c98, 0x00000000e3d00000)
  to   space 1024K,   0% used [0x00000000e3d00000, 0x00000000e3d00000, 0x00000000e3e00000)
 concurrent mark-sweep generation total 97404K, used 58532K [0x00000000ecca0000, 0x00000000f2bbf000, 0x0000000100000000)
 Metaspace       used 68056K, capacity 71192K, committed 71552K, reserved 1112064K
  class space    used 8676K, capacity 9300K, committed 9344K, reserved 1048576K
}
2020-11-07T19:59:03.823+0800: 70.499: Application time: 0.0233328 seconds
{Heap before GC invocations=890 (full 78):
 par new generation   total 9216K, used 8519K [0x00000000e3400000, 0x00000000e3e00000, 0x00000000ecca0000)
  eden space 8192K, 100% used [0x00000000e3400000, 0x00000000e3c00000, 0x00000000e3c00000)
  from space 1024K,  31% used [0x00000000e3c00000, 0x00000000e3c51c98, 0x00000000e3d00000)
  to   space 1024K,   0% used [0x00000000e3d00000, 0x00000000e3d00000, 0x00000000e3e00000)
 concurrent mark-sweep generation total 97404K, used 58532K [0x00000000ecca0000, 0x00000000f2bbf000, 0x0000000100000000)
 Metaspace       used 68056K, capacity 71192K, committed 71552K, reserved 1112064K
  class space    used 8676K, capacity 9300K, committed 9344K, reserved 1048576K
2020-11-07T19:59:03.823+0800: 70.500: [GC (Allocation Failure) 2020-11-07T19:59:03.823+0800: 70.500: [ParNew: 8519K->285K(9216K), 0.0126039 secs] 67051K->58849K(106620K), 0.0126681 secs] [Times: user=0.01 sys=0.00, real=0.02 secs] 
Heap after GC invocations=891 (full 78):
 par new generation   total 9216K, used 285K [0x00000000e3400000, 0x00000000e3e00000, 0x00000000ecca0000)
  eden space 8192K,   0% used [0x00000000e3400000, 0x00000000e3400000, 0x00000000e3c00000)
  from space 1024K,  27% used [0x00000000e3d00000, 0x00000000e3d476f8, 0x00000000e3e00000)
  to   space 1024K,   0% used [0x00000000e3c00000, 0x00000000e3c00000, 0x00000000e3d00000)
 concurrent mark-sweep generation total 97404K, used 58563K [0x00000000ecca0000, 0x00000000f2bbf000, 0x0000000100000000)
 Metaspace       used 68056K, capacity 71192K, committed 71552K, reserved 1112064K
  class space    used 8676K, capacity 9300K, committed 9344K, reserved 1048576K
}
2020-11-07T19:59:03.870+0800: 70.547: Application time: 0.0345280 seconds
{Heap before GC invocations=891 (full 78):
 par new generation   total 9216K, used 8477K [0x00000000e3400000, 0x00000000e3e00000, 0x00000000ecca0000)
  eden space 8192K, 100% used [0x00000000e3400000, 0x00000000e3c00000, 0x00000000e3c00000)
  from space 1024K,  27% used [0x00000000e3d00000, 0x00000000e3d476f8, 0x00000000e3e00000)
  to   space 1024K,   0% used [0x00000000e3c00000, 0x00000000e3c00000, 0x00000000e3d00000)
 concurrent mark-sweep generation total 97404K, used 58563K [0x00000000ecca0000, 0x00000000f2bbf000, 0x0000000100000000)
 Metaspace       used 68106K, capacity 71256K, committed 71552K, reserved 1112064K
  class space    used 8685K, capacity 9300K, committed 9344K, reserved 1048576K
2020-11-07T19:59:03.870+0800: 70.547: [GC (Allocation Failure) 2020-11-07T19:59:03.870+0800: 70.547: [ParNew: 8477K->361K(9216K), 0.0111250 secs] 67041K->58925K(106620K), 0.0111788 secs] [Times: user=0.01 sys=0.00, real=0.01 secs] 
Heap after GC invocations=892 (full 78):
 par new generation   total 9216K, used 361K [0x00000000e3400000, 0x00000000e3e00000, 0x00000000ecca0000)
  eden space 8192K,   0% used [0x00000000e3400000, 0x00000000e3400000, 0x00000000e3c00000)
  from space 1024K,  35% used [0x00000000e3c00000, 0x00000000e3c5a560, 0x00000000e3d00000)
  to   space 1024K,   0% used [0x00000000e3d00000, 0x00000000e3d00000, 0x00000000e3e00000)
 concurrent mark-sweep generation total 97404K, used 58563K [0x00000000ecca0000, 0x00000000f2bbf000, 0x0000000100000000)
 Metaspace       used 68106K, capacity 71256K, committed 71552K, reserved 1112064K
  class space    used 8685K, capacity 9300K, committed 9344K, reserved 1048576K
}
2020-11-07T19:59:03.901+0800: 70.578: Application time: 0.0199902 seconds
{Heap before GC invocations=892 (full 78):
 par new generation   total 9216K, used 8553K [0x00000000e3400000, 0x00000000e3e00000, 0x00000000ecca0000)
  eden space 8192K, 100% used [0x00000000e3400000, 0x00000000e3c00000, 0x00000000e3c00000)
  from space 1024K,  35% used [0x00000000e3c00000, 0x00000000e3c5a560, 0x00000000e3d00000)
  to   space 1024K,   0% used [0x00000000e3d00000, 0x00000000e3d00000, 0x00000000e3e00000)
 concurrent mark-sweep generation total 97404K, used 58563K [0x00000000ecca0000, 0x00000000f2bbf000, 0x0000000100000000)
 Metaspace       used 68106K, capacity 71256K, committed 71552K, reserved 1112064K
  class space    used 8685K, capacity 9300K, committed 9344K, reserved 1048576K
2020-11-07T19:59:03.902+0800: 70.578: [GC (Allocation Failure) 2020-11-07T19:59:03.902+0800: 70.578: [ParNew: 8553K->303K(9216K), 0.0244838 secs] 67117K->58897K(106620K), 0.0245519 secs] [Times: user=0.02 sys=0.00, real=0.03 secs] 
Heap after GC invocations=893 (full 78):
 par new generation   total 9216K, used 303K [0x00000000e3400000, 0x00000000e3e00000, 0x00000000ecca0000)
  eden space 8192K,   0% used [0x00000000e3400000, 0x00000000e3400000, 0x00000000e3c00000)
  from space 1024K,  29% used [0x00000000e3d00000, 0x00000000e3d4be38, 0x00000000e3e00000)
  to   space 1024K,   0% used [0x00000000e3c00000, 0x00000000e3c00000, 0x00000000e3d00000)
 concurrent mark-sweep generation total 97404K, used 58594K [0x00000000ecca0000, 0x00000000f2bbf000, 0x0000000100000000)
 Metaspace       used 68106K, capacity 71256K, committed 71552K, reserved 1112064K
  class space    used 8685K, capacity 9300K, committed 9344K, reserved 1048576K
}
2020-11-07T19:59:03.960+0800: 70.637: Application time: 0.0336183 seconds
{Heap before GC invocations=893 (full 78):
 par new generation   total 9216K, used 8495K [0x00000000e3400000, 0x00000000e3e00000, 0x00000000ecca0000)
  eden space 8192K, 100% used [0x00000000e3400000, 0x00000000e3c00000, 0x00000000e3c00000)
  from space 1024K,  29% used [0x00000000e3d00000, 0x00000000e3d4be38, 0x00000000e3e00000)
  to   space 1024K,   0% used [0x00000000e3c00000, 0x00000000e3c00000, 0x00000000e3d00000)
 concurrent mark-sweep generation total 97404K, used 58594K [0x00000000ecca0000, 0x00000000f2bbf000, 0x0000000100000000)
 Metaspace       used 68106K, capacity 71256K, committed 71552K, reserved 1112064K
  class space    used 8685K, capacity 9300K, committed 9344K, reserved 1048576K
2020-11-07T19:59:03.960+0800: 70.637: [GC (Allocation Failure) 2020-11-07T19:59:03.960+0800: 70.637: [ParNew: 8495K->342K(9216K), 0.0187053 secs] 67089K->58936K(106620K), 0.0187628 secs] [Times: user=0.02 sys=0.00, real=0.02 secs] 
Heap after GC invocations=894 (full 78):
 par new generation   total 9216K, used 342K [0x00000000e3400000, 0x00000000e3e00000, 0x00000000ecca0000)
  eden space 8192K,   0% used [0x00000000e3400000, 0x00000000e3400000, 0x00000000e3c00000)
  from space 1024K,  33% used [0x00000000e3c00000, 0x00000000e3c55800, 0x00000000e3d00000)
  to   space 1024K,   0% used [0x00000000e3d00000, 0x00000000e3d00000, 0x00000000e3e00000)
 concurrent mark-sweep generation total 97404K, used 58594K [0x00000000ecca0000, 0x00000000f2bbf000, 0x0000000100000000)
 Metaspace       used 68106K, capacity 71256K, committed 71552K, reserved 1112064K
  class space    used 8685K, capacity 9300K, committed 9344K, reserved 1048576K
}
2020-11-07T19:59:03.995+0800: 70.672: Application time: 0.0162649 seconds
{Heap before GC invocations=894 (full 78):
 par new generation   total 9216K, used 8534K [0x00000000e3400000, 0x00000000e3e00000, 0x00000000ecca0000)
  eden space 8192K, 100% used [0x00000000e3400000, 0x00000000e3c00000, 0x00000000e3c00000)
  from space 1024K,  33% used [0x00000000e3c00000, 0x00000000e3c55800, 0x00000000e3d00000)
  to   space 1024K,   0% used [0x00000000e3d00000, 0x00000000e3d00000, 0x00000000e3e00000)
 concurrent mark-sweep generation total 97404K, used 58594K [0x00000000ecca0000, 0x00000000f2bbf000, 0x0000000100000000)
 Metaspace       used 68106K, capacity 71256K, committed 71552K, reserved 1112064K
  class space    used 8685K, capacity 9300K, committed 9344K, reserved 1048576K
2020-11-07T19:59:03.995+0800: 70.672: [GC (Allocation Failure) 2020-11-07T19:59:03.995+0800: 70.672: [ParNew: 8534K->267K(9216K), 0.0143548 secs] 67128K->58920K(106620K), 0.0144490 secs] [Times: user=0.01 sys=0.00, real=0.01 secs] 
Heap after GC invocations=895 (full 78):
 par new generation   total 9216K, used 267K [0x00000000e3400000, 0x00000000e3e00000, 0x00000000ecca0000)
  eden space 8192K,   0% used [0x00000000e3400000, 0x00000000e3400000, 0x00000000e3c00000)
  from space 1024K,  26% used [0x00000000e3d00000, 0x00000000e3d42da0, 0x00000000e3e00000)
  to   space 1024K,   0% used [0x00000000e3c00000, 0x00000000e3c00000, 0x00000000e3d00000)
 concurrent mark-sweep generation total 97404K, used 58652K [0x00000000ecca0000, 0x00000000f2bbf000, 0x0000000100000000)
 Metaspace       used 68106K, capacity 71256K, committed 71552K, reserved 1112064K
  class space    used 8685K, capacity 9300K, committed 9344K, reserved 1048576K
}
2020-11-07T19:59:04.037+0800: 70.714: Application time: 0.0270797 seconds
{Heap before GC invocations=895 (full 78):
 par new generation   total 9216K, used 8459K [0x00000000e3400000, 0x00000000e3e00000, 0x00000000ecca0000)
  eden space 8192K, 100% used [0x00000000e3400000, 0x00000000e3c00000, 0x00000000e3c00000)
  from space 1024K,  26% used [0x00000000e3d00000, 0x00000000e3d42da0, 0x00000000e3e00000)
  to   space 1024K,   0% used [0x00000000e3c00000, 0x00000000e3c00000, 0x00000000e3d00000)
 concurrent mark-sweep generation total 97404K, used 58652K [0x00000000ecca0000, 0x00000000f2bbf000, 0x0000000100000000)
 Metaspace       used 68110K, capacity 71256K, committed 71552K, reserved 1112064K
  class space    used 8686K, capacity 9300K, committed 9344K, reserved 1048576K
2020-11-07T19:59:04.037+0800: 70.714: [GC (Allocation Failure) 2020-11-07T19:59:04.037+0800: 70.714: [ParNew: 8459K->289K(9216K), 0.0223390 secs] 67112K->58942K(106620K), 0.0223964 secs] [Times: user=0.02 sys=0.00, real=0.02 secs] 
Heap after GC invocations=896 (full 78):
 par new generation   total 9216K, used 289K [0x00000000e3400000, 0x00000000e3e00000, 0x00000000ecca0000)
  eden space 8192K,   0% used [0x00000000e3400000, 0x00000000e3400000, 0x00000000e3c00000)
  from space 1024K,  28% used [0x00000000e3c00000, 0x00000000e3c485a8, 0x00000000e3d00000)
  to   space 1024K,   0% used [0x00000000e3d00000, 0x00000000e3d00000, 0x00000000e3e00000)
 concurrent mark-sweep generation total 97404K, used 58652K [0x00000000ecca0000, 0x00000000f2bbf000, 0x0000000100000000)
 Metaspace       used 68110K, capacity 71256K, committed 71552K, reserved 1112064K
  class space    used 8686K, capacity 9300K, committed 9344K, reserved 1048576K
}
2020-11-07T19:59:04.094+0800: 70.771: Application time: 0.0346299 seconds
{Heap before GC invocations=896 (full 78):
 par new generation   total 9216K, used 8481K [0x00000000e3400000, 0x00000000e3e00000, 0x00000000ecca0000)
  eden space 8192K, 100% used [0x00000000e3400000, 0x00000000e3c00000, 0x00000000e3c00000)
  from space 1024K,  28% used [0x00000000e3c00000, 0x00000000e3c485a8, 0x00000000e3d00000)
  to   space 1024K,   0% used [0x00000000e3d00000, 0x00000000e3d00000, 0x00000000e3e00000)
 concurrent mark-sweep generation total 97404K, used 58652K [0x00000000ecca0000, 0x00000000f2bbf000, 0x0000000100000000)
 Metaspace       used 68165K, capacity 71320K, committed 71552K, reserved 1112064K
  class space    used 8696K, capacity 9300K, committed 9344K, reserved 1048576K
2020-11-07T19:59:04.094+0800: 70.771: [GC (Allocation Failure) 2020-11-07T19:59:04.095+0800: 70.771: [ParNew: 8481K->505K(9216K), 0.0158924 secs] 67134K->59202K(106620K), 0.0159626 secs] [Times: user=0.02 sys=0.00, real=0.01 secs] 
Heap after GC invocations=897 (full 78):
 par new generation   total 9216K, used 505K [0x00000000e3400000, 0x00000000e3e00000, 0x00000000ecca0000)
  eden space 8192K,   0% used [0x00000000e3400000, 0x00000000e3400000, 0x00000000e3c00000)
  from space 1024K,  49% used [0x00000000e3d00000, 0x00000000e3d7e588, 0x00000000e3e00000)
  to   space 1024K,   0% used [0x00000000e3c00000, 0x00000000e3c00000, 0x00000000e3d00000)
 concurrent mark-sweep generation total 97404K, used 58697K [0x00000000ecca0000, 0x00000000f2bbf000, 0x0000000100000000)
 Metaspace       used 68165K, capacity 71320K, committed 71552K, reserved 1112064K
  class space    used 8696K, capacity 9300K, committed 9344K, reserved 1048576K
}
2020-11-07T19:59:04.119+0800: 70.796: [CMS-concurrent-mark: 0.288/0.725 secs] [Times: user=0.69 sys=0.01, real=0.73 secs] 
2020-11-07T19:59:04.119+0800: 70.796: [CMS-concurrent-preclean-start]
2020-11-07T19:59:04.132+0800: 70.809: Application time: 0.0214424 seconds
{Heap before GC invocations=897 (full 78):
 par new generation   total 9216K, used 8697K [0x00000000e3400000, 0x00000000e3e00000, 0x00000000ecca0000)
  eden space 8192K, 100% used [0x00000000e3400000, 0x00000000e3c00000, 0x00000000e3c00000)
  from space 1024K,  49% used [0x00000000e3d00000, 0x00000000e3d7e588, 0x00000000e3e00000)
  to   space 1024K,   0% used [0x00000000e3c00000, 0x00000000e3c00000, 0x00000000e3d00000)
 concurrent mark-sweep generation total 97404K, used 58697K [0x00000000ecca0000, 0x00000000f2bbf000, 0x0000000100000000)
 Metaspace       used 68168K, capacity 71320K, committed 71552K, reserved 1112064K
  class space    used 8696K, capacity 9300K, committed 9344K, reserved 1048576K
2020-11-07T19:59:04.132+0800: 70.809: [GC (Allocation Failure) 2020-11-07T19:59:04.132+0800: 70.809: [ParNew: 8697K->371K(9216K), 0.0138078 secs] 67394K->59069K(106620K), 0.0138917 secs] [Times: user=0.01 sys=0.00, real=0.02 secs] 
Heap after GC invocations=898 (full 78):
 par new generation   total 9216K, used 371K [0x00000000e3400000, 0x00000000e3e00000, 0x00000000ecca0000)
  eden space 8192K,   0% used [0x00000000e3400000, 0x00000000e3400000, 0x00000000e3c00000)
  from space 1024K,  36% used [0x00000000e3c00000, 0x00000000e3c5ce40, 0x00000000e3d00000)
  to   space 1024K,   0% used [0x00000000e3d00000, 0x00000000e3d00000, 0x00000000e3e00000)
 concurrent mark-sweep generation total 97404K, used 58697K [0x00000000ecca0000, 0x00000000f2bbf000, 0x0000000100000000)
 Metaspace       used 68168K, capacity 71320K, committed 71552K, reserved 1112064K
  class space    used 8696K, capacity 9300K, committed 9344K, reserved 1048576K
}
2020-11-07T19:59:04.152+0800: 70.829: [CMS-concurrent-preclean: 0.018/0.033 secs] [Times: user=0.03 sys=0.00, real=0.03 secs] 
2020-11-07T19:59:04.158+0800: 70.834: Application time: 0.0114747 seconds
2020-11-07T19:59:04.158+0800: 70.834: [GC (CMS Final Remark) [YG occupancy: 4644 K (9216 K)]2020-11-07T19:59:04.158+0800: 70.834: [Rescan (parallel) , 0.0135324 secs]2020-11-07T19:59:04.171+0800: 70.848: [weak refs processing, 0.0017742 secs]2020-11-07T19:59:04.173+0800: 70.850: [class unloading, 0.0245530 secs]2020-11-07T19:59:04.198+0800: 70.874: [scrub symbol table, 0.0296761 secs]2020-11-07T19:59:04.227+0800: 70.904: [scrub string table, 0.0020978 secs][1 CMS-remark: 58697K(97404K)] 63341K(106620K), 0.0801053 secs] [Times: user=0.08 sys=0.00, real=0.08 secs] 
2020-11-07T19:59:04.243+0800: 70.920: [CMS-concurrent-sweep-start]
2020-11-07T19:59:04.252+0800: 70.928: Application time: 0.0138497 seconds
{Heap before GC invocations=898 (full 78):
 par new generation   total 9216K, used 8563K [0x00000000e3400000, 0x00000000e3e00000, 0x00000000ecca0000)
  eden space 8192K, 100% used [0x00000000e3400000, 0x00000000e3c00000, 0x00000000e3c00000)
  from space 1024K,  36% used [0x00000000e3c00000, 0x00000000e3c5ce40, 0x00000000e3d00000)
  to   space 1024K,   0% used [0x00000000e3d00000, 0x00000000e3d00000, 0x00000000e3e00000)
 concurrent mark-sweep generation total 97404K, used 58696K [0x00000000ecca0000, 0x00000000f2bbf000, 0x0000000100000000)
 Metaspace       used 68172K, capacity 71320K, committed 71552K, reserved 1112064K
  class space    used 8696K, capacity 9300K, committed 9344K, reserved 1048576K
2020-11-07T19:59:04.252+0800: 70.929: [GC (Allocation Failure) 2020-11-07T19:59:04.252+0800: 70.929: [ParNew: 8563K->388K(9216K), 0.0402359 secs] 67259K->59139K(106620K), 0.0403157 secs] [Times: user=0.04 sys=0.00, real=0.04 secs] 
Heap after GC invocations=899 (full 78):
 par new generation   total 9216K, used 388K [0x00000000e3400000, 0x00000000e3e00000, 0x00000000ecca0000)
  eden space 8192K,   0% used [0x00000000e3400000, 0x00000000e3400000, 0x00000000e3c00000)
  from space 1024K,  37% used [0x00000000e3d00000, 0x00000000e3d61238, 0x00000000e3e00000)
  to   space 1024K,   0% used [0x00000000e3c00000, 0x00000000e3c00000, 0x00000000e3d00000)
 concurrent mark-sweep generation total 97404K, used 58751K [0x00000000ecca0000, 0x00000000f2bbf000, 0x0000000100000000)
 Metaspace       used 68172K, capacity 71320K, committed 71552K, reserved 1112064K
  class space    used 8696K, capacity 9300K, committed 9344K, reserved 1048576K
}
2020-11-07T19:59:04.326+0800: 71.002: Application time: 0.0332380 seconds
{Heap before GC invocations=899 (full 78):
 par new generation   total 9216K, used 8580K [0x00000000e3400000, 0x00000000e3e00000, 0x00000000ecca0000)
  eden space 8192K, 100% used [0x00000000e3400000, 0x00000000e3c00000, 0x00000000e3c00000)
  from space 1024K,  37% used [0x00000000e3d00000, 0x00000000e3d61238, 0x00000000e3e00000)
  to   space 1024K,   0% used [0x00000000e3c00000, 0x00000000e3c00000, 0x00000000e3d00000)
 concurrent mark-sweep generation total 97404K, used 58750K [0x00000000ecca0000, 0x00000000f2bbf000, 0x0000000100000000)
 Metaspace       used 68176K, capacity 71326K, committed 71552K, reserved 1112064K
  class space    used 8697K, capacity 9301K, committed 9344K, reserved 1048576K
2020-11-07T19:59:04.326+0800: 71.002: [GC (Allocation Failure) 2020-11-07T19:59:04.326+0800: 71.002: [ParNew: 8580K->348K(9216K), 0.0196790 secs] 67330K->59107K(106620K), 0.0197427 secs] [Times: user=0.02 sys=0.00, real=0.02 secs] 
Heap after GC invocations=900 (full 78):
 par new generation   total 9216K, used 348K [0x00000000e3400000, 0x00000000e3e00000, 0x00000000ecca0000)
  eden space 8192K,   0% used [0x00000000e3400000, 0x00000000e3400000, 0x00000000e3c00000)
  from space 1024K,  34% used [0x00000000e3c00000, 0x00000000e3c57170, 0x00000000e3d00000)
  to   space 1024K,   0% used [0x00000000e3d00000, 0x00000000e3d00000, 0x00000000e3e00000)
 concurrent mark-sweep generation total 97404K, used 58759K [0x00000000ecca0000, 0x00000000f2bbf000, 0x0000000100000000)
 Metaspace       used 68176K, capacity 71326K, committed 71552K, reserved 1112064K
  class space    used 8697K, capacity 9301K, committed 9344K, reserved 1048576K
}
2020-11-07T19:59:04.360+0800: 71.037: Application time: 0.0144301 seconds
{Heap before GC invocations=900 (full 78):
 par new generation   total 9216K, used 8540K [0x00000000e3400000, 0x00000000e3e00000, 0x00000000ecca0000)
  eden space 8192K, 100% used [0x00000000e3400000, 0x00000000e3c00000, 0x00000000e3c00000)
  from space 1024K,  34% used [0x00000000e3c00000, 0x00000000e3c57170, 0x00000000e3d00000)
  to   space 1024K,   0% used [0x00000000e3d00000, 0x00000000e3d00000, 0x00000000e3e00000)
 concurrent mark-sweep generation total 97404K, used 58757K [0x00000000ecca0000, 0x00000000f2bbf000, 0x0000000100000000)
 Metaspace       used 68176K, capacity 71326K, committed 71552K, reserved 1112064K
  class space    used 8697K, capacity 9301K, committed 9344K, reserved 1048576K
2020-11-07T19:59:04.360+0800: 71.037: [GC (Allocation Failure) 2020-11-07T19:59:04.360+0800: 71.037: [ParNew: 8540K->363K(9216K), 0.0205708 secs] 67298K->59142K(106620K), 0.0206240 secs] [Times: user=0.02 sys=0.01, real=0.02 secs] 
Heap after GC invocations=901 (full 78):
 par new generation   total 9216K, used 363K [0x00000000e3400000, 0x00000000e3e00000, 0x00000000ecca0000)
  eden space 8192K,   0% used [0x00000000e3400000, 0x00000000e3400000, 0x00000000e3c00000)
  from space 1024K,  35% used [0x00000000e3d00000, 0x00000000e3d5af78, 0x00000000e3e00000)
  to   space 1024K,   0% used [0x00000000e3c00000, 0x00000000e3c00000, 0x00000000e3d00000)
 concurrent mark-sweep generation total 97404K, used 58778K [0x00000000ecca0000, 0x00000000f2bbf000, 0x0000000100000000)
 Metaspace       used 68176K, capacity 71326K, committed 71552K, reserved 1112064K
  class space    used 8697K, capacity 9301K, committed 9344K, reserved 1048576K
}
2020-11-07T19:59:04.394+0800: 71.071: [CMS-concurrent-sweep: 0.056/0.151 secs] [Times: user=0.12 sys=0.01, real=0.15 secs] 
2020-11-07T19:59:04.403+0800: 71.080: Application time: 0.0221667 seconds
{Heap before GC invocations=901 (full 78):
 par new generation   total 9216K, used 8555K [0x00000000e3400000, 0x00000000e3e00000, 0x00000000ecca0000)
  eden space 8192K, 100% used [0x00000000e3400000, 0x00000000e3c00000, 0x00000000e3c00000)
  from space 1024K,  35% used [0x00000000e3d00000, 0x00000000e3d5af78, 0x00000000e3e00000)
  to   space 1024K,   0% used [0x00000000e3c00000, 0x00000000e3c00000, 0x00000000e3d00000)
 concurrent mark-sweep generation total 97404K, used 58755K [0x00000000ecca0000, 0x00000000f2bbf000, 0x0000000100000000)
 Metaspace       used 68172K, capacity 71320K, committed 71552K, reserved 1112064K
  class space    used 8696K, capacity 9300K, committed 9344K, reserved 1048576K
2020-11-07T19:59:04.403+0800: 71.080: [GC (Allocation Failure) 2020-11-07T19:59:04.403+0800: 71.080: [ParNew: 8555K->369K(9216K), 0.0345062 secs] 67311K->59143K(106620K), 0.0345840 secs] [Times: user=0.03 sys=0.00, real=0.04 secs] 
Heap after GC invocations=902 (full 78):
 par new generation   total 9216K, used 369K [0x00000000e3400000, 0x00000000e3e00000, 0x00000000ecca0000)
  eden space 8192K,   0% used [0x00000000e3400000, 0x00000000e3400000, 0x00000000e3c00000)
  from space 1024K,  36% used [0x00000000e3c00000, 0x00000000e3c5c620, 0x00000000e3d00000)
  to   space 1024K,   0% used [0x00000000e3d00000, 0x00000000e3d00000, 0x00000000e3e00000)
 concurrent mark-sweep generation total 97404K, used 58773K [0x00000000ecca0000, 0x00000000f2bbf000, 0x0000000100000000)
 Metaspace       used 68172K, capacity 71320K, committed 71552K, reserved 1112064K
  class space    used 8696K, capacity 9300K, committed 9344K, reserved 1048576K
}
2020-11-07T19:59:04.442+0800: 71.119: [CMS-concurrent-reset-start]
2020-11-07T19:59:04.443+0800: 71.120: [CMS-concurrent-reset: 0.001/0.001 secs] [Times: user=0.00 sys=0.00, real=0.00 secs] 
2020-11-07T19:59:04.451+0800: 71.128: Application time: 0.0136306 seconds
{Heap before GC invocations=902 (full 78):
 par new generation   total 9216K, used 8561K [0x00000000e3400000, 0x00000000e3e00000, 0x00000000ecca0000)
  eden space 8192K, 100% used [0x00000000e3400000, 0x00000000e3c00000, 0x00000000e3c00000)
  from space 1024K,  36% used [0x00000000e3c00000, 0x00000000e3c5c620, 0x00000000e3d00000)
  to   space 1024K,   0% used [0x00000000e3d00000, 0x00000000e3d00000, 0x00000000e3e00000)
 concurrent mark-sweep generation total 97960K, used 58773K [0x00000000ecca0000, 0x00000000f2c4a000, 0x0000000100000000)
 Metaspace       used 68172K, capacity 71320K, committed 71552K, reserved 1112064K
  class space    used 8696K, capacity 9300K, committed 9344K, reserved 1048576K
2020-11-07T19:59:04.452+0800: 71.128: [GC (Allocation Failure) 2020-11-07T19:59:04.452+0800: 71.128: [ParNew: 8561K->369K(9216K), 0.0275007 secs] 67335K->59179K(107176K), 0.0275744 secs] [Times: user=0.03 sys=0.00, real=0.03 secs] 
Heap after GC invocations=903 (full 78):
 par new generation   total 9216K, used 369K [0x00000000e3400000, 0x00000000e3e00000, 0x00000000ecca0000)
  eden space 8192K,   0% used [0x00000000e3400000, 0x00000000e3400000, 0x00000000e3c00000)
  from space 1024K,  36% used [0x00000000e3d00000, 0x00000000e3d5c7d8, 0x00000000e3e00000)
  to   space 1024K,   0% used [0x00000000e3c00000, 0x00000000e3c00000, 0x00000000e3d00000)
 concurrent mark-sweep generation total 97960K, used 58809K [0x00000000ecca0000, 0x00000000f2c4a000, 0x0000000100000000)
 Metaspace       used 68172K, capacity 71320K, committed 71552K, reserved 1112064K
  class space    used 8696K, capacity 9300K, committed 9344K, reserved 1048576K
}
2020-11-07T19:59:04.487+0800: 71.164: Application time: 0.0075837 seconds
2020-11-07T19:59:04.487+0800: 71.164: [GC (CMS Initial Mark) [1 CMS-initial-mark: 58809K(97960K)] 61657K(107176K), 0.0063022 secs] [Times: user=0.01 sys=0.00, real=0.00 secs] 
2020-11-07T19:59:04.493+0800: 71.170: [CMS-concurrent-mark-start]
2020-11-07T19:59:04.524+0800: 71.201: Application time: 0.0305787 seconds
{Heap before GC invocations=903 (full 79):
 par new generation   total 9216K, used 8561K [0x00000000e3400000, 0x00000000e3e00000, 0x00000000ecca0000)
  eden space 8192K, 100% used [0x00000000e3400000, 0x00000000e3c00000, 0x00000000e3c00000)
  from space 1024K,  36% used [0x00000000e3d00000, 0x00000000e3d5c7d8, 0x00000000e3e00000)
  to   space 1024K,   0% used [0x00000000e3c00000, 0x00000000e3c00000, 0x00000000e3d00000)
 concurrent mark-sweep generation total 97960K, used 58809K [0x00000000ecca0000, 0x00000000f2c4a000, 0x0000000100000000)
 Metaspace       used 68180K, capacity 71326K, committed 71552K, reserved 1112064K
  class space    used 8697K, capacity 9301K, committed 9344K, reserved 1048576K
2020-11-07T19:59:04.524+0800: 71.201: [GC (Allocation Failure) 2020-11-07T19:59:04.524+0800: 71.201: [ParNew: 8561K->352K(9216K), 0.0220841 secs] 67371K->59176K(107176K), 0.0221581 secs] [Times: user=0.02 sys=0.00, real=0.03 secs] 
Heap after GC invocations=904 (full 79):
 par new generation   total 9216K, used 352K [0x00000000e3400000, 0x00000000e3e00000, 0x00000000ecca0000)
  eden space 8192K,   0% used [0x00000000e3400000, 0x00000000e3400000, 0x00000000e3c00000)
  from space 1024K,  34% used [0x00000000e3c00000, 0x00000000e3c58200, 0x00000000e3d00000)
  to   space 1024K,   0% used [0x00000000e3d00000, 0x00000000e3d00000, 0x00000000e3e00000)
 concurrent mark-sweep generation total 97960K, used 58824K [0x00000000ecca0000, 0x00000000f2c4a000, 0x0000000100000000)
 Metaspace       used 68180K, capacity 71326K, committed 71552K, reserved 1112064K
  class space    used 8697K, capacity 9301K, committed 9344K, reserved 1048576K
}
2020-11-07T19:59:04.575+0800: 71.252: Application time: 0.0285598 seconds
2020-11-07T19:59:04.594+0800: 71.271: Application time: 0.0189067 seconds
2020-11-07T19:59:04.598+0800: 71.275: Application time: 0.0040279 seconds
{Heap before GC invocations=904 (full 79):
 par new generation   total 9216K, used 8544K [0x00000000e3400000, 0x00000000e3e00000, 0x00000000ecca0000)
  eden space 8192K, 100% used [0x00000000e3400000, 0x00000000e3c00000, 0x00000000e3c00000)
  from space 1024K,  34% used [0x00000000e3c00000, 0x00000000e3c58200, 0x00000000e3d00000)
  to   space 1024K,   0% used [0x00000000e3d00000, 0x00000000e3d00000, 0x00000000e3e00000)
 concurrent mark-sweep generation total 97960K, used 58824K [0x00000000ecca0000, 0x00000000f2c4a000, 0x0000000100000000)
 Metaspace       used 68201K, capacity 71326K, committed 71552K, reserved 1112064K
  class space    used 8699K, capacity 9301K, committed 9344K, reserved 1048576K
2020-11-07T19:59:04.598+0800: 71.275: [GC (Allocation Failure) 2020-11-07T19:59:04.598+0800: 71.275: [ParNew: 8544K->455K(9216K), 0.0405097 secs] 67368K->59319K(107176K), 0.0405661 secs] [Times: user=0.04 sys=0.00, real=0.04 secs] 
Heap after GC invocations=905 (full 79):
 par new generation   total 9216K, used 455K [0x00000000e3400000, 0x00000000e3e00000, 0x00000000ecca0000)
  eden space 8192K,   0% used [0x00000000e3400000, 0x00000000e3400000, 0x00000000e3c00000)
  from space 1024K,  44% used [0x00000000e3d00000, 0x00000000e3d71fe8, 0x00000000e3e00000)
  to   space 1024K,   0% used [0x00000000e3c00000, 0x00000000e3c00000, 0x00000000e3d00000)
 concurrent mark-sweep generation total 97960K, used 58863K [0x00000000ecca0000, 0x00000000f2c4a000, 0x0000000100000000)
 Metaspace       used 68201K, capacity 71326K, committed 71552K, reserved 1112064K
  class space    used 8699K, capacity 9301K, committed 9344K, reserved 1048576K
}
2020-11-07T19:59:04.646+0800: 71.323: Application time: 0.0071757 seconds
2020-11-07T19:59:04.659+0800: 71.335: Application time: 0.0123880 seconds
2020-11-07T19:59:04.659+0800: 71.335: Application time: 0.0000738 seconds
2020-11-07T19:59:04.659+0800: 71.336: Application time: 0.0000638 seconds
2020-11-07T19:59:04.659+0800: 71.336: Application time: 0.0002662 seconds
2020-11-07T19:59:04.659+0800: 71.336: Application time: 0.0001131 seconds
2020-11-07T19:59:04.659+0800: 71.336: Application time: 0.0000254 seconds
2020-11-07T19:59:04.659+0800: 71.336: Application time: 0.0000483 seconds
2020-11-07T19:59:04.659+0800: 71.336: Application time: 0.0000234 seconds
2020-11-07T19:59:04.660+0800: 71.336: Application time: 0.0000230 seconds
2020-11-07T19:59:04.665+0800: 71.342: Application time: 0.0052471 seconds
{Heap before GC invocations=905 (full 79):
 par new generation   total 9216K, used 8647K [0x00000000e3400000, 0x00000000e3e00000, 0x00000000ecca0000)
  eden space 8192K, 100% used [0x00000000e3400000, 0x00000000e3c00000, 0x00000000e3c00000)
  from space 1024K,  44% used [0x00000000e3d00000, 0x00000000e3d71fe8, 0x00000000e3e00000)
  to   space 1024K,   0% used [0x00000000e3c00000, 0x00000000e3c00000, 0x00000000e3d00000)
 concurrent mark-sweep generation total 97960K, used 58863K [0x00000000ecca0000, 0x00000000f2c4a000, 0x0000000100000000)
 Metaspace       used 68201K, capacity 71326K, committed 71552K, reserved 1112064K
  class space    used 8699K, capacity 9301K, committed 9344K, reserved 1048576K
2020-11-07T19:59:04.665+0800: 71.342: [GC (Allocation Failure) 2020-11-07T19:59:04.665+0800: 71.342: [ParNew: 8647K->442K(9216K), 0.0267497 secs] 67511K->59377K(107176K), 0.0268039 secs] [Times: user=0.03 sys=0.00, real=0.02 secs] 
Heap after GC invocations=906 (full 79):
 par new generation   total 9216K, used 442K [0x00000000e3400000, 0x00000000e3e00000, 0x00000000ecca0000)
  eden space 8192K,   0% used [0x00000000e3400000, 0x00000000e3400000, 0x00000000e3c00000)
  from space 1024K,  43% used [0x00000000e3c00000, 0x00000000e3c6e988, 0x00000000e3d00000)
  to   space 1024K,   0% used [0x00000000e3d00000, 0x00000000e3d00000, 0x00000000e3e00000)
 concurrent mark-sweep generation total 97960K, used 58934K [0x00000000ecca0000, 0x00000000f2c4a000, 0x0000000100000000)
 Metaspace       used 68201K, capacity 71326K, committed 71552K, reserved 1112064K
  class space    used 8699K, capacity 9301K, committed 9344K, reserved 1048576K
}
2020-11-07T19:59:04.750+0800: 71.427: Application time: 0.0584670 seconds
{Heap before GC invocations=906 (full 79):
 par new generation   total 9216K, used 8634K [0x00000000e3400000, 0x00000000e3e00000, 0x00000000ecca0000)
  eden space 8192K, 100% used [0x00000000e3400000, 0x00000000e3c00000, 0x00000000e3c00000)
  from space 1024K,  43% used [0x00000000e3c00000, 0x00000000e3c6e988, 0x00000000e3d00000)
  to   space 1024K,   0% used [0x00000000e3d00000, 0x00000000e3d00000, 0x00000000e3e00000)
 concurrent mark-sweep generation total 97960K, used 58934K [0x00000000ecca0000, 0x00000000f2c4a000, 0x0000000100000000)
 Metaspace       used 68206K, capacity 71332K, committed 71552K, reserved 1112064K
  class space    used 8700K, capacity 9302K, committed 9344K, reserved 1048576K
2020-11-07T19:59:04.751+0800: 71.427: [GC (Allocation Failure) 2020-11-07T19:59:04.751+0800: 71.427: [ParNew: 8634K->575K(9216K), 0.0427547 secs] 67569K->59534K(107176K), 0.0428083 secs] [Times: user=0.04 sys=0.00, real=0.04 secs] 
Heap after GC invocations=907 (full 79):
 par new generation   total 9216K, used 575K [0x00000000e3400000, 0x00000000e3e00000, 0x00000000ecca0000)
  eden space 8192K,   0% used [0x00000000e3400000, 0x00000000e3400000, 0x00000000e3c00000)
  from space 1024K,  56% used [0x00000000e3d00000, 0x00000000e3d8ffe0, 0x00000000e3e00000)
  to   space 1024K,   0% used [0x00000000e3c00000, 0x00000000e3c00000, 0x00000000e3d00000)
 concurrent mark-sweep generation total 97960K, used 58958K [0x00000000ecca0000, 0x00000000f2c4a000, 0x0000000100000000)
 Metaspace       used 68206K, capacity 71332K, committed 71552K, reserved 1112064K
  class space    used 8700K, capacity 9302K, committed 9344K, reserved 1048576K
}
2020-11-07T19:59:04.822+0800: 71.499: Application time: 0.0288326 seconds
{Heap before GC invocations=907 (full 79):
 par new generation   total 9216K, used 8767K [0x00000000e3400000, 0x00000000e3e00000, 0x00000000ecca0000)
  eden space 8192K, 100% used [0x00000000e3400000, 0x00000000e3c00000, 0x00000000e3c00000)
  from space 1024K,  56% used [0x00000000e3d00000, 0x00000000e3d8ffe0, 0x00000000e3e00000)
  to   space 1024K,   0% used [0x00000000e3c00000, 0x00000000e3c00000, 0x00000000e3d00000)
 concurrent mark-sweep generation total 97960K, used 58958K [0x00000000ecca0000, 0x00000000f2c4a000, 0x0000000100000000)
 Metaspace       used 68230K, capacity 71332K, committed 71552K, reserved 1112064K
  class space    used 8703K, capacity 9302K, committed 9344K, reserved 1048576K
2020-11-07T19:59:04.822+0800: 71.499: [GC (Allocation Failure) 2020-11-07T19:59:04.822+0800: 71.499: [ParNew: 8767K->628K(9216K), 0.0334146 secs] 67726K->59639K(107176K), 0.0335020 secs] [Times: user=0.03 sys=0.00, real=0.04 secs] 
Heap after GC invocations=908 (full 79):
 par new generation   total 9216K, used 628K [0x00000000e3400000, 0x00000000e3e00000, 0x00000000ecca0000)
  eden space 8192K,   0% used [0x00000000e3400000, 0x00000000e3400000, 0x00000000e3c00000)
  from space 1024K,  61% used [0x00000000e3c00000, 0x00000000e3c9d0d8, 0x00000000e3d00000)
  to   space 1024K,   0% used [0x00000000e3d00000, 0x00000000e3d00000, 0x00000000e3e00000)
 concurrent mark-sweep generation total 97960K, used 59011K [0x00000000ecca0000, 0x00000000f2c4a000, 0x0000000100000000)
 Metaspace       used 68230K, capacity 71332K, committed 71552K, reserved 1112064K
  class space    used 8703K, capacity 9302K, committed 9344K, reserved 1048576K
}
2020-11-07T19:59:04.886+0800: 71.562: Application time: 0.0295182 seconds
{Heap before GC invocations=908 (full 79):
 par new generation   total 9216K, used 8820K [0x00000000e3400000, 0x00000000e3e00000, 0x00000000ecca0000)
  eden space 8192K, 100% used [0x00000000e3400000, 0x00000000e3c00000, 0x00000000e3c00000)
  from space 1024K,  61% used [0x00000000e3c00000, 0x00000000e3c9d0d8, 0x00000000e3d00000)
  to   space 1024K,   0% used [0x00000000e3d00000, 0x00000000e3d00000, 0x00000000e3e00000)
 concurrent mark-sweep generation total 97960K, used 59011K [0x00000000ecca0000, 0x00000000f2c4a000, 0x0000000100000000)
 Metaspace       used 68230K, capacity 71332K, committed 71552K, reserved 1112064K
  class space    used 8703K, capacity 9302K, committed 9344K, reserved 1048576K
2020-11-07T19:59:04.886+0800: 71.562: [GC (Allocation Failure) 2020-11-07T19:59:04.886+0800: 71.562: [ParNew: 8820K->535K(9216K), 0.0224300 secs] 67831K->59605K(107176K), 0.0224831 secs] [Times: user=0.02 sys=0.00, real=0.02 secs] 
Heap after GC invocations=909 (full 79):
 par new generation   total 9216K, used 535K [0x00000000e3400000, 0x00000000e3e00000, 0x00000000ecca0000)
  eden space 8192K,   0% used [0x00000000e3400000, 0x00000000e3400000, 0x00000000e3c00000)
  from space 1024K,  52% used [0x00000000e3d00000, 0x00000000e3d85ec0, 0x00000000e3e00000)
  to   space 1024K,   0% used [0x00000000e3c00000, 0x00000000e3c00000, 0x00000000e3d00000)
 concurrent mark-sweep generation total 97960K, used 59070K [0x00000000ecca0000, 0x00000000f2c4a000, 0x0000000100000000)
 Metaspace       used 68230K, capacity 71332K, committed 71552K, reserved 1112064K
  class space    used 8703K, capacity 9302K, committed 9344K, reserved 1048576K
}
2020-11-07T19:59:04.932+0800: 71.609: Application time: 0.0238201 seconds
{Heap before GC invocations=909 (full 79):
 par new generation   total 9216K, used 8727K [0x00000000e3400000, 0x00000000e3e00000, 0x00000000ecca0000)
  eden space 8192K, 100% used [0x00000000e3400000, 0x00000000e3c00000, 0x00000000e3c00000)
  from space 1024K,  52% used [0x00000000e3d00000, 0x00000000e3d85ec0, 0x00000000e3e00000)
  to   space 1024K,   0% used [0x00000000e3c00000, 0x00000000e3c00000, 0x00000000e3d00000)
 concurrent mark-sweep generation total 97960K, used 59070K [0x00000000ecca0000, 0x00000000f2c4a000, 0x0000000100000000)
 Metaspace       used 68244K, capacity 71438K, committed 71936K, reserved 1112064K
  class space    used 8706K, capacity 9337K, committed 9472K, reserved 1048576K
2020-11-07T19:59:04.932+0800: 71.609: [GC (Allocation Failure) 2020-11-07T19:59:04.932+0800: 71.609: [ParNew: 8727K->664K(9216K), 0.0374932 secs] 67797K->59763K(107176K), 0.0375477 secs] [Times: user=0.04 sys=0.00, real=0.04 secs] 
Heap after GC invocations=910 (full 79):
 par new generation   total 9216K, used 664K [0x00000000e3400000, 0x00000000e3e00000, 0x00000000ecca0000)
  eden space 8192K,   0% used [0x00000000e3400000, 0x00000000e3400000, 0x00000000e3c00000)
  from space 1024K,  64% used [0x00000000e3c00000, 0x00000000e3ca6168, 0x00000000e3d00000)
  to   space 1024K,   0% used [0x00000000e3d00000, 0x00000000e3d00000, 0x00000000e3e00000)
 concurrent mark-sweep generation total 97960K, used 59098K [0x00000000ecca0000, 0x00000000f2c4a000, 0x0000000100000000)
 Metaspace       used 68244K, capacity 71438K, committed 71936K, reserved 1112064K
  class space    used 8706K, capacity 9337K, committed 9472K, reserved 1048576K
}
2020-11-07T19:59:05.033+0800: 71.709: Application time: 0.0626221 seconds
2020-11-07T19:59:05.035+0800: 71.712: Application time: 0.0016055 seconds
{Heap before GC invocations=910 (full 79):
 par new generation   total 9216K, used 8856K [0x00000000e3400000, 0x00000000e3e00000, 0x00000000ecca0000)
  eden space 8192K, 100% used [0x00000000e3400000, 0x00000000e3c00000, 0x00000000e3c00000)
  from space 1024K,  64% used [0x00000000e3c00000, 0x00000000e3ca6168, 0x00000000e3d00000)
  to   space 1024K,   0% used [0x00000000e3d00000, 0x00000000e3d00000, 0x00000000e3e00000)
 concurrent mark-sweep generation total 97960K, used 59098K [0x00000000ecca0000, 0x00000000f2c4a000, 0x0000000100000000)
 Metaspace       used 68264K, capacity 71444K, committed 71936K, reserved 1112064K
  class space    used 8708K, capacity 9338K, committed 9472K, reserved 1048576K
2020-11-07T19:59:05.036+0800: 71.712: [GC (Allocation Failure) 2020-11-07T19:59:05.036+0800: 71.712: [ParNew: 8856K->772K(9216K), 0.0271311 secs] 67955K->59933K(107176K), 0.0271887 secs] [Times: user=0.03 sys=0.00, real=0.02 secs] 
Heap after GC invocations=911 (full 79):
 par new generation   total 9216K, used 772K [0x00000000e3400000, 0x00000000e3e00000, 0x00000000ecca0000)
  eden space 8192K,   0% used [0x00000000e3400000, 0x00000000e3400000, 0x00000000e3c00000)
  from space 1024K,  75% used [0x00000000e3d00000, 0x00000000e3dc1380, 0x00000000e3e00000)
  to   space 1024K,   0% used [0x00000000e3c00000, 0x00000000e3c00000, 0x00000000e3d00000)
 concurrent mark-sweep generation total 97960K, used 59160K [0x00000000ecca0000, 0x00000000f2c4a000, 0x0000000100000000)
 Metaspace       used 68264K, capacity 71444K, committed 71936K, reserved 1112064K
  class space    used 8708K, capacity 9338K, committed 9472K, reserved 1048576K
}
2020-11-07T19:59:05.094+0800: 71.771: Application time: 0.0310840 seconds
{Heap before GC invocations=911 (full 79):
 par new generation   total 9216K, used 8964K [0x00000000e3400000, 0x00000000e3e00000, 0x00000000ecca0000)
  eden space 8192K, 100% used [0x00000000e3400000, 0x00000000e3c00000, 0x00000000e3c00000)
  from space 1024K,  75% used [0x00000000e3d00000, 0x00000000e3dc1380, 0x00000000e3e00000)
  to   space 1024K,   0% used [0x00000000e3c00000, 0x00000000e3c00000, 0x00000000e3d00000)
 concurrent mark-sweep generation total 97960K, used 59160K [0x00000000ecca0000, 0x00000000f2c4a000, 0x0000000100000000)
 Metaspace       used 68268K, capacity 71444K, committed 71936K, reserved 1112064K
  class space    used 8708K, capacity 9338K, committed 9472K, reserved 1048576K
2020-11-07T19:59:05.094+0800: 71.771: [GC (Allocation Failure) 2020-11-07T19:59:05.094+0800: 71.771: [ParNew: 8964K->822K(9216K), 0.0189391 secs] 68125K->60049K(107176K), 0.0190056 secs] [Times: user=0.02 sys=0.00, real=0.02 secs] 
Heap after GC invocations=912 (full 79):
 par new generation   total 9216K, used 822K [0x00000000e3400000, 0x00000000e3e00000, 0x00000000ecca0000)
  eden space 8192K,   0% used [0x00000000e3400000, 0x00000000e3400000, 0x00000000e3c00000)
  from space 1024K,  80% used [0x00000000e3c00000, 0x00000000e3ccdbc0, 0x00000000e3d00000)
  to   space 1024K,   0% used [0x00000000e3d00000, 0x00000000e3d00000, 0x00000000e3e00000)
 concurrent mark-sweep generation total 97960K, used 59226K [0x00000000ecca0000, 0x00000000f2c4a000, 0x0000000100000000)
 Metaspace       used 68268K, capacity 71444K, committed 71936K, reserved 1112064K
  class space    used 8708K, capacity 9338K, committed 9472K, reserved 1048576K
}
2020-11-07T19:59:05.144+0800: 71.821: [CMS-concurrent-mark: 0.341/0.650 secs] [Times: user=0.61 sys=0.01, real=0.65 secs] 
2020-11-07T19:59:05.144+0800: 71.821: [CMS-concurrent-preclean-start]
2020-11-07T19:59:05.146+0800: 71.822: Application time: 0.0324863 seconds
{Heap before GC invocations=912 (full 79):
 par new generation   total 9216K, used 9014K [0x00000000e3400000, 0x00000000e3e00000, 0x00000000ecca0000)
  eden space 8192K, 100% used [0x00000000e3400000, 0x00000000e3c00000, 0x00000000e3c00000)
  from space 1024K,  80% used [0x00000000e3c00000, 0x00000000e3ccdbc0, 0x00000000e3d00000)
  to   space 1024K,   0% used [0x00000000e3d00000, 0x00000000e3d00000, 0x00000000e3e00000)
 concurrent mark-sweep generation total 97960K, used 59226K [0x00000000ecca0000, 0x00000000f2c4a000, 0x0000000100000000)
 Metaspace       used 68276K, capacity 71444K, committed 71936K, reserved 1112064K
  class space    used 8709K, capacity 9338K, committed 9472K, reserved 1048576K
2020-11-07T19:59:05.146+0800: 71.823: [GC (Allocation Failure) 2020-11-07T19:59:05.146+0800: 71.823: [ParNew: 9014K->409K(9216K), 0.0101969 secs] 68241K->59865K(107176K), 0.0102555 secs] [Times: user=0.01 sys=0.00, real=0.01 secs] 
Heap after GC invocations=913 (full 79):
 par new generation   total 9216K, used 409K [0x00000000e3400000, 0x00000000e3e00000, 0x00000000ecca0000)
  eden space 8192K,   0% used [0x00000000e3400000, 0x00000000e3400000, 0x00000000e3c00000)
  from space 1024K,  40% used [0x00000000e3d00000, 0x00000000e3d667f8, 0x00000000e3e00000)
  to   space 1024K,   0% used [0x00000000e3c00000, 0x00000000e3c00000, 0x00000000e3d00000)
 concurrent mark-sweep generation total 97960K, used 59455K [0x00000000ecca0000, 0x00000000f2c4a000, 0x0000000100000000)
 Metaspace       used 68276K, capacity 71444K, committed 71936K, reserved 1112064K
  class space    used 8709K, capacity 9338K, committed 9472K, reserved 1048576K
}
2020-11-07T19:59:05.175+0800: 71.852: [CMS-concurrent-preclean: 0.013/0.031 secs] [Times: user=0.03 sys=0.00, real=0.04 secs] 
2020-11-07T19:59:05.175+0800: 71.852: [CMS-concurrent-abortable-preclean-start]
2020-11-07T19:59:05.185+0800: 71.862: Application time: 0.0291103 seconds
{Heap before GC invocations=913 (full 79):
 par new generation   total 9216K, used 8601K [0x00000000e3400000, 0x00000000e3e00000, 0x00000000ecca0000)
  eden space 8192K, 100% used [0x00000000e3400000, 0x00000000e3c00000, 0x00000000e3c00000)
  from space 1024K,  40% used [0x00000000e3d00000, 0x00000000e3d667f8, 0x00000000e3e00000)
  to   space 1024K,   0% used [0x00000000e3c00000, 0x00000000e3c00000, 0x00000000e3d00000)
 concurrent mark-sweep generation total 97960K, used 59455K [0x00000000ecca0000, 0x00000000f2c4a000, 0x0000000100000000)
 Metaspace       used 68276K, capacity 71444K, committed 71936K, reserved 1112064K
  class space    used 8709K, capacity 9338K, committed 9472K, reserved 1048576K
2020-11-07T19:59:05.185+0800: 71.862: [GC (Allocation Failure) 2020-11-07T19:59:05.185+0800: 71.862: [ParNew: 8601K->369K(9216K), 0.0254991 secs] 68057K->59825K(107176K), 0.0255816 secs] [Times: user=0.02 sys=0.00, real=0.02 secs] 
Heap after GC invocations=914 (full 79):
 par new generation   total 9216K, used 369K [0x00000000e3400000, 0x00000000e3e00000, 0x00000000ecca0000)
  eden space 8192K,   0% used [0x00000000e3400000, 0x00000000e3400000, 0x00000000e3c00000)
  from space 1024K,  36% used [0x00000000e3c00000, 0x00000000e3c5c640, 0x00000000e3d00000)
  to   space 1024K,   0% used [0x00000000e3d00000, 0x00000000e3d00000, 0x00000000e3e00000)
 concurrent mark-sweep generation total 97960K, used 59455K [0x00000000ecca0000, 0x00000000f2c4a000, 0x0000000100000000)
 Metaspace       used 68276K, capacity 71444K, committed 71936K, reserved 1112064K
  class space    used 8709K, capacity 9338K, committed 9472K, reserved 1048576K
}
2020-11-07T19:59:05.230+0800: 71.906: [CMS-concurrent-abortable-preclean: 0.028/0.054 secs] [Times: user=0.05 sys=0.00, real=0.05 secs] 
2020-11-07T19:59:05.230+0800: 71.906: Application time: 0.0185854 seconds
2020-11-07T19:59:05.230+0800: 71.907: [GC (CMS Final Remark) [YG occupancy: 6280 K (9216 K)]2020-11-07T19:59:05.230+0800: 71.907: [Rescan (parallel) , 0.0250099 secs]2020-11-07T19:59:05.255+0800: 71.932: [weak refs processing, 0.0001760 secs]2020-11-07T19:59:05.255+0800: 71.932: [class unloading, 0.0224009 secs]2020-11-07T19:59:05.278+0800: 71.954: [scrub symbol table, 0.0305621 secs]2020-11-07T19:59:05.308+0800: 71.985: [scrub string table, 0.0015002 secs][1 CMS-remark: 59455K(97960K)] 65736K(107176K), 0.0798271 secs] [Times: user=0.07 sys=0.00, real=0.08 secs] 
2020-11-07T19:59:05.316+0800: 71.993: [CMS-concurrent-sweep-start]
2020-11-07T19:59:05.325+0800: 72.002: Application time: 0.0152473 seconds
{Heap before GC invocations=914 (full 79):
 par new generation   total 9216K, used 8561K [0x00000000e3400000, 0x00000000e3e00000, 0x00000000ecca0000)
  eden space 8192K, 100% used [0x00000000e3400000, 0x00000000e3c00000, 0x00000000e3c00000)
  from space 1024K,  36% used [0x00000000e3c00000, 0x00000000e3c5c640, 0x00000000e3d00000)
  to   space 1024K,   0% used [0x00000000e3d00000, 0x00000000e3d00000, 0x00000000e3e00000)
 concurrent mark-sweep generation total 97960K, used 59452K [0x00000000ecca0000, 0x00000000f2c4a000, 0x0000000100000000)
 Metaspace       used 68281K, capacity 71450K, committed 71936K, reserved 1112064K
  class space    used 8709K, capacity 9339K, committed 9472K, reserved 1048576K
2020-11-07T19:59:05.325+0800: 72.002: [GC (Allocation Failure) 2020-11-07T19:59:05.325+0800: 72.002: [ParNew: 8561K->399K(9216K), 0.0229224 secs] 68013K->59851K(107176K), 0.0230043 secs] [Times: user=0.02 sys=0.00, real=0.02 secs] 
Heap after GC invocations=915 (full 79):
 par new generation   total 9216K, used 399K [0x00000000e3400000, 0x00000000e3e00000, 0x00000000ecca0000)
  eden space 8192K,   0% used [0x00000000e3400000, 0x00000000e3400000, 0x00000000e3c00000)
  from space 1024K,  38% used [0x00000000e3d00000, 0x00000000e3d63d08, 0x00000000e3e00000)
  to   space 1024K,   0% used [0x00000000e3c00000, 0x00000000e3c00000, 0x00000000e3d00000)
 concurrent mark-sweep generation total 97960K, used 59452K [0x00000000ecca0000, 0x00000000f2c4a000, 0x0000000100000000)
 Metaspace       used 68281K, capacity 71450K, committed 71936K, reserved 1112064K
  class space    used 8709K, capacity 9339K, committed 9472K, reserved 1048576K
}
2020-11-07T19:59:05.410+0800: 72.087: Application time: 0.0623085 seconds
{Heap before GC invocations=915 (full 79):
 par new generation   total 9216K, used 8591K [0x00000000e3400000, 0x00000000e3e00000, 0x00000000ecca0000)
  eden space 8192K, 100% used [0x00000000e3400000, 0x00000000e3c00000, 0x00000000e3c00000)
  from space 1024K,  38% used [0x00000000e3d00000, 0x00000000e3d63d08, 0x00000000e3e00000)
  to   space 1024K,   0% used [0x00000000e3c00000, 0x00000000e3c00000, 0x00000000e3d00000)
 concurrent mark-sweep generation total 97960K, used 59414K [0x00000000ecca0000, 0x00000000f2c4a000, 0x0000000100000000)
 Metaspace       used 68287K, capacity 71456K, committed 71936K, reserved 1112064K
  class space    used 8710K, capacity 9340K, committed 9472K, reserved 1048576K
2020-11-07T19:59:05.411+0800: 72.087: [GC (Allocation Failure) 2020-11-07T19:59:05.411+0800: 72.088: [ParNew: 8591K->519K(9216K), 0.0184517 secs] 68006K->59933K(107176K), 0.0185079 secs] [Times: user=0.02 sys=0.00, real=0.02 secs] 
Heap after GC invocations=916 (full 79):
 par new generation   total 9216K, used 519K [0x00000000e3400000, 0x00000000e3e00000, 0x00000000ecca0000)
  eden space 8192K,   0% used [0x00000000e3400000, 0x00000000e3400000, 0x00000000e3c00000)
  from space 1024K,  50% used [0x00000000e3c00000, 0x00000000e3c81c30, 0x00000000e3d00000)
  to   space 1024K,   0% used [0x00000000e3d00000, 0x00000000e3d00000, 0x00000000e3e00000)
 concurrent mark-sweep generation total 97960K, used 59414K [0x00000000ecca0000, 0x00000000f2c4a000, 0x0000000100000000)
 Metaspace       used 68287K, capacity 71456K, committed 71936K, reserved 1112064K
  class space    used 8710K, capacity 9340K, committed 9472K, reserved 1048576K
}
2020-11-07T19:59:05.441+0800: 72.118: [CMS-concurrent-sweep: 0.068/0.125 secs] [Times: user=0.31 sys=0.00, real=0.32 secs] 
2020-11-07T19:59:05.643+0800: 72.320: [CMS-concurrent-reset-start]
2020-11-07T19:59:05.644+0800: 72.321: [CMS-concurrent-reset: 0.001/0.001 secs] [Times: user=0.00 sys=0.00, real=0.00 secs] 
2020-11-07T19:59:05.863+0800: 72.540: Application time: 0.4338969 seconds
{Heap before GC invocations=916 (full 79):
 par new generation   total 9216K, used 8711K [0x00000000e3400000, 0x00000000e3e00000, 0x00000000ecca0000)
  eden space 8192K, 100% used [0x00000000e3400000, 0x00000000e3c00000, 0x00000000e3c00000)
  from space 1024K,  50% used [0x00000000e3c00000, 0x00000000e3c81c30, 0x00000000e3d00000)
  to   space 1024K,   0% used [0x00000000e3d00000, 0x00000000e3d00000, 0x00000000e3e00000)
 concurrent mark-sweep generation total 98996K, used 59396K [0x00000000ecca0000, 0x00000000f2d4d000, 0x0000000100000000)
 Metaspace       used 68284K, capacity 71450K, committed 71936K, reserved 1112064K
  class space    used 8709K, capacity 9339K, committed 9472K, reserved 1048576K
2020-11-07T19:59:05.863+0800: 72.540: [GC (Allocation Failure) 2020-11-07T19:59:05.864+0800: 72.540: [ParNew: 8711K->510K(9216K), 0.0213699 secs] 68107K->59956K(108212K), 0.0214458 secs] [Times: user=0.02 sys=0.00, real=0.03 secs] 
Heap after GC invocations=917 (full 79):
 par new generation   total 9216K, used 510K [0x00000000e3400000, 0x00000000e3e00000, 0x00000000ecca0000)
  eden space 8192K,   0% used [0x00000000e3400000, 0x00000000e3400000, 0x00000000e3c00000)
  from space 1024K,  49% used [0x00000000e3d00000, 0x00000000e3d7f940, 0x00000000e3e00000)
  to   space 1024K,   0% used [0x00000000e3c00000, 0x00000000e3c00000, 0x00000000e3d00000)
 concurrent mark-sweep generation total 98996K, used 59445K [0x00000000ecca0000, 0x00000000f2d4d000, 0x0000000100000000)
 Metaspace       used 68284K, capacity 71450K, committed 71936K, reserved 1112064K
  class space    used 8709K, capacity 9339K, committed 9472K, reserved 1048576K
}
2020-11-07T19:59:05.898+0800: 72.575: Application time: 0.0133010 seconds
2020-11-07T19:59:05.898+0800: 72.575: [GC (CMS Initial Mark) [1 CMS-initial-mark: 59445K(98996K)] 65211K(108212K), 0.0096011 secs] [Times: user=0.01 sys=0.00, real=0.01 secs] 
2020-11-07T19:59:05.908+0800: 72.585: [CMS-concurrent-mark-start]
2020-11-07T19:59:06.002+0800: 72.678: Application time: 0.0935049 seconds
{Heap before GC invocations=917 (full 80):
 par new generation   total 9216K, used 8702K [0x00000000e3400000, 0x00000000e3e00000, 0x00000000ecca0000)
  eden space 8192K, 100% used [0x00000000e3400000, 0x00000000e3c00000, 0x00000000e3c00000)
  from space 1024K,  49% used [0x00000000e3d00000, 0x00000000e3d7f940, 0x00000000e3e00000)
  to   space 1024K,   0% used [0x00000000e3c00000, 0x00000000e3c00000, 0x00000000e3d00000)
 concurrent mark-sweep generation total 98996K, used 59445K [0x00000000ecca0000, 0x00000000f2d4d000, 0x0000000100000000)
 Metaspace       used 68358K, capacity 71534K, committed 71936K, reserved 1112064K
  class space    used 8719K, capacity 9343K, committed 9472K, reserved 1048576K
2020-11-07T19:59:06.002+0800: 72.679: [GC (Allocation Failure) 2020-11-07T19:59:06.002+0800: 72.679: [ParNew: 8702K->645K(9216K), 0.0231273 secs] 68148K->60131K(108212K), 0.0232159 secs] [Times: user=0.02 sys=0.00, real=0.03 secs] 
Heap after GC invocations=918 (full 80):
 par new generation   total 9216K, used 645K [0x00000000e3400000, 0x00000000e3e00000, 0x00000000ecca0000)
  eden space 8192K,   0% used [0x00000000e3400000, 0x00000000e3400000, 0x00000000e3c00000)
  from space 1024K,  63% used [0x00000000e3c00000, 0x00000000e3ca1768, 0x00000000e3d00000)
  to   space 1024K,   0% used [0x00000000e3d00000, 0x00000000e3d00000, 0x00000000e3e00000)
 concurrent mark-sweep generation total 98996K, used 59486K [0x00000000ecca0000, 0x00000000f2d4d000, 0x0000000100000000)
 Metaspace       used 68358K, capacity 71534K, committed 71936K, reserved 1112064K
  class space    used 8719K, capacity 9343K, committed 9472K, reserved 1048576K
}
2020-11-07T19:59:06.063+0800: 72.740: Application time: 0.0379056 seconds
{Heap before GC invocations=918 (full 80):
 par new generation   total 9216K, used 8837K [0x00000000e3400000, 0x00000000e3e00000, 0x00000000ecca0000)
  eden space 8192K, 100% used [0x00000000e3400000, 0x00000000e3c00000, 0x00000000e3c00000)
  from space 1024K,  63% used [0x00000000e3c00000, 0x00000000e3ca1768, 0x00000000e3d00000)
  to   space 1024K,   0% used [0x00000000e3d00000, 0x00000000e3d00000, 0x00000000e3e00000)
 concurrent mark-sweep generation total 98996K, used 59486K [0x00000000ecca0000, 0x00000000f2d4d000, 0x0000000100000000)
 Metaspace       used 68364K, capacity 71540K, committed 71936K, reserved 1112064K
  class space    used 8721K, capacity 9344K, committed 9472K, reserved 1048576K
2020-11-07T19:59:06.063+0800: 72.740: [GC (Allocation Failure) 2020-11-07T19:59:06.063+0800: 72.740: [ParNew: 8837K->684K(9216K), 0.0261430 secs] 68323K->60182K(108212K), 0.0262065 secs] [Times: user=0.03 sys=0.00, real=0.03 secs] 
Heap after GC invocations=919 (full 80):
 par new generation   total 9216K, used 684K [0x00000000e3400000, 0x00000000e3e00000, 0x00000000ecca0000)
  eden space 8192K,   0% used [0x00000000e3400000, 0x00000000e3400000, 0x00000000e3c00000)
  from space 1024K,  66% used [0x00000000e3d00000, 0x00000000e3dab0d0, 0x00000000e3e00000)
  to   space 1024K,   0% used [0x00000000e3c00000, 0x00000000e3c00000, 0x00000000e3d00000)
 concurrent mark-sweep generation total 98996K, used 59498K [0x00000000ecca0000, 0x00000000f2d4d000, 0x0000000100000000)
 Metaspace       used 68364K, capacity 71540K, committed 71936K, reserved 1112064K
  class space    used 8721K, capacity 9344K, committed 9472K, reserved 1048576K
}
2020-11-07T19:59:06.102+0800: 72.779: Application time: 0.0126584 seconds
{Heap before GC invocations=919 (full 80):
 par new generation   total 9216K, used 8876K [0x00000000e3400000, 0x00000000e3e00000, 0x00000000ecca0000)
  eden space 8192K, 100% used [0x00000000e3400000, 0x00000000e3c00000, 0x00000000e3c00000)
  from space 1024K,  66% used [0x00000000e3d00000, 0x00000000e3dab0d0, 0x00000000e3e00000)
  to   space 1024K,   0% used [0x00000000e3c00000, 0x00000000e3c00000, 0x00000000e3d00000)
 concurrent mark-sweep generation total 98996K, used 59498K [0x00000000ecca0000, 0x00000000f2d4d000, 0x0000000100000000)
 Metaspace       used 68364K, capacity 71540K, committed 71936K, reserved 1112064K
  class space    used 8721K, capacity 9344K, committed 9472K, reserved 1048576K
2020-11-07T19:59:06.102+0800: 72.779: [GC (Allocation Failure) 2020-11-07T19:59:06.102+0800: 72.779: [ParNew: 8876K->608K(9216K), 0.0107601 secs] 68374K->60227K(108212K), 0.0108202 secs] [Times: user=0.01 sys=0.00, real=0.01 secs] 
Heap after GC invocations=920 (full 80):
 par new generation   total 9216K, used 608K [0x00000000e3400000, 0x00000000e3e00000, 0x00000000ecca0000)
  eden space 8192K,   0% used [0x00000000e3400000, 0x00000000e3400000, 0x00000000e3c00000)
  from space 1024K,  59% used [0x00000000e3c00000, 0x00000000e3c983c8, 0x00000000e3d00000)
  to   space 1024K,   0% used [0x00000000e3d00000, 0x00000000e3d00000, 0x00000000e3e00000)
 concurrent mark-sweep generation total 98996K, used 59618K [0x00000000ecca0000, 0x00000000f2d4d000, 0x0000000100000000)
 Metaspace       used 68364K, capacity 71540K, committed 71936K, reserved 1112064K
  class space    used 8721K, capacity 9344K, committed 9472K, reserved 1048576K
}
2020-11-07T19:59:06.188+0800: 72.864: Application time: 0.0742642 seconds
{Heap before GC invocations=920 (full 80):
 par new generation   total 9216K, used 8800K [0x00000000e3400000, 0x00000000e3e00000, 0x00000000ecca0000)
  eden space 8192K, 100% used [0x00000000e3400000, 0x00000000e3c00000, 0x00000000e3c00000)
  from space 1024K,  59% used [0x00000000e3c00000, 0x00000000e3c983c8, 0x00000000e3d00000)
  to   space 1024K,   0% used [0x00000000e3d00000, 0x00000000e3d00000, 0x00000000e3e00000)
 concurrent mark-sweep generation total 98996K, used 59618K [0x00000000ecca0000, 0x00000000f2d4d000, 0x0000000100000000)
 Metaspace       used 68396K, capacity 71552K, committed 71936K, reserved 1112064K
  class space    used 8725K, capacity 9346K, committed 9472K, reserved 1048576K
2020-11-07T19:59:06.188+0800: 72.864: [GC (Allocation Failure) 2020-11-07T19:59:06.188+0800: 72.865: [ParNew: 8800K->595K(9216K), 0.0288726 secs] 68419K->60237K(108212K), 0.0289514 secs] [Times: user=0.03 sys=0.00, real=0.03 secs] 
Heap after GC invocations=921 (full 80):
 par new generation   total 9216K, used 595K [0x00000000e3400000, 0x00000000e3e00000, 0x00000000ecca0000)
  eden space 8192K,   0% used [0x00000000e3400000, 0x00000000e3400000, 0x00000000e3c00000)
  from space 1024K,  58% used [0x00000000e3d00000, 0x00000000e3d94e28, 0x00000000e3e00000)
  to   space 1024K,   0% used [0x00000000e3c00000, 0x00000000e3c00000, 0x00000000e3d00000)
 concurrent mark-sweep generation total 98996K, used 59641K [0x00000000ecca0000, 0x00000000f2d4d000, 0x0000000100000000)
 Metaspace       used 68396K, capacity 71552K, committed 71936K, reserved 1112064K
  class space    used 8725K, capacity 9346K, committed 9472K, reserved 1048576K
}
2020-11-07T19:59:06.239+0800: 72.916: Application time: 0.0221570 seconds
{Heap before GC invocations=921 (full 80):
 par new generation   total 9216K, used 8787K [0x00000000e3400000, 0x00000000e3e00000, 0x00000000ecca0000)
  eden space 8192K, 100% used [0x00000000e3400000, 0x00000000e3c00000, 0x00000000e3c00000)
  from space 1024K,  58% used [0x00000000e3d00000, 0x00000000e3d94e28, 0x00000000e3e00000)
  to   space 1024K,   0% used [0x00000000e3c00000, 0x00000000e3c00000, 0x00000000e3d00000)
 concurrent mark-sweep generation total 98996K, used 59641K [0x00000000ecca0000, 0x00000000f2d4d000, 0x0000000100000000)
 Metaspace       used 68396K, capacity 71552K, committed 71936K, reserved 1112064K
  class space    used 8725K, capacity 9346K, committed 9472K, reserved 1048576K
2020-11-07T19:59:06.239+0800: 72.916: [GC (Allocation Failure) 2020-11-07T19:59:06.239+0800: 72.916: [ParNew: 8787K->582K(9216K), 0.0195904 secs] 68429K->60271K(108212K), 0.0196480 secs] [Times: user=0.02 sys=0.00, real=0.02 secs] 
Heap after GC invocations=922 (full 80):
 par new generation   total 9216K, used 582K [0x00000000e3400000, 0x00000000e3e00000, 0x00000000ecca0000)
  eden space 8192K,   0% used [0x00000000e3400000, 0x00000000e3400000, 0x00000000e3c00000)
  from space 1024K,  56% used [0x00000000e3c00000, 0x00000000e3c91bb8, 0x00000000e3d00000)
  to   space 1024K,   0% used [0x00000000e3d00000, 0x00000000e3d00000, 0x00000000e3e00000)
 concurrent mark-sweep generation total 98996K, used 59688K [0x00000000ecca0000, 0x00000000f2d4d000, 0x0000000100000000)
 Metaspace       used 68396K, capacity 71552K, committed 71936K, reserved 1112064K
  class space    used 8725K, capacity 9346K, committed 9472K, reserved 1048576K
}
2020-11-07T19:59:06.311+0800: 72.988: Application time: 0.0521627 seconds
{Heap before GC invocations=922 (full 80):
 par new generation   total 9216K, used 8774K [0x00000000e3400000, 0x00000000e3e00000, 0x00000000ecca0000)
  eden space 8192K, 100% used [0x00000000e3400000, 0x00000000e3c00000, 0x00000000e3c00000)
  from space 1024K,  56% used [0x00000000e3c00000, 0x00000000e3c91bb8, 0x00000000e3d00000)
  to   space 1024K,   0% used [0x00000000e3d00000, 0x00000000e3d00000, 0x00000000e3e00000)
 concurrent mark-sweep generation total 98996K, used 59688K [0x00000000ecca0000, 0x00000000f2d4d000, 0x0000000100000000)
 Metaspace       used 68412K, capacity 71568K, committed 71936K, reserved 1112064K
  class space    used 8727K, capacity 9350K, committed 9472K, reserved 1048576K
2020-11-07T19:59:06.311+0800: 72.988: [GC (Allocation Failure) 2020-11-07T19:59:06.311+0800: 72.988: [ParNew: 8774K->643K(9216K), 0.0296879 secs] 68463K->60382K(108212K), 0.0297559 secs] [Times: user=0.01 sys=0.00, real=0.03 secs] 
Heap after GC invocations=923 (full 80):
 par new generation   total 9216K, used 643K [0x00000000e3400000, 0x00000000e3e00000, 0x00000000ecca0000)
  eden space 8192K,   0% used [0x00000000e3400000, 0x00000000e3400000, 0x00000000e3c00000)
  from space 1024K,  62% used [0x00000000e3d00000, 0x00000000e3da0de8, 0x00000000e3e00000)
  to   space 1024K,   0% used [0x00000000e3c00000, 0x00000000e3c00000, 0x00000000e3d00000)
 concurrent mark-sweep generation total 98996K, used 59738K [0x00000000ecca0000, 0x00000000f2d4d000, 0x0000000100000000)
 Metaspace       used 68412K, capacity 71568K, committed 71936K, reserved 1112064K
  class space    used 8727K, capacity 9350K, committed 9472K, reserved 1048576K
}
2020-11-07T19:59:06.419+0800: 73.095: Application time: 0.0775326 seconds
{Heap before GC invocations=923 (full 80):
 par new generation   total 9216K, used 8835K [0x00000000e3400000, 0x00000000e3e00000, 0x00000000ecca0000)
  eden space 8192K, 100% used [0x00000000e3400000, 0x00000000e3c00000, 0x00000000e3c00000)
  from space 1024K,  62% used [0x00000000e3d00000, 0x00000000e3da0de8, 0x00000000e3e00000)
  to   space 1024K,   0% used [0x00000000e3c00000, 0x00000000e3c00000, 0x00000000e3d00000)
 concurrent mark-sweep generation total 98996K, used 59738K [0x00000000ecca0000, 0x00000000f2d4d000, 0x0000000100000000)
 Metaspace       used 68493K, capacity 71652K, committed 71936K, reserved 1112064K
  class space    used 8740K, capacity 9356K, committed 9472K, reserved 1048576K
2020-11-07T19:59:06.419+0800: 73.095: [GC (Allocation Failure) 2020-11-07T19:59:06.419+0800: 73.095: [ParNew: 8835K->916K(9216K), 0.0296006 secs] 68574K->60654K(108212K), 0.0296653 secs] [Times: user=0.02 sys=0.00, real=0.03 secs] 
Heap after GC invocations=924 (full 80):
 par new generation   total 9216K, used 916K [0x00000000e3400000, 0x00000000e3e00000, 0x00000000ecca0000)
  eden space 8192K,   0% used [0x00000000e3400000, 0x00000000e3400000, 0x00000000e3c00000)
  from space 1024K,  89% used [0x00000000e3c00000, 0x00000000e3ce5030, 0x00000000e3d00000)
  to   space 1024K,   0% used [0x00000000e3d00000, 0x00000000e3d00000, 0x00000000e3e00000)
 concurrent mark-sweep generation total 98996K, used 59738K [0x00000000ecca0000, 0x00000000f2d4d000, 0x0000000100000000)
 Metaspace       used 68493K, capacity 71652K, committed 71936K, reserved 1112064K
  class space    used 8740K, capacity 9356K, committed 9472K, reserved 1048576K
}
2020-11-07T19:59:06.485+0800: 73.162: Application time: 0.0365161 seconds
{Heap before GC invocations=924 (full 80):
 par new generation   total 9216K, used 9108K [0x00000000e3400000, 0x00000000e3e00000, 0x00000000ecca0000)
  eden space 8192K, 100% used [0x00000000e3400000, 0x00000000e3c00000, 0x00000000e3c00000)
  from space 1024K,  89% used [0x00000000e3c00000, 0x00000000e3ce5030, 0x00000000e3d00000)
  to   space 1024K,   0% used [0x00000000e3d00000, 0x00000000e3d00000, 0x00000000e3e00000)
 concurrent mark-sweep generation total 98996K, used 59738K [0x00000000ecca0000, 0x00000000f2d4d000, 0x0000000100000000)
 Metaspace       used 68508K, capacity 71660K, committed 71936K, reserved 1112064K
  class space    used 8743K, capacity 9358K, committed 9472K, reserved 1048576K
2020-11-07T19:59:06.485+0800: 73.162: [GC (Allocation Failure) 2020-11-07T19:59:06.485+0800: 73.162: [ParNew: 9108K->614K(9216K), 0.0445780 secs] 68846K->60577K(108212K), 0.0446525 secs] [Times: user=0.04 sys=0.00, real=0.04 secs] 
Heap after GC invocations=925 (full 80):
 par new generation   total 9216K, used 614K [0x00000000e3400000, 0x00000000e3e00000, 0x00000000ecca0000)
  eden space 8192K,   0% used [0x00000000e3400000, 0x00000000e3400000, 0x00000000e3c00000)
  from space 1024K,  60% used [0x00000000e3d00000, 0x00000000e3d99a58, 0x00000000e3e00000)
  to   space 1024K,   0% used [0x00000000e3c00000, 0x00000000e3c00000, 0x00000000e3d00000)
 concurrent mark-sweep generation total 98996K, used 59963K [0x00000000ecca0000, 0x00000000f2d4d000, 0x0000000100000000)
 Metaspace       used 68508K, capacity 71660K, committed 71936K, reserved 1112064K
  class space    used 8743K, capacity 9358K, committed 9472K, reserved 1048576K
}
2020-11-07T19:59:06.604+0800: 73.281: [CMS-concurrent-mark: 0.477/0.696 secs] [Times: user=0.64 sys=0.00, real=0.69 secs] 
2020-11-07T19:59:06.604+0800: 73.281: [CMS-concurrent-preclean-start]
2020-11-07T19:59:06.615+0800: 73.292: [CMS-concurrent-preclean: 0.010/0.011 secs] [Times: user=0.01 sys=0.00, real=0.02 secs] 
2020-11-07T19:59:06.615+0800: 73.292: [CMS-concurrent-abortable-preclean-start]
2020-11-07T19:59:06.631+0800: 73.308: Application time: 0.1014397 seconds
{Heap before GC invocations=925 (full 80):
 par new generation   total 9216K, used 8806K [0x00000000e3400000, 0x00000000e3e00000, 0x00000000ecca0000)
  eden space 8192K, 100% used [0x00000000e3400000, 0x00000000e3c00000, 0x00000000e3c00000)
  from space 1024K,  60% used [0x00000000e3d00000, 0x00000000e3d99a58, 0x00000000e3e00000)
  to   space 1024K,   0% used [0x00000000e3c00000, 0x00000000e3c00000, 0x00000000e3d00000)
 concurrent mark-sweep generation total 98996K, used 59963K [0x00000000ecca0000, 0x00000000f2d4d000, 0x0000000100000000)
 Metaspace       used 68571K, capacity 71770K, committed 72192K, reserved 1112064K
  class space    used 8754K, capacity 9393K, committed 9472K, reserved 1048576K
2020-11-07T19:59:06.632+0800: 73.308: [GC (Allocation Failure) 2020-11-07T19:59:06.632+0800: 73.308: [ParNew: 8806K->852K(9216K), 0.0431560 secs] 68769K->60815K(108212K), 0.0432459 secs] [Times: user=0.04 sys=0.00, real=0.05 secs] 
Heap after GC invocations=926 (full 80):
 par new generation   total 9216K, used 852K [0x00000000e3400000, 0x00000000e3e00000, 0x00000000ecca0000)
  eden space 8192K,   0% used [0x00000000e3400000, 0x00000000e3400000, 0x00000000e3c00000)
  from space 1024K,  83% used [0x00000000e3c00000, 0x00000000e3cd5038, 0x00000000e3d00000)
  to   space 1024K,   0% used [0x00000000e3d00000, 0x00000000e3d00000, 0x00000000e3e00000)
 concurrent mark-sweep generation total 98996K, used 59963K [0x00000000ecca0000, 0x00000000f2d4d000, 0x0000000100000000)
 Metaspace       used 68571K, capacity 71770K, committed 72192K, reserved 1112064K
  class space    used 8754K, capacity 9393K, committed 9472K, reserved 1048576K
}
2020-11-07T19:59:06.730+0800: 73.407: Application time: 0.0553707 seconds
{Heap before GC invocations=926 (full 80):
 par new generation   total 9216K, used 9044K [0x00000000e3400000, 0x00000000e3e00000, 0x00000000ecca0000)
  eden space 8192K, 100% used [0x00000000e3400000, 0x00000000e3c00000, 0x00000000e3c00000)
  from space 1024K,  83% used [0x00000000e3c00000, 0x00000000e3cd5038, 0x00000000e3d00000)
  to   space 1024K,   0% used [0x00000000e3d00000, 0x00000000e3d00000, 0x00000000e3e00000)
 concurrent mark-sweep generation total 98996K, used 59963K [0x00000000ecca0000, 0x00000000f2d4d000, 0x0000000100000000)
 Metaspace       used 68602K, capacity 71834K, committed 72192K, reserved 1112064K
  class space    used 8756K, capacity 9393K, committed 9472K, reserved 1048576K
2020-11-07T19:59:06.731+0800: 73.407: [GC (Allocation Failure) 2020-11-07T19:59:06.731+0800: 73.407: [ParNew: 9044K->907K(9216K), 0.0317121 secs] 69007K->61086K(108212K), 0.0317683 secs] [Times: user=0.03 sys=0.00, real=0.03 secs] 
Heap after GC invocations=927 (full 80):
 par new generation   total 9216K, used 907K [0x00000000e3400000, 0x00000000e3e00000, 0x00000000ecca0000)
  eden space 8192K,   0% used [0x00000000e3400000, 0x00000000e3400000, 0x00000000e3c00000)
  from space 1024K,  88% used [0x00000000e3d00000, 0x00000000e3de2df8, 0x00000000e3e00000)
  to   space 1024K,   0% used [0x00000000e3c00000, 0x00000000e3c00000, 0x00000000e3d00000)
 concurrent mark-sweep generation total 98996K, used 60179K [0x00000000ecca0000, 0x00000000f2d4d000, 0x0000000100000000)
 Metaspace       used 68602K, capacity 71834K, committed 72192K, reserved 1112064K
  class space    used 8756K, capacity 9393K, committed 9472K, reserved 1048576K
}
2020-11-07T19:59:06.787+0800: 73.463: [CMS-concurrent-abortable-preclean: 0.040/0.172 secs] [Times: user=0.16 sys=0.00, real=0.17 secs] 
2020-11-07T19:59:06.787+0800: 73.463: Application time: 0.0243206 seconds
2020-11-07T19:59:06.793+0800: 73.469: [GC (CMS Final Remark) [YG occupancy: 6821 K (9216 K)]2020-11-07T19:59:06.793+0800: 73.469: [Rescan (parallel) , 0.0268670 secs]2020-11-07T19:59:06.820+0800: 73.496: [weak refs processing, 0.0007854 secs]2020-11-07T19:59:06.820+0800: 73.497: [class unloading, 0.0224571 secs]2020-11-07T19:59:06.843+0800: 73.520: [scrub symbol table, 0.0576209 secs]2020-11-07T19:59:06.901+0800: 73.577: [scrub string table, 0.0031404 secs][1 CMS-remark: 60179K(98996K)] 67000K(108212K), 0.1249898 secs] [Times: user=0.12 sys=0.00, real=0.13 secs] 
2020-11-07T19:59:06.920+0800: 73.597: [CMS-concurrent-sweep-start]
2020-11-07T19:59:06.935+0800: 73.612: Application time: 0.0172569 seconds
{Heap before GC invocations=927 (full 80):
 par new generation   total 9216K, used 9099K [0x00000000e3400000, 0x00000000e3e00000, 0x00000000ecca0000)
  eden space 8192K, 100% used [0x00000000e3400000, 0x00000000e3c00000, 0x00000000e3c00000)
  from space 1024K,  88% used [0x00000000e3d00000, 0x00000000e3de2df8, 0x00000000e3e00000)
  to   space 1024K,   0% used [0x00000000e3c00000, 0x00000000e3c00000, 0x00000000e3d00000)
 concurrent mark-sweep generation total 98996K, used 60178K [0x00000000ecca0000, 0x00000000f2d4d000, 0x0000000100000000)
 Metaspace       used 68624K, capacity 71854K, committed 72192K, reserved 1112064K
  class space    used 8760K, capacity 9397K, committed 9472K, reserved 1048576K
2020-11-07T19:59:06.935+0800: 73.612: [GC (Allocation Failure) 2020-11-07T19:59:06.935+0800: 73.612: [ParNew: 9099K->327K(9216K), 0.0232492 secs] 69278K->60642K(108212K), 0.0233307 secs] [Times: user=0.03 sys=0.01, real=0.02 secs] 
Heap after GC invocations=928 (full 80):
 par new generation   total 9216K, used 327K [0x00000000e3400000, 0x00000000e3e00000, 0x00000000ecca0000)
  eden space 8192K,   0% used [0x00000000e3400000, 0x00000000e3400000, 0x00000000e3c00000)
  from space 1024K,  31% used [0x00000000e3c00000, 0x00000000e3c51c98, 0x00000000e3d00000)
  to   space 1024K,   0% used [0x00000000e3d00000, 0x00000000e3d00000, 0x00000000e3e00000)
 concurrent mark-sweep generation total 98996K, used 60315K [0x00000000ecca0000, 0x00000000f2d4d000, 0x0000000100000000)
 Metaspace       used 68624K, capacity 71854K, committed 72192K, reserved 1112064K
  class space    used 8760K, capacity 9397K, committed 9472K, reserved 1048576K
}
2020-11-07T19:59:07.002+0800: 73.679: Application time: 0.0433887 seconds
{Heap before GC invocations=928 (full 80):
 par new generation   total 9216K, used 8519K [0x00000000e3400000, 0x00000000e3e00000, 0x00000000ecca0000)
  eden space 8192K, 100% used [0x00000000e3400000, 0x00000000e3c00000, 0x00000000e3c00000)
  from space 1024K,  31% used [0x00000000e3c00000, 0x00000000e3c51c98, 0x00000000e3d00000)
  to   space 1024K,   0% used [0x00000000e3d00000, 0x00000000e3d00000, 0x00000000e3e00000)
 concurrent mark-sweep generation total 98996K, used 60293K [0x00000000ecca0000, 0x00000000f2d4d000, 0x0000000100000000)
 Metaspace       used 68635K, capacity 71872K, committed 72192K, reserved 1112064K
  class space    used 8762K, capacity 9400K, committed 9472K, reserved 1048576K
2020-11-07T19:59:07.002+0800: 73.679: [GC (Allocation Failure) 2020-11-07T19:59:07.002+0800: 73.679: [ParNew: 8519K->487K(9216K), 0.0218843 secs] 68812K->60780K(108212K), 0.0219392 secs] [Times: user=0.02 sys=0.00, real=0.02 secs] 
Heap after GC invocations=929 (full 80):
 par new generation   total 9216K, used 487K [0x00000000e3400000, 0x00000000e3e00000, 0x00000000ecca0000)
  eden space 8192K,   0% used [0x00000000e3400000, 0x00000000e3400000, 0x00000000e3c00000)
  from space 1024K,  47% used [0x00000000e3d00000, 0x00000000e3d79e28, 0x00000000e3e00000)
  to   space 1024K,   0% used [0x00000000e3c00000, 0x00000000e3c00000, 0x00000000e3d00000)
 concurrent mark-sweep generation total 98996K, used 60293K [0x00000000ecca0000, 0x00000000f2d4d000, 0x0000000100000000)
 Metaspace       used 68635K, capacity 71872K, committed 72192K, reserved 1112064K
  class space    used 8762K, capacity 9400K, committed 9472K, reserved 1048576K
}
2020-11-07T19:59:07.030+0800: 73.706: [CMS-concurrent-sweep: 0.062/0.109 secs] [Times: user=0.10 sys=0.01, real=0.11 secs] 
2020-11-07T19:59:07.047+0800: 73.724: [CMS-concurrent-reset-start]
2020-11-07T19:59:07.048+0800: 73.725: [CMS-concurrent-reset: 0.001/0.001 secs] [Times: user=0.00 sys=0.00, real=0.00 secs] 
2020-11-07T19:59:07.062+0800: 73.738: Application time: 0.0373205 seconds
{Heap before GC invocations=929 (full 80):
 par new generation   total 9216K, used 8679K [0x00000000e3400000, 0x00000000e3e00000, 0x00000000ecca0000)
  eden space 8192K, 100% used [0x00000000e3400000, 0x00000000e3c00000, 0x00000000e3c00000)
  from space 1024K,  47% used [0x00000000e3d00000, 0x00000000e3d79e28, 0x00000000e3e00000)
  to   space 1024K,   0% used [0x00000000e3c00000, 0x00000000e3c00000, 0x00000000e3d00000)
 concurrent mark-sweep generation total 100460K, used 60275K [0x00000000ecca0000, 0x00000000f2ebb000, 0x0000000100000000)
 Metaspace       used 68641K, capacity 71858K, committed 72192K, reserved 1112064K
  class space    used 8761K, capacity 9397K, committed 9472K, reserved 1048576K
2020-11-07T19:59:07.062+0800: 73.738: [GC (Allocation Failure) 2020-11-07T19:59:07.062+0800: 73.738: [ParNew: 8679K->754K(9216K), 0.0349361 secs] 68955K->61029K(109676K), 0.0350194 secs] [Times: user=0.03 sys=0.00, real=0.04 secs] 
Heap after GC invocations=930 (full 80):
 par new generation   total 9216K, used 754K [0x00000000e3400000, 0x00000000e3e00000, 0x00000000ecca0000)
  eden space 8192K,   0% used [0x00000000e3400000, 0x00000000e3400000, 0x00000000e3c00000)
  from space 1024K,  73% used [0x00000000e3c00000, 0x00000000e3cbc818, 0x00000000e3d00000)
  to   space 1024K,   0% used [0x00000000e3d00000, 0x00000000e3d00000, 0x00000000e3e00000)
 concurrent mark-sweep generation total 100460K, used 60275K [0x00000000ecca0000, 0x00000000f2ebb000, 0x0000000100000000)
 Metaspace       used 68641K, capacity 71858K, committed 72192K, reserved 1112064K
  class space    used 8761K, capacity 9397K, committed 9472K, reserved 1048576K
}
2020-11-07T19:59:07.118+0800: 73.795: Application time: 0.0216524 seconds
{Heap before GC invocations=930 (full 80):
 par new generation   total 9216K, used 8946K [0x00000000e3400000, 0x00000000e3e00000, 0x00000000ecca0000)
  eden space 8192K, 100% used [0x00000000e3400000, 0x00000000e3c00000, 0x00000000e3c00000)
  from space 1024K,  73% used [0x00000000e3c00000, 0x00000000e3cbc818, 0x00000000e3d00000)
  to   space 1024K,   0% used [0x00000000e3d00000, 0x00000000e3d00000, 0x00000000e3e00000)
 concurrent mark-sweep generation total 100460K, used 60275K [0x00000000ecca0000, 0x00000000f2ebb000, 0x0000000100000000)
 Metaspace       used 68690K, capacity 71930K, committed 72192K, reserved 1112064K
  class space    used 8766K, capacity 9399K, committed 9472K, reserved 1048576K
2020-11-07T19:59:07.119+0800: 73.795: [GC (Allocation Failure) 2020-11-07T19:59:07.119+0800: 73.795: [ParNew: 8946K->615K(9216K), 0.0480755 secs] 69221K->60891K(109676K), 0.0481409 secs] [Times: user=0.04 sys=0.00, real=0.05 secs] 
Heap after GC invocations=931 (full 80):
 par new generation   total 9216K, used 615K [0x00000000e3400000, 0x00000000e3e00000, 0x00000000ecca0000)
  eden space 8192K,   0% used [0x00000000e3400000, 0x00000000e3400000, 0x00000000e3c00000)
  from space 1024K,  60% used [0x00000000e3d00000, 0x00000000e3d99da8, 0x00000000e3e00000)
  to   space 1024K,   0% used [0x00000000e3c00000, 0x00000000e3c00000, 0x00000000e3d00000)
 concurrent mark-sweep generation total 100460K, used 60275K [0x00000000ecca0000, 0x00000000f2ebb000, 0x0000000100000000)
 Metaspace       used 68690K, capacity 71930K, committed 72192K, reserved 1112064K
  class space    used 8766K, capacity 9399K, committed 9472K, reserved 1048576K
}
2020-11-07T19:59:07.185+0800: 73.861: Application time: 0.0177720 seconds
{Heap before GC invocations=931 (full 80):
 par new generation   total 9216K, used 8807K [0x00000000e3400000, 0x00000000e3e00000, 0x00000000ecca0000)
  eden space 8192K, 100% used [0x00000000e3400000, 0x00000000e3c00000, 0x00000000e3c00000)
  from space 1024K,  60% used [0x00000000e3d00000, 0x00000000e3d99da8, 0x00000000e3e00000)
  to   space 1024K,   0% used [0x00000000e3c00000, 0x00000000e3c00000, 0x00000000e3d00000)
 concurrent mark-sweep generation total 100460K, used 60275K [0x00000000ecca0000, 0x00000000f2ebb000, 0x0000000100000000)
 Metaspace       used 68709K, capacity 71936K, committed 72192K, reserved 1112064K
  class space    used 8770K, capacity 9400K, committed 9472K, reserved 1048576K
2020-11-07T19:59:07.185+0800: 73.862: [GC (Allocation Failure) 2020-11-07T19:59:07.185+0800: 73.862: [ParNew: 8807K->812K(9216K), 0.0291012 secs] 69083K->61187K(109676K), 0.0291675 secs] [Times: user=0.03 sys=0.00, real=0.02 secs] 
Heap after GC invocations=932 (full 80):
 par new generation   total 9216K, used 812K [0x00000000e3400000, 0x00000000e3e00000, 0x00000000ecca0000)
  eden space 8192K,   0% used [0x00000000e3400000, 0x00000000e3400000, 0x00000000e3c00000)
  from space 1024K,  79% used [0x00000000e3c00000, 0x00000000e3ccb058, 0x00000000e3d00000)
  to   space 1024K,   0% used [0x00000000e3d00000, 0x00000000e3d00000, 0x00000000e3e00000)
 concurrent mark-sweep generation total 100460K, used 60374K [0x00000000ecca0000, 0x00000000f2ebb000, 0x0000000100000000)
 Metaspace       used 68709K, capacity 71936K, committed 72192K, reserved 1112064K
  class space    used 8770K, capacity 9400K, committed 9472K, reserved 1048576K
}
2020-11-07T19:59:07.217+0800: 73.894: Application time: 0.0029900 seconds
2020-11-07T19:59:07.217+0800: 73.894: [GC (CMS Initial Mark) [1 CMS-initial-mark: 60374K(100460K)] 61543K(109676K), 0.0052946 secs] [Times: user=0.00 sys=0.00, real=0.00 secs] 
2020-11-07T19:59:07.223+0800: 73.899: [CMS-concurrent-mark-start]
2020-11-07T19:59:07.263+0800: 73.939: Application time: 0.0398883 seconds
{Heap before GC invocations=932 (full 81):
 par new generation   total 9216K, used 9004K [0x00000000e3400000, 0x00000000e3e00000, 0x00000000ecca0000)
  eden space 8192K, 100% used [0x00000000e3400000, 0x00000000e3c00000, 0x00000000e3c00000)
  from space 1024K,  79% used [0x00000000e3c00000, 0x00000000e3ccb058, 0x00000000e3d00000)
  to   space 1024K,   0% used [0x00000000e3d00000, 0x00000000e3d00000, 0x00000000e3e00000)
 concurrent mark-sweep generation total 100460K, used 60374K [0x00000000ecca0000, 0x00000000f2ebb000, 0x0000000100000000)
 Metaspace       used 68747K, capacity 71948K, committed 72192K, reserved 1112064K
  class space    used 8774K, capacity 9402K, committed 9472K, reserved 1048576K
2020-11-07T19:59:07.263+0800: 73.940: [GC (Allocation Failure) 2020-11-07T19:59:07.263+0800: 73.940: [ParNew: 9004K->707K(9216K), 0.0275232 secs] 69379K->61250K(109676K), 0.0275994 secs] [Times: user=0.03 sys=0.00, real=0.03 secs] 
Heap after GC invocations=933 (full 81):
 par new generation   total 9216K, used 707K [0x00000000e3400000, 0x00000000e3e00000, 0x00000000ecca0000)
  eden space 8192K,   0% used [0x00000000e3400000, 0x00000000e3400000, 0x00000000e3c00000)
  from space 1024K,  69% used [0x00000000e3d00000, 0x00000000e3db0dd8, 0x00000000e3e00000)
  to   space 1024K,   0% used [0x00000000e3c00000, 0x00000000e3c00000, 0x00000000e3d00000)
 concurrent mark-sweep generation total 100460K, used 60543K [0x00000000ecca0000, 0x00000000f2ebb000, 0x0000000100000000)
 Metaspace       used 68747K, capacity 71948K, committed 72192K, reserved 1112064K
  class space    used 8774K, capacity 9402K, committed 9472K, reserved 1048576K
}
2020-11-07T19:59:07.313+0800: 73.989: Application time: 0.0221792 seconds
{Heap before GC invocations=933 (full 81):
 par new generation   total 9216K, used 8899K [0x00000000e3400000, 0x00000000e3e00000, 0x00000000ecca0000)
  eden space 8192K, 100% used [0x00000000e3400000, 0x00000000e3c00000, 0x00000000e3c00000)
  from space 1024K,  69% used [0x00000000e3d00000, 0x00000000e3db0dd8, 0x00000000e3e00000)
  to   space 1024K,   0% used [0x00000000e3c00000, 0x00000000e3c00000, 0x00000000e3d00000)
 concurrent mark-sweep generation total 100460K, used 60543K [0x00000000ecca0000, 0x00000000f2ebb000, 0x0000000100000000)
 Metaspace       used 68748K, capacity 71948K, committed 72192K, reserved 1112064K
  class space    used 8774K, capacity 9402K, committed 9472K, reserved 1048576K
2020-11-07T19:59:07.313+0800: 73.990: [GC (Allocation Failure) 2020-11-07T19:59:07.313+0800: 73.990: [ParNew: 8899K->585K(9216K), 0.0168844 secs] 69442K->61128K(109676K), 0.0169433 secs] [Times: user=0.02 sys=0.00, real=0.02 secs] 
Heap after GC invocations=934 (full 81):
 par new generation   total 9216K, used 585K [0x00000000e3400000, 0x00000000e3e00000, 0x00000000ecca0000)
  eden space 8192K,   0% used [0x00000000e3400000, 0x00000000e3400000, 0x00000000e3c00000)
  from space 1024K,  57% used [0x00000000e3c00000, 0x00000000e3c92508, 0x00000000e3d00000)
  to   space 1024K,   0% used [0x00000000e3d00000, 0x00000000e3d00000, 0x00000000e3e00000)
 concurrent mark-sweep generation total 100460K, used 60543K [0x00000000ecca0000, 0x00000000f2ebb000, 0x0000000100000000)
 Metaspace       used 68748K, capacity 71948K, committed 72192K, reserved 1112064K
  class space    used 8774K, capacity 9402K, committed 9472K, reserved 1048576K
}
2020-11-07T19:59:07.382+0800: 74.059: Application time: 0.0520702 seconds
2020-11-07T19:59:07.410+0800: 74.086: Application time: 0.0263990 seconds
{Heap before GC invocations=934 (full 81):
 par new generation   total 9216K, used 8777K [0x00000000e3400000, 0x00000000e3e00000, 0x00000000ecca0000)
  eden space 8192K, 100% used [0x00000000e3400000, 0x00000000e3c00000, 0x00000000e3c00000)
  from space 1024K,  57% used [0x00000000e3c00000, 0x00000000e3c92508, 0x00000000e3d00000)
  to   space 1024K,   0% used [0x00000000e3d00000, 0x00000000e3d00000, 0x00000000e3e00000)
 concurrent mark-sweep generation total 100460K, used 60543K [0x00000000ecca0000, 0x00000000f2ebb000, 0x0000000100000000)
 Metaspace       used 68786K, capacity 72026K, committed 72192K, reserved 1112064K
  class space    used 8781K, capacity 9405K, committed 9472K, reserved 1048576K
2020-11-07T19:59:07.410+0800: 74.086: [GC (Allocation Failure) 2020-11-07T19:59:07.410+0800: 74.086: [ParNew: 8777K->1020K(9216K), 0.0295065 secs] 69320K->61603K(109676K), 0.0295630 secs] [Times: user=0.03 sys=0.00, real=0.03 secs] 
Heap after GC invocations=935 (full 81):
 par new generation   total 9216K, used 1020K [0x00000000e3400000, 0x00000000e3e00000, 0x00000000ecca0000)
  eden space 8192K,   0% used [0x00000000e3400000, 0x00000000e3400000, 0x00000000e3c00000)
  from space 1024K,  99% used [0x00000000e3d00000, 0x00000000e3dff230, 0x00000000e3e00000)
  to   space 1024K,   0% used [0x00000000e3c00000, 0x00000000e3c00000, 0x00000000e3d00000)
 concurrent mark-sweep generation total 100460K, used 60582K [0x00000000ecca0000, 0x00000000f2ebb000, 0x0000000100000000)
 Metaspace       used 68786K, capacity 72026K, committed 72192K, reserved 1112064K
  class space    used 8781K, capacity 9405K, committed 9472K, reserved 1048576K
}
2020-11-07T19:59:07.846+0800: 74.522: [CMS-concurrent-mark: 0.339/0.623 secs] [Times: user=0.59 sys=0.00, real=0.63 secs] 
2020-11-07T19:59:07.846+0800: 74.522: [CMS-concurrent-preclean-start]
2020-11-07T19:59:07.862+0800: 74.538: [CMS-concurrent-preclean: 0.016/0.016 secs] [Times: user=0.02 sys=0.00, real=0.01 secs] 
2020-11-07T19:59:07.862+0800: 74.539: Application time: 0.4224783 seconds
2020-11-07T19:59:07.862+0800: 74.539: [GC (CMS Final Remark) [YG occupancy: 1704 K (9216 K)]2020-11-07T19:59:07.862+0800: 74.539: [Rescan (parallel) , 0.0200116 secs]2020-11-07T19:59:07.882+0800: 74.559: [weak refs processing, 0.0001261 secs]2020-11-07T19:59:07.882+0800: 74.559: [class unloading, 0.0290029 secs]2020-11-07T19:59:07.911+0800: 74.588: [scrub symbol table, 0.0536894 secs]2020-11-07T19:59:07.965+0800: 74.642: [scrub string table, 0.0015238 secs][1 CMS-remark: 60582K(100460K)] 62287K(109676K), 0.1232109 secs] [Times: user=0.12 sys=0.00, real=0.13 secs] 
2020-11-07T19:59:07.985+0800: 74.662: [CMS-concurrent-sweep-start]
2020-11-07T19:59:08.048+0800: 74.725: [CMS-concurrent-sweep: 0.063/0.063 secs] [Times: user=0.06 sys=0.00, real=0.06 secs] 
2020-11-07T19:59:08.048+0800: 74.725: [CMS-concurrent-reset-start]
2020-11-07T19:59:08.049+0800: 74.726: [CMS-concurrent-reset: 0.001/0.001 secs] [Times: user=0.00 sys=0.00, real=0.00 secs] 
2020-11-07T19:59:08.083+0800: 74.760: Application time: 0.0980555 seconds
2020-11-07T19:59:08.124+0800: 74.801: Application time: 0.0396679 seconds
{Heap before GC invocations=935 (full 81):
 par new generation   total 9216K, used 9212K [0x00000000e3400000, 0x00000000e3e00000, 0x00000000ecca0000)
  eden space 8192K, 100% used [0x00000000e3400000, 0x00000000e3c00000, 0x00000000e3c00000)
  from space 1024K,  99% used [0x00000000e3d00000, 0x00000000e3dff230, 0x00000000e3e00000)
  to   space 1024K,   0% used [0x00000000e3c00000, 0x00000000e3c00000, 0x00000000e3d00000)
 concurrent mark-sweep generation total 100460K, used 59269K [0x00000000ecca0000, 0x00000000f2ebb000, 0x0000000100000000)
 Metaspace       used 68916K, capacity 72132K, committed 72448K, reserved 1112064K
  class space    used 8797K, capacity 9428K, committed 9472K, reserved 1048576K
2020-11-07T19:59:08.124+0800: 74.801: [GC (Allocation Failure) 2020-11-07T19:59:08.124+0800: 74.801: [ParNew: 9212K->1024K(9216K), 0.0419146 secs] 68482K->61398K(109676K), 0.0419964 secs] [Times: user=0.03 sys=0.00, real=0.05 secs] 
Heap after GC invocations=936 (full 81):
 par new generation   total 9216K, used 1024K [0x00000000e3400000, 0x00000000e3e00000, 0x00000000ecca0000)
  eden space 8192K,   0% used [0x00000000e3400000, 0x00000000e3400000, 0x00000000e3c00000)
  from space 1024K, 100% used [0x00000000e3c00000, 0x00000000e3d00000, 0x00000000e3d00000)
  to   space 1024K,   0% used [0x00000000e3d00000, 0x00000000e3d00000, 0x00000000e3e00000)
 concurrent mark-sweep generation total 100460K, used 60374K [0x00000000ecca0000, 0x00000000f2ebb000, 0x0000000100000000)
 Metaspace       used 68916K, capacity 72132K, committed 72448K, reserved 1112064K
  class space    used 8797K, capacity 9428K, committed 9472K, reserved 1048576K
}
2020-11-07T19:59:08.172+0800: 74.848: Application time: 0.0050935 seconds
2020-11-07T19:59:08.172+0800: 74.848: [GC (CMS Initial Mark) [1 CMS-initial-mark: 60374K(100460K)] 62402K(109676K), 0.0065955 secs] [Times: user=0.01 sys=0.00, real=0.01 secs] 
2020-11-07T19:59:08.178+0800: 74.855: [CMS-concurrent-mark-start]
2020-11-07T19:59:08.186+0800: 74.862: Application time: 0.0072949 seconds
2020-11-07T19:59:08.298+0800: 74.975: Application time: 0.1116554 seconds
2020-11-07T19:59:08.304+0800: 74.981: Application time: 0.0043552 seconds
{Heap before GC invocations=936 (full 82):
 par new generation   total 9216K, used 9216K [0x00000000e3400000, 0x00000000e3e00000, 0x00000000ecca0000)
  eden space 8192K, 100% used [0x00000000e3400000, 0x00000000e3c00000, 0x00000000e3c00000)
  from space 1024K, 100% used [0x00000000e3c00000, 0x00000000e3d00000, 0x00000000e3d00000)
  to   space 1024K,   0% used [0x00000000e3d00000, 0x00000000e3d00000, 0x00000000e3e00000)
 concurrent mark-sweep generation total 100460K, used 60374K [0x00000000ecca0000, 0x00000000f2ebb000, 0x0000000100000000)
 Metaspace       used 69065K, capacity 72310K, committed 72448K, reserved 1112064K
  class space    used 8818K, capacity 9463K, committed 9472K, reserved 1048576K
2020-11-07T19:59:08.304+0800: 74.981: [GC (Allocation Failure) 2020-11-07T19:59:08.304+0800: 74.981: [ParNew: 9216K->974K(9216K), 0.0323064 secs] 69590K->62259K(109676K), 0.0323789 secs] [Times: user=0.03 sys=0.01, real=0.04 secs] 
Heap after GC invocations=937 (full 82):
 par new generation   total 9216K, used 974K [0x00000000e3400000, 0x00000000e3e00000, 0x00000000ecca0000)
  eden space 8192K,   0% used [0x00000000e3400000, 0x00000000e3400000, 0x00000000e3c00000)
  from space 1024K,  95% used [0x00000000e3d00000, 0x00000000e3df3828, 0x00000000e3e00000)
  to   space 1024K,   0% used [0x00000000e3c00000, 0x00000000e3c00000, 0x00000000e3d00000)
 concurrent mark-sweep generation total 100460K, used 61285K [0x00000000ecca0000, 0x00000000f2ebb000, 0x0000000100000000)
 Metaspace       used 69065K, capacity 72310K, committed 72448K, reserved 1112064K
  class space    used 8818K, capacity 9463K, committed 9472K, reserved 1048576K
}
2020-11-07T19:59:08.356+0800: 75.033: Application time: 0.0195219 seconds
2020-11-07T19:59:08.371+0800: 75.047: Application time: 0.0130300 seconds
2020-11-07T19:59:08.371+0800: 75.047: Application time: 0.0000219 seconds
2020-11-07T19:59:08.401+0800: 75.078: Application time: 0.0306536 seconds
{Heap before GC invocations=937 (full 82):
 par new generation   total 9216K, used 9166K [0x00000000e3400000, 0x00000000e3e00000, 0x00000000ecca0000)
  eden space 8192K, 100% used [0x00000000e3400000, 0x00000000e3c00000, 0x00000000e3c00000)
  from space 1024K,  95% used [0x00000000e3d00000, 0x00000000e3df3828, 0x00000000e3e00000)
  to   space 1024K,   0% used [0x00000000e3c00000, 0x00000000e3c00000, 0x00000000e3d00000)
 concurrent mark-sweep generation total 100460K, used 61285K [0x00000000ecca0000, 0x00000000f2ebb000, 0x0000000100000000)
 Metaspace       used 69170K, capacity 72378K, committed 72704K, reserved 1112064K
  class space    used 8826K, capacity 9465K, committed 9472K, reserved 1048576K
2020-11-07T19:59:08.402+0800: 75.078: [GC (Allocation Failure) 2020-11-07T19:59:08.402+0800: 75.078: [ParNew: 9166K->416K(9216K), 0.0360859 secs] 70451K->61702K(109676K), 0.0361534 secs] [Times: user=0.04 sys=0.00, real=0.04 secs] 
Heap after GC invocations=938 (full 82):
 par new generation   total 9216K, used 416K [0x00000000e3400000, 0x00000000e3e00000, 0x00000000ecca0000)
  eden space 8192K,   0% used [0x00000000e3400000, 0x00000000e3400000, 0x00000000e3c00000)
  from space 1024K,  40% used [0x00000000e3c00000, 0x00000000e3c68328, 0x00000000e3d00000)
  to   space 1024K,   0% used [0x00000000e3d00000, 0x00000000e3d00000, 0x00000000e3e00000)
 concurrent mark-sweep generation total 100460K, used 61285K [0x00000000ecca0000, 0x00000000f2ebb000, 0x0000000100000000)
 Metaspace       used 69170K, capacity 72378K, committed 72704K, reserved 1112064K
  class space    used 8826K, capacity 9465K, committed 9472K, reserved 1048576K
}
2020-11-07T19:59:08.489+0800: 75.165: Application time: 0.0506649 seconds
{Heap before GC invocations=938 (full 82):
 par new generation   total 9216K, used 8608K [0x00000000e3400000, 0x00000000e3e00000, 0x00000000ecca0000)
  eden space 8192K, 100% used [0x00000000e3400000, 0x00000000e3c00000, 0x00000000e3c00000)
  from space 1024K,  40% used [0x00000000e3c00000, 0x00000000e3c68328, 0x00000000e3d00000)
  to   space 1024K,   0% used [0x00000000e3d00000, 0x00000000e3d00000, 0x00000000e3e00000)
 concurrent mark-sweep generation total 100460K, used 61285K [0x00000000ecca0000, 0x00000000f2ebb000, 0x0000000100000000)
 Metaspace       used 69205K, capacity 72448K, committed 72704K, reserved 1112064K
  class space    used 8831K, capacity 9466K, committed 9472K, reserved 1048576K
2020-11-07T19:59:08.489+0800: 75.165: [GC (Allocation Failure) 2020-11-07T19:59:08.489+0800: 75.165: [ParNew: 8608K->419K(9216K), 0.0249870 secs] 69894K->61705K(109676K), 0.0250478 secs] [Times: user=0.02 sys=0.00, real=0.02 secs] 
Heap after GC invocations=939 (full 82):
 par new generation   total 9216K, used 419K [0x00000000e3400000, 0x00000000e3e00000, 0x00000000ecca0000)
  eden space 8192K,   0% used [0x00000000e3400000, 0x00000000e3400000, 0x00000000e3c00000)
  from space 1024K,  41% used [0x00000000e3d00000, 0x00000000e3d68fe0, 0x00000000e3e00000)
  to   space 1024K,   0% used [0x00000000e3c00000, 0x00000000e3c00000, 0x00000000e3d00000)
 concurrent mark-sweep generation total 100460K, used 61285K [0x00000000ecca0000, 0x00000000f2ebb000, 0x0000000100000000)
 Metaspace       used 69205K, capacity 72448K, committed 72704K, reserved 1112064K
  class space    used 8831K, capacity 9466K, committed 9472K, reserved 1048576K
}
2020-11-07T19:59:08.573+0800: 75.250: Application time: 0.0590905 seconds
{Heap before GC invocations=939 (full 82):
 par new generation   total 9216K, used 8611K [0x00000000e3400000, 0x00000000e3e00000, 0x00000000ecca0000)
  eden space 8192K, 100% used [0x00000000e3400000, 0x00000000e3c00000, 0x00000000e3c00000)
  from space 1024K,  41% used [0x00000000e3d00000, 0x00000000e3d68fe0, 0x00000000e3e00000)
  to   space 1024K,   0% used [0x00000000e3c00000, 0x00000000e3c00000, 0x00000000e3d00000)
 concurrent mark-sweep generation total 100460K, used 61285K [0x00000000ecca0000, 0x00000000f2ebb000, 0x0000000100000000)
 Metaspace       used 69227K, capacity 72460K, committed 72704K, reserved 1112064K
  class space    used 8834K, capacity 9470K, committed 9472K, reserved 1048576K
2020-11-07T19:59:08.573+0800: 75.250: [GC (Allocation Failure) 2020-11-07T19:59:08.573+0800: 75.250: [ParNew: 8611K->585K(9216K), 0.0414518 secs] 69897K->61871K(109676K), 0.0415339 secs] [Times: user=0.04 sys=0.00, real=0.05 secs] 
Heap after GC invocations=940 (full 82):
 par new generation   total 9216K, used 585K [0x00000000e3400000, 0x00000000e3e00000, 0x00000000ecca0000)
  eden space 8192K,   0% used [0x00000000e3400000, 0x00000000e3400000, 0x00000000e3c00000)
  from space 1024K,  57% used [0x00000000e3c00000, 0x00000000e3c92560, 0x00000000e3d00000)
  to   space 1024K,   0% used [0x00000000e3d00000, 0x00000000e3d00000, 0x00000000e3e00000)
 concurrent mark-sweep generation total 100460K, used 61285K [0x00000000ecca0000, 0x00000000f2ebb000, 0x0000000100000000)
 Metaspace       used 69227K, capacity 72460K, committed 72704K, reserved 1112064K
  class space    used 8834K, capacity 9470K, committed 9472K, reserved 1048576K
}
2020-11-07T19:59:08.655+0800: 75.332: Application time: 0.0407272 seconds
{Heap before GC invocations=940 (full 82):
 par new generation   total 9216K, used 8777K [0x00000000e3400000, 0x00000000e3e00000, 0x00000000ecca0000)
  eden space 8192K, 100% used [0x00000000e3400000, 0x00000000e3c00000, 0x00000000e3c00000)
  from space 1024K,  57% used [0x00000000e3c00000, 0x00000000e3c92560, 0x00000000e3d00000)
  to   space 1024K,   0% used [0x00000000e3d00000, 0x00000000e3d00000, 0x00000000e3e00000)
 concurrent mark-sweep generation total 100460K, used 61285K [0x00000000ecca0000, 0x00000000f2ebb000, 0x0000000100000000)
 Metaspace       used 69229K, capacity 72460K, committed 72704K, reserved 1112064K
  class space    used 8834K, capacity 9470K, committed 9472K, reserved 1048576K
2020-11-07T19:59:08.656+0800: 75.332: [GC (Allocation Failure) 2020-11-07T19:59:08.656+0800: 75.332: [ParNew: 8777K->628K(9216K), 0.0235495 secs] 70063K->61914K(109676K), 0.0236069 secs] [Times: user=0.02 sys=0.00, real=0.02 secs] 
Heap after GC invocations=941 (full 82):
 par new generation   total 9216K, used 628K [0x00000000e3400000, 0x00000000e3e00000, 0x00000000ecca0000)
  eden space 8192K,   0% used [0x00000000e3400000, 0x00000000e3400000, 0x00000000e3c00000)
  from space 1024K,  61% used [0x00000000e3d00000, 0x00000000e3d9d290, 0x00000000e3e00000)
  to   space 1024K,   0% used [0x00000000e3c00000, 0x00000000e3c00000, 0x00000000e3d00000)
 concurrent mark-sweep generation total 100460K, used 61285K [0x00000000ecca0000, 0x00000000f2ebb000, 0x0000000100000000)
 Metaspace       used 69229K, capacity 72460K, committed 72704K, reserved 1112064K
  class space    used 8834K, capacity 9470K, committed 9472K, reserved 1048576K
}
2020-11-07T19:59:08.708+0800: 75.385: Application time: 0.0290095 seconds
{Heap before GC invocations=941 (full 82):
 par new generation   total 9216K, used 8820K [0x00000000e3400000, 0x00000000e3e00000, 0x00000000ecca0000)
  eden space 8192K, 100% used [0x00000000e3400000, 0x00000000e3c00000, 0x00000000e3c00000)
  from space 1024K,  61% used [0x00000000e3d00000, 0x00000000e3d9d290, 0x00000000e3e00000)
  to   space 1024K,   0% used [0x00000000e3c00000, 0x00000000e3c00000, 0x00000000e3d00000)
 concurrent mark-sweep generation total 100460K, used 61285K [0x00000000ecca0000, 0x00000000f2ebb000, 0x0000000100000000)
 Metaspace       used 69229K, capacity 72460K, committed 72704K, reserved 1112064K
  class space    used 8834K, capacity 9470K, committed 9472K, reserved 1048576K
2020-11-07T19:59:08.709+0800: 75.385: [GC (Allocation Failure) 2020-11-07T19:59:08.709+0800: 75.385: [ParNew: 8820K->430K(9216K), 0.0214637 secs] 70106K->61716K(109676K), 0.0215256 secs] [Times: user=0.02 sys=0.00, real=0.02 secs] 
Heap after GC invocations=942 (full 82):
 par new generation   total 9216K, used 430K [0x00000000e3400000, 0x00000000e3e00000, 0x00000000ecca0000)
  eden space 8192K,   0% used [0x00000000e3400000, 0x00000000e3400000, 0x00000000e3c00000)
  from space 1024K,  42% used [0x00000000e3c00000, 0x00000000e3c6b9c0, 0x00000000e3d00000)
  to   space 1024K,   0% used [0x00000000e3d00000, 0x00000000e3d00000, 0x00000000e3e00000)
 concurrent mark-sweep generation total 100460K, used 61285K [0x00000000ecca0000, 0x00000000f2ebb000, 0x0000000100000000)
 Metaspace       used 69229K, capacity 72460K, committed 72704K, reserved 1112064K
  class space    used 8834K, capacity 9470K, committed 9472K, reserved 1048576K
}
2020-11-07T19:59:08.822+0800: 75.499: [CMS-concurrent-mark: 0.434/0.644 secs] [Times: user=0.60 sys=0.01, real=0.64 secs] 
2020-11-07T19:59:08.822+0800: 75.499: [CMS-concurrent-preclean-start]
2020-11-07T19:59:08.843+0800: 75.520: [CMS-concurrent-preclean: 0.021/0.021 secs] [Times: user=0.02 sys=0.00, real=0.02 secs] 
2020-11-07T19:59:08.843+0800: 75.520: [CMS-concurrent-abortable-preclean-start]
2020-11-07T19:59:08.921+0800: 75.598: Application time: 0.1912246 seconds
{Heap before GC invocations=942 (full 82):
 par new generation   total 9216K, used 8622K [0x00000000e3400000, 0x00000000e3e00000, 0x00000000ecca0000)
  eden space 8192K, 100% used [0x00000000e3400000, 0x00000000e3c00000, 0x00000000e3c00000)
  from space 1024K,  42% used [0x00000000e3c00000, 0x00000000e3c6b9c0, 0x00000000e3d00000)
  to   space 1024K,   0% used [0x00000000e3d00000, 0x00000000e3d00000, 0x00000000e3e00000)
 concurrent mark-sweep generation total 100460K, used 61285K [0x00000000ecca0000, 0x00000000f2ebb000, 0x0000000100000000)
 Metaspace       used 69433K, capacity 72770K, committed 73088K, reserved 1112064K
  class space    used 8862K, capacity 9501K, committed 9600K, reserved 1048576K
2020-11-07T19:59:08.922+0800: 75.598: [GC (Allocation Failure) 2020-11-07T19:59:08.922+0800: 75.598: [ParNew: 8622K->1024K(9216K), 0.0354807 secs] 69908K->62382K(109676K), 0.0355491 secs] [Times: user=0.03 sys=0.00, real=0.04 secs] 
Heap after GC invocations=943 (full 82):
 par new generation   total 9216K, used 1024K [0x00000000e3400000, 0x00000000e3e00000, 0x00000000ecca0000)
  eden space 8192K,   0% used [0x00000000e3400000, 0x00000000e3400000, 0x00000000e3c00000)
  from space 1024K, 100% used [0x00000000e3d00000, 0x00000000e3e00000, 0x00000000e3e00000)
  to   space 1024K,   0% used [0x00000000e3c00000, 0x00000000e3c00000, 0x00000000e3d00000)
 concurrent mark-sweep generation total 100460K, used 61358K [0x00000000ecca0000, 0x00000000f2ebb000, 0x0000000100000000)
 Metaspace       used 69433K, capacity 72770K, committed 73088K, reserved 1112064K
  class space    used 8862K, capacity 9501K, committed 9600K, reserved 1048576K
}
2020-11-07T19:59:09.048+0800: 75.725: [CMS-concurrent-abortable-preclean: 0.108/0.205 secs] [Times: user=0.18 sys=0.00, real=0.21 secs] 
2020-11-07T19:59:09.052+0800: 75.729: Application time: 0.0946649 seconds
2020-11-07T19:59:09.063+0800: 75.740: [GC (CMS Final Remark) [YG occupancy: 5628 K (9216 K)]2020-11-07T19:59:09.063+0800: 75.740: [Rescan (parallel) , 0.0318317 secs]2020-11-07T19:59:09.095+0800: 75.772: [weak refs processing, 0.0001255 secs]2020-11-07T19:59:09.095+0800: 75.772: [class unloading, 0.0300727 secs]2020-11-07T19:59:09.125+0800: 75.802: [scrub symbol table, 0.0577932 secs]2020-11-07T19:59:09.183+0800: 75.860: [scrub string table, 0.0014495 secs][1 CMS-remark: 61358K(100460K)] 66986K(109676K), 0.1215064 secs] [Times: user=0.12 sys=0.00, real=0.13 secs] 
2020-11-07T19:59:09.189+0800: 75.865: [CMS-concurrent-sweep-start]
2020-11-07T19:59:09.244+0800: 75.921: Application time: 0.0593175 seconds
{Heap before GC invocations=943 (full 82):
 par new generation   total 9216K, used 9216K [0x00000000e3400000, 0x00000000e3e00000, 0x00000000ecca0000)
  eden space 8192K, 100% used [0x00000000e3400000, 0x00000000e3c00000, 0x00000000e3c00000)
  from space 1024K, 100% used [0x00000000e3d00000, 0x00000000e3e00000, 0x00000000e3e00000)
  to   space 1024K,   0% used [0x00000000e3c00000, 0x00000000e3c00000, 0x00000000e3d00000)
 concurrent mark-sweep generation total 100460K, used 61189K [0x00000000ecca0000, 0x00000000f2ebb000, 0x0000000100000000)
 Metaspace       used 69469K, capacity 72832K, committed 73088K, reserved 1112064K
  class space    used 8868K, capacity 9512K, committed 9600K, reserved 1048576K
2020-11-07T19:59:09.244+0800: 75.921: [GC (Allocation Failure) 2020-11-07T19:59:09.244+0800: 75.921: [ParNew: 9216K->1024K(9216K), 0.0541737 secs] 70405K->62539K(109676K), 0.0542858 secs] [Times: user=0.05 sys=0.00, real=0.06 secs] 
Heap after GC invocations=944 (full 82):
 par new generation   total 9216K, used 1024K [0x00000000e3400000, 0x00000000e3e00000, 0x00000000ecca0000)
  eden space 8192K,   0% used [0x00000000e3400000, 0x00000000e3400000, 0x00000000e3c00000)
  from space 1024K, 100% used [0x00000000e3c00000, 0x00000000e3d00000, 0x00000000e3d00000)
  to   space 1024K,   0% used [0x00000000e3d00000, 0x00000000e3d00000, 0x00000000e3e00000)
 concurrent mark-sweep generation total 100460K, used 61515K [0x00000000ecca0000, 0x00000000f2ebb000, 0x0000000100000000)
 Metaspace       used 69469K, capacity 72832K, committed 73088K, reserved 1112064K
  class space    used 8868K, capacity 9512K, committed 9600K, reserved 1048576K
}
2020-11-07T19:59:09.328+0800: 76.004: [CMS-concurrent-sweep: 0.083/0.139 secs] [Times: user=0.13 sys=0.00, real=0.14 secs] 
2020-11-07T19:59:09.328+0800: 76.005: [CMS-concurrent-reset-start]
2020-11-07T19:59:09.329+0800: 76.006: [CMS-concurrent-reset: 0.001/0.001 secs] [Times: user=0.01 sys=0.00, real=0.00 secs] 
2020-11-07T19:59:09.336+0800: 76.013: Application time: 0.0372666 seconds
{Heap before GC invocations=944 (full 82):
 par new generation   total 9216K, used 9216K [0x00000000e3400000, 0x00000000e3e00000, 0x00000000ecca0000)
  eden space 8192K, 100% used [0x00000000e3400000, 0x00000000e3c00000, 0x00000000e3c00000)
  from space 1024K, 100% used [0x00000000e3c00000, 0x00000000e3d00000, 0x00000000e3d00000)
  to   space 1024K,   0% used [0x00000000e3d00000, 0x00000000e3d00000, 0x00000000e3e00000)
 concurrent mark-sweep generation total 102080K, used 61245K [0x00000000ecca0000, 0x00000000f3050000, 0x0000000100000000)
 Metaspace       used 69462K, capacity 72820K, committed 73088K, reserved 1112064K
  class space    used 8867K, capacity 9510K, committed 9600K, reserved 1048576K
2020-11-07T19:59:09.336+0800: 76.013: [GC (Allocation Failure) 2020-11-07T19:59:09.336+0800: 76.013: [ParNew: 9216K->794K(9216K), 0.0471554 secs] 70461K->62478K(111296K), 0.0472403 secs] [Times: user=0.04 sys=0.00, real=0.04 secs] 
Heap after GC invocations=945 (full 82):
 par new generation   total 9216K, used 794K [0x00000000e3400000, 0x00000000e3e00000, 0x00000000ecca0000)
  eden space 8192K,   0% used [0x00000000e3400000, 0x00000000e3400000, 0x00000000e3c00000)
  from space 1024K,  77% used [0x00000000e3d00000, 0x00000000e3dc6be0, 0x00000000e3e00000)
  to   space 1024K,   0% used [0x00000000e3c00000, 0x00000000e3c00000, 0x00000000e3d00000)
 concurrent mark-sweep generation total 102080K, used 61683K [0x00000000ecca0000, 0x00000000f3050000, 0x0000000100000000)
 Metaspace       used 69462K, capacity 72820K, committed 73088K, reserved 1112064K
  class space    used 8867K, capacity 9510K, committed 9600K, reserved 1048576K
}
2020-11-07T19:59:09.387+0800: 76.064: Application time: 0.0037629 seconds
2020-11-07T19:59:09.387+0800: 76.064: [GC (CMS Initial Mark) [1 CMS-initial-mark: 61683K(102080K)] 63810K(111296K), 0.0071288 secs] [Times: user=0.01 sys=0.00, real=0.00 secs] 
2020-11-07T19:59:09.395+0800: 76.071: [CMS-concurrent-mark-start]
2020-11-07T19:59:09.407+0800: 76.084: Application time: 0.0129067 seconds
{Heap before GC invocations=945 (full 83):
 par new generation   total 9216K, used 8986K [0x00000000e3400000, 0x00000000e3e00000, 0x00000000ecca0000)
  eden space 8192K, 100% used [0x00000000e3400000, 0x00000000e3c00000, 0x00000000e3c00000)
  from space 1024K,  77% used [0x00000000e3d00000, 0x00000000e3dc6be0, 0x00000000e3e00000)
  to   space 1024K,   0% used [0x00000000e3c00000, 0x00000000e3c00000, 0x00000000e3d00000)
 concurrent mark-sweep generation total 102080K, used 61683K [0x00000000ecca0000, 0x00000000f3050000, 0x0000000100000000)
 Metaspace       used 69462K, capacity 72820K, committed 73088K, reserved 1112064K
  class space    used 8867K, capacity 9510K, committed 9600K, reserved 1048576K
2020-11-07T19:59:09.408+0800: 76.084: [GC (Allocation Failure) 2020-11-07T19:59:09.408+0800: 76.084: [ParNew: 8986K->457K(9216K), 0.2357981 secs] 70670K->62525K(111296K), 0.2358981 secs] [Times: user=0.22 sys=0.00, real=0.23 secs] 
Heap after GC invocations=946 (full 83):
 par new generation   total 9216K, used 457K [0x00000000e3400000, 0x00000000e3e00000, 0x00000000ecca0000)
  eden space 8192K,   0% used [0x00000000e3400000, 0x00000000e3400000, 0x00000000e3c00000)
  from space 1024K,  44% used [0x00000000e3c00000, 0x00000000e3c72420, 0x00000000e3d00000)
  to   space 1024K,   0% used [0x00000000e3d00000, 0x00000000e3d00000, 0x00000000e3e00000)
 concurrent mark-sweep generation total 102080K, used 62068K [0x00000000ecca0000, 0x00000000f3050000, 0x0000000100000000)
 Metaspace       used 69462K, capacity 72820K, committed 73088K, reserved 1112064K
  class space    used 8867K, capacity 9510K, committed 9600K, reserved 1048576K
}
2020-11-07T19:59:09.686+0800: 76.362: Application time: 0.0420311 seconds
{Heap before GC invocations=946 (full 83):
 par new generation   total 9216K, used 8649K [0x00000000e3400000, 0x00000000e3e00000, 0x00000000ecca0000)
  eden space 8192K, 100% used [0x00000000e3400000, 0x00000000e3c00000, 0x00000000e3c00000)
  from space 1024K,  44% used [0x00000000e3c00000, 0x00000000e3c72420, 0x00000000e3d00000)
  to   space 1024K,   0% used [0x00000000e3d00000, 0x00000000e3d00000, 0x00000000e3e00000)
 concurrent mark-sweep generation total 102080K, used 62068K [0x00000000ecca0000, 0x00000000f3050000, 0x0000000100000000)
 Metaspace       used 69463K, capacity 72820K, committed 73088K, reserved 1112064K
  class space    used 8867K, capacity 9510K, committed 9600K, reserved 1048576K
2020-11-07T19:59:09.686+0800: 76.362: [GC (Allocation Failure) 2020-11-07T19:59:09.686+0800: 76.362: [ParNew: 8649K->276K(9216K), 0.0126139 secs] 70717K->62344K(111296K), 0.0126634 secs] [Times: user=0.02 sys=0.00, real=0.01 secs] 
Heap after GC invocations=947 (full 83):
 par new generation   total 9216K, used 276K [0x00000000e3400000, 0x00000000e3e00000, 0x00000000ecca0000)
  eden space 8192K,   0% used [0x00000000e3400000, 0x00000000e3400000, 0x00000000e3c00000)
  from space 1024K,  26% used [0x00000000e3d00000, 0x00000000e3d451c8, 0x00000000e3e00000)
  to   space 1024K,   0% used [0x00000000e3c00000, 0x00000000e3c00000, 0x00000000e3d00000)
 concurrent mark-sweep generation total 102080K, used 62068K [0x00000000ecca0000, 0x00000000f3050000, 0x0000000100000000)
 Metaspace       used 69463K, capacity 72820K, committed 73088K, reserved 1112064K
  class space    used 8867K, capacity 9510K, committed 9600K, reserved 1048576K
}
2020-11-07T19:59:09.711+0800: 76.388: Application time: 0.0129657 seconds
{Heap before GC invocations=947 (full 83):
 par new generation   total 9216K, used 8468K [0x00000000e3400000, 0x00000000e3e00000, 0x00000000ecca0000)
  eden space 8192K, 100% used [0x00000000e3400000, 0x00000000e3c00000, 0x00000000e3c00000)
  from space 1024K,  26% used [0x00000000e3d00000, 0x00000000e3d451c8, 0x00000000e3e00000)
  to   space 1024K,   0% used [0x00000000e3c00000, 0x00000000e3c00000, 0x00000000e3d00000)
 concurrent mark-sweep generation total 102080K, used 62068K [0x00000000ecca0000, 0x00000000f3050000, 0x0000000100000000)
 Metaspace       used 69463K, capacity 72820K, committed 73088K, reserved 1112064K
  class space    used 8867K, capacity 9510K, committed 9600K, reserved 1048576K
2020-11-07T19:59:09.712+0800: 76.388: [GC (Allocation Failure) 2020-11-07T19:59:09.712+0800: 76.388: [ParNew: 8468K->377K(9216K), 0.0134179 secs] 70536K->62445K(111296K), 0.0134917 secs] [Times: user=0.01 sys=0.00, real=0.02 secs] 
Heap after GC invocations=948 (full 83):
 par new generation   total 9216K, used 377K [0x00000000e3400000, 0x00000000e3e00000, 0x00000000ecca0000)
  eden space 8192K,   0% used [0x00000000e3400000, 0x00000000e3400000, 0x00000000e3c00000)
  from space 1024K,  36% used [0x00000000e3c00000, 0x00000000e3c5e678, 0x00000000e3d00000)
  to   space 1024K,   0% used [0x00000000e3d00000, 0x00000000e3d00000, 0x00000000e3e00000)
 concurrent mark-sweep generation total 102080K, used 62068K [0x00000000ecca0000, 0x00000000f3050000, 0x0000000100000000)
 Metaspace       used 69463K, capacity 72820K, committed 73088K, reserved 1112064K
  class space    used 8867K, capacity 9510K, committed 9600K, reserved 1048576K
}
2020-11-07T19:59:09.758+0800: 76.435: Application time: 0.0332501 seconds
{Heap before GC invocations=948 (full 83):
 par new generation   total 9216K, used 8569K [0x00000000e3400000, 0x00000000e3e00000, 0x00000000ecca0000)
  eden space 8192K, 100% used [0x00000000e3400000, 0x00000000e3c00000, 0x00000000e3c00000)
  from space 1024K,  36% used [0x00000000e3c00000, 0x00000000e3c5e678, 0x00000000e3d00000)
  to   space 1024K,   0% used [0x00000000e3d00000, 0x00000000e3d00000, 0x00000000e3e00000)
 concurrent mark-sweep generation total 102080K, used 62068K [0x00000000ecca0000, 0x00000000f3050000, 0x0000000100000000)
 Metaspace       used 69463K, capacity 72820K, committed 73088K, reserved 1112064K
  class space    used 8867K, capacity 9510K, committed 9600K, reserved 1048576K
2020-11-07T19:59:09.759+0800: 76.435: [GC (Allocation Failure) 2020-11-07T19:59:09.759+0800: 76.435: [ParNew: 8569K->294K(9216K), 0.0221077 secs] 70637K->62362K(111296K), 0.0221710 secs] [Times: user=0.02 sys=0.00, real=0.02 secs] 
Heap after GC invocations=949 (full 83):
 par new generation   total 9216K, used 294K [0x00000000e3400000, 0x00000000e3e00000, 0x00000000ecca0000)
  eden space 8192K,   0% used [0x00000000e3400000, 0x00000000e3400000, 0x00000000e3c00000)
  from space 1024K,  28% used [0x00000000e3d00000, 0x00000000e3d49b38, 0x00000000e3e00000)
  to   space 1024K,   0% used [0x00000000e3c00000, 0x00000000e3c00000, 0x00000000e3d00000)
 concurrent mark-sweep generation total 102080K, used 62068K [0x00000000ecca0000, 0x00000000f3050000, 0x0000000100000000)
 Metaspace       used 69463K, capacity 72820K, committed 73088K, reserved 1112064K
  class space    used 8867K, capacity 9510K, committed 9600K, reserved 1048576K
}
2020-11-07T19:59:09.876+0800: 76.553: Application time: 0.0949460 seconds
{Heap before GC invocations=949 (full 83):
 par new generation   total 9216K, used 8486K [0x00000000e3400000, 0x00000000e3e00000, 0x00000000ecca0000)
  eden space 8192K, 100% used [0x00000000e3400000, 0x00000000e3c00000, 0x00000000e3c00000)
  from space 1024K,  28% used [0x00000000e3d00000, 0x00000000e3d49b38, 0x00000000e3e00000)
  to   space 1024K,   0% used [0x00000000e3c00000, 0x00000000e3c00000, 0x00000000e3d00000)
 concurrent mark-sweep generation total 102080K, used 62068K [0x00000000ecca0000, 0x00000000f3050000, 0x0000000100000000)
 Metaspace       used 69538K, capacity 72940K, committed 73088K, reserved 1112064K
  class space    used 8880K, capacity 9530K, committed 9600K, reserved 1048576K
2020-11-07T19:59:09.876+0800: 76.553: [GC (Allocation Failure) 2020-11-07T19:59:09.876+0800: 76.553: [ParNew: 8486K->455K(9216K), 0.0125909 secs] 70554K->62523K(111296K), 0.0126463 secs] [Times: user=0.01 sys=0.00, real=0.01 secs] 
Heap after GC invocations=950 (full 83):
 par new generation   total 9216K, used 455K [0x00000000e3400000, 0x00000000e3e00000, 0x00000000ecca0000)
  eden space 8192K,   0% used [0x00000000e3400000, 0x00000000e3400000, 0x00000000e3c00000)
  from space 1024K,  44% used [0x00000000e3c00000, 0x00000000e3c71ec8, 0x00000000e3d00000)
  to   space 1024K,   0% used [0x00000000e3d00000, 0x00000000e3d00000, 0x00000000e3e00000)
 concurrent mark-sweep generation total 102080K, used 62068K [0x00000000ecca0000, 0x00000000f3050000, 0x0000000100000000)
 Metaspace       used 69538K, capacity 72940K, committed 73088K, reserved 1112064K
  class space    used 8880K, capacity 9530K, committed 9600K, reserved 1048576K
}
2020-11-07T19:59:09.921+0800: 76.598: Application time: 0.0322072 seconds
{Heap before GC invocations=950 (full 83):
 par new generation   total 9216K, used 8647K [0x00000000e3400000, 0x00000000e3e00000, 0x00000000ecca0000)
  eden space 8192K, 100% used [0x00000000e3400000, 0x00000000e3c00000, 0x00000000e3c00000)
  from space 1024K,  44% used [0x00000000e3c00000, 0x00000000e3c71ec8, 0x00000000e3d00000)
  to   space 1024K,   0% used [0x00000000e3d00000, 0x00000000e3d00000, 0x00000000e3e00000)
 concurrent mark-sweep generation total 102080K, used 62068K [0x00000000ecca0000, 0x00000000f3050000, 0x0000000100000000)
 Metaspace       used 69539K, capacity 72940K, committed 73088K, reserved 1112064K
  class space    used 8880K, capacity 9530K, committed 9600K, reserved 1048576K
2020-11-07T19:59:09.921+0800: 76.598: [GC (Allocation Failure) 2020-11-07T19:59:09.921+0800: 76.598: [ParNew: 8647K->502K(9216K), 0.0184774 secs] 70715K->62570K(111296K), 0.0185436 secs] [Times: user=0.02 sys=0.00, real=0.02 secs] 
Heap after GC invocations=951 (full 83):
 par new generation   total 9216K, used 502K [0x00000000e3400000, 0x00000000e3e00000, 0x00000000ecca0000)
  eden space 8192K,   0% used [0x00000000e3400000, 0x00000000e3400000, 0x00000000e3c00000)
  from space 1024K,  49% used [0x00000000e3d00000, 0x00000000e3d7d8e0, 0x00000000e3e00000)
  to   space 1024K,   0% used [0x00000000e3c00000, 0x00000000e3c00000, 0x00000000e3d00000)
 concurrent mark-sweep generation total 102080K, used 62068K [0x00000000ecca0000, 0x00000000f3050000, 0x0000000100000000)
 Metaspace       used 69539K, capacity 72940K, committed 73088K, reserved 1112064K
  class space    used 8880K, capacity 9530K, committed 9600K, reserved 1048576K
}
2020-11-07T19:59:09.993+0800: 76.670: Application time: 0.0533618 seconds
{Heap before GC invocations=951 (full 83):
 par new generation   total 9216K, used 8694K [0x00000000e3400000, 0x00000000e3e00000, 0x00000000ecca0000)
  eden space 8192K, 100% used [0x00000000e3400000, 0x00000000e3c00000, 0x00000000e3c00000)
  from space 1024K,  49% used [0x00000000e3d00000, 0x00000000e3d7d8e0, 0x00000000e3e00000)
  to   space 1024K,   0% used [0x00000000e3c00000, 0x00000000e3c00000, 0x00000000e3d00000)
 concurrent mark-sweep generation total 102080K, used 62068K [0x00000000ecca0000, 0x00000000f3050000, 0x0000000100000000)
 Metaspace       used 69577K, capacity 73014K, committed 73088K, reserved 1112064K
  class space    used 8884K, capacity 9533K, committed 9600K, reserved 1048576K
2020-11-07T19:59:09.993+0800: 76.670: [GC (Allocation Failure) 2020-11-07T19:59:09.993+0800: 76.670: [ParNew: 8694K->778K(9216K), 0.0187099 secs] 70762K->62846K(111296K), 0.0187640 secs] [Times: user=0.01 sys=0.00, real=0.02 secs] 
Heap after GC invocations=952 (full 83):
 par new generation   total 9216K, used 778K [0x00000000e3400000, 0x00000000e3e00000, 0x00000000ecca0000)
  eden space 8192K,   0% used [0x00000000e3400000, 0x00000000e3400000, 0x00000000e3c00000)
  from space 1024K,  76% used [0x00000000e3c00000, 0x00000000e3cc2ad0, 0x00000000e3d00000)
  to   space 1024K,   0% used [0x00000000e3d00000, 0x00000000e3d00000, 0x00000000e3e00000)
 concurrent mark-sweep generation total 102080K, used 62068K [0x00000000ecca0000, 0x00000000f3050000, 0x0000000100000000)
 Metaspace       used 69577K, capacity 73014K, committed 73088K, reserved 1112064K
  class space    used 8884K, capacity 9533K, committed 9600K, reserved 1048576K
}
2020-11-07T19:59:10.055+0800: 76.732: Application time: 0.0430778 seconds
{Heap before GC invocations=952 (full 83):
 par new generation   total 9216K, used 8970K [0x00000000e3400000, 0x00000000e3e00000, 0x00000000ecca0000)
  eden space 8192K, 100% used [0x00000000e3400000, 0x00000000e3c00000, 0x00000000e3c00000)
  from space 1024K,  76% used [0x00000000e3c00000, 0x00000000e3cc2ad0, 0x00000000e3d00000)
  to   space 1024K,   0% used [0x00000000e3d00000, 0x00000000e3d00000, 0x00000000e3e00000)
 concurrent mark-sweep generation total 102080K, used 62068K [0x00000000ecca0000, 0x00000000f3050000, 0x0000000100000000)
 Metaspace       used 69593K, capacity 73018K, committed 73088K, reserved 1112064K
  class space    used 8887K, capacity 9533K, committed 9600K, reserved 1048576K
2020-11-07T19:59:10.055+0800: 76.732: [GC (Allocation Failure) 2020-11-07T19:59:10.055+0800: 76.732: [ParNew: 8970K->658K(9216K), 0.0256784 secs] 71038K->62868K(111296K), 0.0257412 secs] [Times: user=0.02 sys=0.00, real=0.02 secs] 
Heap after GC invocations=953 (full 83):
 par new generation   total 9216K, used 658K [0x00000000e3400000, 0x00000000e3e00000, 0x00000000ecca0000)
  eden space 8192K,   0% used [0x00000000e3400000, 0x00000000e3400000, 0x00000000e3c00000)
  from space 1024K,  64% used [0x00000000e3d00000, 0x00000000e3da4bf8, 0x00000000e3e00000)
  to   space 1024K,   0% used [0x00000000e3c00000, 0x00000000e3c00000, 0x00000000e3d00000)
 concurrent mark-sweep generation total 102080K, used 62209K [0x00000000ecca0000, 0x00000000f3050000, 0x0000000100000000)
 Metaspace       used 69593K, capacity 73018K, committed 73088K, reserved 1112064K
  class space    used 8887K, capacity 9533K, committed 9600K, reserved 1048576K
}
2020-11-07T19:59:10.101+0800: 76.778: Application time: 0.0201518 seconds
{Heap before GC invocations=953 (full 83):
 par new generation   total 9216K, used 8850K [0x00000000e3400000, 0x00000000e3e00000, 0x00000000ecca0000)
  eden space 8192K, 100% used [0x00000000e3400000, 0x00000000e3c00000, 0x00000000e3c00000)
  from space 1024K,  64% used [0x00000000e3d00000, 0x00000000e3da4bf8, 0x00000000e3e00000)
  to   space 1024K,   0% used [0x00000000e3c00000, 0x00000000e3c00000, 0x00000000e3d00000)
 concurrent mark-sweep generation total 102080K, used 62209K [0x00000000ecca0000, 0x00000000f3050000, 0x0000000100000000)
 Metaspace       used 69593K, capacity 73018K, committed 73088K, reserved 1112064K
  class space    used 8887K, capacity 9533K, committed 9600K, reserved 1048576K
2020-11-07T19:59:10.102+0800: 76.778: [GC (Allocation Failure) 2020-11-07T19:59:10.102+0800: 76.778: [ParNew: 8850K->475K(9216K), 0.0114487 secs] 71060K->62684K(111296K), 0.0115123 secs] [Times: user=0.01 sys=0.00, real=0.01 secs] 
Heap after GC invocations=954 (full 83):
 par new generation   total 9216K, used 475K [0x00000000e3400000, 0x00000000e3e00000, 0x00000000ecca0000)
  eden space 8192K,   0% used [0x00000000e3400000, 0x00000000e3400000, 0x00000000e3c00000)
  from space 1024K,  46% used [0x00000000e3c00000, 0x00000000e3c76c10, 0x00000000e3d00000)
  to   space 1024K,   0% used [0x00000000e3d00000, 0x00000000e3d00000, 0x00000000e3e00000)
 concurrent mark-sweep generation total 102080K, used 62209K [0x00000000ecca0000, 0x00000000f3050000, 0x0000000100000000)
 Metaspace       used 69593K, capacity 73018K, committed 73088K, reserved 1112064K
  class space    used 8887K, capacity 9533K, committed 9600K, reserved 1048576K
}
2020-11-07T19:59:10.118+0800: 76.795: [CMS-concurrent-mark: 0.334/0.724 secs] [Times: user=0.67 sys=0.02, real=0.72 secs] 
2020-11-07T19:59:10.118+0800: 76.795: [CMS-concurrent-preclean-start]
2020-11-07T19:59:10.140+0800: 76.817: [CMS-concurrent-preclean: 0.022/0.022 secs] [Times: user=0.02 sys=0.00, real=0.02 secs] 
2020-11-07T19:59:10.140+0800: 76.817: [CMS-concurrent-abortable-preclean-start]
2020-11-07T19:59:10.168+0800: 76.845: Application time: 0.0550716 seconds
{Heap before GC invocations=954 (full 83):
 par new generation   total 9216K, used 8667K [0x00000000e3400000, 0x00000000e3e00000, 0x00000000ecca0000)
  eden space 8192K, 100% used [0x00000000e3400000, 0x00000000e3c00000, 0x00000000e3c00000)
  from space 1024K,  46% used [0x00000000e3c00000, 0x00000000e3c76c10, 0x00000000e3d00000)
  to   space 1024K,   0% used [0x00000000e3d00000, 0x00000000e3d00000, 0x00000000e3e00000)
 concurrent mark-sweep generation total 102080K, used 62209K [0x00000000ecca0000, 0x00000000f3050000, 0x0000000100000000)
 Metaspace       used 69661K, capacity 73114K, committed 73344K, reserved 1114112K
  class space    used 8895K, capacity 9565K, committed 9600K, reserved 1048576K
2020-11-07T19:59:10.168+0800: 76.845: [GC (Allocation Failure) 2020-11-07T19:59:10.168+0800: 76.845: [ParNew: 8667K->570K(9216K), 0.0213009 secs] 70876K->62809K(111296K), 0.0213751 secs] [Times: user=0.02 sys=0.00, real=0.02 secs] 
Heap after GC invocations=955 (full 83):
 par new generation   total 9216K, used 570K [0x00000000e3400000, 0x00000000e3e00000, 0x00000000ecca0000)
  eden space 8192K,   0% used [0x00000000e3400000, 0x00000000e3400000, 0x00000000e3c00000)
  from space 1024K,  55% used [0x00000000e3d00000, 0x00000000e3d8e9b0, 0x00000000e3e00000)
  to   space 1024K,   0% used [0x00000000e3c00000, 0x00000000e3c00000, 0x00000000e3d00000)
 concurrent mark-sweep generation total 102080K, used 62239K [0x00000000ecca0000, 0x00000000f3050000, 0x0000000100000000)
 Metaspace       used 69661K, capacity 73114K, committed 73344K, reserved 1114112K
  class space    used 8895K, capacity 9565K, committed 9600K, reserved 1048576K
}
2020-11-07T19:59:10.204+0800: 76.880: [CMS-concurrent-abortable-preclean: 0.041/0.063 secs] [Times: user=0.07 sys=0.00, real=0.06 secs] 
2020-11-07T19:59:10.206+0800: 76.883: Application time: 0.0166885 seconds
2020-11-07T19:59:10.207+0800: 76.883: [GC (CMS Final Remark) [YG occupancy: 8762 K (9216 K)]2020-11-07T19:59:10.207+0800: 76.883: [Rescan (parallel) , 0.0235002 secs]2020-11-07T19:59:10.230+0800: 76.907: [weak refs processing, 0.0018800 secs]2020-11-07T19:59:10.232+0800: 76.909: [class unloading, 0.0231798 secs]2020-11-07T19:59:10.255+0800: 76.932: [scrub symbol table, 0.0435011 secs]2020-11-07T19:59:10.299+0800: 76.976: [scrub string table, 0.0014438 secs][1 CMS-remark: 62239K(102080K)] 71001K(111296K), 0.1006429 secs] [Times: user=0.10 sys=0.00, real=0.10 secs] 
2020-11-07T19:59:10.307+0800: 76.984: [CMS-concurrent-sweep-start]
2020-11-07T19:59:10.324+0800: 77.000: Application time: 0.0162639 seconds
{Heap before GC invocations=955 (full 83):
 par new generation   total 9216K, used 8762K [0x00000000e3400000, 0x00000000e3e00000, 0x00000000ecca0000)
  eden space 8192K, 100% used [0x00000000e3400000, 0x00000000e3c00000, 0x00000000e3c00000)
  from space 1024K,  55% used [0x00000000e3d00000, 0x00000000e3d8e9b0, 0x00000000e3e00000)
  to   space 1024K,   0% used [0x00000000e3c00000, 0x00000000e3c00000, 0x00000000e3d00000)
 concurrent mark-sweep generation total 102080K, used 62233K [0x00000000ecca0000, 0x00000000f3050000, 0x0000000100000000)
 Metaspace       used 69661K, capacity 73114K, committed 73344K, reserved 1114112K
  class space    used 8895K, capacity 9565K, committed 9600K, reserved 1048576K
2020-11-07T19:59:10.324+0800: 77.000: [GC (Allocation Failure) 2020-11-07T19:59:10.324+0800: 77.000: [ParNew: 8762K->428K(9216K), 0.0230649 secs] 70995K->62689K(111296K), 0.0231481 secs] [Times: user=0.03 sys=0.00, real=0.03 secs] 
Heap after GC invocations=956 (full 83):
 par new generation   total 9216K, used 428K [0x00000000e3400000, 0x00000000e3e00000, 0x00000000ecca0000)
  eden space 8192K,   0% used [0x00000000e3400000, 0x00000000e3400000, 0x00000000e3c00000)
  from space 1024K,  41% used [0x00000000e3c00000, 0x00000000e3c6b100, 0x00000000e3d00000)
  to   space 1024K,   0% used [0x00000000e3d00000, 0x00000000e3d00000, 0x00000000e3e00000)
 concurrent mark-sweep generation total 102080K, used 62261K [0x00000000ecca0000, 0x00000000f3050000, 0x0000000100000000)
 Metaspace       used 69661K, capacity 73114K, committed 73344K, reserved 1114112K
  class space    used 8895K, capacity 9565K, committed 9600K, reserved 1048576K
}
2020-11-07T19:59:10.400+0800: 77.077: Application time: 0.0531553 seconds
{Heap before GC invocations=956 (full 83):
 par new generation   total 9216K, used 8620K [0x00000000e3400000, 0x00000000e3e00000, 0x00000000ecca0000)
  eden space 8192K, 100% used [0x00000000e3400000, 0x00000000e3c00000, 0x00000000e3c00000)
  from space 1024K,  41% used [0x00000000e3c00000, 0x00000000e3c6b100, 0x00000000e3d00000)
  to   space 1024K,   0% used [0x00000000e3d00000, 0x00000000e3d00000, 0x00000000e3e00000)
 concurrent mark-sweep generation total 102080K, used 62234K [0x00000000ecca0000, 0x00000000f3050000, 0x0000000100000000)
 Metaspace       used 69662K, capacity 73114K, committed 73344K, reserved 1114112K
  class space    used 8895K, capacity 9565K, committed 9600K, reserved 1048576K
2020-11-07T19:59:10.400+0800: 77.077: [GC (Allocation Failure) 2020-11-07T19:59:10.400+0800: 77.077: [ParNew: 8620K->616K(9216K), 0.0375372 secs] 70854K->62884K(111296K), 0.0376211 secs] [Times: user=0.04 sys=0.00, real=0.04 secs] 
Heap after GC invocations=957 (full 83):
 par new generation   total 9216K, used 616K [0x00000000e3400000, 0x00000000e3e00000, 0x00000000ecca0000)
  eden space 8192K,   0% used [0x00000000e3400000, 0x00000000e3400000, 0x00000000e3c00000)
  from space 1024K,  60% used [0x00000000e3d00000, 0x00000000e3d9a320, 0x00000000e3e00000)
  to   space 1024K,   0% used [0x00000000e3c00000, 0x00000000e3c00000, 0x00000000e3d00000)
 concurrent mark-sweep generation total 102080K, used 62267K [0x00000000ecca0000, 0x00000000f3050000, 0x0000000100000000)
 Metaspace       used 69662K, capacity 73114K, committed 73344K, reserved 1114112K
  class space    used 8895K, capacity 9565K, committed 9600K, reserved 1048576K
}
2020-11-07T19:59:10.452+0800: 77.129: [CMS-concurrent-sweep: 0.082/0.145 secs] [Times: user=0.14 sys=0.00, real=0.14 secs] 
2020-11-07T19:59:10.452+0800: 77.129: [CMS-concurrent-reset-start]
2020-11-07T19:59:10.453+0800: 77.130: [CMS-concurrent-reset: 0.001/0.001 secs] [Times: user=0.00 sys=0.00, real=0.00 secs] 
2020-11-07T19:59:10.467+0800: 77.144: Application time: 0.0294006 seconds
{Heap before GC invocations=957 (full 83):
 par new generation   total 9216K, used 8808K [0x00000000e3400000, 0x00000000e3e00000, 0x00000000ecca0000)
  eden space 8192K, 100% used [0x00000000e3400000, 0x00000000e3c00000, 0x00000000e3c00000)
  from space 1024K,  60% used [0x00000000e3d00000, 0x00000000e3d9a320, 0x00000000e3e00000)
  to   space 1024K,   0% used [0x00000000e3c00000, 0x00000000e3c00000, 0x00000000e3d00000)
 concurrent mark-sweep generation total 103516K, used 62108K [0x00000000ecca0000, 0x00000000f31b7000, 0x0000000100000000)
 Metaspace       used 69632K, capacity 73060K, committed 73344K, reserved 1114112K
  class space    used 8890K, capacity 9556K, committed 9600K, reserved 1048576K
2020-11-07T19:59:10.468+0800: 77.144: [GC (Allocation Failure) 2020-11-07T19:59:10.468+0800: 77.144: [ParNew: 8808K->660K(9216K), 0.0360631 secs] 70917K->62779K(112732K), 0.0361417 secs] [Times: user=0.04 sys=0.00, real=0.03 secs] 
Heap after GC invocations=958 (full 83):
 par new generation   total 9216K, used 660K [0x00000000e3400000, 0x00000000e3e00000, 0x00000000ecca0000)
  eden space 8192K,   0% used [0x00000000e3400000, 0x00000000e3400000, 0x00000000e3c00000)
  from space 1024K,  64% used [0x00000000e3c00000, 0x00000000e3ca5070, 0x00000000e3d00000)
  to   space 1024K,   0% used [0x00000000e3d00000, 0x00000000e3d00000, 0x00000000e3e00000)
 concurrent mark-sweep generation total 103516K, used 62118K [0x00000000ecca0000, 0x00000000f31b7000, 0x0000000100000000)
 Metaspace       used 69632K, capacity 73060K, committed 73344K, reserved 1114112K
  class space    used 8890K, capacity 9556K, committed 9600K, reserved 1048576K
}
2020-11-07T19:59:10.510+0800: 77.186: Application time: 0.0057966 seconds
2020-11-07T19:59:10.510+0800: 77.187: [GC (CMS Initial Mark) [1 CMS-initial-mark: 62118K(103516K)] 67381K(112732K), 0.0073590 secs] [Times: user=0.01 sys=0.00, real=0.01 secs] 
2020-11-07T19:59:10.521+0800: 77.198: [CMS-concurrent-mark-start]
2020-11-07T19:59:10.531+0800: 77.207: Application time: 0.0133483 seconds
{Heap before GC invocations=958 (full 84):
 par new generation   total 9216K, used 8852K [0x00000000e3400000, 0x00000000e3e00000, 0x00000000ecca0000)
  eden space 8192K, 100% used [0x00000000e3400000, 0x00000000e3c00000, 0x00000000e3c00000)
  from space 1024K,  64% used [0x00000000e3c00000, 0x00000000e3ca5070, 0x00000000e3d00000)
  to   space 1024K,   0% used [0x00000000e3d00000, 0x00000000e3d00000, 0x00000000e3e00000)
 concurrent mark-sweep generation total 103516K, used 62118K [0x00000000ecca0000, 0x00000000f31b7000, 0x0000000100000000)
 Metaspace       used 69632K, capacity 73060K, committed 73344K, reserved 1114112K
  class space    used 8890K, capacity 9556K, committed 9600K, reserved 1048576K
2020-11-07T19:59:10.531+0800: 77.207: [GC (Allocation Failure) 2020-11-07T19:59:10.531+0800: 77.207: [ParNew: 8852K->533K(9216K), 0.0402335 secs] 70971K->62736K(112732K), 0.0403197 secs] [Times: user=0.04 sys=0.00, real=0.04 secs] 
Heap after GC invocations=959 (full 84):
 par new generation   total 9216K, used 533K [0x00000000e3400000, 0x00000000e3e00000, 0x00000000ecca0000)
  eden space 8192K,   0% used [0x00000000e3400000, 0x00000000e3400000, 0x00000000e3c00000)
  from space 1024K,  52% used [0x00000000e3d00000, 0x00000000e3d85520, 0x00000000e3e00000)
  to   space 1024K,   0% used [0x00000000e3c00000, 0x00000000e3c00000, 0x00000000e3d00000)
 concurrent mark-sweep generation total 103516K, used 62203K [0x00000000ecca0000, 0x00000000f31b7000, 0x0000000100000000)
 Metaspace       used 69632K, capacity 73060K, committed 73344K, reserved 1114112K
  class space    used 8890K, capacity 9556K, committed 9600K, reserved 1048576K
}
2020-11-07T19:59:10.638+0800: 77.314: Application time: 0.0663999 seconds
{Heap before GC invocations=959 (full 84):
 par new generation   total 9216K, used 8725K [0x00000000e3400000, 0x00000000e3e00000, 0x00000000ecca0000)
  eden space 8192K, 100% used [0x00000000e3400000, 0x00000000e3c00000, 0x00000000e3c00000)
  from space 1024K,  52% used [0x00000000e3d00000, 0x00000000e3d85520, 0x00000000e3e00000)
  to   space 1024K,   0% used [0x00000000e3c00000, 0x00000000e3c00000, 0x00000000e3d00000)
 concurrent mark-sweep generation total 103516K, used 62203K [0x00000000ecca0000, 0x00000000f31b7000, 0x0000000100000000)
 Metaspace       used 69638K, capacity 73074K, committed 73344K, reserved 1114112K
  class space    used 8892K, capacity 9559K, committed 9600K, reserved 1048576K
2020-11-07T19:59:10.638+0800: 77.315: [GC (Allocation Failure) 2020-11-07T19:59:10.638+0800: 77.315: [ParNew: 8725K->728K(9216K), 0.0289801 secs] 70928K->62977K(112732K), 0.0290401 secs] [Times: user=0.03 sys=0.00, real=0.03 secs] 
Heap after GC invocations=960 (full 84):
 par new generation   total 9216K, used 728K [0x00000000e3400000, 0x00000000e3e00000, 0x00000000ecca0000)
  eden space 8192K,   0% used [0x00000000e3400000, 0x00000000e3400000, 0x00000000e3c00000)
  from space 1024K,  71% used [0x00000000e3c00000, 0x00000000e3cb6398, 0x00000000e3d00000)
  to   space 1024K,   0% used [0x00000000e3d00000, 0x00000000e3d00000, 0x00000000e3e00000)
 concurrent mark-sweep generation total 103516K, used 62248K [0x00000000ecca0000, 0x00000000f31b7000, 0x0000000100000000)
 Metaspace       used 69638K, capacity 73074K, committed 73344K, reserved 1114112K
  class space    used 8892K, capacity 9559K, committed 9600K, reserved 1048576K
}
2020-11-07T19:59:10.683+0800: 77.360: Application time: 0.0159278 seconds
{Heap before GC invocations=960 (full 84):
 par new generation   total 9216K, used 8920K [0x00000000e3400000, 0x00000000e3e00000, 0x00000000ecca0000)
  eden space 8192K, 100% used [0x00000000e3400000, 0x00000000e3c00000, 0x00000000e3c00000)
  from space 1024K,  71% used [0x00000000e3c00000, 0x00000000e3cb6398, 0x00000000e3d00000)
  to   space 1024K,   0% used [0x00000000e3d00000, 0x00000000e3d00000, 0x00000000e3e00000)
 concurrent mark-sweep generation total 103516K, used 62248K [0x00000000ecca0000, 0x00000000f31b7000, 0x0000000100000000)
 Metaspace       used 69638K, capacity 73074K, committed 73344K, reserved 1114112K
  class space    used 8892K, capacity 9559K, committed 9600K, reserved 1048576K
2020-11-07T19:59:10.683+0800: 77.360: [GC (Allocation Failure) 2020-11-07T19:59:10.683+0800: 77.360: [ParNew: 8920K->420K(9216K), 0.0258733 secs] 71169K->62797K(112732K), 0.0259317 secs] [Times: user=0.03 sys=0.00, real=0.03 secs] 
Heap after GC invocations=961 (full 84):
 par new generation   total 9216K, used 420K [0x00000000e3400000, 0x00000000e3e00000, 0x00000000ecca0000)
  eden space 8192K,   0% used [0x00000000e3400000, 0x00000000e3400000, 0x00000000e3c00000)
  from space 1024K,  41% used [0x00000000e3d00000, 0x00000000e3d692a0, 0x00000000e3e00000)
  to   space 1024K,   0% used [0x00000000e3c00000, 0x00000000e3c00000, 0x00000000e3d00000)
 concurrent mark-sweep generation total 103516K, used 62377K [0x00000000ecca0000, 0x00000000f31b7000, 0x0000000100000000)
 Metaspace       used 69638K, capacity 73074K, committed 73344K, reserved 1114112K
  class space    used 8892K, capacity 9559K, committed 9600K, reserved 1048576K
}
2020-11-07T19:59:10.737+0800: 77.414: Application time: 0.0280242 seconds
{Heap before GC invocations=961 (full 84):
 par new generation   total 9216K, used 8612K [0x00000000e3400000, 0x00000000e3e00000, 0x00000000ecca0000)
  eden space 8192K, 100% used [0x00000000e3400000, 0x00000000e3c00000, 0x00000000e3c00000)
  from space 1024K,  41% used [0x00000000e3d00000, 0x00000000e3d692a0, 0x00000000e3e00000)
  to   space 1024K,   0% used [0x00000000e3c00000, 0x00000000e3c00000, 0x00000000e3d00000)
 concurrent mark-sweep generation total 103516K, used 62377K [0x00000000ecca0000, 0x00000000f31b7000, 0x0000000100000000)
 Metaspace       used 69638K, capacity 73074K, committed 73344K, reserved 1114112K
  class space    used 8892K, capacity 9559K, committed 9600K, reserved 1048576K
2020-11-07T19:59:10.737+0800: 77.414: [GC (Allocation Failure) 2020-11-07T19:59:10.737+0800: 77.414: [ParNew: 8612K->509K(9216K), 0.0494457 secs] 70989K->62886K(112732K), 0.0495039 secs] [Times: user=0.03 sys=0.00, real=0.05 secs] 
Heap after GC invocations=962 (full 84):
 par new generation   total 9216K, used 509K [0x00000000e3400000, 0x00000000e3e00000, 0x00000000ecca0000)
  eden space 8192K,   0% used [0x00000000e3400000, 0x00000000e3400000, 0x00000000e3c00000)
  from space 1024K,  49% used [0x00000000e3c00000, 0x00000000e3c7f558, 0x00000000e3d00000)
  to   space 1024K,   0% used [0x00000000e3d00000, 0x00000000e3d00000, 0x00000000e3e00000)
 concurrent mark-sweep generation total 103516K, used 62377K [0x00000000ecca0000, 0x00000000f31b7000, 0x0000000100000000)
 Metaspace       used 69638K, capacity 73074K, committed 73344K, reserved 1114112K
  class space    used 8892K, capacity 9559K, committed 9600K, reserved 1048576K
}
2020-11-07T19:59:10.837+0800: 77.513: Application time: 0.0497444 seconds
{Heap before GC invocations=962 (full 84):
 par new generation   total 9216K, used 8701K [0x00000000e3400000, 0x00000000e3e00000, 0x00000000ecca0000)
  eden space 8192K, 100% used [0x00000000e3400000, 0x00000000e3c00000, 0x00000000e3c00000)
  from space 1024K,  49% used [0x00000000e3c00000, 0x00000000e3c7f558, 0x00000000e3d00000)
  to   space 1024K,   0% used [0x00000000e3d00000, 0x00000000e3d00000, 0x00000000e3e00000)
 concurrent mark-sweep generation total 103516K, used 62377K [0x00000000ecca0000, 0x00000000f31b7000, 0x0000000100000000)
 Metaspace       used 69638K, capacity 73074K, committed 73344K, reserved 1114112K
  class space    used 8892K, capacity 9559K, committed 9600K, reserved 1048576K
2020-11-07T19:59:10.837+0800: 77.513: [GC (Allocation Failure) 2020-11-07T19:59:10.837+0800: 77.513: [ParNew: 8701K->590K(9216K), 0.0409765 secs] 71078K->62979K(112732K), 0.0410353 secs] [Times: user=0.04 sys=0.00, real=0.04 secs] 
Heap after GC invocations=963 (full 84):
 par new generation   total 9216K, used 590K [0x00000000e3400000, 0x00000000e3e00000, 0x00000000ecca0000)
  eden space 8192K,   0% used [0x00000000e3400000, 0x00000000e3400000, 0x00000000e3c00000)
  from space 1024K,  57% used [0x00000000e3d00000, 0x00000000e3d93a20, 0x00000000e3e00000)
  to   space 1024K,   0% used [0x00000000e3c00000, 0x00000000e3c00000, 0x00000000e3d00000)
 concurrent mark-sweep generation total 103516K, used 62389K [0x00000000ecca0000, 0x00000000f31b7000, 0x0000000100000000)
 Metaspace       used 69638K, capacity 73074K, committed 73344K, reserved 1114112K
  class space    used 8892K, capacity 9559K, committed 9600K, reserved 1048576K
}
2020-11-07T19:59:10.903+0800: 77.580: Application time: 0.0252826 seconds
{Heap before GC invocations=963 (full 84):
 par new generation   total 9216K, used 8782K [0x00000000e3400000, 0x00000000e3e00000, 0x00000000ecca0000)
  eden space 8192K, 100% used [0x00000000e3400000, 0x00000000e3c00000, 0x00000000e3c00000)
  from space 1024K,  57% used [0x00000000e3d00000, 0x00000000e3d93a20, 0x00000000e3e00000)
  to   space 1024K,   0% used [0x00000000e3c00000, 0x00000000e3c00000, 0x00000000e3d00000)
 concurrent mark-sweep generation total 103516K, used 62389K [0x00000000ecca0000, 0x00000000f31b7000, 0x0000000100000000)
 Metaspace       used 69639K, capacity 73074K, committed 73344K, reserved 1114112K
  class space    used 8892K, capacity 9559K, committed 9600K, reserved 1048576K
2020-11-07T19:59:10.903+0800: 77.580: [GC (Allocation Failure) 2020-11-07T19:59:10.903+0800: 77.580: [ParNew: 8782K->509K(9216K), 0.0294392 secs] 71171K->62947K(112732K), 0.0295102 secs] [Times: user=0.03 sys=0.00, real=0.03 secs] 
Heap after GC invocations=964 (full 84):
 par new generation   total 9216K, used 509K [0x00000000e3400000, 0x00000000e3e00000, 0x00000000ecca0000)
  eden space 8192K,   0% used [0x00000000e3400000, 0x00000000e3400000, 0x00000000e3c00000)
  from space 1024K,  49% used [0x00000000e3c00000, 0x00000000e3c7f4e0, 0x00000000e3d00000)
  to   space 1024K,   0% used [0x00000000e3d00000, 0x00000000e3d00000, 0x00000000e3e00000)
 concurrent mark-sweep generation total 103516K, used 62437K [0x00000000ecca0000, 0x00000000f31b7000, 0x0000000100000000)
 Metaspace       used 69639K, capacity 73074K, committed 73344K, reserved 1114112K
  class space    used 8892K, capacity 9559K, committed 9600K, reserved 1048576K
}
2020-11-07T19:59:10.973+0800: 77.649: Application time: 0.0396175 seconds
{Heap before GC invocations=964 (full 84):
 par new generation   total 9216K, used 8701K [0x00000000e3400000, 0x00000000e3e00000, 0x00000000ecca0000)
  eden space 8192K, 100% used [0x00000000e3400000, 0x00000000e3c00000, 0x00000000e3c00000)
  from space 1024K,  49% used [0x00000000e3c00000, 0x00000000e3c7f4e0, 0x00000000e3d00000)
  to   space 1024K,   0% used [0x00000000e3d00000, 0x00000000e3d00000, 0x00000000e3e00000)
 concurrent mark-sweep generation total 103516K, used 62437K [0x00000000ecca0000, 0x00000000f31b7000, 0x0000000100000000)
 Metaspace       used 69658K, capacity 73074K, committed 73344K, reserved 1114112K
  class space    used 8895K, capacity 9559K, committed 9600K, reserved 1048576K
2020-11-07T19:59:10.973+0800: 77.649: [GC (Allocation Failure) 2020-11-07T19:59:10.973+0800: 77.650: [ParNew: 8701K->595K(9216K), 0.0450146 secs] 71139K->63064K(112732K), 0.0450829 secs] [Times: user=0.05 sys=0.00, real=0.05 secs] 
Heap after GC invocations=965 (full 84):
 par new generation   total 9216K, used 595K [0x00000000e3400000, 0x00000000e3e00000, 0x00000000ecca0000)
  eden space 8192K,   0% used [0x00000000e3400000, 0x00000000e3400000, 0x00000000e3c00000)
  from space 1024K,  58% used [0x00000000e3d00000, 0x00000000e3d94ee0, 0x00000000e3e00000)
  to   space 1024K,   0% used [0x00000000e3c00000, 0x00000000e3c00000, 0x00000000e3d00000)
 concurrent mark-sweep generation total 103516K, used 62468K [0x00000000ecca0000, 0x00000000f31b7000, 0x0000000100000000)
 Metaspace       used 69658K, capacity 73074K, committed 73344K, reserved 1114112K
  class space    used 8895K, capacity 9559K, committed 9600K, reserved 1048576K
}
2020-11-07T19:59:11.039+0800: 77.715: Application time: 0.0208304 seconds
{Heap before GC invocations=965 (full 84):
 par new generation   total 9216K, used 8787K [0x00000000e3400000, 0x00000000e3e00000, 0x00000000ecca0000)
  eden space 8192K, 100% used [0x00000000e3400000, 0x00000000e3c00000, 0x00000000e3c00000)
  from space 1024K,  58% used [0x00000000e3d00000, 0x00000000e3d94ee0, 0x00000000e3e00000)
  to   space 1024K,   0% used [0x00000000e3c00000, 0x00000000e3c00000, 0x00000000e3d00000)
 concurrent mark-sweep generation total 103516K, used 62468K [0x00000000ecca0000, 0x00000000f31b7000, 0x0000000100000000)
 Metaspace       used 69658K, capacity 73074K, committed 73344K, reserved 1114112K
  class space    used 8895K, capacity 9559K, committed 9600K, reserved 1048576K
2020-11-07T19:59:11.039+0800: 77.716: [GC (Allocation Failure) 2020-11-07T19:59:11.039+0800: 77.716: [ParNew: 8787K->498K(9216K), 0.0298950 secs] 71256K->63027K(112732K), 0.0299565 secs] [Times: user=0.03 sys=0.00, real=0.03 secs] 
Heap after GC invocations=966 (full 84):
 par new generation   total 9216K, used 498K [0x00000000e3400000, 0x00000000e3e00000, 0x00000000ecca0000)
  eden space 8192K,   0% used [0x00000000e3400000, 0x00000000e3400000, 0x00000000e3c00000)
  from space 1024K,  48% used [0x00000000e3c00000, 0x00000000e3c7c858, 0x00000000e3d00000)
  to   space 1024K,   0% used [0x00000000e3d00000, 0x00000000e3d00000, 0x00000000e3e00000)
 concurrent mark-sweep generation total 103516K, used 62529K [0x00000000ecca0000, 0x00000000f31b7000, 0x0000000100000000)
 Metaspace       used 69658K, capacity 73074K, committed 73344K, reserved 1114112K
  class space    used 8895K, capacity 9559K, committed 9600K, reserved 1048576K
}
2020-11-07T19:59:11.090+0800: 77.767: Application time: 0.0210303 seconds
{Heap before GC invocations=966 (full 84):
 par new generation   total 9216K, used 8690K [0x00000000e3400000, 0x00000000e3e00000, 0x00000000ecca0000)
  eden space 8192K, 100% used [0x00000000e3400000, 0x00000000e3c00000, 0x00000000e3c00000)
  from space 1024K,  48% used [0x00000000e3c00000, 0x00000000e3c7c858, 0x00000000e3d00000)
  to   space 1024K,   0% used [0x00000000e3d00000, 0x00000000e3d00000, 0x00000000e3e00000)
 concurrent mark-sweep generation total 103516K, used 62529K [0x00000000ecca0000, 0x00000000f31b7000, 0x0000000100000000)
 Metaspace       used 69659K, capacity 73074K, committed 73344K, reserved 1114112K
  class space    used 8895K, capacity 9559K, committed 9600K, reserved 1048576K
2020-11-07T19:59:11.090+0800: 77.767: [GC (Allocation Failure) 2020-11-07T19:59:11.090+0800: 77.767: [ParNew: 8690K->363K(9216K), 0.0246099 secs] 71219K->63000K(112732K), 0.0246705 secs] [Times: user=0.02 sys=0.00, real=0.03 secs] 
Heap after GC invocations=967 (full 84):
 par new generation   total 9216K, used 363K [0x00000000e3400000, 0x00000000e3e00000, 0x00000000ecca0000)
  eden space 8192K,   0% used [0x00000000e3400000, 0x00000000e3400000, 0x00000000e3c00000)
  from space 1024K,  35% used [0x00000000e3d00000, 0x00000000e3d5afa0, 0x00000000e3e00000)
  to   space 1024K,   0% used [0x00000000e3c00000, 0x00000000e3c00000, 0x00000000e3d00000)
 concurrent mark-sweep generation total 103516K, used 62636K [0x00000000ecca0000, 0x00000000f31b7000, 0x0000000100000000)
 Metaspace       used 69659K, capacity 73074K, committed 73344K, reserved 1114112K
  class space    used 8895K, capacity 9559K, committed 9600K, reserved 1048576K
}
2020-11-07T19:59:11.157+0800: 77.833: Application time: 0.0416018 seconds
{Heap before GC invocations=967 (full 84):
 par new generation   total 9216K, used 8555K [0x00000000e3400000, 0x00000000e3e00000, 0x00000000ecca0000)
  eden space 8192K, 100% used [0x00000000e3400000, 0x00000000e3c00000, 0x00000000e3c00000)
  from space 1024K,  35% used [0x00000000e3d00000, 0x00000000e3d5afa0, 0x00000000e3e00000)
  to   space 1024K,   0% used [0x00000000e3c00000, 0x00000000e3c00000, 0x00000000e3d00000)
 concurrent mark-sweep generation total 103516K, used 62636K [0x00000000ecca0000, 0x00000000f31b7000, 0x0000000100000000)
 Metaspace       used 69659K, capacity 73074K, committed 73344K, reserved 1114112K
  class space    used 8895K, capacity 9559K, committed 9600K, reserved 1048576K
2020-11-07T19:59:11.157+0800: 77.833: [GC (Allocation Failure) 2020-11-07T19:59:11.157+0800: 77.833: [ParNew: 8555K->366K(9216K), 0.0399828 secs] 71192K->63003K(112732K), 0.0400455 secs] [Times: user=0.04 sys=0.00, real=0.04 secs] 
Heap after GC invocations=968 (full 84):
 par new generation   total 9216K, used 366K [0x00000000e3400000, 0x00000000e3e00000, 0x00000000ecca0000)
  eden space 8192K,   0% used [0x00000000e3400000, 0x00000000e3400000, 0x00000000e3c00000)
  from space 1024K,  35% used [0x00000000e3c00000, 0x00000000e3c5bb58, 0x00000000e3d00000)
  to   space 1024K,   0% used [0x00000000e3d00000, 0x00000000e3d00000, 0x00000000e3e00000)
 concurrent mark-sweep generation total 103516K, used 62636K [0x00000000ecca0000, 0x00000000f31b7000, 0x0000000100000000)
 Metaspace       used 69659K, capacity 73074K, committed 73344K, reserved 1114112K
  class space    used 8895K, capacity 9559K, committed 9600K, reserved 1048576K
}
2020-11-07T19:59:11.218+0800: 77.894: [CMS-concurrent-mark: 0.325/0.696 secs] [Times: user=0.67 sys=0.00, real=0.70 secs] 
2020-11-07T19:59:11.218+0800: 77.894: [CMS-concurrent-preclean-start]
2020-11-07T19:59:11.225+0800: 77.901: Application time: 0.0277802 seconds
{Heap before GC invocations=968 (full 84):
 par new generation   total 9216K, used 8558K [0x00000000e3400000, 0x00000000e3e00000, 0x00000000ecca0000)
  eden space 8192K, 100% used [0x00000000e3400000, 0x00000000e3c00000, 0x00000000e3c00000)
  from space 1024K,  35% used [0x00000000e3c00000, 0x00000000e3c5bb58, 0x00000000e3d00000)
  to   space 1024K,   0% used [0x00000000e3d00000, 0x00000000e3d00000, 0x00000000e3e00000)
 concurrent mark-sweep generation total 103516K, used 62636K [0x00000000ecca0000, 0x00000000f31b7000, 0x0000000100000000)
 Metaspace       used 69659K, capacity 73074K, committed 73344K, reserved 1114112K
  class space    used 8895K, capacity 9559K, committed 9600K, reserved 1048576K
2020-11-07T19:59:11.225+0800: 77.901: [GC (Allocation Failure) 2020-11-07T19:59:11.225+0800: 77.902: [ParNew: 8558K->300K(9216K), 0.0379586 secs] 71195K->62988K(112732K), 0.0380509 secs] [Times: user=0.04 sys=0.00, real=0.03 secs] 
Heap after GC invocations=969 (full 84):
 par new generation   total 9216K, used 300K [0x00000000e3400000, 0x00000000e3e00000, 0x00000000ecca0000)
  eden space 8192K,   0% used [0x00000000e3400000, 0x00000000e3400000, 0x00000000e3c00000)
  from space 1024K,  29% used [0x00000000e3d00000, 0x00000000e3d4b2e0, 0x00000000e3e00000)
  to   space 1024K,   0% used [0x00000000e3c00000, 0x00000000e3c00000, 0x00000000e3d00000)
 concurrent mark-sweep generation total 103516K, used 62687K [0x00000000ecca0000, 0x00000000f31b7000, 0x0000000100000000)
 Metaspace       used 69659K, capacity 73074K, committed 73344K, reserved 1114112K
  class space    used 8895K, capacity 9559K, committed 9600K, reserved 1048576K
}
2020-11-07T19:59:11.275+0800: 77.952: [CMS-concurrent-preclean: 0.019/0.058 secs] [Times: user=0.05 sys=0.00, real=0.06 secs] 
2020-11-07T19:59:11.275+0800: 77.952: [CMS-concurrent-abortable-preclean-start]
2020-11-07T19:59:11.285+0800: 77.962: Application time: 0.0219351 seconds
{Heap before GC invocations=969 (full 84):
 par new generation   total 9216K, used 8492K [0x00000000e3400000, 0x00000000e3e00000, 0x00000000ecca0000)
  eden space 8192K, 100% used [0x00000000e3400000, 0x00000000e3c00000, 0x00000000e3c00000)
  from space 1024K,  29% used [0x00000000e3d00000, 0x00000000e3d4b2e0, 0x00000000e3e00000)
  to   space 1024K,   0% used [0x00000000e3c00000, 0x00000000e3c00000, 0x00000000e3d00000)
 concurrent mark-sweep generation total 103516K, used 62687K [0x00000000ecca0000, 0x00000000f31b7000, 0x0000000100000000)
 Metaspace       used 69660K, capacity 73074K, committed 73344K, reserved 1114112K
  class space    used 8895K, capacity 9559K, committed 9600K, reserved 1048576K
2020-11-07T19:59:11.285+0800: 77.962: [GC (Allocation Failure) 2020-11-07T19:59:11.285+0800: 77.962: [ParNew: 8492K->352K(9216K), 0.0257597 secs] 71180K->63062K(112732K), 0.0258448 secs] [Times: user=0.03 sys=0.00, real=0.02 secs] 
Heap after GC invocations=970 (full 84):
 par new generation   total 9216K, used 352K [0x00000000e3400000, 0x00000000e3e00000, 0x00000000ecca0000)
  eden space 8192K,   0% used [0x00000000e3400000, 0x00000000e3400000, 0x00000000e3c00000)
  from space 1024K,  34% used [0x00000000e3c00000, 0x00000000e3c58188, 0x00000000e3d00000)
  to   space 1024K,   0% used [0x00000000e3d00000, 0x00000000e3d00000, 0x00000000e3e00000)
 concurrent mark-sweep generation total 103516K, used 62710K [0x00000000ecca0000, 0x00000000f31b7000, 0x0000000100000000)
 Metaspace       used 69660K, capacity 73074K, committed 73344K, reserved 1114112K
  class space    used 8895K, capacity 9559K, committed 9600K, reserved 1048576K
}
2020-11-07T19:59:11.317+0800: 77.994: [CMS-concurrent-abortable-preclean: 0.010/0.042 secs] [Times: user=0.04 sys=0.00, real=0.04 secs] 
2020-11-07T19:59:11.317+0800: 77.994: Application time: 0.0063873 seconds
2020-11-07T19:59:11.317+0800: 77.994: [GC (CMS Final Remark) [YG occupancy: 2667 K (9216 K)]2020-11-07T19:59:11.317+0800: 77.994: [Rescan (parallel) , 0.0401256 secs]2020-11-07T19:59:11.358+0800: 78.034: [weak refs processing, 0.0022284 secs]2020-11-07T19:59:11.360+0800: 78.037: [class unloading, 0.0244468 secs]2020-11-07T19:59:11.384+0800: 78.061: [scrub symbol table, 0.0446075 secs]2020-11-07T19:59:11.429+0800: 78.106: [scrub string table, 0.0014328 secs][1 CMS-remark: 62710K(103516K)] 65377K(112732K), 0.1130158 secs] [Times: user=0.11 sys=0.00, real=0.11 secs] 
2020-11-07T19:59:11.438+0800: 78.115: [CMS-concurrent-sweep-start]
2020-11-07T19:59:11.659+0800: 78.336: Application time: 0.2285200 seconds
{Heap before GC invocations=970 (full 84):
 par new generation   total 9216K, used 8544K [0x00000000e3400000, 0x00000000e3e00000, 0x00000000ecca0000)
  eden space 8192K, 100% used [0x00000000e3400000, 0x00000000e3c00000, 0x00000000e3c00000)
  from space 1024K,  34% used [0x00000000e3c00000, 0x00000000e3c58188, 0x00000000e3d00000)
  to   space 1024K,   0% used [0x00000000e3d00000, 0x00000000e3d00000, 0x00000000e3e00000)
 concurrent mark-sweep generation total 103516K, used 62680K [0x00000000ecca0000, 0x00000000f31b7000, 0x0000000100000000)
 Metaspace       used 69662K, capacity 73074K, committed 73344K, reserved 1114112K
  class space    used 8895K, capacity 9559K, committed 9600K, reserved 1048576K
2020-11-07T19:59:11.659+0800: 78.336: [GC (Allocation Failure) 2020-11-07T19:59:11.659+0800: 78.336: [ParNew: 8544K->274K(9216K), 0.0216168 secs] 71225K->62993K(112732K), 0.0216976 secs] [Times: user=0.02 sys=0.00, real=0.02 secs] 
Heap after GC invocations=971 (full 84):
 par new generation   total 9216K, used 274K [0x00000000e3400000, 0x00000000e3e00000, 0x00000000ecca0000)
  eden space 8192K,   0% used [0x00000000e3400000, 0x00000000e3400000, 0x00000000e3c00000)
  from space 1024K,  26% used [0x00000000e3d00000, 0x00000000e3d44840, 0x00000000e3e00000)
  to   space 1024K,   0% used [0x00000000e3c00000, 0x00000000e3c00000, 0x00000000e3d00000)
 concurrent mark-sweep generation total 103516K, used 62719K [0x00000000ecca0000, 0x00000000f31b7000, 0x0000000100000000)
 Metaspace       used 69662K, capacity 73074K, committed 73344K, reserved 1114112K
  class space    used 8895K, capacity 9559K, committed 9600K, reserved 1048576K
}
2020-11-07T19:59:11.709+0800: 78.386: Application time: 0.0283243 seconds
{Heap before GC invocations=971 (full 84):
 par new generation   total 9216K, used 8466K [0x00000000e3400000, 0x00000000e3e00000, 0x00000000ecca0000)
  eden space 8192K, 100% used [0x00000000e3400000, 0x00000000e3c00000, 0x00000000e3c00000)
  from space 1024K,  26% used [0x00000000e3d00000, 0x00000000e3d44840, 0x00000000e3e00000)
  to   space 1024K,   0% used [0x00000000e3c00000, 0x00000000e3c00000, 0x00000000e3d00000)
 concurrent mark-sweep generation total 103516K, used 62685K [0x00000000ecca0000, 0x00000000f31b7000, 0x0000000100000000)
 Metaspace       used 69663K, capacity 73074K, committed 73344K, reserved 1114112K
  class space    used 8895K, capacity 9559K, committed 9600K, reserved 1048576K
2020-11-07T19:59:11.710+0800: 78.386: [GC (Allocation Failure) 2020-11-07T19:59:11.710+0800: 78.386: [ParNew: 8466K->392K(9216K), 0.0241491 secs] 71151K->63101K(112732K), 0.0242109 secs] [Times: user=0.02 sys=0.00, real=0.02 secs] 
Heap after GC invocations=972 (full 84):
 par new generation   total 9216K, used 392K [0x00000000e3400000, 0x00000000e3e00000, 0x00000000ecca0000)
  eden space 8192K,   0% used [0x00000000e3400000, 0x00000000e3400000, 0x00000000e3c00000)
  from space 1024K,  38% used [0x00000000e3c00000, 0x00000000e3c62130, 0x00000000e3d00000)
  to   space 1024K,   0% used [0x00000000e3d00000, 0x00000000e3d00000, 0x00000000e3e00000)
 concurrent mark-sweep generation total 103516K, used 62708K [0x00000000ecca0000, 0x00000000f31b7000, 0x0000000100000000)
 Metaspace       used 69663K, capacity 73074K, committed 73344K, reserved 1114112K
  class space    used 8895K, capacity 9559K, committed 9600K, reserved 1048576K
}
2020-11-07T19:59:11.743+0800: 78.419: [CMS-concurrent-sweep: 0.247/0.304 secs] [Times: user=0.30 sys=0.01, real=0.30 secs] 
2020-11-07T19:59:11.743+0800: 78.419: [CMS-concurrent-reset-start]
2020-11-07T19:59:11.744+0800: 78.421: [CMS-concurrent-reset: 0.002/0.002 secs] [Times: user=0.00 sys=0.00, real=0.00 secs] 
2020-11-07T19:59:11.751+0800: 78.427: Application time: 0.0166947 seconds
{Heap before GC invocations=972 (full 84):
 par new generation   total 9216K, used 8584K [0x00000000e3400000, 0x00000000e3e00000, 0x00000000ecca0000)
  eden space 8192K, 100% used [0x00000000e3400000, 0x00000000e3c00000, 0x00000000e3c00000)
  from space 1024K,  38% used [0x00000000e3c00000, 0x00000000e3c62130, 0x00000000e3d00000)
  to   space 1024K,   0% used [0x00000000e3d00000, 0x00000000e3d00000, 0x00000000e3e00000)
 concurrent mark-sweep generation total 104408K, used 62642K [0x00000000ecca0000, 0x00000000f3296000, 0x0000000100000000)
 Metaspace       used 69619K, capacity 72966K, committed 73344K, reserved 1114112K
  class space    used 8885K, capacity 9541K, committed 9600K, reserved 1048576K
2020-11-07T19:59:11.751+0800: 78.427: [GC (Allocation Failure) 2020-11-07T19:59:11.751+0800: 78.427: [ParNew: 8584K->336K(9216K), 0.0251456 secs] 71227K->63007K(113624K), 0.0252327 secs] [Times: user=0.03 sys=0.00, real=0.03 secs] 
Heap after GC invocations=973 (full 84):
 par new generation   total 9216K, used 336K [0x00000000e3400000, 0x00000000e3e00000, 0x00000000ecca0000)
  eden space 8192K,   0% used [0x00000000e3400000, 0x00000000e3400000, 0x00000000e3c00000)
  from space 1024K,  32% used [0x00000000e3d00000, 0x00000000e3d543d0, 0x00000000e3e00000)
  to   space 1024K,   0% used [0x00000000e3c00000, 0x00000000e3c00000, 0x00000000e3d00000)
 concurrent mark-sweep generation total 104408K, used 62670K [0x00000000ecca0000, 0x00000000f3296000, 0x0000000100000000)
 Metaspace       used 69619K, capacity 72966K, committed 73344K, reserved 1114112K
  class space    used 8885K, capacity 9541K, committed 9600K, reserved 1048576K
}
2020-11-07T19:59:11.783+0800: 78.460: Application time: 0.0068840 seconds
2020-11-07T19:59:11.783+0800: 78.460: [GC (CMS Initial Mark) [1 CMS-initial-mark: 62670K(104408K)] 67604K(113624K), 0.0075506 secs] [Times: user=0.01 sys=0.00, real=0.01 secs] 
2020-11-07T19:59:11.791+0800: 78.467: [CMS-concurrent-mark-start]
2020-11-07T19:59:11.797+0800: 78.474: Application time: 0.0068142 seconds
{Heap before GC invocations=973 (full 85):
 par new generation   total 9216K, used 8528K [0x00000000e3400000, 0x00000000e3e00000, 0x00000000ecca0000)
  eden space 8192K, 100% used [0x00000000e3400000, 0x00000000e3c00000, 0x00000000e3c00000)
  from space 1024K,  32% used [0x00000000e3d00000, 0x00000000e3d543d0, 0x00000000e3e00000)
  to   space 1024K,   0% used [0x00000000e3c00000, 0x00000000e3c00000, 0x00000000e3d00000)
 concurrent mark-sweep generation total 104408K, used 62670K [0x00000000ecca0000, 0x00000000f3296000, 0x0000000100000000)
 Metaspace       used 69619K, capacity 72966K, committed 73344K, reserved 1114112K
  class space    used 8885K, capacity 9541K, committed 9600K, reserved 1048576K
2020-11-07T19:59:11.798+0800: 78.474: [GC (Allocation Failure) 2020-11-07T19:59:11.798+0800: 78.474: [ParNew: 8528K->331K(9216K), 0.0208119 secs] 71199K->63041K(113624K), 0.0208873 secs] [Times: user=0.02 sys=0.00, real=0.02 secs] 
Heap after GC invocations=974 (full 85):
 par new generation   total 9216K, used 331K [0x00000000e3400000, 0x00000000e3e00000, 0x00000000ecca0000)
  eden space 8192K,   0% used [0x00000000e3400000, 0x00000000e3400000, 0x00000000e3c00000)
  from space 1024K,  32% used [0x00000000e3c00000, 0x00000000e3c52d28, 0x00000000e3d00000)
  to   space 1024K,   0% used [0x00000000e3d00000, 0x00000000e3d00000, 0x00000000e3e00000)
 concurrent mark-sweep generation total 104408K, used 62710K [0x00000000ecca0000, 0x00000000f3296000, 0x0000000100000000)
 Metaspace       used 69619K, capacity 72966K, committed 73344K, reserved 1114112K
  class space    used 8885K, capacity 9541K, committed 9600K, reserved 1048576K
}
2020-11-07T19:59:11.841+0800: 78.518: Application time: 0.0222888 seconds
{Heap before GC invocations=974 (full 85):
 par new generation   total 9216K, used 8523K [0x00000000e3400000, 0x00000000e3e00000, 0x00000000ecca0000)
  eden space 8192K, 100% used [0x00000000e3400000, 0x00000000e3c00000, 0x00000000e3c00000)
  from space 1024K,  32% used [0x00000000e3c00000, 0x00000000e3c52d28, 0x00000000e3d00000)
  to   space 1024K,   0% used [0x00000000e3d00000, 0x00000000e3d00000, 0x00000000e3e00000)
 concurrent mark-sweep generation total 104408K, used 62710K [0x00000000ecca0000, 0x00000000f3296000, 0x0000000100000000)
 Metaspace       used 69620K, capacity 72966K, committed 73344K, reserved 1114112K
  class space    used 8885K, capacity 9541K, committed 9600K, reserved 1048576K
2020-11-07T19:59:11.841+0800: 78.518: [GC (Allocation Failure) 2020-11-07T19:59:11.841+0800: 78.518: [ParNew: 8523K->305K(9216K), 0.0141893 secs] 71233K->63041K(113624K), 0.0142636 secs] [Times: user=0.01 sys=0.00, real=0.02 secs] 
Heap after GC invocations=975 (full 85):
 par new generation   total 9216K, used 305K [0x00000000e3400000, 0x00000000e3e00000, 0x00000000ecca0000)
  eden space 8192K,   0% used [0x00000000e3400000, 0x00000000e3400000, 0x00000000e3c00000)
  from space 1024K,  29% used [0x00000000e3d00000, 0x00000000e3d4c540, 0x00000000e3e00000)
  to   space 1024K,   0% used [0x00000000e3c00000, 0x00000000e3c00000, 0x00000000e3d00000)
 concurrent mark-sweep generation total 104408K, used 62736K [0x00000000ecca0000, 0x00000000f3296000, 0x0000000100000000)
 Metaspace       used 69620K, capacity 72966K, committed 73344K, reserved 1114112K
  class space    used 8885K, capacity 9541K, committed 9600K, reserved 1048576K
}
2020-11-07T19:59:11.874+0800: 78.550: Application time: 0.0183370 seconds
{Heap before GC invocations=975 (full 85):
 par new generation   total 9216K, used 8497K [0x00000000e3400000, 0x00000000e3e00000, 0x00000000ecca0000)
  eden space 8192K, 100% used [0x00000000e3400000, 0x00000000e3c00000, 0x00000000e3c00000)
  from space 1024K,  29% used [0x00000000e3d00000, 0x00000000e3d4c540, 0x00000000e3e00000)
  to   space 1024K,   0% used [0x00000000e3c00000, 0x00000000e3c00000, 0x00000000e3d00000)
 concurrent mark-sweep generation total 104408K, used 62736K [0x00000000ecca0000, 0x00000000f3296000, 0x0000000100000000)
 Metaspace       used 69620K, capacity 72966K, committed 73344K, reserved 1114112K
  class space    used 8885K, capacity 9541K, committed 9600K, reserved 1048576K
2020-11-07T19:59:11.874+0800: 78.551: [GC (Allocation Failure) 2020-11-07T19:59:11.874+0800: 78.551: [ParNew: 8497K->295K(9216K), 0.0121568 secs] 71233K->63050K(113624K), 0.0122091 secs] [Times: user=0.01 sys=0.00, real=0.02 secs] 
Heap after GC invocations=976 (full 85):
 par new generation   total 9216K, used 295K [0x00000000e3400000, 0x00000000e3e00000, 0x00000000ecca0000)
  eden space 8192K,   0% used [0x00000000e3400000, 0x00000000e3400000, 0x00000000e3c00000)
  from space 1024K,  28% used [0x00000000e3c00000, 0x00000000e3c49ed0, 0x00000000e3d00000)
  to   space 1024K,   0% used [0x00000000e3d00000, 0x00000000e3d00000, 0x00000000e3e00000)
 concurrent mark-sweep generation total 104408K, used 62754K [0x00000000ecca0000, 0x00000000f3296000, 0x0000000100000000)
 Metaspace       used 69620K, capacity 72966K, committed 73344K, reserved 1114112K
  class space    used 8885K, capacity 9541K, committed 9600K, reserved 1048576K
}
2020-11-07T19:59:11.920+0800: 78.597: Application time: 0.0341439 seconds
{Heap before GC invocations=976 (full 85):
 par new generation   total 9216K, used 8487K [0x00000000e3400000, 0x00000000e3e00000, 0x00000000ecca0000)
  eden space 8192K, 100% used [0x00000000e3400000, 0x00000000e3c00000, 0x00000000e3c00000)
  from space 1024K,  28% used [0x00000000e3c00000, 0x00000000e3c49ed0, 0x00000000e3d00000)
  to   space 1024K,   0% used [0x00000000e3d00000, 0x00000000e3d00000, 0x00000000e3e00000)
 concurrent mark-sweep generation total 104408K, used 62754K [0x00000000ecca0000, 0x00000000f3296000, 0x0000000100000000)
 Metaspace       used 69621K, capacity 72966K, committed 73344K, reserved 1114112K
  class space    used 8885K, capacity 9541K, committed 9600K, reserved 1048576K
2020-11-07T19:59:11.921+0800: 78.597: [GC (Allocation Failure) 2020-11-07T19:59:11.921+0800: 78.597: [ParNew: 8487K->351K(9216K), 0.0131433 secs] 71242K->63140K(113624K), 0.0132070 secs] [Times: user=0.01 sys=0.00, real=0.01 secs] 
Heap after GC invocations=977 (full 85):
 par new generation   total 9216K, used 351K [0x00000000e3400000, 0x00000000e3e00000, 0x00000000ecca0000)
  eden space 8192K,   0% used [0x00000000e3400000, 0x00000000e3400000, 0x00000000e3c00000)
  from space 1024K,  34% used [0x00000000e3d00000, 0x00000000e3d57c30, 0x00000000e3e00000)
  to   space 1024K,   0% used [0x00000000e3c00000, 0x00000000e3c00000, 0x00000000e3d00000)
 concurrent mark-sweep generation total 104408K, used 62789K [0x00000000ecca0000, 0x00000000f3296000, 0x0000000100000000)
 Metaspace       used 69621K, capacity 72966K, committed 73344K, reserved 1114112K
  class space    used 8885K, capacity 9541K, committed 9600K, reserved 1048576K
}
2020-11-07T19:59:11.970+0800: 78.647: Application time: 0.0361615 seconds
{Heap before GC invocations=977 (full 85):
 par new generation   total 9216K, used 8543K [0x00000000e3400000, 0x00000000e3e00000, 0x00000000ecca0000)
  eden space 8192K, 100% used [0x00000000e3400000, 0x00000000e3c00000, 0x00000000e3c00000)
  from space 1024K,  34% used [0x00000000e3d00000, 0x00000000e3d57c30, 0x00000000e3e00000)
  to   space 1024K,   0% used [0x00000000e3c00000, 0x00000000e3c00000, 0x00000000e3d00000)
 concurrent mark-sweep generation total 104408K, used 62789K [0x00000000ecca0000, 0x00000000f3296000, 0x0000000100000000)
 Metaspace       used 69634K, capacity 73030K, committed 73344K, reserved 1114112K
  class space    used 8887K, capacity 9541K, committed 9600K, reserved 1048576K
2020-11-07T19:59:11.970+0800: 78.647: [GC (Allocation Failure) 2020-11-07T19:59:11.970+0800: 78.647: [ParNew: 8543K->449K(9216K), 0.0215391 secs] 71332K->63263K(113624K), 0.0215966 secs] [Times: user=0.02 sys=0.00, real=0.02 secs] 
Heap after GC invocations=978 (full 85):
 par new generation   total 9216K, used 449K [0x00000000e3400000, 0x00000000e3e00000, 0x00000000ecca0000)
  eden space 8192K,   0% used [0x00000000e3400000, 0x00000000e3400000, 0x00000000e3c00000)
  from space 1024K,  43% used [0x00000000e3c00000, 0x00000000e3c70690, 0x00000000e3d00000)
  to   space 1024K,   0% used [0x00000000e3d00000, 0x00000000e3d00000, 0x00000000e3e00000)
 concurrent mark-sweep generation total 104408K, used 62814K [0x00000000ecca0000, 0x00000000f3296000, 0x0000000100000000)
 Metaspace       used 69634K, capacity 73030K, committed 73344K, reserved 1114112K
  class space    used 8887K, capacity 9541K, committed 9600K, reserved 1048576K
}
2020-11-07T19:59:12.038+0800: 78.714: Application time: 0.0458063 seconds
{Heap before GC invocations=978 (full 85):
 par new generation   total 9216K, used 8641K [0x00000000e3400000, 0x00000000e3e00000, 0x00000000ecca0000)
  eden space 8192K, 100% used [0x00000000e3400000, 0x00000000e3c00000, 0x00000000e3c00000)
  from space 1024K,  43% used [0x00000000e3c00000, 0x00000000e3c70690, 0x00000000e3d00000)
  to   space 1024K,   0% used [0x00000000e3d00000, 0x00000000e3d00000, 0x00000000e3e00000)
 concurrent mark-sweep generation total 104408K, used 62814K [0x00000000ecca0000, 0x00000000f3296000, 0x0000000100000000)
 Metaspace       used 69681K, capacity 73170K, committed 73344K, reserved 1114112K
  class space    used 8901K, capacity 9565K, committed 9600K, reserved 1048576K
2020-11-07T19:59:12.038+0800: 78.715: [GC (Allocation Failure) 2020-11-07T19:59:12.038+0800: 78.715: [ParNew: 8641K->509K(9216K), 0.0153473 secs] 71455K->63346K(113624K), 0.0154039 secs] [Times: user=0.02 sys=0.00, real=0.01 secs] 
Heap after GC invocations=979 (full 85):
 par new generation   total 9216K, used 509K [0x00000000e3400000, 0x00000000e3e00000, 0x00000000ecca0000)
  eden space 8192K,   0% used [0x00000000e3400000, 0x00000000e3400000, 0x00000000e3c00000)
  from space 1024K,  49% used [0x00000000e3d00000, 0x00000000e3d7f5d8, 0x00000000e3e00000)
  to   space 1024K,   0% used [0x00000000e3c00000, 0x00000000e3c00000, 0x00000000e3d00000)
 concurrent mark-sweep generation total 104408K, used 62836K [0x00000000ecca0000, 0x00000000f3296000, 0x0000000100000000)
 Metaspace       used 69681K, capacity 73170K, committed 73344K, reserved 1114112K
  class space    used 8901K, capacity 9565K, committed 9600K, reserved 1048576K
}
2020-11-07T19:59:12.085+0800: 78.762: Application time: 0.0320903 seconds
{Heap before GC invocations=979 (full 85):
 par new generation   total 9216K, used 8701K [0x00000000e3400000, 0x00000000e3e00000, 0x00000000ecca0000)
  eden space 8192K, 100% used [0x00000000e3400000, 0x00000000e3c00000, 0x00000000e3c00000)
  from space 1024K,  49% used [0x00000000e3d00000, 0x00000000e3d7f5d8, 0x00000000e3e00000)
  to   space 1024K,   0% used [0x00000000e3c00000, 0x00000000e3c00000, 0x00000000e3d00000)
 concurrent mark-sweep generation total 104408K, used 62836K [0x00000000ecca0000, 0x00000000f3296000, 0x0000000100000000)
 Metaspace       used 69683K, capacity 73170K, committed 73344K, reserved 1114112K
  class space    used 8901K, capacity 9565K, committed 9600K, reserved 1048576K
2020-11-07T19:59:12.086+0800: 78.762: [GC (Allocation Failure) 2020-11-07T19:59:12.086+0800: 78.762: [ParNew: 8701K->603K(9216K), 0.0146057 secs] 71538K->63468K(113624K), 0.0146671 secs] [Times: user=0.01 sys=0.00, real=0.01 secs] 
Heap after GC invocations=980 (full 85):
 par new generation   total 9216K, used 603K [0x00000000e3400000, 0x00000000e3e00000, 0x00000000ecca0000)
  eden space 8192K,   0% used [0x00000000e3400000, 0x00000000e3400000, 0x00000000e3c00000)
  from space 1024K,  58% used [0x00000000e3c00000, 0x00000000e3c96d80, 0x00000000e3d00000)
  to   space 1024K,   0% used [0x00000000e3d00000, 0x00000000e3d00000, 0x00000000e3e00000)
 concurrent mark-sweep generation total 104408K, used 62865K [0x00000000ecca0000, 0x00000000f3296000, 0x0000000100000000)
 Metaspace       used 69683K, capacity 73170K, committed 73344K, reserved 1114112K
  class space    used 8901K, capacity 9565K, committed 9600K, reserved 1048576K
}
2020-11-07T19:59:12.127+0800: 78.803: Application time: 0.0263488 seconds
{Heap before GC invocations=980 (full 85):
 par new generation   total 9216K, used 8795K [0x00000000e3400000, 0x00000000e3e00000, 0x00000000ecca0000)
  eden space 8192K, 100% used [0x00000000e3400000, 0x00000000e3c00000, 0x00000000e3c00000)
  from space 1024K,  58% used [0x00000000e3c00000, 0x00000000e3c96d80, 0x00000000e3d00000)
  to   space 1024K,   0% used [0x00000000e3d00000, 0x00000000e3d00000, 0x00000000e3e00000)
 concurrent mark-sweep generation total 104408K, used 62865K [0x00000000ecca0000, 0x00000000f3296000, 0x0000000100000000)
 Metaspace       used 69683K, capacity 73170K, committed 73344K, reserved 1114112K
  class space    used 8901K, capacity 9565K, committed 9600K, reserved 1048576K
2020-11-07T19:59:12.127+0800: 78.804: [GC (Allocation Failure) 2020-11-07T19:59:12.127+0800: 78.804: [ParNew: 8795K->468K(9216K), 0.0227141 secs] 71660K->63362K(113624K), 0.0227719 secs] [Times: user=0.02 sys=0.00, real=0.02 secs] 
Heap after GC invocations=981 (full 85):
 par new generation   total 9216K, used 468K [0x00000000e3400000, 0x00000000e3e00000, 0x00000000ecca0000)
  eden space 8192K,   0% used [0x00000000e3400000, 0x00000000e3400000, 0x00000000e3c00000)
  from space 1024K,  45% used [0x00000000e3d00000, 0x00000000e3d75040, 0x00000000e3e00000)
  to   space 1024K,   0% used [0x00000000e3c00000, 0x00000000e3c00000, 0x00000000e3d00000)
 concurrent mark-sweep generation total 104408K, used 62894K [0x00000000ecca0000, 0x00000000f3296000, 0x0000000100000000)
 Metaspace       used 69683K, capacity 73170K, committed 73344K, reserved 1114112K
  class space    used 8901K, capacity 9565K, committed 9600K, reserved 1048576K
}
2020-11-07T19:59:12.175+0800: 78.852: Application time: 0.0257062 seconds
{Heap before GC invocations=981 (full 85):
 par new generation   total 9216K, used 8660K [0x00000000e3400000, 0x00000000e3e00000, 0x00000000ecca0000)
  eden space 8192K, 100% used [0x00000000e3400000, 0x00000000e3c00000, 0x00000000e3c00000)
  from space 1024K,  45% used [0x00000000e3d00000, 0x00000000e3d75040, 0x00000000e3e00000)
  to   space 1024K,   0% used [0x00000000e3c00000, 0x00000000e3c00000, 0x00000000e3d00000)
 concurrent mark-sweep generation total 104408K, used 62894K [0x00000000ecca0000, 0x00000000f3296000, 0x0000000100000000)
 Metaspace       used 69684K, capacity 73170K, committed 73344K, reserved 1114112K
  class space    used 8901K, capacity 9565K, committed 9600K, reserved 1048576K
2020-11-07T19:59:12.176+0800: 78.852: [GC (Allocation Failure) 2020-11-07T19:59:12.176+0800: 78.852: [ParNew: 8660K->577K(9216K), 0.0239157 secs] 71554K->63491K(113624K), 0.0239904 secs] [Times: user=0.02 sys=0.00, real=0.02 secs] 
Heap after GC invocations=982 (full 85):
 par new generation   total 9216K, used 577K [0x00000000e3400000, 0x00000000e3e00000, 0x00000000ecca0000)
  eden space 8192K,   0% used [0x00000000e3400000, 0x00000000e3400000, 0x00000000e3c00000)
  from space 1024K,  56% used [0x00000000e3c00000, 0x00000000e3c906c8, 0x00000000e3d00000)
  to   space 1024K,   0% used [0x00000000e3d00000, 0x00000000e3d00000, 0x00000000e3e00000)
 concurrent mark-sweep generation total 104408K, used 62913K [0x00000000ecca0000, 0x00000000f3296000, 0x0000000100000000)
 Metaspace       used 69684K, capacity 73170K, committed 73344K, reserved 1114112K
  class space    used 8901K, capacity 9565K, committed 9600K, reserved 1048576K
}
2020-11-07T19:59:12.233+0800: 78.910: Application time: 0.0332644 seconds
{Heap before GC invocations=982 (full 85):
 par new generation   total 9216K, used 8769K [0x00000000e3400000, 0x00000000e3e00000, 0x00000000ecca0000)
  eden space 8192K, 100% used [0x00000000e3400000, 0x00000000e3c00000, 0x00000000e3c00000)
  from space 1024K,  56% used [0x00000000e3c00000, 0x00000000e3c906c8, 0x00000000e3d00000)
  to   space 1024K,   0% used [0x00000000e3d00000, 0x00000000e3d00000, 0x00000000e3e00000)
 concurrent mark-sweep generation total 104408K, used 62913K [0x00000000ecca0000, 0x00000000f3296000, 0x0000000100000000)
 Metaspace       used 69697K, capacity 73178K, committed 73344K, reserved 1114112K
  class space    used 8903K, capacity 9567K, committed 9600K, reserved 1048576K
2020-11-07T19:59:12.233+0800: 78.910: [GC (Allocation Failure) 2020-11-07T19:59:12.233+0800: 78.910: [ParNew: 8769K->571K(9216K), 0.0087652 secs] 71683K->63502K(113624K), 0.0088276 secs] [Times: user=0.00 sys=0.00, real=0.01 secs] 
Heap after GC invocations=983 (full 85):
 par new generation   total 9216K, used 571K [0x00000000e3400000, 0x00000000e3e00000, 0x00000000ecca0000)
  eden space 8192K,   0% used [0x00000000e3400000, 0x00000000e3400000, 0x00000000e3c00000)
  from space 1024K,  55% used [0x00000000e3d00000, 0x00000000e3d8ec88, 0x00000000e3e00000)
  to   space 1024K,   0% used [0x00000000e3c00000, 0x00000000e3c00000, 0x00000000e3d00000)
 concurrent mark-sweep generation total 104408K, used 62931K [0x00000000ecca0000, 0x00000000f3296000, 0x0000000100000000)
 Metaspace       used 69697K, capacity 73178K, committed 73344K, reserved 1114112K
  class space    used 8903K, capacity 9567K, committed 9600K, reserved 1048576K
}
2020-11-07T19:59:12.261+0800: 78.938: Application time: 0.0193034 seconds
{Heap before GC invocations=983 (full 85):
 par new generation   total 9216K, used 8763K [0x00000000e3400000, 0x00000000e3e00000, 0x00000000ecca0000)
  eden space 8192K, 100% used [0x00000000e3400000, 0x00000000e3c00000, 0x00000000e3c00000)
  from space 1024K,  55% used [0x00000000e3d00000, 0x00000000e3d8ec88, 0x00000000e3e00000)
  to   space 1024K,   0% used [0x00000000e3c00000, 0x00000000e3c00000, 0x00000000e3d00000)
 concurrent mark-sweep generation total 104408K, used 62931K [0x00000000ecca0000, 0x00000000f3296000, 0x0000000100000000)
 Metaspace       used 69697K, capacity 73178K, committed 73344K, reserved 1114112K
  class space    used 8903K, capacity 9567K, committed 9600K, reserved 1048576K
2020-11-07T19:59:12.262+0800: 78.938: [GC (Allocation Failure) 2020-11-07T19:59:12.262+0800: 78.938: [ParNew: 8763K->603K(9216K), 0.0201914 secs] 71694K->63558K(113624K), 0.0202520 secs] [Times: user=0.02 sys=0.00, real=0.02 secs] 
Heap after GC invocations=984 (full 85):
 par new generation   total 9216K, used 603K [0x00000000e3400000, 0x00000000e3e00000, 0x00000000ecca0000)
  eden space 8192K,   0% used [0x00000000e3400000, 0x00000000e3400000, 0x00000000e3c00000)
  from space 1024K,  58% used [0x00000000e3c00000, 0x00000000e3c96f50, 0x00000000e3d00000)
  to   space 1024K,   0% used [0x00000000e3d00000, 0x00000000e3d00000, 0x00000000e3e00000)
 concurrent mark-sweep generation total 104408K, used 62954K [0x00000000ecca0000, 0x00000000f3296000, 0x0000000100000000)
 Metaspace       used 69697K, capacity 73178K, committed 73344K, reserved 1114112K
  class space    used 8903K, capacity 9567K, committed 9600K, reserved 1048576K
}
2020-11-07T19:59:12.297+0800: 78.974: Application time: 0.0149045 seconds
{Heap before GC invocations=984 (full 85):
 par new generation   total 9216K, used 8795K [0x00000000e3400000, 0x00000000e3e00000, 0x00000000ecca0000)
  eden space 8192K, 100% used [0x00000000e3400000, 0x00000000e3c00000, 0x00000000e3c00000)
  from space 1024K,  58% used [0x00000000e3c00000, 0x00000000e3c96f50, 0x00000000e3d00000)
  to   space 1024K,   0% used [0x00000000e3d00000, 0x00000000e3d00000, 0x00000000e3e00000)
 concurrent mark-sweep generation total 104408K, used 62954K [0x00000000ecca0000, 0x00000000f3296000, 0x0000000100000000)
 Metaspace       used 69697K, capacity 73178K, committed 73344K, reserved 1114112K
  class space    used 8903K, capacity 9567K, committed 9600K, reserved 1048576K
2020-11-07T19:59:12.297+0800: 78.974: [GC (Allocation Failure) 2020-11-07T19:59:12.297+0800: 78.974: [ParNew: 8795K->584K(9216K), 0.0247781 secs] 71750K->63556K(113624K), 0.0248339 secs] [Times: user=0.02 sys=0.00, real=0.02 secs] 
Heap after GC invocations=985 (full 85):
 par new generation   total 9216K, used 584K [0x00000000e3400000, 0x00000000e3e00000, 0x00000000ecca0000)
  eden space 8192K,   0% used [0x00000000e3400000, 0x00000000e3400000, 0x00000000e3c00000)
  from space 1024K,  57% used [0x00000000e3d00000, 0x00000000e3d92068, 0x00000000e3e00000)
  to   space 1024K,   0% used [0x00000000e3c00000, 0x00000000e3c00000, 0x00000000e3d00000)
 concurrent mark-sweep generation total 104408K, used 62972K [0x00000000ecca0000, 0x00000000f3296000, 0x0000000100000000)
 Metaspace       used 69697K, capacity 73178K, committed 73344K, reserved 1114112K
  class space    used 8903K, capacity 9567K, committed 9600K, reserved 1048576K
}
2020-11-07T19:59:12.331+0800: 79.008: [CMS-concurrent-mark: 0.303/0.541 secs] [Times: user=0.53 sys=0.00, real=0.54 secs] 
2020-11-07T19:59:12.332+0800: 79.008: [CMS-concurrent-preclean-start]
2020-11-07T19:59:12.340+0800: 79.017: Application time: 0.0183970 seconds
{Heap before GC invocations=985 (full 85):
 par new generation   total 9216K, used 8776K [0x00000000e3400000, 0x00000000e3e00000, 0x00000000ecca0000)
  eden space 8192K, 100% used [0x00000000e3400000, 0x00000000e3c00000, 0x00000000e3c00000)
  from space 1024K,  57% used [0x00000000e3d00000, 0x00000000e3d92068, 0x00000000e3e00000)
  to   space 1024K,   0% used [0x00000000e3c00000, 0x00000000e3c00000, 0x00000000e3d00000)
 concurrent mark-sweep generation total 104408K, used 62972K [0x00000000ecca0000, 0x00000000f3296000, 0x0000000100000000)
 Metaspace       used 69697K, capacity 73178K, committed 73344K, reserved 1114112K
  class space    used 8903K, capacity 9567K, committed 9600K, reserved 1048576K
2020-11-07T19:59:12.340+0800: 79.017: [GC (Allocation Failure) 2020-11-07T19:59:12.340+0800: 79.017: [ParNew: 8776K->565K(9216K), 0.0257375 secs] 71748K->63586K(113624K), 0.0258311 secs] [Times: user=0.03 sys=0.00, real=0.03 secs] 
Heap after GC invocations=986 (full 85):
 par new generation   total 9216K, used 565K [0x00000000e3400000, 0x00000000e3e00000, 0x00000000ecca0000)
  eden space 8192K,   0% used [0x00000000e3400000, 0x00000000e3400000, 0x00000000e3c00000)
  from space 1024K,  55% used [0x00000000e3c00000, 0x00000000e3c8d658, 0x00000000e3d00000)
  to   space 1024K,   0% used [0x00000000e3d00000, 0x00000000e3d00000, 0x00000000e3e00000)
 concurrent mark-sweep generation total 104408K, used 63021K [0x00000000ecca0000, 0x00000000f3296000, 0x0000000100000000)
 Metaspace       used 69697K, capacity 73178K, committed 73344K, reserved 1114112K
  class space    used 8903K, capacity 9567K, committed 9600K, reserved 1048576K
}
2020-11-07T19:59:12.375+0800: 79.052: [CMS-concurrent-preclean: 0.014/0.044 secs] [Times: user=0.05 sys=0.00, real=0.05 secs] 
2020-11-07T19:59:12.375+0800: 79.052: [CMS-concurrent-abortable-preclean-start]
2020-11-07T19:59:12.394+0800: 79.071: Application time: 0.0276271 seconds
{Heap before GC invocations=986 (full 85):
 par new generation   total 9216K, used 8757K [0x00000000e3400000, 0x00000000e3e00000, 0x00000000ecca0000)
  eden space 8192K, 100% used [0x00000000e3400000, 0x00000000e3c00000, 0x00000000e3c00000)
  from space 1024K,  55% used [0x00000000e3c00000, 0x00000000e3c8d658, 0x00000000e3d00000)
  to   space 1024K,   0% used [0x00000000e3d00000, 0x00000000e3d00000, 0x00000000e3e00000)
 concurrent mark-sweep generation total 104408K, used 63021K [0x00000000ecca0000, 0x00000000f3296000, 0x0000000100000000)
 Metaspace       used 69697K, capacity 73178K, committed 73344K, reserved 1114112K
  class space    used 8903K, capacity 9567K, committed 9600K, reserved 1048576K
2020-11-07T19:59:12.394+0800: 79.071: [GC (Allocation Failure) 2020-11-07T19:59:12.394+0800: 79.071: [ParNew: 8757K->415K(9216K), 0.0135793 secs] 71778K->63522K(113624K), 0.0136503 secs] [Times: user=0.02 sys=0.00, real=0.02 secs] 
Heap after GC invocations=987 (full 85):
 par new generation   total 9216K, used 415K [0x00000000e3400000, 0x00000000e3e00000, 0x00000000ecca0000)
  eden space 8192K,   0% used [0x00000000e3400000, 0x00000000e3400000, 0x00000000e3c00000)
  from space 1024K,  40% used [0x00000000e3d00000, 0x00000000e3d67c40, 0x00000000e3e00000)
  to   space 1024K,   0% used [0x00000000e3c00000, 0x00000000e3c00000, 0x00000000e3d00000)
 concurrent mark-sweep generation total 104408K, used 63107K [0x00000000ecca0000, 0x00000000f3296000, 0x0000000100000000)
 Metaspace       used 69697K, capacity 73178K, committed 73344K, reserved 1114112K
  class space    used 8903K, capacity 9567K, committed 9600K, reserved 1048576K
}
2020-11-07T19:59:12.421+0800: 79.098: Application time: 0.0133680 seconds
{Heap before GC invocations=987 (full 85):
 par new generation   total 9216K, used 8607K [0x00000000e3400000, 0x00000000e3e00000, 0x00000000ecca0000)
  eden space 8192K, 100% used [0x00000000e3400000, 0x00000000e3c00000, 0x00000000e3c00000)
  from space 1024K,  40% used [0x00000000e3d00000, 0x00000000e3d67c40, 0x00000000e3e00000)
  to   space 1024K,   0% used [0x00000000e3c00000, 0x00000000e3c00000, 0x00000000e3d00000)
 concurrent mark-sweep generation total 104408K, used 63107K [0x00000000ecca0000, 0x00000000f3296000, 0x0000000100000000)
 Metaspace       used 69697K, capacity 73178K, committed 73344K, reserved 1114112K
  class space    used 8903K, capacity 9567K, committed 9600K, reserved 1048576K
2020-11-07T19:59:12.421+0800: 79.098: [GC (Allocation Failure) 2020-11-07T19:59:12.421+0800: 79.098: [ParNew: 8607K->355K(9216K), 0.0264526 secs] 71714K->63577K(113624K), 0.0265236 secs] [Times: user=0.02 sys=0.00, real=0.03 secs] 
Heap after GC invocations=988 (full 85):
 par new generation   total 9216K, used 355K [0x00000000e3400000, 0x00000000e3e00000, 0x00000000ecca0000)
  eden space 8192K,   0% used [0x00000000e3400000, 0x00000000e3400000, 0x00000000e3c00000)
  from space 1024K,  34% used [0x00000000e3c00000, 0x00000000e3c58f00, 0x00000000e3d00000)
  to   space 1024K,   0% used [0x00000000e3d00000, 0x00000000e3d00000, 0x00000000e3e00000)
 concurrent mark-sweep generation total 104408K, used 63221K [0x00000000ecca0000, 0x00000000f3296000, 0x0000000100000000)
 Metaspace       used 69697K, capacity 73178K, committed 73344K, reserved 1114112K
  class space    used 8903K, capacity 9567K, committed 9600K, reserved 1048576K
}
2020-11-07T19:59:12.480+0800: 79.157: Application time: 0.0321230 seconds
{Heap before GC invocations=988 (full 85):
 par new generation   total 9216K, used 8547K [0x00000000e3400000, 0x00000000e3e00000, 0x00000000ecca0000)
  eden space 8192K, 100% used [0x00000000e3400000, 0x00000000e3c00000, 0x00000000e3c00000)
  from space 1024K,  34% used [0x00000000e3c00000, 0x00000000e3c58f00, 0x00000000e3d00000)
  to   space 1024K,   0% used [0x00000000e3d00000, 0x00000000e3d00000, 0x00000000e3e00000)
 concurrent mark-sweep generation total 104408K, used 63221K [0x00000000ecca0000, 0x00000000f3296000, 0x0000000100000000)
 Metaspace       used 69711K, capacity 73178K, committed 73344K, reserved 1114112K
  class space    used 8905K, capacity 9567K, committed 9600K, reserved 1048576K
2020-11-07T19:59:12.480+0800: 79.157: [GC (Allocation Failure) 2020-11-07T19:59:12.480+0800: 79.157: [ParNew: 8547K->283K(9216K), 0.0395738 secs] 71769K->63591K(113624K), 0.0396544 secs] [Times: user=0.03 sys=0.00, real=0.04 secs] 
Heap after GC invocations=989 (full 85):
 par new generation   total 9216K, used 283K [0x00000000e3400000, 0x00000000e3e00000, 0x00000000ecca0000)
  eden space 8192K,   0% used [0x00000000e3400000, 0x00000000e3400000, 0x00000000e3c00000)
  from space 1024K,  27% used [0x00000000e3d00000, 0x00000000e3d46d38, 0x00000000e3e00000)
  to   space 1024K,   0% used [0x00000000e3c00000, 0x00000000e3c00000, 0x00000000e3d00000)
 concurrent mark-sweep generation total 104408K, used 63307K [0x00000000ecca0000, 0x00000000f3296000, 0x0000000100000000)
 Metaspace       used 69711K, capacity 73178K, committed 73344K, reserved 1114112K
  class space    used 8905K, capacity 9567K, committed 9600K, reserved 1048576K
}
2020-11-07T19:59:12.538+0800: 79.215: Application time: 0.0179257 seconds
{Heap before GC invocations=989 (full 85):
 par new generation   total 9216K, used 8475K [0x00000000e3400000, 0x00000000e3e00000, 0x00000000ecca0000)
  eden space 8192K, 100% used [0x00000000e3400000, 0x00000000e3c00000, 0x00000000e3c00000)
  from space 1024K,  27% used [0x00000000e3d00000, 0x00000000e3d46d38, 0x00000000e3e00000)
  to   space 1024K,   0% used [0x00000000e3c00000, 0x00000000e3c00000, 0x00000000e3d00000)
 concurrent mark-sweep generation total 104408K, used 63307K [0x00000000ecca0000, 0x00000000f3296000, 0x0000000100000000)
 Metaspace       used 69718K, capacity 73178K, committed 73344K, reserved 1114112K
  class space    used 8906K, capacity 9567K, committed 9600K, reserved 1048576K
2020-11-07T19:59:12.538+0800: 79.215: [GC (Allocation Failure) 2020-11-07T19:59:12.538+0800: 79.215: [ParNew: 8475K->279K(9216K), 0.0376079 secs] 71783K->63611K(113624K), 0.0376665 secs] [Times: user=0.04 sys=0.00, real=0.04 secs] 
Heap after GC invocations=990 (full 85):
 par new generation   total 9216K, used 279K [0x00000000e3400000, 0x00000000e3e00000, 0x00000000ecca0000)
  eden space 8192K,   0% used [0x00000000e3400000, 0x00000000e3400000, 0x00000000e3c00000)
  from space 1024K,  27% used [0x00000000e3c00000, 0x00000000e3c45e28, 0x00000000e3d00000)
  to   space 1024K,   0% used [0x00000000e3d00000, 0x00000000e3d00000, 0x00000000e3e00000)
 concurrent mark-sweep generation total 104408K, used 63331K [0x00000000ecca0000, 0x00000000f3296000, 0x0000000100000000)
 Metaspace       used 69718K, capacity 73178K, committed 73344K, reserved 1114112K
  class space    used 8906K, capacity 9567K, committed 9600K, reserved 1048576K
}
2020-11-07T19:59:12.588+0800: 79.265: Application time: 0.0124560 seconds
{Heap before GC invocations=990 (full 85):
 par new generation   total 9216K, used 8471K [0x00000000e3400000, 0x00000000e3e00000, 0x00000000ecca0000)
  eden space 8192K, 100% used [0x00000000e3400000, 0x00000000e3c00000, 0x00000000e3c00000)
  from space 1024K,  27% used [0x00000000e3c00000, 0x00000000e3c45e28, 0x00000000e3d00000)
  to   space 1024K,   0% used [0x00000000e3d00000, 0x00000000e3d00000, 0x00000000e3e00000)
 concurrent mark-sweep generation total 104408K, used 63331K [0x00000000ecca0000, 0x00000000f3296000, 0x0000000100000000)
 Metaspace       used 69718K, capacity 73178K, committed 73344K, reserved 1114112K
  class space    used 8906K, capacity 9567K, committed 9600K, reserved 1048576K
2020-11-07T19:59:12.588+0800: 79.265: [GC (Allocation Failure) 2020-11-07T19:59:12.588+0800: 79.265: [ParNew: 8471K->273K(9216K), 0.0129295 secs] 71803K->63626K(113624K), 0.0129925 secs] [Times: user=0.01 sys=0.00, real=0.01 secs] 
Heap after GC invocations=991 (full 85):
 par new generation   total 9216K, used 273K [0x00000000e3400000, 0x00000000e3e00000, 0x00000000ecca0000)
  eden space 8192K,   0% used [0x00000000e3400000, 0x00000000e3400000, 0x00000000e3c00000)
  from space 1024K,  26% used [0x00000000e3d00000, 0x00000000e3d445c0, 0x00000000e3e00000)
  to   space 1024K,   0% used [0x00000000e3c00000, 0x00000000e3c00000, 0x00000000e3d00000)
 concurrent mark-sweep generation total 104408K, used 63353K [0x00000000ecca0000, 0x00000000f3296000, 0x0000000100000000)
 Metaspace       used 69718K, capacity 73178K, committed 73344K, reserved 1114112K
  class space    used 8906K, capacity 9567K, committed 9600K, reserved 1048576K
}
2020-11-07T19:59:12.635+0800: 79.312: Application time: 0.0336845 seconds
{Heap before GC invocations=991 (full 85):
 par new generation   total 9216K, used 8465K [0x00000000e3400000, 0x00000000e3e00000, 0x00000000ecca0000)
  eden space 8192K,  99% used [0x00000000e3400000, 0x00000000e3bfffb0, 0x00000000e3c00000)
  from space 1024K,  26% used [0x00000000e3d00000, 0x00000000e3d445c0, 0x00000000e3e00000)
  to   space 1024K,   0% used [0x00000000e3c00000, 0x00000000e3c00000, 0x00000000e3d00000)
 concurrent mark-sweep generation total 104408K, used 63353K [0x00000000ecca0000, 0x00000000f3296000, 0x0000000100000000)
 Metaspace       used 69739K, capacity 73178K, committed 73344K, reserved 1114112K
  class space    used 8909K, capacity 9567K, committed 9600K, reserved 1048576K
2020-11-07T19:59:12.635+0800: 79.312: [GC (Allocation Failure) 2020-11-07T19:59:12.635+0800: 79.312: [ParNew: 8465K->331K(9216K), 0.0381511 secs] 71818K->63730K(113624K), 0.0382049 secs] [Times: user=0.04 sys=0.00, real=0.03 secs] 
Heap after GC invocations=992 (full 85):
 par new generation   total 9216K, used 331K [0x00000000e3400000, 0x00000000e3e00000, 0x00000000ecca0000)
  eden space 8192K,   0% used [0x00000000e3400000, 0x00000000e3400000, 0x00000000e3c00000)
  from space 1024K,  32% used [0x00000000e3c00000, 0x00000000e3c52c90, 0x00000000e3d00000)
  to   space 1024K,   0% used [0x00000000e3d00000, 0x00000000e3d00000, 0x00000000e3e00000)
 concurrent mark-sweep generation total 104408K, used 63399K [0x00000000ecca0000, 0x00000000f3296000, 0x0000000100000000)
 Metaspace       used 69739K, capacity 73178K, committed 73344K, reserved 1114112K
  class space    used 8909K, capacity 9567K, committed 9600K, reserved 1048576K
}
2020-11-07T19:59:12.690+0800: 79.367: [CMS-concurrent-abortable-preclean: 0.087/0.315 secs] [Times: user=0.30 sys=0.01, real=0.31 secs] 
2020-11-07T19:59:12.690+0800: 79.367: Application time: 0.0163339 seconds
2020-11-07T19:59:12.690+0800: 79.367: [GC (CMS Final Remark) [YG occupancy: 6075 K (9216 K)]2020-11-07T19:59:12.690+0800: 79.367: [Rescan (parallel) , 0.0230998 secs]2020-11-07T19:59:12.713+0800: 79.390: [weak refs processing, 0.0007147 secs]2020-11-07T19:59:12.714+0800: 79.391: [class unloading, 0.0219102 secs]2020-11-07T19:59:12.736+0800: 79.413: [scrub symbol table, 0.0252424 secs]2020-11-07T19:59:12.761+0800: 79.438: [scrub string table, 0.0014332 secs][1 CMS-remark: 63399K(104408K)] 69474K(113624K), 0.0725879 secs] [Times: user=0.07 sys=0.00, real=0.07 secs] 
2020-11-07T19:59:12.773+0800: 79.450: [CMS-concurrent-sweep-start]
2020-11-07T19:59:12.786+0800: 79.462: Application time: 0.0226887 seconds
{Heap before GC invocations=992 (full 85):
 par new generation   total 9216K, used 8523K [0x00000000e3400000, 0x00000000e3e00000, 0x00000000ecca0000)
  eden space 8192K, 100% used [0x00000000e3400000, 0x00000000e3c00000, 0x00000000e3c00000)
  from space 1024K,  32% used [0x00000000e3c00000, 0x00000000e3c52c90, 0x00000000e3d00000)
  to   space 1024K,   0% used [0x00000000e3d00000, 0x00000000e3d00000, 0x00000000e3e00000)
 concurrent mark-sweep generation total 104408K, used 63399K [0x00000000ecca0000, 0x00000000f3296000, 0x0000000100000000)
 Metaspace       used 69759K, capacity 73242K, committed 73344K, reserved 1114112K
  class space    used 8915K, capacity 9567K, committed 9600K, reserved 1048576K
2020-11-07T19:59:12.786+0800: 79.462: [GC (Allocation Failure) 2020-11-07T19:59:12.786+0800: 79.462: [ParNew: 8523K->306K(9216K), 0.0380218 secs] 71922K->63712K(113624K), 0.0381020 secs] [Times: user=0.03 sys=0.00, real=0.03 secs] 
Heap after GC invocations=993 (full 85):
 par new generation   total 9216K, used 306K [0x00000000e3400000, 0x00000000e3e00000, 0x00000000ecca0000)
  eden space 8192K,   0% used [0x00000000e3400000, 0x00000000e3400000, 0x00000000e3c00000)
  from space 1024K,  29% used [0x00000000e3d00000, 0x00000000e3d4c808, 0x00000000e3e00000)
  to   space 1024K,   0% used [0x00000000e3c00000, 0x00000000e3c00000, 0x00000000e3d00000)
 concurrent mark-sweep generation total 104408K, used 63406K [0x00000000ecca0000, 0x00000000f3296000, 0x0000000100000000)
 Metaspace       used 69759K, capacity 73242K, committed 73344K, reserved 1114112K
  class space    used 8915K, capacity 9567K, committed 9600K, reserved 1048576K
}
2020-11-07T19:59:12.864+0800: 79.540: Application time: 0.0396370 seconds
{Heap before GC invocations=993 (full 85):
 par new generation   total 9216K, used 8498K [0x00000000e3400000, 0x00000000e3e00000, 0x00000000ecca0000)
  eden space 8192K, 100% used [0x00000000e3400000, 0x00000000e3c00000, 0x00000000e3c00000)
  from space 1024K,  29% used [0x00000000e3d00000, 0x00000000e3d4c808, 0x00000000e3e00000)
  to   space 1024K,   0% used [0x00000000e3c00000, 0x00000000e3c00000, 0x00000000e3d00000)
 concurrent mark-sweep generation total 104408K, used 63375K [0x00000000ecca0000, 0x00000000f3296000, 0x0000000100000000)
 Metaspace       used 69819K, capacity 73242K, committed 73344K, reserved 1114112K
  class space    used 8923K, capacity 9567K, committed 9600K, reserved 1048576K
2020-11-07T19:59:12.864+0800: 79.541: [GC (Allocation Failure) 2020-11-07T19:59:12.864+0800: 79.541: [ParNew: 8498K->376K(9216K), 0.0290394 secs] 71873K->63756K(113624K), 0.0291014 secs] [Times: user=0.02 sys=0.00, real=0.03 secs] 
Heap after GC invocations=994 (full 85):
 par new generation   total 9216K, used 376K [0x00000000e3400000, 0x00000000e3e00000, 0x00000000ecca0000)
  eden space 8192K,   0% used [0x00000000e3400000, 0x00000000e3400000, 0x00000000e3c00000)
  from space 1024K,  36% used [0x00000000e3c00000, 0x00000000e3c5e158, 0x00000000e3d00000)
  to   space 1024K,   0% used [0x00000000e3d00000, 0x00000000e3d00000, 0x00000000e3e00000)
 concurrent mark-sweep generation total 104408K, used 63380K [0x00000000ecca0000, 0x00000000f3296000, 0x0000000100000000)
 Metaspace       used 69819K, capacity 73242K, committed 73344K, reserved 1114112K
  class space    used 8923K, capacity 9567K, committed 9600K, reserved 1048576K
}
2020-11-07T19:59:12.903+0800: 79.580: Application time: 0.0098293 seconds
2020-11-07T19:59:12.910+0800: 79.587: Application time: 0.0064313 seconds
2020-11-07T19:59:12.913+0800: 79.590: [CMS-concurrent-sweep: 0.064/0.140 secs] [Times: user=0.13 sys=0.00, real=0.14 secs] 
2020-11-07T19:59:12.913+0800: 79.590: [CMS-concurrent-reset-start]
2020-11-07T19:59:12.915+0800: 79.592: [CMS-concurrent-reset: 0.002/0.002 secs] [Times: user=0.01 sys=0.00, real=0.01 secs] 
2020-11-07T19:59:12.941+0800: 79.618: Application time: 0.0305046 seconds
{Heap before GC invocations=994 (full 85):
 par new generation   total 9216K, used 8568K [0x00000000e3400000, 0x00000000e3e00000, 0x00000000ecca0000)
  eden space 8192K, 100% used [0x00000000e3400000, 0x00000000e3c00000, 0x00000000e3c00000)
  from space 1024K,  36% used [0x00000000e3c00000, 0x00000000e3c5e158, 0x00000000e3d00000)
  to   space 1024K,   0% used [0x00000000e3d00000, 0x00000000e3d00000, 0x00000000e3e00000)
 concurrent mark-sweep generation total 105592K, used 63354K [0x00000000ecca0000, 0x00000000f33be000, 0x0000000100000000)
 Metaspace       used 69837K, capacity 73314K, committed 73344K, reserved 1114112K
  class space    used 8926K, capacity 9595K, committed 9600K, reserved 1048576K
2020-11-07T19:59:12.941+0800: 79.618: [GC (Allocation Failure) 2020-11-07T19:59:12.941+0800: 79.618: [ParNew: 8568K->529K(9216K), 0.0405014 secs] 71923K->63888K(114808K), 0.0405781 secs] [Times: user=0.04 sys=0.00, real=0.04 secs] 
Heap after GC invocations=995 (full 85):
 par new generation   total 9216K, used 529K [0x00000000e3400000, 0x00000000e3e00000, 0x00000000ecca0000)
  eden space 8192K,   0% used [0x00000000e3400000, 0x00000000e3400000, 0x00000000e3c00000)
  from space 1024K,  51% used [0x00000000e3d00000, 0x00000000e3d84528, 0x00000000e3e00000)
  to   space 1024K,   0% used [0x00000000e3c00000, 0x00000000e3c00000, 0x00000000e3d00000)
 concurrent mark-sweep generation total 105592K, used 63359K [0x00000000ecca0000, 0x00000000f33be000, 0x0000000100000000)
 Metaspace       used 69837K, capacity 73314K, committed 73344K, reserved 1114112K
  class space    used 8926K, capacity 9595K, committed 9600K, reserved 1048576K
}
2020-11-07T19:59:12.986+0800: 79.662: Application time: 0.0037141 seconds
2020-11-07T19:59:12.986+0800: 79.663: [GC (CMS Initial Mark) [1 CMS-initial-mark: 63359K(105592K)] 65055K(114808K), 0.0052291 secs] [Times: user=0.00 sys=0.00, real=0.00 secs] 
2020-11-07T19:59:12.995+0800: 79.671: [CMS-concurrent-mark-start]
2020-11-07T19:59:13.011+0800: 79.687: Application time: 0.0195113 seconds
{Heap before GC invocations=995 (full 86):
 par new generation   total 9216K, used 8721K [0x00000000e3400000, 0x00000000e3e00000, 0x00000000ecca0000)
  eden space 8192K, 100% used [0x00000000e3400000, 0x00000000e3c00000, 0x00000000e3c00000)
  from space 1024K,  51% used [0x00000000e3d00000, 0x00000000e3d84528, 0x00000000e3e00000)
  to   space 1024K,   0% used [0x00000000e3c00000, 0x00000000e3c00000, 0x00000000e3d00000)
 concurrent mark-sweep generation total 105592K, used 63359K [0x00000000ecca0000, 0x00000000f33be000, 0x0000000100000000)
 Metaspace       used 69846K, capacity 73314K, committed 73344K, reserved 1114112K
  class space    used 8929K, capacity 9595K, committed 9600K, reserved 1048576K
2020-11-07T19:59:13.011+0800: 79.687: [GC (Allocation Failure) 2020-11-07T19:59:13.011+0800: 79.688: [ParNew: 8721K->588K(9216K), 0.0390149 secs] 72080K->63960K(114808K), 0.0391080 secs] [Times: user=0.04 sys=0.00, real=0.04 secs] 
Heap after GC invocations=996 (full 86):
 par new generation   total 9216K, used 588K [0x00000000e3400000, 0x00000000e3e00000, 0x00000000ecca0000)
  eden space 8192K,   0% used [0x00000000e3400000, 0x00000000e3400000, 0x00000000e3c00000)
  from space 1024K,  57% used [0x00000000e3c00000, 0x00000000e3c933d0, 0x00000000e3d00000)
  to   space 1024K,   0% used [0x00000000e3d00000, 0x00000000e3d00000, 0x00000000e3e00000)
 concurrent mark-sweep generation total 105592K, used 63371K [0x00000000ecca0000, 0x00000000f33be000, 0x0000000100000000)
 Metaspace       used 69846K, capacity 73314K, committed 73344K, reserved 1114112K
  class space    used 8929K, capacity 9595K, committed 9600K, reserved 1048576K
}
2020-11-07T19:59:13.064+0800: 79.741: Application time: 0.0138983 seconds
{Heap before GC invocations=996 (full 86):
 par new generation   total 9216K, used 8780K [0x00000000e3400000, 0x00000000e3e00000, 0x00000000ecca0000)
  eden space 8192K,  99% used [0x00000000e3400000, 0x00000000e3bffee8, 0x00000000e3c00000)
  from space 1024K,  57% used [0x00000000e3c00000, 0x00000000e3c933d0, 0x00000000e3d00000)
  to   space 1024K,   0% used [0x00000000e3d00000, 0x00000000e3d00000, 0x00000000e3e00000)
 concurrent mark-sweep generation total 105592K, used 63371K [0x00000000ecca0000, 0x00000000f33be000, 0x0000000100000000)
 Metaspace       used 69846K, capacity 73314K, committed 73344K, reserved 1114112K
  class space    used 8929K, capacity 9595K, committed 9600K, reserved 1048576K
2020-11-07T19:59:13.064+0800: 79.741: [GC (Allocation Failure) 2020-11-07T19:59:13.064+0800: 79.741: [ParNew: 8780K->561K(9216K), 0.0147442 secs] 72152K->63956K(114808K), 0.0147992 secs] [Times: user=0.02 sys=0.00, real=0.02 secs] 
Heap after GC invocations=997 (full 86):
 par new generation   total 9216K, used 561K [0x00000000e3400000, 0x00000000e3e00000, 0x00000000ecca0000)
  eden space 8192K,   0% used [0x00000000e3400000, 0x00000000e3400000, 0x00000000e3c00000)
  from space 1024K,  54% used [0x00000000e3d00000, 0x00000000e3d8c438, 0x00000000e3e00000)
  to   space 1024K,   0% used [0x00000000e3c00000, 0x00000000e3c00000, 0x00000000e3d00000)
 concurrent mark-sweep generation total 105592K, used 63395K [0x00000000ecca0000, 0x00000000f33be000, 0x0000000100000000)
 Metaspace       used 69846K, capacity 73314K, committed 73344K, reserved 1114112K
  class space    used 8929K, capacity 9595K, committed 9600K, reserved 1048576K
}
2020-11-07T19:59:13.141+0800: 79.818: Application time: 0.0625906 seconds
{Heap before GC invocations=997 (full 86):
 par new generation   total 9216K, used 8753K [0x00000000e3400000, 0x00000000e3e00000, 0x00000000ecca0000)
  eden space 8192K, 100% used [0x00000000e3400000, 0x00000000e3c00000, 0x00000000e3c00000)
  from space 1024K,  54% used [0x00000000e3d00000, 0x00000000e3d8c438, 0x00000000e3e00000)
  to   space 1024K,   0% used [0x00000000e3c00000, 0x00000000e3c00000, 0x00000000e3d00000)
 concurrent mark-sweep generation total 105592K, used 63395K [0x00000000ecca0000, 0x00000000f33be000, 0x0000000100000000)
 Metaspace       used 69846K, capacity 73314K, committed 73344K, reserved 1114112K
  class space    used 8929K, capacity 9595K, committed 9600K, reserved 1048576K
2020-11-07T19:59:13.142+0800: 79.818: [GC (Allocation Failure) 2020-11-07T19:59:13.142+0800: 79.818: [ParNew: 8753K->852K(9216K), 0.0285555 secs] 72148K->64276K(114808K), 0.0286103 secs] [Times: user=0.03 sys=0.00, real=0.03 secs] 
Heap after GC invocations=998 (full 86):
 par new generation   total 9216K, used 852K [0x00000000e3400000, 0x00000000e3e00000, 0x00000000ecca0000)
  eden space 8192K,   0% used [0x00000000e3400000, 0x00000000e3400000, 0x00000000e3c00000)
  from space 1024K,  83% used [0x00000000e3c00000, 0x00000000e3cd5180, 0x00000000e3d00000)
  to   space 1024K,   0% used [0x00000000e3d00000, 0x00000000e3d00000, 0x00000000e3e00000)
 concurrent mark-sweep generation total 105592K, used 63424K [0x00000000ecca0000, 0x00000000f33be000, 0x0000000100000000)
 Metaspace       used 69846K, capacity 73314K, committed 73344K, reserved 1114112K
  class space    used 8929K, capacity 9595K, committed 9600K, reserved 1048576K
}
2020-11-07T19:59:13.215+0800: 79.891: Application time: 0.0442105 seconds
{Heap before GC invocations=998 (full 86):
 par new generation   total 9216K, used 9044K [0x00000000e3400000, 0x00000000e3e00000, 0x00000000ecca0000)
  eden space 8192K, 100% used [0x00000000e3400000, 0x00000000e3c00000, 0x00000000e3c00000)
  from space 1024K,  83% used [0x00000000e3c00000, 0x00000000e3cd5180, 0x00000000e3d00000)
  to   space 1024K,   0% used [0x00000000e3d00000, 0x00000000e3d00000, 0x00000000e3e00000)
 concurrent mark-sweep generation total 105592K, used 63424K [0x00000000ecca0000, 0x00000000f33be000, 0x0000000100000000)
 Metaspace       used 69847K, capacity 73314K, committed 73344K, reserved 1114112K
  class space    used 8929K, capacity 9595K, committed 9600K, reserved 1048576K
2020-11-07T19:59:13.215+0800: 79.892: [GC (Allocation Failure) 2020-11-07T19:59:13.215+0800: 79.892: [ParNew: 9044K->456K(9216K), 0.0392822 secs] 72468K->64196K(114808K), 0.0393445 secs] [Times: user=0.04 sys=0.00, real=0.03 secs] 
Heap after GC invocations=999 (full 86):
 par new generation   total 9216K, used 456K [0x00000000e3400000, 0x00000000e3e00000, 0x00000000ecca0000)
  eden space 8192K,   0% used [0x00000000e3400000, 0x00000000e3400000, 0x00000000e3c00000)
  from space 1024K,  44% used [0x00000000e3d00000, 0x00000000e3d72258, 0x00000000e3e00000)
  to   space 1024K,   0% used [0x00000000e3c00000, 0x00000000e3c00000, 0x00000000e3d00000)
 concurrent mark-sweep generation total 105592K, used 63739K [0x00000000ecca0000, 0x00000000f33be000, 0x0000000100000000)
 Metaspace       used 69847K, capacity 73314K, committed 73344K, reserved 1114112K
  class space    used 8929K, capacity 9595K, committed 9600K, reserved 1048576K
}
2020-11-07T19:59:13.306+0800: 79.983: Application time: 0.0518676 seconds
{Heap before GC invocations=999 (full 86):
 par new generation   total 9216K, used 8648K [0x00000000e3400000, 0x00000000e3e00000, 0x00000000ecca0000)
  eden space 8192K, 100% used [0x00000000e3400000, 0x00000000e3c00000, 0x00000000e3c00000)
  from space 1024K,  44% used [0x00000000e3d00000, 0x00000000e3d72258, 0x00000000e3e00000)
  to   space 1024K,   0% used [0x00000000e3c00000, 0x00000000e3c00000, 0x00000000e3d00000)
 concurrent mark-sweep generation total 105592K, used 63739K [0x00000000ecca0000, 0x00000000f33be000, 0x0000000100000000)
 Metaspace       used 69869K, capacity 73320K, committed 73344K, reserved 1114112K
  class space    used 8932K, capacity 9598K, committed 9600K, reserved 1048576K
2020-11-07T19:59:13.306+0800: 79.983: [GC (Allocation Failure) 2020-11-07T19:59:13.306+0800: 79.983: [ParNew: 8648K->487K(9216K), 0.0159298 secs] 72388K->64227K(114808K), 0.0160158 secs] [Times: user=0.02 sys=0.00, real=0.01 secs] 
Heap after GC invocations=1000 (full 86):
 par new generation   total 9216K, used 487K [0x00000000e3400000, 0x00000000e3e00000, 0x00000000ecca0000)
  eden space 8192K,   0% used [0x00000000e3400000, 0x00000000e3400000, 0x00000000e3c00000)
  from space 1024K,  47% used [0x00000000e3c00000, 0x00000000e3c79db0, 0x00000000e3d00000)
  to   space 1024K,   0% used [0x00000000e3d00000, 0x00000000e3d00000, 0x00000000e3e00000)
 concurrent mark-sweep generation total 105592K, used 63739K [0x00000000ecca0000, 0x00000000f33be000, 0x0000000100000000)
 Metaspace       used 69869K, capacity 73320K, committed 73344K, reserved 1114112K
  class space    used 8932K, capacity 9598K, committed 9600K, reserved 1048576K
}
2020-11-07T19:59:13.427+0800: 80.103: Application time: 0.1041512 seconds
{Heap before GC invocations=1000 (full 86):
 par new generation   total 9216K, used 8679K [0x00000000e3400000, 0x00000000e3e00000, 0x00000000ecca0000)
  eden space 8192K, 100% used [0x00000000e3400000, 0x00000000e3c00000, 0x00000000e3c00000)
  from space 1024K,  47% used [0x00000000e3c00000, 0x00000000e3c79db0, 0x00000000e3d00000)
  to   space 1024K,   0% used [0x00000000e3d00000, 0x00000000e3d00000, 0x00000000e3e00000)
 concurrent mark-sweep generation total 105592K, used 63739K [0x00000000ecca0000, 0x00000000f33be000, 0x0000000100000000)
 Metaspace       used 69876K, capacity 73320K, committed 73344K, reserved 1114112K
  class space    used 8933K, capacity 9598K, committed 9600K, reserved 1048576K
2020-11-07T19:59:13.427+0800: 80.104: [GC (Allocation Failure) 2020-11-07T19:59:13.427+0800: 80.104: [ParNew: 8679K->432K(9216K), 0.2162029 secs] 72419K->64171K(114808K), 0.2162599 secs] [Times: user=0.21 sys=0.01, real=0.21 secs] 
Heap after GC invocations=1001 (full 86):
 par new generation   total 9216K, used 432K [0x00000000e3400000, 0x00000000e3e00000, 0x00000000ecca0000)
  eden space 8192K,   0% used [0x00000000e3400000, 0x00000000e3400000, 0x00000000e3c00000)
  from space 1024K,  42% used [0x00000000e3d00000, 0x00000000e3d6c020, 0x00000000e3e00000)
  to   space 1024K,   0% used [0x00000000e3c00000, 0x00000000e3c00000, 0x00000000e3d00000)
 concurrent mark-sweep generation total 105592K, used 63739K [0x00000000ecca0000, 0x00000000f33be000, 0x0000000100000000)
 Metaspace       used 69876K, capacity 73320K, committed 73344K, reserved 1114112K
  class space    used 8933K, capacity 9598K, committed 9600K, reserved 1048576K
}
2020-11-07T19:59:13.677+0800: 80.354: Application time: 0.0339914 seconds
{Heap before GC invocations=1001 (full 86):
 par new generation   total 9216K, used 8624K [0x00000000e3400000, 0x00000000e3e00000, 0x00000000ecca0000)
  eden space 8192K, 100% used [0x00000000e3400000, 0x00000000e3c00000, 0x00000000e3c00000)
  from space 1024K,  42% used [0x00000000e3d00000, 0x00000000e3d6c020, 0x00000000e3e00000)
  to   space 1024K,   0% used [0x00000000e3c00000, 0x00000000e3c00000, 0x00000000e3d00000)
 concurrent mark-sweep generation total 105592K, used 63739K [0x00000000ecca0000, 0x00000000f33be000, 0x0000000100000000)
 Metaspace       used 69877K, capacity 73320K, committed 73344K, reserved 1114112K
  class space    used 8933K, capacity 9598K, committed 9600K, reserved 1048576K
2020-11-07T19:59:13.677+0800: 80.354: [GC (Allocation Failure) 2020-11-07T19:59:13.677+0800: 80.354: [ParNew: 8624K->447K(9216K), 0.0212808 secs] 72363K->64186K(114808K), 0.0213423 secs] [Times: user=0.02 sys=0.00, real=0.02 secs] 
Heap after GC invocations=1002 (full 86):
 par new generation   total 9216K, used 447K [0x00000000e3400000, 0x00000000e3e00000, 0x00000000ecca0000)
  eden space 8192K,   0% used [0x00000000e3400000, 0x00000000e3400000, 0x00000000e3c00000)
  from space 1024K,  43% used [0x00000000e3c00000, 0x00000000e3c6fc98, 0x00000000e3d00000)
  to   space 1024K,   0% used [0x00000000e3d00000, 0x00000000e3d00000, 0x00000000e3e00000)
 concurrent mark-sweep generation total 105592K, used 63739K [0x00000000ecca0000, 0x00000000f33be000, 0x0000000100000000)
 Metaspace       used 69877K, capacity 73320K, committed 73344K, reserved 1114112K
  class space    used 8933K, capacity 9598K, committed 9600K, reserved 1048576K
}
2020-11-07T19:59:13.730+0800: 80.406: Application time: 0.0309846 seconds
{Heap before GC invocations=1002 (full 86):
 par new generation   total 9216K, used 8639K [0x00000000e3400000, 0x00000000e3e00000, 0x00000000ecca0000)
  eden space 8192K, 100% used [0x00000000e3400000, 0x00000000e3c00000, 0x00000000e3c00000)
  from space 1024K,  43% used [0x00000000e3c00000, 0x00000000e3c6fc98, 0x00000000e3d00000)
  to   space 1024K,   0% used [0x00000000e3d00000, 0x00000000e3d00000, 0x00000000e3e00000)
 concurrent mark-sweep generation total 105592K, used 63739K [0x00000000ecca0000, 0x00000000f33be000, 0x0000000100000000)
 Metaspace       used 69877K, capacity 73320K, committed 73344K, reserved 1114112K
  class space    used 8933K, capacity 9598K, committed 9600K, reserved 1048576K
2020-11-07T19:59:13.730+0800: 80.407: [GC (Allocation Failure) 2020-11-07T19:59:13.730+0800: 80.407: [ParNew: 8639K->475K(9216K), 0.0228989 secs] 72378K->64214K(114808K), 0.0229550 secs] [Times: user=0.03 sys=0.00, real=0.02 secs] 
Heap after GC invocations=1003 (full 86):
 par new generation   total 9216K, used 475K [0x00000000e3400000, 0x00000000e3e00000, 0x00000000ecca0000)
  eden space 8192K,   0% used [0x00000000e3400000, 0x00000000e3400000, 0x00000000e3c00000)
  from space 1024K,  46% used [0x00000000e3d00000, 0x00000000e3d76d68, 0x00000000e3e00000)
  to   space 1024K,   0% used [0x00000000e3c00000, 0x00000000e3c00000, 0x00000000e3d00000)
 concurrent mark-sweep generation total 105592K, used 63739K [0x00000000ecca0000, 0x00000000f33be000, 0x0000000100000000)
 Metaspace       used 69877K, capacity 73320K, committed 73344K, reserved 1114112K
  class space    used 8933K, capacity 9598K, committed 9600K, reserved 1048576K
}
2020-11-07T19:59:13.799+0800: 80.476: Application time: 0.0459157 seconds
{Heap before GC invocations=1003 (full 86):
 par new generation   total 9216K, used 8667K [0x00000000e3400000, 0x00000000e3e00000, 0x00000000ecca0000)
  eden space 8192K, 100% used [0x00000000e3400000, 0x00000000e3c00000, 0x00000000e3c00000)
  from space 1024K,  46% used [0x00000000e3d00000, 0x00000000e3d76d68, 0x00000000e3e00000)
  to   space 1024K,   0% used [0x00000000e3c00000, 0x00000000e3c00000, 0x00000000e3d00000)
 concurrent mark-sweep generation total 105592K, used 63739K [0x00000000ecca0000, 0x00000000f33be000, 0x0000000100000000)
 Metaspace       used 69883K, capacity 73320K, committed 73344K, reserved 1114112K
  class space    used 8934K, capacity 9598K, committed 9600K, reserved 1048576K
2020-11-07T19:59:13.799+0800: 80.476: [GC (Allocation Failure) 2020-11-07T19:59:13.799+0800: 80.476: [ParNew: 8667K->705K(9216K), 0.0178862 secs] 72406K->64445K(114808K), 0.0179560 secs] [Times: user=0.01 sys=0.00, real=0.02 secs] 
Heap after GC invocations=1004 (full 86):
 par new generation   total 9216K, used 705K [0x00000000e3400000, 0x00000000e3e00000, 0x00000000ecca0000)
  eden space 8192K,   0% used [0x00000000e3400000, 0x00000000e3400000, 0x00000000e3c00000)
  from space 1024K,  68% used [0x00000000e3c00000, 0x00000000e3cb07a0, 0x00000000e3d00000)
  to   space 1024K,   0% used [0x00000000e3d00000, 0x00000000e3d00000, 0x00000000e3e00000)
 concurrent mark-sweep generation total 105592K, used 63739K [0x00000000ecca0000, 0x00000000f33be000, 0x0000000100000000)
 Metaspace       used 69883K, capacity 73320K, committed 73344K, reserved 1114112K
  class space    used 8934K, capacity 9598K, committed 9600K, reserved 1048576K
}
2020-11-07T19:59:13.840+0800: 80.517: Application time: 0.0230174 seconds
{Heap before GC invocations=1004 (full 86):
 par new generation   total 9216K, used 8897K [0x00000000e3400000, 0x00000000e3e00000, 0x00000000ecca0000)
  eden space 8192K, 100% used [0x00000000e3400000, 0x00000000e3c00000, 0x00000000e3c00000)
  from space 1024K,  68% used [0x00000000e3c00000, 0x00000000e3cb07a0, 0x00000000e3d00000)
  to   space 1024K,   0% used [0x00000000e3d00000, 0x00000000e3d00000, 0x00000000e3e00000)
 concurrent mark-sweep generation total 105592K, used 63739K [0x00000000ecca0000, 0x00000000f33be000, 0x0000000100000000)
 Metaspace       used 69890K, capacity 73320K, committed 73344K, reserved 1114112K
  class space    used 8934K, capacity 9598K, committed 9600K, reserved 1048576K
2020-11-07T19:59:13.840+0800: 80.517: [GC (Allocation Failure) 2020-11-07T19:59:13.840+0800: 80.517: [ParNew: 8897K->567K(9216K), 0.0242175 secs] 72637K->64527K(114808K), 0.0242743 secs] [Times: user=0.02 sys=0.00, real=0.03 secs] 
Heap after GC invocations=1005 (full 86):
 par new generation   total 9216K, used 567K [0x00000000e3400000, 0x00000000e3e00000, 0x00000000ecca0000)
  eden space 8192K,   0% used [0x00000000e3400000, 0x00000000e3400000, 0x00000000e3c00000)
  from space 1024K,  55% used [0x00000000e3d00000, 0x00000000e3d8dde0, 0x00000000e3e00000)
  to   space 1024K,   0% used [0x00000000e3c00000, 0x00000000e3c00000, 0x00000000e3d00000)
 concurrent mark-sweep generation total 105592K, used 63960K [0x00000000ecca0000, 0x00000000f33be000, 0x0000000100000000)
 Metaspace       used 69890K, capacity 73320K, committed 73344K, reserved 1114112K
  class space    used 8934K, capacity 9598K, committed 9600K, reserved 1048576K
}
2020-11-07T19:59:13.881+0800: 80.558: [CMS-concurrent-mark: 0.426/0.886 secs] [Times: user=0.86 sys=0.01, real=0.88 secs] 
2020-11-07T19:59:13.881+0800: 80.558: [CMS-concurrent-preclean-start]
2020-11-07T19:59:13.896+0800: 80.572: Application time: 0.0309353 seconds
{Heap before GC invocations=1005 (full 86):
 par new generation   total 9216K, used 8759K [0x00000000e3400000, 0x00000000e3e00000, 0x00000000ecca0000)
  eden space 8192K, 100% used [0x00000000e3400000, 0x00000000e3c00000, 0x00000000e3c00000)
  from space 1024K,  55% used [0x00000000e3d00000, 0x00000000e3d8dde0, 0x00000000e3e00000)
  to   space 1024K,   0% used [0x00000000e3c00000, 0x00000000e3c00000, 0x00000000e3d00000)
 concurrent mark-sweep generation total 105592K, used 63960K [0x00000000ecca0000, 0x00000000f33be000, 0x0000000100000000)
 Metaspace       used 69915K, capacity 73392K, committed 73600K, reserved 1114112K
  class space    used 8939K, capacity 9600K, committed 9600K, reserved 1048576K
2020-11-07T19:59:13.896+0800: 80.572: [GC (Allocation Failure) 2020-11-07T19:59:13.896+0800: 80.573: [ParNew: 8759K->380K(9216K), 0.0073758 secs] 72719K->64341K(114808K), 0.0074467 secs] [Times: user=0.01 sys=0.00, real=0.00 secs] 
Heap after GC invocations=1006 (full 86):
 par new generation   total 9216K, used 380K [0x00000000e3400000, 0x00000000e3e00000, 0x00000000ecca0000)
  eden space 8192K,   0% used [0x00000000e3400000, 0x00000000e3400000, 0x00000000e3c00000)
  from space 1024K,  37% used [0x00000000e3c00000, 0x00000000e3c5f370, 0x00000000e3d00000)
  to   space 1024K,   0% used [0x00000000e3d00000, 0x00000000e3d00000, 0x00000000e3e00000)
 concurrent mark-sweep generation total 105592K, used 63960K [0x00000000ecca0000, 0x00000000f33be000, 0x0000000100000000)
 Metaspace       used 69915K, capacity 73392K, committed 73600K, reserved 1114112K
  class space    used 8939K, capacity 9600K, committed 9600K, reserved 1048576K
}
2020-11-07T19:59:13.904+0800: 80.581: [CMS-concurrent-preclean: 0.014/0.023 secs] [Times: user=0.02 sys=0.00, real=0.02 secs] 
2020-11-07T19:59:13.907+0800: 80.583: Application time: 0.0033047 seconds
2020-11-07T19:59:13.907+0800: 80.583: [GC (CMS Final Remark) [YG occupancy: 1223 K (9216 K)]2020-11-07T19:59:13.907+0800: 80.583: [Rescan (parallel) , 0.0073652 secs]2020-11-07T19:59:13.914+0800: 80.591: [weak refs processing, 0.0001059 secs]2020-11-07T19:59:13.914+0800: 80.591: [class unloading, 0.0160181 secs]2020-11-07T19:59:13.930+0800: 80.607: [scrub symbol table, 0.0260854 secs]2020-11-07T19:59:13.956+0800: 80.633: [scrub string table, 0.0017177 secs][1 CMS-remark: 63960K(105592K)] 65183K(114808K), 0.0514873 secs] [Times: user=0.05 sys=0.00, real=0.05 secs] 
2020-11-07T19:59:13.963+0800: 80.639: [CMS-concurrent-sweep-start]
2020-11-07T19:59:13.981+0800: 80.658: Application time: 0.0227643 seconds
{Heap before GC invocations=1006 (full 86):
 par new generation   total 9216K, used 8572K [0x00000000e3400000, 0x00000000e3e00000, 0x00000000ecca0000)
  eden space 8192K, 100% used [0x00000000e3400000, 0x00000000e3c00000, 0x00000000e3c00000)
  from space 1024K,  37% used [0x00000000e3c00000, 0x00000000e3c5f370, 0x00000000e3d00000)
  to   space 1024K,   0% used [0x00000000e3d00000, 0x00000000e3d00000, 0x00000000e3e00000)
 concurrent mark-sweep generation total 105592K, used 63959K [0x00000000ecca0000, 0x00000000f33be000, 0x0000000100000000)
 Metaspace       used 69942K, capacity 73456K, committed 73600K, reserved 1114112K
  class space    used 8944K, capacity 9600K, committed 9600K, reserved 1048576K
2020-11-07T19:59:13.981+0800: 80.658: [GC (Allocation Failure) 2020-11-07T19:59:13.981+0800: 80.658: [ParNew: 8572K->498K(9216K), 0.0138910 secs] 72532K->64458K(114808K), 0.0139660 secs] [Times: user=0.02 sys=0.00, real=0.02 secs] 
Heap after GC invocations=1007 (full 86):
 par new generation   total 9216K, used 498K [0x00000000e3400000, 0x00000000e3e00000, 0x00000000ecca0000)
  eden space 8192K,   0% used [0x00000000e3400000, 0x00000000e3400000, 0x00000000e3c00000)
  from space 1024K,  48% used [0x00000000e3d00000, 0x00000000e3d7ca58, 0x00000000e3e00000)
  to   space 1024K,   0% used [0x00000000e3c00000, 0x00000000e3c00000, 0x00000000e3d00000)
 concurrent mark-sweep generation total 105592K, used 63959K [0x00000000ecca0000, 0x00000000f33be000, 0x0000000100000000)
 Metaspace       used 69942K, capacity 73456K, committed 73600K, reserved 1114112K
  class space    used 8944K, capacity 9600K, committed 9600K, reserved 1048576K
}
2020-11-07T19:59:14.035+0800: 80.711: Application time: 0.0393805 seconds
{Heap before GC invocations=1007 (full 86):
 par new generation   total 9216K, used 8690K [0x00000000e3400000, 0x00000000e3e00000, 0x00000000ecca0000)
  eden space 8192K, 100% used [0x00000000e3400000, 0x00000000e3c00000, 0x00000000e3c00000)
  from space 1024K,  48% used [0x00000000e3d00000, 0x00000000e3d7ca58, 0x00000000e3e00000)
  to   space 1024K,   0% used [0x00000000e3c00000, 0x00000000e3c00000, 0x00000000e3d00000)
 concurrent mark-sweep generation total 105592K, used 63921K [0x00000000ecca0000, 0x00000000f33be000, 0x0000000100000000)
 Metaspace       used 69942K, capacity 73456K, committed 73600K, reserved 1114112K
  class space    used 8944K, capacity 9600K, committed 9600K, reserved 1048576K
2020-11-07T19:59:14.035+0800: 80.711: [GC (Allocation Failure) 2020-11-07T19:59:14.035+0800: 80.712: [ParNew: 8690K->627K(9216K), 0.0204281 secs] 72612K->64583K(114808K), 0.0204838 secs] [Times: user=0.02 sys=0.00, real=0.02 secs] 
Heap after GC invocations=1008 (full 86):
 par new generation   total 9216K, used 627K [0x00000000e3400000, 0x00000000e3e00000, 0x00000000ecca0000)
  eden space 8192K,   0% used [0x00000000e3400000, 0x00000000e3400000, 0x00000000e3c00000)
  from space 1024K,  61% used [0x00000000e3c00000, 0x00000000e3c9cdf0, 0x00000000e3d00000)
  to   space 1024K,   0% used [0x00000000e3d00000, 0x00000000e3d00000, 0x00000000e3e00000)
 concurrent mark-sweep generation total 105592K, used 63956K [0x00000000ecca0000, 0x00000000f33be000, 0x0000000100000000)
 Metaspace       used 69942K, capacity 73456K, committed 73600K, reserved 1114112K
  class space    used 8944K, capacity 9600K, committed 9600K, reserved 1048576K
}
2020-11-07T19:59:14.060+0800: 80.737: [CMS-concurrent-sweep: 0.059/0.097 secs] [Times: user=0.09 sys=0.00, real=0.10 secs] 
2020-11-07T19:59:14.060+0800: 80.737: [CMS-concurrent-reset-start]
2020-11-07T19:59:14.061+0800: 80.738: [CMS-concurrent-reset: 0.001/0.001 secs] [Times: user=0.00 sys=0.00, real=0.00 secs] 
2020-11-07T19:59:14.073+0800: 80.750: Application time: 0.0174615 seconds
{Heap before GC invocations=1008 (full 86):
 par new generation   total 9216K, used 8819K [0x00000000e3400000, 0x00000000e3e00000, 0x00000000ecca0000)
  eden space 8192K, 100% used [0x00000000e3400000, 0x00000000e3c00000, 0x00000000e3c00000)
  from space 1024K,  61% used [0x00000000e3c00000, 0x00000000e3c9cdf0, 0x00000000e3d00000)
  to   space 1024K,   0% used [0x00000000e3d00000, 0x00000000e3d00000, 0x00000000e3e00000)
 concurrent mark-sweep generation total 106568K, used 63940K [0x00000000ecca0000, 0x00000000f34b2000, 0x0000000100000000)
 Metaspace       used 69952K, capacity 73456K, committed 73600K, reserved 1114112K
  class space    used 8946K, capacity 9600K, committed 9600K, reserved 1048576K
2020-11-07T19:59:14.073+0800: 80.750: [GC (Allocation Failure) 2020-11-07T19:59:14.073+0800: 80.750: [ParNew: 8819K->552K(9216K), 0.0268214 secs] 72760K->64529K(115784K), 0.0268963 secs] [Times: user=0.02 sys=0.00, real=0.03 secs] 
Heap after GC invocations=1009 (full 86):
 par new generation   total 9216K, used 552K [0x00000000e3400000, 0x00000000e3e00000, 0x00000000ecca0000)
  eden space 8192K,   0% used [0x00000000e3400000, 0x00000000e3400000, 0x00000000e3c00000)
  from space 1024K,  53% used [0x00000000e3d00000, 0x00000000e3d8a070, 0x00000000e3e00000)
  to   space 1024K,   0% used [0x00000000e3c00000, 0x00000000e3c00000, 0x00000000e3d00000)
 concurrent mark-sweep generation total 106568K, used 63977K [0x00000000ecca0000, 0x00000000f34b2000, 0x0000000100000000)
 Metaspace       used 69952K, capacity 73456K, committed 73600K, reserved 1114112K
  class space    used 8946K, capacity 9600K, committed 9600K, reserved 1048576K
}
2020-11-07T19:59:14.104+0800: 80.780: Application time: 0.0036887 seconds
2020-11-07T19:59:14.104+0800: 80.780: [GC (CMS Initial Mark) [1 CMS-initial-mark: 63977K(106568K)] 67165K(115784K), 0.0069579 secs] [Times: user=0.01 sys=0.00, real=0.01 secs] 
2020-11-07T19:59:14.117+0800: 80.793: [CMS-concurrent-mark-start]
2020-11-07T19:59:14.145+0800: 80.822: Application time: 0.0340813 seconds
{Heap before GC invocations=1009 (full 87):
 par new generation   total 9216K, used 8744K [0x00000000e3400000, 0x00000000e3e00000, 0x00000000ecca0000)
  eden space 8192K, 100% used [0x00000000e3400000, 0x00000000e3c00000, 0x00000000e3c00000)
  from space 1024K,  53% used [0x00000000e3d00000, 0x00000000e3d8a070, 0x00000000e3e00000)
  to   space 1024K,   0% used [0x00000000e3c00000, 0x00000000e3c00000, 0x00000000e3d00000)
 concurrent mark-sweep generation total 106568K, used 63977K [0x00000000ecca0000, 0x00000000f34b2000, 0x0000000100000000)
 Metaspace       used 69954K, capacity 73456K, committed 73600K, reserved 1114112K
  class space    used 8946K, capacity 9600K, committed 9600K, reserved 1048576K
2020-11-07T19:59:14.145+0800: 80.822: [GC (Allocation Failure) 2020-11-07T19:59:14.145+0800: 80.822: [ParNew: 8744K->769K(9216K), 0.0162154 secs] 72721K->64781K(115784K), 0.0162915 secs] [Times: user=0.02 sys=0.00, real=0.01 secs] 
Heap after GC invocations=1010 (full 87):
 par new generation   total 9216K, used 769K [0x00000000e3400000, 0x00000000e3e00000, 0x00000000ecca0000)
  eden space 8192K,   0% used [0x00000000e3400000, 0x00000000e3400000, 0x00000000e3c00000)
  from space 1024K,  75% used [0x00000000e3c00000, 0x00000000e3cc04d0, 0x00000000e3d00000)
  to   space 1024K,   0% used [0x00000000e3d00000, 0x00000000e3d00000, 0x00000000e3e00000)
 concurrent mark-sweep generation total 106568K, used 64012K [0x00000000ecca0000, 0x00000000f34b2000, 0x0000000100000000)
 Metaspace       used 69954K, capacity 73456K, committed 73600K, reserved 1114112K
  class space    used 8946K, capacity 9600K, committed 9600K, reserved 1048576K
}
2020-11-07T19:59:14.198+0800: 80.875: Application time: 0.0365052 seconds
{Heap before GC invocations=1010 (full 87):
 par new generation   total 9216K, used 8961K [0x00000000e3400000, 0x00000000e3e00000, 0x00000000ecca0000)
  eden space 8192K, 100% used [0x00000000e3400000, 0x00000000e3c00000, 0x00000000e3c00000)
  from space 1024K,  75% used [0x00000000e3c00000, 0x00000000e3cc04d0, 0x00000000e3d00000)
  to   space 1024K,   0% used [0x00000000e3d00000, 0x00000000e3d00000, 0x00000000e3e00000)
 concurrent mark-sweep generation total 106568K, used 64012K [0x00000000ecca0000, 0x00000000f34b2000, 0x0000000100000000)
 Metaspace       used 69972K, capacity 73456K, committed 73600K, reserved 1114112K
  class space    used 8950K, capacity 9600K, committed 9600K, reserved 1048576K
2020-11-07T19:59:14.198+0800: 80.875: [GC (Allocation Failure) 2020-11-07T19:59:14.198+0800: 80.875: [ParNew: 8961K->717K(9216K), 0.0341474 secs] 72973K->64757K(115784K), 0.0342191 secs] [Times: user=0.03 sys=0.00, real=0.03 secs] 
Heap after GC invocations=1011 (full 87):
 par new generation   total 9216K, used 717K [0x00000000e3400000, 0x00000000e3e00000, 0x00000000ecca0000)
  eden space 8192K,   0% used [0x00000000e3400000, 0x00000000e3400000, 0x00000000e3c00000)
  from space 1024K,  70% used [0x00000000e3d00000, 0x00000000e3db35f0, 0x00000000e3e00000)
  to   space 1024K,   0% used [0x00000000e3c00000, 0x00000000e3c00000, 0x00000000e3d00000)
 concurrent mark-sweep generation total 106568K, used 64040K [0x00000000ecca0000, 0x00000000f34b2000, 0x0000000100000000)
 Metaspace       used 69972K, capacity 73456K, committed 73600K, reserved 1114112K
  class space    used 8950K, capacity 9600K, committed 9600K, reserved 1048576K
}
2020-11-07T19:59:14.297+0800: 80.974: Application time: 0.0650797 seconds
{Heap before GC invocations=1011 (full 87):
 par new generation   total 9216K, used 8909K [0x00000000e3400000, 0x00000000e3e00000, 0x00000000ecca0000)
  eden space 8192K, 100% used [0x00000000e3400000, 0x00000000e3c00000, 0x00000000e3c00000)
  from space 1024K,  70% used [0x00000000e3d00000, 0x00000000e3db35f0, 0x00000000e3e00000)
  to   space 1024K,   0% used [0x00000000e3c00000, 0x00000000e3c00000, 0x00000000e3d00000)
 concurrent mark-sweep generation total 106568K, used 64040K [0x00000000ecca0000, 0x00000000f34b2000, 0x0000000100000000)
 Metaspace       used 69975K, capacity 73456K, committed 73600K, reserved 1114112K
  class space    used 8953K, capacity 9600K, committed 9600K, reserved 1048576K
2020-11-07T19:59:14.298+0800: 80.974: [GC (Allocation Failure) 2020-11-07T19:59:14.298+0800: 80.974: [ParNew: 8909K->472K(9216K), 0.0331469 secs] 72949K->64631K(115784K), 0.0332107 secs] [Times: user=0.03 sys=0.00, real=0.03 secs] 
Heap after GC invocations=1012 (full 87):
 par new generation   total 9216K, used 472K [0x00000000e3400000, 0x00000000e3e00000, 0x00000000ecca0000)
  eden space 8192K,   0% used [0x00000000e3400000, 0x00000000e3400000, 0x00000000e3c00000)
  from space 1024K,  46% used [0x00000000e3c00000, 0x00000000e3c76120, 0x00000000e3d00000)
  to   space 1024K,   0% used [0x00000000e3d00000, 0x00000000e3d00000, 0x00000000e3e00000)
 concurrent mark-sweep generation total 106568K, used 64159K [0x00000000ecca0000, 0x00000000f34b2000, 0x0000000100000000)
 Metaspace       used 69975K, capacity 73456K, committed 73600K, reserved 1114112K
  class space    used 8953K, capacity 9600K, committed 9600K, reserved 1048576K
}
2020-11-07T19:59:14.411+0800: 81.088: Application time: 0.0799855 seconds
{Heap before GC invocations=1012 (full 87):
 par new generation   total 9216K, used 8664K [0x00000000e3400000, 0x00000000e3e00000, 0x00000000ecca0000)
  eden space 8192K, 100% used [0x00000000e3400000, 0x00000000e3c00000, 0x00000000e3c00000)
  from space 1024K,  46% used [0x00000000e3c00000, 0x00000000e3c76120, 0x00000000e3d00000)
  to   space 1024K,   0% used [0x00000000e3d00000, 0x00000000e3d00000, 0x00000000e3e00000)
 concurrent mark-sweep generation total 106568K, used 64159K [0x00000000ecca0000, 0x00000000f34b2000, 0x0000000100000000)
 Metaspace       used 70080K, capacity 73552K, committed 73728K, reserved 1114112K
  class space    used 8963K, capacity 9632K, committed 9728K, reserved 1048576K
2020-11-07T19:59:14.411+0800: 81.088: [GC (Allocation Failure) 2020-11-07T19:59:14.411+0800: 81.088: [ParNew: 8664K->840K(9216K), 0.0243020 secs] 72823K->64999K(115784K), 0.0243733 secs] [Times: user=0.03 sys=0.00, real=0.03 secs] 
Heap after GC invocations=1013 (full 87):
 par new generation   total 9216K, used 840K [0x00000000e3400000, 0x00000000e3e00000, 0x00000000ecca0000)
  eden space 8192K,   0% used [0x00000000e3400000, 0x00000000e3400000, 0x00000000e3c00000)
  from space 1024K,  82% used [0x00000000e3d00000, 0x00000000e3dd2038, 0x00000000e3e00000)
  to   space 1024K,   0% used [0x00000000e3c00000, 0x00000000e3c00000, 0x00000000e3d00000)
 concurrent mark-sweep generation total 106568K, used 64159K [0x00000000ecca0000, 0x00000000f34b2000, 0x0000000100000000)
 Metaspace       used 70080K, capacity 73552K, committed 73728K, reserved 1114112K
  class space    used 8963K, capacity 9632K, committed 9728K, reserved 1048576K
}
2020-11-07T19:59:14.488+0800: 81.164: Application time: 0.0519849 seconds
{Heap before GC invocations=1013 (full 87):
 par new generation   total 9216K, used 9032K [0x00000000e3400000, 0x00000000e3e00000, 0x00000000ecca0000)
  eden space 8192K, 100% used [0x00000000e3400000, 0x00000000e3c00000, 0x00000000e3c00000)
  from space 1024K,  82% used [0x00000000e3d00000, 0x00000000e3dd2038, 0x00000000e3e00000)
  to   space 1024K,   0% used [0x00000000e3c00000, 0x00000000e3c00000, 0x00000000e3d00000)
 concurrent mark-sweep generation total 106568K, used 64159K [0x00000000ecca0000, 0x00000000f34b2000, 0x0000000100000000)
 Metaspace       used 70132K, capacity 73616K, committed 73728K, reserved 1114112K
  class space    used 8969K, capacity 9632K, committed 9728K, reserved 1048576K
2020-11-07T19:59:14.488+0800: 81.165: [GC (Allocation Failure) 2020-11-07T19:59:14.488+0800: 81.165: [ParNew: 9032K->605K(9216K), 0.0378811 secs] 73191K->64973K(115784K), 0.0379381 secs] [Times: user=0.03 sys=0.00, real=0.04 secs] 
Heap after GC invocations=1014 (full 87):
 par new generation   total 9216K, used 605K [0x00000000e3400000, 0x00000000e3e00000, 0x00000000ecca0000)
  eden space 8192K,   0% used [0x00000000e3400000, 0x00000000e3400000, 0x00000000e3c00000)
  from space 1024K,  59% used [0x00000000e3c00000, 0x00000000e3c97420, 0x00000000e3d00000)
  to   space 1024K,   0% used [0x00000000e3d00000, 0x00000000e3d00000, 0x00000000e3e00000)
 concurrent mark-sweep generation total 106568K, used 64368K [0x00000000ecca0000, 0x00000000f34b2000, 0x0000000100000000)
 Metaspace       used 70132K, capacity 73616K, committed 73728K, reserved 1114112K
  class space    used 8969K, capacity 9632K, committed 9728K, reserved 1048576K
}
2020-11-07T19:59:14.574+0800: 81.251: Application time: 0.0486720 seconds
{Heap before GC invocations=1014 (full 87):
 par new generation   total 9216K, used 8797K [0x00000000e3400000, 0x00000000e3e00000, 0x00000000ecca0000)
  eden space 8192K, 100% used [0x00000000e3400000, 0x00000000e3c00000, 0x00000000e3c00000)
  from space 1024K,  59% used [0x00000000e3c00000, 0x00000000e3c97420, 0x00000000e3d00000)
  to   space 1024K,   0% used [0x00000000e3d00000, 0x00000000e3d00000, 0x00000000e3e00000)
 concurrent mark-sweep generation total 106568K, used 64368K [0x00000000ecca0000, 0x00000000f34b2000, 0x0000000100000000)
 Metaspace       used 70141K, capacity 73622K, committed 73984K, reserved 1114112K
  class space    used 8970K, capacity 9633K, committed 9728K, reserved 1048576K
2020-11-07T19:59:14.575+0800: 81.251: [GC (Allocation Failure) 2020-11-07T19:59:14.575+0800: 81.251: [ParNew: 8797K->864K(9216K), 0.0421850 secs] 73165K->65259K(115784K), 0.0422435 secs] [Times: user=0.04 sys=0.00, real=0.04 secs] 
Heap after GC invocations=1015 (full 87):
 par new generation   total 9216K, used 864K [0x00000000e3400000, 0x00000000e3e00000, 0x00000000ecca0000)
  eden space 8192K,   0% used [0x00000000e3400000, 0x00000000e3400000, 0x00000000e3c00000)
  from space 1024K,  84% used [0x00000000e3d00000, 0x00000000e3dd82a8, 0x00000000e3e00000)
  to   space 1024K,   0% used [0x00000000e3c00000, 0x00000000e3c00000, 0x00000000e3d00000)
 concurrent mark-sweep generation total 106568K, used 64395K [0x00000000ecca0000, 0x00000000f34b2000, 0x0000000100000000)
 Metaspace       used 70141K, capacity 73622K, committed 73984K, reserved 1114112K
  class space    used 8970K, capacity 9633K, committed 9728K, reserved 1048576K
}
2020-11-07T19:59:14.701+0800: 81.377: Application time: 0.0836239 seconds
{Heap before GC invocations=1015 (full 87):
 par new generation   total 9216K, used 9056K [0x00000000e3400000, 0x00000000e3e00000, 0x00000000ecca0000)
  eden space 8192K, 100% used [0x00000000e3400000, 0x00000000e3c00000, 0x00000000e3c00000)
  from space 1024K,  84% used [0x00000000e3d00000, 0x00000000e3dd82a8, 0x00000000e3e00000)
  to   space 1024K,   0% used [0x00000000e3c00000, 0x00000000e3c00000, 0x00000000e3d00000)
 concurrent mark-sweep generation total 106568K, used 64395K [0x00000000ecca0000, 0x00000000f34b2000, 0x0000000100000000)
 Metaspace       used 70161K, capacity 73622K, committed 73984K, reserved 1114112K
  class space    used 8971K, capacity 9633K, committed 9728K, reserved 1048576K
2020-11-07T19:59:14.701+0800: 81.378: [GC (Allocation Failure) 2020-11-07T19:59:14.701+0800: 81.378: [ParNew: 9056K->815K(9216K), 0.0632535 secs] 73451K->65526K(115784K), 0.0633100 secs] [Times: user=0.06 sys=0.00, real=0.06 secs] 
Heap after GC invocations=1016 (full 87):
 par new generation   total 9216K, used 815K [0x00000000e3400000, 0x00000000e3e00000, 0x00000000ecca0000)
  eden space 8192K,   0% used [0x00000000e3400000, 0x00000000e3400000, 0x00000000e3c00000)
  from space 1024K,  79% used [0x00000000e3c00000, 0x00000000e3ccbd68, 0x00000000e3d00000)
  to   space 1024K,   0% used [0x00000000e3d00000, 0x00000000e3d00000, 0x00000000e3e00000)
 concurrent mark-sweep generation total 106568K, used 64711K [0x00000000ecca0000, 0x00000000f34b2000, 0x0000000100000000)
 Metaspace       used 70161K, capacity 73622K, committed 73984K, reserved 1114112K
  class space    used 8971K, capacity 9633K, committed 9728K, reserved 1048576K
}
2020-11-07T19:59:14.818+0800: 81.495: [CMS-concurrent-mark: 0.423/0.701 secs] [Times: user=0.67 sys=0.01, real=0.70 secs] 
2020-11-07T19:59:14.818+0800: 81.495: [CMS-concurrent-preclean-start]
2020-11-07T19:59:14.843+0800: 81.519: Application time: 0.0782862 seconds
2020-11-07T19:59:14.859+0800: 81.535: [CMS-concurrent-preclean: 0.035/0.041 secs] [Times: user=0.04 sys=0.00, real=0.04 secs] 
2020-11-07T19:59:14.859+0800: 81.536: [CMS-concurrent-abortable-preclean-start]
2020-11-07T19:59:14.904+0800: 81.581: Application time: 0.0617564 seconds
{Heap before GC invocations=1016 (full 87):
 par new generation   total 9216K, used 9007K [0x00000000e3400000, 0x00000000e3e00000, 0x00000000ecca0000)
  eden space 8192K, 100% used [0x00000000e3400000, 0x00000000e3c00000, 0x00000000e3c00000)
  from space 1024K,  79% used [0x00000000e3c00000, 0x00000000e3ccbd68, 0x00000000e3d00000)
  to   space 1024K,   0% used [0x00000000e3d00000, 0x00000000e3d00000, 0x00000000e3e00000)
 concurrent mark-sweep generation total 106568K, used 64711K [0x00000000ecca0000, 0x00000000f34b2000, 0x0000000100000000)
 Metaspace       used 70206K, capacity 73712K, committed 73984K, reserved 1114112K
  class space    used 8978K, capacity 9638K, committed 9728K, reserved 1048576K
2020-11-07T19:59:14.905+0800: 81.581: [GC (Allocation Failure) 2020-11-07T19:59:14.905+0800: 81.581: [ParNew: 9007K->1024K(9216K), 0.0353011 secs] 73718K->65839K(115784K), 0.0353924 secs] [Times: user=0.03 sys=0.01, real=0.03 secs] 
Heap after GC invocations=1017 (full 87):
 par new generation   total 9216K, used 1024K [0x00000000e3400000, 0x00000000e3e00000, 0x00000000ecca0000)
  eden space 8192K,   0% used [0x00000000e3400000, 0x00000000e3400000, 0x00000000e3c00000)
  from space 1024K, 100% used [0x00000000e3d00000, 0x00000000e3e00000, 0x00000000e3e00000)
  to   space 1024K,   0% used [0x00000000e3c00000, 0x00000000e3c00000, 0x00000000e3d00000)
 concurrent mark-sweep generation total 106568K, used 64815K [0x00000000ecca0000, 0x00000000f34b2000, 0x0000000100000000)
 Metaspace       used 70206K, capacity 73712K, committed 73984K, reserved 1114112K
  class space    used 8978K, capacity 9638K, committed 9728K, reserved 1048576K
}
2020-11-07T19:59:14.980+0800: 81.657: Application time: 0.0402654 seconds
{Heap before GC invocations=1017 (full 87):
 par new generation   total 9216K, used 9216K [0x00000000e3400000, 0x00000000e3e00000, 0x00000000ecca0000)
  eden space 8192K, 100% used [0x00000000e3400000, 0x00000000e3c00000, 0x00000000e3c00000)
  from space 1024K, 100% used [0x00000000e3d00000, 0x00000000e3e00000, 0x00000000e3e00000)
  to   space 1024K,   0% used [0x00000000e3c00000, 0x00000000e3c00000, 0x00000000e3d00000)
 concurrent mark-sweep generation total 106568K, used 64815K [0x00000000ecca0000, 0x00000000f34b2000, 0x0000000100000000)
 Metaspace       used 70306K, capacity 73784K, committed 73984K, reserved 1114112K
  class space    used 9000K, capacity 9658K, committed 9728K, reserved 1048576K
2020-11-07T19:59:14.981+0800: 81.657: [GC (Allocation Failure) 2020-11-07T19:59:14.981+0800: 81.657: [ParNew: 9216K->981K(9216K), 0.0667794 secs] 74031K->66256K(115784K), 0.0668490 secs] [Times: user=0.06 sys=0.00, real=0.07 secs] 
Heap after GC invocations=1018 (full 87):
 par new generation   total 9216K, used 981K [0x00000000e3400000, 0x00000000e3e00000, 0x00000000ecca0000)
  eden space 8192K,   0% used [0x00000000e3400000, 0x00000000e3400000, 0x00000000e3c00000)
  from space 1024K,  95% used [0x00000000e3c00000, 0x00000000e3cf5598, 0x00000000e3d00000)
  to   space 1024K,   0% used [0x00000000e3d00000, 0x00000000e3d00000, 0x00000000e3e00000)
 concurrent mark-sweep generation total 106568K, used 65275K [0x00000000ecca0000, 0x00000000f34b2000, 0x0000000100000000)
 Metaspace       used 70306K, capacity 73784K, committed 73984K, reserved 1114112K
  class space    used 9000K, capacity 9658K, committed 9728K, reserved 1048576K
}
2020-11-07T19:59:15.073+0800: 81.749: [CMS-concurrent-abortable-preclean: 0.071/0.214 secs] [Times: user=0.21 sys=0.01, real=0.21 secs] 
2020-11-07T19:59:15.081+0800: 81.757: Application time: 0.0330018 seconds
2020-11-07T19:59:15.081+0800: 81.757: [GC (CMS Final Remark) [YG occupancy: 7711 K (9216 K)]2020-11-07T19:59:15.081+0800: 81.757: [Rescan (parallel) , 0.0378485 secs]2020-11-07T19:59:15.119+0800: 81.795: [weak refs processing, 0.0003445 secs]2020-11-07T19:59:15.119+0800: 81.796: [class unloading, 0.0169859 secs]2020-11-07T19:59:15.136+0800: 81.813: [scrub symbol table, 0.0502342 secs]2020-11-07T19:59:15.186+0800: 81.863: [scrub string table, 0.0014215 secs][1 CMS-remark: 65275K(106568K)] 72987K(115784K), 0.1070347 secs] [Times: user=0.10 sys=0.00, real=0.11 secs] 
2020-11-07T19:59:15.188+0800: 81.865: [CMS-concurrent-sweep-start]
2020-11-07T19:59:15.197+0800: 81.873: Application time: 0.0088358 seconds
2020-11-07T19:59:15.206+0800: 81.883: Application time: 0.0092888 seconds
{Heap before GC invocations=1018 (full 87):
 par new generation   total 9216K, used 9173K [0x00000000e3400000, 0x00000000e3e00000, 0x00000000ecca0000)
  eden space 8192K, 100% used [0x00000000e3400000, 0x00000000e3c00000, 0x00000000e3c00000)
  from space 1024K,  95% used [0x00000000e3c00000, 0x00000000e3cf5598, 0x00000000e3d00000)
  to   space 1024K,   0% used [0x00000000e3d00000, 0x00000000e3d00000, 0x00000000e3e00000)
 concurrent mark-sweep generation total 106568K, used 65275K [0x00000000ecca0000, 0x00000000f34b2000, 0x0000000100000000)
 Metaspace       used 70417K, capacity 73940K, committed 74240K, reserved 1114112K
  class space    used 9012K, capacity 9664K, committed 9728K, reserved 1048576K
2020-11-07T19:59:15.206+0800: 81.883: [GC (Allocation Failure) 2020-11-07T19:59:15.206+0800: 81.883: [ParNew: 9173K->534K(9216K), 0.0425850 secs] 74448K->65809K(115784K), 0.0426628 secs] [Times: user=0.04 sys=0.00, real=0.04 secs] 
Heap after GC invocations=1019 (full 87):
 par new generation   total 9216K, used 534K [0x00000000e3400000, 0x00000000e3e00000, 0x00000000ecca0000)
  eden space 8192K,   0% used [0x00000000e3400000, 0x00000000e3400000, 0x00000000e3c00000)
  from space 1024K,  52% used [0x00000000e3d00000, 0x00000000e3d85a70, 0x00000000e3e00000)
  to   space 1024K,   0% used [0x00000000e3c00000, 0x00000000e3c00000, 0x00000000e3d00000)
 concurrent mark-sweep generation total 106568K, used 65275K [0x00000000ecca0000, 0x00000000f34b2000, 0x0000000100000000)
 Metaspace       used 70417K, capacity 73940K, committed 74240K, reserved 1114112K
  class space    used 9012K, capacity 9664K, committed 9728K, reserved 1048576K
}
2020-11-07T19:59:15.306+0800: 81.983: Application time: 0.0571795 seconds
{Heap before GC invocations=1019 (full 87):
 par new generation   total 9216K, used 8726K [0x00000000e3400000, 0x00000000e3e00000, 0x00000000ecca0000)
  eden space 8192K, 100% used [0x00000000e3400000, 0x00000000e3c00000, 0x00000000e3c00000)
  from space 1024K,  52% used [0x00000000e3d00000, 0x00000000e3d85a70, 0x00000000e3e00000)
  to   space 1024K,   0% used [0x00000000e3c00000, 0x00000000e3c00000, 0x00000000e3d00000)
 concurrent mark-sweep generation total 106568K, used 65241K [0x00000000ecca0000, 0x00000000f34b2000, 0x0000000100000000)
 Metaspace       used 70446K, capacity 74014K, committed 74240K, reserved 1114112K
  class space    used 9014K, capacity 9667K, committed 9728K, reserved 1048576K
2020-11-07T19:59:15.306+0800: 81.983: [GC (Allocation Failure) 2020-11-07T19:59:15.306+0800: 81.983: [ParNew: 8726K->599K(9216K), 0.0375007 secs] 73967K->65840K(115784K), 0.0375572 secs] [Times: user=0.04 sys=0.00, real=0.03 secs] 
Heap after GC invocations=1020 (full 87):
 par new generation   total 9216K, used 599K [0x00000000e3400000, 0x00000000e3e00000, 0x00000000ecca0000)
  eden space 8192K,   0% used [0x00000000e3400000, 0x00000000e3400000, 0x00000000e3c00000)
  from space 1024K,  58% used [0x00000000e3c00000, 0x00000000e3c95ce8, 0x00000000e3d00000)
  to   space 1024K,   0% used [0x00000000e3d00000, 0x00000000e3d00000, 0x00000000e3e00000)
 concurrent mark-sweep generation total 106568K, used 65241K [0x00000000ecca0000, 0x00000000f34b2000, 0x0000000100000000)
 Metaspace       used 70446K, capacity 74014K, committed 74240K, reserved 1114112K
  class space    used 9014K, capacity 9667K, committed 9728K, reserved 1048576K
}
2020-11-07T19:59:15.347+0800: 82.024: [CMS-concurrent-sweep: 0.068/0.159 secs] [Times: user=0.16 sys=0.00, real=0.16 secs] 
2020-11-07T19:59:15.354+0800: 82.030: [CMS-concurrent-reset-start]
2020-11-07T19:59:15.355+0800: 82.031: [CMS-concurrent-reset: 0.001/0.001 secs] [Times: user=0.00 sys=0.00, real=0.01 secs] 
2020-11-07T19:59:15.365+0800: 82.042: Application time: 0.0209589 seconds
{Heap before GC invocations=1020 (full 87):
 par new generation   total 9216K, used 8791K [0x00000000e3400000, 0x00000000e3e00000, 0x00000000ecca0000)
  eden space 8192K, 100% used [0x00000000e3400000, 0x00000000e3c00000, 0x00000000e3c00000)
  from space 1024K,  58% used [0x00000000e3c00000, 0x00000000e3c95ce8, 0x00000000e3d00000)
  to   space 1024K,   0% used [0x00000000e3d00000, 0x00000000e3d00000, 0x00000000e3e00000)
 concurrent mark-sweep generation total 108648K, used 65188K [0x00000000ecca0000, 0x00000000f36ba000, 0x0000000100000000)
 Metaspace       used 70448K, capacity 74016K, committed 74240K, reserved 1114112K
  class space    used 9015K, capacity 9668K, committed 9728K, reserved 1048576K
2020-11-07T19:59:15.365+0800: 82.042: [GC (Allocation Failure) 2020-11-07T19:59:15.365+0800: 82.042: [ParNew: 8791K->565K(9216K), 0.0243445 secs] 73979K->65753K(117864K), 0.0244289 secs] [Times: user=0.02 sys=0.00, real=0.02 secs] 
Heap after GC invocations=1021 (full 87):
 par new generation   total 9216K, used 565K [0x00000000e3400000, 0x00000000e3e00000, 0x00000000ecca0000)
  eden space 8192K,   0% used [0x00000000e3400000, 0x00000000e3400000, 0x00000000e3c00000)
  from space 1024K,  55% used [0x00000000e3d00000, 0x00000000e3d8d6f8, 0x00000000e3e00000)
  to   space 1024K,   0% used [0x00000000e3c00000, 0x00000000e3c00000, 0x00000000e3d00000)
 concurrent mark-sweep generation total 108648K, used 65188K [0x00000000ecca0000, 0x00000000f36ba000, 0x0000000100000000)
 Metaspace       used 70448K, capacity 74016K, committed 74240K, reserved 1114112K
  class space    used 9015K, capacity 9668K, committed 9728K, reserved 1048576K
}
2020-11-07T19:59:15.396+0800: 82.073: Application time: 0.0069310 seconds
2020-11-07T19:59:15.397+0800: 82.074: Application time: 0.0003156 seconds
2020-11-07T19:59:15.873+0800: 82.550: Application time: 0.4764003 seconds
{Heap before GC invocations=1021 (full 87):
 par new generation   total 9216K, used 8757K [0x00000000e3400000, 0x00000000e3e00000, 0x00000000ecca0000)
  eden space 8192K, 100% used [0x00000000e3400000, 0x00000000e3c00000, 0x00000000e3c00000)
  from space 1024K,  55% used [0x00000000e3d00000, 0x00000000e3d8d6f8, 0x00000000e3e00000)
  to   space 1024K,   0% used [0x00000000e3c00000, 0x00000000e3c00000, 0x00000000e3d00000)
 concurrent mark-sweep generation total 108648K, used 65188K [0x00000000ecca0000, 0x00000000f36ba000, 0x0000000100000000)
 Metaspace       used 70494K, capacity 74076K, committed 74240K, reserved 1114112K
  class space    used 9026K, capacity 9682K, committed 9728K, reserved 1048576K
2020-11-07T19:59:15.874+0800: 82.550: [GC (Allocation Failure) 2020-11-07T19:59:15.874+0800: 82.550: [ParNew: 8757K->880K(9216K), 0.0391102 secs] 73945K->66068K(117864K), 0.0391684 secs] [Times: user=0.04 sys=0.00, real=0.04 secs] 
Heap after GC invocations=1022 (full 87):
 par new generation   total 9216K, used 880K [0x00000000e3400000, 0x00000000e3e00000, 0x00000000ecca0000)
  eden space 8192K,   0% used [0x00000000e3400000, 0x00000000e3400000, 0x00000000e3c00000)
  from space 1024K,  85% used [0x00000000e3c00000, 0x00000000e3cdc110, 0x00000000e3d00000)
  to   space 1024K,   0% used [0x00000000e3d00000, 0x00000000e3d00000, 0x00000000e3e00000)
 concurrent mark-sweep generation total 108648K, used 65188K [0x00000000ecca0000, 0x00000000f36ba000, 0x0000000100000000)
 Metaspace       used 70494K, capacity 74076K, committed 74240K, reserved 1114112K
  class space    used 9026K, capacity 9682K, committed 9728K, reserved 1048576K
}
2020-11-07T19:59:15.959+0800: 82.636: Application time: 0.0466120 seconds
{Heap before GC invocations=1022 (full 87):
 par new generation   total 9216K, used 9072K [0x00000000e3400000, 0x00000000e3e00000, 0x00000000ecca0000)
  eden space 8192K, 100% used [0x00000000e3400000, 0x00000000e3c00000, 0x00000000e3c00000)
  from space 1024K,  85% used [0x00000000e3c00000, 0x00000000e3cdc110, 0x00000000e3d00000)
  to   space 1024K,   0% used [0x00000000e3d00000, 0x00000000e3d00000, 0x00000000e3e00000)
 concurrent mark-sweep generation total 108648K, used 65188K [0x00000000ecca0000, 0x00000000f36ba000, 0x0000000100000000)
 Metaspace       used 70505K, capacity 74098K, committed 74240K, reserved 1114112K
  class space    used 9028K, capacity 9685K, committed 9728K, reserved 1048576K
2020-11-07T19:59:15.960+0800: 82.636: [GC (Allocation Failure) 2020-11-07T19:59:15.960+0800: 82.636: [ParNew: 9072K->782K(9216K), 0.0333503 secs] 74260K->66313K(117864K), 0.0334090 secs] [Times: user=0.03 sys=0.00, real=0.03 secs] 
Heap after GC invocations=1023 (full 87):
 par new generation   total 9216K, used 782K [0x00000000e3400000, 0x00000000e3e00000, 0x00000000ecca0000)
  eden space 8192K,   0% used [0x00000000e3400000, 0x00000000e3400000, 0x00000000e3c00000)
  from space 1024K,  76% used [0x00000000e3d00000, 0x00000000e3dc3a10, 0x00000000e3e00000)
  to   space 1024K,   0% used [0x00000000e3c00000, 0x00000000e3c00000, 0x00000000e3d00000)
 concurrent mark-sweep generation total 108648K, used 65530K [0x00000000ecca0000, 0x00000000f36ba000, 0x0000000100000000)
 Metaspace       used 70505K, capacity 74098K, committed 74240K, reserved 1114112K
  class space    used 9028K, capacity 9685K, committed 9728K, reserved 1048576K
}
2020-11-07T19:59:16.000+0800: 82.676: Application time: 0.0065520 seconds
2020-11-07T19:59:16.000+0800: 82.676: [GC (CMS Initial Mark) [1 CMS-initial-mark: 65530K(108648K)] 69281K(117864K), 0.0065791 secs] [Times: user=0.00 sys=0.00, real=0.01 secs] 
2020-11-07T19:59:16.006+0800: 82.683: [CMS-concurrent-mark-start]
2020-11-07T19:59:16.017+0800: 82.694: Application time: 0.0105625 seconds
{Heap before GC invocations=1023 (full 88):
 par new generation   total 9216K, used 8974K [0x00000000e3400000, 0x00000000e3e00000, 0x00000000ecca0000)
  eden space 8192K, 100% used [0x00000000e3400000, 0x00000000e3c00000, 0x00000000e3c00000)
  from space 1024K,  76% used [0x00000000e3d00000, 0x00000000e3dc3a10, 0x00000000e3e00000)
  to   space 1024K,   0% used [0x00000000e3c00000, 0x00000000e3c00000, 0x00000000e3d00000)
 concurrent mark-sweep generation total 108648K, used 65530K [0x00000000ecca0000, 0x00000000f36ba000, 0x0000000100000000)
 Metaspace       used 70505K, capacity 74098K, committed 74240K, reserved 1114112K
  class space    used 9028K, capacity 9685K, committed 9728K, reserved 1048576K
2020-11-07T19:59:16.017+0800: 82.694: [GC (Allocation Failure) 2020-11-07T19:59:16.017+0800: 82.694: [ParNew: 8974K->455K(9216K), 0.0265807 secs] 74505K->66050K(117864K), 0.0266738 secs] [Times: user=0.03 sys=0.00, real=0.02 secs] 
Heap after GC invocations=1024 (full 88):
 par new generation   total 9216K, used 455K [0x00000000e3400000, 0x00000000e3e00000, 0x00000000ecca0000)
  eden space 8192K,   0% used [0x00000000e3400000, 0x00000000e3400000, 0x00000000e3c00000)
  from space 1024K,  44% used [0x00000000e3c00000, 0x00000000e3c71ed0, 0x00000000e3d00000)
  to   space 1024K,   0% used [0x00000000e3d00000, 0x00000000e3d00000, 0x00000000e3e00000)
 concurrent mark-sweep generation total 108648K, used 65594K [0x00000000ecca0000, 0x00000000f36ba000, 0x0000000100000000)
 Metaspace       used 70505K, capacity 74098K, committed 74240K, reserved 1114112K
  class space    used 9028K, capacity 9685K, committed 9728K, reserved 1048576K
}
2020-11-07T19:59:16.072+0800: 82.748: Application time: 0.0276964 seconds
{Heap before GC invocations=1024 (full 88):
 par new generation   total 9216K, used 8647K [0x00000000e3400000, 0x00000000e3e00000, 0x00000000ecca0000)
  eden space 8192K, 100% used [0x00000000e3400000, 0x00000000e3c00000, 0x00000000e3c00000)
  from space 1024K,  44% used [0x00000000e3c00000, 0x00000000e3c71ed0, 0x00000000e3d00000)
  to   space 1024K,   0% used [0x00000000e3d00000, 0x00000000e3d00000, 0x00000000e3e00000)
 concurrent mark-sweep generation total 108648K, used 65594K [0x00000000ecca0000, 0x00000000f36ba000, 0x0000000100000000)
 Metaspace       used 70507K, capacity 74098K, committed 74240K, reserved 1114112K
  class space    used 9028K, capacity 9685K, committed 9728K, reserved 1048576K
2020-11-07T19:59:16.072+0800: 82.748: [GC (Allocation Failure) 2020-11-07T19:59:16.072+0800: 82.748: [ParNew: 8647K->409K(9216K), 0.0209473 secs] 74242K->66003K(117864K), 0.0210031 secs] [Times: user=0.02 sys=0.00, real=0.02 secs] 
Heap after GC invocations=1025 (full 88):
 par new generation   total 9216K, used 409K [0x00000000e3400000, 0x00000000e3e00000, 0x00000000ecca0000)
  eden space 8192K,   0% used [0x00000000e3400000, 0x00000000e3400000, 0x00000000e3c00000)
  from space 1024K,  39% used [0x00000000e3d00000, 0x00000000e3d66440, 0x00000000e3e00000)
  to   space 1024K,   0% used [0x00000000e3c00000, 0x00000000e3c00000, 0x00000000e3d00000)
 concurrent mark-sweep generation total 108648K, used 65594K [0x00000000ecca0000, 0x00000000f36ba000, 0x0000000100000000)
 Metaspace       used 70507K, capacity 74098K, committed 74240K, reserved 1114112K
  class space    used 9028K, capacity 9685K, committed 9728K, reserved 1048576K
}
2020-11-07T19:59:16.100+0800: 82.777: Application time: 0.0074676 seconds
2020-11-07T19:59:16.147+0800: 82.823: Application time: 0.0461654 seconds
{Heap before GC invocations=1025 (full 88):
 par new generation   total 9216K, used 8601K [0x00000000e3400000, 0x00000000e3e00000, 0x00000000ecca0000)
  eden space 8192K, 100% used [0x00000000e3400000, 0x00000000e3c00000, 0x00000000e3c00000)
  from space 1024K,  39% used [0x00000000e3d00000, 0x00000000e3d66440, 0x00000000e3e00000)
  to   space 1024K,   0% used [0x00000000e3c00000, 0x00000000e3c00000, 0x00000000e3d00000)
 concurrent mark-sweep generation total 108648K, used 65594K [0x00000000ecca0000, 0x00000000f36ba000, 0x0000000100000000)
 Metaspace       used 70510K, capacity 74098K, committed 74240K, reserved 1114112K
  class space    used 9029K, capacity 9685K, committed 9728K, reserved 1048576K
2020-11-07T19:59:16.147+0800: 82.823: [GC (Allocation Failure) 2020-11-07T19:59:16.147+0800: 82.823: [ParNew: 8601K->428K(9216K), 0.0274007 secs] 74195K->66023K(117864K), 0.0274745 secs] [Times: user=0.03 sys=0.00, real=0.02 secs] 
Heap after GC invocations=1026 (full 88):
 par new generation   total 9216K, used 428K [0x00000000e3400000, 0x00000000e3e00000, 0x00000000ecca0000)
  eden space 8192K,   0% used [0x00000000e3400000, 0x00000000e3400000, 0x00000000e3c00000)
  from space 1024K,  41% used [0x00000000e3c00000, 0x00000000e3c6b268, 0x00000000e3d00000)
  to   space 1024K,   0% used [0x00000000e3d00000, 0x00000000e3d00000, 0x00000000e3e00000)
 concurrent mark-sweep generation total 108648K, used 65594K [0x00000000ecca0000, 0x00000000f36ba000, 0x0000000100000000)
 Metaspace       used 70510K, capacity 74098K, committed 74240K, reserved 1114112K
  class space    used 9029K, capacity 9685K, committed 9728K, reserved 1048576K
}
2020-11-07T19:59:16.191+0800: 82.867: Application time: 0.0163032 seconds
{Heap before GC invocations=1026 (full 88):
 par new generation   total 9216K, used 8620K [0x00000000e3400000, 0x00000000e3e00000, 0x00000000ecca0000)
  eden space 8192K, 100% used [0x00000000e3400000, 0x00000000e3c00000, 0x00000000e3c00000)
  from space 1024K,  41% used [0x00000000e3c00000, 0x00000000e3c6b268, 0x00000000e3d00000)
  to   space 1024K,   0% used [0x00000000e3d00000, 0x00000000e3d00000, 0x00000000e3e00000)
 concurrent mark-sweep generation total 108648K, used 65594K [0x00000000ecca0000, 0x00000000f36ba000, 0x0000000100000000)
 Metaspace       used 70510K, capacity 74098K, committed 74240K, reserved 1114112K
  class space    used 9029K, capacity 9685K, committed 9728K, reserved 1048576K
2020-11-07T19:59:16.191+0800: 82.867: [GC (Allocation Failure) 2020-11-07T19:59:16.191+0800: 82.867: [ParNew: 8620K->532K(9216K), 0.0234611 secs] 74215K->66126K(117864K), 0.0235154 secs] [Times: user=0.03 sys=0.00, real=0.02 secs] 
Heap after GC invocations=1027 (full 88):
 par new generation   total 9216K, used 532K [0x00000000e3400000, 0x00000000e3e00000, 0x00000000ecca0000)
  eden space 8192K,   0% used [0x00000000e3400000, 0x00000000e3400000, 0x00000000e3c00000)
  from space 1024K,  51% used [0x00000000e3d00000, 0x00000000e3d85018, 0x00000000e3e00000)
  to   space 1024K,   0% used [0x00000000e3c00000, 0x00000000e3c00000, 0x00000000e3d00000)
 concurrent mark-sweep generation total 108648K, used 65594K [0x00000000ecca0000, 0x00000000f36ba000, 0x0000000100000000)
 Metaspace       used 70510K, capacity 74098K, committed 74240K, reserved 1114112K
  class space    used 9029K, capacity 9685K, committed 9728K, reserved 1048576K
}
2020-11-07T19:59:16.230+0800: 82.907: Application time: 0.0160908 seconds
{Heap before GC invocations=1027 (full 88):
 par new generation   total 9216K, used 8724K [0x00000000e3400000, 0x00000000e3e00000, 0x00000000ecca0000)
  eden space 8192K, 100% used [0x00000000e3400000, 0x00000000e3c00000, 0x00000000e3c00000)
  from space 1024K,  51% used [0x00000000e3d00000, 0x00000000e3d85018, 0x00000000e3e00000)
  to   space 1024K,   0% used [0x00000000e3c00000, 0x00000000e3c00000, 0x00000000e3d00000)
 concurrent mark-sweep generation total 108648K, used 65594K [0x00000000ecca0000, 0x00000000f36ba000, 0x0000000100000000)
 Metaspace       used 70510K, capacity 74098K, committed 74240K, reserved 1114112K
  class space    used 9029K, capacity 9685K, committed 9728K, reserved 1048576K
2020-11-07T19:59:16.231+0800: 82.907: [GC (Allocation Failure) 2020-11-07T19:59:16.231+0800: 82.907: [ParNew: 8724K->523K(9216K), 0.0237921 secs] 74318K->66117K(117864K), 0.0238675 secs] [Times: user=0.03 sys=0.00, real=0.03 secs] 
Heap after GC invocations=1028 (full 88):
 par new generation   total 9216K, used 523K [0x00000000e3400000, 0x00000000e3e00000, 0x00000000ecca0000)
  eden space 8192K,   0% used [0x00000000e3400000, 0x00000000e3400000, 0x00000000e3c00000)
  from space 1024K,  51% used [0x00000000e3c00000, 0x00000000e3c82da0, 0x00000000e3d00000)
  to   space 1024K,   0% used [0x00000000e3d00000, 0x00000000e3d00000, 0x00000000e3e00000)
 concurrent mark-sweep generation total 108648K, used 65594K [0x00000000ecca0000, 0x00000000f36ba000, 0x0000000100000000)
 Metaspace       used 70510K, capacity 74098K, committed 74240K, reserved 1114112K
  class space    used 9029K, capacity 9685K, committed 9728K, reserved 1048576K
}
2020-11-07T19:59:16.291+0800: 82.968: Application time: 0.0368686 seconds
{Heap before GC invocations=1028 (full 88):
 par new generation   total 9216K, used 8715K [0x00000000e3400000, 0x00000000e3e00000, 0x00000000ecca0000)
  eden space 8192K, 100% used [0x00000000e3400000, 0x00000000e3c00000, 0x00000000e3c00000)
  from space 1024K,  51% used [0x00000000e3c00000, 0x00000000e3c82da0, 0x00000000e3d00000)
  to   space 1024K,   0% used [0x00000000e3d00000, 0x00000000e3d00000, 0x00000000e3e00000)
 concurrent mark-sweep generation total 108648K, used 65594K [0x00000000ecca0000, 0x00000000f36ba000, 0x0000000100000000)
 Metaspace       used 70511K, capacity 74098K, committed 74240K, reserved 1114112K
  class space    used 9029K, capacity 9685K, committed 9728K, reserved 1048576K
2020-11-07T19:59:16.292+0800: 82.968: [GC (Allocation Failure) 2020-11-07T19:59:16.292+0800: 82.968: [ParNew: 8715K->467K(9216K), 0.0430961 secs] 74309K->66062K(117864K), 0.0431577 secs] [Times: user=0.04 sys=0.00, real=0.05 secs] 
Heap after GC invocations=1029 (full 88):
 par new generation   total 9216K, used 467K [0x00000000e3400000, 0x00000000e3e00000, 0x00000000ecca0000)
  eden space 8192K,   0% used [0x00000000e3400000, 0x00000000e3400000, 0x00000000e3c00000)
  from space 1024K,  45% used [0x00000000e3d00000, 0x00000000e3d74e50, 0x00000000e3e00000)
  to   space 1024K,   0% used [0x00000000e3c00000, 0x00000000e3c00000, 0x00000000e3d00000)
 concurrent mark-sweep generation total 108648K, used 65594K [0x00000000ecca0000, 0x00000000f36ba000, 0x0000000100000000)
 Metaspace       used 70511K, capacity 74098K, committed 74240K, reserved 1114112K
  class space    used 9029K, capacity 9685K, committed 9728K, reserved 1048576K
}
2020-11-07T19:59:16.372+0800: 83.049: Application time: 0.0371959 seconds
{Heap before GC invocations=1029 (full 88):
 par new generation   total 9216K, used 8659K [0x00000000e3400000, 0x00000000e3e00000, 0x00000000ecca0000)
  eden space 8192K, 100% used [0x00000000e3400000, 0x00000000e3c00000, 0x00000000e3c00000)
  from space 1024K,  45% used [0x00000000e3d00000, 0x00000000e3d74e50, 0x00000000e3e00000)
  to   space 1024K,   0% used [0x00000000e3c00000, 0x00000000e3c00000, 0x00000000e3d00000)
 concurrent mark-sweep generation total 108648K, used 65594K [0x00000000ecca0000, 0x00000000f36ba000, 0x0000000100000000)
 Metaspace       used 70511K, capacity 74098K, committed 74240K, reserved 1114112K
  class space    used 9029K, capacity 9685K, committed 9728K, reserved 1048576K
2020-11-07T19:59:16.372+0800: 83.049: [GC (Allocation Failure) 2020-11-07T19:59:16.372+0800: 83.049: [ParNew: 8659K->544K(9216K), 0.0341765 secs] 74254K->66176K(117864K), 0.0342444 secs] [Times: user=0.03 sys=0.01, real=0.04 secs] 
Heap after GC invocations=1030 (full 88):
 par new generation   total 9216K, used 544K [0x00000000e3400000, 0x00000000e3e00000, 0x00000000ecca0000)
  eden space 8192K,   0% used [0x00000000e3400000, 0x00000000e3400000, 0x00000000e3c00000)
  from space 1024K,  53% used [0x00000000e3c00000, 0x00000000e3c881a0, 0x00000000e3d00000)
  to   space 1024K,   0% used [0x00000000e3d00000, 0x00000000e3d00000, 0x00000000e3e00000)
 concurrent mark-sweep generation total 108648K, used 65631K [0x00000000ecca0000, 0x00000000f36ba000, 0x0000000100000000)
 Metaspace       used 70511K, capacity 74098K, committed 74240K, reserved 1114112K
  class space    used 9029K, capacity 9685K, committed 9728K, reserved 1048576K
}
2020-11-07T19:59:16.428+0800: 83.105: Application time: 0.0214899 seconds
2020-11-07T19:59:16.453+0800: 83.129: Application time: 0.0245228 seconds
{Heap before GC invocations=1030 (full 88):
 par new generation   total 9216K, used 8736K [0x00000000e3400000, 0x00000000e3e00000, 0x00000000ecca0000)
  eden space 8192K, 100% used [0x00000000e3400000, 0x00000000e3c00000, 0x00000000e3c00000)
  from space 1024K,  53% used [0x00000000e3c00000, 0x00000000e3c881a0, 0x00000000e3d00000)
  to   space 1024K,   0% used [0x00000000e3d00000, 0x00000000e3d00000, 0x00000000e3e00000)
 concurrent mark-sweep generation total 108648K, used 65631K [0x00000000ecca0000, 0x00000000f36ba000, 0x0000000100000000)
 Metaspace       used 70542K, capacity 74128K, committed 74240K, reserved 1114112K
  class space    used 9037K, capacity 9694K, committed 9728K, reserved 1048576K
2020-11-07T19:59:16.453+0800: 83.130: [GC (Allocation Failure) 2020-11-07T19:59:16.453+0800: 83.130: [ParNew: 8736K->570K(9216K), 0.0246649 secs] 74368K->66384K(117864K), 0.0247410 secs] [Times: user=0.02 sys=0.00, real=0.03 secs] 
Heap after GC invocations=1031 (full 88):
 par new generation   total 9216K, used 570K [0x00000000e3400000, 0x00000000e3e00000, 0x00000000ecca0000)
  eden space 8192K,   0% used [0x00000000e3400000, 0x00000000e3400000, 0x00000000e3c00000)
  from space 1024K,  55% used [0x00000000e3d00000, 0x00000000e3d8e8f8, 0x00000000e3e00000)
  to   space 1024K,   0% used [0x00000000e3c00000, 0x00000000e3c00000, 0x00000000e3d00000)
 concurrent mark-sweep generation total 108648K, used 65814K [0x00000000ecca0000, 0x00000000f36ba000, 0x0000000100000000)
 Metaspace       used 70542K, capacity 74128K, committed 74240K, reserved 1114112K
  class space    used 9037K, capacity 9694K, committed 9728K, reserved 1048576K
}
2020-11-07T19:59:16.518+0800: 83.194: Application time: 0.0400771 seconds
{Heap before GC invocations=1031 (full 88):
 par new generation   total 9216K, used 8762K [0x00000000e3400000, 0x00000000e3e00000, 0x00000000ecca0000)
  eden space 8192K, 100% used [0x00000000e3400000, 0x00000000e3c00000, 0x00000000e3c00000)
  from space 1024K,  55% used [0x00000000e3d00000, 0x00000000e3d8e8f8, 0x00000000e3e00000)
  to   space 1024K,   0% used [0x00000000e3c00000, 0x00000000e3c00000, 0x00000000e3d00000)
 concurrent mark-sweep generation total 108648K, used 65814K [0x00000000ecca0000, 0x00000000f36ba000, 0x0000000100000000)
 Metaspace       used 70543K, capacity 74128K, committed 74240K, reserved 1114112K
  class space    used 9037K, capacity 9694K, committed 9728K, reserved 1048576K
2020-11-07T19:59:16.518+0800: 83.195: [GC (Allocation Failure) 2020-11-07T19:59:16.518+0800: 83.195: [ParNew: 8762K->348K(9216K), 0.0283494 secs] 74576K->66228K(117864K), 0.0284109 secs] [Times: user=0.03 sys=0.00, real=0.03 secs] 
Heap after GC invocations=1032 (full 88):
 par new generation   total 9216K, used 348K [0x00000000e3400000, 0x00000000e3e00000, 0x00000000ecca0000)
  eden space 8192K,   0% used [0x00000000e3400000, 0x00000000e3400000, 0x00000000e3c00000)
  from space 1024K,  33% used [0x00000000e3c00000, 0x00000000e3c57060, 0x00000000e3d00000)
  to   space 1024K,   0% used [0x00000000e3d00000, 0x00000000e3d00000, 0x00000000e3e00000)
 concurrent mark-sweep generation total 108648K, used 65880K [0x00000000ecca0000, 0x00000000f36ba000, 0x0000000100000000)
 Metaspace       used 70543K, capacity 74128K, committed 74240K, reserved 1114112K
  class space    used 9037K, capacity 9694K, committed 9728K, reserved 1048576K
}
2020-11-07T19:59:16.593+0800: 83.269: Application time: 0.0460832 seconds
{Heap before GC invocations=1032 (full 88):
 par new generation   total 9216K, used 8540K [0x00000000e3400000, 0x00000000e3e00000, 0x00000000ecca0000)
  eden space 8192K, 100% used [0x00000000e3400000, 0x00000000e3c00000, 0x00000000e3c00000)
  from space 1024K,  33% used [0x00000000e3c00000, 0x00000000e3c57060, 0x00000000e3d00000)
  to   space 1024K,   0% used [0x00000000e3d00000, 0x00000000e3d00000, 0x00000000e3e00000)
 concurrent mark-sweep generation total 108648K, used 65880K [0x00000000ecca0000, 0x00000000f36ba000, 0x0000000100000000)
 Metaspace       used 70554K, capacity 74230K, committed 74240K, reserved 1114112K
  class space    used 9039K, capacity 9727K, committed 9728K, reserved 1048576K
2020-11-07T19:59:16.593+0800: 83.269: [GC (Allocation Failure) 2020-11-07T19:59:16.593+0800: 83.269: [ParNew: 8540K->353K(9216K), 0.0249384 secs] 74420K->66252K(117864K), 0.0250049 secs] [Times: user=0.03 sys=0.00, real=0.03 secs] 
Heap after GC invocations=1033 (full 88):
 par new generation   total 9216K, used 353K [0x00000000e3400000, 0x00000000e3e00000, 0x00000000ecca0000)
  eden space 8192K,   0% used [0x00000000e3400000, 0x00000000e3400000, 0x00000000e3c00000)
  from space 1024K,  34% used [0x00000000e3d00000, 0x00000000e3d58520, 0x00000000e3e00000)
  to   space 1024K,   0% used [0x00000000e3c00000, 0x00000000e3c00000, 0x00000000e3d00000)
 concurrent mark-sweep generation total 108648K, used 65899K [0x00000000ecca0000, 0x00000000f36ba000, 0x0000000100000000)
 Metaspace       used 70554K, capacity 74230K, committed 74240K, reserved 1114112K
  class space    used 9039K, capacity 9727K, committed 9728K, reserved 1048576K
}
2020-11-07T19:59:16.680+0800: 83.356: Application time: 0.0617079 seconds
{Heap before GC invocations=1033 (full 88):
 par new generation   total 9216K, used 8545K [0x00000000e3400000, 0x00000000e3e00000, 0x00000000ecca0000)
  eden space 8192K, 100% used [0x00000000e3400000, 0x00000000e3c00000, 0x00000000e3c00000)
  from space 1024K,  34% used [0x00000000e3d00000, 0x00000000e3d58520, 0x00000000e3e00000)
  to   space 1024K,   0% used [0x00000000e3c00000, 0x00000000e3c00000, 0x00000000e3d00000)
 concurrent mark-sweep generation total 108648K, used 65899K [0x00000000ecca0000, 0x00000000f36ba000, 0x0000000100000000)
 Metaspace       used 70554K, capacity 74230K, committed 74240K, reserved 1114112K
  class space    used 9039K, capacity 9727K, committed 9728K, reserved 1048576K
2020-11-07T19:59:16.680+0800: 83.356: [GC (Allocation Failure) 2020-11-07T19:59:16.680+0800: 83.356: [ParNew: 8545K->369K(9216K), 0.0170297 secs] 74444K->66290K(117864K), 0.0170920 secs] [Times: user=0.02 sys=0.00, real=0.02 secs] 
Heap after GC invocations=1034 (full 88):
 par new generation   total 9216K, used 369K [0x00000000e3400000, 0x00000000e3e00000, 0x00000000ecca0000)
  eden space 8192K,   0% used [0x00000000e3400000, 0x00000000e3400000, 0x00000000e3c00000)
  from space 1024K,  36% used [0x00000000e3c00000, 0x00000000e3c5c4e0, 0x00000000e3d00000)
  to   space 1024K,   0% used [0x00000000e3d00000, 0x00000000e3d00000, 0x00000000e3e00000)
 concurrent mark-sweep generation total 108648K, used 65921K [0x00000000ecca0000, 0x00000000f36ba000, 0x0000000100000000)
 Metaspace       used 70554K, capacity 74230K, committed 74240K, reserved 1114112K
  class space    used 9039K, capacity 9727K, committed 9728K, reserved 1048576K
}
2020-11-07T19:59:16.717+0800: 83.393: Application time: 0.0198593 seconds
{Heap before GC invocations=1034 (full 88):
 par new generation   total 9216K, used 8561K [0x00000000e3400000, 0x00000000e3e00000, 0x00000000ecca0000)
  eden space 8192K, 100% used [0x00000000e3400000, 0x00000000e3c00000, 0x00000000e3c00000)
  from space 1024K,  36% used [0x00000000e3c00000, 0x00000000e3c5c4e0, 0x00000000e3d00000)
  to   space 1024K,   0% used [0x00000000e3d00000, 0x00000000e3d00000, 0x00000000e3e00000)
 concurrent mark-sweep generation total 108648K, used 65921K [0x00000000ecca0000, 0x00000000f36ba000, 0x0000000100000000)
 Metaspace       used 70555K, capacity 74230K, committed 74240K, reserved 1114112K
  class space    used 9039K, capacity 9727K, committed 9728K, reserved 1048576K
2020-11-07T19:59:16.717+0800: 83.394: [GC (Allocation Failure) 2020-11-07T19:59:16.717+0800: 83.394: [ParNew: 8561K->323K(9216K), 0.0248623 secs] 74482K->66282K(117864K), 0.0249196 secs] [Times: user=0.02 sys=0.00, real=0.02 secs] 
Heap after GC invocations=1035 (full 88):
 par new generation   total 9216K, used 323K [0x00000000e3400000, 0x00000000e3e00000, 0x00000000ecca0000)
  eden space 8192K,   0% used [0x00000000e3400000, 0x00000000e3400000, 0x00000000e3c00000)
  from space 1024K,  31% used [0x00000000e3d00000, 0x00000000e3d50f80, 0x00000000e3e00000)
  to   space 1024K,   0% used [0x00000000e3c00000, 0x00000000e3c00000, 0x00000000e3d00000)
 concurrent mark-sweep generation total 108648K, used 65958K [0x00000000ecca0000, 0x00000000f36ba000, 0x0000000100000000)
 Metaspace       used 70555K, capacity 74230K, committed 74240K, reserved 1114112K
  class space    used 9039K, capacity 9727K, committed 9728K, reserved 1048576K
}
2020-11-07T19:59:16.779+0800: 83.456: [CMS-concurrent-mark: 0.424/0.772 secs] [Times: user=0.76 sys=0.01, real=0.77 secs] 
2020-11-07T19:59:16.779+0800: 83.456: Application time: 0.0370000 seconds
{Heap before GC invocations=1035 (full 88):
 par new generation   total 9216K, used 8515K [0x00000000e3400000, 0x00000000e3e00000, 0x00000000ecca0000)
  eden space 8192K, 100% used [0x00000000e3400000, 0x00000000e3c00000, 0x00000000e3c00000)
  from space 1024K,  31% used [0x00000000e3d00000, 0x00000000e3d50f80, 0x00000000e3e00000)
  to   space 1024K,   0% used [0x00000000e3c00000, 0x00000000e3c00000, 0x00000000e3d00000)
 concurrent mark-sweep generation total 108648K, used 65958K [0x00000000ecca0000, 0x00000000f36ba000, 0x0000000100000000)
 Metaspace       used 70564K, capacity 74230K, committed 74240K, reserved 1114112K
  class space    used 9040K, capacity 9727K, committed 9728K, reserved 1048576K
2020-11-07T19:59:16.779+0800: 83.456: [GC (Allocation Failure) 2020-11-07T19:59:16.779+0800: 83.456: [ParNew: 8515K->395K(9216K), 0.0207003 secs] 74474K->66377K(117864K), 0.0207594 secs] [Times: user=0.02 sys=0.00, real=0.02 secs] 
Heap after GC invocations=1036 (full 88):
 par new generation   total 9216K, used 395K [0x00000000e3400000, 0x00000000e3e00000, 0x00000000ecca0000)
  eden space 8192K,   0% used [0x00000000e3400000, 0x00000000e3400000, 0x00000000e3c00000)
  from space 1024K,  38% used [0x00000000e3c00000, 0x00000000e3c62ea8, 0x00000000e3d00000)
  to   space 1024K,   0% used [0x00000000e3d00000, 0x00000000e3d00000, 0x00000000e3e00000)
 concurrent mark-sweep generation total 108648K, used 65981K [0x00000000ecca0000, 0x00000000f36ba000, 0x0000000100000000)
 Metaspace       used 70564K, capacity 74230K, committed 74240K, reserved 1114112K
  class space    used 9040K, capacity 9727K, committed 9728K, reserved 1048576K
}
2020-11-07T19:59:16.800+0800: 83.477: [CMS-concurrent-preclean-start]
2020-11-07T19:59:16.817+0800: 83.493: Application time: 0.0168540 seconds
{Heap before GC invocations=1036 (full 88):
 par new generation   total 9216K, used 8587K [0x00000000e3400000, 0x00000000e3e00000, 0x00000000ecca0000)
  eden space 8192K, 100% used [0x00000000e3400000, 0x00000000e3c00000, 0x00000000e3c00000)
  from space 1024K,  38% used [0x00000000e3c00000, 0x00000000e3c62ea8, 0x00000000e3d00000)
  to   space 1024K,   0% used [0x00000000e3d00000, 0x00000000e3d00000, 0x00000000e3e00000)
 concurrent mark-sweep generation total 108648K, used 65981K [0x00000000ecca0000, 0x00000000f36ba000, 0x0000000100000000)
 Metaspace       used 70564K, capacity 74230K, committed 74240K, reserved 1114112K
  class space    used 9040K, capacity 9727K, committed 9728K, reserved 1048576K
2020-11-07T19:59:16.817+0800: 83.494: [GC (Allocation Failure) 2020-11-07T19:59:16.817+0800: 83.494: [ParNew: 8587K->420K(9216K), 0.0258635 secs] 74569K->66420K(117864K), 0.0259191 secs] [Times: user=0.02 sys=0.00, real=0.02 secs] 
Heap after GC invocations=1037 (full 88):
 par new generation   total 9216K, used 420K [0x00000000e3400000, 0x00000000e3e00000, 0x00000000ecca0000)
  eden space 8192K,   0% used [0x00000000e3400000, 0x00000000e3400000, 0x00000000e3c00000)
  from space 1024K,  41% used [0x00000000e3d00000, 0x00000000e3d692d0, 0x00000000e3e00000)
  to   space 1024K,   0% used [0x00000000e3c00000, 0x00000000e3c00000, 0x00000000e3d00000)
 concurrent mark-sweep generation total 108648K, used 65999K [0x00000000ecca0000, 0x00000000f36ba000, 0x0000000100000000)
 Metaspace       used 70564K, capacity 74230K, committed 74240K, reserved 1114112K
  class space    used 9040K, capacity 9727K, committed 9728K, reserved 1048576K
}
2020-11-07T19:59:16.843+0800: 83.520: [CMS-concurrent-preclean: 0.016/0.043 secs] [Times: user=0.04 sys=0.00, real=0.04 secs] 
2020-11-07T19:59:16.854+0800: 83.530: Application time: 0.0106805 seconds
2020-11-07T19:59:16.854+0800: 83.530: [GC (CMS Final Remark) [YG occupancy: 4530 K (9216 K)]2020-11-07T19:59:16.854+0800: 83.530: [Rescan (parallel) , 0.0398126 secs]2020-11-07T19:59:16.894+0800: 83.570: [weak refs processing, 0.0027278 secs]2020-11-07T19:59:16.896+0800: 83.573: [class unloading, 0.0271453 secs]2020-11-07T19:59:16.924+0800: 83.600: [scrub symbol table, 0.0562653 secs]2020-11-07T19:59:16.980+0800: 83.657: [scrub string table, 0.0019632 secs][1 CMS-remark: 65999K(108648K)] 70529K(117864K), 0.1281555 secs] [Times: user=0.13 sys=0.00, real=0.13 secs] 
2020-11-07T19:59:16.988+0800: 83.664: [CMS-concurrent-sweep-start]
2020-11-07T19:59:17.014+0800: 83.690: Application time: 0.0316792 seconds
{Heap before GC invocations=1037 (full 88):
 par new generation   total 9216K, used 8612K [0x00000000e3400000, 0x00000000e3e00000, 0x00000000ecca0000)
  eden space 8192K, 100% used [0x00000000e3400000, 0x00000000e3c00000, 0x00000000e3c00000)
  from space 1024K,  41% used [0x00000000e3d00000, 0x00000000e3d692d0, 0x00000000e3e00000)
  to   space 1024K,   0% used [0x00000000e3c00000, 0x00000000e3c00000, 0x00000000e3d00000)
 concurrent mark-sweep generation total 108648K, used 65989K [0x00000000ecca0000, 0x00000000f36ba000, 0x0000000100000000)
 Metaspace       used 70568K, capacity 74236K, committed 74240K, reserved 1114112K
  class space    used 9040K, capacity 9728K, committed 9728K, reserved 1048576K
2020-11-07T19:59:17.014+0800: 83.691: [GC (Allocation Failure) 2020-11-07T19:59:17.014+0800: 83.691: [ParNew: 8612K->498K(9216K), 0.0359707 secs] 74601K->66507K(117864K), 0.0360518 secs] [Times: user=0.03 sys=0.00, real=0.04 secs] 
Heap after GC invocations=1038 (full 88):
 par new generation   total 9216K, used 498K [0x00000000e3400000, 0x00000000e3e00000, 0x00000000ecca0000)
  eden space 8192K,   0% used [0x00000000e3400000, 0x00000000e3400000, 0x00000000e3c00000)
  from space 1024K,  48% used [0x00000000e3c00000, 0x00000000e3c7c800, 0x00000000e3d00000)
  to   space 1024K,   0% used [0x00000000e3d00000, 0x00000000e3d00000, 0x00000000e3e00000)
 concurrent mark-sweep generation total 108648K, used 66009K [0x00000000ecca0000, 0x00000000f36ba000, 0x0000000100000000)
 Metaspace       used 70568K, capacity 74236K, committed 74240K, reserved 1114112K
  class space    used 9040K, capacity 9728K, committed 9728K, reserved 1048576K
}
2020-11-07T19:59:17.082+0800: 83.759: Application time: 0.0321289 seconds
{Heap before GC invocations=1038 (full 88):
 par new generation   total 9216K, used 8690K [0x00000000e3400000, 0x00000000e3e00000, 0x00000000ecca0000)
  eden space 8192K, 100% used [0x00000000e3400000, 0x00000000e3c00000, 0x00000000e3c00000)
  from space 1024K,  48% used [0x00000000e3c00000, 0x00000000e3c7c800, 0x00000000e3d00000)
  to   space 1024K,   0% used [0x00000000e3d00000, 0x00000000e3d00000, 0x00000000e3e00000)
 concurrent mark-sweep generation total 108648K, used 65914K [0x00000000ecca0000, 0x00000000f36ba000, 0x0000000100000000)
 Metaspace       used 70571K, capacity 74242K, committed 74624K, reserved 1114112K
  class space    used 9041K, capacity 9729K, committed 9856K, reserved 1048576K
2020-11-07T19:59:17.082+0800: 83.759: [GC (Allocation Failure) 2020-11-07T19:59:17.082+0800: 83.759: [ParNew: 8690K->455K(9216K), 0.0404351 secs] 74604K->66386K(117864K), 0.0404926 secs] [Times: user=0.04 sys=0.00, real=0.04 secs] 
Heap after GC invocations=1039 (full 88):
 par new generation   total 9216K, used 455K [0x00000000e3400000, 0x00000000e3e00000, 0x00000000ecca0000)
  eden space 8192K,   0% used [0x00000000e3400000, 0x00000000e3400000, 0x00000000e3c00000)
  from space 1024K,  44% used [0x00000000e3d00000, 0x00000000e3d71d90, 0x00000000e3e00000)
  to   space 1024K,   0% used [0x00000000e3c00000, 0x00000000e3c00000, 0x00000000e3d00000)
 concurrent mark-sweep generation total 108648K, used 65931K [0x00000000ecca0000, 0x00000000f36ba000, 0x0000000100000000)
 Metaspace       used 70571K, capacity 74242K, committed 74624K, reserved 1114112K
  class space    used 9041K, capacity 9729K, committed 9856K, reserved 1048576K
}
2020-11-07T19:59:17.136+0800: 83.813: [CMS-concurrent-sweep: 0.067/0.149 secs] [Times: user=0.15 sys=0.00, real=0.15 secs] 
2020-11-07T19:59:17.137+0800: 83.813: [CMS-concurrent-reset-start]
2020-11-07T19:59:17.138+0800: 83.814: [CMS-concurrent-reset: 0.001/0.001 secs] [Times: user=0.00 sys=0.00, real=0.00 secs] 
2020-11-07T19:59:17.143+0800: 83.820: Application time: 0.0199949 seconds
{Heap before GC invocations=1039 (full 88):
 par new generation   total 9216K, used 8647K [0x00000000e3400000, 0x00000000e3e00000, 0x00000000ecca0000)
  eden space 8192K, 100% used [0x00000000e3400000, 0x00000000e3c00000, 0x00000000e3c00000)
  from space 1024K,  44% used [0x00000000e3d00000, 0x00000000e3d71d90, 0x00000000e3e00000)
  to   space 1024K,   0% used [0x00000000e3c00000, 0x00000000e3c00000, 0x00000000e3d00000)
 concurrent mark-sweep generation total 109584K, used 65749K [0x00000000ecca0000, 0x00000000f37a4000, 0x0000000100000000)
 Metaspace       used 70567K, capacity 74236K, committed 74624K, reserved 1114112K
  class space    used 9040K, capacity 9728K, committed 9856K, reserved 1048576K
2020-11-07T19:59:17.143+0800: 83.820: [GC (Allocation Failure) 2020-11-07T19:59:17.143+0800: 83.820: [ParNew: 8647K->374K(9216K), 0.0328007 secs] 74396K->66186K(118800K), 0.0328742 secs] [Times: user=0.03 sys=0.00, real=0.04 secs] 
Heap after GC invocations=1040 (full 88):
 par new generation   total 9216K, used 374K [0x00000000e3400000, 0x00000000e3e00000, 0x00000000ecca0000)
  eden space 8192K,   0% used [0x00000000e3400000, 0x00000000e3400000, 0x00000000e3c00000)
  from space 1024K,  36% used [0x00000000e3c00000, 0x00000000e3c5d900, 0x00000000e3d00000)
  to   space 1024K,   0% used [0x00000000e3d00000, 0x00000000e3d00000, 0x00000000e3e00000)
 concurrent mark-sweep generation total 109584K, used 65812K [0x00000000ecca0000, 0x00000000f37a4000, 0x0000000100000000)
 Metaspace       used 70567K, capacity 74236K, committed 74624K, reserved 1114112K
  class space    used 9040K, capacity 9728K, committed 9856K, reserved 1048576K
}
2020-11-07T19:59:17.180+0800: 83.856: Application time: 0.0036190 seconds
2020-11-07T19:59:17.180+0800: 83.856: [GC (CMS Initial Mark) [1 CMS-initial-mark: 65812K(109584K)] 68660K(118800K), 0.0055846 secs] [Times: user=0.00 sys=0.00, real=0.01 secs] 
2020-11-07T19:59:17.189+0800: 83.865: [CMS-concurrent-mark-start]
2020-11-07T19:59:17.216+0800: 83.893: Application time: 0.0309835 seconds
{Heap before GC invocations=1040 (full 89):
 par new generation   total 9216K, used 8566K [0x00000000e3400000, 0x00000000e3e00000, 0x00000000ecca0000)
  eden space 8192K, 100% used [0x00000000e3400000, 0x00000000e3c00000, 0x00000000e3c00000)
  from space 1024K,  36% used [0x00000000e3c00000, 0x00000000e3c5d900, 0x00000000e3d00000)
  to   space 1024K,   0% used [0x00000000e3d00000, 0x00000000e3d00000, 0x00000000e3e00000)
 concurrent mark-sweep generation total 109584K, used 65812K [0x00000000ecca0000, 0x00000000f37a4000, 0x0000000100000000)
 Metaspace       used 70582K, capacity 74236K, committed 74624K, reserved 1114112K
  class space    used 9043K, capacity 9728K, committed 9856K, reserved 1048576K
2020-11-07T19:59:17.217+0800: 83.893: [GC (Allocation Failure) 2020-11-07T19:59:17.217+0800: 83.893: [ParNew: 8566K->433K(9216K), 0.0332324 secs] 74378K->66267K(118800K), 0.0333197 secs] [Times: user=0.04 sys=0.00, real=0.03 secs] 
Heap after GC invocations=1041 (full 89):
 par new generation   total 9216K, used 433K [0x00000000e3400000, 0x00000000e3e00000, 0x00000000ecca0000)
  eden space 8192K,   0% used [0x00000000e3400000, 0x00000000e3400000, 0x00000000e3c00000)
  from space 1024K,  42% used [0x00000000e3d00000, 0x00000000e3d6c570, 0x00000000e3e00000)
  to   space 1024K,   0% used [0x00000000e3c00000, 0x00000000e3c00000, 0x00000000e3d00000)
 concurrent mark-sweep generation total 109584K, used 65833K [0x00000000ecca0000, 0x00000000f37a4000, 0x0000000100000000)
 Metaspace       used 70582K, capacity 74236K, committed 74624K, reserved 1114112K
  class space    used 9043K, capacity 9728K, committed 9856K, reserved 1048576K
}
2020-11-07T19:59:17.291+0800: 83.967: Application time: 0.0405876 seconds
{Heap before GC invocations=1041 (full 89):
 par new generation   total 9216K, used 8625K [0x00000000e3400000, 0x00000000e3e00000, 0x00000000ecca0000)
  eden space 8192K, 100% used [0x00000000e3400000, 0x00000000e3c00000, 0x00000000e3c00000)
  from space 1024K,  42% used [0x00000000e3d00000, 0x00000000e3d6c570, 0x00000000e3e00000)
  to   space 1024K,   0% used [0x00000000e3c00000, 0x00000000e3c00000, 0x00000000e3d00000)
 concurrent mark-sweep generation total 109584K, used 65833K [0x00000000ecca0000, 0x00000000f37a4000, 0x0000000100000000)
 Metaspace       used 70593K, capacity 74236K, committed 74624K, reserved 1114112K
  class space    used 9045K, capacity 9728K, committed 9856K, reserved 1048576K
2020-11-07T19:59:17.291+0800: 83.967: [GC (Allocation Failure) 2020-11-07T19:59:17.291+0800: 83.967: [ParNew: 8625K->537K(9216K), 0.0391015 secs] 74459K->66421K(118800K), 0.0391592 secs] [Times: user=0.04 sys=0.00, real=0.04 secs] 
Heap after GC invocations=1042 (full 89):
 par new generation   total 9216K, used 537K [0x00000000e3400000, 0x00000000e3e00000, 0x00000000ecca0000)
  eden space 8192K,   0% used [0x00000000e3400000, 0x00000000e3400000, 0x00000000e3c00000)
  from space 1024K,  52% used [0x00000000e3c00000, 0x00000000e3c86568, 0x00000000e3d00000)
  to   space 1024K,   0% used [0x00000000e3d00000, 0x00000000e3d00000, 0x00000000e3e00000)
 concurrent mark-sweep generation total 109584K, used 65883K [0x00000000ecca0000, 0x00000000f37a4000, 0x0000000100000000)
 Metaspace       used 70593K, capacity 74236K, committed 74624K, reserved 1114112K
  class space    used 9045K, capacity 9728K, committed 9856K, reserved 1048576K
}
2020-11-07T19:59:17.351+0800: 84.028: Application time: 0.0213879 seconds
{Heap before GC invocations=1042 (full 89):
 par new generation   total 9216K, used 8729K [0x00000000e3400000, 0x00000000e3e00000, 0x00000000ecca0000)
  eden space 8192K, 100% used [0x00000000e3400000, 0x00000000e3c00000, 0x00000000e3c00000)
  from space 1024K,  52% used [0x00000000e3c00000, 0x00000000e3c86568, 0x00000000e3d00000)
  to   space 1024K,   0% used [0x00000000e3d00000, 0x00000000e3d00000, 0x00000000e3e00000)
 concurrent mark-sweep generation total 109584K, used 65883K [0x00000000ecca0000, 0x00000000f37a4000, 0x0000000100000000)
 Metaspace       used 70593K, capacity 74236K, committed 74624K, reserved 1114112K
  class space    used 9045K, capacity 9728K, committed 9856K, reserved 1048576K
2020-11-07T19:59:17.352+0800: 84.028: [GC (Allocation Failure) 2020-11-07T19:59:17.352+0800: 84.028: [ParNew: 8729K->514K(9216K), 0.0151566 secs] 74613K->66454K(118800K), 0.0152132 secs] [Times: user=0.01 sys=0.00, real=0.02 secs] 
Heap after GC invocations=1043 (full 89):
 par new generation   total 9216K, used 514K [0x00000000e3400000, 0x00000000e3e00000, 0x00000000ecca0000)
  eden space 8192K,   0% used [0x00000000e3400000, 0x00000000e3400000, 0x00000000e3c00000)
  from space 1024K,  50% used [0x00000000e3d00000, 0x00000000e3d80b20, 0x00000000e3e00000)
  to   space 1024K,   0% used [0x00000000e3c00000, 0x00000000e3c00000, 0x00000000e3d00000)
 concurrent mark-sweep generation total 109584K, used 65939K [0x00000000ecca0000, 0x00000000f37a4000, 0x0000000100000000)
 Metaspace       used 70593K, capacity 74236K, committed 74624K, reserved 1114112K
  class space    used 9045K, capacity 9728K, committed 9856K, reserved 1048576K
}
2020-11-07T19:59:17.399+0800: 84.076: Application time: 0.0321657 seconds
{Heap before GC invocations=1043 (full 89):
 par new generation   total 9216K, used 8706K [0x00000000e3400000, 0x00000000e3e00000, 0x00000000ecca0000)
  eden space 8192K, 100% used [0x00000000e3400000, 0x00000000e3c00000, 0x00000000e3c00000)
  from space 1024K,  50% used [0x00000000e3d00000, 0x00000000e3d80b20, 0x00000000e3e00000)
  to   space 1024K,   0% used [0x00000000e3c00000, 0x00000000e3c00000, 0x00000000e3d00000)
 concurrent mark-sweep generation total 109584K, used 65939K [0x00000000ecca0000, 0x00000000f37a4000, 0x0000000100000000)
 Metaspace       used 70593K, capacity 74236K, committed 74624K, reserved 1114112K
  class space    used 9045K, capacity 9728K, committed 9856K, reserved 1048576K
2020-11-07T19:59:17.399+0800: 84.076: [GC (Allocation Failure) 2020-11-07T19:59:17.399+0800: 84.076: [ParNew: 8706K->469K(9216K), 0.0154892 secs] 74646K->66428K(118800K), 0.0155523 secs] [Times: user=0.02 sys=0.00, real=0.02 secs] 
Heap after GC invocations=1044 (full 89):
 par new generation   total 9216K, used 469K [0x00000000e3400000, 0x00000000e3e00000, 0x00000000ecca0000)
  eden space 8192K,   0% used [0x00000000e3400000, 0x00000000e3400000, 0x00000000e3c00000)
  from space 1024K,  45% used [0x00000000e3c00000, 0x00000000e3c755f8, 0x00000000e3d00000)
  to   space 1024K,   0% used [0x00000000e3d00000, 0x00000000e3d00000, 0x00000000e3e00000)
 concurrent mark-sweep generation total 109584K, used 65958K [0x00000000ecca0000, 0x00000000f37a4000, 0x0000000100000000)
 Metaspace       used 70593K, capacity 74236K, committed 74624K, reserved 1114112K
  class space    used 9045K, capacity 9728K, committed 9856K, reserved 1048576K
}
2020-11-07T19:59:17.868+0800: 84.545: [CMS-concurrent-mark: 0.564/0.680 secs] [Times: user=0.65 sys=0.01, real=0.68 secs] 
2020-11-07T19:59:17.868+0800: 84.545: [CMS-concurrent-preclean-start]
2020-11-07T19:59:17.884+0800: 84.560: [CMS-concurrent-preclean: 0.015/0.015 secs] [Times: user=0.02 sys=0.00, real=0.01 secs] 
2020-11-07T19:59:17.884+0800: 84.560: [CMS-concurrent-abortable-preclean-start]
2020-11-07T19:59:17.983+0800: 84.660: Application time: 0.5686531 seconds
{Heap before GC invocations=1044 (full 89):
 par new generation   total 9216K, used 8661K [0x00000000e3400000, 0x00000000e3e00000, 0x00000000ecca0000)
  eden space 8192K, 100% used [0x00000000e3400000, 0x00000000e3c00000, 0x00000000e3c00000)
  from space 1024K,  45% used [0x00000000e3c00000, 0x00000000e3c755f8, 0x00000000e3d00000)
  to   space 1024K,   0% used [0x00000000e3d00000, 0x00000000e3d00000, 0x00000000e3e00000)
 concurrent mark-sweep generation total 109584K, used 65958K [0x00000000ecca0000, 0x00000000f37a4000, 0x0000000100000000)
 Metaspace       used 70593K, capacity 74236K, committed 74624K, reserved 1114112K
  class space    used 9045K, capacity 9728K, committed 9856K, reserved 1048576K
2020-11-07T19:59:17.984+0800: 84.660: [GC (Allocation Failure) 2020-11-07T19:59:17.984+0800: 84.660: [ParNew2020-11-07T19:59:17.991+0800: 84.668: [CMS-concurrent-abortable-preclean: 0.007/0.108 secs] [Times: user=0.10 sys=0.01, real=0.11 secs] 
: 8661K->456K(9216K), 0.0411167 secs] 74620K->66461K(118800K), 0.0411969 secs] [Times: user=0.04 sys=0.00, real=0.05 secs] 
Heap after GC invocations=1045 (full 89):
 par new generation   total 9216K, used 456K [0x00000000e3400000, 0x00000000e3e00000, 0x00000000ecca0000)
  eden space 8192K,   0% used [0x00000000e3400000, 0x00000000e3400000, 0x00000000e3c00000)
  from space 1024K,  44% used [0x00000000e3d00000, 0x00000000e3d721f0, 0x00000000e3e00000)
  to   space 1024K,   0% used [0x00000000e3c00000, 0x00000000e3c00000, 0x00000000e3d00000)
 concurrent mark-sweep generation total 109584K, used 66004K [0x00000000ecca0000, 0x00000000f37a4000, 0x0000000100000000)
 Metaspace       used 70593K, capacity 74236K, committed 74624K, reserved 1114112K
  class space    used 9045K, capacity 9728K, committed 9856K, reserved 1048576K
}
2020-11-07T19:59:18.031+0800: 84.707: Application time: 0.0055782 seconds
2020-11-07T19:59:18.031+0800: 84.707: [GC (CMS Final Remark) [YG occupancy: 3258 K (9216 K)]2020-11-07T19:59:18.031+0800: 84.707: [Rescan (parallel) , 0.0298036 secs]2020-11-07T19:59:18.061+0800: 84.737: [weak refs processing, 0.0001450 secs]2020-11-07T19:59:18.061+0800: 84.737: [class unloading, 0.0318869 secs]2020-11-07T19:59:18.093+0800: 84.769: [scrub symbol table, 0.0603512 secs]2020-11-07T19:59:18.153+0800: 84.830: [scrub string table, 0.0052340 secs][1 CMS-remark: 66004K(109584K)] 69263K(118800K), 0.1413293 secs] [Times: user=0.13 sys=0.00, real=0.14 secs] 
2020-11-07T19:59:18.178+0800: 84.855: [CMS-concurrent-sweep-start]
2020-11-07T19:59:18.205+0800: 84.881: Application time: 0.0324245 seconds
{Heap before GC invocations=1045 (full 89):
 par new generation   total 9216K, used 8648K [0x00000000e3400000, 0x00000000e3e00000, 0x00000000ecca0000)
  eden space 8192K, 100% used [0x00000000e3400000, 0x00000000e3c00000, 0x00000000e3c00000)
  from space 1024K,  44% used [0x00000000e3d00000, 0x00000000e3d721f0, 0x00000000e3e00000)
  to   space 1024K,   0% used [0x00000000e3c00000, 0x00000000e3c00000, 0x00000000e3d00000)
 concurrent mark-sweep generation total 109584K, used 66002K [0x00000000ecca0000, 0x00000000f37a4000, 0x0000000100000000)
 Metaspace       used 70594K, capacity 74236K, committed 74624K, reserved 1114112K
  class space    used 9045K, capacity 9728K, committed 9856K, reserved 1048576K
2020-11-07T19:59:18.205+0800: 84.881: [GC (Allocation Failure) 2020-11-07T19:59:18.205+0800: 84.882: [ParNew: 8648K->422K(9216K), 0.0269711 secs] 74650K->66441K(118800K), 0.0270795 secs] [Times: user=0.03 sys=0.00, real=0.02 secs] 
Heap after GC invocations=1046 (full 89):
 par new generation   total 9216K, used 422K [0x00000000e3400000, 0x00000000e3e00000, 0x00000000ecca0000)
  eden space 8192K,   0% used [0x00000000e3400000, 0x00000000e3400000, 0x00000000e3c00000)
  from space 1024K,  41% used [0x00000000e3c00000, 0x00000000e3c69be0, 0x00000000e3d00000)
  to   space 1024K,   0% used [0x00000000e3d00000, 0x00000000e3d00000, 0x00000000e3e00000)
 concurrent mark-sweep generation total 109584K, used 66018K [0x00000000ecca0000, 0x00000000f37a4000, 0x0000000100000000)
 Metaspace       used 70594K, capacity 74236K, committed 74624K, reserved 1114112K
  class space    used 9045K, capacity 9728K, committed 9856K, reserved 1048576K
}
2020-11-07T19:59:18.265+0800: 84.942: Application time: 0.0330913 seconds
{Heap before GC invocations=1046 (full 89):
 par new generation   total 9216K, used 8614K [0x00000000e3400000, 0x00000000e3e00000, 0x00000000ecca0000)
  eden space 8192K, 100% used [0x00000000e3400000, 0x00000000e3c00000, 0x00000000e3c00000)
  from space 1024K,  41% used [0x00000000e3c00000, 0x00000000e3c69be0, 0x00000000e3d00000)
  to   space 1024K,   0% used [0x00000000e3d00000, 0x00000000e3d00000, 0x00000000e3e00000)
 concurrent mark-sweep generation total 109584K, used 65997K [0x00000000ecca0000, 0x00000000f37a4000, 0x0000000100000000)
 Metaspace       used 70598K, capacity 74242K, committed 74624K, reserved 1114112K
  class space    used 9046K, capacity 9729K, committed 9856K, reserved 1048576K
2020-11-07T19:59:18.265+0800: 84.942: [GC (Allocation Failure) 2020-11-07T19:59:18.265+0800: 84.942: [ParNew: 8614K->414K(9216K), 0.0245820 secs] 74612K->66474K(118800K), 0.0246462 secs] [Times: user=0.03 sys=0.00, real=0.02 secs] 
Heap after GC invocations=1047 (full 89):
 par new generation   total 9216K, used 414K [0x00000000e3400000, 0x00000000e3e00000, 0x00000000ecca0000)
  eden space 8192K,   0% used [0x00000000e3400000, 0x00000000e3400000, 0x00000000e3c00000)
  from space 1024K,  40% used [0x00000000e3d00000, 0x00000000e3d67b30, 0x00000000e3e00000)
  to   space 1024K,   0% used [0x00000000e3c00000, 0x00000000e3c00000, 0x00000000e3d00000)
 concurrent mark-sweep generation total 109584K, used 66059K [0x00000000ecca0000, 0x00000000f37a4000, 0x0000000100000000)
 Metaspace       used 70598K, capacity 74242K, committed 74624K, reserved 1114112K
  class space    used 9046K, capacity 9729K, committed 9856K, reserved 1048576K
}
2020-11-07T19:59:18.311+0800: 84.988: [CMS-concurrent-sweep: 0.072/0.133 secs] [Times: user=0.13 sys=0.00, real=0.13 secs] 
2020-11-07T19:59:18.311+0800: 84.988: [CMS-concurrent-reset-start]
2020-11-07T19:59:18.313+0800: 84.989: [CMS-concurrent-reset: 0.001/0.001 secs] [Times: user=0.00 sys=0.00, real=0.00 secs] 
2020-11-07T19:59:18.341+0800: 85.017: Application time: 0.0507292 seconds
{Heap before GC invocations=1047 (full 89):
 par new generation   total 9216K, used 8606K [0x00000000e3400000, 0x00000000e3e00000, 0x00000000ecca0000)
  eden space 8192K, 100% used [0x00000000e3400000, 0x00000000e3c00000, 0x00000000e3c00000)
  from space 1024K,  40% used [0x00000000e3d00000, 0x00000000e3d67b30, 0x00000000e3e00000)
  to   space 1024K,   0% used [0x00000000e3c00000, 0x00000000e3c00000, 0x00000000e3d00000)
 concurrent mark-sweep generation total 110036K, used 66020K [0x00000000ecca0000, 0x00000000f3815000, 0x0000000100000000)
 Metaspace       used 70579K, capacity 74200K, committed 74624K, reserved 1114112K
  class space    used 9042K, capacity 9722K, committed 9856K, reserved 1048576K
2020-11-07T19:59:18.341+0800: 85.018: [GC (Allocation Failure) 2020-11-07T19:59:18.341+0800: 85.018: [ParNew: 8606K->479K(9216K), 0.0369148 secs] 74627K->66520K(119252K), 0.0370179 secs] [Times: user=0.03 sys=0.01, real=0.04 secs] 
Heap after GC invocations=1048 (full 89):
 par new generation   total 9216K, used 479K [0x00000000e3400000, 0x00000000e3e00000, 0x00000000ecca0000)
  eden space 8192K,   0% used [0x00000000e3400000, 0x00000000e3400000, 0x00000000e3c00000)
  from space 1024K,  46% used [0x00000000e3c00000, 0x00000000e3c77c70, 0x00000000e3d00000)
  to   space 1024K,   0% used [0x00000000e3d00000, 0x00000000e3d00000, 0x00000000e3e00000)
 concurrent mark-sweep generation total 110036K, used 66040K [0x00000000ecca0000, 0x00000000f3815000, 0x0000000100000000)
 Metaspace       used 70579K, capacity 74200K, committed 74624K, reserved 1114112K
  class space    used 9042K, capacity 9722K, committed 9856K, reserved 1048576K
}
2020-11-07T19:59:18.388+0800: 85.065: Application time: 0.0099335 seconds
2020-11-07T19:59:18.391+0800: 85.068: [GC (CMS Initial Mark) [1 CMS-initial-mark: 66040K(110036K)] 69157K(119252K), 0.0061427 secs] [Times: user=0.01 sys=0.00, real=0.01 secs] 
2020-11-07T19:59:18.401+0800: 85.077: [CMS-concurrent-mark-start]
2020-11-07T19:59:18.422+0800: 85.099: Application time: 0.0248495 seconds
{Heap before GC invocations=1048 (full 90):
 par new generation   total 9216K, used 8671K [0x00000000e3400000, 0x00000000e3e00000, 0x00000000ecca0000)
  eden space 8192K, 100% used [0x00000000e3400000, 0x00000000e3c00000, 0x00000000e3c00000)
  from space 1024K,  46% used [0x00000000e3c00000, 0x00000000e3c77c70, 0x00000000e3d00000)
  to   space 1024K,   0% used [0x00000000e3d00000, 0x00000000e3d00000, 0x00000000e3e00000)
 concurrent mark-sweep generation total 110036K, used 66040K [0x00000000ecca0000, 0x00000000f3815000, 0x0000000100000000)
 Metaspace       used 70579K, capacity 74200K, committed 74624K, reserved 1114112K
  class space    used 9042K, capacity 9722K, committed 9856K, reserved 1048576K
2020-11-07T19:59:18.423+0800: 85.099: [GC (Allocation Failure) 2020-11-07T19:59:18.423+0800: 85.099: [ParNew: 8671K->464K(9216K), 0.0262128 secs] 74712K->66528K(119252K), 0.0262987 secs] [Times: user=0.03 sys=0.00, real=0.03 secs] 
Heap after GC invocations=1049 (full 90):
 par new generation   total 9216K, used 464K [0x00000000e3400000, 0x00000000e3e00000, 0x00000000ecca0000)
  eden space 8192K,   0% used [0x00000000e3400000, 0x00000000e3400000, 0x00000000e3c00000)
  from space 1024K,  45% used [0x00000000e3d00000, 0x00000000e3d74180, 0x00000000e3e00000)
  to   space 1024K,   0% used [0x00000000e3c00000, 0x00000000e3c00000, 0x00000000e3d00000)
 concurrent mark-sweep generation total 110036K, used 66063K [0x00000000ecca0000, 0x00000000f3815000, 0x0000000100000000)
 Metaspace       used 70579K, capacity 74200K, committed 74624K, reserved 1114112K
  class space    used 9042K, capacity 9722K, committed 9856K, reserved 1048576K
}
2020-11-07T19:59:18.486+0800: 85.162: Application time: 0.0365466 seconds
{Heap before GC invocations=1049 (full 90):
 par new generation   total 9216K, used 8656K [0x00000000e3400000, 0x00000000e3e00000, 0x00000000ecca0000)
  eden space 8192K, 100% used [0x00000000e3400000, 0x00000000e3c00000, 0x00000000e3c00000)
  from space 1024K,  45% used [0x00000000e3d00000, 0x00000000e3d74180, 0x00000000e3e00000)
  to   space 1024K,   0% used [0x00000000e3c00000, 0x00000000e3c00000, 0x00000000e3d00000)
 concurrent mark-sweep generation total 110036K, used 66063K [0x00000000ecca0000, 0x00000000f3815000, 0x0000000100000000)
 Metaspace       used 70591K, capacity 74208K, committed 74624K, reserved 1114112K
  class space    used 9044K, capacity 9724K, committed 9856K, reserved 1048576K
2020-11-07T19:59:18.486+0800: 85.162: [GC (Allocation Failure) 2020-11-07T19:59:18.486+0800: 85.162: [ParNew: 8656K->341K(9216K), 0.0180479 secs] 74720K->66439K(119252K), 0.0181321 secs] [Times: user=0.02 sys=0.00, real=0.01 secs] 
Heap after GC invocations=1050 (full 90):
 par new generation   total 9216K, used 341K [0x00000000e3400000, 0x00000000e3e00000, 0x00000000ecca0000)
  eden space 8192K,   0% used [0x00000000e3400000, 0x00000000e3400000, 0x00000000e3c00000)
  from space 1024K,  33% used [0x00000000e3c00000, 0x00000000e3c55660, 0x00000000e3d00000)
  to   space 1024K,   0% used [0x00000000e3d00000, 0x00000000e3d00000, 0x00000000e3e00000)
 concurrent mark-sweep generation total 110036K, used 66097K [0x00000000ecca0000, 0x00000000f3815000, 0x0000000100000000)
 Metaspace       used 70591K, capacity 74208K, committed 74624K, reserved 1114112K
  class space    used 9044K, capacity 9724K, committed 9856K, reserved 1048576K
}
2020-11-07T19:59:18.523+0800: 85.200: Application time: 0.0190144 seconds
{Heap before GC invocations=1050 (full 90):
 par new generation   total 9216K, used 8533K [0x00000000e3400000, 0x00000000e3e00000, 0x00000000ecca0000)
  eden space 8192K, 100% used [0x00000000e3400000, 0x00000000e3c00000, 0x00000000e3c00000)
  from space 1024K,  33% used [0x00000000e3c00000, 0x00000000e3c55660, 0x00000000e3d00000)
  to   space 1024K,   0% used [0x00000000e3d00000, 0x00000000e3d00000, 0x00000000e3e00000)
 concurrent mark-sweep generation total 110036K, used 66097K [0x00000000ecca0000, 0x00000000f3815000, 0x0000000100000000)
 Metaspace       used 70591K, capacity 74208K, committed 74624K, reserved 1114112K
  class space    used 9044K, capacity 9724K, committed 9856K, reserved 1048576K
2020-11-07T19:59:18.523+0800: 85.200: [GC (Allocation Failure) 2020-11-07T19:59:18.523+0800: 85.200: [ParNew: 8533K->401K(9216K), 0.0501556 secs] 74631K->66538K(119252K), 0.0502164 secs] [Times: user=0.05 sys=0.00, real=0.05 secs] 
Heap after GC invocations=1051 (full 90):
 par new generation   total 9216K, used 401K [0x00000000e3400000, 0x00000000e3e00000, 0x00000000ecca0000)
  eden space 8192K,   0% used [0x00000000e3400000, 0x00000000e3400000, 0x00000000e3c00000)
  from space 1024K,  39% used [0x00000000e3d00000, 0x00000000e3d64528, 0x00000000e3e00000)
  to   space 1024K,   0% used [0x00000000e3c00000, 0x00000000e3c00000, 0x00000000e3d00000)
 concurrent mark-sweep generation total 110036K, used 66136K [0x00000000ecca0000, 0x00000000f3815000, 0x0000000100000000)
 Metaspace       used 70591K, capacity 74208K, committed 74624K, reserved 1114112K
  class space    used 9044K, capacity 9724K, committed 9856K, reserved 1048576K
}
2020-11-07T19:59:18.603+0800: 85.279: Application time: 0.0293085 seconds
{Heap before GC invocations=1051 (full 90):
 par new generation   total 9216K, used 8593K [0x00000000e3400000, 0x00000000e3e00000, 0x00000000ecca0000)
  eden space 8192K, 100% used [0x00000000e3400000, 0x00000000e3c00000, 0x00000000e3c00000)
  from space 1024K,  39% used [0x00000000e3d00000, 0x00000000e3d64528, 0x00000000e3e00000)
  to   space 1024K,   0% used [0x00000000e3c00000, 0x00000000e3c00000, 0x00000000e3d00000)
 concurrent mark-sweep generation total 110036K, used 66136K [0x00000000ecca0000, 0x00000000f3815000, 0x0000000100000000)
 Metaspace       used 70591K, capacity 74208K, committed 74624K, reserved 1114112K
  class space    used 9044K, capacity 9724K, committed 9856K, reserved 1048576K
2020-11-07T19:59:18.603+0800: 85.280: [GC (Allocation Failure) 2020-11-07T19:59:18.603+0800: 85.280: [ParNew: 8593K->282K(9216K), 0.0227689 secs] 74730K->66504K(119252K), 0.0228404 secs] [Times: user=0.02 sys=0.00, real=0.03 secs] 
Heap after GC invocations=1052 (full 90):
 par new generation   total 9216K, used 282K [0x00000000e3400000, 0x00000000e3e00000, 0x00000000ecca0000)
  eden space 8192K,   0% used [0x00000000e3400000, 0x00000000e3400000, 0x00000000e3c00000)
  from space 1024K,  27% used [0x00000000e3c00000, 0x00000000e3c46bc0, 0x00000000e3d00000)
  to   space 1024K,   0% used [0x00000000e3d00000, 0x00000000e3d00000, 0x00000000e3e00000)
 concurrent mark-sweep generation total 110036K, used 66221K [0x00000000ecca0000, 0x00000000f3815000, 0x0000000100000000)
 Metaspace       used 70591K, capacity 74208K, committed 74624K, reserved 1114112K
  class space    used 9044K, capacity 9724K, committed 9856K, reserved 1048576K
}
2020-11-07T19:59:18.647+0800: 85.324: Application time: 0.0211410 seconds
{Heap before GC invocations=1052 (full 90):
 par new generation   total 9216K, used 8474K [0x00000000e3400000, 0x00000000e3e00000, 0x00000000ecca0000)
  eden space 8192K, 100% used [0x00000000e3400000, 0x00000000e3c00000, 0x00000000e3c00000)
  from space 1024K,  27% used [0x00000000e3c00000, 0x00000000e3c46bc0, 0x00000000e3d00000)
  to   space 1024K,   0% used [0x00000000e3d00000, 0x00000000e3d00000, 0x00000000e3e00000)
 concurrent mark-sweep generation total 110036K, used 66221K [0x00000000ecca0000, 0x00000000f3815000, 0x0000000100000000)
 Metaspace       used 70591K, capacity 74208K, committed 74624K, reserved 1114112K
  class space    used 9044K, capacity 9724K, committed 9856K, reserved 1048576K
