OpenJDK 64-Bit Server VM (25.212-b04) for linux-amd64 JRE (1.8.0_212-b04), built on May  4 2019 17:56:12 by "buildozer" with gcc 8.3.0
Memory: 4k page, physical 1883492k(1017716k free), swap 0k(0k free)
CommandLine flags: -XX:+CMSClassUnloadingEnabled -XX:CMSFullGCsBeforeCompaction=9 -XX:CMSInitiatingOccupancyFraction=60 -XX:+CMSParallelRemarkEnabled -XX:+DisableExplicitGC -XX:+ExplicitGCInvokesConcurrent -XX:GCLogFileSize=5242880 -XX:+HeapDumpOnOutOfMemoryError -XX:HeapDumpPath=/opt/logs/100003171/HeapDumpOnOutOfMemoryError/ -XX:InitialHeapSize=30135872 -XX:MaxHeapSize=482173952 -XX:MaxNewSize=160083968 -XX:MaxTenuringThreshold=9 -XX:NumberOfGCLogFiles=5 -XX:OldPLABSize=16 -XX:-OmitStackTraceInFastThrow -XX:ParallelGCThreads=4 -XX:+PrintGC -XX:+PrintGCApplicationConcurrentTime -XX:+PrintGCDateStamps -XX:+PrintGCDetails -XX:+PrintGCTimeStamps -XX:+PrintHeapAtGC -XX:+ScavengeBeforeFullGC -XX:SoftRefLRUPolicyMSPerMB=0 -XX:+UseCMSCompactAtFullCollection -XX:+UseCMSInitiatingOccupancyOnly -XX:+UseCompressedClassPointers -XX:+UseCompressedOops -XX:+UseConcMarkSweepGC -XX:+UseGCLogFileRotation -XX:+UseParNewGC 
2020-11-07T19:55:17.141+0800: 0.291: Application time: 0.2004022 seconds
{Heap before GC invocations=0 (full 0):
 par new generation   total 9216K, used 8192K [0x00000000e3400000, 0x00000000e3e00000, 0x00000000ecca0000)
  eden space 8192K, 100% used [0x00000000e3400000, 0x00000000e3c00000, 0x00000000e3c00000)
  from space 1024K,   0% used [0x00000000e3c00000, 0x00000000e3c00000, 0x00000000e3d00000)
  to   space 1024K,   0% used [0x00000000e3d00000, 0x00000000e3d00000, 0x00000000e3e00000)
 concurrent mark-sweep generation total 20480K, used 0K [0x00000000ecca0000, 0x00000000ee0a0000, 0x0000000100000000)
 Metaspace       used 3664K, capacity 4664K, committed 4864K, reserved 1056768K
  class space    used 345K, capacity 424K, committed 512K, reserved 1048576K
2020-11-07T19:55:17.141+0800: 0.291: [GC (Allocation Failure) 2020-11-07T19:55:17.141+0800: 0.291: [ParNew: 8192K->1024K(9216K), 0.0638720 secs] 8192K->7252K(29696K), 0.0639616 secs] [Times: user=0.06 sys=0.01, real=0.07 secs] 
Heap after GC invocations=1 (full 0):
 par new generation   total 9216K, used 1024K [0x00000000e3400000, 0x00000000e3e00000, 0x00000000ecca0000)
  eden space 8192K,   0% used [0x00000000e3400000, 0x00000000e3400000, 0x00000000e3c00000)
  from space 1024K, 100% used [0x00000000e3d00000, 0x00000000e3e00000, 0x00000000e3e00000)
  to   space 1024K,   0% used [0x00000000e3c00000, 0x00000000e3c00000, 0x00000000e3d00000)
 concurrent mark-sweep generation total 20480K, used 6228K [0x00000000ecca0000, 0x00000000ee0a0000, 0x0000000100000000)
 Metaspace       used 3664K, capacity 4664K, committed 4864K, reserved 1056768K
  class space    used 345K, capacity 424K, committed 512K, reserved 1048576K
}
2020-11-07T19:55:17.351+0800: 0.500: Application time: 0.1455493 seconds
{Heap before GC invocations=1 (full 0):
 par new generation   total 9216K, used 9216K [0x00000000e3400000, 0x00000000e3e00000, 0x00000000ecca0000)
  eden space 8192K, 100% used [0x00000000e3400000, 0x00000000e3c00000, 0x00000000e3c00000)
  from space 1024K, 100% used [0x00000000e3d00000, 0x00000000e3e00000, 0x00000000e3e00000)
  to   space 1024K,   0% used [0x00000000e3c00000, 0x00000000e3c00000, 0x00000000e3d00000)
 concurrent mark-sweep generation total 20480K, used 6228K [0x00000000ecca0000, 0x00000000ee0a0000, 0x0000000100000000)
 Metaspace       used 3917K, capacity 4734K, committed 4864K, reserved 1056768K
  class space    used 367K, capacity 426K, committed 512K, reserved 1048576K
2020-11-07T19:55:17.351+0800: 0.501: [GC (Allocation Failure) 2020-11-07T19:55:17.351+0800: 0.501: [ParNew: 9216K->1024K(9216K), 0.0717206 secs] 15444K->14289K(29696K), 0.0717760 secs] [Times: user=0.07 sys=0.00, real=0.07 secs] 
Heap after GC invocations=2 (full 0):
 par new generation   total 9216K, used 1024K [0x00000000e3400000, 0x00000000e3e00000, 0x00000000ecca0000)
  eden space 8192K,   0% used [0x00000000e3400000, 0x00000000e3400000, 0x00000000e3c00000)
  from space 1024K, 100% used [0x00000000e3c00000, 0x00000000e3d00000, 0x00000000e3d00000)
  to   space 1024K,   0% used [0x00000000e3d00000, 0x00000000e3d00000, 0x00000000e3e00000)
 concurrent mark-sweep generation total 20480K, used 13265K [0x00000000ecca0000, 0x00000000ee0a0000, 0x0000000100000000)
 Metaspace       used 3917K, capacity 4734K, committed 4864K, reserved 1056768K
  class space    used 367K, capacity 426K, committed 512K, reserved 1048576K
}
2020-11-07T19:55:17.430+0800: 0.580: Application time: 0.0075765 seconds
2020-11-07T19:55:17.430+0800: 0.580: [GC (CMS Initial Mark) [1 CMS-initial-mark: 13265K(20480K)] 14472K(29696K), 0.0016192 secs] [Times: user=0.01 sys=0.00, real=0.00 secs] 
2020-11-07T19:55:17.432+0800: 0.582: [CMS-concurrent-mark-start]
2020-11-07T19:55:17.482+0800: 0.631: [CMS-concurrent-mark: 0.050/0.050 secs] [Times: user=0.04 sys=0.00, real=0.05 secs] 
2020-11-07T19:55:17.482+0800: 0.631: [CMS-concurrent-preclean-start]
2020-11-07T19:55:17.482+0800: 0.632: [CMS-concurrent-preclean: 0.000/0.000 secs] [Times: user=0.00 sys=0.00, real=0.00 secs] 
2020-11-07T19:55:17.490+0800: 0.640: Application time: 0.0582082 seconds
2020-11-07T19:55:17.492+0800: 0.641: [GC (CMS Final Remark) [YG occupancy: 3119 K (9216 K)]2020-11-07T19:55:17.492+0800: 0.641: [Rescan (parallel) , 0.0045874 secs]2020-11-07T19:55:17.496+0800: 0.646: [weak refs processing, 0.0000295 secs]2020-11-07T19:55:17.496+0800: 0.646: [class unloading, 0.0005768 secs]2020-11-07T19:55:17.497+0800: 0.646: [scrub symbol table, 0.0009176 secs]2020-11-07T19:55:17.498+0800: 0.647: [scrub string table, 0.0001803 secs][1 CMS-remark: 13265K(20480K)] 16385K(29696K), 0.0064527 secs] [Times: user=0.01 sys=0.00, real=0.01 secs] 
2020-11-07T19:55:17.498+0800: 0.648: [CMS-concurrent-sweep-start]
2020-11-07T19:55:17.520+0800: 0.670: [CMS-concurrent-sweep: 0.022/0.022 secs] [Times: user=0.02 sys=0.00, real=0.02 secs] 
2020-11-07T19:55:17.520+0800: 0.670: [CMS-concurrent-reset-start]
2020-11-07T19:55:17.545+0800: 0.695: [CMS-concurrent-reset: 0.025/0.025 secs] [Times: user=0.02 sys=0.01, real=0.03 secs] 
2020-11-07T19:55:17.645+0800: 0.794: Application time: 0.1467921 seconds
{Heap before GC invocations=2 (full 1):
 par new generation   total 9216K, used 9216K [0x00000000e3400000, 0x00000000e3e00000, 0x00000000ecca0000)
  eden space 8192K, 100% used [0x00000000e3400000, 0x00000000e3c00000, 0x00000000e3c00000)
  from space 1024K, 100% used [0x00000000e3c00000, 0x00000000e3d00000, 0x00000000e3d00000)
  to   space 1024K,   0% used [0x00000000e3d00000, 0x00000000e3d00000, 0x00000000e3e00000)
 concurrent mark-sweep generation total 20480K, used 11753K [0x00000000ecca0000, 0x00000000ee0a0000, 0x0000000100000000)
 Metaspace       used 4083K, capacity 4840K, committed 5120K, reserved 1056768K
  class space    used 376K, capacity 464K, committed 512K, reserved 1048576K
2020-11-07T19:55:17.645+0800: 0.795: [GC (Allocation Failure) 2020-11-07T19:55:17.645+0800: 0.795: [ParNew: 9216K->1024K(9216K), 0.1006320 secs] 20969K->14754K(29696K), 0.1007151 secs] [Times: user=0.09 sys=0.01, real=0.10 secs] 
Heap after GC invocations=3 (full 1):
 par new generation   total 9216K, used 1024K [0x00000000e3400000, 0x00000000e3e00000, 0x00000000ecca0000)
  eden space 8192K,   0% used [0x00000000e3400000, 0x00000000e3400000, 0x00000000e3c00000)
  from space 1024K, 100% used [0x00000000e3d00000, 0x00000000e3e00000, 0x00000000e3e00000)
  to   space 1024K,   0% used [0x00000000e3c00000, 0x00000000e3c00000, 0x00000000e3d00000)
 concurrent mark-sweep generation total 20480K, used 13730K [0x00000000ecca0000, 0x00000000ee0a0000, 0x0000000100000000)
 Metaspace       used 4083K, capacity 4840K, committed 5120K, reserved 1056768K
  class space    used 376K, capacity 464K, committed 512K, reserved 1048576K
}
2020-11-07T19:55:17.748+0800: 0.897: Application time: 0.0018684 seconds
2020-11-07T19:55:17.748+0800: 0.897: [GC (CMS Initial Mark) [1 CMS-initial-mark: 13730K(20480K)] 14877K(29696K), 0.0023989 secs] [Times: user=0.00 sys=0.00, real=0.00 secs] 
2020-11-07T19:55:17.754+0800: 0.904: [CMS-concurrent-mark-start]
2020-11-07T19:55:17.820+0800: 0.970: [CMS-concurrent-mark: 0.066/0.066 secs] [Times: user=0.07 sys=0.00, real=0.07 secs] 
2020-11-07T19:55:17.820+0800: 0.970: [CMS-concurrent-preclean-start]
2020-11-07T19:55:17.821+0800: 0.970: [CMS-concurrent-preclean: 0.000/0.000 secs] [Times: user=0.00 sys=0.00, real=0.00 secs] 
2020-11-07T19:55:17.821+0800: 0.970: [CMS-concurrent-abortable-preclean-start]
2020-11-07T19:55:17.849+0800: 0.999: Application time: 0.0989041 seconds
{Heap before GC invocations=3 (full 2):
 par new generation   total 9216K, used 9216K [0x00000000e3400000, 0x00000000e3e00000, 0x00000000ecca0000)
  eden space 8192K, 100% used [0x00000000e3400000, 0x00000000e3c00000, 0x00000000e3c00000)
  from space 1024K, 100% used [0x00000000e3d00000, 0x00000000e3e00000, 0x00000000e3e00000)
  to   space 1024K,   0% used [0x00000000e3c00000, 0x00000000e3c00000, 0x00000000e3d00000)
 concurrent mark-sweep generation total 20480K, used 13730K [0x00000000ecca0000, 0x00000000ee0a0000, 0x0000000100000000)
 Metaspace       used 4217K, capacity 4968K, committed 5120K, reserved 1056768K
  class space    used 388K, capacity 464K, committed 512K, reserved 1048576K
2020-11-07T19:55:17.849+0800: 0.999: [GC (Allocation Failure) 2020-11-07T19:55:17.849+0800: 0.999: [ParNew: 9216K->562K(9216K), 0.0198259 secs] 22946K->15311K(29696K), 0.0198988 secs] [Times: user=0.02 sys=0.00, real=0.02 secs] 
Heap after GC invocations=4 (full 2):
 par new generation   total 9216K, used 562K [0x00000000e3400000, 0x00000000e3e00000, 0x00000000ecca0000)
  eden space 8192K,   0% used [0x00000000e3400000, 0x00000000e3400000, 0x00000000e3c00000)
  from space 1024K,  54% used [0x00000000e3c00000, 0x00000000e3c8cb80, 0x00000000e3d00000)
  to   space 1024K,   0% used [0x00000000e3d00000, 0x00000000e3d00000, 0x00000000e3e00000)
 concurrent mark-sweep generation total 20480K, used 14748K [0x00000000ecca0000, 0x00000000ee0a0000, 0x0000000100000000)
 Metaspace       used 4217K, capacity 4968K, committed 5120K, reserved 1056768K
  class space    used 388K, capacity 464K, committed 512K, reserved 1048576K
}
2020-11-07T19:55:17.950+0800: 1.100: Application time: 0.0809841 seconds
{Heap before GC invocations=4 (full 2):
 par new generation   total 9216K, used 8754K [0x00000000e3400000, 0x00000000e3e00000, 0x00000000ecca0000)
  eden space 8192K, 100% used [0x00000000e3400000, 0x00000000e3c00000, 0x00000000e3c00000)
  from space 1024K,  54% used [0x00000000e3c00000, 0x00000000e3c8cb80, 0x00000000e3d00000)
  to   space 1024K,   0% used [0x00000000e3d00000, 0x00000000e3d00000, 0x00000000e3e00000)
 concurrent mark-sweep generation total 20480K, used 14748K [0x00000000ecca0000, 0x00000000ee0a0000, 0x0000000100000000)
 Metaspace       used 4479K, capacity 5192K, committed 5376K, reserved 1056768K
  class space    used 417K, capacity 496K, committed 512K, reserved 1048576K
2020-11-07T19:55:17.950+0800: 1.100: [GC (Allocation Failure) 2020-11-07T19:55:17.950+0800: 1.100: [ParNew: 8754K->152K(9216K), 0.0022914 secs] 23503K->14900K(29696K), 0.0023320 secs] [Times: user=0.00 sys=0.00, real=0.00 secs] 
Heap after GC invocations=5 (full 2):
 par new generation   total 9216K, used 152K [0x00000000e3400000, 0x00000000e3e00000, 0x00000000ecca0000)
  eden space 8192K,   0% used [0x00000000e3400000, 0x00000000e3400000, 0x00000000e3c00000)
  from space 1024K,  14% used [0x00000000e3d00000, 0x00000000e3d261c0, 0x00000000e3e00000)
  to   space 1024K,   0% used [0x00000000e3c00000, 0x00000000e3c00000, 0x00000000e3d00000)
 concurrent mark-sweep generation total 20480K, used 14748K [0x00000000ecca0000, 0x00000000ee0a0000, 0x0000000100000000)
 Metaspace       used 4479K, capacity 5192K, committed 5376K, reserved 1056768K
  class space    used 417K, capacity 496K, committed 512K, reserved 1048576K
}
2020-11-07T19:55:18.080+0800: 1.230: Application time: 0.1278917 seconds
{Heap before GC invocations=5 (full 2):
 par new generation   total 9216K, used 8344K [0x00000000e3400000, 0x00000000e3e00000, 0x00000000ecca0000)
  eden space 8192K, 100% used [0x00000000e3400000, 0x00000000e3c00000, 0x00000000e3c00000)
  from space 1024K,  14% used [0x00000000e3d00000, 0x00000000e3d261c0, 0x00000000e3e00000)
  to   space 1024K,   0% used [0x00000000e3c00000, 0x00000000e3c00000, 0x00000000e3d00000)
 concurrent mark-sweep generation total 20480K, used 14748K [0x00000000ecca0000, 0x00000000ee0a0000, 0x0000000100000000)
 Metaspace       used 4820K, capacity 5296K, committed 5504K, reserved 1056768K
  class space    used 466K, capacity 536K, committed 640K, reserved 1048576K
2020-11-07T19:55:18.081+0800: 1.230: [GC (Allocation Failure) 2020-11-07T19:55:18.081+0800: 1.230: [ParNew: 8344K->185K(9216K), 0.0138763 secs] 23092K->14933K(29696K), 0.0139322 secs] [Times: user=0.01 sys=0.00, real=0.02 secs] 
Heap after GC invocations=6 (full 2):
 par new generation   total 9216K, used 185K [0x00000000e3400000, 0x00000000e3e00000, 0x00000000ecca0000)
  eden space 8192K,   0% used [0x00000000e3400000, 0x00000000e3400000, 0x00000000e3c00000)
  from space 1024K,  18% used [0x00000000e3c00000, 0x00000000e3c2e558, 0x00000000e3d00000)
  to   space 1024K,   0% used [0x00000000e3d00000, 0x00000000e3d00000, 0x00000000e3e00000)
 concurrent mark-sweep generation total 20480K, used 14748K [0x00000000ecca0000, 0x00000000ee0a0000, 0x0000000100000000)
 Metaspace       used 4820K, capacity 5296K, committed 5504K, reserved 1056768K
  class space    used 466K, capacity 536K, committed 640K, reserved 1048576K
}
2020-11-07T19:55:18.095+0800: 1.244: [CMS-concurrent-abortable-preclean: 0.033/0.274 secs] [Times: user=0.24 sys=0.01, real=0.28 secs] 
2020-11-07T19:55:18.097+0800: 1.246: Application time: 0.0019976 seconds
2020-11-07T19:55:18.097+0800: 1.247: [GC (CMS Final Remark) [YG occupancy: 338 K (9216 K)]2020-11-07T19:55:18.097+0800: 1.247: [Rescan (parallel) , 0.0013251 secs]2020-11-07T19:55:18.098+0800: 1.248: [weak refs processing, 0.0000259 secs]2020-11-07T19:55:18.098+0800: 1.248: [class unloading, 0.0011167 secs]2020-11-07T19:55:18.099+0800: 1.249: [scrub symbol table, 0.0009579 secs]2020-11-07T19:55:18.100+0800: 1.250: [scrub string table, 0.0002038 secs][1 CMS-remark: 14748K(20480K)] 15086K(29696K), 0.0037496 secs] [Times: user=0.00 sys=0.00, real=0.00 secs] 
2020-11-07T19:55:18.108+0800: 1.257: [CMS-concurrent-sweep-start]
2020-11-07T19:55:18.114+0800: 1.264: [CMS-concurrent-sweep: 0.006/0.006 secs] [Times: user=0.00 sys=0.00, real=0.00 secs] 
2020-11-07T19:55:18.114+0800: 1.264: [CMS-concurrent-reset-start]
2020-11-07T19:55:18.115+0800: 1.265: [CMS-concurrent-reset: 0.001/0.001 secs] [Times: user=0.00 sys=0.00, real=0.01 secs] 
2020-11-07T19:55:18.177+0800: 1.327: Application time: 0.0762516 seconds
{Heap before GC invocations=6 (full 2):
 par new generation   total 9216K, used 8377K [0x00000000e3400000, 0x00000000e3e00000, 0x00000000ecca0000)
  eden space 8192K, 100% used [0x00000000e3400000, 0x00000000e3c00000, 0x00000000e3c00000)
  from space 1024K,  18% used [0x00000000e3c00000, 0x00000000e3c2e558, 0x00000000e3d00000)
  to   space 1024K,   0% used [0x00000000e3d00000, 0x00000000e3d00000, 0x00000000e3e00000)
 concurrent mark-sweep generation total 24480K, used 14686K [0x00000000ecca0000, 0x00000000ee488000, 0x0000000100000000)
 Metaspace       used 5013K, capacity 5360K, committed 5504K, reserved 1056768K
  class space    used 495K, capacity 536K, committed 640K, reserved 1048576K
2020-11-07T19:55:18.177+0800: 1.327: [GC (Allocation Failure) 2020-11-07T19:55:18.177+0800: 1.327: [ParNew: 8377K->245K(9216K), 0.0146088 secs] 23064K->14932K(33696K), 0.0146813 secs] [Times: user=0.01 sys=0.00, real=0.01 secs] 
Heap after GC invocations=7 (full 2):
 par new generation   total 9216K, used 245K [0x00000000e3400000, 0x00000000e3e00000, 0x00000000ecca0000)
  eden space 8192K,   0% used [0x00000000e3400000, 0x00000000e3400000, 0x00000000e3c00000)
  from space 1024K,  23% used [0x00000000e3d00000, 0x00000000e3d3d498, 0x00000000e3e00000)
  to   space 1024K,   0% used [0x00000000e3c00000, 0x00000000e3c00000, 0x00000000e3d00000)
 concurrent mark-sweep generation total 24480K, used 14686K [0x00000000ecca0000, 0x00000000ee488000, 0x0000000100000000)
 Metaspace       used 5013K, capacity 5360K, committed 5504K, reserved 1056768K
  class space    used 495K, capacity 536K, committed 640K, reserved 1048576K
}
2020-11-07T19:55:18.239+0800: 1.388: Application time: 0.0468874 seconds
{Heap before GC invocations=7 (full 2):
 par new generation   total 9216K, used 8437K [0x00000000e3400000, 0x00000000e3e00000, 0x00000000ecca0000)
  eden space 8192K, 100% used [0x00000000e3400000, 0x00000000e3c00000, 0x00000000e3c00000)
  from space 1024K,  23% used [0x00000000e3d00000, 0x00000000e3d3d498, 0x00000000e3e00000)
  to   space 1024K,   0% used [0x00000000e3c00000, 0x00000000e3c00000, 0x00000000e3d00000)
 concurrent mark-sweep generation total 24480K, used 14686K [0x00000000ecca0000, 0x00000000ee488000, 0x0000000100000000)
 Metaspace       used 5151K, capacity 5456K, committed 5760K, reserved 1056768K
  class space    used 518K, capacity 568K, committed 640K, reserved 1048576K
2020-11-07T19:55:18.239+0800: 1.388: [GC (Allocation Failure) 2020-11-07T19:55:18.239+0800: 1.388: [ParNew: 8437K->302K(9216K), 0.0041565 secs] 23124K->14989K(33696K), 0.0042044 secs] [Times: user=0.00 sys=0.00, real=0.00 secs] 
Heap after GC invocations=8 (full 2):
 par new generation   total 9216K, used 302K [0x00000000e3400000, 0x00000000e3e00000, 0x00000000ecca0000)
  eden space 8192K,   0% used [0x00000000e3400000, 0x00000000e3400000, 0x00000000e3c00000)
  from space 1024K,  29% used [0x00000000e3c00000, 0x00000000e3c4b950, 0x00000000e3d00000)
  to   space 1024K,   0% used [0x00000000e3d00000, 0x00000000e3d00000, 0x00000000e3e00000)
 concurrent mark-sweep generation total 24480K, used 14686K [0x00000000ecca0000, 0x00000000ee488000, 0x0000000100000000)
 Metaspace       used 5151K, capacity 5456K, committed 5760K, reserved 1056768K
  class space    used 518K, capacity 568K, committed 640K, reserved 1048576K
}
2020-11-07T19:55:18.323+0800: 1.473: Application time: 0.0802808 seconds
{Heap before GC invocations=8 (full 2):
 par new generation   total 9216K, used 8494K [0x00000000e3400000, 0x00000000e3e00000, 0x00000000ecca0000)
  eden space 8192K, 100% used [0x00000000e3400000, 0x00000000e3c00000, 0x00000000e3c00000)
  from space 1024K,  29% used [0x00000000e3c00000, 0x00000000e3c4b950, 0x00000000e3d00000)
  to   space 1024K,   0% used [0x00000000e3d00000, 0x00000000e3d00000, 0x00000000e3e00000)
 concurrent mark-sweep generation total 24480K, used 14686K [0x00000000ecca0000, 0x00000000ee488000, 0x0000000100000000)
 Metaspace       used 5344K, capacity 5616K, committed 5760K, reserved 1056768K
  class space    used 544K, capacity 600K, committed 640K, reserved 1048576K
2020-11-07T19:55:18.323+0800: 1.473: [GC (Allocation Failure) 2020-11-07T19:55:18.323+0800: 1.473: [ParNew: 8494K->376K(9216K), 0.0103534 secs] 23181K->15063K(33696K), 0.0104053 secs] [Times: user=0.01 sys=0.00, real=0.01 secs] 
Heap after GC invocations=9 (full 2):
 par new generation   total 9216K, used 376K [0x00000000e3400000, 0x00000000e3e00000, 0x00000000ecca0000)
  eden space 8192K,   0% used [0x00000000e3400000, 0x00000000e3400000, 0x00000000e3c00000)
  from space 1024K,  36% used [0x00000000e3d00000, 0x00000000e3d5e0f0, 0x00000000e3e00000)
  to   space 1024K,   0% used [0x00000000e3c00000, 0x00000000e3c00000, 0x00000000e3d00000)
 concurrent mark-sweep generation total 24480K, used 14686K [0x00000000ecca0000, 0x00000000ee488000, 0x0000000100000000)
 Metaspace       used 5344K, capacity 5616K, committed 5760K, reserved 1056768K
  class space    used 544K, capacity 600K, committed 640K, reserved 1048576K
}
2020-11-07T19:55:18.374+0800: 1.524: Application time: 0.0402524 seconds
2020-11-07T19:55:18.474+0800: 1.623: Application time: 0.0994071 seconds
{Heap before GC invocations=9 (full 2):
 par new generation   total 9216K, used 8568K [0x00000000e3400000, 0x00000000e3e00000, 0x00000000ecca0000)
  eden space 8192K, 100% used [0x00000000e3400000, 0x00000000e3c00000, 0x00000000e3c00000)
  from space 1024K,  36% used [0x00000000e3d00000, 0x00000000e3d5e0f0, 0x00000000e3e00000)
  to   space 1024K,   0% used [0x00000000e3c00000, 0x00000000e3c00000, 0x00000000e3d00000)
 concurrent mark-sweep generation total 24480K, used 14686K [0x00000000ecca0000, 0x00000000ee488000, 0x0000000100000000)
 Metaspace       used 6475K, capacity 6592K, committed 6656K, reserved 1056768K
  class space    used 678K, capacity 728K, committed 768K, reserved 1048576K
2020-11-07T19:55:18.474+0800: 1.624: [GC (Allocation Failure) 2020-11-07T19:55:18.474+0800: 1.624: [ParNew: 8568K->596K(9216K), 0.0055348 secs] 23255K->15283K(33696K), 0.0056025 secs] [Times: user=0.01 sys=0.00, real=0.01 secs] 
Heap after GC invocations=10 (full 2):
 par new generation   total 9216K, used 596K [0x00000000e3400000, 0x00000000e3e00000, 0x00000000ecca0000)
  eden space 8192K,   0% used [0x00000000e3400000, 0x00000000e3400000, 0x00000000e3c00000)
  from space 1024K,  58% used [0x00000000e3c00000, 0x00000000e3c950a0, 0x00000000e3d00000)
  to   space 1024K,   0% used [0x00000000e3d00000, 0x00000000e3d00000, 0x00000000e3e00000)
 concurrent mark-sweep generation total 24480K, used 14686K [0x00000000ecca0000, 0x00000000ee488000, 0x0000000100000000)
 Metaspace       used 6475K, capacity 6592K, committed 6656K, reserved 1056768K
  class space    used 678K, capacity 728K, committed 768K, reserved 1048576K
}
2020-11-07T19:55:18.548+0800: 1.698: Application time: 0.0687268 seconds
{Heap before GC invocations=10 (full 2):
 par new generation   total 9216K, used 8788K [0x00000000e3400000, 0x00000000e3e00000, 0x00000000ecca0000)
  eden space 8192K, 100% used [0x00000000e3400000, 0x00000000e3c00000, 0x00000000e3c00000)
  from space 1024K,  58% used [0x00000000e3c00000, 0x00000000e3c950a0, 0x00000000e3d00000)
  to   space 1024K,   0% used [0x00000000e3d00000, 0x00000000e3d00000, 0x00000000e3e00000)
 concurrent mark-sweep generation total 24480K, used 14686K [0x00000000ecca0000, 0x00000000ee488000, 0x0000000100000000)
 Metaspace       used 6687K, capacity 6816K, committed 6912K, reserved 1056768K
  class space    used 708K, capacity 760K, committed 768K, reserved 1048576K
2020-11-07T19:55:18.548+0800: 1.698: [GC (Allocation Failure) 2020-11-07T19:55:18.548+0800: 1.698: [ParNew: 8788K->544K(9216K), 0.0033045 secs] 23475K->15357K(33696K), 0.0033534 secs] [Times: user=0.00 sys=0.00, real=0.00 secs] 
Heap after GC invocations=11 (full 2):
 par new generation   total 9216K, used 544K [0x00000000e3400000, 0x00000000e3e00000, 0x00000000ecca0000)
  eden space 8192K,   0% used [0x00000000e3400000, 0x00000000e3400000, 0x00000000e3c00000)
  from space 1024K,  53% used [0x00000000e3d00000, 0x00000000e3d88038, 0x00000000e3e00000)
  to   space 1024K,   0% used [0x00000000e3c00000, 0x00000000e3c00000, 0x00000000e3d00000)
 concurrent mark-sweep generation total 24480K, used 14813K [0x00000000ecca0000, 0x00000000ee488000, 0x0000000100000000)
 Metaspace       used 6687K, capacity 6816K, committed 6912K, reserved 1056768K
  class space    used 708K, capacity 760K, committed 768K, reserved 1048576K
}
2020-11-07T19:55:18.556+0800: 1.706: Application time: 0.0046284 seconds
2020-11-07T19:55:18.557+0800: 1.706: [GC (CMS Initial Mark) [1 CMS-initial-mark: 14813K(24480K)] 16495K(33696K), 0.0013072 secs] [Times: user=0.00 sys=0.00, real=0.00 secs] 
2020-11-07T19:55:18.563+0800: 1.713: [CMS-concurrent-mark-start]
2020-11-07T19:55:18.643+0800: 1.793: [CMS-concurrent-mark: 0.079/0.079 secs] [Times: user=0.08 sys=0.00, real=0.08 secs] 
2020-11-07T19:55:18.643+0800: 1.793: [CMS-concurrent-preclean-start]
2020-11-07T19:55:18.643+0800: 1.793: [CMS-concurrent-preclean: 0.000/0.000 secs] [Times: user=0.00 sys=0.00, real=0.00 secs] 
2020-11-07T19:55:18.643+0800: 1.793: [CMS-concurrent-abortable-preclean-start]
2020-11-07T19:55:18.670+0800: 1.819: Application time: 0.1117774 seconds
{Heap before GC invocations=11 (full 3):
 par new generation   total 9216K, used 8736K [0x00000000e3400000, 0x00000000e3e00000, 0x00000000ecca0000)
  eden space 8192K, 100% used [0x00000000e3400000, 0x00000000e3c00000, 0x00000000e3c00000)
  from space 1024K,  53% used [0x00000000e3d00000, 0x00000000e3d88038, 0x00000000e3e00000)
  to   space 1024K,   0% used [0x00000000e3c00000, 0x00000000e3c00000, 0x00000000e3d00000)
 concurrent mark-sweep generation total 24480K, used 14813K [0x00000000ecca0000, 0x00000000ee488000, 0x0000000100000000)
 Metaspace       used 6874K, capacity 6976K, committed 7296K, reserved 1056768K
  class space    used 737K, capacity 792K, committed 896K, reserved 1048576K
2020-11-07T19:55:18.670+0800: 1.819: [GC (Allocation Failure) 2020-11-07T19:55:18.670+0800: 1.819: [ParNew: 8736K->607K(9216K), 0.0188463 secs] 23549K->15420K(33696K), 0.0189249 secs] [Times: user=0.02 sys=0.00, real=0.02 secs] 
Heap after GC invocations=12 (full 3):
 par new generation   total 9216K, used 607K [0x00000000e3400000, 0x00000000e3e00000, 0x00000000ecca0000)
  eden space 8192K,   0% used [0x00000000e3400000, 0x00000000e3400000, 0x00000000e3c00000)
  from space 1024K,  59% used [0x00000000e3c00000, 0x00000000e3c97e48, 0x00000000e3d00000)
  to   space 1024K,   0% used [0x00000000e3d00000, 0x00000000e3d00000, 0x00000000e3e00000)
 concurrent mark-sweep generation total 24480K, used 14813K [0x00000000ecca0000, 0x00000000ee488000, 0x0000000100000000)
 Metaspace       used 6874K, capacity 6976K, committed 7296K, reserved 1056768K
  class space    used 737K, capacity 792K, committed 896K, reserved 1048576K
}
2020-11-07T19:55:18.737+0800: 1.887: Application time: 0.0485461 seconds
{Heap before GC invocations=12 (full 3):
 par new generation   total 9216K, used 8799K [0x00000000e3400000, 0x00000000e3e00000, 0x00000000ecca0000)
  eden space 8192K, 100% used [0x00000000e3400000, 0x00000000e3c00000, 0x00000000e3c00000)
  from space 1024K,  59% used [0x00000000e3c00000, 0x00000000e3c97e48, 0x00000000e3d00000)
  to   space 1024K,   0% used [0x00000000e3d00000, 0x00000000e3d00000, 0x00000000e3e00000)
 concurrent mark-sweep generation total 24480K, used 14813K [0x00000000ecca0000, 0x00000000ee488000, 0x0000000100000000)
 Metaspace       used 7067K, capacity 7200K, committed 7296K, reserved 1056768K
  class space    used 774K, capacity 824K, committed 896K, reserved 1048576K
2020-11-07T19:55:18.737+0800: 1.887: [GC (Allocation Failure) 2020-11-07T19:55:18.737+0800: 1.887: [ParNew: 8799K->590K(9216K), 0.0196877 secs] 23612K->15457K(33696K), 0.0197433 secs] [Times: user=0.01 sys=0.00, real=0.02 secs] 
Heap after GC invocations=13 (full 3):
 par new generation   total 9216K, used 590K [0x00000000e3400000, 0x00000000e3e00000, 0x00000000ecca0000)
  eden space 8192K,   0% used [0x00000000e3400000, 0x00000000e3400000, 0x00000000e3c00000)
  from space 1024K,  57% used [0x00000000e3d00000, 0x00000000e3d93bc8, 0x00000000e3e00000)
  to   space 1024K,   0% used [0x00000000e3c00000, 0x00000000e3c00000, 0x00000000e3d00000)
 concurrent mark-sweep generation total 24480K, used 14866K [0x00000000ecca0000, 0x00000000ee488000, 0x0000000100000000)
 Metaspace       used 7067K, capacity 7200K, committed 7296K, reserved 1056768K
  class space    used 774K, capacity 824K, committed 896K, reserved 1048576K
}
2020-11-07T19:55:18.833+0800: 1.983: Application time: 0.0757666 seconds
2020-11-07T19:55:18.880+0800: 2.030: Application time: 0.0470227 seconds
{Heap before GC invocations=13 (full 3):
 par new generation   total 9216K, used 8782K [0x00000000e3400000, 0x00000000e3e00000, 0x00000000ecca0000)
  eden space 8192K, 100% used [0x00000000e3400000, 0x00000000e3c00000, 0x00000000e3c00000)
  from space 1024K,  57% used [0x00000000e3d00000, 0x00000000e3d93bc8, 0x00000000e3e00000)
  to   space 1024K,   0% used [0x00000000e3c00000, 0x00000000e3c00000, 0x00000000e3d00000)
 concurrent mark-sweep generation total 24480K, used 14866K [0x00000000ecca0000, 0x00000000ee488000, 0x0000000100000000)
 Metaspace       used 7877K, capacity 8000K, committed 8192K, reserved 1056768K
  class space    used 870K, capacity 920K, committed 1024K, reserved 1048576K
2020-11-07T19:55:18.880+0800: 2.030: [GC (Allocation Failure) 2020-11-07T19:55:18.880+0800: 2.030: [ParNew: 8782K->863K(9216K), 0.0094603 secs] 23649K->15756K(33696K), 0.0095167 secs] [Times: user=0.01 sys=0.00, real=0.01 secs] 
Heap after GC invocations=14 (full 3):
 par new generation   total 9216K, used 863K [0x00000000e3400000, 0x00000000e3e00000, 0x00000000ecca0000)
  eden space 8192K,   0% used [0x00000000e3400000, 0x00000000e3400000, 0x00000000e3c00000)
  from space 1024K,  84% used [0x00000000e3c00000, 0x00000000e3cd7fc8, 0x00000000e3d00000)
  to   space 1024K,   0% used [0x00000000e3d00000, 0x00000000e3d00000, 0x00000000e3e00000)
 concurrent mark-sweep generation total 24480K, used 14892K [0x00000000ecca0000, 0x00000000ee488000, 0x0000000100000000)
 Metaspace       used 7877K, capacity 8000K, committed 8192K, reserved 1056768K
  class space    used 870K, capacity 920K, committed 1024K, reserved 1048576K
}
2020-11-07T19:55:18.890+0800: 2.040: [CMS-concurrent-abortable-preclean: 0.015/0.247 secs] [Times: user=0.23 sys=0.01, real=0.25 secs] 
2020-11-07T19:55:18.898+0800: 2.048: Application time: 0.0080246 seconds
2020-11-07T19:55:18.898+0800: 2.048: [GC (CMS Final Remark) [YG occupancy: 2011 K (9216 K)]2020-11-07T19:55:18.898+0800: 2.048: [Rescan (parallel) , 0.0027390 secs]2020-11-07T19:55:18.901+0800: 2.051: [weak refs processing, 0.0000232 secs]2020-11-07T19:55:18.901+0800: 2.051: [class unloading, 0.0016793 secs]2020-11-07T19:55:18.903+0800: 2.052: [scrub symbol table, 0.0017963 secs]2020-11-07T19:55:18.904+0800: 2.054: [scrub string table, 0.0002489 secs][1 CMS-remark: 14892K(24480K)] 16903K(33696K), 0.0066334 secs] [Times: user=0.01 sys=0.00, real=0.01 secs] 
2020-11-07T19:55:18.909+0800: 2.058: [CMS-concurrent-sweep-start]
2020-11-07T19:55:18.915+0800: 2.065: [CMS-concurrent-sweep: 0.006/0.006 secs] [Times: user=0.01 sys=0.00, real=0.01 secs] 
2020-11-07T19:55:18.915+0800: 2.065: [CMS-concurrent-reset-start]
2020-11-07T19:55:18.916+0800: 2.066: [CMS-concurrent-reset: 0.001/0.001 secs] [Times: user=0.00 sys=0.00, real=0.00 secs] 
2020-11-07T19:55:18.998+0800: 2.148: Application time: 0.0935387 seconds
{Heap before GC invocations=14 (full 3):
 par new generation   total 9216K, used 9055K [0x00000000e3400000, 0x00000000e3e00000, 0x00000000ecca0000)
  eden space 8192K, 100% used [0x00000000e3400000, 0x00000000e3c00000, 0x00000000e3c00000)
  from space 1024K,  84% used [0x00000000e3c00000, 0x00000000e3cd7fc8, 0x00000000e3d00000)
  to   space 1024K,   0% used [0x00000000e3d00000, 0x00000000e3d00000, 0x00000000e3e00000)
 concurrent mark-sweep generation total 24804K, used 14882K [0x00000000ecca0000, 0x00000000ee4d9000, 0x0000000100000000)
 Metaspace       used 8117K, capacity 8224K, committed 8448K, reserved 1056768K
  class space    used 900K, capacity 952K, committed 1024K, reserved 1048576K
2020-11-07T19:55:18.998+0800: 2.148: [GC (Allocation Failure) 2020-11-07T19:55:18.998+0800: 2.148: [ParNew: 9055K->829K(9216K), 0.0060574 secs] 23938K->15995K(34020K), 0.0061339 secs] [Times: user=0.01 sys=0.00, real=0.01 secs] 
Heap after GC invocations=15 (full 3):
 par new generation   total 9216K, used 829K [0x00000000e3400000, 0x00000000e3e00000, 0x00000000ecca0000)
  eden space 8192K,   0% used [0x00000000e3400000, 0x00000000e3400000, 0x00000000e3c00000)
  from space 1024K,  81% used [0x00000000e3d00000, 0x00000000e3dcf5e8, 0x00000000e3e00000)
  to   space 1024K,   0% used [0x00000000e3c00000, 0x00000000e3c00000, 0x00000000e3d00000)
 concurrent mark-sweep generation total 24804K, used 15165K [0x00000000ecca0000, 0x00000000ee4d9000, 0x0000000100000000)
 Metaspace       used 8117K, capacity 8224K, committed 8448K, reserved 1056768K
  class space    used 900K, capacity 952K, committed 1024K, reserved 1048576K
}
2020-11-07T19:55:19.010+0800: 2.159: Application time: 0.0051864 seconds
2020-11-07T19:55:19.011+0800: 2.160: [GC (CMS Initial Mark) [1 CMS-initial-mark: 15165K(24804K)] 17230K(34020K), 0.0018888 secs] [Times: user=0.01 sys=0.00, real=0.00 secs] 
2020-11-07T19:55:19.012+0800: 2.162: [CMS-concurrent-mark-start]
2020-11-07T19:55:19.076+0800: 2.226: [CMS-concurrent-mark: 0.063/0.063 secs] [Times: user=0.06 sys=0.00, real=0.07 secs] 
2020-11-07T19:55:19.076+0800: 2.226: [CMS-concurrent-preclean-start]
2020-11-07T19:55:19.076+0800: 2.226: [CMS-concurrent-preclean: 0.000/0.000 secs] [Times: user=0.00 sys=0.00, real=0.00 secs] 
2020-11-07T19:55:19.076+0800: 2.226: [CMS-concurrent-abortable-preclean-start]
2020-11-07T19:55:19.088+0800: 2.237: Application time: 0.0750554 seconds
{Heap before GC invocations=15 (full 4):
 par new generation   total 9216K, used 9021K [0x00000000e3400000, 0x00000000e3e00000, 0x00000000ecca0000)
  eden space 8192K, 100% used [0x00000000e3400000, 0x00000000e3c00000, 0x00000000e3c00000)
  from space 1024K,  81% used [0x00000000e3d00000, 0x00000000e3dcf5e8, 0x00000000e3e00000)
  to   space 1024K,   0% used [0x00000000e3c00000, 0x00000000e3c00000, 0x00000000e3d00000)
 concurrent mark-sweep generation total 24804K, used 15165K [0x00000000ecca0000, 0x00000000ee4d9000, 0x0000000100000000)
 Metaspace       used 8277K, capacity 8416K, committed 8704K, reserved 1056768K
  class space    used 916K, capacity 952K, committed 1024K, reserved 1048576K
2020-11-07T19:55:19.088+0800: 2.237: [GC (Allocation Failure) 2020-11-07T19:55:19.088+0800: 2.237: [ParNew: 9021K->366K(9216K), 0.0054978 secs] 24187K->15908K(34020K), 0.0055829 secs] [Times: user=0.00 sys=0.00, real=0.00 secs] 
Heap after GC invocations=16 (full 4):
 par new generation   total 9216K, used 366K [0x00000000e3400000, 0x00000000e3e00000, 0x00000000ecca0000)
  eden space 8192K,   0% used [0x00000000e3400000, 0x00000000e3400000, 0x00000000e3c00000)
  from space 1024K,  35% used [0x00000000e3c00000, 0x00000000e3c5ba58, 0x00000000e3d00000)
  to   space 1024K,   0% used [0x00000000e3d00000, 0x00000000e3d00000, 0x00000000e3e00000)
 concurrent mark-sweep generation total 24804K, used 15541K [0x00000000ecca0000, 0x00000000ee4d9000, 0x0000000100000000)
 Metaspace       used 8277K, capacity 8416K, committed 8704K, reserved 1056768K
  class space    used 916K, capacity 952K, committed 1024K, reserved 1048576K
}
2020-11-07T19:55:19.128+0800: 2.277: Application time: 0.0345199 seconds
{Heap before GC invocations=16 (full 4):
 par new generation   total 9216K, used 8558K [0x00000000e3400000, 0x00000000e3e00000, 0x00000000ecca0000)
  eden space 8192K, 100% used [0x00000000e3400000, 0x00000000e3c00000, 0x00000000e3c00000)
  from space 1024K,  35% used [0x00000000e3c00000, 0x00000000e3c5ba58, 0x00000000e3d00000)
  to   space 1024K,   0% used [0x00000000e3d00000, 0x00000000e3d00000, 0x00000000e3e00000)
 concurrent mark-sweep generation total 24804K, used 15541K [0x00000000ecca0000, 0x00000000ee4d9000, 0x0000000100000000)
 Metaspace       used 8364K, capacity 8512K, committed 8704K, reserved 1056768K
  class space    used 931K, capacity 984K, committed 1024K, reserved 1048576K
2020-11-07T19:55:19.128+0800: 2.278: [GC (Allocation Failure) 2020-11-07T19:55:19.128+0800: 2.278: [ParNew: 8558K->268K(9216K), 0.0024344 secs] 24100K->15810K(34020K), 0.0024788 secs] [Times: user=0.00 sys=0.00, real=0.00 secs] 
Heap after GC invocations=17 (full 4):
 par new generation   total 9216K, used 268K [0x00000000e3400000, 0x00000000e3e00000, 0x00000000ecca0000)
  eden space 8192K,   0% used [0x00000000e3400000, 0x00000000e3400000, 0x00000000e3c00000)
  from space 1024K,  26% used [0x00000000e3d00000, 0x00000000e3d43260, 0x00000000e3e00000)
  to   space 1024K,   0% used [0x00000000e3c00000, 0x00000000e3c00000, 0x00000000e3d00000)
 concurrent mark-sweep generation total 24804K, used 15541K [0x00000000ecca0000, 0x00000000ee4d9000, 0x0000000100000000)
 Metaspace       used 8364K, capacity 8512K, committed 8704K, reserved 1056768K
  class space    used 931K, capacity 984K, committed 1024K, reserved 1048576K
}
2020-11-07T19:55:19.344+0800: 2.493: Application time: 0.2130273 seconds
{Heap before GC invocations=17 (full 4):
 par new generation   total 9216K, used 8460K [0x00000000e3400000, 0x00000000e3e00000, 0x00000000ecca0000)
  eden space 8192K, 100% used [0x00000000e3400000, 0x00000000e3c00000, 0x00000000e3c00000)
  from space 1024K,  26% used [0x00000000e3d00000, 0x00000000e3d43260, 0x00000000e3e00000)
  to   space 1024K,   0% used [0x00000000e3c00000, 0x00000000e3c00000, 0x00000000e3d00000)
 concurrent mark-sweep generation total 24804K, used 15541K [0x00000000ecca0000, 0x00000000ee4d9000, 0x0000000100000000)
 Metaspace       used 9327K, capacity 9488K, committed 9600K, reserved 1058816K
  class space    used 1033K, capacity 1120K, committed 1152K, reserved 1048576K
2020-11-07T19:55:19.344+0800: 2.493: [GC (Allocation Failure) 2020-11-07T19:55:19.344+0800: 2.493: [ParNew: 8460K->580K(9216K), 0.0131174 secs] 24002K->16121K(34020K), 0.0131886 secs] [Times: user=0.01 sys=0.00, real=0.02 secs] 
Heap after GC invocations=18 (full 4):
 par new generation   total 9216K, used 580K [0x00000000e3400000, 0x00000000e3e00000, 0x00000000ecca0000)
  eden space 8192K,   0% used [0x00000000e3400000, 0x00000000e3400000, 0x00000000e3c00000)
  from space 1024K,  56% used [0x00000000e3c00000, 0x00000000e3c91090, 0x00000000e3d00000)
  to   space 1024K,   0% used [0x00000000e3d00000, 0x00000000e3d00000, 0x00000000e3e00000)
 concurrent mark-sweep generation total 24804K, used 15541K [0x00000000ecca0000, 0x00000000ee4d9000, 0x0000000100000000)
 Metaspace       used 9327K, capacity 9488K, committed 9600K, reserved 1058816K
  class space    used 1033K, capacity 1120K, committed 1152K, reserved 1048576K
}
2020-11-07T19:55:19.357+0800: 2.507: [CMS-concurrent-abortable-preclean: 0.021/0.281 secs] [Times: user=0.26 sys=0.01, real=0.28 secs] 
2020-11-07T19:55:19.361+0800: 2.511: Application time: 0.0045627 seconds
2020-11-07T19:55:19.362+0800: 2.511: [GC (CMS Final Remark) [YG occupancy: 907 K (9216 K)]2020-11-07T19:55:19.362+0800: 2.511: [Rescan (parallel) , 0.0024602 secs]2020-11-07T19:55:19.364+0800: 2.514: [weak refs processing, 0.0000336 secs]2020-11-07T19:55:19.364+0800: 2.514: [class unloading, 0.0020715 secs]2020-11-07T19:55:19.366+0800: 2.516: [scrub symbol table, 0.0019852 secs]2020-11-07T19:55:19.368+0800: 2.518: [scrub string table, 0.0003383 secs][1 CMS-remark: 15541K(24804K)] 16449K(34020K), 0.0070672 secs] [Times: user=0.00 sys=0.00, real=0.01 secs] 
2020-11-07T19:55:19.369+0800: 2.518: [CMS-concurrent-sweep-start]
2020-11-07T19:55:19.376+0800: 2.526: [CMS-concurrent-sweep: 0.007/0.007 secs] [Times: user=0.01 sys=0.00, real=0.01 secs] 
2020-11-07T19:55:19.376+0800: 2.526: [CMS-concurrent-reset-start]
2020-11-07T19:55:19.377+0800: 2.527: [CMS-concurrent-reset: 0.001/0.001 secs] [Times: user=0.00 sys=0.00, real=0.00 secs] 
2020-11-07T19:55:19.416+0800: 2.565: Application time: 0.0469301 seconds
{Heap before GC invocations=18 (full 4):
 par new generation   total 9216K, used 8772K [0x00000000e3400000, 0x00000000e3e00000, 0x00000000ecca0000)
  eden space 8192K, 100% used [0x00000000e3400000, 0x00000000e3c00000, 0x00000000e3c00000)
  from space 1024K,  56% used [0x00000000e3c00000, 0x00000000e3c91090, 0x00000000e3d00000)
  to   space 1024K,   0% used [0x00000000e3d00000, 0x00000000e3d00000, 0x00000000e3e00000)
 concurrent mark-sweep generation total 25864K, used 15516K [0x00000000ecca0000, 0x00000000ee5e2000, 0x0000000100000000)
 Metaspace       used 9398K, capacity 9562K, committed 9856K, reserved 1058816K
  class space    used 1044K, capacity 1125K, committed 1152K, reserved 1048576K
2020-11-07T19:55:19.416+0800: 2.565: [GC (Allocation Failure) 2020-11-07T19:55:19.416+0800: 2.565: [ParNew: 8772K->444K(9216K), 0.0163774 secs] 24288K->16111K(35080K), 0.0164606 secs] [Times: user=0.02 sys=0.00, real=0.01 secs] 
Heap after GC invocations=19 (full 4):
 par new generation   total 9216K, used 444K [0x00000000e3400000, 0x00000000e3e00000, 0x00000000ecca0000)
  eden space 8192K,   0% used [0x00000000e3400000, 0x00000000e3400000, 0x00000000e3c00000)
  from space 1024K,  43% used [0x00000000e3d00000, 0x00000000e3d6f120, 0x00000000e3e00000)
  to   space 1024K,   0% used [0x00000000e3c00000, 0x00000000e3c00000, 0x00000000e3d00000)
 concurrent mark-sweep generation total 25864K, used 15667K [0x00000000ecca0000, 0x00000000ee5e2000, 0x0000000100000000)
 Metaspace       used 9398K, capacity 9562K, committed 9856K, reserved 1058816K
  class space    used 1044K, capacity 1125K, committed 1152K, reserved 1048576K
}
2020-11-07T19:55:19.645+0800: 2.794: Application time: 0.2124321 seconds
2020-11-07T19:55:19.850+0800: 3.000: [GC (CMS Initial Mark) [1 CMS-initial-mark: 15667K(25864K)] 16931K(35080K), 0.0015476 secs] [Times: user=0.00 sys=0.00, real=0.00 secs] 
2020-11-07T19:55:19.858+0800: 3.008: [CMS-concurrent-mark-start]
2020-11-07T19:55:19.922+0800: 3.072: [CMS-concurrent-mark: 0.064/0.064 secs] [Times: user=0.06 sys=0.00, real=0.06 secs] 
2020-11-07T19:55:19.922+0800: 3.072: [CMS-concurrent-preclean-start]
2020-11-07T19:55:19.922+0800: 3.072: [CMS-concurrent-preclean: 0.000/0.000 secs] [Times: user=0.00 sys=0.00, real=0.00 secs] 
2020-11-07T19:55:19.922+0800: 3.072: [CMS-concurrent-abortable-preclean-start]
2020-11-07T19:55:19.979+0800: 3.128: Application time: 0.1268492 seconds
{Heap before GC invocations=19 (full 5):
 par new generation   total 9216K, used 8636K [0x00000000e3400000, 0x00000000e3e00000, 0x00000000ecca0000)
  eden space 8192K, 100% used [0x00000000e3400000, 0x00000000e3c00000, 0x00000000e3c00000)
  from space 1024K,  43% used [0x00000000e3d00000, 0x00000000e3d6f120, 0x00000000e3e00000)
  to   space 1024K,   0% used [0x00000000e3c00000, 0x00000000e3c00000, 0x00000000e3d00000)
 concurrent mark-sweep generation total 25864K, used 15667K [0x00000000ecca0000, 0x00000000ee5e2000, 0x0000000100000000)
 Metaspace       used 9756K, capacity 9978K, committed 10240K, reserved 1058816K
  class space    used 1086K, capacity 1157K, committed 1280K, reserved 1048576K
2020-11-07T19:55:19.979+0800: 3.129: [GC (Allocation Failure) 2020-11-07T19:55:19.979+0800: 3.129: [ParNew: 8636K->495K(9216K), 0.0061410 secs] 24303K->16162K(35080K), 0.0062196 secs] [Times: user=0.00 sys=0.00, real=0.01 secs] 
Heap after GC invocations=20 (full 5):
 par new generation   total 9216K, used 495K [0x00000000e3400000, 0x00000000e3e00000, 0x00000000ecca0000)
  eden space 8192K,   0% used [0x00000000e3400000, 0x00000000e3400000, 0x00000000e3c00000)
  from space 1024K,  48% used [0x00000000e3c00000, 0x00000000e3c7bcd8, 0x00000000e3d00000)
  to   space 1024K,   0% used [0x00000000e3d00000, 0x00000000e3d00000, 0x00000000e3e00000)
 concurrent mark-sweep generation total 25864K, used 15667K [0x00000000ecca0000, 0x00000000ee5e2000, 0x0000000100000000)
 Metaspace       used 9756K, capacity 9978K, committed 10240K, reserved 1058816K
  class space    used 1086K, capacity 1157K, committed 1280K, reserved 1048576K
}
2020-11-07T19:55:20.024+0800: 3.174: Application time: 0.0391604 seconds
{Heap before GC invocations=20 (full 5):
 par new generation   total 9216K, used 8687K [0x00000000e3400000, 0x00000000e3e00000, 0x00000000ecca0000)
  eden space 8192K, 100% used [0x00000000e3400000, 0x00000000e3c00000, 0x00000000e3c00000)
  from space 1024K,  48% used [0x00000000e3c00000, 0x00000000e3c7bcd8, 0x00000000e3d00000)
  to   space 1024K,   0% used [0x00000000e3d00000, 0x00000000e3d00000, 0x00000000e3e00000)
 concurrent mark-sweep generation total 25864K, used 15667K [0x00000000ecca0000, 0x00000000ee5e2000, 0x0000000100000000)
 Metaspace       used 9807K, capacity 10010K, committed 10240K, reserved 1058816K
  class space    used 1096K, capacity 1189K, committed 1280K, reserved 1048576K
2020-11-07T19:55:20.024+0800: 3.174: [GC (Allocation Failure) 2020-11-07T19:55:20.024+0800: 3.174: [ParNew: 8687K->371K(9216K), 0.0062373 secs] 24354K->16038K(35080K), 0.0063028 secs] [Times: user=0.01 sys=0.00, real=0.01 secs] 
Heap after GC invocations=21 (full 5):
 par new generation   total 9216K, used 371K [0x00000000e3400000, 0x00000000e3e00000, 0x00000000ecca0000)
  eden space 8192K,   0% used [0x00000000e3400000, 0x00000000e3400000, 0x00000000e3c00000)
  from space 1024K,  36% used [0x00000000e3d00000, 0x00000000e3d5cf10, 0x00000000e3e00000)
  to   space 1024K,   0% used [0x00000000e3c00000, 0x00000000e3c00000, 0x00000000e3d00000)
 concurrent mark-sweep generation total 25864K, used 15667K [0x00000000ecca0000, 0x00000000ee5e2000, 0x0000000100000000)
 Metaspace       used 9807K, capacity 10010K, committed 10240K, reserved 1058816K
  class space    used 1096K, capacity 1189K, committed 1280K, reserved 1048576K
}
2020-11-07T19:55:20.080+0800: 3.229: Application time: 0.0487828 seconds
{Heap before GC invocations=21 (full 5):
 par new generation   total 9216K, used 8563K [0x00000000e3400000, 0x00000000e3e00000, 0x00000000ecca0000)
  eden space 8192K, 100% used [0x00000000e3400000, 0x00000000e3c00000, 0x00000000e3c00000)
  from space 1024K,  36% used [0x00000000e3d00000, 0x00000000e3d5cf10, 0x00000000e3e00000)
  to   space 1024K,   0% used [0x00000000e3c00000, 0x00000000e3c00000, 0x00000000e3d00000)
 concurrent mark-sweep generation total 25864K, used 15667K [0x00000000ecca0000, 0x00000000ee5e2000, 0x0000000100000000)
 Metaspace       used 9933K, capacity 10110K, committed 10240K, reserved 1058816K
  class space    used 1116K, capacity 1223K, committed 1280K, reserved 1048576K
2020-11-07T19:55:20.080+0800: 3.229: [GC (Allocation Failure) 2020-11-07T19:55:20.080+0800: 3.229: [ParNew: 8563K->477K(9216K), 0.0213071 secs] 24230K->16144K(35080K), 0.0213603 secs] [Times: user=0.02 sys=0.00, real=0.02 secs] 
Heap after GC invocations=22 (full 5):
 par new generation   total 9216K, used 477K [0x00000000e3400000, 0x00000000e3e00000, 0x00000000ecca0000)
  eden space 8192K,   0% used [0x00000000e3400000, 0x00000000e3400000, 0x00000000e3c00000)
  from space 1024K,  46% used [0x00000000e3c00000, 0x00000000e3c77600, 0x00000000e3d00000)
  to   space 1024K,   0% used [0x00000000e3d00000, 0x00000000e3d00000, 0x00000000e3e00000)
 concurrent mark-sweep generation total 25864K, used 15667K [0x00000000ecca0000, 0x00000000ee5e2000, 0x0000000100000000)
 Metaspace       used 9933K, capacity 10110K, committed 10240K, reserved 1058816K
  class space    used 1116K, capacity 1223K, committed 1280K, reserved 1048576K
}
2020-11-07T19:55:20.148+0800: 3.298: Application time: 0.0469157 seconds
{Heap before GC invocations=22 (full 5):
 par new generation   total 9216K, used 8669K [0x00000000e3400000, 0x00000000e3e00000, 0x00000000ecca0000)
  eden space 8192K, 100% used [0x00000000e3400000, 0x00000000e3c00000, 0x00000000e3c00000)
  from space 1024K,  46% used [0x00000000e3c00000, 0x00000000e3c77600, 0x00000000e3d00000)
  to   space 1024K,   0% used [0x00000000e3d00000, 0x00000000e3d00000, 0x00000000e3e00000)
 concurrent mark-sweep generation total 25864K, used 15667K [0x00000000ecca0000, 0x00000000ee5e2000, 0x0000000100000000)
 Metaspace       used 10006K, capacity 10238K, committed 10496K, reserved 1058816K
  class space    used 1124K, capacity 1223K, committed 1280K, reserved 1048576K
2020-11-07T19:55:20.148+0800: 3.298: [GC (Allocation Failure) 2020-11-07T19:55:20.148+0800: 3.298: [ParNew: 8669K->588K(9216K), 0.0187780 secs] 24336K->16255K(35080K), 0.0188339 secs] [Times: user=0.02 sys=0.00, real=0.02 secs] 
Heap after GC invocations=23 (full 5):
 par new generation   total 9216K, used 588K [0x00000000e3400000, 0x00000000e3e00000, 0x00000000ecca0000)
  eden space 8192K,   0% used [0x00000000e3400000, 0x00000000e3400000, 0x00000000e3c00000)
  from space 1024K,  57% used [0x00000000e3d00000, 0x00000000e3d930a0, 0x00000000e3e00000)
  to   space 1024K,   0% used [0x00000000e3c00000, 0x00000000e3c00000, 0x00000000e3d00000)
 concurrent mark-sweep generation total 25864K, used 15667K [0x00000000ecca0000, 0x00000000ee5e2000, 0x0000000100000000)
 Metaspace       used 10006K, capacity 10238K, committed 10496K, reserved 1058816K
  class space    used 1124K, capacity 1223K, committed 1280K, reserved 1048576K
}
2020-11-07T19:55:20.262+0800: 3.411: Application time: 0.0946029 seconds
{Heap before GC invocations=23 (full 5):
 par new generation   total 9216K, used 8780K [0x00000000e3400000, 0x00000000e3e00000, 0x00000000ecca0000)
  eden space 8192K, 100% used [0x00000000e3400000, 0x00000000e3c00000, 0x00000000e3c00000)
  from space 1024K,  57% used [0x00000000e3d00000, 0x00000000e3d930a0, 0x00000000e3e00000)
  to   space 1024K,   0% used [0x00000000e3c00000, 0x00000000e3c00000, 0x00000000e3d00000)
 concurrent mark-sweep generation total 25864K, used 15667K [0x00000000ecca0000, 0x00000000ee5e2000, 0x0000000100000000)
 Metaspace       used 10495K, capacity 10718K, committed 10752K, reserved 1058816K
  class space    used 1190K, capacity 1275K, committed 1280K, reserved 1048576K
2020-11-07T19:55:20.262+0800: 3.412: [GC (Allocation Failure) 2020-11-07T19:55:20.262+0800: 3.412: [ParNew2020-11-07T19:55:20.283+0800: 3.433: [CMS-concurrent-abortable-preclean: 0.048/0.361 secs] [Times: user=0.33 sys=0.02, real=0.36 secs] 
: 8780K->658K(9216K), 0.0215507 secs] 24447K->16348K(35080K), 0.0215876 secs] [Times: user=0.02 sys=0.00, real=0.02 secs] 
Heap after GC invocations=24 (full 5):
 par new generation   total 9216K, used 658K [0x00000000e3400000, 0x00000000e3e00000, 0x00000000ecca0000)
  eden space 8192K,   0% used [0x00000000e3400000, 0x00000000e3400000, 0x00000000e3c00000)
  from space 1024K,  64% used [0x00000000e3c00000, 0x00000000e3ca4bc8, 0x00000000e3d00000)
  to   space 1024K,   0% used [0x00000000e3d00000, 0x00000000e3d00000, 0x00000000e3e00000)
 concurrent mark-sweep generation total 25864K, used 15689K [0x00000000ecca0000, 0x00000000ee5e2000, 0x0000000100000000)
 Metaspace       used 10495K, capacity 10718K, committed 10752K, reserved 1058816K
  class space    used 1190K, capacity 1275K, committed 1280K, reserved 1048576K
}
2020-11-07T19:55:20.288+0800: 3.438: Application time: 0.0044658 seconds
2020-11-07T19:55:20.288+0800: 3.438: [GC (CMS Final Remark) [YG occupancy: 2134 K (9216 K)]2020-11-07T19:55:20.288+0800: 3.438: [Rescan (parallel) , 0.0028845 secs]2020-11-07T19:55:20.291+0800: 3.441: [weak refs processing, 0.0000300 secs]2020-11-07T19:55:20.291+0800: 3.441: [class unloading, 0.0018977 secs]2020-11-07T19:55:20.293+0800: 3.443: [scrub symbol table, 0.0021503 secs]2020-11-07T19:55:20.295+0800: 3.445: [scrub string table, 0.0003303 secs][1 CMS-remark: 15689K(25864K)] 17823K(35080K), 0.0074421 secs] [Times: user=0.00 sys=0.00, real=0.01 secs] 
2020-11-07T19:55:20.296+0800: 3.445: [CMS-concurrent-sweep-start]
2020-11-07T19:55:20.302+0800: 3.452: [CMS-concurrent-sweep: 0.007/0.007 secs] [Times: user=0.01 sys=0.00, real=0.00 secs] 
2020-11-07T19:55:20.302+0800: 3.452: [CMS-concurrent-reset-start]
2020-11-07T19:55:20.303+0800: 3.453: [CMS-concurrent-reset: 0.001/0.001 secs] [Times: user=0.00 sys=0.00, real=0.00 secs] 
2020-11-07T19:55:20.330+0800: 3.479: Application time: 0.0342141 seconds
{Heap before GC invocations=24 (full 5):
 par new generation   total 9216K, used 8850K [0x00000000e3400000, 0x00000000e3e00000, 0x00000000ecca0000)
  eden space 8192K, 100% used [0x00000000e3400000, 0x00000000e3c00000, 0x00000000e3c00000)
  from space 1024K,  64% used [0x00000000e3c00000, 0x00000000e3ca4bc8, 0x00000000e3d00000)
  to   space 1024K,   0% used [0x00000000e3d00000, 0x00000000e3d00000, 0x00000000e3e00000)
 concurrent mark-sweep generation total 26140K, used 15683K [0x00000000ecca0000, 0x00000000ee627000, 0x0000000100000000)
 Metaspace       used 10575K, capacity 10816K, committed 11136K, reserved 1058816K
  class space    used 1203K, capacity 1308K, committed 1408K, reserved 1048576K
2020-11-07T19:55:20.331+0800: 3.480: [GC (Allocation Failure) 2020-11-07T19:55:20.331+0800: 3.480: [ParNew: 8850K->565K(9216K), 0.0032945 secs] 24534K->16249K(35356K), 0.0033576 secs] [Times: user=0.01 sys=0.00, real=0.00 secs] 
Heap after GC invocations=25 (full 5):
 par new generation   total 9216K, used 565K [0x00000000e3400000, 0x00000000e3e00000, 0x00000000ecca0000)
  eden space 8192K,   0% used [0x00000000e3400000, 0x00000000e3400000, 0x00000000e3c00000)
  from space 1024K,  55% used [0x00000000e3d00000, 0x00000000e3d8d7c8, 0x00000000e3e00000)
  to   space 1024K,   0% used [0x00000000e3c00000, 0x00000000e3c00000, 0x00000000e3d00000)
 concurrent mark-sweep generation total 26140K, used 15683K [0x00000000ecca0000, 0x00000000ee627000, 0x0000000100000000)
 Metaspace       used 10575K, capacity 10816K, committed 11136K, reserved 1058816K
  class space    used 1203K, capacity 1308K, committed 1408K, reserved 1048576K
}
2020-11-07T19:55:20.354+0800: 3.504: Application time: 0.0201624 seconds
{Heap before GC invocations=25 (full 5):
 par new generation   total 9216K, used 8757K [0x00000000e3400000, 0x00000000e3e00000, 0x00000000ecca0000)
  eden space 8192K, 100% used [0x00000000e3400000, 0x00000000e3c00000, 0x00000000e3c00000)
  from space 1024K,  55% used [0x00000000e3d00000, 0x00000000e3d8d7c8, 0x00000000e3e00000)
  to   space 1024K,   0% used [0x00000000e3c00000, 0x00000000e3c00000, 0x00000000e3d00000)
 concurrent mark-sweep generation total 26140K, used 15683K [0x00000000ecca0000, 0x00000000ee627000, 0x0000000100000000)
 Metaspace       used 10615K, capacity 10880K, committed 11136K, reserved 1058816K
  class space    used 1211K, capacity 1308K, committed 1408K, reserved 1048576K
2020-11-07T19:55:20.355+0800: 3.505: [GC (Allocation Failure) 2020-11-07T19:55:20.355+0800: 3.505: [ParNew: 8757K->469K(9216K), 0.0033986 secs] 24441K->16166K(35356K), 0.0034554 secs] [Times: user=0.00 sys=0.00, real=0.00 secs] 
Heap after GC invocations=26 (full 5):
 par new generation   total 9216K, used 469K [0x00000000e3400000, 0x00000000e3e00000, 0x00000000ecca0000)
  eden space 8192K,   0% used [0x00000000e3400000, 0x00000000e3400000, 0x00000000e3c00000)
  from space 1024K,  45% used [0x00000000e3c00000, 0x00000000e3c755e0, 0x00000000e3d00000)
  to   space 1024K,   0% used [0x00000000e3d00000, 0x00000000e3d00000, 0x00000000e3e00000)
 concurrent mark-sweep generation total 26140K, used 15697K [0x00000000ecca0000, 0x00000000ee627000, 0x0000000100000000)
 Metaspace       used 10615K, capacity 10880K, committed 11136K, reserved 1058816K
  class space    used 1211K, capacity 1308K, committed 1408K, reserved 1048576K
}
2020-11-07T19:55:20.375+0800: 3.525: Application time: 0.0169208 seconds
2020-11-07T19:55:20.379+0800: 3.529: [GC (CMS Initial Mark) [1 CMS-initial-mark: 15697K(26140K)] 20798K(35356K), 0.0035083 secs] [Times: user=0.00 sys=0.00, real=0.00 secs] 
2020-11-07T19:55:20.382+0800: 3.532: [CMS-concurrent-mark-start]
2020-11-07T19:55:20.394+0800: 3.544: Application time: 0.0115430 seconds
{Heap before GC invocations=26 (full 6):
 par new generation   total 9216K, used 8661K [0x00000000e3400000, 0x00000000e3e00000, 0x00000000ecca0000)
  eden space 8192K, 100% used [0x00000000e3400000, 0x00000000e3c00000, 0x00000000e3c00000)
  from space 1024K,  45% used [0x00000000e3c00000, 0x00000000e3c755e0, 0x00000000e3d00000)
  to   space 1024K,   0% used [0x00000000e3d00000, 0x00000000e3d00000, 0x00000000e3e00000)
 concurrent mark-sweep generation total 26140K, used 15697K [0x00000000ecca0000, 0x00000000ee627000, 0x0000000100000000)
 Metaspace       used 10692K, capacity 10880K, committed 11136K, reserved 1058816K
  class space    used 1224K, capacity 1308K, committed 1408K, reserved 1048576K
2020-11-07T19:55:20.394+0800: 3.544: [GC (Allocation Failure) 2020-11-07T19:55:20.394+0800: 3.544: [ParNew: 8661K->366K(9216K), 0.0046016 secs] 24358K->16241K(35356K), 0.0046610 secs] [Times: user=0.01 sys=0.00, real=0.01 secs] 
Heap after GC invocations=27 (full 6):
 par new generation   total 9216K, used 366K [0x00000000e3400000, 0x00000000e3e00000, 0x00000000ecca0000)
  eden space 8192K,   0% used [0x00000000e3400000, 0x00000000e3400000, 0x00000000e3c00000)
  from space 1024K,  35% used [0x00000000e3d00000, 0x00000000e3d5b9f8, 0x00000000e3e00000)
  to   space 1024K,   0% used [0x00000000e3c00000, 0x00000000e3c00000, 0x00000000e3d00000)
 concurrent mark-sweep generation total 26140K, used 15874K [0x00000000ecca0000, 0x00000000ee627000, 0x0000000100000000)
 Metaspace       used 10692K, capacity 10880K, committed 11136K, reserved 1058816K
  class space    used 1224K, capacity 1308K, committed 1408K, reserved 1048576K
}
2020-11-07T19:55:20.449+0800: 3.599: [CMS-concurrent-mark: 0.061/0.066 secs] [Times: user=0.06 sys=0.00, real=0.07 secs] 
2020-11-07T19:55:20.449+0800: 3.599: [CMS-concurrent-preclean-start]
2020-11-07T19:55:20.450+0800: 3.599: [CMS-concurrent-preclean: 0.001/0.001 secs] [Times: user=0.01 sys=0.00, real=0.00 secs] 
2020-11-07T19:55:20.450+0800: 3.599: [CMS-concurrent-abortable-preclean-start]
2020-11-07T19:55:20.482+0800: 3.632: Application time: 0.0830544 seconds
{Heap before GC invocations=27 (full 6):
 par new generation   total 9216K, used 8558K [0x00000000e3400000, 0x00000000e3e00000, 0x00000000ecca0000)
  eden space 8192K, 100% used [0x00000000e3400000, 0x00000000e3c00000, 0x00000000e3c00000)
  from space 1024K,  35% used [0x00000000e3d00000, 0x00000000e3d5b9f8, 0x00000000e3e00000)
  to   space 1024K,   0% used [0x00000000e3c00000, 0x00000000e3c00000, 0x00000000e3d00000)
 concurrent mark-sweep generation total 26140K, used 15874K [0x00000000ecca0000, 0x00000000ee627000, 0x0000000100000000)
 Metaspace       used 10863K, capacity 11122K, committed 11392K, reserved 1058816K
  class space    used 1245K, capacity 1343K, committed 1408K, reserved 1048576K
2020-11-07T19:55:20.482+0800: 3.632: [GC (Allocation Failure) 2020-11-07T19:55:20.482+0800: 3.632: [ParNew: 8558K->386K(9216K), 0.0154290 secs] 24433K->16284K(35356K), 0.0155125 secs] [Times: user=0.01 sys=0.00, real=0.02 secs] 
Heap after GC invocations=28 (full 6):
 par new generation   total 9216K, used 386K [0x00000000e3400000, 0x00000000e3e00000, 0x00000000ecca0000)
  eden space 8192K,   0% used [0x00000000e3400000, 0x00000000e3400000, 0x00000000e3c00000)
  from space 1024K,  37% used [0x00000000e3c00000, 0x00000000e3c60b60, 0x00000000e3d00000)
  to   space 1024K,   0% used [0x00000000e3d00000, 0x00000000e3d00000, 0x00000000e3e00000)
 concurrent mark-sweep generation total 26140K, used 15897K [0x00000000ecca0000, 0x00000000ee627000, 0x0000000100000000)
 Metaspace       used 10863K, capacity 11122K, committed 11392K, reserved 1058816K
  class space    used 1245K, capacity 1343K, committed 1408K, reserved 1048576K
}
2020-11-07T19:55:20.531+0800: 3.680: Application time: 0.0328512 seconds
{Heap before GC invocations=28 (full 6):
 par new generation   total 9216K, used 8578K [0x00000000e3400000, 0x00000000e3e00000, 0x00000000ecca0000)
  eden space 8192K, 100% used [0x00000000e3400000, 0x00000000e3c00000, 0x00000000e3c00000)
  from space 1024K,  37% used [0x00000000e3c00000, 0x00000000e3c60b60, 0x00000000e3d00000)
  to   space 1024K,   0% used [0x00000000e3d00000, 0x00000000e3d00000, 0x00000000e3e00000)
 concurrent mark-sweep generation total 26140K, used 15897K [0x00000000ecca0000, 0x00000000ee627000, 0x0000000100000000)
 Metaspace       used 10921K, capacity 11130K, committed 11392K, reserved 1058816K
  class space    used 1253K, capacity 1345K, committed 1408K, reserved 1048576K
2020-11-07T19:55:20.537+0800: 3.686: [GC (Allocation Failure) 2020-11-07T19:55:20.537+0800: 3.686: [ParNew: 8578K->360K(9216K), 0.0076768 secs] 24476K->16327K(35356K), 0.0077420 secs] [Times: user=0.01 sys=0.00, real=0.00 secs] 
Heap after GC invocations=29 (full 6):
 par new generation   total 9216K, used 360K [0x00000000e3400000, 0x00000000e3e00000, 0x00000000ecca0000)
  eden space 8192K,   0% used [0x00000000e3400000, 0x00000000e3400000, 0x00000000e3c00000)
  from space 1024K,  35% used [0x00000000e3d00000, 0x00000000e3d5a210, 0x00000000e3e00000)
  to   space 1024K,   0% used [0x00000000e3c00000, 0x00000000e3c00000, 0x00000000e3d00000)
 concurrent mark-sweep generation total 26140K, used 15966K [0x00000000ecca0000, 0x00000000ee627000, 0x0000000100000000)
 Metaspace       used 10921K, capacity 11130K, committed 11392K, reserved 1058816K
  class space    used 1253K, capacity 1345K, committed 1408K, reserved 1048576K
}
2020-11-07T19:55:20.578+0800: 3.727: Application time: 0.0330870 seconds
{Heap before GC invocations=29 (full 6):
 par new generation   total 9216K, used 8552K [0x00000000e3400000, 0x00000000e3e00000, 0x00000000ecca0000)
  eden space 8192K, 100% used [0x00000000e3400000, 0x00000000e3c00000, 0x00000000e3c00000)
  from space 1024K,  35% used [0x00000000e3d00000, 0x00000000e3d5a210, 0x00000000e3e00000)
  to   space 1024K,   0% used [0x00000000e3c00000, 0x00000000e3c00000, 0x00000000e3d00000)
 concurrent mark-sweep generation total 26140K, used 15966K [0x00000000ecca0000, 0x00000000ee627000, 0x0000000100000000)
 Metaspace       used 10961K, capacity 11200K, committed 11392K, reserved 1058816K
  class space    used 1261K, capacity 1346K, committed 1408K, reserved 1048576K
2020-11-07T19:55:20.578+0800: 3.727: [GC (Allocation Failure) 2020-11-07T19:55:20.578+0800: 3.727: [ParNew: 8552K->393K(9216K), 0.0045333 secs] 24519K->16369K(35356K), 0.0045842 secs] [Times: user=0.00 sys=0.00, real=0.00 secs] 
Heap after GC invocations=30 (full 6):
 par new generation   total 9216K, used 393K [0x00000000e3400000, 0x00000000e3e00000, 0x00000000ecca0000)
  eden space 8192K,   0% used [0x00000000e3400000, 0x00000000e3400000, 0x00000000e3c00000)
  from space 1024K,  38% used [0x00000000e3c00000, 0x00000000e3c62588, 0x00000000e3d00000)
  to   space 1024K,   0% used [0x00000000e3d00000, 0x00000000e3d00000, 0x00000000e3e00000)
 concurrent mark-sweep generation total 26140K, used 15976K [0x00000000ecca0000, 0x00000000ee627000, 0x0000000100000000)
 Metaspace       used 10961K, capacity 11200K, committed 11392K, reserved 1058816K
  class space    used 1261K, capacity 1346K, committed 1408K, reserved 1048576K
}
2020-11-07T19:55:20.619+0800: 3.769: Application time: 0.0371014 seconds
{Heap before GC invocations=30 (full 6):
 par new generation   total 9216K, used 8585K [0x00000000e3400000, 0x00000000e3e00000, 0x00000000ecca0000)
  eden space 8192K, 100% used [0x00000000e3400000, 0x00000000e3c00000, 0x00000000e3c00000)
  from space 1024K,  38% used [0x00000000e3c00000, 0x00000000e3c62588, 0x00000000e3d00000)
  to   space 1024K,   0% used [0x00000000e3d00000, 0x00000000e3d00000, 0x00000000e3e00000)
 concurrent mark-sweep generation total 26140K, used 15976K [0x00000000ecca0000, 0x00000000ee627000, 0x0000000100000000)
 Metaspace       used 11035K, capacity 11296K, committed 11392K, reserved 1058816K
  class space    used 1274K, capacity 1378K, committed 1408K, reserved 1048576K
2020-11-07T19:55:20.620+0800: 3.770: [GC (Allocation Failure) 2020-11-07T19:55:20.620+0800: 3.770: [ParNew: 8585K->350K(9216K), 0.0036914 secs] 24561K->16350K(35356K), 0.0037384 secs] [Times: user=0.00 sys=0.00, real=0.00 secs] 
Heap after GC invocations=31 (full 6):
 par new generation   total 9216K, used 350K [0x00000000e3400000, 0x00000000e3e00000, 0x00000000ecca0000)
  eden space 8192K,   0% used [0x00000000e3400000, 0x00000000e3400000, 0x00000000e3c00000)
  from space 1024K,  34% used [0x00000000e3d00000, 0x00000000e3d57af8, 0x00000000e3e00000)
  to   space 1024K,   0% used [0x00000000e3c00000, 0x00000000e3c00000, 0x00000000e3d00000)
 concurrent mark-sweep generation total 26140K, used 15999K [0x00000000ecca0000, 0x00000000ee627000, 0x0000000100000000)
 Metaspace       used 11035K, capacity 11296K, committed 11392K, reserved 1058816K
  class space    used 1274K, capacity 1378K, committed 1408K, reserved 1048576K
}
2020-11-07T19:55:20.624+0800: 3.774: [CMS-concurrent-abortable-preclean: 0.038/0.174 secs] [Times: user=0.16 sys=0.00, real=0.17 secs] 
2020-11-07T19:55:20.628+0800: 3.777: Application time: 0.0036621 seconds
2020-11-07T19:55:20.628+0800: 3.777: [GC (CMS Final Remark) [YG occupancy: 2404 K (9216 K)]2020-11-07T19:55:20.628+0800: 3.777: [Rescan (parallel) , 0.0035689 secs]2020-11-07T19:55:20.631+0800: 3.781: [weak refs processing, 0.0023282 secs]2020-11-07T19:55:20.634+0800: 3.783: [class unloading, 0.0022422 secs]2020-11-07T19:55:20.636+0800: 3.786: [scrub symbol table, 0.0025222 secs]2020-11-07T19:55:20.638+0800: 3.788: [scrub string table, 0.0003059 secs][1 CMS-remark: 15999K(26140K)] 18403K(35356K), 0.0111346 secs] [Times: user=0.01 sys=0.00, real=0.01 secs] 
2020-11-07T19:55:20.652+0800: 3.801: [CMS-concurrent-sweep-start]
2020-11-07T19:55:20.666+0800: 3.815: [CMS-concurrent-sweep: 0.014/0.014 secs] [Times: user=0.01 sys=0.00, real=0.02 secs] 
2020-11-07T19:55:20.666+0800: 3.816: [CMS-concurrent-reset-start]
2020-11-07T19:55:20.672+0800: 3.821: Application time: 0.0326533 seconds
{Heap before GC invocations=31 (full 6):
 par new generation   total 9216K, used 8542K [0x00000000e3400000, 0x00000000e3e00000, 0x00000000ecca0000)
  eden space 8192K, 100% used [0x00000000e3400000, 0x00000000e3c00000, 0x00000000e3c00000)
  from space 1024K,  34% used [0x00000000e3d00000, 0x00000000e3d57af8, 0x00000000e3e00000)
  to   space 1024K,   0% used [0x00000000e3c00000, 0x00000000e3c00000, 0x00000000e3d00000)
 concurrent mark-sweep generation total 26644K, used 15984K [0x00000000ecca0000, 0x00000000ee6a5000, 0x0000000100000000)
 Metaspace       used 11093K, capacity 11392K, committed 11520K, reserved 1058816K
  class space    used 1285K, capacity 1410K, committed 1536K, reserved 1048576K
2020-11-07T19:55:20.672+0800: 3.821: [GC (Allocation Failure) 2020-11-07T19:55:20.672+0800: 3.821: [ParNew: 8542K->389K(9216K), 0.0071304 secs] 24527K->16388K(35860K), 0.0072119 secs] [Times: user=0.00 sys=0.00, real=0.01 secs] 
Heap after GC invocations=32 (full 6):
 par new generation   total 9216K, used 389K [0x00000000e3400000, 0x00000000e3e00000, 0x00000000ecca0000)
  eden space 8192K,   0% used [0x00000000e3400000, 0x00000000e3400000, 0x00000000e3c00000)
  from space 1024K,  38% used [0x00000000e3c00000, 0x00000000e3c61518, 0x00000000e3d00000)
  to   space 1024K,   0% used [0x00000000e3d00000, 0x00000000e3d00000, 0x00000000e3e00000)
 concurrent mark-sweep generation total 26644K, used 15999K [0x00000000ecca0000, 0x00000000ee6a5000, 0x0000000100000000)
 Metaspace       used 11093K, capacity 11392K, committed 11520K, reserved 1058816K
  class space    used 1285K, capacity 1410K, committed 1536K, reserved 1048576K
}
2020-11-07T19:55:20.688+0800: 3.837: [CMS-concurrent-reset: 0.006/0.022 secs] [Times: user=0.02 sys=0.01, real=0.02 secs] 
2020-11-07T19:55:20.711+0800: 3.861: Application time: 0.0325420 seconds
{Heap before GC invocations=32 (full 6):
 par new generation   total 9216K, used 8581K [0x00000000e3400000, 0x00000000e3e00000, 0x00000000ecca0000)
  eden space 8192K, 100% used [0x00000000e3400000, 0x00000000e3c00000, 0x00000000e3c00000)
  from space 1024K,  38% used [0x00000000e3c00000, 0x00000000e3c61518, 0x00000000e3d00000)
  to   space 1024K,   0% used [0x00000000e3d00000, 0x00000000e3d00000, 0x00000000e3e00000)
 concurrent mark-sweep generation total 26644K, used 15999K [0x00000000ecca0000, 0x00000000ee6a5000, 0x0000000100000000)
 Metaspace       used 11237K, capacity 11520K, committed 11776K, reserved 1058816K
  class space    used 1297K, capacity 1410K, committed 1536K, reserved 1048576K
2020-11-07T19:55:20.716+0800: 3.866: [GC (Allocation Failure) 2020-11-07T19:55:20.716+0800: 3.866: [ParNew: 8581K->409K(9216K), 0.0264571 secs] 24580K->16486K(35860K), 0.0265389 secs] [Times: user=0.02 sys=0.00, real=0.02 secs] 
Heap after GC invocations=33 (full 6):
 par new generation   total 9216K, used 409K [0x00000000e3400000, 0x00000000e3e00000, 0x00000000ecca0000)
  eden space 8192K,   0% used [0x00000000e3400000, 0x00000000e3400000, 0x00000000e3c00000)
  from space 1024K,  39% used [0x00000000e3d00000, 0x00000000e3d664b0, 0x00000000e3e00000)
  to   space 1024K,   0% used [0x00000000e3c00000, 0x00000000e3c00000, 0x00000000e3d00000)
 concurrent mark-sweep generation total 26644K, used 16076K [0x00000000ecca0000, 0x00000000ee6a5000, 0x0000000100000000)
 Metaspace       used 11237K, capacity 11520K, committed 11776K, reserved 1058816K
  class space    used 1297K, capacity 1410K, committed 1536K, reserved 1048576K
}
2020-11-07T19:55:20.747+0800: 3.897: Application time: 0.0043056 seconds
2020-11-07T19:55:20.747+0800: 3.897: [GC (CMS Initial Mark) [1 CMS-initial-mark: 16076K(26644K)] 17972K(35860K), 0.0020147 secs] [Times: user=0.00 sys=0.00, real=0.00 secs] 
2020-11-07T19:55:20.749+0800: 3.899: [CMS-concurrent-mark-start]
2020-11-07T19:55:20.811+0800: 3.961: Application time: 0.0619486 seconds
{Heap before GC invocations=33 (full 7):
 par new generation   total 9216K, used 8601K [0x00000000e3400000, 0x00000000e3e00000, 0x00000000ecca0000)
  eden space 8192K, 100% used [0x00000000e3400000, 0x00000000e3c00000, 0x00000000e3c00000)
  from space 1024K,  39% used [0x00000000e3d00000, 0x00000000e3d664b0, 0x00000000e3e00000)
  to   space 1024K,   0% used [0x00000000e3c00000, 0x00000000e3c00000, 0x00000000e3d00000)
 concurrent mark-sweep generation total 26644K, used 16076K [0x00000000ecca0000, 0x00000000ee6a5000, 0x0000000100000000)
 Metaspace       used 11452K, capacity 11726K, committed 12032K, reserved 1060864K
  class space    used 1311K, capacity 1413K, committed 1536K, reserved 1048576K
2020-11-07T19:55:20.812+0800: 3.962: [GC (Allocation Failure) 2020-11-07T19:55:20.812+0800: 3.962: [ParNew: 8601K->430K(9216K), 0.0040494 secs] 24678K->16522K(35860K), 0.0041480 secs] [Times: user=0.00 sys=0.00, real=0.01 secs] 
Heap after GC invocations=34 (full 7):
 par new generation   total 9216K, used 430K [0x00000000e3400000, 0x00000000e3e00000, 0x00000000ecca0000)
  eden space 8192K,   0% used [0x00000000e3400000, 0x00000000e3400000, 0x00000000e3c00000)
  from space 1024K,  42% used [0x00000000e3c00000, 0x00000000e3c6ba58, 0x00000000e3d00000)
  to   space 1024K,   0% used [0x00000000e3d00000, 0x00000000e3d00000, 0x00000000e3e00000)
 concurrent mark-sweep generation total 26644K, used 16091K [0x00000000ecca0000, 0x00000000ee6a5000, 0x0000000100000000)
 Metaspace       used 11452K, capacity 11726K, committed 12032K, reserved 1060864K
  class space    used 1311K, capacity 1413K, committed 1536K, reserved 1048576K
}
2020-11-07T19:55:20.855+0800: 4.004: [CMS-concurrent-mark: 0.100/0.106 secs] [Times: user=0.10 sys=0.00, real=0.11 secs] 
2020-11-07T19:55:20.855+0800: 4.005: [CMS-concurrent-preclean-start]
2020-11-07T19:55:20.856+0800: 4.005: [CMS-concurrent-preclean: 0.001/0.001 secs] [Times: user=0.00 sys=0.00, real=0.00 secs] 
2020-11-07T19:55:20.856+0800: 4.005: [CMS-concurrent-abortable-preclean-start]
2020-11-07T19:55:20.862+0800: 4.012: Application time: 0.0457431 seconds
{Heap before GC invocations=34 (full 7):
 par new generation   total 9216K, used 8622K [0x00000000e3400000, 0x00000000e3e00000, 0x00000000ecca0000)
  eden space 8192K, 100% used [0x00000000e3400000, 0x00000000e3c00000, 0x00000000e3c00000)
  from space 1024K,  42% used [0x00000000e3c00000, 0x00000000e3c6ba58, 0x00000000e3d00000)
  to   space 1024K,   0% used [0x00000000e3d00000, 0x00000000e3d00000, 0x00000000e3e00000)
 concurrent mark-sweep generation total 26644K, used 16091K [0x00000000ecca0000, 0x00000000ee6a5000, 0x0000000100000000)
 Metaspace       used 11513K, capacity 11726K, committed 12032K, reserved 1060864K
  class space    used 1318K, capacity 1413K, committed 1536K, reserved 1048576K
2020-11-07T19:55:20.862+0800: 4.012: [GC (Allocation Failure) 2020-11-07T19:55:20.862+0800: 4.012: [ParNew: 8622K->433K(9216K), 0.0045892 secs] 24714K->16536K(35860K), 0.0046499 secs] [Times: user=0.00 sys=0.00, real=0.01 secs] 
Heap after GC invocations=35 (full 7):
 par new generation   total 9216K, used 433K [0x00000000e3400000, 0x00000000e3e00000, 0x00000000ecca0000)
  eden space 8192K,   0% used [0x00000000e3400000, 0x00000000e3400000, 0x00000000e3c00000)
  from space 1024K,  42% used [0x00000000e3d00000, 0x00000000e3d6c7c8, 0x00000000e3e00000)
  to   space 1024K,   0% used [0x00000000e3c00000, 0x00000000e3c00000, 0x00000000e3d00000)
 concurrent mark-sweep generation total 26644K, used 16102K [0x00000000ecca0000, 0x00000000ee6a5000, 0x0000000100000000)
 Metaspace       used 11513K, capacity 11726K, committed 12032K, reserved 1060864K
  class space    used 1318K, capacity 1413K, committed 1536K, reserved 1048576K
}
2020-11-07T19:55:20.910+0800: 4.060: Application time: 0.0434170 seconds
{Heap before GC invocations=35 (full 7):
 par new generation   total 9216K, used 8625K [0x00000000e3400000, 0x00000000e3e00000, 0x00000000ecca0000)
  eden space 8192K, 100% used [0x00000000e3400000, 0x00000000e3c00000, 0x00000000e3c00000)
  from space 1024K,  42% used [0x00000000e3d00000, 0x00000000e3d6c7c8, 0x00000000e3e00000)
  to   space 1024K,   0% used [0x00000000e3c00000, 0x00000000e3c00000, 0x00000000e3d00000)
 concurrent mark-sweep generation total 26644K, used 16102K [0x00000000ecca0000, 0x00000000ee6a5000, 0x0000000100000000)
 Metaspace       used 11733K, capacity 12014K, committed 12288K, reserved 1060864K
  class space    used 1332K, capacity 1445K, committed 1536K, reserved 1048576K
2020-11-07T19:55:20.922+0800: 4.071: [GC (Allocation Failure) 2020-11-07T19:55:20.922+0800: 4.071: [ParNew: 8625K->359K(9216K), 0.0090071 secs] 24728K->16475K(35860K), 0.0090676 secs] [Times: user=0.01 sys=0.00, real=0.01 secs] 
Heap after GC invocations=36 (full 7):
 par new generation   total 9216K, used 359K [0x00000000e3400000, 0x00000000e3e00000, 0x00000000ecca0000)
  eden space 8192K,   0% used [0x00000000e3400000, 0x00000000e3400000, 0x00000000e3c00000)
  from space 1024K,  35% used [0x00000000e3c00000, 0x00000000e3c59f60, 0x00000000e3d00000)
  to   space 1024K,   0% used [0x00000000e3d00000, 0x00000000e3d00000, 0x00000000e3e00000)
 concurrent mark-sweep generation total 26644K, used 16115K [0x00000000ecca0000, 0x00000000ee6a5000, 0x0000000100000000)
 Metaspace       used 11733K, capacity 12014K, committed 12288K, reserved 1060864K
  class space    used 1332K, capacity 1445K, committed 1536K, reserved 1048576K
}
2020-11-07T19:55:20.958+0800: 4.107: Application time: 0.0268916 seconds
{Heap before GC invocations=36 (full 7):
 par new generation   total 9216K, used 8551K [0x00000000e3400000, 0x00000000e3e00000, 0x00000000ecca0000)
  eden space 8192K, 100% used [0x00000000e3400000, 0x00000000e3c00000, 0x00000000e3c00000)
  from space 1024K,  35% used [0x00000000e3c00000, 0x00000000e3c59f60, 0x00000000e3d00000)
  to   space 1024K,   0% used [0x00000000e3d00000, 0x00000000e3d00000, 0x00000000e3e00000)
 concurrent mark-sweep generation total 26644K, used 16115K [0x00000000ecca0000, 0x00000000ee6a5000, 0x0000000100000000)
 Metaspace       used 11827K, capacity 12078K, committed 12288K, reserved 1060864K
  class space    used 1341K, capacity 1445K, committed 1536K, reserved 1048576K
2020-11-07T19:55:20.960+0800: 4.110: [GC (Allocation Failure) 2020-11-07T19:55:20.960+0800: 4.110: [ParNew: 8551K->325K(9216K), 0.0033822 secs] 24667K->16481K(35860K), 0.0034281 secs] [Times: user=0.01 sys=0.00, real=0.00 secs] 
Heap after GC invocations=37 (full 7):
 par new generation   total 9216K, used 325K [0x00000000e3400000, 0x00000000e3e00000, 0x00000000ecca0000)
  eden space 8192K,   0% used [0x00000000e3400000, 0x00000000e3400000, 0x00000000e3c00000)
  from space 1024K,  31% used [0x00000000e3d00000, 0x00000000e3d515d0, 0x00000000e3e00000)
  to   space 1024K,   0% used [0x00000000e3c00000, 0x00000000e3c00000, 0x00000000e3d00000)
 concurrent mark-sweep generation total 26644K, used 16156K [0x00000000ecca0000, 0x00000000ee6a5000, 0x0000000100000000)
 Metaspace       used 11827K, capacity 12078K, committed 12288K, reserved 1060864K
  class space    used 1341K, capacity 1445K, committed 1536K, reserved 1048576K
}
2020-11-07T19:55:20.978+0800: 4.127: Application time: 0.0137932 seconds
2020-11-07T19:55:21.002+0800: 4.151: Application time: 0.0239956 seconds
{Heap before GC invocations=37 (full 7):
 par new generation   total 9216K, used 8517K [0x00000000e3400000, 0x00000000e3e00000, 0x00000000ecca0000)
  eden space 8192K, 100% used [0x00000000e3400000, 0x00000000e3c00000, 0x00000000e3c00000)
  from space 1024K,  31% used [0x00000000e3d00000, 0x00000000e3d515d0, 0x00000000e3e00000)
  to   space 1024K,   0% used [0x00000000e3c00000, 0x00000000e3c00000, 0x00000000e3d00000)
 concurrent mark-sweep generation total 26644K, used 16156K [0x00000000ecca0000, 0x00000000ee6a5000, 0x0000000100000000)
 Metaspace       used 11892K, capacity 12168K, committed 12544K, reserved 1060864K
  class space    used 1354K, capacity 1454K, committed 1536K, reserved 1048576K
2020-11-07T19:55:21.002+0800: 4.152: [GC (Allocation Failure) 2020-11-07T19:55:21.002+0800: 4.152: [ParNew: 8517K->286K(9216K), 0.0038735 secs] 24673K->16465K(35860K), 0.0039187 secs] [Times: user=0.01 sys=0.00, real=0.01 secs] 
Heap after GC invocations=38 (full 7):
 par new generation   total 9216K, used 286K [0x00000000e3400000, 0x00000000e3e00000, 0x00000000ecca0000)
  eden space 8192K,   0% used [0x00000000e3400000, 0x00000000e3400000, 0x00000000e3c00000)
  from space 1024K,  27% used [0x00000000e3c00000, 0x00000000e3c479d0, 0x00000000e3d00000)
  to   space 1024K,   0% used [0x00000000e3d00000, 0x00000000e3d00000, 0x00000000e3e00000)
 concurrent mark-sweep generation total 26644K, used 16178K [0x00000000ecca0000, 0x00000000ee6a5000, 0x0000000100000000)
 Metaspace       used 11892K, capacity 12168K, committed 12544K, reserved 1060864K
  class space    used 1354K, capacity 1454K, committed 1536K, reserved 1048576K
}
2020-11-07T19:55:21.020+0800: 4.169: Application time: 0.0136115 seconds
2020-11-07T19:55:21.022+0800: 4.172: Application time: 0.0021301 seconds
2020-11-07T19:55:21.022+0800: 4.172: Application time: 0.0000211 seconds
2020-11-07T19:55:21.026+0800: 4.176: Application time: 0.0044724 seconds
2020-11-07T19:55:21.027+0800: 4.176: Application time: 0.0000743 seconds
2020-11-07T19:55:21.027+0800: 4.176: Application time: 0.0000204 seconds
2020-11-07T19:55:21.027+0800: 4.176: Application time: 0.0000203 seconds
2020-11-07T19:55:21.027+0800: 4.177: Application time: 0.0000257 seconds
2020-11-07T19:55:21.027+0800: 4.177: Application time: 0.0000214 seconds
2020-11-07T19:55:21.066+0800: 4.215: Application time: 0.0387866 seconds
{Heap before GC invocations=38 (full 7):
 par new generation   total 9216K, used 8478K [0x00000000e3400000, 0x00000000e3e00000, 0x00000000ecca0000)
  eden space 8192K, 100% used [0x00000000e3400000, 0x00000000e3c00000, 0x00000000e3c00000)
  from space 1024K,  27% used [0x00000000e3c00000, 0x00000000e3c479d0, 0x00000000e3d00000)
  to   space 1024K,   0% used [0x00000000e3d00000, 0x00000000e3d00000, 0x00000000e3e00000)
 concurrent mark-sweep generation total 26644K, used 16178K [0x00000000ecca0000, 0x00000000ee6a5000, 0x0000000100000000)
 Metaspace       used 12317K, capacity 12648K, committed 12800K, reserved 1060864K
  class space    used 1400K, capacity 1528K, committed 1536K, reserved 1048576K
2020-11-07T19:55:21.071+0800: 4.221: [GC (Allocation Failure) 2020-11-07T19:55:21.071+0800: 4.221: [ParNew: 8478K->407K(9216K), 0.0039219 secs] 24657K->16616K(35860K), 0.0039778 secs] [Times: user=0.00 sys=0.00, real=0.01 secs] 
Heap after GC invocations=39 (full 7):
 par new generation   total 9216K, used 407K [0x00000000e3400000, 0x00000000e3e00000, 0x00000000ecca0000)
  eden space 8192K,   0% used [0x00000000e3400000, 0x00000000e3400000, 0x00000000e3c00000)
  from space 1024K,  39% used [0x00000000e3d00000, 0x00000000e3d65e18, 0x00000000e3e00000)
  to   space 1024K,   0% used [0x00000000e3c00000, 0x00000000e3c00000, 0x00000000e3d00000)
 concurrent mark-sweep generation total 26644K, used 16208K [0x00000000ecca0000, 0x00000000ee6a5000, 0x0000000100000000)
 Metaspace       used 12317K, capacity 12648K, committed 12800K, reserved 1060864K
  class space    used 1400K, capacity 1528K, committed 1536K, reserved 1048576K
}
2020-11-07T19:55:21.096+0800: 4.246: Application time: 0.0211475 seconds
2020-11-07T19:55:21.097+0800: 4.246: Application time: 0.0000467 seconds
2020-11-07T19:55:21.103+0800: 4.252: Application time: 0.0056822 seconds
2020-11-07T19:55:21.106+0800: 4.255: Application time: 0.0028532 seconds
2020-11-07T19:55:21.106+0800: 4.255: Application time: 0.0000463 seconds
2020-11-07T19:55:21.106+0800: 4.256: Application time: 0.0000195 seconds
2020-11-07T19:55:21.106+0800: 4.256: Application time: 0.0000168 seconds
2020-11-07T19:55:21.106+0800: 4.256: Application time: 0.0000195 seconds
2020-11-07T19:55:21.106+0800: 4.256: Application time: 0.0000167 seconds
2020-11-07T19:55:21.106+0800: 4.256: Application time: 0.0000181 seconds
2020-11-07T19:55:21.106+0800: 4.256: Application time: 0.0000170 seconds
2020-11-07T19:55:21.106+0800: 4.256: [CMS-concurrent-abortable-preclean: 0.066/0.251 secs] [Times: user=0.25 sys=0.00, real=0.25 secs] 
2020-11-07T19:55:21.106+0800: 4.256: Application time: 0.0000753 seconds
2020-11-07T19:55:21.106+0800: 4.256: [GC (CMS Final Remark) [YG occupancy: 4984 K (9216 K)]2020-11-07T19:55:21.106+0800: 4.256: [Rescan (parallel) , 0.0041913 secs]2020-11-07T19:55:21.111+0800: 4.260: [weak refs processing, 0.0003881 secs]2020-11-07T19:55:21.111+0800: 4.261: [class unloading, 0.0028181 secs]2020-11-07T19:55:21.114+0800: 4.263: [scrub symbol table, 0.0033213 secs]2020-11-07T19:55:21.117+0800: 4.267: [scrub string table, 0.0003830 secs][1 CMS-remark: 16208K(26644K)] 21192K(35860K), 0.0112332 secs] [Times: user=0.01 sys=0.00, real=0.01 secs] 
2020-11-07T19:55:21.131+0800: 4.280: [CMS-concurrent-sweep-start]
2020-11-07T19:55:21.142+0800: 4.291: Application time: 0.0240867 seconds
2020-11-07T19:55:21.147+0800: 4.296: Application time: 0.0020910 seconds
2020-11-07T19:55:21.150+0800: 4.300: [CMS-concurrent-sweep: 0.014/0.019 secs] [Times: user=0.02 sys=0.00, real=0.02 secs] 
2020-11-07T19:55:21.150+0800: 4.300: [CMS-concurrent-reset-start]
2020-11-07T19:55:21.155+0800: 4.305: Application time: 0.0087180 seconds
2020-11-07T19:55:21.156+0800: 4.306: [CMS-concurrent-reset: 0.006/0.006 secs] [Times: user=0.00 sys=0.00, real=0.01 secs] 
2020-11-07T19:55:21.162+0800: 4.311: Application time: 0.0062835 seconds
{Heap before GC invocations=39 (full 7):
 par new generation   total 9216K, used 8599K [0x00000000e3400000, 0x00000000e3e00000, 0x00000000ecca0000)
  eden space 8192K, 100% used [0x00000000e3400000, 0x00000000e3c00000, 0x00000000e3c00000)
  from space 1024K,  39% used [0x00000000e3d00000, 0x00000000e3d65e18, 0x00000000e3e00000)
  to   space 1024K,   0% used [0x00000000e3c00000, 0x00000000e3c00000, 0x00000000e3d00000)
 concurrent mark-sweep generation total 26864K, used 16116K [0x00000000ecca0000, 0x00000000ee6dc000, 0x0000000100000000)
 Metaspace       used 12448K, capacity 12764K, committed 13056K, reserved 1060864K
  class space    used 1410K, capacity 1522K, committed 1536K, reserved 1048576K
2020-11-07T19:55:21.162+0800: 4.312: [GC (Allocation Failure) 2020-11-07T19:55:21.162+0800: 4.312: [ParNew: 8599K->390K(9216K), 0.0044898 secs] 24716K->16535K(36080K), 0.0045637 secs] [Times: user=0.00 sys=0.00, real=0.01 secs] 
Heap after GC invocations=40 (full 7):
 par new generation   total 9216K, used 390K [0x00000000e3400000, 0x00000000e3e00000, 0x00000000ecca0000)
  eden space 8192K,   0% used [0x00000000e3400000, 0x00000000e3400000, 0x00000000e3c00000)
  from space 1024K,  38% used [0x00000000e3c00000, 0x00000000e3c61a28, 0x00000000e3d00000)
  to   space 1024K,   0% used [0x00000000e3d00000, 0x00000000e3d00000, 0x00000000e3e00000)
 concurrent mark-sweep generation total 26864K, used 16144K [0x00000000ecca0000, 0x00000000ee6dc000, 0x0000000100000000)
 Metaspace       used 12448K, capacity 12764K, committed 13056K, reserved 1060864K
  class space    used 1410K, capacity 1522K, committed 1536K, reserved 1048576K
}
2020-11-07T19:55:21.174+0800: 4.323: Application time: 0.0071067 seconds
2020-11-07T19:55:21.174+0800: 4.323: [GC (CMS Initial Mark) [1 CMS-initial-mark: 16144K(26864K)] 19277K(36080K), 0.0029888 secs] [Times: user=0.00 sys=0.00, real=0.01 secs] 
2020-11-07T19:55:21.182+0800: 4.331: [CMS-concurrent-mark-start]
2020-11-07T19:55:21.198+0800: 4.348: Application time: 0.0216517 seconds
2020-11-07T19:55:21.209+0800: 4.359: Application time: 0.0000769 seconds
2020-11-07T19:55:21.209+0800: 4.359: Application time: 0.0000184 seconds
2020-11-07T19:55:21.209+0800: 4.359: Application time: 0.0000204 seconds
2020-11-07T19:55:21.209+0800: 4.359: Application time: 0.0000164 seconds
2020-11-07T19:55:21.209+0800: 4.359: Application time: 0.0000240 seconds
2020-11-07T19:55:21.209+0800: 4.359: Application time: 0.0000168 seconds
2020-11-07T19:55:21.234+0800: 4.384: Application time: 0.0248354 seconds
{Heap before GC invocations=40 (full 8):
 par new generation   total 9216K, used 8582K [0x00000000e3400000, 0x00000000e3e00000, 0x00000000ecca0000)
  eden space 8192K, 100% used [0x00000000e3400000, 0x00000000e3c00000, 0x00000000e3c00000)
  from space 1024K,  38% used [0x00000000e3c00000, 0x00000000e3c61a28, 0x00000000e3d00000)
  to   space 1024K,   0% used [0x00000000e3d00000, 0x00000000e3d00000, 0x00000000e3e00000)
 concurrent mark-sweep generation total 26864K, used 16144K [0x00000000ecca0000, 0x00000000ee6dc000, 0x0000000100000000)
 Metaspace       used 12642K, capacity 12892K, committed 13056K, reserved 1060864K
  class space    used 1429K, capacity 1522K, committed 1536K, reserved 1048576K
2020-11-07T19:55:21.234+0800: 4.384: [GC (Allocation Failure) 2020-11-07T19:55:21.234+0800: 4.384: [ParNew: 8582K->518K(9216K), 0.0157139 secs] 24727K->16682K(36080K), 0.0157749 secs] [Times: user=0.01 sys=0.00, real=0.02 secs] 
Heap after GC invocations=41 (full 8):
 par new generation   total 9216K, used 518K [0x00000000e3400000, 0x00000000e3e00000, 0x00000000ecca0000)
  eden space 8192K,   0% used [0x00000000e3400000, 0x00000000e3400000, 0x00000000e3c00000)
  from space 1024K,  50% used [0x00000000e3d00000, 0x00000000e3d81af0, 0x00000000e3e00000)
  to   space 1024K,   0% used [0x00000000e3c00000, 0x00000000e3c00000, 0x00000000e3d00000)
 concurrent mark-sweep generation total 26864K, used 16164K [0x00000000ecca0000, 0x00000000ee6dc000, 0x0000000100000000)
 Metaspace       used 12642K, capacity 12892K, committed 13056K, reserved 1060864K
  class space    used 1429K, capacity 1522K, committed 1536K, reserved 1048576K
}
2020-11-07T19:55:21.267+0800: 4.416: Application time: 0.0165165 seconds
2020-11-07T19:55:21.271+0800: 4.420: Application time: 0.0001623 seconds
2020-11-07T19:55:21.271+0800: 4.420: Application time: 0.0000255 seconds
2020-11-07T19:55:21.271+0800: 4.421: Application time: 0.0000167 seconds
2020-11-07T19:55:21.271+0800: 4.421: Application time: 0.0000474 seconds
2020-11-07T19:55:21.271+0800: 4.421: Application time: 0.0000171 seconds
2020-11-07T19:55:21.271+0800: 4.421: Application time: 0.0000177 seconds
2020-11-07T19:55:21.271+0800: 4.421: Application time: 0.0000158 seconds
2020-11-07T19:55:21.271+0800: 4.421: Application time: 0.0000168 seconds
2020-11-07T19:55:21.271+0800: 4.421: Application time: 0.0000163 seconds
2020-11-07T19:55:21.271+0800: 4.421: Application time: 0.0000158 seconds
2020-11-07T19:55:21.271+0800: 4.421: Application time: 0.0000171 seconds
2020-11-07T19:55:21.275+0800: 4.425: [CMS-concurrent-mark: 0.062/0.093 secs] [Times: user=0.09 sys=0.00, real=0.10 secs] 
2020-11-07T19:55:21.275+0800: 4.425: [CMS-concurrent-preclean-start]
2020-11-07T19:55:21.282+0800: 4.431: Application time: 0.0104894 seconds
2020-11-07T19:55:21.282+0800: 4.432: [CMS-concurrent-preclean: 0.007/0.007 secs] [Times: user=0.00 sys=0.00, real=0.00 secs] 
2020-11-07T19:55:21.282+0800: 4.432: [CMS-concurrent-abortable-preclean-start]
2020-11-07T19:55:21.291+0800: 4.440: Application time: 0.0087480 seconds
2020-11-07T19:55:21.309+0800: 4.459: Application time: 0.0068837 seconds
{Heap before GC invocations=41 (full 8):
 par new generation   total 9216K, used 8710K [0x00000000e3400000, 0x00000000e3e00000, 0x00000000ecca0000)
  eden space 8192K, 100% used [0x00000000e3400000, 0x00000000e3c00000, 0x00000000e3c00000)
  from space 1024K,  50% used [0x00000000e3d00000, 0x00000000e3d81af0, 0x00000000e3e00000)
  to   space 1024K,   0% used [0x00000000e3c00000, 0x00000000e3c00000, 0x00000000e3d00000)
 concurrent mark-sweep generation total 26864K, used 16164K [0x00000000ecca0000, 0x00000000ee6dc000, 0x0000000100000000)
 Metaspace       used 12715K, capacity 12988K, committed 13184K, reserved 1060864K
  class space    used 1439K, capacity 1554K, committed 1664K, reserved 1048576K
2020-11-07T19:55:21.310+0800: 4.459: [GC (Allocation Failure) 2020-11-07T19:55:21.310+0800: 4.459: [ParNew: 8710K->388K(9216K), 0.0044904 secs] 24874K->16586K(36080K), 0.0045525 secs] [Times: user=0.00 sys=0.00, real=0.00 secs] 
Heap after GC invocations=42 (full 8):
 par new generation   total 9216K, used 388K [0x00000000e3400000, 0x00000000e3e00000, 0x00000000ecca0000)
  eden space 8192K,   0% used [0x00000000e3400000, 0x00000000e3400000, 0x00000000e3c00000)
  from space 1024K,  37% used [0x00000000e3c00000, 0x00000000e3c61280, 0x00000000e3d00000)
  to   space 1024K,   0% used [0x00000000e3d00000, 0x00000000e3d00000, 0x00000000e3e00000)
 concurrent mark-sweep generation total 26864K, used 16197K [0x00000000ecca0000, 0x00000000ee6dc000, 0x0000000100000000)
 Metaspace       used 12715K, capacity 12988K, committed 13184K, reserved 1060864K
  class space    used 1439K, capacity 1554K, committed 1664K, reserved 1048576K
}
2020-11-07T19:55:21.320+0800: 4.470: Application time: 0.0061014 seconds
2020-11-07T19:55:21.324+0800: 4.473: Application time: 0.0032636 seconds
2020-11-07T19:55:21.355+0800: 4.505: Application time: 0.0316010 seconds
{Heap before GC invocations=42 (full 8):
 par new generation   total 9216K, used 8580K [0x00000000e3400000, 0x00000000e3e00000, 0x00000000ecca0000)
  eden space 8192K,  99% used [0x00000000e3400000, 0x00000000e3bfffc8, 0x00000000e3c00000)
  from space 1024K,  37% used [0x00000000e3c00000, 0x00000000e3c61280, 0x00000000e3d00000)
  to   space 1024K,   0% used [0x00000000e3d00000, 0x00000000e3d00000, 0x00000000e3e00000)
 concurrent mark-sweep generation total 26864K, used 16197K [0x00000000ecca0000, 0x00000000ee6dc000, 0x0000000100000000)
 Metaspace       used 12891K, capacity 13116K, committed 13440K, reserved 1060864K
  class space    used 1462K, capacity 1554K, committed 1664K, reserved 1048576K
2020-11-07T19:55:21.358+0800: 4.507: [GC (Allocation Failure) 2020-11-07T19:55:21.358+0800: 4.507: [ParNew: 8580K->642K(9216K), 0.0162951 secs] 24778K->16885K(36080K), 0.0163665 secs] [Times: user=0.01 sys=0.00, real=0.01 secs] 
Heap after GC invocations=43 (full 8):
 par new generation   total 9216K, used 642K [0x00000000e3400000, 0x00000000e3e00000, 0x00000000ecca0000)
  eden space 8192K,   0% used [0x00000000e3400000, 0x00000000e3400000, 0x00000000e3c00000)
  from space 1024K,  62% used [0x00000000e3d00000, 0x00000000e3da0810, 0x00000000e3e00000)
  to   space 1024K,   0% used [0x00000000e3c00000, 0x00000000e3c00000, 0x00000000e3d00000)
 concurrent mark-sweep generation total 26864K, used 16243K [0x00000000ecca0000, 0x00000000ee6dc000, 0x0000000100000000)
 Metaspace       used 12891K, capacity 13116K, committed 13440K, reserved 1060864K
  class space    used 1462K, capacity 1554K, committed 1664K, reserved 1048576K
}
2020-11-07T19:55:21.412+0800: 4.562: Application time: 0.0380166 seconds
2020-11-07T19:55:21.417+0800: 4.567: [CMS-concurrent-abortable-preclean: 0.052/0.135 secs] [Times: user=0.13 sys=0.00, real=0.14 secs] 
2020-11-07T19:55:21.417+0800: 4.567: Application time: 0.0047905 seconds
2020-11-07T19:55:21.418+0800: 4.567: [GC (CMS Final Remark) [YG occupancy: 6868 K (9216 K)]2020-11-07T19:55:21.418+0800: 4.567: [Rescan (parallel) , 0.0050359 secs]2020-11-07T19:55:21.423+0800: 4.572: [weak refs processing, 0.0006311 secs]2020-11-07T19:55:21.423+0800: 4.573: [class unloading, 0.0026198 secs]2020-11-07T19:55:21.426+0800: 4.576: [scrub symbol table, 0.0028365 secs]2020-11-07T19:55:21.429+0800: 4.578: [scrub string table, 0.0003381 secs][1 CMS-remark: 16243K(26864K)] 23112K(36080K), 0.0115766 secs] [Times: user=0.01 sys=0.00, real=0.01 secs] 
2020-11-07T19:55:21.643+0800: 4.793: [CMS-concurrent-sweep-start]
2020-11-07T19:55:21.648+0800: 4.798: Application time: 0.2188006 seconds
{Heap before GC invocations=43 (full 8):
 par new generation   total 9216K, used 8834K [0x00000000e3400000, 0x00000000e3e00000, 0x00000000ecca0000)
  eden space 8192K, 100% used [0x00000000e3400000, 0x00000000e3c00000, 0x00000000e3c00000)
  from space 1024K,  62% used [0x00000000e3d00000, 0x00000000e3da0810, 0x00000000e3e00000)
  to   space 1024K,   0% used [0x00000000e3c00000, 0x00000000e3c00000, 0x00000000e3d00000)
 concurrent mark-sweep generation total 26864K, used 16205K [0x00000000ecca0000, 0x00000000ee6dc000, 0x0000000100000000)
 Metaspace       used 13126K, capacity 13426K, committed 13696K, reserved 1060864K
  class space    used 1482K, capacity 1589K, committed 1664K, reserved 1048576K
2020-11-07T19:55:21.648+0800: 4.798: [GC (Allocation Failure) 2020-11-07T19:55:21.648+0800: 4.798: [ParNew: 8834K->570K(9216K), 0.0147802 secs] 25039K->16843K(36080K), 0.0148861 secs] [Times: user=0.01 sys=0.00, real=0.01 secs] 
Heap after GC invocations=44 (full 8):
 par new generation   total 9216K, used 570K [0x00000000e3400000, 0x00000000e3e00000, 0x00000000ecca0000)
  eden space 8192K,   0% used [0x00000000e3400000, 0x00000000e3400000, 0x00000000e3c00000)
  from space 1024K,  55% used [0x00000000e3c00000, 0x00000000e3c8e880, 0x00000000e3d00000)
  to   space 1024K,   0% used [0x00000000e3d00000, 0x00000000e3d00000, 0x00000000e3e00000)
 concurrent mark-sweep generation total 26864K, used 16273K [0x00000000ecca0000, 0x00000000ee6dc000, 0x0000000100000000)
 Metaspace       used 13126K, capacity 13426K, committed 13696K, reserved 1060864K
  class space    used 1482K, capacity 1589K, committed 1664K, reserved 1048576K
}
2020-11-07T19:55:21.674+0800: 4.823: [CMS-concurrent-sweep: 0.009/0.031 secs] [Times: user=0.03 sys=0.00, real=0.03 secs] 
2020-11-07T19:55:21.674+0800: 4.824: [CMS-concurrent-reset-start]
2020-11-07T19:55:21.675+0800: 4.825: [CMS-concurrent-reset: 0.001/0.001 secs] [Times: user=0.00 sys=0.00, real=0.01 secs] 
2020-11-07T19:55:21.707+0800: 4.856: Application time: 0.0434726 seconds
{Heap before GC invocations=44 (full 8):
 par new generation   total 9216K, used 8762K [0x00000000e3400000, 0x00000000e3e00000, 0x00000000ecca0000)
  eden space 8192K, 100% used [0x00000000e3400000, 0x00000000e3c00000, 0x00000000e3c00000)
  from space 1024K,  55% used [0x00000000e3c00000, 0x00000000e3c8e880, 0x00000000e3d00000)
  to   space 1024K,   0% used [0x00000000e3d00000, 0x00000000e3d00000, 0x00000000e3e00000)
 concurrent mark-sweep generation total 27056K, used 16206K [0x00000000ecca0000, 0x00000000ee70c000, 0x0000000100000000)
 Metaspace       used 13395K, capacity 13714K, committed 13952K, reserved 1060864K
  class space    used 1507K, capacity 1621K, committed 1664K, reserved 1048576K
2020-11-07T19:55:21.707+0800: 4.857: [GC (Allocation Failure) 2020-11-07T19:55:21.707+0800: 4.857: [ParNew: 8762K->600K(9216K), 0.0041523 secs] 24968K->16807K(36272K), 0.0042206 secs] [Times: user=0.01 sys=0.00, real=0.00 secs] 
Heap after GC invocations=45 (full 8):
 par new generation   total 9216K, used 600K [0x00000000e3400000, 0x00000000e3e00000, 0x00000000ecca0000)
  eden space 8192K,   0% used [0x00000000e3400000, 0x00000000e3400000, 0x00000000e3c00000)
  from space 1024K,  58% used [0x00000000e3d00000, 0x00000000e3d96160, 0x00000000e3e00000)
  to   space 1024K,   0% used [0x00000000e3c00000, 0x00000000e3c00000, 0x00000000e3d00000)
 concurrent mark-sweep generation total 27056K, used 16206K [0x00000000ecca0000, 0x00000000ee70c000, 0x0000000100000000)
 Metaspace       used 13395K, capacity 13714K, committed 13952K, reserved 1060864K
  class space    used 1507K, capacity 1621K, committed 1664K, reserved 1048576K
}
2020-11-07T19:55:21.732+0800: 4.882: Application time: 0.0211260 seconds
{Heap before GC invocations=45 (full 8):
 par new generation   total 9216K, used 8792K [0x00000000e3400000, 0x00000000e3e00000, 0x00000000ecca0000)
  eden space 8192K, 100% used [0x00000000e3400000, 0x00000000e3c00000, 0x00000000e3c00000)
  from space 1024K,  58% used [0x00000000e3d00000, 0x00000000e3d96160, 0x00000000e3e00000)
  to   space 1024K,   0% used [0x00000000e3c00000, 0x00000000e3c00000, 0x00000000e3d00000)
 concurrent mark-sweep generation total 27056K, used 16206K [0x00000000ecca0000, 0x00000000ee70c000, 0x0000000100000000)
 Metaspace       used 13498K, capacity 13796K, committed 13952K, reserved 1060864K
  class space    used 1522K, capacity 1626K, committed 1664K, reserved 1048576K
2020-11-07T19:55:21.733+0800: 4.882: [GC (Allocation Failure) 2020-11-07T19:55:21.733+0800: 4.882: [ParNew: 8792K->621K(9216K), 0.0167074 secs] 24999K->16921K(36272K), 0.0167610 secs] [Times: user=0.01 sys=0.00, real=0.02 secs] 
Heap after GC invocations=46 (full 8):
 par new generation   total 9216K, used 621K [0x00000000e3400000, 0x00000000e3e00000, 0x00000000ecca0000)
  eden space 8192K,   0% used [0x00000000e3400000, 0x00000000e3400000, 0x00000000e3c00000)
  from space 1024K,  60% used [0x00000000e3c00000, 0x00000000e3c9b6a8, 0x00000000e3d00000)
  to   space 1024K,   0% used [0x00000000e3d00000, 0x00000000e3d00000, 0x00000000e3e00000)
 concurrent mark-sweep generation total 27056K, used 16300K [0x00000000ecca0000, 0x00000000ee70c000, 0x0000000100000000)
 Metaspace       used 13498K, capacity 13796K, committed 13952K, reserved 1060864K
  class space    used 1522K, capacity 1626K, committed 1664K, reserved 1048576K
}
2020-11-07T19:55:21.760+0800: 4.910: Application time: 0.0107341 seconds
2020-11-07T19:55:21.760+0800: 4.910: [GC (CMS Initial Mark) [1 CMS-initial-mark: 16300K(27056K)] 22052K(36272K), 0.0040000 secs] [Times: user=0.01 sys=0.00, real=0.00 secs] 
2020-11-07T19:55:21.764+0800: 4.914: [CMS-concurrent-mark-start]
2020-11-07T19:55:21.778+0800: 4.927: Application time: 0.0131478 seconds
{Heap before GC invocations=46 (full 9):
 par new generation   total 9216K, used 8813K [0x00000000e3400000, 0x00000000e3e00000, 0x00000000ecca0000)
  eden space 8192K, 100% used [0x00000000e3400000, 0x00000000e3c00000, 0x00000000e3c00000)
  from space 1024K,  60% used [0x00000000e3c00000, 0x00000000e3c9b6a8, 0x00000000e3d00000)
  to   space 1024K,   0% used [0x00000000e3d00000, 0x00000000e3d00000, 0x00000000e3e00000)
 concurrent mark-sweep generation total 27056K, used 16300K [0x00000000ecca0000, 0x00000000ee70c000, 0x0000000100000000)
 Metaspace       used 13565K, capacity 13868K, committed 13952K, reserved 1060864K
  class space    used 1532K, capacity 1628K, committed 1664K, reserved 1048576K
2020-11-07T19:55:21.778+0800: 4.927: [GC (Allocation Failure) 2020-11-07T19:55:21.778+0800: 4.927: [ParNew: 8813K->575K(9216K), 0.0037124 secs] 25113K->16876K(36272K), 0.0037977 secs] [Times: user=0.00 sys=0.00, real=0.00 secs] 
Heap after GC invocations=47 (full 9):
 par new generation   total 9216K, used 575K [0x00000000e3400000, 0x00000000e3e00000, 0x00000000ecca0000)
  eden space 8192K,   0% used [0x00000000e3400000, 0x00000000e3400000, 0x00000000e3c00000)
  from space 1024K,  56% used [0x00000000e3d00000, 0x00000000e3d8ffc8, 0x00000000e3e00000)
  to   space 1024K,   0% used [0x00000000e3c00000, 0x00000000e3c00000, 0x00000000e3d00000)
 concurrent mark-sweep generation total 27056K, used 16300K [0x00000000ecca0000, 0x00000000ee70c000, 0x0000000100000000)
 Metaspace       used 13565K, capacity 13868K, committed 13952K, reserved 1060864K
  class space    used 1532K, capacity 1628K, committed 1664K, reserved 1048576K
}
2020-11-07T19:55:21.816+0800: 4.966: Application time: 0.0345054 seconds
{Heap before GC invocations=47 (full 9):
 par new generation   total 9216K, used 8767K [0x00000000e3400000, 0x00000000e3e00000, 0x00000000ecca0000)
  eden space 8192K, 100% used [0x00000000e3400000, 0x00000000e3c00000, 0x00000000e3c00000)
  from space 1024K,  56% used [0x00000000e3d00000, 0x00000000e3d8ffc8, 0x00000000e3e00000)
  to   space 1024K,   0% used [0x00000000e3c00000, 0x00000000e3c00000, 0x00000000e3d00000)
 concurrent mark-sweep generation total 27056K, used 16300K [0x00000000ecca0000, 0x00000000ee70c000, 0x0000000100000000)
 Metaspace       used 13615K, capacity 13952K, committed 14208K, reserved 1062912K
  class space    used 1541K, capacity 1634K, committed 1664K, reserved 1048576K
2020-11-07T19:55:21.816+0800: 4.966: [GC (Allocation Failure) 2020-11-07T19:55:21.816+0800: 4.966: [ParNew: 8767K->570K(9216K), 0.0043928 secs] 25068K->16871K(36272K), 0.0044457 secs] [Times: user=0.00 sys=0.00, real=0.00 secs] 
Heap after GC invocations=48 (full 9):
 par new generation   total 9216K, used 570K [0x00000000e3400000, 0x00000000e3e00000, 0x00000000ecca0000)
  eden space 8192K,   0% used [0x00000000e3400000, 0x00000000e3400000, 0x00000000e3c00000)
  from space 1024K,  55% used [0x00000000e3c00000, 0x00000000e3c8eb38, 0x00000000e3d00000)
  to   space 1024K,   0% used [0x00000000e3d00000, 0x00000000e3d00000, 0x00000000e3e00000)
 concurrent mark-sweep generation total 27056K, used 16300K [0x00000000ecca0000, 0x00000000ee70c000, 0x0000000100000000)
 Metaspace       used 13615K, capacity 13952K, committed 14208K, reserved 1062912K
  class space    used 1541K, capacity 1634K, committed 1664K, reserved 1048576K
}
2020-11-07T19:55:21.860+0800: 5.010: Application time: 0.0392280 seconds
{Heap before GC invocations=48 (full 9):
 par new generation   total 9216K, used 8762K [0x00000000e3400000, 0x00000000e3e00000, 0x00000000ecca0000)
  eden space 8192K, 100% used [0x00000000e3400000, 0x00000000e3c00000, 0x00000000e3c00000)
  from space 1024K,  55% used [0x00000000e3c00000, 0x00000000e3c8eb38, 0x00000000e3d00000)
  to   space 1024K,   0% used [0x00000000e3d00000, 0x00000000e3d00000, 0x00000000e3e00000)
 concurrent mark-sweep generation total 27056K, used 16300K [0x00000000ecca0000, 0x00000000ee70c000, 0x0000000100000000)
 Metaspace       used 13771K, capacity 14142K, committed 14336K, reserved 1062912K
  class space    used 1569K, capacity 1711K, committed 1792K, reserved 1048576K
2020-11-07T19:55:21.860+0800: 5.010: [GC (Allocation Failure) 2020-11-07T19:55:21.860+0800: 5.010: [ParNew: 8762K->464K(9216K), 0.0046039 secs] 25063K->16848K(36272K), 0.0046633 secs] [Times: user=0.00 sys=0.00, real=0.01 secs] 
Heap after GC invocations=49 (full 9):
 par new generation   total 9216K, used 464K [0x00000000e3400000, 0x00000000e3e00000, 0x00000000ecca0000)
  eden space 8192K,   0% used [0x00000000e3400000, 0x00000000e3400000, 0x00000000e3c00000)
  from space 1024K,  45% used [0x00000000e3d00000, 0x00000000e3d74338, 0x00000000e3e00000)
  to   space 1024K,   0% used [0x00000000e3c00000, 0x00000000e3c00000, 0x00000000e3d00000)
 concurrent mark-sweep generation total 27056K, used 16383K [0x00000000ecca0000, 0x00000000ee70c000, 0x0000000100000000)
 Metaspace       used 13771K, capacity 14142K, committed 14336K, reserved 1062912K
  class space    used 1569K, capacity 1711K, committed 1792K, reserved 1048576K
}
2020-11-07T19:55:21.868+0800: 5.017: [CMS-concurrent-mark: 0.085/0.103 secs] [Times: user=0.10 sys=0.00, real=0.11 secs] 
2020-11-07T19:55:21.868+0800: 5.018: [CMS-concurrent-preclean-start]
2020-11-07T19:55:21.869+0800: 5.019: [CMS-concurrent-preclean: 0.001/0.001 secs] [Times: user=0.00 sys=0.00, real=0.00 secs] 
2020-11-07T19:55:21.871+0800: 5.021: Application time: 0.0061281 seconds
2020-11-07T19:55:21.877+0800: 5.026: Application time: 0.0055456 seconds
2020-11-07T19:55:21.877+0800: 5.026: [GC (CMS Final Remark) [YG occupancy: 4161 K (9216 K)]2020-11-07T19:55:21.877+0800: 5.027: [Rescan (parallel) , 0.0038638 secs]2020-11-07T19:55:21.881+0800: 5.030: [weak refs processing, 0.0006497 secs]2020-11-07T19:55:21.881+0800: 5.031: [class unloading, 0.0031275 secs]2020-11-07T19:55:21.885+0800: 5.034: [scrub symbol table, 0.0033126 secs]2020-11-07T19:55:21.888+0800: 5.038: [scrub string table, 0.0004139 secs][1 CMS-remark: 16383K(27056K)] 20545K(36272K), 0.0115239 secs] [Times: user=0.01 sys=0.00, real=0.01 secs] 
2020-11-07T19:55:21.894+0800: 5.044: [CMS-concurrent-sweep-start]
2020-11-07T19:55:21.898+0800: 5.047: Application time: 0.0091820 seconds
2020-11-07T19:55:21.901+0800: 5.051: [CMS-concurrent-sweep: 0.007/0.007 secs] [Times: user=0.01 sys=0.00, real=0.01 secs] 
2020-11-07T19:55:21.901+0800: 5.051: [CMS-concurrent-reset-start]
2020-11-07T19:55:21.917+0800: 5.066: [CMS-concurrent-reset: 0.015/0.015 secs] [Times: user=0.01 sys=0.00, real=0.02 secs] 
2020-11-07T19:55:21.920+0800: 5.070: Application time: 0.0223788 seconds
{Heap before GC invocations=49 (full 9):
 par new generation   total 9216K, used 8656K [0x00000000e3400000, 0x00000000e3e00000, 0x00000000ecca0000)
  eden space 8192K, 100% used [0x00000000e3400000, 0x00000000e3c00000, 0x00000000e3c00000)
  from space 1024K,  45% used [0x00000000e3d00000, 0x00000000e3d74338, 0x00000000e3e00000)
  to   space 1024K,   0% used [0x00000000e3c00000, 0x00000000e3c00000, 0x00000000e3d00000)
 concurrent mark-sweep generation total 27304K, used 16380K [0x00000000ecca0000, 0x00000000ee74a000, 0x0000000100000000)
 Metaspace       used 14069K, capacity 14432K, committed 14592K, reserved 1062912K
  class space    used 1606K, capacity 1744K, committed 1792K, reserved 1048576K
2020-11-07T19:55:21.920+0800: 5.070: [GC (Allocation Failure) 2020-11-07T19:55:21.920+0800: 5.070: [ParNew: 8656K->494K(9216K), 0.0046569 secs] 25037K->16907K(36520K), 0.0047125 secs] [Times: user=0.00 sys=0.00, real=0.01 secs] 
Heap after GC invocations=50 (full 9):
 par new generation   total 9216K, used 494K [0x00000000e3400000, 0x00000000e3e00000, 0x00000000ecca0000)
  eden space 8192K,   0% used [0x00000000e3400000, 0x00000000e3400000, 0x00000000e3c00000)
  from space 1024K,  48% used [0x00000000e3c00000, 0x00000000e3c7b810, 0x00000000e3d00000)
  to   space 1024K,   0% used [0x00000000e3d00000, 0x00000000e3d00000, 0x00000000e3e00000)
 concurrent mark-sweep generation total 27304K, used 16413K [0x00000000ecca0000, 0x00000000ee74a000, 0x0000000100000000)
 Metaspace       used 14069K, capacity 14432K, committed 14592K, reserved 1062912K
  class space    used 1606K, capacity 1744K, committed 1792K, reserved 1048576K
}
2020-11-07T19:55:21.931+0800: 5.081: Application time: 0.0057285 seconds
2020-11-07T19:55:21.931+0800: 5.081: [GC (CMS Initial Mark) [1 CMS-initial-mark: 16413K(27304K)] 19429K(36520K), 0.0028439 secs] [Times: user=0.00 sys=0.00, real=0.00 secs] 
2020-11-07T19:55:21.939+0800: 5.088: [CMS-concurrent-mark-start]
2020-11-07T19:55:21.951+0800: 5.101: Application time: 0.0170047 seconds
2020-11-07T19:55:21.965+0800: 5.114: Application time: 0.0133880 seconds
{Heap before GC invocations=50 (full 10):
 par new generation   total 9216K, used 8686K [0x00000000e3400000, 0x00000000e3e00000, 0x00000000ecca0000)
  eden space 8192K, 100% used [0x00000000e3400000, 0x00000000e3c00000, 0x00000000e3c00000)
  from space 1024K,  48% used [0x00000000e3c00000, 0x00000000e3c7b810, 0x00000000e3d00000)
  to   space 1024K,   0% used [0x00000000e3d00000, 0x00000000e3d00000, 0x00000000e3e00000)
 concurrent mark-sweep generation total 27304K, used 16413K [0x00000000ecca0000, 0x00000000ee74a000, 0x0000000100000000)
 Metaspace       used 14207K, capacity 14560K, committed 14848K, reserved 1062912K
  class space    used 1624K, capacity 1744K, committed 1792K, reserved 1048576K
2020-11-07T19:55:21.965+0800: 5.114: [GC (Allocation Failure) 2020-11-07T19:55:21.965+0800: 5.114: [ParNew: 8686K->710K(9216K), 0.0158131 secs] 25099K->17153K(36520K), 0.0158993 secs] [Times: user=0.01 sys=0.00, real=0.01 secs] 
Heap after GC invocations=51 (full 10):
 par new generation   total 9216K, used 710K [0x00000000e3400000, 0x00000000e3e00000, 0x00000000ecca0000)
  eden space 8192K,   0% used [0x00000000e3400000, 0x00000000e3400000, 0x00000000e3c00000)
  from space 1024K,  69% used [0x00000000e3d00000, 0x00000000e3db1b88, 0x00000000e3e00000)
  to   space 1024K,   0% used [0x00000000e3c00000, 0x00000000e3c00000, 0x00000000e3d00000)
 concurrent mark-sweep generation total 27304K, used 16443K [0x00000000ecca0000, 0x00000000ee74a000, 0x0000000100000000)
 Metaspace       used 14207K, capacity 14560K, committed 14848K, reserved 1062912K
  class space    used 1624K, capacity 1744K, committed 1792K, reserved 1048576K
}
2020-11-07T19:55:22.052+0800: 5.202: Application time: 0.0712339 seconds
2020-11-07T19:55:22.054+0800: 5.204: [CMS-concurrent-mark: 0.099/0.116 secs] [Times: user=0.11 sys=0.01, real=0.11 secs] 
2020-11-07T19:55:22.054+0800: 5.204: [CMS-concurrent-preclean-start]
2020-11-07T19:55:22.055+0800: 5.205: [CMS-concurrent-preclean: 0.001/0.001 secs] [Times: user=0.00 sys=0.00, real=0.01 secs] 
2020-11-07T19:55:22.055+0800: 5.205: [CMS-concurrent-abortable-preclean-start]
2020-11-07T19:55:22.066+0800: 5.216: Application time: 0.0143858 seconds
{Heap before GC invocations=51 (full 10):
 par new generation   total 9216K, used 8902K [0x00000000e3400000, 0x00000000e3e00000, 0x00000000ecca0000)
  eden space 8192K, 100% used [0x00000000e3400000, 0x00000000e3c00000, 0x00000000e3c00000)
  from space 1024K,  69% used [0x00000000e3d00000, 0x00000000e3db1b88, 0x00000000e3e00000)
  to   space 1024K,   0% used [0x00000000e3c00000, 0x00000000e3c00000, 0x00000000e3d00000)
 concurrent mark-sweep generation total 27304K, used 16443K [0x00000000ecca0000, 0x00000000ee74a000, 0x0000000100000000)
 Metaspace       used 14514K, capacity 14916K, committed 15232K, reserved 1062912K
  class space    used 1671K, capacity 1800K, committed 1920K, reserved 1048576K
2020-11-07T19:55:22.067+0800: 5.217: [GC (Allocation Failure) 2020-11-07T19:55:22.067+0800: 5.217: [ParNew: 8902K->547K(9216K), 0.0050347 secs] 25345K->17074K(36520K), 0.0051072 secs] [Times: user=0.01 sys=0.00, real=0.00 secs] 
Heap after GC invocations=52 (full 10):
 par new generation   total 9216K, used 547K [0x00000000e3400000, 0x00000000e3e00000, 0x00000000ecca0000)
  eden space 8192K,   0% used [0x00000000e3400000, 0x00000000e3400000, 0x00000000e3c00000)
  from space 1024K,  53% used [0x00000000e3c00000, 0x00000000e3c88c18, 0x00000000e3d00000)
  to   space 1024K,   0% used [0x00000000e3d00000, 0x00000000e3d00000, 0x00000000e3e00000)
 concurrent mark-sweep generation total 27304K, used 16527K [0x00000000ecca0000, 0x00000000ee74a000, 0x0000000100000000)
 Metaspace       used 14514K, capacity 14916K, committed 15232K, reserved 1062912K
  class space    used 1671K, capacity 1800K, committed 1920K, reserved 1048576K
}
2020-11-07T19:55:22.106+0800: 5.256: Application time: 0.0342752 seconds
{Heap before GC invocations=52 (full 10):
 par new generation   total 9216K, used 8739K [0x00000000e3400000, 0x00000000e3e00000, 0x00000000ecca0000)
  eden space 8192K, 100% used [0x00000000e3400000, 0x00000000e3c00000, 0x00000000e3c00000)
  from space 1024K,  53% used [0x00000000e3c00000, 0x00000000e3c88c18, 0x00000000e3d00000)
  to   space 1024K,   0% used [0x00000000e3d00000, 0x00000000e3d00000, 0x00000000e3e00000)
 concurrent mark-sweep generation total 27304K, used 16527K [0x00000000ecca0000, 0x00000000ee74a000, 0x0000000100000000)
 Metaspace       used 14600K, capacity 15048K, committed 15232K, reserved 1062912K
  class space    used 1684K, capacity 1842K, committed 1920K, reserved 1048576K
2020-11-07T19:55:22.107+0800: 5.256: [GC (Allocation Failure) 2020-11-07T19:55:22.107+0800: 5.256: [ParNew: 8739K->492K(9216K), 0.0042352 secs] 25266K->17019K(36520K), 0.0042811 secs] [Times: user=0.01 sys=0.00, real=0.00 secs] 
Heap after GC invocations=53 (full 10):
 par new generation   total 9216K, used 492K [0x00000000e3400000, 0x00000000e3e00000, 0x00000000ecca0000)
  eden space 8192K,   0% used [0x00000000e3400000, 0x00000000e3400000, 0x00000000e3c00000)
  from space 1024K,  48% used [0x00000000e3d00000, 0x00000000e3d7b140, 0x00000000e3e00000)
  to   space 1024K,   0% used [0x00000000e3c00000, 0x00000000e3c00000, 0x00000000e3d00000)
 concurrent mark-sweep generation total 27304K, used 16527K [0x00000000ecca0000, 0x00000000ee74a000, 0x0000000100000000)
 Metaspace       used 14600K, capacity 15048K, committed 15232K, reserved 1062912K
  class space    used 1684K, capacity 1842K, committed 1920K, reserved 1048576K
}
2020-11-07T19:55:22.137+0800: 5.287: Application time: 0.0265163 seconds
2020-11-07T19:55:22.138+0800: 5.287: [CMS-concurrent-abortable-preclean: 0.054/0.083 secs] [Times: user=0.08 sys=0.00, real=0.08 secs] 
2020-11-07T19:55:22.138+0800: 5.288: Application time: 0.0000834 seconds
2020-11-07T19:55:22.138+0800: 5.288: [GC (CMS Final Remark) [YG occupancy: 7755 K (9216 K)]2020-11-07T19:55:22.138+0800: 5.288: [Rescan (parallel) , 0.0155906 secs]2020-11-07T19:55:22.153+0800: 5.303: [weak refs processing, 0.0013880 secs]2020-11-07T19:55:22.155+0800: 5.305: [class unloading, 0.0031691 secs]2020-11-07T19:55:22.158+0800: 5.308: [scrub symbol table, 0.0037473 secs]2020-11-07T19:55:22.162+0800: 5.312: [scrub string table, 0.0003615 secs][1 CMS-remark: 16527K(27304K)] 24282K(36520K), 0.0244055 secs] [Times: user=0.02 sys=0.00, real=0.02 secs] 
2020-11-07T19:55:22.165+0800: 5.315: Application time: 0.0026567 seconds
2020-11-07T19:55:22.165+0800: 5.315: [CMS-concurrent-sweep-start]
2020-11-07T19:55:22.169+0800: 5.318: Application time: 0.0035583 seconds
{Heap before GC invocations=53 (full 10):
 par new generation   total 9216K, used 8684K [0x00000000e3400000, 0x00000000e3e00000, 0x00000000ecca0000)
  eden space 8192K, 100% used [0x00000000e3400000, 0x00000000e3c00000, 0x00000000e3c00000)
  from space 1024K,  48% used [0x00000000e3d00000, 0x00000000e3d7b140, 0x00000000e3e00000)
  to   space 1024K,   0% used [0x00000000e3c00000, 0x00000000e3c00000, 0x00000000e3d00000)
 concurrent mark-sweep generation total 27304K, used 16525K [0x00000000ecca0000, 0x00000000ee74a000, 0x0000000100000000)
 Metaspace       used 14660K, capacity 15048K, committed 15232K, reserved 1062912K
  class space    used 1696K, capacity 1842K, committed 1920K, reserved 1048576K
2020-11-07T19:55:22.169+0800: 5.318: [GC (Allocation Failure) 2020-11-07T19:55:22.169+0800: 5.318: [ParNew: 8684K->476K(9216K), 0.0160249 secs] 25210K->17159K(36520K), 0.0160884 secs] [Times: user=0.02 sys=0.00, real=0.02 secs] 
Heap after GC invocations=54 (full 10):
 par new generation   total 9216K, used 476K [0x00000000e3400000, 0x00000000e3e00000, 0x00000000ecca0000)
  eden space 8192K,   0% used [0x00000000e3400000, 0x00000000e3400000, 0x00000000e3c00000)
  from space 1024K,  46% used [0x00000000e3c00000, 0x00000000e3c77048, 0x00000000e3d00000)
  to   space 1024K,   0% used [0x00000000e3d00000, 0x00000000e3d00000, 0x00000000e3e00000)
 concurrent mark-sweep generation total 27304K, used 16683K [0x00000000ecca0000, 0x00000000ee74a000, 0x0000000100000000)
 Metaspace       used 14660K, capacity 15048K, committed 15232K, reserved 1062912K
  class space    used 1696K, capacity 1842K, committed 1920K, reserved 1048576K
}
2020-11-07T19:55:22.200+0800: 5.349: [CMS-concurrent-sweep: 0.007/0.035 secs] [Times: user=0.03 sys=0.00, real=0.03 secs] 
2020-11-07T19:55:22.200+0800: 5.349: [CMS-concurrent-reset-start]
2020-11-07T19:55:22.201+0800: 5.351: [CMS-concurrent-reset: 0.001/0.001 secs] [Times: user=0.00 sys=0.00, real=0.00 secs] 
2020-11-07T19:55:22.220+0800: 5.369: Application time: 0.0346125 seconds
{Heap before GC invocations=54 (full 10):
 par new generation   total 9216K, used 8668K [0x00000000e3400000, 0x00000000e3e00000, 0x00000000ecca0000)
  eden space 8192K, 100% used [0x00000000e3400000, 0x00000000e3c00000, 0x00000000e3c00000)
  from space 1024K,  46% used [0x00000000e3c00000, 0x00000000e3c77048, 0x00000000e3d00000)
  to   space 1024K,   0% used [0x00000000e3d00000, 0x00000000e3d00000, 0x00000000e3e00000)
 concurrent mark-sweep generation total 27800K, used 16678K [0x00000000ecca0000, 0x00000000ee7c6000, 0x0000000100000000)
 Metaspace       used 14797K, capacity 15226K, committed 15488K, reserved 1062912K
  class space    used 1723K, capacity 1877K, committed 1920K, reserved 1048576K
2020-11-07T19:55:22.220+0800: 5.369: [GC (Allocation Failure) 2020-11-07T19:55:22.220+0800: 5.369: [ParNew: 8668K->500K(9216K), 0.0041172 secs] 25346K->17195K(37016K), 0.0041863 secs] [Times: user=0.00 sys=0.00, real=0.00 secs] 
Heap after GC invocations=55 (full 10):
 par new generation   total 9216K, used 500K [0x00000000e3400000, 0x00000000e3e00000, 0x00000000ecca0000)
  eden space 8192K,   0% used [0x00000000e3400000, 0x00000000e3400000, 0x00000000e3c00000)
  from space 1024K,  48% used [0x00000000e3d00000, 0x00000000e3d7d260, 0x00000000e3e00000)
  to   space 1024K,   0% used [0x00000000e3c00000, 0x00000000e3c00000, 0x00000000e3d00000)
 concurrent mark-sweep generation total 27800K, used 16694K [0x00000000ecca0000, 0x00000000ee7c6000, 0x0000000100000000)
 Metaspace       used 14797K, capacity 15226K, committed 15488K, reserved 1062912K
  class space    used 1723K, capacity 1877K, committed 1920K, reserved 1048576K
}
2020-11-07T19:55:22.230+0800: 5.379: Application time: 0.0056729 seconds
2020-11-07T19:55:22.230+0800: 5.380: [GC (CMS Initial Mark) [1 CMS-initial-mark: 16694K(27800K)] 18383K(37016K), 0.0024495 secs] [Times: user=0.00 sys=0.00, real=0.00 secs] 
2020-11-07T19:55:22.233+0800: 5.382: [CMS-concurrent-mark-start]
2020-11-07T19:55:22.246+0800: 5.395: Application time: 0.0129565 seconds
2020-11-07T19:55:22.273+0800: 5.423: Application time: 0.0276865 seconds
{Heap before GC invocations=55 (full 11):
 par new generation   total 9216K, used 8692K [0x00000000e3400000, 0x00000000e3e00000, 0x00000000ecca0000)
  eden space 8192K, 100% used [0x00000000e3400000, 0x00000000e3c00000, 0x00000000e3c00000)
  from space 1024K,  48% used [0x00000000e3d00000, 0x00000000e3d7d260, 0x00000000e3e00000)
  to   space 1024K,   0% used [0x00000000e3c00000, 0x00000000e3c00000, 0x00000000e3d00000)
 concurrent mark-sweep generation total 27800K, used 16694K [0x00000000ecca0000, 0x00000000ee7c6000, 0x0000000100000000)
 Metaspace       used 15023K, capacity 15450K, committed 15488K, reserved 1062912K
  class space    used 1760K, capacity 1909K, committed 1920K, reserved 1048576K
2020-11-07T19:55:22.274+0800: 5.423: [GC (Allocation Failure) 2020-11-07T19:55:22.274+0800: 5.423: [ParNew: 8692K->545K(9216K), 0.0168576 secs] 25387K->17259K(37016K), 0.0169330 secs] [Times: user=0.01 sys=0.00, real=0.02 secs] 
Heap after GC invocations=56 (full 11):
 par new generation   total 9216K, used 545K [0x00000000e3400000, 0x00000000e3e00000, 0x00000000ecca0000)
  eden space 8192K,   0% used [0x00000000e3400000, 0x00000000e3400000, 0x00000000e3c00000)
  from space 1024K,  53% used [0x00000000e3c00000, 0x00000000e3c88738, 0x00000000e3d00000)
  to   space 1024K,   0% used [0x00000000e3d00000, 0x00000000e3d00000, 0x00000000e3e00000)
 concurrent mark-sweep generation total 27800K, used 16713K [0x00000000ecca0000, 0x00000000ee7c6000, 0x0000000100000000)
 Metaspace       used 15023K, capacity 15450K, committed 15488K, reserved 1062912K
  class space    used 1760K, capacity 1909K, committed 1920K, reserved 1048576K
}
2020-11-07T19:55:22.319+0800: 5.468: Application time: 0.0279704 seconds
2020-11-07T19:55:22.329+0800: 5.479: [CMS-concurrent-mark: 0.068/0.096 secs] [Times: user=0.09 sys=0.00, real=0.10 secs] 
2020-11-07T19:55:22.329+0800: 5.479: Application time: 0.0104860 seconds
{Heap before GC invocations=56 (full 11):
 par new generation   total 9216K, used 8737K [0x00000000e3400000, 0x00000000e3e00000, 0x00000000ecca0000)
  eden space 8192K, 100% used [0x00000000e3400000, 0x00000000e3c00000, 0x00000000e3c00000)
  from space 1024K,  53% used [0x00000000e3c00000, 0x00000000e3c88738, 0x00000000e3d00000)
  to   space 1024K,   0% used [0x00000000e3d00000, 0x00000000e3d00000, 0x00000000e3e00000)
 concurrent mark-sweep generation total 27800K, used 16713K [0x00000000ecca0000, 0x00000000ee7c6000, 0x0000000100000000)
 Metaspace       used 15111K, capacity 15514K, committed 15744K, reserved 1062912K
  class space    used 1778K, capacity 1909K, committed 1920K, reserved 1048576K
2020-11-07T19:55:22.329+0800: 5.479: [GC (Allocation Failure) 2020-11-07T19:55:22.329+0800: 5.479: [ParNew: 8737K->485K(9216K), 0.0042214 secs] 25451K->17213K(37016K), 0.0042700 secs] [Times: user=0.00 sys=0.00, real=0.00 secs] 
Heap after GC invocations=57 (full 11):
 par new generation   total 9216K, used 485K [0x00000000e3400000, 0x00000000e3e00000, 0x00000000ecca0000)
  eden space 8192K,   0% used [0x00000000e3400000, 0x00000000e3400000, 0x00000000e3c00000)
  from space 1024K,  47% used [0x00000000e3d00000, 0x00000000e3d79550, 0x00000000e3e00000)
  to   space 1024K,   0% used [0x00000000e3c00000, 0x00000000e3c00000, 0x00000000e3d00000)
 concurrent mark-sweep generation total 27800K, used 16728K [0x00000000ecca0000, 0x00000000ee7c6000, 0x0000000100000000)
 Metaspace       used 15111K, capacity 15514K, committed 15744K, reserved 1062912K
  class space    used 1778K, capacity 1909K, committed 1920K, reserved 1048576K
}
2020-11-07T19:55:22.344+0800: 5.494: [CMS-concurrent-preclean-start]
2020-11-07T19:55:22.345+0800: 5.495: [CMS-concurrent-preclean: 0.001/0.001 secs] [Times: user=0.00 sys=0.00, real=0.01 secs] 
2020-11-07T19:55:22.345+0800: 5.495: [CMS-concurrent-abortable-preclean-start]
2020-11-07T19:55:22.353+0800: 5.503: Application time: 0.0193216 seconds
2020-11-07T19:55:22.353+0800: 5.503: Application time: 0.0000353 seconds
2020-11-07T19:55:22.353+0800: 5.503: Application time: 0.0000371 seconds
2020-11-07T19:55:22.353+0800: 5.503: Application time: 0.0001229 seconds
2020-11-07T19:55:22.354+0800: 5.503: Application time: 0.0000839 seconds
2020-11-07T19:55:22.354+0800: 5.503: Application time: 0.0000262 seconds
2020-11-07T19:55:22.354+0800: 5.503: Application time: 0.0000295 seconds
2020-11-07T19:55:22.354+0800: 5.503: Application time: 0.0000733 seconds
2020-11-07T19:55:22.354+0800: 5.504: Application time: 0.0001217 seconds
2020-11-07T19:55:22.354+0800: 5.504: Application time: 0.0000158 seconds
2020-11-07T19:55:22.363+0800: 5.513: Application time: 0.0091449 seconds
{Heap before GC invocations=57 (full 11):
 par new generation   total 9216K, used 8677K [0x00000000e3400000, 0x00000000e3e00000, 0x00000000ecca0000)
  eden space 8192K, 100% used [0x00000000e3400000, 0x00000000e3c00000, 0x00000000e3c00000)
  from space 1024K,  47% used [0x00000000e3d00000, 0x00000000e3d79550, 0x00000000e3e00000)
  to   space 1024K,   0% used [0x00000000e3c00000, 0x00000000e3c00000, 0x00000000e3d00000)
 concurrent mark-sweep generation total 27800K, used 16728K [0x00000000ecca0000, 0x00000000ee7c6000, 0x0000000100000000)
 Metaspace       used 15250K, capacity 15738K, committed 15872K, reserved 1062912K
  class space    used 1807K, capacity 1941K, committed 2048K, reserved 1048576K
2020-11-07T19:55:22.363+0800: 5.513: [GC (Allocation Failure) 2020-11-07T19:55:22.363+0800: 5.513: [ParNew: 8677K->665K(9216K), 0.0172374 secs] 25405K->17420K(37016K), 0.0173051 secs] [Times: user=0.02 sys=0.00, real=0.02 secs] 
Heap after GC invocations=58 (full 11):
 par new generation   total 9216K, used 665K [0x00000000e3400000, 0x00000000e3e00000, 0x00000000ecca0000)
  eden space 8192K,   0% used [0x00000000e3400000, 0x00000000e3400000, 0x00000000e3c00000)
  from space 1024K,  65% used [0x00000000e3c00000, 0x00000000e3ca67f8, 0x00000000e3d00000)
  to   space 1024K,   0% used [0x00000000e3d00000, 0x00000000e3d00000, 0x00000000e3e00000)
 concurrent mark-sweep generation total 27800K, used 16754K [0x00000000ecca0000, 0x00000000ee7c6000, 0x0000000100000000)
 Metaspace       used 15250K, capacity 15738K, committed 15872K, reserved 1062912K
  class space    used 1807K, capacity 1941K, committed 2048K, reserved 1048576K
}
2020-11-07T19:55:22.407+0800: 5.557: Application time: 0.0263540 seconds
{Heap before GC invocations=58 (full 11):
 par new generation   total 9216K, used 8857K [0x00000000e3400000, 0x00000000e3e00000, 0x00000000ecca0000)
  eden space 8192K, 100% used [0x00000000e3400000, 0x00000000e3c00000, 0x00000000e3c00000)
  from space 1024K,  65% used [0x00000000e3c00000, 0x00000000e3ca67f8, 0x00000000e3d00000)
  to   space 1024K,   0% used [0x00000000e3d00000, 0x00000000e3d00000, 0x00000000e3e00000)
 concurrent mark-sweep generation total 27800K, used 16754K [0x00000000ecca0000, 0x00000000ee7c6000, 0x0000000100000000)
 Metaspace       used 15319K, capacity 15770K, committed 15872K, reserved 1062912K
  class space    used 1819K, capacity 1973K, committed 2048K, reserved 1048576K
2020-11-07T19:55:22.407+0800: 5.557: [GC (Allocation Failure) 2020-11-07T19:55:22.407+0800: 5.557: [ParNew: 8857K->488K(9216K), 0.0042710 secs] 25612K->17290K(37016K), 0.0043148 secs] [Times: user=0.01 sys=0.00, real=0.00 secs] 
Heap after GC invocations=59 (full 11):
 par new generation   total 9216K, used 488K [0x00000000e3400000, 0x00000000e3e00000, 0x00000000ecca0000)
  eden space 8192K,   0% used [0x00000000e3400000, 0x00000000e3400000, 0x00000000e3c00000)
  from space 1024K,  47% used [0x00000000e3d00000, 0x00000000e3d7a2e8, 0x00000000e3e00000)
  to   space 1024K,   0% used [0x00000000e3c00000, 0x00000000e3c00000, 0x00000000e3d00000)
 concurrent mark-sweep generation total 27800K, used 16801K [0x00000000ecca0000, 0x00000000ee7c6000, 0x0000000100000000)
 Metaspace       used 15319K, capacity 15770K, committed 15872K, reserved 1062912K
  class space    used 1819K, capacity 1973K, committed 2048K, reserved 1048576K
}
2020-11-07T19:55:22.412+0800: 5.561: [CMS-concurrent-abortable-preclean: 0.027/0.066 secs] [Times: user=0.07 sys=0.00, real=0.06 secs] 
2020-11-07T19:55:22.418+0800: 5.567: Application time: 0.0061925 seconds
2020-11-07T19:55:22.418+0800: 5.568: [GC (CMS Final Remark) [YG occupancy: 2199 K (9216 K)]2020-11-07T19:55:22.418+0800: 5.568: [Rescan (parallel) , 0.0036038 secs]2020-11-07T19:55:22.422+0800: 5.571: [weak refs processing, 0.0000514 secs]2020-11-07T19:55:22.422+0800: 5.571: [class unloading, 0.0030612 secs]2020-11-07T19:55:22.425+0800: 5.574: [scrub symbol table, 0.0047724 secs]2020-11-07T19:55:22.429+0800: 5.579: [scrub string table, 0.0003898 secs][1 CMS-remark: 16801K(27800K)] 19000K(37016K), 0.0120255 secs] [Times: user=0.02 sys=0.01, real=0.01 secs] 
2020-11-07T19:55:22.448+0800: 5.597: [CMS-concurrent-sweep-start]
2020-11-07T19:55:22.455+0800: 5.605: Application time: 0.0249674 seconds
2020-11-07T19:55:22.463+0800: 5.613: [CMS-concurrent-sweep: 0.011/0.016 secs] [Times: user=0.01 sys=0.00, real=0.01 secs] 
2020-11-07T19:55:22.463+0800: 5.613: [CMS-concurrent-reset-start]
2020-11-07T19:55:22.464+0800: 5.614: [CMS-concurrent-reset: 0.001/0.001 secs] [Times: user=0.01 sys=0.00, real=0.00 secs] 
2020-11-07T19:55:22.471+0800: 5.621: Application time: 0.0160895 seconds
2020-11-07T19:55:22.473+0800: 5.622: Application time: 0.0000695 seconds
2020-11-07T19:55:22.473+0800: 5.622: Application time: 0.0000255 seconds
2020-11-07T19:55:22.473+0800: 5.623: Application time: 0.0001630 seconds
2020-11-07T19:55:22.473+0800: 5.623: Application time: 0.0000566 seconds
2020-11-07T19:55:22.473+0800: 5.623: Application time: 0.0000834 seconds
2020-11-07T19:55:22.473+0800: 5.623: Application time: 0.0001011 seconds
2020-11-07T19:55:22.478+0800: 5.628: Application time: 0.0046665 seconds
{Heap before GC invocations=59 (full 11):
 par new generation   total 9216K, used 8680K [0x00000000e3400000, 0x00000000e3e00000, 0x00000000ecca0000)
  eden space 8192K, 100% used [0x00000000e3400000, 0x00000000e3c00000, 0x00000000e3c00000)
  from space 1024K,  47% used [0x00000000e3d00000, 0x00000000e3d7a2e8, 0x00000000e3e00000)
  to   space 1024K,   0% used [0x00000000e3c00000, 0x00000000e3c00000, 0x00000000e3d00000)
 concurrent mark-sweep generation total 27800K, used 16441K [0x00000000ecca0000, 0x00000000ee7c6000, 0x0000000100000000)
 Metaspace       used 15439K, capacity 15898K, committed 16128K, reserved 1062912K
  class space    used 1843K, capacity 1973K, committed 2048K, reserved 1048576K
2020-11-07T19:55:22.478+0800: 5.628: [GC (Allocation Failure) 2020-11-07T19:55:22.478+0800: 5.628: [ParNew: 8680K->723K(9216K), 0.0151574 secs] 25122K->17184K(37016K), 0.0152240 secs] [Times: user=0.01 sys=0.00, real=0.01 secs] 
Heap after GC invocations=60 (full 11):
 par new generation   total 9216K, used 723K [0x00000000e3400000, 0x00000000e3e00000, 0x00000000ecca0000)
  eden space 8192K,   0% used [0x00000000e3400000, 0x00000000e3400000, 0x00000000e3c00000)
  from space 1024K,  70% used [0x00000000e3c00000, 0x00000000e3cb4e98, 0x00000000e3d00000)
  to   space 1024K,   0% used [0x00000000e3d00000, 0x00000000e3d00000, 0x00000000e3e00000)
 concurrent mark-sweep generation total 27800K, used 16461K [0x00000000ecca0000, 0x00000000ee7c6000, 0x0000000100000000)
 Metaspace       used 15439K, capacity 15898K, committed 16128K, reserved 1062912K
  class space    used 1843K, capacity 1973K, committed 2048K, reserved 1048576K
}
2020-11-07T19:55:22.494+0800: 5.644: Application time: 0.0006640 seconds
2020-11-07T19:55:22.506+0800: 5.656: Application time: 0.0118293 seconds
2020-11-07T19:55:22.518+0800: 5.668: Application time: 0.0008477 seconds
2020-11-07T19:55:22.535+0800: 5.685: Application time: 0.0171522 seconds
{Heap before GC invocations=60 (full 11):
 par new generation   total 9216K, used 8915K [0x00000000e3400000, 0x00000000e3e00000, 0x00000000ecca0000)
  eden space 8192K, 100% used [0x00000000e3400000, 0x00000000e3c00000, 0x00000000e3c00000)
  from space 1024K,  70% used [0x00000000e3c00000, 0x00000000e3cb4e98, 0x00000000e3d00000)
  to   space 1024K,   0% used [0x00000000e3d00000, 0x00000000e3d00000, 0x00000000e3e00000)
 concurrent mark-sweep generation total 27800K, used 16461K [0x00000000ecca0000, 0x00000000ee7c6000, 0x0000000100000000)
 Metaspace       used 15554K, capacity 15994K, committed 16128K, reserved 1062912K
  class space    used 1866K, capacity 2005K, committed 2048K, reserved 1048576K
2020-11-07T19:55:22.537+0800: 5.686: [GC (Allocation Failure) 2020-11-07T19:55:22.537+0800: 5.686: [ParNew: 8915K->974K(9216K), 0.0158652 secs] 25376K->17512K(37016K), 0.0159200 secs] [Times: user=0.01 sys=0.00, real=0.01 secs] 
Heap after GC invocations=61 (full 11):
 par new generation   total 9216K, used 974K [0x00000000e3400000, 0x00000000e3e00000, 0x00000000ecca0000)
  eden space 8192K,   0% used [0x00000000e3400000, 0x00000000e3400000, 0x00000000e3c00000)
  from space 1024K,  95% used [0x00000000e3d00000, 0x00000000e3df3a98, 0x00000000e3e00000)
  to   space 1024K,   0% used [0x00000000e3c00000, 0x00000000e3c00000, 0x00000000e3d00000)
 concurrent mark-sweep generation total 27800K, used 16537K [0x00000000ecca0000, 0x00000000ee7c6000, 0x0000000100000000)
 Metaspace       used 15554K, capacity 15994K, committed 16128K, reserved 1062912K
  class space    used 1866K, capacity 2005K, committed 2048K, reserved 1048576K
}
2020-11-07T19:55:22.555+0800: 5.704: Application time: 0.0018069 seconds
2020-11-07T19:55:22.562+0800: 5.712: Application time: 0.0075408 seconds
2020-11-07T19:55:22.563+0800: 5.712: Application time: 0.0002571 seconds
2020-11-07T19:55:22.564+0800: 5.714: Application time: 0.0018459 seconds
2020-11-07T19:55:22.582+0800: 5.732: Application time: 0.0178520 seconds
{Heap before GC invocations=61 (full 11):
 par new generation   total 9216K, used 9166K [0x00000000e3400000, 0x00000000e3e00000, 0x00000000ecca0000)
  eden space 8192K, 100% used [0x00000000e3400000, 0x00000000e3c00000, 0x00000000e3c00000)
  from space 1024K,  95% used [0x00000000e3d00000, 0x00000000e3df3a98, 0x00000000e3e00000)
  to   space 1024K,   0% used [0x00000000e3c00000, 0x00000000e3c00000, 0x00000000e3d00000)
 concurrent mark-sweep generation total 27800K, used 16537K [0x00000000ecca0000, 0x00000000ee7c6000, 0x0000000100000000)
 Metaspace       used 15653K, capacity 16090K, committed 16128K, reserved 1062912K
  class space    used 1892K, capacity 2037K, committed 2048K, reserved 1048576K
2020-11-07T19:55:22.582+0800: 5.732: [GC (Allocation Failure) 2020-11-07T19:55:22.582+0800: 5.732: [ParNew: 9166K->419K(9216K), 0.0241681 secs] 25704K->17410K(37016K), 0.0242226 secs] [Times: user=0.02 sys=0.00, real=0.03 secs] 
Heap after GC invocations=62 (full 11):
 par new generation   total 9216K, used 419K [0x00000000e3400000, 0x00000000e3e00000, 0x00000000ecca0000)
  eden space 8192K,   0% used [0x00000000e3400000, 0x00000000e3400000, 0x00000000e3c00000)
  from space 1024K,  41% used [0x00000000e3c00000, 0x00000000e3c68fe0, 0x00000000e3d00000)
  to   space 1024K,   0% used [0x00000000e3d00000, 0x00000000e3d00000, 0x00000000e3e00000)
 concurrent mark-sweep generation total 27800K, used 16990K [0x00000000ecca0000, 0x00000000ee7c6000, 0x0000000100000000)
 Metaspace       used 15653K, capacity 16090K, committed 16128K, reserved 1062912K
  class space    used 1892K, capacity 2037K, committed 2048K, reserved 1048576K
}
2020-11-07T19:55:22.607+0800: 5.757: Application time: 0.0006981 seconds
2020-11-07T19:55:22.608+0800: 5.757: [GC (CMS Initial Mark) [1 CMS-initial-mark: 16990K(27800K)] 17718K(37016K), 0.0013007 secs] [Times: user=0.00 sys=0.00, real=0.00 secs] 
2020-11-07T19:55:22.609+0800: 5.759: [CMS-concurrent-mark-start]
2020-11-07T19:55:22.638+0800: 5.787: Application time: 0.0287259 seconds
2020-11-07T19:55:22.657+0800: 5.807: Application time: 0.0195531 seconds
2020-11-07T19:55:22.674+0800: 5.824: Application time: 0.0170175 seconds
{Heap before GC invocations=62 (full 12):
 par new generation   total 9216K, used 8611K [0x00000000e3400000, 0x00000000e3e00000, 0x00000000ecca0000)
  eden space 8192K, 100% used [0x00000000e3400000, 0x00000000e3c00000, 0x00000000e3c00000)
  from space 1024K,  41% used [0x00000000e3c00000, 0x00000000e3c68fe0, 0x00000000e3d00000)
  to   space 1024K,   0% used [0x00000000e3d00000, 0x00000000e3d00000, 0x00000000e3e00000)
 concurrent mark-sweep generation total 27800K, used 16990K [0x00000000ecca0000, 0x00000000ee7c6000, 0x0000000100000000)
 Metaspace       used 15718K, capacity 16154K, committed 16384K, reserved 1062912K
  class space    used 1905K, capacity 2037K, committed 2048K, reserved 1048576K
2020-11-07T19:55:22.675+0800: 5.824: [GC (Allocation Failure) 2020-11-07T19:55:22.675+0800: 5.824: [ParNew: 8611K->540K(9216K), 0.0162907 secs] 25602K->17530K(37016K), 0.0163798 secs] [Times: user=0.01 sys=0.00, real=0.01 secs] 
Heap after GC invocations=63 (full 12):
 par new generation   total 9216K, used 540K [0x00000000e3400000, 0x00000000e3e00000, 0x00000000ecca0000)
  eden space 8192K,   0% used [0x00000000e3400000, 0x00000000e3400000, 0x00000000e3c00000)
  from space 1024K,  52% used [0x00000000e3d00000, 0x00000000e3d87220, 0x00000000e3e00000)
  to   space 1024K,   0% used [0x00000000e3c00000, 0x00000000e3c00000, 0x00000000e3d00000)
 concurrent mark-sweep generation total 27800K, used 16990K [0x00000000ecca0000, 0x00000000ee7c6000, 0x0000000100000000)
 Metaspace       used 15718K, capacity 16154K, committed 16384K, reserved 1062912K
  class space    used 1905K, capacity 2037K, committed 2048K, reserved 1048576K
}
2020-11-07T19:55:22.699+0800: 5.849: [CMS-concurrent-mark: 0.069/0.090 secs] [Times: user=0.09 sys=0.00, real=0.09 secs] 
2020-11-07T19:55:22.699+0800: 5.849: [CMS-concurrent-preclean-start]
2020-11-07T19:55:22.713+0800: 5.862: Application time: 0.0215993 seconds
2020-11-07T19:55:22.713+0800: 5.863: [CMS-concurrent-preclean: 0.014/0.014 secs] [Times: user=0.01 sys=0.00, real=0.01 secs] 
2020-11-07T19:55:22.713+0800: 5.863: [CMS-concurrent-abortable-preclean-start]
2020-11-07T19:55:22.742+0800: 5.892: Application time: 0.0292511 seconds
{Heap before GC invocations=63 (full 12):
 par new generation   total 9216K, used 8732K [0x00000000e3400000, 0x00000000e3e00000, 0x00000000ecca0000)
  eden space 8192K, 100% used [0x00000000e3400000, 0x00000000e3c00000, 0x00000000e3c00000)
  from space 1024K,  52% used [0x00000000e3d00000, 0x00000000e3d87220, 0x00000000e3e00000)
  to   space 1024K,   0% used [0x00000000e3c00000, 0x00000000e3c00000, 0x00000000e3d00000)
 concurrent mark-sweep generation total 27800K, used 16990K [0x00000000ecca0000, 0x00000000ee7c6000, 0x0000000100000000)
 Metaspace       used 15884K, capacity 16318K, committed 16512K, reserved 1062912K
  class space    used 1935K, capacity 2071K, committed 2176K, reserved 1048576K
2020-11-07T19:55:22.742+0800: 5.892: [GC (Allocation Failure) 2020-11-07T19:55:22.742+0800: 5.892: [ParNew: 8732K->643K(9216K), 0.0219172 secs] 25722K->17633K(37016K), 0.0219807 secs] [Times: user=0.02 sys=0.00, real=0.02 secs] 
Heap after GC invocations=64 (full 12):
 par new generation   total 9216K, used 643K [0x00000000e3400000, 0x00000000e3e00000, 0x00000000ecca0000)
  eden space 8192K,   0% used [0x00000000e3400000, 0x00000000e3400000, 0x00000000e3c00000)
  from space 1024K,  62% used [0x00000000e3c00000, 0x00000000e3ca0eb0, 0x00000000e3d00000)
  to   space 1024K,   0% used [0x00000000e3d00000, 0x00000000e3d00000, 0x00000000e3e00000)
 concurrent mark-sweep generation total 27800K, used 16990K [0x00000000ecca0000, 0x00000000ee7c6000, 0x0000000100000000)
 Metaspace       used 15884K, capacity 16318K, committed 16512K, reserved 1062912K
  class space    used 1935K, capacity 2071K, committed 2176K, reserved 1048576K
}
2020-11-07T19:55:22.764+0800: 5.914: [CMS-concurrent-abortable-preclean: 0.008/0.051 secs] [Times: user=0.05 sys=0.00, real=0.05 secs] 
2020-11-07T19:55:22.769+0800: 5.919: Application time: 0.0052088 seconds
2020-11-07T19:55:22.770+0800: 5.919: [GC (CMS Final Remark) [YG occupancy: 1492 K (9216 K)]2020-11-07T19:55:22.770+0800: 5.919: [Rescan (parallel) , 0.0032808 secs]2020-11-07T19:55:22.773+0800: 5.923: [weak refs processing, 0.0000824 secs]2020-11-07T19:55:22.773+0800: 5.923: [class unloading, 0.0039359 secs]2020-11-07T19:55:22.777+0800: 5.927: [scrub symbol table, 0.0039169 secs]2020-11-07T19:55:22.781+0800: 5.931: [scrub string table, 0.0004426 secs][1 CMS-remark: 16990K(27800K)] 18482K(37016K), 0.0118242 secs] [Times: user=0.01 sys=0.00, real=0.01 secs] 
2020-11-07T19:55:22.792+0800: 5.942: [CMS-concurrent-sweep-start]
2020-11-07T19:55:22.804+0800: 5.953: [CMS-concurrent-sweep: 0.011/0.011 secs] [Times: user=0.01 sys=0.00, real=0.01 secs] 
2020-11-07T19:55:22.804+0800: 5.953: [CMS-concurrent-reset-start]
2020-11-07T19:55:22.805+0800: 5.954: [CMS-concurrent-reset: 0.001/0.001 secs] [Times: user=0.00 sys=0.00, real=0.01 secs] 
2020-11-07T19:55:22.806+0800: 5.955: Application time: 0.0241411 seconds
2020-11-07T19:55:22.833+0800: 5.983: Application time: 0.0189297 seconds
{Heap before GC invocations=64 (full 12):
 par new generation   total 9216K, used 8835K [0x00000000e3400000, 0x00000000e3e00000, 0x00000000ecca0000)
  eden space 8192K, 100% used [0x00000000e3400000, 0x00000000e3c00000, 0x00000000e3c00000)
  from space 1024K,  62% used [0x00000000e3c00000, 0x00000000e3ca0eb0, 0x00000000e3d00000)
  to   space 1024K,   0% used [0x00000000e3d00000, 0x00000000e3d00000, 0x00000000e3e00000)
 concurrent mark-sweep generation total 27800K, used 16367K [0x00000000ecca0000, 0x00000000ee7c6000, 0x0000000100000000)
 Metaspace       used 16056K, capacity 16520K, committed 16768K, reserved 1064960K
  class space    used 1964K, capacity 2112K, committed 2176K, reserved 1048576K
2020-11-07T19:55:22.833+0800: 5.983: [GC (Allocation Failure) 2020-11-07T19:55:22.833+0800: 5.983: [ParNew: 8835K->1024K(9216K), 0.0357356 secs] 25202K->17646K(37016K), 0.0358404 secs] [Times: user=0.03 sys=0.00, real=0.04 secs] 
Heap after GC invocations=65 (full 12):
 par new generation   total 9216K, used 1024K [0x00000000e3400000, 0x00000000e3e00000, 0x00000000ecca0000)
  eden space 8192K,   0% used [0x00000000e3400000, 0x00000000e3400000, 0x00000000e3c00000)
  from space 1024K, 100% used [0x00000000e3d00000, 0x00000000e3e00000, 0x00000000e3e00000)
  to   space 1024K,   0% used [0x00000000e3c00000, 0x00000000e3c00000, 0x00000000e3d00000)
 concurrent mark-sweep generation total 27800K, used 16622K [0x00000000ecca0000, 0x00000000ee7c6000, 0x0000000100000000)
 Metaspace       used 16056K, capacity 16520K, committed 16768K, reserved 1064960K
  class space    used 1964K, capacity 2112K, committed 2176K, reserved 1048576K
}
2020-11-07T19:55:22.886+0800: 6.036: Application time: 0.0171903 seconds
{Heap before GC invocations=65 (full 12):
 par new generation   total 9216K, used 9216K [0x00000000e3400000, 0x00000000e3e00000, 0x00000000ecca0000)
  eden space 8192K, 100% used [0x00000000e3400000, 0x00000000e3c00000, 0x00000000e3c00000)
  from space 1024K, 100% used [0x00000000e3d00000, 0x00000000e3e00000, 0x00000000e3e00000)
  to   space 1024K,   0% used [0x00000000e3c00000, 0x00000000e3c00000, 0x00000000e3d00000)
 concurrent mark-sweep generation total 27800K, used 16622K [0x00000000ecca0000, 0x00000000ee7c6000, 0x0000000100000000)
 Metaspace       used 16133K, capacity 16584K, committed 16768K, reserved 1064960K
  class space    used 1977K, capacity 2112K, committed 2176K, reserved 1048576K
2020-11-07T19:55:22.886+0800: 6.036: [GC (Allocation Failure) 2020-11-07T19:55:22.886+0800: 6.036: [ParNew: 9216K->508K(9216K), 0.0219091 secs] 25838K->18288K(37016K), 0.0219651 secs] [Times: user=0.02 sys=0.00, real=0.02 secs] 
Heap after GC invocations=66 (full 12):
 par new generation   total 9216K, used 508K [0x00000000e3400000, 0x00000000e3e00000, 0x00000000ecca0000)
  eden space 8192K,   0% used [0x00000000e3400000, 0x00000000e3400000, 0x00000000e3c00000)
  from space 1024K,  49% used [0x00000000e3c00000, 0x00000000e3c7f228, 0x00000000e3d00000)
  to   space 1024K,   0% used [0x00000000e3d00000, 0x00000000e3d00000, 0x00000000e3e00000)
 concurrent mark-sweep generation total 27800K, used 17779K [0x00000000ecca0000, 0x00000000ee7c6000, 0x0000000100000000)
 Metaspace       used 16133K, capacity 16584K, committed 16768K, reserved 1064960K
  class space    used 1977K, capacity 2112K, committed 2176K, reserved 1048576K
}
2020-11-07T19:55:22.915+0800: 6.064: Application time: 0.0063261 seconds
2020-11-07T19:55:22.915+0800: 6.064: [GC (CMS Initial Mark) [1 CMS-initial-mark: 17779K(27800K)] 22047K(37016K), 0.0031111 secs] [Times: user=0.00 sys=0.00, real=0.00 secs] 
2020-11-07T19:55:22.923+0800: 6.073: [CMS-concurrent-mark-start]
2020-11-07T19:55:22.959+0800: 6.108: Application time: 0.0406457 seconds
{Heap before GC invocations=66 (full 13):
 par new generation   total 9216K, used 8700K [0x00000000e3400000, 0x00000000e3e00000, 0x00000000ecca0000)
  eden space 8192K, 100% used [0x00000000e3400000, 0x00000000e3c00000, 0x00000000e3c00000)
  from space 1024K,  49% used [0x00000000e3c00000, 0x00000000e3c7f228, 0x00000000e3d00000)
  to   space 1024K,   0% used [0x00000000e3d00000, 0x00000000e3d00000, 0x00000000e3e00000)
 concurrent mark-sweep generation total 27800K, used 17779K [0x00000000ecca0000, 0x00000000ee7c6000, 0x0000000100000000)
 Metaspace       used 16199K, capacity 16648K, committed 16768K, reserved 1064960K
  class space    used 1984K, capacity 2112K, committed 2176K, reserved 1048576K
2020-11-07T19:55:22.959+0800: 6.108: [GC (Allocation Failure) 2020-11-07T19:55:22.959+0800: 6.108: [ParNew: 8700K->117K(9216K), 0.0053283 secs] 26480K->17897K(37016K), 0.0053978 secs] [Times: user=0.01 sys=0.00, real=0.00 secs] 
Heap after GC invocations=67 (full 13):
 par new generation   total 9216K, used 117K [0x00000000e3400000, 0x00000000e3e00000, 0x00000000ecca0000)
  eden space 8192K,   0% used [0x00000000e3400000, 0x00000000e3400000, 0x00000000e3c00000)
  from space 1024K,  11% used [0x00000000e3d00000, 0x00000000e3d1d690, 0x00000000e3e00000)
  to   space 1024K,   0% used [0x00000000e3c00000, 0x00000000e3c00000, 0x00000000e3d00000)
 concurrent mark-sweep generation total 27800K, used 17779K [0x00000000ecca0000, 0x00000000ee7c6000, 0x0000000100000000)
 Metaspace       used 16199K, capacity 16648K, committed 16768K, reserved 1064960K
  class space    used 1984K, capacity 2112K, committed 2176K, reserved 1048576K
}
2020-11-07T19:55:22.985+0800: 6.135: Application time: 0.0212120 seconds
{Heap before GC invocations=67 (full 13):
 par new generation   total 9216K, used 8309K [0x00000000e3400000, 0x00000000e3e00000, 0x00000000ecca0000)
  eden space 8192K, 100% used [0x00000000e3400000, 0x00000000e3c00000, 0x00000000e3c00000)
  from space 1024K,  11% used [0x00000000e3d00000, 0x00000000e3d1d690, 0x00000000e3e00000)
  to   space 1024K,   0% used [0x00000000e3c00000, 0x00000000e3c00000, 0x00000000e3d00000)
 concurrent mark-sweep generation total 27800K, used 17779K [0x00000000ecca0000, 0x00000000ee7c6000, 0x0000000100000000)
 Metaspace       used 16255K, capacity 16744K, committed 17024K, reserved 1064960K
  class space    used 1993K, capacity 2144K, committed 2176K, reserved 1048576K
2020-11-07T19:55:22.986+0800: 6.135: [GC (Allocation Failure) 2020-11-07T19:55:22.986+0800: 6.135: [ParNew: 8309K->110K(9216K), 0.0023836 secs] 26089K->17889K(37016K), 0.0024233 secs] [Times: user=0.00 sys=0.00, real=0.00 secs] 
Heap after GC invocations=68 (full 13):
 par new generation   total 9216K, used 110K [0x00000000e3400000, 0x00000000e3e00000, 0x00000000ecca0000)
  eden space 8192K,   0% used [0x00000000e3400000, 0x00000000e3400000, 0x00000000e3c00000)
  from space 1024K,  10% used [0x00000000e3c00000, 0x00000000e3c1b808, 0x00000000e3d00000)
  to   space 1024K,   0% used [0x00000000e3d00000, 0x00000000e3d00000, 0x00000000e3e00000)
 concurrent mark-sweep generation total 27800K, used 17779K [0x00000000ecca0000, 0x00000000ee7c6000, 0x0000000100000000)
 Metaspace       used 16255K, capacity 16744K, committed 17024K, reserved 1064960K
  class space    used 1993K, capacity 2144K, committed 2176K, reserved 1048576K
}
2020-11-07T19:55:23.021+0800: 6.170: Application time: 0.0326765 seconds
{Heap before GC invocations=68 (full 13):
 par new generation   total 9216K, used 8302K [0x00000000e3400000, 0x00000000e3e00000, 0x00000000ecca0000)
  eden space 8192K, 100% used [0x00000000e3400000, 0x00000000e3c00000, 0x00000000e3c00000)
  from space 1024K,  10% used [0x00000000e3c00000, 0x00000000e3c1b808, 0x00000000e3d00000)
  to   space 1024K,   0% used [0x00000000e3d00000, 0x00000000e3d00000, 0x00000000e3e00000)
 concurrent mark-sweep generation total 27800K, used 17779K [0x00000000ecca0000, 0x00000000ee7c6000, 0x0000000100000000)
 Metaspace       used 16281K, capacity 16744K, committed 17024K, reserved 1064960K
  class space    used 1996K, capacity 2144K, committed 2176K, reserved 1048576K
2020-11-07T19:55:23.021+0800: 6.171: [GC (Allocation Failure) 2020-11-07T19:55:23.021+0800: 6.171: [ParNew: 8302K->116K(9216K), 0.0023675 secs] 26081K->17896K(37016K), 0.0024068 secs] [Times: user=0.01 sys=0.00, real=0.00 secs] 
Heap after GC invocations=69 (full 13):
 par new generation   total 9216K, used 116K [0x00000000e3400000, 0x00000000e3e00000, 0x00000000ecca0000)
  eden space 8192K,   0% used [0x00000000e3400000, 0x00000000e3400000, 0x00000000e3c00000)
  from space 1024K,  11% used [0x00000000e3d00000, 0x00000000e3d1d310, 0x00000000e3e00000)
  to   space 1024K,   0% used [0x00000000e3c00000, 0x00000000e3c00000, 0x00000000e3d00000)
 concurrent mark-sweep generation total 27800K, used 17779K [0x00000000ecca0000, 0x00000000ee7c6000, 0x0000000100000000)
 Metaspace       used 16281K, capacity 16744K, committed 17024K, reserved 1064960K
  class space    used 1996K, capacity 2144K, committed 2176K, reserved 1048576K
}
2020-11-07T19:55:23.051+0800: 6.201: [CMS-concurrent-mark: 0.093/0.128 secs] [Times: user=0.12 sys=0.00, real=0.13 secs] 
2020-11-07T19:55:23.051+0800: 6.201: [CMS-concurrent-preclean-start]
2020-11-07T19:55:23.052+0800: 6.202: [CMS-concurrent-preclean: 0.001/0.001 secs] [Times: user=0.00 sys=0.00, real=0.00 secs] 
2020-11-07T19:55:23.052+0800: 6.202: [CMS-concurrent-abortable-preclean-start]
2020-11-07T19:55:23.069+0800: 6.219: Application time: 0.0460053 seconds
{Heap before GC invocations=69 (full 13):
 par new generation   total 9216K, used 8308K [0x00000000e3400000, 0x00000000e3e00000, 0x00000000ecca0000)
  eden space 8192K, 100% used [0x00000000e3400000, 0x00000000e3c00000, 0x00000000e3c00000)
  from space 1024K,  11% used [0x00000000e3d00000, 0x00000000e3d1d310, 0x00000000e3e00000)
  to   space 1024K,   0% used [0x00000000e3c00000, 0x00000000e3c00000, 0x00000000e3d00000)
 concurrent mark-sweep generation total 27800K, used 17779K [0x00000000ecca0000, 0x00000000ee7c6000, 0x0000000100000000)
 Metaspace       used 16427K, capacity 16934K, committed 17152K, reserved 1064960K
  class space    used 2017K, capacity 2185K, committed 2304K, reserved 1048576K
2020-11-07T19:55:23.070+0800: 6.219: [GC (Allocation Failure) 2020-11-07T19:55:23.070+0800: 6.219: [ParNew: 8308K->144K(9216K), 0.0050866 secs] 26088K->17924K(37016K), 0.0051827 secs] [Times: user=0.01 sys=0.00, real=0.01 secs] 
Heap after GC invocations=70 (full 13):
 par new generation   total 9216K, used 144K [0x00000000e3400000, 0x00000000e3e00000, 0x00000000ecca0000)
  eden space 8192K,   0% used [0x00000000e3400000, 0x00000000e3400000, 0x00000000e3c00000)
  from space 1024K,  14% used [0x00000000e3c00000, 0x00000000e3c242a8, 0x00000000e3d00000)
  to   space 1024K,   0% used [0x00000000e3d00000, 0x00000000e3d00000, 0x00000000e3e00000)
 concurrent mark-sweep generation total 27800K, used 17779K [0x00000000ecca0000, 0x00000000ee7c6000, 0x0000000100000000)
 Metaspace       used 16427K, capacity 16934K, committed 17152K, reserved 1064960K
  class space    used 2017K, capacity 2185K, committed 2304K, reserved 1048576K
}
2020-11-07T19:55:23.105+0800: 6.254: Application time: 0.0298809 seconds
{Heap before GC invocations=70 (full 13):
 par new generation   total 9216K, used 8336K [0x00000000e3400000, 0x00000000e3e00000, 0x00000000ecca0000)
  eden space 8192K, 100% used [0x00000000e3400000, 0x00000000e3c00000, 0x00000000e3c00000)
  from space 1024K,  14% used [0x00000000e3c00000, 0x00000000e3c242a8, 0x00000000e3d00000)
  to   space 1024K,   0% used [0x00000000e3d00000, 0x00000000e3d00000, 0x00000000e3e00000)
 concurrent mark-sweep generation total 27800K, used 17779K [0x00000000ecca0000, 0x00000000ee7c6000, 0x0000000100000000)
 Metaspace       used 16497K, capacity 17002K, committed 17152K, reserved 1064960K
  class space    used 2024K, capacity 2187K, committed 2304K, reserved 1048576K
2020-11-07T19:55:23.105+0800: 6.255: [GC (Allocation Failure) 2020-11-07T19:55:23.105+0800: 6.255: [ParNew: 8336K->194K(9216K), 0.0029752 secs] 26116K->17973K(37016K), 0.0030127 secs] [Times: user=0.01 sys=0.00, real=0.00 secs] 
Heap after GC invocations=71 (full 13):
 par new generation   total 9216K, used 194K [0x00000000e3400000, 0x00000000e3e00000, 0x00000000ecca0000)
  eden space 8192K,   0% used [0x00000000e3400000, 0x00000000e3400000, 0x00000000e3c00000)
  from space 1024K,  18% used [0x00000000e3d00000, 0x00000000e3d30900, 0x00000000e3e00000)
  to   space 1024K,   0% used [0x00000000e3c00000, 0x00000000e3c00000, 0x00000000e3d00000)
 concurrent mark-sweep generation total 27800K, used 17779K [0x00000000ecca0000, 0x00000000ee7c6000, 0x0000000100000000)
 Metaspace       used 16497K, capacity 17002K, committed 17152K, reserved 1064960K
  class space    used 2024K, capacity 2187K, committed 2304K, reserved 1048576K
}
2020-11-07T19:55:23.116+0800: 6.266: Application time: 0.0080476 seconds
2020-11-07T19:55:23.126+0800: 6.276: Application time: 0.0099844 seconds
2020-11-07T19:55:23.138+0800: 6.288: Application time: 0.0124252 seconds
2020-11-07T19:55:23.166+0800: 6.315: Application time: 0.0255617 seconds
{Heap before GC invocations=71 (full 13):
 par new generation   total 9216K, used 8386K [0x00000000e3400000, 0x00000000e3e00000, 0x00000000ecca0000)
  eden space 8192K, 100% used [0x00000000e3400000, 0x00000000e3c00000, 0x00000000e3c00000)
  from space 1024K,  18% used [0x00000000e3d00000, 0x00000000e3d30900, 0x00000000e3e00000)
  to   space 1024K,   0% used [0x00000000e3c00000, 0x00000000e3c00000, 0x00000000e3d00000)
 concurrent mark-sweep generation total 27800K, used 17779K [0x00000000ecca0000, 0x00000000ee7c6000, 0x0000000100000000)
 Metaspace       used 16626K, capacity 17088K, committed 17408K, reserved 1064960K
  class space    used 2037K, capacity 2192K, committed 2304K, reserved 1048576K
2020-11-07T19:55:23.166+0800: 6.315: [GC (Allocation Failure) 2020-11-07T19:55:23.166+0800: 6.315: [ParNew: 8386K->282K(9216K), 0.0034442 secs] 26165K->18061K(37016K), 0.0034847 secs] [Times: user=0.01 sys=0.00, real=0.00 secs] 
Heap after GC invocations=72 (full 13):
 par new generation   total 9216K, used 282K [0x00000000e3400000, 0x00000000e3e00000, 0x00000000ecca0000)
  eden space 8192K,   0% used [0x00000000e3400000, 0x00000000e3400000, 0x00000000e3c00000)
  from space 1024K,  27% used [0x00000000e3c00000, 0x00000000e3c46890, 0x00000000e3d00000)
  to   space 1024K,   0% used [0x00000000e3d00000, 0x00000000e3d00000, 0x00000000e3e00000)
 concurrent mark-sweep generation total 27800K, used 17779K [0x00000000ecca0000, 0x00000000ee7c6000, 0x0000000100000000)
 Metaspace       used 16626K, capacity 17088K, committed 17408K, reserved 1064960K
  class space    used 2037K, capacity 2192K, committed 2304K, reserved 1048576K
}
2020-11-07T19:55:23.182+0800: 6.332: Application time: 0.0129378 seconds
2020-11-07T19:55:23.217+0800: 6.367: Application time: 0.0346935 seconds
{Heap before GC invocations=72 (full 13):
 par new generation   total 9216K, used 8474K [0x00000000e3400000, 0x00000000e3e00000, 0x00000000ecca0000)
  eden space 8192K, 100% used [0x00000000e3400000, 0x00000000e3c00000, 0x00000000e3c00000)
  from space 1024K,  27% used [0x00000000e3c00000, 0x00000000e3c46890, 0x00000000e3d00000)
  to   space 1024K,   0% used [0x00000000e3d00000, 0x00000000e3d00000, 0x00000000e3e00000)
 concurrent mark-sweep generation total 27800K, used 17779K [0x00000000ecca0000, 0x00000000ee7c6000, 0x0000000100000000)
 Metaspace       used 16778K, capacity 17334K, committed 17664K, reserved 1064960K
  class space    used 2059K, capacity 2227K, committed 2304K, reserved 1048576K
2020-11-07T19:55:23.218+0800: 6.368: [GC (Allocation Failure) 2020-11-07T19:55:23.218+0800: 6.368: [ParNew: 8474K->394K(9216K), 0.0034550 secs] 26253K->18173K(37016K), 0.0035102 secs] [Times: user=0.00 sys=0.00, real=0.00 secs] 
Heap after GC invocations=73 (full 13):
 par new generation   total 9216K, used 394K [0x00000000e3400000, 0x00000000e3e00000, 0x00000000ecca0000)
  eden space 8192K,   0% used [0x00000000e3400000, 0x00000000e3400000, 0x00000000e3c00000)
  from space 1024K,  38% used [0x00000000e3d00000, 0x00000000e3d62898, 0x00000000e3e00000)
  to   space 1024K,   0% used [0x00000000e3c00000, 0x00000000e3c00000, 0x00000000e3d00000)
 concurrent mark-sweep generation total 27800K, used 17779K [0x00000000ecca0000, 0x00000000ee7c6000, 0x0000000100000000)
 Metaspace       used 16778K, capacity 17334K, committed 17664K, reserved 1064960K
  class space    used 2059K, capacity 2227K, committed 2304K, reserved 1048576K
}
2020-11-07T19:55:23.275+0800: 6.425: Application time: 0.0533424 seconds
2020-11-07T19:55:23.278+0800: 6.427: [CMS-concurrent-abortable-preclean: 0.024/0.225 secs] [Times: user=0.22 sys=0.00, real=0.23 secs] 
2020-11-07T19:55:23.278+0800: 6.427: Application time: 0.0026054 seconds
2020-11-07T19:55:23.278+0800: 6.427: Application time: 0.0000187 seconds
2020-11-07T19:55:23.278+0800: 6.427: Application time: 0.0000158 seconds
2020-11-07T19:55:23.278+0800: 6.427: Application time: 0.0000157 seconds
2020-11-07T19:55:23.278+0800: 6.428: Application time: 0.0000155 seconds
2020-11-07T19:55:23.278+0800: 6.428: [GC (CMS Final Remark) [YG occupancy: 8455 K (9216 K)]2020-11-07T19:55:23.278+0800: 6.428: [Rescan (parallel) , 0.0159110 secs]2020-11-07T19:55:23.294+0800: 6.444: [weak refs processing, 0.0004980 secs]2020-11-07T19:55:23.294+0800: 6.444: [class unloading, 0.0041490 secs]2020-11-07T19:55:23.299+0800: 6.448: [scrub symbol table, 0.0039976 secs]2020-11-07T19:55:23.303+0800: 6.452: [scrub string table, 0.0003642 secs][1 CMS-remark: 17779K(27800K)] 26234K(37016K), 0.0250636 secs] [Times: user=0.02 sys=0.00, real=0.02 secs] 
2020-11-07T19:55:23.310+0800: 6.460: Application time: 0.0070888 seconds
2020-11-07T19:55:23.310+0800: 6.460: [CMS-concurrent-sweep-start]
2020-11-07T19:55:23.319+0800: 6.469: [CMS-concurrent-sweep: 0.009/0.009 secs] [Times: user=0.01 sys=0.00, real=0.01 secs] 
2020-11-07T19:55:23.319+0800: 6.469: [CMS-concurrent-reset-start]
2020-11-07T19:55:23.320+0800: 6.470: [CMS-concurrent-reset: 0.001/0.001 secs] [Times: user=0.00 sys=0.00, real=0.00 secs] 
2020-11-07T19:55:23.320+0800: 6.470: Application time: 0.0102460 seconds
{Heap before GC invocations=73 (full 13):
 par new generation   total 9216K, used 8586K [0x00000000e3400000, 0x00000000e3e00000, 0x00000000ecca0000)
  eden space 8192K, 100% used [0x00000000e3400000, 0x00000000e3c00000, 0x00000000e3c00000)
  from space 1024K,  38% used [0x00000000e3d00000, 0x00000000e3d62898, 0x00000000e3e00000)
  to   space 1024K,   0% used [0x00000000e3c00000, 0x00000000e3c00000, 0x00000000e3d00000)
 concurrent mark-sweep generation total 29348K, used 17608K [0x00000000ecca0000, 0x00000000ee949000, 0x0000000100000000)
 Metaspace       used 16887K, capacity 17392K, committed 17664K, reserved 1064960K
  class space    used 2070K, capacity 2226K, committed 2304K, reserved 1048576K
2020-11-07T19:55:23.321+0800: 6.470: [GC (Allocation Failure) 2020-11-07T19:55:23.321+0800: 6.470: [ParNew: 8586K->413K(9216K), 0.0039811 secs] 26194K->18022K(38564K), 0.0040220 secs] [Times: user=0.00 sys=0.01, real=0.01 secs] 
Heap after GC invocations=74 (full 13):
 par new generation   total 9216K, used 413K [0x00000000e3400000, 0x00000000e3e00000, 0x00000000ecca0000)
  eden space 8192K,   0% used [0x00000000e3400000, 0x00000000e3400000, 0x00000000e3c00000)
  from space 1024K,  40% used [0x00000000e3c00000, 0x00000000e3c677b8, 0x00000000e3d00000)
  to   space 1024K,   0% used [0x00000000e3d00000, 0x00000000e3d00000, 0x00000000e3e00000)
 concurrent mark-sweep generation total 29348K, used 17608K [0x00000000ecca0000, 0x00000000ee949000, 0x0000000100000000)
 Metaspace       used 16887K, capacity 17392K, committed 17664K, reserved 1064960K
  class space    used 2070K, capacity 2226K, committed 2304K, reserved 1048576K
}
2020-11-07T19:55:23.326+0800: 6.475: Application time: 0.0009289 seconds
2020-11-07T19:55:23.331+0800: 6.481: Application time: 0.0051116 seconds
2020-11-07T19:55:23.331+0800: 6.481: Application time: 0.0000389 seconds
2020-11-07T19:55:23.331+0800: 6.481: Application time: 0.0000242 seconds
2020-11-07T19:55:23.331+0800: 6.481: Application time: 0.0000309 seconds
2020-11-07T19:55:23.331+0800: 6.481: Application time: 0.0000152 seconds
2020-11-07T19:55:23.331+0800: 6.481: Application time: 0.0000210 seconds
2020-11-07T19:55:23.331+0800: 6.481: Application time: 0.0000203 seconds
2020-11-07T19:55:23.331+0800: 6.481: Application time: 0.0000194 seconds
2020-11-07T19:55:23.332+0800: 6.481: Application time: 0.0000153 seconds
2020-11-07T19:55:23.332+0800: 6.481: Application time: 0.0000150 seconds
2020-11-07T19:55:23.332+0800: 6.481: Application time: 0.0000147 seconds
2020-11-07T19:55:23.332+0800: 6.481: Application time: 0.0000524 seconds
2020-11-07T19:55:23.372+0800: 6.521: Application time: 0.0399809 seconds
{Heap before GC invocations=74 (full 13):
 par new generation   total 9216K, used 8605K [0x00000000e3400000, 0x00000000e3e00000, 0x00000000ecca0000)
  eden space 8192K, 100% used [0x00000000e3400000, 0x00000000e3c00000, 0x00000000e3c00000)
  from space 1024K,  40% used [0x00000000e3c00000, 0x00000000e3c677b8, 0x00000000e3d00000)
  to   space 1024K,   0% used [0x00000000e3d00000, 0x00000000e3d00000, 0x00000000e3e00000)
 concurrent mark-sweep generation total 29348K, used 17608K [0x00000000ecca0000, 0x00000000ee949000, 0x0000000100000000)
 Metaspace       used 17033K, capacity 17572K, committed 17664K, reserved 1064960K
  class space    used 2091K, capacity 2238K, committed 2304K, reserved 1048576K
2020-11-07T19:55:23.374+0800: 6.523: [GC (Allocation Failure) 2020-11-07T19:55:23.374+0800: 6.523: [ParNew: 8605K->474K(9216K), 0.0045572 secs] 26214K->18106K(38564K), 0.0046178 secs] [Times: user=0.00 sys=0.00, real=0.01 secs] 
Heap after GC invocations=75 (full 13):
 par new generation   total 9216K, used 474K [0x00000000e3400000, 0x00000000e3e00000, 0x00000000ecca0000)
  eden space 8192K,   0% used [0x00000000e3400000, 0x00000000e3400000, 0x00000000e3c00000)
  from space 1024K,  46% used [0x00000000e3d00000, 0x00000000e3d768d8, 0x00000000e3e00000)
  to   space 1024K,   0% used [0x00000000e3c00000, 0x00000000e3c00000, 0x00000000e3d00000)
 concurrent mark-sweep generation total 29348K, used 17632K [0x00000000ecca0000, 0x00000000ee949000, 0x0000000100000000)
 Metaspace       used 17033K, capacity 17572K, committed 17664K, reserved 1064960K
  class space    used 2091K, capacity 2238K, committed 2304K, reserved 1048576K
}
2020-11-07T19:55:23.389+0800: 6.539: Application time: 0.0105515 seconds
2020-11-07T19:55:23.389+0800: 6.539: [GC (CMS Initial Mark) [1 CMS-initial-mark: 17632K(29348K)] 21155K(38564K), 0.0032917 secs] [Times: user=0.00 sys=0.00, real=0.00 secs] 
2020-11-07T19:55:23.397+0800: 6.547: [CMS-concurrent-mark-start]
2020-11-07T19:55:23.543+0800: 6.693: Application time: 0.1507086 seconds
{Heap before GC invocations=75 (full 14):
 par new generation   total 9216K, used 8666K [0x00000000e3400000, 0x00000000e3e00000, 0x00000000ecca0000)
  eden space 8192K, 100% used [0x00000000e3400000, 0x00000000e3c00000, 0x00000000e3c00000)
  from space 1024K,  46% used [0x00000000e3d00000, 0x00000000e3d768d8, 0x00000000e3e00000)
  to   space 1024K,   0% used [0x00000000e3c00000, 0x00000000e3c00000, 0x00000000e3d00000)
 concurrent mark-sweep generation total 29348K, used 17632K [0x00000000ecca0000, 0x00000000ee949000, 0x0000000100000000)
 Metaspace       used 17368K, capacity 17928K, committed 18048K, reserved 1064960K
  class space    used 2137K, capacity 2314K, committed 2432K, reserved 1048576K
2020-11-07T19:55:23.543+0800: 6.693: [GC (Allocation Failure) 2020-11-07T19:55:23.543+0800: 6.693: [ParNew: 8666K->546K(9216K), 0.0044626 secs] 26298K->18204K(38564K), 0.0045289 secs] [Times: user=0.00 sys=0.00, real=0.01 secs] 
Heap after GC invocations=76 (full 14):
 par new generation   total 9216K, used 546K [0x00000000e3400000, 0x00000000e3e00000, 0x00000000ecca0000)
  eden space 8192K,   0% used [0x00000000e3400000, 0x00000000e3400000, 0x00000000e3c00000)
  from space 1024K,  53% used [0x00000000e3c00000, 0x00000000e3c88a10, 0x00000000e3d00000)
  to   space 1024K,   0% used [0x00000000e3d00000, 0x00000000e3d00000, 0x00000000e3e00000)
 concurrent mark-sweep generation total 29348K, used 17658K [0x00000000ecca0000, 0x00000000ee949000, 0x0000000100000000)
 Metaspace       used 17368K, capacity 17928K, committed 18048K, reserved 1064960K
  class space    used 2137K, capacity 2314K, committed 2432K, reserved 1048576K
}
2020-11-07T19:55:23.600+0800: 6.749: Application time: 0.0518965 seconds
{Heap before GC invocations=76 (full 14):
 par new generation   total 9216K, used 8738K [0x00000000e3400000, 0x00000000e3e00000, 0x00000000ecca0000)
  eden space 8192K, 100% used [0x00000000e3400000, 0x00000000e3c00000, 0x00000000e3c00000)
  from space 1024K,  53% used [0x00000000e3c00000, 0x00000000e3c88a10, 0x00000000e3d00000)
  to   space 1024K,   0% used [0x00000000e3d00000, 0x00000000e3d00000, 0x00000000e3e00000)
 concurrent mark-sweep generation total 29348K, used 17658K [0x00000000ecca0000, 0x00000000ee949000, 0x0000000100000000)
 Metaspace       used 17583K, capacity 18178K, committed 18304K, reserved 1064960K
  class space    used 2161K, capacity 2351K, committed 2432K, reserved 1048576K
2020-11-07T19:55:23.600+0800: 6.750: [GC (Allocation Failure) 2020-11-07T19:55:23.600+0800: 6.750: [ParNew: 8738K->632K(9216K), 0.0150066 secs] 26396K->18300K(38564K), 0.0150929 secs] [Times: user=0.01 sys=0.00, real=0.02 secs] 
Heap after GC invocations=77 (full 14):
 par new generation   total 9216K, used 632K [0x00000000e3400000, 0x00000000e3e00000, 0x00000000ecca0000)
  eden space 8192K,   0% used [0x00000000e3400000, 0x00000000e3400000, 0x00000000e3c00000)
  from space 1024K,  61% used [0x00000000e3d00000, 0x00000000e3d9e138, 0x00000000e3e00000)
  to   space 1024K,   0% used [0x00000000e3c00000, 0x00000000e3c00000, 0x00000000e3d00000)
 concurrent mark-sweep generation total 29348K, used 17668K [0x00000000ecca0000, 0x00000000ee949000, 0x0000000100000000)
 Metaspace       used 17583K, capacity 18178K, committed 18304K, reserved 1064960K
  class space    used 2161K, capacity 2351K, committed 2432K, reserved 1048576K
}
2020-11-07T19:55:23.637+0800: 6.786: [CMS-concurrent-mark: 0.199/0.239 secs] [Times: user=0.22 sys=0.01, real=0.24 secs] 
2020-11-07T19:55:23.637+0800: 6.786: [CMS-concurrent-preclean-start]
2020-11-07T19:55:23.638+0800: 6.788: [CMS-concurrent-preclean: 0.002/0.002 secs] [Times: user=0.00 sys=0.00, real=0.00 secs] 
2020-11-07T19:55:23.638+0800: 6.788: [CMS-concurrent-abortable-preclean-start]
2020-11-07T19:55:23.649+0800: 6.798: Application time: 0.0333980 seconds
{Heap before GC invocations=77 (full 14):
 par new generation   total 9216K, used 8824K [0x00000000e3400000, 0x00000000e3e00000, 0x00000000ecca0000)
  eden space 8192K, 100% used [0x00000000e3400000, 0x00000000e3c00000, 0x00000000e3c00000)
  from space 1024K,  61% used [0x00000000e3d00000, 0x00000000e3d9e138, 0x00000000e3e00000)
  to   space 1024K,   0% used [0x00000000e3c00000, 0x00000000e3c00000, 0x00000000e3d00000)
 concurrent mark-sweep generation total 29348K, used 17668K [0x00000000ecca0000, 0x00000000ee949000, 0x0000000100000000)
 Metaspace       used 17789K, capacity 18370K, committed 18560K, reserved 1064960K
  class space    used 2181K, capacity 2351K, committed 2432K, reserved 1048576K
2020-11-07T19:55:23.649+0800: 6.798: [GC (Allocation Failure) 2020-11-07T19:55:23.649+0800: 6.798: [ParNew: 8824K->485K(9216K), 0.0165037 secs] 26492K->18270K(38564K), 0.0165782 secs] [Times: user=0.02 sys=0.00, real=0.02 secs] 
Heap after GC invocations=78 (full 14):
 par new generation   total 9216K, used 485K [0x00000000e3400000, 0x00000000e3e00000, 0x00000000ecca0000)
  eden space 8192K,   0% used [0x00000000e3400000, 0x00000000e3400000, 0x00000000e3c00000)
  from space 1024K,  47% used [0x00000000e3c00000, 0x00000000e3c794a8, 0x00000000e3d00000)
  to   space 1024K,   0% used [0x00000000e3d00000, 0x00000000e3d00000, 0x00000000e3e00000)
 concurrent mark-sweep generation total 29348K, used 17785K [0x00000000ecca0000, 0x00000000ee949000, 0x0000000100000000)
 Metaspace       used 17789K, capacity 18370K, committed 18560K, reserved 1064960K
  class space    used 2181K, capacity 2351K, committed 2432K, reserved 1048576K
}
2020-11-07T19:55:23.696+0800: 6.846: Application time: 0.0308266 seconds
{Heap before GC invocations=78 (full 14):
 par new generation   total 9216K, used 8677K [0x00000000e3400000, 0x00000000e3e00000, 0x00000000ecca0000)
  eden space 8192K, 100% used [0x00000000e3400000, 0x00000000e3c00000, 0x00000000e3c00000)
  from space 1024K,  47% used [0x00000000e3c00000, 0x00000000e3c794a8, 0x00000000e3d00000)
  to   space 1024K,   0% used [0x00000000e3d00000, 0x00000000e3d00000, 0x00000000e3e00000)
 concurrent mark-sweep generation total 29348K, used 17785K [0x00000000ecca0000, 0x00000000ee949000, 0x0000000100000000)
 Metaspace       used 18015K, capacity 18612K, committed 18816K, reserved 1064960K
  class space    used 2207K, capacity 2388K, committed 2432K, reserved 1048576K
2020-11-07T19:55:23.696+0800: 6.846: [GC (Allocation Failure) 2020-11-07T19:55:23.696+0800: 6.846: [ParNew: 8677K->503K(9216K), 0.0044873 secs] 26462K->18288K(38564K), 0.0045378 secs] [Times: user=0.00 sys=0.00, real=0.00 secs] 
Heap after GC invocations=79 (full 14):
 par new generation   total 9216K, used 503K [0x00000000e3400000, 0x00000000e3e00000, 0x00000000ecca0000)
  eden space 8192K,   0% used [0x00000000e3400000, 0x00000000e3400000, 0x00000000e3c00000)
  from space 1024K,  49% used [0x00000000e3d00000, 0x00000000e3d7de38, 0x00000000e3e00000)
  to   space 1024K,   0% used [0x00000000e3c00000, 0x00000000e3c00000, 0x00000000e3d00000)
 concurrent mark-sweep generation total 29348K, used 17785K [0x00000000ecca0000, 0x00000000ee949000, 0x0000000100000000)
 Metaspace       used 18015K, capacity 18612K, committed 18816K, reserved 1064960K
  class space    used 2207K, capacity 2388K, committed 2432K, reserved 1048576K
}
2020-11-07T19:55:23.701+0800: 6.851: [CMS-concurrent-abortable-preclean: 0.033/0.063 secs] [Times: user=0.06 sys=0.00, real=0.06 secs] 
2020-11-07T19:55:23.714+0800: 6.864: Application time: 0.0132510 seconds
2020-11-07T19:55:23.716+0800: 6.865: [GC (CMS Final Remark) [YG occupancy: 1937 K (9216 K)]2020-11-07T19:55:23.716+0800: 6.866: [Rescan (parallel) , 0.0044346 secs]2020-11-07T19:55:23.720+0800: 6.870: [weak refs processing, 0.0001239 secs]2020-11-07T19:55:23.720+0800: 6.870: [class unloading, 0.0050135 secs]2020-11-07T19:55:23.725+0800: 6.875: [scrub symbol table, 0.0053230 secs]2020-11-07T19:55:23.731+0800: 6.881: [scrub string table, 0.0004210 secs][1 CMS-remark: 17785K(29348K)] 19722K(38564K), 0.0155068 secs] [Times: user=0.01 sys=0.00, real=0.01 secs] 
2020-11-07T19:55:23.746+0800: 6.896: [CMS-concurrent-sweep-start]
2020-11-07T19:55:23.754+0800: 6.904: [CMS-concurrent-sweep: 0.008/0.008 secs] [Times: user=0.01 sys=0.00, real=0.00 secs] 
2020-11-07T19:55:23.754+0800: 6.904: [CMS-concurrent-reset-start]
2020-11-07T19:55:23.766+0800: 6.916: Application time: 0.0346709 seconds
{Heap before GC invocations=79 (full 14):
 par new generation   total 9216K, used 8695K [0x00000000e3400000, 0x00000000e3e00000, 0x00000000ecca0000)
  eden space 8192K, 100% used [0x00000000e3400000, 0x00000000e3c00000, 0x00000000e3c00000)
  from space 1024K,  49% used [0x00000000e3d00000, 0x00000000e3d7de38, 0x00000000e3e00000)
  to   space 1024K,   0% used [0x00000000e3c00000, 0x00000000e3c00000, 0x00000000e3d00000)
 concurrent mark-sweep generation total 29540K, used 17700K [0x00000000ecca0000, 0x00000000ee979000, 0x0000000100000000)
 Metaspace       used 18291K, capacity 18836K, committed 19072K, reserved 1067008K
  class space    used 2235K, capacity 2420K, committed 2432K, reserved 1048576K
2020-11-07T19:55:23.766+0800: 6.916: [GC (Allocation Failure) 2020-11-07T19:55:23.766+0800: 6.916: [ParNew: 8695K->604K(9216K), 0.0037451 secs] 26395K->18304K(38756K), 0.0038072 secs] [Times: user=0.01 sys=0.00, real=0.00 secs] 
Heap after GC invocations=80 (full 14):
 par new generation   total 9216K, used 604K [0x00000000e3400000, 0x00000000e3e00000, 0x00000000ecca0000)
  eden space 8192K,   0% used [0x00000000e3400000, 0x00000000e3400000, 0x00000000e3c00000)
  from space 1024K,  59% used [0x00000000e3c00000, 0x00000000e3c97130, 0x00000000e3d00000)
  to   space 1024K,   0% used [0x00000000e3d00000, 0x00000000e3d00000, 0x00000000e3e00000)
 concurrent mark-sweep generation total 29540K, used 17700K [0x00000000ecca0000, 0x00000000ee979000, 0x0000000100000000)
 Metaspace       used 18291K, capacity 18836K, committed 19072K, reserved 1067008K
  class space    used 2235K, capacity 2420K, committed 2432K, reserved 1048576K
}
2020-11-07T19:55:23.770+0800: 6.920: [CMS-concurrent-reset: 0.012/0.016 secs] [Times: user=0.02 sys=0.00, real=0.01 secs] 
2020-11-07T19:55:23.785+0800: 6.934: Application time: 0.0146693 seconds
{Heap before GC invocations=80 (full 14):
 par new generation   total 9216K, used 8796K [0x00000000e3400000, 0x00000000e3e00000, 0x00000000ecca0000)
  eden space 8192K, 100% used [0x00000000e3400000, 0x00000000e3c00000, 0x00000000e3c00000)
  from space 1024K,  59% used [0x00000000e3c00000, 0x00000000e3c97130, 0x00000000e3d00000)
  to   space 1024K,   0% used [0x00000000e3d00000, 0x00000000e3d00000, 0x00000000e3e00000)
 concurrent mark-sweep generation total 29540K, used 17700K [0x00000000ecca0000, 0x00000000ee979000, 0x0000000100000000)
 Metaspace       used 18401K, capacity 18964K, committed 19072K, reserved 1067008K
  class space    used 2252K, capacity 2420K, committed 2432K, reserved 1048576K
2020-11-07T19:55:23.785+0800: 6.935: [GC (Allocation Failure) 2020-11-07T19:55:23.785+0800: 6.935: [ParNew: 8796K->379K(9216K), 0.0042658 secs] 26496K->18184K(38756K), 0.0043364 secs] [Times: user=0.01 sys=0.00, real=0.00 secs] 
Heap after GC invocations=81 (full 14):
 par new generation   total 9216K, used 379K [0x00000000e3400000, 0x00000000e3e00000, 0x00000000ecca0000)
  eden space 8192K,   0% used [0x00000000e3400000, 0x00000000e3400000, 0x00000000e3c00000)
  from space 1024K,  37% used [0x00000000e3d00000, 0x00000000e3d5ec68, 0x00000000e3e00000)
  to   space 1024K,   0% used [0x00000000e3c00000, 0x00000000e3c00000, 0x00000000e3d00000)
 concurrent mark-sweep generation total 29540K, used 17805K [0x00000000ecca0000, 0x00000000ee979000, 0x0000000100000000)
 Metaspace       used 18401K, capacity 18964K, committed 19072K, reserved 1067008K
  class space    used 2252K, capacity 2420K, committed 2432K, reserved 1048576K
}
2020-11-07T19:55:23.795+0800: 6.944: Application time: 0.0053797 seconds
2020-11-07T19:55:23.795+0800: 6.945: [GC (CMS Initial Mark) [1 CMS-initial-mark: 17805K(29540K)] 20115K(38756K), 0.0022835 secs] [Times: user=0.00 sys=0.00, real=0.00 secs] 
2020-11-07T19:55:23.797+0800: 6.947: [CMS-concurrent-mark-start]
2020-11-07T19:55:23.824+0800: 6.974: Application time: 0.0269223 seconds
{Heap before GC invocations=81 (full 15):
 par new generation   total 9216K, used 8571K [0x00000000e3400000, 0x00000000e3e00000, 0x00000000ecca0000)
  eden space 8192K, 100% used [0x00000000e3400000, 0x00000000e3c00000, 0x00000000e3c00000)
  from space 1024K,  37% used [0x00000000e3d00000, 0x00000000e3d5ec68, 0x00000000e3e00000)
  to   space 1024K,   0% used [0x00000000e3c00000, 0x00000000e3c00000, 0x00000000e3d00000)
 concurrent mark-sweep generation total 29540K, used 17805K [0x00000000ecca0000, 0x00000000ee979000, 0x0000000100000000)
 Metaspace       used 18695K, capacity 19252K, committed 19456K, reserved 1067008K
  class space    used 2277K, capacity 2452K, committed 2560K, reserved 1048576K
2020-11-07T19:55:23.824+0800: 6.974: [GC (Allocation Failure) 2020-11-07T19:55:23.824+0800: 6.974: [ParNew: 8571K->547K(9216K), 0.0036440 secs] 26376K->18352K(38756K), 0.0037038 secs] [Times: user=0.00 sys=0.00, real=0.01 secs] 
Heap after GC invocations=82 (full 15):
 par new generation   total 9216K, used 547K [0x00000000e3400000, 0x00000000e3e00000, 0x00000000ecca0000)
  eden space 8192K,   0% used [0x00000000e3400000, 0x00000000e3400000, 0x00000000e3c00000)
  from space 1024K,  53% used [0x00000000e3c00000, 0x00000000e3c88cb0, 0x00000000e3d00000)
  to   space 1024K,   0% used [0x00000000e3d00000, 0x00000000e3d00000, 0x00000000e3e00000)
 concurrent mark-sweep generation total 29540K, used 17805K [0x00000000ecca0000, 0x00000000ee979000, 0x0000000100000000)
 Metaspace       used 18695K, capacity 19252K, committed 19456K, reserved 1067008K
  class space    used 2277K, capacity 2452K, committed 2560K, reserved 1048576K
}
2020-11-07T19:55:23.872+0800: 7.022: Application time: 0.0440472 seconds
{Heap before GC invocations=82 (full 15):
 par new generation   total 9216K, used 8739K [0x00000000e3400000, 0x00000000e3e00000, 0x00000000ecca0000)
  eden space 8192K, 100% used [0x00000000e3400000, 0x00000000e3c00000, 0x00000000e3c00000)
  from space 1024K,  53% used [0x00000000e3c00000, 0x00000000e3c88cb0, 0x00000000e3d00000)
  to   space 1024K,   0% used [0x00000000e3d00000, 0x00000000e3d00000, 0x00000000e3e00000)
 concurrent mark-sweep generation total 29540K, used 17805K [0x00000000ecca0000, 0x00000000ee979000, 0x0000000100000000)
 Metaspace       used 18934K, capacity 19476K, committed 19712K, reserved 1067008K
  class space    used 2306K, capacity 2484K, committed 2560K, reserved 1048576K
2020-11-07T19:55:23.872+0800: 7.022: [GC (Allocation Failure) 2020-11-07T19:55:23.872+0800: 7.022: [ParNew: 8739K->402K(9216K), 0.0094398 secs] 26544K->18248K(38756K), 0.0094922 secs] [Times: user=0.01 sys=0.00, real=0.01 secs] 
Heap after GC invocations=83 (full 15):
 par new generation   total 9216K, used 402K [0x00000000e3400000, 0x00000000e3e00000, 0x00000000ecca0000)
  eden space 8192K,   0% used [0x00000000e3400000, 0x00000000e3400000, 0x00000000e3c00000)
  from space 1024K,  39% used [0x00000000e3d00000, 0x00000000e3d64ae0, 0x00000000e3e00000)
  to   space 1024K,   0% used [0x00000000e3c00000, 0x00000000e3c00000, 0x00000000e3d00000)
 concurrent mark-sweep generation total 29540K, used 17845K [0x00000000ecca0000, 0x00000000ee979000, 0x0000000100000000)
 Metaspace       used 18934K, capacity 19476K, committed 19712K, reserved 1067008K
  class space    used 2306K, capacity 2484K, committed 2560K, reserved 1048576K
}
2020-11-07T19:55:23.897+0800: 7.047: [CMS-concurrent-mark: 0.076/0.100 secs] [Times: user=0.10 sys=0.00, real=0.10 secs] 
2020-11-07T19:55:23.897+0800: 7.047: [CMS-concurrent-preclean-start]
2020-11-07T19:55:23.910+0800: 7.060: [CMS-concurrent-preclean: 0.013/0.013 secs] [Times: user=0.01 sys=0.00, real=0.01 secs] 
2020-11-07T19:55:23.910+0800: 7.060: [CMS-concurrent-abortable-preclean-start]
2020-11-07T19:55:23.917+0800: 7.066: Application time: 0.0349287 seconds
{Heap before GC invocations=83 (full 15):
 par new generation   total 9216K, used 8594K [0x00000000e3400000, 0x00000000e3e00000, 0x00000000ecca0000)
  eden space 8192K, 100% used [0x00000000e3400000, 0x00000000e3c00000, 0x00000000e3c00000)
  from space 1024K,  39% used [0x00000000e3d00000, 0x00000000e3d64ae0, 0x00000000e3e00000)
  to   space 1024K,   0% used [0x00000000e3c00000, 0x00000000e3c00000, 0x00000000e3d00000)
 concurrent mark-sweep generation total 29540K, used 17845K [0x00000000ecca0000, 0x00000000ee979000, 0x0000000100000000)
 Metaspace       used 19269K, capacity 19860K, committed 19968K, reserved 1067008K
  class space    used 2331K, capacity 2484K, committed 2560K, reserved 1048576K
2020-11-07T19:55:23.921+0800: 7.071: [GC (Allocation Failure) 2020-11-07T19:55:23.921+0800: 7.071: [ParNew: 8594K->522K(9216K), 0.0098333 secs] 26440K->18368K(38756K), 0.0099218 secs] [Times: user=0.01 sys=0.00, real=0.01 secs] 
Heap after GC invocations=84 (full 15):
 par new generation   total 9216K, used 522K [0x00000000e3400000, 0x00000000e3e00000, 0x00000000ecca0000)
  eden space 8192K,   0% used [0x00000000e3400000, 0x00000000e3400000, 0x00000000e3c00000)
  from space 1024K,  51% used [0x00000000e3c00000, 0x00000000e3c82b90, 0x00000000e3d00000)
  to   space 1024K,   0% used [0x00000000e3d00000, 0x00000000e3d00000, 0x00000000e3e00000)
 concurrent mark-sweep generation total 29540K, used 17845K [0x00000000ecca0000, 0x00000000ee979000, 0x0000000100000000)
 Metaspace       used 19269K, capacity 19860K, committed 19968K, reserved 1067008K
  class space    used 2331K, capacity 2484K, committed 2560K, reserved 1048576K
}
2020-11-07T19:55:23.950+0800: 7.100: Application time: 0.0191392 seconds
{Heap before GC invocations=84 (full 15):
 par new generation   total 9216K, used 8714K [0x00000000e3400000, 0x00000000e3e00000, 0x00000000ecca0000)
  eden space 8192K, 100% used [0x00000000e3400000, 0x00000000e3c00000, 0x00000000e3c00000)
  from space 1024K,  51% used [0x00000000e3c00000, 0x00000000e3c82b90, 0x00000000e3d00000)
  to   space 1024K,   0% used [0x00000000e3d00000, 0x00000000e3d00000, 0x00000000e3e00000)
 concurrent mark-sweep generation total 29540K, used 17845K [0x00000000ecca0000, 0x00000000ee979000, 0x0000000100000000)
 Metaspace       used 19321K, capacity 19956K, committed 20224K, reserved 1067008K
  class space    used 2340K, capacity 2516K, committed 2560K, reserved 1048576K
2020-11-07T19:55:23.950+0800: 7.100: [GC (Allocation Failure) 2020-11-07T19:55:23.950+0800: 7.100: [ParNew: 8714K->262K(9216K), 0.0044358 secs] 26560K->18167K(38756K), 0.0044839 secs] [Times: user=0.00 sys=0.00, real=0.01 secs] 
Heap after GC invocations=85 (full 15):
 par new generation   total 9216K, used 262K [0x00000000e3400000, 0x00000000e3e00000, 0x00000000ecca0000)
  eden space 8192K,   0% used [0x00000000e3400000, 0x00000000e3400000, 0x00000000e3c00000)
  from space 1024K,  25% used [0x00000000e3d00000, 0x00000000e3d41be8, 0x00000000e3e00000)
  to   space 1024K,   0% used [0x00000000e3c00000, 0x00000000e3c00000, 0x00000000e3d00000)
 concurrent mark-sweep generation total 29540K, used 17904K [0x00000000ecca0000, 0x00000000ee979000, 0x0000000100000000)
 Metaspace       used 19321K, capacity 19956K, committed 20224K, reserved 1067008K
  class space    used 2340K, capacity 2516K, committed 2560K, reserved 1048576K
}
2020-11-07T19:55:23.971+0800: 7.121: Application time: 0.0163279 seconds
2020-11-07T19:55:23.992+0800: 7.141: Application time: 0.0203237 seconds
{Heap before GC invocations=85 (full 15):
 par new generation   total 9216K, used 8454K [0x00000000e3400000, 0x00000000e3e00000, 0x00000000ecca0000)
  eden space 8192K, 100% used [0x00000000e3400000, 0x00000000e3c00000, 0x00000000e3c00000)
  from space 1024K,  25% used [0x00000000e3d00000, 0x00000000e3d41be8, 0x00000000e3e00000)
  to   space 1024K,   0% used [0x00000000e3c00000, 0x00000000e3c00000, 0x00000000e3d00000)
 concurrent mark-sweep generation total 29540K, used 17904K [0x00000000ecca0000, 0x00000000ee979000, 0x0000000100000000)
 Metaspace       used 19489K, capacity 20084K, committed 20224K, reserved 1067008K
  class space    used 2358K, capacity 2516K, committed 2560K, reserved 1048576K
2020-11-07T19:55:23.995+0800: 7.145: [GC (Allocation Failure) 2020-11-07T19:55:23.995+0800: 7.145: [ParNew: 8454K->324K(9216K), 0.0039910 secs] 26359K->18251K(38756K), 0.0040491 secs] [Times: user=0.00 sys=0.00, real=0.00 secs] 
Heap after GC invocations=86 (full 15):
 par new generation   total 9216K, used 324K [0x00000000e3400000, 0x00000000e3e00000, 0x00000000ecca0000)
  eden space 8192K,   0% used [0x00000000e3400000, 0x00000000e3400000, 0x00000000e3c00000)
  from space 1024K,  31% used [0x00000000e3c00000, 0x00000000e3c51060, 0x00000000e3d00000)
  to   space 1024K,   0% used [0x00000000e3d00000, 0x00000000e3d00000, 0x00000000e3e00000)
 concurrent mark-sweep generation total 29540K, used 17927K [0x00000000ecca0000, 0x00000000ee979000, 0x0000000100000000)
 Metaspace       used 19489K, capacity 20084K, committed 20224K, reserved 1067008K
  class space    used 2358K, capacity 2516K, committed 2560K, reserved 1048576K
}
2020-11-07T19:55:24.034+0800: 7.184: Application time: 0.0348896 seconds
{Heap before GC invocations=86 (full 15):
 par new generation   total 9216K, used 8516K [0x00000000e3400000, 0x00000000e3e00000, 0x00000000ecca0000)
  eden space 8192K, 100% used [0x00000000e3400000, 0x00000000e3c00000, 0x00000000e3c00000)
  from space 1024K,  31% used [0x00000000e3c00000, 0x00000000e3c51060, 0x00000000e3d00000)
  to   space 1024K,   0% used [0x00000000e3d00000, 0x00000000e3d00000, 0x00000000e3e00000)
 concurrent mark-sweep generation total 29540K, used 17927K [0x00000000ecca0000, 0x00000000ee979000, 0x0000000100000000)
 Metaspace       used 19704K, capacity 20308K, committed 20480K, reserved 1067008K
  class space    used 2376K, capacity 2548K, committed 2560K, reserved 1048576K
2020-11-07T19:55:24.034+0800: 7.184: [GC (Allocation Failure) 2020-11-07T19:55:24.034+0800: 7.184: [ParNew: 8516K->459K(9216K), 0.0171772 secs] 26443K->18399K(38756K), 0.0172362 secs] [Times: user=0.01 sys=0.00, real=0.02 secs] 
Heap after GC invocations=87 (full 15):
 par new generation   total 9216K, used 459K [0x00000000e3400000, 0x00000000e3e00000, 0x00000000ecca0000)
  eden space 8192K,   0% used [0x00000000e3400000, 0x00000000e3400000, 0x00000000e3c00000)
  from space 1024K,  44% used [0x00000000e3d00000, 0x00000000e3d72cd0, 0x00000000e3e00000)
  to   space 1024K,   0% used [0x00000000e3c00000, 0x00000000e3c00000, 0x00000000e3d00000)
 concurrent mark-sweep generation total 29540K, used 17940K [0x00000000ecca0000, 0x00000000ee979000, 0x0000000100000000)
 Metaspace       used 19704K, capacity 20308K, committed 20480K, reserved 1067008K
  class space    used 2376K, capacity 2548K, committed 2560K, reserved 1048576K
}
2020-11-07T19:55:24.080+0800: 7.229: Application time: 0.0283726 seconds
{Heap before GC invocations=87 (full 15):
 par new generation   total 9216K, used 8651K [0x00000000e3400000, 0x00000000e3e00000, 0x00000000ecca0000)
  eden space 8192K, 100% used [0x00000000e3400000, 0x00000000e3c00000, 0x00000000e3c00000)
  from space 1024K,  44% used [0x00000000e3d00000, 0x00000000e3d72cd0, 0x00000000e3e00000)
  to   space 1024K,   0% used [0x00000000e3c00000, 0x00000000e3c00000, 0x00000000e3d00000)
 concurrent mark-sweep generation total 29540K, used 17940K [0x00000000ecca0000, 0x00000000ee979000, 0x0000000100000000)
 Metaspace       used 19845K, capacity 20436K, committed 20480K, reserved 1067008K
  class space    used 2394K, capacity 2548K, committed 2560K, reserved 1048576K
2020-11-07T19:55:24.080+0800: 7.230: [GC (Allocation Failure) 2020-11-07T19:55:24.080+0800: 7.230: [ParNew: 8651K->272K(9216K), 0.0062894 secs] 26591K->18231K(38756K), 0.0063444 secs] [Times: user=0.01 sys=0.00, real=0.01 secs] 
Heap after GC invocations=88 (full 15):
 par new generation   total 9216K, used 272K [0x00000000e3400000, 0x00000000e3e00000, 0x00000000ecca0000)
  eden space 8192K,   0% used [0x00000000e3400000, 0x00000000e3400000, 0x00000000e3c00000)
  from space 1024K,  26% used [0x00000000e3c00000, 0x00000000e3c44398, 0x00000000e3d00000)
  to   space 1024K,   0% used [0x00000000e3d00000, 0x00000000e3d00000, 0x00000000e3e00000)
 concurrent mark-sweep generation total 29540K, used 17958K [0x00000000ecca0000, 0x00000000ee979000, 0x0000000100000000)
 Metaspace       used 19845K, capacity 20436K, committed 20480K, reserved 1067008K
  class space    used 2394K, capacity 2548K, committed 2560K, reserved 1048576K
}
2020-11-07T19:55:24.119+0800: 7.269: Application time: 0.0331028 seconds
{Heap before GC invocations=88 (full 15):
 par new generation   total 9216K, used 8464K [0x00000000e3400000, 0x00000000e3e00000, 0x00000000ecca0000)
  eden space 8192K, 100% used [0x00000000e3400000, 0x00000000e3c00000, 0x00000000e3c00000)
  from space 1024K,  26% used [0x00000000e3c00000, 0x00000000e3c44398, 0x00000000e3d00000)
  to   space 1024K,   0% used [0x00000000e3d00000, 0x00000000e3d00000, 0x00000000e3e00000)
 concurrent mark-sweep generation total 29540K, used 17958K [0x00000000ecca0000, 0x00000000ee979000, 0x0000000100000000)
 Metaspace       used 19981K, capacity 20596K, committed 20864K, reserved 1067008K
  class space    used 2419K, capacity 2580K, committed 2688K, reserved 1048576K
2020-11-07T19:55:24.120+0800: 7.269: [GC (Allocation Failure) 2020-11-07T19:55:24.120+0800: 7.269: [ParNew: 8464K->262K(9216K), 0.0065131 secs] 26423K->18245K(38756K), 0.0065744 secs] [Times: user=0.01 sys=0.00, real=0.01 secs] 
Heap after GC invocations=89 (full 15):
 par new generation   total 9216K, used 262K [0x00000000e3400000, 0x00000000e3e00000, 0x00000000ecca0000)
  eden space 8192K,   0% used [0x00000000e3400000, 0x00000000e3400000, 0x00000000e3c00000)
  from space 1024K,  25% used [0x00000000e3d00000, 0x00000000e3d41ac8, 0x00000000e3e00000)
  to   space 1024K,   0% used [0x00000000e3c00000, 0x00000000e3c00000, 0x00000000e3d00000)
 concurrent mark-sweep generation total 29540K, used 17983K [0x00000000ecca0000, 0x00000000ee979000, 0x0000000100000000)
 Metaspace       used 19981K, capacity 20596K, committed 20864K, reserved 1067008K
  class space    used 2419K, capacity 2580K, committed 2688K, reserved 1048576K
}
2020-11-07T19:55:24.157+0800: 7.307: Application time: 0.0312108 seconds
{Heap before GC invocations=89 (full 15):
 par new generation   total 9216K, used 8454K [0x00000000e3400000, 0x00000000e3e00000, 0x00000000ecca0000)
  eden space 8192K, 100% used [0x00000000e3400000, 0x00000000e3c00000, 0x00000000e3c00000)
  from space 1024K,  25% used [0x00000000e3d00000, 0x00000000e3d41ac8, 0x00000000e3e00000)
  to   space 1024K,   0% used [0x00000000e3c00000, 0x00000000e3c00000, 0x00000000e3d00000)
 concurrent mark-sweep generation total 29540K, used 17983K [0x00000000ecca0000, 0x00000000ee979000, 0x0000000100000000)
 Metaspace       used 20096K, capacity 20698K, committed 20864K, reserved 1067008K
  class space    used 2436K, capacity 2615K, committed 2688K, reserved 1048576K
2020-11-07T19:55:24.158+0800: 7.307: [GC (Allocation Failure) 2020-11-07T19:55:24.158+0800: 7.307: [ParNew: 8454K->388K(9216K), 0.0037664 secs] 26437K->18385K(38756K), 0.0038192 secs] [Times: user=0.00 sys=0.00, real=0.00 secs] 
Heap after GC invocations=90 (full 15):
 par new generation   total 9216K, used 388K [0x00000000e3400000, 0x00000000e3e00000, 0x00000000ecca0000)
  eden space 8192K,   0% used [0x00000000e3400000, 0x00000000e3400000, 0x00000000e3c00000)
  from space 1024K,  37% used [0x00000000e3c00000, 0x00000000e3c61138, 0x00000000e3d00000)
  to   space 1024K,   0% used [0x00000000e3d00000, 0x00000000e3d00000, 0x00000000e3e00000)
 concurrent mark-sweep generation total 29540K, used 17996K [0x00000000ecca0000, 0x00000000ee979000, 0x0000000100000000)
 Metaspace       used 20096K, capacity 20698K, committed 20864K, reserved 1067008K
  class space    used 2436K, capacity 2615K, committed 2688K, reserved 1048576K
}
2020-11-07T19:55:24.198+0800: 7.348: Application time: 0.0364049 seconds
{Heap before GC invocations=90 (full 15):
 par new generation   total 9216K, used 8580K [0x00000000e3400000, 0x00000000e3e00000, 0x00000000ecca0000)
  eden space 8192K, 100% used [0x00000000e3400000, 0x00000000e3c00000, 0x00000000e3c00000)
  from space 1024K,  37% used [0x00000000e3c00000, 0x00000000e3c61138, 0x00000000e3d00000)
  to   space 1024K,   0% used [0x00000000e3d00000, 0x00000000e3d00000, 0x00000000e3e00000)
 concurrent mark-sweep generation total 29540K, used 17996K [0x00000000ecca0000, 0x00000000ee979000, 0x0000000100000000)
 Metaspace       used 20206K, capacity 20826K, committed 21120K, reserved 1067008K
  class space    used 2448K, capacity 2615K, committed 2688K, reserved 1048576K
2020-11-07T19:55:24.200+0800: 7.350: [GC (Allocation Failure) 2020-11-07T19:55:24.200+0800: 7.350: [ParNew: 8580K->367K(9216K), 0.0040465 secs] 26577K->18380K(38756K), 0.0041078 secs] [Times: user=0.00 sys=0.00, real=0.00 secs] 
Heap after GC invocations=91 (full 15):
 par new generation   total 9216K, used 367K [0x00000000e3400000, 0x00000000e3e00000, 0x00000000ecca0000)
  eden space 8192K,   0% used [0x00000000e3400000, 0x00000000e3400000, 0x00000000e3c00000)
  from space 1024K,  35% used [0x00000000e3d00000, 0x00000000e3d5bdb0, 0x00000000e3e00000)
  to   space 1024K,   0% used [0x00000000e3c00000, 0x00000000e3c00000, 0x00000000e3d00000)
 concurrent mark-sweep generation total 29540K, used 18013K [0x00000000ecca0000, 0x00000000ee979000, 0x0000000100000000)
 Metaspace       used 20206K, capacity 20826K, committed 21120K, reserved 1067008K
  class space    used 2448K, capacity 2615K, committed 2688K, reserved 1048576K
}
2020-11-07T19:55:24.227+0800: 7.376: Application time: 0.0225836 seconds
{Heap before GC invocations=91 (full 15):
 par new generation   total 9216K, used 8559K [0x00000000e3400000, 0x00000000e3e00000, 0x00000000ecca0000)
  eden space 8192K, 100% used [0x00000000e3400000, 0x00000000e3c00000, 0x00000000e3c00000)
  from space 1024K,  35% used [0x00000000e3d00000, 0x00000000e3d5bdb0, 0x00000000e3e00000)
  to   space 1024K,   0% used [0x00000000e3c00000, 0x00000000e3c00000, 0x00000000e3d00000)
 concurrent mark-sweep generation total 29540K, used 18013K [0x00000000ecca0000, 0x00000000ee979000, 0x0000000100000000)
 Metaspace       used 20307K, capacity 20890K, committed 21120K, reserved 1067008K
  class space    used 2463K, capacity 2615K, committed 2688K, reserved 1048576K
2020-11-07T19:55:24.241+0800: 7.390: [GC (Allocation Failure) 2020-11-07T19:55:24.241+0800: 7.390: [ParNew: 8559K->269K(9216K), 0.0040207 secs] 26572K->18309K(38756K), 0.0040705 secs] [Times: user=0.01 sys=0.00, real=0.01 secs] 
Heap after GC invocations=92 (full 15):
 par new generation   total 9216K, used 269K [0x00000000e3400000, 0x00000000e3e00000, 0x00000000ecca0000)
  eden space 8192K,   0% used [0x00000000e3400000, 0x00000000e3400000, 0x00000000e3c00000)
  from space 1024K,  26% used [0x00000000e3c00000, 0x00000000e3c435b8, 0x00000000e3d00000)
  to   space 1024K,   0% used [0x00000000e3d00000, 0x00000000e3d00000, 0x00000000e3e00000)
 concurrent mark-sweep generation total 29540K, used 18040K [0x00000000ecca0000, 0x00000000ee979000, 0x0000000100000000)
 Metaspace       used 20307K, capacity 20890K, committed 21120K, reserved 1067008K
  class space    used 2463K, capacity 2615K, committed 2688K, reserved 1048576K
}
2020-11-07T19:55:24.265+0800: 7.415: Application time: 0.0202095 seconds
{Heap before GC invocations=92 (full 15):
 par new generation   total 9216K, used 8461K [0x00000000e3400000, 0x00000000e3e00000, 0x00000000ecca0000)
  eden space 8192K, 100% used [0x00000000e3400000, 0x00000000e3c00000, 0x00000000e3c00000)
  from space 1024K,  26% used [0x00000000e3c00000, 0x00000000e3c435b8, 0x00000000e3d00000)
  to   space 1024K,   0% used [0x00000000e3d00000, 0x00000000e3d00000, 0x00000000e3e00000)
 concurrent mark-sweep generation total 29540K, used 18040K [0x00000000ecca0000, 0x00000000ee979000, 0x0000000100000000)
 Metaspace       used 20437K, capacity 21050K, committed 21376K, reserved 1069056K
  class space    used 2479K, capacity 2647K, committed 2688K, reserved 1048576K
2020-11-07T19:55:24.266+0800: 7.415: [GC (Allocation Failure) 2020-11-07T19:55:24.266+0800: 7.415: [ParNew: 8461K->336K(9216K), 0.0032946 secs] 26501K->18398K(38756K), 0.0033422 secs] [Times: user=0.00 sys=0.00, real=0.00 secs] 
Heap after GC invocations=93 (full 15):
 par new generation   total 9216K, used 336K [0x00000000e3400000, 0x00000000e3e00000, 0x00000000ecca0000)
  eden space 8192K,   0% used [0x00000000e3400000, 0x00000000e3400000, 0x00000000e3c00000)
  from space 1024K,  32% used [0x00000000e3d00000, 0x00000000e3d54068, 0x00000000e3e00000)
  to   space 1024K,   0% used [0x00000000e3c00000, 0x00000000e3c00000, 0x00000000e3d00000)
 concurrent mark-sweep generation total 29540K, used 18062K [0x00000000ecca0000, 0x00000000ee979000, 0x0000000100000000)
 Metaspace       used 20437K, capacity 21050K, committed 21376K, reserved 1069056K
  class space    used 2479K, capacity 2647K, committed 2688K, reserved 1048576K
}
2020-11-07T19:55:24.318+0800: 7.467: Application time: 0.0485896 seconds
{Heap before GC invocations=93 (full 15):
 par new generation   total 9216K, used 8528K [0x00000000e3400000, 0x00000000e3e00000, 0x00000000ecca0000)
  eden space 8192K, 100% used [0x00000000e3400000, 0x00000000e3c00000, 0x00000000e3c00000)
  from space 1024K,  32% used [0x00000000e3d00000, 0x00000000e3d54068, 0x00000000e3e00000)
  to   space 1024K,   0% used [0x00000000e3c00000, 0x00000000e3c00000, 0x00000000e3d00000)
 concurrent mark-sweep generation total 29540K, used 18062K [0x00000000ecca0000, 0x00000000ee979000, 0x0000000100000000)
 Metaspace       used 20628K, capacity 21210K, committed 21376K, reserved 1069056K
  class space    used 2500K, capacity 2679K, committed 2688K, reserved 1048576K
2020-11-07T19:55:24.321+0800: 7.471: [GC (Allocation Failure) 2020-11-07T19:55:24.321+0800: 7.471: [ParNew: 8528K->363K(9216K), 0.0037015 secs] 26590K->18437K(38756K), 0.0037590 secs] [Times: user=0.01 sys=0.00, real=0.01 secs] 
Heap after GC invocations=94 (full 15):
 par new generation   total 9216K, used 363K [0x00000000e3400000, 0x00000000e3e00000, 0x00000000ecca0000)
  eden space 8192K,   0% used [0x00000000e3400000, 0x00000000e3400000, 0x00000000e3c00000)
  from space 1024K,  35% used [0x00000000e3c00000, 0x00000000e3c5ace0, 0x00000000e3d00000)
  to   space 1024K,   0% used [0x00000000e3d00000, 0x00000000e3d00000, 0x00000000e3e00000)
 concurrent mark-sweep generation total 29540K, used 18074K [0x00000000ecca0000, 0x00000000ee979000, 0x0000000100000000)
 Metaspace       used 20628K, capacity 21210K, committed 21376K, reserved 1069056K
  class space    used 2500K, capacity 2679K, committed 2688K, reserved 1048576K
}
2020-11-07T19:55:24.354+0800: 7.503: Application time: 0.0287105 seconds
{Heap before GC invocations=94 (full 15):
 par new generation   total 9216K, used 8555K [0x00000000e3400000, 0x00000000e3e00000, 0x00000000ecca0000)
  eden space 8192K, 100% used [0x00000000e3400000, 0x00000000e3c00000, 0x00000000e3c00000)
  from space 1024K,  35% used [0x00000000e3c00000, 0x00000000e3c5ace0, 0x00000000e3d00000)
  to   space 1024K,   0% used [0x00000000e3d00000, 0x00000000e3d00000, 0x00000000e3e00000)
 concurrent mark-sweep generation total 29540K, used 18074K [0x00000000ecca0000, 0x00000000ee979000, 0x0000000100000000)
 Metaspace       used 20748K, capacity 21338K, committed 21632K, reserved 1069056K
  class space    used 2516K, capacity 2679K, committed 2688K, reserved 1048576K
2020-11-07T19:55:24.354+0800: 7.503: [GC (Allocation Failure) 2020-11-07T19:55:24.354+0800: 7.503: [ParNew: 8555K->326K(9216K), 0.0041135 secs] 26629K->18425K(38756K), 0.0041757 secs] [Times: user=0.01 sys=0.00, real=0.01 secs] 
Heap after GC invocations=95 (full 15):
 par new generation   total 9216K, used 326K [0x00000000e3400000, 0x00000000e3e00000, 0x00000000ecca0000)
  eden space 8192K,   0% used [0x00000000e3400000, 0x00000000e3400000, 0x00000000e3c00000)
  from space 1024K,  31% used [0x00000000e3d00000, 0x00000000e3d51ab8, 0x00000000e3e00000)
  to   space 1024K,   0% used [0x00000000e3c00000, 0x00000000e3c00000, 0x00000000e3d00000)
 concurrent mark-sweep generation total 29540K, used 18099K [0x00000000ecca0000, 0x00000000ee979000, 0x0000000100000000)
 Metaspace       used 20748K, capacity 21338K, committed 21632K, reserved 1069056K
  class space    used 2516K, capacity 2679K, committed 2688K, reserved 1048576K
}
2020-11-07T19:55:24.358+0800: 7.508: [CMS-concurrent-abortable-preclean: 0.106/0.448 secs] [Times: user=0.42 sys=0.01, real=0.45 secs] 
2020-11-07T19:55:24.363+0800: 7.513: Application time: 0.0050176 seconds
2020-11-07T19:55:24.363+0800: 7.513: [GC (CMS Final Remark) [YG occupancy: 2288 K (9216 K)]2020-11-07T19:55:24.363+0800: 7.513: [Rescan (parallel) , 0.0036358 secs]2020-11-07T19:55:24.367+0800: 7.517: [weak refs processing, 0.0006801 secs]2020-11-07T19:55:24.368+0800: 7.517: [class unloading, 0.0036049 secs]2020-11-07T19:55:24.371+0800: 7.521: [scrub symbol table, 0.0055309 secs]2020-11-07T19:55:24.377+0800: 7.526: [scrub string table, 0.0004625 secs][1 CMS-remark: 18099K(29540K)] 20387K(38756K), 0.0140722 secs] [Times: user=0.02 sys=0.00, real=0.02 secs] 
2020-11-07T19:55:24.392+0800: 7.541: [CMS-concurrent-sweep-start]
2020-11-07T19:55:24.400+0800: 7.550: [CMS-concurrent-sweep: 0.008/0.008 secs] [Times: user=0.01 sys=0.00, real=0.01 secs] 
2020-11-07T19:55:24.400+0800: 7.550: [CMS-concurrent-reset-start]
2020-11-07T19:55:24.401+0800: 7.551: [CMS-concurrent-reset: 0.001/0.001 secs] [Times: user=0.00 sys=0.00, real=0.00 secs] 
2020-11-07T19:55:24.407+0800: 7.556: Application time: 0.0294023 seconds
{Heap before GC invocations=95 (full 15):
 par new generation   total 9216K, used 8518K [0x00000000e3400000, 0x00000000e3e00000, 0x00000000ecca0000)
  eden space 8192K, 100% used [0x00000000e3400000, 0x00000000e3c00000, 0x00000000e3c00000)
  from space 1024K,  31% used [0x00000000e3d00000, 0x00000000e3d51ab8, 0x00000000e3e00000)
  to   space 1024K,   0% used [0x00000000e3c00000, 0x00000000e3c00000, 0x00000000e3d00000)
 concurrent mark-sweep generation total 30096K, used 18055K [0x00000000ecca0000, 0x00000000eea04000, 0x0000000100000000)
 Metaspace       used 20845K, capacity 21434K, committed 21760K, reserved 1069056K
  class space    used 2536K, capacity 2711K, committed 2816K, reserved 1048576K
2020-11-07T19:55:24.408+0800: 7.558: [GC (Allocation Failure) 2020-11-07T19:55:24.408+0800: 7.558: [ParNew: 8518K->321K(9216K), 0.0039048 secs] 26573K->18395K(39312K), 0.0039640 secs] [Times: user=0.00 sys=0.00, real=0.00 secs] 
Heap after GC invocations=96 (full 15):
 par new generation   total 9216K, used 321K [0x00000000e3400000, 0x00000000e3e00000, 0x00000000ecca0000)
  eden space 8192K,   0% used [0x00000000e3400000, 0x00000000e3400000, 0x00000000e3c00000)
  from space 1024K,  31% used [0x00000000e3c00000, 0x00000000e3c506b8, 0x00000000e3d00000)
  to   space 1024K,   0% used [0x00000000e3d00000, 0x00000000e3d00000, 0x00000000e3e00000)
 concurrent mark-sweep generation total 30096K, used 18073K [0x00000000ecca0000, 0x00000000eea04000, 0x0000000100000000)
 Metaspace       used 20845K, capacity 21434K, committed 21760K, reserved 1069056K
  class space    used 2536K, capacity 2711K, committed 2816K, reserved 1048576K
}
2020-11-07T19:55:24.428+0800: 7.577: Application time: 0.0155454 seconds
2020-11-07T19:55:24.430+0800: 7.580: [GC (CMS Initial Mark) [1 CMS-initial-mark: 18073K(30096K)] 25555K(39312K), 0.0055437 secs] [Times: user=0.00 sys=0.00, real=0.01 secs] 
2020-11-07T19:55:24.438+0800: 7.588: [CMS-concurrent-mark-start]
2020-11-07T19:55:24.451+0800: 7.600: Application time: 0.0148352 seconds
{Heap before GC invocations=96 (full 16):
 par new generation   total 9216K, used 8513K [0x00000000e3400000, 0x00000000e3e00000, 0x00000000ecca0000)
  eden space 8192K, 100% used [0x00000000e3400000, 0x00000000e3c00000, 0x00000000e3c00000)
  from space 1024K,  31% used [0x00000000e3c00000, 0x00000000e3c506b8, 0x00000000e3d00000)
  to   space 1024K,   0% used [0x00000000e3d00000, 0x00000000e3d00000, 0x00000000e3e00000)
 concurrent mark-sweep generation total 30096K, used 18073K [0x00000000ecca0000, 0x00000000eea04000, 0x0000000100000000)
 Metaspace       used 20964K, capacity 21562K, committed 21760K, reserved 1069056K
  class space    used 2554K, capacity 2711K, committed 2816K, reserved 1048576K
2020-11-07T19:55:24.451+0800: 7.600: [GC (Allocation Failure) 2020-11-07T19:55:24.451+0800: 7.600: [ParNew: 8513K->338K(9216K), 0.0035645 secs] 26587K->18435K(39312K), 0.0036329 secs] [Times: user=0.00 sys=0.00, real=0.00 secs] 
Heap after GC invocations=97 (full 16):
 par new generation   total 9216K, used 338K [0x00000000e3400000, 0x00000000e3e00000, 0x00000000ecca0000)
  eden space 8192K,   0% used [0x00000000e3400000, 0x00000000e3400000, 0x00000000e3c00000)
  from space 1024K,  33% used [0x00000000e3d00000, 0x00000000e3d54ba8, 0x00000000e3e00000)
  to   space 1024K,   0% used [0x00000000e3c00000, 0x00000000e3c00000, 0x00000000e3d00000)
 concurrent mark-sweep generation total 30096K, used 18096K [0x00000000ecca0000, 0x00000000eea04000, 0x0000000100000000)
 Metaspace       used 20964K, capacity 21562K, committed 21760K, reserved 1069056K
  class space    used 2554K, capacity 2711K, committed 2816K, reserved 1048576K
}
2020-11-07T19:55:24.488+0800: 7.637: Application time: 0.0334700 seconds
2020-11-07T19:55:24.495+0800: 7.645: Application time: 0.0071281 seconds
{Heap before GC invocations=97 (full 16):
 par new generation   total 9216K, used 8701K [0x00000000e3400000, 0x00000000e3e00000, 0x00000000ecca0000)
  eden space 8192K, 100% used [0x00000000e3400000, 0x00000000e3c00000, 0x00000000e3c00000)
  from space 1024K,  49% used [0x00000000e3d00000, 0x00000000e3d7f618, 0x00000000e3e00000)
  to   space 1024K,   0% used [0x00000000e3c00000, 0x00000000e3c00000, 0x00000000e3d00000)
 concurrent mark-sweep generation total 30096K, used 18096K [0x00000000ecca0000, 0x00000000eea04000, 0x0000000100000000)
 Metaspace       used 21099K, capacity 21722K, committed 22016K, reserved 1069056K
  class space    used 2570K, capacity 2743K, committed 2816K, reserved 1048576K
2020-11-07T19:55:24.495+0800: 7.645: [GC (GCLocker Initiated GC) 2020-11-07T19:55:24.495+0800: 7.645: [ParNew: 8701K->295K(9216K), 0.0035361 secs] 26798K->18413K(39312K), 0.0035839 secs] [Times: user=0.00 sys=0.00, real=0.00 secs] 
Heap after GC invocations=98 (full 16):
 par new generation   total 9216K, used 295K [0x00000000e3400000, 0x00000000e3e00000, 0x00000000ecca0000)
  eden space 8192K,   0% used [0x00000000e3400000, 0x00000000e3400000, 0x00000000e3c00000)
  from space 1024K,  28% used [0x00000000e3c00000, 0x00000000e3c49d80, 0x00000000e3d00000)
  to   space 1024K,   0% used [0x00000000e3d00000, 0x00000000e3d00000, 0x00000000e3e00000)
 concurrent mark-sweep generation total 30096K, used 18117K [0x00000000ecca0000, 0x00000000eea04000, 0x0000000100000000)
 Metaspace       used 21099K, capacity 21722K, committed 22016K, reserved 1069056K
  class space    used 2570K, capacity 2743K, committed 2816K, reserved 1048576K
}
2020-11-07T19:55:24.556+0800: 7.705: Application time: 0.0569248 seconds
{Heap before GC invocations=98 (full 16):
 par new generation   total 9216K, used 8487K [0x00000000e3400000, 0x00000000e3e00000, 0x00000000ecca0000)
  eden space 8192K, 100% used [0x00000000e3400000, 0x00000000e3c00000, 0x00000000e3c00000)
  from space 1024K,  28% used [0x00000000e3c00000, 0x00000000e3c49d80, 0x00000000e3d00000)
  to   space 1024K,   0% used [0x00000000e3d00000, 0x00000000e3d00000, 0x00000000e3e00000)
 concurrent mark-sweep generation total 30096K, used 18117K [0x00000000ecca0000, 0x00000000eea04000, 0x0000000100000000)
 Metaspace       used 21225K, capacity 21800K, committed 22016K, reserved 1069056K
  class space    used 2592K, capacity 2748K, committed 2816K, reserved 1048576K
2020-11-07T19:55:24.556+0800: 7.706: [GC (Allocation Failure) 2020-11-07T19:55:24.556+0800: 7.706: [ParNew: 8487K->233K(9216K), 0.0043430 secs] 26605K->18374K(39312K), 0.0043921 secs] [Times: user=0.01 sys=0.00, real=0.00 secs] 
Heap after GC invocations=99 (full 16):
 par new generation   total 9216K, used 233K [0x00000000e3400000, 0x00000000e3e00000, 0x00000000ecca0000)
  eden space 8192K,   0% used [0x00000000e3400000, 0x00000000e3400000, 0x00000000e3c00000)
  from space 1024K,  22% used [0x00000000e3d00000, 0x00000000e3d3a750, 0x00000000e3e00000)
  to   space 1024K,   0% used [0x00000000e3c00000, 0x00000000e3c00000, 0x00000000e3d00000)
 concurrent mark-sweep generation total 30096K, used 18140K [0x00000000ecca0000, 0x00000000eea04000, 0x0000000100000000)
 Metaspace       used 21225K, capacity 21800K, committed 22016K, reserved 1069056K
  class space    used 2592K, capacity 2748K, committed 2816K, reserved 1048576K
}
2020-11-07T19:55:24.588+0800: 7.737: [CMS-concurrent-mark: 0.100/0.150 secs] [Times: user=0.14 sys=0.00, real=0.15 secs] 
2020-11-07T19:55:24.588+0800: 7.738: [CMS-concurrent-preclean-start]
2020-11-07T19:55:24.589+0800: 7.739: [CMS-concurrent-preclean: 0.002/0.002 secs] [Times: user=0.01 sys=0.00, real=0.00 secs] 
2020-11-07T19:55:24.589+0800: 7.739: [CMS-concurrent-abortable-preclean-start]
2020-11-07T19:55:24.608+0800: 7.758: Application time: 0.0480816 seconds
{Heap before GC invocations=99 (full 16):
 par new generation   total 9216K, used 8425K [0x00000000e3400000, 0x00000000e3e00000, 0x00000000ecca0000)
  eden space 8192K, 100% used [0x00000000e3400000, 0x00000000e3c00000, 0x00000000e3c00000)
  from space 1024K,  22% used [0x00000000e3d00000, 0x00000000e3d3a750, 0x00000000e3e00000)
  to   space 1024K,   0% used [0x00000000e3c00000, 0x00000000e3c00000, 0x00000000e3d00000)
 concurrent mark-sweep generation total 30096K, used 18140K [0x00000000ecca0000, 0x00000000eea04000, 0x0000000100000000)
 Metaspace       used 21403K, capacity 21960K, committed 22272K, reserved 1069056K
  class space    used 2624K, capacity 2780K, committed 2816K, reserved 1048576K
2020-11-07T19:55:24.609+0800: 7.758: [GC (Allocation Failure) 2020-11-07T19:55:24.609+0800: 7.758: [ParNew: 8425K->392K(9216K), 0.0039488 secs] 26566K->18544K(39312K), 0.0040208 secs] [Times: user=0.01 sys=0.00, real=0.00 secs] 
Heap after GC invocations=100 (full 16):
 par new generation   total 9216K, used 392K [0x00000000e3400000, 0x00000000e3e00000, 0x00000000ecca0000)
  eden space 8192K,   0% used [0x00000000e3400000, 0x00000000e3400000, 0x00000000e3c00000)
  from space 1024K,  38% used [0x00000000e3c00000, 0x00000000e3c622d0, 0x00000000e3d00000)
  to   space 1024K,   0% used [0x00000000e3d00000, 0x00000000e3d00000, 0x00000000e3e00000)
 concurrent mark-sweep generation total 30096K, used 18151K [0x00000000ecca0000, 0x00000000eea04000, 0x0000000100000000)
 Metaspace       used 21403K, capacity 21960K, committed 22272K, reserved 1069056K
  class space    used 2624K, capacity 2780K, committed 2816K, reserved 1048576K
}
2020-11-07T19:55:24.640+0800: 7.790: Application time: 0.0272737 seconds
{Heap before GC invocations=100 (full 16):
 par new generation   total 9216K, used 8584K [0x00000000e3400000, 0x00000000e3e00000, 0x00000000ecca0000)
  eden space 8192K, 100% used [0x00000000e3400000, 0x00000000e3c00000, 0x00000000e3c00000)
  from space 1024K,  38% used [0x00000000e3c00000, 0x00000000e3c622d0, 0x00000000e3d00000)
  to   space 1024K,   0% used [0x00000000e3d00000, 0x00000000e3d00000, 0x00000000e3e00000)
 concurrent mark-sweep generation total 30096K, used 18151K [0x00000000ecca0000, 0x00000000eea04000, 0x0000000100000000)
 Metaspace       used 21570K, capacity 22130K, committed 22272K, reserved 1069056K
  class space    used 2657K, capacity 2815K, committed 2816K, reserved 1048576K
2020-11-07T19:55:24.640+0800: 7.790: [GC (Allocation Failure) 2020-11-07T19:55:24.640+0800: 7.790: [ParNew: 8584K->428K(9216K), 0.0141117 secs] 26736K->18589K(39312K), 0.0141802 secs] [Times: user=0.01 sys=0.00, real=0.01 secs] 
Heap after GC invocations=101 (full 16):
 par new generation   total 9216K, used 428K [0x00000000e3400000, 0x00000000e3e00000, 0x00000000ecca0000)
  eden space 8192K,   0% used [0x00000000e3400000, 0x00000000e3400000, 0x00000000e3c00000)
  from space 1024K,  41% used [0x00000000e3d00000, 0x00000000e3d6b3e0, 0x00000000e3e00000)
  to   space 1024K,   0% used [0x00000000e3c00000, 0x00000000e3c00000, 0x00000000e3d00000)
 concurrent mark-sweep generation total 30096K, used 18160K [0x00000000ecca0000, 0x00000000eea04000, 0x0000000100000000)
 Metaspace       used 21570K, capacity 22130K, committed 22272K, reserved 1069056K
  class space    used 2657K, capacity 2815K, committed 2816K, reserved 1048576K
}
2020-11-07T19:55:24.696+0800: 7.845: Application time: 0.0412558 seconds
{Heap before GC invocations=101 (full 16):
 par new generation   total 9216K, used 8620K [0x00000000e3400000, 0x00000000e3e00000, 0x00000000ecca0000)
  eden space 8192K, 100% used [0x00000000e3400000, 0x00000000e3c00000, 0x00000000e3c00000)
  from space 1024K,  41% used [0x00000000e3d00000, 0x00000000e3d6b3e0, 0x00000000e3e00000)
  to   space 1024K,   0% used [0x00000000e3c00000, 0x00000000e3c00000, 0x00000000e3d00000)
 concurrent mark-sweep generation total 30096K, used 18160K [0x00000000ecca0000, 0x00000000eea04000, 0x0000000100000000)
 Metaspace       used 21691K, capacity 22284K, committed 22656K, reserved 1069056K
  class space    used 2673K, capacity 2828K, committed 2944K, reserved 1048576K
2020-11-07T19:55:24.696+0800: 7.846: [GC (Allocation Failure) 2020-11-07T19:55:24.696+0800: 7.846: [ParNew: 8620K->274K(9216K), 0.0043107 secs] 26781K->18445K(39312K), 0.0043657 secs] [Times: user=0.01 sys=0.00, real=0.00 secs] 
Heap after GC invocations=102 (full 16):
 par new generation   total 9216K, used 274K [0x00000000e3400000, 0x00000000e3e00000, 0x00000000ecca0000)
  eden space 8192K,   0% used [0x00000000e3400000, 0x00000000e3400000, 0x00000000e3c00000)
  from space 1024K,  26% used [0x00000000e3c00000, 0x00000000e3c44a18, 0x00000000e3d00000)
  to   space 1024K,   0% used [0x00000000e3d00000, 0x00000000e3d00000, 0x00000000e3e00000)
 concurrent mark-sweep generation total 30096K, used 18170K [0x00000000ecca0000, 0x00000000eea04000, 0x0000000100000000)
 Metaspace       used 21691K, capacity 22284K, committed 22656K, reserved 1069056K
  class space    used 2673K, capacity 2828K, committed 2944K, reserved 1048576K
}
2020-11-07T19:55:24.754+0800: 7.903: Application time: 0.0532660 seconds
{Heap before GC invocations=102 (full 16):
 par new generation   total 9216K, used 8466K [0x00000000e3400000, 0x00000000e3e00000, 0x00000000ecca0000)
  eden space 8192K, 100% used [0x00000000e3400000, 0x00000000e3c00000, 0x00000000e3c00000)
  from space 1024K,  26% used [0x00000000e3c00000, 0x00000000e3c44a18, 0x00000000e3d00000)
  to   space 1024K,   0% used [0x00000000e3d00000, 0x00000000e3d00000, 0x00000000e3e00000)
 concurrent mark-sweep generation total 30096K, used 18170K [0x00000000ecca0000, 0x00000000eea04000, 0x0000000100000000)
 Metaspace       used 21875K, capacity 22490K, committed 22656K, reserved 1069056K
  class space    used 2700K, capacity 2877K, committed 2944K, reserved 1048576K
2020-11-07T19:55:24.754+0800: 7.904: [GC (Allocation Failure) 2020-11-07T19:55:24.754+0800: 7.904: [ParNew: 8466K->325K(9216K), 0.0051119 secs] 26637K->18524K(39312K), 0.0051736 secs] [Times: user=0.00 sys=0.00, real=0.01 secs] 
Heap after GC invocations=103 (full 16):
 par new generation   total 9216K, used 325K [0x00000000e3400000, 0x00000000e3e00000, 0x00000000ecca0000)
  eden space 8192K,   0% used [0x00000000e3400000, 0x00000000e3400000, 0x00000000e3c00000)
  from space 1024K,  31% used [0x00000000e3d00000, 0x00000000e3d517d0, 0x00000000e3e00000)
  to   space 1024K,   0% used [0x00000000e3c00000, 0x00000000e3c00000, 0x00000000e3d00000)
 concurrent mark-sweep generation total 30096K, used 18198K [0x00000000ecca0000, 0x00000000eea04000, 0x0000000100000000)
 Metaspace       used 21875K, capacity 22490K, committed 22656K, reserved 1069056K
  class space    used 2700K, capacity 2877K, committed 2944K, reserved 1048576K
}
2020-11-07T19:55:24.784+0800: 7.934: Application time: 0.0247645 seconds
{Heap before GC invocations=103 (full 16):
 par new generation   total 9216K, used 8517K [0x00000000e3400000, 0x00000000e3e00000, 0x00000000ecca0000)
  eden space 8192K, 100% used [0x00000000e3400000, 0x00000000e3c00000, 0x00000000e3c00000)
  from space 1024K,  31% used [0x00000000e3d00000, 0x00000000e3d517d0, 0x00000000e3e00000)
  to   space 1024K,   0% used [0x00000000e3c00000, 0x00000000e3c00000, 0x00000000e3d00000)
 concurrent mark-sweep generation total 30096K, used 18198K [0x00000000ecca0000, 0x00000000eea04000, 0x0000000100000000)
 Metaspace       used 22015K, capacity 22650K, committed 22912K, reserved 1069056K
  class space    used 2719K, capacity 2909K, committed 2944K, reserved 1048576K
2020-11-07T19:55:24.784+0800: 7.934: [GC (Allocation Failure) 2020-11-07T19:55:24.784+0800: 7.934: [ParNew: 8517K->364K(9216K), 0.0040723 secs] 26716K->18580K(39312K), 0.0041150 secs] [Times: user=0.00 sys=0.00, real=0.01 secs] 
Heap after GC invocations=104 (full 16):
 par new generation   total 9216K, used 364K [0x00000000e3400000, 0x00000000e3e00000, 0x00000000ecca0000)
  eden space 8192K,   0% used [0x00000000e3400000, 0x00000000e3400000, 0x00000000e3c00000)
  from space 1024K,  35% used [0x00000000e3c00000, 0x00000000e3c5b180, 0x00000000e3d00000)
  to   space 1024K,   0% used [0x00000000e3d00000, 0x00000000e3d00000, 0x00000000e3e00000)
 concurrent mark-sweep generation total 30096K, used 18216K [0x00000000ecca0000, 0x00000000eea04000, 0x0000000100000000)
 Metaspace       used 22015K, capacity 22650K, committed 22912K, reserved 1069056K
  class space    used 2719K, capacity 2909K, committed 2944K, reserved 1048576K
}
2020-11-07T19:55:24.824+0800: 7.974: Application time: 0.0358377 seconds
{Heap before GC invocations=104 (full 16):
 par new generation   total 9216K, used 8556K [0x00000000e3400000, 0x00000000e3e00000, 0x00000000ecca0000)
  eden space 8192K, 100% used [0x00000000e3400000, 0x00000000e3c00000, 0x00000000e3c00000)
  from space 1024K,  35% used [0x00000000e3c00000, 0x00000000e3c5b180, 0x00000000e3d00000)
  to   space 1024K,   0% used [0x00000000e3d00000, 0x00000000e3d00000, 0x00000000e3e00000)
 concurrent mark-sweep generation total 30096K, used 18216K [0x00000000ecca0000, 0x00000000eea04000, 0x0000000100000000)
 Metaspace       used 22177K, capacity 22822K, committed 23040K, reserved 1069056K
  class space    used 2741K, capacity 2945K, committed 3072K, reserved 1048576K
2020-11-07T19:55:24.824+0800: 7.974: [GC (Allocation Failure) 2020-11-07T19:55:24.824+0800: 7.974: [ParNew: 8556K->422K(9216K), 0.0178840 secs] 26772K->18656K(39312K), 0.0179417 secs] [Times: user=0.01 sys=0.00, real=0.02 secs] 
Heap after GC invocations=105 (full 16):
 par new generation   total 9216K, used 422K [0x00000000e3400000, 0x00000000e3e00000, 0x00000000ecca0000)
  eden space 8192K,   0% used [0x00000000e3400000, 0x00000000e3400000, 0x00000000e3c00000)
  from space 1024K,  41% used [0x00000000e3d00000, 0x00000000e3d69bb0, 0x00000000e3e00000)
  to   space 1024K,   0% used [0x00000000e3c00000, 0x00000000e3c00000, 0x00000000e3d00000)
 concurrent mark-sweep generation total 30096K, used 18233K [0x00000000ecca0000, 0x00000000eea04000, 0x0000000100000000)
 Metaspace       used 22177K, capacity 22822K, committed 23040K, reserved 1069056K
  class space    used 2741K, capacity 2945K, committed 3072K, reserved 1048576K
}
2020-11-07T19:55:24.842+0800: 7.992: [CMS-concurrent-abortable-preclean: 0.079/0.253 secs] [Times: user=0.23 sys=0.01, real=0.25 secs] 
2020-11-07T19:55:24.854+0800: 8.004: Application time: 0.0117010 seconds
2020-11-07T19:55:24.854+0800: 8.004: [GC (CMS Final Remark) [YG occupancy: 4480 K (9216 K)]2020-11-07T19:55:24.854+0800: 8.004: [Rescan (parallel) , 0.0174761 secs]2020-11-07T19:55:24.872+0800: 8.021: [weak refs processing, 0.0000435 secs]2020-11-07T19:55:24.872+0800: 8.021: [class unloading, 0.0040936 secs]2020-11-07T19:55:24.876+0800: 8.026: [scrub symbol table, 0.0070864 secs]2020-11-07T19:55:24.883+0800: 8.033: [scrub string table, 0.0005021 secs][1 CMS-remark: 18233K(30096K)] 22714K(39312K), 0.0294208 secs] [Times: user=0.03 sys=0.00, real=0.03 secs] 
2020-11-07T19:55:24.893+0800: 8.042: [CMS-concurrent-sweep-start]
2020-11-07T19:55:24.912+0800: 8.062: Application time: 0.0287567 seconds
{Heap before GC invocations=105 (full 16):
 par new generation   total 9216K, used 8614K [0x00000000e3400000, 0x00000000e3e00000, 0x00000000ecca0000)
  eden space 8192K, 100% used [0x00000000e3400000, 0x00000000e3c00000, 0x00000000e3c00000)
  from space 1024K,  41% used [0x00000000e3d00000, 0x00000000e3d69bb0, 0x00000000e3e00000)
  to   space 1024K,   0% used [0x00000000e3c00000, 0x00000000e3c00000, 0x00000000e3d00000)
 concurrent mark-sweep generation total 30096K, used 18230K [0x00000000ecca0000, 0x00000000eea04000, 0x0000000100000000)
 Metaspace       used 22344K, capacity 23052K, committed 23296K, reserved 1069056K
  class space    used 2762K, capacity 2978K, committed 3072K, reserved 1048576K
2020-11-07T19:55:24.913+0800: 8.062: [GC (Allocation Failure) 2020-11-07T19:55:24.913+0800: 8.062: [ParNew: 8614K->368K(9216K), 0.0047436 secs] 26845K->18609K(39312K), 0.0048075 secs] [Times: user=0.00 sys=0.00, real=0.01 secs] 
Heap after GC invocations=106 (full 16):
 par new generation   total 9216K, used 368K [0x00000000e3400000, 0x00000000e3e00000, 0x00000000ecca0000)
  eden space 8192K,   0% used [0x00000000e3400000, 0x00000000e3400000, 0x00000000e3c00000)
  from space 1024K,  35% used [0x00000000e3c00000, 0x00000000e3c5c230, 0x00000000e3d00000)
  to   space 1024K,   0% used [0x00000000e3d00000, 0x00000000e3d00000, 0x00000000e3e00000)
 concurrent mark-sweep generation total 30096K, used 18240K [0x00000000ecca0000, 0x00000000eea04000, 0x0000000100000000)
 Metaspace       used 22344K, capacity 23052K, committed 23296K, reserved 1069056K
  class space    used 2762K, capacity 2978K, committed 3072K, reserved 1048576K
}
2020-11-07T19:55:24.924+0800: 8.074: [CMS-concurrent-sweep: 0.021/0.032 secs] [Times: user=0.03 sys=0.00, real=0.03 secs] 
2020-11-07T19:55:24.924+0800: 8.074: [CMS-concurrent-reset-start]
2020-11-07T19:55:24.925+0800: 8.075: [CMS-concurrent-reset: 0.001/0.001 secs] [Times: user=0.00 sys=0.00, real=0.01 secs] 
2020-11-07T19:55:24.947+0800: 8.097: Application time: 0.0296672 seconds
{Heap before GC invocations=106 (full 16):
 par new generation   total 9216K, used 8560K [0x00000000e3400000, 0x00000000e3e00000, 0x00000000ecca0000)
  eden space 8192K, 100% used [0x00000000e3400000, 0x00000000e3c00000, 0x00000000e3c00000)
  from space 1024K,  35% used [0x00000000e3c00000, 0x00000000e3c5c230, 0x00000000e3d00000)
  to   space 1024K,   0% used [0x00000000e3d00000, 0x00000000e3d00000, 0x00000000e3e00000)
 concurrent mark-sweep generation total 30388K, used 18232K [0x00000000ecca0000, 0x00000000eea4d000, 0x0000000100000000)
 Metaspace       used 22523K, capacity 23180K, committed 23552K, reserved 1069056K
  class space    used 2781K, capacity 2978K, committed 3072K, reserved 1048576K
2020-11-07T19:55:24.947+0800: 8.097: [GC (Allocation Failure) 2020-11-07T19:55:24.947+0800: 8.097: [ParNew: 8560K->443K(9216K), 0.0046852 secs] 26792K->18687K(39604K), 0.0047478 secs] [Times: user=0.01 sys=0.00, real=0.00 secs] 
Heap after GC invocations=107 (full 16):
 par new generation   total 9216K, used 443K [0x00000000e3400000, 0x00000000e3e00000, 0x00000000ecca0000)
  eden space 8192K,   0% used [0x00000000e3400000, 0x00000000e3400000, 0x00000000e3c00000)
  from space 1024K,  43% used [0x00000000e3d00000, 0x00000000e3d6eec8, 0x00000000e3e00000)
  to   space 1024K,   0% used [0x00000000e3c00000, 0x00000000e3c00000, 0x00000000e3d00000)
 concurrent mark-sweep generation total 30388K, used 18243K [0x00000000ecca0000, 0x00000000eea4d000, 0x0000000100000000)
 Metaspace       used 22523K, capacity 23180K, committed 23552K, reserved 1069056K
  class space    used 2781K, capacity 2978K, committed 3072K, reserved 1048576K
}
2020-11-07T19:55:24.962+0800: 8.112: Application time: 0.0099409 seconds
2020-11-07T19:55:24.962+0800: 8.112: [GC (CMS Initial Mark) [1 CMS-initial-mark: 18243K(30388K)] 21282K(39604K), 0.0030328 secs] [Times: user=0.00 sys=0.00, real=0.01 secs] 
2020-11-07T19:55:24.965+0800: 8.115: [CMS-concurrent-mark-start]
2020-11-07T19:55:25.014+0800: 8.163: Application time: 0.0483342 seconds
{Heap before GC invocations=107 (full 17):
 par new generation   total 9216K, used 8635K [0x00000000e3400000, 0x00000000e3e00000, 0x00000000ecca0000)
  eden space 8192K, 100% used [0x00000000e3400000, 0x00000000e3c00000, 0x00000000e3c00000)
  from space 1024K,  43% used [0x00000000e3d00000, 0x00000000e3d6eec8, 0x00000000e3e00000)
  to   space 1024K,   0% used [0x00000000e3c00000, 0x00000000e3c00000, 0x00000000e3d00000)
 concurrent mark-sweep generation total 30388K, used 18243K [0x00000000ecca0000, 0x00000000eea4d000, 0x0000000100000000)
 Metaspace       used 22754K, capacity 23410K, committed 23552K, reserved 1069056K
  class space    used 2803K, capacity 3013K, committed 3072K, reserved 1048576K
2020-11-07T19:55:25.014+0800: 8.163: [GC (Allocation Failure) 2020-11-07T19:55:25.014+0800: 8.163: [ParNew: 8635K->614K(9216K), 0.0191867 secs] 26879K->18887K(39604K), 0.0192596 secs] [Times: user=0.02 sys=0.00, real=0.02 secs] 
Heap after GC invocations=108 (full 17):
 par new generation   total 9216K, used 614K [0x00000000e3400000, 0x00000000e3e00000, 0x00000000ecca0000)
  eden space 8192K,   0% used [0x00000000e3400000, 0x00000000e3400000, 0x00000000e3c00000)
  from space 1024K,  59% used [0x00000000e3c00000, 0x00000000e3c99850, 0x00000000e3d00000)
  to   space 1024K,   0% used [0x00000000e3d00000, 0x00000000e3d00000, 0x00000000e3e00000)
 concurrent mark-sweep generation total 30388K, used 18273K [0x00000000ecca0000, 0x00000000eea4d000, 0x0000000100000000)
 Metaspace       used 22754K, capacity 23410K, committed 23552K, reserved 1069056K
  class space    used 2803K, capacity 3013K, committed 3072K, reserved 1048576K
}
2020-11-07T19:55:25.083+0800: 8.233: Application time: 0.0498860 seconds
{Heap before GC invocations=108 (full 17):
 par new generation   total 9216K, used 8806K [0x00000000e3400000, 0x00000000e3e00000, 0x00000000ecca0000)
  eden space 8192K, 100% used [0x00000000e3400000, 0x00000000e3c00000, 0x00000000e3c00000)
  from space 1024K,  59% used [0x00000000e3c00000, 0x00000000e3c99850, 0x00000000e3d00000)
  to   space 1024K,   0% used [0x00000000e3d00000, 0x00000000e3d00000, 0x00000000e3e00000)
 concurrent mark-sweep generation total 30388K, used 18273K [0x00000000ecca0000, 0x00000000eea4d000, 0x0000000100000000)
 Metaspace       used 22955K, capacity 23538K, committed 23808K, reserved 1071104K
  class space    used 2829K, capacity 3013K, committed 3072K, reserved 1048576K
2020-11-07T19:55:25.083+0800: 8.233: [GC (Allocation Failure) 2020-11-07T19:55:25.083+0800: 8.233: [ParNew: 8806K->398K(9216K), 0.0154556 secs] 27079K->18721K(39604K), 0.0155037 secs] [Times: user=0.02 sys=0.00, real=0.02 secs] 
Heap after GC invocations=109 (full 17):
 par new generation   total 9216K, used 398K [0x00000000e3400000, 0x00000000e3e00000, 0x00000000ecca0000)
  eden space 8192K,   0% used [0x00000000e3400000, 0x00000000e3400000, 0x00000000e3c00000)
  from space 1024K,  38% used [0x00000000e3d00000, 0x00000000e3d63a98, 0x00000000e3e00000)
  to   space 1024K,   0% used [0x00000000e3c00000, 0x00000000e3c00000, 0x00000000e3d00000)
 concurrent mark-sweep generation total 30388K, used 18323K [0x00000000ecca0000, 0x00000000eea4d000, 0x0000000100000000)
 Metaspace       used 22955K, capacity 23538K, committed 23808K, reserved 1071104K
  class space    used 2829K, capacity 3013K, committed 3072K, reserved 1048576K
}
2020-11-07T19:55:25.120+0800: 8.270: [CMS-concurrent-mark: 0.095/0.155 secs] [Times: user=0.15 sys=0.00, real=0.15 secs] 
2020-11-07T19:55:25.120+0800: 8.270: [CMS-concurrent-preclean-start]
2020-11-07T19:55:25.123+0800: 8.272: Application time: 0.0242113 seconds
{Heap before GC invocations=109 (full 17):
 par new generation   total 9216K, used 8590K [0x00000000e3400000, 0x00000000e3e00000, 0x00000000ecca0000)
  eden space 8192K, 100% used [0x00000000e3400000, 0x00000000e3c00000, 0x00000000e3c00000)
  from space 1024K,  38% used [0x00000000e3d00000, 0x00000000e3d63a98, 0x00000000e3e00000)
  to   space 1024K,   0% used [0x00000000e3c00000, 0x00000000e3c00000, 0x00000000e3d00000)
 concurrent mark-sweep generation total 30388K, used 18323K [0x00000000ecca0000, 0x00000000eea4d000, 0x0000000100000000)
 Metaspace       used 22985K, capacity 23666K, committed 23808K, reserved 1071104K
  class space    used 2833K, capacity 3013K, committed 3072K, reserved 1048576K
2020-11-07T19:55:25.123+0800: 8.273: [GC (Allocation Failure) 2020-11-07T19:55:25.123+0800: 8.273: [ParNew: 8590K->290K(9216K), 0.0058756 secs] 26913K->18613K(39604K), 0.0059606 secs] [Times: user=0.00 sys=0.00, real=0.01 secs] 
Heap after GC invocations=110 (full 17):
 par new generation   total 9216K, used 290K [0x00000000e3400000, 0x00000000e3e00000, 0x00000000ecca0000)
  eden space 8192K,   0% used [0x00000000e3400000, 0x00000000e3400000, 0x00000000e3c00000)
  from space 1024K,  28% used [0x00000000e3c00000, 0x00000000e3c48920, 0x00000000e3d00000)
  to   space 1024K,   0% used [0x00000000e3d00000, 0x00000000e3d00000, 0x00000000e3e00000)
 concurrent mark-sweep generation total 30388K, used 18323K [0x00000000ecca0000, 0x00000000eea4d000, 0x0000000100000000)
 Metaspace       used 22985K, capacity 23666K, committed 23808K, reserved 1071104K
  class space    used 2833K, capacity 3013K, committed 3072K, reserved 1048576K
}
2020-11-07T19:55:25.146+0800: 8.296: [CMS-concurrent-preclean: 0.005/0.026 secs] [Times: user=0.02 sys=0.01, real=0.03 secs] 
2020-11-07T19:55:25.146+0800: 8.296: [CMS-concurrent-abortable-preclean-start]
2020-11-07T19:55:25.156+0800: 8.306: [CMS-concurrent-abortable-preclean: 0.010/0.010 secs] [Times: user=0.01 sys=0.00, real=0.01 secs] 
2020-11-07T19:55:25.156+0800: 8.306: Application time: 0.0267761 seconds
2020-11-07T19:55:25.159+0800: 8.308: [GC (CMS Final Remark) [YG occupancy: 8001 K (9216 K)]2020-11-07T19:55:25.159+0800: 8.308: [Rescan (parallel) , 0.0166996 secs]2020-11-07T19:55:25.175+0800: 8.325: [weak refs processing, 0.0000407 secs]2020-11-07T19:55:25.175+0800: 8.325: [class unloading, 0.0036794 secs]2020-11-07T19:55:25.179+0800: 8.329: [scrub symbol table, 0.0056345 secs]2020-11-07T19:55:25.185+0800: 8.335: [scrub string table, 0.0004444 secs][1 CMS-remark: 18323K(30388K)] 26324K(39604K), 0.0266796 secs] [Times: user=0.03 sys=0.00, real=0.03 secs] 
2020-11-07T19:55:25.192+0800: 8.342: [CMS-concurrent-sweep-start]
2020-11-07T19:55:25.197+0800: 8.347: Application time: 0.0116503 seconds
{Heap before GC invocations=110 (full 17):
 par new generation   total 9216K, used 8482K [0x00000000e3400000, 0x00000000e3e00000, 0x00000000ecca0000)
  eden space 8192K, 100% used [0x00000000e3400000, 0x00000000e3c00000, 0x00000000e3c00000)
  from space 1024K,  28% used [0x00000000e3c00000, 0x00000000e3c48920, 0x00000000e3d00000)
  to   space 1024K,   0% used [0x00000000e3d00000, 0x00000000e3d00000, 0x00000000e3e00000)
 concurrent mark-sweep generation total 30388K, used 18318K [0x00000000ecca0000, 0x00000000eea4d000, 0x0000000100000000)
 Metaspace       used 23099K, capacity 23730K, committed 24064K, reserved 1071104K
  class space    used 2843K, capacity 3013K, committed 3072K, reserved 1048576K
2020-11-07T19:55:25.197+0800: 8.347: [GC (Allocation Failure) 2020-11-07T19:55:25.197+0800: 8.347: [ParNew: 8482K->423K(9216K), 0.0045775 secs] 26800K->18769K(39604K), 0.0046433 secs] [Times: user=0.00 sys=0.00, real=0.00 secs] 
Heap after GC invocations=111 (full 17):
 par new generation   total 9216K, used 423K [0x00000000e3400000, 0x00000000e3e00000, 0x00000000ecca0000)
  eden space 8192K,   0% used [0x00000000e3400000, 0x00000000e3400000, 0x00000000e3c00000)
  from space 1024K,  41% used [0x00000000e3d00000, 0x00000000e3d69fb8, 0x00000000e3e00000)
  to   space 1024K,   0% used [0x00000000e3c00000, 0x00000000e3c00000, 0x00000000e3d00000)
 concurrent mark-sweep generation total 30388K, used 18345K [0x00000000ecca0000, 0x00000000eea4d000, 0x0000000100000000)
 Metaspace       used 23099K, capacity 23730K, committed 24064K, reserved 1071104K
  class space    used 2843K, capacity 3013K, committed 3072K, reserved 1048576K
}
2020-11-07T19:55:25.219+0800: 8.369: [CMS-concurrent-sweep: 0.008/0.027 secs] [Times: user=0.03 sys=0.00, real=0.03 secs] 
2020-11-07T19:55:25.219+0800: 8.369: [CMS-concurrent-reset-start]
2020-11-07T19:55:25.221+0800: 8.370: [CMS-concurrent-reset: 0.001/0.001 secs] [Times: user=0.00 sys=0.00, real=0.00 secs] 
2020-11-07T19:55:25.229+0800: 8.379: Application time: 0.0276202 seconds
2020-11-07T19:55:25.236+0800: 8.386: Application time: 0.0065880 seconds
{Heap before GC invocations=111 (full 17):
 par new generation   total 9216K, used 8615K [0x00000000e3400000, 0x00000000e3e00000, 0x00000000ecca0000)
  eden space 8192K, 100% used [0x00000000e3400000, 0x00000000e3c00000, 0x00000000e3c00000)
  from space 1024K,  41% used [0x00000000e3d00000, 0x00000000e3d69fb8, 0x00000000e3e00000)
  to   space 1024K,   0% used [0x00000000e3c00000, 0x00000000e3c00000, 0x00000000e3d00000)
 concurrent mark-sweep generation total 30580K, used 18326K [0x00000000ecca0000, 0x00000000eea7d000, 0x0000000100000000)
 Metaspace       used 23231K, capacity 23894K, committed 24064K, reserved 1071104K
  class space    used 2861K, capacity 3047K, committed 3072K, reserved 1048576K
2020-11-07T19:55:25.237+0800: 8.386: [GC (Allocation Failure) 2020-11-07T19:55:25.237+0800: 8.386: [ParNew: 8615K->479K(9216K), 0.0161519 secs] 26942K->18846K(39796K), 0.0162308 secs] [Times: user=0.01 sys=0.00, real=0.01 secs] 
Heap after GC invocations=112 (full 17):
 par new generation   total 9216K, used 479K [0x00000000e3400000, 0x00000000e3e00000, 0x00000000ecca0000)
  eden space 8192K,   0% used [0x00000000e3400000, 0x00000000e3400000, 0x00000000e3c00000)
  from space 1024K,  46% used [0x00000000e3c00000, 0x00000000e3c77e30, 0x00000000e3d00000)
  to   space 1024K,   0% used [0x00000000e3d00000, 0x00000000e3d00000, 0x00000000e3e00000)
 concurrent mark-sweep generation total 30580K, used 18366K [0x00000000ecca0000, 0x00000000eea7d000, 0x0000000100000000)
 Metaspace       used 23231K, capacity 23894K, committed 24064K, reserved 1071104K
  class space    used 2861K, capacity 3047K, committed 3072K, reserved 1048576K
}
2020-11-07T19:55:25.266+0800: 8.415: Application time: 0.0126908 seconds
2020-11-07T19:55:25.266+0800: 8.416: [GC (CMS Initial Mark) [1 CMS-initial-mark: 18366K(30580K)] 21395K(39796K), 0.0036250 secs] [Times: user=0.01 sys=0.00, real=0.00 secs] 
2020-11-07T19:55:25.270+0800: 8.419: [CMS-concurrent-mark-start]
2020-11-07T19:55:25.278+0800: 8.428: Application time: 0.0085694 seconds
2020-11-07T19:55:25.292+0800: 8.441: Application time: 0.0132215 seconds
2020-11-07T19:55:25.310+0800: 8.460: Application time: 0.0184609 seconds
{Heap before GC invocations=112 (full 18):
 par new generation   total 9216K, used 8671K [0x00000000e3400000, 0x00000000e3e00000, 0x00000000ecca0000)
  eden space 8192K, 100% used [0x00000000e3400000, 0x00000000e3c00000, 0x00000000e3c00000)
  from space 1024K,  46% used [0x00000000e3c00000, 0x00000000e3c77e30, 0x00000000e3d00000)
  to   space 1024K,   0% used [0x00000000e3d00000, 0x00000000e3d00000, 0x00000000e3e00000)
 concurrent mark-sweep generation total 30580K, used 18366K [0x00000000ecca0000, 0x00000000eea7d000, 0x0000000100000000)
 Metaspace       used 23459K, capacity 24120K, committed 24448K, reserved 1071104K
  class space    used 2888K, capacity 3080K, committed 3200K, reserved 1048576K
2020-11-07T19:55:25.310+0800: 8.460: [GC (Allocation Failure) 2020-11-07T19:55:25.310+0800: 8.460: [ParNew: 8671K->520K(9216K), 0.0052474 secs] 27038K->18904K(39796K), 0.0053134 secs] [Times: user=0.00 sys=0.00, real=0.01 secs] 
Heap after GC invocations=113 (full 18):
 par new generation   total 9216K, used 520K [0x00000000e3400000, 0x00000000e3e00000, 0x00000000ecca0000)
  eden space 8192K,   0% used [0x00000000e3400000, 0x00000000e3400000, 0x00000000e3c00000)
  from space 1024K,  50% used [0x00000000e3d00000, 0x00000000e3d823a8, 0x00000000e3e00000)
  to   space 1024K,   0% used [0x00000000e3c00000, 0x00000000e3c00000, 0x00000000e3d00000)
 concurrent mark-sweep generation total 30580K, used 18383K [0x00000000ecca0000, 0x00000000eea7d000, 0x0000000100000000)
 Metaspace       used 23459K, capacity 24120K, committed 24448K, reserved 1071104K
  class space    used 2888K, capacity 3080K, committed 3200K, reserved 1048576K
}
2020-11-07T19:55:25.390+0800: 8.539: Application time: 0.0739799 seconds
{Heap before GC invocations=113 (full 18):
 par new generation   total 9216K, used 8712K [0x00000000e3400000, 0x00000000e3e00000, 0x00000000ecca0000)
  eden space 8192K, 100% used [0x00000000e3400000, 0x00000000e3c00000, 0x00000000e3c00000)
  from space 1024K,  50% used [0x00000000e3d00000, 0x00000000e3d823a8, 0x00000000e3e00000)
  to   space 1024K,   0% used [0x00000000e3c00000, 0x00000000e3c00000, 0x00000000e3d00000)
 concurrent mark-sweep generation total 30580K, used 18383K [0x00000000ecca0000, 0x00000000eea7d000, 0x0000000100000000)
 Metaspace       used 23613K, capacity 24282K, committed 24448K, reserved 1071104K
  class space    used 2903K, capacity 3123K, committed 3200K, reserved 1048576K
2020-11-07T19:55:25.390+0800: 8.540: [GC (Allocation Failure) 2020-11-07T19:55:25.390+0800: 8.540: [ParNew: 8712K->595K(9216K), 0.0052401 secs] 27096K->19010K(39796K), 0.0052869 secs] [Times: user=0.01 sys=0.00, real=0.01 secs] 
Heap after GC invocations=114 (full 18):
 par new generation   total 9216K, used 595K [0x00000000e3400000, 0x00000000e3e00000, 0x00000000ecca0000)
  eden space 8192K,   0% used [0x00000000e3400000, 0x00000000e3400000, 0x00000000e3c00000)
  from space 1024K,  58% used [0x00000000e3c00000, 0x00000000e3c94e40, 0x00000000e3d00000)
  to   space 1024K,   0% used [0x00000000e3d00000, 0x00000000e3d00000, 0x00000000e3e00000)
 concurrent mark-sweep generation total 30580K, used 18414K [0x00000000ecca0000, 0x00000000eea7d000, 0x0000000100000000)
 Metaspace       used 23613K, capacity 24282K, committed 24448K, reserved 1071104K
  class space    used 2903K, capacity 3123K, committed 3200K, reserved 1048576K
}
2020-11-07T19:55:25.401+0800: 8.551: [CMS-concurrent-mark: 0.114/0.131 secs] [Times: user=0.12 sys=0.00, real=0.13 secs] 
2020-11-07T19:55:25.401+0800: 8.551: [CMS-concurrent-preclean-start]
2020-11-07T19:55:25.420+0800: 8.569: [CMS-concurrent-preclean: 0.019/0.019 secs] [Times: user=0.02 sys=0.00, real=0.02 secs] 
2020-11-07T19:55:25.420+0800: 8.569: [CMS-concurrent-abortable-preclean-start]
2020-11-07T19:55:25.664+0800: 8.814: [CMS-concurrent-abortable-preclean: 0.019/0.245 secs] [Times: user=0.23 sys=0.01, real=0.24 secs] 
2020-11-07T19:55:25.664+0800: 8.814: Application time: 0.2685739 seconds
2020-11-07T19:55:25.885+0800: 9.035: [GC (CMS Final Remark) [YG occupancy: 6474 K (9216 K)]2020-11-07T19:55:25.885+0800: 9.035: [Rescan (parallel) , 0.0059622 secs]2020-11-07T19:55:25.891+0800: 9.041: [weak refs processing, 0.0020271 secs]2020-11-07T19:55:25.893+0800: 9.043: [class unloading, 0.0047367 secs]2020-11-07T19:55:25.898+0800: 9.048: [scrub symbol table, 0.0060141 secs]2020-11-07T19:55:25.904+0800: 9.054: [scrub string table, 0.0005032 secs][1 CMS-remark: 18414K(30580K)] 24889K(39796K), 0.0194781 secs] [Times: user=0.02 sys=0.00, real=0.02 secs] 
2020-11-07T19:55:25.923+0800: 9.073: [CMS-concurrent-sweep-start]
2020-11-07T19:55:25.942+0800: 9.092: Application time: 0.0375772 seconds
{Heap before GC invocations=114 (full 18):
 par new generation   total 9216K, used 8787K [0x00000000e3400000, 0x00000000e3e00000, 0x00000000ecca0000)
  eden space 8192K, 100% used [0x00000000e3400000, 0x00000000e3c00000, 0x00000000e3c00000)
  from space 1024K,  58% used [0x00000000e3c00000, 0x00000000e3c94e40, 0x00000000e3d00000)
  to   space 1024K,   0% used [0x00000000e3d00000, 0x00000000e3d00000, 0x00000000e3e00000)
 concurrent mark-sweep generation total 30580K, used 18412K [0x00000000ecca0000, 0x00000000eea7d000, 0x0000000100000000)
 Metaspace       used 23798K, capacity 24480K, committed 24704K, reserved 1071104K
  class space    used 2914K, capacity 3124K, committed 3200K, reserved 1048576K
2020-11-07T19:55:25.943+0800: 9.092: [GC (Allocation Failure) 2020-11-07T19:55:25.943+0800: 9.092: [ParNew: 8787K->711K(9216K), 0.0235560 secs] 27200K->19149K(39796K), 0.0236450 secs] [Times: user=0.02 sys=0.00, real=0.03 secs] 
Heap after GC invocations=115 (full 18):
 par new generation   total 9216K, used 711K [0x00000000e3400000, 0x00000000e3e00000, 0x00000000ecca0000)
  eden space 8192K,   0% used [0x00000000e3400000, 0x00000000e3400000, 0x00000000e3c00000)
  from space 1024K,  69% used [0x00000000e3d00000, 0x00000000e3db1f80, 0x00000000e3e00000)
  to   space 1024K,   0% used [0x00000000e3c00000, 0x00000000e3c00000, 0x00000000e3d00000)
 concurrent mark-sweep generation total 30580K, used 18438K [0x00000000ecca0000, 0x00000000eea7d000, 0x0000000100000000)
 Metaspace       used 23798K, capacity 24480K, committed 24704K, reserved 1071104K
  class space    used 2914K, capacity 3124K, committed 3200K, reserved 1048576K
}
2020-11-07T19:55:25.978+0800: 9.128: [CMS-concurrent-sweep: 0.021/0.055 secs] [Times: user=0.05 sys=0.00, real=0.06 secs] 
2020-11-07T19:55:25.978+0800: 9.128: [CMS-concurrent-reset-start]
2020-11-07T19:55:25.979+0800: 9.129: [CMS-concurrent-reset: 0.001/0.001 secs] [Times: user=0.00 sys=0.00, real=0.00 secs] 
2020-11-07T19:55:26.041+0800: 9.191: Application time: 0.0745780 seconds
{Heap before GC invocations=115 (full 18):
 par new generation   total 9216K, used 8903K [0x00000000e3400000, 0x00000000e3e00000, 0x00000000ecca0000)
  eden space 8192K, 100% used [0x00000000e3400000, 0x00000000e3c00000, 0x00000000e3c00000)
  from space 1024K,  69% used [0x00000000e3d00000, 0x00000000e3db1f80, 0x00000000e3e00000)
  to   space 1024K,   0% used [0x00000000e3c00000, 0x00000000e3c00000, 0x00000000e3d00000)
 concurrent mark-sweep generation total 30772K, used 18428K [0x00000000ecca0000, 0x00000000eeaad000, 0x0000000100000000)
 Metaspace       used 23941K, capacity 24650K, committed 24960K, reserved 1071104K
  class space    used 2927K, capacity 3131K, committed 3200K, reserved 1048576K
2020-11-07T19:55:26.042+0800: 9.191: [GC (Allocation Failure) 2020-11-07T19:55:26.042+0800: 9.191: [ParNew: 8903K->754K(9216K), 0.0162572 secs] 27332K->19288K(39988K), 0.0163305 secs] [Times: user=0.02 sys=0.00, real=0.02 secs] 
Heap after GC invocations=116 (full 18):
 par new generation   total 9216K, used 754K [0x00000000e3400000, 0x00000000e3e00000, 0x00000000ecca0000)
  eden space 8192K,   0% used [0x00000000e3400000, 0x00000000e3400000, 0x00000000e3c00000)
  from space 1024K,  73% used [0x00000000e3c00000, 0x00000000e3cbca00, 0x00000000e3d00000)
  to   space 1024K,   0% used [0x00000000e3d00000, 0x00000000e3d00000, 0x00000000e3e00000)
 concurrent mark-sweep generation total 30772K, used 18534K [0x00000000ecca0000, 0x00000000eeaad000, 0x0000000100000000)
 Metaspace       used 23941K, capacity 24650K, committed 24960K, reserved 1071104K
  class space    used 2927K, capacity 3131K, committed 3200K, reserved 1048576K
}
2020-11-07T19:55:26.073+0800: 9.222: Application time: 0.0144591 seconds
2020-11-07T19:55:26.073+0800: 9.222: [GC (CMS Initial Mark) [1 CMS-initial-mark: 18534K(30772K)] 22018K(39988K), 0.0037299 secs] [Times: user=0.00 sys=0.00, real=0.01 secs] 
2020-11-07T19:55:26.077+0800: 9.227: [CMS-concurrent-mark-start]
2020-11-07T19:55:26.177+0800: 9.327: Application time: 0.1004649 seconds
{Heap before GC invocations=116 (full 19):
 par new generation   total 9216K, used 8946K [0x00000000e3400000, 0x00000000e3e00000, 0x00000000ecca0000)
  eden space 8192K, 100% used [0x00000000e3400000, 0x00000000e3c00000, 0x00000000e3c00000)
  from space 1024K,  73% used [0x00000000e3c00000, 0x00000000e3cbca00, 0x00000000e3d00000)
  to   space 1024K,   0% used [0x00000000e3d00000, 0x00000000e3d00000, 0x00000000e3e00000)
 concurrent mark-sweep generation total 30772K, used 18534K [0x00000000ecca0000, 0x00000000eeaad000, 0x0000000100000000)
 Metaspace       used 24043K, capacity 24788K, committed 24960K, reserved 1071104K
  class space    used 2943K, capacity 3174K, committed 3200K, reserved 1048576K
2020-11-07T19:55:26.177+0800: 9.327: [GC (Allocation Failure) 2020-11-07T19:55:26.177+0800: 9.327: [ParNew: 8946K->918K(9216K), 0.0227836 secs] 27480K->19563K(39988K), 0.0228769 secs] [Times: user=0.02 sys=0.00, real=0.02 secs] 
Heap after GC invocations=117 (full 19):
 par new generation   total 9216K, used 918K [0x00000000e3400000, 0x00000000e3e00000, 0x00000000ecca0000)
  eden space 8192K,   0% used [0x00000000e3400000, 0x00000000e3400000, 0x00000000e3c00000)
  from space 1024K,  89% used [0x00000000e3d00000, 0x00000000e3de5928, 0x00000000e3e00000)
  to   space 1024K,   0% used [0x00000000e3c00000, 0x00000000e3c00000, 0x00000000e3d00000)
 concurrent mark-sweep generation total 30772K, used 18645K [0x00000000ecca0000, 0x00000000eeaad000, 0x0000000100000000)
 Metaspace       used 24043K, capacity 24788K, committed 24960K, reserved 1071104K
  class space    used 2943K, capacity 3174K, committed 3200K, reserved 1048576K
}
2020-11-07T19:55:26.275+0800: 9.425: [CMS-concurrent-mark: 0.174/0.198 secs] [Times: user=0.18 sys=0.00, real=0.20 secs] 
2020-11-07T19:55:26.275+0800: 9.425: [CMS-concurrent-preclean-start]
2020-11-07T19:55:26.277+0800: 9.426: [CMS-concurrent-preclean: 0.002/0.002 secs] [Times: user=0.01 sys=0.00, real=0.00 secs] 
2020-11-07T19:55:26.277+0800: 9.427: [CMS-concurrent-abortable-preclean-start]
2020-11-07T19:55:26.365+0800: 9.515: Application time: 0.1653386 seconds
{Heap before GC invocations=117 (full 19):
 par new generation   total 9216K, used 9110K [0x00000000e3400000, 0x00000000e3e00000, 0x00000000ecca0000)
  eden space 8192K, 100% used [0x00000000e3400000, 0x00000000e3c00000, 0x00000000e3c00000)
  from space 1024K,  89% used [0x00000000e3d00000, 0x00000000e3de5928, 0x00000000e3e00000)
  to   space 1024K,   0% used [0x00000000e3c00000, 0x00000000e3c00000, 0x00000000e3d00000)
 concurrent mark-sweep generation total 30772K, used 18645K [0x00000000ecca0000, 0x00000000eeaad000, 0x0000000100000000)
 Metaspace       used 24655K, capacity 25428K, committed 25600K, reserved 1071104K
  class space    used 3010K, capacity 3212K, committed 3328K, reserved 1048576K
2020-11-07T19:55:26.366+0800: 9.515: [GC (Allocation Failure) 2020-11-07T19:55:26.366+0800: 9.515: [ParNew: 9110K->1023K(9216K), 0.0305873 secs] 27755K->19935K(39988K), 0.0306687 secs] [Times: user=0.03 sys=0.00, real=0.03 secs] 
Heap after GC invocations=118 (full 19):
 par new generation   total 9216K, used 1023K [0x00000000e3400000, 0x00000000e3e00000, 0x00000000ecca0000)
  eden space 8192K,   0% used [0x00000000e3400000, 0x00000000e3400000, 0x00000000e3c00000)
  from space 1024K,  99% used [0x00000000e3c00000, 0x00000000e3cfffa0, 0x00000000e3d00000)
  to   space 1024K,   0% used [0x00000000e3d00000, 0x00000000e3d00000, 0x00000000e3e00000)
 concurrent mark-sweep generation total 30772K, used 18911K [0x00000000ecca0000, 0x00000000eeaad000, 0x0000000100000000)
 Metaspace       used 24655K, capacity 25428K, committed 25600K, reserved 1071104K
  class space    used 3010K, capacity 3212K, committed 3328K, reserved 1048576K
}
2020-11-07T19:55:26.414+0800: 9.564: Application time: 0.0180605 seconds
2020-11-07T19:55:26.524+0800: 9.673: Application time: 0.1091902 seconds
{Heap before GC invocations=118 (full 19):
 par new generation   total 9216K, used 9215K [0x00000000e3400000, 0x00000000e3e00000, 0x00000000ecca0000)
  eden space 8192K, 100% used [0x00000000e3400000, 0x00000000e3c00000, 0x00000000e3c00000)
  from space 1024K,  99% used [0x00000000e3c00000, 0x00000000e3cfffa0, 0x00000000e3d00000)
  to   space 1024K,   0% used [0x00000000e3d00000, 0x00000000e3d00000, 0x00000000e3e00000)
 concurrent mark-sweep generation total 30772K, used 18911K [0x00000000ecca0000, 0x00000000eeaad000, 0x0000000100000000)
 Metaspace       used 24992K, capacity 25690K, committed 25856K, reserved 1071104K
  class space    used 3063K, capacity 3255K, committed 3328K, reserved 1048576K
2020-11-07T19:55:26.533+0800: 9.683: [GC (Allocation Failure) 2020-11-07T19:55:26.533+0800: 9.683: [ParNew: 9215K->772K(9216K), 0.0228934 secs] 28127K->19836K(39988K), 0.0229827 secs] [Times: user=0.03 sys=0.00, real=0.03 secs] 
Heap after GC invocations=119 (full 19):
 par new generation   total 9216K, used 772K [0x00000000e3400000, 0x00000000e3e00000, 0x00000000ecca0000)
  eden space 8192K,   0% used [0x00000000e3400000, 0x00000000e3400000, 0x00000000e3c00000)
  from space 1024K,  75% used [0x00000000e3d00000, 0x00000000e3dc1108, 0x00000000e3e00000)
  to   space 1024K,   0% used [0x00000000e3c00000, 0x00000000e3c00000, 0x00000000e3d00000)
 concurrent mark-sweep generation total 30772K, used 19064K [0x00000000ecca0000, 0x00000000eeaad000, 0x0000000100000000)
 Metaspace       used 24992K, capacity 25690K, committed 25856K, reserved 1071104K
  class space    used 3063K, capacity 3255K, committed 3328K, reserved 1048576K
}
2020-11-07T19:55:26.597+0800: 9.746: [CMS-concurrent-abortable-preclean: 0.148/0.320 secs] [Times: user=0.30 sys=0.01, real=0.32 secs] 
2020-11-07T19:55:26.604+0800: 9.754: Application time: 0.0476771 seconds
2020-11-07T19:55:26.604+0800: 9.754: [GC (CMS Final Remark) [YG occupancy: 6050 K (9216 K)]2020-11-07T19:55:26.604+0800: 9.754: [Rescan (parallel) , 0.0226743 secs]2020-11-07T19:55:26.627+0800: 9.777: [weak refs processing, 0.0010163 secs]2020-11-07T19:55:26.628+0800: 9.778: [class unloading, 0.0062162 secs]2020-11-07T19:55:26.634+0800: 9.784: [scrub symbol table, 0.0079175 secs]2020-11-07T19:55:26.642+0800: 9.792: [scrub string table, 0.0006286 secs][1 CMS-remark: 19064K(30772K)] 25114K(39988K), 0.0387388 secs] [Times: user=0.04 sys=0.00, real=0.04 secs] 
2020-11-07T19:55:26.653+0800: 9.803: [CMS-concurrent-sweep-start]
2020-11-07T19:55:26.676+0800: 9.826: Application time: 0.0329479 seconds
{Heap before GC invocations=119 (full 19):
 par new generation   total 9216K, used 8964K [0x00000000e3400000, 0x00000000e3e00000, 0x00000000ecca0000)
  eden space 8192K, 100% used [0x00000000e3400000, 0x00000000e3c00000, 0x00000000e3c00000)
  from space 1024K,  75% used [0x00000000e3d00000, 0x00000000e3dc1108, 0x00000000e3e00000)
  to   space 1024K,   0% used [0x00000000e3c00000, 0x00000000e3c00000, 0x00000000e3d00000)
 concurrent mark-sweep generation total 30772K, used 19062K [0x00000000ecca0000, 0x00000000eeaad000, 0x0000000100000000)
 Metaspace       used 25269K, capacity 26010K, committed 26112K, reserved 1073152K
  class space    used 3099K, capacity 3319K, committed 3328K, reserved 1048576K
2020-11-07T19:55:26.676+0800: 9.826: [GC (Allocation Failure) 2020-11-07T19:55:26.676+0800: 9.826: [ParNew: 8964K->808K(9216K), 0.0351364 secs] 28027K->20062K(39988K), 0.0352252 secs] [Times: user=0.03 sys=0.01, real=0.03 secs] 
Heap after GC invocations=120 (full 19):
 par new generation   total 9216K, used 808K [0x00000000e3400000, 0x00000000e3e00000, 0x00000000ecca0000)
  eden space 8192K,   0% used [0x00000000e3400000, 0x00000000e3400000, 0x00000000e3c00000)
  from space 1024K,  78% used [0x00000000e3c00000, 0x00000000e3cca0c8, 0x00000000e3d00000)
  to   space 1024K,   0% used [0x00000000e3d00000, 0x00000000e3d00000, 0x00000000e3e00000)
 concurrent mark-sweep generation total 30772K, used 19254K [0x00000000ecca0000, 0x00000000eeaad000, 0x0000000100000000)
 Metaspace       used 25269K, capacity 26010K, committed 26112K, reserved 1073152K
  class space    used 3099K, capacity 3319K, committed 3328K, reserved 1048576K
}
2020-11-07T19:55:26.716+0800: 9.866: [CMS-concurrent-sweep: 0.028/0.063 secs] [Times: user=0.05 sys=0.01, real=0.07 secs] 
2020-11-07T19:55:26.722+0800: 9.872: [CMS-concurrent-reset-start]
2020-11-07T19:55:26.723+0800: 9.873: [CMS-concurrent-reset: 0.001/0.001 secs] [Times: user=0.00 sys=0.00, real=0.00 secs] 
2020-11-07T19:55:26.740+0800: 9.890: Application time: 0.0286014 seconds
{Heap before GC invocations=120 (full 19):
 par new generation   total 9216K, used 9000K [0x00000000e3400000, 0x00000000e3e00000, 0x00000000ecca0000)
  eden space 8192K, 100% used [0x00000000e3400000, 0x00000000e3c00000, 0x00000000e3c00000)
  from space 1024K,  78% used [0x00000000e3c00000, 0x00000000e3cca0c8, 0x00000000e3d00000)
  to   space 1024K,   0% used [0x00000000e3d00000, 0x00000000e3d00000, 0x00000000e3e00000)
 concurrent mark-sweep generation total 32052K, used 19228K [0x00000000ecca0000, 0x00000000eebed000, 0x0000000100000000)
 Metaspace       used 25311K, capacity 26074K, committed 26112K, reserved 1073152K
  class space    used 3107K, capacity 3319K, committed 3328K, reserved 1048576K
2020-11-07T19:55:26.740+0800: 9.890: [GC (Allocation Failure) 2020-11-07T19:55:26.740+0800: 9.890: [ParNew: 9000K->509K(9216K), 0.0335692 secs] 28229K->19933K(41268K), 0.0336606 secs] [Times: user=0.03 sys=0.00, real=0.03 secs] 
Heap after GC invocations=121 (full 19):
 par new generation   total 9216K, used 509K [0x00000000e3400000, 0x00000000e3e00000, 0x00000000ecca0000)
  eden space 8192K,   0% used [0x00000000e3400000, 0x00000000e3400000, 0x00000000e3c00000)
  from space 1024K,  49% used [0x00000000e3d00000, 0x00000000e3d7f690, 0x00000000e3e00000)
  to   space 1024K,   0% used [0x00000000e3c00000, 0x00000000e3c00000, 0x00000000e3d00000)
 concurrent mark-sweep generation total 32052K, used 19423K [0x00000000ecca0000, 0x00000000eebed000, 0x0000000100000000)
 Metaspace       used 25311K, capacity 26074K, committed 26112K, reserved 1073152K
  class space    used 3107K, capacity 3319K, committed 3328K, reserved 1048576K
}
2020-11-07T19:55:26.784+0800: 9.933: Application time: 0.0095375 seconds
2020-11-07T19:55:26.788+0800: 9.937: [GC (CMS Initial Mark) [1 CMS-initial-mark: 19423K(32052K)] 21507K(41268K), 0.0032748 secs] [Times: user=0.00 sys=0.00, real=0.00 secs] 
2020-11-07T19:55:26.791+0800: 9.941: [CMS-concurrent-mark-start]
2020-11-07T19:55:26.830+0800: 9.980: Application time: 0.0394414 seconds
{Heap before GC invocations=121 (full 20):
 par new generation   total 9216K, used 8701K [0x00000000e3400000, 0x00000000e3e00000, 0x00000000ecca0000)
  eden space 8192K, 100% used [0x00000000e3400000, 0x00000000e3c00000, 0x00000000e3c00000)
  from space 1024K,  49% used [0x00000000e3d00000, 0x00000000e3d7f690, 0x00000000e3e00000)
  to   space 1024K,   0% used [0x00000000e3c00000, 0x00000000e3c00000, 0x00000000e3d00000)
 concurrent mark-sweep generation total 32052K, used 19423K [0x00000000ecca0000, 0x00000000eebed000, 0x0000000100000000)
 Metaspace       used 25378K, capacity 26138K, committed 26368K, reserved 1073152K
  class space    used 3117K, capacity 3319K, committed 3328K, reserved 1048576K
2020-11-07T19:55:26.831+0800: 9.980: [GC (Allocation Failure) 2020-11-07T19:55:26.831+0800: 9.980: [ParNew: 8701K->382K(9216K), 0.0234139 secs] 28125K->19805K(41268K), 0.0234904 secs] [Times: user=0.02 sys=0.00, real=0.02 secs] 
Heap after GC invocations=122 (full 20):
 par new generation   total 9216K, used 382K [0x00000000e3400000, 0x00000000e3e00000, 0x00000000ecca0000)
  eden space 8192K,   0% used [0x00000000e3400000, 0x00000000e3400000, 0x00000000e3c00000)
  from space 1024K,  37% used [0x00000000e3c00000, 0x00000000e3c5f810, 0x00000000e3d00000)
  to   space 1024K,   0% used [0x00000000e3d00000, 0x00000000e3d00000, 0x00000000e3e00000)
 concurrent mark-sweep generation total 32052K, used 19423K [0x00000000ecca0000, 0x00000000eebed000, 0x0000000100000000)
 Metaspace       used 25378K, capacity 26138K, committed 26368K, reserved 1073152K
  class space    used 3117K, capacity 3319K, committed 3328K, reserved 1048576K
}
2020-11-07T19:55:26.885+0800: 10.035: Application time: 0.0310429 seconds
{Heap before GC invocations=122 (full 20):
 par new generation   total 9216K, used 8574K [0x00000000e3400000, 0x00000000e3e00000, 0x00000000ecca0000)
  eden space 8192K, 100% used [0x00000000e3400000, 0x00000000e3c00000, 0x00000000e3c00000)
  from space 1024K,  37% used [0x00000000e3c00000, 0x00000000e3c5f810, 0x00000000e3d00000)
  to   space 1024K,   0% used [0x00000000e3d00000, 0x00000000e3d00000, 0x00000000e3e00000)
 concurrent mark-sweep generation total 32052K, used 19423K [0x00000000ecca0000, 0x00000000eebed000, 0x0000000100000000)
 Metaspace       used 25480K, capacity 26234K, committed 26496K, reserved 1073152K
  class space    used 3130K, capacity 3351K, committed 3456K, reserved 1048576K
2020-11-07T19:55:26.885+0800: 10.035: [GC (Allocation Failure) 2020-11-07T19:55:26.885+0800: 10.035: [ParNew: 8574K->480K(9216K), 0.0141904 secs] 27997K->19904K(41268K), 0.0142520 secs] [Times: user=0.02 sys=0.00, real=0.01 secs] 
Heap after GC invocations=123 (full 20):
 par new generation   total 9216K, used 480K [0x00000000e3400000, 0x00000000e3e00000, 0x00000000ecca0000)
  eden space 8192K,   0% used [0x00000000e3400000, 0x00000000e3400000, 0x00000000e3c00000)
  from space 1024K,  46% used [0x00000000e3d00000, 0x00000000e3d782d8, 0x00000000e3e00000)
  to   space 1024K,   0% used [0x00000000e3c00000, 0x00000000e3c00000, 0x00000000e3d00000)
 concurrent mark-sweep generation total 32052K, used 19423K [0x00000000ecca0000, 0x00000000eebed000, 0x0000000100000000)
 Metaspace       used 25480K, capacity 26234K, committed 26496K, reserved 1073152K
  class space    used 3130K, capacity 3351K, committed 3456K, reserved 1048576K
}
2020-11-07T19:55:26.912+0800: 10.062: [CMS-concurrent-mark: 0.083/0.121 secs] [Times: user=0.12 sys=0.00, real=0.12 secs] 
2020-11-07T19:55:26.912+0800: 10.062: [CMS-concurrent-preclean-start]
2020-11-07T19:55:26.914+0800: 10.063: [CMS-concurrent-preclean: 0.001/0.001 secs] [Times: user=0.00 sys=0.00, real=0.00 secs] 
2020-11-07T19:55:26.918+0800: 10.068: Application time: 0.0183085 seconds
2020-11-07T19:55:26.918+0800: 10.068: [GC (CMS Final Remark) [YG occupancy: 3812 K (9216 K)]2020-11-07T19:55:26.918+0800: 10.068: [Rescan (parallel) , 0.0043485 secs]2020-11-07T19:55:26.922+0800: 10.072: [weak refs processing, 0.0004844 secs]2020-11-07T19:55:26.923+0800: 10.073: [class unloading, 0.0066880 secs]2020-11-07T19:55:26.930+0800: 10.079: [scrub symbol table, 0.0075565 secs]2020-11-07T19:55:26.937+0800: 10.087: [scrub string table, 0.0004890 secs][1 CMS-remark: 19423K(32052K)] 23235K(41268K), 0.0197619 secs] [Times: user=0.02 sys=0.00, real=0.02 secs] 
2020-11-07T19:55:26.950+0800: 10.100: [CMS-concurrent-sweep-start]
2020-11-07T19:55:26.970+0800: 10.120: [CMS-concurrent-sweep: 0.020/0.020 secs] [Times: user=0.02 sys=0.00, real=0.02 secs] 
2020-11-07T19:55:26.970+0800: 10.120: [CMS-concurrent-reset-start]
2020-11-07T19:55:26.971+0800: 10.121: [CMS-concurrent-reset: 0.001/0.001 secs] [Times: user=0.00 sys=0.00, real=0.00 secs] 
2020-11-07T19:55:26.989+0800: 10.138: Application time: 0.0508504 seconds
{Heap before GC invocations=123 (full 20):
 par new generation   total 9216K, used 8672K [0x00000000e3400000, 0x00000000e3e00000, 0x00000000ecca0000)
  eden space 8192K, 100% used [0x00000000e3400000, 0x00000000e3c00000, 0x00000000e3c00000)
  from space 1024K,  46% used [0x00000000e3d00000, 0x00000000e3d782d8, 0x00000000e3e00000)
  to   space 1024K,   0% used [0x00000000e3c00000, 0x00000000e3c00000, 0x00000000e3d00000)
 concurrent mark-sweep generation total 32244K, used 19307K [0x00000000ecca0000, 0x00000000eec1d000, 0x0000000100000000)
 Metaspace       used 25583K, capacity 26332K, committed 26496K, reserved 1073152K
  class space    used 3138K, capacity 3346K, committed 3456K, reserved 1048576K
2020-11-07T19:55:26.989+0800: 10.138: [GC (Allocation Failure) 2020-11-07T19:55:26.989+0800: 10.138: [ParNew: 8672K->549K(9216K), 0.0159895 secs] 27979K->19856K(41460K), 0.0160718 secs] [Times: user=0.02 sys=0.00, real=0.02 secs] 
Heap after GC invocations=124 (full 20):
 par new generation   total 9216K, used 549K [0x00000000e3400000, 0x00000000e3e00000, 0x00000000ecca0000)
  eden space 8192K,   0% used [0x00000000e3400000, 0x00000000e3400000, 0x00000000e3c00000)
  from space 1024K,  53% used [0x00000000e3c00000, 0x00000000e3c89718, 0x00000000e3d00000)
  to   space 1024K,   0% used [0x00000000e3d00000, 0x00000000e3d00000, 0x00000000e3e00000)
 concurrent mark-sweep generation total 32244K, used 19307K [0x00000000ecca0000, 0x00000000eec1d000, 0x0000000100000000)
 Metaspace       used 25583K, capacity 26332K, committed 26496K, reserved 1073152K
  class space    used 3138K, capacity 3346K, committed 3456K, reserved 1048576K
}
2020-11-07T19:55:27.028+0800: 10.177: Application time: 0.0226845 seconds
{Heap before GC invocations=124 (full 20):
 par new generation   total 9216K, used 8741K [0x00000000e3400000, 0x00000000e3e00000, 0x00000000ecca0000)
  eden space 8192K, 100% used [0x00000000e3400000, 0x00000000e3c00000, 0x00000000e3c00000)
  from space 1024K,  53% used [0x00000000e3c00000, 0x00000000e3c89718, 0x00000000e3d00000)
  to   space 1024K,   0% used [0x00000000e3d00000, 0x00000000e3d00000, 0x00000000e3e00000)
 concurrent mark-sweep generation total 32244K, used 19307K [0x00000000ecca0000, 0x00000000eec1d000, 0x0000000100000000)
 Metaspace       used 25643K, capacity 26396K, committed 26752K, reserved 1073152K
  class space    used 3148K, capacity 3346K, committed 3456K, reserved 1048576K
2020-11-07T19:55:27.028+0800: 10.177: [GC (Allocation Failure) 2020-11-07T19:55:27.028+0800: 10.177: [ParNew: 8741K->428K(9216K), 0.0044267 secs] 28048K->19735K(41460K), 0.0044762 secs] [Times: user=0.00 sys=0.00, real=0.00 secs] 
Heap after GC invocations=125 (full 20):
 par new generation   total 9216K, used 428K [0x00000000e3400000, 0x00000000e3e00000, 0x00000000ecca0000)
  eden space 8192K,   0% used [0x00000000e3400000, 0x00000000e3400000, 0x00000000e3c00000)
  from space 1024K,  41% used [0x00000000e3d00000, 0x00000000e3d6b320, 0x00000000e3e00000)
  to   space 1024K,   0% used [0x00000000e3c00000, 0x00000000e3c00000, 0x00000000e3d00000)
 concurrent mark-sweep generation total 32244K, used 19307K [0x00000000ecca0000, 0x00000000eec1d000, 0x0000000100000000)
 Metaspace       used 25643K, capacity 26396K, committed 26752K, reserved 1073152K
  class space    used 3148K, capacity 3346K, committed 3456K, reserved 1048576K
}
2020-11-07T19:55:27.052+0800: 10.202: Application time: 0.0200104 seconds
{Heap before GC invocations=125 (full 20):
 par new generation   total 9216K, used 8620K [0x00000000e3400000, 0x00000000e3e00000, 0x00000000ecca0000)
  eden space 8192K, 100% used [0x00000000e3400000, 0x00000000e3c00000, 0x00000000e3c00000)
  from space 1024K,  41% used [0x00000000e3d00000, 0x00000000e3d6b320, 0x00000000e3e00000)
  to   space 1024K,   0% used [0x00000000e3c00000, 0x00000000e3c00000, 0x00000000e3d00000)
 concurrent mark-sweep generation total 32244K, used 19307K [0x00000000ecca0000, 0x00000000eec1d000, 0x0000000100000000)
 Metaspace       used 25700K, capacity 26396K, committed 26752K, reserved 1073152K
  class space    used 3158K, capacity 3346K, committed 3456K, reserved 1048576K
2020-11-07T19:55:27.052+0800: 10.202: [GC (Allocation Failure) 2020-11-07T19:55:27.052+0800: 10.202: [ParNew: 8620K->554K(9216K), 0.0171007 secs] 27927K->19862K(41460K), 0.0171581 secs] [Times: user=0.02 sys=0.00, real=0.02 secs] 
Heap after GC invocations=126 (full 20):
 par new generation   total 9216K, used 554K [0x00000000e3400000, 0x00000000e3e00000, 0x00000000ecca0000)
  eden space 8192K,   0% used [0x00000000e3400000, 0x00000000e3400000, 0x00000000e3c00000)
  from space 1024K,  54% used [0x00000000e3c00000, 0x00000000e3c8abb8, 0x00000000e3d00000)
  to   space 1024K,   0% used [0x00000000e3d00000, 0x00000000e3d00000, 0x00000000e3e00000)
 concurrent mark-sweep generation total 32244K, used 19307K [0x00000000ecca0000, 0x00000000eec1d000, 0x0000000100000000)
 Metaspace       used 25700K, capacity 26396K, committed 26752K, reserved 1073152K
  class space    used 3158K, capacity 3346K, committed 3456K, reserved 1048576K
}
2020-11-07T19:55:27.112+0800: 10.261: Application time: 0.0418871 seconds
{Heap before GC invocations=126 (full 20):
 par new generation   total 9216K, used 8746K [0x00000000e3400000, 0x00000000e3e00000, 0x00000000ecca0000)
  eden space 8192K, 100% used [0x00000000e3400000, 0x00000000e3c00000, 0x00000000e3c00000)
  from space 1024K,  54% used [0x00000000e3c00000, 0x00000000e3c8abb8, 0x00000000e3d00000)
  to   space 1024K,   0% used [0x00000000e3d00000, 0x00000000e3d00000, 0x00000000e3e00000)
 concurrent mark-sweep generation total 32244K, used 19307K [0x00000000ecca0000, 0x00000000eec1d000, 0x0000000100000000)
 Metaspace       used 25795K, capacity 26504K, committed 26752K, reserved 1073152K
  class space    used 3170K, capacity 3382K, committed 3456K, reserved 1048576K
2020-11-07T19:55:27.112+0800: 10.261: [GC (Allocation Failure) 2020-11-07T19:55:27.112+0800: 10.261: [ParNew: 8746K->625K(9216K), 0.0154279 secs] 28054K->19932K(41460K), 0.0154908 secs] [Times: user=0.01 sys=0.00, real=0.02 secs] 
Heap after GC invocations=127 (full 20):
 par new generation   total 9216K, used 625K [0x00000000e3400000, 0x00000000e3e00000, 0x00000000ecca0000)
  eden space 8192K,   0% used [0x00000000e3400000, 0x00000000e3400000, 0x00000000e3c00000)
  from space 1024K,  61% used [0x00000000e3d00000, 0x00000000e3d9c6c8, 0x00000000e3e00000)
  to   space 1024K,   0% used [0x00000000e3c00000, 0x00000000e3c00000, 0x00000000e3d00000)
 concurrent mark-sweep generation total 32244K, used 19307K [0x00000000ecca0000, 0x00000000eec1d000, 0x0000000100000000)
 Metaspace       used 25795K, capacity 26504K, committed 26752K, reserved 1073152K
  class space    used 3170K, capacity 3382K, committed 3456K, reserved 1048576K
}
2020-11-07T19:55:27.139+0800: 10.288: Application time: 0.0114487 seconds
{Heap before GC invocations=127 (full 20):
 par new generation   total 9216K, used 8817K [0x00000000e3400000, 0x00000000e3e00000, 0x00000000ecca0000)
  eden space 8192K, 100% used [0x00000000e3400000, 0x00000000e3c00000, 0x00000000e3c00000)
  from space 1024K,  61% used [0x00000000e3d00000, 0x00000000e3d9c6c8, 0x00000000e3e00000)
  to   space 1024K,   0% used [0x00000000e3c00000, 0x00000000e3c00000, 0x00000000e3d00000)
 concurrent mark-sweep generation total 32244K, used 19307K [0x00000000ecca0000, 0x00000000eec1d000, 0x0000000100000000)
 Metaspace       used 25801K, capacity 26568K, committed 26752K, reserved 1073152K
  class space    used 3170K, capacity 3382K, committed 3456K, reserved 1048576K
2020-11-07T19:55:27.139+0800: 10.289: [GC (Allocation Failure) 2020-11-07T19:55:27.139+0800: 10.289: [ParNew: 8817K->331K(9216K), 0.0056366 secs] 28124K->19783K(41460K), 0.0056842 secs] [Times: user=0.01 sys=0.00, real=0.01 secs] 
Heap after GC invocations=128 (full 20):
 par new generation   total 9216K, used 331K [0x00000000e3400000, 0x00000000e3e00000, 0x00000000ecca0000)
  eden space 8192K,   0% used [0x00000000e3400000, 0x00000000e3400000, 0x00000000e3c00000)
  from space 1024K,  32% used [0x00000000e3c00000, 0x00000000e3c52c38, 0x00000000e3d00000)
  to   space 1024K,   0% used [0x00000000e3d00000, 0x00000000e3d00000, 0x00000000e3e00000)
 concurrent mark-sweep generation total 32244K, used 19452K [0x00000000ecca0000, 0x00000000eec1d000, 0x0000000100000000)
 Metaspace       used 25801K, capacity 26568K, committed 26752K, reserved 1073152K
  class space    used 3170K, capacity 3382K, committed 3456K, reserved 1048576K
}
2020-11-07T19:55:27.155+0800: 10.305: Application time: 0.0103065 seconds
2020-11-07T19:55:27.155+0800: 10.305: [GC (CMS Initial Mark) [1 CMS-initial-mark: 19452K(32244K)] 26437K(41460K), 0.0050620 secs] [Times: user=0.00 sys=0.00, real=0.00 secs] 
2020-11-07T19:55:27.160+0800: 10.310: [CMS-concurrent-mark-start]
2020-11-07T19:55:27.190+0800: 10.339: Application time: 0.0294994 seconds
{Heap before GC invocations=128 (full 21):
 par new generation   total 9216K, used 8523K [0x00000000e3400000, 0x00000000e3e00000, 0x00000000ecca0000)
  eden space 8192K, 100% used [0x00000000e3400000, 0x00000000e3c00000, 0x00000000e3c00000)
  from space 1024K,  32% used [0x00000000e3c00000, 0x00000000e3c52c38, 0x00000000e3d00000)
  to   space 1024K,   0% used [0x00000000e3d00000, 0x00000000e3d00000, 0x00000000e3e00000)
 concurrent mark-sweep generation total 32244K, used 19452K [0x00000000ecca0000, 0x00000000eec1d000, 0x0000000100000000)
 Metaspace       used 25828K, capacity 26592K, committed 26752K, reserved 1073152K
  class space    used 3174K, capacity 3388K, committed 3456K, reserved 1048576K
2020-11-07T19:55:27.190+0800: 10.339: [GC (Allocation Failure) 2020-11-07T19:55:27.190+0800: 10.339: [ParNew: 8523K->274K(9216K), 0.0051581 secs] 27975K->19833K(41460K), 0.0052324 secs] [Times: user=0.01 sys=0.00, real=0.01 secs] 
Heap after GC invocations=129 (full 21):
 par new generation   total 9216K, used 274K [0x00000000e3400000, 0x00000000e3e00000, 0x00000000ecca0000)
  eden space 8192K,   0% used [0x00000000e3400000, 0x00000000e3400000, 0x00000000e3c00000)
  from space 1024K,  26% used [0x00000000e3d00000, 0x00000000e3d449c0, 0x00000000e3e00000)
  to   space 1024K,   0% used [0x00000000e3c00000, 0x00000000e3c00000, 0x00000000e3d00000)
 concurrent mark-sweep generation total 32244K, used 19559K [0x00000000ecca0000, 0x00000000eec1d000, 0x0000000100000000)
 Metaspace       used 25828K, capacity 26592K, committed 26752K, reserved 1073152K
  class space    used 3174K, capacity 3388K, committed 3456K, reserved 1048576K
}
2020-11-07T19:55:27.232+0800: 10.382: Application time: 0.0370107 seconds
{Heap before GC invocations=129 (full 21):
 par new generation   total 9216K, used 8466K [0x00000000e3400000, 0x00000000e3e00000, 0x00000000ecca0000)
  eden space 8192K, 100% used [0x00000000e3400000, 0x00000000e3c00000, 0x00000000e3c00000)
  from space 1024K,  26% used [0x00000000e3d00000, 0x00000000e3d449c0, 0x00000000e3e00000)
  to   space 1024K,   0% used [0x00000000e3c00000, 0x00000000e3c00000, 0x00000000e3d00000)
 concurrent mark-sweep generation total 32244K, used 19559K [0x00000000ecca0000, 0x00000000eec1d000, 0x0000000100000000)
 Metaspace       used 25852K, capacity 26598K, committed 26752K, reserved 1073152K
  class space    used 3178K, capacity 3389K, committed 3456K, reserved 1048576K
2020-11-07T19:55:27.232+0800: 10.382: [GC (Allocation Failure) 2020-11-07T19:55:27.232+0800: 10.382: [ParNew: 8466K->339K(9216K), 0.0043469 secs] 28025K->19909K(41460K), 0.0043951 secs] [Times: user=0.01 sys=0.00, real=0.01 secs] 
Heap after GC invocations=130 (full 21):
 par new generation   total 9216K, used 339K [0x00000000e3400000, 0x00000000e3e00000, 0x00000000ecca0000)
  eden space 8192K,   0% used [0x00000000e3400000, 0x00000000e3400000, 0x00000000e3c00000)
  from space 1024K,  33% used [0x00000000e3c00000, 0x00000000e3c54d18, 0x00000000e3d00000)
  to   space 1024K,   0% used [0x00000000e3d00000, 0x00000000e3d00000, 0x00000000e3e00000)
 concurrent mark-sweep generation total 32244K, used 19569K [0x00000000ecca0000, 0x00000000eec1d000, 0x0000000100000000)
 Metaspace       used 25852K, capacity 26598K, committed 26752K, reserved 1073152K
  class space    used 3178K, capacity 3389K, committed 3456K, reserved 1048576K
}
2020-11-07T19:55:27.261+0800: 10.411: [CMS-concurrent-mark: 0.084/0.101 secs] [Times: user=0.10 sys=0.00, real=0.10 secs] 
2020-11-07T19:55:27.261+0800: 10.411: Application time: 0.0244445 seconds
{Heap before GC invocations=130 (full 21):
 par new generation   total 9216K, used 8531K [0x00000000e3400000, 0x00000000e3e00000, 0x00000000ecca0000)
  eden space 8192K, 100% used [0x00000000e3400000, 0x00000000e3c00000, 0x00000000e3c00000)
  from space 1024K,  33% used [0x00000000e3c00000, 0x00000000e3c54d18, 0x00000000e3d00000)
  to   space 1024K,   0% used [0x00000000e3d00000, 0x00000000e3d00000, 0x00000000e3e00000)
 concurrent mark-sweep generation total 32244K, used 19569K [0x00000000ecca0000, 0x00000000eec1d000, 0x0000000100000000)
 Metaspace       used 25858K, capacity 26598K, committed 26752K, reserved 1073152K
  class space    used 3179K, capacity 3389K, committed 3456K, reserved 1048576K
2020-11-07T19:55:27.261+0800: 10.411: [GC (Allocation Failure) 2020-11-07T19:55:27.261+0800: 10.411: [ParNew: 8531K->275K(9216K), 0.0043745 secs] 28101K->19905K(41460K), 0.0044215 secs] [Times: user=0.01 sys=0.00, real=0.01 secs] 
Heap after GC invocations=131 (full 21):
 par new generation   total 9216K, used 275K [0x00000000e3400000, 0x00000000e3e00000, 0x00000000ecca0000)
  eden space 8192K,   0% used [0x00000000e3400000, 0x00000000e3400000, 0x00000000e3c00000)
  from space 1024K,  26% used [0x00000000e3d00000, 0x00000000e3d44ca0, 0x00000000e3e00000)
  to   space 1024K,   0% used [0x00000000e3c00000, 0x00000000e3c00000, 0x00000000e3d00000)
 concurrent mark-sweep generation total 32244K, used 19630K [0x00000000ecca0000, 0x00000000eec1d000, 0x0000000100000000)
 Metaspace       used 25858K, capacity 26598K, committed 26752K, reserved 1073152K
  class space    used 3179K, capacity 3389K, committed 3456K, reserved 1048576K
}
2020-11-07T19:55:27.266+0800: 10.415: [CMS-concurrent-preclean-start]
2020-11-07T19:55:27.267+0800: 10.417: [CMS-concurrent-preclean: 0.002/0.002 secs] [Times: user=0.00 sys=0.00, real=0.00 secs] 
2020-11-07T19:55:27.273+0800: 10.423: Application time: 0.0077542 seconds
2020-11-07T19:55:27.274+0800: 10.423: [GC (CMS Final Remark) [YG occupancy: 3545 K (9216 K)]2020-11-07T19:55:27.274+0800: 10.423: [Rescan (parallel) , 0.0167882 secs]2020-11-07T19:55:27.290+0800: 10.440: [weak refs processing, 0.0023119 secs]2020-11-07T19:55:27.293+0800: 10.442: [class unloading, 0.0066651 secs]2020-11-07T19:55:27.299+0800: 10.449: [scrub symbol table, 0.0093955 secs]2020-11-07T19:55:27.309+0800: 10.459: [scrub string table, 0.0007317 secs][1 CMS-remark: 19630K(32244K)] 23175K(41460K), 0.0361048 secs] [Times: user=0.04 sys=0.00, real=0.04 secs] 
2020-11-07T19:55:27.317+0800: 10.467: [CMS-concurrent-sweep-start]
2020-11-07T19:55:27.327+0800: 10.477: [CMS-concurrent-sweep: 0.010/0.010 secs] [Times: user=0.01 sys=0.00, real=0.01 secs] 
2020-11-07T19:55:27.327+0800: 10.477: [CMS-concurrent-reset-start]
2020-11-07T19:55:27.332+0800: 10.482: Application time: 0.0227407 seconds
{Heap before GC invocations=131 (full 21):
 par new generation   total 9216K, used 8467K [0x00000000e3400000, 0x00000000e3e00000, 0x00000000ecca0000)
  eden space 8192K, 100% used [0x00000000e3400000, 0x00000000e3c00000, 0x00000000e3c00000)
  from space 1024K,  26% used [0x00000000e3d00000, 0x00000000e3d44ca0, 0x00000000e3e00000)
  to   space 1024K,   0% used [0x00000000e3c00000, 0x00000000e3c00000, 0x00000000e3d00000)
 concurrent mark-sweep generation total 32692K, used 19614K [0x00000000ecca0000, 0x00000000eec8d000, 0x0000000100000000)
 Metaspace       used 25867K, capacity 26598K, committed 26752K, reserved 1073152K
  class space    used 3179K, capacity 3389K, committed 3456K, reserved 1048576K
2020-11-07T19:55:27.333+0800: 10.482: [GC (Allocation Failure) 2020-11-07T19:55:27.333+0800: 10.482: [ParNew: 8467K->305K(9216K), 0.0035811 secs] 28081K->19928K(41908K), 0.0036399 secs] [Times: user=0.00 sys=0.00, real=0.01 secs] 
Heap after GC invocations=132 (full 21):
 par new generation   total 9216K, used 305K [0x00000000e3400000, 0x00000000e3e00000, 0x00000000ecca0000)
  eden space 8192K,   0% used [0x00000000e3400000, 0x00000000e3400000, 0x00000000e3c00000)
  from space 1024K,  29% used [0x00000000e3c00000, 0x00000000e3c4c410, 0x00000000e3d00000)
  to   space 1024K,   0% used [0x00000000e3d00000, 0x00000000e3d00000, 0x00000000e3e00000)
 concurrent mark-sweep generation total 32692K, used 19623K [0x00000000ecca0000, 0x00000000eec8d000, 0x0000000100000000)
 Metaspace       used 25867K, capacity 26598K, committed 26752K, reserved 1073152K
  class space    used 3179K, capacity 3389K, committed 3456K, reserved 1048576K
}
2020-11-07T19:55:27.343+0800: 10.493: [CMS-concurrent-reset: 0.006/0.016 secs] [Times: user=0.02 sys=0.00, real=0.01 secs] 
2020-11-07T19:55:27.346+0800: 10.496: Application time: 0.0097325 seconds
{Heap before GC invocations=132 (full 21):
 par new generation   total 9216K, used 8497K [0x00000000e3400000, 0x00000000e3e00000, 0x00000000ecca0000)
  eden space 8192K, 100% used [0x00000000e3400000, 0x00000000e3c00000, 0x00000000e3c00000)
  from space 1024K,  29% used [0x00000000e3c00000, 0x00000000e3c4c410, 0x00000000e3d00000)
  to   space 1024K,   0% used [0x00000000e3d00000, 0x00000000e3d00000, 0x00000000e3e00000)
 concurrent mark-sweep generation total 32692K, used 19623K [0x00000000ecca0000, 0x00000000eec8d000, 0x0000000100000000)
 Metaspace       used 25870K, capacity 26598K, committed 26752K, reserved 1073152K
  class space    used 3180K, capacity 3389K, committed 3456K, reserved 1048576K
2020-11-07T19:55:27.346+0800: 10.496: [GC (Allocation Failure) 2020-11-07T19:55:27.346+0800: 10.496: [ParNew: 8497K->248K(9216K), 0.0036994 secs] 28120K->19898K(41908K), 0.0037597 secs] [Times: user=0.01 sys=0.00, real=0.00 secs] 
Heap after GC invocations=133 (full 21):
 par new generation   total 9216K, used 248K [0x00000000e3400000, 0x00000000e3e00000, 0x00000000ecca0000)
  eden space 8192K,   0% used [0x00000000e3400000, 0x00000000e3400000, 0x00000000e3c00000)
  from space 1024K,  24% used [0x00000000e3d00000, 0x00000000e3d3e220, 0x00000000e3e00000)
  to   space 1024K,   0% used [0x00000000e3c00000, 0x00000000e3c00000, 0x00000000e3d00000)
 concurrent mark-sweep generation total 32692K, used 19649K [0x00000000ecca0000, 0x00000000eec8d000, 0x0000000100000000)
 Metaspace       used 25870K, capacity 26598K, committed 26752K, reserved 1073152K
  class space    used 3180K, capacity 3389K, committed 3456K, reserved 1048576K
}
2020-11-07T19:55:27.354+0800: 10.504: Application time: 0.0043130 seconds
2020-11-07T19:55:27.354+0800: 10.504: [GC (CMS Initial Mark) [1 CMS-initial-mark: 19649K(32692K)] 22190K(41908K), 0.0032887 secs] [Times: user=0.00 sys=0.00, real=0.01 secs] 
2020-11-07T19:55:27.358+0800: 10.507: [CMS-concurrent-mark-start]
2020-11-07T19:55:27.382+0800: 10.532: Application time: 0.0245845 seconds
{Heap before GC invocations=133 (full 22):
 par new generation   total 9216K, used 8440K [0x00000000e3400000, 0x00000000e3e00000, 0x00000000ecca0000)
  eden space 8192K, 100% used [0x00000000e3400000, 0x00000000e3c00000, 0x00000000e3c00000)
  from space 1024K,  24% used [0x00000000e3d00000, 0x00000000e3d3e220, 0x00000000e3e00000)
  to   space 1024K,   0% used [0x00000000e3c00000, 0x00000000e3c00000, 0x00000000e3d00000)
 concurrent mark-sweep generation total 32692K, used 19649K [0x00000000ecca0000, 0x00000000eec8d000, 0x0000000100000000)
 Metaspace       used 25897K, capacity 26662K, committed 27008K, reserved 1073152K
  class space    used 3183K, capacity 3389K, committed 3456K, reserved 1048576K
2020-11-07T19:55:27.382+0800: 10.532: [GC (Allocation Failure) 2020-11-07T19:55:27.382+0800: 10.532: [ParNew: 8440K->294K(9216K), 0.0038557 secs] 28090K->19963K(41908K), 0.0039304 secs] [Times: user=0.00 sys=0.01, real=0.01 secs] 
Heap after GC invocations=134 (full 22):
 par new generation   total 9216K, used 294K [0x00000000e3400000, 0x00000000e3e00000, 0x00000000ecca0000)
  eden space 8192K,   0% used [0x00000000e3400000, 0x00000000e3400000, 0x00000000e3c00000)
  from space 1024K,  28% used [0x00000000e3c00000, 0x00000000e3c49be0, 0x00000000e3d00000)
  to   space 1024K,   0% used [0x00000000e3d00000, 0x00000000e3d00000, 0x00000000e3e00000)
 concurrent mark-sweep generation total 32692K, used 19668K [0x00000000ecca0000, 0x00000000eec8d000, 0x0000000100000000)
 Metaspace       used 25897K, capacity 26662K, committed 27008K, reserved 1073152K
  class space    used 3183K, capacity 3389K, committed 3456K, reserved 1048576K
}
2020-11-07T19:55:27.411+0800: 10.561: Application time: 0.0251241 seconds
{Heap before GC invocations=134 (full 22):
 par new generation   total 9216K, used 8486K [0x00000000e3400000, 0x00000000e3e00000, 0x00000000ecca0000)
  eden space 8192K, 100% used [0x00000000e3400000, 0x00000000e3c00000, 0x00000000e3c00000)
  from space 1024K,  28% used [0x00000000e3c00000, 0x00000000e3c49be0, 0x00000000e3d00000)
  to   space 1024K,   0% used [0x00000000e3d00000, 0x00000000e3d00000, 0x00000000e3e00000)
 concurrent mark-sweep generation total 32692K, used 19668K [0x00000000ecca0000, 0x00000000eec8d000, 0x0000000100000000)
 Metaspace       used 25897K, capacity 26662K, committed 27008K, reserved 1073152K
  class space    used 3183K, capacity 3389K, committed 3456K, reserved 1048576K
2020-11-07T19:55:27.412+0800: 10.561: [GC (Allocation Failure) 2020-11-07T19:55:27.412+0800: 10.561: [ParNew: 8486K->240K(9216K), 0.0097059 secs] 28155K->19923K(41908K), 0.0097575 secs] [Times: user=0.01 sys=0.00, real=0.01 secs] 
Heap after GC invocations=135 (full 22):
 par new generation   total 9216K, used 240K [0x00000000e3400000, 0x00000000e3e00000, 0x00000000ecca0000)
  eden space 8192K,   0% used [0x00000000e3400000, 0x00000000e3400000, 0x00000000e3c00000)
  from space 1024K,  23% used [0x00000000e3d00000, 0x00000000e3d3c140, 0x00000000e3e00000)
  to   space 1024K,   0% used [0x00000000e3c00000, 0x00000000e3c00000, 0x00000000e3d00000)
 concurrent mark-sweep generation total 32692K, used 19683K [0x00000000ecca0000, 0x00000000eec8d000, 0x0000000100000000)
 Metaspace       used 25897K, capacity 26662K, committed 27008K, reserved 1073152K
  class space    used 3183K, capacity 3389K, committed 3456K, reserved 1048576K
}
2020-11-07T19:55:27.650+0800: 10.799: Application time: 0.2281972 seconds
{Heap before GC invocations=135 (full 22):
 par new generation   total 9216K, used 8432K [0x00000000e3400000, 0x00000000e3e00000, 0x00000000ecca0000)
  eden space 8192K, 100% used [0x00000000e3400000, 0x00000000e3c00000, 0x00000000e3c00000)
  from space 1024K,  23% used [0x00000000e3d00000, 0x00000000e3d3c140, 0x00000000e3e00000)
  to   space 1024K,   0% used [0x00000000e3c00000, 0x00000000e3c00000, 0x00000000e3d00000)
 concurrent mark-sweep generation total 32692K, used 19683K [0x00000000ecca0000, 0x00000000eec8d000, 0x0000000100000000)
 Metaspace       used 25903K, capacity 26662K, committed 27008K, reserved 1073152K
  class space    used 3183K, capacity 3389K, committed 3456K, reserved 1048576K
2020-11-07T19:55:27.650+0800: 10.799: [GC (Allocation Failure) 2020-11-07T19:55:27.650+0800: 10.800: [ParNew: 8432K->239K(9216K), 0.0045810 secs] 28115K->19969K(41908K), 0.0046450 secs] [Times: user=0.00 sys=0.00, real=0.01 secs] 
Heap after GC invocations=136 (full 22):
 par new generation   total 9216K, used 239K [0x00000000e3400000, 0x00000000e3e00000, 0x00000000ecca0000)
  eden space 8192K,   0% used [0x00000000e3400000, 0x00000000e3400000, 0x00000000e3c00000)
  from space 1024K,  23% used [0x00000000e3c00000, 0x00000000e3c3bc20, 0x00000000e3d00000)
  to   space 1024K,   0% used [0x00000000e3d00000, 0x00000000e3d00000, 0x00000000e3e00000)
 concurrent mark-sweep generation total 32692K, used 19730K [0x00000000ecca0000, 0x00000000eec8d000, 0x0000000100000000)
 Metaspace       used 25903K, capacity 26662K, committed 27008K, reserved 1073152K
  class space    used 3183K, capacity 3389K, committed 3456K, reserved 1048576K
}
2020-11-07T19:55:27.672+0800: 10.822: [CMS-concurrent-mark: 0.287/0.315 secs] [Times: user=0.30 sys=0.02, real=0.31 secs] 
2020-11-07T19:55:27.672+0800: 10.822: [CMS-concurrent-preclean-start]
2020-11-07T19:55:27.674+0800: 10.823: [CMS-concurrent-preclean: 0.001/0.001 secs] [Times: user=0.00 sys=0.00, real=0.00 secs] 
2020-11-07T19:55:27.674+0800: 10.823: [CMS-concurrent-abortable-preclean-start]
2020-11-07T19:55:27.676+0800: 10.826: Application time: 0.0216888 seconds
{Heap before GC invocations=136 (full 22):
 par new generation   total 9216K, used 8431K [0x00000000e3400000, 0x00000000e3e00000, 0x00000000ecca0000)
  eden space 8192K, 100% used [0x00000000e3400000, 0x00000000e3c00000, 0x00000000e3c00000)
  from space 1024K,  23% used [0x00000000e3c00000, 0x00000000e3c3bc20, 0x00000000e3d00000)
  to   space 1024K,   0% used [0x00000000e3d00000, 0x00000000e3d00000, 0x00000000e3e00000)
 concurrent mark-sweep generation total 32692K, used 19730K [0x00000000ecca0000, 0x00000000eec8d000, 0x0000000100000000)
 Metaspace       used 25903K, capacity 26662K, committed 27008K, reserved 1073152K
  class space    used 3183K, capacity 3389K, committed 3456K, reserved 1048576K
2020-11-07T19:55:27.676+0800: 10.826: [GC (Allocation Failure) 2020-11-07T19:55:27.676+0800: 10.826: [ParNew: 8431K->224K(9216K), 0.0037168 secs] 28161K->19980K(41908K), 0.0037682 secs] [Times: user=0.01 sys=0.00, real=0.00 secs] 
Heap after GC invocations=137 (full 22):
 par new generation   total 9216K, used 224K [0x00000000e3400000, 0x00000000e3e00000, 0x00000000ecca0000)
  eden space 8192K,   0% used [0x00000000e3400000, 0x00000000e3400000, 0x00000000e3c00000)
  from space 1024K,  21% used [0x00000000e3d00000, 0x00000000e3d380e0, 0x00000000e3e00000)
  to   space 1024K,   0% used [0x00000000e3c00000, 0x00000000e3c00000, 0x00000000e3d00000)
 concurrent mark-sweep generation total 32692K, used 19756K [0x00000000ecca0000, 0x00000000eec8d000, 0x0000000100000000)
 Metaspace       used 25903K, capacity 26662K, committed 27008K, reserved 1073152K
  class space    used 3183K, capacity 3389K, committed 3456K, reserved 1048576K
}
2020-11-07T19:55:27.689+0800: 10.839: [CMS-concurrent-abortable-preclean: 0.004/0.016 secs] [Times: user=0.02 sys=0.00, real=0.02 secs] 
2020-11-07T19:55:27.689+0800: 10.839: Application time: 0.0091463 seconds
2020-11-07T19:55:27.689+0800: 10.839: [GC (CMS Final Remark) [YG occupancy: 5960 K (9216 K)]2020-11-07T19:55:27.689+0800: 10.839: [Rescan (parallel) , 0.0051381 secs]2020-11-07T19:55:27.695+0800: 10.844: [weak refs processing, 0.0010422 secs]2020-11-07T19:55:27.696+0800: 10.845: [class unloading, 0.0058563 secs]2020-11-07T19:55:27.702+0800: 10.851: [scrub symbol table, 0.0071990 secs]2020-11-07T19:55:27.709+0800: 10.858: [scrub string table, 0.0005617 secs][1 CMS-remark: 19756K(32692K)] 25716K(41908K), 0.0199366 secs] [Times: user=0.01 sys=0.00, real=0.02 secs] 
2020-11-07T19:55:27.715+0800: 10.865: [CMS-concurrent-sweep-start]
2020-11-07T19:55:27.721+0800: 10.871: Application time: 0.0115407 seconds
{Heap before GC invocations=137 (full 22):
 par new generation   total 9216K, used 8416K [0x00000000e3400000, 0x00000000e3e00000, 0x00000000ecca0000)
  eden space 8192K, 100% used [0x00000000e3400000, 0x00000000e3c00000, 0x00000000e3c00000)
  from space 1024K,  21% used [0x00000000e3d00000, 0x00000000e3d380e0, 0x00000000e3e00000)
  to   space 1024K,   0% used [0x00000000e3c00000, 0x00000000e3c00000, 0x00000000e3d00000)
 concurrent mark-sweep generation total 32692K, used 19755K [0x00000000ecca0000, 0x00000000eec8d000, 0x0000000100000000)
 Metaspace       used 25911K, capacity 26662K, committed 27008K, reserved 1073152K
  class space    used 3183K, capacity 3389K, committed 3456K, reserved 1048576K
2020-11-07T19:55:27.721+0800: 10.871: [GC (Allocation Failure) 2020-11-07T19:55:27.721+0800: 10.871: [ParNew: 8416K->204K(9216K), 0.0035911 secs] 28172K->19980K(41908K), 0.0036669 secs] [Times: user=0.01 sys=0.00, real=0.01 secs] 
Heap after GC invocations=138 (full 22):
 par new generation   total 9216K, used 204K [0x00000000e3400000, 0x00000000e3e00000, 0x00000000ecca0000)
  eden space 8192K,   0% used [0x00000000e3400000, 0x00000000e3400000, 0x00000000e3c00000)
  from space 1024K,  19% used [0x00000000e3c00000, 0x00000000e3c330c0, 0x00000000e3d00000)
  to   space 1024K,   0% used [0x00000000e3d00000, 0x00000000e3d00000, 0x00000000e3e00000)
 concurrent mark-sweep generation total 32692K, used 19776K [0x00000000ecca0000, 0x00000000eec8d000, 0x0000000100000000)
 Metaspace       used 25911K, capacity 26662K, committed 27008K, reserved 1073152K
  class space    used 3183K, capacity 3389K, committed 3456K, reserved 1048576K
}
2020-11-07T19:55:27.734+0800: 10.884: [CMS-concurrent-sweep: 0.009/0.019 secs] [Times: user=0.01 sys=0.00, real=0.01 secs] 
2020-11-07T19:55:27.734+0800: 10.884: [CMS-concurrent-reset-start]
2020-11-07T19:55:27.736+0800: 10.885: Application time: 0.0107676 seconds
2020-11-07T19:55:27.736+0800: 10.885: Application time: 0.0000299 seconds
2020-11-07T19:55:27.736+0800: 10.885: Application time: 0.0000210 seconds
2020-11-07T19:55:27.743+0800: 10.892: [CMS-concurrent-reset: 0.002/0.009 secs] [Times: user=0.01 sys=0.00, real=0.01 secs] 
2020-11-07T19:55:27.764+0800: 10.914: Application time: 0.0283110 seconds
{Heap before GC invocations=138 (full 22):
 par new generation   total 9216K, used 8396K [0x00000000e3400000, 0x00000000e3e00000, 0x00000000ecca0000)
  eden space 8192K, 100% used [0x00000000e3400000, 0x00000000e3c00000, 0x00000000e3c00000)
  from space 1024K,  19% used [0x00000000e3c00000, 0x00000000e3c330c0, 0x00000000e3d00000)
  to   space 1024K,   0% used [0x00000000e3d00000, 0x00000000e3d00000, 0x00000000e3e00000)
 concurrent mark-sweep generation total 32952K, used 19769K [0x00000000ecca0000, 0x00000000eecce000, 0x0000000100000000)
 Metaspace       used 25979K, capacity 26720K, committed 27008K, reserved 1073152K
  class space    used 3195K, capacity 3402K, committed 3456K, reserved 1048576K
2020-11-07T19:55:27.764+0800: 10.914: [GC (Allocation Failure) 2020-11-07T19:55:27.764+0800: 10.914: [ParNew: 8396K->306K(9216K), 0.0180814 secs] 28165K->20104K(42168K), 0.0181755 secs] [Times: user=0.02 sys=0.00, real=0.02 secs] 
Heap after GC invocations=139 (full 22):
 par new generation   total 9216K, used 306K [0x00000000e3400000, 0x00000000e3e00000, 0x00000000ecca0000)
  eden space 8192K,   0% used [0x00000000e3400000, 0x00000000e3400000, 0x00000000e3c00000)
  from space 1024K,  29% used [0x00000000e3d00000, 0x00000000e3d4c8d8, 0x00000000e3e00000)
  to   space 1024K,   0% used [0x00000000e3c00000, 0x00000000e3c00000, 0x00000000e3d00000)
 concurrent mark-sweep generation total 32952K, used 19798K [0x00000000ecca0000, 0x00000000eecce000, 0x0000000100000000)
 Metaspace       used 25979K, capacity 26720K, committed 27008K, reserved 1073152K
  class space    used 3195K, capacity 3402K, committed 3456K, reserved 1048576K
}
2020-11-07T19:55:27.793+0800: 10.942: Application time: 0.0102016 seconds
2020-11-07T19:55:27.793+0800: 10.942: [GC (CMS Initial Mark) [1 CMS-initial-mark: 19798K(32952K)] 26989K(42168K), 0.0060801 secs] [Times: user=0.01 sys=0.00, real=0.01 secs] 
2020-11-07T19:55:27.799+0800: 10.949: [CMS-concurrent-mark-start]
2020-11-07T19:55:27.820+0800: 10.969: Application time: 0.0207616 seconds
{Heap before GC invocations=139 (full 23):
 par new generation   total 9216K, used 8498K [0x00000000e3400000, 0x00000000e3e00000, 0x00000000ecca0000)
  eden space 8192K, 100% used [0x00000000e3400000, 0x00000000e3c00000, 0x00000000e3c00000)
  from space 1024K,  29% used [0x00000000e3d00000, 0x00000000e3d4c8d8, 0x00000000e3e00000)
  to   space 1024K,   0% used [0x00000000e3c00000, 0x00000000e3c00000, 0x00000000e3d00000)
 concurrent mark-sweep generation total 32952K, used 19798K [0x00000000ecca0000, 0x00000000eecce000, 0x0000000100000000)
 Metaspace       used 26003K, capacity 26788K, committed 27008K, reserved 1073152K
  class space    used 3197K, capacity 3402K, committed 3456K, reserved 1048576K
2020-11-07T19:55:27.820+0800: 10.969: [GC (Allocation Failure) 2020-11-07T19:55:27.820+0800: 10.969: [ParNew: 8498K->269K(9216K), 0.0088380 secs] 28296K->20092K(42168K), 0.0089001 secs] [Times: user=0.00 sys=0.01, real=0.01 secs] 
Heap after GC invocations=140 (full 23):
 par new generation   total 9216K, used 269K [0x00000000e3400000, 0x00000000e3e00000, 0x00000000ecca0000)
  eden space 8192K,   0% used [0x00000000e3400000, 0x00000000e3400000, 0x00000000e3c00000)
  from space 1024K,  26% used [0x00000000e3c00000, 0x00000000e3c435f0, 0x00000000e3d00000)
  to   space 1024K,   0% used [0x00000000e3d00000, 0x00000000e3d00000, 0x00000000e3e00000)
 concurrent mark-sweep generation total 32952K, used 19822K [0x00000000ecca0000, 0x00000000eecce000, 0x0000000100000000)
 Metaspace       used 26003K, capacity 26788K, committed 27008K, reserved 1073152K
  class space    used 3197K, capacity 3402K, committed 3456K, reserved 1048576K
}
2020-11-07T19:55:27.904+0800: 11.053: Application time: 0.0750780 seconds
{Heap before GC invocations=140 (full 23):
 par new generation   total 9216K, used 8461K [0x00000000e3400000, 0x00000000e3e00000, 0x00000000ecca0000)
  eden space 8192K, 100% used [0x00000000e3400000, 0x00000000e3c00000, 0x00000000e3c00000)
  from space 1024K,  26% used [0x00000000e3c00000, 0x00000000e3c435f0, 0x00000000e3d00000)
  to   space 1024K,   0% used [0x00000000e3d00000, 0x00000000e3d00000, 0x00000000e3e00000)
 concurrent mark-sweep generation total 32952K, used 19822K [0x00000000ecca0000, 0x00000000eecce000, 0x0000000100000000)
 Metaspace       used 26077K, capacity 26852K, committed 27008K, reserved 1073152K
  class space    used 3208K, capacity 3402K, committed 3456K, reserved 1048576K
2020-11-07T19:55:27.904+0800: 11.054: [GC (Allocation Failure) 2020-11-07T19:55:27.904+0800: 11.054: [ParNew: 8461K->309K(9216K), 0.0040236 secs] 28284K->20158K(42168K), 0.0040765 secs] [Times: user=0.01 sys=0.00, real=0.01 secs] 
Heap after GC invocations=141 (full 23):
 par new generation   total 9216K, used 309K [0x00000000e3400000, 0x00000000e3e00000, 0x00000000ecca0000)
  eden space 8192K,   0% used [0x00000000e3400000, 0x00000000e3400000, 0x00000000e3c00000)
  from space 1024K,  30% used [0x00000000e3d00000, 0x00000000e3d4d420, 0x00000000e3e00000)
  to   space 1024K,   0% used [0x00000000e3c00000, 0x00000000e3c00000, 0x00000000e3d00000)
 concurrent mark-sweep generation total 32952K, used 19849K [0x00000000ecca0000, 0x00000000eecce000, 0x0000000100000000)
 Metaspace       used 26077K, capacity 26852K, committed 27008K, reserved 1073152K
  class space    used 3208K, capacity 3402K, committed 3456K, reserved 1048576K
}
2020-11-07T19:55:27.943+0800: 11.092: [CMS-concurrent-mark: 0.113/0.144 secs] [Times: user=0.13 sys=0.01, real=0.14 secs] 
2020-11-07T19:55:27.943+0800: 11.092: [CMS-concurrent-preclean-start]
2020-11-07T19:55:27.944+0800: 11.094: [CMS-concurrent-preclean: 0.002/0.002 secs] [Times: user=0.00 sys=0.00, real=0.00 secs] 
2020-11-07T19:55:27.944+0800: 11.094: [CMS-concurrent-abortable-preclean-start]
2020-11-07T19:55:27.955+0800: 11.104: Application time: 0.0463857 seconds
{Heap before GC invocations=141 (full 23):
 par new generation   total 9216K, used 8501K [0x00000000e3400000, 0x00000000e3e00000, 0x00000000ecca0000)
  eden space 8192K, 100% used [0x00000000e3400000, 0x00000000e3c00000, 0x00000000e3c00000)
  from space 1024K,  30% used [0x00000000e3d00000, 0x00000000e3d4d420, 0x00000000e3e00000)
  to   space 1024K,   0% used [0x00000000e3c00000, 0x00000000e3c00000, 0x00000000e3d00000)
 concurrent mark-sweep generation total 32952K, used 19849K [0x00000000ecca0000, 0x00000000eecce000, 0x0000000100000000)
 Metaspace       used 26132K, capacity 26956K, committed 27008K, reserved 1073152K
  class space    used 3214K, capacity 3436K, committed 3456K, reserved 1048576K
2020-11-07T19:55:27.955+0800: 11.104: [GC (Allocation Failure) 2020-11-07T19:55:27.955+0800: 11.104: [ParNew: 8501K->287K(9216K), 0.0039757 secs] 28350K->20141K(42168K), 0.0040312 secs] [Times: user=0.01 sys=0.00, real=0.00 secs] 
Heap after GC invocations=142 (full 23):
 par new generation   total 9216K, used 287K [0x00000000e3400000, 0x00000000e3e00000, 0x00000000ecca0000)
  eden space 8192K,   0% used [0x00000000e3400000, 0x00000000e3400000, 0x00000000e3c00000)
  from space 1024K,  28% used [0x00000000e3c00000, 0x00000000e3c47f98, 0x00000000e3d00000)
  to   space 1024K,   0% used [0x00000000e3d00000, 0x00000000e3d00000, 0x00000000e3e00000)
 concurrent mark-sweep generation total 32952K, used 19853K [0x00000000ecca0000, 0x00000000eecce000, 0x0000000100000000)
 Metaspace       used 26132K, capacity 26956K, committed 27008K, reserved 1073152K
  class space    used 3214K, capacity 3436K, committed 3456K, reserved 1048576K
}
2020-11-07T19:55:27.978+0800: 11.128: Application time: 0.0196299 seconds
{Heap before GC invocations=142 (full 23):
 par new generation   total 9216K, used 8479K [0x00000000e3400000, 0x00000000e3e00000, 0x00000000ecca0000)
  eden space 8192K, 100% used [0x00000000e3400000, 0x00000000e3c00000, 0x00000000e3c00000)
  from space 1024K,  28% used [0x00000000e3c00000, 0x00000000e3c47f98, 0x00000000e3d00000)
  to   space 1024K,   0% used [0x00000000e3d00000, 0x00000000e3d00000, 0x00000000e3e00000)
 concurrent mark-sweep generation total 32952K, used 19853K [0x00000000ecca0000, 0x00000000eecce000, 0x0000000100000000)
 Metaspace       used 26140K, capacity 26956K, committed 27008K, reserved 1073152K
  class space    used 3215K, capacity 3436K, committed 3456K, reserved 1048576K
2020-11-07T19:55:27.979+0800: 11.128: [GC (Allocation Failure) 2020-11-07T19:55:27.979+0800: 11.128: [ParNew: 8479K->234K(9216K), 0.0044209 secs] 28333K->20126K(42168K), 0.0044661 secs] [Times: user=0.00 sys=0.00, real=0.00 secs] 
Heap after GC invocations=143 (full 23):
 par new generation   total 9216K, used 234K [0x00000000e3400000, 0x00000000e3e00000, 0x00000000ecca0000)
  eden space 8192K,   0% used [0x00000000e3400000, 0x00000000e3400000, 0x00000000e3c00000)
  from space 1024K,  22% used [0x00000000e3d00000, 0x00000000e3d3aaf8, 0x00000000e3e00000)
  to   space 1024K,   0% used [0x00000000e3c00000, 0x00000000e3c00000, 0x00000000e3d00000)
 concurrent mark-sweep generation total 32952K, used 19891K [0x00000000ecca0000, 0x00000000eecce000, 0x0000000100000000)
 Metaspace       used 26140K, capacity 26956K, committed 27008K, reserved 1073152K
  class space    used 3215K, capacity 3436K, committed 3456K, reserved 1048576K
}
2020-11-07T19:55:28.009+0800: 11.159: Application time: 0.0263247 seconds
{Heap before GC invocations=143 (full 23):
 par new generation   total 9216K, used 8426K [0x00000000e3400000, 0x00000000e3e00000, 0x00000000ecca0000)
  eden space 8192K, 100% used [0x00000000e3400000, 0x00000000e3c00000, 0x00000000e3c00000)
  from space 1024K,  22% used [0x00000000e3d00000, 0x00000000e3d3aaf8, 0x00000000e3e00000)
  to   space 1024K,   0% used [0x00000000e3c00000, 0x00000000e3c00000, 0x00000000e3d00000)
 concurrent mark-sweep generation total 32952K, used 19891K [0x00000000ecca0000, 0x00000000eecce000, 0x0000000100000000)
 Metaspace       used 26155K, capacity 26988K, committed 27136K, reserved 1073152K
  class space    used 3217K, capacity 3468K, committed 3584K, reserved 1048576K
2020-11-07T19:55:28.010+0800: 11.159: [GC (Allocation Failure) 2020-11-07T19:55:28.010+0800: 11.159: [ParNew: 8426K->278K(9216K), 0.0036472 secs] 28318K->20170K(42168K), 0.0036945 secs] [Times: user=0.00 sys=0.00, real=0.00 secs] 
Heap after GC invocations=144 (full 23):
 par new generation   total 9216K, used 278K [0x00000000e3400000, 0x00000000e3e00000, 0x00000000ecca0000)
  eden space 8192K,   0% used [0x00000000e3400000, 0x00000000e3400000, 0x00000000e3c00000)
  from space 1024K,  27% used [0x00000000e3c00000, 0x00000000e3c45a58, 0x00000000e3d00000)
  to   space 1024K,   0% used [0x00000000e3d00000, 0x00000000e3d00000, 0x00000000e3e00000)
 concurrent mark-sweep generation total 32952K, used 19892K [0x00000000ecca0000, 0x00000000eecce000, 0x0000000100000000)
 Metaspace       used 26155K, capacity 26988K, committed 27136K, reserved 1073152K
  class space    used 3217K, capacity 3468K, committed 3584K, reserved 1048576K
}
2020-11-07T19:55:28.028+0800: 11.178: Application time: 0.0149895 seconds
{Heap before GC invocations=144 (full 23):
 par new generation   total 9216K, used 8470K [0x00000000e3400000, 0x00000000e3e00000, 0x00000000ecca0000)
  eden space 8192K, 100% used [0x00000000e3400000, 0x00000000e3c00000, 0x00000000e3c00000)
  from space 1024K,  27% used [0x00000000e3c00000, 0x00000000e3c45a58, 0x00000000e3d00000)
  to   space 1024K,   0% used [0x00000000e3d00000, 0x00000000e3d00000, 0x00000000e3e00000)
 concurrent mark-sweep generation total 32952K, used 19892K [0x00000000ecca0000, 0x00000000eecce000, 0x0000000100000000)
 Metaspace       used 26156K, capacity 26988K, committed 27136K, reserved 1073152K
  class space    used 3217K, capacity 3468K, committed 3584K, reserved 1048576K
2020-11-07T19:55:28.028+0800: 11.178: [GC (Allocation Failure) 2020-11-07T19:55:28.029+0800: 11.178: [ParNew: 8470K->238K(9216K), 0.0040444 secs] 28362K->20167K(42168K), 0.0040968 secs] [Times: user=0.01 sys=0.00, real=0.00 secs] 
Heap after GC invocations=145 (full 23):
 par new generation   total 9216K, used 238K [0x00000000e3400000, 0x00000000e3e00000, 0x00000000ecca0000)
  eden space 8192K,   0% used [0x00000000e3400000, 0x00000000e3400000, 0x00000000e3c00000)
  from space 1024K,  23% used [0x00000000e3d00000, 0x00000000e3d3b8f8, 0x00000000e3e00000)
  to   space 1024K,   0% used [0x00000000e3c00000, 0x00000000e3c00000, 0x00000000e3d00000)
 concurrent mark-sweep generation total 32952K, used 19928K [0x00000000ecca0000, 0x00000000eecce000, 0x0000000100000000)
 Metaspace       used 26156K, capacity 26988K, committed 27136K, reserved 1073152K
  class space    used 3217K, capacity 3468K, committed 3584K, reserved 1048576K
}
2020-11-07T19:55:28.061+0800: 11.211: Application time: 0.0287542 seconds
{Heap before GC invocations=145 (full 23):
 par new generation   total 9216K, used 8430K [0x00000000e3400000, 0x00000000e3e00000, 0x00000000ecca0000)
  eden space 8192K, 100% used [0x00000000e3400000, 0x00000000e3c00000, 0x00000000e3c00000)
  from space 1024K,  23% used [0x00000000e3d00000, 0x00000000e3d3b8f8, 0x00000000e3e00000)
  to   space 1024K,   0% used [0x00000000e3c00000, 0x00000000e3c00000, 0x00000000e3d00000)
 concurrent mark-sweep generation total 32952K, used 19928K [0x00000000ecca0000, 0x00000000eecce000, 0x0000000100000000)
 Metaspace       used 26178K, capacity 26988K, committed 27136K, reserved 1073152K
  class space    used 3220K, capacity 3468K, committed 3584K, reserved 1048576K
2020-11-07T19:55:28.062+0800: 11.211: [GC (Allocation Failure) 2020-11-07T19:55:28.062+0800: 11.211: [ParNew: 8430K->274K(9216K), 0.0041156 secs] 28359K->20212K(42168K), 0.0041587 secs] [Times: user=0.00 sys=0.00, real=0.01 secs] 
Heap after GC invocations=146 (full 23):
 par new generation   total 9216K, used 274K [0x00000000e3400000, 0x00000000e3e00000, 0x00000000ecca0000)
  eden space 8192K,   0% used [0x00000000e3400000, 0x00000000e3400000, 0x00000000e3c00000)
  from space 1024K,  26% used [0x00000000e3c00000, 0x00000000e3c448c8, 0x00000000e3d00000)
  to   space 1024K,   0% used [0x00000000e3d00000, 0x00000000e3d00000, 0x00000000e3e00000)
 concurrent mark-sweep generation total 32952K, used 19938K [0x00000000ecca0000, 0x00000000eecce000, 0x0000000100000000)
 Metaspace       used 26178K, capacity 26988K, committed 27136K, reserved 1073152K
  class space    used 3220K, capacity 3468K, committed 3584K, reserved 1048576K
}
2020-11-07T19:55:28.102+0800: 11.252: Application time: 0.0360897 seconds
{Heap before GC invocations=146 (full 23):
 par new generation   total 9216K, used 8466K [0x00000000e3400000, 0x00000000e3e00000, 0x00000000ecca0000)
  eden space 8192K, 100% used [0x00000000e3400000, 0x00000000e3c00000, 0x00000000e3c00000)
  from space 1024K,  26% used [0x00000000e3c00000, 0x00000000e3c448c8, 0x00000000e3d00000)
  to   space 1024K,   0% used [0x00000000e3d00000, 0x00000000e3d00000, 0x00000000e3e00000)
 concurrent mark-sweep generation total 32952K, used 19938K [0x00000000ecca0000, 0x00000000eecce000, 0x0000000100000000)
 Metaspace       used 26209K, capacity 27004K, committed 27136K, reserved 1073152K
  class space    used 3226K, capacity 3472K, committed 3584K, reserved 1048576K
2020-11-07T19:55:28.102+0800: 11.252: [GC (Allocation Failure) 2020-11-07T19:55:28.102+0800: 11.252: [ParNew: 8466K->301K(9216K), 0.0061664 secs] 28404K->20250K(42168K), 0.0062161 secs] [Times: user=0.01 sys=0.00, real=0.01 secs] 
Heap after GC invocations=147 (full 23):
 par new generation   total 9216K, used 301K [0x00000000e3400000, 0x00000000e3e00000, 0x00000000ecca0000)
  eden space 8192K,   0% used [0x00000000e3400000, 0x00000000e3400000, 0x00000000e3c00000)
  from space 1024K,  29% used [0x00000000e3d00000, 0x00000000e3d4b7e8, 0x00000000e3e00000)
  to   space 1024K,   0% used [0x00000000e3c00000, 0x00000000e3c00000, 0x00000000e3d00000)
 concurrent mark-sweep generation total 32952K, used 19948K [0x00000000ecca0000, 0x00000000eecce000, 0x0000000100000000)
 Metaspace       used 26209K, capacity 27004K, committed 27136K, reserved 1073152K
  class space    used 3226K, capacity 3472K, committed 3584K, reserved 1048576K
}
2020-11-07T19:55:28.165+0800: 11.315: Application time: 0.0568372 seconds
{Heap before GC invocations=147 (full 23):
 par new generation   total 9216K, used 8493K [0x00000000e3400000, 0x00000000e3e00000, 0x00000000ecca0000)
  eden space 8192K, 100% used [0x00000000e3400000, 0x00000000e3c00000, 0x00000000e3c00000)
  from space 1024K,  29% used [0x00000000e3d00000, 0x00000000e3d4b7e8, 0x00000000e3e00000)
  to   space 1024K,   0% used [0x00000000e3c00000, 0x00000000e3c00000, 0x00000000e3d00000)
 concurrent mark-sweep generation total 32952K, used 19948K [0x00000000ecca0000, 0x00000000eecce000, 0x0000000100000000)
 Metaspace       used 26243K, capacity 27146K, committed 27392K, reserved 1073152K
  class space    used 3231K, capacity 3475K, committed 3584K, reserved 1048576K
2020-11-07T19:55:28.165+0800: 11.315: [GC (Allocation Failure) 2020-11-07T19:55:28.165+0800: 11.315: [ParNew: 8493K->333K(9216K), 0.0088380 secs] 28442K->20331K(42168K), 0.0088885 secs] [Times: user=0.00 sys=0.00, real=0.00 secs] 
Heap after GC invocations=148 (full 23):
 par new generation   total 9216K, used 333K [0x00000000e3400000, 0x00000000e3e00000, 0x00000000ecca0000)
  eden space 8192K,   0% used [0x00000000e3400000, 0x00000000e3400000, 0x00000000e3c00000)
  from space 1024K,  32% used [0x00000000e3c00000, 0x00000000e3c53700, 0x00000000e3d00000)
  to   space 1024K,   0% used [0x00000000e3d00000, 0x00000000e3d00000, 0x00000000e3e00000)
 concurrent mark-sweep generation total 32952K, used 19997K [0x00000000ecca0000, 0x00000000eecce000, 0x0000000100000000)
 Metaspace       used 26243K, capacity 27146K, committed 27392K, reserved 1073152K
  class space    used 3231K, capacity 3475K, committed 3584K, reserved 1048576K
}
2020-11-07T19:55:28.219+0800: 11.369: Application time: 0.0450855 seconds
{Heap before GC invocations=148 (full 23):
 par new generation   total 9216K, used 8525K [0x00000000e3400000, 0x00000000e3e00000, 0x00000000ecca0000)
  eden space 8192K, 100% used [0x00000000e3400000, 0x00000000e3c00000, 0x00000000e3c00000)
  from space 1024K,  32% used [0x00000000e3c00000, 0x00000000e3c53700, 0x00000000e3d00000)
  to   space 1024K,   0% used [0x00000000e3d00000, 0x00000000e3d00000, 0x00000000e3e00000)
 concurrent mark-sweep generation total 32952K, used 19997K [0x00000000ecca0000, 0x00000000eecce000, 0x0000000100000000)
 Metaspace       used 26266K, capacity 27146K, committed 27392K, reserved 1073152K
  class space    used 3233K, capacity 3475K, committed 3584K, reserved 1048576K
2020-11-07T19:55:28.220+0800: 11.369: [GC (Allocation Failure) 2020-11-07T19:55:28.220+0800: 11.369: [ParNew: 8525K->359K(9216K), 0.0042991 secs] 28523K->20378K(42168K), 0.0043492 secs] [Times: user=0.00 sys=0.00, real=0.00 secs] 
Heap after GC invocations=149 (full 23):
 par new generation   total 9216K, used 359K [0x00000000e3400000, 0x00000000e3e00000, 0x00000000ecca0000)
  eden space 8192K,   0% used [0x00000000e3400000, 0x00000000e3400000, 0x00000000e3c00000)
  from space 1024K,  35% used [0x00000000e3d00000, 0x00000000e3d59f78, 0x00000000e3e00000)
  to   space 1024K,   0% used [0x00000000e3c00000, 0x00000000e3c00000, 0x00000000e3d00000)
 concurrent mark-sweep generation total 32952K, used 20018K [0x00000000ecca0000, 0x00000000eecce000, 0x0000000100000000)
 Metaspace       used 26266K, capacity 27146K, committed 27392K, reserved 1073152K
  class space    used 3233K, capacity 3475K, committed 3584K, reserved 1048576K
}
2020-11-07T19:55:28.250+0800: 11.399: Application time: 0.0256491 seconds
{Heap before GC invocations=149 (full 23):
 par new generation   total 9216K, used 8551K [0x00000000e3400000, 0x00000000e3e00000, 0x00000000ecca0000)
  eden space 8192K, 100% used [0x00000000e3400000, 0x00000000e3c00000, 0x00000000e3c00000)
  from space 1024K,  35% used [0x00000000e3d00000, 0x00000000e3d59f78, 0x00000000e3e00000)
  to   space 1024K,   0% used [0x00000000e3c00000, 0x00000000e3c00000, 0x00000000e3d00000)
 concurrent mark-sweep generation total 32952K, used 20018K [0x00000000ecca0000, 0x00000000eecce000, 0x0000000100000000)
 Metaspace       used 26281K, capacity 27146K, committed 27392K, reserved 1073152K
  class space    used 3235K, capacity 3475K, committed 3584K, reserved 1048576K
2020-11-07T19:55:28.250+0800: 11.399: [GC (Allocation Failure) 2020-11-07T19:55:28.250+0800: 11.399: [ParNew: 8551K->392K(9216K), 0.0165635 secs] 28570K->20438K(42168K), 0.0166192 secs] [Times: user=0.01 sys=0.00, real=0.02 secs] 
Heap after GC invocations=150 (full 23):
 par new generation   total 9216K, used 392K [0x00000000e3400000, 0x00000000e3e00000, 0x00000000ecca0000)
  eden space 8192K,   0% used [0x00000000e3400000, 0x00000000e3400000, 0x00000000e3c00000)
  from space 1024K,  38% used [0x00000000e3c00000, 0x00000000e3c62300, 0x00000000e3d00000)
  to   space 1024K,   0% used [0x00000000e3d00000, 0x00000000e3d00000, 0x00000000e3e00000)
 concurrent mark-sweep generation total 32952K, used 20046K [0x00000000ecca0000, 0x00000000eecce000, 0x0000000100000000)
 Metaspace       used 26281K, capacity 27146K, committed 27392K, reserved 1073152K
  class space    used 3235K, capacity 3475K, committed 3584K, reserved 1048576K
}
2020-11-07T19:55:28.266+0800: 11.416: [CMS-concurrent-abortable-preclean: 0.082/0.322 secs] [Times: user=0.31 sys=0.00, real=0.33 secs] 
2020-11-07T19:55:28.269+0800: 11.418: Application time: 0.0021887 seconds
2020-11-07T19:55:28.269+0800: 11.418: [GC (CMS Final Remark) [YG occupancy: 394 K (9216 K)]2020-11-07T19:55:28.269+0800: 11.418: [Rescan (parallel) , 0.0037960 secs]2020-11-07T19:55:28.273+0800: 11.422: [weak refs processing, 0.0000490 secs]2020-11-07T19:55:28.273+0800: 11.422: [class unloading, 0.0051852 secs]2020-11-07T19:55:28.278+0800: 11.427: [scrub symbol table, 0.0078268 secs]2020-11-07T19:55:28.286+0800: 11.435: [scrub string table, 0.0005039 secs][1 CMS-remark: 20046K(32952K)] 20441K(42168K), 0.0175337 secs] [Times: user=0.02 sys=0.00, real=0.02 secs] 
2020-11-07T19:55:28.295+0800: 11.444: [CMS-concurrent-sweep-start]
2020-11-07T19:55:28.318+0800: 11.467: [CMS-concurrent-sweep: 0.023/0.023 secs] [Times: user=0.02 sys=0.00, real=0.02 secs] 
2020-11-07T19:55:28.318+0800: 11.468: [CMS-concurrent-reset-start]
2020-11-07T19:55:28.319+0800: 11.469: [CMS-concurrent-reset: 0.001/0.001 secs] [Times: user=0.00 sys=0.00, real=0.00 secs] 
2020-11-07T19:55:28.363+0800: 11.513: Application time: 0.0769741 seconds
{Heap before GC invocations=150 (full 23):
 par new generation   total 9216K, used 8584K [0x00000000e3400000, 0x00000000e3e00000, 0x00000000ecca0000)
  eden space 8192K, 100% used [0x00000000e3400000, 0x00000000e3c00000, 0x00000000e3c00000)
  from space 1024K,  38% used [0x00000000e3c00000, 0x00000000e3c62300, 0x00000000e3d00000)
  to   space 1024K,   0% used [0x00000000e3d00000, 0x00000000e3d00000, 0x00000000e3e00000)
 concurrent mark-sweep generation total 33396K, used 20036K [0x00000000ecca0000, 0x00000000eed3d000, 0x0000000100000000)
 Metaspace       used 26383K, capacity 27242K, committed 27392K, reserved 1073152K
  class space    used 3245K, capacity 3481K, committed 3584K, reserved 1048576K
2020-11-07T19:55:28.363+0800: 11.513: [GC (Allocation Failure) 2020-11-07T19:55:28.363+0800: 11.513: [ParNew: 8584K->672K(9216K), 0.0061464 secs] 28620K->20732K(42612K), 0.0062130 secs] [Times: user=0.01 sys=0.00, real=0.01 secs] 
Heap after GC invocations=151 (full 23):
 par new generation   total 9216K, used 672K [0x00000000e3400000, 0x00000000e3e00000, 0x00000000ecca0000)
  eden space 8192K,   0% used [0x00000000e3400000, 0x00000000e3400000, 0x00000000e3c00000)
  from space 1024K,  65% used [0x00000000e3d00000, 0x00000000e3da8390, 0x00000000e3e00000)
  to   space 1024K,   0% used [0x00000000e3c00000, 0x00000000e3c00000, 0x00000000e3d00000)
 concurrent mark-sweep generation total 33396K, used 20059K [0x00000000ecca0000, 0x00000000eed3d000, 0x0000000100000000)
 Metaspace       used 26383K, capacity 27242K, committed 27392K, reserved 1073152K
  class space    used 3245K, capacity 3481K, committed 3584K, reserved 1048576K
}
2020-11-07T19:55:28.385+0800: 11.534: Application time: 0.0149167 seconds
2020-11-07T19:55:28.385+0800: 11.535: [GC (CMS Initial Mark) [1 CMS-initial-mark: 20059K(33396K)] 22207K(42612K), 0.0038098 secs] [Times: user=0.01 sys=0.00, real=0.00 secs] 
2020-11-07T19:55:28.392+0800: 11.541: [CMS-concurrent-mark-start]
2020-11-07T19:55:28.482+0800: 11.631: [CMS-concurrent-mark: 0.090/0.090 secs] [Times: user=0.09 sys=0.00, real=0.09 secs] 
2020-11-07T19:55:28.482+0800: 11.631: [CMS-concurrent-preclean-start]
2020-11-07T19:55:28.483+0800: 11.633: [CMS-concurrent-preclean: 0.001/0.001 secs] [Times: user=0.00 sys=0.00, real=0.00 secs] 
2020-11-07T19:55:28.483+0800: 11.633: [CMS-concurrent-abortable-preclean-start]
2020-11-07T19:55:28.505+0800: 11.655: Application time: 0.1160310 seconds
{Heap before GC invocations=151 (full 24):
 par new generation   total 9216K, used 8864K [0x00000000e3400000, 0x00000000e3e00000, 0x00000000ecca0000)
  eden space 8192K, 100% used [0x00000000e3400000, 0x00000000e3c00000, 0x00000000e3c00000)
  from space 1024K,  65% used [0x00000000e3d00000, 0x00000000e3da8390, 0x00000000e3e00000)
  to   space 1024K,   0% used [0x00000000e3c00000, 0x00000000e3c00000, 0x00000000e3d00000)
 concurrent mark-sweep generation total 33396K, used 20059K [0x00000000ecca0000, 0x00000000eed3d000, 0x0000000100000000)
 Metaspace       used 26526K, capacity 27428K, committed 27648K, reserved 1073152K
  class space    used 3261K, capacity 3494K, committed 3584K, reserved 1048576K
2020-11-07T19:55:28.505+0800: 11.655: [GC (Allocation Failure) 2020-11-07T19:55:28.505+0800: 11.655: [ParNew: 8864K->680K(9216K), 0.0188328 secs] 28924K->20748K(42612K), 0.0189375 secs] [Times: user=0.02 sys=0.00, real=0.01 secs] 
Heap after GC invocations=152 (full 24):
 par new generation   total 9216K, used 680K [0x00000000e3400000, 0x00000000e3e00000, 0x00000000ecca0000)
  eden space 8192K,   0% used [0x00000000e3400000, 0x00000000e3400000, 0x00000000e3c00000)
  from space 1024K,  66% used [0x00000000e3c00000, 0x00000000e3caa0f8, 0x00000000e3d00000)
  to   space 1024K,   0% used [0x00000000e3d00000, 0x00000000e3d00000, 0x00000000e3e00000)
 concurrent mark-sweep generation total 33396K, used 20068K [0x00000000ecca0000, 0x00000000eed3d000, 0x0000000100000000)
 Metaspace       used 26526K, capacity 27428K, committed 27648K, reserved 1073152K
  class space    used 3261K, capacity 3494K, committed 3584K, reserved 1048576K
}
2020-11-07T19:55:28.529+0800: 11.678: Application time: 0.0046293 seconds
2020-11-07T19:55:28.534+0800: 11.684: Application time: 0.0051666 seconds
2020-11-07T19:55:28.600+0800: 11.750: Application time: 0.0656600 seconds
{Heap before GC invocations=152 (full 24):
 par new generation   total 9216K, used 8872K [0x00000000e3400000, 0x00000000e3e00000, 0x00000000ecca0000)
  eden space 8192K, 100% used [0x00000000e3400000, 0x00000000e3c00000, 0x00000000e3c00000)
  from space 1024K,  66% used [0x00000000e3c00000, 0x00000000e3caa0f8, 0x00000000e3d00000)
  to   space 1024K,   0% used [0x00000000e3d00000, 0x00000000e3d00000, 0x00000000e3e00000)
 concurrent mark-sweep generation total 33396K, used 20068K [0x00000000ecca0000, 0x00000000eed3d000, 0x0000000100000000)
 Metaspace       used 26653K, capacity 27548K, committed 27648K, reserved 1073152K
  class space    used 3280K, capacity 3508K, committed 3584K, reserved 1048576K
2020-11-07T19:55:28.601+0800: 11.750: [GC (Allocation Failure) 2020-11-07T19:55:28.601+0800: 11.750: [ParNew: 8872K->402K(9216K), 0.0164545 secs] 28940K->20544K(42612K), 0.0165310 secs] [Times: user=0.01 sys=0.00, real=0.02 secs] 
Heap after GC invocations=153 (full 24):
 par new generation   total 9216K, used 402K [0x00000000e3400000, 0x00000000e3e00000, 0x00000000ecca0000)
  eden space 8192K,   0% used [0x00000000e3400000, 0x00000000e3400000, 0x00000000e3c00000)
  from space 1024K,  39% used [0x00000000e3d00000, 0x00000000e3d64870, 0x00000000e3e00000)
  to   space 1024K,   0% used [0x00000000e3c00000, 0x00000000e3c00000, 0x00000000e3d00000)
 concurrent mark-sweep generation total 33396K, used 20142K [0x00000000ecca0000, 0x00000000eed3d000, 0x0000000100000000)
 Metaspace       used 26653K, capacity 27548K, committed 27648K, reserved 1073152K
  class space    used 3280K, capacity 3508K, committed 3584K, reserved 1048576K
}
2020-11-07T19:55:28.649+0800: 11.798: Application time: 0.0315336 seconds
{Heap before GC invocations=153 (full 24):
 par new generation   total 9216K, used 8594K [0x00000000e3400000, 0x00000000e3e00000, 0x00000000ecca0000)
  eden space 8192K, 100% used [0x00000000e3400000, 0x00000000e3c00000, 0x00000000e3c00000)
  from space 1024K,  39% used [0x00000000e3d00000, 0x00000000e3d64870, 0x00000000e3e00000)
  to   space 1024K,   0% used [0x00000000e3c00000, 0x00000000e3c00000, 0x00000000e3d00000)
 concurrent mark-sweep generation total 33396K, used 20142K [0x00000000ecca0000, 0x00000000eed3d000, 0x0000000100000000)
 Metaspace       used 26676K, capacity 27550K, committed 27648K, reserved 1073152K
  class space    used 3282K, capacity 3509K, committed 3584K, reserved 1048576K
2020-11-07T19:55:28.649+0800: 11.799: [GC (Allocation Failure) 2020-11-07T19:55:28.649+0800: 11.799: [ParNew: 8594K->381K(9216K), 0.0156983 secs] 28736K->20523K(42612K), 0.0157597 secs] [Times: user=0.01 sys=0.00, real=0.02 secs] 
Heap after GC invocations=154 (full 24):
 par new generation   total 9216K, used 381K [0x00000000e3400000, 0x00000000e3e00000, 0x00000000ecca0000)
  eden space 8192K,   0% used [0x00000000e3400000, 0x00000000e3400000, 0x00000000e3c00000)
  from space 1024K,  37% used [0x00000000e3c00000, 0x00000000e3c5f5e8, 0x00000000e3d00000)
  to   space 1024K,   0% used [0x00000000e3d00000, 0x00000000e3d00000, 0x00000000e3e00000)
 concurrent mark-sweep generation total 33396K, used 20142K [0x00000000ecca0000, 0x00000000eed3d000, 0x0000000100000000)
 Metaspace       used 26676K, capacity 27550K, committed 27648K, reserved 1073152K
  class space    used 3282K, capacity 3509K, committed 3584K, reserved 1048576K
}
2020-11-07T19:55:28.685+0800: 11.834: Application time: 0.0199489 seconds
2020-11-07T19:55:28.697+0800: 11.847: Application time: 0.0127107 seconds
{Heap before GC invocations=154 (full 24):
 par new generation   total 9216K, used 8573K [0x00000000e3400000, 0x00000000e3e00000, 0x00000000ecca0000)
  eden space 8192K, 100% used [0x00000000e3400000, 0x00000000e3c00000, 0x00000000e3c00000)
  from space 1024K,  37% used [0x00000000e3c00000, 0x00000000e3c5f5e8, 0x00000000e3d00000)
  to   space 1024K,   0% used [0x00000000e3d00000, 0x00000000e3d00000, 0x00000000e3e00000)
 concurrent mark-sweep generation total 33396K, used 20142K [0x00000000ecca0000, 0x00000000eed3d000, 0x0000000100000000)
 Metaspace       used 26685K, capacity 27550K, committed 27648K, reserved 1073152K
  class space    used 3282K, capacity 3509K, committed 3584K, reserved 1048576K
2020-11-07T19:55:28.698+0800: 11.847: [GC (Allocation Failure) 2020-11-07T19:55:28.698+0800: 11.847: [ParNew: 8573K->270K(9216K), 0.0038289 secs] 28715K->20412K(42612K), 0.0038789 secs] [Times: user=0.01 sys=0.00, real=0.00 secs] 
Heap after GC invocations=155 (full 24):
 par new generation   total 9216K, used 270K [0x00000000e3400000, 0x00000000e3e00000, 0x00000000ecca0000)
  eden space 8192K,   0% used [0x00000000e3400000, 0x00000000e3400000, 0x00000000e3c00000)
  from space 1024K,  26% used [0x00000000e3d00000, 0x00000000e3d43aa8, 0x00000000e3e00000)
  to   space 1024K,   0% used [0x00000000e3c00000, 0x00000000e3c00000, 0x00000000e3d00000)
 concurrent mark-sweep generation total 33396K, used 20142K [0x00000000ecca0000, 0x00000000eed3d000, 0x0000000100000000)
 Metaspace       used 26685K, capacity 27550K, committed 27648K, reserved 1073152K
  class space    used 3282K, capacity 3509K, committed 3584K, reserved 1048576K
}
2020-11-07T19:55:28.770+0800: 11.920: Application time: 0.0686183 seconds
{Heap before GC invocations=155 (full 24):
 par new generation   total 9216K, used 8462K [0x00000000e3400000, 0x00000000e3e00000, 0x00000000ecca0000)
  eden space 8192K, 100% used [0x00000000e3400000, 0x00000000e3c00000, 0x00000000e3c00000)
  from space 1024K,  26% used [0x00000000e3d00000, 0x00000000e3d43aa8, 0x00000000e3e00000)
  to   space 1024K,   0% used [0x00000000e3c00000, 0x00000000e3c00000, 0x00000000e3d00000)
 concurrent mark-sweep generation total 33396K, used 20142K [0x00000000ecca0000, 0x00000000eed3d000, 0x0000000100000000)
 Metaspace       used 26705K, capacity 27614K, committed 27904K, reserved 1073152K
  class space    used 3282K, capacity 3509K, committed 3584K, reserved 1048576K
2020-11-07T19:55:28.770+0800: 11.920: [GC (Allocation Failure) 2020-11-07T19:55:28.770+0800: 11.920: [ParNew: 8462K->467K(9216K), 0.0179398 secs] 28604K->20609K(42612K), 0.0179903 secs] [Times: user=0.02 sys=0.00, real=0.02 secs] 
Heap after GC invocations=156 (full 24):
 par new generation   total 9216K, used 467K [0x00000000e3400000, 0x00000000e3e00000, 0x00000000ecca0000)
  eden space 8192K,   0% used [0x00000000e3400000, 0x00000000e3400000, 0x00000000e3c00000)
  from space 1024K,  45% used [0x00000000e3c00000, 0x00000000e3c74d28, 0x00000000e3d00000)
  to   space 1024K,   0% used [0x00000000e3d00000, 0x00000000e3d00000, 0x00000000e3e00000)
 concurrent mark-sweep generation total 33396K, used 20142K [0x00000000ecca0000, 0x00000000eed3d000, 0x0000000100000000)
 Metaspace       used 26705K, capacity 27614K, committed 27904K, reserved 1073152K
  class space    used 3282K, capacity 3509K, committed 3584K, reserved 1048576K
}
2020-11-07T19:55:28.804+0800: 11.953: Application time: 0.0152192 seconds
2020-11-07T19:55:28.804+0800: 11.953: Application time: 0.0000297 seconds
2020-11-07T19:55:28.804+0800: 11.954: Application time: 0.0001917 seconds
2020-11-07T19:55:28.804+0800: 11.954: Application time: 0.0000195 seconds
2020-11-07T19:55:28.871+0800: 12.021: Application time: 0.0671963 seconds
{Heap before GC invocations=156 (full 24):
 par new generation   total 9216K, used 8659K [0x00000000e3400000, 0x00000000e3e00000, 0x00000000ecca0000)
  eden space 8192K, 100% used [0x00000000e3400000, 0x00000000e3c00000, 0x00000000e3c00000)
  from space 1024K,  45% used [0x00000000e3c00000, 0x00000000e3c74d28, 0x00000000e3d00000)
  to   space 1024K,   0% used [0x00000000e3d00000, 0x00000000e3d00000, 0x00000000e3e00000)
 concurrent mark-sweep generation total 33396K, used 20142K [0x00000000ecca0000, 0x00000000eed3d000, 0x0000000100000000)
 Metaspace       used 26774K, capacity 27652K, committed 27904K, reserved 1073152K
  class space    used 3291K, capacity 3542K, committed 3584K, reserved 1048576K
2020-11-07T19:55:28.871+0800: 12.021: [GC (Allocation Failure) 2020-11-07T19:55:28.871+0800: 12.021: [ParNew: 8659K->526K(9216K), 0.0191587 secs] 28801K->20669K(42612K), 0.0192180 secs] [Times: user=0.02 sys=0.00, real=0.02 secs] 
Heap after GC invocations=157 (full 24):
 par new generation   total 9216K, used 526K [0x00000000e3400000, 0x00000000e3e00000, 0x00000000ecca0000)
  eden space 8192K,   0% used [0x00000000e3400000, 0x00000000e3400000, 0x00000000e3c00000)
  from space 1024K,  51% used [0x00000000e3d00000, 0x00000000e3d83bd0, 0x00000000e3e00000)
  to   space 1024K,   0% used [0x00000000e3c00000, 0x00000000e3c00000, 0x00000000e3d00000)
 concurrent mark-sweep generation total 33396K, used 20142K [0x00000000ecca0000, 0x00000000eed3d000, 0x0000000100000000)
 Metaspace       used 26774K, capacity 27652K, committed 27904K, reserved 1073152K
  class space    used 3291K, capacity 3542K, committed 3584K, reserved 1048576K
}
2020-11-07T19:55:28.960+0800: 12.109: Application time: 0.0689007 seconds
{Heap before GC invocations=157 (full 24):
 par new generation   total 9216K, used 8718K [0x00000000e3400000, 0x00000000e3e00000, 0x00000000ecca0000)
  eden space 8192K, 100% used [0x00000000e3400000, 0x00000000e3c00000, 0x00000000e3c00000)
  from space 1024K,  51% used [0x00000000e3d00000, 0x00000000e3d83bd0, 0x00000000e3e00000)
  to   space 1024K,   0% used [0x00000000e3c00000, 0x00000000e3c00000, 0x00000000e3d00000)
 concurrent mark-sweep generation total 33396K, used 20142K [0x00000000ecca0000, 0x00000000eed3d000, 0x0000000100000000)
 Metaspace       used 26860K, capacity 27716K, committed 27904K, reserved 1073152K
  class space    used 3309K, capacity 3542K, committed 3584K, reserved 1048576K
2020-11-07T19:55:28.960+0800: 12.109: [GC (Allocation Failure) 2020-11-07T19:55:28.960+0800: 12.109: [ParNew: 8718K->567K(9216K), 0.0099734 secs] 28861K->20729K(42612K), 0.0100307 secs] [Times: user=0.01 sys=0.00, real=0.01 secs] 
Heap after GC invocations=158 (full 24):
 par new generation   total 9216K, used 567K [0x00000000e3400000, 0x00000000e3e00000, 0x00000000ecca0000)
  eden space 8192K,   0% used [0x00000000e3400000, 0x00000000e3400000, 0x00000000e3c00000)
  from space 1024K,  55% used [0x00000000e3c00000, 0x00000000e3c8dd38, 0x00000000e3d00000)
  to   space 1024K,   0% used [0x00000000e3d00000, 0x00000000e3d00000, 0x00000000e3e00000)
 concurrent mark-sweep generation total 33396K, used 20162K [0x00000000ecca0000, 0x00000000eed3d000, 0x0000000100000000)
 Metaspace       used 26860K, capacity 27716K, committed 27904K, reserved 1073152K
  class space    used 3309K, capacity 3542K, committed 3584K, reserved 1048576K
}
2020-11-07T19:55:29.045+0800: 12.195: Application time: 0.0756130 seconds
{Heap before GC invocations=158 (full 24):
 par new generation   total 9216K, used 8759K [0x00000000e3400000, 0x00000000e3e00000, 0x00000000ecca0000)
  eden space 8192K, 100% used [0x00000000e3400000, 0x00000000e3c00000, 0x00000000e3c00000)
  from space 1024K,  55% used [0x00000000e3c00000, 0x00000000e3c8dd38, 0x00000000e3d00000)
  to   space 1024K,   0% used [0x00000000e3d00000, 0x00000000e3d00000, 0x00000000e3e00000)
 concurrent mark-sweep generation total 33396K, used 20162K [0x00000000ecca0000, 0x00000000eed3d000, 0x0000000100000000)
 Metaspace       used 26966K, capacity 27940K, committed 28160K, reserved 1073152K
  class space    used 3326K, capacity 3574K, committed 3584K, reserved 1048576K
2020-11-07T19:55:29.046+0800: 12.195: [GC (Allocation Failure) 2020-11-07T19:55:29.046+0800: 12.195: [ParNew: 8759K->528K(9216K), 0.0296027 secs] 28921K->20763K(42612K), 0.0296553 secs] [Times: user=0.03 sys=0.00, real=0.03 secs] 
Heap after GC invocations=159 (full 24):
 par new generation   total 9216K, used 528K [0x00000000e3400000, 0x00000000e3e00000, 0x00000000ecca0000)
  eden space 8192K,   0% used [0x00000000e3400000, 0x00000000e3400000, 0x00000000e3c00000)
  from space 1024K,  51% used [0x00000000e3d00000, 0x00000000e3d84278, 0x00000000e3e00000)
  to   space 1024K,   0% used [0x00000000e3c00000, 0x00000000e3c00000, 0x00000000e3d00000)
 concurrent mark-sweep generation total 33396K, used 20235K [0x00000000ecca0000, 0x00000000eed3d000, 0x0000000100000000)
 Metaspace       used 26966K, capacity 27940K, committed 28160K, reserved 1073152K
  class space    used 3326K, capacity 3574K, committed 3584K, reserved 1048576K
}
2020-11-07T19:55:29.088+0800: 12.237: Application time: 0.0123256 seconds
2020-11-07T19:55:29.114+0800: 12.263: Application time: 0.0259784 seconds
{Heap before GC invocations=159 (full 24):
 par new generation   total 9216K, used 8720K [0x00000000e3400000, 0x00000000e3e00000, 0x00000000ecca0000)
  eden space 8192K, 100% used [0x00000000e3400000, 0x00000000e3c00000, 0x00000000e3c00000)
  from space 1024K,  51% used [0x00000000e3d00000, 0x00000000e3d84278, 0x00000000e3e00000)
  to   space 1024K,   0% used [0x00000000e3c00000, 0x00000000e3c00000, 0x00000000e3d00000)
 concurrent mark-sweep generation total 33396K, used 20235K [0x00000000ecca0000, 0x00000000eed3d000, 0x0000000100000000)
 Metaspace       used 26979K, capacity 27940K, committed 28160K, reserved 1073152K
  class space    used 3327K, capacity 3574K, committed 3584K, reserved 1048576K
2020-11-07T19:55:29.114+0800: 12.264: [GC (Allocation Failure) 2020-11-07T19:55:29.114+0800: 12.264: [ParNew: 8720K->400K(9216K), 0.0172126 secs] 28955K->20635K(42612K), 0.0172674 secs] [Times: user=0.02 sys=0.00, real=0.02 secs] 
Heap after GC invocations=160 (full 24):
 par new generation   total 9216K, used 400K [0x00000000e3400000, 0x00000000e3e00000, 0x00000000ecca0000)
  eden space 8192K,   0% used [0x00000000e3400000, 0x00000000e3400000, 0x00000000e3c00000)
  from space 1024K,  39% used [0x00000000e3c00000, 0x00000000e3c64258, 0x00000000e3d00000)
  to   space 1024K,   0% used [0x00000000e3d00000, 0x00000000e3d00000, 0x00000000e3e00000)
 concurrent mark-sweep generation total 33396K, used 20235K [0x00000000ecca0000, 0x00000000eed3d000, 0x0000000100000000)
 Metaspace       used 26979K, capacity 27940K, committed 28160K, reserved 1073152K
  class space    used 3327K, capacity 3574K, committed 3584K, reserved 1048576K
}
2020-11-07T19:55:29.157+0800: 12.307: Application time: 0.0261791 seconds
{Heap before GC invocations=160 (full 24):
 par new generation   total 9216K, used 8592K [0x00000000e3400000, 0x00000000e3e00000, 0x00000000ecca0000)
  eden space 8192K, 100% used [0x00000000e3400000, 0x00000000e3c00000, 0x00000000e3c00000)
  from space 1024K,  39% used [0x00000000e3c00000, 0x00000000e3c64258, 0x00000000e3d00000)
  to   space 1024K,   0% used [0x00000000e3d00000, 0x00000000e3d00000, 0x00000000e3e00000)
 concurrent mark-sweep generation total 33396K, used 20235K [0x00000000ecca0000, 0x00000000eed3d000, 0x0000000100000000)
 Metaspace       used 26992K, capacity 27940K, committed 28160K, reserved 1073152K
  class space    used 3329K, capacity 3574K, committed 3584K, reserved 1048576K
2020-11-07T19:55:29.158+0800: 12.307: [GC (Allocation Failure) 2020-11-07T19:55:29.158+0800: 12.307: [ParNew: 8592K->475K(9216K), 0.0290956 secs] 28827K->20766K(42612K), 0.0291693 secs] [Times: user=0.02 sys=0.00, real=0.03 secs] 
Heap after GC invocations=161 (full 24):
 par new generation   total 9216K, used 475K [0x00000000e3400000, 0x00000000e3e00000, 0x00000000ecca0000)
  eden space 8192K,   0% used [0x00000000e3400000, 0x00000000e3400000, 0x00000000e3c00000)
  from space 1024K,  46% used [0x00000000e3d00000, 0x00000000e3d76c50, 0x00000000e3e00000)
  to   space 1024K,   0% used [0x00000000e3c00000, 0x00000000e3c00000, 0x00000000e3d00000)
 concurrent mark-sweep generation total 33396K, used 20290K [0x00000000ecca0000, 0x00000000eed3d000, 0x0000000100000000)
 Metaspace       used 26992K, capacity 27940K, committed 28160K, reserved 1073152K
  class space    used 3329K, capacity 3574K, committed 3584K, reserved 1048576K
}
2020-11-07T19:55:29.263+0800: 12.413: Application time: 0.0763274 seconds
{Heap before GC invocations=161 (full 24):
 par new generation   total 9216K, used 8650K [0x00000000e3400000, 0x00000000e3e00000, 0x00000000ecca0000)
  eden space 8192K,  99% used [0x00000000e3400000, 0x00000000e3bfbbe8, 0x00000000e3c00000)
  from space 1024K,  46% used [0x00000000e3d00000, 0x00000000e3d76c50, 0x00000000e3e00000)
  to   space 1024K,   0% used [0x00000000e3c00000, 0x00000000e3c00000, 0x00000000e3d00000)
 concurrent mark-sweep generation total 33396K, used 20290K [0x00000000ecca0000, 0x00000000eed3d000, 0x0000000100000000)
 Metaspace       used 27073K, capacity 27940K, committed 28160K, reserved 1073152K
  class space    used 3339K, capacity 3574K, committed 3584K, reserved 1048576K
2020-11-07T19:55:29.263+0800: 12.413: [GC (Allocation Failure) 2020-11-07T19:55:29.263+0800: 12.413: [ParNew: 8650K->696K(9216K), 0.0278171 secs] 28941K->21022K(42612K), 0.0278923 secs] [Times: user=0.02 sys=0.00, real=0.03 secs] 
Heap after GC invocations=162 (full 24):
 par new generation   total 9216K, used 696K [0x00000000e3400000, 0x00000000e3e00000, 0x00000000ecca0000)
  eden space 8192K,   0% used [0x00000000e3400000, 0x00000000e3400000, 0x00000000e3c00000)
  from space 1024K,  68% used [0x00000000e3c00000, 0x00000000e3cae308, 0x00000000e3d00000)
  to   space 1024K,   0% used [0x00000000e3d00000, 0x00000000e3d00000, 0x00000000e3e00000)
 concurrent mark-sweep generation total 33396K, used 20325K [0x00000000ecca0000, 0x00000000eed3d000, 0x0000000100000000)
 Metaspace       used 27073K, capacity 27940K, committed 28160K, reserved 1073152K
  class space    used 3339K, capacity 3574K, committed 3584K, reserved 1048576K
}
2020-11-07T19:55:29.299+0800: 12.449: Application time: 0.0079344 seconds
{Heap before GC invocations=162 (full 24):
 par new generation   total 9216K, used 8878K [0x00000000e3400000, 0x00000000e3e00000, 0x00000000ecca0000)
  eden space 8192K,  99% used [0x00000000e3400000, 0x00000000e3bfd738, 0x00000000e3c00000)
  from space 1024K,  68% used [0x00000000e3c00000, 0x00000000e3cae308, 0x00000000e3d00000)
  to   space 1024K,   0% used [0x00000000e3d00000, 0x00000000e3d00000, 0x00000000e3e00000)
 concurrent mark-sweep generation total 33396K, used 20325K [0x00000000ecca0000, 0x00000000eed3d000, 0x0000000100000000)
 Metaspace       used 27073K, capacity 27940K, committed 28160K, reserved 1073152K
  class space    used 3339K, capacity 3574K, committed 3584K, reserved 1048576K
2020-11-07T19:55:29.299+0800: 12.449: [GC (Allocation Failure) 2020-11-07T19:55:29.299+0800: 12.449: [ParNew: 8878K->499K(9216K), 0.0052350 secs] 29204K->20987K(42612K), 0.0052863 secs] [Times: user=0.01 sys=0.00, real=0.01 secs] 
Heap after GC invocations=163 (full 24):
 par new generation   total 9216K, used 499K [0x00000000e3400000, 0x00000000e3e00000, 0x00000000ecca0000)
  eden space 8192K,   0% used [0x00000000e3400000, 0x00000000e3400000, 0x00000000e3c00000)
  from space 1024K,  48% used [0x00000000e3d00000, 0x00000000e3d7cc10, 0x00000000e3e00000)
  to   space 1024K,   0% used [0x00000000e3c00000, 0x00000000e3c00000, 0x00000000e3d00000)
 concurrent mark-sweep generation total 33396K, used 20488K [0x00000000ecca0000, 0x00000000eed3d000, 0x0000000100000000)
 Metaspace       used 27073K, capacity 27940K, committed 28160K, reserved 1073152K
  class space    used 3339K, capacity 3574K, committed 3584K, reserved 1048576K
}
2020-11-07T19:55:29.306+0800: 12.456: Application time: 0.0016524 seconds
{Heap before GC invocations=163 (full 24):
 par new generation   total 9216K, used 8661K [0x00000000e3400000, 0x00000000e3e00000, 0x00000000ecca0000)
  eden space 8192K,  99% used [0x00000000e3400000, 0x00000000e3bf88d8, 0x00000000e3c00000)
  from space 1024K,  48% used [0x00000000e3d00000, 0x00000000e3d7cc10, 0x00000000e3e00000)
  to   space 1024K,   0% used [0x00000000e3c00000, 0x00000000e3c00000, 0x00000000e3d00000)
 concurrent mark-sweep generation total 33396K, used 20488K [0x00000000ecca0000, 0x00000000eed3d000, 0x0000000100000000)
 Metaspace       used 27073K, capacity 27940K, committed 28160K, reserved 1073152K
  class space    used 3339K, capacity 3574K, committed 3584K, reserved 1048576K
2020-11-07T19:55:29.306+0800: 12.456: [GC (Allocation Failure) 2020-11-07T19:55:29.306+0800: 12.456: [ParNew: 8661K->613K(9216K), 0.0038767 secs] 29149K->21101K(42612K), 0.0039170 secs] [Times: user=0.00 sys=0.00, real=0.00 secs] 
Heap after GC invocations=164 (full 24):
 par new generation   total 9216K, used 613K [0x00000000e3400000, 0x00000000e3e00000, 0x00000000ecca0000)
  eden space 8192K,   0% used [0x00000000e3400000, 0x00000000e3400000, 0x00000000e3c00000)
  from space 1024K,  59% used [0x00000000e3c00000, 0x00000000e3c994b0, 0x00000000e3d00000)
  to   space 1024K,   0% used [0x00000000e3d00000, 0x00000000e3d00000, 0x00000000e3e00000)
 concurrent mark-sweep generation total 33396K, used 20488K [0x00000000ecca0000, 0x00000000eed3d000, 0x0000000100000000)
 Metaspace       used 27073K, capacity 27940K, committed 28160K, reserved 1073152K
  class space    used 3339K, capacity 3574K, committed 3584K, reserved 1048576K
}
2020-11-07T19:55:29.324+0800: 12.473: Application time: 0.0130867 seconds
{Heap before GC invocations=164 (full 24):
 par new generation   total 9216K, used 8805K [0x00000000e3400000, 0x00000000e3e00000, 0x00000000ecca0000)
  eden space 8192K, 100% used [0x00000000e3400000, 0x00000000e3c00000, 0x00000000e3c00000)
  from space 1024K,  59% used [0x00000000e3c00000, 0x00000000e3c994b0, 0x00000000e3d00000)
  to   space 1024K,   0% used [0x00000000e3d00000, 0x00000000e3d00000, 0x00000000e3e00000)
 concurrent mark-sweep generation total 33396K, used 20488K [0x00000000ecca0000, 0x00000000eed3d000, 0x0000000100000000)
 Metaspace       used 27078K, capacity 27940K, committed 28160K, reserved 1073152K
  class space    used 3341K, capacity 3574K, committed 3584K, reserved 1048576K
2020-11-07T19:55:29.324+0800: 12.473: [GC (Allocation Failure) 2020-11-07T19:55:29.324+0800: 12.473: [ParNew: 8805K->593K(9216K), 0.0035932 secs] 29293K->21082K(42612K), 0.0036358 secs] [Times: user=0.01 sys=0.00, real=0.01 secs] 
Heap after GC invocations=165 (full 24):
 par new generation   total 9216K, used 593K [0x00000000e3400000, 0x00000000e3e00000, 0x00000000ecca0000)
  eden space 8192K,   0% used [0x00000000e3400000, 0x00000000e3400000, 0x00000000e3c00000)
  from space 1024K,  57% used [0x00000000e3d00000, 0x00000000e3d94748, 0x00000000e3e00000)
  to   space 1024K,   0% used [0x00000000e3c00000, 0x00000000e3c00000, 0x00000000e3d00000)
 concurrent mark-sweep generation total 33396K, used 20488K [0x00000000ecca0000, 0x00000000eed3d000, 0x0000000100000000)
 Metaspace       used 27078K, capacity 27940K, committed 28160K, reserved 1073152K
  class space    used 3341K, capacity 3574K, committed 3584K, reserved 1048576K
}
2020-11-07T19:55:29.486+0800: 12.636: [CMS-concurrent-abortable-preclean: 0.227/1.003 secs] [Times: user=0.95 sys=0.01, real=1.01 secs] 
2020-11-07T19:55:29.488+0800: 12.637: Application time: 0.1602497 seconds
2020-11-07T19:55:29.488+0800: 12.637: [GC (CMS Final Remark) [YG occupancy: 6827 K (9216 K)]2020-11-07T19:55:29.488+0800: 12.637: [Rescan (parallel) , 0.0205550 secs]2020-11-07T19:55:29.508+0800: 12.658: [weak refs processing, 0.0001564 secs]2020-11-07T19:55:29.509+0800: 12.658: [class unloading, 0.0063447 secs]2020-11-07T19:55:29.515+0800: 12.665: [scrub symbol table, 0.0081551 secs]2020-11-07T19:55:29.523+0800: 12.673: [scrub string table, 0.0005393 secs][1 CMS-remark: 20488K(33396K)] 27315K(42612K), 0.0359623 secs] [Times: user=0.04 sys=0.00, real=0.03 secs] 
2020-11-07T19:55:29.524+0800: 12.674: [CMS-concurrent-sweep-start]
2020-11-07T19:55:29.569+0800: 12.719: [CMS-concurrent-sweep: 0.045/0.045 secs] [Times: user=0.04 sys=0.01, real=0.05 secs] 
2020-11-07T19:55:29.569+0800: 12.719: [CMS-concurrent-reset-start]
2020-11-07T19:55:29.570+0800: 12.720: [CMS-concurrent-reset: 0.001/0.001 secs] [Times: user=0.00 sys=0.00, real=0.00 secs] 
2020-11-07T19:55:29.576+0800: 12.726: Application time: 0.0520752 seconds
{Heap before GC invocations=165 (full 24):
 par new generation   total 9216K, used 8785K [0x00000000e3400000, 0x00000000e3e00000, 0x00000000ecca0000)
  eden space 8192K, 100% used [0x00000000e3400000, 0x00000000e3c00000, 0x00000000e3c00000)
  from space 1024K,  57% used [0x00000000e3d00000, 0x00000000e3d94748, 0x00000000e3e00000)
  to   space 1024K,   0% used [0x00000000e3c00000, 0x00000000e3c00000, 0x00000000e3d00000)
 concurrent mark-sweep generation total 33736K, used 20239K [0x00000000ecca0000, 0x00000000eed92000, 0x0000000100000000)
 Metaspace       used 27248K, capacity 28118K, committed 28288K, reserved 1073152K
  class space    used 3365K, capacity 3609K, committed 3712K, reserved 1048576K
2020-11-07T19:55:29.576+0800: 12.726: [GC (Allocation Failure) 2020-11-07T19:55:29.576+0800: 12.726: [ParNew: 8785K->1019K(9216K), 0.0154863 secs] 29025K->21259K(42952K), 0.0155564 secs] [Times: user=0.01 sys=0.00, real=0.01 secs] 
Heap after GC invocations=166 (full 24):
 par new generation   total 9216K, used 1019K [0x00000000e3400000, 0x00000000e3e00000, 0x00000000ecca0000)
  eden space 8192K,   0% used [0x00000000e3400000, 0x00000000e3400000, 0x00000000e3c00000)
  from space 1024K,  99% used [0x00000000e3c00000, 0x00000000e3cfef50, 0x00000000e3d00000)
  to   space 1024K,   0% used [0x00000000e3d00000, 0x00000000e3d00000, 0x00000000e3e00000)
 concurrent mark-sweep generation total 33736K, used 20239K [0x00000000ecca0000, 0x00000000eed92000, 0x0000000100000000)
 Metaspace       used 27248K, capacity 28118K, committed 28288K, reserved 1073152K
  class space    used 3365K, capacity 3609K, committed 3712K, reserved 1048576K
}
2020-11-07T19:55:29.685+0800: 12.835: Application time: 0.0934387 seconds
2020-11-07T19:55:29.752+0800: 12.901: Application time: 0.0663523 seconds
{Heap before GC invocations=166 (full 24):
 par new generation   total 9216K, used 9211K [0x00000000e3400000, 0x00000000e3e00000, 0x00000000ecca0000)
  eden space 8192K, 100% used [0x00000000e3400000, 0x00000000e3c00000, 0x00000000e3c00000)
  from space 1024K,  99% used [0x00000000e3c00000, 0x00000000e3cfef50, 0x00000000e3d00000)
  to   space 1024K,   0% used [0x00000000e3d00000, 0x00000000e3d00000, 0x00000000e3e00000)
 concurrent mark-sweep generation total 33736K, used 20239K [0x00000000ecca0000, 0x00000000eed92000, 0x0000000100000000)
 Metaspace       used 27508K, capacity 28424K, committed 28544K, reserved 1075200K
  class space    used 3387K, capacity 3644K, committed 3712K, reserved 1048576K
2020-11-07T19:55:29.752+0800: 12.901: [GC (Allocation Failure) 2020-11-07T19:55:29.752+0800: 12.901: [ParNew: 9211K->991K(9216K), 0.0148787 secs] 29451K->21922K(42952K), 0.0149338 secs] [Times: user=0.02 sys=0.00, real=0.02 secs] 
Heap after GC invocations=167 (full 24):
 par new generation   total 9216K, used 991K [0x00000000e3400000, 0x00000000e3e00000, 0x00000000ecca0000)
  eden space 8192K,   0% used [0x00000000e3400000, 0x00000000e3400000, 0x00000000e3c00000)
  from space 1024K,  96% used [0x00000000e3d00000, 0x00000000e3df7d48, 0x00000000e3e00000)
  to   space 1024K,   0% used [0x00000000e3c00000, 0x00000000e3c00000, 0x00000000e3d00000)
 concurrent mark-sweep generation total 33736K, used 20931K [0x00000000ecca0000, 0x00000000eed92000, 0x0000000100000000)
 Metaspace       used 27508K, capacity 28424K, committed 28544K, reserved 1075200K
  class space    used 3387K, capacity 3644K, committed 3712K, reserved 1048576K
}
2020-11-07T19:55:29.767+0800: 12.917: Application time: 0.0008084 seconds
2020-11-07T19:55:29.767+0800: 12.917: [GC (CMS Initial Mark) [1 CMS-initial-mark: 20931K(33736K)] 22249K(42952K), 0.0021481 secs] [Times: user=0.00 sys=0.00, real=0.00 secs] 
2020-11-07T19:55:29.770+0800: 12.919: [CMS-concurrent-mark-start]
2020-11-07T19:55:29.868+0800: 13.018: Application time: 0.0983195 seconds
{Heap before GC invocations=167 (full 25):
 par new generation   total 9216K, used 9183K [0x00000000e3400000, 0x00000000e3e00000, 0x00000000ecca0000)
  eden space 8192K, 100% used [0x00000000e3400000, 0x00000000e3c00000, 0x00000000e3c00000)
  from space 1024K,  96% used [0x00000000e3d00000, 0x00000000e3df7d48, 0x00000000e3e00000)
  to   space 1024K,   0% used [0x00000000e3c00000, 0x00000000e3c00000, 0x00000000e3d00000)
 concurrent mark-sweep generation total 33736K, used 20931K [0x00000000ecca0000, 0x00000000eed92000, 0x0000000100000000)
 Metaspace       used 27541K, capacity 28438K, committed 28544K, reserved 1075200K
  class space    used 3389K, capacity 3645K, committed 3712K, reserved 1048576K
2020-11-07T19:55:29.868+0800: 13.018: [GC (Allocation Failure) 2020-11-07T19:55:29.868+0800: 13.018: [ParNew: 9183K->392K(9216K), 0.0072885 secs] 30114K->21716K(42952K), 0.0073594 secs] [Times: user=0.01 sys=0.00, real=0.01 secs] 
Heap after GC invocations=168 (full 25):
 par new generation   total 9216K, used 392K [0x00000000e3400000, 0x00000000e3e00000, 0x00000000ecca0000)
  eden space 8192K,   0% used [0x00000000e3400000, 0x00000000e3400000, 0x00000000e3c00000)
  from space 1024K,  38% used [0x00000000e3c00000, 0x00000000e3c62388, 0x00000000e3d00000)
  to   space 1024K,   0% used [0x00000000e3d00000, 0x00000000e3d00000, 0x00000000e3e00000)
 concurrent mark-sweep generation total 33736K, used 21323K [0x00000000ecca0000, 0x00000000eed92000, 0x0000000100000000)
 Metaspace       used 27541K, capacity 28438K, committed 28544K, reserved 1075200K
  class space    used 3389K, capacity 3645K, committed 3712K, reserved 1048576K
}
2020-11-07T19:55:29.938+0800: 13.088: [CMS-concurrent-mark: 0.161/0.169 secs] [Times: user=0.16 sys=0.00, real=0.17 secs] 
2020-11-07T19:55:29.939+0800: 13.088: [CMS-concurrent-preclean-start]
2020-11-07T19:55:29.952+0800: 13.101: [CMS-concurrent-preclean: 0.013/0.013 secs] [Times: user=0.01 sys=0.00, real=0.01 secs] 
2020-11-07T19:55:29.952+0800: 13.101: [CMS-concurrent-abortable-preclean-start]
2020-11-07T19:55:29.965+0800: 13.115: Application time: 0.0897872 seconds
{Heap before GC invocations=168 (full 25):
 par new generation   total 9216K, used 8584K [0x00000000e3400000, 0x00000000e3e00000, 0x00000000ecca0000)
  eden space 8192K, 100% used [0x00000000e3400000, 0x00000000e3c00000, 0x00000000e3c00000)
  from space 1024K,  38% used [0x00000000e3c00000, 0x00000000e3c62388, 0x00000000e3d00000)
  to   space 1024K,   0% used [0x00000000e3d00000, 0x00000000e3d00000, 0x00000000e3e00000)
 concurrent mark-sweep generation total 33736K, used 21323K [0x00000000ecca0000, 0x00000000eed92000, 0x0000000100000000)
 Metaspace       used 27573K, capacity 28566K, committed 28800K, reserved 1075200K
  class space    used 3389K, capacity 3645K, committed 3712K, reserved 1048576K
2020-11-07T19:55:29.966+0800: 13.115: [GC (Allocation Failure) 2020-11-07T19:55:29.966+0800: 13.115: [ParNew: 8584K->524K(9216K), 0.0053255 secs] 29908K->21848K(42952K), 0.0053872 secs] [Times: user=0.00 sys=0.00, real=0.00 secs] 
Heap after GC invocations=169 (full 25):
 par new generation   total 9216K, used 524K [0x00000000e3400000, 0x00000000e3e00000, 0x00000000ecca0000)
  eden space 8192K,   0% used [0x00000000e3400000, 0x00000000e3400000, 0x00000000e3c00000)
  from space 1024K,  51% used [0x00000000e3d00000, 0x00000000e3d831f0, 0x00000000e3e00000)
  to   space 1024K,   0% used [0x00000000e3c00000, 0x00000000e3c00000, 0x00000000e3d00000)
 concurrent mark-sweep generation total 33736K, used 21323K [0x00000000ecca0000, 0x00000000eed92000, 0x0000000100000000)
 Metaspace       used 27573K, capacity 28566K, committed 28800K, reserved 1075200K
  class space    used 3389K, capacity 3645K, committed 3712K, reserved 1048576K
}
2020-11-07T19:55:30.047+0800: 13.197: Application time: 0.0758545 seconds
{Heap before GC invocations=169 (full 25):
 par new generation   total 9216K, used 8716K [0x00000000e3400000, 0x00000000e3e00000, 0x00000000ecca0000)
  eden space 8192K, 100% used [0x00000000e3400000, 0x00000000e3c00000, 0x00000000e3c00000)
  from space 1024K,  51% used [0x00000000e3d00000, 0x00000000e3d831f0, 0x00000000e3e00000)
  to   space 1024K,   0% used [0x00000000e3c00000, 0x00000000e3c00000, 0x00000000e3d00000)
 concurrent mark-sweep generation total 33736K, used 21323K [0x00000000ecca0000, 0x00000000eed92000, 0x0000000100000000)
 Metaspace       used 27693K, capacity 28630K, committed 28800K, reserved 1075200K
  class space    used 3399K, capacity 3645K, committed 3712K, reserved 1048576K
2020-11-07T19:55:30.047+0800: 13.197: [GC (Allocation Failure) 2020-11-07T19:55:30.047+0800: 13.197: [ParNew: 8716K->668K(9216K), 0.0216611 secs] 30040K->21992K(42952K), 0.0217148 secs] [Times: user=0.02 sys=0.00, real=0.02 secs] 
Heap after GC invocations=170 (full 25):
 par new generation   total 9216K, used 668K [0x00000000e3400000, 0x00000000e3e00000, 0x00000000ecca0000)
  eden space 8192K,   0% used [0x00000000e3400000, 0x00000000e3400000, 0x00000000e3c00000)
  from space 1024K,  65% used [0x00000000e3c00000, 0x00000000e3ca72d8, 0x00000000e3d00000)
  to   space 1024K,   0% used [0x00000000e3d00000, 0x00000000e3d00000, 0x00000000e3e00000)
 concurrent mark-sweep generation total 33736K, used 21323K [0x00000000ecca0000, 0x00000000eed92000, 0x0000000100000000)
 Metaspace       used 27693K, capacity 28630K, committed 28800K, reserved 1075200K
  class space    used 3399K, capacity 3645K, committed 3712K, reserved 1048576K
}
2020-11-07T19:55:30.120+0800: 13.270: Application time: 0.0511981 seconds
{Heap before GC invocations=170 (full 25):
 par new generation   total 9216K, used 8860K [0x00000000e3400000, 0x00000000e3e00000, 0x00000000ecca0000)
  eden space 8192K, 100% used [0x00000000e3400000, 0x00000000e3c00000, 0x00000000e3c00000)
  from space 1024K,  65% used [0x00000000e3c00000, 0x00000000e3ca72d8, 0x00000000e3d00000)
  to   space 1024K,   0% used [0x00000000e3d00000, 0x00000000e3d00000, 0x00000000e3e00000)
 concurrent mark-sweep generation total 33736K, used 21323K [0x00000000ecca0000, 0x00000000eed92000, 0x0000000100000000)
 Metaspace       used 27700K, capacity 28630K, committed 28800K, reserved 1075200K
  class space    used 3399K, capacity 3645K, committed 3712K, reserved 1048576K
2020-11-07T19:55:30.120+0800: 13.270: [GC (Allocation Failure) 2020-11-07T19:55:30.120+0800: 13.270: [ParNew: 8860K->227K(9216K), 0.0053093 secs] 30184K->21816K(42952K), 0.0053635 secs] [Times: user=0.01 sys=0.00, real=0.01 secs] 
Heap after GC invocations=171 (full 25):
 par new generation   total 9216K, used 227K [0x00000000e3400000, 0x00000000e3e00000, 0x00000000ecca0000)
  eden space 8192K,   0% used [0x00000000e3400000, 0x00000000e3400000, 0x00000000e3c00000)
  from space 1024K,  22% used [0x00000000e3d00000, 0x00000000e3d38cc8, 0x00000000e3e00000)
  to   space 1024K,   0% used [0x00000000e3c00000, 0x00000000e3c00000, 0x00000000e3d00000)
 concurrent mark-sweep generation total 33736K, used 21588K [0x00000000ecca0000, 0x00000000eed92000, 0x0000000100000000)
 Metaspace       used 27700K, capacity 28630K, committed 28800K, reserved 1075200K
  class space    used 3399K, capacity 3645K, committed 3712K, reserved 1048576K
}
2020-11-07T19:55:30.183+0800: 13.333: Application time: 0.0578512 seconds
{Heap before GC invocations=171 (full 25):
 par new generation   total 9216K, used 8419K [0x00000000e3400000, 0x00000000e3e00000, 0x00000000ecca0000)
  eden space 8192K, 100% used [0x00000000e3400000, 0x00000000e3c00000, 0x00000000e3c00000)
  from space 1024K,  22% used [0x00000000e3d00000, 0x00000000e3d38cc8, 0x00000000e3e00000)
  to   space 1024K,   0% used [0x00000000e3c00000, 0x00000000e3c00000, 0x00000000e3d00000)
 concurrent mark-sweep generation total 33736K, used 21588K [0x00000000ecca0000, 0x00000000eed92000, 0x0000000100000000)
 Metaspace       used 27735K, capacity 28708K, committed 28800K, reserved 1075200K
  class space    used 3405K, capacity 3648K, committed 3712K, reserved 1048576K
2020-11-07T19:55:30.184+0800: 13.333: [GC (Allocation Failure) 2020-11-07T19:55:30.184+0800: 13.333: [ParNew: 8419K->477K(9216K), 0.0044355 secs] 30008K->22065K(42952K), 0.0044890 secs] [Times: user=0.01 sys=0.00, real=0.01 secs] 
Heap after GC invocations=172 (full 25):
 par new generation   total 9216K, used 477K [0x00000000e3400000, 0x00000000e3e00000, 0x00000000ecca0000)
  eden space 8192K,   0% used [0x00000000e3400000, 0x00000000e3400000, 0x00000000e3c00000)
  from space 1024K,  46% used [0x00000000e3c00000, 0x00000000e3c77420, 0x00000000e3d00000)
  to   space 1024K,   0% used [0x00000000e3d00000, 0x00000000e3d00000, 0x00000000e3e00000)
 concurrent mark-sweep generation total 33736K, used 21588K [0x00000000ecca0000, 0x00000000eed92000, 0x0000000100000000)
 Metaspace       used 27735K, capacity 28708K, committed 28800K, reserved 1075200K
  class space    used 3405K, capacity 3648K, committed 3712K, reserved 1048576K
}
2020-11-07T19:55:30.234+0800: 13.384: Application time: 0.0458549 seconds
2020-11-07T19:55:30.248+0800: 13.397: Application time: 0.0051191 seconds
{Heap before GC invocations=172 (full 25):
 par new generation   total 9216K, used 8669K [0x00000000e3400000, 0x00000000e3e00000, 0x00000000ecca0000)
  eden space 8192K, 100% used [0x00000000e3400000, 0x00000000e3c00000, 0x00000000e3c00000)
  from space 1024K,  46% used [0x00000000e3c00000, 0x00000000e3c77420, 0x00000000e3d00000)
  to   space 1024K,   0% used [0x00000000e3d00000, 0x00000000e3d00000, 0x00000000e3e00000)
 concurrent mark-sweep generation total 33736K, used 21588K [0x00000000ecca0000, 0x00000000eed92000, 0x0000000100000000)
 Metaspace       used 27777K, capacity 28728K, committed 28800K, reserved 1075200K
  class space    used 3414K, capacity 3654K, committed 3712K, reserved 1048576K
2020-11-07T19:55:30.248+0800: 13.398: [GC (Allocation Failure) 2020-11-07T19:55:30.248+0800: 13.398: [ParNew: 8669K->762K(9216K), 0.0084147 secs] 30257K->22351K(42952K), 0.0084661 secs] [Times: user=0.01 sys=0.00, real=0.01 secs] 
Heap after GC invocations=173 (full 25):
 par new generation   total 9216K, used 762K [0x00000000e3400000, 0x00000000e3e00000, 0x00000000ecca0000)
  eden space 8192K,   0% used [0x00000000e3400000, 0x00000000e3400000, 0x00000000e3c00000)
  from space 1024K,  74% used [0x00000000e3d00000, 0x00000000e3dbeb80, 0x00000000e3e00000)
  to   space 1024K,   0% used [0x00000000e3c00000, 0x00000000e3c00000, 0x00000000e3d00000)
 concurrent mark-sweep generation total 33736K, used 21588K [0x00000000ecca0000, 0x00000000eed92000, 0x0000000100000000)
 Metaspace       used 27777K, capacity 28728K, committed 28800K, reserved 1075200K
  class space    used 3414K, capacity 3654K, committed 3712K, reserved 1048576K
}
2020-11-07T19:55:30.258+0800: 13.407: Application time: 0.0011061 seconds
2020-11-07T19:55:30.264+0800: 13.414: [CMS-concurrent-abortable-preclean: 0.054/0.312 secs] [Times: user=0.30 sys=0.01, real=0.31 secs] 
2020-11-07T19:55:30.264+0800: 13.414: Application time: 0.0064497 seconds
2020-11-07T19:55:30.264+0800: 13.414: [GC (CMS Final Remark) [YG occupancy: 6719 K (9216 K)]2020-11-07T19:55:30.264+0800: 13.414: [Rescan (parallel) , 0.0074815 secs]2020-11-07T19:55:30.272+0800: 13.421: [weak refs processing, 0.0023922 secs]2020-11-07T19:55:30.274+0800: 13.424: [class unloading, 0.0092835 secs]2020-11-07T19:55:30.283+0800: 13.433: [scrub symbol table, 0.0076869 secs]2020-11-07T19:55:30.291+0800: 13.441: [scrub string table, 0.0005745 secs][1 CMS-remark: 21588K(33736K)] 28308K(42952K), 0.0276278 secs] [Times: user=0.03 sys=0.00, real=0.03 secs] 
2020-11-07T19:55:30.300+0800: 13.450: Application time: 0.0084675 seconds
2020-11-07T19:55:30.301+0800: 13.450: [CMS-concurrent-sweep-start]
2020-11-07T19:55:30.313+0800: 13.462: Application time: 0.0121879 seconds
{Heap before GC invocations=173 (full 25):
 par new generation   total 9216K, used 8954K [0x00000000e3400000, 0x00000000e3e00000, 0x00000000ecca0000)
  eden space 8192K, 100% used [0x00000000e3400000, 0x00000000e3c00000, 0x00000000e3c00000)
  from space 1024K,  74% used [0x00000000e3d00000, 0x00000000e3dbeb80, 0x00000000e3e00000)
  to   space 1024K,   0% used [0x00000000e3c00000, 0x00000000e3c00000, 0x00000000e3d00000)
 concurrent mark-sweep generation total 33736K, used 21551K [0x00000000ecca0000, 0x00000000eed92000, 0x0000000100000000)
 Metaspace       used 27777K, capacity 28728K, committed 28800K, reserved 1075200K
  class space    used 3414K, capacity 3654K, committed 3712K, reserved 1048576K
2020-11-07T19:55:30.313+0800: 13.462: [GC (Allocation Failure) 2020-11-07T19:55:30.313+0800: 13.462: [ParNew: 8954K->134K(9216K), 0.0110812 secs] 30505K->22324K(42952K), 0.0111582 secs] [Times: user=0.01 sys=0.00, real=0.01 secs] 
Heap after GC invocations=174 (full 25):
 par new generation   total 9216K, used 134K [0x00000000e3400000, 0x00000000e3e00000, 0x00000000ecca0000)
  eden space 8192K,   0% used [0x00000000e3400000, 0x00000000e3400000, 0x00000000e3c00000)
  from space 1024K,  13% used [0x00000000e3c00000, 0x00000000e3c21b10, 0x00000000e3d00000)
  to   space 1024K,   0% used [0x00000000e3d00000, 0x00000000e3d00000, 0x00000000e3e00000)
 concurrent mark-sweep generation total 33736K, used 22189K [0x00000000ecca0000, 0x00000000eed92000, 0x0000000100000000)
 Metaspace       used 27777K, capacity 28728K, committed 28800K, reserved 1075200K
  class space    used 3414K, capacity 3654K, committed 3712K, reserved 1048576K
}
2020-11-07T19:55:30.336+0800: 13.486: [CMS-concurrent-sweep: 0.016/0.036 secs] [Times: user=0.04 sys=0.00, real=0.04 secs] 
2020-11-07T19:55:30.337+0800: 13.486: [CMS-concurrent-reset-start]
2020-11-07T19:55:30.342+0800: 13.492: Application time: 0.0180305 seconds
2020-11-07T19:55:30.342+0800: 13.492: [CMS-concurrent-reset: 0.005/0.006 secs] [Times: user=0.00 sys=0.00, real=0.00 secs] 
2020-11-07T19:55:30.342+0800: 13.492: Application time: 0.0000792 seconds
2020-11-07T19:55:30.343+0800: 13.493: Application time: 0.0007096 seconds
2020-11-07T19:55:30.344+0800: 13.493: Application time: 0.0004935 seconds
{Heap before GC invocations=174 (full 25):
 par new generation   total 9216K, used 8326K [0x00000000e3400000, 0x00000000e3e00000, 0x00000000ecca0000)
  eden space 8192K, 100% used [0x00000000e3400000, 0x00000000e3c00000, 0x00000000e3c00000)
  from space 1024K,  13% used [0x00000000e3c00000, 0x00000000e3c21b10, 0x00000000e3d00000)
  to   space 1024K,   0% used [0x00000000e3d00000, 0x00000000e3d00000, 0x00000000e3e00000)
 concurrent mark-sweep generation total 36740K, used 22041K [0x00000000ecca0000, 0x00000000ef081000, 0x0000000100000000)
 Metaspace       used 27834K, capacity 28780K, committed 29056K, reserved 1075200K
  class space    used 3417K, capacity 3652K, committed 3712K, reserved 1048576K
2020-11-07T19:55:30.344+0800: 13.493: [GC (Allocation Failure) 2020-11-07T19:55:30.344+0800: 13.493: [ParNew: 8326K->104K(9216K), 0.0023329 secs] 30368K->22145K(45956K), 0.0023742 secs] [Times: user=0.01 sys=0.00, real=0.01 secs] 
Heap after GC invocations=175 (full 25):
 par new generation   total 9216K, used 104K [0x00000000e3400000, 0x00000000e3e00000, 0x00000000ecca0000)
  eden space 8192K,   0% used [0x00000000e3400000, 0x00000000e3400000, 0x00000000e3c00000)
  from space 1024K,  10% used [0x00000000e3d00000, 0x00000000e3d1a020, 0x00000000e3e00000)
  to   space 1024K,   0% used [0x00000000e3c00000, 0x00000000e3c00000, 0x00000000e3d00000)
 concurrent mark-sweep generation total 36740K, used 22041K [0x00000000ecca0000, 0x00000000ef081000, 0x0000000100000000)
 Metaspace       used 27834K, capacity 28780K, committed 29056K, reserved 1075200K
  class space    used 3417K, capacity 3652K, committed 3712K, reserved 1048576K
}
2020-11-07T19:55:30.360+0800: 13.510: Application time: 0.0140941 seconds
{Heap before GC invocations=175 (full 25):
 par new generation   total 9216K, used 8296K [0x00000000e3400000, 0x00000000e3e00000, 0x00000000ecca0000)
  eden space 8192K, 100% used [0x00000000e3400000, 0x00000000e3c00000, 0x00000000e3c00000)
  from space 1024K,  10% used [0x00000000e3d00000, 0x00000000e3d1a020, 0x00000000e3e00000)
  to   space 1024K,   0% used [0x00000000e3c00000, 0x00000000e3c00000, 0x00000000e3d00000)
 concurrent mark-sweep generation total 36740K, used 22041K [0x00000000ecca0000, 0x00000000ef081000, 0x0000000100000000)
 Metaspace       used 27837K, capacity 28780K, committed 29056K, reserved 1075200K
  class space    used 3418K, capacity 3652K, committed 3712K, reserved 1048576K
2020-11-07T19:55:30.369+0800: 13.519: [GC (Allocation Failure) 2020-11-07T19:55:30.369+0800: 13.519: [ParNew: 8296K->24K(9216K), 0.0094863 secs] 30337K->22066K(45956K), 0.0095503 secs] [Times: user=0.01 sys=0.00, real=0.01 secs] 
Heap after GC invocations=176 (full 25):
 par new generation   total 9216K, used 24K [0x00000000e3400000, 0x00000000e3e00000, 0x00000000ecca0000)
  eden space 8192K,   0% used [0x00000000e3400000, 0x00000000e3400000, 0x00000000e3c00000)
  from space 1024K,   2% used [0x00000000e3c00000, 0x00000000e3c063a0, 0x00000000e3d00000)
  to   space 1024K,   0% used [0x00000000e3d00000, 0x00000000e3d00000, 0x00000000e3e00000)
 concurrent mark-sweep generation total 36740K, used 22041K [0x00000000ecca0000, 0x00000000ef081000, 0x0000000100000000)
 Metaspace       used 27837K, capacity 28780K, committed 29056K, reserved 1075200K
  class space    used 3418K, capacity 3652K, committed 3712K, reserved 1048576K
}
2020-11-07T19:55:30.388+0800: 13.538: Application time: 0.0092627 seconds
{Heap before GC invocations=176 (full 25):
 par new generation   total 9216K, used 8216K [0x00000000e3400000, 0x00000000e3e00000, 0x00000000ecca0000)
  eden space 8192K, 100% used [0x00000000e3400000, 0x00000000e3c00000, 0x00000000e3c00000)
  from space 1024K,   2% used [0x00000000e3c00000, 0x00000000e3c063a0, 0x00000000e3d00000)
  to   space 1024K,   0% used [0x00000000e3d00000, 0x00000000e3d00000, 0x00000000e3e00000)
 concurrent mark-sweep generation total 36740K, used 22041K [0x00000000ecca0000, 0x00000000ef081000, 0x0000000100000000)
 Metaspace       used 27840K, capacity 28780K, committed 29056K, reserved 1075200K
  class space    used 3418K, capacity 3652K, committed 3712K, reserved 1048576K
2020-11-07T19:55:30.388+0800: 13.538: [GC (Allocation Failure) 2020-11-07T19:55:30.388+0800: 13.538: [ParNew: 8216K->45K(9216K), 0.0025895 secs] 30258K->22087K(45956K), 0.0026335 secs] [Times: user=0.00 sys=0.00, real=0.00 secs] 
Heap after GC invocations=177 (full 25):
 par new generation   total 9216K, used 45K [0x00000000e3400000, 0x00000000e3e00000, 0x00000000ecca0000)
  eden space 8192K,   0% used [0x00000000e3400000, 0x00000000e3400000, 0x00000000e3c00000)
  from space 1024K,   4% used [0x00000000e3d00000, 0x00000000e3d0b5c8, 0x00000000e3e00000)
  to   space 1024K,   0% used [0x00000000e3c00000, 0x00000000e3c00000, 0x00000000e3d00000)
 concurrent mark-sweep generation total 36740K, used 22041K [0x00000000ecca0000, 0x00000000ef081000, 0x0000000100000000)
 Metaspace       used 27840K, capacity 28780K, committed 29056K, reserved 1075200K
  class space    used 3418K, capacity 3652K, committed 3712K, reserved 1048576K
}
2020-11-07T19:55:30.402+0800: 13.552: Application time: 0.0112430 seconds
{Heap before GC invocations=177 (full 25):
 par new generation   total 9216K, used 8237K [0x00000000e3400000, 0x00000000e3e00000, 0x00000000ecca0000)
  eden space 8192K, 100% used [0x00000000e3400000, 0x00000000e3c00000, 0x00000000e3c00000)
  from space 1024K,   4% used [0x00000000e3d00000, 0x00000000e3d0b5c8, 0x00000000e3e00000)
  to   space 1024K,   0% used [0x00000000e3c00000, 0x00000000e3c00000, 0x00000000e3d00000)
 concurrent mark-sweep generation total 36740K, used 22041K [0x00000000ecca0000, 0x00000000ef081000, 0x0000000100000000)
 Metaspace       used 27885K, capacity 28844K, committed 29056K, reserved 1075200K
  class space    used 3422K, capacity 3652K, committed 3712K, reserved 1048576K
2020-11-07T19:55:30.407+0800: 13.557: [GC (Allocation Failure) 2020-11-07T19:55:30.407+0800: 13.557: [ParNew: 8237K->74K(9216K), 0.0025461 secs] 30279K->22116K(45956K), 0.0026112 secs] [Times: user=0.00 sys=0.00, real=0.00 secs] 
Heap after GC invocations=178 (full 25):
 par new generation   total 9216K, used 74K [0x00000000e3400000, 0x00000000e3e00000, 0x00000000ecca0000)
  eden space 8192K,   0% used [0x00000000e3400000, 0x00000000e3400000, 0x00000000e3c00000)
  from space 1024K,   7% used [0x00000000e3c00000, 0x00000000e3c12a98, 0x00000000e3d00000)
  to   space 1024K,   0% used [0x00000000e3d00000, 0x00000000e3d00000, 0x00000000e3e00000)
 concurrent mark-sweep generation total 36740K, used 22041K [0x00000000ecca0000, 0x00000000ef081000, 0x0000000100000000)
 Metaspace       used 27885K, capacity 28844K, committed 29056K, reserved 1075200K
  class space    used 3422K, capacity 3652K, committed 3712K, reserved 1048576K
}
2020-11-07T19:55:30.421+0800: 13.570: Application time: 0.0110203 seconds
{Heap before GC invocations=178 (full 25):
 par new generation   total 9216K, used 8266K [0x00000000e3400000, 0x00000000e3e00000, 0x00000000ecca0000)
  eden space 8192K, 100% used [0x00000000e3400000, 0x00000000e3c00000, 0x00000000e3c00000)
  from space 1024K,   7% used [0x00000000e3c00000, 0x00000000e3c12a98, 0x00000000e3d00000)
  to   space 1024K,   0% used [0x00000000e3d00000, 0x00000000e3d00000, 0x00000000e3e00000)
 concurrent mark-sweep generation total 36740K, used 22041K [0x00000000ecca0000, 0x00000000ef081000, 0x0000000100000000)
 Metaspace       used 27906K, capacity 28876K, committed 29056K, reserved 1075200K
  class space    used 3426K, capacity 3684K, committed 3712K, reserved 1048576K
2020-11-07T19:55:30.429+0800: 13.579: [GC (Allocation Failure) 2020-11-07T19:55:30.429+0800: 13.579: [ParNew: 8266K->41K(9216K), 0.0026752 secs] 30308K->22082K(45956K), 0.0027366 secs] [Times: user=0.00 sys=0.00, real=0.00 secs] 
Heap after GC invocations=179 (full 25):
 par new generation   total 9216K, used 41K [0x00000000e3400000, 0x00000000e3e00000, 0x00000000ecca0000)
  eden space 8192K,   0% used [0x00000000e3400000, 0x00000000e3400000, 0x00000000e3c00000)
  from space 1024K,   4% used [0x00000000e3d00000, 0x00000000e3d0a4a0, 0x00000000e3e00000)
  to   space 1024K,   0% used [0x00000000e3c00000, 0x00000000e3c00000, 0x00000000e3d00000)
 concurrent mark-sweep generation total 36740K, used 22041K [0x00000000ecca0000, 0x00000000ef081000, 0x0000000100000000)
 Metaspace       used 27906K, capacity 28876K, committed 29056K, reserved 1075200K
  class space    used 3426K, capacity 3684K, committed 3712K, reserved 1048576K
}
2020-11-07T19:55:30.442+0800: 13.591: Application time: 0.0098492 seconds
{Heap before GC invocations=179 (full 25):
 par new generation   total 9216K, used 8233K [0x00000000e3400000, 0x00000000e3e00000, 0x00000000ecca0000)
  eden space 8192K, 100% used [0x00000000e3400000, 0x00000000e3c00000, 0x00000000e3c00000)
  from space 1024K,   4% used [0x00000000e3d00000, 0x00000000e3d0a4a0, 0x00000000e3e00000)
  to   space 1024K,   0% used [0x00000000e3c00000, 0x00000000e3c00000, 0x00000000e3d00000)
 concurrent mark-sweep generation total 36740K, used 22041K [0x00000000ecca0000, 0x00000000ef081000, 0x0000000100000000)
 Metaspace       used 27921K, capacity 28876K, committed 29056K, reserved 1075200K
  class space    used 3427K, capacity 3684K, committed 3712K, reserved 1048576K
2020-11-07T19:55:30.451+0800: 13.601: [GC (Allocation Failure) 2020-11-07T19:55:30.451+0800: 13.601: [ParNew: 8233K->64K(9216K), 0.0025582 secs] 30274K->22105K(45956K), 0.0026098 secs] [Times: user=0.00 sys=0.00, real=0.00 secs] 
Heap after GC invocations=180 (full 25):
 par new generation   total 9216K, used 64K [0x00000000e3400000, 0x00000000e3e00000, 0x00000000ecca0000)
  eden space 8192K,   0% used [0x00000000e3400000, 0x00000000e3400000, 0x00000000e3c00000)
  from space 1024K,   6% used [0x00000000e3c00000, 0x00000000e3c10090, 0x00000000e3d00000)
  to   space 1024K,   0% used [0x00000000e3d00000, 0x00000000e3d00000, 0x00000000e3e00000)
 concurrent mark-sweep generation total 36740K, used 22041K [0x00000000ecca0000, 0x00000000ef081000, 0x0000000100000000)
 Metaspace       used 27921K, capacity 28876K, committed 29056K, reserved 1075200K
  class space    used 3427K, capacity 3684K, committed 3712K, reserved 1048576K
}
2020-11-07T19:55:30.463+0800: 13.612: Application time: 0.0090777 seconds
2020-11-07T19:55:30.465+0800: 13.615: Application time: 0.0018930 seconds
{Heap before GC invocations=180 (full 25):
 par new generation   total 9216K, used 8256K [0x00000000e3400000, 0x00000000e3e00000, 0x00000000ecca0000)
  eden space 8192K, 100% used [0x00000000e3400000, 0x00000000e3c00000, 0x00000000e3c00000)
  from space 1024K,   6% used [0x00000000e3c00000, 0x00000000e3c10090, 0x00000000e3d00000)
  to   space 1024K,   0% used [0x00000000e3d00000, 0x00000000e3d00000, 0x00000000e3e00000)
 concurrent mark-sweep generation total 36740K, used 22041K [0x00000000ecca0000, 0x00000000ef081000, 0x0000000100000000)
 Metaspace       used 27981K, capacity 28940K, committed 29056K, reserved 1075200K
  class space    used 3431K, capacity 3684K, committed 3712K, reserved 1048576K
2020-11-07T19:55:30.465+0800: 13.615: [GC (Allocation Failure) 2020-11-07T19:55:30.465+0800: 13.615: [ParNew: 8256K->114K(9216K), 0.0026740 secs] 30297K->22155K(45956K), 0.0027164 secs] [Times: user=0.00 sys=0.00, real=0.00 secs] 
Heap after GC invocations=181 (full 25):
 par new generation   total 9216K, used 114K [0x00000000e3400000, 0x00000000e3e00000, 0x00000000ecca0000)
  eden space 8192K,   0% used [0x00000000e3400000, 0x00000000e3400000, 0x00000000e3c00000)
  from space 1024K,  11% used [0x00000000e3d00000, 0x00000000e3d1c878, 0x00000000e3e00000)
  to   space 1024K,   0% used [0x00000000e3c00000, 0x00000000e3c00000, 0x00000000e3d00000)
 concurrent mark-sweep generation total 36740K, used 22041K [0x00000000ecca0000, 0x00000000ef081000, 0x0000000100000000)
 Metaspace       used 27981K, capacity 28940K, committed 29056K, reserved 1075200K
  class space    used 3431K, capacity 3684K, committed 3712K, reserved 1048576K
}
2020-11-07T19:55:30.468+0800: 13.618: Application time: 0.0000509 seconds
2020-11-07T19:55:30.469+0800: 13.619: Application time: 0.0011084 seconds
2020-11-07T19:55:30.469+0800: 13.619: Application time: 0.0000752 seconds
2020-11-07T19:55:30.474+0800: 13.624: Application time: 0.0043071 seconds
2020-11-07T19:55:30.474+0800: 13.624: Application time: 0.0006240 seconds
2020-11-07T19:55:30.475+0800: 13.624: Application time: 0.0000326 seconds
2020-11-07T19:55:30.481+0800: 13.631: Application time: 0.0064732 seconds
2020-11-07T19:55:30.487+0800: 13.636: Application time: 0.0009958 seconds
{Heap before GC invocations=181 (full 25):
 par new generation   total 9216K, used 8306K [0x00000000e3400000, 0x00000000e3e00000, 0x00000000ecca0000)
  eden space 8192K, 100% used [0x00000000e3400000, 0x00000000e3c00000, 0x00000000e3c00000)
  from space 1024K,  11% used [0x00000000e3d00000, 0x00000000e3d1c878, 0x00000000e3e00000)
  to   space 1024K,   0% used [0x00000000e3c00000, 0x00000000e3c00000, 0x00000000e3d00000)
 concurrent mark-sweep generation total 36740K, used 22041K [0x00000000ecca0000, 0x00000000ef081000, 0x0000000100000000)
 Metaspace       used 27993K, capacity 28940K, committed 29056K, reserved 1075200K
  class space    used 3433K, capacity 3684K, committed 3712K, reserved 1048576K
2020-11-07T19:55:30.487+0800: 13.636: [GC (Allocation Failure) 2020-11-07T19:55:30.487+0800: 13.636: [ParNew: 8306K->120K(9216K), 0.0142163 secs] 30347K->22162K(45956K), 0.0142888 secs] [Times: user=0.01 sys=0.00, real=0.01 secs] 
Heap after GC invocations=182 (full 25):
 par new generation   total 9216K, used 120K [0x00000000e3400000, 0x00000000e3e00000, 0x00000000ecca0000)
  eden space 8192K,   0% used [0x00000000e3400000, 0x00000000e3400000, 0x00000000e3c00000)
  from space 1024K,  11% used [0x00000000e3c00000, 0x00000000e3c1e1c8, 0x00000000e3d00000)
  to   space 1024K,   0% used [0x00000000e3d00000, 0x00000000e3d00000, 0x00000000e3e00000)
 concurrent mark-sweep generation total 36740K, used 22041K [0x00000000ecca0000, 0x00000000ef081000, 0x0000000100000000)
 Metaspace       used 27993K, capacity 28940K, committed 29056K, reserved 1075200K
  class space    used 3433K, capacity 3684K, committed 3712K, reserved 1048576K
}
2020-11-07T19:55:30.512+0800: 13.661: Application time: 0.0106665 seconds
{Heap before GC invocations=182 (full 25):
 par new generation   total 9216K, used 8312K [0x00000000e3400000, 0x00000000e3e00000, 0x00000000ecca0000)
  eden space 8192K, 100% used [0x00000000e3400000, 0x00000000e3c00000, 0x00000000e3c00000)
  from space 1024K,  11% used [0x00000000e3c00000, 0x00000000e3c1e1c8, 0x00000000e3d00000)
  to   space 1024K,   0% used [0x00000000e3d00000, 0x00000000e3d00000, 0x00000000e3e00000)
 concurrent mark-sweep generation total 36740K, used 22041K [0x00000000ecca0000, 0x00000000ef081000, 0x0000000100000000)
 Metaspace       used 28028K, capacity 29004K, committed 29056K, reserved 1075200K
  class space    used 3436K, capacity 3684K, committed 3712K, reserved 1048576K
2020-11-07T19:55:30.512+0800: 13.662: [GC (Allocation Failure) 2020-11-07T19:55:30.512+0800: 13.662: [ParNew: 8312K->83K(9216K), 0.0030128 secs] 30354K->22128K(45956K), 0.0030581 secs] [Times: user=0.01 sys=0.00, real=0.01 secs] 
Heap after GC invocations=183 (full 25):
 par new generation   total 9216K, used 83K [0x00000000e3400000, 0x00000000e3e00000, 0x00000000ecca0000)
  eden space 8192K,   0% used [0x00000000e3400000, 0x00000000e3400000, 0x00000000e3c00000)
  from space 1024K,   8% used [0x00000000e3d00000, 0x00000000e3d14de8, 0x00000000e3e00000)
  to   space 1024K,   0% used [0x00000000e3c00000, 0x00000000e3c00000, 0x00000000e3d00000)
 concurrent mark-sweep generation total 36740K, used 22044K [0x00000000ecca0000, 0x00000000ef081000, 0x0000000100000000)
 Metaspace       used 28028K, capacity 29004K, committed 29056K, reserved 1075200K
  class space    used 3436K, capacity 3684K, committed 3712K, reserved 1048576K
}
2020-11-07T19:55:30.521+0800: 13.670: Application time: 0.0051521 seconds
2020-11-07T19:55:30.521+0800: 13.670: [GC (CMS Initial Mark) [1 CMS-initial-mark: 22044K(36740K)] 25707K(45956K), 0.0034487 secs] [Times: user=0.01 sys=0.00, real=0.00 secs] 
2020-11-07T19:55:30.532+0800: 13.681: [CMS-concurrent-mark-start]
2020-11-07T19:55:30.538+0800: 13.687: Application time: 0.0132930 seconds
{Heap before GC invocations=183 (full 26):
 par new generation   total 9216K, used 8275K [0x00000000e3400000, 0x00000000e3e00000, 0x00000000ecca0000)
  eden space 8192K, 100% used [0x00000000e3400000, 0x00000000e3c00000, 0x00000000e3c00000)
  from space 1024K,   8% used [0x00000000e3d00000, 0x00000000e3d14de8, 0x00000000e3e00000)
  to   space 1024K,   0% used [0x00000000e3c00000, 0x00000000e3c00000, 0x00000000e3d00000)
 concurrent mark-sweep generation total 36740K, used 22044K [0x00000000ecca0000, 0x00000000ef081000, 0x0000000100000000)
 Metaspace       used 28082K, capacity 29004K, committed 29056K, reserved 1075200K
  class space    used 3443K, capacity 3684K, committed 3712K, reserved 1048576K
2020-11-07T19:55:30.538+0800: 13.687: [GC (Allocation Failure) 2020-11-07T19:55:30.538+0800: 13.687: [ParNew: 8275K->143K(9216K), 0.0119899 secs] 30320K->22195K(45956K), 0.0120614 secs] [Times: user=0.01 sys=0.00, real=0.01 secs] 
Heap after GC invocations=184 (full 26):
 par new generation   total 9216K, used 143K [0x00000000e3400000, 0x00000000e3e00000, 0x00000000ecca0000)
  eden space 8192K,   0% used [0x00000000e3400000, 0x00000000e3400000, 0x00000000e3c00000)
  from space 1024K,  13% used [0x00000000e3c00000, 0x00000000e3c23d58, 0x00000000e3d00000)
  to   space 1024K,   0% used [0x00000000e3d00000, 0x00000000e3d00000, 0x00000000e3e00000)
 concurrent mark-sweep generation total 36740K, used 22051K [0x00000000ecca0000, 0x00000000ef081000, 0x0000000100000000)
 Metaspace       used 28082K, capacity 29004K, committed 29056K, reserved 1075200K
  class space    used 3443K, capacity 3684K, committed 3712K, reserved 1048576K
}
2020-11-07T19:55:30.551+0800: 13.700: Application time: 0.0008479 seconds
2020-11-07T19:55:30.554+0800: 13.703: Application time: 0.0028191 seconds
2020-11-07T19:55:30.574+0800: 13.724: Application time: 0.0208386 seconds
{Heap before GC invocations=184 (full 26):
 par new generation   total 9216K, used 8335K [0x00000000e3400000, 0x00000000e3e00000, 0x00000000ecca0000)
  eden space 8192K, 100% used [0x00000000e3400000, 0x00000000e3c00000, 0x00000000e3c00000)
  from space 1024K,  13% used [0x00000000e3c00000, 0x00000000e3c23d58, 0x00000000e3d00000)
  to   space 1024K,   0% used [0x00000000e3d00000, 0x00000000e3d00000, 0x00000000e3e00000)
 concurrent mark-sweep generation total 36740K, used 22051K [0x00000000ecca0000, 0x00000000ef081000, 0x0000000100000000)
 Metaspace       used 28202K, capacity 29132K, committed 29312K, reserved 1075200K
  class space    used 3449K, capacity 3684K, committed 3712K, reserved 1048576K
2020-11-07T19:55:30.575+0800: 13.724: [GC (Allocation Failure) 2020-11-07T19:55:30.575+0800: 13.724: [ParNew: 8335K->224K(9216K), 0.0095603 secs] 30387K->22279K(45956K), 0.0096198 secs] [Times: user=0.01 sys=0.00, real=0.00 secs] 
Heap after GC invocations=185 (full 26):
 par new generation   total 9216K, used 224K [0x00000000e3400000, 0x00000000e3e00000, 0x00000000ecca0000)
  eden space 8192K,   0% used [0x00000000e3400000, 0x00000000e3400000, 0x00000000e3c00000)
  from space 1024K,  21% used [0x00000000e3d00000, 0x00000000e3d38248, 0x00000000e3e00000)
  to   space 1024K,   0% used [0x00000000e3c00000, 0x00000000e3c00000, 0x00000000e3d00000)
 concurrent mark-sweep generation total 36740K, used 22054K [0x00000000ecca0000, 0x00000000ef081000, 0x0000000100000000)
 Metaspace       used 28202K, capacity 29132K, committed 29312K, reserved 1075200K
  class space    used 3449K, capacity 3684K, committed 3712K, reserved 1048576K
}
2020-11-07T19:55:30.600+0800: 13.750: Application time: 0.0159546 seconds
2020-11-07T19:55:30.600+0800: 13.750: Application time: 0.0000334 seconds
2020-11-07T19:55:30.601+0800: 13.751: Application time: 0.0009298 seconds
2020-11-07T19:55:30.609+0800: 13.759: Application time: 0.0076825 seconds
2020-11-07T19:55:30.610+0800: 13.760: Application time: 0.0014122 seconds
2020-11-07T19:55:30.626+0800: 13.776: Application time: 0.0153696 seconds
{Heap before GC invocations=185 (full 26):
 par new generation   total 9216K, used 8416K [0x00000000e3400000, 0x00000000e3e00000, 0x00000000ecca0000)
  eden space 8192K, 100% used [0x00000000e3400000, 0x00000000e3c00000, 0x00000000e3c00000)
  from space 1024K,  21% used [0x00000000e3d00000, 0x00000000e3d38248, 0x00000000e3e00000)
  to   space 1024K,   0% used [0x00000000e3c00000, 0x00000000e3c00000, 0x00000000e3d00000)
 concurrent mark-sweep generation total 36740K, used 22054K [0x00000000ecca0000, 0x00000000ef081000, 0x0000000100000000)
 Metaspace       used 28260K, capacity 29196K, committed 29312K, reserved 1075200K
  class space    used 3454K, capacity 3684K, committed 3712K, reserved 1048576K
2020-11-07T19:55:30.626+0800: 13.776: [GC (Allocation Failure) 2020-11-07T19:55:30.626+0800: 13.776: [ParNew: 8416K->190K(9216K), 0.0180316 secs] 30471K->22248K(45956K), 0.0181214 secs] [Times: user=0.02 sys=0.00, real=0.01 secs] 
Heap after GC invocations=186 (full 26):
 par new generation   total 9216K, used 190K [0x00000000e3400000, 0x00000000e3e00000, 0x00000000ecca0000)
  eden space 8192K,   0% used [0x00000000e3400000, 0x00000000e3400000, 0x00000000e3c00000)
  from space 1024K,  18% used [0x00000000e3c00000, 0x00000000e3c2f958, 0x00000000e3d00000)
  to   space 1024K,   0% used [0x00000000e3d00000, 0x00000000e3d00000, 0x00000000e3e00000)
 concurrent mark-sweep generation total 36740K, used 22058K [0x00000000ecca0000, 0x00000000ef081000, 0x0000000100000000)
 Metaspace       used 28260K, capacity 29196K, committed 29312K, reserved 1075200K
  class space    used 3454K, capacity 3684K, committed 3712K, reserved 1048576K
}
2020-11-07T19:55:30.673+0800: 13.823: Application time: 0.0290371 seconds
{Heap before GC invocations=186 (full 26):
 par new generation   total 9216K, used 8382K [0x00000000e3400000, 0x00000000e3e00000, 0x00000000ecca0000)
  eden space 8192K, 100% used [0x00000000e3400000, 0x00000000e3c00000, 0x00000000e3c00000)
  from space 1024K,  18% used [0x00000000e3c00000, 0x00000000e3c2f958, 0x00000000e3d00000)
  to   space 1024K,   0% used [0x00000000e3d00000, 0x00000000e3d00000, 0x00000000e3e00000)
 concurrent mark-sweep generation total 36740K, used 22058K [0x00000000ecca0000, 0x00000000ef081000, 0x0000000100000000)
 Metaspace       used 28270K, capacity 29196K, committed 29312K, reserved 1075200K
  class space    used 3456K, capacity 3684K, committed 3712K, reserved 1048576K
2020-11-07T19:55:30.673+0800: 13.823: [GC (Allocation Failure) 2020-11-07T19:55:30.674+0800: 13.823: [ParNew: 8382K->98K(9216K), 0.0141106 secs] 30440K->22163K(45956K), 0.0141764 secs] [Times: user=0.01 sys=0.00, real=0.02 secs] 
Heap after GC invocations=187 (full 26):
 par new generation   total 9216K, used 98K [0x00000000e3400000, 0x00000000e3e00000, 0x00000000ecca0000)
  eden space 8192K,   0% used [0x00000000e3400000, 0x00000000e3400000, 0x00000000e3c00000)
  from space 1024K,   9% used [0x00000000e3d00000, 0x00000000e3d18908, 0x00000000e3e00000)
  to   space 1024K,   0% used [0x00000000e3c00000, 0x00000000e3c00000, 0x00000000e3d00000)
 concurrent mark-sweep generation total 36740K, used 22065K [0x00000000ecca0000, 0x00000000ef081000, 0x0000000100000000)
 Metaspace       used 28270K, capacity 29196K, committed 29312K, reserved 1075200K
  class space    used 3456K, capacity 3684K, committed 3712K, reserved 1048576K
}
2020-11-07T19:55:30.699+0800: 13.848: [CMS-concurrent-mark: 0.091/0.167 secs] [Times: user=0.16 sys=0.00, real=0.17 secs] 
2020-11-07T19:55:30.699+0800: 13.848: [CMS-concurrent-preclean-start]
2020-11-07T19:55:30.701+0800: 13.851: [CMS-concurrent-preclean: 0.002/0.002 secs] [Times: user=0.00 sys=0.00, real=0.00 secs] 
2020-11-07T19:55:30.701+0800: 13.851: [CMS-concurrent-abortable-preclean-start]
2020-11-07T19:55:30.717+0800: 13.866: Application time: 0.0287770 seconds
{Heap before GC invocations=187 (full 26):
 par new generation   total 9216K, used 8290K [0x00000000e3400000, 0x00000000e3e00000, 0x00000000ecca0000)
  eden space 8192K, 100% used [0x00000000e3400000, 0x00000000e3c00000, 0x00000000e3c00000)
  from space 1024K,   9% used [0x00000000e3d00000, 0x00000000e3d18908, 0x00000000e3e00000)
  to   space 1024K,   0% used [0x00000000e3c00000, 0x00000000e3c00000, 0x00000000e3d00000)
 concurrent mark-sweep generation total 36740K, used 22065K [0x00000000ecca0000, 0x00000000ef081000, 0x0000000100000000)
 Metaspace       used 28277K, capacity 29196K, committed 29312K, reserved 1075200K
  class space    used 3457K, capacity 3684K, committed 3712K, reserved 1048576K
2020-11-07T19:55:30.717+0800: 13.866: [GC (Allocation Failure) 2020-11-07T19:55:30.717+0800: 13.866: [ParNew: 8290K->89K(9216K), 0.0149338 secs] 30355K->22161K(45956K), 0.0150218 secs] [Times: user=0.01 sys=0.00, real=0.01 secs] 
Heap after GC invocations=188 (full 26):
 par new generation   total 9216K, used 89K [0x00000000e3400000, 0x00000000e3e00000, 0x00000000ecca0000)
  eden space 8192K,   0% used [0x00000000e3400000, 0x00000000e3400000, 0x00000000e3c00000)
  from space 1024K,   8% used [0x00000000e3c00000, 0x00000000e3c16450, 0x00000000e3d00000)
  to   space 1024K,   0% used [0x00000000e3d00000, 0x00000000e3d00000, 0x00000000e3e00000)
 concurrent mark-sweep generation total 36740K, used 22071K [0x00000000ecca0000, 0x00000000ef081000, 0x0000000100000000)
 Metaspace       used 28277K, capacity 29196K, committed 29312K, reserved 1075200K
  class space    used 3457K, capacity 3684K, committed 3712K, reserved 1048576K
}
2020-11-07T19:55:30.752+0800: 13.901: Application time: 0.0199175 seconds
{Heap before GC invocations=188 (full 26):
 par new generation   total 9216K, used 8281K [0x00000000e3400000, 0x00000000e3e00000, 0x00000000ecca0000)
  eden space 8192K, 100% used [0x00000000e3400000, 0x00000000e3c00000, 0x00000000e3c00000)
  from space 1024K,   8% used [0x00000000e3c00000, 0x00000000e3c16450, 0x00000000e3d00000)
  to   space 1024K,   0% used [0x00000000e3d00000, 0x00000000e3d00000, 0x00000000e3e00000)
 concurrent mark-sweep generation total 36740K, used 22071K [0x00000000ecca0000, 0x00000000ef081000, 0x0000000100000000)
 Metaspace       used 28308K, capacity 29292K, committed 29440K, reserved 1075200K
  class space    used 3460K, capacity 3716K, committed 3840K, reserved 1048576K
2020-11-07T19:55:30.752+0800: 13.902: [GC (Allocation Failure) 2020-11-07T19:55:30.752+0800: 13.902: [ParNew: 8281K->135K(9216K), 0.0082552 secs] 30353K->22211K(45956K), 0.0083288 secs] [Times: user=0.01 sys=0.00, real=0.01 secs] 
Heap after GC invocations=189 (full 26):
 par new generation   total 9216K, used 135K [0x00000000e3400000, 0x00000000e3e00000, 0x00000000ecca0000)
  eden space 8192K,   0% used [0x00000000e3400000, 0x00000000e3400000, 0x00000000e3c00000)
  from space 1024K,  13% used [0x00000000e3d00000, 0x00000000e3d21d58, 0x00000000e3e00000)
  to   space 1024K,   0% used [0x00000000e3c00000, 0x00000000e3c00000, 0x00000000e3d00000)
 concurrent mark-sweep generation total 36740K, used 22076K [0x00000000ecca0000, 0x00000000ef081000, 0x0000000100000000)
 Metaspace       used 28308K, capacity 29292K, committed 29440K, reserved 1075200K
  class space    used 3460K, capacity 3716K, committed 3840K, reserved 1048576K
}
2020-11-07T19:55:30.779+0800: 13.929: Application time: 0.0188744 seconds
{Heap before GC invocations=189 (full 26):
 par new generation   total 9216K, used 8327K [0x00000000e3400000, 0x00000000e3e00000, 0x00000000ecca0000)
  eden space 8192K, 100% used [0x00000000e3400000, 0x00000000e3c00000, 0x00000000e3c00000)
  from space 1024K,  13% used [0x00000000e3d00000, 0x00000000e3d21d58, 0x00000000e3e00000)
  to   space 1024K,   0% used [0x00000000e3c00000, 0x00000000e3c00000, 0x00000000e3d00000)
 concurrent mark-sweep generation total 36740K, used 22076K [0x00000000ecca0000, 0x00000000ef081000, 0x0000000100000000)
 Metaspace       used 28329K, capacity 29292K, committed 29440K, reserved 1075200K
  class space    used 3465K, capacity 3716K, committed 3840K, reserved 1048576K
2020-11-07T19:55:30.779+0800: 13.929: [GC (Allocation Failure) 2020-11-07T19:55:30.779+0800: 13.929: [ParNew: 8327K->124K(9216K), 0.0035322 secs] 30403K->22207K(45956K), 0.0035818 secs] [Times: user=0.00 sys=0.00, real=0.00 secs] 
Heap after GC invocations=190 (full 26):
 par new generation   total 9216K, used 124K [0x00000000e3400000, 0x00000000e3e00000, 0x00000000ecca0000)
  eden space 8192K,   0% used [0x00000000e3400000, 0x00000000e3400000, 0x00000000e3c00000)
  from space 1024K,  12% used [0x00000000e3c00000, 0x00000000e3c1f0d0, 0x00000000e3d00000)
  to   space 1024K,   0% used [0x00000000e3d00000, 0x00000000e3d00000, 0x00000000e3e00000)
 concurrent mark-sweep generation total 36740K, used 22083K [0x00000000ecca0000, 0x00000000ef081000, 0x0000000100000000)
 Metaspace       used 28329K, capacity 29292K, committed 29440K, reserved 1075200K
  class space    used 3465K, capacity 3716K, committed 3840K, reserved 1048576K
}
2020-11-07T19:55:30.809+0800: 13.958: Application time: 0.0259125 seconds
{Heap before GC invocations=190 (full 26):
 par new generation   total 9216K, used 8316K [0x00000000e3400000, 0x00000000e3e00000, 0x00000000ecca0000)
  eden space 8192K, 100% used [0x00000000e3400000, 0x00000000e3c00000, 0x00000000e3c00000)
  from space 1024K,  12% used [0x00000000e3c00000, 0x00000000e3c1f0d0, 0x00000000e3d00000)
  to   space 1024K,   0% used [0x00000000e3d00000, 0x00000000e3d00000, 0x00000000e3e00000)
 concurrent mark-sweep generation total 36740K, used 22083K [0x00000000ecca0000, 0x00000000ef081000, 0x0000000100000000)
 Metaspace       used 28366K, capacity 29292K, committed 29440K, reserved 1075200K
  class space    used 3472K, capacity 3716K, committed 3840K, reserved 1048576K
2020-11-07T19:55:30.809+0800: 13.959: [GC (Allocation Failure) 2020-11-07T19:55:30.809+0800: 13.959: [ParNew: 8316K->155K(9216K), 0.0034894 secs] 30399K->22247K(45956K), 0.0035452 secs] [Times: user=0.00 sys=0.00, real=0.00 secs] 
Heap after GC invocations=191 (full 26):
 par new generation   total 9216K, used 155K [0x00000000e3400000, 0x00000000e3e00000, 0x00000000ecca0000)
  eden space 8192K,   0% used [0x00000000e3400000, 0x00000000e3400000, 0x00000000e3c00000)
  from space 1024K,  15% used [0x00000000e3d00000, 0x00000000e3d26dd0, 0x00000000e3e00000)
  to   space 1024K,   0% used [0x00000000e3c00000, 0x00000000e3c00000, 0x00000000e3d00000)
 concurrent mark-sweep generation total 36740K, used 22092K [0x00000000ecca0000, 0x00000000ef081000, 0x0000000100000000)
 Metaspace       used 28366K, capacity 29292K, committed 29440K, reserved 1075200K
  class space    used 3472K, capacity 3716K, committed 3840K, reserved 1048576K
}
2020-11-07T19:55:30.845+0800: 13.995: Application time: 0.0324942 seconds
2020-11-07T19:55:30.860+0800: 14.009: Application time: 0.0044681 seconds
{Heap before GC invocations=191 (full 26):
 par new generation   total 9216K, used 8347K [0x00000000e3400000, 0x00000000e3e00000, 0x00000000ecca0000)
  eden space 8192K, 100% used [0x00000000e3400000, 0x00000000e3c00000, 0x00000000e3c00000)
  from space 1024K,  15% used [0x00000000e3d00000, 0x00000000e3d26dd0, 0x00000000e3e00000)
  to   space 1024K,   0% used [0x00000000e3c00000, 0x00000000e3c00000, 0x00000000e3d00000)
 concurrent mark-sweep generation total 36740K, used 22092K [0x00000000ecca0000, 0x00000000ef081000, 0x0000000100000000)
 Metaspace       used 28371K, capacity 29292K, committed 29440K, reserved 1075200K
  class space    used 3474K, capacity 3716K, committed 3840K, reserved 1048576K
2020-11-07T19:55:30.860+0800: 14.010: [GC (Allocation Failure) 2020-11-07T19:55:30.860+0800: 14.010: [ParNew: 8347K->541K(9216K), 0.0043511 secs] 30439K->22643K(45956K), 0.0044027 secs] [Times: user=0.00 sys=0.00, real=0.00 secs] 
Heap after GC invocations=192 (full 26):
 par new generation   total 9216K, used 541K [0x00000000e3400000, 0x00000000e3e00000, 0x00000000ecca0000)
  eden space 8192K,   0% used [0x00000000e3400000, 0x00000000e3400000, 0x00000000e3c00000)
  from space 1024K,  52% used [0x00000000e3c00000, 0x00000000e3c87610, 0x00000000e3d00000)
  to   space 1024K,   0% used [0x00000000e3d00000, 0x00000000e3d00000, 0x00000000e3e00000)
 concurrent mark-sweep generation total 36740K, used 22102K [0x00000000ecca0000, 0x00000000ef081000, 0x0000000100000000)
 Metaspace       used 28371K, capacity 29292K, committed 29440K, reserved 1075200K
  class space    used 3474K, capacity 3716K, committed 3840K, reserved 1048576K
}
2020-11-07T19:55:30.864+0800: 14.014: [CMS-concurrent-abortable-preclean: 0.018/0.164 secs] [Times: user=0.16 sys=0.00, real=0.16 secs] 
2020-11-07T19:55:30.871+0800: 14.021: Application time: 0.0064460 seconds
{Heap before GC invocations=192 (full 26):
 par new generation   total 9216K, used 8733K [0x00000000e3400000, 0x00000000e3e00000, 0x00000000ecca0000)
  eden space 8192K, 100% used [0x00000000e3400000, 0x00000000e3c00000, 0x00000000e3c00000)
  from space 1024K,  52% used [0x00000000e3c00000, 0x00000000e3c87610, 0x00000000e3d00000)
  to   space 1024K,   0% used [0x00000000e3d00000, 0x00000000e3d00000, 0x00000000e3e00000)
 concurrent mark-sweep generation total 36740K, used 22102K [0x00000000ecca0000, 0x00000000ef081000, 0x0000000100000000)
 Metaspace       used 28371K, capacity 29292K, committed 29440K, reserved 1075200K
  class space    used 3474K, capacity 3716K, committed 3840K, reserved 1048576K
2020-11-07T19:55:30.871+0800: 14.021: [GC (Allocation Failure) 2020-11-07T19:55:30.871+0800: 14.021: [ParNew: 8733K->589K(9216K), 0.0038210 secs] 30835K->22710K(45956K), 0.0038835 secs] [Times: user=0.00 sys=0.00, real=0.01 secs] 
Heap after GC invocations=193 (full 26):
 par new generation   total 9216K, used 589K [0x00000000e3400000, 0x00000000e3e00000, 0x00000000ecca0000)
  eden space 8192K,   0% used [0x00000000e3400000, 0x00000000e3400000, 0x00000000e3c00000)
  from space 1024K,  57% used [0x00000000e3d00000, 0x00000000e3d937d0, 0x00000000e3e00000)
  to   space 1024K,   0% used [0x00000000e3c00000, 0x00000000e3c00000, 0x00000000e3d00000)
 concurrent mark-sweep generation total 36740K, used 22120K [0x00000000ecca0000, 0x00000000ef081000, 0x0000000100000000)
 Metaspace       used 28371K, capacity 29292K, committed 29440K, reserved 1075200K
  class space    used 3474K, capacity 3716K, committed 3840K, reserved 1048576K
}
2020-11-07T19:55:30.878+0800: 14.028: Application time: 0.0032858 seconds
2020-11-07T19:55:30.878+0800: 14.028: [GC (CMS Final Remark) [YG occupancy: 2618 K (9216 K)]2020-11-07T19:55:30.878+0800: 14.028: [Rescan (parallel) , 0.0039741 secs]2020-11-07T19:55:30.882+0800: 14.032: [weak refs processing, 0.0010922 secs]2020-11-07T19:55:30.883+0800: 14.033: [class unloading, 0.0086733 secs]2020-11-07T19:55:30.892+0800: 14.042: [scrub symbol table, 0.0081655 secs]2020-11-07T19:55:30.900+0800: 14.050: [scrub string table, 0.0005571 secs][1 CMS-remark: 22120K(36740K)] 24739K(45956K), 0.0226932 secs] [Times: user=0.03 sys=0.00, real=0.02 secs] 
2020-11-07T19:55:30.913+0800: 14.063: [CMS-concurrent-sweep-start]
2020-11-07T19:55:30.926+0800: 14.075: Application time: 0.0246045 seconds
{Heap before GC invocations=193 (full 26):
 par new generation   total 9216K, used 8781K [0x00000000e3400000, 0x00000000e3e00000, 0x00000000ecca0000)
  eden space 8192K, 100% used [0x00000000e3400000, 0x00000000e3c00000, 0x00000000e3c00000)
  from space 1024K,  57% used [0x00000000e3d00000, 0x00000000e3d937d0, 0x00000000e3e00000)
  to   space 1024K,   0% used [0x00000000e3c00000, 0x00000000e3c00000, 0x00000000e3d00000)
 concurrent mark-sweep generation total 36740K, used 22119K [0x00000000ecca0000, 0x00000000ef081000, 0x0000000100000000)
 Metaspace       used 28372K, capacity 29292K, committed 29440K, reserved 1075200K
  class space    used 3474K, capacity 3716K, committed 3840K, reserved 1048576K
2020-11-07T19:55:30.926+0800: 14.075: [GC (Allocation Failure) 2020-11-07T19:55:30.926+0800: 14.075: [ParNew: 8781K->434K(9216K), 0.0148844 secs] 30901K->22567K(45956K), 0.0149748 secs] [Times: user=0.01 sys=0.00, real=0.01 secs] 
Heap after GC invocations=194 (full 26):
 par new generation   total 9216K, used 434K [0x00000000e3400000, 0x00000000e3e00000, 0x00000000ecca0000)
  eden space 8192K,   0% used [0x00000000e3400000, 0x00000000e3400000, 0x00000000e3c00000)
  from space 1024K,  42% used [0x00000000e3c00000, 0x00000000e3c6c880, 0x00000000e3d00000)
  to   space 1024K,   0% used [0x00000000e3d00000, 0x00000000e3d00000, 0x00000000e3e00000)
 concurrent mark-sweep generation total 36740K, used 22133K [0x00000000ecca0000, 0x00000000ef081000, 0x0000000100000000)
 Metaspace       used 28372K, capacity 29292K, committed 29440K, reserved 1075200K
  class space    used 3474K, capacity 3716K, committed 3840K, reserved 1048576K
}
2020-11-07T19:55:30.949+0800: 14.099: Application time: 0.0084770 seconds
{Heap before GC invocations=194 (full 26):
 par new generation   total 9216K, used 8626K [0x00000000e3400000, 0x00000000e3e00000, 0x00000000ecca0000)
  eden space 8192K, 100% used [0x00000000e3400000, 0x00000000e3c00000, 0x00000000e3c00000)
  from space 1024K,  42% used [0x00000000e3c00000, 0x00000000e3c6c880, 0x00000000e3d00000)
  to   space 1024K,   0% used [0x00000000e3d00000, 0x00000000e3d00000, 0x00000000e3e00000)
 concurrent mark-sweep generation total 36740K, used 22133K [0x00000000ecca0000, 0x00000000ef081000, 0x0000000100000000)
 Metaspace       used 28373K, capacity 29292K, committed 29440K, reserved 1075200K
  class space    used 3474K, capacity 3716K, committed 3840K, reserved 1048576K
2020-11-07T19:55:30.949+0800: 14.099: [GC (Allocation Failure) 2020-11-07T19:55:30.949+0800: 14.099: [ParNew: 8626K->424K(9216K), 0.0034598 secs] 30759K->22567K(45956K), 0.0035076 secs] [Times: user=0.01 sys=0.00, real=0.00 secs] 
Heap after GC invocations=195 (full 26):
 par new generation   total 9216K, used 424K [0x00000000e3400000, 0x00000000e3e00000, 0x00000000ecca0000)
  eden space 8192K,   0% used [0x00000000e3400000, 0x00000000e3400000, 0x00000000e3c00000)
  from space 1024K,  41% used [0x00000000e3d00000, 0x00000000e3d6a180, 0x00000000e3e00000)
  to   space 1024K,   0% used [0x00000000e3c00000, 0x00000000e3c00000, 0x00000000e3d00000)
 concurrent mark-sweep generation total 36740K, used 22143K [0x00000000ecca0000, 0x00000000ef081000, 0x0000000100000000)
 Metaspace       used 28373K, capacity 29292K, committed 29440K, reserved 1075200K
  class space    used 3474K, capacity 3716K, committed 3840K, reserved 1048576K
}
2020-11-07T19:55:30.957+0800: 14.107: [CMS-concurrent-sweep: 0.016/0.044 secs] [Times: user=0.04 sys=0.00, real=0.05 secs] 
2020-11-07T19:55:30.967+0800: 14.117: Application time: 0.0142511 seconds
{Heap before GC invocations=195 (full 26):
 par new generation   total 9216K, used 8616K [0x00000000e3400000, 0x00000000e3e00000, 0x00000000ecca0000)
  eden space 8192K, 100% used [0x00000000e3400000, 0x00000000e3c00000, 0x00000000e3c00000)
  from space 1024K,  41% used [0x00000000e3d00000, 0x00000000e3d6a180, 0x00000000e3e00000)
  to   space 1024K,   0% used [0x00000000e3c00000, 0x00000000e3c00000, 0x00000000e3d00000)
 concurrent mark-sweep generation total 36740K, used 21925K [0x00000000ecca0000, 0x00000000ef081000, 0x0000000100000000)
 Metaspace       used 28360K, capacity 29260K, committed 29440K, reserved 1075200K
  class space    used 3471K, capacity 3710K, committed 3840K, reserved 1048576K
2020-11-07T19:55:30.973+0800: 14.122: [GC (Allocation Failure) 2020-11-07T19:55:30.973+0800: 14.122: [ParNew: 8616K->416K(9216K), 0.0034786 secs] 30541K->22346K(45956K), 0.0035508 secs] [Times: user=0.01 sys=0.00, real=0.01 secs] 
Heap after GC invocations=196 (full 26):
 par new generation   total 9216K, used 416K [0x00000000e3400000, 0x00000000e3e00000, 0x00000000ecca0000)
  eden space 8192K,   0% used [0x00000000e3400000, 0x00000000e3400000, 0x00000000e3c00000)
  from space 1024K,  40% used [0x00000000e3c00000, 0x00000000e3c68260, 0x00000000e3d00000)
  to   space 1024K,   0% used [0x00000000e3d00000, 0x00000000e3d00000, 0x00000000e3e00000)
 concurrent mark-sweep generation total 36740K, used 21929K [0x00000000ecca0000, 0x00000000ef081000, 0x0000000100000000)
 Metaspace       used 28360K, capacity 29260K, committed 29440K, reserved 1075200K
  class space    used 3471K, capacity 3710K, committed 3840K, reserved 1048576K
}
2020-11-07T19:55:30.983+0800: 14.132: [CMS-concurrent-reset-start]
2020-11-07T19:55:30.984+0800: 14.133: [CMS-concurrent-reset: 0.001/0.001 secs] [Times: user=0.00 sys=0.00, real=0.00 secs] 
2020-11-07T19:55:30.984+0800: 14.134: Application time: 0.0078677 seconds
{Heap before GC invocations=196 (full 26):
 par new generation   total 9216K, used 8608K [0x00000000e3400000, 0x00000000e3e00000, 0x00000000ecca0000)
  eden space 8192K, 100% used [0x00000000e3400000, 0x00000000e3c00000, 0x00000000e3c00000)
  from space 1024K,  40% used [0x00000000e3c00000, 0x00000000e3c68260, 0x00000000e3d00000)
  to   space 1024K,   0% used [0x00000000e3d00000, 0x00000000e3d00000, 0x00000000e3e00000)
 concurrent mark-sweep generation total 36740K, used 21929K [0x00000000ecca0000, 0x00000000ef081000, 0x0000000100000000)
 Metaspace       used 28360K, capacity 29260K, committed 29440K, reserved 1075200K
  class space    used 3471K, capacity 3710K, committed 3840K, reserved 1048576K
2020-11-07T19:55:30.984+0800: 14.134: [GC (Allocation Failure) 2020-11-07T19:55:30.984+0800: 14.134: [ParNew: 8608K->412K(9216K), 0.0060599 secs] 30538K->22346K(45956K), 0.0061245 secs] [Times: user=0.00 sys=0.00, real=0.01 secs] 
Heap after GC invocations=197 (full 26):
 par new generation   total 9216K, used 412K [0x00000000e3400000, 0x00000000e3e00000, 0x00000000ecca0000)
  eden space 8192K,   0% used [0x00000000e3400000, 0x00000000e3400000, 0x00000000e3c00000)
  from space 1024K,  40% used [0x00000000e3d00000, 0x00000000e3d672c0, 0x00000000e3e00000)
  to   space 1024K,   0% used [0x00000000e3c00000, 0x00000000e3c00000, 0x00000000e3d00000)
 concurrent mark-sweep generation total 36740K, used 21933K [0x00000000ecca0000, 0x00000000ef081000, 0x0000000100000000)
 Metaspace       used 28360K, capacity 29260K, committed 29440K, reserved 1075200K
  class space    used 3471K, capacity 3710K, committed 3840K, reserved 1048576K
}
2020-11-07T19:55:30.997+0800: 14.147: Application time: 0.0067945 seconds
{Heap before GC invocations=197 (full 26):
 par new generation   total 9216K, used 8604K [0x00000000e3400000, 0x00000000e3e00000, 0x00000000ecca0000)
  eden space 8192K, 100% used [0x00000000e3400000, 0x00000000e3c00000, 0x00000000e3c00000)
  from space 1024K,  40% used [0x00000000e3d00000, 0x00000000e3d672c0, 0x00000000e3e00000)
  to   space 1024K,   0% used [0x00000000e3c00000, 0x00000000e3c00000, 0x00000000e3d00000)
 concurrent mark-sweep generation total 36740K, used 21933K [0x00000000ecca0000, 0x00000000ef081000, 0x0000000100000000)
 Metaspace       used 28360K, capacity 29260K, committed 29440K, reserved 1075200K
  class space    used 3471K, capacity 3710K, committed 3840K, reserved 1048576K
2020-11-07T19:55:30.998+0800: 14.147: [GC (Allocation Failure) 2020-11-07T19:55:30.998+0800: 14.147: [ParNew: 8604K->410K(9216K), 0.0036822 secs] 30538K->22349K(45956K), 0.0037332 secs] [Times: user=0.00 sys=0.00, real=0.00 secs] 
Heap after GC invocations=198 (full 26):
 par new generation   total 9216K, used 410K [0x00000000e3400000, 0x00000000e3e00000, 0x00000000ecca0000)
  eden space 8192K,   0% used [0x00000000e3400000, 0x00000000e3400000, 0x00000000e3c00000)
  from space 1024K,  40% used [0x00000000e3c00000, 0x00000000e3c66a00, 0x00000000e3d00000)
  to   space 1024K,   0% used [0x00000000e3d00000, 0x00000000e3d00000, 0x00000000e3e00000)
 concurrent mark-sweep generation total 36740K, used 21939K [0x00000000ecca0000, 0x00000000ef081000, 0x0000000100000000)
 Metaspace       used 28360K, capacity 29260K, committed 29440K, reserved 1075200K
  class space    used 3471K, capacity 3710K, committed 3840K, reserved 1048576K
}
2020-11-07T19:55:31.008+0800: 14.158: Application time: 0.0069919 seconds
{Heap before GC invocations=198 (full 26):
 par new generation   total 9216K, used 8602K [0x00000000e3400000, 0x00000000e3e00000, 0x00000000ecca0000)
  eden space 8192K, 100% used [0x00000000e3400000, 0x00000000e3c00000, 0x00000000e3c00000)
  from space 1024K,  40% used [0x00000000e3c00000, 0x00000000e3c66a00, 0x00000000e3d00000)
  to   space 1024K,   0% used [0x00000000e3d00000, 0x00000000e3d00000, 0x00000000e3e00000)
 concurrent mark-sweep generation total 36740K, used 21939K [0x00000000ecca0000, 0x00000000ef081000, 0x0000000100000000)
 Metaspace       used 28360K, capacity 29260K, committed 29440K, reserved 1075200K
  class space    used 3471K, capacity 3710K, committed 3840K, reserved 1048576K
2020-11-07T19:55:31.008+0800: 14.158: [GC (Allocation Failure) 2020-11-07T19:55:31.008+0800: 14.158: [ParNew: 8602K->407K(9216K), 0.0034609 secs] 30541K->22357K(45956K), 0.0035258 secs] [Times: user=0.00 sys=0.00, real=0.00 secs] 
Heap after GC invocations=199 (full 26):
 par new generation   total 9216K, used 407K [0x00000000e3400000, 0x00000000e3e00000, 0x00000000ecca0000)
  eden space 8192K,   0% used [0x00000000e3400000, 0x00000000e3400000, 0x00000000e3c00000)
  from space 1024K,  39% used [0x00000000e3d00000, 0x00000000e3d65d40, 0x00000000e3e00000)
  to   space 1024K,   0% used [0x00000000e3c00000, 0x00000000e3c00000, 0x00000000e3d00000)
 concurrent mark-sweep generation total 36740K, used 21950K [0x00000000ecca0000, 0x00000000ef081000, 0x0000000100000000)
 Metaspace       used 28360K, capacity 29260K, committed 29440K, reserved 1075200K
  class space    used 3471K, capacity 3710K, committed 3840K, reserved 1048576K
}
2020-11-07T19:55:31.027+0800: 14.176: Application time: 0.0145293 seconds
{Heap before GC invocations=199 (full 26):
 par new generation   total 9216K, used 8599K [0x00000000e3400000, 0x00000000e3e00000, 0x00000000ecca0000)
  eden space 8192K, 100% used [0x00000000e3400000, 0x00000000e3c00000, 0x00000000e3c00000)
  from space 1024K,  39% used [0x00000000e3d00000, 0x00000000e3d65d40, 0x00000000e3e00000)
  to   space 1024K,   0% used [0x00000000e3c00000, 0x00000000e3c00000, 0x00000000e3d00000)
 concurrent mark-sweep generation total 36740K, used 21950K [0x00000000ecca0000, 0x00000000ef081000, 0x0000000100000000)
 Metaspace       used 28360K, capacity 29260K, committed 29440K, reserved 1075200K
  class space    used 3471K, capacity 3710K, committed 3840K, reserved 1048576K
2020-11-07T19:55:31.027+0800: 14.177: [GC (Allocation Failure) 2020-11-07T19:55:31.027+0800: 14.177: [ParNew: 8599K->399K(9216K), 0.0032680 secs] 30549K->22386K(45956K), 0.0033376 secs] [Times: user=0.01 sys=0.00, real=0.00 secs] 
Heap after GC invocations=200 (full 26):
 par new generation   total 9216K, used 399K [0x00000000e3400000, 0x00000000e3e00000, 0x00000000ecca0000)
  eden space 8192K,   0% used [0x00000000e3400000, 0x00000000e3400000, 0x00000000e3c00000)
  from space 1024K,  39% used [0x00000000e3c00000, 0x00000000e3c63f80, 0x00000000e3d00000)
  to   space 1024K,   0% used [0x00000000e3d00000, 0x00000000e3d00000, 0x00000000e3e00000)
 concurrent mark-sweep generation total 36740K, used 21986K [0x00000000ecca0000, 0x00000000ef081000, 0x0000000100000000)
 Metaspace       used 28360K, capacity 29260K, committed 29440K, reserved 1075200K
  class space    used 3471K, capacity 3710K, committed 3840K, reserved 1048576K
}
2020-11-07T19:55:31.039+0800: 14.188: Application time: 0.0078932 seconds
{Heap before GC invocations=200 (full 26):
 par new generation   total 9216K, used 8591K [0x00000000e3400000, 0x00000000e3e00000, 0x00000000ecca0000)
  eden space 8192K, 100% used [0x00000000e3400000, 0x00000000e3c00000, 0x00000000e3c00000)
  from space 1024K,  39% used [0x00000000e3c00000, 0x00000000e3c63f80, 0x00000000e3d00000)
  to   space 1024K,   0% used [0x00000000e3d00000, 0x00000000e3d00000, 0x00000000e3e00000)
 concurrent mark-sweep generation total 36740K, used 21986K [0x00000000ecca0000, 0x00000000ef081000, 0x0000000100000000)
 Metaspace       used 28360K, capacity 29260K, committed 29440K, reserved 1075200K
  class space    used 3471K, capacity 3710K, committed 3840K, reserved 1048576K
2020-11-07T19:55:31.039+0800: 14.188: [GC (Allocation Failure) 2020-11-07T19:55:31.039+0800: 14.188: [ParNew: 8591K->93K(9216K), 0.0035453 secs] 30578K->22428K(45956K), 0.0035942 secs] [Times: user=0.00 sys=0.00, real=0.00 secs] 
Heap after GC invocations=201 (full 26):
 par new generation   total 9216K, used 93K [0x00000000e3400000, 0x00000000e3e00000, 0x00000000ecca0000)
  eden space 8192K,   0% used [0x00000000e3400000, 0x00000000e3400000, 0x00000000e3c00000)
  from space 1024K,   9% used [0x00000000e3d00000, 0x00000000e3d17580, 0x00000000e3e00000)
  to   space 1024K,   0% used [0x00000000e3c00000, 0x00000000e3c00000, 0x00000000e3d00000)
 concurrent mark-sweep generation total 36740K, used 22335K [0x00000000ecca0000, 0x00000000ef081000, 0x0000000100000000)
 Metaspace       used 28360K, capacity 29260K, committed 29440K, reserved 1075200K
  class space    used 3471K, capacity 3710K, committed 3840K, reserved 1048576K
}
2020-11-07T19:55:31.049+0800: 14.199: Application time: 0.0065220 seconds
2020-11-07T19:55:31.049+0800: 14.199: [GC (CMS Initial Mark) [1 CMS-initial-mark: 22335K(36740K)] 29853K(45956K), 0.0057935 secs] [Times: user=0.01 sys=0.00, real=0.01 secs] 
2020-11-07T19:55:31.061+0800: 14.211: [CMS-concurrent-mark-start]
2020-11-07T19:55:31.076+0800: 14.226: Application time: 0.0210536 seconds
{Heap before GC invocations=201 (full 27):
 par new generation   total 9216K, used 8285K [0x00000000e3400000, 0x00000000e3e00000, 0x00000000ecca0000)
  eden space 8192K, 100% used [0x00000000e3400000, 0x00000000e3c00000, 0x00000000e3c00000)
  from space 1024K,   9% used [0x00000000e3d00000, 0x00000000e3d17580, 0x00000000e3e00000)
  to   space 1024K,   0% used [0x00000000e3c00000, 0x00000000e3c00000, 0x00000000e3d00000)
 concurrent mark-sweep generation total 36740K, used 22335K [0x00000000ecca0000, 0x00000000ef081000, 0x0000000100000000)
 Metaspace       used 28360K, capacity 29260K, committed 29440K, reserved 1075200K
  class space    used 3471K, capacity 3710K, committed 3840K, reserved 1048576K
2020-11-07T19:55:31.076+0800: 14.226: [GC (Allocation Failure) 2020-11-07T19:55:31.076+0800: 14.226: [ParNew: 8285K->24K(9216K), 0.0089694 secs] 30620K->22360K(45956K), 0.0090622 secs] [Times: user=0.01 sys=0.00, real=0.01 secs] 
Heap after GC invocations=202 (full 27):
 par new generation   total 9216K, used 24K [0x00000000e3400000, 0x00000000e3e00000, 0x00000000ecca0000)
  eden space 8192K,   0% used [0x00000000e3400000, 0x00000000e3400000, 0x00000000e3c00000)
  from space 1024K,   2% used [0x00000000e3c00000, 0x00000000e3c060a8, 0x00000000e3d00000)
  to   space 1024K,   0% used [0x00000000e3d00000, 0x00000000e3d00000, 0x00000000e3e00000)
 concurrent mark-sweep generation total 36740K, used 22336K [0x00000000ecca0000, 0x00000000ef081000, 0x0000000100000000)
 Metaspace       used 28360K, capacity 29260K, committed 29440K, reserved 1075200K
  class space    used 3471K, capacity 3710K, committed 3840K, reserved 1048576K
}
2020-11-07T19:55:31.094+0800: 14.244: Application time: 0.0092699 seconds
{Heap before GC invocations=202 (full 27):
 par new generation   total 9216K, used 8216K [0x00000000e3400000, 0x00000000e3e00000, 0x00000000ecca0000)
  eden space 8192K, 100% used [0x00000000e3400000, 0x00000000e3c00000, 0x00000000e3c00000)
  from space 1024K,   2% used [0x00000000e3c00000, 0x00000000e3c060a8, 0x00000000e3d00000)
  to   space 1024K,   0% used [0x00000000e3d00000, 0x00000000e3d00000, 0x00000000e3e00000)
 concurrent mark-sweep generation total 36740K, used 22336K [0x00000000ecca0000, 0x00000000ef081000, 0x0000000100000000)
 Metaspace       used 28361K, capacity 29260K, committed 29440K, reserved 1075200K
  class space    used 3471K, capacity 3710K, committed 3840K, reserved 1048576K
2020-11-07T19:55:31.095+0800: 14.244: [GC (Allocation Failure) 2020-11-07T19:55:31.095+0800: 14.244: [ParNew: 8216K->18K(9216K), 0.0023720 secs] 30552K->22356K(45956K), 0.0024190 secs] [Times: user=0.00 sys=0.00, real=0.00 secs] 
Heap after GC invocations=203 (full 27):
 par new generation   total 9216K, used 18K [0x00000000e3400000, 0x00000000e3e00000, 0x00000000ecca0000)
  eden space 8192K,   0% used [0x00000000e3400000, 0x00000000e3400000, 0x00000000e3c00000)
  from space 1024K,   1% used [0x00000000e3d00000, 0x00000000e3d04b70, 0x00000000e3e00000)
  to   space 1024K,   0% used [0x00000000e3c00000, 0x00000000e3c00000, 0x00000000e3d00000)
 concurrent mark-sweep generation total 36740K, used 22338K [0x00000000ecca0000, 0x00000000ef081000, 0x0000000100000000)
 Metaspace       used 28361K, capacity 29260K, committed 29440K, reserved 1075200K
  class space    used 3471K, capacity 3710K, committed 3840K, reserved 1048576K
}
2020-11-07T19:55:31.098+0800: 14.247: Application time: 0.0006859 seconds
2020-11-07T19:55:31.122+0800: 14.272: Application time: 0.0241203 seconds
{Heap before GC invocations=203 (full 27):
 par new generation   total 9216K, used 8210K [0x00000000e3400000, 0x00000000e3e00000, 0x00000000ecca0000)
  eden space 8192K, 100% used [0x00000000e3400000, 0x00000000e3c00000, 0x00000000e3c00000)
  from space 1024K,   1% used [0x00000000e3d00000, 0x00000000e3d04b70, 0x00000000e3e00000)
  to   space 1024K,   0% used [0x00000000e3c00000, 0x00000000e3c00000, 0x00000000e3d00000)
 concurrent mark-sweep generation total 36740K, used 22338K [0x00000000ecca0000, 0x00000000ef081000, 0x0000000100000000)
 Metaspace       used 28361K, capacity 29260K, committed 29440K, reserved 1075200K
  class space    used 3471K, capacity 3710K, committed 3840K, reserved 1048576K
2020-11-07T19:55:31.122+0800: 14.272: [GC (Allocation Failure) 2020-11-07T19:55:31.122+0800: 14.272: [ParNew: 8210K->17K(9216K), 0.0144009 secs] 30548K->22357K(45956K), 0.0144551 secs] [Times: user=0.02 sys=0.00, real=0.02 secs] 
Heap after GC invocations=204 (full 27):
 par new generation   total 9216K, used 17K [0x00000000e3400000, 0x00000000e3e00000, 0x00000000ecca0000)
  eden space 8192K,   0% used [0x00000000e3400000, 0x00000000e3400000, 0x00000000e3c00000)
  from space 1024K,   1% used [0x00000000e3c00000, 0x00000000e3c045d8, 0x00000000e3d00000)
  to   space 1024K,   0% used [0x00000000e3d00000, 0x00000000e3d00000, 0x00000000e3e00000)
 concurrent mark-sweep generation total 36740K, used 22340K [0x00000000ecca0000, 0x00000000ef081000, 0x0000000100000000)
 Metaspace       used 28361K, capacity 29260K, committed 29440K, reserved 1075200K
  class space    used 3471K, capacity 3710K, committed 3840K, reserved 1048576K
}
2020-11-07T19:55:31.151+0800: 14.301: Application time: 0.0141351 seconds
{Heap before GC invocations=204 (full 27):
 par new generation   total 9216K, used 8209K [0x00000000e3400000, 0x00000000e3e00000, 0x00000000ecca0000)
  eden space 8192K, 100% used [0x00000000e3400000, 0x00000000e3c00000, 0x00000000e3c00000)
  from space 1024K,   1% used [0x00000000e3c00000, 0x00000000e3c045d8, 0x00000000e3d00000)
  to   space 1024K,   0% used [0x00000000e3d00000, 0x00000000e3d00000, 0x00000000e3e00000)
 concurrent mark-sweep generation total 36740K, used 22340K [0x00000000ecca0000, 0x00000000ef081000, 0x0000000100000000)
 Metaspace       used 28366K, capacity 29260K, committed 29440K, reserved 1075200K
  class space    used 3471K, capacity 3710K, committed 3840K, reserved 1048576K
2020-11-07T19:55:31.151+0800: 14.301: [GC (Allocation Failure) 2020-11-07T19:55:31.151+0800: 14.301: [ParNew: 8209K->18K(9216K), 0.0087099 secs] 30549K->22360K(45956K), 0.0087616 secs] [Times: user=0.01 sys=0.00, real=0.01 secs] 
Heap after GC invocations=205 (full 27):
 par new generation   total 9216K, used 18K [0x00000000e3400000, 0x00000000e3e00000, 0x00000000ecca0000)
  eden space 8192K,   0% used [0x00000000e3400000, 0x00000000e3400000, 0x00000000e3c00000)
  from space 1024K,   1% used [0x00000000e3d00000, 0x00000000e3d04aa0, 0x00000000e3e00000)
  to   space 1024K,   0% used [0x00000000e3c00000, 0x00000000e3c00000, 0x00000000e3d00000)
 concurrent mark-sweep generation total 36740K, used 22341K [0x00000000ecca0000, 0x00000000ef081000, 0x0000000100000000)
 Metaspace       used 28366K, capacity 29260K, committed 29440K, reserved 1075200K
  class space    used 3471K, capacity 3710K, committed 3840K, reserved 1048576K
}
2020-11-07T19:55:31.189+0800: 14.339: Application time: 0.0290906 seconds
{Heap before GC invocations=205 (full 27):
 par new generation   total 9216K, used 8210K [0x00000000e3400000, 0x00000000e3e00000, 0x00000000ecca0000)
  eden space 8192K, 100% used [0x00000000e3400000, 0x00000000e3c00000, 0x00000000e3c00000)
  from space 1024K,   1% used [0x00000000e3d00000, 0x00000000e3d04aa0, 0x00000000e3e00000)
  to   space 1024K,   0% used [0x00000000e3c00000, 0x00000000e3c00000, 0x00000000e3d00000)
 concurrent mark-sweep generation total 36740K, used 22341K [0x00000000ecca0000, 0x00000000ef081000, 0x0000000100000000)
 Metaspace       used 28366K, capacity 29260K, committed 29440K, reserved 1075200K
  class space    used 3471K, capacity 3710K, committed 3840K, reserved 1048576K
2020-11-07T19:55:31.189+0800: 14.339: [GC (Allocation Failure) 2020-11-07T19:55:31.189+0800: 14.339: [ParNew: 8210K->22K(9216K), 0.0089473 secs] 30552K->22366K(45956K), 0.0089985 secs] [Times: user=0.01 sys=0.00, real=0.01 secs] 
Heap after GC invocations=206 (full 27):
 par new generation   total 9216K, used 22K [0x00000000e3400000, 0x00000000e3e00000, 0x00000000ecca0000)
  eden space 8192K,   0% used [0x00000000e3400000, 0x00000000e3400000, 0x00000000e3c00000)
  from space 1024K,   2% used [0x00000000e3c00000, 0x00000000e3c05898, 0x00000000e3d00000)
  to   space 1024K,   0% used [0x00000000e3d00000, 0x00000000e3d00000, 0x00000000e3e00000)
 concurrent mark-sweep generation total 36740K, used 22344K [0x00000000ecca0000, 0x00000000ef081000, 0x0000000100000000)
 Metaspace       used 28366K, capacity 29260K, committed 29440K, reserved 1075200K
  class space    used 3471K, capacity 3710K, committed 3840K, reserved 1048576K
}
2020-11-07T19:55:31.202+0800: 14.352: [CMS-concurrent-mark: 0.086/0.141 secs] [Times: user=0.13 sys=0.00, real=0.14 secs] 
2020-11-07T19:55:31.202+0800: 14.352: [CMS-concurrent-preclean-start]
2020-11-07T19:55:31.210+0800: 14.360: [CMS-concurrent-preclean: 0.007/0.007 secs] [Times: user=0.01 sys=0.00, real=0.01 secs] 
2020-11-07T19:55:31.210+0800: 14.360: [CMS-concurrent-abortable-preclean-start]
2020-11-07T19:55:31.219+0800: 14.369: Application time: 0.0210290 seconds
{Heap before GC invocations=206 (full 27):
 par new generation   total 9216K, used 8214K [0x00000000e3400000, 0x00000000e3e00000, 0x00000000ecca0000)
  eden space 8192K, 100% used [0x00000000e3400000, 0x00000000e3c00000, 0x00000000e3c00000)
  from space 1024K,   2% used [0x00000000e3c00000, 0x00000000e3c05898, 0x00000000e3d00000)
  to   space 1024K,   0% used [0x00000000e3d00000, 0x00000000e3d00000, 0x00000000e3e00000)
 concurrent mark-sweep generation total 36740K, used 22344K [0x00000000ecca0000, 0x00000000ef081000, 0x0000000100000000)
 Metaspace       used 28368K, capacity 29324K, committed 29696K, reserved 1075200K
  class space    used 3471K, capacity 3710K, committed 3840K, reserved 1048576K
2020-11-07T19:55:31.219+0800: 14.369: [GC (Allocation Failure) 2020-11-07T19:55:31.219+0800: 14.369: [ParNew: 8214K->21K(9216K), 0.0144515 secs] 30558K->22367K(45956K), 0.0145451 secs] [Times: user=0.01 sys=0.00, real=0.01 secs] 
Heap after GC invocations=207 (full 27):
 par new generation   total 9216K, used 21K [0x00000000e3400000, 0x00000000e3e00000, 0x00000000ecca0000)
  eden space 8192K,   0% used [0x00000000e3400000, 0x00000000e3400000, 0x00000000e3c00000)
  from space 1024K,   2% used [0x00000000e3d00000, 0x00000000e3d057f8, 0x00000000e3e00000)
  to   space 1024K,   0% used [0x00000000e3c00000, 0x00000000e3c00000, 0x00000000e3d00000)
 concurrent mark-sweep generation total 36740K, used 22345K [0x00000000ecca0000, 0x00000000ef081000, 0x0000000100000000)
 Metaspace       used 28368K, capacity 29324K, committed 29696K, reserved 1075200K
  class space    used 3471K, capacity 3710K, committed 3840K, reserved 1048576K
}
2020-11-07T19:55:31.250+0800: 14.400: Application time: 0.0162431 seconds
2020-11-07T19:55:31.264+0800: 14.414: Application time: 0.0032260 seconds
{Heap before GC invocations=207 (full 27):
 par new generation   total 9216K, used 8213K [0x00000000e3400000, 0x00000000e3e00000, 0x00000000ecca0000)
  eden space 8192K, 100% used [0x00000000e3400000, 0x00000000e3c00000, 0x00000000e3c00000)
  from space 1024K,   2% used [0x00000000e3d00000, 0x00000000e3d057f8, 0x00000000e3e00000)
  to   space 1024K,   0% used [0x00000000e3c00000, 0x00000000e3c00000, 0x00000000e3d00000)
 concurrent mark-sweep generation total 36740K, used 22345K [0x00000000ecca0000, 0x00000000ef081000, 0x0000000100000000)
 Metaspace       used 28370K, capacity 29328K, committed 29696K, reserved 1075200K
  class space    used 3471K, capacity 3710K, committed 3840K, reserved 1048576K
2020-11-07T19:55:31.264+0800: 14.414: [GC (Allocation Failure) 2020-11-07T19:55:31.264+0800: 14.414: [ParNew: 8213K->575K(9216K), 0.0096179 secs] 30559K->22922K(45956K), 0.0096685 secs] [Times: user=0.01 sys=0.00, real=0.01 secs] 
Heap after GC invocations=208 (full 27):
 par new generation   total 9216K, used 575K [0x00000000e3400000, 0x00000000e3e00000, 0x00000000ecca0000)
  eden space 8192K,   0% used [0x00000000e3400000, 0x00000000e3400000, 0x00000000e3c00000)
  from space 1024K,  56% used [0x00000000e3c00000, 0x00000000e3c8fda0, 0x00000000e3d00000)
  to   space 1024K,   0% used [0x00000000e3d00000, 0x00000000e3d00000, 0x00000000e3e00000)
 concurrent mark-sweep generation total 36740K, used 22347K [0x00000000ecca0000, 0x00000000ef081000, 0x0000000100000000)
 Metaspace       used 28370K, capacity 29328K, committed 29696K, reserved 1075200K
  class space    used 3471K, capacity 3710K, committed 3840K, reserved 1048576K
}
2020-11-07T19:55:31.274+0800: 14.424: [CMS-concurrent-abortable-preclean: 0.003/0.064 secs] [Times: user=0.06 sys=0.00, real=0.06 secs] 
2020-11-07T19:55:31.281+0800: 14.430: Application time: 0.0066179 seconds
{Heap before GC invocations=208 (full 27):
 par new generation   total 9216K, used 8767K [0x00000000e3400000, 0x00000000e3e00000, 0x00000000ecca0000)
  eden space 8192K, 100% used [0x00000000e3400000, 0x00000000e3c00000, 0x00000000e3c00000)
  from space 1024K,  56% used [0x00000000e3c00000, 0x00000000e3c8fda0, 0x00000000e3d00000)
  to   space 1024K,   0% used [0x00000000e3d00000, 0x00000000e3d00000, 0x00000000e3e00000)
 concurrent mark-sweep generation total 36740K, used 22347K [0x00000000ecca0000, 0x00000000ef081000, 0x0000000100000000)
 Metaspace       used 28370K, capacity 29328K, committed 29696K, reserved 1075200K
  class space    used 3471K, capacity 3710K, committed 3840K, reserved 1048576K
2020-11-07T19:55:31.281+0800: 14.431: [GC (Allocation Failure) 2020-11-07T19:55:31.281+0800: 14.431: [ParNew: 8767K->89K(9216K), 0.0051267 secs] 31114K->22996K(45956K), 0.0052100 secs] [Times: user=0.01 sys=0.00, real=0.01 secs] 
Heap after GC invocations=209 (full 27):
 par new generation   total 9216K, used 89K [0x00000000e3400000, 0x00000000e3e00000, 0x00000000ecca0000)
  eden space 8192K,   0% used [0x00000000e3400000, 0x00000000e3400000, 0x00000000e3c00000)
  from space 1024K,   8% used [0x00000000e3d00000, 0x00000000e3d16460, 0x00000000e3e00000)
  to   space 1024K,   0% used [0x00000000e3c00000, 0x00000000e3c00000, 0x00000000e3d00000)
 concurrent mark-sweep generation total 36740K, used 22907K [0x00000000ecca0000, 0x00000000ef081000, 0x0000000100000000)
 Metaspace       used 28370K, capacity 29328K, committed 29696K, reserved 1075200K
  class space    used 3471K, capacity 3710K, committed 3840K, reserved 1048576K
}
2020-11-07T19:55:31.292+0800: 14.441: Application time: 0.0054800 seconds
2020-11-07T19:55:31.292+0800: 14.441: [GC (CMS Final Remark) [YG occupancy: 5558 K (9216 K)]2020-11-07T19:55:31.292+0800: 14.441: [Rescan (parallel) , 0.0357490 secs]2020-11-07T19:55:31.328+0800: 14.477: [weak refs processing, 0.0020336 secs]2020-11-07T19:55:31.330+0800: 14.479: [class unloading, 0.0063510 secs]2020-11-07T19:55:31.336+0800: 14.486: [scrub symbol table, 0.0084516 secs]2020-11-07T19:55:31.344+0800: 14.494: [scrub string table, 0.0005336 secs][1 CMS-remark: 22907K(36740K)] 28466K(45956K), 0.0532965 secs] [Times: user=0.05 sys=0.00, real=0.06 secs] 
2020-11-07T19:55:31.348+0800: 14.498: [CMS-concurrent-sweep-start]
2020-11-07T19:55:31.354+0800: 14.504: Application time: 0.0088589 seconds
{Heap before GC invocations=209 (full 27):
 par new generation   total 9216K, used 8281K [0x00000000e3400000, 0x00000000e3e00000, 0x00000000ecca0000)
  eden space 8192K, 100% used [0x00000000e3400000, 0x00000000e3c00000, 0x00000000e3c00000)
  from space 1024K,   8% used [0x00000000e3d00000, 0x00000000e3d16460, 0x00000000e3e00000)
  to   space 1024K,   0% used [0x00000000e3c00000, 0x00000000e3c00000, 0x00000000e3d00000)
 concurrent mark-sweep generation total 36740K, used 22897K [0x00000000ecca0000, 0x00000000ef081000, 0x0000000100000000)
 Metaspace       used 28370K, capacity 29328K, committed 29696K, reserved 1075200K
  class space    used 3471K, capacity 3710K, committed 3840K, reserved 1048576K
2020-11-07T19:55:31.354+0800: 14.504: [GC (Allocation Failure) 2020-11-07T19:55:31.354+0800: 14.504: [ParNew: 8281K->22K(9216K), 0.0165021 secs] 31178K->22919K(45956K), 0.0165735 secs] [Times: user=0.02 sys=0.00, real=0.02 secs] 
Heap after GC invocations=210 (full 27):
 par new generation   total 9216K, used 22K [0x00000000e3400000, 0x00000000e3e00000, 0x00000000ecca0000)
  eden space 8192K,   0% used [0x00000000e3400000, 0x00000000e3400000, 0x00000000e3c00000)
  from space 1024K,   2% used [0x00000000e3c00000, 0x00000000e3c05998, 0x00000000e3d00000)
  to   space 1024K,   0% used [0x00000000e3d00000, 0x00000000e3d00000, 0x00000000e3e00000)
 concurrent mark-sweep generation total 36740K, used 22897K [0x00000000ecca0000, 0x00000000ef081000, 0x0000000100000000)
 Metaspace       used 28370K, capacity 29328K, committed 29696K, reserved 1075200K
  class space    used 3471K, capacity 3710K, committed 3840K, reserved 1048576K
}
2020-11-07T19:55:31.378+0800: 14.527: Application time: 0.0070686 seconds
{Heap before GC invocations=210 (full 27):
 par new generation   total 9216K, used 8214K [0x00000000e3400000, 0x00000000e3e00000, 0x00000000ecca0000)
  eden space 8192K, 100% used [0x00000000e3400000, 0x00000000e3c00000, 0x00000000e3c00000)
  from space 1024K,   2% used [0x00000000e3c00000, 0x00000000e3c05998, 0x00000000e3d00000)
  to   space 1024K,   0% used [0x00000000e3d00000, 0x00000000e3d00000, 0x00000000e3e00000)
 concurrent mark-sweep generation total 36740K, used 22897K [0x00000000ecca0000, 0x00000000ef081000, 0x0000000100000000)
 Metaspace       used 28370K, capacity 29328K, committed 29696K, reserved 1075200K
  class space    used 3471K, capacity 3710K, committed 3840K, reserved 1048576K
2020-11-07T19:55:31.378+0800: 14.528: [GC (Allocation Failure) 2020-11-07T19:55:31.378+0800: 14.528: [ParNew: 8214K->11K(9216K), 0.0020733 secs] 31111K->22909K(45956K), 0.0021249 secs] [Times: user=0.01 sys=0.00, real=0.00 secs] 
Heap after GC invocations=211 (full 27):
 par new generation   total 9216K, used 11K [0x00000000e3400000, 0x00000000e3e00000, 0x00000000ecca0000)
  eden space 8192K,   0% used [0x00000000e3400000, 0x00000000e3400000, 0x00000000e3c00000)
  from space 1024K,   1% used [0x00000000e3d00000, 0x00000000e3d02fd0, 0x00000000e3e00000)
  to   space 1024K,   0% used [0x00000000e3c00000, 0x00000000e3c00000, 0x00000000e3d00000)
 concurrent mark-sweep generation total 36740K, used 22897K [0x00000000ecca0000, 0x00000000ef081000, 0x0000000100000000)
 Metaspace       used 28370K, capacity 29328K, committed 29696K, reserved 1075200K
  class space    used 3471K, capacity 3710K, committed 3840K, reserved 1048576K
}
2020-11-07T19:55:31.392+0800: 14.541: [CMS-concurrent-sweep: 0.011/0.044 secs] [Times: user=0.04 sys=0.00, real=0.04 secs] 
2020-11-07T19:55:31.392+0800: 14.542: Application time: 0.0117613 seconds
{Heap before GC invocations=211 (full 27):
 par new generation   total 9216K, used 8203K [0x00000000e3400000, 0x00000000e3e00000, 0x00000000ecca0000)
  eden space 8192K, 100% used [0x00000000e3400000, 0x00000000e3c00000, 0x00000000e3c00000)
  from space 1024K,   1% used [0x00000000e3d00000, 0x00000000e3d02fd0, 0x00000000e3e00000)
  to   space 1024K,   0% used [0x00000000e3c00000, 0x00000000e3c00000, 0x00000000e3d00000)
 concurrent mark-sweep generation total 36740K, used 22575K [0x00000000ecca0000, 0x00000000ef081000, 0x0000000100000000)
 Metaspace       used 28370K, capacity 29328K, committed 29696K, reserved 1075200K
  class space    used 3471K, capacity 3710K, committed 3840K, reserved 1048576K
2020-11-07T19:55:31.392+0800: 14.542: [GC (Allocation Failure) 2020-11-07T19:55:31.392+0800: 14.542: [ParNew: 8203K->10K(9216K), 0.0026493 secs] 30779K->22586K(45956K), 0.0026932 secs] [Times: user=0.00 sys=0.00, real=0.01 secs] 
Heap after GC invocations=212 (full 27):
 par new generation   total 9216K, used 10K [0x00000000e3400000, 0x00000000e3e00000, 0x00000000ecca0000)
  eden space 8192K,   0% used [0x00000000e3400000, 0x00000000e3400000, 0x00000000e3c00000)
  from space 1024K,   1% used [0x00000000e3c00000, 0x00000000e3c02b28, 0x00000000e3d00000)
  to   space 1024K,   0% used [0x00000000e3d00000, 0x00000000e3d00000, 0x00000000e3e00000)
 concurrent mark-sweep generation total 36740K, used 22575K [0x00000000ecca0000, 0x00000000ef081000, 0x0000000100000000)
 Metaspace       used 28370K, capacity 29328K, committed 29696K, reserved 1075200K
  class space    used 3471K, capacity 3710K, committed 3840K, reserved 1048576K
}
2020-11-07T19:55:31.401+0800: 14.550: [CMS-concurrent-reset-start]
2020-11-07T19:55:31.402+0800: 14.551: [CMS-concurrent-reset: 0.001/0.001 secs] [Times: user=0.00 sys=0.00, real=0.00 secs] 
2020-11-07T19:55:31.403+0800: 14.553: Application time: 0.0081332 seconds
{Heap before GC invocations=212 (full 27):
 par new generation   total 9216K, used 8202K [0x00000000e3400000, 0x00000000e3e00000, 0x00000000ecca0000)
  eden space 8192K, 100% used [0x00000000e3400000, 0x00000000e3c00000, 0x00000000e3c00000)
  from space 1024K,   1% used [0x00000000e3c00000, 0x00000000e3c02b28, 0x00000000e3d00000)
  to   space 1024K,   0% used [0x00000000e3d00000, 0x00000000e3d00000, 0x00000000e3e00000)
 concurrent mark-sweep generation total 37628K, used 22575K [0x00000000ecca0000, 0x00000000ef15f000, 0x0000000100000000)
 Metaspace       used 28370K, capacity 29328K, committed 29696K, reserved 1075200K
  class space    used 3471K, capacity 3710K, committed 3840K, reserved 1048576K
2020-11-07T19:55:31.403+0800: 14.553: [GC (Allocation Failure) 2020-11-07T19:55:31.403+0800: 14.553: [ParNew: 8202K->12K(9216K), 0.0120413 secs] 30778K->22588K(46844K), 0.0121136 secs] [Times: user=0.01 sys=0.00, real=0.02 secs] 
Heap after GC invocations=213 (full 27):
 par new generation   total 9216K, used 12K [0x00000000e3400000, 0x00000000e3e00000, 0x00000000ecca0000)
  eden space 8192K,   0% used [0x00000000e3400000, 0x00000000e3400000, 0x00000000e3c00000)
  from space 1024K,   1% used [0x00000000e3d00000, 0x00000000e3d030f8, 0x00000000e3e00000)
  to   space 1024K,   0% used [0x00000000e3c00000, 0x00000000e3c00000, 0x00000000e3d00000)
 concurrent mark-sweep generation total 37628K, used 22575K [0x00000000ecca0000, 0x00000000ef15f000, 0x0000000100000000)
 Metaspace       used 28370K, capacity 29328K, committed 29696K, reserved 1075200K
  class space    used 3471K, capacity 3710K, committed 3840K, reserved 1048576K
}
2020-11-07T19:55:31.423+0800: 14.572: Application time: 0.0075810 seconds
{Heap before GC invocations=213 (full 27):
 par new generation   total 9216K, used 8204K [0x00000000e3400000, 0x00000000e3e00000, 0x00000000ecca0000)
  eden space 8192K, 100% used [0x00000000e3400000, 0x00000000e3c00000, 0x00000000e3c00000)
  from space 1024K,   1% used [0x00000000e3d00000, 0x00000000e3d030f8, 0x00000000e3e00000)
  to   space 1024K,   0% used [0x00000000e3c00000, 0x00000000e3c00000, 0x00000000e3d00000)
 concurrent mark-sweep generation total 37628K, used 22575K [0x00000000ecca0000, 0x00000000ef15f000, 0x0000000100000000)
 Metaspace       used 28370K, capacity 29328K, committed 29696K, reserved 1075200K
  class space    used 3471K, capacity 3710K, committed 3840K, reserved 1048576K
2020-11-07T19:55:31.432+0800: 14.582: [GC (Allocation Failure) 2020-11-07T19:55:31.432+0800: 14.582: [ParNew: 8204K->14K(9216K), 0.0023217 secs] 30780K->22590K(46844K), 0.0023698 secs] [Times: user=0.00 sys=0.00, real=0.00 secs] 
Heap after GC invocations=214 (full 27):
 par new generation   total 9216K, used 14K [0x00000000e3400000, 0x00000000e3e00000, 0x00000000ecca0000)
  eden space 8192K,   0% used [0x00000000e3400000, 0x00000000e3400000, 0x00000000e3c00000)
  from space 1024K,   1% used [0x00000000e3c00000, 0x00000000e3c03970, 0x00000000e3d00000)
  to   space 1024K,   0% used [0x00000000e3d00000, 0x00000000e3d00000, 0x00000000e3e00000)
 concurrent mark-sweep generation total 37628K, used 22575K [0x00000000ecca0000, 0x00000000ef15f000, 0x0000000100000000)
 Metaspace       used 28370K, capacity 29328K, committed 29696K, reserved 1075200K
  class space    used 3471K, capacity 3710K, committed 3840K, reserved 1048576K
}
2020-11-07T19:55:31.442+0800: 14.591: Application time: 0.0071196 seconds
{Heap before GC invocations=214 (full 27):
 par new generation   total 9216K, used 8206K [0x00000000e3400000, 0x00000000e3e00000, 0x00000000ecca0000)
  eden space 8192K, 100% used [0x00000000e3400000, 0x00000000e3c00000, 0x00000000e3c00000)
  from space 1024K,   1% used [0x00000000e3c00000, 0x00000000e3c03970, 0x00000000e3d00000)
  to   space 1024K,   0% used [0x00000000e3d00000, 0x00000000e3d00000, 0x00000000e3e00000)
 concurrent mark-sweep generation total 37628K, used 22575K [0x00000000ecca0000, 0x00000000ef15f000, 0x0000000100000000)
 Metaspace       used 28370K, capacity 29328K, committed 29696K, reserved 1075200K
  class space    used 3471K, capacity 3710K, committed 3840K, reserved 1048576K
2020-11-07T19:55:31.442+0800: 14.591: [GC (Allocation Failure) 2020-11-07T19:55:31.442+0800: 14.591: [ParNew: 8206K->17K(9216K), 1.0373121 secs] 30782K->22593K(46844K), 1.0373757 secs] [Times: user=0.98 sys=0.02, real=1.04 secs] 
Heap after GC invocations=215 (full 27):
 par new generation   total 9216K, used 17K [0x00000000e3400000, 0x00000000e3e00000, 0x00000000ecca0000)
  eden space 8192K,   0% used [0x00000000e3400000, 0x00000000e3400000, 0x00000000e3c00000)
  from space 1024K,   1% used [0x00000000e3d00000, 0x00000000e3d04490, 0x00000000e3e00000)
  to   space 1024K,   0% used [0x00000000e3c00000, 0x00000000e3c00000, 0x00000000e3d00000)
 concurrent mark-sweep generation total 37628K, used 22575K [0x00000000ecca0000, 0x00000000ef15f000, 0x0000000100000000)
 Metaspace       used 28370K, capacity 29328K, committed 29696K, reserved 1075200K
  class space    used 3471K, capacity 3710K, committed 3840K, reserved 1048576K
}
2020-11-07T19:55:32.489+0800: 15.639: Application time: 0.0102305 seconds
{Heap before GC invocations=215 (full 27):
 par new generation   total 9216K, used 8209K [0x00000000e3400000, 0x00000000e3e00000, 0x00000000ecca0000)
  eden space 8192K, 100% used [0x00000000e3400000, 0x00000000e3c00000, 0x00000000e3c00000)
  from space 1024K,   1% used [0x00000000e3d00000, 0x00000000e3d04490, 0x00000000e3e00000)
  to   space 1024K,   0% used [0x00000000e3c00000, 0x00000000e3c00000, 0x00000000e3d00000)
 concurrent mark-sweep generation total 37628K, used 22575K [0x00000000ecca0000, 0x00000000ef15f000, 0x0000000100000000)
 Metaspace       used 28370K, capacity 29328K, committed 29696K, reserved 1075200K
  class space    used 3471K, capacity 3710K, committed 3840K, reserved 1048576K
2020-11-07T19:55:32.490+0800: 15.640: [GC (Allocation Failure) 2020-11-07T19:55:32.490+0800: 15.640: [ParNew: 8209K->17K(9216K), 0.0109079 secs] 30785K->22593K(46844K), 0.0109775 secs] [Times: user=0.01 sys=0.00, real=0.01 secs] 
Heap after GC invocations=216 (full 27):
 par new generation   total 9216K, used 17K [0x00000000e3400000, 0x00000000e3e00000, 0x00000000ecca0000)
  eden space 8192K,   0% used [0x00000000e3400000, 0x00000000e3400000, 0x00000000e3c00000)
  from space 1024K,   1% used [0x00000000e3c00000, 0x00000000e3c04668, 0x00000000e3d00000)
  to   space 1024K,   0% used [0x00000000e3d00000, 0x00000000e3d00000, 0x00000000e3e00000)
 concurrent mark-sweep generation total 37628K, used 22575K [0x00000000ecca0000, 0x00000000ef15f000, 0x0000000100000000)
 Metaspace       used 28370K, capacity 29328K, committed 29696K, reserved 1075200K
  class space    used 3471K, capacity 3710K, committed 3840K, reserved 1048576K
}
2020-11-07T19:55:32.507+0800: 15.657: Application time: 0.0062902 seconds
2020-11-07T19:55:32.513+0800: 15.662: Application time: 0.0049046 seconds
{Heap before GC invocations=216 (full 27):
 par new generation   total 9216K, used 8209K [0x00000000e3400000, 0x00000000e3e00000, 0x00000000ecca0000)
  eden space 8192K, 100% used [0x00000000e3400000, 0x00000000e3c00000, 0x00000000e3c00000)
  from space 1024K,   1% used [0x00000000e3c00000, 0x00000000e3c04668, 0x00000000e3d00000)
  to   space 1024K,   0% used [0x00000000e3d00000, 0x00000000e3d00000, 0x00000000e3e00000)
 concurrent mark-sweep generation total 37628K, used 22575K [0x00000000ecca0000, 0x00000000ef15f000, 0x0000000100000000)
 Metaspace       used 28370K, capacity 29328K, committed 29696K, reserved 1075200K
  class space    used 3471K, capacity 3710K, committed 3840K, reserved 1048576K
2020-11-07T19:55:32.513+0800: 15.663: [GC (Allocation Failure) 2020-11-07T19:55:32.513+0800: 15.663: [ParNew: 8209K->18K(9216K), 0.0025357 secs] 30785K->22594K(46844K), 0.0025962 secs] [Times: user=0.00 sys=0.00, real=0.01 secs] 
Heap after GC invocations=217 (full 27):
 par new generation   total 9216K, used 18K [0x00000000e3400000, 0x00000000e3e00000, 0x00000000ecca0000)
  eden space 8192K,   0% used [0x00000000e3400000, 0x00000000e3400000, 0x00000000e3c00000)
  from space 1024K,   1% used [0x00000000e3d00000, 0x00000000e3d04830, 0x00000000e3e00000)
  to   space 1024K,   0% used [0x00000000e3c00000, 0x00000000e3c00000, 0x00000000e3d00000)
 concurrent mark-sweep generation total 37628K, used 22575K [0x00000000ecca0000, 0x00000000ef15f000, 0x0000000100000000)
 Metaspace       used 28370K, capacity 29328K, committed 29696K, reserved 1075200K
  class space    used 3471K, capacity 3710K, committed 3840K, reserved 1048576K
}
2020-11-07T19:55:32.524+0800: 15.673: Application time: 0.0082259 seconds
{Heap before GC invocations=217 (full 27):
 par new generation   total 9216K, used 8210K [0x00000000e3400000, 0x00000000e3e00000, 0x00000000ecca0000)
  eden space 8192K, 100% used [0x00000000e3400000, 0x00000000e3c00000, 0x00000000e3c00000)
  from space 1024K,   1% used [0x00000000e3d00000, 0x00000000e3d04830, 0x00000000e3e00000)
  to   space 1024K,   0% used [0x00000000e3c00000, 0x00000000e3c00000, 0x00000000e3d00000)
 concurrent mark-sweep generation total 37628K, used 22575K [0x00000000ecca0000, 0x00000000ef15f000, 0x0000000100000000)
 Metaspace       used 28371K, capacity 29328K, committed 29696K, reserved 1075200K
  class space    used 3471K, capacity 3710K, committed 3840K, reserved 1048576K
2020-11-07T19:55:32.524+0800: 15.674: [GC (Allocation Failure) 2020-11-07T19:55:32.524+0800: 15.674: [ParNew: 8210K->20K(9216K), 0.0077059 secs] 30786K->22598K(46844K), 0.0077657 secs] [Times: user=0.01 sys=0.00, real=0.01 secs] 
Heap after GC invocations=218 (full 27):
 par new generation   total 9216K, used 20K [0x00000000e3400000, 0x00000000e3e00000, 0x00000000ecca0000)
  eden space 8192K,   0% used [0x00000000e3400000, 0x00000000e3400000, 0x00000000e3c00000)
  from space 1024K,   2% used [0x00000000e3c00000, 0x00000000e3c05328, 0x00000000e3d00000)
  to   space 1024K,   0% used [0x00000000e3d00000, 0x00000000e3d00000, 0x00000000e3e00000)
 concurrent mark-sweep generation total 37628K, used 22577K [0x00000000ecca0000, 0x00000000ef15f000, 0x0000000100000000)
 Metaspace       used 28371K, capacity 29328K, committed 29696K, reserved 1075200K
  class space    used 3471K, capacity 3710K, committed 3840K, reserved 1048576K
}
2020-11-07T19:55:32.538+0800: 15.688: Application time: 0.0062043 seconds
2020-11-07T19:55:32.546+0800: 15.695: [GC (CMS Initial Mark) [1 CMS-initial-mark: 22577K(37628K)] 29934K(46844K), 0.0060403 secs] [Times: user=0.00 sys=0.00, real=0.00 secs] 
2020-11-07T19:55:32.552+0800: 15.701: [CMS-concurrent-mark-start]
2020-11-07T19:55:32.557+0800: 15.706: Application time: 0.0048778 seconds
{Heap before GC invocations=218 (full 28):
 par new generation   total 9216K, used 8212K [0x00000000e3400000, 0x00000000e3e00000, 0x00000000ecca0000)
  eden space 8192K, 100% used [0x00000000e3400000, 0x00000000e3c00000, 0x00000000e3c00000)
  from space 1024K,   2% used [0x00000000e3c00000, 0x00000000e3c05328, 0x00000000e3d00000)
  to   space 1024K,   0% used [0x00000000e3d00000, 0x00000000e3d00000, 0x00000000e3e00000)
 concurrent mark-sweep generation total 37628K, used 22577K [0x00000000ecca0000, 0x00000000ef15f000, 0x0000000100000000)
 Metaspace       used 28371K, capacity 29328K, committed 29696K, reserved 1075200K
  class space    used 3471K, capacity 3710K, committed 3840K, reserved 1048576K
2020-11-07T19:55:32.557+0800: 15.706: [GC (Allocation Failure) 2020-11-07T19:55:32.557+0800: 15.706: [ParNew: 8212K->20K(9216K), 0.0029992 secs] 30790K->22600K(46844K), 0.0030581 secs] [Times: user=0.00 sys=0.00, real=0.00 secs] 
Heap after GC invocations=219 (full 28):
 par new generation   total 9216K, used 20K [0x00000000e3400000, 0x00000000e3e00000, 0x00000000ecca0000)
  eden space 8192K,   0% used [0x00000000e3400000, 0x00000000e3400000, 0x00000000e3c00000)
  from space 1024K,   2% used [0x00000000e3d00000, 0x00000000e3d052d0, 0x00000000e3e00000)
  to   space 1024K,   0% used [0x00000000e3c00000, 0x00000000e3c00000, 0x00000000e3d00000)
 concurrent mark-sweep generation total 37628K, used 22579K [0x00000000ecca0000, 0x00000000ef15f000, 0x0000000100000000)
 Metaspace       used 28371K, capacity 29328K, committed 29696K, reserved 1075200K
  class space    used 3471K, capacity 3710K, committed 3840K, reserved 1048576K
}
2020-11-07T19:55:32.578+0800: 15.728: Application time: 0.0184944 seconds
{Heap before GC invocations=219 (full 28):
 par new generation   total 9216K, used 8212K [0x00000000e3400000, 0x00000000e3e00000, 0x00000000ecca0000)
  eden space 8192K, 100% used [0x00000000e3400000, 0x00000000e3c00000, 0x00000000e3c00000)
  from space 1024K,   2% used [0x00000000e3d00000, 0x00000000e3d052d0, 0x00000000e3e00000)
  to   space 1024K,   0% used [0x00000000e3c00000, 0x00000000e3c00000, 0x00000000e3d00000)
 concurrent mark-sweep generation total 37628K, used 22579K [0x00000000ecca0000, 0x00000000ef15f000, 0x0000000100000000)
 Metaspace       used 28371K, capacity 29328K, committed 29696K, reserved 1075200K
  class space    used 3471K, capacity 3710K, committed 3840K, reserved 1048576K
2020-11-07T19:55:32.578+0800: 15.728: [GC (Allocation Failure) 2020-11-07T19:55:32.579+0800: 15.728: [ParNew: 8212K->21K(9216K), 0.0144685 secs] 30792K->22602K(46844K), 0.0145206 secs] [Times: user=0.01 sys=0.00, real=0.01 secs] 
Heap after GC invocations=220 (full 28):
 par new generation   total 9216K, used 21K [0x00000000e3400000, 0x00000000e3e00000, 0x00000000ecca0000)
  eden space 8192K,   0% used [0x00000000e3400000, 0x00000000e3400000, 0x00000000e3c00000)
  from space 1024K,   2% used [0x00000000e3c00000, 0x00000000e3c05758, 0x00000000e3d00000)
  to   space 1024K,   0% used [0x00000000e3d00000, 0x00000000e3d00000, 0x00000000e3e00000)
 concurrent mark-sweep generation total 37628K, used 22581K [0x00000000ecca0000, 0x00000000ef15f000, 0x0000000100000000)
 Metaspace       used 28371K, capacity 29328K, committed 29696K, reserved 1075200K
  class space    used 3471K, capacity 3710K, committed 3840K, reserved 1048576K
}
2020-11-07T19:55:32.607+0800: 15.756: Application time: 0.0135379 seconds
{Heap before GC invocations=220 (full 28):
 par new generation   total 9216K, used 8213K [0x00000000e3400000, 0x00000000e3e00000, 0x00000000ecca0000)
  eden space 8192K, 100% used [0x00000000e3400000, 0x00000000e3c00000, 0x00000000e3c00000)
  from space 1024K,   2% used [0x00000000e3c00000, 0x00000000e3c05758, 0x00000000e3d00000)
  to   space 1024K,   0% used [0x00000000e3d00000, 0x00000000e3d00000, 0x00000000e3e00000)
 concurrent mark-sweep generation total 37628K, used 22581K [0x00000000ecca0000, 0x00000000ef15f000, 0x0000000100000000)
 Metaspace       used 28371K, capacity 29328K, committed 29696K, reserved 1075200K
  class space    used 3471K, capacity 3710K, committed 3840K, reserved 1048576K
2020-11-07T19:55:32.607+0800: 15.756: [GC (Allocation Failure) 2020-11-07T19:55:32.607+0800: 15.756: [ParNew: 8213K->22K(9216K), 0.0091822 secs] 30794K->22605K(46844K), 0.0092342 secs] [Times: user=0.00 sys=0.00, real=0.01 secs] 
Heap after GC invocations=221 (full 28):
 par new generation   total 9216K, used 22K [0x00000000e3400000, 0x00000000e3e00000, 0x00000000ecca0000)
  eden space 8192K,   0% used [0x00000000e3400000, 0x00000000e3400000, 0x00000000e3c00000)
  from space 1024K,   2% used [0x00000000e3d00000, 0x00000000e3d05898, 0x00000000e3e00000)
  to   space 1024K,   0% used [0x00000000e3c00000, 0x00000000e3c00000, 0x00000000e3d00000)
 concurrent mark-sweep generation total 37628K, used 22583K [0x00000000ecca0000, 0x00000000ef15f000, 0x0000000100000000)
 Metaspace       used 28371K, capacity 29328K, committed 29696K, reserved 1075200K
  class space    used 3471K, capacity 3710K, committed 3840K, reserved 1048576K
}
2020-11-07T19:55:32.630+0800: 15.780: Application time: 0.0142182 seconds
{Heap before GC invocations=221 (full 28):
 par new generation   total 9216K, used 8214K [0x00000000e3400000, 0x00000000e3e00000, 0x00000000ecca0000)
  eden space 8192K, 100% used [0x00000000e3400000, 0x00000000e3c00000, 0x00000000e3c00000)
  from space 1024K,   2% used [0x00000000e3d00000, 0x00000000e3d05898, 0x00000000e3e00000)
  to   space 1024K,   0% used [0x00000000e3c00000, 0x00000000e3c00000, 0x00000000e3d00000)
 concurrent mark-sweep generation total 37628K, used 22583K [0x00000000ecca0000, 0x00000000ef15f000, 0x0000000100000000)
 Metaspace       used 28371K, capacity 29328K, committed 29696K, reserved 1075200K
  class space    used 3471K, capacity 3710K, committed 3840K, reserved 1048576K
2020-11-07T19:55:32.630+0800: 15.780: [GC (Allocation Failure) 2020-11-07T19:55:32.630+0800: 15.780: [ParNew: 8214K->21K(9216K), 0.0125750 secs] 30797K->22606K(46844K), 0.0126466 secs] [Times: user=0.01 sys=0.00, real=0.01 secs] 
Heap after GC invocations=222 (full 28):
 par new generation   total 9216K, used 21K [0x00000000e3400000, 0x00000000e3e00000, 0x00000000ecca0000)
  eden space 8192K,   0% used [0x00000000e3400000, 0x00000000e3400000, 0x00000000e3c00000)
  from space 1024K,   2% used [0x00000000e3c00000, 0x00000000e3c05758, 0x00000000e3d00000)
  to   space 1024K,   0% used [0x00000000e3d00000, 0x00000000e3d00000, 0x00000000e3e00000)
 concurrent mark-sweep generation total 37628K, used 22584K [0x00000000ecca0000, 0x00000000ef15f000, 0x0000000100000000)
 Metaspace       used 28371K, capacity 29328K, committed 29696K, reserved 1075200K
  class space    used 3471K, capacity 3710K, committed 3840K, reserved 1048576K
}
2020-11-07T19:55:32.668+0800: 15.818: Application time: 0.0247851 seconds
{Heap before GC invocations=222 (full 28):
 par new generation   total 9216K, used 8213K [0x00000000e3400000, 0x00000000e3e00000, 0x00000000ecca0000)
  eden space 8192K, 100% used [0x00000000e3400000, 0x00000000e3c00000, 0x00000000e3c00000)
  from space 1024K,   2% used [0x00000000e3c00000, 0x00000000e3c05758, 0x00000000e3d00000)
  to   space 1024K,   0% used [0x00000000e3d00000, 0x00000000e3d00000, 0x00000000e3e00000)
 concurrent mark-sweep generation total 37628K, used 22584K [0x00000000ecca0000, 0x00000000ef15f000, 0x0000000100000000)
 Metaspace       used 28373K, capacity 29328K, committed 29696K, reserved 1075200K
  class space    used 3471K, capacity 3710K, committed 3840K, reserved 1048576K
2020-11-07T19:55:32.668+0800: 15.818: [GC (Allocation Failure) 2020-11-07T19:55:32.668+0800: 15.818: [ParNew: 8213K->189K(9216K), 0.0127328 secs] 30798K->22776K(46844K), 0.0128030 secs] [Times: user=0.02 sys=0.00, real=0.01 secs] 
Heap after GC invocations=223 (full 28):
 par new generation   total 9216K, used 189K [0x00000000e3400000, 0x00000000e3e00000, 0x00000000ecca0000)
  eden space 8192K,   0% used [0x00000000e3400000, 0x00000000e3400000, 0x00000000e3c00000)
  from space 1024K,  18% used [0x00000000e3d00000, 0x00000000e3d2f518, 0x00000000e3e00000)
  to   space 1024K,   0% used [0x00000000e3c00000, 0x00000000e3c00000, 0x00000000e3d00000)
 concurrent mark-sweep generation total 37628K, used 22586K [0x00000000ecca0000, 0x00000000ef15f000, 0x0000000100000000)
 Metaspace       used 28373K, capacity 29328K, committed 29696K, reserved 1075200K
  class space    used 3471K, capacity 3710K, committed 3840K, reserved 1048576K
}
2020-11-07T19:55:32.691+0800: 15.841: [CMS-concurrent-mark: 0.057/0.139 secs] [Times: user=0.14 sys=0.01, real=0.14 secs] 
2020-11-07T19:55:32.691+0800: 15.841: [CMS-concurrent-preclean-start]
2020-11-07T19:55:32.692+0800: 15.842: [CMS-concurrent-preclean: 0.001/0.001 secs] [Times: user=0.00 sys=0.00, real=0.00 secs] 
2020-11-07T19:55:32.699+0800: 15.849: Application time: 0.0179199 seconds
2020-11-07T19:55:32.711+0800: 15.861: [GC (CMS Final Remark) [YG occupancy: 8155 K (9216 K)]2020-11-07T19:55:32.711+0800: 15.861: [Rescan (parallel) , 0.0328231 secs]2020-11-07T19:55:32.744+0800: 15.894: [weak refs processing, 0.0001193 secs]2020-11-07T19:55:32.744+0800: 15.894: [class unloading, 0.0064718 secs]2020-11-07T19:55:32.751+0800: 15.900: [scrub symbol table, 0.0083844 secs]2020-11-07T19:55:32.759+0800: 15.909: [scrub string table, 0.0005475 secs][1 CMS-remark: 22586K(37628K)] 30742K(46844K), 0.0485361 secs] [Times: user=0.05 sys=0.00, real=0.05 secs] 
2020-11-07T19:55:32.760+0800: 15.910: [CMS-concurrent-sweep-start]
2020-11-07T19:55:32.767+0800: 15.917: Application time: 0.0073123 seconds
{Heap before GC invocations=223 (full 28):
 par new generation   total 9216K, used 8381K [0x00000000e3400000, 0x00000000e3e00000, 0x00000000ecca0000)
  eden space 8192K, 100% used [0x00000000e3400000, 0x00000000e3c00000, 0x00000000e3c00000)
  from space 1024K,  18% used [0x00000000e3d00000, 0x00000000e3d2f518, 0x00000000e3e00000)
  to   space 1024K,   0% used [0x00000000e3c00000, 0x00000000e3c00000, 0x00000000e3d00000)
 concurrent mark-sweep generation total 37628K, used 22586K [0x00000000ecca0000, 0x00000000ef15f000, 0x0000000100000000)
 Metaspace       used 28374K, capacity 29328K, committed 29696K, reserved 1075200K
  class space    used 3471K, capacity 3710K, committed 3840K, reserved 1048576K
2020-11-07T19:55:32.767+0800: 15.917: [GC (Allocation Failure) 2020-11-07T19:55:32.767+0800: 15.917: [ParNew: 8381K->381K(9216K), 0.0158705 secs] 30967K->22969K(46844K), 0.0159415 secs] [Times: user=0.02 sys=0.00, real=0.01 secs] 
Heap after GC invocations=224 (full 28):
 par new generation   total 9216K, used 381K [0x00000000e3400000, 0x00000000e3e00000, 0x00000000ecca0000)
  eden space 8192K,   0% used [0x00000000e3400000, 0x00000000e3400000, 0x00000000e3c00000)
  from space 1024K,  37% used [0x00000000e3c00000, 0x00000000e3c5f6e8, 0x00000000e3d00000)
  to   space 1024K,   0% used [0x00000000e3d00000, 0x00000000e3d00000, 0x00000000e3e00000)
 concurrent mark-sweep generation total 37628K, used 22587K [0x00000000ecca0000, 0x00000000ef15f000, 0x0000000100000000)
 Metaspace       used 28374K, capacity 29328K, committed 29696K, reserved 1075200K
  class space    used 3471K, capacity 3710K, committed 3840K, reserved 1048576K
}
2020-11-07T19:55:32.790+0800: 15.940: Application time: 0.0070985 seconds
{Heap before GC invocations=224 (full 28):
 par new generation   total 9216K, used 8573K [0x00000000e3400000, 0x00000000e3e00000, 0x00000000ecca0000)
  eden space 8192K, 100% used [0x00000000e3400000, 0x00000000e3c00000, 0x00000000e3c00000)
  from space 1024K,  37% used [0x00000000e3c00000, 0x00000000e3c5f6e8, 0x00000000e3d00000)
  to   space 1024K,   0% used [0x00000000e3d00000, 0x00000000e3d00000, 0x00000000e3e00000)
 concurrent mark-sweep generation total 37628K, used 22587K [0x00000000ecca0000, 0x00000000ef15f000, 0x0000000100000000)
 Metaspace       used 28374K, capacity 29328K, committed 29696K, reserved 1075200K
  class space    used 3471K, capacity 3710K, committed 3840K, reserved 1048576K
2020-11-07T19:55:32.790+0800: 15.940: [GC (Allocation Failure) 2020-11-07T19:55:32.790+0800: 15.940: [ParNew: 8573K->438K(9216K), 0.0031322 secs] 31161K->23028K(46844K), 0.0031792 secs] [Times: user=0.00 sys=0.00, real=0.00 secs] 
Heap after GC invocations=225 (full 28):
 par new generation   total 9216K, used 438K [0x00000000e3400000, 0x00000000e3e00000, 0x00000000ecca0000)
  eden space 8192K,   0% used [0x00000000e3400000, 0x00000000e3400000, 0x00000000e3c00000)
  from space 1024K,  42% used [0x00000000e3d00000, 0x00000000e3d6dbc0, 0x00000000e3e00000)
  to   space 1024K,   0% used [0x00000000e3c00000, 0x00000000e3c00000, 0x00000000e3d00000)
 concurrent mark-sweep generation total 37628K, used 22589K [0x00000000ecca0000, 0x00000000ef15f000, 0x0000000100000000)
 Metaspace       used 28374K, capacity 29328K, committed 29696K, reserved 1075200K
  class space    used 3471K, capacity 3710K, committed 3840K, reserved 1048576K
}
2020-11-07T19:55:32.804+0800: 15.954: [CMS-concurrent-sweep: 0.011/0.044 secs] [Times: user=0.04 sys=0.00, real=0.04 secs] 
2020-11-07T19:55:32.805+0800: 15.955: Application time: 0.0116899 seconds
{Heap before GC invocations=225 (full 28):
 par new generation   total 9216K, used 8630K [0x00000000e3400000, 0x00000000e3e00000, 0x00000000ecca0000)
  eden space 8192K, 100% used [0x00000000e3400000, 0x00000000e3c00000, 0x00000000e3c00000)
  from space 1024K,  42% used [0x00000000e3d00000, 0x00000000e3d6dbc0, 0x00000000e3e00000)
  to   space 1024K,   0% used [0x00000000e3c00000, 0x00000000e3c00000, 0x00000000e3d00000)
 concurrent mark-sweep generation total 37628K, used 22130K [0x00000000ecca0000, 0x00000000ef15f000, 0x0000000100000000)
 Metaspace       used 28374K, capacity 29328K, committed 29696K, reserved 1075200K
  class space    used 3471K, capacity 3710K, committed 3840K, reserved 1048576K
2020-11-07T19:55:32.805+0800: 15.955: [GC (Allocation Failure) 2020-11-07T19:55:32.805+0800: 15.955: [ParNew: 8630K->442K(9216K), 0.0121418 secs] 30761K->22574K(46844K), 0.0122050 secs] [Times: user=0.01 sys=0.00, real=0.01 secs] 
Heap after GC invocations=226 (full 28):
 par new generation   total 9216K, used 442K [0x00000000e3400000, 0x00000000e3e00000, 0x00000000ecca0000)
  eden space 8192K,   0% used [0x00000000e3400000, 0x00000000e3400000, 0x00000000e3c00000)
  from space 1024K,  43% used [0x00000000e3c00000, 0x00000000e3c6e898, 0x00000000e3d00000)
  to   space 1024K,   0% used [0x00000000e3d00000, 0x00000000e3d00000, 0x00000000e3e00000)
 concurrent mark-sweep generation total 37628K, used 22132K [0x00000000ecca0000, 0x00000000ef15f000, 0x0000000100000000)
 Metaspace       used 28374K, capacity 29328K, committed 29696K, reserved 1075200K
  class space    used 3471K, capacity 3710K, committed 3840K, reserved 1048576K
}
2020-11-07T19:55:32.825+0800: 15.975: Application time: 0.0075677 seconds
{Heap before GC invocations=226 (full 28):
 par new generation   total 9216K, used 8634K [0x00000000e3400000, 0x00000000e3e00000, 0x00000000ecca0000)
  eden space 8192K, 100% used [0x00000000e3400000, 0x00000000e3c00000, 0x00000000e3c00000)
  from space 1024K,  43% used [0x00000000e3c00000, 0x00000000e3c6e898, 0x00000000e3d00000)
  to   space 1024K,   0% used [0x00000000e3d00000, 0x00000000e3d00000, 0x00000000e3e00000)
 concurrent mark-sweep generation total 37628K, used 22132K [0x00000000ecca0000, 0x00000000ef15f000, 0x0000000100000000)
 Metaspace       used 28374K, capacity 29328K, committed 29696K, reserved 1075200K
  class space    used 3471K, capacity 3710K, committed 3840K, reserved 1048576K
2020-11-07T19:55:32.825+0800: 15.975: [GC (Allocation Failure) 2020-11-07T19:55:32.825+0800: 15.975: [ParNew: 8634K->369K(9216K), 0.0025065 secs] 30766K->22503K(46844K), 0.0025474 secs] [Times: user=0.00 sys=0.00, real=0.00 secs] 
Heap after GC invocations=227 (full 28):
 par new generation   total 9216K, used 369K [0x00000000e3400000, 0x00000000e3e00000, 0x00000000ecca0000)
  eden space 8192K,   0% used [0x00000000e3400000, 0x00000000e3400000, 0x00000000e3c00000)
  from space 1024K,  36% used [0x00000000e3d00000, 0x00000000e3d5c6a0, 0x00000000e3e00000)
  to   space 1024K,   0% used [0x00000000e3c00000, 0x00000000e3c00000, 0x00000000e3d00000)
 concurrent mark-sweep generation total 37628K, used 22134K [0x00000000ecca0000, 0x00000000ef15f000, 0x0000000100000000)
 Metaspace       used 28374K, capacity 29328K, committed 29696K, reserved 1075200K
  class space    used 3471K, capacity 3710K, committed 3840K, reserved 1048576K
}
2020-11-07T19:55:32.836+0800: 15.986: Application time: 0.0080006 seconds
{Heap before GC invocations=227 (full 28):
 par new generation   total 9216K, used 8561K [0x00000000e3400000, 0x00000000e3e00000, 0x00000000ecca0000)
  eden space 8192K, 100% used [0x00000000e3400000, 0x00000000e3c00000, 0x00000000e3c00000)
  from space 1024K,  36% used [0x00000000e3d00000, 0x00000000e3d5c6a0, 0x00000000e3e00000)
  to   space 1024K,   0% used [0x00000000e3c00000, 0x00000000e3c00000, 0x00000000e3d00000)
 concurrent mark-sweep generation total 37628K, used 22134K [0x00000000ecca0000, 0x00000000ef15f000, 0x0000000100000000)
 Metaspace       used 28377K, capacity 29328K, committed 29696K, reserved 1075200K
  class space    used 3471K, capacity 3710K, committed 3840K, reserved 1048576K
2020-11-07T19:55:32.836+0800: 15.986: [GC (Allocation Failure) 2020-11-07T19:55:32.836+0800: 15.986: [ParNew: 8561K->361K(9216K), 0.0029793 secs] 30695K->22497K(46844K), 0.0030208 secs] [Times: user=0.00 sys=0.00, real=0.00 secs] 
Heap after GC invocations=228 (full 28):
 par new generation   total 9216K, used 361K [0x00000000e3400000, 0x00000000e3e00000, 0x00000000ecca0000)
  eden space 8192K,   0% used [0x00000000e3400000, 0x00000000e3400000, 0x00000000e3c00000)
  from space 1024K,  35% used [0x00000000e3c00000, 0x00000000e3c5a480, 0x00000000e3d00000)
  to   space 1024K,   0% used [0x00000000e3d00000, 0x00000000e3d00000, 0x00000000e3e00000)
 concurrent mark-sweep generation total 37628K, used 22136K [0x00000000ecca0000, 0x00000000ef15f000, 0x0000000100000000)
 Metaspace       used 28377K, capacity 29328K, committed 29696K, reserved 1075200K
  class space    used 3471K, capacity 3710K, committed 3840K, reserved 1048576K
}
2020-11-07T19:55:32.846+0800: 15.996: Application time: 0.0070494 seconds
{Heap before GC invocations=228 (full 28):
 par new generation   total 9216K, used 8553K [0x00000000e3400000, 0x00000000e3e00000, 0x00000000ecca0000)
  eden space 8192K, 100% used [0x00000000e3400000, 0x00000000e3c00000, 0x00000000e3c00000)
  from space 1024K,  35% used [0x00000000e3c00000, 0x00000000e3c5a480, 0x00000000e3d00000)
  to   space 1024K,   0% used [0x00000000e3d00000, 0x00000000e3d00000, 0x00000000e3e00000)
 concurrent mark-sweep generation total 37628K, used 22136K [0x00000000ecca0000, 0x00000000ef15f000, 0x0000000100000000)
 Metaspace       used 28377K, capacity 29328K, committed 29696K, reserved 1075200K
  class space    used 3471K, capacity 3710K, committed 3840K, reserved 1048576K
2020-11-07T19:55:32.852+0800: 16.002: [GC (Allocation Failure) 2020-11-07T19:55:32.852+0800: 16.002: [ParNew: 8553K->449K(9216K), 0.0025504 secs] 30689K->22587K(46844K), 0.0026094 secs] [Times: user=0.00 sys=0.00, real=0.01 secs] 
Heap after GC invocations=229 (full 28):
 par new generation   total 9216K, used 449K [0x00000000e3400000, 0x00000000e3e00000, 0x00000000ecca0000)
  eden space 8192K,   0% used [0x00000000e3400000, 0x00000000e3400000, 0x00000000e3c00000)
  from space 1024K,  43% used [0x00000000e3d00000, 0x00000000e3d70468, 0x00000000e3e00000)
  to   space 1024K,   0% used [0x00000000e3c00000, 0x00000000e3c00000, 0x00000000e3d00000)
 concurrent mark-sweep generation total 37628K, used 22138K [0x00000000ecca0000, 0x00000000ef15f000, 0x0000000100000000)
 Metaspace       used 28377K, capacity 29328K, committed 29696K, reserved 1075200K
  class space    used 3471K, capacity 3710K, committed 3840K, reserved 1048576K
}
2020-11-07T19:55:32.860+0800: 16.010: [CMS-concurrent-reset-start]
2020-11-07T19:55:32.862+0800: 16.011: [CMS-concurrent-reset: 0.001/0.001 secs] [Times: user=0.00 sys=0.00, real=0.00 secs] 
2020-11-07T19:55:32.863+0800: 16.013: Application time: 0.0081359 seconds
{Heap before GC invocations=229 (full 28):
 par new generation   total 9216K, used 8641K [0x00000000e3400000, 0x00000000e3e00000, 0x00000000ecca0000)
  eden space 8192K, 100% used [0x00000000e3400000, 0x00000000e3c00000, 0x00000000e3c00000)
  from space 1024K,  43% used [0x00000000e3d00000, 0x00000000e3d70468, 0x00000000e3e00000)
  to   space 1024K,   0% used [0x00000000e3c00000, 0x00000000e3c00000, 0x00000000e3d00000)
 concurrent mark-sweep generation total 37628K, used 22138K [0x00000000ecca0000, 0x00000000ef15f000, 0x0000000100000000)
 Metaspace       used 28377K, capacity 29328K, committed 29696K, reserved 1075200K
  class space    used 3471K, capacity 3710K, committed 3840K, reserved 1048576K
2020-11-07T19:55:32.864+0800: 16.013: [GC (Allocation Failure) 2020-11-07T19:55:32.864+0800: 16.013: [ParNew: 8641K->448K(9216K), 0.0080195 secs] 30779K->22588K(46844K), 0.0080816 secs] [Times: user=0.00 sys=0.00, real=0.01 secs] 
Heap after GC invocations=230 (full 28):
 par new generation   total 9216K, used 448K [0x00000000e3400000, 0x00000000e3e00000, 0x00000000ecca0000)
  eden space 8192K,   0% used [0x00000000e3400000, 0x00000000e3400000, 0x00000000e3c00000)
  from space 1024K,  43% used [0x00000000e3c00000, 0x00000000e3c70260, 0x00000000e3d00000)
  to   space 1024K,   0% used [0x00000000e3d00000, 0x00000000e3d00000, 0x00000000e3e00000)
 concurrent mark-sweep generation total 37628K, used 22140K [0x00000000ecca0000, 0x00000000ef15f000, 0x0000000100000000)
 Metaspace       used 28377K, capacity 29328K, committed 29696K, reserved 1075200K
  class space    used 3471K, capacity 3710K, committed 3840K, reserved 1048576K
}
2020-11-07T19:55:32.879+0800: 16.029: Application time: 0.0075390 seconds
{Heap before GC invocations=230 (full 28):
 par new generation   total 9216K, used 8640K [0x00000000e3400000, 0x00000000e3e00000, 0x00000000ecca0000)
  eden space 8192K, 100% used [0x00000000e3400000, 0x00000000e3c00000, 0x00000000e3c00000)
  from space 1024K,  43% used [0x00000000e3c00000, 0x00000000e3c70260, 0x00000000e3d00000)
  to   space 1024K,   0% used [0x00000000e3d00000, 0x00000000e3d00000, 0x00000000e3e00000)
 concurrent mark-sweep generation total 37628K, used 22140K [0x00000000ecca0000, 0x00000000ef15f000, 0x0000000100000000)
 Metaspace       used 28377K, capacity 29328K, committed 29696K, reserved 1075200K
  class space    used 3471K, capacity 3710K, committed 3840K, reserved 1048576K
2020-11-07T19:55:32.879+0800: 16.029: [GC (Allocation Failure) 2020-11-07T19:55:32.879+0800: 16.029: [ParNew: 8640K->449K(9216K), 0.0082313 secs] 30780K->22591K(46844K), 0.0082846 secs] [Times: user=0.01 sys=0.00, real=0.01 secs] 
Heap after GC invocations=231 (full 28):
 par new generation   total 9216K, used 449K [0x00000000e3400000, 0x00000000e3e00000, 0x00000000ecca0000)
  eden space 8192K,   0% used [0x00000000e3400000, 0x00000000e3400000, 0x00000000e3c00000)
  from space 1024K,  43% used [0x00000000e3d00000, 0x00000000e3d70648, 0x00000000e3e00000)
  to   space 1024K,   0% used [0x00000000e3c00000, 0x00000000e3c00000, 0x00000000e3d00000)
 concurrent mark-sweep generation total 37628K, used 22141K [0x00000000ecca0000, 0x00000000ef15f000, 0x0000000100000000)
 Metaspace       used 28377K, capacity 29328K, committed 29696K, reserved 1075200K
  class space    used 3471K, capacity 3710K, committed 3840K, reserved 1048576K
}
2020-11-07T19:55:32.896+0800: 16.046: Application time: 0.0083395 seconds
{Heap before GC invocations=231 (full 28):
 par new generation   total 9216K, used 8641K [0x00000000e3400000, 0x00000000e3e00000, 0x00000000ecca0000)
  eden space 8192K, 100% used [0x00000000e3400000, 0x00000000e3c00000, 0x00000000e3c00000)
  from space 1024K,  43% used [0x00000000e3d00000, 0x00000000e3d70648, 0x00000000e3e00000)
  to   space 1024K,   0% used [0x00000000e3c00000, 0x00000000e3c00000, 0x00000000e3d00000)
 concurrent mark-sweep generation total 37628K, used 22141K [0x00000000ecca0000, 0x00000000ef15f000, 0x0000000100000000)
 Metaspace       used 28377K, capacity 29328K, committed 29696K, reserved 1075200K
  class space    used 3471K, capacity 3710K, committed 3840K, reserved 1048576K
2020-11-07T19:55:32.896+0800: 16.046: [GC (Allocation Failure) 2020-11-07T19:55:32.896+0800: 16.046: [ParNew: 8641K->269K(9216K), 0.0028831 secs] 30783K->22530K(46844K), 0.0029323 secs] [Times: user=0.00 sys=0.00, real=0.00 secs] 
Heap after GC invocations=232 (full 28):
 par new generation   total 9216K, used 269K [0x00000000e3400000, 0x00000000e3e00000, 0x00000000ecca0000)
  eden space 8192K,   0% used [0x00000000e3400000, 0x00000000e3400000, 0x00000000e3c00000)
  from space 1024K,  26% used [0x00000000e3c00000, 0x00000000e3c437d0, 0x00000000e3d00000)
  to   space 1024K,   0% used [0x00000000e3d00000, 0x00000000e3d00000, 0x00000000e3e00000)
 concurrent mark-sweep generation total 37628K, used 22260K [0x00000000ecca0000, 0x00000000ef15f000, 0x0000000100000000)
 Metaspace       used 28377K, capacity 29328K, committed 29696K, reserved 1075200K
  class space    used 3471K, capacity 3710K, committed 3840K, reserved 1048576K
}
2020-11-07T19:55:32.906+0800: 16.056: Application time: 0.0071010 seconds
{Heap before GC invocations=232 (full 28):
 par new generation   total 9216K, used 8461K [0x00000000e3400000, 0x00000000e3e00000, 0x00000000ecca0000)
  eden space 8192K, 100% used [0x00000000e3400000, 0x00000000e3c00000, 0x00000000e3c00000)
  from space 1024K,  26% used [0x00000000e3c00000, 0x00000000e3c437d0, 0x00000000e3d00000)
  to   space 1024K,   0% used [0x00000000e3d00000, 0x00000000e3d00000, 0x00000000e3e00000)
 concurrent mark-sweep generation total 37628K, used 22260K [0x00000000ecca0000, 0x00000000ef15f000, 0x0000000100000000)
 Metaspace       used 28377K, capacity 29328K, committed 29696K, reserved 1075200K
  class space    used 3471K, capacity 3710K, committed 3840K, reserved 1048576K
2020-11-07T19:55:32.907+0800: 16.056: [GC (Allocation Failure) 2020-11-07T19:55:32.907+0800: 16.056: [ParNew: 8461K->67K(9216K), 0.0081990 secs] 30722K->22553K(46844K), 0.0082530 secs] [Times: user=0.00 sys=0.00, real=0.01 secs] 
Heap after GC invocations=233 (full 28):
 par new generation   total 9216K, used 67K [0x00000000e3400000, 0x00000000e3e00000, 0x00000000ecca0000)
  eden space 8192K,   0% used [0x00000000e3400000, 0x00000000e3400000, 0x00000000e3c00000)
  from space 1024K,   6% used [0x00000000e3d00000, 0x00000000e3d10ee0, 0x00000000e3e00000)
  to   space 1024K,   0% used [0x00000000e3c00000, 0x00000000e3c00000, 0x00000000e3d00000)
 concurrent mark-sweep generation total 37628K, used 22486K [0x00000000ecca0000, 0x00000000ef15f000, 0x0000000100000000)
 Metaspace       used 28377K, capacity 29328K, committed 29696K, reserved 1075200K
  class space    used 3471K, capacity 3710K, committed 3840K, reserved 1048576K
}
2020-11-07T19:55:32.923+0800: 16.073: Application time: 0.0084775 seconds
{Heap before GC invocations=233 (full 28):
 par new generation   total 9216K, used 8259K [0x00000000e3400000, 0x00000000e3e00000, 0x00000000ecca0000)
  eden space 8192K, 100% used [0x00000000e3400000, 0x00000000e3c00000, 0x00000000e3c00000)
  from space 1024K,   6% used [0x00000000e3d00000, 0x00000000e3d10ee0, 0x00000000e3e00000)
  to   space 1024K,   0% used [0x00000000e3c00000, 0x00000000e3c00000, 0x00000000e3d00000)
 concurrent mark-sweep generation total 37628K, used 22486K [0x00000000ecca0000, 0x00000000ef15f000, 0x0000000100000000)
 Metaspace       used 28377K, capacity 29328K, committed 29696K, reserved 1075200K
  class space    used 3471K, capacity 3710K, committed 3840K, reserved 1048576K
2020-11-07T19:55:32.923+0800: 16.073: [GC (Allocation Failure) 2020-11-07T19:55:32.924+0800: 16.073: [ParNew: 8259K->17K(9216K), 0.0140801 secs] 30745K->22505K(46844K), 0.0141369 secs] [Times: user=0.02 sys=0.00, real=0.02 secs] 
Heap after GC invocations=234 (full 28):
 par new generation   total 9216K, used 17K [0x00000000e3400000, 0x00000000e3e00000, 0x00000000ecca0000)
  eden space 8192K,   0% used [0x00000000e3400000, 0x00000000e3400000, 0x00000000e3c00000)
  from space 1024K,   1% used [0x00000000e3c00000, 0x00000000e3c047e8, 0x00000000e3d00000)
  to   space 1024K,   0% used [0x00000000e3d00000, 0x00000000e3d00000, 0x00000000e3e00000)
 concurrent mark-sweep generation total 37628K, used 22487K [0x00000000ecca0000, 0x00000000ef15f000, 0x0000000100000000)
 Metaspace       used 28377K, capacity 29328K, committed 29696K, reserved 1075200K
  class space    used 3471K, capacity 3710K, committed 3840K, reserved 1048576K
}
2020-11-07T19:55:32.945+0800: 16.095: Application time: 0.0077815 seconds
{Heap before GC invocations=234 (full 28):
 par new generation   total 9216K, used 8209K [0x00000000e3400000, 0x00000000e3e00000, 0x00000000ecca0000)
  eden space 8192K, 100% used [0x00000000e3400000, 0x00000000e3c00000, 0x00000000e3c00000)
  from space 1024K,   1% used [0x00000000e3c00000, 0x00000000e3c047e8, 0x00000000e3d00000)
  to   space 1024K,   0% used [0x00000000e3d00000, 0x00000000e3d00000, 0x00000000e3e00000)
 concurrent mark-sweep generation total 37628K, used 22487K [0x00000000ecca0000, 0x00000000ef15f000, 0x0000000100000000)
 Metaspace       used 28377K, capacity 29328K, committed 29696K, reserved 1075200K
  class space    used 3471K, capacity 3710K, committed 3840K, reserved 1048576K
2020-11-07T19:55:32.946+0800: 16.095: [GC (Allocation Failure) 2020-11-07T19:55:32.946+0800: 16.095: [ParNew: 8209K->23K(9216K), 0.0081132 secs] 30697K->22512K(46844K), 0.0081718 secs] [Times: user=0.01 sys=0.00, real=0.00 secs] 
Heap after GC invocations=235 (full 28):
 par new generation   total 9216K, used 23K [0x00000000e3400000, 0x00000000e3e00000, 0x00000000ecca0000)
  eden space 8192K,   0% used [0x00000000e3400000, 0x00000000e3400000, 0x00000000e3c00000)
  from space 1024K,   2% used [0x00000000e3d00000, 0x00000000e3d05d00, 0x00000000e3e00000)
  to   space 1024K,   0% used [0x00000000e3c00000, 0x00000000e3c00000, 0x00000000e3d00000)
 concurrent mark-sweep generation total 37628K, used 22489K [0x00000000ecca0000, 0x00000000ef15f000, 0x0000000100000000)
 Metaspace       used 28377K, capacity 29328K, committed 29696K, reserved 1075200K
  class space    used 3471K, capacity 3710K, committed 3840K, reserved 1048576K
}
2020-11-07T19:55:32.962+0800: 16.111: Application time: 0.0077223 seconds
{Heap before GC invocations=235 (full 28):
 par new generation   total 9216K, used 8215K [0x00000000e3400000, 0x00000000e3e00000, 0x00000000ecca0000)
  eden space 8192K, 100% used [0x00000000e3400000, 0x00000000e3c00000, 0x00000000e3c00000)
  from space 1024K,   2% used [0x00000000e3d00000, 0x00000000e3d05d00, 0x00000000e3e00000)
  to   space 1024K,   0% used [0x00000000e3c00000, 0x00000000e3c00000, 0x00000000e3d00000)
 concurrent mark-sweep generation total 37628K, used 22489K [0x00000000ecca0000, 0x00000000ef15f000, 0x0000000100000000)
 Metaspace       used 28377K, capacity 29328K, committed 29696K, reserved 1075200K
  class space    used 3471K, capacity 3710K, committed 3840K, reserved 1048576K
2020-11-07T19:55:32.962+0800: 16.111: [GC (Allocation Failure) 2020-11-07T19:55:32.962+0800: 16.111: [ParNew: 8215K->20K(9216K), 0.0092881 secs] 30704K->22512K(46844K), 0.0093506 secs] [Times: user=0.01 sys=0.00, real=0.01 secs] 
Heap after GC invocations=236 (full 28):
 par new generation   total 9216K, used 20K [0x00000000e3400000, 0x00000000e3e00000, 0x00000000ecca0000)
  eden space 8192K,   0% used [0x00000000e3400000, 0x00000000e3400000, 0x00000000e3c00000)
  from space 1024K,   2% used [0x00000000e3c00000, 0x00000000e3c05300, 0x00000000e3d00000)
  to   space 1024K,   0% used [0x00000000e3d00000, 0x00000000e3d00000, 0x00000000e3e00000)
 concurrent mark-sweep generation total 37628K, used 22491K [0x00000000ecca0000, 0x00000000ef15f000, 0x0000000100000000)
 Metaspace       used 28377K, capacity 29328K, committed 29696K, reserved 1075200K
  class space    used 3471K, capacity 3710K, committed 3840K, reserved 1048576K
}
2020-11-07T19:55:32.980+0800: 16.130: Application time: 0.0089740 seconds
{Heap before GC invocations=236 (full 28):
 par new generation   total 9216K, used 8212K [0x00000000e3400000, 0x00000000e3e00000, 0x00000000ecca0000)
  eden space 8192K, 100% used [0x00000000e3400000, 0x00000000e3c00000, 0x00000000e3c00000)
  from space 1024K,   2% used [0x00000000e3c00000, 0x00000000e3c05300, 0x00000000e3d00000)
  to   space 1024K,   0% used [0x00000000e3d00000, 0x00000000e3d00000, 0x00000000e3e00000)
 concurrent mark-sweep generation total 37628K, used 22491K [0x00000000ecca0000, 0x00000000ef15f000, 0x0000000100000000)
 Metaspace       used 28377K, capacity 29328K, committed 29696K, reserved 1075200K
  class space    used 3471K, capacity 3710K, committed 3840K, reserved 1048576K
2020-11-07T19:55:32.980+0800: 16.130: [GC (Allocation Failure) 2020-11-07T19:55:32.980+0800: 16.130: [ParNew: 8212K->18K(9216K), 0.0137121 secs] 30704K->22511K(46844K), 0.0137693 secs] [Times: user=0.01 sys=0.00, real=0.01 secs] 
Heap after GC invocations=237 (full 28):
 par new generation   total 9216K, used 18K [0x00000000e3400000, 0x00000000e3e00000, 0x00000000ecca0000)
  eden space 8192K,   0% used [0x00000000e3400000, 0x00000000e3400000, 0x00000000e3c00000)
  from space 1024K,   1% used [0x00000000e3d00000, 0x00000000e3d04a20, 0x00000000e3e00000)
  to   space 1024K,   0% used [0x00000000e3c00000, 0x00000000e3c00000, 0x00000000e3d00000)
 concurrent mark-sweep generation total 37628K, used 22493K [0x00000000ecca0000, 0x00000000ef15f000, 0x0000000100000000)
 Metaspace       used 28377K, capacity 29328K, committed 29696K, reserved 1075200K
  class space    used 3471K, capacity 3710K, committed 3840K, reserved 1048576K
}
2020-11-07T19:55:33.001+0800: 16.151: Application time: 0.0073583 seconds
{Heap before GC invocations=237 (full 28):
 par new generation   total 9216K, used 8210K [0x00000000e3400000, 0x00000000e3e00000, 0x00000000ecca0000)
  eden space 8192K, 100% used [0x00000000e3400000, 0x00000000e3c00000, 0x00000000e3c00000)
  from space 1024K,   1% used [0x00000000e3d00000, 0x00000000e3d04a20, 0x00000000e3e00000)
  to   space 1024K,   0% used [0x00000000e3c00000, 0x00000000e3c00000, 0x00000000e3d00000)
 concurrent mark-sweep generation total 37628K, used 22493K [0x00000000ecca0000, 0x00000000ef15f000, 0x0000000100000000)
 Metaspace       used 28377K, capacity 29328K, committed 29696K, reserved 1075200K
  class space    used 3471K, capacity 3710K, committed 3840K, reserved 1048576K
2020-11-07T19:55:33.002+0800: 16.151: [GC (Allocation Failure) 2020-11-07T19:55:33.002+0800: 16.151: [ParNew: 8210K->22K(9216K), 0.0084168 secs] 30703K->22517K(46844K), 0.0084702 secs] [Times: user=0.00 sys=0.00, real=0.01 secs] 
Heap after GC invocations=238 (full 28):
 par new generation   total 9216K, used 22K [0x00000000e3400000, 0x00000000e3e00000, 0x00000000ecca0000)
  eden space 8192K,   0% used [0x00000000e3400000, 0x00000000e3400000, 0x00000000e3c00000)
  from space 1024K,   2% used [0x00000000e3c00000, 0x00000000e3c05a50, 0x00000000e3d00000)
  to   space 1024K,   0% used [0x00000000e3d00000, 0x00000000e3d00000, 0x00000000e3e00000)
 concurrent mark-sweep generation total 37628K, used 22495K [0x00000000ecca0000, 0x00000000ef15f000, 0x0000000100000000)
 Metaspace       used 28377K, capacity 29328K, committed 29696K, reserved 1075200K
  class space    used 3471K, capacity 3710K, committed 3840K, reserved 1048576K
}
2020-11-07T19:55:33.028+0800: 16.178: Application time: 0.0180168 seconds
{Heap before GC invocations=238 (full 28):
 par new generation   total 9216K, used 8214K [0x00000000e3400000, 0x00000000e3e00000, 0x00000000ecca0000)
  eden space 8192K, 100% used [0x00000000e3400000, 0x00000000e3c00000, 0x00000000e3c00000)
  from space 1024K,   2% used [0x00000000e3c00000, 0x00000000e3c05a50, 0x00000000e3d00000)
  to   space 1024K,   0% used [0x00000000e3d00000, 0x00000000e3d00000, 0x00000000e3e00000)
 concurrent mark-sweep generation total 37628K, used 22495K [0x00000000ecca0000, 0x00000000ef15f000, 0x0000000100000000)
 Metaspace       used 28391K, capacity 29328K, committed 29696K, reserved 1075200K
  class space    used 3471K, capacity 3710K, committed 3840K, reserved 1048576K
2020-11-07T19:55:33.028+0800: 16.178: [GC (Allocation Failure) 2020-11-07T19:55:33.028+0800: 16.178: [ParNew: 8214K->431K(9216K), 0.0143115 secs] 30709K->22929K(46844K), 0.0143660 secs] [Times: user=0.01 sys=0.00, real=0.01 secs] 
Heap after GC invocations=239 (full 28):
 par new generation   total 9216K, used 431K [0x00000000e3400000, 0x00000000e3e00000, 0x00000000ecca0000)
  eden space 8192K,   0% used [0x00000000e3400000, 0x00000000e3400000, 0x00000000e3c00000)
  from space 1024K,  42% used [0x00000000e3d00000, 0x00000000e3d6be88, 0x00000000e3e00000)
  to   space 1024K,   0% used [0x00000000e3c00000, 0x00000000e3c00000, 0x00000000e3d00000)
 concurrent mark-sweep generation total 37628K, used 22497K [0x00000000ecca0000, 0x00000000ef15f000, 0x0000000100000000)
 Metaspace       used 28391K, capacity 29328K, committed 29696K, reserved 1075200K
  class space    used 3471K, capacity 3710K, committed 3840K, reserved 1048576K
}
2020-11-07T19:55:33.071+0800: 16.221: Application time: 0.0285154 seconds
{Heap before GC invocations=239 (full 28):
 par new generation   total 9216K, used 8623K [0x00000000e3400000, 0x00000000e3e00000, 0x00000000ecca0000)
  eden space 8192K, 100% used [0x00000000e3400000, 0x00000000e3c00000, 0x00000000e3c00000)
  from space 1024K,  42% used [0x00000000e3d00000, 0x00000000e3d6be88, 0x00000000e3e00000)
  to   space 1024K,   0% used [0x00000000e3c00000, 0x00000000e3c00000, 0x00000000e3d00000)
 concurrent mark-sweep generation total 37628K, used 22497K [0x00000000ecca0000, 0x00000000ef15f000, 0x0000000100000000)
 Metaspace       used 28418K, capacity 29334K, committed 29696K, reserved 1075200K
  class space    used 3476K, capacity 3711K, committed 3840K, reserved 1048576K
2020-11-07T19:55:33.071+0800: 16.221: [GC (Allocation Failure) 2020-11-07T19:55:33.071+0800: 16.221: [ParNew: 8623K->586K(9216K), 0.0132235 secs] 31121K->23085K(46844K), 0.0132852 secs] [Times: user=0.01 sys=0.00, real=0.02 secs] 
Heap after GC invocations=240 (full 28):
 par new generation   total 9216K, used 586K [0x00000000e3400000, 0x00000000e3e00000, 0x00000000ecca0000)
  eden space 8192K,   0% used [0x00000000e3400000, 0x00000000e3400000, 0x00000000e3c00000)
  from space 1024K,  57% used [0x00000000e3c00000, 0x00000000e3c92a50, 0x00000000e3d00000)
  to   space 1024K,   0% used [0x00000000e3d00000, 0x00000000e3d00000, 0x00000000e3e00000)
 concurrent mark-sweep generation total 37628K, used 22499K [0x00000000ecca0000, 0x00000000ef15f000, 0x0000000100000000)
 Metaspace       used 28418K, capacity 29334K, committed 29696K, reserved 1075200K
  class space    used 3476K, capacity 3711K, committed 3840K, reserved 1048576K
}
2020-11-07T19:55:33.134+0800: 16.284: Application time: 0.0491480 seconds
{Heap before GC invocations=240 (full 28):
 par new generation   total 9216K, used 8778K [0x00000000e3400000, 0x00000000e3e00000, 0x00000000ecca0000)
  eden space 8192K, 100% used [0x00000000e3400000, 0x00000000e3c00000, 0x00000000e3c00000)
  from space 1024K,  57% used [0x00000000e3c00000, 0x00000000e3c92a50, 0x00000000e3d00000)
  to   space 1024K,   0% used [0x00000000e3d00000, 0x00000000e3d00000, 0x00000000e3e00000)
 concurrent mark-sweep generation total 37628K, used 22499K [0x00000000ecca0000, 0x00000000ef15f000, 0x0000000100000000)
 Metaspace       used 28456K, capacity 29374K, committed 29696K, reserved 1075200K
  class space    used 3482K, capacity 3719K, committed 3840K, reserved 1048576K
2020-11-07T19:55:33.134+0800: 16.284: [GC (Allocation Failure) 2020-11-07T19:55:33.134+0800: 16.284: [ParNew: 8778K->244K(9216K), 0.0145066 secs] 31277K->22766K(46844K), 0.0145712 secs] [Times: user=0.02 sys=0.00, real=0.02 secs] 
Heap after GC invocations=241 (full 28):
 par new generation   total 9216K, used 244K [0x00000000e3400000, 0x00000000e3e00000, 0x00000000ecca0000)
  eden space 8192K,   0% used [0x00000000e3400000, 0x00000000e3400000, 0x00000000e3c00000)
  from space 1024K,  23% used [0x00000000e3d00000, 0x00000000e3d3d188, 0x00000000e3e00000)
  to   space 1024K,   0% used [0x00000000e3c00000, 0x00000000e3c00000, 0x00000000e3d00000)
 concurrent mark-sweep generation total 37628K, used 22521K [0x00000000ecca0000, 0x00000000ef15f000, 0x0000000100000000)
 Metaspace       used 28456K, capacity 29374K, committed 29696K, reserved 1075200K
  class space    used 3482K, capacity 3719K, committed 3840K, reserved 1048576K
}
2020-11-07T19:55:33.170+0800: 16.319: Application time: 0.0208216 seconds
{Heap before GC invocations=241 (full 28):
 par new generation   total 9216K, used 8436K [0x00000000e3400000, 0x00000000e3e00000, 0x00000000ecca0000)
  eden space 8192K, 100% used [0x00000000e3400000, 0x00000000e3c00000, 0x00000000e3c00000)
  from space 1024K,  23% used [0x00000000e3d00000, 0x00000000e3d3d188, 0x00000000e3e00000)
  to   space 1024K,   0% used [0x00000000e3c00000, 0x00000000e3c00000, 0x00000000e3d00000)
 concurrent mark-sweep generation total 37628K, used 22521K [0x00000000ecca0000, 0x00000000ef15f000, 0x0000000100000000)
 Metaspace       used 28509K, capacity 29438K, committed 29696K, reserved 1075200K
  class space    used 3486K, capacity 3719K, committed 3840K, reserved 1048576K
2020-11-07T19:55:33.170+0800: 16.319: [GC (Allocation Failure) 2020-11-07T19:55:33.170+0800: 16.319: [ParNew: 8436K->207K(9216K), 0.0179140 secs] 30958K->22729K(46844K), 0.0179741 secs] [Times: user=0.01 sys=0.00, real=0.02 secs] 
Heap after GC invocations=242 (full 28):
 par new generation   total 9216K, used 207K [0x00000000e3400000, 0x00000000e3e00000, 0x00000000ecca0000)
  eden space 8192K,   0% used [0x00000000e3400000, 0x00000000e3400000, 0x00000000e3c00000)
  from space 1024K,  20% used [0x00000000e3c00000, 0x00000000e3c33e50, 0x00000000e3d00000)
  to   space 1024K,   0% used [0x00000000e3d00000, 0x00000000e3d00000, 0x00000000e3e00000)
 concurrent mark-sweep generation total 37628K, used 22521K [0x00000000ecca0000, 0x00000000ef15f000, 0x0000000100000000)
 Metaspace       used 28509K, capacity 29438K, committed 29696K, reserved 1075200K
  class space    used 3486K, capacity 3719K, committed 3840K, reserved 1048576K
}
2020-11-07T19:55:33.199+0800: 16.349: Application time: 0.0114561 seconds
{Heap before GC invocations=242 (full 28):
 par new generation   total 9216K, used 8399K [0x00000000e3400000, 0x00000000e3e00000, 0x00000000ecca0000)
  eden space 8192K, 100% used [0x00000000e3400000, 0x00000000e3c00000, 0x00000000e3c00000)
  from space 1024K,  20% used [0x00000000e3c00000, 0x00000000e3c33e50, 0x00000000e3d00000)
  to   space 1024K,   0% used [0x00000000e3d00000, 0x00000000e3d00000, 0x00000000e3e00000)
 concurrent mark-sweep generation total 37628K, used 22521K [0x00000000ecca0000, 0x00000000ef15f000, 0x0000000100000000)
 Metaspace       used 28510K, capacity 29438K, committed 29696K, reserved 1075200K
  class space    used 3486K, capacity 3719K, committed 3840K, reserved 1048576K
2020-11-07T19:55:33.199+0800: 16.349: [GC (Allocation Failure) 2020-11-07T19:55:33.199+0800: 16.349: [ParNew: 8399K->190K(9216K), 0.0076034 secs] 30921K->22712K(46844K), 0.0076577 secs] [Times: user=0.01 sys=0.00, real=0.01 secs] 
Heap after GC invocations=243 (full 28):
 par new generation   total 9216K, used 190K [0x00000000e3400000, 0x00000000e3e00000, 0x00000000ecca0000)
  eden space 8192K,   0% used [0x00000000e3400000, 0x00000000e3400000, 0x00000000e3c00000)
  from space 1024K,  18% used [0x00000000e3d00000, 0x00000000e3d2fa60, 0x00000000e3e00000)
  to   space 1024K,   0% used [0x00000000e3c00000, 0x00000000e3c00000, 0x00000000e3d00000)
 concurrent mark-sweep generation total 37628K, used 22521K [0x00000000ecca0000, 0x00000000ef15f000, 0x0000000100000000)
 Metaspace       used 28510K, capacity 29438K, committed 29696K, reserved 1075200K
  class space    used 3486K, capacity 3719K, committed 3840K, reserved 1048576K
}
2020-11-07T19:55:33.222+0800: 16.372: Application time: 0.0147079 seconds
{Heap before GC invocations=243 (full 28):
 par new generation   total 9216K, used 8382K [0x00000000e3400000, 0x00000000e3e00000, 0x00000000ecca0000)
  eden space 8192K, 100% used [0x00000000e3400000, 0x00000000e3c00000, 0x00000000e3c00000)
  from space 1024K,  18% used [0x00000000e3d00000, 0x00000000e3d2fa60, 0x00000000e3e00000)
  to   space 1024K,   0% used [0x00000000e3c00000, 0x00000000e3c00000, 0x00000000e3d00000)
 concurrent mark-sweep generation total 37628K, used 22521K [0x00000000ecca0000, 0x00000000ef15f000, 0x0000000100000000)
 Metaspace       used 28515K, capacity 29438K, committed 29696K, reserved 1075200K
  class space    used 3487K, capacity 3719K, committed 3840K, reserved 1048576K
2020-11-07T19:55:33.222+0800: 16.372: [GC (Allocation Failure) 2020-11-07T19:55:33.222+0800: 16.372: [ParNew: 8382K->213K(9216K), 0.0197105 secs] 30904K->22734K(46844K), 0.0197671 secs] [Times: user=0.01 sys=0.00, real=0.02 secs] 
Heap after GC invocations=244 (full 28):
 par new generation   total 9216K, used 213K [0x00000000e3400000, 0x00000000e3e00000, 0x00000000ecca0000)
  eden space 8192K,   0% used [0x00000000e3400000, 0x00000000e3400000, 0x00000000e3c00000)
  from space 1024K,  20% used [0x00000000e3c00000, 0x00000000e3c35508, 0x00000000e3d00000)
  to   space 1024K,   0% used [0x00000000e3d00000, 0x00000000e3d00000, 0x00000000e3e00000)
 concurrent mark-sweep generation total 37628K, used 22521K [0x00000000ecca0000, 0x00000000ef15f000, 0x0000000100000000)
 Metaspace       used 28515K, capacity 29438K, committed 29696K, reserved 1075200K
  class space    used 3487K, capacity 3719K, committed 3840K, reserved 1048576K
}
2020-11-07T19:55:33.290+0800: 16.439: Application time: 0.0478578 seconds
{Heap before GC invocations=244 (full 28):
 par new generation   total 9216K, used 8405K [0x00000000e3400000, 0x00000000e3e00000, 0x00000000ecca0000)
  eden space 8192K, 100% used [0x00000000e3400000, 0x00000000e3c00000, 0x00000000e3c00000)
  from space 1024K,  20% used [0x00000000e3c00000, 0x00000000e3c35508, 0x00000000e3d00000)
  to   space 1024K,   0% used [0x00000000e3d00000, 0x00000000e3d00000, 0x00000000e3e00000)
 concurrent mark-sweep generation total 37628K, used 22521K [0x00000000ecca0000, 0x00000000ef15f000, 0x0000000100000000)
 Metaspace       used 28820K, capacity 29726K, committed 29952K, reserved 1075200K
  class space    used 3521K, capacity 3751K, committed 3840K, reserved 1048576K
2020-11-07T19:55:33.290+0800: 16.439: [GC (Allocation Failure) 2020-11-07T19:55:33.290+0800: 16.440: [ParNew: 8405K->596K(9216K), 0.0203412 secs] 30926K->23118K(46844K), 0.0203924 secs] [Times: user=0.02 sys=0.00, real=0.02 secs] 
Heap after GC invocations=245 (full 28):
 par new generation   total 9216K, used 596K [0x00000000e3400000, 0x00000000e3e00000, 0x00000000ecca0000)
  eden space 8192K,   0% used [0x00000000e3400000, 0x00000000e3400000, 0x00000000e3c00000)
  from space 1024K,  58% used [0x00000000e3d00000, 0x00000000e3d95330, 0x00000000e3e00000)
  to   space 1024K,   0% used [0x00000000e3c00000, 0x00000000e3c00000, 0x00000000e3d00000)
 concurrent mark-sweep generation total 37628K, used 22521K [0x00000000ecca0000, 0x00000000ef15f000, 0x0000000100000000)
 Metaspace       used 28820K, capacity 29726K, committed 29952K, reserved 1075200K
  class space    used 3521K, capacity 3751K, committed 3840K, reserved 1048576K
}
2020-11-07T19:55:33.363+0800: 16.512: Application time: 0.0524484 seconds
{Heap before GC invocations=245 (full 28):
 par new generation   total 9216K, used 8788K [0x00000000e3400000, 0x00000000e3e00000, 0x00000000ecca0000)
  eden space 8192K, 100% used [0x00000000e3400000, 0x00000000e3c00000, 0x00000000e3c00000)
  from space 1024K,  58% used [0x00000000e3d00000, 0x00000000e3d95330, 0x00000000e3e00000)
  to   space 1024K,   0% used [0x00000000e3c00000, 0x00000000e3c00000, 0x00000000e3d00000)
 concurrent mark-sweep generation total 37628K, used 22521K [0x00000000ecca0000, 0x00000000ef15f000, 0x0000000100000000)
 Metaspace       used 28871K, capacity 29796K, committed 29952K, reserved 1075200K
  class space    used 3524K, capacity 3752K, committed 3840K, reserved 1048576K
2020-11-07T19:55:33.363+0800: 16.513: [GC (Allocation Failure) 2020-11-07T19:55:33.363+0800: 16.513: [ParNew: 8788K->314K(9216K), 0.0134234 secs] 31310K->22919K(46844K), 0.0134763 secs] [Times: user=0.01 sys=0.00, real=0.02 secs] 
Heap after GC invocations=246 (full 28):
 par new generation   total 9216K, used 314K [0x00000000e3400000, 0x00000000e3e00000, 0x00000000ecca0000)
  eden space 8192K,   0% used [0x00000000e3400000, 0x00000000e3400000, 0x00000000e3c00000)
  from space 1024K,  30% used [0x00000000e3c00000, 0x00000000e3c4e868, 0x00000000e3d00000)
  to   space 1024K,   0% used [0x00000000e3d00000, 0x00000000e3d00000, 0x00000000e3e00000)
 concurrent mark-sweep generation total 37628K, used 22605K [0x00000000ecca0000, 0x00000000ef15f000, 0x0000000100000000)
 Metaspace       used 28871K, capacity 29796K, committed 29952K, reserved 1075200K
  class space    used 3524K, capacity 3752K, committed 3840K, reserved 1048576K
}
2020-11-07T19:55:33.383+0800: 16.532: Application time: 0.0062118 seconds
2020-11-07T19:55:33.383+0800: 16.532: [GC (CMS Initial Mark) [1 CMS-initial-mark: 22605K(37628K)] 25250K(46844K), 0.0030416 secs] [Times: user=0.01 sys=0.00, real=0.01 secs] 
2020-11-07T19:55:33.386+0800: 16.536: [CMS-concurrent-mark-start]
2020-11-07T19:55:33.429+0800: 16.579: Application time: 0.0435862 seconds
{Heap before GC invocations=246 (full 29):
 par new generation   total 9216K, used 8506K [0x00000000e3400000, 0x00000000e3e00000, 0x00000000ecca0000)
  eden space 8192K, 100% used [0x00000000e3400000, 0x00000000e3c00000, 0x00000000e3c00000)
  from space 1024K,  30% used [0x00000000e3c00000, 0x00000000e3c4e868, 0x00000000e3d00000)
  to   space 1024K,   0% used [0x00000000e3d00000, 0x00000000e3d00000, 0x00000000e3e00000)
 concurrent mark-sweep generation total 37628K, used 22605K [0x00000000ecca0000, 0x00000000ef15f000, 0x0000000100000000)
 Metaspace       used 28923K, capacity 29892K, committed 29952K, reserved 1075200K
  class space    used 3533K, capacity 3784K, committed 3840K, reserved 1048576K
2020-11-07T19:55:33.430+0800: 16.579: [GC (Allocation Failure) 2020-11-07T19:55:33.430+0800: 16.579: [ParNew: 8506K->327K(9216K), 0.0110336 secs] 31111K->22932K(46844K), 0.0111023 secs] [Times: user=0.01 sys=0.00, real=0.01 secs] 
Heap after GC invocations=247 (full 29):
 par new generation   total 9216K, used 327K [0x00000000e3400000, 0x00000000e3e00000, 0x00000000ecca0000)
  eden space 8192K,   0% used [0x00000000e3400000, 0x00000000e3400000, 0x00000000e3c00000)
  from space 1024K,  31% used [0x00000000e3d00000, 0x00000000e3d51ce8, 0x00000000e3e00000)
  to   space 1024K,   0% used [0x00000000e3c00000, 0x00000000e3c00000, 0x00000000e3d00000)
 concurrent mark-sweep generation total 37628K, used 22605K [0x00000000ecca0000, 0x00000000ef15f000, 0x0000000100000000)
 Metaspace       used 28923K, capacity 29892K, committed 29952K, reserved 1075200K
  class space    used 3533K, capacity 3784K, committed 3840K, reserved 1048576K
}
2020-11-07T19:55:33.679+0800: 16.829: [CMS-concurrent-mark: 0.078/0.293 secs] [Times: user=0.28 sys=0.00, real=0.29 secs] 
2020-11-07T19:55:33.679+0800: 16.829: [CMS-concurrent-preclean-start]
2020-11-07T19:55:33.680+0800: 16.830: [CMS-concurrent-preclean: 0.001/0.001 secs] [Times: user=0.00 sys=0.00, real=0.00 secs] 
2020-11-07T19:55:33.680+0800: 16.830: Application time: 0.2396500 seconds
2020-11-07T19:55:33.849+0800: 16.998: [GC (CMS Final Remark) [YG occupancy: 1484 K (9216 K)]2020-11-07T19:55:33.849+0800: 16.998: [Rescan (parallel) , 0.0027455 secs]2020-11-07T19:55:33.852+0800: 17.001: [weak refs processing, 0.0000607 secs]2020-11-07T19:55:33.852+0800: 17.001: [class unloading, 0.0068921 secs]2020-11-07T19:55:33.859+0800: 17.008: [scrub symbol table, 0.0083938 secs]2020-11-07T19:55:33.867+0800: 17.017: [scrub string table, 0.0007578 secs][1 CMS-remark: 22605K(37628K)] 24090K(46844K), 0.0190511 secs] [Times: user=0.02 sys=0.00, real=0.02 secs] 
2020-11-07T19:55:33.872+0800: 17.022: [CMS-concurrent-sweep-start]
2020-11-07T19:55:33.898+0800: 17.048: Application time: 0.0302112 seconds
{Heap before GC invocations=247 (full 29):
 par new generation   total 9216K, used 8519K [0x00000000e3400000, 0x00000000e3e00000, 0x00000000ecca0000)
  eden space 8192K, 100% used [0x00000000e3400000, 0x00000000e3c00000, 0x00000000e3c00000)
  from space 1024K,  31% used [0x00000000e3d00000, 0x00000000e3d51ce8, 0x00000000e3e00000)
  to   space 1024K,   0% used [0x00000000e3c00000, 0x00000000e3c00000, 0x00000000e3d00000)
 concurrent mark-sweep generation total 37628K, used 22465K [0x00000000ecca0000, 0x00000000ef15f000, 0x0000000100000000)
 Metaspace       used 28937K, capacity 29892K, committed 29952K, reserved 1075200K
  class space    used 3536K, capacity 3784K, committed 3840K, reserved 1048576K
2020-11-07T19:55:33.898+0800: 17.048: [GC (Allocation Failure) 2020-11-07T19:55:33.898+0800: 17.048: [ParNew: 8519K->465K(9216K), 0.0043861 secs] 30984K->22930K(46844K), 0.0044467 secs] [Times: user=0.00 sys=0.01, real=0.00 secs] 
Heap after GC invocations=248 (full 29):
 par new generation   total 9216K, used 465K [0x00000000e3400000, 0x00000000e3e00000, 0x00000000ecca0000)
  eden space 8192K,   0% used [0x00000000e3400000, 0x00000000e3400000, 0x00000000e3c00000)
  from space 1024K,  45% used [0x00000000e3c00000, 0x00000000e3c745c0, 0x00000000e3d00000)
  to   space 1024K,   0% used [0x00000000e3d00000, 0x00000000e3d00000, 0x00000000e3e00000)
 concurrent mark-sweep generation total 37628K, used 22465K [0x00000000ecca0000, 0x00000000ef15f000, 0x0000000100000000)
 Metaspace       used 28937K, capacity 29892K, committed 29952K, reserved 1075200K
  class space    used 3536K, capacity 3784K, committed 3840K, reserved 1048576K
}
2020-11-07T19:55:33.904+0800: 17.054: [CMS-concurrent-sweep: 0.027/0.032 secs] [Times: user=0.03 sys=0.01, real=0.03 secs] 
2020-11-07T19:55:33.910+0800: 17.059: [CMS-concurrent-reset-start]
2020-11-07T19:55:33.911+0800: 17.060: [CMS-concurrent-reset: 0.001/0.001 secs] [Times: user=0.00 sys=0.00, real=0.00 secs] 
2020-11-07T19:55:33.917+0800: 17.067: Application time: 0.0147773 seconds
{Heap before GC invocations=248 (full 29):
 par new generation   total 9216K, used 8657K [0x00000000e3400000, 0x00000000e3e00000, 0x00000000ecca0000)
  eden space 8192K, 100% used [0x00000000e3400000, 0x00000000e3c00000, 0x00000000e3c00000)
  from space 1024K,  45% used [0x00000000e3c00000, 0x00000000e3c745c0, 0x00000000e3d00000)
  to   space 1024K,   0% used [0x00000000e3d00000, 0x00000000e3d00000, 0x00000000e3e00000)
 concurrent mark-sweep generation total 37628K, used 21718K [0x00000000ecca0000, 0x00000000ef15f000, 0x0000000100000000)
 Metaspace       used 28958K, capacity 29892K, committed 29952K, reserved 1075200K
  class space    used 3541K, capacity 3784K, committed 3840K, reserved 1048576K
2020-11-07T19:55:33.918+0800: 17.067: [GC (Allocation Failure) 2020-11-07T19:55:33.918+0800: 17.067: [ParNew: 8657K->429K(9216K), 0.0040450 secs] 30376K->22148K(46844K), 0.0041148 secs] [Times: user=0.00 sys=0.00, real=0.00 secs] 
Heap after GC invocations=249 (full 29):
 par new generation   total 9216K, used 429K [0x00000000e3400000, 0x00000000e3e00000, 0x00000000ecca0000)
  eden space 8192K,   0% used [0x00000000e3400000, 0x00000000e3400000, 0x00000000e3c00000)
  from space 1024K,  41% used [0x00000000e3d00000, 0x00000000e3d6b680, 0x00000000e3e00000)
  to   space 1024K,   0% used [0x00000000e3c00000, 0x00000000e3c00000, 0x00000000e3d00000)
 concurrent mark-sweep generation total 37628K, used 21718K [0x00000000ecca0000, 0x00000000ef15f000, 0x0000000100000000)
 Metaspace       used 28958K, capacity 29892K, committed 29952K, reserved 1075200K
  class space    used 3541K, capacity 3784K, committed 3840K, reserved 1048576K
}
2020-11-07T19:55:33.930+0800: 17.079: Application time: 0.0080297 seconds
{Heap before GC invocations=249 (full 29):
 par new generation   total 9216K, used 8621K [0x00000000e3400000, 0x00000000e3e00000, 0x00000000ecca0000)
  eden space 8192K, 100% used [0x00000000e3400000, 0x00000000e3c00000, 0x00000000e3c00000)
  from space 1024K,  41% used [0x00000000e3d00000, 0x00000000e3d6b680, 0x00000000e3e00000)
  to   space 1024K,   0% used [0x00000000e3c00000, 0x00000000e3c00000, 0x00000000e3d00000)
 concurrent mark-sweep generation total 37628K, used 21718K [0x00000000ecca0000, 0x00000000ef15f000, 0x0000000100000000)
 Metaspace       used 28958K, capacity 29892K, committed 29952K, reserved 1075200K
  class space    used 3541K, capacity 3784K, committed 3840K, reserved 1048576K
2020-11-07T19:55:33.930+0800: 17.080: [GC (Allocation Failure) 2020-11-07T19:55:33.930+0800: 17.080: [ParNew: 8621K->375K(9216K), 0.0037861 secs] 30340K->22094K(46844K), 0.0038312 secs] [Times: user=0.00 sys=0.00, real=0.00 secs] 
Heap after GC invocations=250 (full 29):
 par new generation   total 9216K, used 375K [0x00000000e3400000, 0x00000000e3e00000, 0x00000000ecca0000)
  eden space 8192K,   0% used [0x00000000e3400000, 0x00000000e3400000, 0x00000000e3c00000)
  from space 1024K,  36% used [0x00000000e3c00000, 0x00000000e3c5dde8, 0x00000000e3d00000)
  to   space 1024K,   0% used [0x00000000e3d00000, 0x00000000e3d00000, 0x00000000e3e00000)
 concurrent mark-sweep generation total 37628K, used 21718K [0x00000000ecca0000, 0x00000000ef15f000, 0x0000000100000000)
 Metaspace       used 28958K, capacity 29892K, committed 29952K, reserved 1075200K
  class space    used 3541K, capacity 3784K, committed 3840K, reserved 1048576K
}
2020-11-07T19:55:33.960+0800: 17.110: Application time: 0.0260409 seconds
{Heap before GC invocations=250 (full 29):
 par new generation   total 9216K, used 8567K [0x00000000e3400000, 0x00000000e3e00000, 0x00000000ecca0000)
  eden space 8192K, 100% used [0x00000000e3400000, 0x00000000e3c00000, 0x00000000e3c00000)
  from space 1024K,  36% used [0x00000000e3c00000, 0x00000000e3c5dde8, 0x00000000e3d00000)
  to   space 1024K,   0% used [0x00000000e3d00000, 0x00000000e3d00000, 0x00000000e3e00000)
 concurrent mark-sweep generation total 37628K, used 21718K [0x00000000ecca0000, 0x00000000ef15f000, 0x0000000100000000)
 Metaspace       used 28961K, capacity 29892K, committed 29952K, reserved 1075200K
  class space    used 3541K, capacity 3784K, committed 3840K, reserved 1048576K
2020-11-07T19:55:33.960+0800: 17.110: [GC (Allocation Failure) 2020-11-07T19:55:33.960+0800: 17.110: [ParNew: 8567K->345K(9216K), 0.0037937 secs] 30286K->22064K(46844K), 0.0038369 secs] [Times: user=0.00 sys=0.00, real=0.00 secs] 
Heap after GC invocations=251 (full 29):
 par new generation   total 9216K, used 345K [0x00000000e3400000, 0x00000000e3e00000, 0x00000000ecca0000)
  eden space 8192K,   0% used [0x00000000e3400000, 0x00000000e3400000, 0x00000000e3c00000)
  from space 1024K,  33% used [0x00000000e3d00000, 0x00000000e3d566e8, 0x00000000e3e00000)
  to   space 1024K,   0% used [0x00000000e3c00000, 0x00000000e3c00000, 0x00000000e3d00000)
 concurrent mark-sweep generation total 37628K, used 21718K [0x00000000ecca0000, 0x00000000ef15f000, 0x0000000100000000)
 Metaspace       used 28961K, capacity 29892K, committed 29952K, reserved 1075200K
  class space    used 3541K, capacity 3784K, committed 3840K, reserved 1048576K
}
2020-11-07T19:55:34.006+0800: 17.156: Application time: 0.0423188 seconds
{Heap before GC invocations=251 (full 29):
 par new generation   total 9216K, used 8537K [0x00000000e3400000, 0x00000000e3e00000, 0x00000000ecca0000)
  eden space 8192K, 100% used [0x00000000e3400000, 0x00000000e3c00000, 0x00000000e3c00000)
  from space 1024K,  33% used [0x00000000e3d00000, 0x00000000e3d566e8, 0x00000000e3e00000)
  to   space 1024K,   0% used [0x00000000e3c00000, 0x00000000e3c00000, 0x00000000e3d00000)
 concurrent mark-sweep generation total 37628K, used 21718K [0x00000000ecca0000, 0x00000000ef15f000, 0x0000000100000000)
 Metaspace       used 28971K, capacity 29892K, committed 29952K, reserved 1075200K
  class space    used 3542K, capacity 3784K, committed 3840K, reserved 1048576K
2020-11-07T19:55:34.006+0800: 17.156: [GC (Allocation Failure) 2020-11-07T19:55:34.006+0800: 17.156: [ParNew: 8537K->626K(9216K), 0.0180985 secs] 30256K->22370K(46844K), 0.0181529 secs] [Times: user=0.02 sys=0.00, real=0.02 secs] 
Heap after GC invocations=252 (full 29):
 par new generation   total 9216K, used 626K [0x00000000e3400000, 0x00000000e3e00000, 0x00000000ecca0000)
  eden space 8192K,   0% used [0x00000000e3400000, 0x00000000e3400000, 0x00000000e3c00000)
  from space 1024K,  61% used [0x00000000e3c00000, 0x00000000e3c9cb58, 0x00000000e3d00000)
  to   space 1024K,   0% used [0x00000000e3d00000, 0x00000000e3d00000, 0x00000000e3e00000)
 concurrent mark-sweep generation total 37628K, used 21743K [0x00000000ecca0000, 0x00000000ef15f000, 0x0000000100000000)
 Metaspace       used 28971K, capacity 29892K, committed 29952K, reserved 1075200K
  class space    used 3542K, capacity 3784K, committed 3840K, reserved 1048576K
}
2020-11-07T19:55:34.063+0800: 17.213: Application time: 0.0385249 seconds
{Heap before GC invocations=252 (full 29):
 par new generation   total 9216K, used 8818K [0x00000000e3400000, 0x00000000e3e00000, 0x00000000ecca0000)
  eden space 8192K, 100% used [0x00000000e3400000, 0x00000000e3c00000, 0x00000000e3c00000)
  from space 1024K,  61% used [0x00000000e3c00000, 0x00000000e3c9cb58, 0x00000000e3d00000)
  to   space 1024K,   0% used [0x00000000e3d00000, 0x00000000e3d00000, 0x00000000e3e00000)
 concurrent mark-sweep generation total 37628K, used 21743K [0x00000000ecca0000, 0x00000000ef15f000, 0x0000000100000000)
 Metaspace       used 28983K, capacity 29892K, committed 29952K, reserved 1075200K
  class space    used 3544K, capacity 3784K, committed 3840K, reserved 1048576K
2020-11-07T19:55:34.063+0800: 17.213: [GC (Allocation Failure) 2020-11-07T19:55:34.063+0800: 17.213: [ParNew: 8818K->559K(9216K), 0.0179844 secs] 30562K->22392K(46844K), 0.0180367 secs] [Times: user=0.02 sys=0.00, real=0.02 secs] 
Heap after GC invocations=253 (full 29):
 par new generation   total 9216K, used 559K [0x00000000e3400000, 0x00000000e3e00000, 0x00000000ecca0000)
  eden space 8192K,   0% used [0x00000000e3400000, 0x00000000e3400000, 0x00000000e3c00000)
  from space 1024K,  54% used [0x00000000e3d00000, 0x00000000e3d8bc78, 0x00000000e3e00000)
  to   space 1024K,   0% used [0x00000000e3c00000, 0x00000000e3c00000, 0x00000000e3d00000)
 concurrent mark-sweep generation total 37628K, used 21833K [0x00000000ecca0000, 0x00000000ef15f000, 0x0000000100000000)
 Metaspace       used 28983K, capacity 29892K, committed 29952K, reserved 1075200K
  class space    used 3544K, capacity 3784K, committed 3840K, reserved 1048576K
}
2020-11-07T19:55:34.101+0800: 17.251: Application time: 0.0197083 seconds
{Heap before GC invocations=253 (full 29):
 par new generation   total 9216K, used 8751K [0x00000000e3400000, 0x00000000e3e00000, 0x00000000ecca0000)
  eden space 8192K, 100% used [0x00000000e3400000, 0x00000000e3c00000, 0x00000000e3c00000)
  from space 1024K,  54% used [0x00000000e3d00000, 0x00000000e3d8bc78, 0x00000000e3e00000)
  to   space 1024K,   0% used [0x00000000e3c00000, 0x00000000e3c00000, 0x00000000e3d00000)
 concurrent mark-sweep generation total 37628K, used 21833K [0x00000000ecca0000, 0x00000000ef15f000, 0x0000000100000000)
 Metaspace       used 28992K, capacity 29898K, committed 30208K, reserved 1075200K
  class space    used 3545K, capacity 3785K, committed 3840K, reserved 1048576K
2020-11-07T19:55:34.101+0800: 17.251: [GC (Allocation Failure) 2020-11-07T19:55:34.101+0800: 17.251: [ParNew: 8751K->576K(9216K), 0.0047079 secs] 30584K->22409K(46844K), 0.0047651 secs] [Times: user=0.00 sys=0.00, real=0.01 secs] 
Heap after GC invocations=254 (full 29):
 par new generation   total 9216K, used 576K [0x00000000e3400000, 0x00000000e3e00000, 0x00000000ecca0000)
  eden space 8192K,   0% used [0x00000000e3400000, 0x00000000e3400000, 0x00000000e3c00000)
  from space 1024K,  56% used [0x00000000e3c00000, 0x00000000e3c90048, 0x00000000e3d00000)
  to   space 1024K,   0% used [0x00000000e3d00000, 0x00000000e3d00000, 0x00000000e3e00000)
 concurrent mark-sweep generation total 37628K, used 21833K [0x00000000ecca0000, 0x00000000ef15f000, 0x0000000100000000)
 Metaspace       used 28992K, capacity 29898K, committed 30208K, reserved 1075200K
  class space    used 3545K, capacity 3785K, committed 3840K, reserved 1048576K
}
2020-11-07T19:55:34.141+0800: 17.291: Application time: 0.0352602 seconds
{Heap before GC invocations=254 (full 29):
 par new generation   total 9216K, used 8768K [0x00000000e3400000, 0x00000000e3e00000, 0x00000000ecca0000)
  eden space 8192K, 100% used [0x00000000e3400000, 0x00000000e3c00000, 0x00000000e3c00000)
  from space 1024K,  56% used [0x00000000e3c00000, 0x00000000e3c90048, 0x00000000e3d00000)
  to   space 1024K,   0% used [0x00000000e3d00000, 0x00000000e3d00000, 0x00000000e3e00000)
 concurrent mark-sweep generation total 37628K, used 21833K [0x00000000ecca0000, 0x00000000ef15f000, 0x0000000100000000)
 Metaspace       used 29040K, capacity 29962K, committed 30208K, reserved 1075200K
  class space    used 3548K, capacity 3785K, committed 3840K, reserved 1048576K
2020-11-07T19:55:34.142+0800: 17.291: [GC (Allocation Failure) 2020-11-07T19:55:34.142+0800: 17.291: [ParNew: 8768K->546K(9216K), 0.0044279 secs] 30601K->22399K(46844K), 0.0044798 secs] [Times: user=0.00 sys=0.00, real=0.01 secs] 
Heap after GC invocations=255 (full 29):
 par new generation   total 9216K, used 546K [0x00000000e3400000, 0x00000000e3e00000, 0x00000000ecca0000)
  eden space 8192K,   0% used [0x00000000e3400000, 0x00000000e3400000, 0x00000000e3c00000)
  from space 1024K,  53% used [0x00000000e3d00000, 0x00000000e3d88b60, 0x00000000e3e00000)
  to   space 1024K,   0% used [0x00000000e3c00000, 0x00000000e3c00000, 0x00000000e3d00000)
 concurrent mark-sweep generation total 37628K, used 21852K [0x00000000ecca0000, 0x00000000ef15f000, 0x0000000100000000)
 Metaspace       used 29040K, capacity 29962K, committed 30208K, reserved 1075200K
  class space    used 3548K, capacity 3785K, committed 3840K, reserved 1048576K
}
2020-11-07T19:55:34.171+0800: 17.320: Application time: 0.0245528 seconds
{Heap before GC invocations=255 (full 29):
 par new generation   total 9216K, used 8738K [0x00000000e3400000, 0x00000000e3e00000, 0x00000000ecca0000)
  eden space 8192K, 100% used [0x00000000e3400000, 0x00000000e3c00000, 0x00000000e3c00000)
  from space 1024K,  53% used [0x00000000e3d00000, 0x00000000e3d88b60, 0x00000000e3e00000)
  to   space 1024K,   0% used [0x00000000e3c00000, 0x00000000e3c00000, 0x00000000e3d00000)
 concurrent mark-sweep generation total 37628K, used 21852K [0x00000000ecca0000, 0x00000000ef15f000, 0x0000000100000000)
 Metaspace       used 29049K, capacity 29962K, committed 30208K, reserved 1075200K
  class space    used 3549K, capacity 3785K, committed 3840K, reserved 1048576K
2020-11-07T19:55:34.171+0800: 17.320: [GC (Allocation Failure) 2020-11-07T19:55:34.171+0800: 17.320: [ParNew: 8738K->449K(9216K), 0.0174393 secs] 30591K->22358K(46844K), 0.0174903 secs] [Times: user=0.01 sys=0.00, real=0.02 secs] 
Heap after GC invocations=256 (full 29):
 par new generation   total 9216K, used 449K [0x00000000e3400000, 0x00000000e3e00000, 0x00000000ecca0000)
  eden space 8192K,   0% used [0x00000000e3400000, 0x00000000e3400000, 0x00000000e3c00000)
  from space 1024K,  43% used [0x00000000e3c00000, 0x00000000e3c70470, 0x00000000e3d00000)
  to   space 1024K,   0% used [0x00000000e3d00000, 0x00000000e3d00000, 0x00000000e3e00000)
 concurrent mark-sweep generation total 37628K, used 21909K [0x00000000ecca0000, 0x00000000ef15f000, 0x0000000100000000)
 Metaspace       used 29049K, capacity 29962K, committed 30208K, reserved 1075200K
  class space    used 3549K, capacity 3785K, committed 3840K, reserved 1048576K
}
2020-11-07T19:55:34.218+0800: 17.367: Application time: 0.0294163 seconds
{Heap before GC invocations=256 (full 29):
 par new generation   total 9216K, used 8641K [0x00000000e3400000, 0x00000000e3e00000, 0x00000000ecca0000)
  eden space 8192K, 100% used [0x00000000e3400000, 0x00000000e3c00000, 0x00000000e3c00000)
  from space 1024K,  43% used [0x00000000e3c00000, 0x00000000e3c70470, 0x00000000e3d00000)
  to   space 1024K,   0% used [0x00000000e3d00000, 0x00000000e3d00000, 0x00000000e3e00000)
 concurrent mark-sweep generation total 37628K, used 21909K [0x00000000ecca0000, 0x00000000ef15f000, 0x0000000100000000)
 Metaspace       used 29119K, capacity 30034K, committed 30208K, reserved 1075200K
  class space    used 3556K, capacity 3787K, committed 3840K, reserved 1048576K
2020-11-07T19:55:34.218+0800: 17.368: [GC (Allocation Failure) 2020-11-07T19:55:34.218+0800: 17.368: [ParNew: 8641K->509K(9216K), 0.0186630 secs] 30550K->22442K(46844K), 0.0187134 secs] [Times: user=0.02 sys=0.00, real=0.02 secs] 
Heap after GC invocations=257 (full 29):
 par new generation   total 9216K, used 509K [0x00000000e3400000, 0x00000000e3e00000, 0x00000000ecca0000)
  eden space 8192K,   0% used [0x00000000e3400000, 0x00000000e3400000, 0x00000000e3c00000)
  from space 1024K,  49% used [0x00000000e3d00000, 0x00000000e3d7f410, 0x00000000e3e00000)
  to   space 1024K,   0% used [0x00000000e3c00000, 0x00000000e3c00000, 0x00000000e3d00000)
 concurrent mark-sweep generation total 37628K, used 21933K [0x00000000ecca0000, 0x00000000ef15f000, 0x0000000100000000)
 Metaspace       used 29119K, capacity 30034K, committed 30208K, reserved 1075200K
  class space    used 3556K, capacity 3787K, committed 3840K, reserved 1048576K
}
2020-11-07T19:55:34.268+0800: 17.418: Application time: 0.0314730 seconds
{Heap before GC invocations=257 (full 29):
 par new generation   total 9216K, used 8701K [0x00000000e3400000, 0x00000000e3e00000, 0x00000000ecca0000)
  eden space 8192K, 100% used [0x00000000e3400000, 0x00000000e3c00000, 0x00000000e3c00000)
  from space 1024K,  49% used [0x00000000e3d00000, 0x00000000e3d7f410, 0x00000000e3e00000)
  to   space 1024K,   0% used [0x00000000e3c00000, 0x00000000e3c00000, 0x00000000e3d00000)
 concurrent mark-sweep generation total 37628K, used 21933K [0x00000000ecca0000, 0x00000000ef15f000, 0x0000000100000000)
 Metaspace       used 29132K, capacity 30046K, committed 30208K, reserved 1075200K
  class space    used 3558K, capacity 3789K, committed 3840K, reserved 1048576K
2020-11-07T19:55:34.268+0800: 17.418: [GC (Allocation Failure) 2020-11-07T19:55:34.268+0800: 17.418: [ParNew: 8701K->471K(9216K), 0.0119006 secs] 30634K->22412K(46844K), 0.0119511 secs] [Times: user=0.01 sys=0.00, real=0.01 secs] 
Heap after GC invocations=258 (full 29):
 par new generation   total 9216K, used 471K [0x00000000e3400000, 0x00000000e3e00000, 0x00000000ecca0000)
  eden space 8192K,   0% used [0x00000000e3400000, 0x00000000e3400000, 0x00000000e3c00000)
  from space 1024K,  46% used [0x00000000e3c00000, 0x00000000e3c75da0, 0x00000000e3d00000)
  to   space 1024K,   0% used [0x00000000e3d00000, 0x00000000e3d00000, 0x00000000e3e00000)
 concurrent mark-sweep generation total 37628K, used 21941K [0x00000000ecca0000, 0x00000000ef15f000, 0x0000000100000000)
 Metaspace       used 29132K, capacity 30046K, committed 30208K, reserved 1075200K
  class space    used 3558K, capacity 3789K, committed 3840K, reserved 1048576K
}
2020-11-07T19:55:34.290+0800: 17.439: Application time: 0.0094876 seconds
{Heap before GC invocations=258 (full 29):
 par new generation   total 9216K, used 8663K [0x00000000e3400000, 0x00000000e3e00000, 0x00000000ecca0000)
  eden space 8192K, 100% used [0x00000000e3400000, 0x00000000e3c00000, 0x00000000e3c00000)
  from space 1024K,  46% used [0x00000000e3c00000, 0x00000000e3c75da0, 0x00000000e3d00000)
  to   space 1024K,   0% used [0x00000000e3d00000, 0x00000000e3d00000, 0x00000000e3e00000)
 concurrent mark-sweep generation total 37628K, used 21941K [0x00000000ecca0000, 0x00000000ef15f000, 0x0000000100000000)
 Metaspace       used 29132K, capacity 30046K, committed 30208K, reserved 1075200K
  class space    used 3558K, capacity 3789K, committed 3840K, reserved 1048576K
2020-11-07T19:55:34.290+0800: 17.440: [GC (Allocation Failure) 2020-11-07T19:55:34.290+0800: 17.440: [ParNew: 8663K->411K(9216K), 0.0038613 secs] 30604K->22363K(46844K), 0.0039190 secs] [Times: user=0.00 sys=0.00, real=0.00 secs] 
Heap after GC invocations=259 (full 29):
 par new generation   total 9216K, used 411K [0x00000000e3400000, 0x00000000e3e00000, 0x00000000ecca0000)
  eden space 8192K,   0% used [0x00000000e3400000, 0x00000000e3400000, 0x00000000e3c00000)
  from space 1024K,  40% used [0x00000000e3d00000, 0x00000000e3d66f28, 0x00000000e3e00000)
  to   space 1024K,   0% used [0x00000000e3c00000, 0x00000000e3c00000, 0x00000000e3d00000)
 concurrent mark-sweep generation total 37628K, used 21952K [0x00000000ecca0000, 0x00000000ef15f000, 0x0000000100000000)
 Metaspace       used 29132K, capacity 30046K, committed 30208K, reserved 1075200K
  class space    used 3558K, capacity 3789K, committed 3840K, reserved 1048576K
}
2020-11-07T19:55:34.333+0800: 17.483: Application time: 0.0393926 seconds
{Heap before GC invocations=259 (full 29):
 par new generation   total 9216K, used 8603K [0x00000000e3400000, 0x00000000e3e00000, 0x00000000ecca0000)
  eden space 8192K, 100% used [0x00000000e3400000, 0x00000000e3c00000, 0x00000000e3c00000)
  from space 1024K,  40% used [0x00000000e3d00000, 0x00000000e3d66f28, 0x00000000e3e00000)
  to   space 1024K,   0% used [0x00000000e3c00000, 0x00000000e3c00000, 0x00000000e3d00000)
 concurrent mark-sweep generation total 37628K, used 21952K [0x00000000ecca0000, 0x00000000ef15f000, 0x0000000100000000)
 Metaspace       used 29146K, capacity 30046K, committed 30208K, reserved 1075200K
  class space    used 3559K, capacity 3789K, committed 3840K, reserved 1048576K
2020-11-07T19:55:34.333+0800: 17.483: [GC (Allocation Failure) 2020-11-07T19:55:34.333+0800: 17.483: [ParNew: 8603K->698K(9216K), 0.0395852 secs] 30555K->22673K(46844K), 0.0396614 secs] [Times: user=0.04 sys=0.00, real=0.04 secs] 
Heap after GC invocations=260 (full 29):
 par new generation   total 9216K, used 698K [0x00000000e3400000, 0x00000000e3e00000, 0x00000000ecca0000)
  eden space 8192K,   0% used [0x00000000e3400000, 0x00000000e3400000, 0x00000000e3c00000)
  from space 1024K,  68% used [0x00000000e3c00000, 0x00000000e3cae9c8, 0x00000000e3d00000)
  to   space 1024K,   0% used [0x00000000e3d00000, 0x00000000e3d00000, 0x00000000e3e00000)
 concurrent mark-sweep generation total 37628K, used 21975K [0x00000000ecca0000, 0x00000000ef15f000, 0x0000000100000000)
 Metaspace       used 29146K, capacity 30046K, committed 30208K, reserved 1075200K
  class space    used 3559K, capacity 3789K, committed 3840K, reserved 1048576K
}
2020-11-07T19:55:34.403+0800: 17.553: Application time: 0.0300471 seconds
{Heap before GC invocations=260 (full 29):
 par new generation   total 9216K, used 8890K [0x00000000e3400000, 0x00000000e3e00000, 0x00000000ecca0000)
  eden space 8192K, 100% used [0x00000000e3400000, 0x00000000e3c00000, 0x00000000e3c00000)
  from space 1024K,  68% used [0x00000000e3c00000, 0x00000000e3cae9c8, 0x00000000e3d00000)
  to   space 1024K,   0% used [0x00000000e3d00000, 0x00000000e3d00000, 0x00000000e3e00000)
 concurrent mark-sweep generation total 37628K, used 21975K [0x00000000ecca0000, 0x00000000ef15f000, 0x0000000100000000)
 Metaspace       used 29170K, capacity 30236K, committed 30464K, reserved 1075200K
  class space    used 3564K, capacity 3826K, committed 3840K, reserved 1048576K
2020-11-07T19:55:34.403+0800: 17.553: [GC (Allocation Failure) 2020-11-07T19:55:34.403+0800: 17.553: [ParNew: 8890K->805K(9216K), 0.0367950 secs] 30865K->22860K(46844K), 0.0368465 secs] [Times: user=0.03 sys=0.00, real=0.04 secs] 
Heap after GC invocations=261 (full 29):
 par new generation   total 9216K, used 805K [0x00000000e3400000, 0x00000000e3e00000, 0x00000000ecca0000)
  eden space 8192K,   0% used [0x00000000e3400000, 0x00000000e3400000, 0x00000000e3c00000)
  from space 1024K,  78% used [0x00000000e3d00000, 0x00000000e3dc9680, 0x00000000e3e00000)
  to   space 1024K,   0% used [0x00000000e3c00000, 0x00000000e3c00000, 0x00000000e3d00000)
 concurrent mark-sweep generation total 37628K, used 22054K [0x00000000ecca0000, 0x00000000ef15f000, 0x0000000100000000)
 Metaspace       used 29170K, capacity 30236K, committed 30464K, reserved 1075200K
  class space    used 3564K, capacity 3826K, committed 3840K, reserved 1048576K
}
2020-11-07T19:55:34.461+0800: 17.610: Application time: 0.0204904 seconds
{Heap before GC invocations=261 (full 29):
 par new generation   total 9216K, used 8992K [0x00000000e3400000, 0x00000000e3e00000, 0x00000000ecca0000)
  eden space 8192K,  99% used [0x00000000e3400000, 0x00000000e3bfeb18, 0x00000000e3c00000)
  from space 1024K,  78% used [0x00000000e3d00000, 0x00000000e3dc9680, 0x00000000e3e00000)
  to   space 1024K,   0% used [0x00000000e3c00000, 0x00000000e3c00000, 0x00000000e3d00000)
 concurrent mark-sweep generation total 37628K, used 22054K [0x00000000ecca0000, 0x00000000ef15f000, 0x0000000100000000)
 Metaspace       used 29192K, capacity 30254K, committed 30464K, reserved 1075200K
  class space    used 3567K, capacity 3829K, committed 3840K, reserved 1048576K
2020-11-07T19:55:34.461+0800: 17.611: [GC (Allocation Failure) 2020-11-07T19:55:34.461+0800: 17.611: [ParNew: 8992K->777K(9216K), 0.0344547 secs] 31047K->23037K(46844K), 0.0345251 secs] [Times: user=0.03 sys=0.00, real=0.04 secs] 
Heap after GC invocations=262 (full 29):
 par new generation   total 9216K, used 777K [0x00000000e3400000, 0x00000000e3e00000, 0x00000000ecca0000)
  eden space 8192K,   0% used [0x00000000e3400000, 0x00000000e3400000, 0x00000000e3c00000)
  from space 1024K,  75% used [0x00000000e3c00000, 0x00000000e3cc26b8, 0x00000000e3d00000)
  to   space 1024K,   0% used [0x00000000e3d00000, 0x00000000e3d00000, 0x00000000e3e00000)
 concurrent mark-sweep generation total 37628K, used 22259K [0x00000000ecca0000, 0x00000000ef15f000, 0x0000000100000000)
 Metaspace       used 29192K, capacity 30254K, committed 30464K, reserved 1075200K
  class space    used 3567K, capacity 3829K, committed 3840K, reserved 1048576K
}
2020-11-07T19:55:34.497+0800: 17.647: Application time: 0.0018859 seconds
{Heap before GC invocations=262 (full 29):
 par new generation   total 9216K, used 8962K [0x00000000e3400000, 0x00000000e3e00000, 0x00000000ecca0000)
  eden space 8192K,  99% used [0x00000000e3400000, 0x00000000e3bfe1a8, 0x00000000e3c00000)
  from space 1024K,  75% used [0x00000000e3c00000, 0x00000000e3cc26b8, 0x00000000e3d00000)
  to   space 1024K,   0% used [0x00000000e3d00000, 0x00000000e3d00000, 0x00000000e3e00000)
 concurrent mark-sweep generation total 37628K, used 22259K [0x00000000ecca0000, 0x00000000ef15f000, 0x0000000100000000)
 Metaspace       used 29192K, capacity 30254K, committed 30464K, reserved 1075200K
  class space    used 3567K, capacity 3829K, committed 3840K, reserved 1048576K
2020-11-07T19:55:34.498+0800: 17.647: [GC (Allocation Failure) 2020-11-07T19:55:34.498+0800: 17.647: [ParNew: 8962K->572K(9216K), 0.0063230 secs] 31221K->22980K(46844K), 0.0063845 secs] [Times: user=0.00 sys=0.00, real=0.00 secs] 
Heap after GC invocations=263 (full 29):
 par new generation   total 9216K, used 572K [0x00000000e3400000, 0x00000000e3e00000, 0x00000000ecca0000)
  eden space 8192K,   0% used [0x00000000e3400000, 0x00000000e3400000, 0x00000000e3c00000)
  from space 1024K,  55% used [0x00000000e3d00000, 0x00000000e3d8f3e0, 0x00000000e3e00000)
  to   space 1024K,   0% used [0x00000000e3c00000, 0x00000000e3c00000, 0x00000000e3d00000)
 concurrent mark-sweep generation total 37628K, used 22407K [0x00000000ecca0000, 0x00000000ef15f000, 0x0000000100000000)
 Metaspace       used 29192K, capacity 30254K, committed 30464K, reserved 1075200K
  class space    used 3567K, capacity 3829K, committed 3840K, reserved 1048576K
}
2020-11-07T19:55:34.506+0800: 17.655: Application time: 0.0017185 seconds
{Heap before GC invocations=263 (full 29):
 par new generation   total 9216K, used 8746K [0x00000000e3400000, 0x00000000e3e00000, 0x00000000ecca0000)
  eden space 8192K,  99% used [0x00000000e3400000, 0x00000000e3bfb720, 0x00000000e3c00000)
  from space 1024K,  55% used [0x00000000e3d00000, 0x00000000e3d8f3e0, 0x00000000e3e00000)
  to   space 1024K,   0% used [0x00000000e3c00000, 0x00000000e3c00000, 0x00000000e3d00000)
 concurrent mark-sweep generation total 37628K, used 22407K [0x00000000ecca0000, 0x00000000ef15f000, 0x0000000100000000)
 Metaspace       used 29192K, capacity 30254K, committed 30464K, reserved 1075200K
  class space    used 3567K, capacity 3829K, committed 3840K, reserved 1048576K
2020-11-07T19:55:34.506+0800: 17.656: [GC (Allocation Failure) 2020-11-07T19:55:34.506+0800: 17.656: [ParNew: 8746K->395K(9216K), 0.0117660 secs] 31154K->22994K(46844K), 0.0118234 secs] [Times: user=0.02 sys=0.00, real=0.01 secs] 
Heap after GC invocations=264 (full 29):
 par new generation   total 9216K, used 395K [0x00000000e3400000, 0x00000000e3e00000, 0x00000000ecca0000)
  eden space 8192K,   0% used [0x00000000e3400000, 0x00000000e3400000, 0x00000000e3c00000)
  from space 1024K,  38% used [0x00000000e3c00000, 0x00000000e3c62e80, 0x00000000e3d00000)
  to   space 1024K,   0% used [0x00000000e3d00000, 0x00000000e3d00000, 0x00000000e3e00000)
 concurrent mark-sweep generation total 37628K, used 22598K [0x00000000ecca0000, 0x00000000ef15f000, 0x0000000100000000)
 Metaspace       used 29192K, capacity 30254K, committed 30464K, reserved 1075200K
  class space    used 3567K, capacity 3829K, committed 3840K, reserved 1048576K
}
2020-11-07T19:55:34.519+0800: 17.669: Application time: 0.0015542 seconds
{Heap before GC invocations=264 (full 29):
 par new generation   total 9216K, used 8542K [0x00000000e3400000, 0x00000000e3e00000, 0x00000000ecca0000)
  eden space 8192K,  99% used [0x00000000e3400000, 0x00000000e3bf4c30, 0x00000000e3c00000)
  from space 1024K,  38% used [0x00000000e3c00000, 0x00000000e3c62e80, 0x00000000e3d00000)
  to   space 1024K,   0% used [0x00000000e3d00000, 0x00000000e3d00000, 0x00000000e3e00000)
 concurrent mark-sweep generation total 37628K, used 22598K [0x00000000ecca0000, 0x00000000ef15f000, 0x0000000100000000)
 Metaspace       used 29192K, capacity 30254K, committed 30464K, reserved 1075200K
  class space    used 3567K, capacity 3829K, committed 3840K, reserved 1048576K
2020-11-07T19:55:34.520+0800: 17.669: [GC (Allocation Failure) 2020-11-07T19:55:34.520+0800: 17.669: [ParNew: 8542K->390K(9216K), 0.0033964 secs] 31141K->22989K(46844K), 0.0034425 secs] [Times: user=0.00 sys=0.00, real=0.00 secs] 
Heap after GC invocations=265 (full 29):
 par new generation   total 9216K, used 390K [0x00000000e3400000, 0x00000000e3e00000, 0x00000000ecca0000)
  eden space 8192K,   0% used [0x00000000e3400000, 0x00000000e3400000, 0x00000000e3c00000)
  from space 1024K,  38% used [0x00000000e3d00000, 0x00000000e3d61a80, 0x00000000e3e00000)
  to   space 1024K,   0% used [0x00000000e3c00000, 0x00000000e3c00000, 0x00000000e3d00000)
 concurrent mark-sweep generation total 37628K, used 22598K [0x00000000ecca0000, 0x00000000ef15f000, 0x0000000100000000)
 Metaspace       used 29192K, capacity 30254K, committed 30464K, reserved 1075200K
  class space    used 3567K, capacity 3829K, committed 3840K, reserved 1048576K
}
2020-11-07T19:55:34.529+0800: 17.679: Application time: 0.0059911 seconds
2020-11-07T19:55:34.529+0800: 17.679: [GC (CMS Initial Mark) [1 CMS-initial-mark: 22598K(37628K)] 28987K(46844K), 0.0034097 secs] [Times: user=0.00 sys=0.00, real=0.00 secs] 
2020-11-07T19:55:34.533+0800: 17.682: [CMS-concurrent-mark-start]
2020-11-07T19:55:34.544+0800: 17.694: Application time: 0.0114892 seconds
{Heap before GC invocations=265 (full 30):
 par new generation   total 9216K, used 8582K [0x00000000e3400000, 0x00000000e3e00000, 0x00000000ecca0000)
  eden space 8192K, 100% used [0x00000000e3400000, 0x00000000e3c00000, 0x00000000e3c00000)
  from space 1024K,  38% used [0x00000000e3d00000, 0x00000000e3d61a80, 0x00000000e3e00000)
  to   space 1024K,   0% used [0x00000000e3c00000, 0x00000000e3c00000, 0x00000000e3d00000)
 concurrent mark-sweep generation total 37628K, used 22598K [0x00000000ecca0000, 0x00000000ef15f000, 0x0000000100000000)
 Metaspace       used 29219K, capacity 30254K, committed 30464K, reserved 1075200K
  class space    used 3569K, capacity 3829K, committed 3840K, reserved 1048576K
2020-11-07T19:55:34.544+0800: 17.694: [GC (Allocation Failure) 2020-11-07T19:55:34.544+0800: 17.694: [ParNew: 8582K->437K(9216K), 0.0094078 secs] 31181K->23036K(46844K), 0.0094879 secs] [Times: user=0.01 sys=0.00, real=0.01 secs] 
Heap after GC invocations=266 (full 30):
 par new generation   total 9216K, used 437K [0x00000000e3400000, 0x00000000e3e00000, 0x00000000ecca0000)
  eden space 8192K,   0% used [0x00000000e3400000, 0x00000000e3400000, 0x00000000e3c00000)
  from space 1024K,  42% used [0x00000000e3c00000, 0x00000000e3c6d4e0, 0x00000000e3d00000)
  to   space 1024K,   0% used [0x00000000e3d00000, 0x00000000e3d00000, 0x00000000e3e00000)
 concurrent mark-sweep generation total 37628K, used 22598K [0x00000000ecca0000, 0x00000000ef15f000, 0x0000000100000000)
 Metaspace       used 29219K, capacity 30254K, committed 30464K, reserved 1075200K
  class space    used 3569K, capacity 3829K, committed 3840K, reserved 1048576K
}
2020-11-07T19:55:34.584+0800: 17.734: Application time: 0.0304058 seconds
{Heap before GC invocations=266 (full 30):
 par new generation   total 9216K, used 8629K [0x00000000e3400000, 0x00000000e3e00000, 0x00000000ecca0000)
  eden space 8192K, 100% used [0x00000000e3400000, 0x00000000e3c00000, 0x00000000e3c00000)
  from space 1024K,  42% used [0x00000000e3c00000, 0x00000000e3c6d4e0, 0x00000000e3d00000)
  to   space 1024K,   0% used [0x00000000e3d00000, 0x00000000e3d00000, 0x00000000e3e00000)
 concurrent mark-sweep generation total 37628K, used 22598K [0x00000000ecca0000, 0x00000000ef15f000, 0x0000000100000000)
 Metaspace       used 29225K, capacity 30260K, committed 30464K, reserved 1075200K
  class space    used 3570K, capacity 3830K, committed 3840K, reserved 1048576K
2020-11-07T19:55:34.584+0800: 17.734: [GC (Allocation Failure) 2020-11-07T19:55:34.584+0800: 17.734: [ParNew: 8629K->320K(9216K), 0.0164146 secs] 31228K->22918K(46844K), 0.0164682 secs] [Times: user=0.01 sys=0.01, real=0.02 secs] 
Heap after GC invocations=267 (full 30):
 par new generation   total 9216K, used 320K [0x00000000e3400000, 0x00000000e3e00000, 0x00000000ecca0000)
  eden space 8192K,   0% used [0x00000000e3400000, 0x00000000e3400000, 0x00000000e3c00000)
  from space 1024K,  31% used [0x00000000e3d00000, 0x00000000e3d50028, 0x00000000e3e00000)
  to   space 1024K,   0% used [0x00000000e3c00000, 0x00000000e3c00000, 0x00000000e3d00000)
 concurrent mark-sweep generation total 37628K, used 22598K [0x00000000ecca0000, 0x00000000ef15f000, 0x0000000100000000)
 Metaspace       used 29225K, capacity 30260K, committed 30464K, reserved 1075200K
  class space    used 3570K, capacity 3830K, committed 3840K, reserved 1048576K
}
2020-11-07T19:55:34.635+0800: 17.785: Application time: 0.0341393 seconds
{Heap before GC invocations=267 (full 30):
 par new generation   total 9216K, used 8512K [0x00000000e3400000, 0x00000000e3e00000, 0x00000000ecca0000)
  eden space 8192K, 100% used [0x00000000e3400000, 0x00000000e3c00000, 0x00000000e3c00000)
  from space 1024K,  31% used [0x00000000e3d00000, 0x00000000e3d50028, 0x00000000e3e00000)
  to   space 1024K,   0% used [0x00000000e3c00000, 0x00000000e3c00000, 0x00000000e3d00000)
 concurrent mark-sweep generation total 37628K, used 22598K [0x00000000ecca0000, 0x00000000ef15f000, 0x0000000100000000)
 Metaspace       used 29265K, capacity 30332K, committed 30464K, reserved 1075200K
  class space    used 3578K, capacity 3832K, committed 3840K, reserved 1048576K
2020-11-07T19:55:34.635+0800: 17.785: [GC (Allocation Failure) 2020-11-07T19:55:34.635+0800: 17.785: [ParNew: 8512K->417K(9216K), 0.0150371 secs] 31110K->23016K(46844K), 0.0150910 secs] [Times: user=0.02 sys=0.00, real=0.01 secs] 
Heap after GC invocations=268 (full 30):
 par new generation   total 9216K, used 417K [0x00000000e3400000, 0x00000000e3e00000, 0x00000000ecca0000)
  eden space 8192K,   0% used [0x00000000e3400000, 0x00000000e3400000, 0x00000000e3c00000)
  from space 1024K,  40% used [0x00000000e3c00000, 0x00000000e3c687c0, 0x00000000e3d00000)
  to   space 1024K,   0% used [0x00000000e3d00000, 0x00000000e3d00000, 0x00000000e3e00000)
 concurrent mark-sweep generation total 37628K, used 22598K [0x00000000ecca0000, 0x00000000ef15f000, 0x0000000100000000)
 Metaspace       used 29265K, capacity 30332K, committed 30464K, reserved 1075200K
  class space    used 3578K, capacity 3832K, committed 3840K, reserved 1048576K
}
2020-11-07T19:55:34.661+0800: 17.811: [CMS-concurrent-mark: 0.078/0.129 secs] [Times: user=0.12 sys=0.01, real=0.13 secs] 
2020-11-07T19:55:34.661+0800: 17.811: [CMS-concurrent-preclean-start]
2020-11-07T19:55:34.670+0800: 17.819: [CMS-concurrent-preclean: 0.001/0.008 secs] [Times: user=0.01 sys=0.00, real=0.01 secs] 
2020-11-07T19:55:34.670+0800: 17.819: [CMS-concurrent-abortable-preclean-start]
2020-11-07T19:55:34.674+0800: 17.824: Application time: 0.0242835 seconds
{Heap before GC invocations=268 (full 30):
 par new generation   total 9216K, used 8609K [0x00000000e3400000, 0x00000000e3e00000, 0x00000000ecca0000)
  eden space 8192K, 100% used [0x00000000e3400000, 0x00000000e3c00000, 0x00000000e3c00000)
  from space 1024K,  40% used [0x00000000e3c00000, 0x00000000e3c687c0, 0x00000000e3d00000)
  to   space 1024K,   0% used [0x00000000e3d00000, 0x00000000e3d00000, 0x00000000e3e00000)
 concurrent mark-sweep generation total 37628K, used 22598K [0x00000000ecca0000, 0x00000000ef15f000, 0x0000000100000000)
 Metaspace       used 29275K, capacity 30332K, committed 30464K, reserved 1075200K
  class space    used 3579K, capacity 3832K, committed 3840K, reserved 1048576K
2020-11-07T19:55:34.675+0800: 17.824: [GC (Allocation Failure) 2020-11-07T19:55:34.675+0800: 17.824: [ParNew: 8609K->472K(9216K), 0.0123876 secs] 31208K->23071K(46844K), 0.0124491 secs] [Times: user=0.01 sys=0.00, real=0.01 secs] 
Heap after GC invocations=269 (full 30):
 par new generation   total 9216K, used 472K [0x00000000e3400000, 0x00000000e3e00000, 0x00000000ecca0000)
  eden space 8192K,   0% used [0x00000000e3400000, 0x00000000e3400000, 0x00000000e3c00000)
  from space 1024K,  46% used [0x00000000e3d00000, 0x00000000e3d76168, 0x00000000e3e00000)
  to   space 1024K,   0% used [0x00000000e3c00000, 0x00000000e3c00000, 0x00000000e3d00000)
 concurrent mark-sweep generation total 37628K, used 22598K [0x00000000ecca0000, 0x00000000ef15f000, 0x0000000100000000)
 Metaspace       used 29275K, capacity 30332K, committed 30464K, reserved 1075200K
  class space    used 3579K, capacity 3832K, committed 3840K, reserved 1048576K
}
2020-11-07T19:55:34.697+0800: 17.846: Application time: 0.0095543 seconds
{Heap before GC invocations=269 (full 30):
 par new generation   total 9216K, used 8664K [0x00000000e3400000, 0x00000000e3e00000, 0x00000000ecca0000)
  eden space 8192K, 100% used [0x00000000e3400000, 0x00000000e3c00000, 0x00000000e3c00000)
  from space 1024K,  46% used [0x00000000e3d00000, 0x00000000e3d76168, 0x00000000e3e00000)
  to   space 1024K,   0% used [0x00000000e3c00000, 0x00000000e3c00000, 0x00000000e3d00000)
 concurrent mark-sweep generation total 37628K, used 22598K [0x00000000ecca0000, 0x00000000ef15f000, 0x0000000100000000)
 Metaspace       used 29291K, capacity 30332K, committed 30464K, reserved 1075200K
  class space    used 3582K, capacity 3832K, committed 3840K, reserved 1048576K
2020-11-07T19:55:34.697+0800: 17.846: [GC (Allocation Failure) 2020-11-07T19:55:34.697+0800: 17.846: [ParNew: 8664K->476K(9216K), 0.0114903 secs] 31263K->23075K(46844K), 0.0115404 secs] [Times: user=0.01 sys=0.00, real=0.01 secs] 
Heap after GC invocations=270 (full 30):
 par new generation   total 9216K, used 476K [0x00000000e3400000, 0x00000000e3e00000, 0x00000000ecca0000)
  eden space 8192K,   0% used [0x00000000e3400000, 0x00000000e3400000, 0x00000000e3c00000)
  from space 1024K,  46% used [0x00000000e3c00000, 0x00000000e3c772a8, 0x00000000e3d00000)
  to   space 1024K,   0% used [0x00000000e3d00000, 0x00000000e3d00000, 0x00000000e3e00000)
 concurrent mark-sweep generation total 37628K, used 22598K [0x00000000ecca0000, 0x00000000ef15f000, 0x0000000100000000)
 Metaspace       used 29291K, capacity 30332K, committed 30464K, reserved 1075200K
  class space    used 3582K, capacity 3832K, committed 3840K, reserved 1048576K
}
2020-11-07T19:55:34.736+0800: 17.885: Application time: 0.0273119 seconds
{Heap before GC invocations=270 (full 30):
 par new generation   total 9216K, used 8668K [0x00000000e3400000, 0x00000000e3e00000, 0x00000000ecca0000)
  eden space 8192K, 100% used [0x00000000e3400000, 0x00000000e3c00000, 0x00000000e3c00000)
  from space 1024K,  46% used [0x00000000e3c00000, 0x00000000e3c772a8, 0x00000000e3d00000)
  to   space 1024K,   0% used [0x00000000e3d00000, 0x00000000e3d00000, 0x00000000e3e00000)
 concurrent mark-sweep generation total 37628K, used 22598K [0x00000000ecca0000, 0x00000000ef15f000, 0x0000000100000000)
 Metaspace       used 29310K, capacity 30332K, committed 30464K, reserved 1075200K
  class space    used 3585K, capacity 3832K, committed 3840K, reserved 1048576K
2020-11-07T19:55:34.736+0800: 17.886: [GC (Allocation Failure) 2020-11-07T19:55:34.736+0800: 17.886: [ParNew: 8668K->326K(9216K), 0.0158584 secs] 31267K->23114K(46844K), 0.0159169 secs] [Times: user=0.01 sys=0.00, real=0.01 secs] 
Heap after GC invocations=271 (full 30):
 par new generation   total 9216K, used 326K [0x00000000e3400000, 0x00000000e3e00000, 0x00000000ecca0000)
  eden space 8192K,   0% used [0x00000000e3400000, 0x00000000e3400000, 0x00000000e3c00000)
  from space 1024K,  31% used [0x00000000e3d00000, 0x00000000e3d51908, 0x00000000e3e00000)
  to   space 1024K,   0% used [0x00000000e3c00000, 0x00000000e3c00000, 0x00000000e3d00000)
 concurrent mark-sweep generation total 37628K, used 22788K [0x00000000ecca0000, 0x00000000ef15f000, 0x0000000100000000)
 Metaspace       used 29310K, capacity 30332K, committed 30464K, reserved 1075200K
  class space    used 3585K, capacity 3832K, committed 3840K, reserved 1048576K
}
2020-11-07T19:55:34.794+0800: 17.944: Application time: 0.0421504 seconds
{Heap before GC invocations=271 (full 30):
 par new generation   total 9216K, used 8518K [0x00000000e3400000, 0x00000000e3e00000, 0x00000000ecca0000)
  eden space 8192K, 100% used [0x00000000e3400000, 0x00000000e3c00000, 0x00000000e3c00000)
  from space 1024K,  31% used [0x00000000e3d00000, 0x00000000e3d51908, 0x00000000e3e00000)
  to   space 1024K,   0% used [0x00000000e3c00000, 0x00000000e3c00000, 0x00000000e3d00000)
 concurrent mark-sweep generation total 37628K, used 22788K [0x00000000ecca0000, 0x00000000ef15f000, 0x0000000100000000)
 Metaspace       used 29333K, capacity 30396K, committed 30464K, reserved 1075200K
  class space    used 3586K, capacity 3832K, committed 3840K, reserved 1048576K
2020-11-07T19:55:34.794+0800: 17.944: [GC (Allocation Failure) 2020-11-07T19:55:34.794+0800: 17.944: [ParNew: 8518K->293K(9216K), 0.0084038 secs] 31306K->23082K(46844K), 0.0084591 secs] [Times: user=0.01 sys=0.00, real=0.01 secs] 
Heap after GC invocations=272 (full 30):
 par new generation   total 9216K, used 293K [0x00000000e3400000, 0x00000000e3e00000, 0x00000000ecca0000)
  eden space 8192K,   0% used [0x00000000e3400000, 0x00000000e3400000, 0x00000000e3c00000)
  from space 1024K,  28% used [0x00000000e3c00000, 0x00000000e3c49730, 0x00000000e3d00000)
  to   space 1024K,   0% used [0x00000000e3d00000, 0x00000000e3d00000, 0x00000000e3e00000)
 concurrent mark-sweep generation total 37628K, used 22788K [0x00000000ecca0000, 0x00000000ef15f000, 0x0000000100000000)
 Metaspace       used 29333K, capacity 30396K, committed 30464K, reserved 1075200K
  class space    used 3586K, capacity 3832K, committed 3840K, reserved 1048576K
}
2020-11-07T19:55:34.829+0800: 17.979: Application time: 0.0262799 seconds
{Heap before GC invocations=272 (full 30):
 par new generation   total 9216K, used 8485K [0x00000000e3400000, 0x00000000e3e00000, 0x00000000ecca0000)
  eden space 8192K, 100% used [0x00000000e3400000, 0x00000000e3c00000, 0x00000000e3c00000)
  from space 1024K,  28% used [0x00000000e3c00000, 0x00000000e3c49730, 0x00000000e3d00000)
  to   space 1024K,   0% used [0x00000000e3d00000, 0x00000000e3d00000, 0x00000000e3e00000)
 concurrent mark-sweep generation total 37628K, used 22788K [0x00000000ecca0000, 0x00000000ef15f000, 0x0000000100000000)
 Metaspace       used 29337K, capacity 30396K, committed 30464K, reserved 1075200K
  class space    used 3587K, capacity 3832K, committed 3840K, reserved 1048576K
2020-11-07T19:55:34.829+0800: 17.979: [GC (Allocation Failure) 2020-11-07T19:55:34.829+0800: 17.979: [ParNew: 8485K->349K(9216K), 0.0198198 secs] 31274K->23137K(46844K), 0.0198807 secs] [Times: user=0.01 sys=0.00, real=0.02 secs] 
Heap after GC invocations=273 (full 30):
 par new generation   total 9216K, used 349K [0x00000000e3400000, 0x00000000e3e00000, 0x00000000ecca0000)
  eden space 8192K,   0% used [0x00000000e3400000, 0x00000000e3400000, 0x00000000e3c00000)
  from space 1024K,  34% used [0x00000000e3d00000, 0x00000000e3d574c0, 0x00000000e3e00000)
  to   space 1024K,   0% used [0x00000000e3c00000, 0x00000000e3c00000, 0x00000000e3d00000)
 concurrent mark-sweep generation total 37628K, used 22788K [0x00000000ecca0000, 0x00000000ef15f000, 0x0000000100000000)
 Metaspace       used 29337K, capacity 30396K, committed 30464K, reserved 1075200K
  class space    used 3587K, capacity 3832K, committed 3840K, reserved 1048576K
}
2020-11-07T19:55:34.881+0800: 18.031: Application time: 0.0319186 seconds
{Heap before GC invocations=273 (full 30):
 par new generation   total 9216K, used 8541K [0x00000000e3400000, 0x00000000e3e00000, 0x00000000ecca0000)
  eden space 8192K, 100% used [0x00000000e3400000, 0x00000000e3c00000, 0x00000000e3c00000)
  from space 1024K,  34% used [0x00000000e3d00000, 0x00000000e3d574c0, 0x00000000e3e00000)
  to   space 1024K,   0% used [0x00000000e3c00000, 0x00000000e3c00000, 0x00000000e3d00000)
 concurrent mark-sweep generation total 37628K, used 22788K [0x00000000ecca0000, 0x00000000ef15f000, 0x0000000100000000)
 Metaspace       used 29341K, capacity 30396K, committed 30464K, reserved 1075200K
  class space    used 3587K, capacity 3832K, committed 3840K, reserved 1048576K
2020-11-07T19:55:34.881+0800: 18.031: [GC (Allocation Failure) 2020-11-07T19:55:34.881+0800: 18.031: [ParNew: 8541K->552K(9216K), 0.0099977 secs] 31329K->23341K(46844K), 0.0100472 secs] [Times: user=0.01 sys=0.00, real=0.01 secs] 
Heap after GC invocations=274 (full 30):
 par new generation   total 9216K, used 552K [0x00000000e3400000, 0x00000000e3e00000, 0x00000000ecca0000)
  eden space 8192K,   0% used [0x00000000e3400000, 0x00000000e3400000, 0x00000000e3c00000)
  from space 1024K,  53% used [0x00000000e3c00000, 0x00000000e3c8a228, 0x00000000e3d00000)
  to   space 1024K,   0% used [0x00000000e3d00000, 0x00000000e3d00000, 0x00000000e3e00000)
 concurrent mark-sweep generation total 37628K, used 22788K [0x00000000ecca0000, 0x00000000ef15f000, 0x0000000100000000)
 Metaspace       used 29341K, capacity 30396K, committed 30464K, reserved 1075200K
  class space    used 3587K, capacity 3832K, committed 3840K, reserved 1048576K
}
2020-11-07T19:55:34.929+0800: 18.079: Application time: 0.0380341 seconds
{Heap before GC invocations=274 (full 30):
 par new generation   total 9216K, used 8744K [0x00000000e3400000, 0x00000000e3e00000, 0x00000000ecca0000)
  eden space 8192K, 100% used [0x00000000e3400000, 0x00000000e3c00000, 0x00000000e3c00000)
  from space 1024K,  53% used [0x00000000e3c00000, 0x00000000e3c8a228, 0x00000000e3d00000)
  to   space 1024K,   0% used [0x00000000e3d00000, 0x00000000e3d00000, 0x00000000e3e00000)
 concurrent mark-sweep generation total 37628K, used 22788K [0x00000000ecca0000, 0x00000000ef15f000, 0x0000000100000000)
 Metaspace       used 29344K, capacity 30396K, committed 30464K, reserved 1075200K
  class space    used 3587K, capacity 3832K, committed 3840K, reserved 1048576K
2020-11-07T19:55:34.930+0800: 18.079: [GC (Allocation Failure) 2020-11-07T19:55:34.930+0800: 18.079: [ParNew: 8744K->535K(9216K), 0.0053903 secs] 31533K->23352K(46844K), 0.0054378 secs] [Times: user=0.01 sys=0.00, real=0.01 secs] 
Heap after GC invocations=275 (full 30):
 par new generation   total 9216K, used 535K [0x00000000e3400000, 0x00000000e3e00000, 0x00000000ecca0000)
  eden space 8192K,   0% used [0x00000000e3400000, 0x00000000e3400000, 0x00000000e3c00000)
  from space 1024K,  52% used [0x00000000e3d00000, 0x00000000e3d85fd8, 0x00000000e3e00000)
  to   space 1024K,   0% used [0x00000000e3c00000, 0x00000000e3c00000, 0x00000000e3d00000)
 concurrent mark-sweep generation total 37628K, used 22816K [0x00000000ecca0000, 0x00000000ef15f000, 0x0000000100000000)
 Metaspace       used 29344K, capacity 30396K, committed 30464K, reserved 1075200K
  class space    used 3587K, capacity 3832K, committed 3840K, reserved 1048576K
}
2020-11-07T19:55:34.969+0800: 18.119: Application time: 0.0341782 seconds
{Heap before GC invocations=275 (full 30):
 par new generation   total 9216K, used 8727K [0x00000000e3400000, 0x00000000e3e00000, 0x00000000ecca0000)
  eden space 8192K, 100% used [0x00000000e3400000, 0x00000000e3c00000, 0x00000000e3c00000)
  from space 1024K,  52% used [0x00000000e3d00000, 0x00000000e3d85fd8, 0x00000000e3e00000)
  to   space 1024K,   0% used [0x00000000e3c00000, 0x00000000e3c00000, 0x00000000e3d00000)
 concurrent mark-sweep generation total 37628K, used 22816K [0x00000000ecca0000, 0x00000000ef15f000, 0x0000000100000000)
 Metaspace       used 29402K, capacity 30414K, committed 30464K, reserved 1075200K
  class space    used 3599K, capacity 3839K, committed 3840K, reserved 1048576K
2020-11-07T19:55:34.969+0800: 18.119: [GC (Allocation Failure) 2020-11-07T19:55:34.969+0800: 18.119: [ParNew: 8727K->640K(9216K), 0.0047976 secs] 31544K->23496K(46844K), 0.0048464 secs] [Times: user=0.00 sys=0.00, real=0.00 secs] 
Heap after GC invocations=276 (full 30):
 par new generation   total 9216K, used 640K [0x00000000e3400000, 0x00000000e3e00000, 0x00000000ecca0000)
  eden space 8192K,   0% used [0x00000000e3400000, 0x00000000e3400000, 0x00000000e3c00000)
  from space 1024K,  62% used [0x00000000e3c00000, 0x00000000e3ca0158, 0x00000000e3d00000)
  to   space 1024K,   0% used [0x00000000e3d00000, 0x00000000e3d00000, 0x00000000e3e00000)
 concurrent mark-sweep generation total 37628K, used 22856K [0x00000000ecca0000, 0x00000000ef15f000, 0x0000000100000000)
 Metaspace       used 29402K, capacity 30414K, committed 30464K, reserved 1075200K
  class space    used 3599K, capacity 3839K, committed 3840K, reserved 1048576K
}
2020-11-07T19:55:34.976+0800: 18.125: [CMS-concurrent-abortable-preclean: 0.098/0.306 secs] [Times: user=0.29 sys=0.00, real=0.31 secs] 
2020-11-07T19:55:34.980+0800: 18.130: Application time: 0.0058940 seconds
2020-11-07T19:55:34.980+0800: 18.130: [GC (CMS Final Remark) [YG occupancy: 2158 K (9216 K)]2020-11-07T19:55:34.980+0800: 18.130: [Rescan (parallel) , 0.0038720 secs]2020-11-07T19:55:34.984+0800: 18.134: [weak refs processing, 0.0003817 secs]2020-11-07T19:55:34.985+0800: 18.134: [class unloading, 0.0090457 secs]2020-11-07T19:55:34.994+0800: 18.143: [scrub symbol table, 0.0094256 secs]2020-11-07T19:55:35.003+0800: 18.153: [scrub string table, 0.0005505 secs][1 CMS-remark: 22856K(37628K)] 25015K(46844K), 0.0234793 secs] [Times: user=0.02 sys=0.00, real=0.02 secs] 
2020-11-07T19:55:35.011+0800: 18.161: [CMS-concurrent-sweep-start]
2020-11-07T19:55:35.042+0800: 18.192: Application time: 0.0384839 seconds
{Heap before GC invocations=276 (full 30):
 par new generation   total 9216K, used 8832K [0x00000000e3400000, 0x00000000e3e00000, 0x00000000ecca0000)
  eden space 8192K, 100% used [0x00000000e3400000, 0x00000000e3c00000, 0x00000000e3c00000)
  from space 1024K,  62% used [0x00000000e3c00000, 0x00000000e3ca0158, 0x00000000e3d00000)
  to   space 1024K,   0% used [0x00000000e3d00000, 0x00000000e3d00000, 0x00000000e3e00000)
 concurrent mark-sweep generation total 37628K, used 22507K [0x00000000ecca0000, 0x00000000ef15f000, 0x0000000100000000)
 Metaspace       used 29415K, capacity 30454K, committed 30592K, reserved 1075200K
  class space    used 3603K, capacity 3873K, committed 3968K, reserved 1048576K
2020-11-07T19:55:35.042+0800: 18.192: [GC (Allocation Failure) 2020-11-07T19:55:35.042+0800: 18.192: [ParNew: 8832K->997K(9216K), 0.0175294 secs] 31340K->23582K(46844K), 0.0176161 secs] [Times: user=0.02 sys=0.00, real=0.02 secs] 
Heap after GC invocations=277 (full 30):
 par new generation   total 9216K, used 997K [0x00000000e3400000, 0x00000000e3e00000, 0x00000000ecca0000)
  eden space 8192K,   0% used [0x00000000e3400000, 0x00000000e3400000, 0x00000000e3c00000)
  from space 1024K,  97% used [0x00000000e3d00000, 0x00000000e3df9788, 0x00000000e3e00000)
  to   space 1024K,   0% used [0x00000000e3c00000, 0x00000000e3c00000, 0x00000000e3d00000)
 concurrent mark-sweep generation total 37628K, used 22584K [0x00000000ecca0000, 0x00000000ef15f000, 0x0000000100000000)
 Metaspace       used 29415K, capacity 30454K, committed 30592K, reserved 1075200K
  class space    used 3603K, capacity 3873K, committed 3968K, reserved 1048576K
}
2020-11-07T19:55:35.061+0800: 18.210: [CMS-concurrent-sweep: 0.032/0.050 secs] [Times: user=0.05 sys=0.00, real=0.05 secs] 
2020-11-07T19:55:35.065+0800: 18.215: [CMS-concurrent-reset-start]
2020-11-07T19:55:35.066+0800: 18.216: [CMS-concurrent-reset: 0.001/0.001 secs] [Times: user=0.00 sys=0.00, real=0.00 secs] 
2020-11-07T19:55:35.089+0800: 18.238: Application time: 0.0287249 seconds
{Heap before GC invocations=277 (full 30):
 par new generation   total 9216K, used 9189K [0x00000000e3400000, 0x00000000e3e00000, 0x00000000ecca0000)
  eden space 8192K, 100% used [0x00000000e3400000, 0x00000000e3c00000, 0x00000000e3c00000)
  from space 1024K,  97% used [0x00000000e3d00000, 0x00000000e3df9788, 0x00000000e3e00000)
  to   space 1024K,   0% used [0x00000000e3c00000, 0x00000000e3c00000, 0x00000000e3d00000)
 concurrent mark-sweep generation total 37628K, used 22548K [0x00000000ecca0000, 0x00000000ef15f000, 0x0000000100000000)
 Metaspace       used 29399K, capacity 30418K, committed 30592K, reserved 1075200K
  class space    used 3600K, capacity 3867K, committed 3968K, reserved 1048576K
2020-11-07T19:55:35.089+0800: 18.239: [GC (Allocation Failure) 2020-11-07T19:55:35.089+0800: 18.239: [ParNew: 9189K->710K(9216K), 0.0219778 secs] 31738K->23581K(46844K), 0.0220509 secs] [Times: user=0.02 sys=0.00, real=0.02 secs] 
Heap after GC invocations=278 (full 30):
 par new generation   total 9216K, used 710K [0x00000000e3400000, 0x00000000e3e00000, 0x00000000ecca0000)
  eden space 8192K,   0% used [0x00000000e3400000, 0x00000000e3400000, 0x00000000e3c00000)
  from space 1024K,  69% used [0x00000000e3c00000, 0x00000000e3cb1b48, 0x00000000e3d00000)
  to   space 1024K,   0% used [0x00000000e3d00000, 0x00000000e3d00000, 0x00000000e3e00000)
 concurrent mark-sweep generation total 37628K, used 22870K [0x00000000ecca0000, 0x00000000ef15f000, 0x0000000100000000)
 Metaspace       used 29399K, capacity 30418K, committed 30592K, reserved 1075200K
  class space    used 3600K, capacity 3867K, committed 3968K, reserved 1048576K
}
2020-11-07T19:55:35.125+0800: 18.275: Application time: 0.0138066 seconds
2020-11-07T19:55:35.134+0800: 18.284: [GC (CMS Initial Mark) [1 CMS-initial-mark: 22870K(37628K)] 28860K(46844K), 0.0061466 secs] [Times: user=0.00 sys=0.00, real=0.01 secs] 
2020-11-07T19:55:35.140+0800: 18.290: [CMS-concurrent-mark-start]
2020-11-07T19:55:35.169+0800: 18.319: Application time: 0.0286822 seconds
{Heap before GC invocations=278 (full 31):
 par new generation   total 9216K, used 8902K [0x00000000e3400000, 0x00000000e3e00000, 0x00000000ecca0000)
  eden space 8192K, 100% used [0x00000000e3400000, 0x00000000e3c00000, 0x00000000e3c00000)
  from space 1024K,  69% used [0x00000000e3c00000, 0x00000000e3cb1b48, 0x00000000e3d00000)
  to   space 1024K,   0% used [0x00000000e3d00000, 0x00000000e3d00000, 0x00000000e3e00000)
 concurrent mark-sweep generation total 37628K, used 22870K [0x00000000ecca0000, 0x00000000ef15f000, 0x0000000100000000)
 Metaspace       used 29430K, capacity 30496K, committed 30848K, reserved 1077248K
  class space    used 3601K, capacity 3868K, committed 3968K, reserved 1048576K
2020-11-07T19:55:35.169+0800: 18.319: [GC (Allocation Failure) 2020-11-07T19:55:35.169+0800: 18.319: [ParNew: 8902K->351K(9216K), 0.0168118 secs] 31773K->23637K(46844K), 0.0168967 secs] [Times: user=0.01 sys=0.00, real=0.02 secs] 
Heap after GC invocations=279 (full 31):
 par new generation   total 9216K, used 351K [0x00000000e3400000, 0x00000000e3e00000, 0x00000000ecca0000)
  eden space 8192K,   0% used [0x00000000e3400000, 0x00000000e3400000, 0x00000000e3c00000)
  from space 1024K,  34% used [0x00000000e3d00000, 0x00000000e3d57e20, 0x00000000e3e00000)
  to   space 1024K,   0% used [0x00000000e3c00000, 0x00000000e3c00000, 0x00000000e3d00000)
 concurrent mark-sweep generation total 37628K, used 23285K [0x00000000ecca0000, 0x00000000ef15f000, 0x0000000100000000)
 Metaspace       used 29430K, capacity 30496K, committed 30848K, reserved 1077248K
  class space    used 3601K, capacity 3868K, committed 3968K, reserved 1048576K
}
2020-11-07T19:55:35.223+0800: 18.372: Application time: 0.0366453 seconds
{Heap before GC invocations=279 (full 31):
 par new generation   total 9216K, used 8543K [0x00000000e3400000, 0x00000000e3e00000, 0x00000000ecca0000)
  eden space 8192K, 100% used [0x00000000e3400000, 0x00000000e3c00000, 0x00000000e3c00000)
  from space 1024K,  34% used [0x00000000e3d00000, 0x00000000e3d57e20, 0x00000000e3e00000)
  to   space 1024K,   0% used [0x00000000e3c00000, 0x00000000e3c00000, 0x00000000e3d00000)
 concurrent mark-sweep generation total 37628K, used 23285K [0x00000000ecca0000, 0x00000000ef15f000, 0x0000000100000000)
 Metaspace       used 29430K, capacity 30496K, committed 30848K, reserved 1077248K
  class space    used 3601K, capacity 3868K, committed 3968K, reserved 1048576K
2020-11-07T19:55:35.223+0800: 18.372: [GC (Allocation Failure) 2020-11-07T19:55:35.223+0800: 18.372: [ParNew: 8543K->326K(9216K), 0.0058306 secs] 31829K->23612K(46844K), 0.0058877 secs] [Times: user=0.00 sys=0.00, real=0.01 secs] 
Heap after GC invocations=280 (full 31):
 par new generation   total 9216K, used 326K [0x00000000e3400000, 0x00000000e3e00000, 0x00000000ecca0000)
  eden space 8192K,   0% used [0x00000000e3400000, 0x00000000e3400000, 0x00000000e3c00000)
  from space 1024K,  31% used [0x00000000e3c00000, 0x00000000e3c51a10, 0x00000000e3d00000)
  to   space 1024K,   0% used [0x00000000e3d00000, 0x00000000e3d00000, 0x00000000e3e00000)
 concurrent mark-sweep generation total 37628K, used 23285K [0x00000000ecca0000, 0x00000000ef15f000, 0x0000000100000000)
 Metaspace       used 29430K, capacity 30496K, committed 30848K, reserved 1077248K
  class space    used 3601K, capacity 3868K, committed 3968K, reserved 1048576K
}
2020-11-07T19:55:35.274+0800: 18.424: Application time: 0.0451477 seconds
{Heap before GC invocations=280 (full 31):
 par new generation   total 9216K, used 8518K [0x00000000e3400000, 0x00000000e3e00000, 0x00000000ecca0000)
  eden space 8192K, 100% used [0x00000000e3400000, 0x00000000e3c00000, 0x00000000e3c00000)
  from space 1024K,  31% used [0x00000000e3c00000, 0x00000000e3c51a10, 0x00000000e3d00000)
  to   space 1024K,   0% used [0x00000000e3d00000, 0x00000000e3d00000, 0x00000000e3e00000)
 concurrent mark-sweep generation total 37628K, used 23285K [0x00000000ecca0000, 0x00000000ef15f000, 0x0000000100000000)
 Metaspace       used 29434K, capacity 30502K, committed 30848K, reserved 1077248K
  class space    used 3602K, capacity 3869K, committed 3968K, reserved 1048576K
2020-11-07T19:55:35.274+0800: 18.424: [GC (Allocation Failure) 2020-11-07T19:55:35.274+0800: 18.424: [ParNew: 8518K->293K(9216K), 0.0094908 secs] 31804K->23578K(46844K), 0.0095554 secs] [Times: user=0.01 sys=0.00, real=0.01 secs] 
Heap after GC invocations=281 (full 31):
 par new generation   total 9216K, used 293K [0x00000000e3400000, 0x00000000e3e00000, 0x00000000ecca0000)
  eden space 8192K,   0% used [0x00000000e3400000, 0x00000000e3400000, 0x00000000e3c00000)
  from space 1024K,  28% used [0x00000000e3d00000, 0x00000000e3d49598, 0x00000000e3e00000)
  to   space 1024K,   0% used [0x00000000e3c00000, 0x00000000e3c00000, 0x00000000e3d00000)
 concurrent mark-sweep generation total 37628K, used 23285K [0x00000000ecca0000, 0x00000000ef15f000, 0x0000000100000000)
 Metaspace       used 29434K, capacity 30502K, committed 30848K, reserved 1077248K
  class space    used 3602K, capacity 3869K, committed 3968K, reserved 1048576K
}
2020-11-07T19:55:35.305+0800: 18.455: Application time: 0.0213514 seconds
{Heap before GC invocations=281 (full 31):
 par new generation   total 9216K, used 8485K [0x00000000e3400000, 0x00000000e3e00000, 0x00000000ecca0000)
  eden space 8192K, 100% used [0x00000000e3400000, 0x00000000e3c00000, 0x00000000e3c00000)
  from space 1024K,  28% used [0x00000000e3d00000, 0x00000000e3d49598, 0x00000000e3e00000)
  to   space 1024K,   0% used [0x00000000e3c00000, 0x00000000e3c00000, 0x00000000e3d00000)
 concurrent mark-sweep generation total 37628K, used 23285K [0x00000000ecca0000, 0x00000000ef15f000, 0x0000000100000000)
 Metaspace       used 29445K, capacity 30526K, committed 30848K, reserved 1077248K
  class space    used 3604K, capacity 3873K, committed 3968K, reserved 1048576K
2020-11-07T19:55:35.305+0800: 18.455: [GC (Allocation Failure) 2020-11-07T19:55:35.305+0800: 18.455: [ParNew: 8485K->433K(9216K), 0.0037608 secs] 31770K->23719K(46844K), 0.0038015 secs] [Times: user=0.01 sys=0.00, real=0.00 secs] 
Heap after GC invocations=282 (full 31):
 par new generation   total 9216K, used 433K [0x00000000e3400000, 0x00000000e3e00000, 0x00000000ecca0000)
  eden space 8192K,   0% used [0x00000000e3400000, 0x00000000e3400000, 0x00000000e3c00000)
  from space 1024K,  42% used [0x00000000e3c00000, 0x00000000e3c6c748, 0x00000000e3d00000)
  to   space 1024K,   0% used [0x00000000e3d00000, 0x00000000e3d00000, 0x00000000e3e00000)
 concurrent mark-sweep generation total 37628K, used 23285K [0x00000000ecca0000, 0x00000000ef15f000, 0x0000000100000000)
 Metaspace       used 29445K, capacity 30526K, committed 30848K, reserved 1077248K
  class space    used 3604K, capacity 3873K, committed 3968K, reserved 1048576K
}
2020-11-07T19:55:35.321+0800: 18.470: [CMS-concurrent-mark: 0.133/0.180 secs] [Times: user=0.17 sys=0.00, real=0.18 secs] 
2020-11-07T19:55:35.321+0800: 18.470: [CMS-concurrent-preclean-start]
2020-11-07T19:55:35.322+0800: 18.472: [CMS-concurrent-preclean: 0.002/0.002 secs] [Times: user=0.00 sys=0.00, real=0.00 secs] 
2020-11-07T19:55:35.328+0800: 18.478: Application time: 0.0189343 seconds
2020-11-07T19:55:35.349+0800: 18.499: [GC (CMS Final Remark) [YG occupancy: 2237 K (9216 K)]2020-11-07T19:55:35.349+0800: 18.499: [Rescan (parallel) , 0.0035249 secs]2020-11-07T19:55:35.353+0800: 18.502: [weak refs processing, 0.0001970 secs]2020-11-07T19:55:35.353+0800: 18.502: [class unloading, 0.0087025 secs]2020-11-07T19:55:35.361+0800: 18.511: [scrub symbol table, 0.0081858 secs]2020-11-07T19:55:35.370+0800: 18.519: [scrub string table, 0.0005600 secs][1 CMS-remark: 23285K(37628K)] 25522K(46844K), 0.0213674 secs] [Times: user=0.02 sys=0.01, real=0.02 secs] 
2020-11-07T19:55:35.376+0800: 18.526: [CMS-concurrent-sweep-start]
2020-11-07T19:55:35.408+0800: 18.557: [CMS-concurrent-sweep: 0.031/0.031 secs] [Times: user=0.03 sys=0.00, real=0.03 secs] 
2020-11-07T19:55:35.408+0800: 18.557: [CMS-concurrent-reset-start]
2020-11-07T19:55:35.409+0800: 18.558: [CMS-concurrent-reset: 0.001/0.001 secs] [Times: user=0.00 sys=0.00, real=0.00 secs] 
2020-11-07T19:55:35.414+0800: 18.564: Application time: 0.0435944 seconds
{Heap before GC invocations=282 (full 31):
 par new generation   total 9216K, used 8625K [0x00000000e3400000, 0x00000000e3e00000, 0x00000000ecca0000)
  eden space 8192K, 100% used [0x00000000e3400000, 0x00000000e3c00000, 0x00000000e3c00000)
  from space 1024K,  42% used [0x00000000e3c00000, 0x00000000e3c6c748, 0x00000000e3d00000)
  to   space 1024K,   0% used [0x00000000e3d00000, 0x00000000e3d00000, 0x00000000e3e00000)
 concurrent mark-sweep generation total 38584K, used 23149K [0x00000000ecca0000, 0x00000000ef24e000, 0x0000000100000000)
 Metaspace       used 29449K, capacity 30502K, committed 30848K, reserved 1077248K
  class space    used 3606K, capacity 3869K, committed 3968K, reserved 1048576K
2020-11-07T19:55:35.414+0800: 18.564: [GC (Allocation Failure) 2020-11-07T19:55:35.414+0800: 18.564: [ParNew: 8625K->670K(9216K), 0.0174928 secs] 31774K->23819K(47800K), 0.0175672 secs] [Times: user=0.02 sys=0.00, real=0.02 secs] 
Heap after GC invocations=283 (full 31):
 par new generation   total 9216K, used 670K [0x00000000e3400000, 0x00000000e3e00000, 0x00000000ecca0000)
  eden space 8192K,   0% used [0x00000000e3400000, 0x00000000e3400000, 0x00000000e3c00000)
  from space 1024K,  65% used [0x00000000e3d00000, 0x00000000e3da7850, 0x00000000e3e00000)
  to   space 1024K,   0% used [0x00000000e3c00000, 0x00000000e3c00000, 0x00000000e3d00000)
 concurrent mark-sweep generation total 38584K, used 23149K [0x00000000ecca0000, 0x00000000ef24e000, 0x0000000100000000)
 Metaspace       used 29449K, capacity 30502K, committed 30848K, reserved 1077248K
  class space    used 3606K, capacity 3869K, committed 3968K, reserved 1048576K
}
2020-11-07T19:55:35.901+0800: 19.050: Application time: 0.4689090 seconds
{Heap before GC invocations=283 (full 31):
 par new generation   total 9216K, used 8862K [0x00000000e3400000, 0x00000000e3e00000, 0x00000000ecca0000)
  eden space 8192K, 100% used [0x00000000e3400000, 0x00000000e3c00000, 0x00000000e3c00000)
  from space 1024K,  65% used [0x00000000e3d00000, 0x00000000e3da7850, 0x00000000e3e00000)
  to   space 1024K,   0% used [0x00000000e3c00000, 0x00000000e3c00000, 0x00000000e3d00000)
 concurrent mark-sweep generation total 38584K, used 23149K [0x00000000ecca0000, 0x00000000ef24e000, 0x0000000100000000)
 Metaspace       used 29495K, capacity 30520K, committed 30848K, reserved 1077248K
  class space    used 3611K, capacity 3872K, committed 3968K, reserved 1048576K
2020-11-07T19:55:35.901+0800: 19.051: [GC (Allocation Failure) 2020-11-07T19:55:35.901+0800: 19.051: [ParNew: 8862K->572K(9216K), 0.0214361 secs] 32011K->23851K(47800K), 0.0214932 secs] [Times: user=0.02 sys=0.00, real=0.02 secs] 
Heap after GC invocations=284 (full 31):
 par new generation   total 9216K, used 572K [0x00000000e3400000, 0x00000000e3e00000, 0x00000000ecca0000)
  eden space 8192K,   0% used [0x00000000e3400000, 0x00000000e3400000, 0x00000000e3c00000)
  from space 1024K,  55% used [0x00000000e3c00000, 0x00000000e3c8f2f0, 0x00000000e3d00000)
  to   space 1024K,   0% used [0x00000000e3d00000, 0x00000000e3d00000, 0x00000000e3e00000)
 concurrent mark-sweep generation total 38584K, used 23278K [0x00000000ecca0000, 0x00000000ef24e000, 0x0000000100000000)
 Metaspace       used 29495K, capacity 30520K, committed 30848K, reserved 1077248K
  class space    used 3611K, capacity 3872K, committed 3968K, reserved 1048576K
}
2020-11-07T19:55:35.927+0800: 19.076: Application time: 0.0042784 seconds
2020-11-07T19:55:35.927+0800: 19.076: [GC (CMS Initial Mark) [1 CMS-initial-mark: 23278K(38584K)] 25331K(47800K), 0.0034017 secs] [Times: user=0.00 sys=0.00, real=0.00 secs] 
2020-11-07T19:55:35.930+0800: 19.080: [CMS-concurrent-mark-start]
2020-11-07T19:55:35.950+0800: 19.100: Application time: 0.0202530 seconds
{Heap before GC invocations=284 (full 32):
 par new generation   total 9216K, used 8764K [0x00000000e3400000, 0x00000000e3e00000, 0x00000000ecca0000)
  eden space 8192K, 100% used [0x00000000e3400000, 0x00000000e3c00000, 0x00000000e3c00000)
  from space 1024K,  55% used [0x00000000e3c00000, 0x00000000e3c8f2f0, 0x00000000e3d00000)
  to   space 1024K,   0% used [0x00000000e3d00000, 0x00000000e3d00000, 0x00000000e3e00000)
 concurrent mark-sweep generation total 38584K, used 23278K [0x00000000ecca0000, 0x00000000ef24e000, 0x0000000100000000)
 Metaspace       used 29507K, capacity 30584K, committed 30848K, reserved 1077248K
  class space    used 3613K, capacity 3872K, committed 3968K, reserved 1048576K
2020-11-07T19:55:35.951+0800: 19.100: [GC (Allocation Failure) 2020-11-07T19:55:35.951+0800: 19.100: [ParNew: 8764K->534K(9216K), 0.0150922 secs] 32043K->23902K(47800K), 0.0151640 secs] [Times: user=0.01 sys=0.00, real=0.02 secs] 
Heap after GC invocations=285 (full 32):
 par new generation   total 9216K, used 534K [0x00000000e3400000, 0x00000000e3e00000, 0x00000000ecca0000)
  eden space 8192K,   0% used [0x00000000e3400000, 0x00000000e3400000, 0x00000000e3c00000)
  from space 1024K,  52% used [0x00000000e3d00000, 0x00000000e3d85950, 0x00000000e3e00000)
  to   space 1024K,   0% used [0x00000000e3c00000, 0x00000000e3c00000, 0x00000000e3d00000)
 concurrent mark-sweep generation total 38584K, used 23368K [0x00000000ecca0000, 0x00000000ef24e000, 0x0000000100000000)
 Metaspace       used 29507K, capacity 30584K, committed 30848K, reserved 1077248K
  class space    used 3613K, capacity 3872K, committed 3968K, reserved 1048576K
}
2020-11-07T19:55:36.013+0800: 19.163: Application time: 0.0477062 seconds
{Heap before GC invocations=285 (full 32):
 par new generation   total 9216K, used 8726K [0x00000000e3400000, 0x00000000e3e00000, 0x00000000ecca0000)
  eden space 8192K, 100% used [0x00000000e3400000, 0x00000000e3c00000, 0x00000000e3c00000)
  from space 1024K,  52% used [0x00000000e3d00000, 0x00000000e3d85950, 0x00000000e3e00000)
  to   space 1024K,   0% used [0x00000000e3c00000, 0x00000000e3c00000, 0x00000000e3d00000)
 concurrent mark-sweep generation total 38584K, used 23368K [0x00000000ecca0000, 0x00000000ef24e000, 0x0000000100000000)
 Metaspace       used 29532K, capacity 30584K, committed 30848K, reserved 1077248K
  class space    used 3613K, capacity 3872K, committed 3968K, reserved 1048576K
2020-11-07T19:55:36.014+0800: 19.163: [GC (Allocation Failure) 2020-11-07T19:55:36.014+0800: 19.163: [ParNew: 8726K->593K(9216K), 0.0222886 secs] 32094K->23962K(47800K), 0.0223473 secs] [Times: user=0.02 sys=0.00, real=0.03 secs] 
Heap after GC invocations=286 (full 32):
 par new generation   total 9216K, used 593K [0x00000000e3400000, 0x00000000e3e00000, 0x00000000ecca0000)
  eden space 8192K,   0% used [0x00000000e3400000, 0x00000000e3400000, 0x00000000e3c00000)
  from space 1024K,  57% used [0x00000000e3c00000, 0x00000000e3c945f8, 0x00000000e3d00000)
  to   space 1024K,   0% used [0x00000000e3d00000, 0x00000000e3d00000, 0x00000000e3e00000)
 concurrent mark-sweep generation total 38584K, used 23368K [0x00000000ecca0000, 0x00000000ef24e000, 0x0000000100000000)
 Metaspace       used 29532K, capacity 30584K, committed 30848K, reserved 1077248K
  class space    used 3613K, capacity 3872K, committed 3968K, reserved 1048576K
}
2020-11-07T19:55:36.070+0800: 19.219: Application time: 0.0335260 seconds
{Heap before GC invocations=286 (full 32):
 par new generation   total 9216K, used 8785K [0x00000000e3400000, 0x00000000e3e00000, 0x00000000ecca0000)
  eden space 8192K, 100% used [0x00000000e3400000, 0x00000000e3c00000, 0x00000000e3c00000)
  from space 1024K,  57% used [0x00000000e3c00000, 0x00000000e3c945f8, 0x00000000e3d00000)
  to   space 1024K,   0% used [0x00000000e3d00000, 0x00000000e3d00000, 0x00000000e3e00000)
 concurrent mark-sweep generation total 38584K, used 23368K [0x00000000ecca0000, 0x00000000ef24e000, 0x0000000100000000)
 Metaspace       used 29538K, capacity 30584K, committed 30848K, reserved 1077248K
  class space    used 3613K, capacity 3872K, committed 3968K, reserved 1048576K
2020-11-07T19:55:36.070+0800: 19.220: [GC (Allocation Failure) 2020-11-07T19:55:36.070+0800: 19.220: [ParNew: 8785K->698K(9216K), 0.0273177 secs] 32154K->24162K(47800K), 0.0273701 secs] [Times: user=0.03 sys=0.00, real=0.03 secs] 
Heap after GC invocations=287 (full 32):
 par new generation   total 9216K, used 698K [0x00000000e3400000, 0x00000000e3e00000, 0x00000000ecca0000)
  eden space 8192K,   0% used [0x00000000e3400000, 0x00000000e3400000, 0x00000000e3c00000)
  from space 1024K,  68% used [0x00000000e3d00000, 0x00000000e3daea20, 0x00000000e3e00000)
  to   space 1024K,   0% used [0x00000000e3c00000, 0x00000000e3c00000, 0x00000000e3d00000)
 concurrent mark-sweep generation total 38584K, used 23463K [0x00000000ecca0000, 0x00000000ef24e000, 0x0000000100000000)
 Metaspace       used 29538K, capacity 30584K, committed 30848K, reserved 1077248K
  class space    used 3613K, capacity 3872K, committed 3968K, reserved 1048576K
}
2020-11-07T19:55:36.103+0800: 19.253: [CMS-concurrent-mark: 0.098/0.173 secs] [Times: user=0.16 sys=0.00, real=0.17 secs] 
2020-11-07T19:55:36.103+0800: 19.253: [CMS-concurrent-preclean-start]
2020-11-07T19:55:36.105+0800: 19.255: [CMS-concurrent-preclean: 0.002/0.002 secs] [Times: user=0.01 sys=0.00, real=0.01 secs] 
2020-11-07T19:55:36.118+0800: 19.267: Application time: 0.0202401 seconds
2020-11-07T19:55:36.122+0800: 19.272: [GC (CMS Final Remark) [YG occupancy: 5944 K (9216 K)]2020-11-07T19:55:36.122+0800: 19.272: [Rescan (parallel) , 0.0209423 secs]2020-11-07T19:55:36.143+0800: 19.293: [weak refs processing, 0.0009564 secs]2020-11-07T19:55:36.144+0800: 19.294: [class unloading, 0.0065060 secs]2020-11-07T19:55:36.150+0800: 19.300: [scrub symbol table, 0.0095360 secs]2020-11-07T19:55:36.160+0800: 19.310: [scrub string table, 0.0005794 secs][1 CMS-remark: 23463K(38584K)] 29408K(47800K), 0.0387396 secs] [Times: user=0.04 sys=0.00, real=0.04 secs] 
2020-11-07T19:55:36.165+0800: 19.315: [CMS-concurrent-sweep-start]
2020-11-07T19:55:36.194+0800: 19.344: Application time: 0.0332003 seconds
{Heap before GC invocations=287 (full 32):
 par new generation   total 9216K, used 8890K [0x00000000e3400000, 0x00000000e3e00000, 0x00000000ecca0000)
  eden space 8192K, 100% used [0x00000000e3400000, 0x00000000e3c00000, 0x00000000e3c00000)
  from space 1024K,  68% used [0x00000000e3d00000, 0x00000000e3daea20, 0x00000000e3e00000)
  to   space 1024K,   0% used [0x00000000e3c00000, 0x00000000e3c00000, 0x00000000e3d00000)
 concurrent mark-sweep generation total 38584K, used 23461K [0x00000000ecca0000, 0x00000000ef24e000, 0x0000000100000000)
 Metaspace       used 29585K, capacity 30652K, committed 30848K, reserved 1077248K
  class space    used 3622K, capacity 3872K, committed 3968K, reserved 1048576K
2020-11-07T19:55:36.194+0800: 19.344: [GC (Allocation Failure) 2020-11-07T19:55:36.194+0800: 19.344: [ParNew: 8890K->580K(9216K), 0.0430740 secs] 32351K->24220K(47800K), 0.0431545 secs] [Times: user=0.04 sys=0.00, real=0.05 secs] 
Heap after GC invocations=288 (full 32):
 par new generation   total 9216K, used 580K [0x00000000e3400000, 0x00000000e3e00000, 0x00000000ecca0000)
  eden space 8192K,   0% used [0x00000000e3400000, 0x00000000e3400000, 0x00000000e3c00000)
  from space 1024K,  56% used [0x00000000e3c00000, 0x00000000e3c911b0, 0x00000000e3d00000)
  to   space 1024K,   0% used [0x00000000e3d00000, 0x00000000e3d00000, 0x00000000e3e00000)
 concurrent mark-sweep generation total 38584K, used 23639K [0x00000000ecca0000, 0x00000000ef24e000, 0x0000000100000000)
 Metaspace       used 29585K, capacity 30652K, committed 30848K, reserved 1077248K
  class space    used 3622K, capacity 3872K, committed 3968K, reserved 1048576K
}
2020-11-07T19:55:36.239+0800: 19.389: [CMS-concurrent-sweep: 0.031/0.074 secs] [Times: user=0.07 sys=0.00, real=0.07 secs] 
2020-11-07T19:55:36.246+0800: 19.395: [CMS-concurrent-reset-start]
2020-11-07T19:55:36.247+0800: 19.396: [CMS-concurrent-reset: 0.001/0.001 secs] [Times: user=0.00 sys=0.00, real=0.00 secs] 
2020-11-07T19:55:36.262+0800: 19.412: Application time: 0.0250524 seconds
{Heap before GC invocations=288 (full 32):
 par new generation   total 9216K, used 8772K [0x00000000e3400000, 0x00000000e3e00000, 0x00000000ecca0000)
  eden space 8192K, 100% used [0x00000000e3400000, 0x00000000e3c00000, 0x00000000e3c00000)
  from space 1024K,  56% used [0x00000000e3c00000, 0x00000000e3c911b0, 0x00000000e3d00000)
  to   space 1024K,   0% used [0x00000000e3d00000, 0x00000000e3d00000, 0x00000000e3e00000)
 concurrent mark-sweep generation total 39380K, used 23627K [0x00000000ecca0000, 0x00000000ef315000, 0x0000000100000000)
 Metaspace       used 29629K, capacity 30664K, committed 30848K, reserved 1077248K
  class space    used 3625K, capacity 3874K, committed 3968K, reserved 1048576K
2020-11-07T19:55:36.262+0800: 19.412: [GC (Allocation Failure) 2020-11-07T19:55:36.262+0800: 19.412: [ParNew: 8772K->752K(9216K), 0.0296458 secs] 32400K->24380K(48596K), 0.0297145 secs] [Times: user=0.03 sys=0.00, real=0.03 secs] 
Heap after GC invocations=289 (full 32):
 par new generation   total 9216K, used 752K [0x00000000e3400000, 0x00000000e3e00000, 0x00000000ecca0000)
  eden space 8192K,   0% used [0x00000000e3400000, 0x00000000e3400000, 0x00000000e3c00000)
  from space 1024K,  73% used [0x00000000e3d00000, 0x00000000e3dbc3b0, 0x00000000e3e00000)
  to   space 1024K,   0% used [0x00000000e3c00000, 0x00000000e3c00000, 0x00000000e3d00000)
 concurrent mark-sweep generation total 39380K, used 23627K [0x00000000ecca0000, 0x00000000ef315000, 0x0000000100000000)
 Metaspace       used 29629K, capacity 30664K, committed 30848K, reserved 1077248K
  class space    used 3625K, capacity 3874K, committed 3968K, reserved 1048576K
}
2020-11-07T19:55:36.342+0800: 19.491: Application time: 0.0494143 seconds
{Heap before GC invocations=289 (full 32):
 par new generation   total 9216K, used 8944K [0x00000000e3400000, 0x00000000e3e00000, 0x00000000ecca0000)
  eden space 8192K, 100% used [0x00000000e3400000, 0x00000000e3c00000, 0x00000000e3c00000)
  from space 1024K,  73% used [0x00000000e3d00000, 0x00000000e3dbc3b0, 0x00000000e3e00000)
  to   space 1024K,   0% used [0x00000000e3c00000, 0x00000000e3c00000, 0x00000000e3d00000)
 concurrent mark-sweep generation total 39380K, used 23627K [0x00000000ecca0000, 0x00000000ef315000, 0x0000000100000000)
 Metaspace       used 29793K, capacity 30836K, committed 31104K, reserved 1077248K
  class space    used 3653K, capacity 3908K, committed 3968K, reserved 1048576K
2020-11-07T19:55:36.342+0800: 19.492: [GC (Allocation Failure) 2020-11-07T19:55:36.342+0800: 19.492: [ParNew: 8944K->608K(9216K), 0.0474856 secs] 32572K->24390K(48596K), 0.0475437 secs] [Times: user=0.04 sys=0.01, real=0.05 secs] 
Heap after GC invocations=290 (full 32):
 par new generation   total 9216K, used 608K [0x00000000e3400000, 0x00000000e3e00000, 0x00000000ecca0000)
  eden space 8192K,   0% used [0x00000000e3400000, 0x00000000e3400000, 0x00000000e3c00000)
  from space 1024K,  59% used [0x00000000e3c00000, 0x00000000e3c98060, 0x00000000e3d00000)
  to   space 1024K,   0% used [0x00000000e3d00000, 0x00000000e3d00000, 0x00000000e3e00000)
 concurrent mark-sweep generation total 39380K, used 23782K [0x00000000ecca0000, 0x00000000ef315000, 0x0000000100000000)
 Metaspace       used 29793K, capacity 30836K, committed 31104K, reserved 1077248K
  class space    used 3653K, capacity 3908K, committed 3968K, reserved 1048576K
}
2020-11-07T19:55:36.396+0800: 19.545: Application time: 0.0062017 seconds
2020-11-07T19:55:36.396+0800: 19.545: [GC (CMS Initial Mark) [1 CMS-initial-mark: 23782K(39380K)] 25862K(48596K), 0.0031158 secs] [Times: user=0.00 sys=0.00, real=0.00 secs] 
2020-11-07T19:55:36.399+0800: 19.549: [CMS-concurrent-mark-start]
2020-11-07T19:55:36.463+0800: 19.613: Application time: 0.0639667 seconds
{Heap before GC invocations=290 (full 33):
 par new generation   total 9216K, used 8800K [0x00000000e3400000, 0x00000000e3e00000, 0x00000000ecca0000)
  eden space 8192K, 100% used [0x00000000e3400000, 0x00000000e3c00000, 0x00000000e3c00000)
  from space 1024K,  59% used [0x00000000e3c00000, 0x00000000e3c98060, 0x00000000e3d00000)
  to   space 1024K,   0% used [0x00000000e3d00000, 0x00000000e3d00000, 0x00000000e3e00000)
 concurrent mark-sweep generation total 39380K, used 23782K [0x00000000ecca0000, 0x00000000ef315000, 0x0000000100000000)
 Metaspace       used 29930K, capacity 31002K, committed 31104K, reserved 1077248K
  class space    used 3677K, capacity 3941K, committed 3968K, reserved 1048576K
2020-11-07T19:55:36.463+0800: 19.613: [GC (Allocation Failure) 2020-11-07T19:55:36.463+0800: 19.613: [ParNew: 8800K->538K(9216K), 0.0181747 secs] 32582K->24356K(48596K), 0.0182518 secs] [Times: user=0.02 sys=0.00, real=0.02 secs] 
Heap after GC invocations=291 (full 33):
 par new generation   total 9216K, used 538K [0x00000000e3400000, 0x00000000e3e00000, 0x00000000ecca0000)
  eden space 8192K,   0% used [0x00000000e3400000, 0x00000000e3400000, 0x00000000e3c00000)
  from space 1024K,  52% used [0x00000000e3d00000, 0x00000000e3d86990, 0x00000000e3e00000)
  to   space 1024K,   0% used [0x00000000e3c00000, 0x00000000e3c00000, 0x00000000e3d00000)
 concurrent mark-sweep generation total 39380K, used 23818K [0x00000000ecca0000, 0x00000000ef315000, 0x0000000100000000)
 Metaspace       used 29930K, capacity 31002K, committed 31104K, reserved 1077248K
  class space    used 3677K, capacity 3941K, committed 3968K, reserved 1048576K
}
2020-11-07T19:55:36.519+0800: 19.669: Application time: 0.0375287 seconds
{Heap before GC invocations=291 (full 33):
 par new generation   total 9216K, used 8730K [0x00000000e3400000, 0x00000000e3e00000, 0x00000000ecca0000)
  eden space 8192K, 100% used [0x00000000e3400000, 0x00000000e3c00000, 0x00000000e3c00000)
  from space 1024K,  52% used [0x00000000e3d00000, 0x00000000e3d86990, 0x00000000e3e00000)
  to   space 1024K,   0% used [0x00000000e3c00000, 0x00000000e3c00000, 0x00000000e3d00000)
 concurrent mark-sweep generation total 39380K, used 23818K [0x00000000ecca0000, 0x00000000ef315000, 0x0000000100000000)
 Metaspace       used 30003K, capacity 31066K, committed 31360K, reserved 1077248K
  class space    used 3687K, capacity 3941K, committed 3968K, reserved 1048576K
2020-11-07T19:55:36.519+0800: 19.669: [GC (Allocation Failure) 2020-11-07T19:55:36.519+0800: 19.669: [ParNew: 8730K->545K(9216K), 0.0378851 secs] 32548K->24363K(48596K), 0.0379372 secs] [Times: user=0.04 sys=0.00, real=0.04 secs] 
Heap after GC invocations=292 (full 33):
 par new generation   total 9216K, used 545K [0x00000000e3400000, 0x00000000e3e00000, 0x00000000ecca0000)
  eden space 8192K,   0% used [0x00000000e3400000, 0x00000000e3400000, 0x00000000e3c00000)
  from space 1024K,  53% used [0x00000000e3c00000, 0x00000000e3c88510, 0x00000000e3d00000)
  to   space 1024K,   0% used [0x00000000e3d00000, 0x00000000e3d00000, 0x00000000e3e00000)
 concurrent mark-sweep generation total 39380K, used 23818K [0x00000000ecca0000, 0x00000000ef315000, 0x0000000100000000)
 Metaspace       used 30003K, capacity 31066K, committed 31360K, reserved 1077248K
  class space    used 3687K, capacity 3941K, committed 3968K, reserved 1048576K
}
2020-11-07T19:55:36.565+0800: 19.714: [CMS-concurrent-mark: 0.099/0.166 secs] [Times: user=0.16 sys=0.00, real=0.17 secs] 
2020-11-07T19:55:36.565+0800: 19.714: [CMS-concurrent-preclean-start]
2020-11-07T19:55:36.576+0800: 19.726: [CMS-concurrent-preclean: 0.011/0.011 secs] [Times: user=0.01 sys=0.00, real=0.01 secs] 
2020-11-07T19:55:36.576+0800: 19.726: [CMS-concurrent-abortable-preclean-start]
2020-11-07T19:55:36.605+0800: 19.754: Application time: 0.0476137 seconds
{Heap before GC invocations=292 (full 33):
 par new generation   total 9216K, used 8737K [0x00000000e3400000, 0x00000000e3e00000, 0x00000000ecca0000)
  eden space 8192K, 100% used [0x00000000e3400000, 0x00000000e3c00000, 0x00000000e3c00000)
  from space 1024K,  53% used [0x00000000e3c00000, 0x00000000e3c88510, 0x00000000e3d00000)
  to   space 1024K,   0% used [0x00000000e3d00000, 0x00000000e3d00000, 0x00000000e3e00000)
 concurrent mark-sweep generation total 39380K, used 23818K [0x00000000ecca0000, 0x00000000ef315000, 0x0000000100000000)
 Metaspace       used 30085K, capacity 31162K, committed 31488K, reserved 1077248K
  class space    used 3703K, capacity 3973K, committed 4096K, reserved 1048576K
2020-11-07T19:55:36.605+0800: 19.754: [GC (Allocation Failure) 2020-11-07T19:55:36.605+0800: 19.754: [ParNew: 8737K->614K(9216K), 0.0129516 secs] 32555K->24432K(48596K), 0.0130172 secs] [Times: user=0.01 sys=0.00, real=0.01 secs] 
Heap after GC invocations=293 (full 33):
 par new generation   total 9216K, used 614K [0x00000000e3400000, 0x00000000e3e00000, 0x00000000ecca0000)
  eden space 8192K,   0% used [0x00000000e3400000, 0x00000000e3400000, 0x00000000e3c00000)
  from space 1024K,  59% used [0x00000000e3d00000, 0x00000000e3d99900, 0x00000000e3e00000)
  to   space 1024K,   0% used [0x00000000e3c00000, 0x00000000e3c00000, 0x00000000e3d00000)
 concurrent mark-sweep generation total 39380K, used 23818K [0x00000000ecca0000, 0x00000000ef315000, 0x0000000100000000)
 Metaspace       used 30085K, capacity 31162K, committed 31488K, reserved 1077248K
  class space    used 3703K, capacity 3973K, committed 4096K, reserved 1048576K
}
2020-11-07T19:55:36.662+0800: 19.811: Application time: 0.0437581 seconds
{Heap before GC invocations=293 (full 33):
 par new generation   total 9216K, used 8806K [0x00000000e3400000, 0x00000000e3e00000, 0x00000000ecca0000)
  eden space 8192K, 100% used [0x00000000e3400000, 0x00000000e3c00000, 0x00000000e3c00000)
  from space 1024K,  59% used [0x00000000e3d00000, 0x00000000e3d99900, 0x00000000e3e00000)
  to   space 1024K,   0% used [0x00000000e3c00000, 0x00000000e3c00000, 0x00000000e3d00000)
 concurrent mark-sweep generation total 39380K, used 23818K [0x00000000ecca0000, 0x00000000ef315000, 0x0000000100000000)
 Metaspace       used 30119K, capacity 31162K, committed 31488K, reserved 1077248K
  class space    used 3708K, capacity 3973K, committed 4096K, reserved 1048576K
2020-11-07T19:55:36.662+0800: 19.811: [GC (Allocation Failure) 2020-11-07T19:55:36.662+0800: 19.811: [ParNew: 8806K->612K(9216K), 0.0171476 secs] 32624K->24491K(48596K), 0.0172064 secs] [Times: user=0.02 sys=0.00, real=0.02 secs] 
Heap after GC invocations=294 (full 33):
 par new generation   total 9216K, used 612K [0x00000000e3400000, 0x00000000e3e00000, 0x00000000ecca0000)
  eden space 8192K,   0% used [0x00000000e3400000, 0x00000000e3400000, 0x00000000e3c00000)
  from space 1024K,  59% used [0x00000000e3c00000, 0x00000000e3c990b8, 0x00000000e3d00000)
  to   space 1024K,   0% used [0x00000000e3d00000, 0x00000000e3d00000, 0x00000000e3e00000)
 concurrent mark-sweep generation total 39380K, used 23879K [0x00000000ecca0000, 0x00000000ef315000, 0x0000000100000000)
 Metaspace       used 30119K, capacity 31162K, committed 31488K, reserved 1077248K
  class space    used 3708K, capacity 3973K, committed 4096K, reserved 1048576K
}
2020-11-07T19:55:36.727+0800: 19.876: Application time: 0.0474584 seconds
{Heap before GC invocations=294 (full 33):
 par new generation   total 9216K, used 8804K [0x00000000e3400000, 0x00000000e3e00000, 0x00000000ecca0000)
  eden space 8192K, 100% used [0x00000000e3400000, 0x00000000e3c00000, 0x00000000e3c00000)
  from space 1024K,  59% used [0x00000000e3c00000, 0x00000000e3c990b8, 0x00000000e3d00000)
  to   space 1024K,   0% used [0x00000000e3d00000, 0x00000000e3d00000, 0x00000000e3e00000)
 concurrent mark-sweep generation total 39380K, used 23879K [0x00000000ecca0000, 0x00000000ef315000, 0x0000000100000000)
 Metaspace       used 30148K, capacity 31226K, committed 31488K, reserved 1077248K
  class space    used 3714K, capacity 3973K, committed 4096K, reserved 1048576K
2020-11-07T19:55:36.727+0800: 19.876: [GC (Allocation Failure) 2020-11-07T19:55:36.727+0800: 19.876: [ParNew: 8804K->499K(9216K), 0.0241376 secs] 32683K->24434K(48596K), 0.0241916 secs] [Times: user=0.02 sys=0.00, real=0.02 secs] 
Heap after GC invocations=295 (full 33):
 par new generation   total 9216K, used 499K [0x00000000e3400000, 0x00000000e3e00000, 0x00000000ecca0000)
  eden space 8192K,   0% used [0x00000000e3400000, 0x00000000e3400000, 0x00000000e3c00000)
  from space 1024K,  48% used [0x00000000e3d00000, 0x00000000e3d7ce18, 0x00000000e3e00000)
  to   space 1024K,   0% used [0x00000000e3c00000, 0x00000000e3c00000, 0x00000000e3d00000)
 concurrent mark-sweep generation total 39380K, used 23935K [0x00000000ecca0000, 0x00000000ef315000, 0x0000000100000000)
 Metaspace       used 30148K, capacity 31226K, committed 31488K, reserved 1077248K
  class space    used 3714K, capacity 3973K, committed 4096K, reserved 1048576K
}
2020-11-07T19:55:36.751+0800: 19.901: [CMS-concurrent-abortable-preclean: 0.068/0.175 secs] [Times: user=0.16 sys=0.00, real=0.17 secs] 
2020-11-07T19:55:36.755+0800: 19.905: Application time: 0.0040985 seconds
2020-11-07T19:55:36.755+0800: 19.905: [GC (CMS Final Remark) [YG occupancy: 1810 K (9216 K)]2020-11-07T19:55:36.755+0800: 19.905: [Rescan (parallel) , 0.0046010 secs]2020-11-07T19:55:36.760+0800: 19.909: [weak refs processing, 0.0000434 secs]2020-11-07T19:55:36.760+0800: 19.909: [class unloading, 0.0090275 secs]2020-11-07T19:55:36.769+0800: 19.919: [scrub symbol table, 0.0094410 secs]2020-11-07T19:55:36.778+0800: 19.928: [scrub string table, 0.0005662 secs][1 CMS-remark: 23935K(39380K)] 25745K(48596K), 0.0268352 secs] [Times: user=0.02 sys=0.00, real=0.02 secs] 
2020-11-07T19:55:36.792+0800: 19.941: [CMS-concurrent-sweep-start]
2020-11-07T19:55:36.821+0800: 19.970: [CMS-concurrent-sweep: 0.029/0.029 secs] [Times: user=0.03 sys=0.00, real=0.03 secs] 
2020-11-07T19:55:36.821+0800: 19.970: [CMS-concurrent-reset-start]
2020-11-07T19:55:36.822+0800: 19.972: [CMS-concurrent-reset: 0.001/0.001 secs] [Times: user=0.00 sys=0.00, real=0.00 secs] 
2020-11-07T19:55:36.842+0800: 19.991: Application time: 0.0596066 seconds
{Heap before GC invocations=295 (full 33):
 par new generation   total 9216K, used 8691K [0x00000000e3400000, 0x00000000e3e00000, 0x00000000ecca0000)
  eden space 8192K, 100% used [0x00000000e3400000, 0x00000000e3c00000, 0x00000000e3c00000)
  from space 1024K,  48% used [0x00000000e3d00000, 0x00000000e3d7ce18, 0x00000000e3e00000)
  to   space 1024K,   0% used [0x00000000e3c00000, 0x00000000e3c00000, 0x00000000e3d00000)
 concurrent mark-sweep generation total 39720K, used 23830K [0x00000000ecca0000, 0x00000000ef36a000, 0x0000000100000000)
 Metaspace       used 30263K, capacity 31242K, committed 31488K, reserved 1077248K
  class space    used 3727K, capacity 3965K, committed 4096K, reserved 1048576K
2020-11-07T19:55:36.842+0800: 19.991: [GC (Allocation Failure) 2020-11-07T19:55:36.842+0800: 19.992: [ParNew: 8691K->669K(9216K), 0.0348076 secs] 32521K->24499K(48936K), 0.0348763 secs] [Times: user=0.04 sys=0.00, real=0.04 secs] 
Heap after GC invocations=296 (full 33):
 par new generation   total 9216K, used 669K [0x00000000e3400000, 0x00000000e3e00000, 0x00000000ecca0000)
  eden space 8192K,   0% used [0x00000000e3400000, 0x00000000e3400000, 0x00000000e3c00000)
  from space 1024K,  65% used [0x00000000e3c00000, 0x00000000e3ca7688, 0x00000000e3d00000)
  to   space 1024K,   0% used [0x00000000e3d00000, 0x00000000e3d00000, 0x00000000e3e00000)
 concurrent mark-sweep generation total 39720K, used 23830K [0x00000000ecca0000, 0x00000000ef36a000, 0x0000000100000000)
 Metaspace       used 30263K, capacity 31242K, committed 31488K, reserved 1077248K
  class space    used 3727K, capacity 3965K, committed 4096K, reserved 1048576K
}
2020-11-07T19:55:36.939+0800: 20.089: Application time: 0.0621510 seconds
{Heap before GC invocations=296 (full 33):
 par new generation   total 9216K, used 8861K [0x00000000e3400000, 0x00000000e3e00000, 0x00000000ecca0000)
  eden space 8192K, 100% used [0x00000000e3400000, 0x00000000e3c00000, 0x00000000e3c00000)
  from space 1024K,  65% used [0x00000000e3c00000, 0x00000000e3ca7688, 0x00000000e3d00000)
  to   space 1024K,   0% used [0x00000000e3d00000, 0x00000000e3d00000, 0x00000000e3e00000)
 concurrent mark-sweep generation total 39720K, used 23830K [0x00000000ecca0000, 0x00000000ef36a000, 0x0000000100000000)
 Metaspace       used 30508K, capacity 31542K, committed 31744K, reserved 1077248K
  class space    used 3759K, capacity 3999K, committed 4096K, reserved 1048576K
2020-11-07T19:55:36.939+0800: 20.089: [GC (Allocation Failure) 2020-11-07T19:55:36.939+0800: 20.089: [ParNew: 8861K->853K(9216K), 0.0215469 secs] 32691K->24750K(48936K), 0.0216003 secs] [Times: user=0.02 sys=0.00, real=0.02 secs] 
Heap after GC invocations=297 (full 33):
 par new generation   total 9216K, used 853K [0x00000000e3400000, 0x00000000e3e00000, 0x00000000ecca0000)
  eden space 8192K,   0% used [0x00000000e3400000, 0x00000000e3400000, 0x00000000e3c00000)
  from space 1024K,  83% used [0x00000000e3d00000, 0x00000000e3dd5558, 0x00000000e3e00000)
  to   space 1024K,   0% used [0x00000000e3c00000, 0x00000000e3c00000, 0x00000000e3d00000)
 concurrent mark-sweep generation total 39720K, used 23897K [0x00000000ecca0000, 0x00000000ef36a000, 0x0000000100000000)
 Metaspace       used 30508K, capacity 31542K, committed 31744K, reserved 1077248K
  class space    used 3759K, capacity 3999K, committed 4096K, reserved 1048576K
}
2020-11-07T19:55:36.966+0800: 20.115: Application time: 0.0047989 seconds
2020-11-07T19:55:36.966+0800: 20.115: [GC (CMS Initial Mark) [1 CMS-initial-mark: 23897K(39720K)] 25406K(48936K), 0.0027892 secs] [Times: user=0.00 sys=0.00, real=0.00 secs] 
2020-11-07T19:55:36.968+0800: 20.118: [CMS-concurrent-mark-start]
2020-11-07T19:55:37.025+0800: 20.175: Application time: 0.0567448 seconds
{Heap before GC invocations=297 (full 34):
 par new generation   total 9216K, used 9045K [0x00000000e3400000, 0x00000000e3e00000, 0x00000000ecca0000)
  eden space 8192K, 100% used [0x00000000e3400000, 0x00000000e3c00000, 0x00000000e3c00000)
  from space 1024K,  83% used [0x00000000e3d00000, 0x00000000e3dd5558, 0x00000000e3e00000)
  to   space 1024K,   0% used [0x00000000e3c00000, 0x00000000e3c00000, 0x00000000e3d00000)
 concurrent mark-sweep generation total 39720K, used 23897K [0x00000000ecca0000, 0x00000000ef36a000, 0x0000000100000000)
 Metaspace       used 30578K, capacity 31644K, committed 32000K, reserved 1077248K
  class space    used 3775K, capacity 4032K, committed 4096K, reserved 1048576K
2020-11-07T19:55:37.025+0800: 20.175: [GC (Allocation Failure) 2020-11-07T19:55:37.025+0800: 20.175: [ParNew: 9045K->429K(9216K), 0.0172262 secs] 32942K->24555K(48936K), 0.0172925 secs] [Times: user=0.02 sys=0.00, real=0.01 secs] 
Heap after GC invocations=298 (full 34):
 par new generation   total 9216K, used 429K [0x00000000e3400000, 0x00000000e3e00000, 0x00000000ecca0000)
  eden space 8192K,   0% used [0x00000000e3400000, 0x00000000e3400000, 0x00000000e3c00000)
  from space 1024K,  41% used [0x00000000e3c00000, 0x00000000e3c6b778, 0x00000000e3d00000)
  to   space 1024K,   0% used [0x00000000e3d00000, 0x00000000e3d00000, 0x00000000e3e00000)
 concurrent mark-sweep generation total 39720K, used 24126K [0x00000000ecca0000, 0x00000000ef36a000, 0x0000000100000000)
 Metaspace       used 30578K, capacity 31644K, committed 32000K, reserved 1077248K
  class space    used 3775K, capacity 4032K, committed 4096K, reserved 1048576K
}
2020-11-07T19:55:37.112+0800: 20.262: Application time: 0.0697986 seconds
{Heap before GC invocations=298 (full 34):
 par new generation   total 9216K, used 8621K [0x00000000e3400000, 0x00000000e3e00000, 0x00000000ecca0000)
  eden space 8192K, 100% used [0x00000000e3400000, 0x00000000e3c00000, 0x00000000e3c00000)
  from space 1024K,  41% used [0x00000000e3c00000, 0x00000000e3c6b778, 0x00000000e3d00000)
  to   space 1024K,   0% used [0x00000000e3d00000, 0x00000000e3d00000, 0x00000000e3e00000)
 concurrent mark-sweep generation total 39720K, used 24126K [0x00000000ecca0000, 0x00000000ef36a000, 0x0000000100000000)
 Metaspace       used 30640K, capacity 31652K, committed 32000K, reserved 1077248K
  class space    used 3787K, capacity 4034K, committed 4096K, reserved 1048576K
2020-11-07T19:55:37.113+0800: 20.262: [GC (Allocation Failure) 2020-11-07T19:55:37.113+0800: 20.262: [ParNew: 8621K->378K(9216K), 0.0112888 secs] 32747K->24504K(48936K), 0.0113432 secs] [Times: user=0.01 sys=0.00, real=0.01 secs] 
Heap after GC invocations=299 (full 34):
 par new generation   total 9216K, used 378K [0x00000000e3400000, 0x00000000e3e00000, 0x00000000ecca0000)
  eden space 8192K,   0% used [0x00000000e3400000, 0x00000000e3400000, 0x00000000e3c00000)
  from space 1024K,  36% used [0x00000000e3d00000, 0x00000000e3d5eaa8, 0x00000000e3e00000)
  to   space 1024K,   0% used [0x00000000e3c00000, 0x00000000e3c00000, 0x00000000e3d00000)
 concurrent mark-sweep generation total 39720K, used 24126K [0x00000000ecca0000, 0x00000000ef36a000, 0x0000000100000000)
 Metaspace       used 30640K, capacity 31652K, committed 32000K, reserved 1077248K
  class space    used 3787K, capacity 4034K, committed 4096K, reserved 1048576K
}
2020-11-07T19:55:37.135+0800: 20.285: [CMS-concurrent-mark: 0.131/0.167 secs] [Times: user=0.17 sys=0.00, real=0.17 secs] 
2020-11-07T19:55:37.135+0800: 20.285: [CMS-concurrent-preclean-start]
2020-11-07T19:55:37.138+0800: 20.288: [CMS-concurrent-preclean: 0.003/0.003 secs] [Times: user=0.00 sys=0.00, real=0.00 secs] 
2020-11-07T19:55:37.138+0800: 20.288: [CMS-concurrent-abortable-preclean-start]
2020-11-07T19:55:37.189+0800: 20.339: Application time: 0.0650523 seconds
{Heap before GC invocations=299 (full 34):
 par new generation   total 9216K, used 8570K [0x00000000e3400000, 0x00000000e3e00000, 0x00000000ecca0000)
  eden space 8192K, 100% used [0x00000000e3400000, 0x00000000e3c00000, 0x00000000e3c00000)
  from space 1024K,  36% used [0x00000000e3d00000, 0x00000000e3d5eaa8, 0x00000000e3e00000)
  to   space 1024K,   0% used [0x00000000e3c00000, 0x00000000e3c00000, 0x00000000e3d00000)
 concurrent mark-sweep generation total 39720K, used 24126K [0x00000000ecca0000, 0x00000000ef36a000, 0x0000000100000000)
 Metaspace       used 30711K, capacity 31752K, committed 32000K, reserved 1077248K
  class space    used 3798K, capacity 4066K, committed 4096K, reserved 1048576K
2020-11-07T19:55:37.189+0800: 20.339: [GC (Allocation Failure) 2020-11-07T19:55:37.189+0800: 20.339: [ParNew: 8570K->451K(9216K), 0.0192016 secs] 32696K->24577K(48936K), 0.0192895 secs] [Times: user=0.02 sys=0.00, real=0.02 secs] 
Heap after GC invocations=300 (full 34):
 par new generation   total 9216K, used 451K [0x00000000e3400000, 0x00000000e3e00000, 0x00000000ecca0000)
  eden space 8192K,   0% used [0x00000000e3400000, 0x00000000e3400000, 0x00000000e3c00000)
  from space 1024K,  44% used [0x00000000e3c00000, 0x00000000e3c70e48, 0x00000000e3d00000)
  to   space 1024K,   0% used [0x00000000e3d00000, 0x00000000e3d00000, 0x00000000e3e00000)
 concurrent mark-sweep generation total 39720K, used 24126K [0x00000000ecca0000, 0x00000000ef36a000, 0x0000000100000000)
 Metaspace       used 30711K, capacity 31752K, committed 32000K, reserved 1077248K
  class space    used 3798K, capacity 4066K, committed 4096K, reserved 1048576K
}
2020-11-07T19:55:37.332+0800: 20.481: Application time: 0.1229480 seconds
{Heap before GC invocations=300 (full 34):
 par new generation   total 9216K, used 8643K [0x00000000e3400000, 0x00000000e3e00000, 0x00000000ecca0000)
  eden space 8192K, 100% used [0x00000000e3400000, 0x00000000e3c00000, 0x00000000e3c00000)
  from space 1024K,  44% used [0x00000000e3c00000, 0x00000000e3c70e48, 0x00000000e3d00000)
  to   space 1024K,   0% used [0x00000000e3d00000, 0x00000000e3d00000, 0x00000000e3e00000)
 concurrent mark-sweep generation total 39720K, used 24126K [0x00000000ecca0000, 0x00000000ef36a000, 0x0000000100000000)
 Metaspace       used 30907K, capacity 31930K, committed 32128K, reserved 1077248K
  class space    used 3832K, capacity 4099K, committed 4224K, reserved 1048576K
2020-11-07T19:55:37.332+0800: 20.481: [GC (Allocation Failure) 2020-11-07T19:55:37.332+0800: 20.481: [ParNew2020-11-07T19:55:37.339+0800: 20.488: [CMS-concurrent-abortable-preclean: 0.046/0.200 secs] [Times: user=0.20 sys=0.00, real=0.20 secs] 
: 8643K->802K(9216K), 0.0380429 secs] 32769K->24928K(48936K), 0.0380973 secs] [Times: user=0.04 sys=0.01, real=0.04 secs] 
Heap after GC invocations=301 (full 34):
 par new generation   total 9216K, used 802K [0x00000000e3400000, 0x00000000e3e00000, 0x00000000ecca0000)
  eden space 8192K,   0% used [0x00000000e3400000, 0x00000000e3400000, 0x00000000e3c00000)
  from space 1024K,  78% used [0x00000000e3d00000, 0x00000000e3dc8810, 0x00000000e3e00000)
  to   space 1024K,   0% used [0x00000000e3c00000, 0x00000000e3c00000, 0x00000000e3d00000)
 concurrent mark-sweep generation total 39720K, used 24126K [0x00000000ecca0000, 0x00000000ef36a000, 0x0000000100000000)
 Metaspace       used 30907K, capacity 31930K, committed 32128K, reserved 1077248K
  class space    used 3832K, capacity 4099K, committed 4224K, reserved 1048576K
}
2020-11-07T19:55:37.377+0800: 20.526: Application time: 0.0068582 seconds
2020-11-07T19:55:37.377+0800: 20.526: [GC (CMS Final Remark) [YG occupancy: 2115 K (9216 K)]2020-11-07T19:55:37.377+0800: 20.526: [Rescan (parallel) , 0.0217528 secs]2020-11-07T19:55:37.399+0800: 20.548: [weak refs processing, 0.0002350 secs]2020-11-07T19:55:37.399+0800: 20.549: [class unloading, 0.0093037 secs]2020-11-07T19:55:37.408+0800: 20.558: [scrub symbol table, 0.0096139 secs]2020-11-07T19:55:37.418+0800: 20.568: [scrub string table, 0.0006025 secs][1 CMS-remark: 24126K(39720K)] 26242K(48936K), 0.0450324 secs] [Times: user=0.05 sys=0.00, real=0.04 secs] 
2020-11-07T19:55:37.426+0800: 20.576: [CMS-concurrent-sweep-start]
2020-11-07T19:55:37.461+0800: 20.611: [CMS-concurrent-sweep: 0.035/0.035 secs] [Times: user=0.03 sys=0.00, real=0.03 secs] 
2020-11-07T19:55:37.461+0800: 20.611: [CMS-concurrent-reset-start]
2020-11-07T19:55:37.462+0800: 20.612: [CMS-concurrent-reset: 0.001/0.001 secs] [Times: user=0.00 sys=0.00, real=0.00 secs] 
2020-11-07T19:55:37.506+0800: 20.656: Application time: 0.0842839 seconds
{Heap before GC invocations=301 (full 34):
 par new generation   total 9216K, used 8994K [0x00000000e3400000, 0x00000000e3e00000, 0x00000000ecca0000)
  eden space 8192K, 100% used [0x00000000e3400000, 0x00000000e3c00000, 0x00000000e3c00000)
  from space 1024K,  78% used [0x00000000e3d00000, 0x00000000e3dc8810, 0x00000000e3e00000)
  to   space 1024K,   0% used [0x00000000e3c00000, 0x00000000e3c00000, 0x00000000e3d00000)
 concurrent mark-sweep generation total 40136K, used 24080K [0x00000000ecca0000, 0x00000000ef3d2000, 0x0000000100000000)
 Metaspace       used 30975K, capacity 31970K, committed 32384K, reserved 1077248K
  class space    used 3847K, capacity 4095K, committed 4224K, reserved 1048576K
2020-11-07T19:55:37.506+0800: 20.656: [GC (Allocation Failure) 2020-11-07T19:55:37.506+0800: 20.656: [ParNew: 8994K->667K(9216K), 0.0405272 secs] 33074K->24970K(49352K), 0.0406039 secs] [Times: user=0.03 sys=0.00, real=0.04 secs] 
Heap after GC invocations=302 (full 34):
 par new generation   total 9216K, used 667K [0x00000000e3400000, 0x00000000e3e00000, 0x00000000ecca0000)
  eden space 8192K,   0% used [0x00000000e3400000, 0x00000000e3400000, 0x00000000e3c00000)
  from space 1024K,  65% used [0x00000000e3c00000, 0x00000000e3ca6ce8, 0x00000000e3d00000)
  to   space 1024K,   0% used [0x00000000e3d00000, 0x00000000e3d00000, 0x00000000e3e00000)
 concurrent mark-sweep generation total 40136K, used 24303K [0x00000000ecca0000, 0x00000000ef3d2000, 0x0000000100000000)
 Metaspace       used 30975K, capacity 31970K, committed 32384K, reserved 1077248K
  class space    used 3847K, capacity 4095K, committed 4224K, reserved 1048576K
}
2020-11-07T19:55:37.552+0800: 20.701: Application time: 0.0047921 seconds
2020-11-07T19:55:37.552+0800: 20.702: [GC (CMS Initial Mark) [1 CMS-initial-mark: 24303K(40136K)] 25467K(49352K), 0.0029104 secs] [Times: user=0.00 sys=0.00, real=0.01 secs] 
2020-11-07T19:55:37.555+0800: 20.705: [CMS-concurrent-mark-start]
2020-11-07T19:55:37.674+0800: 20.824: Application time: 0.1196400 seconds
{Heap before GC invocations=302 (full 35):
 par new generation   total 9216K, used 8859K [0x00000000e3400000, 0x00000000e3e00000, 0x00000000ecca0000)
  eden space 8192K, 100% used [0x00000000e3400000, 0x00000000e3c00000, 0x00000000e3c00000)
  from space 1024K,  65% used [0x00000000e3c00000, 0x00000000e3ca6ce8, 0x00000000e3d00000)
  to   space 1024K,   0% used [0x00000000e3d00000, 0x00000000e3d00000, 0x00000000e3e00000)
 concurrent mark-sweep generation total 40136K, used 24303K [0x00000000ecca0000, 0x00000000ef3d2000, 0x0000000100000000)
 Metaspace       used 31111K, capacity 32130K, committed 32384K, reserved 1077248K
  class space    used 3868K, capacity 4127K, committed 4224K, reserved 1048576K
2020-11-07T19:55:37.675+0800: 20.824: [GC (Allocation Failure) 2020-11-07T19:55:37.675+0800: 20.824: [ParNew: 8859K->702K(9216K), 0.0291473 secs] 33162K->25052K(49352K), 0.0292195 secs] [Times: user=0.03 sys=0.00, real=0.02 secs] 
Heap after GC invocations=303 (full 35):
 par new generation   total 9216K, used 702K [0x00000000e3400000, 0x00000000e3e00000, 0x00000000ecca0000)
  eden space 8192K,   0% used [0x00000000e3400000, 0x00000000e3400000, 0x00000000e3c00000)
  from space 1024K,  68% used [0x00000000e3d00000, 0x00000000e3daf9c0, 0x00000000e3e00000)
  to   space 1024K,   0% used [0x00000000e3c00000, 0x00000000e3c00000, 0x00000000e3d00000)
 concurrent mark-sweep generation total 40136K, used 24349K [0x00000000ecca0000, 0x00000000ef3d2000, 0x0000000100000000)
 Metaspace       used 31111K, capacity 32130K, committed 32384K, reserved 1077248K
  class space    used 3868K, capacity 4127K, committed 4224K, reserved 1048576K
}
2020-11-07T19:55:37.705+0800: 20.855: [CMS-concurrent-mark: 0.121/0.151 secs] [Times: user=0.15 sys=0.00, real=0.15 secs] 
2020-11-07T19:55:37.706+0800: 20.855: [CMS-concurrent-preclean-start]
2020-11-07T19:55:37.715+0800: 20.864: [CMS-concurrent-preclean: 0.009/0.009 secs] [Times: user=0.01 sys=0.00, real=0.01 secs] 
2020-11-07T19:55:37.715+0800: 20.865: Application time: 0.0109554 seconds
2020-11-07T19:55:37.715+0800: 20.865: [GC (CMS Final Remark) [YG occupancy: 2013 K (9216 K)]2020-11-07T19:55:37.715+0800: 20.865: [Rescan (parallel) , 0.0094201 secs]2020-11-07T19:55:37.725+0800: 20.874: [weak refs processing, 0.0012095 secs]2020-11-07T19:55:37.726+0800: 20.875: [class unloading, 0.0074849 secs]2020-11-07T19:55:37.733+0800: 20.883: [scrub symbol table, 0.0089768 secs]2020-11-07T19:55:37.742+0800: 20.892: [scrub string table, 0.0006220 secs][1 CMS-remark: 24349K(40136K)] 26363K(49352K), 0.0279142 secs] [Times: user=0.02 sys=0.00, real=0.02 secs] 
2020-11-07T19:55:37.749+0800: 20.898: [CMS-concurrent-sweep-start]
2020-11-07T19:55:37.778+0800: 20.927: [CMS-concurrent-sweep: 0.029/0.029 secs] [Times: user=0.03 sys=0.00, real=0.03 secs] 
2020-11-07T19:55:37.778+0800: 20.927: [CMS-concurrent-reset-start]
2020-11-07T19:55:37.779+0800: 20.928: [CMS-concurrent-reset: 0.001/0.001 secs] [Times: user=0.00 sys=0.00, real=0.00 secs] 
2020-11-07T19:55:37.780+0800: 20.930: Application time: 0.0371505 seconds
{Heap before GC invocations=303 (full 35):
 par new generation   total 9216K, used 8894K [0x00000000e3400000, 0x00000000e3e00000, 0x00000000ecca0000)
  eden space 8192K, 100% used [0x00000000e3400000, 0x00000000e3c00000, 0x00000000e3c00000)
  from space 1024K,  68% used [0x00000000e3d00000, 0x00000000e3daf9c0, 0x00000000e3e00000)
  to   space 1024K,   0% used [0x00000000e3c00000, 0x00000000e3c00000, 0x00000000e3d00000)
 concurrent mark-sweep generation total 40136K, used 23854K [0x00000000ecca0000, 0x00000000ef3d2000, 0x0000000100000000)
 Metaspace       used 31171K, capacity 32194K, committed 32384K, reserved 1077248K
  class space    used 3876K, capacity 4127K, committed 4224K, reserved 1048576K
2020-11-07T19:55:37.780+0800: 20.930: [GC (Allocation Failure) 2020-11-07T19:55:37.780+0800: 20.930: [ParNew: 8894K->1018K(9216K), 0.0425881 secs] 32749K->25122K(49352K), 0.0426542 secs] [Times: user=0.04 sys=0.00, real=0.04 secs] 
Heap after GC invocations=304 (full 35):
 par new generation   total 9216K, used 1018K [0x00000000e3400000, 0x00000000e3e00000, 0x00000000ecca0000)
  eden space 8192K,   0% used [0x00000000e3400000, 0x00000000e3400000, 0x00000000e3c00000)
  from space 1024K,  99% used [0x00000000e3c00000, 0x00000000e3cfea48, 0x00000000e3d00000)
  to   space 1024K,   0% used [0x00000000e3d00000, 0x00000000e3d00000, 0x00000000e3e00000)
 concurrent mark-sweep generation total 40136K, used 24103K [0x00000000ecca0000, 0x00000000ef3d2000, 0x0000000100000000)
 Metaspace       used 31171K, capacity 32194K, committed 32384K, reserved 1077248K
  class space    used 3876K, capacity 4127K, committed 4224K, reserved 1048576K
}
2020-11-07T19:55:37.825+0800: 20.975: Application time: 0.0017892 seconds
{Heap before GC invocations=304 (full 35):
 par new generation   total 9216K, used 9203K [0x00000000e3400000, 0x00000000e3e00000, 0x00000000ecca0000)
  eden space 8192K,  99% used [0x00000000e3400000, 0x00000000e3bfe2a0, 0x00000000e3c00000)
  from space 1024K,  99% used [0x00000000e3c00000, 0x00000000e3cfea48, 0x00000000e3d00000)
  to   space 1024K,   0% used [0x00000000e3d00000, 0x00000000e3d00000, 0x00000000e3e00000)
 concurrent mark-sweep generation total 40136K, used 24103K [0x00000000ecca0000, 0x00000000ef3d2000, 0x0000000100000000)
 Metaspace       used 31171K, capacity 32194K, committed 32384K, reserved 1077248K
  class space    used 3876K, capacity 4127K, committed 4224K, reserved 1048576K
2020-11-07T19:55:37.825+0800: 20.975: [GC (Allocation Failure) 2020-11-07T19:55:37.825+0800: 20.975: [ParNew: 9203K->36K(9216K), 0.0222859 secs] 33307K->25007K(49352K), 0.0223494 secs] [Times: user=0.02 sys=0.00, real=0.02 secs] 
Heap after GC invocations=305 (full 35):
 par new generation   total 9216K, used 36K [0x00000000e3400000, 0x00000000e3e00000, 0x00000000ecca0000)
  eden space 8192K,   0% used [0x00000000e3400000, 0x00000000e3400000, 0x00000000e3c00000)
  from space 1024K,   3% used [0x00000000e3d00000, 0x00000000e3d090c0, 0x00000000e3e00000)
  to   space 1024K,   0% used [0x00000000e3c00000, 0x00000000e3c00000, 0x00000000e3d00000)
 concurrent mark-sweep generation total 40136K, used 24970K [0x00000000ecca0000, 0x00000000ef3d2000, 0x0000000100000000)
 Metaspace       used 31171K, capacity 32194K, committed 32384K, reserved 1077248K
  class space    used 3876K, capacity 4127K, committed 4224K, reserved 1048576K
}
2020-11-07T19:55:37.849+0800: 20.999: Application time: 0.0016361 seconds
{Heap before GC invocations=305 (full 35):
 par new generation   total 9216K, used 8201K [0x00000000e3400000, 0x00000000e3e00000, 0x00000000ecca0000)
  eden space 8192K,  99% used [0x00000000e3400000, 0x00000000e3bf9600, 0x00000000e3c00000)
  from space 1024K,   3% used [0x00000000e3d00000, 0x00000000e3d090c0, 0x00000000e3e00000)
  to   space 1024K,   0% used [0x00000000e3c00000, 0x00000000e3c00000, 0x00000000e3d00000)
 concurrent mark-sweep generation total 40136K, used 24970K [0x00000000ecca0000, 0x00000000ef3d2000, 0x0000000100000000)
 Metaspace       used 31171K, capacity 32194K, committed 32384K, reserved 1077248K
  class space    used 3876K, capacity 4127K, committed 4224K, reserved 1048576K
2020-11-07T19:55:37.849+0800: 20.999: [GC (Allocation Failure) 2020-11-07T19:55:37.849+0800: 20.999: [ParNew: 8201K->94K(9216K), 0.0023960 secs] 33172K->25065K(49352K), 0.0024337 secs] [Times: user=0.00 sys=0.00, real=0.00 secs] 
Heap after GC invocations=306 (full 35):
 par new generation   total 9216K, used 94K [0x00000000e3400000, 0x00000000e3e00000, 0x00000000ecca0000)
  eden space 8192K,   0% used [0x00000000e3400000, 0x00000000e3400000, 0x00000000e3c00000)
  from space 1024K,   9% used [0x00000000e3c00000, 0x00000000e3c17a58, 0x00000000e3d00000)
  to   space 1024K,   0% used [0x00000000e3d00000, 0x00000000e3d00000, 0x00000000e3e00000)
 concurrent mark-sweep generation total 40136K, used 24970K [0x00000000ecca0000, 0x00000000ef3d2000, 0x0000000100000000)
 Metaspace       used 31171K, capacity 32194K, committed 32384K, reserved 1077248K
  class space    used 3876K, capacity 4127K, committed 4224K, reserved 1048576K
}
2020-11-07T19:55:37.853+0800: 21.003: Application time: 0.0015332 seconds
{Heap before GC invocations=306 (full 35):
 par new generation   total 9216K, used 8232K [0x00000000e3400000, 0x00000000e3e00000, 0x00000000ecca0000)
  eden space 8192K,  99% used [0x00000000e3400000, 0x00000000e3bf2700, 0x00000000e3c00000)
  from space 1024K,   9% used [0x00000000e3c00000, 0x00000000e3c17a58, 0x00000000e3d00000)
  to   space 1024K,   0% used [0x00000000e3d00000, 0x00000000e3d00000, 0x00000000e3e00000)
 concurrent mark-sweep generation total 40136K, used 24970K [0x00000000ecca0000, 0x00000000ef3d2000, 0x0000000100000000)
 Metaspace       used 31171K, capacity 32194K, committed 32384K, reserved 1077248K
  class space    used 3876K, capacity 4127K, committed 4224K, reserved 1048576K
2020-11-07T19:55:37.853+0800: 21.003: [GC (Allocation Failure) 2020-11-07T19:55:37.853+0800: 21.003: [ParNew: 8232K->70K(9216K), 0.0023186 secs] 33203K->25041K(49352K), 0.0023538 secs] [Times: user=0.01 sys=0.00, real=0.01 secs] 
Heap after GC invocations=307 (full 35):
 par new generation   total 9216K, used 70K [0x00000000e3400000, 0x00000000e3e00000, 0x00000000ecca0000)
  eden space 8192K,   0% used [0x00000000e3400000, 0x00000000e3400000, 0x00000000e3c00000)
  from space 1024K,   6% used [0x00000000e3d00000, 0x00000000e3d11a28, 0x00000000e3e00000)
  to   space 1024K,   0% used [0x00000000e3c00000, 0x00000000e3c00000, 0x00000000e3d00000)
 concurrent mark-sweep generation total 40136K, used 24970K [0x00000000ecca0000, 0x00000000ef3d2000, 0x0000000100000000)
 Metaspace       used 31171K, capacity 32194K, committed 32384K, reserved 1077248K
  class space    used 3876K, capacity 4127K, committed 4224K, reserved 1048576K
}
2020-11-07T19:55:37.862+0800: 21.012: Application time: 0.0062418 seconds
2020-11-07T19:55:37.862+0800: 21.012: [GC (CMS Initial Mark) [1 CMS-initial-mark: 24970K(40136K)] 27691K(49352K), 0.0028613 secs] [Times: user=0.01 sys=0.00, real=0.01 secs] 
2020-11-07T19:55:37.865+0800: 21.015: [CMS-concurrent-mark-start]
2020-11-07T19:55:37.915+0800: 21.064: Application time: 0.0498330 seconds
{Heap before GC invocations=307 (full 36):
 par new generation   total 9216K, used 8262K [0x00000000e3400000, 0x00000000e3e00000, 0x00000000ecca0000)
  eden space 8192K, 100% used [0x00000000e3400000, 0x00000000e3c00000, 0x00000000e3c00000)
  from space 1024K,   6% used [0x00000000e3d00000, 0x00000000e3d11a28, 0x00000000e3e00000)
  to   space 1024K,   0% used [0x00000000e3c00000, 0x00000000e3c00000, 0x00000000e3d00000)
 concurrent mark-sweep generation total 40136K, used 24970K [0x00000000ecca0000, 0x00000000ef3d2000, 0x0000000100000000)
 Metaspace       used 31247K, capacity 32276K, committed 32640K, reserved 1077248K
  class space    used 3886K, capacity 4130K, committed 4224K, reserved 1048576K
2020-11-07T19:55:37.915+0800: 21.065: [GC (Allocation Failure) 2020-11-07T19:55:37.915+0800: 21.065: [ParNew: 8262K->258K(9216K), 0.0084026 secs] 33233K->25229K(49352K), 0.0084748 secs] [Times: user=0.01 sys=0.00, real=0.00 secs] 
Heap after GC invocations=308 (full 36):
 par new generation   total 9216K, used 258K [0x00000000e3400000, 0x00000000e3e00000, 0x00000000ecca0000)
  eden space 8192K,   0% used [0x00000000e3400000, 0x00000000e3400000, 0x00000000e3c00000)
  from space 1024K,  25% used [0x00000000e3c00000, 0x00000000e3c40980, 0x00000000e3d00000)
  to   space 1024K,   0% used [0x00000000e3d00000, 0x00000000e3d00000, 0x00000000e3e00000)
 concurrent mark-sweep generation total 40136K, used 24970K [0x00000000ecca0000, 0x00000000ef3d2000, 0x0000000100000000)
 Metaspace       used 31247K, capacity 32276K, committed 32640K, reserved 1077248K
  class space    used 3886K, capacity 4130K, committed 4224K, reserved 1048576K
}
2020-11-07T19:55:37.979+0800: 21.129: Application time: 0.0556781 seconds
{Heap before GC invocations=308 (full 36):
 par new generation   total 9216K, used 8450K [0x00000000e3400000, 0x00000000e3e00000, 0x00000000ecca0000)
  eden space 8192K, 100% used [0x00000000e3400000, 0x00000000e3c00000, 0x00000000e3c00000)
  from space 1024K,  25% used [0x00000000e3c00000, 0x00000000e3c40980, 0x00000000e3d00000)
  to   space 1024K,   0% used [0x00000000e3d00000, 0x00000000e3d00000, 0x00000000e3e00000)
 concurrent mark-sweep generation total 40136K, used 24970K [0x00000000ecca0000, 0x00000000ef3d2000, 0x0000000100000000)
 Metaspace       used 31280K, capacity 32276K, committed 32640K, reserved 1077248K
  class space    used 3890K, capacity 4130K, committed 4224K, reserved 1048576K
2020-11-07T19:55:37.979+0800: 21.129: [GC (Allocation Failure) 2020-11-07T19:55:37.979+0800: 21.129: [ParNew: 8450K->249K(9216K), 0.0042502 secs] 33421K->25220K(49352K), 0.0043023 secs] [Times: user=0.00 sys=0.01, real=0.00 secs] 
Heap after GC invocations=309 (full 36):
 par new generation   total 9216K, used 249K [0x00000000e3400000, 0x00000000e3e00000, 0x00000000ecca0000)
  eden space 8192K,   0% used [0x00000000e3400000, 0x00000000e3400000, 0x00000000e3c00000)
  from space 1024K,  24% used [0x00000000e3d00000, 0x00000000e3d3e5b8, 0x00000000e3e00000)
  to   space 1024K,   0% used [0x00000000e3c00000, 0x00000000e3c00000, 0x00000000e3d00000)
 concurrent mark-sweep generation total 40136K, used 24970K [0x00000000ecca0000, 0x00000000ef3d2000, 0x0000000100000000)
 Metaspace       used 31280K, capacity 32276K, committed 32640K, reserved 1077248K
  class space    used 3890K, capacity 4130K, committed 4224K, reserved 1048576K
}
2020-11-07T19:55:38.025+0800: 21.175: [CMS-concurrent-mark: 0.143/0.160 secs] [Times: user=0.15 sys=0.01, real=0.16 secs] 
2020-11-07T19:55:38.025+0800: 21.175: [CMS-concurrent-preclean-start]
2020-11-07T19:55:38.027+0800: 21.177: [CMS-concurrent-preclean: 0.002/0.002 secs] [Times: user=0.00 sys=0.00, real=0.00 secs] 
2020-11-07T19:55:38.027+0800: 21.177: [CMS-concurrent-abortable-preclean-start]
2020-11-07T19:55:38.060+0800: 21.210: Application time: 0.0766447 seconds
{Heap before GC invocations=309 (full 36):
 par new generation   total 9216K, used 8441K [0x00000000e3400000, 0x00000000e3e00000, 0x00000000ecca0000)
  eden space 8192K, 100% used [0x00000000e3400000, 0x00000000e3c00000, 0x00000000e3c00000)
  from space 1024K,  24% used [0x00000000e3d00000, 0x00000000e3d3e5b8, 0x00000000e3e00000)
  to   space 1024K,   0% used [0x00000000e3c00000, 0x00000000e3c00000, 0x00000000e3d00000)
 concurrent mark-sweep generation total 40136K, used 24970K [0x00000000ecca0000, 0x00000000ef3d2000, 0x0000000100000000)
 Metaspace       used 31356K, capacity 32382K, committed 32640K, reserved 1077248K
  class space    used 3903K, capacity 4163K, committed 4224K, reserved 1048576K
2020-11-07T19:55:38.060+0800: 21.210: [GC (Allocation Failure) 2020-11-07T19:55:38.061+0800: 21.210: [ParNew: 8441K->401K(9216K), 0.0121338 secs] 33412K->25372K(49352K), 0.0122166 secs] [Times: user=0.01 sys=0.00, real=0.01 secs] 
Heap after GC invocations=310 (full 36):
 par new generation   total 9216K, used 401K [0x00000000e3400000, 0x00000000e3e00000, 0x00000000ecca0000)
  eden space 8192K,   0% used [0x00000000e3400000, 0x00000000e3400000, 0x00000000e3c00000)
  from space 1024K,  39% used [0x00000000e3c00000, 0x00000000e3c645f0, 0x00000000e3d00000)
  to   space 1024K,   0% used [0x00000000e3d00000, 0x00000000e3d00000, 0x00000000e3e00000)
 concurrent mark-sweep generation total 40136K, used 24970K [0x00000000ecca0000, 0x00000000ef3d2000, 0x0000000100000000)
 Metaspace       used 31356K, capacity 32382K, committed 32640K, reserved 1077248K
  class space    used 3903K, capacity 4163K, committed 4224K, reserved 1048576K
}
2020-11-07T19:55:38.171+0800: 21.321: Application time: 0.0980851 seconds
{Heap before GC invocations=310 (full 36):
 par new generation   total 9216K, used 8593K [0x00000000e3400000, 0x00000000e3e00000, 0x00000000ecca0000)
  eden space 8192K, 100% used [0x00000000e3400000, 0x00000000e3c00000, 0x00000000e3c00000)
  from space 1024K,  39% used [0x00000000e3c00000, 0x00000000e3c645f0, 0x00000000e3d00000)
  to   space 1024K,   0% used [0x00000000e3d00000, 0x00000000e3d00000, 0x00000000e3e00000)
 concurrent mark-sweep generation total 40136K, used 24970K [0x00000000ecca0000, 0x00000000ef3d2000, 0x0000000100000000)
 Metaspace       used 31504K, capacity 32522K, committed 32640K, reserved 1077248K
  class space    used 3922K, capacity 4165K, committed 4224K, reserved 1048576K
2020-11-07T19:55:38.171+0800: 21.321: [GC (Allocation Failure) 2020-11-07T19:55:38.171+0800: 21.321: [ParNew2020-11-07T19:55:38.178+0800: 21.328: [CMS-concurrent-abortable-preclean: 0.021/0.151 secs] [Times: user=0.15 sys=0.00, real=0.15 secs] 
: 8593K->492K(9216K), 0.0153436 secs] 33564K->25463K(49352K), 0.0153880 secs] [Times: user=0.02 sys=0.00, real=0.02 secs] 
Heap after GC invocations=311 (full 36):
 par new generation   total 9216K, used 492K [0x00000000e3400000, 0x00000000e3e00000, 0x00000000ecca0000)
  eden space 8192K,   0% used [0x00000000e3400000, 0x00000000e3400000, 0x00000000e3c00000)
  from space 1024K,  48% used [0x00000000e3d00000, 0x00000000e3d7b2d0, 0x00000000e3e00000)
  to   space 1024K,   0% used [0x00000000e3c00000, 0x00000000e3c00000, 0x00000000e3d00000)
 concurrent mark-sweep generation total 40136K, used 24970K [0x00000000ecca0000, 0x00000000ef3d2000, 0x0000000100000000)
 Metaspace       used 31504K, capacity 32522K, committed 32640K, reserved 1077248K
  class space    used 3922K, capacity 4165K, committed 4224K, reserved 1048576K
}
2020-11-07T19:55:38.191+0800: 21.341: Application time: 0.0045416 seconds
2020-11-07T19:55:38.191+0800: 21.341: [GC (CMS Final Remark) [YG occupancy: 1476 K (9216 K)]2020-11-07T19:55:38.191+0800: 21.341: [Rescan (parallel) , 0.0039360 secs]2020-11-07T19:55:38.195+0800: 21.345: [weak refs processing, 0.0000511 secs]2020-11-07T19:55:38.195+0800: 21.345: [class unloading, 0.0094888 secs]2020-11-07T19:55:38.205+0800: 21.354: [scrub symbol table, 0.0092978 secs]2020-11-07T19:55:38.214+0800: 21.364: [scrub string table, 0.0005991 secs][1 CMS-remark: 24970K(40136K)] 26447K(49352K), 0.0235503 secs] [Times: user=0.02 sys=0.00, real=0.03 secs] 
2020-11-07T19:55:38.227+0800: 21.376: [CMS-concurrent-sweep-start]
2020-11-07T19:55:38.261+0800: 21.410: [CMS-concurrent-sweep: 0.034/0.034 secs] [Times: user=0.04 sys=0.00, real=0.03 secs] 
2020-11-07T19:55:38.261+0800: 21.410: [CMS-concurrent-reset-start]
2020-11-07T19:55:38.262+0800: 21.411: [CMS-concurrent-reset: 0.001/0.001 secs] [Times: user=0.00 sys=0.00, real=0.00 secs] 
2020-11-07T19:55:38.278+0800: 21.427: Application time: 0.0629881 seconds
2020-11-07T19:55:38.280+0800: 21.429: Application time: 0.0013413 seconds
{Heap before GC invocations=311 (full 36):
 par new generation   total 9216K, used 8684K [0x00000000e3400000, 0x00000000e3e00000, 0x00000000ecca0000)
  eden space 8192K, 100% used [0x00000000e3400000, 0x00000000e3c00000, 0x00000000e3c00000)
  from space 1024K,  48% used [0x00000000e3d00000, 0x00000000e3d7b2d0, 0x00000000e3e00000)
  to   space 1024K,   0% used [0x00000000e3c00000, 0x00000000e3c00000, 0x00000000e3d00000)
 concurrent mark-sweep generation total 41428K, used 24855K [0x00000000ecca0000, 0x00000000ef515000, 0x0000000100000000)
 Metaspace       used 31653K, capacity 32680K, committed 32896K, reserved 1077248K
  class space    used 3942K, capacity 4198K, committed 4224K, reserved 1048576K
2020-11-07T19:55:38.280+0800: 21.429: [GC (Allocation Failure) 2020-11-07T19:55:38.280+0800: 21.429: [ParNew: 8684K->723K(9216K), 0.0179171 secs] 33540K->25579K(50644K), 0.0179873 secs] [Times: user=0.02 sys=0.00, real=0.02 secs] 
Heap after GC invocations=312 (full 36):
 par new generation   total 9216K, used 723K [0x00000000e3400000, 0x00000000e3e00000, 0x00000000ecca0000)
  eden space 8192K,   0% used [0x00000000e3400000, 0x00000000e3400000, 0x00000000e3c00000)
  from space 1024K,  70% used [0x00000000e3c00000, 0x00000000e3cb4db8, 0x00000000e3d00000)
  to   space 1024K,   0% used [0x00000000e3d00000, 0x00000000e3d00000, 0x00000000e3e00000)
 concurrent mark-sweep generation total 41428K, used 24855K [0x00000000ecca0000, 0x00000000ef515000, 0x0000000100000000)
 Metaspace       used 31653K, capacity 32680K, committed 32896K, reserved 1077248K
  class space    used 3942K, capacity 4198K, committed 4224K, reserved 1048576K
}
2020-11-07T19:55:38.350+0800: 21.499: Application time: 0.0520003 seconds
{Heap before GC invocations=312 (full 36):
 par new generation   total 9216K, used 8915K [0x00000000e3400000, 0x00000000e3e00000, 0x00000000ecca0000)
  eden space 8192K, 100% used [0x00000000e3400000, 0x00000000e3c00000, 0x00000000e3c00000)
  from space 1024K,  70% used [0x00000000e3c00000, 0x00000000e3cb4db8, 0x00000000e3d00000)
  to   space 1024K,   0% used [0x00000000e3d00000, 0x00000000e3d00000, 0x00000000e3e00000)
 concurrent mark-sweep generation total 41428K, used 24855K [0x00000000ecca0000, 0x00000000ef515000, 0x0000000100000000)
 Metaspace       used 31694K, capacity 32768K, committed 32896K, reserved 1077248K
  class space    used 3945K, capacity 4202K, committed 4224K, reserved 1048576K
2020-11-07T19:55:38.350+0800: 21.500: [GC (Allocation Failure) 2020-11-07T19:55:38.350+0800: 21.500: [ParNew: 8915K->625K(9216K), 0.0226199 secs] 33771K->25653K(50644K), 0.0226915 secs] [Times: user=0.03 sys=0.00, real=0.02 secs] 
Heap after GC invocations=313 (full 36):
 par new generation   total 9216K, used 625K [0x00000000e3400000, 0x00000000e3e00000, 0x00000000ecca0000)
  eden space 8192K,   0% used [0x00000000e3400000, 0x00000000e3400000, 0x00000000e3c00000)
  from space 1024K,  61% used [0x00000000e3d00000, 0x00000000e3d9c598, 0x00000000e3e00000)
  to   space 1024K,   0% used [0x00000000e3c00000, 0x00000000e3c00000, 0x00000000e3d00000)
 concurrent mark-sweep generation total 41428K, used 25027K [0x00000000ecca0000, 0x00000000ef515000, 0x0000000100000000)
 Metaspace       used 31694K, capacity 32768K, committed 32896K, reserved 1077248K
  class space    used 3945K, capacity 4202K, committed 4224K, reserved 1048576K
}
2020-11-07T19:55:38.377+0800: 21.526: Application time: 0.0038486 seconds
2020-11-07T19:55:38.377+0800: 21.526: [GC (CMS Initial Mark) [1 CMS-initial-mark: 25027K(41428K)] 27291K(50644K), 0.0034384 secs] [Times: user=0.00 sys=0.00, real=0.00 secs] 
2020-11-07T19:55:38.380+0800: 21.530: [CMS-concurrent-mark-start]
2020-11-07T19:55:38.421+0800: 21.571: Application time: 0.0410955 seconds
{Heap before GC invocations=313 (full 37):
 par new generation   total 9216K, used 8817K [0x00000000e3400000, 0x00000000e3e00000, 0x00000000ecca0000)
  eden space 8192K, 100% used [0x00000000e3400000, 0x00000000e3c00000, 0x00000000e3c00000)
  from space 1024K,  61% used [0x00000000e3d00000, 0x00000000e3d9c598, 0x00000000e3e00000)
  to   space 1024K,   0% used [0x00000000e3c00000, 0x00000000e3c00000, 0x00000000e3d00000)
 concurrent mark-sweep generation total 41428K, used 25027K [0x00000000ecca0000, 0x00000000ef515000, 0x0000000100000000)
 Metaspace       used 31765K, capacity 32838K, committed 32896K, reserved 1077248K
  class space    used 3952K, capacity 4203K, committed 4224K, reserved 1048576K
2020-11-07T19:55:38.421+0800: 21.571: [GC (Allocation Failure) 2020-11-07T19:55:38.422+0800: 21.571: [ParNew: 8817K->526K(9216K), 0.0162548 secs] 33845K->25554K(50644K), 0.0163292 secs] [Times: user=0.02 sys=0.00, real=0.02 secs] 
Heap after GC invocations=314 (full 37):
 par new generation   total 9216K, used 526K [0x00000000e3400000, 0x00000000e3e00000, 0x00000000ecca0000)
  eden space 8192K,   0% used [0x00000000e3400000, 0x00000000e3400000, 0x00000000e3c00000)
  from space 1024K,  51% used [0x00000000e3c00000, 0x00000000e3c839b8, 0x00000000e3d00000)
  to   space 1024K,   0% used [0x00000000e3d00000, 0x00000000e3d00000, 0x00000000e3e00000)
 concurrent mark-sweep generation total 41428K, used 25027K [0x00000000ecca0000, 0x00000000ef515000, 0x0000000100000000)
 Metaspace       used 31765K, capacity 32838K, committed 32896K, reserved 1077248K
  class space    used 3952K, capacity 4203K, committed 4224K, reserved 1048576K
}
2020-11-07T19:55:38.465+0800: 21.614: Application time: 0.0268368 seconds
2020-11-07T19:55:38.519+0800: 21.669: Application time: 0.0541289 seconds
{Heap before GC invocations=314 (full 37):
 par new generation   total 9216K, used 8718K [0x00000000e3400000, 0x00000000e3e00000, 0x00000000ecca0000)
  eden space 8192K, 100% used [0x00000000e3400000, 0x00000000e3c00000, 0x00000000e3c00000)
  from space 1024K,  51% used [0x00000000e3c00000, 0x00000000e3c839b8, 0x00000000e3d00000)
  to   space 1024K,   0% used [0x00000000e3d00000, 0x00000000e3d00000, 0x00000000e3e00000)
 concurrent mark-sweep generation total 41428K, used 25027K [0x00000000ecca0000, 0x00000000ef515000, 0x0000000100000000)
 Metaspace       used 31937K, capacity 33082K, committed 33280K, reserved 1079296K
  class space    used 3976K, capacity 4255K, committed 4352K, reserved 1048576K
2020-11-07T19:55:38.520+0800: 21.669: [GC (Allocation Failure) 2020-11-07T19:55:38.520+0800: 21.669: [ParNew: 8718K->705K(9216K), 0.0162089 secs] 33746K->25733K(50644K), 0.0162690 secs] [Times: user=0.02 sys=0.00, real=0.02 secs] 
Heap after GC invocations=315 (full 37):
 par new generation   total 9216K, used 705K [0x00000000e3400000, 0x00000000e3e00000, 0x00000000ecca0000)
  eden space 8192K,   0% used [0x00000000e3400000, 0x00000000e3400000, 0x00000000e3c00000)
  from space 1024K,  68% used [0x00000000e3d00000, 0x00000000e3db0728, 0x00000000e3e00000)
  to   space 1024K,   0% used [0x00000000e3c00000, 0x00000000e3c00000, 0x00000000e3d00000)
 concurrent mark-sweep generation total 41428K, used 25027K [0x00000000ecca0000, 0x00000000ef515000, 0x0000000100000000)
 Metaspace       used 31937K, capacity 33082K, committed 33280K, reserved 1079296K
  class space    used 3976K, capacity 4255K, committed 4352K, reserved 1048576K
}
2020-11-07T19:55:38.559+0800: 21.709: [CMS-concurrent-mark: 0.133/0.179 secs] [Times: user=0.18 sys=0.00, real=0.18 secs] 
2020-11-07T19:55:38.559+0800: 21.709: [CMS-concurrent-preclean-start]
2020-11-07T19:55:38.562+0800: 21.712: [CMS-concurrent-preclean: 0.002/0.003 secs] [Times: user=0.00 sys=0.00, real=0.00 secs] 
2020-11-07T19:55:38.562+0800: 21.712: [CMS-concurrent-abortable-preclean-start]
2020-11-07T19:55:38.590+0800: 21.740: Application time: 0.0544106 seconds
{Heap before GC invocations=315 (full 37):
 par new generation   total 9216K, used 8897K [0x00000000e3400000, 0x00000000e3e00000, 0x00000000ecca0000)
  eden space 8192K, 100% used [0x00000000e3400000, 0x00000000e3c00000, 0x00000000e3c00000)
  from space 1024K,  68% used [0x00000000e3d00000, 0x00000000e3db0728, 0x00000000e3e00000)
  to   space 1024K,   0% used [0x00000000e3c00000, 0x00000000e3c00000, 0x00000000e3d00000)
 concurrent mark-sweep generation total 41428K, used 25027K [0x00000000ecca0000, 0x00000000ef515000, 0x0000000100000000)
 Metaspace       used 32131K, capacity 33280K, committed 33536K, reserved 1079296K
  class space    used 3992K, capacity 4258K, committed 4352K, reserved 1048576K
2020-11-07T19:55:38.591+0800: 21.740: [GC (Allocation Failure) 2020-11-07T19:55:38.591+0800: 21.740: [ParNew: 8897K->404K(9216K), 0.0166952 secs] 33925K->25610K(50644K), 0.0167656 secs] [Times: user=0.02 sys=0.00, real=0.02 secs] 
Heap after GC invocations=316 (full 37):
 par new generation   total 9216K, used 404K [0x00000000e3400000, 0x00000000e3e00000, 0x00000000ecca0000)
  eden space 8192K,   0% used [0x00000000e3400000, 0x00000000e3400000, 0x00000000e3c00000)
  from space 1024K,  39% used [0x00000000e3c00000, 0x00000000e3c65348, 0x00000000e3d00000)
  to   space 1024K,   0% used [0x00000000e3d00000, 0x00000000e3d00000, 0x00000000e3e00000)
 concurrent mark-sweep generation total 41428K, used 25205K [0x00000000ecca0000, 0x00000000ef515000, 0x0000000100000000)
 Metaspace       used 32131K, capacity 33280K, committed 33536K, reserved 1079296K
  class space    used 3992K, capacity 4258K, committed 4352K, reserved 1048576K
}
2020-11-07T19:55:38.653+0800: 21.803: Application time: 0.0461092 seconds
{Heap before GC invocations=316 (full 37):
 par new generation   total 9216K, used 8596K [0x00000000e3400000, 0x00000000e3e00000, 0x00000000ecca0000)
  eden space 8192K, 100% used [0x00000000e3400000, 0x00000000e3c00000, 0x00000000e3c00000)
  from space 1024K,  39% used [0x00000000e3c00000, 0x00000000e3c65348, 0x00000000e3d00000)
  to   space 1024K,   0% used [0x00000000e3d00000, 0x00000000e3d00000, 0x00000000e3e00000)
 concurrent mark-sweep generation total 41428K, used 25205K [0x00000000ecca0000, 0x00000000ef515000, 0x0000000100000000)
 Metaspace       used 32196K, capacity 33304K, committed 33536K, reserved 1079296K
  class space    used 4004K, capacity 4266K, committed 4352K, reserved 1048576K
2020-11-07T19:55:38.654+0800: 21.803: [GC (Allocation Failure) 2020-11-07T19:55:38.654+0800: 21.803: [ParNew: 8596K->341K(9216K), 0.0199865 secs] 33802K->25547K(50644K), 0.0200475 secs] [Times: user=0.02 sys=0.00, real=0.02 secs] 
Heap after GC invocations=317 (full 37):
 par new generation   total 9216K, used 341K [0x00000000e3400000, 0x00000000e3e00000, 0x00000000ecca0000)
  eden space 8192K,   0% used [0x00000000e3400000, 0x00000000e3400000, 0x00000000e3c00000)
  from space 1024K,  33% used [0x00000000e3d00000, 0x00000000e3d557a8, 0x00000000e3e00000)
  to   space 1024K,   0% used [0x00000000e3c00000, 0x00000000e3c00000, 0x00000000e3d00000)
 concurrent mark-sweep generation total 41428K, used 25205K [0x00000000ecca0000, 0x00000000ef515000, 0x0000000100000000)
 Metaspace       used 32196K, capacity 33304K, committed 33536K, reserved 1079296K
  class space    used 4004K, capacity 4266K, committed 4352K, reserved 1048576K
}
2020-11-07T19:55:38.706+0800: 21.856: Application time: 0.0326048 seconds
{Heap before GC invocations=317 (full 37):
 par new generation   total 9216K, used 8533K [0x00000000e3400000, 0x00000000e3e00000, 0x00000000ecca0000)
  eden space 8192K, 100% used [0x00000000e3400000, 0x00000000e3c00000, 0x00000000e3c00000)
  from space 1024K,  33% used [0x00000000e3d00000, 0x00000000e3d557a8, 0x00000000e3e00000)
  to   space 1024K,   0% used [0x00000000e3c00000, 0x00000000e3c00000, 0x00000000e3d00000)
 concurrent mark-sweep generation total 41428K, used 25205K [0x00000000ecca0000, 0x00000000ef515000, 0x0000000100000000)
 Metaspace       used 32218K, capacity 33316K, committed 33536K, reserved 1079296K
  class space    used 4006K, capacity 4266K, committed 4352K, reserved 1048576K
2020-11-07T19:55:38.707+0800: 21.856: [GC (Allocation Failure) 2020-11-07T19:55:38.707+0800: 21.856: [ParNew: 8533K->294K(9216K), 0.0060386 secs] 33739K->25500K(50644K), 0.0061057 secs] [Times: user=0.01 sys=0.00, real=0.00 secs] 
Heap after GC invocations=318 (full 37):
 par new generation   total 9216K, used 294K [0x00000000e3400000, 0x00000000e3e00000, 0x00000000ecca0000)
  eden space 8192K,   0% used [0x00000000e3400000, 0x00000000e3400000, 0x00000000e3c00000)
  from space 1024K,  28% used [0x00000000e3c00000, 0x00000000e3c49b90, 0x00000000e3d00000)
  to   space 1024K,   0% used [0x00000000e3d00000, 0x00000000e3d00000, 0x00000000e3e00000)
 concurrent mark-sweep generation total 41428K, used 25205K [0x00000000ecca0000, 0x00000000ef515000, 0x0000000100000000)
 Metaspace       used 32218K, capacity 33316K, committed 33536K, reserved 1079296K
  class space    used 4006K, capacity 4266K, committed 4352K, reserved 1048576K
}
2020-11-07T19:55:38.738+0800: 21.888: Application time: 0.0251487 seconds
{Heap before GC invocations=318 (full 37):
 par new generation   total 9216K, used 8486K [0x00000000e3400000, 0x00000000e3e00000, 0x00000000ecca0000)
  eden space 8192K, 100% used [0x00000000e3400000, 0x00000000e3c00000, 0x00000000e3c00000)
  from space 1024K,  28% used [0x00000000e3c00000, 0x00000000e3c49b90, 0x00000000e3d00000)
  to   space 1024K,   0% used [0x00000000e3d00000, 0x00000000e3d00000, 0x00000000e3e00000)
 concurrent mark-sweep generation total 41428K, used 25205K [0x00000000ecca0000, 0x00000000ef515000, 0x0000000100000000)
 Metaspace       used 32224K, capacity 33316K, committed 33536K, reserved 1079296K
  class space    used 4007K, capacity 4266K, committed 4352K, reserved 1048576K
2020-11-07T19:55:38.738+0800: 21.888: [GC (Allocation Failure) 2020-11-07T19:55:38.738+0800: 21.888: [ParNew: 8486K->288K(9216K), 0.0072523 secs] 33692K->25493K(50644K), 0.0073125 secs] [Times: user=0.01 sys=0.00, real=0.01 secs] 
Heap after GC invocations=319 (full 37):
 par new generation   total 9216K, used 288K [0x00000000e3400000, 0x00000000e3e00000, 0x00000000ecca0000)
  eden space 8192K,   0% used [0x00000000e3400000, 0x00000000e3400000, 0x00000000e3c00000)
  from space 1024K,  28% used [0x00000000e3d00000, 0x00000000e3d48190, 0x00000000e3e00000)
  to   space 1024K,   0% used [0x00000000e3c00000, 0x00000000e3c00000, 0x00000000e3d00000)
 concurrent mark-sweep generation total 41428K, used 25205K [0x00000000ecca0000, 0x00000000ef515000, 0x0000000100000000)
 Metaspace       used 32224K, capacity 33316K, committed 33536K, reserved 1079296K
  class space    used 4007K, capacity 4266K, committed 4352K, reserved 1048576K
}
2020-11-07T19:55:38.784+0800: 21.933: Application time: 0.0383516 seconds
{Heap before GC invocations=319 (full 37):
 par new generation   total 9216K, used 8480K [0x00000000e3400000, 0x00000000e3e00000, 0x00000000ecca0000)
  eden space 8192K, 100% used [0x00000000e3400000, 0x00000000e3c00000, 0x00000000e3c00000)
  from space 1024K,  28% used [0x00000000e3d00000, 0x00000000e3d48190, 0x00000000e3e00000)
  to   space 1024K,   0% used [0x00000000e3c00000, 0x00000000e3c00000, 0x00000000e3d00000)
 concurrent mark-sweep generation total 41428K, used 25205K [0x00000000ecca0000, 0x00000000ef515000, 0x0000000100000000)
 Metaspace       used 32239K, capacity 33384K, committed 33536K, reserved 1079296K
  class space    used 4009K, capacity 4266K, committed 4352K, reserved 1048576K
2020-11-07T19:55:38.784+0800: 21.934: [GC (Allocation Failure) 2020-11-07T19:55:38.784+0800: 21.934: [ParNew: 8480K->363K(9216K), 0.0197317 secs] 33685K->25568K(50644K), 0.0197855 secs] [Times: user=0.02 sys=0.01, real=0.02 secs] 
Heap after GC invocations=320 (full 37):
 par new generation   total 9216K, used 363K [0x00000000e3400000, 0x00000000e3e00000, 0x00000000ecca0000)
  eden space 8192K,   0% used [0x00000000e3400000, 0x00000000e3400000, 0x00000000e3c00000)
  from space 1024K,  35% used [0x00000000e3c00000, 0x00000000e3c5add8, 0x00000000e3d00000)
  to   space 1024K,   0% used [0x00000000e3d00000, 0x00000000e3d00000, 0x00000000e3e00000)
 concurrent mark-sweep generation total 41428K, used 25205K [0x00000000ecca0000, 0x00000000ef515000, 0x0000000100000000)
 Metaspace       used 32239K, capacity 33384K, committed 33536K, reserved 1079296K
  class space    used 4009K, capacity 4266K, committed 4352K, reserved 1048576K
}
2020-11-07T19:55:38.826+0800: 21.975: Application time: 0.0218660 seconds
{Heap before GC invocations=320 (full 37):
 par new generation   total 9216K, used 8555K [0x00000000e3400000, 0x00000000e3e00000, 0x00000000ecca0000)
  eden space 8192K, 100% used [0x00000000e3400000, 0x00000000e3c00000, 0x00000000e3c00000)
  from space 1024K,  35% used [0x00000000e3c00000, 0x00000000e3c5add8, 0x00000000e3d00000)
  to   space 1024K,   0% used [0x00000000e3d00000, 0x00000000e3d00000, 0x00000000e3e00000)
 concurrent mark-sweep generation total 41428K, used 25205K [0x00000000ecca0000, 0x00000000ef515000, 0x0000000100000000)
 Metaspace       used 32252K, capacity 33388K, committed 33536K, reserved 1079296K
  class space    used 4011K, capacity 4266K, committed 4352K, reserved 1048576K
2020-11-07T19:55:38.826+0800: 21.975: [GC (Allocation Failure) 2020-11-07T19:55:38.826+0800: 21.975: [ParNew: 8555K->227K(9216K), 0.0089811 secs] 33760K->25522K(50644K), 0.0090389 secs] [Times: user=0.01 sys=0.00, real=0.01 secs] 
Heap after GC invocations=321 (full 37):
 par new generation   total 9216K, used 227K [0x00000000e3400000, 0x00000000e3e00000, 0x00000000ecca0000)
  eden space 8192K,   0% used [0x00000000e3400000, 0x00000000e3400000, 0x00000000e3c00000)
  from space 1024K,  22% used [0x00000000e3d00000, 0x00000000e3d38e88, 0x00000000e3e00000)
  to   space 1024K,   0% used [0x00000000e3c00000, 0x00000000e3c00000, 0x00000000e3d00000)
 concurrent mark-sweep generation total 41428K, used 25294K [0x00000000ecca0000, 0x00000000ef515000, 0x0000000100000000)
 Metaspace       used 32252K, capacity 33388K, committed 33536K, reserved 1079296K
  class space    used 4011K, capacity 4266K, committed 4352K, reserved 1048576K
}
2020-11-07T19:55:38.860+0800: 22.009: Application time: 0.0246488 seconds
{Heap before GC invocations=321 (full 37):
 par new generation   total 9216K, used 8419K [0x00000000e3400000, 0x00000000e3e00000, 0x00000000ecca0000)
  eden space 8192K, 100% used [0x00000000e3400000, 0x00000000e3c00000, 0x00000000e3c00000)
  from space 1024K,  22% used [0x00000000e3d00000, 0x00000000e3d38e88, 0x00000000e3e00000)
  to   space 1024K,   0% used [0x00000000e3c00000, 0x00000000e3c00000, 0x00000000e3d00000)
 concurrent mark-sweep generation total 41428K, used 25294K [0x00000000ecca0000, 0x00000000ef515000, 0x0000000100000000)
 Metaspace       used 32270K, capacity 33404K, committed 33536K, reserved 1079296K
  class space    used 4014K, capacity 4266K, committed 4352K, reserved 1048576K
2020-11-07T19:55:38.860+0800: 22.009: [GC (Allocation Failure) 2020-11-07T19:55:38.860+0800: 22.009: [ParNew: 8419K->182K(9216K), 0.0209681 secs] 33714K->25572K(50644K), 0.0210250 secs] [Times: user=0.02 sys=0.00, real=0.02 secs] 
Heap after GC invocations=322 (full 37):
 par new generation   total 9216K, used 182K [0x00000000e3400000, 0x00000000e3e00000, 0x00000000ecca0000)
  eden space 8192K,   0% used [0x00000000e3400000, 0x00000000e3400000, 0x00000000e3c00000)
  from space 1024K,  17% used [0x00000000e3c00000, 0x00000000e3c2d888, 0x00000000e3d00000)
  to   space 1024K,   0% used [0x00000000e3d00000, 0x00000000e3d00000, 0x00000000e3e00000)
 concurrent mark-sweep generation total 41428K, used 25390K [0x00000000ecca0000, 0x00000000ef515000, 0x0000000100000000)
 Metaspace       used 32270K, capacity 33404K, committed 33536K, reserved 1079296K
  class space    used 4014K, capacity 4266K, committed 4352K, reserved 1048576K
}
2020-11-07T19:55:38.881+0800: 22.031: [CMS-concurrent-abortable-preclean: 0.075/0.319 secs] [Times: user=0.31 sys=0.01, real=0.32 secs] 
2020-11-07T19:55:38.891+0800: 22.041: Application time: 0.0103165 seconds
{Heap before GC invocations=322 (full 37):
 par new generation   total 9216K, used 8374K [0x00000000e3400000, 0x00000000e3e00000, 0x00000000ecca0000)
  eden space 8192K, 100% used [0x00000000e3400000, 0x00000000e3c00000, 0x00000000e3c00000)
  from space 1024K,  17% used [0x00000000e3c00000, 0x00000000e3c2d888, 0x00000000e3d00000)
  to   space 1024K,   0% used [0x00000000e3d00000, 0x00000000e3d00000, 0x00000000e3e00000)
 concurrent mark-sweep generation total 41428K, used 25390K [0x00000000ecca0000, 0x00000000ef515000, 0x0000000100000000)
 Metaspace       used 32283K, capacity 33404K, committed 33536K, reserved 1079296K
  class space    used 4016K, capacity 4266K, committed 4352K, reserved 1048576K
2020-11-07T19:55:38.891+0800: 22.041: [GC (Allocation Failure) 2020-11-07T19:55:38.891+0800: 22.041: [ParNew: 8374K->167K(9216K), 0.0221990 secs] 33764K->25571K(50644K), 0.0222694 secs] [Times: user=0.02 sys=0.00, real=0.02 secs] 
Heap after GC invocations=323 (full 37):
 par new generation   total 9216K, used 167K [0x00000000e3400000, 0x00000000e3e00000, 0x00000000ecca0000)
  eden space 8192K,   0% used [0x00000000e3400000, 0x00000000e3400000, 0x00000000e3c00000)
  from space 1024K,  16% used [0x00000000e3d00000, 0x00000000e3d29f70, 0x00000000e3e00000)
  to   space 1024K,   0% used [0x00000000e3c00000, 0x00000000e3c00000, 0x00000000e3d00000)
 concurrent mark-sweep generation total 41428K, used 25403K [0x00000000ecca0000, 0x00000000ef515000, 0x0000000100000000)
 Metaspace       used 32283K, capacity 33404K, committed 33536K, reserved 1079296K
  class space    used 4016K, capacity 4266K, committed 4352K, reserved 1048576K
}
2020-11-07T19:55:38.924+0800: 22.074: Application time: 0.0100992 seconds
2020-11-07T19:55:38.931+0800: 22.080: [GC (CMS Final Remark) [YG occupancy: 4756 K (9216 K)]2020-11-07T19:55:38.931+0800: 22.080: [Rescan (parallel) , 0.0158953 secs]2020-11-07T19:55:38.947+0800: 22.096: [weak refs processing, 0.0000675 secs]2020-11-07T19:55:38.947+0800: 22.096: [class unloading, 0.0101878 secs]2020-11-07T19:55:38.957+0800: 22.107: [scrub symbol table, 0.0114087 secs]2020-11-07T19:55:38.968+0800: 22.118: [scrub string table, 0.0006072 secs][1 CMS-remark: 25403K(41428K)] 30159K(50644K), 0.0383939 secs] [Times: user=0.04 sys=0.00, real=0.04 secs] 
2020-11-07T19:55:38.974+0800: 22.124: [CMS-concurrent-sweep-start]
2020-11-07T19:55:38.989+0800: 22.138: Application time: 0.0195643 seconds
{Heap before GC invocations=323 (full 37):
 par new generation   total 9216K, used 8359K [0x00000000e3400000, 0x00000000e3e00000, 0x00000000ecca0000)
  eden space 8192K, 100% used [0x00000000e3400000, 0x00000000e3c00000, 0x00000000e3c00000)
  from space 1024K,  16% used [0x00000000e3d00000, 0x00000000e3d29f70, 0x00000000e3e00000)
  to   space 1024K,   0% used [0x00000000e3c00000, 0x00000000e3c00000, 0x00000000e3d00000)
 concurrent mark-sweep generation total 41428K, used 25400K [0x00000000ecca0000, 0x00000000ef515000, 0x0000000100000000)
 Metaspace       used 32295K, capacity 33442K, committed 33536K, reserved 1079296K
  class space    used 4018K, capacity 4299K, committed 4352K, reserved 1048576K
2020-11-07T19:55:38.989+0800: 22.138: [GC (Allocation Failure) 2020-11-07T19:55:38.989+0800: 22.138: [ParNew: 8359K->106K(9216K), 0.0119533 secs] 33760K->25546K(50644K), 0.0120305 secs] [Times: user=0.01 sys=0.00, real=0.01 secs] 
Heap after GC invocations=324 (full 37):
 par new generation   total 9216K, used 106K [0x00000000e3400000, 0x00000000e3e00000, 0x00000000ecca0000)
  eden space 8192K,   0% used [0x00000000e3400000, 0x00000000e3400000, 0x00000000e3c00000)
  from space 1024K,  10% used [0x00000000e3c00000, 0x00000000e3c1a8a0, 0x00000000e3d00000)
  to   space 1024K,   0% used [0x00000000e3d00000, 0x00000000e3d00000, 0x00000000e3e00000)
 concurrent mark-sweep generation total 41428K, used 25440K [0x00000000ecca0000, 0x00000000ef515000, 0x0000000100000000)
 Metaspace       used 32295K, capacity 33442K, committed 33536K, reserved 1079296K
  class space    used 4018K, capacity 4299K, committed 4352K, reserved 1048576K
}
2020-11-07T19:55:39.020+0800: 22.169: [CMS-concurrent-sweep: 0.026/0.045 secs] [Times: user=0.05 sys=0.00, real=0.05 secs] 
2020-11-07T19:55:39.020+0800: 22.169: [CMS-concurrent-reset-start]
2020-11-07T19:55:39.021+0800: 22.170: [CMS-concurrent-reset: 0.001/0.001 secs] [Times: user=0.00 sys=0.00, real=0.00 secs] 
2020-11-07T19:55:39.022+0800: 22.172: Application time: 0.0212849 seconds
{Heap before GC invocations=324 (full 37):
 par new generation   total 9216K, used 8298K [0x00000000e3400000, 0x00000000e3e00000, 0x00000000ecca0000)
  eden space 8192K, 100% used [0x00000000e3400000, 0x00000000e3c00000, 0x00000000e3c00000)
  from space 1024K,  10% used [0x00000000e3c00000, 0x00000000e3c1a8a0, 0x00000000e3d00000)
  to   space 1024K,   0% used [0x00000000e3d00000, 0x00000000e3d00000, 0x00000000e3e00000)
 concurrent mark-sweep generation total 42024K, used 25213K [0x00000000ecca0000, 0x00000000ef5aa000, 0x0000000100000000)
 Metaspace       used 32298K, capacity 33428K, committed 33536K, reserved 1079296K
  class space    used 4018K, capacity 4296K, committed 4352K, reserved 1048576K
2020-11-07T19:55:39.022+0800: 22.172: [GC (Allocation Failure) 2020-11-07T19:55:39.022+0800: 22.172: [ParNew: 8298K->101K(9216K), 0.0101854 secs] 33511K->25330K(51240K), 0.0102431 secs] [Times: user=0.01 sys=0.00, real=0.01 secs] 
Heap after GC invocations=325 (full 37):
 par new generation   total 9216K, used 101K [0x00000000e3400000, 0x00000000e3e00000, 0x00000000ecca0000)
  eden space 8192K,   0% used [0x00000000e3400000, 0x00000000e3400000, 0x00000000e3c00000)
  from space 1024K,   9% used [0x00000000e3d00000, 0x00000000e3d196e8, 0x00000000e3e00000)
  to   space 1024K,   0% used [0x00000000e3c00000, 0x00000000e3c00000, 0x00000000e3d00000)
 concurrent mark-sweep generation total 42024K, used 25228K [0x00000000ecca0000, 0x00000000ef5aa000, 0x0000000100000000)
 Metaspace       used 32298K, capacity 33428K, committed 33536K, reserved 1079296K
  class space    used 4018K, capacity 4296K, committed 4352K, reserved 1048576K
}
2020-11-07T19:55:39.040+0800: 22.189: Application time: 0.0070645 seconds
2020-11-07T19:55:39.040+0800: 22.189: [GC (CMS Initial Mark) [1 CMS-initial-mark: 25228K(42024K)] 28116K(51240K), 0.0036154 secs] [Times: user=0.00 sys=0.00, real=0.00 secs] 
2020-11-07T19:55:39.043+0800: 22.193: [CMS-concurrent-mark-start]
2020-11-07T19:55:39.135+0800: 22.284: Application time: 0.0912293 seconds
2020-11-07T19:55:39.136+0800: 22.286: Application time: 0.0007467 seconds
{Heap before GC invocations=325 (full 38):
 par new generation   total 9216K, used 8293K [0x00000000e3400000, 0x00000000e3e00000, 0x00000000ecca0000)
  eden space 8192K, 100% used [0x00000000e3400000, 0x00000000e3c00000, 0x00000000e3c00000)
  from space 1024K,   9% used [0x00000000e3d00000, 0x00000000e3d196e8, 0x00000000e3e00000)
  to   space 1024K,   0% used [0x00000000e3c00000, 0x00000000e3c00000, 0x00000000e3d00000)
 concurrent mark-sweep generation total 42024K, used 25228K [0x00000000ecca0000, 0x00000000ef5aa000, 0x0000000100000000)
 Metaspace       used 32421K, capacity 33684K, committed 33792K, reserved 1079296K
  class space    used 4045K, capacity 4322K, committed 4352K, reserved 1048576K
2020-11-07T19:55:39.136+0800: 22.286: [GC (Allocation Failure) 2020-11-07T19:55:39.136+0800: 22.286: [ParNew: 8293K->290K(9216K), 0.0214641 secs] 33522K->25533K(51240K), 0.0215380 secs] [Times: user=0.02 sys=0.00, real=0.02 secs] 
Heap after GC invocations=326 (full 38):
 par new generation   total 9216K, used 290K [0x00000000e3400000, 0x00000000e3e00000, 0x00000000ecca0000)
  eden space 8192K,   0% used [0x00000000e3400000, 0x00000000e3400000, 0x00000000e3c00000)
  from space 1024K,  28% used [0x00000000e3c00000, 0x00000000e3c488f0, 0x00000000e3d00000)
  to   space 1024K,   0% used [0x00000000e3d00000, 0x00000000e3d00000, 0x00000000e3e00000)
 concurrent mark-sweep generation total 42024K, used 25242K [0x00000000ecca0000, 0x00000000ef5aa000, 0x0000000100000000)
 Metaspace       used 32421K, capacity 33684K, committed 33792K, reserved 1079296K
  class space    used 4045K, capacity 4322K, committed 4352K, reserved 1048576K
}
2020-11-07T19:55:39.206+0800: 22.355: Application time: 0.0477695 seconds
{Heap before GC invocations=326 (full 38):
 par new generation   total 9216K, used 8482K [0x00000000e3400000, 0x00000000e3e00000, 0x00000000ecca0000)
  eden space 8192K, 100% used [0x00000000e3400000, 0x00000000e3c00000, 0x00000000e3c00000)
  from space 1024K,  28% used [0x00000000e3c00000, 0x00000000e3c488f0, 0x00000000e3d00000)
  to   space 1024K,   0% used [0x00000000e3d00000, 0x00000000e3d00000, 0x00000000e3e00000)
 concurrent mark-sweep generation total 42024K, used 25242K [0x00000000ecca0000, 0x00000000ef5aa000, 0x0000000100000000)
 Metaspace       used 32421K, capacity 33684K, committed 33792K, reserved 1079296K
  class space    used 4045K, capacity 4322K, committed 4352K, reserved 1048576K
2020-11-07T19:55:39.206+0800: 22.355: [GC (Allocation Failure) 2020-11-07T19:55:39.206+0800: 22.355: [ParNew: 8482K->249K(9216K), 0.0150160 secs] 33725K->25497K(51240K), 0.0150671 secs] [Times: user=0.01 sys=0.00, real=0.01 secs] 
Heap after GC invocations=327 (full 38):
 par new generation   total 9216K, used 249K [0x00000000e3400000, 0x00000000e3e00000, 0x00000000ecca0000)
  eden space 8192K,   0% used [0x00000000e3400000, 0x00000000e3400000, 0x00000000e3c00000)
  from space 1024K,  24% used [0x00000000e3d00000, 0x00000000e3d3e698, 0x00000000e3e00000)
  to   space 1024K,   0% used [0x00000000e3c00000, 0x00000000e3c00000, 0x00000000e3d00000)
 concurrent mark-sweep generation total 42024K, used 25247K [0x00000000ecca0000, 0x00000000ef5aa000, 0x0000000100000000)
 Metaspace       used 32421K, capacity 33684K, committed 33792K, reserved 1079296K
  class space    used 4045K, capacity 4322K, committed 4352K, reserved 1048576K
}
2020-11-07T19:55:39.230+0800: 22.380: [CMS-concurrent-mark: 0.134/0.187 secs] [Times: user=0.18 sys=0.00, real=0.19 secs] 
2020-11-07T19:55:39.230+0800: 22.380: [CMS-concurrent-preclean-start]
2020-11-07T19:55:39.232+0800: 22.382: [CMS-concurrent-preclean: 0.002/0.002 secs] [Times: user=0.00 sys=0.00, real=0.00 secs] 
2020-11-07T19:55:39.232+0800: 22.382: [CMS-concurrent-abortable-preclean-start]
2020-11-07T19:55:39.243+0800: 22.393: Application time: 0.0223880 seconds
{Heap before GC invocations=327 (full 38):
 par new generation   total 9216K, used 8441K [0x00000000e3400000, 0x00000000e3e00000, 0x00000000ecca0000)
  eden space 8192K, 100% used [0x00000000e3400000, 0x00000000e3c00000, 0x00000000e3c00000)
  from space 1024K,  24% used [0x00000000e3d00000, 0x00000000e3d3e698, 0x00000000e3e00000)
  to   space 1024K,   0% used [0x00000000e3c00000, 0x00000000e3c00000, 0x00000000e3d00000)
 concurrent mark-sweep generation total 42024K, used 25247K [0x00000000ecca0000, 0x00000000ef5aa000, 0x0000000100000000)
 Metaspace       used 32424K, capacity 33684K, committed 33792K, reserved 1079296K
  class space    used 4045K, capacity 4322K, committed 4352K, reserved 1048576K
2020-11-07T19:55:39.243+0800: 22.393: [GC (Allocation Failure) 2020-11-07T19:55:39.243+0800: 22.393: [ParNew: 8441K->308K(9216K), 0.0102730 secs] 33689K->25558K(51240K), 0.0103407 secs] [Times: user=0.01 sys=0.00, real=0.01 secs] 
Heap after GC invocations=328 (full 38):
 par new generation   total 9216K, used 308K [0x00000000e3400000, 0x00000000e3e00000, 0x00000000ecca0000)
  eden space 8192K,   0% used [0x00000000e3400000, 0x00000000e3400000, 0x00000000e3c00000)
  from space 1024K,  30% used [0x00000000e3c00000, 0x00000000e3c4d040, 0x00000000e3d00000)
  to   space 1024K,   0% used [0x00000000e3d00000, 0x00000000e3d00000, 0x00000000e3e00000)
 concurrent mark-sweep generation total 42024K, used 25250K [0x00000000ecca0000, 0x00000000ef5aa000, 0x0000000100000000)
 Metaspace       used 32424K, capacity 33684K, committed 33792K, reserved 1079296K
  class space    used 4045K, capacity 4322K, committed 4352K, reserved 1048576K
}
2020-11-07T19:55:39.305+0800: 22.455: Application time: 0.0515574 seconds
{Heap before GC invocations=328 (full 38):
 par new generation   total 9216K, used 8500K [0x00000000e3400000, 0x00000000e3e00000, 0x00000000ecca0000)
  eden space 8192K, 100% used [0x00000000e3400000, 0x00000000e3c00000, 0x00000000e3c00000)
  from space 1024K,  30% used [0x00000000e3c00000, 0x00000000e3c4d040, 0x00000000e3d00000)
  to   space 1024K,   0% used [0x00000000e3d00000, 0x00000000e3d00000, 0x00000000e3e00000)
 concurrent mark-sweep generation total 42024K, used 25250K [0x00000000ecca0000, 0x00000000ef5aa000, 0x0000000100000000)
 Metaspace       used 32487K, capacity 33748K, committed 33792K, reserved 1079296K
  class space    used 4055K, capacity 4322K, committed 4352K, reserved 1048576K
2020-11-07T19:55:39.306+0800: 22.455: [GC (Allocation Failure) 2020-11-07T19:55:39.306+0800: 22.455: [ParNew: 8500K->578K(9216K), 0.0060847 secs] 33750K->25834K(51240K), 0.0061349 secs] [Times: user=0.01 sys=0.00, real=0.00 secs] 
Heap after GC invocations=329 (full 38):
 par new generation   total 9216K, used 578K [0x00000000e3400000, 0x00000000e3e00000, 0x00000000ecca0000)
  eden space 8192K,   0% used [0x00000000e3400000, 0x00000000e3400000, 0x00000000e3c00000)
  from space 1024K,  56% used [0x00000000e3d00000, 0x00000000e3d90910, 0x00000000e3e00000)
  to   space 1024K,   0% used [0x00000000e3c00000, 0x00000000e3c00000, 0x00000000e3d00000)
 concurrent mark-sweep generation total 42024K, used 25256K [0x00000000ecca0000, 0x00000000ef5aa000, 0x0000000100000000)
 Metaspace       used 32487K, capacity 33748K, committed 33792K, reserved 1079296K
  class space    used 4055K, capacity 4322K, committed 4352K, reserved 1048576K
}
2020-11-07T19:55:39.371+0800: 22.521: Application time: 0.0597834 seconds
{Heap before GC invocations=329 (full 38):
 par new generation   total 9216K, used 8770K [0x00000000e3400000, 0x00000000e3e00000, 0x00000000ecca0000)
  eden space 8192K, 100% used [0x00000000e3400000, 0x00000000e3c00000, 0x00000000e3c00000)
  from space 1024K,  56% used [0x00000000e3d00000, 0x00000000e3d90910, 0x00000000e3e00000)
  to   space 1024K,   0% used [0x00000000e3c00000, 0x00000000e3c00000, 0x00000000e3d00000)
 concurrent mark-sweep generation total 42024K, used 25256K [0x00000000ecca0000, 0x00000000ef5aa000, 0x0000000100000000)
 Metaspace       used 32537K, capacity 33748K, committed 33792K, reserved 1079296K
  class space    used 4063K, capacity 4322K, committed 4352K, reserved 1048576K
2020-11-07T19:55:39.372+0800: 22.521: [GC (Allocation Failure) 2020-11-07T19:55:39.372+0800: 22.521: [ParNew: 8770K->626K(9216K), 0.0171246 secs] 34026K->25893K(51240K), 0.0171757 secs] [Times: user=0.01 sys=0.00, real=0.02 secs] 
Heap after GC invocations=330 (full 38):
 par new generation   total 9216K, used 626K [0x00000000e3400000, 0x00000000e3e00000, 0x00000000ecca0000)
  eden space 8192K,   0% used [0x00000000e3400000, 0x00000000e3400000, 0x00000000e3c00000)
  from space 1024K,  61% used [0x00000000e3c00000, 0x00000000e3c9c888, 0x00000000e3d00000)
  to   space 1024K,   0% used [0x00000000e3d00000, 0x00000000e3d00000, 0x00000000e3e00000)
 concurrent mark-sweep generation total 42024K, used 25267K [0x00000000ecca0000, 0x00000000ef5aa000, 0x0000000100000000)
 Metaspace       used 32537K, capacity 33748K, committed 33792K, reserved 1079296K
  class space    used 4063K, capacity 4322K, committed 4352K, reserved 1048576K
}
2020-11-07T19:55:39.389+0800: 22.539: [CMS-concurrent-abortable-preclean: 0.065/0.157 secs] [Times: user=0.15 sys=0.01, real=0.16 secs] 
2020-11-07T19:55:39.396+0800: 22.545: Application time: 0.0067231 seconds
2020-11-07T19:55:39.396+0800: 22.545: [GC (CMS Final Remark) [YG occupancy: 2756 K (9216 K)]2020-11-07T19:55:39.396+0800: 22.545: [Rescan (parallel) , 0.0153123 secs]2020-11-07T19:55:39.411+0800: 22.561: [weak refs processing, 0.0000699 secs]2020-11-07T19:55:39.411+0800: 22.561: [class unloading, 0.0103386 secs]2020-11-07T19:55:39.422+0800: 22.571: [scrub symbol table, 0.0092603 secs]2020-11-07T19:55:39.431+0800: 22.581: [scrub string table, 0.0006051 secs][1 CMS-remark: 25267K(42024K)] 28023K(51240K), 0.0357986 secs] [Times: user=0.03 sys=0.00, real=0.03 secs] 
2020-11-07T19:55:39.534+0800: 22.684: [CMS-concurrent-sweep-start]
2020-11-07T19:55:39.551+0800: 22.701: [CMS-concurrent-sweep: 0.017/0.017 secs] [Times: user=0.02 sys=0.00, real=0.02 secs] 
2020-11-07T19:55:39.551+0800: 22.701: [CMS-concurrent-reset-start]
2020-11-07T19:55:39.558+0800: 22.708: Application time: 0.1265536 seconds
{Heap before GC invocations=330 (full 38):
 par new generation   total 9216K, used 8818K [0x00000000e3400000, 0x00000000e3e00000, 0x00000000ecca0000)
  eden space 8192K, 100% used [0x00000000e3400000, 0x00000000e3c00000, 0x00000000e3c00000)
  from space 1024K,  61% used [0x00000000e3c00000, 0x00000000e3c9c888, 0x00000000e3d00000)
  to   space 1024K,   0% used [0x00000000e3d00000, 0x00000000e3d00000, 0x00000000e3e00000)
 concurrent mark-sweep generation total 42216K, used 25228K [0x00000000ecca0000, 0x00000000ef5da000, 0x0000000100000000)
 Metaspace       used 32569K, capacity 33814K, committed 34176K, reserved 1079296K
  class space    used 4069K, capacity 4349K, committed 4480K, reserved 1048576K
2020-11-07T19:55:39.558+0800: 22.708: [GC (Allocation Failure) 2020-11-07T19:55:39.558+0800: 22.708: [ParNew: 8818K->594K(9216K), 0.0170313 secs] 34046K->25823K(51432K), 0.0171014 secs] [Times: user=0.01 sys=0.00, real=0.02 secs] 
Heap after GC invocations=331 (full 38):
 par new generation   total 9216K, used 594K [0x00000000e3400000, 0x00000000e3e00000, 0x00000000ecca0000)
  eden space 8192K,   0% used [0x00000000e3400000, 0x00000000e3400000, 0x00000000e3c00000)
  from space 1024K,  58% used [0x00000000e3d00000, 0x00000000e3d94b10, 0x00000000e3e00000)
  to   space 1024K,   0% used [0x00000000e3c00000, 0x00000000e3c00000, 0x00000000e3d00000)
 concurrent mark-sweep generation total 42216K, used 25228K [0x00000000ecca0000, 0x00000000ef5da000, 0x0000000100000000)
 Metaspace       used 32569K, capacity 33814K, committed 34176K, reserved 1079296K
  class space    used 4069K, capacity 4349K, committed 4480K, reserved 1048576K
}
2020-11-07T19:55:39.576+0800: 22.726: [CMS-concurrent-reset: 0.007/0.025 secs] [Times: user=0.02 sys=0.00, real=0.03 secs] 
2020-11-07T19:55:39.598+0800: 22.747: Application time: 0.0223311 seconds
{Heap before GC invocations=331 (full 38):
 par new generation   total 9216K, used 8786K [0x00000000e3400000, 0x00000000e3e00000, 0x00000000ecca0000)
  eden space 8192K, 100% used [0x00000000e3400000, 0x00000000e3c00000, 0x00000000e3c00000)
  from space 1024K,  58% used [0x00000000e3d00000, 0x00000000e3d94b10, 0x00000000e3e00000)
  to   space 1024K,   0% used [0x00000000e3c00000, 0x00000000e3c00000, 0x00000000e3d00000)
 concurrent mark-sweep generation total 42216K, used 25228K [0x00000000ecca0000, 0x00000000ef5da000, 0x0000000100000000)
 Metaspace       used 32622K, capacity 33884K, committed 34176K, reserved 1079296K
  class space    used 4077K, capacity 4350K, committed 4480K, reserved 1048576K
2020-11-07T19:55:39.598+0800: 22.748: [GC (Allocation Failure) 2020-11-07T19:55:39.598+0800: 22.748: [ParNew: 8786K->690K(9216K), 0.0185865 secs] 34015K->25924K(51432K), 0.0186648 secs] [Times: user=0.01 sys=0.00, real=0.02 secs] 
Heap after GC invocations=332 (full 38):
 par new generation   total 9216K, used 690K [0x00000000e3400000, 0x00000000e3e00000, 0x00000000ecca0000)
  eden space 8192K,   0% used [0x00000000e3400000, 0x00000000e3400000, 0x00000000e3c00000)
  from space 1024K,  67% used [0x00000000e3c00000, 0x00000000e3cac978, 0x00000000e3d00000)
  to   space 1024K,   0% used [0x00000000e3d00000, 0x00000000e3d00000, 0x00000000e3e00000)
 concurrent mark-sweep generation total 42216K, used 25234K [0x00000000ecca0000, 0x00000000ef5da000, 0x0000000100000000)
 Metaspace       used 32622K, capacity 33884K, committed 34176K, reserved 1079296K
  class space    used 4077K, capacity 4350K, committed 4480K, reserved 1048576K
}
2020-11-07T19:55:39.638+0800: 22.788: Application time: 0.0218326 seconds
{Heap before GC invocations=332 (full 38):
 par new generation   total 9216K, used 8882K [0x00000000e3400000, 0x00000000e3e00000, 0x00000000ecca0000)
  eden space 8192K, 100% used [0x00000000e3400000, 0x00000000e3c00000, 0x00000000e3c00000)
  from space 1024K,  67% used [0x00000000e3c00000, 0x00000000e3cac978, 0x00000000e3d00000)
  to   space 1024K,   0% used [0x00000000e3d00000, 0x00000000e3d00000, 0x00000000e3e00000)
 concurrent mark-sweep generation total 42216K, used 25234K [0x00000000ecca0000, 0x00000000ef5da000, 0x0000000100000000)
 Metaspace       used 32689K, capacity 33954K, committed 34176K, reserved 1079296K
  class space    used 4086K, capacity 4351K, committed 4480K, reserved 1048576K
2020-11-07T19:55:39.639+0800: 22.788: [GC (Allocation Failure) 2020-11-07T19:55:39.639+0800: 22.788: [ParNew: 8882K->741K(9216K), 0.0156625 secs] 34116K->25979K(51432K), 0.0157194 secs] [Times: user=0.01 sys=0.00, real=0.01 secs] 
Heap after GC invocations=333 (full 38):
 par new generation   total 9216K, used 741K [0x00000000e3400000, 0x00000000e3e00000, 0x00000000ecca0000)
  eden space 8192K,   0% used [0x00000000e3400000, 0x00000000e3400000, 0x00000000e3c00000)
  from space 1024K,  72% used [0x00000000e3d00000, 0x00000000e3db95e8, 0x00000000e3e00000)
  to   space 1024K,   0% used [0x00000000e3c00000, 0x00000000e3c00000, 0x00000000e3d00000)
 concurrent mark-sweep generation total 42216K, used 25238K [0x00000000ecca0000, 0x00000000ef5da000, 0x0000000100000000)
 Metaspace       used 32689K, capacity 33954K, committed 34176K, reserved 1079296K
  class space    used 4086K, capacity 4351K, committed 4480K, reserved 1048576K
}
2020-11-07T19:55:39.680+0800: 22.830: Application time: 0.0254865 seconds
{Heap before GC invocations=333 (full 38):
 par new generation   total 9216K, used 8933K [0x00000000e3400000, 0x00000000e3e00000, 0x00000000ecca0000)
  eden space 8192K, 100% used [0x00000000e3400000, 0x00000000e3c00000, 0x00000000e3c00000)
  from space 1024K,  72% used [0x00000000e3d00000, 0x00000000e3db95e8, 0x00000000e3e00000)
  to   space 1024K,   0% used [0x00000000e3c00000, 0x00000000e3c00000, 0x00000000e3d00000)
 concurrent mark-sweep generation total 42216K, used 25238K [0x00000000ecca0000, 0x00000000ef5da000, 0x0000000100000000)
 Metaspace       used 32723K, capacity 33964K, committed 34176K, reserved 1079296K
  class space    used 4093K, capacity 4352K, committed 4480K, reserved 1048576K
2020-11-07T19:55:39.680+0800: 22.830: [GC (Allocation Failure) 2020-11-07T19:55:39.680+0800: 22.830: [ParNew: 8933K->662K(9216K), 0.0185883 secs] 34171K->25996K(51432K), 0.0187338 secs] [Times: user=0.02 sys=0.00, real=0.02 secs] 
Heap after GC invocations=334 (full 38):
 par new generation   total 9216K, used 662K [0x00000000e3400000, 0x00000000e3e00000, 0x00000000ecca0000)
  eden space 8192K,   0% used [0x00000000e3400000, 0x00000000e3400000, 0x00000000e3c00000)
  from space 1024K,  64% used [0x00000000e3c00000, 0x00000000e3ca5a18, 0x00000000e3d00000)
  to   space 1024K,   0% used [0x00000000e3d00000, 0x00000000e3d00000, 0x00000000e3e00000)
 concurrent mark-sweep generation total 42216K, used 25334K [0x00000000ecca0000, 0x00000000ef5da000, 0x0000000100000000)
 Metaspace       used 32723K, capacity 33964K, committed 34176K, reserved 1079296K
  class space    used 4093K, capacity 4352K, committed 4480K, reserved 1048576K
}
2020-11-07T19:55:39.707+0800: 22.857: Application time: 0.0084965 seconds
2020-11-07T19:55:39.708+0800: 22.857: [GC (CMS Initial Mark) [1 CMS-initial-mark: 25334K(42216K)] 27644K(51432K), 0.0039601 secs] [Times: user=0.01 sys=0.00, real=0.00 secs] 
2020-11-07T19:55:39.712+0800: 22.861: [CMS-concurrent-mark-start]
2020-11-07T19:55:39.773+0800: 22.923: Application time: 0.0618281 seconds
{Heap before GC invocations=334 (full 39):
 par new generation   total 9216K, used 8854K [0x00000000e3400000, 0x00000000e3e00000, 0x00000000ecca0000)
  eden space 8192K, 100% used [0x00000000e3400000, 0x00000000e3c00000, 0x00000000e3c00000)
  from space 1024K,  64% used [0x00000000e3c00000, 0x00000000e3ca5a18, 0x00000000e3d00000)
  to   space 1024K,   0% used [0x00000000e3d00000, 0x00000000e3d00000, 0x00000000e3e00000)
 concurrent mark-sweep generation total 42216K, used 25334K [0x00000000ecca0000, 0x00000000ef5da000, 0x0000000100000000)
 Metaspace       used 32787K, capacity 34060K, committed 34176K, reserved 1079296K
  class space    used 4104K, capacity 4384K, committed 4480K, reserved 1048576K
2020-11-07T19:55:39.774+0800: 22.923: [GC (Allocation Failure) 2020-11-07T19:55:39.774+0800: 22.923: [ParNew: 8854K->684K(9216K), 0.0158292 secs] 34188K->26090K(51432K), 0.0159197 secs] [Times: user=0.01 sys=0.00, real=0.02 secs] 
Heap after GC invocations=335 (full 39):
 par new generation   total 9216K, used 684K [0x00000000e3400000, 0x00000000e3e00000, 0x00000000ecca0000)
  eden space 8192K,   0% used [0x00000000e3400000, 0x00000000e3400000, 0x00000000e3c00000)
  from space 1024K,  66% used [0x00000000e3d00000, 0x00000000e3dab298, 0x00000000e3e00000)
  to   space 1024K,   0% used [0x00000000e3c00000, 0x00000000e3c00000, 0x00000000e3d00000)
 concurrent mark-sweep generation total 42216K, used 25405K [0x00000000ecca0000, 0x00000000ef5da000, 0x0000000100000000)
 Metaspace       used 32787K, capacity 34060K, committed 34176K, reserved 1079296K
  class space    used 4104K, capacity 4384K, committed 4480K, reserved 1048576K
}
2020-11-07T19:55:39.861+0800: 23.011: Application time: 0.0717114 seconds
{Heap before GC invocations=335 (full 39):
 par new generation   total 9216K, used 8876K [0x00000000e3400000, 0x00000000e3e00000, 0x00000000ecca0000)
  eden space 8192K, 100% used [0x00000000e3400000, 0x00000000e3c00000, 0x00000000e3c00000)
  from space 1024K,  66% used [0x00000000e3d00000, 0x00000000e3dab298, 0x00000000e3e00000)
  to   space 1024K,   0% used [0x00000000e3c00000, 0x00000000e3c00000, 0x00000000e3d00000)
 concurrent mark-sweep generation total 42216K, used 25405K [0x00000000ecca0000, 0x00000000ef5da000, 0x0000000100000000)
 Metaspace       used 32839K, capacity 34060K, committed 34176K, reserved 1079296K
  class space    used 4115K, capacity 4384K, committed 4480K, reserved 1048576K
2020-11-07T19:55:39.861+0800: 23.011: [GC (Allocation Failure) 2020-11-07T19:55:39.861+0800: 23.011: [ParNew: 8876K->544K(9216K), 0.0184901 secs] 34282K->26010K(51432K), 0.0185431 secs] [Times: user=0.02 sys=0.00, real=0.02 secs] 
Heap after GC invocations=336 (full 39):
 par new generation   total 9216K, used 544K [0x00000000e3400000, 0x00000000e3e00000, 0x00000000ecca0000)
  eden space 8192K,   0% used [0x00000000e3400000, 0x00000000e3400000, 0x00000000e3c00000)
  from space 1024K,  53% used [0x00000000e3c00000, 0x00000000e3c88270, 0x00000000e3d00000)
  to   space 1024K,   0% used [0x00000000e3d00000, 0x00000000e3d00000, 0x00000000e3e00000)
 concurrent mark-sweep generation total 42216K, used 25466K [0x00000000ecca0000, 0x00000000ef5da000, 0x0000000100000000)
 Metaspace       used 32839K, capacity 34060K, committed 34176K, reserved 1079296K
  class space    used 4115K, capacity 4384K, committed 4480K, reserved 1048576K
}
2020-11-07T19:55:39.886+0800: 23.036: [CMS-concurrent-mark: 0.134/0.175 secs] [Times: user=0.17 sys=0.00, real=0.18 secs] 
2020-11-07T19:55:39.886+0800: 23.036: [CMS-concurrent-preclean-start]
2020-11-07T19:55:39.908+0800: 23.057: [CMS-concurrent-preclean: 0.021/0.021 secs] [Times: user=0.02 sys=0.00, real=0.02 secs] 
2020-11-07T19:55:39.908+0800: 23.057: [CMS-concurrent-abortable-preclean-start]
2020-11-07T19:55:39.931+0800: 23.081: Application time: 0.0508444 seconds
{Heap before GC invocations=336 (full 39):
 par new generation   total 9216K, used 8736K [0x00000000e3400000, 0x00000000e3e00000, 0x00000000ecca0000)
  eden space 8192K, 100% used [0x00000000e3400000, 0x00000000e3c00000, 0x00000000e3c00000)
  from space 1024K,  53% used [0x00000000e3c00000, 0x00000000e3c88270, 0x00000000e3d00000)
  to   space 1024K,   0% used [0x00000000e3d00000, 0x00000000e3d00000, 0x00000000e3e00000)
 concurrent mark-sweep generation total 42216K, used 25466K [0x00000000ecca0000, 0x00000000ef5da000, 0x0000000100000000)
 Metaspace       used 32872K, capacity 34124K, committed 34432K, reserved 1079296K
  class space    used 4122K, capacity 4384K, committed 4480K, reserved 1048576K
2020-11-07T19:55:39.931+0800: 23.081: [GC (Allocation Failure) 2020-11-07T19:55:39.931+0800: 23.081: [ParNew: 8736K->739K(9216K), 0.0226510 secs] 34202K->26333K(51432K), 0.0227493 secs] [Times: user=0.02 sys=0.01, real=0.02 secs] 
Heap after GC invocations=337 (full 39):
 par new generation   total 9216K, used 739K [0x00000000e3400000, 0x00000000e3e00000, 0x00000000ecca0000)
  eden space 8192K,   0% used [0x00000000e3400000, 0x00000000e3400000, 0x00000000e3c00000)
  from space 1024K,  72% used [0x00000000e3d00000, 0x00000000e3db8ed0, 0x00000000e3e00000)
  to   space 1024K,   0% used [0x00000000e3c00000, 0x00000000e3c00000, 0x00000000e3d00000)
 concurrent mark-sweep generation total 42216K, used 25593K [0x00000000ecca0000, 0x00000000ef5da000, 0x0000000100000000)
 Metaspace       used 32872K, capacity 34124K, committed 34432K, reserved 1079296K
  class space    used 4122K, capacity 4384K, committed 4480K, reserved 1048576K
}
2020-11-07T19:55:39.999+0800: 23.148: Application time: 0.0448890 seconds
{Heap before GC invocations=337 (full 39):
 par new generation   total 9216K, used 8931K [0x00000000e3400000, 0x00000000e3e00000, 0x00000000ecca0000)
  eden space 8192K, 100% used [0x00000000e3400000, 0x00000000e3c00000, 0x00000000e3c00000)
  from space 1024K,  72% used [0x00000000e3d00000, 0x00000000e3db8ed0, 0x00000000e3e00000)
  to   space 1024K,   0% used [0x00000000e3c00000, 0x00000000e3c00000, 0x00000000e3d00000)
 concurrent mark-sweep generation total 42216K, used 25593K [0x00000000ecca0000, 0x00000000ef5da000, 0x0000000100000000)
 Metaspace       used 32917K, capacity 34162K, committed 34432K, reserved 1079296K
  class space    used 4129K, capacity 4417K, committed 4480K, reserved 1048576K
2020-11-07T19:55:39.999+0800: 23.149: [GC (Allocation Failure) 2020-11-07T19:55:39.999+0800: 23.149: [ParNew: 8931K->484K(9216K), 0.0206942 secs] 34525K->26077K(51432K), 0.0207502 secs] [Times: user=0.02 sys=0.00, real=0.02 secs] 
Heap after GC invocations=338 (full 39):
 par new generation   total 9216K, used 484K [0x00000000e3400000, 0x00000000e3e00000, 0x00000000ecca0000)
  eden space 8192K,   0% used [0x00000000e3400000, 0x00000000e3400000, 0x00000000e3c00000)
  from space 1024K,  47% used [0x00000000e3c00000, 0x00000000e3c79118, 0x00000000e3d00000)
  to   space 1024K,   0% used [0x00000000e3d00000, 0x00000000e3d00000, 0x00000000e3e00000)
 concurrent mark-sweep generation total 42216K, used 25593K [0x00000000ecca0000, 0x00000000ef5da000, 0x0000000100000000)
 Metaspace       used 32917K, capacity 34162K, committed 34432K, reserved 1079296K
  class space    used 4129K, capacity 4417K, committed 4480K, reserved 1048576K
}
2020-11-07T19:55:40.020+0800: 23.169: [CMS-concurrent-abortable-preclean: 0.045/0.112 secs] [Times: user=0.11 sys=0.01, real=0.11 secs] 
2020-11-07T19:55:40.024+0800: 23.173: Application time: 0.0038677 seconds
2020-11-07T19:55:40.024+0800: 23.173: [GC (CMS Final Remark) [YG occupancy: 1467 K (9216 K)]2020-11-07T19:55:40.024+0800: 23.173: [Rescan (parallel) , 0.0046782 secs]2020-11-07T19:55:40.028+0800: 23.178: [weak refs processing, 0.0000608 secs]2020-11-07T19:55:40.028+0800: 23.178: [class unloading, 0.0106381 secs]2020-11-07T19:55:40.039+0800: 23.189: [scrub symbol table, 0.0187601 secs]2020-11-07T19:55:40.058+0800: 23.208: [scrub string table, 0.0006967 secs][1 CMS-remark: 25593K(42216K)] 27061K(51432K), 0.0350371 secs] [Times: user=0.04 sys=0.00, real=0.04 secs] 
2020-11-07T19:55:40.064+0800: 23.213: [CMS-concurrent-sweep-start]
2020-11-07T19:55:40.100+0800: 23.249: [CMS-concurrent-sweep: 0.036/0.036 secs] [Times: user=0.04 sys=0.00, real=0.04 secs] 
2020-11-07T19:55:40.100+0800: 23.249: [CMS-concurrent-reset-start]
2020-11-07T19:55:40.101+0800: 23.251: [CMS-concurrent-reset: 0.001/0.001 secs] [Times: user=0.00 sys=0.00, real=0.00 secs] 
2020-11-07T19:55:40.114+0800: 23.264: Application time: 0.0557113 seconds
{Heap before GC invocations=338 (full 39):
 par new generation   total 9216K, used 8676K [0x00000000e3400000, 0x00000000e3e00000, 0x00000000ecca0000)
  eden space 8192K, 100% used [0x00000000e3400000, 0x00000000e3c00000, 0x00000000e3c00000)
  from space 1024K,  47% used [0x00000000e3c00000, 0x00000000e3c79118, 0x00000000e3d00000)
  to   space 1024K,   0% used [0x00000000e3d00000, 0x00000000e3d00000, 0x00000000e3e00000)
 concurrent mark-sweep generation total 42216K, used 25247K [0x00000000ecca0000, 0x00000000ef5da000, 0x0000000100000000)
 Metaspace       used 32988K, capacity 34220K, committed 34432K, reserved 1079296K
  class space    used 4138K, capacity 4416K, committed 4480K, reserved 1048576K
2020-11-07T19:55:40.115+0800: 23.264: [GC (Allocation Failure) 2020-11-07T19:55:40.115+0800: 23.264: [ParNew: 8676K->624K(9216K), 0.0160474 secs] 33923K->25897K(51432K), 0.0161392 secs] [Times: user=0.02 sys=0.00, real=0.01 secs] 
Heap after GC invocations=339 (full 39):
 par new generation   total 9216K, used 624K [0x00000000e3400000, 0x00000000e3e00000, 0x00000000ecca0000)
  eden space 8192K,   0% used [0x00000000e3400000, 0x00000000e3400000, 0x00000000e3c00000)
  from space 1024K,  60% used [0x00000000e3d00000, 0x00000000e3d9c1d8, 0x00000000e3e00000)
  to   space 1024K,   0% used [0x00000000e3c00000, 0x00000000e3c00000, 0x00000000e3d00000)
 concurrent mark-sweep generation total 42216K, used 25272K [0x00000000ecca0000, 0x00000000ef5da000, 0x0000000100000000)
 Metaspace       used 32988K, capacity 34220K, committed 34432K, reserved 1079296K
  class space    used 4138K, capacity 4416K, committed 4480K, reserved 1048576K
}
2020-11-07T19:55:40.166+0800: 23.316: Application time: 0.0350085 seconds
{Heap before GC invocations=339 (full 39):
 par new generation   total 9216K, used 8816K [0x00000000e3400000, 0x00000000e3e00000, 0x00000000ecca0000)
  eden space 8192K, 100% used [0x00000000e3400000, 0x00000000e3c00000, 0x00000000e3c00000)
  from space 1024K,  60% used [0x00000000e3d00000, 0x00000000e3d9c1d8, 0x00000000e3e00000)
  to   space 1024K,   0% used [0x00000000e3c00000, 0x00000000e3c00000, 0x00000000e3d00000)
 concurrent mark-sweep generation total 42216K, used 25272K [0x00000000ecca0000, 0x00000000ef5da000, 0x0000000100000000)
 Metaspace       used 33077K, capacity 34348K, committed 34432K, reserved 1079296K
  class space    used 4149K, capacity 4416K, committed 4480K, reserved 1048576K
2020-11-07T19:55:40.166+0800: 23.316: [GC (Allocation Failure) 2020-11-07T19:55:40.166+0800: 23.316: [ParNew: 8816K->895K(9216K), 0.0152766 secs] 34089K->26204K(51432K), 0.0153260 secs] [Times: user=0.01 sys=0.00, real=0.01 secs] 
Heap after GC invocations=340 (full 39):
 par new generation   total 9216K, used 895K [0x00000000e3400000, 0x00000000e3e00000, 0x00000000ecca0000)
  eden space 8192K,   0% used [0x00000000e3400000, 0x00000000e3400000, 0x00000000e3c00000)
  from space 1024K,  87% used [0x00000000e3c00000, 0x00000000e3cdfe98, 0x00000000e3d00000)
  to   space 1024K,   0% used [0x00000000e3d00000, 0x00000000e3d00000, 0x00000000e3e00000)
 concurrent mark-sweep generation total 42216K, used 25309K [0x00000000ecca0000, 0x00000000ef5da000, 0x0000000100000000)
 Metaspace       used 33077K, capacity 34348K, committed 34432K, reserved 1079296K
  class space    used 4149K, capacity 4416K, committed 4480K, reserved 1048576K
}
2020-11-07T19:55:40.245+0800: 23.394: Application time: 0.0632916 seconds
{Heap before GC invocations=340 (full 39):
 par new generation   total 9216K, used 9087K [0x00000000e3400000, 0x00000000e3e00000, 0x00000000ecca0000)
  eden space 8192K, 100% used [0x00000000e3400000, 0x00000000e3c00000, 0x00000000e3c00000)
  from space 1024K,  87% used [0x00000000e3c00000, 0x00000000e3cdfe98, 0x00000000e3d00000)
  to   space 1024K,   0% used [0x00000000e3d00000, 0x00000000e3d00000, 0x00000000e3e00000)
 concurrent mark-sweep generation total 42216K, used 25309K [0x00000000ecca0000, 0x00000000ef5da000, 0x0000000100000000)
 Metaspace       used 33169K, capacity 34444K, committed 34688K, reserved 1079296K
  class space    used 4163K, capacity 4448K, committed 4480K, reserved 1048576K
2020-11-07T19:55:40.245+0800: 23.395: [GC (Allocation Failure) 2020-11-07T19:55:40.245+0800: 23.395: [ParNew: 9087K->817K(9216K), 0.0229141 secs] 34396K->26343K(51432K), 0.0229663 secs] [Times: user=0.02 sys=0.00, real=0.02 secs] 
Heap after GC invocations=341 (full 39):
 par new generation   total 9216K, used 817K [0x00000000e3400000, 0x00000000e3e00000, 0x00000000ecca0000)
  eden space 8192K,   0% used [0x00000000e3400000, 0x00000000e3400000, 0x00000000e3c00000)
  from space 1024K,  79% used [0x00000000e3d00000, 0x00000000e3dcc540, 0x00000000e3e00000)
  to   space 1024K,   0% used [0x00000000e3c00000, 0x00000000e3c00000, 0x00000000e3d00000)
 concurrent mark-sweep generation total 42216K, used 25525K [0x00000000ecca0000, 0x00000000ef5da000, 0x0000000100000000)
 Metaspace       used 33169K, capacity 34444K, committed 34688K, reserved 1079296K
  class space    used 4163K, capacity 4448K, committed 4480K, reserved 1048576K
}
2020-11-07T19:55:40.272+0800: 23.422: Application time: 0.0042155 seconds
2020-11-07T19:55:40.272+0800: 23.422: [GC (CMS Initial Mark) [1 CMS-initial-mark: 25525K(42216K)] 28310K(51432K), 0.0036094 secs] [Times: user=0.00 sys=0.00, real=0.01 secs] 
2020-11-07T19:55:40.276+0800: 23.426: [CMS-concurrent-mark-start]
2020-11-07T19:55:40.333+0800: 23.483: Application time: 0.0576294 seconds
{Heap before GC invocations=341 (full 40):
 par new generation   total 9216K, used 9009K [0x00000000e3400000, 0x00000000e3e00000, 0x00000000ecca0000)
  eden space 8192K, 100% used [0x00000000e3400000, 0x00000000e3c00000, 0x00000000e3c00000)
  from space 1024K,  79% used [0x00000000e3d00000, 0x00000000e3dcc540, 0x00000000e3e00000)
  to   space 1024K,   0% used [0x00000000e3c00000, 0x00000000e3c00000, 0x00000000e3d00000)
 concurrent mark-sweep generation total 42216K, used 25525K [0x00000000ecca0000, 0x00000000ef5da000, 0x0000000100000000)
 Metaspace       used 33240K, capacity 34508K, committed 34688K, reserved 1079296K
  class space    used 4177K, capacity 4448K, committed 4480K, reserved 1048576K
2020-11-07T19:55:40.334+0800: 23.483: [GC (Allocation Failure) 2020-11-07T19:55:40.334+0800: 23.483: [ParNew: 9009K->632K(9216K), 0.0291975 secs] 34535K->26374K(51432K), 0.0292730 secs] [Times: user=0.03 sys=0.00, real=0.03 secs] 
Heap after GC invocations=342 (full 40):
 par new generation   total 9216K, used 632K [0x00000000e3400000, 0x00000000e3e00000, 0x00000000ecca0000)
  eden space 8192K,   0% used [0x00000000e3400000, 0x00000000e3400000, 0x00000000e3c00000)
  from space 1024K,  61% used [0x00000000e3c00000, 0x00000000e3c9e270, 0x00000000e3d00000)
  to   space 1024K,   0% used [0x00000000e3d00000, 0x00000000e3d00000, 0x00000000e3e00000)
 concurrent mark-sweep generation total 42216K, used 25742K [0x00000000ecca0000, 0x00000000ef5da000, 0x0000000100000000)
 Metaspace       used 33240K, capacity 34508K, committed 34688K, reserved 1079296K
  class space    used 4177K, capacity 4448K, committed 4480K, reserved 1048576K
}
2020-11-07T19:55:40.436+0800: 23.585: Application time: 0.0726237 seconds
{Heap before GC invocations=342 (full 40):
 par new generation   total 9216K, used 8824K [0x00000000e3400000, 0x00000000e3e00000, 0x00000000ecca0000)
  eden space 8192K, 100% used [0x00000000e3400000, 0x00000000e3c00000, 0x00000000e3c00000)
  from space 1024K,  61% used [0x00000000e3c00000, 0x00000000e3c9e270, 0x00000000e3d00000)
  to   space 1024K,   0% used [0x00000000e3d00000, 0x00000000e3d00000, 0x00000000e3e00000)
 concurrent mark-sweep generation total 42216K, used 25742K [0x00000000ecca0000, 0x00000000ef5da000, 0x0000000100000000)
 Metaspace       used 33339K, capacity 34604K, committed 34816K, reserved 1079296K
  class space    used 4193K, capacity 4480K, committed 4608K, reserved 1048576K
2020-11-07T19:55:40.436+0800: 23.585: [GC (Allocation Failure) 2020-11-07T19:55:40.436+0800: 23.585: [ParNew: 8824K->747K(9216K), 0.0238438 secs] 34566K->26489K(51432K), 0.0239063 secs] [Times: user=0.02 sys=0.00, real=0.02 secs] 
Heap after GC invocations=343 (full 40):
 par new generation   total 9216K, used 747K [0x00000000e3400000, 0x00000000e3e00000, 0x00000000ecca0000)
  eden space 8192K,   0% used [0x00000000e3400000, 0x00000000e3400000, 0x00000000e3c00000)
  from space 1024K,  72% used [0x00000000e3d00000, 0x00000000e3dbada8, 0x00000000e3e00000)
  to   space 1024K,   0% used [0x00000000e3c00000, 0x00000000e3c00000, 0x00000000e3d00000)
 concurrent mark-sweep generation total 42216K, used 25742K [0x00000000ecca0000, 0x00000000ef5da000, 0x0000000100000000)
 Metaspace       used 33339K, capacity 34604K, committed 34816K, reserved 1079296K
  class space    used 4193K, capacity 4480K, committed 4608K, reserved 1048576K
}
2020-11-07T19:55:40.464+0800: 23.614: [CMS-concurrent-mark: 0.129/0.188 secs] [Times: user=0.19 sys=0.00, real=0.18 secs] 
2020-11-07T19:55:40.464+0800: 23.614: [CMS-concurrent-preclean-start]
2020-11-07T19:55:40.485+0800: 23.635: [CMS-concurrent-preclean: 0.021/0.021 secs] [Times: user=0.02 sys=0.00, real=0.03 secs] 
2020-11-07T19:55:40.495+0800: 23.644: Application time: 0.0348890 seconds
2020-11-07T19:55:40.498+0800: 23.648: [GC (CMS Final Remark) [YG occupancy: 1567 K (9216 K)]2020-11-07T19:55:40.498+0800: 23.648: [Rescan (parallel) , 0.0042569 secs]2020-11-07T19:55:40.502+0800: 23.652: [weak refs processing, 0.0001181 secs]2020-11-07T19:55:40.502+0800: 23.652: [class unloading, 0.0110547 secs]2020-11-07T19:55:40.514+0800: 23.663: [scrub symbol table, 0.0124277 secs]2020-11-07T19:55:40.526+0800: 23.676: [scrub string table, 0.0008852 secs][1 CMS-remark: 25742K(42216K)] 27310K(51432K), 0.0289840 secs] [Times: user=0.03 sys=0.00, real=0.03 secs] 
2020-11-07T19:55:40.540+0800: 23.690: [CMS-concurrent-sweep-start]
2020-11-07T19:55:40.568+0800: 23.717: [CMS-concurrent-sweep: 0.027/0.027 secs] [Times: user=0.03 sys=0.00, real=0.03 secs] 
2020-11-07T19:55:40.568+0800: 23.717: [CMS-concurrent-reset-start]
2020-11-07T19:55:40.569+0800: 23.718: [CMS-concurrent-reset: 0.001/0.001 secs] [Times: user=0.00 sys=0.00, real=0.00 secs] 
2020-11-07T19:55:40.717+0800: 23.867: Application time: 0.1897945 seconds
{Heap before GC invocations=343 (full 40):
 par new generation   total 9216K, used 8939K [0x00000000e3400000, 0x00000000e3e00000, 0x00000000ecca0000)
  eden space 8192K, 100% used [0x00000000e3400000, 0x00000000e3c00000, 0x00000000e3c00000)
  from space 1024K,  72% used [0x00000000e3d00000, 0x00000000e3dbada8, 0x00000000e3e00000)
  to   space 1024K,   0% used [0x00000000e3c00000, 0x00000000e3c00000, 0x00000000e3d00000)
 concurrent mark-sweep generation total 42860K, used 25714K [0x00000000ecca0000, 0x00000000ef67b000, 0x0000000100000000)
 Metaspace       used 33391K, capacity 34620K, committed 34816K, reserved 1079296K
  class space    used 4194K, capacity 4480K, committed 4608K, reserved 1048576K
2020-11-07T19:55:40.717+0800: 23.867: [GC (Allocation Failure) 2020-11-07T19:55:40.717+0800: 23.867: [ParNew: 8939K->246K(9216K), 0.0061716 secs] 34654K->26075K(52076K), 0.0062423 secs] [Times: user=0.01 sys=0.00, real=0.00 secs] 
Heap after GC invocations=344 (full 40):
 par new generation   total 9216K, used 246K [0x00000000e3400000, 0x00000000e3e00000, 0x00000000ecca0000)
  eden space 8192K,   0% used [0x00000000e3400000, 0x00000000e3400000, 0x00000000e3c00000)
  from space 1024K,  24% used [0x00000000e3c00000, 0x00000000e3c3da60, 0x00000000e3d00000)
  to   space 1024K,   0% used [0x00000000e3d00000, 0x00000000e3d00000, 0x00000000e3e00000)
 concurrent mark-sweep generation total 42860K, used 25828K [0x00000000ecca0000, 0x00000000ef67b000, 0x0000000100000000)
 Metaspace       used 33391K, capacity 34620K, committed 34816K, reserved 1079296K
  class space    used 4194K, capacity 4480K, committed 4608K, reserved 1048576K
}
2020-11-07T19:55:40.730+0800: 23.880: Application time: 0.0068579 seconds
2020-11-07T19:55:40.730+0800: 23.880: [GC (CMS Initial Mark) [1 CMS-initial-mark: 25828K(42860K)] 26566K(52076K), 0.0027962 secs] [Times: user=0.00 sys=0.00, real=0.00 secs] 
2020-11-07T19:55:40.733+0800: 23.883: [CMS-concurrent-mark-start]
2020-11-07T19:55:40.889+0800: 24.039: [CMS-concurrent-mark: 0.156/0.156 secs] [Times: user=0.15 sys=0.01, real=0.16 secs] 
2020-11-07T19:55:40.889+0800: 24.039: [CMS-concurrent-preclean-start]
2020-11-07T19:55:40.891+0800: 24.041: [CMS-concurrent-preclean: 0.002/0.002 secs] [Times: user=0.01 sys=0.00, real=0.00 secs] 
2020-11-07T19:55:40.891+0800: 24.041: [CMS-concurrent-abortable-preclean-start]
2020-11-07T19:55:40.960+0800: 24.109: Application time: 0.2266788 seconds
{Heap before GC invocations=344 (full 41):
 par new generation   total 9216K, used 8438K [0x00000000e3400000, 0x00000000e3e00000, 0x00000000ecca0000)
  eden space 8192K, 100% used [0x00000000e3400000, 0x00000000e3c00000, 0x00000000e3c00000)
  from space 1024K,  24% used [0x00000000e3c00000, 0x00000000e3c3da60, 0x00000000e3d00000)
  to   space 1024K,   0% used [0x00000000e3d00000, 0x00000000e3d00000, 0x00000000e3e00000)
 concurrent mark-sweep generation total 42860K, used 25828K [0x00000000ecca0000, 0x00000000ef67b000, 0x0000000100000000)
 Metaspace       used 33632K, capacity 34888K, committed 35072K, reserved 1079296K
  class space    used 4215K, capacity 4482K, committed 4608K, reserved 1048576K
2020-11-07T19:55:40.960+0800: 24.110: [GC (Allocation Failure) 2020-11-07T19:55:40.960+0800: 24.110: [ParNew: 8438K->891K(9216K), 0.0238127 secs] 34267K->26719K(52076K), 0.0239231 secs] [Times: user=0.03 sys=0.00, real=0.02 secs] 
Heap after GC invocations=345 (full 41):
 par new generation   total 9216K, used 891K [0x00000000e3400000, 0x00000000e3e00000, 0x00000000ecca0000)
  eden space 8192K,   0% used [0x00000000e3400000, 0x00000000e3400000, 0x00000000e3c00000)
  from space 1024K,  87% used [0x00000000e3d00000, 0x00000000e3ddecd8, 0x00000000e3e00000)
  to   space 1024K,   0% used [0x00000000e3c00000, 0x00000000e3c00000, 0x00000000e3d00000)
 concurrent mark-sweep generation total 42860K, used 25828K [0x00000000ecca0000, 0x00000000ef67b000, 0x0000000100000000)
 Metaspace       used 33632K, capacity 34888K, committed 35072K, reserved 1079296K
  class space    used 4215K, capacity 4482K, committed 4608K, reserved 1048576K
}
2020-11-07T19:55:41.072+0800: 24.221: Application time: 0.0876615 seconds
{Heap before GC invocations=345 (full 41):
 par new generation   total 9216K, used 9083K [0x00000000e3400000, 0x00000000e3e00000, 0x00000000ecca0000)
  eden space 8192K, 100% used [0x00000000e3400000, 0x00000000e3c00000, 0x00000000e3c00000)
  from space 1024K,  87% used [0x00000000e3d00000, 0x00000000e3ddecd8, 0x00000000e3e00000)
  to   space 1024K,   0% used [0x00000000e3c00000, 0x00000000e3c00000, 0x00000000e3d00000)
 concurrent mark-sweep generation total 42860K, used 25828K [0x00000000ecca0000, 0x00000000ef67b000, 0x0000000100000000)
 Metaspace       used 33739K, capacity 34990K, committed 35328K, reserved 1079296K
  class space    used 4223K, capacity 4515K, committed 4608K, reserved 1048576K
2020-11-07T19:55:41.072+0800: 24.222: [GC (Allocation Failure) 2020-11-07T19:55:41.072+0800: 24.222: [ParNew: 9083K->449K(9216K), 0.0244940 secs] 34911K->26948K(52076K), 0.0245495 secs] [Times: user=0.02 sys=0.00, real=0.03 secs] 
Heap after GC invocations=346 (full 41):
 par new generation   total 9216K, used 449K [0x00000000e3400000, 0x00000000e3e00000, 0x00000000ecca0000)
  eden space 8192K,   0% used [0x00000000e3400000, 0x00000000e3400000, 0x00000000e3c00000)
  from space 1024K,  43% used [0x00000000e3c00000, 0x00000000e3c706c8, 0x00000000e3d00000)
  to   space 1024K,   0% used [0x00000000e3d00000, 0x00000000e3d00000, 0x00000000e3e00000)
 concurrent mark-sweep generation total 42860K, used 26498K [0x00000000ecca0000, 0x00000000ef67b000, 0x0000000100000000)
 Metaspace       used 33739K, capacity 34990K, committed 35328K, reserved 1079296K
  class space    used 4223K, capacity 4515K, committed 4608K, reserved 1048576K
}
2020-11-07T19:55:41.230+0800: 24.379: Application time: 0.1330664 seconds
{Heap before GC invocations=346 (full 41):
 par new generation   total 9216K, used 8641K [0x00000000e3400000, 0x00000000e3e00000, 0x00000000ecca0000)
  eden space 8192K, 100% used [0x00000000e3400000, 0x00000000e3c00000, 0x00000000e3c00000)
  from space 1024K,  43% used [0x00000000e3c00000, 0x00000000e3c706c8, 0x00000000e3d00000)
  to   space 1024K,   0% used [0x00000000e3d00000, 0x00000000e3d00000, 0x00000000e3e00000)
 concurrent mark-sweep generation total 42860K, used 26498K [0x00000000ecca0000, 0x00000000ef67b000, 0x0000000100000000)
 Metaspace       used 33952K, capacity 35220K, committed 35328K, reserved 1079296K
  class space    used 4242K, capacity 4548K, committed 4608K, reserved 1048576K
2020-11-07T19:55:41.230+0800: 24.379: [GC (Allocation Failure) 2020-11-07T19:55:41.230+0800: 24.379: [ParNew2020-11-07T19:55:41.236+0800: 24.386: [CMS-concurrent-abortable-preclean: 0.063/0.345 secs] [Times: user=0.34 sys=0.00, real=0.35 secs] 
: 8641K->461K(9216K), 0.0067261 secs] 35140K->26959K(52076K), 0.0067703 secs] [Times: user=0.01 sys=0.00, real=0.01 secs] 
Heap after GC invocations=347 (full 41):
 par new generation   total 9216K, used 461K [0x00000000e3400000, 0x00000000e3e00000, 0x00000000ecca0000)
  eden space 8192K,   0% used [0x00000000e3400000, 0x00000000e3400000, 0x00000000e3c00000)
  from space 1024K,  45% used [0x00000000e3d00000, 0x00000000e3d735e8, 0x00000000e3e00000)
  to   space 1024K,   0% used [0x00000000e3c00000, 0x00000000e3c00000, 0x00000000e3d00000)
 concurrent mark-sweep generation total 42860K, used 26498K [0x00000000ecca0000, 0x00000000ef67b000, 0x0000000100000000)
 Metaspace       used 33952K, capacity 35220K, committed 35328K, reserved 1079296K
  class space    used 4242K, capacity 4548K, committed 4608K, reserved 1048576K
}
2020-11-07T19:55:41.246+0800: 24.396: Application time: 0.0098379 seconds
2020-11-07T19:55:41.246+0800: 24.396: [GC (CMS Final Remark) [YG occupancy: 1772 K (9216 K)]2020-11-07T19:55:41.247+0800: 24.396: [Rescan (parallel) , 0.0041311 secs]2020-11-07T19:55:41.251+0800: 24.400: [weak refs processing, 0.0000648 secs]2020-11-07T19:55:41.251+0800: 24.400: [class unloading, 0.0110614 secs]2020-11-07T19:55:41.262+0800: 24.412: [scrub symbol table, 0.0110376 secs]2020-11-07T19:55:41.273+0800: 24.423: [scrub string table, 0.0007167 secs][1 CMS-remark: 26498K(42860K)] 28270K(52076K), 0.0272241 secs] [Times: user=0.02 sys=0.00, real=0.02 secs] 
2020-11-07T19:55:41.289+0800: 24.438: [CMS-concurrent-sweep-start]
2020-11-07T19:55:41.317+0800: 24.467: [CMS-concurrent-sweep: 0.029/0.029 secs] [Times: user=0.03 sys=0.00, real=0.03 secs] 
2020-11-07T19:55:41.318+0800: 24.467: [CMS-concurrent-reset-start]
2020-11-07T19:55:41.319+0800: 24.468: [CMS-concurrent-reset: 0.001/0.001 secs] [Times: user=0.00 sys=0.00, real=0.00 secs] 
2020-11-07T19:55:41.412+0800: 24.562: Application time: 0.1385860 seconds
{Heap before GC invocations=347 (full 41):
 par new generation   total 9216K, used 8653K [0x00000000e3400000, 0x00000000e3e00000, 0x00000000ecca0000)
  eden space 8192K, 100% used [0x00000000e3400000, 0x00000000e3c00000, 0x00000000e3c00000)
  from space 1024K,  45% used [0x00000000e3d00000, 0x00000000e3d735e8, 0x00000000e3e00000)
  to   space 1024K,   0% used [0x00000000e3c00000, 0x00000000e3c00000, 0x00000000e3d00000)
 concurrent mark-sweep generation total 43052K, used 25796K [0x00000000ecca0000, 0x00000000ef6ab000, 0x0000000100000000)
 Metaspace       used 34183K, capacity 35426K, committed 35584K, reserved 1081344K
  class space    used 4262K, capacity 4577K, committed 4608K, reserved 1048576K
2020-11-07T19:55:41.413+0800: 24.562: [GC (Allocation Failure) 2020-11-07T19:55:41.413+0800: 24.562: [ParNew: 8653K->1024K(9216K), 0.5550795 secs] 34449K->27096K(52268K), 0.5551528 secs] [Times: user=0.53 sys=0.02, real=0.56 secs] 
Heap after GC invocations=348 (full 41):
 par new generation   total 9216K, used 1024K [0x00000000e3400000, 0x00000000e3e00000, 0x00000000ecca0000)
  eden space 8192K,   0% used [0x00000000e3400000, 0x00000000e3400000, 0x00000000e3c00000)
  from space 1024K, 100% used [0x00000000e3c00000, 0x00000000e3d00000, 0x00000000e3d00000)
  to   space 1024K,   0% used [0x00000000e3d00000, 0x00000000e3d00000, 0x00000000e3e00000)
 concurrent mark-sweep generation total 43052K, used 26072K [0x00000000ecca0000, 0x00000000ef6ab000, 0x0000000100000000)
 Metaspace       used 34183K, capacity 35426K, committed 35584K, reserved 1081344K
  class space    used 4262K, capacity 4577K, committed 4608K, reserved 1048576K
}
2020-11-07T19:55:41.984+0800: 25.133: Application time: 0.0158347 seconds
2020-11-07T19:55:41.984+0800: 25.133: [GC (CMS Initial Mark) [1 CMS-initial-mark: 26072K(43052K)] 27915K(52268K), 0.0040032 secs] [Times: user=0.00 sys=0.00, real=0.01 secs] 
2020-11-07T19:55:41.988+0800: 25.137: [CMS-concurrent-mark-start]
2020-11-07T19:55:42.102+0800: 25.252: [CMS-concurrent-mark: 0.114/0.114 secs] [Times: user=0.11 sys=0.01, real=0.11 secs] 
2020-11-07T19:55:42.102+0800: 25.252: [CMS-concurrent-preclean-start]
2020-11-07T19:55:42.110+0800: 25.259: [CMS-concurrent-preclean: 0.007/0.007 secs] [Times: user=0.01 sys=0.00, real=0.01 secs] 
2020-11-07T19:55:42.110+0800: 25.259: [CMS-concurrent-abortable-preclean-start]
2020-11-07T19:55:42.179+0800: 25.328: Application time: 0.1910696 seconds
{Heap before GC invocations=348 (full 42):
 par new generation   total 9216K, used 9216K [0x00000000e3400000, 0x00000000e3e00000, 0x00000000ecca0000)
  eden space 8192K, 100% used [0x00000000e3400000, 0x00000000e3c00000, 0x00000000e3c00000)
  from space 1024K, 100% used [0x00000000e3c00000, 0x00000000e3d00000, 0x00000000e3d00000)
  to   space 1024K,   0% used [0x00000000e3d00000, 0x00000000e3d00000, 0x00000000e3e00000)
 concurrent mark-sweep generation total 43052K, used 26072K [0x00000000ecca0000, 0x00000000ef6ab000, 0x0000000100000000)
 Metaspace       used 34457K, capacity 35682K, committed 35840K, reserved 1081344K
  class space    used 4286K, capacity 4577K, committed 4608K, reserved 1048576K
2020-11-07T19:55:42.179+0800: 25.329: [GC (Allocation Failure) 2020-11-07T19:55:42.179+0800: 25.329: [ParNew: 9216K->653K(9216K), 0.0211711 secs] 35288K->27719K(52268K), 0.0212456 secs] [Times: user=0.02 sys=0.00, real=0.02 secs] 
Heap after GC invocations=349 (full 42):
 par new generation   total 9216K, used 653K [0x00000000e3400000, 0x00000000e3e00000, 0x00000000ecca0000)
  eden space 8192K,   0% used [0x00000000e3400000, 0x00000000e3400000, 0x00000000e3c00000)
  from space 1024K,  63% used [0x00000000e3d00000, 0x00000000e3da34e0, 0x00000000e3e00000)
  to   space 1024K,   0% used [0x00000000e3c00000, 0x00000000e3c00000, 0x00000000e3d00000)
 concurrent mark-sweep generation total 43052K, used 27065K [0x00000000ecca0000, 0x00000000ef6ab000, 0x0000000100000000)
 Metaspace       used 34457K, capacity 35682K, committed 35840K, reserved 1081344K
  class space    used 4286K, capacity 4577K, committed 4608K, reserved 1048576K
}
2020-11-07T19:55:42.305+0800: 25.455: Application time: 0.1051461 seconds
{Heap before GC invocations=349 (full 42):
 par new generation   total 9216K, used 8845K [0x00000000e3400000, 0x00000000e3e00000, 0x00000000ecca0000)
  eden space 8192K, 100% used [0x00000000e3400000, 0x00000000e3c00000, 0x00000000e3c00000)
  from space 1024K,  63% used [0x00000000e3d00000, 0x00000000e3da34e0, 0x00000000e3e00000)
  to   space 1024K,   0% used [0x00000000e3c00000, 0x00000000e3c00000, 0x00000000e3d00000)
 concurrent mark-sweep generation total 43052K, used 27065K [0x00000000ecca0000, 0x00000000ef6ab000, 0x0000000100000000)
 Metaspace       used 34690K, capacity 35912K, committed 36224K, reserved 1081344K
  class space    used 4309K, capacity 4610K, committed 4736K, reserved 1048576K
2020-11-07T19:55:42.306+0800: 25.455: [GC (Allocation Failure) 2020-11-07T19:55:42.306+0800: 25.455: [ParNew2020-11-07T19:55:42.315+0800: 25.465: [CMS-concurrent-abortable-preclean: 0.035/0.206 secs] [Times: user=0.19 sys=0.01, real=0.21 secs] 
: 8845K->545K(9216K), 0.0160647 secs] 35911K->27611K(52268K), 0.0161162 secs] [Times: user=0.01 sys=0.01, real=0.01 secs] 
Heap after GC invocations=350 (full 42):
 par new generation   total 9216K, used 545K [0x00000000e3400000, 0x00000000e3e00000, 0x00000000ecca0000)
  eden space 8192K,   0% used [0x00000000e3400000, 0x00000000e3400000, 0x00000000e3c00000)
  from space 1024K,  53% used [0x00000000e3c00000, 0x00000000e3c885e8, 0x00000000e3d00000)
  to   space 1024K,   0% used [0x00000000e3d00000, 0x00000000e3d00000, 0x00000000e3e00000)
 concurrent mark-sweep generation total 43052K, used 27065K [0x00000000ecca0000, 0x00000000ef6ab000, 0x0000000100000000)
 Metaspace       used 34690K, capacity 35912K, committed 36224K, reserved 1081344K
  class space    used 4309K, capacity 4610K, committed 4736K, reserved 1048576K
}
2020-11-07T19:55:42.326+0800: 25.475: Application time: 0.0038965 seconds
2020-11-07T19:55:42.326+0800: 25.475: [GC (CMS Final Remark) [YG occupancy: 1692 K (9216 K)]2020-11-07T19:55:42.326+0800: 25.475: [Rescan (parallel) , 0.0147476 secs]2020-11-07T19:55:42.341+0800: 25.490: [weak refs processing, 0.0012379 secs]2020-11-07T19:55:42.342+0800: 25.491: [class unloading, 0.0081102 secs]2020-11-07T19:55:42.350+0800: 25.500: [scrub symbol table, 0.0106268 secs]2020-11-07T19:55:42.361+0800: 25.510: [scrub string table, 0.0007361 secs][1 CMS-remark: 27065K(43052K)] 28758K(52268K), 0.0356775 secs] [Times: user=0.04 sys=0.00, real=0.03 secs] 
2020-11-07T19:55:42.365+0800: 25.514: [CMS-concurrent-sweep-start]
2020-11-07T19:55:42.398+0800: 25.547: [CMS-concurrent-sweep: 0.033/0.033 secs] [Times: user=0.03 sys=0.00, real=0.03 secs] 
2020-11-07T19:55:42.398+0800: 25.547: [CMS-concurrent-reset-start]
2020-11-07T19:55:42.408+0800: 25.557: [CMS-concurrent-reset: 0.010/0.010 secs] [Times: user=0.01 sys=0.00, real=0.01 secs] 
2020-11-07T19:55:42.428+0800: 25.578: Application time: 0.0669757 seconds
{Heap before GC invocations=350 (full 42):
 par new generation   total 9216K, used 8737K [0x00000000e3400000, 0x00000000e3e00000, 0x00000000ecca0000)
  eden space 8192K, 100% used [0x00000000e3400000, 0x00000000e3c00000, 0x00000000e3c00000)
  from space 1024K,  53% used [0x00000000e3c00000, 0x00000000e3c885e8, 0x00000000e3d00000)
  to   space 1024K,   0% used [0x00000000e3d00000, 0x00000000e3d00000, 0x00000000e3e00000)
 concurrent mark-sweep generation total 43052K, used 25581K [0x00000000ecca0000, 0x00000000ef6ab000, 0x0000000100000000)
 Metaspace       used 34935K, capacity 36234K, committed 36480K, reserved 1081344K
  class space    used 4336K, capacity 4651K, committed 4736K, reserved 1048576K
2020-11-07T19:55:42.429+0800: 25.578: [GC (Allocation Failure) 2020-11-07T19:55:42.429+0800: 25.578: [ParNew: 8737K->855K(9216K), 0.0423728 secs] 34318K->26635K(52268K), 0.0424480 secs] [Times: user=0.04 sys=0.00, real=0.04 secs] 
Heap after GC invocations=351 (full 42):
 par new generation   total 9216K, used 855K [0x00000000e3400000, 0x00000000e3e00000, 0x00000000ecca0000)
  eden space 8192K,   0% used [0x00000000e3400000, 0x00000000e3400000, 0x00000000e3c00000)
  from space 1024K,  83% used [0x00000000e3d00000, 0x00000000e3dd5d28, 0x00000000e3e00000)
  to   space 1024K,   0% used [0x00000000e3c00000, 0x00000000e3c00000, 0x00000000e3d00000)
 concurrent mark-sweep generation total 43052K, used 25779K [0x00000000ecca0000, 0x00000000ef6ab000, 0x0000000100000000)
 Metaspace       used 34935K, capacity 36234K, committed 36480K, reserved 1081344K
  class space    used 4336K, capacity 4651K, committed 4736K, reserved 1048576K
}
2020-11-07T19:55:42.479+0800: 25.629: Application time: 0.0080837 seconds
2020-11-07T19:55:42.505+0800: 25.654: Application time: 0.0249237 seconds
2020-11-07T19:55:42.512+0800: 25.662: Application time: 0.0066760 seconds
2020-11-07T19:55:42.518+0800: 25.667: Application time: 0.0048571 seconds
2020-11-07T19:55:42.556+0800: 25.706: Application time: 0.0385070 seconds
{Heap before GC invocations=351 (full 42):
 par new generation   total 9216K, used 9047K [0x00000000e3400000, 0x00000000e3e00000, 0x00000000ecca0000)
  eden space 8192K, 100% used [0x00000000e3400000, 0x00000000e3c00000, 0x00000000e3c00000)
  from space 1024K,  83% used [0x00000000e3d00000, 0x00000000e3dd5d28, 0x00000000e3e00000)
  to   space 1024K,   0% used [0x00000000e3c00000, 0x00000000e3c00000, 0x00000000e3d00000)
 concurrent mark-sweep generation total 43052K, used 25779K [0x00000000ecca0000, 0x00000000ef6ab000, 0x0000000100000000)
 Metaspace       used 35331K, capacity 36572K, committed 36736K, reserved 1081344K
  class space    used 4381K, capacity 4654K, committed 4736K, reserved 1048576K
2020-11-07T19:55:42.556+0800: 25.706: [GC (Allocation Failure) 2020-11-07T19:55:42.556+0800: 25.706: [ParNew: 9047K->871K(9216K), 0.0437660 secs] 34827K->27205K(52268K), 0.0438201 secs] [Times: user=0.04 sys=0.00, real=0.04 secs] 
Heap after GC invocations=352 (full 42):
 par new generation   total 9216K, used 871K [0x00000000e3400000, 0x00000000e3e00000, 0x00000000ecca0000)
  eden space 8192K,   0% used [0x00000000e3400000, 0x00000000e3400000, 0x00000000e3c00000)
  from space 1024K,  85% used [0x00000000e3c00000, 0x00000000e3cd9e90, 0x00000000e3d00000)
  to   space 1024K,   0% used [0x00000000e3d00000, 0x00000000e3d00000, 0x00000000e3e00000)
 concurrent mark-sweep generation total 43052K, used 26333K [0x00000000ecca0000, 0x00000000ef6ab000, 0x0000000100000000)
 Metaspace       used 35331K, capacity 36572K, committed 36736K, reserved 1081344K
  class space    used 4381K, capacity 4654K, committed 4736K, reserved 1048576K
}
2020-11-07T19:55:42.606+0800: 25.756: Application time: 0.0059868 seconds
2020-11-07T19:55:42.606+0800: 25.756: [GC (CMS Initial Mark) [1 CMS-initial-mark: 26333K(43052K)] 30812K(52268K), 0.0046363 secs] [Times: user=0.00 sys=0.00, real=0.00 secs] 
2020-11-07T19:55:42.611+0800: 25.761: [CMS-concurrent-mark-start]
2020-11-07T19:55:42.626+0800: 25.776: Application time: 0.0152395 seconds
{Heap before GC invocations=352 (full 43):
 par new generation   total 9216K, used 9063K [0x00000000e3400000, 0x00000000e3e00000, 0x00000000ecca0000)
  eden space 8192K, 100% used [0x00000000e3400000, 0x00000000e3c00000, 0x00000000e3c00000)
  from space 1024K,  85% used [0x00000000e3c00000, 0x00000000e3cd9e90, 0x00000000e3d00000)
  to   space 1024K,   0% used [0x00000000e3d00000, 0x00000000e3d00000, 0x00000000e3e00000)
 concurrent mark-sweep generation total 43052K, used 26333K [0x00000000ecca0000, 0x00000000ef6ab000, 0x0000000100000000)
 Metaspace       used 35334K, capacity 36572K, committed 36736K, reserved 1081344K
  class space    used 4381K, capacity 4654K, committed 4736K, reserved 1048576K
2020-11-07T19:55:42.626+0800: 25.776: [GC (Allocation Failure) 2020-11-07T19:55:42.626+0800: 25.776: [ParNew: 9063K->149K(9216K), 0.0127691 secs] 35397K->27097K(52268K), 0.0128522 secs] [Times: user=0.01 sys=0.00, real=0.01 secs] 
Heap after GC invocations=353 (full 43):
 par new generation   total 9216K, used 149K [0x00000000e3400000, 0x00000000e3e00000, 0x00000000ecca0000)
  eden space 8192K,   0% used [0x00000000e3400000, 0x00000000e3400000, 0x00000000e3c00000)
  from space 1024K,  14% used [0x00000000e3d00000, 0x00000000e3d25460, 0x00000000e3e00000)
  to   space 1024K,   0% used [0x00000000e3c00000, 0x00000000e3c00000, 0x00000000e3d00000)
 concurrent mark-sweep generation total 43052K, used 26947K [0x00000000ecca0000, 0x00000000ef6ab000, 0x0000000100000000)
 Metaspace       used 35334K, capacity 36572K, committed 36736K, reserved 1081344K
  class space    used 4381K, capacity 4654K, committed 4736K, reserved 1048576K
}
2020-11-07T19:55:42.684+0800: 25.833: Application time: 0.0443622 seconds
{Heap before GC invocations=353 (full 43):
 par new generation   total 9216K, used 8341K [0x00000000e3400000, 0x00000000e3e00000, 0x00000000ecca0000)
  eden space 8192K, 100% used [0x00000000e3400000, 0x00000000e3c00000, 0x00000000e3c00000)
  from space 1024K,  14% used [0x00000000e3d00000, 0x00000000e3d25460, 0x00000000e3e00000)
  to   space 1024K,   0% used [0x00000000e3c00000, 0x00000000e3c00000, 0x00000000e3d00000)
 concurrent mark-sweep generation total 43052K, used 26947K [0x00000000ecca0000, 0x00000000ef6ab000, 0x0000000100000000)
 Metaspace       used 35334K, capacity 36572K, committed 36736K, reserved 1081344K
  class space    used 4381K, capacity 4654K, committed 4736K, reserved 1048576K
2020-11-07T19:55:42.684+0800: 25.833: [GC (Allocation Failure) 2020-11-07T19:55:42.684+0800: 25.833: [ParNew: 8341K->39K(9216K), 0.0188686 secs] 35289K->26987K(52268K), 0.0189244 secs] [Times: user=0.02 sys=0.00, real=0.02 secs] 
Heap after GC invocations=354 (full 43):
 par new generation   total 9216K, used 39K [0x00000000e3400000, 0x00000000e3e00000, 0x00000000ecca0000)
  eden space 8192K,   0% used [0x00000000e3400000, 0x00000000e3400000, 0x00000000e3c00000)
  from space 1024K,   3% used [0x00000000e3c00000, 0x00000000e3c09e70, 0x00000000e3d00000)
  to   space 1024K,   0% used [0x00000000e3d00000, 0x00000000e3d00000, 0x00000000e3e00000)
 concurrent mark-sweep generation total 43052K, used 26947K [0x00000000ecca0000, 0x00000000ef6ab000, 0x0000000100000000)
 Metaspace       used 35334K, capacity 36572K, committed 36736K, reserved 1081344K
  class space    used 4381K, capacity 4654K, committed 4736K, reserved 1048576K
}
2020-11-07T19:55:42.739+0800: 25.889: Application time: 0.0367293 seconds
{Heap before GC invocations=354 (full 43):
 par new generation   total 9216K, used 8231K [0x00000000e3400000, 0x00000000e3e00000, 0x00000000ecca0000)
  eden space 8192K, 100% used [0x00000000e3400000, 0x00000000e3c00000, 0x00000000e3c00000)
  from space 1024K,   3% used [0x00000000e3c00000, 0x00000000e3c09e70, 0x00000000e3d00000)
  to   space 1024K,   0% used [0x00000000e3d00000, 0x00000000e3d00000, 0x00000000e3e00000)
 concurrent mark-sweep generation total 43052K, used 26947K [0x00000000ecca0000, 0x00000000ef6ab000, 0x0000000100000000)
 Metaspace       used 35346K, capacity 36640K, committed 36992K, reserved 1081344K
  class space    used 4381K, capacity 4654K, committed 4736K, reserved 1048576K
2020-11-07T19:55:42.740+0800: 25.889: [GC (Allocation Failure) 2020-11-07T19:55:42.740+0800: 25.889: [ParNew: 8231K->83K(9216K), 0.0037818 secs] 35179K->27031K(52268K), 0.0038411 secs] [Times: user=0.00 sys=0.00, real=0.00 secs] 
Heap after GC invocations=355 (full 43):
 par new generation   total 9216K, used 83K [0x00000000e3400000, 0x00000000e3e00000, 0x00000000ecca0000)
  eden space 8192K,   0% used [0x00000000e3400000, 0x00000000e3400000, 0x00000000e3c00000)
  from space 1024K,   8% used [0x00000000e3d00000, 0x00000000e3d14ca8, 0x00000000e3e00000)
  to   space 1024K,   0% used [0x00000000e3c00000, 0x00000000e3c00000, 0x00000000e3d00000)
 concurrent mark-sweep generation total 43052K, used 26947K [0x00000000ecca0000, 0x00000000ef6ab000, 0x0000000100000000)
 Metaspace       used 35346K, capacity 36640K, committed 36992K, reserved 1081344K
  class space    used 4381K, capacity 4654K, committed 4736K, reserved 1048576K
}
2020-11-07T19:55:42.773+0800: 25.923: [CMS-concurrent-mark: 0.112/0.162 secs] [Times: user=0.16 sys=0.00, real=0.16 secs] 
2020-11-07T19:55:42.773+0800: 25.923: [CMS-concurrent-preclean-start]
2020-11-07T19:55:42.783+0800: 25.933: Application time: 0.0393846 seconds
{Heap before GC invocations=355 (full 43):
 par new generation   total 9216K, used 8275K [0x00000000e3400000, 0x00000000e3e00000, 0x00000000ecca0000)
  eden space 8192K, 100% used [0x00000000e3400000, 0x00000000e3c00000, 0x00000000e3c00000)
  from space 1024K,   8% used [0x00000000e3d00000, 0x00000000e3d14ca8, 0x00000000e3e00000)
  to   space 1024K,   0% used [0x00000000e3c00000, 0x00000000e3c00000, 0x00000000e3d00000)
 concurrent mark-sweep generation total 43052K, used 26947K [0x00000000ecca0000, 0x00000000ef6ab000, 0x0000000100000000)
 Metaspace       used 35347K, capacity 36640K, committed 36992K, reserved 1081344K
  class space    used 4381K, capacity 4654K, committed 4736K, reserved 1048576K
2020-11-07T19:55:42.783+0800: 25.933: [GC (Allocation Failure) 2020-11-07T19:55:42.783+0800: 25.933: [ParNew: 8275K->88K(9216K), 0.0033809 secs] 35223K->27036K(52268K), 0.0034466 secs] [Times: user=0.00 sys=0.00, real=0.01 secs] 
Heap after GC invocations=356 (full 43):
 par new generation   total 9216K, used 88K [0x00000000e3400000, 0x00000000e3e00000, 0x00000000ecca0000)
  eden space 8192K,   0% used [0x00000000e3400000, 0x00000000e3400000, 0x00000000e3c00000)
  from space 1024K,   8% used [0x00000000e3c00000, 0x00000000e3c16238, 0x00000000e3d00000)
  to   space 1024K,   0% used [0x00000000e3d00000, 0x00000000e3d00000, 0x00000000e3e00000)
 concurrent mark-sweep generation total 43052K, used 26947K [0x00000000ecca0000, 0x00000000ef6ab000, 0x0000000100000000)
 Metaspace       used 35347K, capacity 36640K, committed 36992K, reserved 1081344K
  class space    used 4381K, capacity 4654K, committed 4736K, reserved 1048576K
}
2020-11-07T19:55:42.793+0800: 25.942: [CMS-concurrent-preclean: 0.010/0.019 secs] [Times: user=0.02 sys=0.00, real=0.02 secs] 
2020-11-07T19:55:42.793+0800: 25.942: Application time: 0.0062760 seconds
2020-11-07T19:55:42.793+0800: 25.943: [GC (CMS Final Remark) [YG occupancy: 1563 K (9216 K)]2020-11-07T19:55:42.793+0800: 25.943: [Rescan (parallel) , 0.0035489 secs]2020-11-07T19:55:42.796+0800: 25.946: [weak refs processing, 0.0001777 secs]2020-11-07T19:55:42.797+0800: 25.946: [class unloading, 0.0105038 secs]2020-11-07T19:55:42.807+0800: 25.957: [scrub symbol table, 0.0107601 secs]2020-11-07T19:55:42.818+0800: 25.968: [scrub string table, 0.0008020 secs][1 CMS-remark: 26947K(43052K)] 28511K(52268K), 0.0259569 secs] [Times: user=0.02 sys=0.01, real=0.03 secs] 
2020-11-07T19:55:42.834+0800: 25.984: [CMS-concurrent-sweep-start]
2020-11-07T19:55:42.865+0800: 26.015: [CMS-concurrent-sweep: 0.031/0.031 secs] [Times: user=0.03 sys=0.00, real=0.04 secs] 
2020-11-07T19:55:42.865+0800: 26.015: [CMS-concurrent-reset-start]
2020-11-07T19:55:42.866+0800: 26.016: [CMS-concurrent-reset: 0.001/0.001 secs] [Times: user=0.00 sys=0.00, real=0.00 secs] 
2020-11-07T19:55:42.924+0800: 26.074: Application time: 0.1049390 seconds
{Heap before GC invocations=356 (full 43):
 par new generation   total 9216K, used 8280K [0x00000000e3400000, 0x00000000e3e00000, 0x00000000ecca0000)
  eden space 8192K, 100% used [0x00000000e3400000, 0x00000000e3c00000, 0x00000000e3c00000)
  from space 1024K,   8% used [0x00000000e3c00000, 0x00000000e3c16238, 0x00000000e3d00000)
  to   space 1024K,   0% used [0x00000000e3d00000, 0x00000000e3d00000, 0x00000000e3e00000)
 concurrent mark-sweep generation total 44316K, used 26588K [0x00000000ecca0000, 0x00000000ef7e7000, 0x0000000100000000)
 Metaspace       used 35383K, capacity 36642K, committed 36992K, reserved 1081344K
  class space    used 4385K, capacity 4655K, committed 4736K, reserved 1048576K
2020-11-07T19:55:42.924+0800: 26.074: [GC (Allocation Failure) 2020-11-07T19:55:42.924+0800: 26.074: [ParNew: 8280K->952K(9216K), 0.0115898 secs] 34869K->27540K(53532K), 0.0116615 secs] [Times: user=0.01 sys=0.00, real=0.02 secs] 
Heap after GC invocations=357 (full 43):
 par new generation   total 9216K, used 952K [0x00000000e3400000, 0x00000000e3e00000, 0x00000000ecca0000)
  eden space 8192K,   0% used [0x00000000e3400000, 0x00000000e3400000, 0x00000000e3c00000)
  from space 1024K,  92% used [0x00000000e3d00000, 0x00000000e3dee100, 0x00000000e3e00000)
  to   space 1024K,   0% used [0x00000000e3c00000, 0x00000000e3c00000, 0x00000000e3d00000)
 concurrent mark-sweep generation total 44316K, used 26588K [0x00000000ecca0000, 0x00000000ef7e7000, 0x0000000100000000)
 Metaspace       used 35383K, capacity 36642K, committed 36992K, reserved 1081344K
  class space    used 4385K, capacity 4655K, committed 4736K, reserved 1048576K
}
2020-11-07T19:55:42.948+0800: 26.097: Application time: 0.0117953 seconds
{Heap before GC invocations=357 (full 43):
 par new generation   total 9216K, used 9144K [0x00000000e3400000, 0x00000000e3e00000, 0x00000000ecca0000)
  eden space 8192K, 100% used [0x00000000e3400000, 0x00000000e3c00000, 0x00000000e3c00000)
  from space 1024K,  92% used [0x00000000e3d00000, 0x00000000e3dee100, 0x00000000e3e00000)
  to   space 1024K,   0% used [0x00000000e3c00000, 0x00000000e3c00000, 0x00000000e3d00000)
 concurrent mark-sweep generation total 44316K, used 26588K [0x00000000ecca0000, 0x00000000ef7e7000, 0x0000000100000000)
 Metaspace       used 35383K, capacity 36642K, committed 36992K, reserved 1081344K
  class space    used 4385K, capacity 4655K, committed 4736K, reserved 1048576K
2020-11-07T19:55:42.948+0800: 26.097: [GC (Allocation Failure) 2020-11-07T19:55:42.948+0800: 26.097: [ParNew: 9144K->177K(9216K), 0.0221436 secs] 35732K->27718K(53532K), 0.0221982 secs] [Times: user=0.02 sys=0.00, real=0.02 secs] 
Heap after GC invocations=358 (full 43):
 par new generation   total 9216K, used 177K [0x00000000e3400000, 0x00000000e3e00000, 0x00000000ecca0000)
  eden space 8192K,   0% used [0x00000000e3400000, 0x00000000e3400000, 0x00000000e3c00000)
  from space 1024K,  17% used [0x00000000e3c00000, 0x00000000e3c2c470, 0x00000000e3d00000)
  to   space 1024K,   0% used [0x00000000e3d00000, 0x00000000e3d00000, 0x00000000e3e00000)
 concurrent mark-sweep generation total 44316K, used 27541K [0x00000000ecca0000, 0x00000000ef7e7000, 0x0000000100000000)
 Metaspace       used 35383K, capacity 36642K, committed 36992K, reserved 1081344K
  class space    used 4385K, capacity 4655K, committed 4736K, reserved 1048576K
}
2020-11-07T19:55:42.976+0800: 26.126: Application time: 0.0060048 seconds
2020-11-07T19:55:42.976+0800: 26.126: [GC (CMS Initial Mark) [1 CMS-initial-mark: 27541K(44316K)] 30997K(53532K), 0.0033979 secs] [Times: user=0.00 sys=0.00, real=0.00 secs] 
2020-11-07T19:55:42.979+0800: 26.129: [CMS-concurrent-mark-start]
2020-11-07T19:55:43.008+0800: 26.157: Application time: 0.0280818 seconds
{Heap before GC invocations=358 (full 44):
 par new generation   total 9216K, used 8369K [0x00000000e3400000, 0x00000000e3e00000, 0x00000000ecca0000)
  eden space 8192K, 100% used [0x00000000e3400000, 0x00000000e3c00000, 0x00000000e3c00000)
  from space 1024K,  17% used [0x00000000e3c00000, 0x00000000e3c2c470, 0x00000000e3d00000)
  to   space 1024K,   0% used [0x00000000e3d00000, 0x00000000e3d00000, 0x00000000e3e00000)
 concurrent mark-sweep generation total 44316K, used 27541K [0x00000000ecca0000, 0x00000000ef7e7000, 0x0000000100000000)
 Metaspace       used 35383K, capacity 36642K, committed 36992K, reserved 1081344K
  class space    used 4385K, capacity 4655K, committed 4736K, reserved 1048576K
2020-11-07T19:55:43.008+0800: 26.157: [GC (Allocation Failure) 2020-11-07T19:55:43.008+0800: 26.157: [ParNew: 8369K->91K(9216K), 0.0028377 secs] 35910K->27633K(53532K), 0.0029053 secs] [Times: user=0.00 sys=0.00, real=0.00 secs] 
Heap after GC invocations=359 (full 44):
 par new generation   total 9216K, used 91K [0x00000000e3400000, 0x00000000e3e00000, 0x00000000ecca0000)
  eden space 8192K,   0% used [0x00000000e3400000, 0x00000000e3400000, 0x00000000e3c00000)
  from space 1024K,   8% used [0x00000000e3d00000, 0x00000000e3d16dc0, 0x00000000e3e00000)
  to   space 1024K,   0% used [0x00000000e3c00000, 0x00000000e3c00000, 0x00000000e3d00000)
 concurrent mark-sweep generation total 44316K, used 27541K [0x00000000ecca0000, 0x00000000ef7e7000, 0x0000000100000000)
 Metaspace       used 35383K, capacity 36642K, committed 36992K, reserved 1081344K
  class space    used 4385K, capacity 4655K, committed 4736K, reserved 1048576K
}
2020-11-07T19:55:43.045+0800: 26.195: Application time: 0.0345289 seconds
{Heap before GC invocations=359 (full 44):
 par new generation   total 9216K, used 8283K [0x00000000e3400000, 0x00000000e3e00000, 0x00000000ecca0000)
  eden space 8192K, 100% used [0x00000000e3400000, 0x00000000e3c00000, 0x00000000e3c00000)
  from space 1024K,   8% used [0x00000000e3d00000, 0x00000000e3d16dc0, 0x00000000e3e00000)
  to   space 1024K,   0% used [0x00000000e3c00000, 0x00000000e3c00000, 0x00000000e3d00000)
 concurrent mark-sweep generation total 44316K, used 27541K [0x00000000ecca0000, 0x00000000ef7e7000, 0x0000000100000000)
 Metaspace       used 35383K, capacity 36642K, committed 36992K, reserved 1081344K
  class space    used 4385K, capacity 4655K, committed 4736K, reserved 1048576K
2020-11-07T19:55:43.045+0800: 26.195: [GC (Allocation Failure) 2020-11-07T19:55:43.045+0800: 26.195: [ParNew: 8283K->67K(9216K), 0.0032107 secs] 35825K->27608K(53532K), 0.0032597 secs] [Times: user=0.01 sys=0.00, real=0.00 secs] 
Heap after GC invocations=360 (full 44):
 par new generation   total 9216K, used 67K [0x00000000e3400000, 0x00000000e3e00000, 0x00000000ecca0000)
  eden space 8192K,   0% used [0x00000000e3400000, 0x00000000e3400000, 0x00000000e3c00000)
  from space 1024K,   6% used [0x00000000e3c00000, 0x00000000e3c10d10, 0x00000000e3d00000)
  to   space 1024K,   0% used [0x00000000e3d00000, 0x00000000e3d00000, 0x00000000e3e00000)
 concurrent mark-sweep generation total 44316K, used 27541K [0x00000000ecca0000, 0x00000000ef7e7000, 0x0000000100000000)
 Metaspace       used 35383K, capacity 36642K, committed 36992K, reserved 1081344K
  class space    used 4385K, capacity 4655K, committed 4736K, reserved 1048576K
}
2020-11-07T19:55:43.083+0800: 26.232: Application time: 0.0341190 seconds
{Heap before GC invocations=360 (full 44):
 par new generation   total 9216K, used 8259K [0x00000000e3400000, 0x00000000e3e00000, 0x00000000ecca0000)
  eden space 8192K, 100% used [0x00000000e3400000, 0x00000000e3c00000, 0x00000000e3c00000)
  from space 1024K,   6% used [0x00000000e3c00000, 0x00000000e3c10d10, 0x00000000e3d00000)
  to   space 1024K,   0% used [0x00000000e3d00000, 0x00000000e3d00000, 0x00000000e3e00000)
 concurrent mark-sweep generation total 44316K, used 27541K [0x00000000ecca0000, 0x00000000ef7e7000, 0x0000000100000000)
 Metaspace       used 35383K, capacity 36642K, committed 36992K, reserved 1081344K
  class space    used 4385K, capacity 4655K, committed 4736K, reserved 1048576K
2020-11-07T19:55:43.083+0800: 26.233: [GC (Allocation Failure) 2020-11-07T19:55:43.083+0800: 26.233: [ParNew: 8259K->107K(9216K), 0.0080021 secs] 35800K->27648K(53532K), 0.0080547 secs] [Times: user=0.01 sys=0.00, real=0.01 secs] 
Heap after GC invocations=361 (full 44):
 par new generation   total 9216K, used 107K [0x00000000e3400000, 0x00000000e3e00000, 0x00000000ecca0000)
  eden space 8192K,   0% used [0x00000000e3400000, 0x00000000e3400000, 0x00000000e3c00000)
  from space 1024K,  10% used [0x00000000e3d00000, 0x00000000e3d1aca0, 0x00000000e3e00000)
  to   space 1024K,   0% used [0x00000000e3c00000, 0x00000000e3c00000, 0x00000000e3d00000)
 concurrent mark-sweep generation total 44316K, used 27541K [0x00000000ecca0000, 0x00000000ef7e7000, 0x0000000100000000)
 Metaspace       used 35383K, capacity 36642K, committed 36992K, reserved 1081344K
  class space    used 4385K, capacity 4655K, committed 4736K, reserved 1048576K
}
2020-11-07T19:55:43.108+0800: 26.258: Application time: 0.0173889 seconds
{Heap before GC invocations=361 (full 44):
 par new generation   total 9216K, used 8299K [0x00000000e3400000, 0x00000000e3e00000, 0x00000000ecca0000)
  eden space 8192K, 100% used [0x00000000e3400000, 0x00000000e3c00000, 0x00000000e3c00000)
  from space 1024K,  10% used [0x00000000e3d00000, 0x00000000e3d1aca0, 0x00000000e3e00000)
  to   space 1024K,   0% used [0x00000000e3c00000, 0x00000000e3c00000, 0x00000000e3d00000)
 concurrent mark-sweep generation total 44316K, used 27541K [0x00000000ecca0000, 0x00000000ef7e7000, 0x0000000100000000)
 Metaspace       used 35383K, capacity 36642K, committed 36992K, reserved 1081344K
  class space    used 4385K, capacity 4655K, committed 4736K, reserved 1048576K
2020-11-07T19:55:43.109+0800: 26.258: [GC (Allocation Failure) 2020-11-07T19:55:43.109+0800: 26.258: [ParNew: 8299K->108K(9216K), 0.0029394 secs] 35840K->27650K(53532K), 0.0029811 secs] [Times: user=0.00 sys=0.00, real=0.00 secs] 
Heap after GC invocations=362 (full 44):
 par new generation   total 9216K, used 108K [0x00000000e3400000, 0x00000000e3e00000, 0x00000000ecca0000)
  eden space 8192K,   0% used [0x00000000e3400000, 0x00000000e3400000, 0x00000000e3c00000)
  from space 1024K,  10% used [0x00000000e3c00000, 0x00000000e3c1b238, 0x00000000e3d00000)
  to   space 1024K,   0% used [0x00000000e3d00000, 0x00000000e3d00000, 0x00000000e3e00000)
 concurrent mark-sweep generation total 44316K, used 27541K [0x00000000ecca0000, 0x00000000ef7e7000, 0x0000000100000000)
 Metaspace       used 35383K, capacity 36642K, committed 36992K, reserved 1081344K
  class space    used 4385K, capacity 4655K, committed 4736K, reserved 1048576K
}
2020-11-07T19:55:43.122+0800: 26.271: [CMS-concurrent-mark: 0.113/0.142 secs] [Times: user=0.14 sys=0.00, real=0.14 secs] 
2020-11-07T19:55:43.122+0800: 26.271: [CMS-concurrent-preclean-start]
2020-11-07T19:55:43.149+0800: 26.299: [CMS-concurrent-preclean: 0.027/0.027 secs] [Times: user=0.03 sys=0.00, real=0.03 secs] 
2020-11-07T19:55:43.149+0800: 26.299: [CMS-concurrent-abortable-preclean-start]
2020-11-07T19:55:43.155+0800: 26.304: Application time: 0.0429717 seconds
{Heap before GC invocations=362 (full 44):
 par new generation   total 9216K, used 8300K [0x00000000e3400000, 0x00000000e3e00000, 0x00000000ecca0000)
  eden space 8192K, 100% used [0x00000000e3400000, 0x00000000e3c00000, 0x00000000e3c00000)
  from space 1024K,  10% used [0x00000000e3c00000, 0x00000000e3c1b238, 0x00000000e3d00000)
  to   space 1024K,   0% used [0x00000000e3d00000, 0x00000000e3d00000, 0x00000000e3e00000)
 concurrent mark-sweep generation total 44316K, used 27541K [0x00000000ecca0000, 0x00000000ef7e7000, 0x0000000100000000)
 Metaspace       used 35388K, capacity 36648K, committed 36992K, reserved 1081344K
  class space    used 4386K, capacity 4656K, committed 4736K, reserved 1048576K
2020-11-07T19:55:43.155+0800: 26.304: [GC (Allocation Failure) 2020-11-07T19:55:43.155+0800: 26.304: [ParNew: 8300K->143K(9216K), 0.0039500 secs] 35842K->27685K(53532K), 0.0040299 secs] [Times: user=0.01 sys=0.00, real=0.00 secs] 
Heap after GC invocations=363 (full 44):
 par new generation   total 9216K, used 143K [0x00000000e3400000, 0x00000000e3e00000, 0x00000000ecca0000)
  eden space 8192K,   0% used [0x00000000e3400000, 0x00000000e3400000, 0x00000000e3c00000)
  from space 1024K,  14% used [0x00000000e3d00000, 0x00000000e3d23e80, 0x00000000e3e00000)
  to   space 1024K,   0% used [0x00000000e3c00000, 0x00000000e3c00000, 0x00000000e3d00000)
 concurrent mark-sweep generation total 44316K, used 27541K [0x00000000ecca0000, 0x00000000ef7e7000, 0x0000000100000000)
 Metaspace       used 35388K, capacity 36648K, committed 36992K, reserved 1081344K
  class space    used 4386K, capacity 4656K, committed 4736K, reserved 1048576K
}
2020-11-07T19:55:43.159+0800: 26.308: [CMS-concurrent-abortable-preclean: 0.002/0.010 secs] [Times: user=0.01 sys=0.00, real=0.01 secs] 
2020-11-07T19:55:43.164+0800: 26.314: Application time: 0.0051328 seconds
2020-11-07T19:55:43.164+0800: 26.314: [GC (CMS Final Remark) [YG occupancy: 2930 K (9216 K)]2020-11-07T19:55:43.164+0800: 26.314: [Rescan (parallel) , 0.0037471 secs]2020-11-07T19:55:43.168+0800: 26.317: [weak refs processing, 0.0011209 secs]2020-11-07T19:55:43.169+0800: 26.319: [class unloading, 0.0106979 secs]2020-11-07T19:55:43.180+0800: 26.329: [scrub symbol table, 0.0112780 secs]2020-11-07T19:55:43.191+0800: 26.341: [scrub string table, 0.0007176 secs][1 CMS-remark: 27541K(44316K)] 30472K(53532K), 0.0277769 secs] [Times: user=0.03 sys=0.00, real=0.03 secs] 
2020-11-07T19:55:43.204+0800: 26.353: [CMS-concurrent-sweep-start]
2020-11-07T19:55:43.222+0800: 26.372: [CMS-concurrent-sweep: 0.019/0.019 secs] [Times: user=0.02 sys=0.00, real=0.02 secs] 
2020-11-07T19:55:43.222+0800: 26.372: [CMS-concurrent-reset-start]
2020-11-07T19:55:43.223+0800: 26.373: [CMS-concurrent-reset: 0.001/0.001 secs] [Times: user=0.00 sys=0.00, real=0.00 secs] 
2020-11-07T19:55:43.226+0800: 26.376: Application time: 0.0346122 seconds
{Heap before GC invocations=363 (full 44):
 par new generation   total 9216K, used 8335K [0x00000000e3400000, 0x00000000e3e00000, 0x00000000ecca0000)
  eden space 8192K, 100% used [0x00000000e3400000, 0x00000000e3c00000, 0x00000000e3c00000)
  from space 1024K,  14% used [0x00000000e3d00000, 0x00000000e3d23e80, 0x00000000e3e00000)
  to   space 1024K,   0% used [0x00000000e3c00000, 0x00000000e3c00000, 0x00000000e3d00000)
 concurrent mark-sweep generation total 45508K, used 27304K [0x00000000ecca0000, 0x00000000ef911000, 0x0000000100000000)
 Metaspace       used 35384K, capacity 36642K, committed 36992K, reserved 1081344K
  class space    used 4385K, capacity 4655K, committed 4736K, reserved 1048576K
2020-11-07T19:55:43.226+0800: 26.376: [GC (Allocation Failure) 2020-11-07T19:55:43.227+0800: 26.376: [ParNew: 8335K->147K(9216K), 0.0141043 secs] 35639K->27451K(54724K), 0.0141749 secs] [Times: user=0.02 sys=0.00, real=0.01 secs] 
Heap after GC invocations=364 (full 44):
 par new generation   total 9216K, used 147K [0x00000000e3400000, 0x00000000e3e00000, 0x00000000ecca0000)
  eden space 8192K,   0% used [0x00000000e3400000, 0x00000000e3400000, 0x00000000e3c00000)
  from space 1024K,  14% used [0x00000000e3c00000, 0x00000000e3c24ea0, 0x00000000e3d00000)
  to   space 1024K,   0% used [0x00000000e3d00000, 0x00000000e3d00000, 0x00000000e3e00000)
 concurrent mark-sweep generation total 45508K, used 27304K [0x00000000ecca0000, 0x00000000ef911000, 0x0000000100000000)
 Metaspace       used 35384K, capacity 36642K, committed 36992K, reserved 1081344K
  class space    used 4385K, capacity 4655K, committed 4736K, reserved 1048576K
}
2020-11-07T19:55:43.274+0800: 26.424: Application time: 0.0334219 seconds
{Heap before GC invocations=364 (full 44):
 par new generation   total 9216K, used 8339K [0x00000000e3400000, 0x00000000e3e00000, 0x00000000ecca0000)
  eden space 8192K, 100% used [0x00000000e3400000, 0x00000000e3c00000, 0x00000000e3c00000)
  from space 1024K,  14% used [0x00000000e3c00000, 0x00000000e3c24ea0, 0x00000000e3d00000)
  to   space 1024K,   0% used [0x00000000e3d00000, 0x00000000e3d00000, 0x00000000e3e00000)
 concurrent mark-sweep generation total 45508K, used 27304K [0x00000000ecca0000, 0x00000000ef911000, 0x0000000100000000)
 Metaspace       used 35452K, capacity 36744K, committed 36992K, reserved 1081344K
  class space    used 4398K, capacity 4688K, committed 4736K, reserved 1048576K
2020-11-07T19:55:43.274+0800: 26.424: [GC (Allocation Failure) 2020-11-07T19:55:43.274+0800: 26.424: [ParNew: 8339K->317K(9216K), 0.0050145 secs] 35643K->27621K(54724K), 0.0050632 secs] [Times: user=0.01 sys=0.00, real=0.01 secs] 
Heap after GC invocations=365 (full 44):
 par new generation   total 9216K, used 317K [0x00000000e3400000, 0x00000000e3e00000, 0x00000000ecca0000)
  eden space 8192K,   0% used [0x00000000e3400000, 0x00000000e3400000, 0x00000000e3c00000)
  from space 1024K,  30% used [0x00000000e3d00000, 0x00000000e3d4f568, 0x00000000e3e00000)
  to   space 1024K,   0% used [0x00000000e3c00000, 0x00000000e3c00000, 0x00000000e3d00000)
 concurrent mark-sweep generation total 45508K, used 27304K [0x00000000ecca0000, 0x00000000ef911000, 0x0000000100000000)
 Metaspace       used 35452K, capacity 36744K, committed 36992K, reserved 1081344K
  class space    used 4398K, capacity 4688K, committed 4736K, reserved 1048576K
}
2020-11-07T19:55:43.303+0800: 26.452: Application time: 0.0232241 seconds
{Heap before GC invocations=365 (full 44):
 par new generation   total 9216K, used 8509K [0x00000000e3400000, 0x00000000e3e00000, 0x00000000ecca0000)
  eden space 8192K, 100% used [0x00000000e3400000, 0x00000000e3c00000, 0x00000000e3c00000)
  from space 1024K,  30% used [0x00000000e3d00000, 0x00000000e3d4f568, 0x00000000e3e00000)
  to   space 1024K,   0% used [0x00000000e3c00000, 0x00000000e3c00000, 0x00000000e3d00000)
 concurrent mark-sweep generation total 45508K, used 27304K [0x00000000ecca0000, 0x00000000ef911000, 0x0000000100000000)
 Metaspace       used 35454K, capacity 36744K, committed 36992K, reserved 1081344K
  class space    used 4398K, capacity 4688K, committed 4736K, reserved 1048576K
2020-11-07T19:55:43.303+0800: 26.452: [GC (Allocation Failure) 2020-11-07T19:55:43.303+0800: 26.452: [ParNew: 8509K->262K(9216K), 0.0034528 secs] 35813K->27566K(54724K), 0.0034965 secs] [Times: user=0.00 sys=0.00, real=0.01 secs] 
Heap after GC invocations=366 (full 44):
 par new generation   total 9216K, used 262K [0x00000000e3400000, 0x00000000e3e00000, 0x00000000ecca0000)
  eden space 8192K,   0% used [0x00000000e3400000, 0x00000000e3400000, 0x00000000e3c00000)
  from space 1024K,  25% used [0x00000000e3c00000, 0x00000000e3c41960, 0x00000000e3d00000)
  to   space 1024K,   0% used [0x00000000e3d00000, 0x00000000e3d00000, 0x00000000e3e00000)
 concurrent mark-sweep generation total 45508K, used 27304K [0x00000000ecca0000, 0x00000000ef911000, 0x0000000100000000)
 Metaspace       used 35454K, capacity 36744K, committed 36992K, reserved 1081344K
  class space    used 4398K, capacity 4688K, committed 4736K, reserved 1048576K
}
2020-11-07T19:55:43.339+0800: 26.488: Application time: 0.0324529 seconds
{Heap before GC invocations=366 (full 44):
 par new generation   total 9216K, used 8454K [0x00000000e3400000, 0x00000000e3e00000, 0x00000000ecca0000)
  eden space 8192K, 100% used [0x00000000e3400000, 0x00000000e3c00000, 0x00000000e3c00000)
  from space 1024K,  25% used [0x00000000e3c00000, 0x00000000e3c41960, 0x00000000e3d00000)
  to   space 1024K,   0% used [0x00000000e3d00000, 0x00000000e3d00000, 0x00000000e3e00000)
 concurrent mark-sweep generation total 45508K, used 27304K [0x00000000ecca0000, 0x00000000ef911000, 0x0000000100000000)
 Metaspace       used 35464K, capacity 36744K, committed 36992K, reserved 1081344K
  class space    used 4398K, capacity 4688K, committed 4736K, reserved 1048576K
2020-11-07T19:55:43.339+0800: 26.489: [GC (Allocation Failure) 2020-11-07T19:55:43.339+0800: 26.489: [ParNew: 8454K->227K(9216K), 0.0064390 secs] 35758K->27553K(54724K), 0.0065121 secs] [Times: user=0.00 sys=0.00, real=0.01 secs] 
Heap after GC invocations=367 (full 44):
 par new generation   total 9216K, used 227K [0x00000000e3400000, 0x00000000e3e00000, 0x00000000ecca0000)
  eden space 8192K,   0% used [0x00000000e3400000, 0x00000000e3400000, 0x00000000e3c00000)
  from space 1024K,  22% used [0x00000000e3d00000, 0x00000000e3d38ca0, 0x00000000e3e00000)
  to   space 1024K,   0% used [0x00000000e3c00000, 0x00000000e3c00000, 0x00000000e3d00000)
 concurrent mark-sweep generation total 45508K, used 27326K [0x00000000ecca0000, 0x00000000ef911000, 0x0000000100000000)
 Metaspace       used 35464K, capacity 36744K, committed 36992K, reserved 1081344K
  class space    used 4398K, capacity 4688K, committed 4736K, reserved 1048576K
}
2020-11-07T19:55:43.355+0800: 26.505: Application time: 0.0098365 seconds
2020-11-07T19:55:43.355+0800: 26.505: [GC (CMS Initial Mark) [1 CMS-initial-mark: 27326K(45508K)] 33618K(54724K), 0.0049880 secs] [Times: user=0.01 sys=0.00, real=0.00 secs] 
2020-11-07T19:55:43.364+0800: 26.514: [CMS-concurrent-mark-start]
2020-11-07T19:55:43.389+0800: 26.539: Application time: 0.0289688 seconds
{Heap before GC invocations=367 (full 45):
 par new generation   total 9216K, used 8419K [0x00000000e3400000, 0x00000000e3e00000, 0x00000000ecca0000)
  eden space 8192K, 100% used [0x00000000e3400000, 0x00000000e3c00000, 0x00000000e3c00000)
  from space 1024K,  22% used [0x00000000e3d00000, 0x00000000e3d38ca0, 0x00000000e3e00000)
  to   space 1024K,   0% used [0x00000000e3c00000, 0x00000000e3c00000, 0x00000000e3d00000)
 concurrent mark-sweep generation total 45508K, used 27326K [0x00000000ecca0000, 0x00000000ef911000, 0x0000000100000000)
 Metaspace       used 35530K, capacity 36808K, committed 36992K, reserved 1081344K
  class space    used 4410K, capacity 4688K, committed 4736K, reserved 1048576K
2020-11-07T19:55:43.390+0800: 26.539: [GC (Allocation Failure) 2020-11-07T19:55:43.390+0800: 26.539: [ParNew: 8419K->279K(9216K), 0.0040299 secs] 35745K->27630K(54724K), 0.0040993 secs] [Times: user=0.01 sys=0.00, real=0.00 secs] 
Heap after GC invocations=368 (full 45):
 par new generation   total 9216K, used 279K [0x00000000e3400000, 0x00000000e3e00000, 0x00000000ecca0000)
  eden space 8192K,   0% used [0x00000000e3400000, 0x00000000e3400000, 0x00000000e3c00000)
  from space 1024K,  27% used [0x00000000e3c00000, 0x00000000e3c45ee8, 0x00000000e3d00000)
  to   space 1024K,   0% used [0x00000000e3d00000, 0x00000000e3d00000, 0x00000000e3e00000)
 concurrent mark-sweep generation total 45508K, used 27351K [0x00000000ecca0000, 0x00000000ef911000, 0x0000000100000000)
 Metaspace       used 35530K, capacity 36808K, committed 36992K, reserved 1081344K
  class space    used 4410K, capacity 4688K, committed 4736K, reserved 1048576K
}
2020-11-07T19:55:43.649+0800: 26.799: Application time: 0.2551474 seconds
{Heap before GC invocations=368 (full 45):
 par new generation   total 9216K, used 8471K [0x00000000e3400000, 0x00000000e3e00000, 0x00000000ecca0000)
  eden space 8192K, 100% used [0x00000000e3400000, 0x00000000e3c00000, 0x00000000e3c00000)
  from space 1024K,  27% used [0x00000000e3c00000, 0x00000000e3c45ee8, 0x00000000e3d00000)
  to   space 1024K,   0% used [0x00000000e3d00000, 0x00000000e3d00000, 0x00000000e3e00000)
 concurrent mark-sweep generation total 45508K, used 27351K [0x00000000ecca0000, 0x00000000ef911000, 0x0000000100000000)
 Metaspace       used 35623K, capacity 36958K, committed 37248K, reserved 1081344K
  class space    used 4426K, capacity 4697K, committed 4736K, reserved 1048576K
2020-11-07T19:55:43.649+0800: 26.799: [GC (Allocation Failure) 2020-11-07T19:55:43.649+0800: 26.799: [ParNew: 8471K->417K(9216K), 0.0046212 secs] 35822K->27779K(54724K), 0.0046839 secs] [Times: user=0.00 sys=0.00, real=0.00 secs] 
Heap after GC invocations=369 (full 45):
 par new generation   total 9216K, used 417K [0x00000000e3400000, 0x00000000e3e00000, 0x00000000ecca0000)
  eden space 8192K,   0% used [0x00000000e3400000, 0x00000000e3400000, 0x00000000e3c00000)
  from space 1024K,  40% used [0x00000000e3d00000, 0x00000000e3d684c0, 0x00000000e3e00000)
  to   space 1024K,   0% used [0x00000000e3c00000, 0x00000000e3c00000, 0x00000000e3d00000)
 concurrent mark-sweep generation total 45508K, used 27361K [0x00000000ecca0000, 0x00000000ef911000, 0x0000000100000000)
 Metaspace       used 35623K, capacity 36958K, committed 37248K, reserved 1081344K
  class space    used 4426K, capacity 4697K, committed 4736K, reserved 1048576K
}
2020-11-07T19:55:43.677+0800: 26.827: Application time: 0.0234482 seconds
{Heap before GC invocations=369 (full 45):
 par new generation   total 9216K, used 8609K [0x00000000e3400000, 0x00000000e3e00000, 0x00000000ecca0000)
  eden space 8192K, 100% used [0x00000000e3400000, 0x00000000e3c00000, 0x00000000e3c00000)
  from space 1024K,  40% used [0x00000000e3d00000, 0x00000000e3d684c0, 0x00000000e3e00000)
  to   space 1024K,   0% used [0x00000000e3c00000, 0x00000000e3c00000, 0x00000000e3d00000)
 concurrent mark-sweep generation total 45508K, used 27361K [0x00000000ecca0000, 0x00000000ef911000, 0x0000000100000000)
 Metaspace       used 35625K, capacity 36958K, committed 37248K, reserved 1081344K
  class space    used 4426K, capacity 4697K, committed 4736K, reserved 1048576K
2020-11-07T19:55:43.677+0800: 26.827: [GC (Allocation Failure) 2020-11-07T19:55:43.677+0800: 26.827: [ParNew: 8609K->313K(9216K), 0.0040295 secs] 35971K->27699K(54724K), 0.0040746 secs] [Times: user=0.01 sys=0.00, real=0.00 secs] 
Heap after GC invocations=370 (full 45):
 par new generation   total 9216K, used 313K [0x00000000e3400000, 0x00000000e3e00000, 0x00000000ecca0000)
  eden space 8192K,   0% used [0x00000000e3400000, 0x00000000e3400000, 0x00000000e3c00000)
  from space 1024K,  30% used [0x00000000e3c00000, 0x00000000e3c4e620, 0x00000000e3d00000)
  to   space 1024K,   0% used [0x00000000e3d00000, 0x00000000e3d00000, 0x00000000e3e00000)
 concurrent mark-sweep generation total 45508K, used 27385K [0x00000000ecca0000, 0x00000000ef911000, 0x0000000100000000)
 Metaspace       used 35625K, capacity 36958K, committed 37248K, reserved 1081344K
  class space    used 4426K, capacity 4697K, committed 4736K, reserved 1048576K
}
2020-11-07T19:55:43.688+0800: 26.838: Application time: 0.0062463 seconds
{Heap before GC invocations=370 (full 45):
 par new generation   total 9216K, used 8505K [0x00000000e3400000, 0x00000000e3e00000, 0x00000000ecca0000)
  eden space 8192K, 100% used [0x00000000e3400000, 0x00000000e3c00000, 0x00000000e3c00000)
  from space 1024K,  30% used [0x00000000e3c00000, 0x00000000e3c4e620, 0x00000000e3d00000)
  to   space 1024K,   0% used [0x00000000e3d00000, 0x00000000e3d00000, 0x00000000e3e00000)
 concurrent mark-sweep generation total 45508K, used 27385K [0x00000000ecca0000, 0x00000000ef911000, 0x0000000100000000)
 Metaspace       used 35625K, capacity 36958K, committed 37248K, reserved 1081344K
  class space    used 4426K, capacity 4697K, committed 4736K, reserved 1048576K
2020-11-07T19:55:43.688+0800: 26.838: [GC (Allocation Failure) 2020-11-07T19:55:43.688+0800: 26.838: [ParNew: 8505K->262K(9216K), 0.0037660 secs] 35891K->27658K(54724K), 0.0038059 secs] [Times: user=0.01 sys=0.00, real=0.00 secs] 
Heap after GC invocations=371 (full 45):
 par new generation   total 9216K, used 262K [0x00000000e3400000, 0x00000000e3e00000, 0x00000000ecca0000)
  eden space 8192K,   0% used [0x00000000e3400000, 0x00000000e3400000, 0x00000000e3c00000)
  from space 1024K,  25% used [0x00000000e3d00000, 0x00000000e3d41ba0, 0x00000000e3e00000)
  to   space 1024K,   0% used [0x00000000e3c00000, 0x00000000e3c00000, 0x00000000e3d00000)
 concurrent mark-sweep generation total 45508K, used 27395K [0x00000000ecca0000, 0x00000000ef911000, 0x0000000100000000)
 Metaspace       used 35625K, capacity 36958K, committed 37248K, reserved 1081344K
  class space    used 4426K, capacity 4697K, committed 4736K, reserved 1048576K
}
2020-11-07T19:55:43.701+0800: 26.851: [CMS-concurrent-mark: 0.313/0.337 secs] [Times: user=0.33 sys=0.01, real=0.33 secs] 
2020-11-07T19:55:43.702+0800: 26.851: [CMS-concurrent-preclean-start]
2020-11-07T19:55:43.704+0800: 26.853: [CMS-concurrent-preclean: 0.002/0.002 secs] [Times: user=0.00 sys=0.00, real=0.00 secs] 
2020-11-07T19:55:43.715+0800: 26.864: Application time: 0.0229280 seconds
2020-11-07T19:55:43.715+0800: 26.864: [GC (CMS Final Remark) [YG occupancy: 8454 K (9216 K)]2020-11-07T19:55:43.715+0800: 26.865: [Rescan (parallel) , 0.0158840 secs]2020-11-07T19:55:43.731+0800: 26.880: [weak refs processing, 0.0028005 secs]2020-11-07T19:55:43.734+0800: 26.883: [class unloading, 0.0108824 secs]2020-11-07T19:55:43.744+0800: 26.894: [scrub symbol table, 0.0123652 secs]2020-11-07T19:55:43.757+0800: 26.907: [scrub string table, 0.0007000 secs][1 CMS-remark: 27395K(45508K)] 35850K(54724K), 0.0428169 secs] [Times: user=0.04 sys=0.00, real=0.04 secs] 
2020-11-07T19:55:43.758+0800: 26.907: [CMS-concurrent-sweep-start]
2020-11-07T19:55:43.764+0800: 26.913: Application time: 0.0058637 seconds
{Heap before GC invocations=371 (full 45):
 par new generation   total 9216K, used 8454K [0x00000000e3400000, 0x00000000e3e00000, 0x00000000ecca0000)
  eden space 8192K, 100% used [0x00000000e3400000, 0x00000000e3c00000, 0x00000000e3c00000)
  from space 1024K,  25% used [0x00000000e3d00000, 0x00000000e3d41ba0, 0x00000000e3e00000)
  to   space 1024K,   0% used [0x00000000e3c00000, 0x00000000e3c00000, 0x00000000e3d00000)
 concurrent mark-sweep generation total 45508K, used 27395K [0x00000000ecca0000, 0x00000000ef911000, 0x0000000100000000)
 Metaspace       used 35654K, capacity 36990K, committed 37248K, reserved 1081344K
  class space    used 4431K, capacity 4729K, committed 4736K, reserved 1048576K
2020-11-07T19:55:43.764+0800: 26.913: [GC (Allocation Failure) 2020-11-07T19:55:43.764+0800: 26.913: [ParNew: 8454K->260K(9216K), 0.0041483 secs] 35850K->27681K(54724K), 0.0042165 secs] [Times: user=0.00 sys=0.00, real=0.01 secs] 
Heap after GC invocations=372 (full 45):
 par new generation   total 9216K, used 260K [0x00000000e3400000, 0x00000000e3e00000, 0x00000000ecca0000)
  eden space 8192K,   0% used [0x00000000e3400000, 0x00000000e3400000, 0x00000000e3c00000)
  from space 1024K,  25% used [0x00000000e3c00000, 0x00000000e3c41008, 0x00000000e3d00000)
  to   space 1024K,   0% used [0x00000000e3d00000, 0x00000000e3d00000, 0x00000000e3e00000)
 concurrent mark-sweep generation total 45508K, used 27421K [0x00000000ecca0000, 0x00000000ef911000, 0x0000000100000000)
 Metaspace       used 35654K, capacity 36990K, committed 37248K, reserved 1081344K
  class space    used 4431K, capacity 4729K, committed 4736K, reserved 1048576K
}
2020-11-07T19:55:43.785+0800: 26.935: [CMS-concurrent-sweep: 0.017/0.028 secs] [Times: user=0.03 sys=0.00, real=0.03 secs] 
2020-11-07T19:55:43.785+0800: 26.935: [CMS-concurrent-reset-start]
2020-11-07T19:55:43.786+0800: 26.936: [CMS-concurrent-reset: 0.001/0.001 secs] [Times: user=0.00 sys=0.00, real=0.00 secs] 
2020-11-07T19:55:43.792+0800: 26.941: Application time: 0.0236748 seconds
{Heap before GC invocations=372 (full 45):
 par new generation   total 9216K, used 8452K [0x00000000e3400000, 0x00000000e3e00000, 0x00000000ecca0000)
  eden space 8192K, 100% used [0x00000000e3400000, 0x00000000e3c00000, 0x00000000e3c00000)
  from space 1024K,  25% used [0x00000000e3c00000, 0x00000000e3c41008, 0x00000000e3d00000)
  to   space 1024K,   0% used [0x00000000e3d00000, 0x00000000e3d00000, 0x00000000e3e00000)
 concurrent mark-sweep generation total 45700K, used 27402K [0x00000000ecca0000, 0x00000000ef941000, 0x0000000100000000)
 Metaspace       used 35644K, capacity 36972K, committed 37248K, reserved 1081344K
  class space    used 4430K, capacity 4726K, committed 4736K, reserved 1048576K
2020-11-07T19:55:43.792+0800: 26.941: [GC (Allocation Failure) 2020-11-07T19:55:43.792+0800: 26.941: [ParNew: 8452K->279K(9216K), 0.0042438 secs] 35854K->27697K(54916K), 0.0043351 secs] [Times: user=0.00 sys=0.00, real=0.01 secs] 
Heap after GC invocations=373 (full 45):
 par new generation   total 9216K, used 279K [0x00000000e3400000, 0x00000000e3e00000, 0x00000000ecca0000)
  eden space 8192K,   0% used [0x00000000e3400000, 0x00000000e3400000, 0x00000000e3c00000)
  from space 1024K,  27% used [0x00000000e3d00000, 0x00000000e3d45c80, 0x00000000e3e00000)
  to   space 1024K,   0% used [0x00000000e3c00000, 0x00000000e3c00000, 0x00000000e3d00000)
 concurrent mark-sweep generation total 45700K, used 27417K [0x00000000ecca0000, 0x00000000ef941000, 0x0000000100000000)
 Metaspace       used 35644K, capacity 36972K, committed 37248K, reserved 1081344K
  class space    used 4430K, capacity 4726K, committed 4736K, reserved 1048576K
}
2020-11-07T19:55:43.810+0800: 26.960: Application time: 0.0141880 seconds
{Heap before GC invocations=373 (full 45):
 par new generation   total 9216K, used 8471K [0x00000000e3400000, 0x00000000e3e00000, 0x00000000ecca0000)
  eden space 8192K, 100% used [0x00000000e3400000, 0x00000000e3c00000, 0x00000000e3c00000)
  from space 1024K,  27% used [0x00000000e3d00000, 0x00000000e3d45c80, 0x00000000e3e00000)
  to   space 1024K,   0% used [0x00000000e3c00000, 0x00000000e3c00000, 0x00000000e3d00000)
 concurrent mark-sweep generation total 45700K, used 27417K [0x00000000ecca0000, 0x00000000ef941000, 0x0000000100000000)
 Metaspace       used 35648K, capacity 36972K, committed 37248K, reserved 1081344K
  class space    used 4430K, capacity 4726K, committed 4736K, reserved 1048576K
2020-11-07T19:55:43.811+0800: 26.960: [GC (Allocation Failure) 2020-11-07T19:55:43.811+0800: 26.960: [ParNew: 8471K->312K(9216K), 0.0046204 secs] 35889K->27772K(54916K), 0.0046699 secs] [Times: user=0.01 sys=0.00, real=0.01 secs] 
Heap after GC invocations=374 (full 45):
 par new generation   total 9216K, used 312K [0x00000000e3400000, 0x00000000e3e00000, 0x00000000ecca0000)
  eden space 8192K,   0% used [0x00000000e3400000, 0x00000000e3400000, 0x00000000e3c00000)
  from space 1024K,  30% used [0x00000000e3c00000, 0x00000000e3c4e228, 0x00000000e3d00000)
  to   space 1024K,   0% used [0x00000000e3d00000, 0x00000000e3d00000, 0x00000000e3e00000)
 concurrent mark-sweep generation total 45700K, used 27459K [0x00000000ecca0000, 0x00000000ef941000, 0x0000000100000000)
 Metaspace       used 35648K, capacity 36972K, committed 37248K, reserved 1081344K
  class space    used 4430K, capacity 4726K, committed 4736K, reserved 1048576K
}
2020-11-07T19:55:43.822+0800: 26.972: Application time: 0.0070072 seconds
{Heap before GC invocations=374 (full 45):
 par new generation   total 9216K, used 8504K [0x00000000e3400000, 0x00000000e3e00000, 0x00000000ecca0000)
  eden space 8192K, 100% used [0x00000000e3400000, 0x00000000e3c00000, 0x00000000e3c00000)
  from space 1024K,  30% used [0x00000000e3c00000, 0x00000000e3c4e228, 0x00000000e3d00000)
  to   space 1024K,   0% used [0x00000000e3d00000, 0x00000000e3d00000, 0x00000000e3e00000)
 concurrent mark-sweep generation total 45700K, used 27459K [0x00000000ecca0000, 0x00000000ef941000, 0x0000000100000000)
 Metaspace       used 35648K, capacity 36972K, committed 37248K, reserved 1081344K
  class space    used 4430K, capacity 4726K, committed 4736K, reserved 1048576K
2020-11-07T19:55:43.822+0800: 26.972: [GC (Allocation Failure) 2020-11-07T19:55:43.822+0800: 26.972: [ParNew: 8504K->215K(9216K), 0.0043328 secs] 35964K->27705K(54916K), 0.0043809 secs] [Times: user=0.01 sys=0.01, real=0.01 secs] 
Heap after GC invocations=375 (full 45):
 par new generation   total 9216K, used 215K [0x00000000e3400000, 0x00000000e3e00000, 0x00000000ecca0000)
  eden space 8192K,   0% used [0x00000000e3400000, 0x00000000e3400000, 0x00000000e3c00000)
  from space 1024K,  21% used [0x00000000e3d00000, 0x00000000e3d35d30, 0x00000000e3e00000)
  to   space 1024K,   0% used [0x00000000e3c00000, 0x00000000e3c00000, 0x00000000e3d00000)
 concurrent mark-sweep generation total 45700K, used 27490K [0x00000000ecca0000, 0x00000000ef941000, 0x0000000100000000)
 Metaspace       used 35648K, capacity 36972K, committed 37248K, reserved 1081344K
  class space    used 4430K, capacity 4726K, committed 4736K, reserved 1048576K
}
2020-11-07T19:55:43.833+0800: 26.982: Application time: 0.0057709 seconds
2020-11-07T19:55:43.833+0800: 26.982: [GC (CMS Initial Mark) [1 CMS-initial-mark: 27490K(45700K)] 33115K(54916K), 0.0049302 secs] [Times: user=0.01 sys=0.00, real=0.01 secs] 
2020-11-07T19:55:43.838+0800: 26.987: [CMS-concurrent-mark-start]
2020-11-07T19:55:43.847+0800: 26.997: Application time: 0.0094223 seconds
{Heap before GC invocations=375 (full 46):
 par new generation   total 9216K, used 8407K [0x00000000e3400000, 0x00000000e3e00000, 0x00000000ecca0000)
  eden space 8192K, 100% used [0x00000000e3400000, 0x00000000e3c00000, 0x00000000e3c00000)
  from space 1024K,  21% used [0x00000000e3d00000, 0x00000000e3d35d30, 0x00000000e3e00000)
  to   space 1024K,   0% used [0x00000000e3c00000, 0x00000000e3c00000, 0x00000000e3d00000)
 concurrent mark-sweep generation total 45700K, used 27490K [0x00000000ecca0000, 0x00000000ef941000, 0x0000000100000000)
 Metaspace       used 35656K, capacity 36972K, committed 37248K, reserved 1081344K
  class space    used 4431K, capacity 4726K, committed 4736K, reserved 1048576K
2020-11-07T19:55:43.847+0800: 26.997: [GC (Allocation Failure) 2020-11-07T19:55:43.847+0800: 26.997: [ParNew: 8407K->232K(9216K), 0.0041549 secs] 35897K->27732K(54916K), 0.0042272 secs] [Times: user=0.00 sys=0.00, real=0.00 secs] 
Heap after GC invocations=376 (full 46):
 par new generation   total 9216K, used 232K [0x00000000e3400000, 0x00000000e3e00000, 0x00000000ecca0000)
  eden space 8192K,   0% used [0x00000000e3400000, 0x00000000e3400000, 0x00000000e3c00000)
  from space 1024K,  22% used [0x00000000e3c00000, 0x00000000e3c3a2a0, 0x00000000e3d00000)
  to   space 1024K,   0% used [0x00000000e3d00000, 0x00000000e3d00000, 0x00000000e3e00000)
 concurrent mark-sweep generation total 45700K, used 27500K [0x00000000ecca0000, 0x00000000ef941000, 0x0000000100000000)
 Metaspace       used 35656K, capacity 36972K, committed 37248K, reserved 1081344K
  class space    used 4431K, capacity 4726K, committed 4736K, reserved 1048576K
}
2020-11-07T19:55:43.866+0800: 27.015: Application time: 0.0141784 seconds
{Heap before GC invocations=376 (full 46):
 par new generation   total 9216K, used 8424K [0x00000000e3400000, 0x00000000e3e00000, 0x00000000ecca0000)
  eden space 8192K, 100% used [0x00000000e3400000, 0x00000000e3c00000, 0x00000000e3c00000)
  from space 1024K,  22% used [0x00000000e3c00000, 0x00000000e3c3a2a0, 0x00000000e3d00000)
  to   space 1024K,   0% used [0x00000000e3d00000, 0x00000000e3d00000, 0x00000000e3e00000)
 concurrent mark-sweep generation total 45700K, used 27500K [0x00000000ecca0000, 0x00000000ef941000, 0x0000000100000000)
 Metaspace       used 35657K, capacity 36972K, committed 37248K, reserved 1081344K
  class space    used 4431K, capacity 4726K, committed 4736K, reserved 1048576K
2020-11-07T19:55:43.866+0800: 27.015: [GC (Allocation Failure) 2020-11-07T19:55:43.866+0800: 27.016: [ParNew: 8424K->270K(9216K), 0.0040474 secs] 35924K->27785K(54916K), 0.0040953 secs] [Times: user=0.00 sys=0.00, real=0.00 secs] 
Heap after GC invocations=377 (full 46):
 par new generation   total 9216K, used 270K [0x00000000e3400000, 0x00000000e3e00000, 0x00000000ecca0000)
  eden space 8192K,   0% used [0x00000000e3400000, 0x00000000e3400000, 0x00000000e3c00000)
  from space 1024K,  26% used [0x00000000e3d00000, 0x00000000e3d43918, 0x00000000e3e00000)
  to   space 1024K,   0% used [0x00000000e3c00000, 0x00000000e3c00000, 0x00000000e3d00000)
 concurrent mark-sweep generation total 45700K, used 27515K [0x00000000ecca0000, 0x00000000ef941000, 0x0000000100000000)
 Metaspace       used 35657K, capacity 36972K, committed 37248K, reserved 1081344K
  class space    used 4431K, capacity 4726K, committed 4736K, reserved 1048576K
}
2020-11-07T19:55:43.969+0800: 27.119: [CMS-concurrent-mark: 0.123/0.131 secs] [Times: user=0.13 sys=0.00, real=0.13 secs] 
2020-11-07T19:55:43.969+0800: 27.119: [CMS-concurrent-preclean-start]
2020-11-07T19:55:43.971+0800: 27.121: [CMS-concurrent-preclean: 0.002/0.002 secs] [Times: user=0.00 sys=0.00, real=0.00 secs] 
2020-11-07T19:55:43.971+0800: 27.121: [CMS-concurrent-abortable-preclean-start]
2020-11-07T19:55:43.976+0800: 27.125: Application time: 0.1058116 seconds
{Heap before GC invocations=377 (full 46):
 par new generation   total 9216K, used 8462K [0x00000000e3400000, 0x00000000e3e00000, 0x00000000ecca0000)
  eden space 8192K, 100% used [0x00000000e3400000, 0x00000000e3c00000, 0x00000000e3c00000)
  from space 1024K,  26% used [0x00000000e3d00000, 0x00000000e3d43918, 0x00000000e3e00000)
  to   space 1024K,   0% used [0x00000000e3c00000, 0x00000000e3c00000, 0x00000000e3d00000)
 concurrent mark-sweep generation total 45700K, used 27515K [0x00000000ecca0000, 0x00000000ef941000, 0x0000000100000000)
 Metaspace       used 35913K, capacity 37184K, committed 37248K, reserved 1081344K
  class space    used 4463K, capacity 4730K, committed 4736K, reserved 1048576K
2020-11-07T19:55:43.976+0800: 27.126: [GC (Allocation Failure) 2020-11-07T19:55:43.976+0800: 27.126: [ParNew: 8462K->498K(9216K), 0.0057787 secs] 35977K->28066K(54916K), 0.0058382 secs] [Times: user=0.00 sys=0.00, real=0.00 secs] 
Heap after GC invocations=378 (full 46):
 par new generation   total 9216K, used 498K [0x00000000e3400000, 0x00000000e3e00000, 0x00000000ecca0000)
  eden space 8192K,   0% used [0x00000000e3400000, 0x00000000e3400000, 0x00000000e3c00000)
  from space 1024K,  48% used [0x00000000e3c00000, 0x00000000e3c7c840, 0x00000000e3d00000)
  to   space 1024K,   0% used [0x00000000e3d00000, 0x00000000e3d00000, 0x00000000e3e00000)
 concurrent mark-sweep generation total 45700K, used 27568K [0x00000000ecca0000, 0x00000000ef941000, 0x0000000100000000)
 Metaspace       used 35913K, capacity 37184K, committed 37248K, reserved 1081344K
  class space    used 4463K, capacity 4730K, committed 4736K, reserved 1048576K
}
2020-11-07T19:55:44.053+0800: 27.203: Application time: 0.0714900 seconds
{Heap before GC invocations=378 (full 46):
 par new generation   total 9216K, used 8690K [0x00000000e3400000, 0x00000000e3e00000, 0x00000000ecca0000)
  eden space 8192K, 100% used [0x00000000e3400000, 0x00000000e3c00000, 0x00000000e3c00000)
  from space 1024K,  48% used [0x00000000e3c00000, 0x00000000e3c7c840, 0x00000000e3d00000)
  to   space 1024K,   0% used [0x00000000e3d00000, 0x00000000e3d00000, 0x00000000e3e00000)
 concurrent mark-sweep generation total 45700K, used 27568K [0x00000000ecca0000, 0x00000000ef941000, 0x0000000100000000)
 Metaspace       used 36077K, capacity 37404K, committed 37632K, reserved 1081344K
  class space    used 4482K, capacity 4772K, committed 4864K, reserved 1048576K
2020-11-07T19:55:44.053+0800: 27.203: [GC (Allocation Failure) 2020-11-07T19:55:44.054+0800: 27.203: [ParNew: 8690K->792K(9216K), 0.0248079 secs] 36258K->28387K(54916K), 0.0248618 secs] [Times: user=0.03 sys=0.00, real=0.03 secs] 
Heap after GC invocations=379 (full 46):
 par new generation   total 9216K, used 792K [0x00000000e3400000, 0x00000000e3e00000, 0x00000000ecca0000)
  eden space 8192K,   0% used [0x00000000e3400000, 0x00000000e3400000, 0x00000000e3c00000)
  from space 1024K,  77% used [0x00000000e3d00000, 0x00000000e3dc63b0, 0x00000000e3e00000)
  to   space 1024K,   0% used [0x00000000e3c00000, 0x00000000e3c00000, 0x00000000e3d00000)
 concurrent mark-sweep generation total 45700K, used 27594K [0x00000000ecca0000, 0x00000000ef941000, 0x0000000100000000)
 Metaspace       used 36077K, capacity 37404K, committed 37632K, reserved 1081344K
  class space    used 4482K, capacity 4772K, committed 4864K, reserved 1048576K
}
2020-11-07T19:55:44.098+0800: 27.247: Application time: 0.0191472 seconds
{Heap before GC invocations=379 (full 46):
 par new generation   total 9216K, used 8984K [0x00000000e3400000, 0x00000000e3e00000, 0x00000000ecca0000)
  eden space 8192K, 100% used [0x00000000e3400000, 0x00000000e3c00000, 0x00000000e3c00000)
  from space 1024K,  77% used [0x00000000e3d00000, 0x00000000e3dc63b0, 0x00000000e3e00000)
  to   space 1024K,   0% used [0x00000000e3c00000, 0x00000000e3c00000, 0x00000000e3d00000)
 concurrent mark-sweep generation total 45700K, used 27594K [0x00000000ecca0000, 0x00000000ef941000, 0x0000000100000000)
 Metaspace       used 36077K, capacity 37404K, committed 37632K, reserved 1081344K
  class space    used 4482K, capacity 4772K, committed 4864K, reserved 1048576K
2020-11-07T19:55:44.098+0800: 27.247: [GC (Allocation Failure) 2020-11-07T19:55:44.098+0800: 27.247: [ParNew: 8984K->423K(9216K), 0.0104349 secs] 36579K->28307K(54916K), 0.0104868 secs] [Times: user=0.01 sys=0.00, real=0.01 secs] 
Heap after GC invocations=380 (full 46):
 par new generation   total 9216K, used 423K [0x00000000e3400000, 0x00000000e3e00000, 0x00000000ecca0000)
  eden space 8192K,   0% used [0x00000000e3400000, 0x00000000e3400000, 0x00000000e3c00000)
  from space 1024K,  41% used [0x00000000e3c00000, 0x00000000e3c69fa8, 0x00000000e3d00000)
  to   space 1024K,   0% used [0x00000000e3d00000, 0x00000000e3d00000, 0x00000000e3e00000)
 concurrent mark-sweep generation total 45700K, used 27884K [0x00000000ecca0000, 0x00000000ef941000, 0x0000000100000000)
 Metaspace       used 36077K, capacity 37404K, committed 37632K, reserved 1081344K
  class space    used 4482K, capacity 4772K, committed 4864K, reserved 1048576K
}
2020-11-07T19:55:44.109+0800: 27.259: [CMS-concurrent-abortable-preclean: 0.035/0.138 secs] [Times: user=0.13 sys=0.00, real=0.14 secs] 
2020-11-07T19:55:44.114+0800: 27.263: Application time: 0.0052713 seconds
2020-11-07T19:55:44.114+0800: 27.263: [GC (CMS Final Remark) [YG occupancy: 2553 K (9216 K)]2020-11-07T19:55:44.114+0800: 27.263: [Rescan (parallel) , 0.0220352 secs]2020-11-07T19:55:44.136+0800: 27.285: [weak refs processing, 0.0000515 secs]2020-11-07T19:55:44.136+0800: 27.285: [class unloading, 0.0111260 secs]2020-11-07T19:55:44.147+0800: 27.297: [scrub symbol table, 0.0117136 secs]2020-11-07T19:55:44.159+0800: 27.308: [scrub string table, 0.0007057 secs][1 CMS-remark: 27884K(45700K)] 30437K(54916K), 0.0458012 secs] [Times: user=0.04 sys=0.00, real=0.05 secs] 
2020-11-07T19:55:44.176+0800: 27.326: [CMS-concurrent-sweep-start]
2020-11-07T19:55:44.199+0800: 27.348: [CMS-concurrent-sweep: 0.022/0.022 secs] [Times: user=0.02 sys=0.00, real=0.02 secs] 
2020-11-07T19:55:44.199+0800: 27.348: [CMS-concurrent-reset-start]
2020-11-07T19:55:44.200+0800: 27.349: [CMS-concurrent-reset: 0.001/0.001 secs] [Times: user=0.00 sys=0.00, real=0.00 secs] 
2020-11-07T19:55:44.251+0800: 27.401: Application time: 0.0919571 seconds
{Heap before GC invocations=380 (full 46):
 par new generation   total 9216K, used 8615K [0x00000000e3400000, 0x00000000e3e00000, 0x00000000ecca0000)
  eden space 8192K, 100% used [0x00000000e3400000, 0x00000000e3c00000, 0x00000000e3c00000)
  from space 1024K,  41% used [0x00000000e3c00000, 0x00000000e3c69fa8, 0x00000000e3d00000)
  to   space 1024K,   0% used [0x00000000e3d00000, 0x00000000e3d00000, 0x00000000e3e00000)
 concurrent mark-sweep generation total 46432K, used 27857K [0x00000000ecca0000, 0x00000000ef9f8000, 0x0000000100000000)
 Metaspace       used 36480K, capacity 37776K, committed 37888K, reserved 1083392K
  class space    used 4521K, capacity 4834K, committed 4864K, reserved 1048576K
2020-11-07T19:55:44.252+0800: 27.401: [GC (Allocation Failure) 2020-11-07T19:55:44.252+0800: 27.401: [ParNew: 8615K->823K(9216K), 0.0164627 secs] 36473K->28680K(55648K), 0.0165357 secs] [Times: user=0.02 sys=0.00, real=0.02 secs] 
Heap after GC invocations=381 (full 46):
 par new generation   total 9216K, used 823K [0x00000000e3400000, 0x00000000e3e00000, 0x00000000ecca0000)
  eden space 8192K,   0% used [0x00000000e3400000, 0x00000000e3400000, 0x00000000e3c00000)
  from space 1024K,  80% used [0x00000000e3d00000, 0x00000000e3dcdc58, 0x00000000e3e00000)
  to   space 1024K,   0% used [0x00000000e3c00000, 0x00000000e3c00000, 0x00000000e3d00000)
 concurrent mark-sweep generation total 46432K, used 27857K [0x00000000ecca0000, 0x00000000ef9f8000, 0x0000000100000000)
 Metaspace       used 36480K, capacity 37776K, committed 37888K, reserved 1083392K
  class space    used 4521K, capacity 4834K, committed 4864K, reserved 1048576K
}
2020-11-07T19:55:44.340+0800: 27.490: Application time: 0.0717237 seconds
{Heap before GC invocations=381 (full 46):
 par new generation   total 9216K, used 9015K [0x00000000e3400000, 0x00000000e3e00000, 0x00000000ecca0000)
  eden space 8192K, 100% used [0x00000000e3400000, 0x00000000e3c00000, 0x00000000e3c00000)
  from space 1024K,  80% used [0x00000000e3d00000, 0x00000000e3dcdc58, 0x00000000e3e00000)
  to   space 1024K,   0% used [0x00000000e3c00000, 0x00000000e3c00000, 0x00000000e3d00000)
 concurrent mark-sweep generation total 46432K, used 27857K [0x00000000ecca0000, 0x00000000ef9f8000, 0x0000000100000000)
 Metaspace       used 36928K, capacity 38288K, committed 38528K, reserved 1083392K
  class space    used 4570K, capacity 4898K, committed 4992K, reserved 1048576K
2020-11-07T19:55:44.340+0800: 27.490: [GC (Allocation Failure) 2020-11-07T19:55:44.340+0800: 27.490: [ParNew: 9015K->730K(9216K), 0.0150070 secs] 36872K->28886K(55648K), 0.0150677 secs] [Times: user=0.02 sys=0.00, real=0.02 secs] 
Heap after GC invocations=382 (full 46):
 par new generation   total 9216K, used 730K [0x00000000e3400000, 0x00000000e3e00000, 0x00000000ecca0000)
  eden space 8192K,   0% used [0x00000000e3400000, 0x00000000e3400000, 0x00000000e3c00000)
  from space 1024K,  71% used [0x00000000e3c00000, 0x00000000e3cb6ad8, 0x00000000e3d00000)
  to   space 1024K,   0% used [0x00000000e3d00000, 0x00000000e3d00000, 0x00000000e3e00000)
 concurrent mark-sweep generation total 46432K, used 28155K [0x00000000ecca0000, 0x00000000ef9f8000, 0x0000000100000000)
 Metaspace       used 36928K, capacity 38288K, committed 38528K, reserved 1083392K
  class space    used 4570K, capacity 4898K, committed 4992K, reserved 1048576K
}
2020-11-07T19:55:44.361+0800: 27.510: Application time: 0.0055707 seconds
2020-11-07T19:55:44.361+0800: 27.511: [GC (CMS Initial Mark) [1 CMS-initial-mark: 28155K(46432K)] 30362K(55648K), 0.0026657 secs] [Times: user=0.00 sys=0.00, real=0.00 secs] 
2020-11-07T19:55:44.367+0800: 27.517: [CMS-concurrent-mark-start]
2020-11-07T19:55:44.397+0800: 27.547: Application time: 0.0339752 seconds
2020-11-07T19:55:44.409+0800: 27.559: Application time: 0.0112644 seconds
2020-11-07T19:55:44.485+0800: 27.635: Application time: 0.0752614 seconds
{Heap before GC invocations=382 (full 47):
 par new generation   total 9216K, used 8922K [0x00000000e3400000, 0x00000000e3e00000, 0x00000000ecca0000)
  eden space 8192K, 100% used [0x00000000e3400000, 0x00000000e3c00000, 0x00000000e3c00000)
  from space 1024K,  71% used [0x00000000e3c00000, 0x00000000e3cb6ad8, 0x00000000e3d00000)
  to   space 1024K,   0% used [0x00000000e3d00000, 0x00000000e3d00000, 0x00000000e3e00000)
 concurrent mark-sweep generation total 46432K, used 28155K [0x00000000ecca0000, 0x00000000ef9f8000, 0x0000000100000000)
 Metaspace       used 37363K, capacity 38704K, committed 38784K, reserved 1083392K
  class space    used 4621K, capacity 4930K, committed 4992K, reserved 1048576K
2020-11-07T19:55:44.486+0800: 27.635: [GC (Allocation Failure) 2020-11-07T19:55:44.486+0800: 27.635: [ParNew: 8922K->520K(9216K), 0.0053328 secs] 37078K->28789K(55648K), 0.0054066 secs] [Times: user=0.01 sys=0.00, real=0.00 secs] 
Heap after GC invocations=383 (full 47):
 par new generation   total 9216K, used 520K [0x00000000e3400000, 0x00000000e3e00000, 0x00000000ecca0000)
  eden space 8192K,   0% used [0x00000000e3400000, 0x00000000e3400000, 0x00000000e3c00000)
  from space 1024K,  50% used [0x00000000e3d00000, 0x00000000e3d821c0, 0x00000000e3e00000)
  to   space 1024K,   0% used [0x00000000e3c00000, 0x00000000e3c00000, 0x00000000e3d00000)
 concurrent mark-sweep generation total 46432K, used 28268K [0x00000000ecca0000, 0x00000000ef9f8000, 0x0000000100000000)
 Metaspace       used 37363K, capacity 38704K, committed 38784K, reserved 1083392K
  class space    used 4621K, capacity 4930K, committed 4992K, reserved 1048576K
}
2020-11-07T19:55:44.524+0800: 27.673: [CMS-concurrent-mark: 0.143/0.156 secs] [Times: user=0.15 sys=0.01, real=0.15 secs] 
2020-11-07T19:55:44.524+0800: 27.673: [CMS-concurrent-preclean-start]
2020-11-07T19:55:44.526+0800: 27.676: [CMS-concurrent-preclean: 0.002/0.002 secs] [Times: user=0.00 sys=0.00, real=0.01 secs] 
2020-11-07T19:55:44.536+0800: 27.685: Application time: 0.0444668 seconds
2020-11-07T19:55:44.539+0800: 27.689: [GC (CMS Final Remark) [YG occupancy: 2888 K (9216 K)]2020-11-07T19:55:44.539+0800: 27.689: [Rescan (parallel) , 0.0034676 secs]2020-11-07T19:55:44.543+0800: 27.693: [weak refs processing, 0.0000939 secs]2020-11-07T19:55:44.543+0800: 27.693: [class unloading, 0.0108914 secs]2020-11-07T19:55:44.554+0800: 27.704: [scrub symbol table, 0.0115432 secs]2020-11-07T19:55:44.565+0800: 27.715: [scrub string table, 0.0007243 secs][1 CMS-remark: 28268K(46432K)] 31157K(55648K), 0.0269003 secs] [Times: user=0.02 sys=0.00, real=0.03 secs] 
2020-11-07T19:55:44.575+0800: 27.725: [CMS-concurrent-sweep-start]
2020-11-07T19:55:44.610+0800: 27.760: [CMS-concurrent-sweep: 0.035/0.035 secs] [Times: user=0.04 sys=0.00, real=0.03 secs] 
2020-11-07T19:55:44.611+0800: 27.760: [CMS-concurrent-reset-start]
2020-11-07T19:55:44.612+0800: 27.761: [CMS-concurrent-reset: 0.001/0.001 secs] [Times: user=0.00 sys=0.00, real=0.00 secs] 
2020-11-07T19:55:44.633+0800: 27.783: Application time: 0.0668578 seconds
{Heap before GC invocations=383 (full 47):
 par new generation   total 9216K, used 8712K [0x00000000e3400000, 0x00000000e3e00000, 0x00000000ecca0000)
  eden space 8192K, 100% used [0x00000000e3400000, 0x00000000e3c00000, 0x00000000e3c00000)
  from space 1024K,  50% used [0x00000000e3d00000, 0x00000000e3d821c0, 0x00000000e3e00000)
  to   space 1024K,   0% used [0x00000000e3c00000, 0x00000000e3c00000, 0x00000000e3d00000)
 concurrent mark-sweep generation total 46432K, used 26779K [0x00000000ecca0000, 0x00000000ef9f8000, 0x0000000100000000)
 Metaspace       used 37622K, capacity 38912K, committed 39040K, reserved 1083392K
  class space    used 4654K, capacity 4958K, committed 4992K, reserved 1048576K
2020-11-07T19:55:44.633+0800: 27.783: [GC (Allocation Failure) 2020-11-07T19:55:44.633+0800: 27.783: [ParNew: 8712K->1024K(9216K), 0.0202950 secs] 35491K->28515K(55648K), 0.0203706 secs] [Times: user=0.02 sys=0.00, real=0.02 secs] 
Heap after GC invocations=384 (full 47):
 par new generation   total 9216K, used 1024K [0x00000000e3400000, 0x00000000e3e00000, 0x00000000ecca0000)
  eden space 8192K,   0% used [0x00000000e3400000, 0x00000000e3400000, 0x00000000e3c00000)
  from space 1024K, 100% used [0x00000000e3c00000, 0x00000000e3d00000, 0x00000000e3d00000)
  to   space 1024K,   0% used [0x00000000e3d00000, 0x00000000e3d00000, 0x00000000e3e00000)
 concurrent mark-sweep generation total 46432K, used 27491K [0x00000000ecca0000, 0x00000000ef9f8000, 0x0000000100000000)
 Metaspace       used 37622K, capacity 38912K, committed 39040K, reserved 1083392K
  class space    used 4654K, capacity 4958K, committed 4992K, reserved 1048576K
}
2020-11-07T19:55:44.679+0800: 27.829: Application time: 0.0251523 seconds
{Heap before GC invocations=384 (full 47):
 par new generation   total 9216K, used 9216K [0x00000000e3400000, 0x00000000e3e00000, 0x00000000ecca0000)
  eden space 8192K, 100% used [0x00000000e3400000, 0x00000000e3c00000, 0x00000000e3c00000)
  from space 1024K, 100% used [0x00000000e3c00000, 0x00000000e3d00000, 0x00000000e3d00000)
  to   space 1024K,   0% used [0x00000000e3d00000, 0x00000000e3d00000, 0x00000000e3e00000)
 concurrent mark-sweep generation total 46432K, used 27491K [0x00000000ecca0000, 0x00000000ef9f8000, 0x0000000100000000)
 Metaspace       used 37632K, capacity 38912K, committed 39040K, reserved 1083392K
  class space    used 4656K, capacity 4958K, committed 4992K, reserved 1048576K
2020-11-07T19:55:44.679+0800: 27.829: [GC (Allocation Failure) 2020-11-07T19:55:44.679+0800: 27.829: [ParNew: 9216K->388K(9216K), 0.0227502 secs] 36707K->28908K(55648K), 0.0228166 secs] [Times: user=0.03 sys=0.00, real=0.02 secs] 
Heap after GC invocations=385 (full 47):
 par new generation   total 9216K, used 388K [0x00000000e3400000, 0x00000000e3e00000, 0x00000000ecca0000)
  eden space 8192K,   0% used [0x00000000e3400000, 0x00000000e3400000, 0x00000000e3c00000)
  from space 1024K,  37% used [0x00000000e3d00000, 0x00000000e3d610e0, 0x00000000e3e00000)
  to   space 1024K,   0% used [0x00000000e3c00000, 0x00000000e3c00000, 0x00000000e3d00000)
 concurrent mark-sweep generation total 46432K, used 28520K [0x00000000ecca0000, 0x00000000ef9f8000, 0x0000000100000000)
 Metaspace       used 37632K, capacity 38912K, committed 39040K, reserved 1083392K
  class space    used 4656K, capacity 4958K, committed 4992K, reserved 1048576K
}
2020-11-07T19:55:44.707+0800: 27.857: Application time: 0.0048947 seconds
2020-11-07T19:55:44.707+0800: 27.857: [GC (CMS Initial Mark) [1 CMS-initial-mark: 28520K(46432K)] 30056K(55648K), 0.0027471 secs] [Times: user=0.01 sys=0.00, real=0.00 secs] 
2020-11-07T19:55:44.710+0800: 27.859: [CMS-concurrent-mark-start]
2020-11-07T19:55:44.745+0800: 27.894: Application time: 0.0349883 seconds
{Heap before GC invocations=385 (full 48):
 par new generation   total 9216K, used 8580K [0x00000000e3400000, 0x00000000e3e00000, 0x00000000ecca0000)
  eden space 8192K, 100% used [0x00000000e3400000, 0x00000000e3c00000, 0x00000000e3c00000)
  from space 1024K,  37% used [0x00000000e3d00000, 0x00000000e3d610e0, 0x00000000e3e00000)
  to   space 1024K,   0% used [0x00000000e3c00000, 0x00000000e3c00000, 0x00000000e3d00000)
 concurrent mark-sweep generation total 46432K, used 28520K [0x00000000ecca0000, 0x00000000ef9f8000, 0x0000000100000000)
 Metaspace       used 37660K, capacity 39014K, committed 39168K, reserved 1083392K
  class space    used 4663K, capacity 4991K, committed 5120K, reserved 1048576K
2020-11-07T19:55:44.745+0800: 27.895: [GC (Allocation Failure) 2020-11-07T19:55:44.745+0800: 27.895: [ParNew: 8580K->109K(9216K), 0.0037213 secs] 37100K->28630K(55648K), 0.0037851 secs] [Times: user=0.00 sys=0.00, real=0.00 secs] 
Heap after GC invocations=386 (full 48):
 par new generation   total 9216K, used 109K [0x00000000e3400000, 0x00000000e3e00000, 0x00000000ecca0000)
  eden space 8192K,   0% used [0x00000000e3400000, 0x00000000e3400000, 0x00000000e3c00000)
  from space 1024K,  10% used [0x00000000e3c00000, 0x00000000e3c1b6b0, 0x00000000e3d00000)
  to   space 1024K,   0% used [0x00000000e3d00000, 0x00000000e3d00000, 0x00000000e3e00000)
 concurrent mark-sweep generation total 46432K, used 28520K [0x00000000ecca0000, 0x00000000ef9f8000, 0x0000000100000000)
 Metaspace       used 37660K, capacity 39014K, committed 39168K, reserved 1083392K
  class space    used 4663K, capacity 4991K, committed 5120K, reserved 1048576K
}
2020-11-07T19:55:44.764+0800: 27.914: Application time: 0.0151669 seconds
{Heap before GC invocations=386 (full 48):
 par new generation   total 9216K, used 8301K [0x00000000e3400000, 0x00000000e3e00000, 0x00000000ecca0000)
  eden space 8192K, 100% used [0x00000000e3400000, 0x00000000e3c00000, 0x00000000e3c00000)
  from space 1024K,  10% used [0x00000000e3c00000, 0x00000000e3c1b6b0, 0x00000000e3d00000)
  to   space 1024K,   0% used [0x00000000e3d00000, 0x00000000e3d00000, 0x00000000e3e00000)
 concurrent mark-sweep generation total 46432K, used 28520K [0x00000000ecca0000, 0x00000000ef9f8000, 0x0000000100000000)
 Metaspace       used 37660K, capacity 39014K, committed 39168K, reserved 1083392K
  class space    used 4663K, capacity 4991K, committed 5120K, reserved 1048576K
2020-11-07T19:55:44.764+0800: 27.914: [GC (Allocation Failure) 2020-11-07T19:55:44.764+0800: 27.914: [ParNew: 8301K->112K(9216K), 0.0034486 secs] 36822K->28633K(55648K), 0.0035037 secs] [Times: user=0.00 sys=0.00, real=0.01 secs] 
Heap after GC invocations=387 (full 48):
 par new generation   total 9216K, used 112K [0x00000000e3400000, 0x00000000e3e00000, 0x00000000ecca0000)
  eden space 8192K,   0% used [0x00000000e3400000, 0x00000000e3400000, 0x00000000e3c00000)
  from space 1024K,  10% used [0x00000000e3d00000, 0x00000000e3d1c280, 0x00000000e3e00000)
  to   space 1024K,   0% used [0x00000000e3c00000, 0x00000000e3c00000, 0x00000000e3d00000)
 concurrent mark-sweep generation total 46432K, used 28520K [0x00000000ecca0000, 0x00000000ef9f8000, 0x0000000100000000)
 Metaspace       used 37660K, capacity 39014K, committed 39168K, reserved 1083392K
  class space    used 4663K, capacity 4991K, committed 5120K, reserved 1048576K
}
2020-11-07T19:55:44.783+0800: 27.932: Application time: 0.0149818 seconds
{Heap before GC invocations=387 (full 48):
 par new generation   total 9216K, used 8304K [0x00000000e3400000, 0x00000000e3e00000, 0x00000000ecca0000)
  eden space 8192K, 100% used [0x00000000e3400000, 0x00000000e3c00000, 0x00000000e3c00000)
  from space 1024K,  10% used [0x00000000e3d00000, 0x00000000e3d1c280, 0x00000000e3e00000)
  to   space 1024K,   0% used [0x00000000e3c00000, 0x00000000e3c00000, 0x00000000e3d00000)
 concurrent mark-sweep generation total 46432K, used 28520K [0x00000000ecca0000, 0x00000000ef9f8000, 0x0000000100000000)
 Metaspace       used 37668K, capacity 39014K, committed 39168K, reserved 1083392K
  class space    used 4663K, capacity 4991K, committed 5120K, reserved 1048576K
2020-11-07T19:55:44.783+0800: 27.932: [GC (Allocation Failure) 2020-11-07T19:55:44.783+0800: 27.932: [ParNew: 8304K->101K(9216K), 0.0034382 secs] 36825K->28621K(55648K), 0.0034813 secs] [Times: user=0.00 sys=0.00, real=0.01 secs] 
Heap after GC invocations=388 (full 48):
 par new generation   total 9216K, used 101K [0x00000000e3400000, 0x00000000e3e00000, 0x00000000ecca0000)
  eden space 8192K,   0% used [0x00000000e3400000, 0x00000000e3400000, 0x00000000e3c00000)
  from space 1024K,   9% used [0x00000000e3c00000, 0x00000000e3c194c0, 0x00000000e3d00000)
  to   space 1024K,   0% used [0x00000000e3d00000, 0x00000000e3d00000, 0x00000000e3e00000)
 concurrent mark-sweep generation total 46432K, used 28520K [0x00000000ecca0000, 0x00000000ef9f8000, 0x0000000100000000)
 Metaspace       used 37668K, capacity 39014K, committed 39168K, reserved 1083392K
  class space    used 4663K, capacity 4991K, committed 5120K, reserved 1048576K
}
2020-11-07T19:55:44.856+0800: 28.006: Application time: 0.0700706 seconds
{Heap before GC invocations=388 (full 48):
 par new generation   total 9216K, used 8293K [0x00000000e3400000, 0x00000000e3e00000, 0x00000000ecca0000)
  eden space 8192K, 100% used [0x00000000e3400000, 0x00000000e3c00000, 0x00000000e3c00000)
  from space 1024K,   9% used [0x00000000e3c00000, 0x00000000e3c194c0, 0x00000000e3d00000)
  to   space 1024K,   0% used [0x00000000e3d00000, 0x00000000e3d00000, 0x00000000e3e00000)
 concurrent mark-sweep generation total 46432K, used 28520K [0x00000000ecca0000, 0x00000000ef9f8000, 0x0000000100000000)
 Metaspace       used 37736K, capacity 39014K, committed 39168K, reserved 1083392K
  class space    used 4674K, capacity 4991K, committed 5120K, reserved 1048576K
2020-11-07T19:55:44.857+0800: 28.006: [GC (Allocation Failure) 2020-11-07T19:55:44.857+0800: 28.006: [ParNew: 8293K->248K(9216K), 0.0038804 secs] 36813K->28769K(55648K), 0.0039296 secs] [Times: user=0.00 sys=0.00, real=0.00 secs] 
Heap after GC invocations=389 (full 48):
 par new generation   total 9216K, used 248K [0x00000000e3400000, 0x00000000e3e00000, 0x00000000ecca0000)
  eden space 8192K,   0% used [0x00000000e3400000, 0x00000000e3400000, 0x00000000e3c00000)
  from space 1024K,  24% used [0x00000000e3d00000, 0x00000000e3d3e328, 0x00000000e3e00000)
  to   space 1024K,   0% used [0x00000000e3c00000, 0x00000000e3c00000, 0x00000000e3d00000)
 concurrent mark-sweep generation total 46432K, used 28520K [0x00000000ecca0000, 0x00000000ef9f8000, 0x0000000100000000)
 Metaspace       used 37736K, capacity 39014K, committed 39168K, reserved 1083392K
  class space    used 4674K, capacity 4991K, committed 5120K, reserved 1048576K
}
2020-11-07T19:55:44.893+0800: 28.042: Application time: 0.0321930 seconds
{Heap before GC invocations=389 (full 48):
 par new generation   total 9216K, used 8440K [0x00000000e3400000, 0x00000000e3e00000, 0x00000000ecca0000)
  eden space 8192K, 100% used [0x00000000e3400000, 0x00000000e3c00000, 0x00000000e3c00000)
  from space 1024K,  24% used [0x00000000e3d00000, 0x00000000e3d3e328, 0x00000000e3e00000)
  to   space 1024K,   0% used [0x00000000e3c00000, 0x00000000e3c00000, 0x00000000e3d00000)
 concurrent mark-sweep generation total 46432K, used 28520K [0x00000000ecca0000, 0x00000000ef9f8000, 0x0000000100000000)
 Metaspace       used 37739K, capacity 39078K, committed 39424K, reserved 1083392K
  class space    used 4674K, capacity 4991K, committed 5120K, reserved 1048576K
2020-11-07T19:55:44.893+0800: 28.043: [GC (Allocation Failure) 2020-11-07T19:55:44.893+0800: 28.043: [ParNew: 8440K->231K(9216K), 0.0041691 secs] 36961K->28752K(55648K), 0.0042230 secs] [Times: user=0.00 sys=0.00, real=0.01 secs] 
Heap after GC invocations=390 (full 48):
 par new generation   total 9216K, used 231K [0x00000000e3400000, 0x00000000e3e00000, 0x00000000ecca0000)
  eden space 8192K,   0% used [0x00000000e3400000, 0x00000000e3400000, 0x00000000e3c00000)
  from space 1024K,  22% used [0x00000000e3c00000, 0x00000000e3c39ea0, 0x00000000e3d00000)
  to   space 1024K,   0% used [0x00000000e3d00000, 0x00000000e3d00000, 0x00000000e3e00000)
 concurrent mark-sweep generation total 46432K, used 28520K [0x00000000ecca0000, 0x00000000ef9f8000, 0x0000000100000000)
 Metaspace       used 37739K, capacity 39078K, committed 39424K, reserved 1083392K
  class space    used 4674K, capacity 4991K, committed 5120K, reserved 1048576K
}
2020-11-07T19:55:44.900+0800: 28.049: [CMS-concurrent-mark: 0.155/0.190 secs] [Times: user=0.18 sys=0.00, real=0.19 secs] 
2020-11-07T19:55:44.900+0800: 28.049: [CMS-concurrent-preclean-start]
2020-11-07T19:55:44.902+0800: 28.051: [CMS-concurrent-preclean: 0.002/0.002 secs] [Times: user=0.01 sys=0.00, real=0.00 secs] 
2020-11-07T19:55:44.928+0800: 28.078: Application time: 0.0312054 seconds
2020-11-07T19:55:44.928+0800: 28.078: [GC (CMS Final Remark) [YG occupancy: 7609 K (9216 K)]2020-11-07T19:55:44.928+0800: 28.078: [Rescan (parallel) , 0.0202709 secs]2020-11-07T19:55:44.949+0800: 28.098: [weak refs processing, 0.0018221 secs]2020-11-07T19:55:44.951+0800: 28.100: [class unloading, 0.0114603 secs]2020-11-07T19:55:44.962+0800: 28.112: [scrub symbol table, 0.0111566 secs]2020-11-07T19:55:44.973+0800: 28.123: [scrub string table, 0.0007392 secs][1 CMS-remark: 28520K(46432K)] 36130K(55648K), 0.0456639 secs] [Times: user=0.05 sys=0.00, real=0.04 secs] 
2020-11-07T19:55:44.985+0800: 28.134: [CMS-concurrent-sweep-start]
2020-11-07T19:55:45.001+0800: 28.150: Application time: 0.0266443 seconds
{Heap before GC invocations=390 (full 48):
 par new generation   total 9216K, used 8423K [0x00000000e3400000, 0x00000000e3e00000, 0x00000000ecca0000)
  eden space 8192K, 100% used [0x00000000e3400000, 0x00000000e3c00000, 0x00000000e3c00000)
  from space 1024K,  22% used [0x00000000e3c00000, 0x00000000e3c39ea0, 0x00000000e3d00000)
  to   space 1024K,   0% used [0x00000000e3d00000, 0x00000000e3d00000, 0x00000000e3e00000)
 concurrent mark-sweep generation total 46432K, used 28511K [0x00000000ecca0000, 0x00000000ef9f8000, 0x0000000100000000)
 Metaspace       used 37757K, capacity 39090K, committed 39424K, reserved 1083392K
  class space    used 4677K, capacity 4993K, committed 5120K, reserved 1048576K
2020-11-07T19:55:45.001+0800: 28.151: [GC (Allocation Failure) 2020-11-07T19:55:45.001+0800: 28.151: [ParNew: 8423K->319K(9216K), 0.0122720 secs] 36935K->28831K(55648K), 0.0123430 secs] [Times: user=0.01 sys=0.00, real=0.01 secs] 
Heap after GC invocations=391 (full 48):
 par new generation   total 9216K, used 319K [0x00000000e3400000, 0x00000000e3e00000, 0x00000000ecca0000)
  eden space 8192K,   0% used [0x00000000e3400000, 0x00000000e3400000, 0x00000000e3c00000)
  from space 1024K,  31% used [0x00000000e3d00000, 0x00000000e3d4fde8, 0x00000000e3e00000)
  to   space 1024K,   0% used [0x00000000e3c00000, 0x00000000e3c00000, 0x00000000e3d00000)
 concurrent mark-sweep generation total 46432K, used 28511K [0x00000000ecca0000, 0x00000000ef9f8000, 0x0000000100000000)
 Metaspace       used 37757K, capacity 39090K, committed 39424K, reserved 1083392K
  class space    used 4677K, capacity 4993K, committed 5120K, reserved 1048576K
}
2020-11-07T19:55:45.025+0800: 28.175: [CMS-concurrent-sweep: 0.028/0.041 secs] [Times: user=0.04 sys=0.00, real=0.04 secs] 
2020-11-07T19:55:45.025+0800: 28.175: [CMS-concurrent-reset-start]
2020-11-07T19:55:45.026+0800: 28.176: [CMS-concurrent-reset: 0.001/0.001 secs] [Times: user=0.00 sys=0.00, real=0.00 secs] 
2020-11-07T19:55:45.033+0800: 28.183: Application time: 0.0196107 seconds
{Heap before GC invocations=391 (full 48):
 par new generation   total 9216K, used 8511K [0x00000000e3400000, 0x00000000e3e00000, 0x00000000ecca0000)
  eden space 8192K, 100% used [0x00000000e3400000, 0x00000000e3c00000, 0x00000000e3c00000)
  from space 1024K,  31% used [0x00000000e3d00000, 0x00000000e3d4fde8, 0x00000000e3e00000)
  to   space 1024K,   0% used [0x00000000e3c00000, 0x00000000e3c00000, 0x00000000e3d00000)
 concurrent mark-sweep generation total 47184K, used 28308K [0x00000000ecca0000, 0x00000000efab4000, 0x0000000100000000)
 Metaspace       used 37729K, capacity 39030K, committed 39424K, reserved 1083392K
  class space    used 4673K, capacity 4983K, committed 5120K, reserved 1048576K
2020-11-07T19:55:45.033+0800: 28.183: [GC (Allocation Failure) 2020-11-07T19:55:45.033+0800: 28.183: [ParNew: 8511K->258K(9216K), 0.0042219 secs] 36819K->28566K(56400K), 0.0042963 secs] [Times: user=0.01 sys=0.00, real=0.01 secs] 
Heap after GC invocations=392 (full 48):
 par new generation   total 9216K, used 258K [0x00000000e3400000, 0x00000000e3e00000, 0x00000000ecca0000)
  eden space 8192K,   0% used [0x00000000e3400000, 0x00000000e3400000, 0x00000000e3c00000)
  from space 1024K,  25% used [0x00000000e3c00000, 0x00000000e3c409c0, 0x00000000e3d00000)
  to   space 1024K,   0% used [0x00000000e3d00000, 0x00000000e3d00000, 0x00000000e3e00000)
 concurrent mark-sweep generation total 47184K, used 28308K [0x00000000ecca0000, 0x00000000efab4000, 0x0000000100000000)
 Metaspace       used 37729K, capacity 39030K, committed 39424K, reserved 1083392K
  class space    used 4673K, capacity 4983K, committed 5120K, reserved 1048576K
}
2020-11-07T19:55:45.077+0800: 28.227: Application time: 0.0396551 seconds
{Heap before GC invocations=392 (full 48):
 par new generation   total 9216K, used 8450K [0x00000000e3400000, 0x00000000e3e00000, 0x00000000ecca0000)
  eden space 8192K, 100% used [0x00000000e3400000, 0x00000000e3c00000, 0x00000000e3c00000)
  from space 1024K,  25% used [0x00000000e3c00000, 0x00000000e3c409c0, 0x00000000e3d00000)
  to   space 1024K,   0% used [0x00000000e3d00000, 0x00000000e3d00000, 0x00000000e3e00000)
 concurrent mark-sweep generation total 47184K, used 28308K [0x00000000ecca0000, 0x00000000efab4000, 0x0000000100000000)
 Metaspace       used 37734K, capacity 39094K, committed 39424K, reserved 1083392K
  class space    used 4673K, capacity 4983K, committed 5120K, reserved 1048576K
2020-11-07T19:55:45.077+0800: 28.227: [GC (Allocation Failure) 2020-11-07T19:55:45.077+0800: 28.227: [ParNew: 8450K->289K(9216K), 0.0103292 secs] 36758K->28597K(56400K), 0.0103797 secs] [Times: user=0.00 sys=0.00, real=0.01 secs] 
Heap after GC invocations=393 (full 48):
 par new generation   total 9216K, used 289K [0x00000000e3400000, 0x00000000e3e00000, 0x00000000ecca0000)
  eden space 8192K,   0% used [0x00000000e3400000, 0x00000000e3400000, 0x00000000e3c00000)
  from space 1024K,  28% used [0x00000000e3d00000, 0x00000000e3d48738, 0x00000000e3e00000)
  to   space 1024K,   0% used [0x00000000e3c00000, 0x00000000e3c00000, 0x00000000e3d00000)
 concurrent mark-sweep generation total 47184K, used 28308K [0x00000000ecca0000, 0x00000000efab4000, 0x0000000100000000)
 Metaspace       used 37734K, capacity 39094K, committed 39424K, reserved 1083392K
  class space    used 4673K, capacity 4983K, committed 5120K, reserved 1048576K
}
2020-11-07T19:55:45.136+0800: 28.286: Application time: 0.0480646 seconds
{Heap before GC invocations=393 (full 48):
 par new generation   total 9216K, used 8481K [0x00000000e3400000, 0x00000000e3e00000, 0x00000000ecca0000)
  eden space 8192K, 100% used [0x00000000e3400000, 0x00000000e3c00000, 0x00000000e3c00000)
  from space 1024K,  28% used [0x00000000e3d00000, 0x00000000e3d48738, 0x00000000e3e00000)
  to   space 1024K,   0% used [0x00000000e3c00000, 0x00000000e3c00000, 0x00000000e3d00000)
 concurrent mark-sweep generation total 47184K, used 28308K [0x00000000ecca0000, 0x00000000efab4000, 0x0000000100000000)
 Metaspace       used 37781K, capacity 39094K, committed 39424K, reserved 1083392K
  class space    used 4678K, capacity 4983K, committed 5120K, reserved 1048576K
2020-11-07T19:55:45.136+0800: 28.286: [GC (Allocation Failure) 2020-11-07T19:55:45.136+0800: 28.286: [ParNew: 8481K->419K(9216K), 0.0060817 secs] 36789K->28742K(56400K), 0.0061358 secs] [Times: user=0.01 sys=0.00, real=0.00 secs] 
Heap after GC invocations=394 (full 48):
 par new generation   total 9216K, used 419K [0x00000000e3400000, 0x00000000e3e00000, 0x00000000ecca0000)
  eden space 8192K,   0% used [0x00000000e3400000, 0x00000000e3400000, 0x00000000e3c00000)
  from space 1024K,  40% used [0x00000000e3c00000, 0x00000000e3c68d18, 0x00000000e3d00000)
  to   space 1024K,   0% used [0x00000000e3d00000, 0x00000000e3d00000, 0x00000000e3e00000)
 concurrent mark-sweep generation total 47184K, used 28322K [0x00000000ecca0000, 0x00000000efab4000, 0x0000000100000000)
 Metaspace       used 37781K, capacity 39094K, committed 39424K, reserved 1083392K
  class space    used 4678K, capacity 4983K, committed 5120K, reserved 1048576K
}
2020-11-07T19:55:45.149+0800: 28.298: Application time: 0.0063175 seconds
2020-11-07T19:55:45.149+0800: 28.298: [GC (CMS Initial Mark) [1 CMS-initial-mark: 28322K(47184K)] 34315K(56400K), 0.0052332 secs] [Times: user=0.00 sys=0.00, real=0.00 secs] 
2020-11-07T19:55:45.160+0800: 28.309: [CMS-concurrent-mark-start]
2020-11-07T19:55:45.191+0800: 28.340: Application time: 0.0366218 seconds
{Heap before GC invocations=394 (full 49):
 par new generation   total 9216K, used 8611K [0x00000000e3400000, 0x00000000e3e00000, 0x00000000ecca0000)
  eden space 8192K, 100% used [0x00000000e3400000, 0x00000000e3c00000, 0x00000000e3c00000)
  from space 1024K,  40% used [0x00000000e3c00000, 0x00000000e3c68d18, 0x00000000e3d00000)
  to   space 1024K,   0% used [0x00000000e3d00000, 0x00000000e3d00000, 0x00000000e3e00000)
 concurrent mark-sweep generation total 47184K, used 28322K [0x00000000ecca0000, 0x00000000efab4000, 0x0000000100000000)
 Metaspace       used 37784K, capacity 39094K, committed 39424K, reserved 1083392K
  class space    used 4678K, capacity 4983K, committed 5120K, reserved 1048576K
2020-11-07T19:55:45.191+0800: 28.340: [GC (Allocation Failure) 2020-11-07T19:55:45.191+0800: 28.340: [ParNew: 8611K->325K(9216K), 0.0083759 secs] 36934K->28691K(56400K), 0.0084483 secs] [Times: user=0.00 sys=0.00, real=0.01 secs] 
Heap after GC invocations=395 (full 49):
 par new generation   total 9216K, used 325K [0x00000000e3400000, 0x00000000e3e00000, 0x00000000ecca0000)
  eden space 8192K,   0% used [0x00000000e3400000, 0x00000000e3400000, 0x00000000e3c00000)
  from space 1024K,  31% used [0x00000000e3d00000, 0x00000000e3d51580, 0x00000000e3e00000)
  to   space 1024K,   0% used [0x00000000e3c00000, 0x00000000e3c00000, 0x00000000e3d00000)
 concurrent mark-sweep generation total 47184K, used 28366K [0x00000000ecca0000, 0x00000000efab4000, 0x0000000100000000)
 Metaspace       used 37784K, capacity 39094K, committed 39424K, reserved 1083392K
  class space    used 4678K, capacity 4983K, committed 5120K, reserved 1048576K
}
2020-11-07T19:55:45.206+0800: 28.356: Application time: 0.0072975 seconds
{Heap before GC invocations=395 (full 49):
 par new generation   total 9216K, used 8517K [0x00000000e3400000, 0x00000000e3e00000, 0x00000000ecca0000)
  eden space 8192K, 100% used [0x00000000e3400000, 0x00000000e3c00000, 0x00000000e3c00000)
  from space 1024K,  31% used [0x00000000e3d00000, 0x00000000e3d51580, 0x00000000e3e00000)
  to   space 1024K,   0% used [0x00000000e3c00000, 0x00000000e3c00000, 0x00000000e3d00000)
 concurrent mark-sweep generation total 47184K, used 28366K [0x00000000ecca0000, 0x00000000efab4000, 0x0000000100000000)
 Metaspace       used 37784K, capacity 39094K, committed 39424K, reserved 1083392K
  class space    used 4678K, capacity 4983K, committed 5120K, reserved 1048576K
2020-11-07T19:55:45.207+0800: 28.356: [GC (Allocation Failure) 2020-11-07T19:55:45.207+0800: 28.356: [ParNew: 8517K->287K(9216K), 0.0044666 secs] 36883K->28669K(56400K), 0.0045271 secs] [Times: user=0.00 sys=0.00, real=0.00 secs] 
Heap after GC invocations=396 (full 49):
 par new generation   total 9216K, used 287K [0x00000000e3400000, 0x00000000e3e00000, 0x00000000ecca0000)
  eden space 8192K,   0% used [0x00000000e3400000, 0x00000000e3400000, 0x00000000e3c00000)
  from space 1024K,  28% used [0x00000000e3c00000, 0x00000000e3c47d80, 0x00000000e3d00000)
  to   space 1024K,   0% used [0x00000000e3d00000, 0x00000000e3d00000, 0x00000000e3e00000)
 concurrent mark-sweep generation total 47184K, used 28382K [0x00000000ecca0000, 0x00000000efab4000, 0x0000000100000000)
 Metaspace       used 37784K, capacity 39094K, committed 39424K, reserved 1083392K
  class space    used 4678K, capacity 4983K, committed 5120K, reserved 1048576K
}
2020-11-07T19:55:45.294+0800: 28.444: Application time: 0.0832799 seconds
{Heap before GC invocations=396 (full 49):
 par new generation   total 9216K, used 8479K [0x00000000e3400000, 0x00000000e3e00000, 0x00000000ecca0000)
  eden space 8192K, 100% used [0x00000000e3400000, 0x00000000e3c00000, 0x00000000e3c00000)
  from space 1024K,  28% used [0x00000000e3c00000, 0x00000000e3c47d80, 0x00000000e3d00000)
  to   space 1024K,   0% used [0x00000000e3d00000, 0x00000000e3d00000, 0x00000000e3e00000)
 concurrent mark-sweep generation total 47184K, used 28382K [0x00000000ecca0000, 0x00000000efab4000, 0x0000000100000000)
 Metaspace       used 37798K, capacity 39158K, committed 39424K, reserved 1083392K
  class space    used 4681K, capacity 4983K, committed 5120K, reserved 1048576K
2020-11-07T19:55:45.295+0800: 28.444: [GC (Allocation Failure) 2020-11-07T19:55:45.295+0800: 28.444: [ParNew: 8479K->344K(9216K), 0.0191845 secs] 36861K->28741K(56400K), 0.0192374 secs] [Times: user=0.02 sys=0.00, real=0.01 secs] 
Heap after GC invocations=397 (full 49):
 par new generation   total 9216K, used 344K [0x00000000e3400000, 0x00000000e3e00000, 0x00000000ecca0000)
  eden space 8192K,   0% used [0x00000000e3400000, 0x00000000e3400000, 0x00000000e3c00000)
  from space 1024K,  33% used [0x00000000e3d00000, 0x00000000e3d56368, 0x00000000e3e00000)
  to   space 1024K,   0% used [0x00000000e3c00000, 0x00000000e3c00000, 0x00000000e3d00000)
 concurrent mark-sweep generation total 47184K, used 28396K [0x00000000ecca0000, 0x00000000efab4000, 0x0000000100000000)
 Metaspace       used 37798K, capacity 39158K, committed 39424K, reserved 1083392K
  class space    used 4681K, capacity 4983K, committed 5120K, reserved 1048576K
}
2020-11-07T19:55:45.354+0800: 28.504: Application time: 0.0403877 seconds
{Heap before GC invocations=397 (full 49):
 par new generation   total 9216K, used 8536K [0x00000000e3400000, 0x00000000e3e00000, 0x00000000ecca0000)
  eden space 8192K, 100% used [0x00000000e3400000, 0x00000000e3c00000, 0x00000000e3c00000)
  from space 1024K,  33% used [0x00000000e3d00000, 0x00000000e3d56368, 0x00000000e3e00000)
  to   space 1024K,   0% used [0x00000000e3c00000, 0x00000000e3c00000, 0x00000000e3d00000)
 concurrent mark-sweep generation total 47184K, used 28396K [0x00000000ecca0000, 0x00000000efab4000, 0x0000000100000000)
 Metaspace       used 37857K, capacity 39190K, committed 39424K, reserved 1083392K
  class space    used 4691K, capacity 5015K, committed 5120K, reserved 1048576K
2020-11-07T19:55:45.354+0800: 28.504: [GC (Allocation Failure) 2020-11-07T19:55:45.355+0800: 28.504: [ParNew: 8536K->349K(9216K), 0.0202213 secs] 36933K->28797K(56400K), 0.0202723 secs] [Times: user=0.01 sys=0.01, real=0.02 secs] 
Heap after GC invocations=398 (full 49):
 par new generation   total 9216K, used 349K [0x00000000e3400000, 0x00000000e3e00000, 0x00000000ecca0000)
  eden space 8192K,   0% used [0x00000000e3400000, 0x00000000e3400000, 0x00000000e3c00000)
  from space 1024K,  34% used [0x00000000e3c00000, 0x00000000e3c57778, 0x00000000e3d00000)
  to   space 1024K,   0% used [0x00000000e3d00000, 0x00000000e3d00000, 0x00000000e3e00000)
 concurrent mark-sweep generation total 47184K, used 28448K [0x00000000ecca0000, 0x00000000efab4000, 0x0000000100000000)
 Metaspace       used 37857K, capacity 39190K, committed 39424K, reserved 1083392K
  class space    used 4691K, capacity 5015K, committed 5120K, reserved 1048576K
}
2020-11-07T19:55:45.387+0800: 28.537: [CMS-concurrent-mark: 0.167/0.228 secs] [Times: user=0.21 sys=0.02, real=0.23 secs] 
2020-11-07T19:55:45.387+0800: 28.537: [CMS-concurrent-preclean-start]
2020-11-07T19:55:45.390+0800: 28.539: [CMS-concurrent-preclean: 0.002/0.002 secs] [Times: user=0.00 sys=0.00, real=0.00 secs] 
2020-11-07T19:55:45.390+0800: 28.539: [CMS-concurrent-abortable-preclean-start]
2020-11-07T19:55:45.400+0800: 28.550: Application time: 0.0251151 seconds
{Heap before GC invocations=398 (full 49):
 par new generation   total 9216K, used 8541K [0x00000000e3400000, 0x00000000e3e00000, 0x00000000ecca0000)
  eden space 8192K, 100% used [0x00000000e3400000, 0x00000000e3c00000, 0x00000000e3c00000)
  from space 1024K,  34% used [0x00000000e3c00000, 0x00000000e3c57778, 0x00000000e3d00000)
  to   space 1024K,   0% used [0x00000000e3d00000, 0x00000000e3d00000, 0x00000000e3e00000)
 concurrent mark-sweep generation total 47184K, used 28448K [0x00000000ecca0000, 0x00000000efab4000, 0x0000000100000000)
 Metaspace       used 37859K, capacity 39190K, committed 39424K, reserved 1083392K
  class space    used 4691K, capacity 5015K, committed 5120K, reserved 1048576K
2020-11-07T19:55:45.400+0800: 28.550: [GC (Allocation Failure) 2020-11-07T19:55:45.400+0800: 28.550: [ParNew: 8541K->281K(9216K), 0.0156222 secs] 36989K->28759K(56400K), 0.0157118 secs] [Times: user=0.01 sys=0.00, real=0.02 secs] 
Heap after GC invocations=399 (full 49):
 par new generation   total 9216K, used 281K [0x00000000e3400000, 0x00000000e3e00000, 0x00000000ecca0000)
  eden space 8192K,   0% used [0x00000000e3400000, 0x00000000e3400000, 0x00000000e3c00000)
  from space 1024K,  27% used [0x00000000e3d00000, 0x00000000e3d46420, 0x00000000e3e00000)
  to   space 1024K,   0% used [0x00000000e3c00000, 0x00000000e3c00000, 0x00000000e3d00000)
 concurrent mark-sweep generation total 47184K, used 28478K [0x00000000ecca0000, 0x00000000efab4000, 0x0000000100000000)
 Metaspace       used 37859K, capacity 39190K, committed 39424K, reserved 1083392K
  class space    used 4691K, capacity 5015K, committed 5120K, reserved 1048576K
}
2020-11-07T19:55:45.428+0800: 28.577: [CMS-concurrent-abortable-preclean: 0.007/0.038 secs] [Times: user=0.04 sys=0.00, real=0.04 secs] 
2020-11-07T19:55:45.428+0800: 28.578: Application time: 0.0120540 seconds
2020-11-07T19:55:45.439+0800: 28.588: [GC (CMS Final Remark) [YG occupancy: 8316 K (9216 K)]2020-11-07T19:55:45.439+0800: 28.588: [Rescan (parallel) , 0.8284322 secs]2020-11-07T19:55:46.267+0800: 29.417: [weak refs processing, 0.0025361 secs]2020-11-07T19:55:46.270+0800: 29.419: [class unloading, 0.0086849 secs]2020-11-07T19:55:46.278+0800: 29.428: [scrub symbol table, 0.0116895 secs]2020-11-07T19:55:46.290+0800: 29.440: [scrub string table, 0.0007259 secs][1 CMS-remark: 28478K(47184K)] 36795K(56400K), 0.8522943 secs] [Times: user=0.83 sys=0.01, real=0.85 secs] 
2020-11-07T19:55:46.297+0800: 29.447: [CMS-concurrent-sweep-start]
2020-11-07T19:55:46.312+0800: 29.461: Application time: 0.0206611 seconds
{Heap before GC invocations=399 (full 49):
 par new generation   total 9216K, used 8473K [0x00000000e3400000, 0x00000000e3e00000, 0x00000000ecca0000)
  eden space 8192K, 100% used [0x00000000e3400000, 0x00000000e3c00000, 0x00000000e3c00000)
  from space 1024K,  27% used [0x00000000e3d00000, 0x00000000e3d46420, 0x00000000e3e00000)
  to   space 1024K,   0% used [0x00000000e3c00000, 0x00000000e3c00000, 0x00000000e3d00000)
 concurrent mark-sweep generation total 47184K, used 28470K [0x00000000ecca0000, 0x00000000efab4000, 0x0000000100000000)
 Metaspace       used 37859K, capacity 39190K, committed 39424K, reserved 1083392K
  class space    used 4691K, capacity 5015K, committed 5120K, reserved 1048576K
2020-11-07T19:55:46.312+0800: 29.461: [GC (Allocation Failure) 2020-11-07T19:55:46.312+0800: 29.461: [ParNew: 8473K->262K(9216K), 0.0124259 secs] 36943K->28758K(56400K), 0.0125145 secs] [Times: user=0.02 sys=0.00, real=0.01 secs] 
Heap after GC invocations=400 (full 49):
 par new generation   total 9216K, used 262K [0x00000000e3400000, 0x00000000e3e00000, 0x00000000ecca0000)
  eden space 8192K,   0% used [0x00000000e3400000, 0x00000000e3400000, 0x00000000e3c00000)
  from space 1024K,  25% used [0x00000000e3c00000, 0x00000000e3c41bc0, 0x00000000e3d00000)
  to   space 1024K,   0% used [0x00000000e3d00000, 0x00000000e3d00000, 0x00000000e3e00000)
 concurrent mark-sweep generation total 47184K, used 28496K [0x00000000ecca0000, 0x00000000efab4000, 0x0000000100000000)
 Metaspace       used 37859K, capacity 39190K, committed 39424K, reserved 1083392K
  class space    used 4691K, capacity 5015K, committed 5120K, reserved 1048576K
}
2020-11-07T19:55:46.339+0800: 29.489: [CMS-concurrent-sweep: 0.024/0.042 secs] [Times: user=0.04 sys=0.00, real=0.04 secs] 
2020-11-07T19:55:46.339+0800: 29.489: [CMS-concurrent-reset-start]
2020-11-07T19:55:46.340+0800: 29.490: [CMS-concurrent-reset: 0.001/0.001 secs] [Times: user=0.00 sys=0.00, real=0.00 secs] 
2020-11-07T19:55:46.345+0800: 29.495: Application time: 0.0211803 seconds
{Heap before GC invocations=400 (full 49):
 par new generation   total 9216K, used 8454K [0x00000000e3400000, 0x00000000e3e00000, 0x00000000ecca0000)
  eden space 8192K, 100% used [0x00000000e3400000, 0x00000000e3c00000, 0x00000000e3c00000)
  from space 1024K,  25% used [0x00000000e3c00000, 0x00000000e3c41bc0, 0x00000000e3d00000)
  to   space 1024K,   0% used [0x00000000e3d00000, 0x00000000e3d00000, 0x00000000e3e00000)
 concurrent mark-sweep generation total 47464K, used 28476K [0x00000000ecca0000, 0x00000000efafa000, 0x0000000100000000)
 Metaspace       used 37862K, capacity 39190K, committed 39424K, reserved 1083392K
  class space    used 4691K, capacity 5015K, committed 5120K, reserved 1048576K
2020-11-07T19:55:46.346+0800: 29.495: [GC (Allocation Failure) 2020-11-07T19:55:46.346+0800: 29.495: [ParNew: 8454K->294K(9216K), 0.0052000 secs] 36931K->28787K(56680K), 0.0052649 secs] [Times: user=0.00 sys=0.00, real=0.00 secs] 
Heap after GC invocations=401 (full 49):
 par new generation   total 9216K, used 294K [0x00000000e3400000, 0x00000000e3e00000, 0x00000000ecca0000)
  eden space 8192K,   0% used [0x00000000e3400000, 0x00000000e3400000, 0x00000000e3c00000)
  from space 1024K,  28% used [0x00000000e3d00000, 0x00000000e3d49a20, 0x00000000e3e00000)
  to   space 1024K,   0% used [0x00000000e3c00000, 0x00000000e3c00000, 0x00000000e3d00000)
 concurrent mark-sweep generation total 47464K, used 28492K [0x00000000ecca0000, 0x00000000efafa000, 0x0000000100000000)
 Metaspace       used 37862K, capacity 39190K, committed 39424K, reserved 1083392K
  class space    used 4691K, capacity 5015K, committed 5120K, reserved 1048576K
}
2020-11-07T19:55:46.363+0800: 29.513: Application time: 0.0122824 seconds
2020-11-07T19:55:46.368+0800: 29.517: [GC (CMS Initial Mark) [1 CMS-initial-mark: 28492K(47464K)] 31414K(56680K), 0.0041737 secs] [Times: user=0.00 sys=0.00, real=0.00 secs] 
2020-11-07T19:55:46.372+0800: 29.522: [CMS-concurrent-mark-start]
2020-11-07T19:55:46.427+0800: 29.576: Application time: 0.0546864 seconds
{Heap before GC invocations=401 (full 50):
 par new generation   total 9216K, used 8486K [0x00000000e3400000, 0x00000000e3e00000, 0x00000000ecca0000)
  eden space 8192K, 100% used [0x00000000e3400000, 0x00000000e3c00000, 0x00000000e3c00000)
  from space 1024K,  28% used [0x00000000e3d00000, 0x00000000e3d49a20, 0x00000000e3e00000)
  to   space 1024K,   0% used [0x00000000e3c00000, 0x00000000e3c00000, 0x00000000e3d00000)
 concurrent mark-sweep generation total 47464K, used 28492K [0x00000000ecca0000, 0x00000000efafa000, 0x0000000100000000)
 Metaspace       used 37877K, capacity 39254K, committed 39424K, reserved 1083392K
  class space    used 4693K, capacity 5015K, committed 5120K, reserved 1048576K
2020-11-07T19:55:46.427+0800: 29.576: [GC (Allocation Failure) 2020-11-07T19:55:46.427+0800: 29.576: [ParNew: 8486K->326K(9216K), 0.0150597 secs] 36979K->28861K(56680K), 0.0151464 secs] [Times: user=0.01 sys=0.00, real=0.01 secs] 
Heap after GC invocations=402 (full 50):
 par new generation   total 9216K, used 326K [0x00000000e3400000, 0x00000000e3e00000, 0x00000000ecca0000)
  eden space 8192K,   0% used [0x00000000e3400000, 0x00000000e3400000, 0x00000000e3c00000)
  from space 1024K,  31% used [0x00000000e3c00000, 0x00000000e3c518e0, 0x00000000e3d00000)
  to   space 1024K,   0% used [0x00000000e3d00000, 0x00000000e3d00000, 0x00000000e3e00000)
 concurrent mark-sweep generation total 47464K, used 28535K [0x00000000ecca0000, 0x00000000efafa000, 0x0000000100000000)
 Metaspace       used 37877K, capacity 39254K, committed 39424K, reserved 1083392K
  class space    used 4693K, capacity 5015K, committed 5120K, reserved 1048576K
}
2020-11-07T19:55:46.490+0800: 29.640: Application time: 0.0483757 seconds
{Heap before GC invocations=402 (full 50):
 par new generation   total 9216K, used 8518K [0x00000000e3400000, 0x00000000e3e00000, 0x00000000ecca0000)
  eden space 8192K, 100% used [0x00000000e3400000, 0x00000000e3c00000, 0x00000000e3c00000)
  from space 1024K,  31% used [0x00000000e3c00000, 0x00000000e3c518e0, 0x00000000e3d00000)
  to   space 1024K,   0% used [0x00000000e3d00000, 0x00000000e3d00000, 0x00000000e3e00000)
 concurrent mark-sweep generation total 47464K, used 28535K [0x00000000ecca0000, 0x00000000efafa000, 0x0000000100000000)
 Metaspace       used 37961K, capacity 39260K, committed 39424K, reserved 1083392K
  class space    used 4701K, capacity 5016K, committed 5120K, reserved 1048576K
2020-11-07T19:55:46.490+0800: 29.640: [GC (Allocation Failure) 2020-11-07T19:55:46.490+0800: 29.640: [ParNew: 8518K->356K(9216K), 0.0163553 secs] 37053K->28926K(56680K), 0.0164165 secs] [Times: user=0.02 sys=0.00, real=0.02 secs] 
Heap after GC invocations=403 (full 50):
 par new generation   total 9216K, used 356K [0x00000000e3400000, 0x00000000e3e00000, 0x00000000ecca0000)
  eden space 8192K,   0% used [0x00000000e3400000, 0x00000000e3400000, 0x00000000e3c00000)
  from space 1024K,  34% used [0x00000000e3d00000, 0x00000000e3d59268, 0x00000000e3e00000)
  to   space 1024K,   0% used [0x00000000e3c00000, 0x00000000e3c00000, 0x00000000e3d00000)
 concurrent mark-sweep generation total 47464K, used 28570K [0x00000000ecca0000, 0x00000000efafa000, 0x0000000100000000)
 Metaspace       used 37961K, capacity 39260K, committed 39424K, reserved 1083392K
  class space    used 4701K, capacity 5016K, committed 5120K, reserved 1048576K
}
2020-11-07T19:55:46.516+0800: 29.665: Application time: 0.0088264 seconds
2020-11-07T19:55:46.521+0800: 29.671: Application time: 0.0057104 seconds
2020-11-07T19:55:46.576+0800: 29.726: [CMS-concurrent-mark: 0.155/0.204 secs] [Times: user=0.20 sys=0.00, real=0.21 secs] 
2020-11-07T19:55:46.576+0800: 29.726: [CMS-concurrent-preclean-start]
2020-11-07T19:55:46.578+0800: 29.728: [CMS-concurrent-preclean: 0.002/0.003 secs] [Times: user=0.00 sys=0.00, real=0.00 secs] 
2020-11-07T19:55:46.578+0800: 29.728: [CMS-concurrent-abortable-preclean-start]
2020-11-07T19:55:46.589+0800: 29.738: Application time: 0.0670782 seconds
{Heap before GC invocations=403 (full 50):
 par new generation   total 9216K, used 8548K [0x00000000e3400000, 0x00000000e3e00000, 0x00000000ecca0000)
  eden space 8192K, 100% used [0x00000000e3400000, 0x00000000e3c00000, 0x00000000e3c00000)
  from space 1024K,  34% used [0x00000000e3d00000, 0x00000000e3d59268, 0x00000000e3e00000)
  to   space 1024K,   0% used [0x00000000e3c00000, 0x00000000e3c00000, 0x00000000e3d00000)
 concurrent mark-sweep generation total 47464K, used 28570K [0x00000000ecca0000, 0x00000000efafa000, 0x0000000100000000)
 Metaspace       used 38235K, capacity 39548K, committed 39680K, reserved 1083392K
  class space    used 4730K, capacity 5048K, committed 5120K, reserved 1048576K
2020-11-07T19:55:46.589+0800: 29.738: [GC (Allocation Failure) 2020-11-07T19:55:46.589+0800: 29.738: [ParNew: 8548K->536K(9216K), 0.0190250 secs] 37118K->29130K(56680K), 0.0191100 secs] [Times: user=0.02 sys=0.00, real=0.02 secs] 
Heap after GC invocations=404 (full 50):
 par new generation   total 9216K, used 536K [0x00000000e3400000, 0x00000000e3e00000, 0x00000000ecca0000)
  eden space 8192K,   0% used [0x00000000e3400000, 0x00000000e3400000, 0x00000000e3c00000)
  from space 1024K,  52% used [0x00000000e3c00000, 0x00000000e3c861d0, 0x00000000e3d00000)
  to   space 1024K,   0% used [0x00000000e3d00000, 0x00000000e3d00000, 0x00000000e3e00000)
 concurrent mark-sweep generation total 47464K, used 28594K [0x00000000ecca0000, 0x00000000efafa000, 0x0000000100000000)
 Metaspace       used 38235K, capacity 39548K, committed 39680K, reserved 1083392K
  class space    used 4730K, capacity 5048K, committed 5120K, reserved 1048576K
}
2020-11-07T19:55:46.623+0800: 29.772: Application time: 0.0146983 seconds
{Heap before GC invocations=404 (full 50):
 par new generation   total 9216K, used 8728K [0x00000000e3400000, 0x00000000e3e00000, 0x00000000ecca0000)
  eden space 8192K, 100% used [0x00000000e3400000, 0x00000000e3c00000, 0x00000000e3c00000)
  from space 1024K,  52% used [0x00000000e3c00000, 0x00000000e3c861d0, 0x00000000e3d00000)
  to   space 1024K,   0% used [0x00000000e3d00000, 0x00000000e3d00000, 0x00000000e3e00000)
 concurrent mark-sweep generation total 47464K, used 28594K [0x00000000ecca0000, 0x00000000efafa000, 0x0000000100000000)
 Metaspace       used 38241K, capacity 39554K, committed 39680K, reserved 1083392K
  class space    used 4730K, capacity 5049K, committed 5120K, reserved 1048576K
2020-11-07T19:55:46.623+0800: 29.772: [GC (Allocation Failure) 2020-11-07T19:55:46.623+0800: 29.772: [ParNew: 8728K->533K(9216K), 0.0129501 secs] 37322K->29169K(56680K), 0.0130059 secs] [Times: user=0.01 sys=0.00, real=0.02 secs] 
Heap after GC invocations=405 (full 50):
 par new generation   total 9216K, used 533K [0x00000000e3400000, 0x00000000e3e00000, 0x00000000ecca0000)
  eden space 8192K,   0% used [0x00000000e3400000, 0x00000000e3400000, 0x00000000e3c00000)
  from space 1024K,  52% used [0x00000000e3d00000, 0x00000000e3d85710, 0x00000000e3e00000)
  to   space 1024K,   0% used [0x00000000e3c00000, 0x00000000e3c00000, 0x00000000e3d00000)
 concurrent mark-sweep generation total 47464K, used 28635K [0x00000000ecca0000, 0x00000000efafa000, 0x0000000100000000)
 Metaspace       used 38241K, capacity 39554K, committed 39680K, reserved 1083392K
  class space    used 4730K, capacity 5049K, committed 5120K, reserved 1048576K
}
2020-11-07T19:55:46.636+0800: 29.786: [CMS-concurrent-abortable-preclean: 0.010/0.057 secs] [Times: user=0.06 sys=0.00, real=0.06 secs] 
2020-11-07T19:55:46.644+0800: 29.794: Application time: 0.0080785 seconds
2020-11-07T19:55:46.650+0800: 29.799: [GC (CMS Final Remark) [YG occupancy: 7746 K (9216 K)]2020-11-07T19:55:46.650+0800: 29.799: [Rescan (parallel) , 0.0139784 secs]2020-11-07T19:55:46.664+0800: 29.813: [weak refs processing, 0.0005602 secs]2020-11-07T19:55:46.664+0800: 29.814: [class unloading, 0.0126460 secs]2020-11-07T19:55:46.677+0800: 29.827: [scrub symbol table, 0.0245068 secs]2020-11-07T19:55:46.701+0800: 29.851: [scrub string table, 0.0008495 secs][1 CMS-remark: 28635K(47464K)] 36382K(56680K), 0.0527833 secs] [Times: user=0.06 sys=0.00, real=0.05 secs] 
2020-11-07T19:55:46.719+0800: 29.868: [CMS-concurrent-sweep-start]
2020-11-07T19:55:46.736+0800: 29.885: Application time: 0.0331026 seconds
{Heap before GC invocations=405 (full 50):
 par new generation   total 9216K, used 8725K [0x00000000e3400000, 0x00000000e3e00000, 0x00000000ecca0000)
  eden space 8192K, 100% used [0x00000000e3400000, 0x00000000e3c00000, 0x00000000e3c00000)
  from space 1024K,  52% used [0x00000000e3d00000, 0x00000000e3d85710, 0x00000000e3e00000)
  to   space 1024K,   0% used [0x00000000e3c00000, 0x00000000e3c00000, 0x00000000e3d00000)
 concurrent mark-sweep generation total 47464K, used 28634K [0x00000000ecca0000, 0x00000000efafa000, 0x0000000100000000)
 Metaspace       used 38244K, capacity 39554K, committed 39680K, reserved 1083392K
  class space    used 4730K, capacity 5049K, committed 5120K, reserved 1048576K
2020-11-07T19:55:46.736+0800: 29.885: [GC (Allocation Failure) 2020-11-07T19:55:46.736+0800: 29.885: [ParNew: 8725K->536K(9216K), 0.0159178 secs] 37360K->29171K(56680K), 0.0160125 secs] [Times: user=0.01 sys=0.00, real=0.01 secs] 
Heap after GC invocations=406 (full 50):
 par new generation   total 9216K, used 536K [0x00000000e3400000, 0x00000000e3e00000, 0x00000000ecca0000)
  eden space 8192K,   0% used [0x00000000e3400000, 0x00000000e3400000, 0x00000000e3c00000)
  from space 1024K,  52% used [0x00000000e3c00000, 0x00000000e3c863a8, 0x00000000e3d00000)
  to   space 1024K,   0% used [0x00000000e3d00000, 0x00000000e3d00000, 0x00000000e3e00000)
 concurrent mark-sweep generation total 47464K, used 28634K [0x00000000ecca0000, 0x00000000efafa000, 0x0000000100000000)
 Metaspace       used 38244K, capacity 39554K, committed 39680K, reserved 1083392K
  class space    used 4730K, capacity 5049K, committed 5120K, reserved 1048576K
}
2020-11-07T19:55:46.769+0800: 29.919: [CMS-concurrent-sweep: 0.025/0.051 secs] [Times: user=0.05 sys=0.01, real=0.05 secs] 
2020-11-07T19:55:46.769+0800: 29.919: [CMS-concurrent-reset-start]
2020-11-07T19:55:46.770+0800: 29.920: [CMS-concurrent-reset: 0.001/0.001 secs] [Times: user=0.00 sys=0.00, real=0.00 secs] 
2020-11-07T19:55:46.771+0800: 29.921: Application time: 0.0191612 seconds
{Heap before GC invocations=406 (full 50):
 par new generation   total 9216K, used 8728K [0x00000000e3400000, 0x00000000e3e00000, 0x00000000ecca0000)
  eden space 8192K, 100% used [0x00000000e3400000, 0x00000000e3c00000, 0x00000000e3c00000)
  from space 1024K,  52% used [0x00000000e3c00000, 0x00000000e3c863a8, 0x00000000e3d00000)
  to   space 1024K,   0% used [0x00000000e3d00000, 0x00000000e3d00000, 0x00000000e3e00000)
 concurrent mark-sweep generation total 47692K, used 28613K [0x00000000ecca0000, 0x00000000efb33000, 0x0000000100000000)
 Metaspace       used 38240K, capacity 39548K, committed 39680K, reserved 1083392K
  class space    used 4730K, capacity 5048K, committed 5120K, reserved 1048576K
2020-11-07T19:55:46.771+0800: 29.921: [GC (Allocation Failure) 2020-11-07T19:55:46.771+0800: 29.921: [ParNew: 8728K->818K(9216K), 0.0106710 secs] 37342K->29464K(56908K), 0.0107344 secs] [Times: user=0.01 sys=0.00, real=0.01 secs] 
Heap after GC invocations=407 (full 50):
 par new generation   total 9216K, used 818K [0x00000000e3400000, 0x00000000e3e00000, 0x00000000ecca0000)
  eden space 8192K,   0% used [0x00000000e3400000, 0x00000000e3400000, 0x00000000e3c00000)
  from space 1024K,  79% used [0x00000000e3d00000, 0x00000000e3dcc880, 0x00000000e3e00000)
  to   space 1024K,   0% used [0x00000000e3c00000, 0x00000000e3c00000, 0x00000000e3d00000)
 concurrent mark-sweep generation total 47692K, used 28646K [0x00000000ecca0000, 0x00000000efb33000, 0x0000000100000000)
 Metaspace       used 38240K, capacity 39548K, committed 39680K, reserved 1083392K
  class space    used 4730K, capacity 5048K, committed 5120K, reserved 1048576K
}
2020-11-07T19:55:46.790+0800: 29.939: Application time: 0.0076470 seconds
2020-11-07T19:55:46.790+0800: 29.939: [GC (CMS Initial Mark) [1 CMS-initial-mark: 28646K(47692K)] 32414K(56908K), 0.0043389 secs] [Times: user=0.01 sys=0.00, real=0.00 secs] 
2020-11-07T19:55:46.794+0800: 29.944: [CMS-concurrent-mark-start]
2020-11-07T19:55:46.827+0800: 29.976: Application time: 0.0325105 seconds
{Heap before GC invocations=407 (full 51):
 par new generation   total 9216K, used 9010K [0x00000000e3400000, 0x00000000e3e00000, 0x00000000ecca0000)
  eden space 8192K, 100% used [0x00000000e3400000, 0x00000000e3c00000, 0x00000000e3c00000)
  from space 1024K,  79% used [0x00000000e3d00000, 0x00000000e3dcc880, 0x00000000e3e00000)
  to   space 1024K,   0% used [0x00000000e3c00000, 0x00000000e3c00000, 0x00000000e3d00000)
 concurrent mark-sweep generation total 47692K, used 28646K [0x00000000ecca0000, 0x00000000efb33000, 0x0000000100000000)
 Metaspace       used 38244K, capacity 39548K, committed 39680K, reserved 1083392K
  class space    used 4730K, capacity 5048K, committed 5120K, reserved 1048576K
2020-11-07T19:55:46.827+0800: 29.976: [GC (Allocation Failure) 2020-11-07T19:55:46.827+0800: 29.976: [ParNew: 9010K->482K(9216K), 0.0159400 secs] 37656K->29150K(56908K), 0.0160393 secs] [Times: user=0.01 sys=0.00, real=0.01 secs] 
Heap after GC invocations=408 (full 51):
 par new generation   total 9216K, used 482K [0x00000000e3400000, 0x00000000e3e00000, 0x00000000ecca0000)
  eden space 8192K,   0% used [0x00000000e3400000, 0x00000000e3400000, 0x00000000e3c00000)
  from space 1024K,  47% used [0x00000000e3c00000, 0x00000000e3c78810, 0x00000000e3d00000)
  to   space 1024K,   0% used [0x00000000e3d00000, 0x00000000e3d00000, 0x00000000e3e00000)
 concurrent mark-sweep generation total 47692K, used 28668K [0x00000000ecca0000, 0x00000000efb33000, 0x0000000100000000)
 Metaspace       used 38244K, capacity 39548K, committed 39680K, reserved 1083392K
  class space    used 4730K, capacity 5048K, committed 5120K, reserved 1048576K
}
2020-11-07T19:55:46.886+0800: 30.035: Application time: 0.0426799 seconds
{Heap before GC invocations=408 (full 51):
 par new generation   total 9216K, used 8674K [0x00000000e3400000, 0x00000000e3e00000, 0x00000000ecca0000)
  eden space 8192K, 100% used [0x00000000e3400000, 0x00000000e3c00000, 0x00000000e3c00000)
  from space 1024K,  47% used [0x00000000e3c00000, 0x00000000e3c78810, 0x00000000e3d00000)
  to   space 1024K,   0% used [0x00000000e3d00000, 0x00000000e3d00000, 0x00000000e3e00000)
 concurrent mark-sweep generation total 47692K, used 28668K [0x00000000ecca0000, 0x00000000efb33000, 0x0000000100000000)
 Metaspace       used 38276K, capacity 39612K, committed 39936K, reserved 1083392K
  class space    used 4731K, capacity 5048K, committed 5120K, reserved 1048576K
2020-11-07T19:55:46.886+0800: 30.035: [GC (Allocation Failure) 2020-11-07T19:55:46.886+0800: 30.035: [ParNew: 8674K->500K(9216K), 0.0159175 secs] 37342K->29177K(56908K), 0.0159736 secs] [Times: user=0.01 sys=0.00, real=0.01 secs] 
Heap after GC invocations=409 (full 51):
 par new generation   total 9216K, used 500K [0x00000000e3400000, 0x00000000e3e00000, 0x00000000ecca0000)
  eden space 8192K,   0% used [0x00000000e3400000, 0x00000000e3400000, 0x00000000e3c00000)
  from space 1024K,  48% used [0x00000000e3d00000, 0x00000000e3d7d078, 0x00000000e3e00000)
  to   space 1024K,   0% used [0x00000000e3c00000, 0x00000000e3c00000, 0x00000000e3d00000)
 concurrent mark-sweep generation total 47692K, used 28677K [0x00000000ecca0000, 0x00000000efb33000, 0x0000000100000000)
 Metaspace       used 38276K, capacity 39612K, committed 39936K, reserved 1083392K
  class space    used 4731K, capacity 5048K, committed 5120K, reserved 1048576K
}
2020-11-07T19:55:46.927+0800: 30.076: Application time: 0.0249338 seconds
{Heap before GC invocations=409 (full 51):
 par new generation   total 9216K, used 8692K [0x00000000e3400000, 0x00000000e3e00000, 0x00000000ecca0000)
  eden space 8192K, 100% used [0x00000000e3400000, 0x00000000e3c00000, 0x00000000e3c00000)
  from space 1024K,  48% used [0x00000000e3d00000, 0x00000000e3d7d078, 0x00000000e3e00000)
  to   space 1024K,   0% used [0x00000000e3c00000, 0x00000000e3c00000, 0x00000000e3d00000)
 concurrent mark-sweep generation total 47692K, used 28677K [0x00000000ecca0000, 0x00000000efb33000, 0x0000000100000000)
 Metaspace       used 38280K, capacity 39612K, committed 39936K, reserved 1083392K
  class space    used 4731K, capacity 5048K, committed 5120K, reserved 1048576K
2020-11-07T19:55:46.927+0800: 30.077: [GC (Allocation Failure) 2020-11-07T19:55:46.927+0800: 30.077: [ParNew: 8692K->547K(9216K), 0.0218212 secs] 37369K->29252K(56908K), 0.0218759 secs] [Times: user=0.02 sys=0.00, real=0.02 secs] 
Heap after GC invocations=410 (full 51):
 par new generation   total 9216K, used 547K [0x00000000e3400000, 0x00000000e3e00000, 0x00000000ecca0000)
  eden space 8192K,   0% used [0x00000000e3400000, 0x00000000e3400000, 0x00000000e3c00000)
  from space 1024K,  53% used [0x00000000e3c00000, 0x00000000e3c88c20, 0x00000000e3d00000)
  to   space 1024K,   0% used [0x00000000e3d00000, 0x00000000e3d00000, 0x00000000e3e00000)
 concurrent mark-sweep generation total 47692K, used 28705K [0x00000000ecca0000, 0x00000000efb33000, 0x0000000100000000)
 Metaspace       used 38280K, capacity 39612K, committed 39936K, reserved 1083392K
  class space    used 4731K, capacity 5048K, committed 5120K, reserved 1048576K
}
2020-11-07T19:55:46.999+0800: 30.148: [CMS-concurrent-mark: 0.121/0.204 secs] [Times: user=0.20 sys=0.00, real=0.21 secs] 
2020-11-07T19:55:46.999+0800: 30.148: Application time: 0.0498219 seconds
{Heap before GC invocations=410 (full 51):
 par new generation   total 9216K, used 8739K [0x00000000e3400000, 0x00000000e3e00000, 0x00000000ecca0000)
  eden space 8192K, 100% used [0x00000000e3400000, 0x00000000e3c00000, 0x00000000e3c00000)
  from space 1024K,  53% used [0x00000000e3c00000, 0x00000000e3c88c20, 0x00000000e3d00000)
  to   space 1024K,   0% used [0x00000000e3d00000, 0x00000000e3d00000, 0x00000000e3e00000)
 concurrent mark-sweep generation total 47692K, used 28705K [0x00000000ecca0000, 0x00000000efb33000, 0x0000000100000000)
 Metaspace       used 38318K, capacity 39612K, committed 39936K, reserved 1083392K
  class space    used 4736K, capacity 5048K, committed 5120K, reserved 1048576K
2020-11-07T19:55:46.999+0800: 30.148: [GC (Allocation Failure) 2020-11-07T19:55:46.999+0800: 30.148: [ParNew: 8739K->674K(9216K), 0.0439987 secs] 37444K->29407K(56908K), 0.0440568 secs] [Times: user=0.04 sys=0.00, real=0.04 secs] 
Heap after GC invocations=411 (full 51):
 par new generation   total 9216K, used 674K [0x00000000e3400000, 0x00000000e3e00000, 0x00000000ecca0000)
  eden space 8192K,   0% used [0x00000000e3400000, 0x00000000e3400000, 0x00000000e3c00000)
  from space 1024K,  65% used [0x00000000e3d00000, 0x00000000e3da89a8, 0x00000000e3e00000)
  to   space 1024K,   0% used [0x00000000e3c00000, 0x00000000e3c00000, 0x00000000e3d00000)
 concurrent mark-sweep generation total 47692K, used 28732K [0x00000000ecca0000, 0x00000000efb33000, 0x0000000100000000)
 Metaspace       used 38318K, capacity 39612K, committed 39936K, reserved 1083392K
  class space    used 4736K, capacity 5048K, committed 5120K, reserved 1048576K
}
2020-11-07T19:55:47.054+0800: 30.204: [CMS-concurrent-preclean-start]
2020-11-07T19:55:47.057+0800: 30.206: [CMS-concurrent-preclean: 0.003/0.003 secs] [Times: user=0.00 sys=0.00, real=0.01 secs] 
2020-11-07T19:55:47.057+0800: 30.207: [CMS-concurrent-abortable-preclean-start]
2020-11-07T19:55:47.112+0800: 30.261: Application time: 0.0687439 seconds
{Heap before GC invocations=411 (full 51):
 par new generation   total 9216K, used 8866K [0x00000000e3400000, 0x00000000e3e00000, 0x00000000ecca0000)
  eden space 8192K, 100% used [0x00000000e3400000, 0x00000000e3c00000, 0x00000000e3c00000)
  from space 1024K,  65% used [0x00000000e3d00000, 0x00000000e3da89a8, 0x00000000e3e00000)
  to   space 1024K,   0% used [0x00000000e3c00000, 0x00000000e3c00000, 0x00000000e3d00000)
 concurrent mark-sweep generation total 47692K, used 28732K [0x00000000ecca0000, 0x00000000efb33000, 0x0000000100000000)
 Metaspace       used 38347K, capacity 39680K, committed 39936K, reserved 1083392K
  class space    used 4739K, capacity 5048K, committed 5120K, reserved 1048576K
2020-11-07T19:55:47.112+0800: 30.262: [GC (Allocation Failure) 2020-11-07T19:55:47.112+0800: 30.262: [ParNew: 8866K->704K(9216K), 0.0458452 secs] 37599K->29499K(56908K), 0.0459282 secs] [Times: user=0.04 sys=0.00, real=0.05 secs] 
Heap after GC invocations=412 (full 51):
 par new generation   total 9216K, used 704K [0x00000000e3400000, 0x00000000e3e00000, 0x00000000ecca0000)
  eden space 8192K,   0% used [0x00000000e3400000, 0x00000000e3400000, 0x00000000e3c00000)
  from space 1024K,  68% used [0x00000000e3c00000, 0x00000000e3cb02b0, 0x00000000e3d00000)
  to   space 1024K,   0% used [0x00000000e3d00000, 0x00000000e3d00000, 0x00000000e3e00000)
 concurrent mark-sweep generation total 47692K, used 28794K [0x00000000ecca0000, 0x00000000efb33000, 0x0000000100000000)
 Metaspace       used 38347K, capacity 39680K, committed 39936K, reserved 1083392K
  class space    used 4739K, capacity 5048K, committed 5120K, reserved 1048576K
}
2020-11-07T19:55:47.176+0800: 30.325: [CMS-concurrent-abortable-preclean: 0.022/0.119 secs] [Times: user=0.12 sys=0.00, real=0.12 secs] 
2020-11-07T19:55:47.176+0800: 30.325: Application time: 0.0179023 seconds
2020-11-07T19:55:47.176+0800: 30.326: [GC (CMS Final Remark) [YG occupancy: 5622 K (9216 K)]2020-11-07T19:55:47.176+0800: 30.326: [Rescan (parallel) , 0.0057800 secs]2020-11-07T19:55:47.182+0800: 30.331: [weak refs processing, 0.0000540 secs]2020-11-07T19:55:47.182+0800: 30.331: [class unloading, 0.0101167 secs]2020-11-07T19:55:47.192+0800: 30.342: [scrub symbol table, 0.0218538 secs]2020-11-07T19:55:47.214+0800: 30.363: [scrub string table, 0.0009126 secs][1 CMS-remark: 28794K(47692K)] 34417K(56908K), 0.0388861 secs] [Times: user=0.04 sys=0.00, real=0.04 secs] 
2020-11-07T19:55:47.220+0800: 30.370: [CMS-concurrent-sweep-start]
2020-11-07T19:55:47.232+0800: 30.381: Application time: 0.0167836 seconds
{Heap before GC invocations=412 (full 51):
 par new generation   total 9216K, used 8896K [0x00000000e3400000, 0x00000000e3e00000, 0x00000000ecca0000)
  eden space 8192K, 100% used [0x00000000e3400000, 0x00000000e3c00000, 0x00000000e3c00000)
  from space 1024K,  68% used [0x00000000e3c00000, 0x00000000e3cb02b0, 0x00000000e3d00000)
  to   space 1024K,   0% used [0x00000000e3d00000, 0x00000000e3d00000, 0x00000000e3e00000)
 concurrent mark-sweep generation total 47692K, used 28794K [0x00000000ecca0000, 0x00000000efb33000, 0x0000000100000000)
 Metaspace       used 38350K, capacity 39680K, committed 39936K, reserved 1083392K
  class space    used 4739K, capacity 5048K, committed 5120K, reserved 1048576K
2020-11-07T19:55:47.232+0800: 30.381: [GC (Allocation Failure) 2020-11-07T19:55:47.232+0800: 30.381: [ParNew: 8896K->405K(9216K), 0.0211485 secs] 37691K->29322K(56908K), 0.0212225 secs] [Times: user=0.02 sys=0.00, real=0.02 secs] 
Heap after GC invocations=413 (full 51):
 par new generation   total 9216K, used 405K [0x00000000e3400000, 0x00000000e3e00000, 0x00000000ecca0000)
  eden space 8192K,   0% used [0x00000000e3400000, 0x00000000e3400000, 0x00000000e3c00000)
  from space 1024K,  39% used [0x00000000e3d00000, 0x00000000e3d654a8, 0x00000000e3e00000)
  to   space 1024K,   0% used [0x00000000e3c00000, 0x00000000e3c00000, 0x00000000e3d00000)
 concurrent mark-sweep generation total 47692K, used 28917K [0x00000000ecca0000, 0x00000000efb33000, 0x0000000100000000)
 Metaspace       used 38350K, capacity 39680K, committed 39936K, reserved 1083392K
  class space    used 4739K, capacity 5048K, committed 5120K, reserved 1048576K
}
2020-11-07T19:55:47.271+0800: 30.421: [CMS-concurrent-sweep: 0.020/0.051 secs] [Times: user=0.05 sys=0.01, real=0.05 secs] 
2020-11-07T19:55:47.271+0800: 30.421: [CMS-concurrent-reset-start]
2020-11-07T19:55:47.272+0800: 30.422: [CMS-concurrent-reset: 0.001/0.001 secs] [Times: user=0.00 sys=0.00, real=0.00 secs] 
2020-11-07T19:55:47.277+0800: 30.427: Application time: 0.0240014 seconds
{Heap before GC invocations=413 (full 51):
 par new generation   total 9216K, used 8597K [0x00000000e3400000, 0x00000000e3e00000, 0x00000000ecca0000)
  eden space 8192K, 100% used [0x00000000e3400000, 0x00000000e3c00000, 0x00000000e3c00000)
  from space 1024K,  39% used [0x00000000e3d00000, 0x00000000e3d654a8, 0x00000000e3e00000)
  to   space 1024K,   0% used [0x00000000e3c00000, 0x00000000e3c00000, 0x00000000e3d00000)
 concurrent mark-sweep generation total 48172K, used 28902K [0x00000000ecca0000, 0x00000000efbab000, 0x0000000100000000)
 Metaspace       used 38355K, capacity 39680K, committed 39936K, reserved 1083392K
  class space    used 4739K, capacity 5048K, committed 5120K, reserved 1048576K
2020-11-07T19:55:47.277+0800: 30.427: [GC (Allocation Failure) 2020-11-07T19:55:47.277+0800: 30.427: [ParNew: 8597K->316K(9216K), 0.0166026 secs] 37499K->29328K(57388K), 0.0166783 secs] [Times: user=0.01 sys=0.00, real=0.01 secs] 
Heap after GC invocations=414 (full 51):
 par new generation   total 9216K, used 316K [0x00000000e3400000, 0x00000000e3e00000, 0x00000000ecca0000)
  eden space 8192K,   0% used [0x00000000e3400000, 0x00000000e3400000, 0x00000000e3c00000)
  from space 1024K,  30% used [0x00000000e3c00000, 0x00000000e3c4f098, 0x00000000e3d00000)
  to   space 1024K,   0% used [0x00000000e3d00000, 0x00000000e3d00000, 0x00000000e3e00000)
 concurrent mark-sweep generation total 48172K, used 29012K [0x00000000ecca0000, 0x00000000efbab000, 0x0000000100000000)
 Metaspace       used 38355K, capacity 39680K, committed 39936K, reserved 1083392K
  class space    used 4739K, capacity 5048K, committed 5120K, reserved 1048576K
}
2020-11-07T19:55:47.300+0800: 30.450: Application time: 0.0061561 seconds
2020-11-07T19:55:47.300+0800: 30.450: [GC (CMS Initial Mark) [1 CMS-initial-mark: 29012K(48172K)] 33100K(57388K), 0.0047710 secs] [Times: user=0.00 sys=0.00, real=0.01 secs] 
2020-11-07T19:55:47.305+0800: 30.455: [CMS-concurrent-mark-start]
2020-11-07T19:55:47.322+0800: 30.472: Application time: 0.0172393 seconds
{Heap before GC invocations=414 (full 52):
 par new generation   total 9216K, used 8508K [0x00000000e3400000, 0x00000000e3e00000, 0x00000000ecca0000)
  eden space 8192K, 100% used [0x00000000e3400000, 0x00000000e3c00000, 0x00000000e3c00000)
  from space 1024K,  30% used [0x00000000e3c00000, 0x00000000e3c4f098, 0x00000000e3d00000)
  to   space 1024K,   0% used [0x00000000e3d00000, 0x00000000e3d00000, 0x00000000e3e00000)
 concurrent mark-sweep generation total 48172K, used 29012K [0x00000000ecca0000, 0x00000000efbab000, 0x0000000100000000)
 Metaspace       used 38376K, capacity 39688K, committed 39936K, reserved 1083392K
  class space    used 4742K, capacity 5050K, committed 5120K, reserved 1048576K
2020-11-07T19:55:47.322+0800: 30.472: [GC (Allocation Failure) 2020-11-07T19:55:47.322+0800: 30.472: [ParNew: 8508K->336K(9216K), 0.0113573 secs] 37520K->29364K(57388K), 0.0114394 secs] [Times: user=0.01 sys=0.00, real=0.01 secs] 
Heap after GC invocations=415 (full 52):
 par new generation   total 9216K, used 336K [0x00000000e3400000, 0x00000000e3e00000, 0x00000000ecca0000)
  eden space 8192K,   0% used [0x00000000e3400000, 0x00000000e3400000, 0x00000000e3c00000)
  from space 1024K,  32% used [0x00000000e3d00000, 0x00000000e3d54120, 0x00000000e3e00000)
  to   space 1024K,   0% used [0x00000000e3c00000, 0x00000000e3c00000, 0x00000000e3d00000)
 concurrent mark-sweep generation total 48172K, used 29028K [0x00000000ecca0000, 0x00000000efbab000, 0x0000000100000000)
 Metaspace       used 38376K, capacity 39688K, committed 39936K, reserved 1083392K
  class space    used 4742K, capacity 5050K, committed 5120K, reserved 1048576K
}
2020-11-07T19:55:47.353+0800: 30.503: Application time: 0.0191700 seconds
{Heap before GC invocations=415 (full 52):
 par new generation   total 9216K, used 8528K [0x00000000e3400000, 0x00000000e3e00000, 0x00000000ecca0000)
  eden space 8192K, 100% used [0x00000000e3400000, 0x00000000e3c00000, 0x00000000e3c00000)
  from space 1024K,  32% used [0x00000000e3d00000, 0x00000000e3d54120, 0x00000000e3e00000)
  to   space 1024K,   0% used [0x00000000e3c00000, 0x00000000e3c00000, 0x00000000e3d00000)
 concurrent mark-sweep generation total 48172K, used 29028K [0x00000000ecca0000, 0x00000000efbab000, 0x0000000100000000)
 Metaspace       used 38378K, capacity 39688K, committed 39936K, reserved 1083392K
  class space    used 4742K, capacity 5050K, committed 5120K, reserved 1048576K
2020-11-07T19:55:47.353+0800: 30.503: [GC (Allocation Failure) 2020-11-07T19:55:47.353+0800: 30.503: [ParNew: 8528K->325K(9216K), 0.0255850 secs] 37556K->29369K(57388K), 0.0256290 secs] [Times: user=0.03 sys=0.00, real=0.03 secs] 
Heap after GC invocations=416 (full 52):
 par new generation   total 9216K, used 325K [0x00000000e3400000, 0x00000000e3e00000, 0x00000000ecca0000)
  eden space 8192K,   0% used [0x00000000e3400000, 0x00000000e3400000, 0x00000000e3c00000)
  from space 1024K,  31% used [0x00000000e3c00000, 0x00000000e3c51540, 0x00000000e3d00000)
  to   space 1024K,   0% used [0x00000000e3d00000, 0x00000000e3d00000, 0x00000000e3e00000)
 concurrent mark-sweep generation total 48172K, used 29044K [0x00000000ecca0000, 0x00000000efbab000, 0x0000000100000000)
 Metaspace       used 38378K, capacity 39688K, committed 39936K, reserved 1083392K
  class space    used 4742K, capacity 5050K, committed 5120K, reserved 1048576K
}
2020-11-07T19:55:47.583+0800: 30.733: Application time: 0.2041816 seconds
{Heap before GC invocations=416 (full 52):
 par new generation   total 9216K, used 8517K [0x00000000e3400000, 0x00000000e3e00000, 0x00000000ecca0000)
  eden space 8192K, 100% used [0x00000000e3400000, 0x00000000e3c00000, 0x00000000e3c00000)
  from space 1024K,  31% used [0x00000000e3c00000, 0x00000000e3c51540, 0x00000000e3d00000)
  to   space 1024K,   0% used [0x00000000e3d00000, 0x00000000e3d00000, 0x00000000e3e00000)
 concurrent mark-sweep generation total 48172K, used 29044K [0x00000000ecca0000, 0x00000000efbab000, 0x0000000100000000)
 Metaspace       used 38400K, capacity 39688K, committed 39936K, reserved 1083392K
  class space    used 4743K, capacity 5050K, committed 5120K, reserved 1048576K
2020-11-07T19:55:47.583+0800: 30.733: [GC (Allocation Failure) 2020-11-07T19:55:47.583+0800: 30.733: [ParNew: 8517K->397K(9216K), 0.0047848 secs] 37561K->29466K(57388K), 0.0048312 secs] [Times: user=0.01 sys=0.00, real=0.01 secs] 
Heap after GC invocations=417 (full 52):
 par new generation   total 9216K, used 397K [0x00000000e3400000, 0x00000000e3e00000, 0x00000000ecca0000)
  eden space 8192K,   0% used [0x00000000e3400000, 0x00000000e3400000, 0x00000000e3c00000)
  from space 1024K,  38% used [0x00000000e3d00000, 0x00000000e3d637f8, 0x00000000e3e00000)
  to   space 1024K,   0% used [0x00000000e3c00000, 0x00000000e3c00000, 0x00000000e3d00000)
 concurrent mark-sweep generation total 48172K, used 29068K [0x00000000ecca0000, 0x00000000efbab000, 0x0000000100000000)
 Metaspace       used 38400K, capacity 39688K, committed 39936K, reserved 1083392K
  class space    used 4743K, capacity 5050K, committed 5120K, reserved 1048576K
}
2020-11-07T19:55:47.626+0800: 30.776: Application time: 0.0383203 seconds
{Heap before GC invocations=417 (full 52):
 par new generation   total 9216K, used 8589K [0x00000000e3400000, 0x00000000e3e00000, 0x00000000ecca0000)
  eden space 8192K, 100% used [0x00000000e3400000, 0x00000000e3c00000, 0x00000000e3c00000)
  from space 1024K,  38% used [0x00000000e3d00000, 0x00000000e3d637f8, 0x00000000e3e00000)
  to   space 1024K,   0% used [0x00000000e3c00000, 0x00000000e3c00000, 0x00000000e3d00000)
 concurrent mark-sweep generation total 48172K, used 29068K [0x00000000ecca0000, 0x00000000efbab000, 0x0000000100000000)
 Metaspace       used 38403K, capacity 39688K, committed 39936K, reserved 1083392K
  class space    used 4743K, capacity 5050K, committed 5120K, reserved 1048576K
2020-11-07T19:55:47.627+0800: 30.776: [GC (Allocation Failure) 2020-11-07T19:55:47.627+0800: 30.776: [ParNew: 8589K->429K(9216K), 0.0052329 secs] 37658K->29528K(57388K), 0.0052801 secs] [Times: user=0.00 sys=0.00, real=0.00 secs] 
Heap after GC invocations=418 (full 52):
 par new generation   total 9216K, used 429K [0x00000000e3400000, 0x00000000e3e00000, 0x00000000ecca0000)
  eden space 8192K,   0% used [0x00000000e3400000, 0x00000000e3400000, 0x00000000e3c00000)
  from space 1024K,  41% used [0x00000000e3c00000, 0x00000000e3c6b620, 0x00000000e3d00000)
  to   space 1024K,   0% used [0x00000000e3d00000, 0x00000000e3d00000, 0x00000000e3e00000)
 concurrent mark-sweep generation total 48172K, used 29099K [0x00000000ecca0000, 0x00000000efbab000, 0x0000000100000000)
 Metaspace       used 38403K, capacity 39688K, committed 39936K, reserved 1083392K
  class space    used 4743K, capacity 5050K, committed 5120K, reserved 1048576K
}
2020-11-07T19:55:47.636+0800: 30.785: [CMS-concurrent-mark: 0.269/0.331 secs] [Times: user=0.32 sys=0.00, real=0.33 secs] 
2020-11-07T19:55:47.636+0800: 30.785: [CMS-concurrent-preclean-start]
2020-11-07T19:55:47.650+0800: 30.800: [CMS-concurrent-preclean: 0.014/0.014 secs] [Times: user=0.02 sys=0.00, real=0.01 secs] 
2020-11-07T19:55:47.650+0800: 30.800: [CMS-concurrent-abortable-preclean-start]
2020-11-07T19:55:47.655+0800: 30.805: Application time: 0.0232193 seconds
{Heap before GC invocations=418 (full 52):
 par new generation   total 9216K, used 8621K [0x00000000e3400000, 0x00000000e3e00000, 0x00000000ecca0000)
  eden space 8192K, 100% used [0x00000000e3400000, 0x00000000e3c00000, 0x00000000e3c00000)
  from space 1024K,  41% used [0x00000000e3c00000, 0x00000000e3c6b620, 0x00000000e3d00000)
  to   space 1024K,   0% used [0x00000000e3d00000, 0x00000000e3d00000, 0x00000000e3e00000)
 concurrent mark-sweep generation total 48172K, used 29099K [0x00000000ecca0000, 0x00000000efbab000, 0x0000000100000000)
 Metaspace       used 38418K, capacity 39752K, committed 39936K, reserved 1083392K
  class space    used 4745K, capacity 5050K, committed 5120K, reserved 1048576K
2020-11-07T19:55:47.655+0800: 30.805: [GC (Allocation Failure) 2020-11-07T19:55:47.655+0800: 30.805: [ParNew: 8621K->394K(9216K), 0.0050625 secs] 37720K->29510K(57388K), 0.0051381 secs] [Times: user=0.01 sys=0.00, real=0.00 secs] 
Heap after GC invocations=419 (full 52):
 par new generation   total 9216K, used 394K [0x00000000e3400000, 0x00000000e3e00000, 0x00000000ecca0000)
  eden space 8192K,   0% used [0x00000000e3400000, 0x00000000e3400000, 0x00000000e3c00000)
  from space 1024K,  38% used [0x00000000e3d00000, 0x00000000e3d62960, 0x00000000e3e00000)
  to   space 1024K,   0% used [0x00000000e3c00000, 0x00000000e3c00000, 0x00000000e3d00000)
 concurrent mark-sweep generation total 48172K, used 29116K [0x00000000ecca0000, 0x00000000efbab000, 0x0000000100000000)
 Metaspace       used 38418K, capacity 39752K, committed 39936K, reserved 1083392K
  class space    used 4745K, capacity 5050K, committed 5120K, reserved 1048576K
}
2020-11-07T19:55:47.660+0800: 30.810: [CMS-concurrent-abortable-preclean: 0.004/0.010 secs] [Times: user=0.01 sys=0.00, real=0.01 secs] 
2020-11-07T19:55:47.670+0800: 30.819: Application time: 0.0090746 seconds
2020-11-07T19:55:47.670+0800: 30.819: [GC (CMS Final Remark) [YG occupancy: 6621 K (9216 K)]2020-11-07T19:55:47.670+0800: 30.819: [Rescan (parallel) , 0.0235259 secs]2020-11-07T19:55:47.693+0800: 30.843: [weak refs processing, 0.0007073 secs]2020-11-07T19:55:47.694+0800: 30.844: [class unloading, 0.0088269 secs]2020-11-07T19:55:47.703+0800: 30.852: [scrub symbol table, 0.0128651 secs]2020-11-07T19:55:47.716+0800: 30.865: [scrub string table, 0.0010201 secs][1 CMS-remark: 29116K(48172K)] 35737K(57388K), 0.0471497 secs] [Times: user=0.05 sys=0.00, real=0.05 secs] 
2020-11-07T19:55:47.721+0800: 30.870: [CMS-concurrent-sweep-start]
2020-11-07T19:55:47.728+0800: 30.877: Application time: 0.0109403 seconds
{Heap before GC invocations=419 (full 52):
 par new generation   total 9216K, used 8586K [0x00000000e3400000, 0x00000000e3e00000, 0x00000000ecca0000)
  eden space 8192K, 100% used [0x00000000e3400000, 0x00000000e3c00000, 0x00000000e3c00000)
  from space 1024K,  38% used [0x00000000e3d00000, 0x00000000e3d62960, 0x00000000e3e00000)
  to   space 1024K,   0% used [0x00000000e3c00000, 0x00000000e3c00000, 0x00000000e3d00000)
 concurrent mark-sweep generation total 48172K, used 29114K [0x00000000ecca0000, 0x00000000efbab000, 0x0000000100000000)
 Metaspace       used 38452K, capacity 39778K, committed 39936K, reserved 1083392K
  class space    used 4751K, capacity 5057K, committed 5120K, reserved 1048576K
2020-11-07T19:55:47.728+0800: 30.878: [GC (Allocation Failure) 2020-11-07T19:55:47.728+0800: 30.878: [ParNew: 8586K->469K(9216K), 0.0048523 secs] 37700K->29619K(57388K), 0.0049179 secs] [Times: user=0.00 sys=0.00, real=0.00 secs] 
Heap after GC invocations=420 (full 52):
 par new generation   total 9216K, used 469K [0x00000000e3400000, 0x00000000e3e00000, 0x00000000ecca0000)
  eden space 8192K,   0% used [0x00000000e3400000, 0x00000000e3400000, 0x00000000e3c00000)
  from space 1024K,  45% used [0x00000000e3c00000, 0x00000000e3c755a8, 0x00000000e3d00000)
  to   space 1024K,   0% used [0x00000000e3d00000, 0x00000000e3d00000, 0x00000000e3e00000)
 concurrent mark-sweep generation total 48172K, used 29150K [0x00000000ecca0000, 0x00000000efbab000, 0x0000000100000000)
 Metaspace       used 38452K, capacity 39778K, committed 39936K, reserved 1083392K
  class space    used 4751K, capacity 5057K, committed 5120K, reserved 1048576K
}
2020-11-07T19:55:47.757+0800: 30.907: [CMS-concurrent-sweep: 0.031/0.036 secs] [Times: user=0.04 sys=0.00, real=0.04 secs] 
2020-11-07T19:55:47.757+0800: 30.907: [CMS-concurrent-reset-start]
2020-11-07T19:55:47.758+0800: 30.908: [CMS-concurrent-reset: 0.001/0.001 secs] [Times: user=0.00 sys=0.00, real=0.00 secs] 
2020-11-07T19:55:47.803+0800: 30.952: Application time: 0.0698275 seconds
{Heap before GC invocations=420 (full 52):
 par new generation   total 9216K, used 8661K [0x00000000e3400000, 0x00000000e3e00000, 0x00000000ecca0000)
  eden space 8192K, 100% used [0x00000000e3400000, 0x00000000e3c00000, 0x00000000e3c00000)
  from space 1024K,  45% used [0x00000000e3c00000, 0x00000000e3c755a8, 0x00000000e3d00000)
  to   space 1024K,   0% used [0x00000000e3d00000, 0x00000000e3d00000, 0x00000000e3e00000)
 concurrent mark-sweep generation total 48516K, used 29108K [0x00000000ecca0000, 0x00000000efc01000, 0x0000000100000000)
 Metaspace       used 38612K, capacity 40176K, committed 40320K, reserved 1085440K
  class space    used 4797K, capacity 5132K, committed 5248K, reserved 1048576K
2020-11-07T19:55:47.803+0800: 30.952: [GC (Allocation Failure) 2020-11-07T19:55:47.803+0800: 30.953: [ParNew: 8661K->471K(9216K), 0.0068935 secs] 37770K->29660K(57732K), 0.0069688 secs] [Times: user=0.01 sys=0.00, real=0.01 secs] 
Heap after GC invocations=421 (full 52):
 par new generation   total 9216K, used 471K [0x00000000e3400000, 0x00000000e3e00000, 0x00000000ecca0000)
  eden space 8192K,   0% used [0x00000000e3400000, 0x00000000e3400000, 0x00000000e3c00000)
  from space 1024K,  46% used [0x00000000e3d00000, 0x00000000e3d75c30, 0x00000000e3e00000)
  to   space 1024K,   0% used [0x00000000e3c00000, 0x00000000e3c00000, 0x00000000e3d00000)
 concurrent mark-sweep generation total 48516K, used 29189K [0x00000000ecca0000, 0x00000000efc01000, 0x0000000100000000)
 Metaspace       used 38612K, capacity 40176K, committed 40320K, reserved 1085440K
  class space    used 4797K, capacity 5132K, committed 5248K, reserved 1048576K
}
2020-11-07T19:55:47.817+0800: 30.967: Application time: 0.0075534 seconds
2020-11-07T19:55:47.818+0800: 30.967: [GC (CMS Initial Mark) [1 CMS-initial-mark: 29189K(48516K)] 30479K(57732K), 0.0044749 secs] [Times: user=0.00 sys=0.00, real=0.00 secs] 
2020-11-07T19:55:47.822+0800: 30.972: [CMS-concurrent-mark-start]
2020-11-07T19:55:47.867+0800: 31.016: Application time: 0.0445678 seconds
{Heap before GC invocations=421 (full 53):
 par new generation   total 9216K, used 8663K [0x00000000e3400000, 0x00000000e3e00000, 0x00000000ecca0000)
  eden space 8192K, 100% used [0x00000000e3400000, 0x00000000e3c00000, 0x00000000e3c00000)
  from space 1024K,  46% used [0x00000000e3d00000, 0x00000000e3d75c30, 0x00000000e3e00000)
  to   space 1024K,   0% used [0x00000000e3c00000, 0x00000000e3c00000, 0x00000000e3d00000)
 concurrent mark-sweep generation total 48516K, used 29189K [0x00000000ecca0000, 0x00000000efc01000, 0x0000000100000000)
 Metaspace       used 38630K, capacity 40182K, committed 40320K, reserved 1085440K
  class space    used 4799K, capacity 5133K, committed 5248K, reserved 1048576K
2020-11-07T19:55:47.867+0800: 31.016: [GC (Allocation Failure) 2020-11-07T19:55:47.867+0800: 31.016: [ParNew: 8663K->681K(9216K), 0.0330070 secs] 37852K->29896K(57732K), 0.0330848 secs] [Times: user=0.03 sys=0.00, real=0.03 secs] 
Heap after GC invocations=422 (full 53):
 par new generation   total 9216K, used 681K [0x00000000e3400000, 0x00000000e3e00000, 0x00000000ecca0000)
  eden space 8192K,   0% used [0x00000000e3400000, 0x00000000e3400000, 0x00000000e3c00000)
  from space 1024K,  66% used [0x00000000e3c00000, 0x00000000e3caa6c0, 0x00000000e3d00000)
  to   space 1024K,   0% used [0x00000000e3d00000, 0x00000000e3d00000, 0x00000000e3e00000)
 concurrent mark-sweep generation total 48516K, used 29215K [0x00000000ecca0000, 0x00000000efc01000, 0x0000000100000000)
 Metaspace       used 38630K, capacity 40182K, committed 40320K, reserved 1085440K
  class space    used 4799K, capacity 5133K, committed 5248K, reserved 1048576K
}
2020-11-07T19:55:47.936+0800: 31.085: Application time: 0.0358348 seconds
{Heap before GC invocations=422 (full 53):
 par new generation   total 9216K, used 8873K [0x00000000e3400000, 0x00000000e3e00000, 0x00000000ecca0000)
  eden space 8192K, 100% used [0x00000000e3400000, 0x00000000e3c00000, 0x00000000e3c00000)
  from space 1024K,  66% used [0x00000000e3c00000, 0x00000000e3caa6c0, 0x00000000e3d00000)
  to   space 1024K,   0% used [0x00000000e3d00000, 0x00000000e3d00000, 0x00000000e3e00000)
 concurrent mark-sweep generation total 48516K, used 29215K [0x00000000ecca0000, 0x00000000efc01000, 0x0000000100000000)
 Metaspace       used 38647K, capacity 40246K, committed 40576K, reserved 1085440K
  class space    used 4800K, capacity 5133K, committed 5248K, reserved 1048576K
2020-11-07T19:55:47.936+0800: 31.086: [GC (Allocation Failure) 2020-11-07T19:55:47.936+0800: 31.086: [ParNew: 8873K->472K(9216K), 0.0258590 secs] 38088K->29708K(57732K), 0.0259128 secs] [Times: user=0.02 sys=0.00, real=0.02 secs] 
Heap after GC invocations=423 (full 53):
 par new generation   total 9216K, used 472K [0x00000000e3400000, 0x00000000e3e00000, 0x00000000ecca0000)
  eden space 8192K,   0% used [0x00000000e3400000, 0x00000000e3400000, 0x00000000e3c00000)
  from space 1024K,  46% used [0x00000000e3d00000, 0x00000000e3d76070, 0x00000000e3e00000)
  to   space 1024K,   0% used [0x00000000e3c00000, 0x00000000e3c00000, 0x00000000e3d00000)
 concurrent mark-sweep generation total 48516K, used 29236K [0x00000000ecca0000, 0x00000000efc01000, 0x0000000100000000)
 Metaspace       used 38647K, capacity 40246K, committed 40576K, reserved 1085440K
  class space    used 4800K, capacity 5133K, committed 5248K, reserved 1048576K
}
2020-11-07T19:55:47.979+0800: 31.129: Application time: 0.0171189 seconds
{Heap before GC invocations=423 (full 53):
 par new generation   total 9216K, used 8664K [0x00000000e3400000, 0x00000000e3e00000, 0x00000000ecca0000)
  eden space 8192K, 100% used [0x00000000e3400000, 0x00000000e3c00000, 0x00000000e3c00000)
  from space 1024K,  46% used [0x00000000e3d00000, 0x00000000e3d76070, 0x00000000e3e00000)
  to   space 1024K,   0% used [0x00000000e3c00000, 0x00000000e3c00000, 0x00000000e3d00000)
 concurrent mark-sweep generation total 48516K, used 29236K [0x00000000ecca0000, 0x00000000efc01000, 0x0000000100000000)
 Metaspace       used 38649K, capacity 40246K, committed 40576K, reserved 1085440K
  class space    used 4800K, capacity 5133K, committed 5248K, reserved 1048576K
2020-11-07T19:55:47.979+0800: 31.129: [GC (Allocation Failure) 2020-11-07T19:55:47.979+0800: 31.129: [ParNew: 8664K->543K(9216K), 0.0236009 secs] 37900K->29813K(57732K), 0.0236595 secs] [Times: user=0.02 sys=0.00, real=0.02 secs] 
Heap after GC invocations=424 (full 53):
 par new generation   total 9216K, used 543K [0x00000000e3400000, 0x00000000e3e00000, 0x00000000ecca0000)
  eden space 8192K,   0% used [0x00000000e3400000, 0x00000000e3400000, 0x00000000e3c00000)
  from space 1024K,  53% used [0x00000000e3c00000, 0x00000000e3c87fa0, 0x00000000e3d00000)
  to   space 1024K,   0% used [0x00000000e3d00000, 0x00000000e3d00000, 0x00000000e3e00000)
 concurrent mark-sweep generation total 48516K, used 29269K [0x00000000ecca0000, 0x00000000efc01000, 0x0000000100000000)
 Metaspace       used 38649K, capacity 40246K, committed 40576K, reserved 1085440K
  class space    used 4800K, capacity 5133K, committed 5248K, reserved 1048576K
}
2020-11-07T19:55:48.037+0800: 31.187: [CMS-concurrent-mark: 0.112/0.215 secs] [Times: user=0.21 sys=0.00, real=0.22 secs] 
2020-11-07T19:55:48.037+0800: 31.187: Application time: 0.0343906 seconds
{Heap before GC invocations=424 (full 53):
 par new generation   total 9216K, used 8735K [0x00000000e3400000, 0x00000000e3e00000, 0x00000000ecca0000)
  eden space 8192K, 100% used [0x00000000e3400000, 0x00000000e3c00000, 0x00000000e3c00000)
  from space 1024K,  53% used [0x00000000e3c00000, 0x00000000e3c87fa0, 0x00000000e3d00000)
  to   space 1024K,   0% used [0x00000000e3d00000, 0x00000000e3d00000, 0x00000000e3e00000)
 concurrent mark-sweep generation total 48516K, used 29269K [0x00000000ecca0000, 0x00000000efc01000, 0x0000000100000000)
 Metaspace       used 38652K, capacity 40250K, committed 40576K, reserved 1085440K
  class space    used 4800K, capacity 5133K, committed 5248K, reserved 1048576K
2020-11-07T19:55:48.037+0800: 31.187: [GC (Allocation Failure) 2020-11-07T19:55:48.037+0800: 31.187: [ParNew: 8735K->521K(9216K), 0.0133467 secs] 38005K->29803K(57732K), 0.0134126 secs] [Times: user=0.01 sys=0.00, real=0.01 secs] 
Heap after GC invocations=425 (full 53):
 par new generation   total 9216K, used 521K [0x00000000e3400000, 0x00000000e3e00000, 0x00000000ecca0000)
  eden space 8192K,   0% used [0x00000000e3400000, 0x00000000e3400000, 0x00000000e3c00000)
  from space 1024K,  50% used [0x00000000e3d00000, 0x00000000e3d82708, 0x00000000e3e00000)
  to   space 1024K,   0% used [0x00000000e3c00000, 0x00000000e3c00000, 0x00000000e3d00000)
 concurrent mark-sweep generation total 48516K, used 29281K [0x00000000ecca0000, 0x00000000efc01000, 0x0000000100000000)
 Metaspace       used 38652K, capacity 40250K, committed 40576K, reserved 1085440K
  class space    used 4800K, capacity 5133K, committed 5248K, reserved 1048576K
}
2020-11-07T19:55:48.051+0800: 31.201: [CMS-concurrent-preclean-start]
2020-11-07T19:55:48.053+0800: 31.203: [CMS-concurrent-preclean: 0.002/0.003 secs] [Times: user=0.00 sys=0.00, real=0.00 secs] 
2020-11-07T19:55:48.060+0800: 31.210: Application time: 0.0092038 seconds
2020-11-07T19:55:48.071+0800: 31.220: [GC (CMS Final Remark) [YG occupancy: 3802 K (9216 K)]2020-11-07T19:55:48.071+0800: 31.220: [Rescan (parallel) , 0.0051596 secs]2020-11-07T19:55:48.076+0800: 31.225: [weak refs processing, 0.0003151 secs]2020-11-07T19:55:48.076+0800: 31.226: [class unloading, 0.0124486 secs]2020-11-07T19:55:48.089+0800: 31.238: [scrub symbol table, 0.0190612 secs]2020-11-07T19:55:48.108+0800: 31.257: [scrub string table, 0.0008135 secs][1 CMS-remark: 29281K(48516K)] 33083K(57732K), 0.0380003 secs] [Times: user=0.04 sys=0.00, real=0.04 secs] 
2020-11-07T19:55:48.113+0800: 31.262: [CMS-concurrent-sweep-start]
2020-11-07T19:55:48.142+0800: 31.292: Application time: 0.0336294 seconds
{Heap before GC invocations=425 (full 53):
 par new generation   total 9216K, used 8713K [0x00000000e3400000, 0x00000000e3e00000, 0x00000000ecca0000)
  eden space 8192K, 100% used [0x00000000e3400000, 0x00000000e3c00000, 0x00000000e3c00000)
  from space 1024K,  50% used [0x00000000e3d00000, 0x00000000e3d82708, 0x00000000e3e00000)
  to   space 1024K,   0% used [0x00000000e3c00000, 0x00000000e3c00000, 0x00000000e3d00000)
 concurrent mark-sweep generation total 48516K, used 29272K [0x00000000ecca0000, 0x00000000efc01000, 0x0000000100000000)
 Metaspace       used 38714K, capacity 40346K, committed 40576K, reserved 1085440K
  class space    used 4807K, capacity 5165K, committed 5248K, reserved 1048576K
2020-11-07T19:55:48.142+0800: 31.292: [GC (Allocation Failure) 2020-11-07T19:55:48.142+0800: 31.292: [ParNew: 8713K->578K(9216K), 0.0374025 secs] 37986K->29891K(57732K), 0.0374728 secs] [Times: user=0.04 sys=0.00, real=0.04 secs] 
Heap after GC invocations=426 (full 53):
 par new generation   total 9216K, used 578K [0x00000000e3400000, 0x00000000e3e00000, 0x00000000ecca0000)
  eden space 8192K,   0% used [0x00000000e3400000, 0x00000000e3400000, 0x00000000e3c00000)
  from space 1024K,  56% used [0x00000000e3c00000, 0x00000000e3c90b60, 0x00000000e3d00000)
  to   space 1024K,   0% used [0x00000000e3d00000, 0x00000000e3d00000, 0x00000000e3e00000)
 concurrent mark-sweep generation total 48516K, used 29312K [0x00000000ecca0000, 0x00000000efc01000, 0x0000000100000000)
 Metaspace       used 38714K, capacity 40346K, committed 40576K, reserved 1085440K
  class space    used 4807K, capacity 5165K, committed 5248K, reserved 1048576K
}
2020-11-07T19:55:48.183+0800: 31.333: [CMS-concurrent-sweep: 0.033/0.071 secs] [Times: user=0.07 sys=0.00, real=0.07 secs] 
2020-11-07T19:55:48.188+0800: 31.338: [CMS-concurrent-reset-start]
2020-11-07T19:55:48.190+0800: 31.339: [CMS-concurrent-reset: 0.001/0.001 secs] [Times: user=0.00 sys=0.00, real=0.00 secs] 
2020-11-07T19:55:48.202+0800: 31.352: Application time: 0.0219597 seconds
{Heap before GC invocations=426 (full 53):
 par new generation   total 9216K, used 8770K [0x00000000e3400000, 0x00000000e3e00000, 0x00000000ecca0000)
  eden space 8192K, 100% used [0x00000000e3400000, 0x00000000e3c00000, 0x00000000e3c00000)
  from space 1024K,  56% used [0x00000000e3c00000, 0x00000000e3c90b60, 0x00000000e3d00000)
  to   space 1024K,   0% used [0x00000000e3d00000, 0x00000000e3d00000, 0x00000000e3e00000)
 concurrent mark-sweep generation total 48824K, used 29292K [0x00000000ecca0000, 0x00000000efc4e000, 0x0000000100000000)
 Metaspace       used 38764K, capacity 40346K, committed 40576K, reserved 1085440K
  class space    used 4823K, capacity 5165K, committed 5248K, reserved 1048576K
2020-11-07T19:55:48.202+0800: 31.352: [GC (Allocation Failure) 2020-11-07T19:55:48.202+0800: 31.352: [ParNew: 8770K->659K(9216K), 0.0447580 secs] 38062K->30007K(58040K), 0.0448365 secs] [Times: user=0.04 sys=0.00, real=0.05 secs] 
Heap after GC invocations=427 (full 53):
 par new generation   total 9216K, used 659K [0x00000000e3400000, 0x00000000e3e00000, 0x00000000ecca0000)
  eden space 8192K,   0% used [0x00000000e3400000, 0x00000000e3400000, 0x00000000e3c00000)
  from space 1024K,  64% used [0x00000000e3d00000, 0x00000000e3da4d60, 0x00000000e3e00000)
  to   space 1024K,   0% used [0x00000000e3c00000, 0x00000000e3c00000, 0x00000000e3d00000)
 concurrent mark-sweep generation total 48824K, used 29348K [0x00000000ecca0000, 0x00000000efc4e000, 0x0000000100000000)
 Metaspace       used 38764K, capacity 40346K, committed 40576K, reserved 1085440K
  class space    used 4823K, capacity 5165K, committed 5248K, reserved 1048576K
}
2020-11-07T19:55:48.258+0800: 31.407: Application time: 0.0106208 seconds
2020-11-07T19:55:48.258+0800: 31.407: [GC (CMS Initial Mark) [1 CMS-initial-mark: 29348K(48824K)] 37874K(58040K), 0.0071480 secs] [Times: user=0.00 sys=0.00, real=0.01 secs] 
2020-11-07T19:55:48.265+0800: 31.415: [CMS-concurrent-mark-start]
2020-11-07T19:55:48.271+0800: 31.421: Application time: 0.0063202 seconds
{Heap before GC invocations=427 (full 54):
 par new generation   total 9216K, used 8851K [0x00000000e3400000, 0x00000000e3e00000, 0x00000000ecca0000)
  eden space 8192K, 100% used [0x00000000e3400000, 0x00000000e3c00000, 0x00000000e3c00000)
  from space 1024K,  64% used [0x00000000e3d00000, 0x00000000e3da4d60, 0x00000000e3e00000)
  to   space 1024K,   0% used [0x00000000e3c00000, 0x00000000e3c00000, 0x00000000e3d00000)
 concurrent mark-sweep generation total 48824K, used 29348K [0x00000000ecca0000, 0x00000000efc4e000, 0x0000000100000000)
 Metaspace       used 38768K, capacity 40346K, committed 40576K, reserved 1085440K
  class space    used 4823K, capacity 5165K, committed 5248K, reserved 1048576K
2020-11-07T19:55:48.271+0800: 31.421: [GC (Allocation Failure) 2020-11-07T19:55:48.271+0800: 31.421: [ParNew: 8851K->550K(9216K), 0.0164903 secs] 38199K->29924K(58040K), 0.0165635 secs] [Times: user=0.02 sys=0.00, real=0.02 secs] 
Heap after GC invocations=428 (full 54):
 par new generation   total 9216K, used 550K [0x00000000e3400000, 0x00000000e3e00000, 0x00000000ecca0000)
  eden space 8192K,   0% used [0x00000000e3400000, 0x00000000e3400000, 0x00000000e3c00000)
  from space 1024K,  53% used [0x00000000e3c00000, 0x00000000e3c89850, 0x00000000e3d00000)
  to   space 1024K,   0% used [0x00000000e3d00000, 0x00000000e3d00000, 0x00000000e3e00000)
 concurrent mark-sweep generation total 48824K, used 29374K [0x00000000ecca0000, 0x00000000efc4e000, 0x0000000100000000)
 Metaspace       used 38768K, capacity 40346K, committed 40576K, reserved 1085440K
  class space    used 4823K, capacity 5165K, committed 5248K, reserved 1048576K
}
2020-11-07T19:55:48.349+0800: 31.499: Application time: 0.0612924 seconds
{Heap before GC invocations=428 (full 54):
 par new generation   total 9216K, used 8742K [0x00000000e3400000, 0x00000000e3e00000, 0x00000000ecca0000)
  eden space 8192K, 100% used [0x00000000e3400000, 0x00000000e3c00000, 0x00000000e3c00000)
  from space 1024K,  53% used [0x00000000e3c00000, 0x00000000e3c89850, 0x00000000e3d00000)
  to   space 1024K,   0% used [0x00000000e3d00000, 0x00000000e3d00000, 0x00000000e3e00000)
 concurrent mark-sweep generation total 48824K, used 29374K [0x00000000ecca0000, 0x00000000efc4e000, 0x0000000100000000)
 Metaspace       used 38787K, capacity 40346K, committed 40576K, reserved 1085440K
  class space    used 4826K, capacity 5165K, committed 5248K, reserved 1048576K
2020-11-07T19:55:48.349+0800: 31.499: [GC (Allocation Failure) 2020-11-07T19:55:48.349+0800: 31.499: [ParNew: 8742K->567K(9216K), 0.0143005 secs] 38116K->29968K(58040K), 0.0143558 secs] [Times: user=0.01 sys=0.01, real=0.01 secs] 
Heap after GC invocations=429 (full 54):
 par new generation   total 9216K, used 567K [0x00000000e3400000, 0x00000000e3e00000, 0x00000000ecca0000)
  eden space 8192K,   0% used [0x00000000e3400000, 0x00000000e3400000, 0x00000000e3c00000)
  from space 1024K,  55% used [0x00000000e3d00000, 0x00000000e3d8dea8, 0x00000000e3e00000)
  to   space 1024K,   0% used [0x00000000e3c00000, 0x00000000e3c00000, 0x00000000e3d00000)
 concurrent mark-sweep generation total 48824K, used 29401K [0x00000000ecca0000, 0x00000000efc4e000, 0x0000000100000000)
 Metaspace       used 38787K, capacity 40346K, committed 40576K, reserved 1085440K
  class space    used 4826K, capacity 5165K, committed 5248K, reserved 1048576K
}
2020-11-07T19:55:48.386+0800: 31.535: Application time: 0.0216438 seconds
{Heap before GC invocations=429 (full 54):
 par new generation   total 9216K, used 8759K [0x00000000e3400000, 0x00000000e3e00000, 0x00000000ecca0000)
  eden space 8192K, 100% used [0x00000000e3400000, 0x00000000e3c00000, 0x00000000e3c00000)
  from space 1024K,  55% used [0x00000000e3d00000, 0x00000000e3d8dea8, 0x00000000e3e00000)
  to   space 1024K,   0% used [0x00000000e3c00000, 0x00000000e3c00000, 0x00000000e3d00000)
 concurrent mark-sweep generation total 48824K, used 29401K [0x00000000ecca0000, 0x00000000efc4e000, 0x0000000100000000)
 Metaspace       used 38787K, capacity 40346K, committed 40576K, reserved 1085440K
  class space    used 4826K, capacity 5165K, committed 5248K, reserved 1048576K
2020-11-07T19:55:48.386+0800: 31.535: [GC (Allocation Failure) 2020-11-07T19:55:48.386+0800: 31.535: [ParNew: 8759K->492K(9216K), 0.0271494 secs] 38160K->29990K(58040K), 0.0272099 secs] [Times: user=0.03 sys=0.00, real=0.02 secs] 
Heap after GC invocations=430 (full 54):
 par new generation   total 9216K, used 492K [0x00000000e3400000, 0x00000000e3e00000, 0x00000000ecca0000)
  eden space 8192K,   0% used [0x00000000e3400000, 0x00000000e3400000, 0x00000000e3c00000)
  from space 1024K,  48% used [0x00000000e3c00000, 0x00000000e3c7b2a0, 0x00000000e3d00000)
  to   space 1024K,   0% used [0x00000000e3d00000, 0x00000000e3d00000, 0x00000000e3e00000)
 concurrent mark-sweep generation total 48824K, used 29497K [0x00000000ecca0000, 0x00000000efc4e000, 0x0000000100000000)
 Metaspace       used 38787K, capacity 40346K, committed 40576K, reserved 1085440K
  class space    used 4826K, capacity 5165K, committed 5248K, reserved 1048576K
}
2020-11-07T19:55:48.469+0800: 31.619: [CMS-concurrent-mark: 0.124/0.204 secs] [Times: user=0.20 sys=0.01, real=0.20 secs] 
2020-11-07T19:55:48.469+0800: 31.619: [CMS-concurrent-preclean-start]
2020-11-07T19:55:48.472+0800: 31.622: [CMS-concurrent-preclean: 0.003/0.003 secs] [Times: user=0.01 sys=0.00, real=0.00 secs] 
2020-11-07T19:55:48.472+0800: 31.622: [CMS-concurrent-abortable-preclean-start]
2020-11-07T19:55:48.483+0800: 31.632: Application time: 0.0696216 seconds
{Heap before GC invocations=430 (full 54):
 par new generation   total 9216K, used 8684K [0x00000000e3400000, 0x00000000e3e00000, 0x00000000ecca0000)
  eden space 8192K, 100% used [0x00000000e3400000, 0x00000000e3c00000, 0x00000000e3c00000)
  from space 1024K,  48% used [0x00000000e3c00000, 0x00000000e3c7b2a0, 0x00000000e3d00000)
  to   space 1024K,   0% used [0x00000000e3d00000, 0x00000000e3d00000, 0x00000000e3e00000)
 concurrent mark-sweep generation total 48824K, used 29497K [0x00000000ecca0000, 0x00000000efc4e000, 0x0000000100000000)
 Metaspace       used 38803K, capacity 40410K, committed 40576K, reserved 1085440K
  class space    used 4828K, capacity 5165K, committed 5248K, reserved 1048576K
2020-11-07T19:55:48.483+0800: 31.632: [GC (Allocation Failure) 2020-11-07T19:55:48.483+0800: 31.632: [ParNew: 8684K->444K(9216K), 0.0173251 secs] 38182K->30034K(58040K), 0.0174114 secs] [Times: user=0.01 sys=0.00, real=0.02 secs] 
Heap after GC invocations=431 (full 54):
 par new generation   total 9216K, used 444K [0x00000000e3400000, 0x00000000e3e00000, 0x00000000ecca0000)
  eden space 8192K,   0% used [0x00000000e3400000, 0x00000000e3400000, 0x00000000e3c00000)
  from space 1024K,  43% used [0x00000000e3d00000, 0x00000000e3d6f0a0, 0x00000000e3e00000)
  to   space 1024K,   0% used [0x00000000e3c00000, 0x00000000e3c00000, 0x00000000e3d00000)
 concurrent mark-sweep generation total 48824K, used 29590K [0x00000000ecca0000, 0x00000000efc4e000, 0x0000000100000000)
 Metaspace       used 38803K, capacity 40410K, committed 40576K, reserved 1085440K
  class space    used 4828K, capacity 5165K, committed 5248K, reserved 1048576K
}
2020-11-07T19:55:48.519+0800: 31.669: [CMS-concurrent-abortable-preclean: 0.024/0.047 secs] [Times: user=0.04 sys=0.00, real=0.05 secs] 
2020-11-07T19:55:48.519+0800: 31.669: Application time: 0.0192284 seconds
2020-11-07T19:55:48.520+0800: 31.669: [GC (CMS Final Remark) [YG occupancy: 5361 K (9216 K)]2020-11-07T19:55:48.520+0800: 31.669: [Rescan (parallel) , 0.0060847 secs]2020-11-07T19:55:48.526+0800: 31.675: [weak refs processing, 0.0010975 secs]2020-11-07T19:55:48.527+0800: 31.676: [class unloading, 0.0087608 secs]2020-11-07T19:55:48.536+0800: 31.685: [scrub symbol table, 0.0145749 secs]2020-11-07T19:55:48.550+0800: 31.700: [scrub string table, 0.0008374 secs][1 CMS-remark: 29590K(48824K)] 34952K(58040K), 0.0315311 secs] [Times: user=0.03 sys=0.00, real=0.03 secs] 
2020-11-07T19:55:48.561+0800: 31.710: [CMS-concurrent-sweep-start]
2020-11-07T19:55:48.579+0800: 31.728: Application time: 0.0274177 seconds
{Heap before GC invocations=431 (full 54):
 par new generation   total 9216K, used 8636K [0x00000000e3400000, 0x00000000e3e00000, 0x00000000ecca0000)
  eden space 8192K, 100% used [0x00000000e3400000, 0x00000000e3c00000, 0x00000000e3c00000)
  from space 1024K,  43% used [0x00000000e3d00000, 0x00000000e3d6f0a0, 0x00000000e3e00000)
  to   space 1024K,   0% used [0x00000000e3c00000, 0x00000000e3c00000, 0x00000000e3d00000)
 concurrent mark-sweep generation total 48824K, used 29588K [0x00000000ecca0000, 0x00000000efc4e000, 0x0000000100000000)
 Metaspace       used 38825K, capacity 40410K, committed 40576K, reserved 1085440K
  class space    used 4829K, capacity 5165K, committed 5248K, reserved 1048576K
2020-11-07T19:55:48.579+0800: 31.728: [GC (Allocation Failure) 2020-11-07T19:55:48.579+0800: 31.728: [ParNew: 8636K->398K(9216K), 0.0121480 secs] 38224K->30010K(58040K), 0.0122222 secs] [Times: user=0.01 sys=0.00, real=0.01 secs] 
Heap after GC invocations=432 (full 54):
 par new generation   total 9216K, used 398K [0x00000000e3400000, 0x00000000e3e00000, 0x00000000ecca0000)
  eden space 8192K,   0% used [0x00000000e3400000, 0x00000000e3400000, 0x00000000e3c00000)
  from space 1024K,  38% used [0x00000000e3c00000, 0x00000000e3c63a78, 0x00000000e3d00000)
  to   space 1024K,   0% used [0x00000000e3d00000, 0x00000000e3d00000, 0x00000000e3e00000)
 concurrent mark-sweep generation total 48824K, used 29611K [0x00000000ecca0000, 0x00000000efc4e000, 0x0000000100000000)
 Metaspace       used 38825K, capacity 40410K, committed 40576K, reserved 1085440K
  class space    used 4829K, capacity 5165K, committed 5248K, reserved 1048576K
}
2020-11-07T19:55:48.600+0800: 31.750: [CMS-concurrent-sweep: 0.021/0.040 secs] [Times: user=0.04 sys=0.00, real=0.04 secs] 
2020-11-07T19:55:48.601+0800: 31.750: [CMS-concurrent-reset-start]
2020-11-07T19:55:48.602+0800: 31.751: [CMS-concurrent-reset: 0.001/0.001 secs] [Times: user=0.00 sys=0.00, real=0.00 secs] 
2020-11-07T19:55:48.629+0800: 31.779: Application time: 0.0385301 seconds
{Heap before GC invocations=432 (full 54):
 par new generation   total 9216K, used 8590K [0x00000000e3400000, 0x00000000e3e00000, 0x00000000ecca0000)
  eden space 8192K, 100% used [0x00000000e3400000, 0x00000000e3c00000, 0x00000000e3c00000)
  from space 1024K,  38% used [0x00000000e3c00000, 0x00000000e3c63a78, 0x00000000e3d00000)
  to   space 1024K,   0% used [0x00000000e3d00000, 0x00000000e3d00000, 0x00000000e3e00000)
 concurrent mark-sweep generation total 49340K, used 29603K [0x00000000ecca0000, 0x00000000efccf000, 0x0000000100000000)
 Metaspace       used 38853K, capacity 40410K, committed 40576K, reserved 1085440K
  class space    used 4832K, capacity 5165K, committed 5248K, reserved 1048576K
2020-11-07T19:55:48.630+0800: 31.779: [GC (Allocation Failure) 2020-11-07T19:55:48.630+0800: 31.779: [ParNew: 8590K->488K(9216K), 0.0072947 secs] 38193K->30118K(58556K), 0.0073678 secs] [Times: user=0.01 sys=0.00, real=0.01 secs] 
Heap after GC invocations=433 (full 54):
 par new generation   total 9216K, used 488K [0x00000000e3400000, 0x00000000e3e00000, 0x00000000ecca0000)
  eden space 8192K,   0% used [0x00000000e3400000, 0x00000000e3400000, 0x00000000e3c00000)
  from space 1024K,  47% used [0x00000000e3d00000, 0x00000000e3d7a3f8, 0x00000000e3e00000)
  to   space 1024K,   0% used [0x00000000e3c00000, 0x00000000e3c00000, 0x00000000e3d00000)
 concurrent mark-sweep generation total 49340K, used 29629K [0x00000000ecca0000, 0x00000000efccf000, 0x0000000100000000)
 Metaspace       used 38853K, capacity 40410K, committed 40576K, reserved 1085440K
  class space    used 4832K, capacity 5165K, committed 5248K, reserved 1048576K
}
2020-11-07T19:55:48.643+0800: 31.792: Application time: 0.0055467 seconds
2020-11-07T19:55:48.643+0800: 31.792: [GC (CMS Initial Mark) [1 CMS-initial-mark: 29629K(49340K)] 35200K(58556K), 0.0053267 secs] [Times: user=0.01 sys=0.00, real=0.01 secs] 
2020-11-07T19:55:48.648+0800: 31.798: [CMS-concurrent-mark-start]
2020-11-07T19:55:48.676+0800: 31.825: Application time: 0.0276501 seconds
{Heap before GC invocations=433 (full 55):
 par new generation   total 9216K, used 8680K [0x00000000e3400000, 0x00000000e3e00000, 0x00000000ecca0000)
  eden space 8192K, 100% used [0x00000000e3400000, 0x00000000e3c00000, 0x00000000e3c00000)
  from space 1024K,  47% used [0x00000000e3d00000, 0x00000000e3d7a3f8, 0x00000000e3e00000)
  to   space 1024K,   0% used [0x00000000e3c00000, 0x00000000e3c00000, 0x00000000e3d00000)
 concurrent mark-sweep generation total 49340K, used 29629K [0x00000000ecca0000, 0x00000000efccf000, 0x0000000100000000)
 Metaspace       used 38862K, capacity 40426K, committed 40576K, reserved 1085440K
  class space    used 4835K, capacity 5169K, committed 5248K, reserved 1048576K
2020-11-07T19:55:48.676+0800: 31.826: [GC (Allocation Failure) 2020-11-07T19:55:48.676+0800: 31.826: [ParNew: 8680K->421K(9216K), 0.0055978 secs] 38310K->30068K(58556K), 0.0056603 secs] [Times: user=0.00 sys=0.00, real=0.00 secs] 
Heap after GC invocations=434 (full 55):
 par new generation   total 9216K, used 421K [0x00000000e3400000, 0x00000000e3e00000, 0x00000000ecca0000)
  eden space 8192K,   0% used [0x00000000e3400000, 0x00000000e3400000, 0x00000000e3c00000)
  from space 1024K,  41% used [0x00000000e3c00000, 0x00000000e3c696a8, 0x00000000e3d00000)
  to   space 1024K,   0% used [0x00000000e3d00000, 0x00000000e3d00000, 0x00000000e3e00000)
 concurrent mark-sweep generation total 49340K, used 29647K [0x00000000ecca0000, 0x00000000efccf000, 0x0000000100000000)
 Metaspace       used 38862K, capacity 40426K, committed 40576K, reserved 1085440K
  class space    used 4835K, capacity 5169K, committed 5248K, reserved 1048576K
}
2020-11-07T19:55:48.727+0800: 31.877: Application time: 0.0456291 seconds
{Heap before GC invocations=434 (full 55):
 par new generation   total 9216K, used 8613K [0x00000000e3400000, 0x00000000e3e00000, 0x00000000ecca0000)
  eden space 8192K, 100% used [0x00000000e3400000, 0x00000000e3c00000, 0x00000000e3c00000)
  from space 1024K,  41% used [0x00000000e3c00000, 0x00000000e3c696a8, 0x00000000e3d00000)
  to   space 1024K,   0% used [0x00000000e3d00000, 0x00000000e3d00000, 0x00000000e3e00000)
 concurrent mark-sweep generation total 49340K, used 29647K [0x00000000ecca0000, 0x00000000efccf000, 0x0000000100000000)
 Metaspace       used 38874K, capacity 40426K, committed 40576K, reserved 1085440K
  class space    used 4836K, capacity 5169K, committed 5248K, reserved 1048576K
2020-11-07T19:55:48.727+0800: 31.877: [GC (Allocation Failure) 2020-11-07T19:55:48.727+0800: 31.877: [ParNew: 8613K->388K(9216K), 0.0054754 secs] 38260K->30062K(58556K), 0.0055248 secs] [Times: user=0.00 sys=0.00, real=0.00 secs] 
Heap after GC invocations=435 (full 55):
 par new generation   total 9216K, used 388K [0x00000000e3400000, 0x00000000e3e00000, 0x00000000ecca0000)
  eden space 8192K,   0% used [0x00000000e3400000, 0x00000000e3400000, 0x00000000e3c00000)
  from space 1024K,  37% used [0x00000000e3d00000, 0x00000000e3d61200, 0x00000000e3e00000)
  to   space 1024K,   0% used [0x00000000e3c00000, 0x00000000e3c00000, 0x00000000e3d00000)
 concurrent mark-sweep generation total 49340K, used 29673K [0x00000000ecca0000, 0x00000000efccf000, 0x0000000100000000)
 Metaspace       used 38874K, capacity 40426K, committed 40576K, reserved 1085440K
  class space    used 4836K, capacity 5169K, committed 5248K, reserved 1048576K
}
2020-11-07T19:55:48.825+0800: 31.974: Application time: 0.0917552 seconds
{Heap before GC invocations=435 (full 55):
 par new generation   total 9216K, used 8580K [0x00000000e3400000, 0x00000000e3e00000, 0x00000000ecca0000)
  eden space 8192K, 100% used [0x00000000e3400000, 0x00000000e3c00000, 0x00000000e3c00000)
  from space 1024K,  37% used [0x00000000e3d00000, 0x00000000e3d61200, 0x00000000e3e00000)
  to   space 1024K,   0% used [0x00000000e3c00000, 0x00000000e3c00000, 0x00000000e3d00000)
 concurrent mark-sweep generation total 49340K, used 29673K [0x00000000ecca0000, 0x00000000efccf000, 0x0000000100000000)
 Metaspace       used 39170K, capacity 40786K, committed 40832K, reserved 1085440K
  class space    used 4865K, capacity 5203K, committed 5248K, reserved 1048576K
2020-11-07T19:55:48.825+0800: 31.975: [GC (Allocation Failure) 2020-11-07T19:55:48.825+0800: 31.975: [ParNew: 8580K->484K(9216K), 0.0378319 secs] 38254K->30230K(58556K), 0.0378980 secs] [Times: user=0.04 sys=0.00, real=0.03 secs] 
Heap after GC invocations=436 (full 55):
 par new generation   total 9216K, used 484K [0x00000000e3400000, 0x00000000e3e00000, 0x00000000ecca0000)
  eden space 8192K,   0% used [0x00000000e3400000, 0x00000000e3400000, 0x00000000e3c00000)
  from space 1024K,  47% used [0x00000000e3c00000, 0x00000000e3c791e0, 0x00000000e3d00000)
  to   space 1024K,   0% used [0x00000000e3d00000, 0x00000000e3d00000, 0x00000000e3e00000)
 concurrent mark-sweep generation total 49340K, used 29745K [0x00000000ecca0000, 0x00000000efccf000, 0x0000000100000000)
 Metaspace       used 39170K, capacity 40786K, committed 40832K, reserved 1085440K
  class space    used 4865K, capacity 5203K, committed 5248K, reserved 1048576K
}
2020-11-07T19:55:48.879+0800: 32.029: [CMS-concurrent-mark: 0.181/0.231 secs] [Times: user=0.22 sys=0.00, real=0.23 secs] 
2020-11-07T19:55:48.879+0800: 32.029: [CMS-concurrent-preclean-start]
2020-11-07T19:55:48.888+0800: 32.038: [CMS-concurrent-preclean: 0.009/0.009 secs] [Times: user=0.01 sys=0.00, real=0.01 secs] 
2020-11-07T19:55:48.888+0800: 32.038: [CMS-concurrent-abortable-preclean-start]
2020-11-07T19:55:48.899+0800: 32.049: Application time: 0.0361235 seconds
{Heap before GC invocations=436 (full 55):
 par new generation   total 9216K, used 8676K [0x00000000e3400000, 0x00000000e3e00000, 0x00000000ecca0000)
  eden space 8192K, 100% used [0x00000000e3400000, 0x00000000e3c00000, 0x00000000e3c00000)
  from space 1024K,  47% used [0x00000000e3c00000, 0x00000000e3c791e0, 0x00000000e3d00000)
  to   space 1024K,   0% used [0x00000000e3d00000, 0x00000000e3d00000, 0x00000000e3e00000)
 concurrent mark-sweep generation total 49340K, used 29745K [0x00000000ecca0000, 0x00000000efccf000, 0x0000000100000000)
 Metaspace       used 39310K, capacity 40914K, committed 41088K, reserved 1085440K
  class space    used 4879K, capacity 5203K, committed 5248K, reserved 1048576K
2020-11-07T19:55:48.899+0800: 32.049: [GC (Allocation Failure) 2020-11-07T19:55:48.899+0800: 32.049: [ParNew: 8676K->605K(9216K), 0.0184295 secs] 38422K->30403K(58556K), 0.0185299 secs] [Times: user=0.02 sys=0.00, real=0.02 secs] 
Heap after GC invocations=437 (full 55):
 par new generation   total 9216K, used 605K [0x00000000e3400000, 0x00000000e3e00000, 0x00000000ecca0000)
  eden space 8192K,   0% used [0x00000000e3400000, 0x00000000e3400000, 0x00000000e3c00000)
  from space 1024K,  59% used [0x00000000e3d00000, 0x00000000e3d97490, 0x00000000e3e00000)
  to   space 1024K,   0% used [0x00000000e3c00000, 0x00000000e3c00000, 0x00000000e3d00000)
 concurrent mark-sweep generation total 49340K, used 29798K [0x00000000ecca0000, 0x00000000efccf000, 0x0000000100000000)
 Metaspace       used 39310K, capacity 40914K, committed 41088K, reserved 1085440K
  class space    used 4879K, capacity 5203K, committed 5248K, reserved 1048576K
}
2020-11-07T19:55:48.942+0800: 32.092: [CMS-concurrent-abortable-preclean: 0.017/0.053 secs] [Times: user=0.05 sys=0.01, real=0.05 secs] 
2020-11-07T19:55:48.942+0800: 32.092: Application time: 0.0242145 seconds
2020-11-07T19:55:48.943+0800: 32.092: [GC (CMS Final Remark) [YG occupancy: 4710 K (9216 K)]2020-11-07T19:55:48.943+0800: 32.092: [Rescan (parallel) , 0.0046482 secs]2020-11-07T19:55:48.947+0800: 32.097: [weak refs processing, 0.0025138 secs]2020-11-07T19:55:48.950+0800: 32.100: [class unloading, 0.0092654 secs]2020-11-07T19:55:48.959+0800: 32.109: [scrub symbol table, 0.0123814 secs]2020-11-07T19:55:48.972+0800: 32.121: [scrub string table, 0.0009563 secs][1 CMS-remark: 29798K(49340K)] 34508K(58556K), 0.0299291 secs] [Times: user=0.03 sys=0.00, real=0.03 secs] 
2020-11-07T19:55:48.983+0800: 32.132: [CMS-concurrent-sweep-start]
2020-11-07T19:55:49.015+0800: 32.165: [CMS-concurrent-sweep: 0.033/0.033 secs] [Times: user=0.03 sys=0.00, real=0.04 secs] 
2020-11-07T19:55:49.016+0800: 32.165: [CMS-concurrent-reset-start]
2020-11-07T19:55:49.017+0800: 32.167: [CMS-concurrent-reset: 0.001/0.001 secs] [Times: user=0.00 sys=0.00, real=0.00 secs] 
2020-11-07T19:55:49.018+0800: 32.167: Application time: 0.0449961 seconds
{Heap before GC invocations=437 (full 55):
 par new generation   total 9216K, used 8797K [0x00000000e3400000, 0x00000000e3e00000, 0x00000000ecca0000)
  eden space 8192K, 100% used [0x00000000e3400000, 0x00000000e3c00000, 0x00000000e3c00000)
  from space 1024K,  59% used [0x00000000e3d00000, 0x00000000e3d97490, 0x00000000e3e00000)
  to   space 1024K,   0% used [0x00000000e3c00000, 0x00000000e3c00000, 0x00000000e3d00000)
 concurrent mark-sweep generation total 49616K, used 29767K [0x00000000ecca0000, 0x00000000efd14000, 0x0000000100000000)
 Metaspace       used 39398K, capacity 41010K, committed 41088K, reserved 1085440K
  class space    used 4889K, capacity 5235K, committed 5248K, reserved 1048576K
2020-11-07T19:55:49.018+0800: 32.167: [GC (Allocation Failure) 2020-11-07T19:55:49.018+0800: 32.167: [ParNew: 8797K->480K(9216K), 0.0096365 secs] 38564K->30308K(58832K), 0.0097034 secs] [Times: user=0.00 sys=0.00, real=0.01 secs] 
Heap after GC invocations=438 (full 55):
 par new generation   total 9216K, used 480K [0x00000000e3400000, 0x00000000e3e00000, 0x00000000ecca0000)
  eden space 8192K,   0% used [0x00000000e3400000, 0x00000000e3400000, 0x00000000e3c00000)
  from space 1024K,  46% used [0x00000000e3c00000, 0x00000000e3c783c0, 0x00000000e3d00000)
  to   space 1024K,   0% used [0x00000000e3d00000, 0x00000000e3d00000, 0x00000000e3e00000)
 concurrent mark-sweep generation total 49616K, used 29827K [0x00000000ecca0000, 0x00000000efd14000, 0x0000000100000000)
 Metaspace       used 39398K, capacity 41010K, committed 41088K, reserved 1085440K
  class space    used 4889K, capacity 5235K, committed 5248K, reserved 1048576K
}
2020-11-07T19:55:49.032+0800: 32.181: Application time: 0.0041167 seconds
2020-11-07T19:55:49.032+0800: 32.181: [GC (CMS Initial Mark) [1 CMS-initial-mark: 29827K(49616K)] 30649K(58832K), 0.0030555 secs] [Times: user=0.00 sys=0.00, real=0.01 secs] 
2020-11-07T19:55:49.035+0800: 32.185: [CMS-concurrent-mark-start]
2020-11-07T19:55:49.109+0800: 32.258: Application time: 0.0738245 seconds
{Heap before GC invocations=438 (full 56):
 par new generation   total 9216K, used 8672K [0x00000000e3400000, 0x00000000e3e00000, 0x00000000ecca0000)
  eden space 8192K, 100% used [0x00000000e3400000, 0x00000000e3c00000, 0x00000000e3c00000)
  from space 1024K,  46% used [0x00000000e3c00000, 0x00000000e3c783c0, 0x00000000e3d00000)
  to   space 1024K,   0% used [0x00000000e3d00000, 0x00000000e3d00000, 0x00000000e3e00000)
 concurrent mark-sweep generation total 49616K, used 29827K [0x00000000ecca0000, 0x00000000efd14000, 0x0000000100000000)
 Metaspace       used 39593K, capacity 41234K, committed 41472K, reserved 1085440K
  class space    used 4906K, capacity 5267K, committed 5376K, reserved 1048576K
2020-11-07T19:55:49.109+0800: 32.258: [GC (Allocation Failure) 2020-11-07T19:55:49.109+0800: 32.258: [ParNew: 8672K->607K(9216K), 0.0059322 secs] 38500K->30467K(58832K), 0.0060019 secs] [Times: user=0.01 sys=0.00, real=0.01 secs] 
Heap after GC invocations=439 (full 56):
 par new generation   total 9216K, used 607K [0x00000000e3400000, 0x00000000e3e00000, 0x00000000ecca0000)
  eden space 8192K,   0% used [0x00000000e3400000, 0x00000000e3400000, 0x00000000e3c00000)
  from space 1024K,  59% used [0x00000000e3d00000, 0x00000000e3d97cc0, 0x00000000e3e00000)
  to   space 1024K,   0% used [0x00000000e3c00000, 0x00000000e3c00000, 0x00000000e3d00000)
 concurrent mark-sweep generation total 49616K, used 29859K [0x00000000ecca0000, 0x00000000efd14000, 0x0000000100000000)
 Metaspace       used 39593K, capacity 41234K, committed 41472K, reserved 1085440K
  class space    used 4906K, capacity 5267K, committed 5376K, reserved 1048576K
}
2020-11-07T19:55:49.229+0800: 32.379: [CMS-concurrent-mark: 0.184/0.194 secs] [Times: user=0.19 sys=0.00, real=0.19 secs] 
2020-11-07T19:55:49.229+0800: 32.379: [CMS-concurrent-preclean-start]
2020-11-07T19:55:49.231+0800: 32.381: [CMS-concurrent-preclean: 0.002/0.002 secs] [Times: user=0.00 sys=0.00, real=0.00 secs] 
2020-11-07T19:55:49.231+0800: 32.381: [CMS-concurrent-abortable-preclean-start]
2020-11-07T19:55:49.276+0800: 32.425: Application time: 0.1607391 seconds
2020-11-07T19:55:49.314+0800: 32.463: Application time: 0.0372531 seconds
2020-11-07T19:55:49.329+0800: 32.478: Application time: 0.0143727 seconds
2020-11-07T19:55:49.344+0800: 32.493: Application time: 0.0142359 seconds
{Heap before GC invocations=439 (full 56):
 par new generation   total 9216K, used 8799K [0x00000000e3400000, 0x00000000e3e00000, 0x00000000ecca0000)
  eden space 8192K, 100% used [0x00000000e3400000, 0x00000000e3c00000, 0x00000000e3c00000)
  from space 1024K,  59% used [0x00000000e3d00000, 0x00000000e3d97cc0, 0x00000000e3e00000)
  to   space 1024K,   0% used [0x00000000e3c00000, 0x00000000e3c00000, 0x00000000e3d00000)
 concurrent mark-sweep generation total 49616K, used 29859K [0x00000000ecca0000, 0x00000000efd14000, 0x0000000100000000)
 Metaspace       used 40433K, capacity 42034K, committed 42240K, reserved 1085440K
  class space    used 5029K, capacity 5363K, committed 5376K, reserved 1048576K
2020-11-07T19:55:49.344+0800: 32.493: [GC (Allocation Failure) 2020-11-07T19:55:49.344+0800: 32.493: [ParNew: 8799K->1024K(9216K), 0.0253390 secs] 38659K->33856K(58832K), 0.0254000 secs] [Times: user=0.02 sys=0.01, real=0.03 secs] 
Heap after GC invocations=440 (full 56):
 par new generation   total 9216K, used 1024K [0x00000000e3400000, 0x00000000e3e00000, 0x00000000ecca0000)
  eden space 8192K,   0% used [0x00000000e3400000, 0x00000000e3400000, 0x00000000e3c00000)
  from space 1024K, 100% used [0x00000000e3c00000, 0x00000000e3d00000, 0x00000000e3d00000)
  to   space 1024K,   0% used [0x00000000e3d00000, 0x00000000e3d00000, 0x00000000e3e00000)
 concurrent mark-sweep generation total 49616K, used 32832K [0x00000000ecca0000, 0x00000000efd14000, 0x0000000100000000)
 Metaspace       used 40433K, capacity 42034K, committed 42240K, reserved 1085440K
  class space    used 5029K, capacity 5363K, committed 5376K, reserved 1048576K
}
2020-11-07T19:55:49.749+0800: 32.898: [CMS-concurrent-abortable-preclean: 0.066/0.517 secs] [Times: user=0.50 sys=0.02, real=0.52 secs] 
2020-11-07T19:55:49.749+0800: 32.898: Application time: 0.3795558 seconds
2020-11-07T19:55:49.840+0800: 32.989: [GC (CMS Final Remark) [YG occupancy: 7488 K (9216 K)]2020-11-07T19:55:49.840+0800: 32.989: [Rescan (parallel) , 0.0165408 secs]2020-11-07T19:55:49.856+0800: 33.006: [weak refs processing, 0.0000678 secs]2020-11-07T19:55:49.856+0800: 33.006: [class unloading, 0.0125770 secs]2020-11-07T19:55:49.869+0800: 33.019: [scrub symbol table, 0.0137073 secs]2020-11-07T19:55:49.883+0800: 33.032: [scrub string table, 0.0010487 secs][1 CMS-remark: 32832K(49616K)] 40320K(58832K), 0.0441470 secs] [Times: user=0.05 sys=0.00, real=0.04 secs] 
2020-11-07T19:55:49.894+0800: 33.043: [CMS-concurrent-sweep-start]
2020-11-07T19:55:49.906+0800: 33.055: Application time: 0.0216972 seconds
{Heap before GC invocations=440 (full 56):
 par new generation   total 9216K, used 9216K [0x00000000e3400000, 0x00000000e3e00000, 0x00000000ecca0000)
  eden space 8192K, 100% used [0x00000000e3400000, 0x00000000e3c00000, 0x00000000e3c00000)
  from space 1024K, 100% used [0x00000000e3c00000, 0x00000000e3d00000, 0x00000000e3d00000)
  to   space 1024K,   0% used [0x00000000e3d00000, 0x00000000e3d00000, 0x00000000e3e00000)
 concurrent mark-sweep generation total 49616K, used 32824K [0x00000000ecca0000, 0x00000000efd14000, 0x0000000100000000)
 Metaspace       used 40608K, capacity 42162K, committed 42240K, reserved 1085440K
  class space    used 5049K, capacity 5363K, committed 5376K, reserved 1048576K
2020-11-07T19:55:49.906+0800: 33.055: [GC (Allocation Failure) 2020-11-07T19:55:49.906+0800: 33.055: [ParNew: 9216K->628K(9216K), 0.0108645 secs] 42040K->34464K(58832K), 0.0109547 secs] [Times: user=0.01 sys=0.00, real=0.01 secs] 
Heap after GC invocations=441 (full 56):
 par new generation   total 9216K, used 628K [0x00000000e3400000, 0x00000000e3e00000, 0x00000000ecca0000)
  eden space 8192K,   0% used [0x00000000e3400000, 0x00000000e3400000, 0x00000000e3c00000)
  from space 1024K,  61% used [0x00000000e3d00000, 0x00000000e3d9d0b8, 0x00000000e3e00000)
  to   space 1024K,   0% used [0x00000000e3c00000, 0x00000000e3c00000, 0x00000000e3d00000)
 concurrent mark-sweep generation total 49616K, used 33835K [0x00000000ecca0000, 0x00000000efd14000, 0x0000000100000000)
 Metaspace       used 40608K, capacity 42162K, committed 42240K, reserved 1085440K
  class space    used 5049K, capacity 5363K, committed 5376K, reserved 1048576K
}
2020-11-07T19:55:49.951+0800: 33.101: [CMS-concurrent-sweep: 0.046/0.058 secs] [Times: user=0.06 sys=0.00, real=0.06 secs] 
2020-11-07T19:55:49.951+0800: 33.101: [CMS-concurrent-reset-start]
2020-11-07T19:55:49.964+0800: 33.114: [CMS-concurrent-reset: 0.013/0.013 secs] [Times: user=0.01 sys=0.00, real=0.01 secs] 
2020-11-07T19:55:50.028+0800: 33.178: Application time: 0.1111629 seconds
{Heap before GC invocations=441 (full 56):
 par new generation   total 9216K, used 8801K [0x00000000e3400000, 0x00000000e3e00000, 0x00000000ecca0000)
  eden space 8192K,  99% used [0x00000000e3400000, 0x00000000e3bfb520, 0x00000000e3c00000)
  from space 1024K,  61% used [0x00000000e3d00000, 0x00000000e3d9d0b8, 0x00000000e3e00000)
  to   space 1024K,   0% used [0x00000000e3c00000, 0x00000000e3c00000, 0x00000000e3d00000)
 concurrent mark-sweep generation total 56332K, used 33798K [0x00000000ecca0000, 0x00000000f03a3000, 0x0000000100000000)
 Metaspace       used 40952K, capacity 42516K, committed 42880K, reserved 1087488K
  class space    used 5083K, capacity 5396K, committed 5504K, reserved 1048576K
2020-11-07T19:55:50.028+0800: 33.178: [GC (Allocation Failure) 2020-11-07T19:55:50.028+0800: 33.178: [ParNew: 8801K->899K(9216K), 0.0052791 secs] 42600K->34697K(65548K), 0.0053687 secs] [Times: user=0.01 sys=0.00, real=0.00 secs] 
Heap after GC invocations=442 (full 56):
 par new generation   total 9216K, used 899K [0x00000000e3400000, 0x00000000e3e00000, 0x00000000ecca0000)
  eden space 8192K,   0% used [0x00000000e3400000, 0x00000000e3400000, 0x00000000e3c00000)
  from space 1024K,  87% used [0x00000000e3c00000, 0x00000000e3ce0c98, 0x00000000e3d00000)
  to   space 1024K,   0% used [0x00000000e3d00000, 0x00000000e3d00000, 0x00000000e3e00000)
 concurrent mark-sweep generation total 56332K, used 33798K [0x00000000ecca0000, 0x00000000f03a3000, 0x0000000100000000)
 Metaspace       used 40952K, capacity 42516K, committed 42880K, reserved 1087488K
  class space    used 5083K, capacity 5396K, committed 5504K, reserved 1048576K
}
2020-11-07T19:55:50.080+0800: 33.229: Application time: 0.0460893 seconds
{Heap before GC invocations=442 (full 56):
 par new generation   total 9216K, used 9091K [0x00000000e3400000, 0x00000000e3e00000, 0x00000000ecca0000)
  eden space 8192K, 100% used [0x00000000e3400000, 0x00000000e3c00000, 0x00000000e3c00000)
  from space 1024K,  87% used [0x00000000e3c00000, 0x00000000e3ce0c98, 0x00000000e3d00000)
  to   space 1024K,   0% used [0x00000000e3d00000, 0x00000000e3d00000, 0x00000000e3e00000)
 concurrent mark-sweep generation total 56332K, used 33798K [0x00000000ecca0000, 0x00000000f03a3000, 0x0000000100000000)
 Metaspace       used 41058K, capacity 42682K, committed 42880K, reserved 1087488K
  class space    used 5095K, capacity 5429K, committed 5504K, reserved 1048576K
2020-11-07T19:55:50.080+0800: 33.229: [GC (Allocation Failure) 2020-11-07T19:55:50.080+0800: 33.229: [ParNew: 9091K->239K(9216K), 0.0179169 secs] 42889K->34614K(65548K), 0.0179685 secs] [Times: user=0.02 sys=0.00, real=0.02 secs] 
Heap after GC invocations=443 (full 56):
 par new generation   total 9216K, used 239K [0x00000000e3400000, 0x00000000e3e00000, 0x00000000ecca0000)
  eden space 8192K,   0% used [0x00000000e3400000, 0x00000000e3400000, 0x00000000e3c00000)
  from space 1024K,  23% used [0x00000000e3d00000, 0x00000000e3d3bf80, 0x00000000e3e00000)
  to   space 1024K,   0% used [0x00000000e3c00000, 0x00000000e3c00000, 0x00000000e3d00000)
 concurrent mark-sweep generation total 56332K, used 34374K [0x00000000ecca0000, 0x00000000f03a3000, 0x0000000100000000)
 Metaspace       used 41058K, capacity 42682K, committed 42880K, reserved 1087488K
  class space    used 5095K, capacity 5429K, committed 5504K, reserved 1048576K
}
2020-11-07T19:55:50.103+0800: 33.252: Application time: 0.0047973 seconds
2020-11-07T19:55:50.103+0800: 33.252: [GC (CMS Initial Mark) [1 CMS-initial-mark: 34374K(56332K)] 35594K(65548K), 0.0029633 secs] [Times: user=0.01 sys=0.00, real=0.01 secs] 
2020-11-07T19:55:50.106+0800: 33.255: [CMS-concurrent-mark-start]
2020-11-07T19:55:50.141+0800: 33.290: Application time: 0.0351608 seconds
2020-11-07T19:55:50.155+0800: 33.304: Application time: 0.0136333 seconds
2020-11-07T19:55:50.157+0800: 33.306: Application time: 0.0019614 seconds
2020-11-07T19:55:50.178+0800: 33.328: Application time: 0.0213332 seconds
2020-11-07T19:55:50.192+0800: 33.342: Application time: 0.0139098 seconds
2020-11-07T19:55:50.209+0800: 33.358: Application time: 0.0167797 seconds
2020-11-07T19:55:50.209+0800: 33.359: Application time: 0.0000988 seconds
2020-11-07T19:55:50.262+0800: 33.412: Application time: 0.0530960 seconds
{Heap before GC invocations=443 (full 57):
 par new generation   total 9216K, used 8431K [0x00000000e3400000, 0x00000000e3e00000, 0x00000000ecca0000)
  eden space 8192K, 100% used [0x00000000e3400000, 0x00000000e3c00000, 0x00000000e3c00000)
  from space 1024K,  23% used [0x00000000e3d00000, 0x00000000e3d3bf80, 0x00000000e3e00000)
  to   space 1024K,   0% used [0x00000000e3c00000, 0x00000000e3c00000, 0x00000000e3d00000)
 concurrent mark-sweep generation total 56332K, used 34374K [0x00000000ecca0000, 0x00000000f03a3000, 0x0000000100000000)
 Metaspace       used 41294K, capacity 42914K, committed 43136K, reserved 1087488K
  class space    used 5117K, capacity 5463K, committed 5504K, reserved 1048576K
2020-11-07T19:55:50.262+0800: 33.412: [GC (Allocation Failure) 2020-11-07T19:55:50.262+0800: 33.412: [ParNew: 8431K->341K(9216K), 0.0177146 secs] 42806K->34715K(65548K), 0.0177945 secs] [Times: user=0.02 sys=0.00, real=0.02 secs] 
Heap after GC invocations=444 (full 57):
 par new generation   total 9216K, used 341K [0x00000000e3400000, 0x00000000e3e00000, 0x00000000ecca0000)
  eden space 8192K,   0% used [0x00000000e3400000, 0x00000000e3400000, 0x00000000e3c00000)
  from space 1024K,  33% used [0x00000000e3c00000, 0x00000000e3c55478, 0x00000000e3d00000)
  to   space 1024K,   0% used [0x00000000e3d00000, 0x00000000e3d00000, 0x00000000e3e00000)
 concurrent mark-sweep generation total 56332K, used 34374K [0x00000000ecca0000, 0x00000000f03a3000, 0x0000000100000000)
 Metaspace       used 41294K, capacity 42914K, committed 43136K, reserved 1087488K
  class space    used 5117K, capacity 5463K, committed 5504K, reserved 1048576K
}
2020-11-07T19:55:50.343+0800: 33.493: Application time: 0.0631654 seconds
2020-11-07T19:55:50.349+0800: 33.499: [CMS-concurrent-mark: 0.203/0.244 secs] [Times: user=0.23 sys=0.00, real=0.24 secs] 
2020-11-07T19:55:50.349+0800: 33.499: [CMS-concurrent-preclean-start]
2020-11-07T19:55:50.353+0800: 33.503: Application time: 0.0093703 seconds
2020-11-07T19:55:50.357+0800: 33.507: [CMS-concurrent-preclean: 0.006/0.008 secs] [Times: user=0.01 sys=0.00, real=0.01 secs] 
2020-11-07T19:55:50.357+0800: 33.507: [CMS-concurrent-abortable-preclean-start]
2020-11-07T19:55:50.381+0800: 33.530: Application time: 0.0266167 seconds
2020-11-07T19:55:50.389+0800: 33.539: Application time: 0.0084325 seconds
2020-11-07T19:55:50.392+0800: 33.542: Application time: 0.0028422 seconds
2020-11-07T19:55:50.395+0800: 33.545: Application time: 0.0028555 seconds
2020-11-07T19:55:50.395+0800: 33.545: Application time: 0.0001626 seconds
2020-11-07T19:55:50.396+0800: 33.545: Application time: 0.0003216 seconds
2020-11-07T19:55:50.396+0800: 33.546: Application time: 0.0001117 seconds
{Heap before GC invocations=444 (full 57):
 par new generation   total 9216K, used 8533K [0x00000000e3400000, 0x00000000e3e00000, 0x00000000ecca0000)
  eden space 8192K, 100% used [0x00000000e3400000, 0x00000000e3c00000, 0x00000000e3c00000)
  from space 1024K,  33% used [0x00000000e3c00000, 0x00000000e3c55478, 0x00000000e3d00000)
  to   space 1024K,   0% used [0x00000000e3d00000, 0x00000000e3d00000, 0x00000000e3e00000)
 concurrent mark-sweep generation total 56332K, used 34374K [0x00000000ecca0000, 0x00000000f03a3000, 0x0000000100000000)
 Metaspace       used 41488K, capacity 43138K, committed 43392K, reserved 1087488K
  class space    used 5138K, capacity 5495K, committed 5504K, reserved 1048576K
2020-11-07T19:55:50.396+0800: 33.546: [GC (Allocation Failure) 2020-11-07T19:55:50.396+0800: 33.546: [ParNew2020-11-07T19:55:50.415+0800: 33.564: [CMS-concurrent-abortable-preclean: 0.025/0.058 secs] [Times: user=0.05 sys=0.00, real=0.06 secs] 
: 8533K->418K(9216K), 0.0188306 secs] 42907K->34793K(65548K), 0.0188743 secs] [Times: user=0.01 sys=0.00, real=0.02 secs] 
Heap after GC invocations=445 (full 57):
 par new generation   total 9216K, used 418K [0x00000000e3400000, 0x00000000e3e00000, 0x00000000ecca0000)
  eden space 8192K,   0% used [0x00000000e3400000, 0x00000000e3400000, 0x00000000e3c00000)
  from space 1024K,  40% used [0x00000000e3d00000, 0x00000000e3d68ae0, 0x00000000e3e00000)
  to   space 1024K,   0% used [0x00000000e3c00000, 0x00000000e3c00000, 0x00000000e3d00000)
 concurrent mark-sweep generation total 56332K, used 34374K [0x00000000ecca0000, 0x00000000f03a3000, 0x0000000100000000)
 Metaspace       used 41488K, capacity 43138K, committed 43392K, reserved 1087488K
  class space    used 5138K, capacity 5495K, committed 5504K, reserved 1048576K
}
2020-11-07T19:55:50.415+0800: 33.565: Application time: 0.0001912 seconds
2020-11-07T19:55:50.415+0800: 33.565: Application time: 0.0000857 seconds
2020-11-07T19:55:50.415+0800: 33.565: Application time: 0.0000967 seconds
2020-11-07T19:55:50.420+0800: 33.569: Application time: 0.0042023 seconds
2020-11-07T19:55:50.420+0800: 33.570: [GC (CMS Final Remark) [YG occupancy: 2967 K (9216 K)]2020-11-07T19:55:50.420+0800: 33.570: [Rescan (parallel) , 0.0056115 secs]2020-11-07T19:55:50.426+0800: 33.576: [weak refs processing, 0.0000984 secs]2020-11-07T19:55:50.426+0800: 33.576: [class unloading, 0.0101559 secs]2020-11-07T19:55:50.436+0800: 33.586: [scrub symbol table, 0.0156906 secs]2020-11-07T19:55:50.452+0800: 33.602: [scrub string table, 0.0013614 secs][1 CMS-remark: 34374K(56332K)] 37342K(65548K), 0.0331601 secs] [Times: user=0.03 sys=0.00, real=0.03 secs] 
2020-11-07T19:55:50.462+0800: 33.611: [CMS-concurrent-sweep-start]
2020-11-07T19:55:50.466+0800: 33.615: Application time: 0.0120574 seconds
2020-11-07T19:55:50.517+0800: 33.666: [CMS-concurrent-sweep: 0.049/0.055 secs] [Times: user=0.05 sys=0.00, real=0.06 secs] 
2020-11-07T19:55:50.517+0800: 33.666: [CMS-concurrent-reset-start]
2020-11-07T19:55:50.518+0800: 33.667: [CMS-concurrent-reset: 0.001/0.001 secs] [Times: user=0.00 sys=0.00, real=0.00 secs] 
2020-11-07T19:55:50.533+0800: 33.683: Application time: 0.0671788 seconds
{Heap before GC invocations=445 (full 57):
 par new generation   total 9216K, used 8610K [0x00000000e3400000, 0x00000000e3e00000, 0x00000000ecca0000)
  eden space 8192K, 100% used [0x00000000e3400000, 0x00000000e3c00000, 0x00000000e3c00000)
  from space 1024K,  40% used [0x00000000e3d00000, 0x00000000e3d68ae0, 0x00000000e3e00000)
  to   space 1024K,   0% used [0x00000000e3c00000, 0x00000000e3c00000, 0x00000000e3d00000)
 concurrent mark-sweep generation total 57124K, used 34273K [0x00000000ecca0000, 0x00000000f0469000, 0x0000000100000000)
 Metaspace       used 41683K, capacity 43330K, committed 43392K, reserved 1087488K
  class space    used 5157K, capacity 5495K, committed 5504K, reserved 1048576K
2020-11-07T19:55:50.533+0800: 33.683: [GC (Allocation Failure) 2020-11-07T19:55:50.533+0800: 33.683: [ParNew: 8610K->639K(9216K), 0.0190896 secs] 42884K->34913K(66340K), 0.0191726 secs] [Times: user=0.02 sys=0.00, real=0.02 secs] 
Heap after GC invocations=446 (full 57):
 par new generation   total 9216K, used 639K [0x00000000e3400000, 0x00000000e3e00000, 0x00000000ecca0000)
  eden space 8192K,   0% used [0x00000000e3400000, 0x00000000e3400000, 0x00000000e3c00000)
  from space 1024K,  62% used [0x00000000e3c00000, 0x00000000e3c9fd70, 0x00000000e3d00000)
  to   space 1024K,   0% used [0x00000000e3d00000, 0x00000000e3d00000, 0x00000000e3e00000)
 concurrent mark-sweep generation total 57124K, used 34273K [0x00000000ecca0000, 0x00000000f0469000, 0x0000000100000000)
 Metaspace       used 41683K, capacity 43330K, committed 43392K, reserved 1087488K
  class space    used 5157K, capacity 5495K, committed 5504K, reserved 1048576K
}
2020-11-07T19:55:50.562+0800: 33.712: Application time: 0.0097219 seconds
2020-11-07T19:55:50.566+0800: 33.716: Application time: 0.0040359 seconds
2020-11-07T19:55:50.635+0800: 33.785: Application time: 0.0681291 seconds
2020-11-07T19:55:50.635+0800: 33.785: Application time: 0.0000345 seconds
2020-11-07T19:55:50.635+0800: 33.785: Application time: 0.0000502 seconds
2020-11-07T19:55:50.648+0800: 33.797: Application time: 0.0122989 seconds
{Heap before GC invocations=446 (full 57):
 par new generation   total 9216K, used 8831K [0x00000000e3400000, 0x00000000e3e00000, 0x00000000ecca0000)
  eden space 8192K, 100% used [0x00000000e3400000, 0x00000000e3c00000, 0x00000000e3c00000)
  from space 1024K,  62% used [0x00000000e3c00000, 0x00000000e3c9fd70, 0x00000000e3d00000)
  to   space 1024K,   0% used [0x00000000e3d00000, 0x00000000e3d00000, 0x00000000e3e00000)
 concurrent mark-sweep generation total 57124K, used 34273K [0x00000000ecca0000, 0x00000000f0469000, 0x0000000100000000)
 Metaspace       used 41828K, capacity 43490K, committed 43776K, reserved 1087488K
  class space    used 5170K, capacity 5527K, committed 5632K, reserved 1048576K
2020-11-07T19:55:50.648+0800: 33.797: [GC (Allocation Failure) 2020-11-07T19:55:50.648+0800: 33.797: [ParNew: 8831K->592K(9216K), 0.0274230 secs] 43105K->35010K(66340K), 0.0275086 secs] [Times: user=0.02 sys=0.00, real=0.03 secs] 
Heap after GC invocations=447 (full 57):
 par new generation   total 9216K, used 592K [0x00000000e3400000, 0x00000000e3e00000, 0x00000000ecca0000)
  eden space 8192K,   0% used [0x00000000e3400000, 0x00000000e3400000, 0x00000000e3c00000)
  from space 1024K,  57% used [0x00000000e3d00000, 0x00000000e3d94100, 0x00000000e3e00000)
  to   space 1024K,   0% used [0x00000000e3c00000, 0x00000000e3c00000, 0x00000000e3d00000)
 concurrent mark-sweep generation total 57124K, used 34418K [0x00000000ecca0000, 0x00000000f0469000, 0x0000000100000000)
 Metaspace       used 41828K, capacity 43490K, committed 43776K, reserved 1087488K
  class space    used 5170K, capacity 5527K, committed 5632K, reserved 1048576K
}
2020-11-07T19:55:50.680+0800: 33.830: Application time: 0.0047888 seconds
2020-11-07T19:55:50.680+0800: 33.830: [GC (CMS Initial Mark) [1 CMS-initial-mark: 34418K(57124K)] 37337K(66340K), 0.0040318 secs] [Times: user=0.00 sys=0.00, real=0.00 secs] 
2020-11-07T19:55:50.684+0800: 33.834: [CMS-concurrent-mark-start]
2020-11-07T19:55:50.751+0800: 33.901: Application time: 0.0666936 seconds
2020-11-07T19:55:50.781+0800: 33.931: Application time: 0.0299175 seconds
{Heap before GC invocations=447 (full 58):
 par new generation   total 9216K, used 8784K [0x00000000e3400000, 0x00000000e3e00000, 0x00000000ecca0000)
  eden space 8192K, 100% used [0x00000000e3400000, 0x00000000e3c00000, 0x00000000e3c00000)
  from space 1024K,  57% used [0x00000000e3d00000, 0x00000000e3d94100, 0x00000000e3e00000)
  to   space 1024K,   0% used [0x00000000e3c00000, 0x00000000e3c00000, 0x00000000e3d00000)
 concurrent mark-sweep generation total 57124K, used 34418K [0x00000000ecca0000, 0x00000000f0469000, 0x0000000100000000)
 Metaspace       used 41916K, capacity 43554K, committed 43776K, reserved 1087488K
  class space    used 5177K, capacity 5527K, committed 5632K, reserved 1048576K
2020-11-07T19:55:50.781+0800: 33.931: [GC (Allocation Failure) 2020-11-07T19:55:50.781+0800: 33.931: [ParNew: 8784K->663K(9216K), 0.0248310 secs] 43202K->35081K(66340K), 0.0249165 secs] [Times: user=0.03 sys=0.00, real=0.03 secs] 
Heap after GC invocations=448 (full 58):
 par new generation   total 9216K, used 663K [0x00000000e3400000, 0x00000000e3e00000, 0x00000000ecca0000)
  eden space 8192K,   0% used [0x00000000e3400000, 0x00000000e3400000, 0x00000000e3c00000)
  from space 1024K,  64% used [0x00000000e3c00000, 0x00000000e3ca5d18, 0x00000000e3d00000)
  to   space 1024K,   0% used [0x00000000e3d00000, 0x00000000e3d00000, 0x00000000e3e00000)
 concurrent mark-sweep generation total 57124K, used 34418K [0x00000000ecca0000, 0x00000000f0469000, 0x0000000100000000)
 Metaspace       used 41916K, capacity 43554K, committed 43776K, reserved 1087488K
  class space    used 5177K, capacity 5527K, committed 5632K, reserved 1048576K
}
2020-11-07T19:55:50.851+0800: 34.001: Application time: 0.0448026 seconds
2020-11-07T19:55:50.896+0800: 34.046: Application time: 0.0454596 seconds
{Heap before GC invocations=448 (full 58):
 par new generation   total 9216K, used 8855K [0x00000000e3400000, 0x00000000e3e00000, 0x00000000ecca0000)
  eden space 8192K, 100% used [0x00000000e3400000, 0x00000000e3c00000, 0x00000000e3c00000)
  from space 1024K,  64% used [0x00000000e3c00000, 0x00000000e3ca5d18, 0x00000000e3d00000)
  to   space 1024K,   0% used [0x00000000e3d00000, 0x00000000e3d00000, 0x00000000e3e00000)
 concurrent mark-sweep generation total 57124K, used 34418K [0x00000000ecca0000, 0x00000000f0469000, 0x0000000100000000)
 Metaspace       used 42066K, capacity 43694K, committed 44032K, reserved 1087488K
  class space    used 5195K, capacity 5529K, committed 5632K, reserved 1048576K
2020-11-07T19:55:50.897+0800: 34.046: [GC (Allocation Failure) 2020-11-07T19:55:50.897+0800: 34.046: [ParNew: 8855K->644K(9216K), 0.0321755 secs] 43273K->35144K(66340K), 0.0322436 secs] [Times: user=0.03 sys=0.00, real=0.03 secs] 
Heap after GC invocations=449 (full 58):
 par new generation   total 9216K, used 644K [0x00000000e3400000, 0x00000000e3e00000, 0x00000000ecca0000)
  eden space 8192K,   0% used [0x00000000e3400000, 0x00000000e3400000, 0x00000000e3c00000)
  from space 1024K,  62% used [0x00000000e3d00000, 0x00000000e3da1100, 0x00000000e3e00000)
  to   space 1024K,   0% used [0x00000000e3c00000, 0x00000000e3c00000, 0x00000000e3d00000)
 concurrent mark-sweep generation total 57124K, used 34500K [0x00000000ecca0000, 0x00000000f0469000, 0x0000000100000000)
 Metaspace       used 42066K, capacity 43694K, committed 44032K, reserved 1087488K
  class space    used 5195K, capacity 5529K, committed 5632K, reserved 1048576K
}
2020-11-07T19:55:50.963+0800: 34.113: [CMS-concurrent-mark: 0.212/0.279 secs] [Times: user=0.27 sys=0.01, real=0.28 secs] 
2020-11-07T19:55:50.963+0800: 34.113: [CMS-concurrent-preclean-start]
2020-11-07T19:55:50.966+0800: 34.116: [CMS-concurrent-preclean: 0.003/0.003 secs] [Times: user=0.00 sys=0.00, real=0.01 secs] 
2020-11-07T19:55:50.966+0800: 34.116: [CMS-concurrent-abortable-preclean-start]
2020-11-07T19:55:50.970+0800: 34.120: Application time: 0.0410567 seconds
2020-11-07T19:55:50.979+0800: 34.129: Application time: 0.0088741 seconds
2020-11-07T19:55:50.983+0800: 34.132: Application time: 0.0035543 seconds
2020-11-07T19:55:50.996+0800: 34.146: Application time: 0.0134794 seconds
2020-11-07T19:55:51.013+0800: 34.163: Application time: 0.0169297 seconds
2020-11-07T19:55:51.018+0800: 34.168: Application time: 0.0049194 seconds
2020-11-07T19:55:51.018+0800: 34.168: Application time: 0.0001899 seconds
2020-11-07T19:55:51.020+0800: 34.170: Application time: 0.0013680 seconds
2020-11-07T19:55:51.020+0800: 34.170: Application time: 0.0001904 seconds
2020-11-07T19:55:51.023+0800: 34.173: Application time: 0.0028472 seconds
2020-11-07T19:55:51.035+0800: 34.185: Application time: 0.0123635 seconds
{Heap before GC invocations=449 (full 58):
 par new generation   total 9216K, used 8836K [0x00000000e3400000, 0x00000000e3e00000, 0x00000000ecca0000)
  eden space 8192K, 100% used [0x00000000e3400000, 0x00000000e3c00000, 0x00000000e3c00000)
  from space 1024K,  62% used [0x00000000e3d00000, 0x00000000e3da1100, 0x00000000e3e00000)
  to   space 1024K,   0% used [0x00000000e3c00000, 0x00000000e3c00000, 0x00000000e3d00000)
 concurrent mark-sweep generation total 57124K, used 34500K [0x00000000ecca0000, 0x00000000f0469000, 0x0000000100000000)
 Metaspace       used 42182K, capacity 43814K, committed 44032K, reserved 1087488K
  class space    used 5213K, capacity 5567K, committed 5632K, reserved 1048576K
2020-11-07T19:55:51.036+0800: 34.185: [GC (Allocation Failure) 2020-11-07T19:55:51.036+0800: 34.185: [ParNew: 8836K->525K(9216K), 0.0322442 secs] 43336K->35210K(66340K), 0.0323185 secs] [Times: user=0.03 sys=0.00, real=0.03 secs] 
Heap after GC invocations=450 (full 58):
 par new generation   total 9216K, used 525K [0x00000000e3400000, 0x00000000e3e00000, 0x00000000ecca0000)
  eden space 8192K,   0% used [0x00000000e3400000, 0x00000000e3400000, 0x00000000e3c00000)
  from space 1024K,  51% used [0x00000000e3c00000, 0x00000000e3c83488, 0x00000000e3d00000)
  to   space 1024K,   0% used [0x00000000e3d00000, 0x00000000e3d00000, 0x00000000e3e00000)
 concurrent mark-sweep generation total 57124K, used 34684K [0x00000000ecca0000, 0x00000000f0469000, 0x0000000100000000)
 Metaspace       used 42182K, capacity 43814K, committed 44032K, reserved 1087488K
  class space    used 5213K, capacity 5567K, committed 5632K, reserved 1048576K
}
2020-11-07T19:55:51.083+0800: 34.233: [CMS-concurrent-abortable-preclean: 0.042/0.117 secs] [Times: user=0.11 sys=0.00, real=0.11 secs] 
2020-11-07T19:55:51.083+0800: 34.233: Application time: 0.0149308 seconds
2020-11-07T19:55:51.087+0800: 34.237: [GC (CMS Final Remark) [YG occupancy: 5467 K (9216 K)]2020-11-07T19:55:51.087+0800: 34.237: [Rescan (parallel) , 0.0337227 secs]2020-11-07T19:55:51.121+0800: 34.271: [weak refs processing, 0.0011855 secs]2020-11-07T19:55:51.122+0800: 34.272: [class unloading, 0.0105795 secs]2020-11-07T19:55:51.133+0800: 34.282: [scrub symbol table, 0.0145186 secs]2020-11-07T19:55:51.147+0800: 34.297: [scrub string table, 0.0010258 secs][1 CMS-remark: 34684K(57124K)] 40152K(66340K), 0.0612731 secs] [Times: user=0.05 sys=0.00, real=0.06 secs] 
2020-11-07T19:55:51.151+0800: 34.300: [CMS-concurrent-sweep-start]
2020-11-07T19:55:51.171+0800: 34.321: Application time: 0.0224650 seconds
2020-11-07T19:55:51.172+0800: 34.321: Application time: 0.0006429 seconds
2020-11-07T19:55:51.172+0800: 34.321: Application time: 0.0000343 seconds
2020-11-07T19:55:51.172+0800: 34.322: Application time: 0.0000724 seconds
2020-11-07T19:55:51.175+0800: 34.324: Application time: 0.0027948 seconds
2020-11-07T19:55:51.199+0800: 34.348: Application time: 0.0238855 seconds
{Heap before GC invocations=450 (full 58):
 par new generation   total 9216K, used 8717K [0x00000000e3400000, 0x00000000e3e00000, 0x00000000ecca0000)
  eden space 8192K, 100% used [0x00000000e3400000, 0x00000000e3c00000, 0x00000000e3c00000)
  from space 1024K,  51% used [0x00000000e3c00000, 0x00000000e3c83488, 0x00000000e3d00000)
  to   space 1024K,   0% used [0x00000000e3d00000, 0x00000000e3d00000, 0x00000000e3e00000)
 concurrent mark-sweep generation total 57124K, used 34602K [0x00000000ecca0000, 0x00000000f0469000, 0x0000000100000000)
 Metaspace       used 42205K, capacity 43814K, committed 44032K, reserved 1087488K
  class space    used 5217K, capacity 5567K, committed 5632K, reserved 1048576K
2020-11-07T19:55:51.199+0800: 34.349: [GC (Allocation Failure) 2020-11-07T19:55:51.199+0800: 34.349: [ParNew: 8717K->406K(9216K), 0.0161752 secs] 43320K->35009K(66340K), 0.0162382 secs] [Times: user=0.02 sys=0.00, real=0.02 secs] 
Heap after GC invocations=451 (full 58):
 par new generation   total 9216K, used 406K [0x00000000e3400000, 0x00000000e3e00000, 0x00000000ecca0000)
  eden space 8192K,   0% used [0x00000000e3400000, 0x00000000e3400000, 0x00000000e3c00000)
  from space 1024K,  39% used [0x00000000e3d00000, 0x00000000e3d65bf8, 0x00000000e3e00000)
  to   space 1024K,   0% used [0x00000000e3c00000, 0x00000000e3c00000, 0x00000000e3d00000)
 concurrent mark-sweep generation total 57124K, used 34602K [0x00000000ecca0000, 0x00000000f0469000, 0x0000000100000000)
 Metaspace       used 42205K, capacity 43814K, committed 44032K, reserved 1087488K
  class space    used 5217K, capacity 5567K, committed 5632K, reserved 1048576K
}
2020-11-07T19:55:51.216+0800: 34.366: [CMS-concurrent-sweep: 0.037/0.065 secs] [Times: user=0.06 sys=0.00, real=0.07 secs] 
2020-11-07T19:55:51.222+0800: 34.372: [CMS-concurrent-reset-start]
2020-11-07T19:55:51.223+0800: 34.373: [CMS-concurrent-reset: 0.001/0.001 secs] [Times: user=0.00 sys=0.00, real=0.00 secs] 
2020-11-07T19:55:51.229+0800: 34.379: Application time: 0.0142056 seconds
2020-11-07T19:55:51.230+0800: 34.379: Application time: 0.0000440 seconds
2020-11-07T19:55:51.244+0800: 34.394: Application time: 0.0143426 seconds
{Heap before GC invocations=451 (full 58):
 par new generation   total 9216K, used 8598K [0x00000000e3400000, 0x00000000e3e00000, 0x00000000ecca0000)
  eden space 8192K, 100% used [0x00000000e3400000, 0x00000000e3c00000, 0x00000000e3c00000)
  from space 1024K,  39% used [0x00000000e3d00000, 0x00000000e3d65bf8, 0x00000000e3e00000)
  to   space 1024K,   0% used [0x00000000e3c00000, 0x00000000e3c00000, 0x00000000e3d00000)
 concurrent mark-sweep generation total 57528K, used 34515K [0x00000000ecca0000, 0x00000000f04ce000, 0x0000000100000000)
 Metaspace       used 42206K, capacity 43814K, committed 44032K, reserved 1087488K
  class space    used 5217K, capacity 5567K, committed 5632K, reserved 1048576K
2020-11-07T19:55:51.244+0800: 34.394: [GC (Allocation Failure) 2020-11-07T19:55:51.244+0800: 34.394: [ParNew: 8598K->409K(9216K), 0.0057451 secs] 43114K->34925K(66744K), 0.0058363 secs] [Times: user=0.00 sys=0.00, real=0.01 secs] 
Heap after GC invocations=452 (full 58):
 par new generation   total 9216K, used 409K [0x00000000e3400000, 0x00000000e3e00000, 0x00000000ecca0000)
  eden space 8192K,   0% used [0x00000000e3400000, 0x00000000e3400000, 0x00000000e3c00000)
  from space 1024K,  39% used [0x00000000e3c00000, 0x00000000e3c66620, 0x00000000e3d00000)
  to   space 1024K,   0% used [0x00000000e3d00000, 0x00000000e3d00000, 0x00000000e3e00000)
 concurrent mark-sweep generation total 57528K, used 34515K [0x00000000ecca0000, 0x00000000f04ce000, 0x0000000100000000)
 Metaspace       used 42206K, capacity 43814K, committed 44032K, reserved 1087488K
  class space    used 5217K, capacity 5567K, committed 5632K, reserved 1048576K
}
2020-11-07T19:55:51.277+0800: 34.427: Application time: 0.0273064 seconds
2020-11-07T19:55:51.294+0800: 34.444: Application time: 0.0168462 seconds
2020-11-07T19:55:51.299+0800: 34.448: Application time: 0.0041611 seconds
2020-11-07T19:55:51.299+0800: 34.448: Application time: 0.0000417 seconds
2020-11-07T19:55:51.299+0800: 34.448: Application time: 0.0000705 seconds
2020-11-07T19:55:51.314+0800: 34.464: Application time: 0.0153721 seconds
{Heap before GC invocations=452 (full 58):
 par new generation   total 9216K, used 8601K [0x00000000e3400000, 0x00000000e3e00000, 0x00000000ecca0000)
  eden space 8192K, 100% used [0x00000000e3400000, 0x00000000e3c00000, 0x00000000e3c00000)
  from space 1024K,  39% used [0x00000000e3c00000, 0x00000000e3c66620, 0x00000000e3d00000)
  to   space 1024K,   0% used [0x00000000e3d00000, 0x00000000e3d00000, 0x00000000e3e00000)
 concurrent mark-sweep generation total 57528K, used 34515K [0x00000000ecca0000, 0x00000000f04ce000, 0x0000000100000000)
 Metaspace       used 42220K, capacity 43814K, committed 44032K, reserved 1087488K
  class space    used 5217K, capacity 5567K, committed 5632K, reserved 1048576K
2020-11-07T19:55:51.314+0800: 34.464: [GC (Allocation Failure) 2020-11-07T19:55:51.314+0800: 34.464: [ParNew: 8601K->549K(9216K), 0.0173121 secs] 43117K->35065K(66744K), 0.0173920 secs] [Times: user=0.02 sys=0.00, real=0.02 secs] 
Heap after GC invocations=453 (full 58):
 par new generation   total 9216K, used 549K [0x00000000e3400000, 0x00000000e3e00000, 0x00000000ecca0000)
  eden space 8192K,   0% used [0x00000000e3400000, 0x00000000e3400000, 0x00000000e3c00000)
  from space 1024K,  53% used [0x00000000e3d00000, 0x00000000e3d896b8, 0x00000000e3e00000)
  to   space 1024K,   0% used [0x00000000e3c00000, 0x00000000e3c00000, 0x00000000e3d00000)
 concurrent mark-sweep generation total 57528K, used 34515K [0x00000000ecca0000, 0x00000000f04ce000, 0x0000000100000000)
 Metaspace       used 42220K, capacity 43814K, committed 44032K, reserved 1087488K
  class space    used 5217K, capacity 5567K, committed 5632K, reserved 1048576K
}
2020-11-07T19:55:51.387+0800: 34.537: Application time: 0.0550790 seconds
{Heap before GC invocations=453 (full 58):
 par new generation   total 9216K, used 8741K [0x00000000e3400000, 0x00000000e3e00000, 0x00000000ecca0000)
  eden space 8192K, 100% used [0x00000000e3400000, 0x00000000e3c00000, 0x00000000e3c00000)
  from space 1024K,  53% used [0x00000000e3d00000, 0x00000000e3d896b8, 0x00000000e3e00000)
  to   space 1024K,   0% used [0x00000000e3c00000, 0x00000000e3c00000, 0x00000000e3d00000)
 concurrent mark-sweep generation total 57528K, used 34515K [0x00000000ecca0000, 0x00000000f04ce000, 0x0000000100000000)
 Metaspace       used 42251K, capacity 43878K, committed 44032K, reserved 1087488K
  class space    used 5220K, capacity 5567K, committed 5632K, reserved 1048576K
2020-11-07T19:55:51.387+0800: 34.537: [GC (Allocation Failure) 2020-11-07T19:55:51.387+0800: 34.537: [ParNew: 8741K->547K(9216K), 0.0271283 secs] 43257K->35063K(66744K), 0.0271993 secs] [Times: user=0.03 sys=0.00, real=0.02 secs] 
Heap after GC invocations=454 (full 58):
 par new generation   total 9216K, used 547K [0x00000000e3400000, 0x00000000e3e00000, 0x00000000ecca0000)
  eden space 8192K,   0% used [0x00000000e3400000, 0x00000000e3400000, 0x00000000e3c00000)
  from space 1024K,  53% used [0x00000000e3c00000, 0x00000000e3c88db0, 0x00000000e3d00000)
  to   space 1024K,   0% used [0x00000000e3d00000, 0x00000000e3d00000, 0x00000000e3e00000)
 concurrent mark-sweep generation total 57528K, used 34515K [0x00000000ecca0000, 0x00000000f04ce000, 0x0000000100000000)
 Metaspace       used 42251K, capacity 43878K, committed 44032K, reserved 1087488K
  class space    used 5220K, capacity 5567K, committed 5632K, reserved 1048576K
}
2020-11-07T19:55:51.440+0800: 34.590: Application time: 0.0260230 seconds
{Heap before GC invocations=454 (full 58):
 par new generation   total 9216K, used 8739K [0x00000000e3400000, 0x00000000e3e00000, 0x00000000ecca0000)
  eden space 8192K, 100% used [0x00000000e3400000, 0x00000000e3c00000, 0x00000000e3c00000)
  from space 1024K,  53% used [0x00000000e3c00000, 0x00000000e3c88db0, 0x00000000e3d00000)
  to   space 1024K,   0% used [0x00000000e3d00000, 0x00000000e3d00000, 0x00000000e3e00000)
 concurrent mark-sweep generation total 57528K, used 34515K [0x00000000ecca0000, 0x00000000f04ce000, 0x0000000100000000)
 Metaspace       used 42264K, capacity 43884K, committed 44032K, reserved 1087488K
  class space    used 5221K, capacity 5568K, committed 5632K, reserved 1048576K
2020-11-07T19:55:51.441+0800: 34.590: [GC (Allocation Failure) 2020-11-07T19:55:51.441+0800: 34.590: [ParNew: 8739K->702K(9216K), 0.4977108 secs] 43255K->35217K(66744K), 0.4977777 secs] [Times: user=0.49 sys=0.01, real=0.50 secs] 
Heap after GC invocations=455 (full 58):
 par new generation   total 9216K, used 702K [0x00000000e3400000, 0x00000000e3e00000, 0x00000000ecca0000)
  eden space 8192K,   0% used [0x00000000e3400000, 0x00000000e3400000, 0x00000000e3c00000)
  from space 1024K,  68% used [0x00000000e3d00000, 0x00000000e3daf820, 0x00000000e3e00000)
  to   space 1024K,   0% used [0x00000000e3c00000, 0x00000000e3c00000, 0x00000000e3d00000)
 concurrent mark-sweep generation total 57528K, used 34515K [0x00000000ecca0000, 0x00000000f04ce000, 0x0000000100000000)
 Metaspace       used 42264K, capacity 43884K, committed 44032K, reserved 1087488K
  class space    used 5221K, capacity 5568K, committed 5632K, reserved 1048576K
}
2020-11-07T19:55:51.962+0800: 35.112: Application time: 0.0234726 seconds
{Heap before GC invocations=455 (full 58):
 par new generation   total 9216K, used 8894K [0x00000000e3400000, 0x00000000e3e00000, 0x00000000ecca0000)
  eden space 8192K, 100% used [0x00000000e3400000, 0x00000000e3c00000, 0x00000000e3c00000)
  from space 1024K,  68% used [0x00000000e3d00000, 0x00000000e3daf820, 0x00000000e3e00000)
  to   space 1024K,   0% used [0x00000000e3c00000, 0x00000000e3c00000, 0x00000000e3d00000)
 concurrent mark-sweep generation total 57528K, used 34515K [0x00000000ecca0000, 0x00000000f04ce000, 0x0000000100000000)
 Metaspace       used 42264K, capacity 43884K, committed 44032K, reserved 1087488K
  class space    used 5221K, capacity 5568K, committed 5632K, reserved 1048576K
2020-11-07T19:55:51.962+0800: 35.112: [GC (Allocation Failure) 2020-11-07T19:55:51.962+0800: 35.112: [ParNew: 8894K->617K(9216K), 0.0596344 secs] 43409K->35200K(66744K), 0.0597073 secs] [Times: user=0.05 sys=0.00, real=0.06 secs] 
Heap after GC invocations=456 (full 58):
 par new generation   total 9216K, used 617K [0x00000000e3400000, 0x00000000e3e00000, 0x00000000ecca0000)
  eden space 8192K,   0% used [0x00000000e3400000, 0x00000000e3400000, 0x00000000e3c00000)
  from space 1024K,  60% used [0x00000000e3c00000, 0x00000000e3c9a678, 0x00000000e3d00000)
  to   space 1024K,   0% used [0x00000000e3d00000, 0x00000000e3d00000, 0x00000000e3e00000)
 concurrent mark-sweep generation total 57528K, used 34582K [0x00000000ecca0000, 0x00000000f04ce000, 0x0000000100000000)
 Metaspace       used 42264K, capacity 43884K, committed 44032K, reserved 1087488K
  class space    used 5221K, capacity 5568K, committed 5632K, reserved 1048576K
}
2020-11-07T19:55:52.028+0800: 35.178: Application time: 0.0061664 seconds
2020-11-07T19:55:52.028+0800: 35.178: [GC (CMS Initial Mark) [1 CMS-initial-mark: 34582K(57528K)] 39117K(66744K), 0.0052897 secs] [Times: user=0.00 sys=0.00, real=0.00 secs] 
2020-11-07T19:55:52.033+0800: 35.183: [CMS-concurrent-mark-start]
2020-11-07T19:55:52.047+0800: 35.197: Application time: 0.0137337 seconds
2020-11-07T19:55:52.048+0800: 35.198: Application time: 0.0008355 seconds
2020-11-07T19:55:52.050+0800: 35.200: Application time: 0.0017595 seconds
2020-11-07T19:55:52.051+0800: 35.201: Application time: 0.0009132 seconds
2020-11-07T19:55:52.070+0800: 35.220: Application time: 0.0188973 seconds
{Heap before GC invocations=456 (full 59):
 par new generation   total 9216K, used 8809K [0x00000000e3400000, 0x00000000e3e00000, 0x00000000ecca0000)
  eden space 8192K, 100% used [0x00000000e3400000, 0x00000000e3c00000, 0x00000000e3c00000)
  from space 1024K,  60% used [0x00000000e3c00000, 0x00000000e3c9a678, 0x00000000e3d00000)
  to   space 1024K,   0% used [0x00000000e3d00000, 0x00000000e3d00000, 0x00000000e3e00000)
 concurrent mark-sweep generation total 57528K, used 34582K [0x00000000ecca0000, 0x00000000f04ce000, 0x0000000100000000)
 Metaspace       used 42285K, capacity 43956K, committed 44032K, reserved 1087488K
  class space    used 5223K, capacity 5570K, committed 5632K, reserved 1048576K
2020-11-07T19:55:52.070+0800: 35.220: [GC (Allocation Failure) 2020-11-07T19:55:52.070+0800: 35.220: [ParNew: 8809K->569K(9216K), 0.0291363 secs] 43392K->35242K(66744K), 0.0292027 secs] [Times: user=0.03 sys=0.00, real=0.03 secs] 
Heap after GC invocations=457 (full 59):
 par new generation   total 9216K, used 569K [0x00000000e3400000, 0x00000000e3e00000, 0x00000000ecca0000)
  eden space 8192K,   0% used [0x00000000e3400000, 0x00000000e3400000, 0x00000000e3c00000)
  from space 1024K,  55% used [0x00000000e3d00000, 0x00000000e3d8e460, 0x00000000e3e00000)
  to   space 1024K,   0% used [0x00000000e3c00000, 0x00000000e3c00000, 0x00000000e3d00000)
 concurrent mark-sweep generation total 57528K, used 34673K [0x00000000ecca0000, 0x00000000f04ce000, 0x0000000100000000)
 Metaspace       used 42285K, capacity 43956K, committed 44032K, reserved 1087488K
  class space    used 5223K, capacity 5570K, committed 5632K, reserved 1048576K
}
2020-11-07T19:55:52.148+0800: 35.298: Application time: 0.0491736 seconds
{Heap before GC invocations=457 (full 59):
 par new generation   total 9216K, used 8761K [0x00000000e3400000, 0x00000000e3e00000, 0x00000000ecca0000)
  eden space 8192K, 100% used [0x00000000e3400000, 0x00000000e3c00000, 0x00000000e3c00000)
  from space 1024K,  55% used [0x00000000e3d00000, 0x00000000e3d8e460, 0x00000000e3e00000)
  to   space 1024K,   0% used [0x00000000e3c00000, 0x00000000e3c00000, 0x00000000e3d00000)
 concurrent mark-sweep generation total 57528K, used 34673K [0x00000000ecca0000, 0x00000000f04ce000, 0x0000000100000000)
 Metaspace       used 42286K, capacity 43956K, committed 44032K, reserved 1087488K
  class space    used 5223K, capacity 5570K, committed 5632K, reserved 1048576K
2020-11-07T19:55:52.149+0800: 35.298: [GC (Allocation Failure) 2020-11-07T19:55:52.149+0800: 35.298: [ParNew: 8761K->529K(9216K), 0.0309171 secs] 43434K->35265K(66744K), 0.0309827 secs] [Times: user=0.03 sys=0.01, real=0.03 secs] 
Heap after GC invocations=458 (full 59):
 par new generation   total 9216K, used 529K [0x00000000e3400000, 0x00000000e3e00000, 0x00000000ecca0000)
  eden space 8192K,   0% used [0x00000000e3400000, 0x00000000e3400000, 0x00000000e3c00000)
  from space 1024K,  51% used [0x00000000e3c00000, 0x00000000e3c845a0, 0x00000000e3d00000)
  to   space 1024K,   0% used [0x00000000e3d00000, 0x00000000e3d00000, 0x00000000e3e00000)
 concurrent mark-sweep generation total 57528K, used 34736K [0x00000000ecca0000, 0x00000000f04ce000, 0x0000000100000000)
 Metaspace       used 42286K, capacity 43956K, committed 44032K, reserved 1087488K
  class space    used 5223K, capacity 5570K, committed 5632K, reserved 1048576K
}
2020-11-07T19:55:52.243+0800: 35.392: Application time: 0.0629063 seconds
{Heap before GC invocations=458 (full 59):
 par new generation   total 9216K, used 8721K [0x00000000e3400000, 0x00000000e3e00000, 0x00000000ecca0000)
  eden space 8192K, 100% used [0x00000000e3400000, 0x00000000e3c00000, 0x00000000e3c00000)
  from space 1024K,  51% used [0x00000000e3c00000, 0x00000000e3c845a0, 0x00000000e3d00000)
  to   space 1024K,   0% used [0x00000000e3d00000, 0x00000000e3d00000, 0x00000000e3e00000)
 concurrent mark-sweep generation total 57528K, used 34736K [0x00000000ecca0000, 0x00000000f04ce000, 0x0000000100000000)
 Metaspace       used 42292K, capacity 43956K, committed 44032K, reserved 1087488K
  class space    used 5223K, capacity 5570K, committed 5632K, reserved 1048576K
2020-11-07T19:55:52.243+0800: 35.393: [GC (Allocation Failure) 2020-11-07T19:55:52.243+0800: 35.393: [ParNew: 8721K->427K(9216K), 0.0108091 secs] 43457K->35204K(66744K), 0.0108763 secs] [Times: user=0.01 sys=0.00, real=0.01 secs] 
Heap after GC invocations=459 (full 59):
 par new generation   total 9216K, used 427K [0x00000000e3400000, 0x00000000e3e00000, 0x00000000ecca0000)
  eden space 8192K,   0% used [0x00000000e3400000, 0x00000000e3400000, 0x00000000e3c00000)
  from space 1024K,  41% used [0x00000000e3d00000, 0x00000000e3d6ad08, 0x00000000e3e00000)
  to   space 1024K,   0% used [0x00000000e3c00000, 0x00000000e3c00000, 0x00000000e3d00000)
 concurrent mark-sweep generation total 57528K, used 34777K [0x00000000ecca0000, 0x00000000f04ce000, 0x0000000100000000)
 Metaspace       used 42292K, capacity 43956K, committed 44032K, reserved 1087488K
  class space    used 5223K, capacity 5570K, committed 5632K, reserved 1048576K
}
2020-11-07T19:55:52.303+0800: 35.453: Application time: 0.0496940 seconds
2020-11-07T19:55:52.324+0800: 35.473: [CMS-concurrent-mark: 0.201/0.290 secs] [Times: user=0.28 sys=0.01, real=0.29 secs] 
2020-11-07T19:55:52.324+0800: 35.473: [CMS-concurrent-preclean-start]
2020-11-07T19:55:52.327+0800: 35.476: [CMS-concurrent-preclean: 0.003/0.003 secs] [Times: user=0.00 sys=0.00, real=0.01 secs] 
2020-11-07T19:55:52.327+0800: 35.476: [CMS-concurrent-abortable-preclean-start]
2020-11-07T19:55:52.338+0800: 35.487: Application time: 0.0331932 seconds
{Heap before GC invocations=459 (full 59):
 par new generation   total 9216K, used 8619K [0x00000000e3400000, 0x00000000e3e00000, 0x00000000ecca0000)
  eden space 8192K, 100% used [0x00000000e3400000, 0x00000000e3c00000, 0x00000000e3c00000)
  from space 1024K,  41% used [0x00000000e3d00000, 0x00000000e3d6ad08, 0x00000000e3e00000)
  to   space 1024K,   0% used [0x00000000e3c00000, 0x00000000e3c00000, 0x00000000e3d00000)
 concurrent mark-sweep generation total 57528K, used 34777K [0x00000000ecca0000, 0x00000000f04ce000, 0x0000000100000000)
 Metaspace       used 42369K, capacity 44034K, committed 44288K, reserved 1087488K
  class space    used 5235K, capacity 5573K, committed 5632K, reserved 1048576K
2020-11-07T19:55:52.338+0800: 35.487: [GC (Allocation Failure) 2020-11-07T19:55:52.338+0800: 35.487: [ParNew: 8619K->650K(9216K), 0.0420471 secs] 43396K->35467K(66744K), 0.0421262 secs] [Times: user=0.04 sys=0.00, real=0.04 secs] 
Heap after GC invocations=460 (full 59):
 par new generation   total 9216K, used 650K [0x00000000e3400000, 0x00000000e3e00000, 0x00000000ecca0000)
  eden space 8192K,   0% used [0x00000000e3400000, 0x00000000e3400000, 0x00000000e3c00000)
  from space 1024K,  63% used [0x00000000e3c00000, 0x00000000e3ca2b58, 0x00000000e3d00000)
  to   space 1024K,   0% used [0x00000000e3d00000, 0x00000000e3d00000, 0x00000000e3e00000)
 concurrent mark-sweep generation total 57528K, used 34817K [0x00000000ecca0000, 0x00000000f04ce000, 0x0000000100000000)
 Metaspace       used 42369K, capacity 44034K, committed 44288K, reserved 1087488K
  class space    used 5235K, capacity 5573K, committed 5632K, reserved 1048576K
}
2020-11-07T19:55:52.409+0800: 35.559: Application time: 0.0291376 seconds
2020-11-07T19:55:52.409+0800: 35.559: [CMS-concurrent-abortable-preclean: 0.026/0.083 secs] [Times: user=0.09 sys=0.00, real=0.08 secs] 
2020-11-07T19:55:52.409+0800: 35.559: Application time: 0.0000954 seconds
2020-11-07T19:55:52.409+0800: 35.559: [GC (CMS Final Remark) [YG occupancy: 7368 K (9216 K)]2020-11-07T19:55:52.409+0800: 35.559: [Rescan (parallel) , 0.0342484 secs]2020-11-07T19:55:52.444+0800: 35.593: [weak refs processing, 0.0008608 secs]2020-11-07T19:55:52.444+0800: 35.594: [class unloading, 0.0096997 secs]2020-11-07T19:55:52.454+0800: 35.604: [scrub symbol table, 0.0275504 secs]2020-11-07T19:55:52.482+0800: 35.632: [scrub string table, 0.0010333 secs][1 CMS-remark: 34817K(57528K)] 42185K(66744K), 0.0736049 secs] [Times: user=0.07 sys=0.00, real=0.07 secs] 
2020-11-07T19:55:52.486+0800: 35.636: [CMS-concurrent-sweep-start]
2020-11-07T19:55:52.498+0800: 35.647: Application time: 0.0145654 seconds
{Heap before GC invocations=460 (full 59):
 par new generation   total 9216K, used 8842K [0x00000000e3400000, 0x00000000e3e00000, 0x00000000ecca0000)
  eden space 8192K, 100% used [0x00000000e3400000, 0x00000000e3c00000, 0x00000000e3c00000)
  from space 1024K,  63% used [0x00000000e3c00000, 0x00000000e3ca2b58, 0x00000000e3d00000)
  to   space 1024K,   0% used [0x00000000e3d00000, 0x00000000e3d00000, 0x00000000e3e00000)
 concurrent mark-sweep generation total 57528K, used 34816K [0x00000000ecca0000, 0x00000000f04ce000, 0x0000000100000000)
 Metaspace       used 42389K, capacity 44040K, committed 44288K, reserved 1087488K
  class space    used 5237K, capacity 5574K, committed 5632K, reserved 1048576K
2020-11-07T19:55:52.498+0800: 35.647: [GC (Allocation Failure) 2020-11-07T19:55:52.498+0800: 35.647: [ParNew: 8842K->538K(9216K), 0.0350569 secs] 43659K->35400K(66744K), 0.0351458 secs] [Times: user=0.04 sys=0.00, real=0.03 secs] 
Heap after GC invocations=461 (full 59):
 par new generation   total 9216K, used 538K [0x00000000e3400000, 0x00000000e3e00000, 0x00000000ecca0000)
  eden space 8192K,   0% used [0x00000000e3400000, 0x00000000e3400000, 0x00000000e3c00000)
  from space 1024K,  52% used [0x00000000e3d00000, 0x00000000e3d869e8, 0x00000000e3e00000)
  to   space 1024K,   0% used [0x00000000e3c00000, 0x00000000e3c00000, 0x00000000e3d00000)
 concurrent mark-sweep generation total 57528K, used 34861K [0x00000000ecca0000, 0x00000000f04ce000, 0x0000000100000000)
 Metaspace       used 42389K, capacity 44040K, committed 44288K, reserved 1087488K
  class space    used 5237K, capacity 5574K, committed 5632K, reserved 1048576K
}
2020-11-07T19:55:52.552+0800: 35.702: Application time: 0.0190305 seconds
{Heap before GC invocations=461 (full 59):
 par new generation   total 9216K, used 8730K [0x00000000e3400000, 0x00000000e3e00000, 0x00000000ecca0000)
  eden space 8192K, 100% used [0x00000000e3400000, 0x00000000e3c00000, 0x00000000e3c00000)
  from space 1024K,  52% used [0x00000000e3d00000, 0x00000000e3d869e8, 0x00000000e3e00000)
  to   space 1024K,   0% used [0x00000000e3c00000, 0x00000000e3c00000, 0x00000000e3d00000)
 concurrent mark-sweep generation total 57528K, used 34858K [0x00000000ecca0000, 0x00000000f04ce000, 0x0000000100000000)
 Metaspace       used 42392K, capacity 44040K, committed 44288K, reserved 1087488K
  class space    used 5237K, capacity 5574K, committed 5632K, reserved 1048576K
2020-11-07T19:55:52.552+0800: 35.702: [GC (Allocation Failure) 2020-11-07T19:55:52.552+0800: 35.702: [ParNew: 8730K->529K(9216K), 0.0177578 secs] 43589K->35443K(66744K), 0.0178159 secs] [Times: user=0.02 sys=0.00, real=0.02 secs] 
Heap after GC invocations=462 (full 59):
 par new generation   total 9216K, used 529K [0x00000000e3400000, 0x00000000e3e00000, 0x00000000ecca0000)
  eden space 8192K,   0% used [0x00000000e3400000, 0x00000000e3400000, 0x00000000e3c00000)
  from space 1024K,  51% used [0x00000000e3c00000, 0x00000000e3c84468, 0x00000000e3d00000)
  to   space 1024K,   0% used [0x00000000e3d00000, 0x00000000e3d00000, 0x00000000e3e00000)
 concurrent mark-sweep generation total 57528K, used 34914K [0x00000000ecca0000, 0x00000000f04ce000, 0x0000000100000000)
 Metaspace       used 42392K, capacity 44040K, committed 44288K, reserved 1087488K
  class space    used 5237K, capacity 5574K, committed 5632K, reserved 1048576K
}
2020-11-07T19:55:52.574+0800: 35.724: [CMS-concurrent-sweep: 0.028/0.088 secs] [Times: user=0.09 sys=0.00, real=0.08 secs] 
2020-11-07T19:55:52.579+0800: 35.728: [CMS-concurrent-reset-start]
2020-11-07T19:55:52.580+0800: 35.729: [CMS-concurrent-reset: 0.001/0.001 secs] [Times: user=0.01 sys=0.00, real=0.00 secs] 
2020-11-07T19:55:52.583+0800: 35.732: Application time: 0.0125486 seconds
2020-11-07T19:55:52.589+0800: 35.739: Application time: 0.0066778 seconds
2020-11-07T19:55:52.601+0800: 35.751: Application time: 0.0110052 seconds
2020-11-07T19:55:52.609+0800: 35.759: Application time: 0.0071220 seconds
2020-11-07T19:55:52.635+0800: 35.784: Application time: 0.0255126 seconds
{Heap before GC invocations=462 (full 59):
 par new generation   total 9216K, used 8721K [0x00000000e3400000, 0x00000000e3e00000, 0x00000000ecca0000)
  eden space 8192K, 100% used [0x00000000e3400000, 0x00000000e3c00000, 0x00000000e3c00000)
  from space 1024K,  51% used [0x00000000e3c00000, 0x00000000e3c84468, 0x00000000e3d00000)
  to   space 1024K,   0% used [0x00000000e3d00000, 0x00000000e3d00000, 0x00000000e3e00000)
 concurrent mark-sweep generation total 58084K, used 34849K [0x00000000ecca0000, 0x00000000f0559000, 0x0000000100000000)
 Metaspace       used 42513K, capacity 44200K, committed 44288K, reserved 1087488K
  class space    used 5258K, capacity 5606K, committed 5632K, reserved 1048576K
2020-11-07T19:55:52.635+0800: 35.785: [GC (Allocation Failure) 2020-11-07T19:55:52.635+0800: 35.785: [ParNew: 8721K->1024K(9216K), 0.0290981 secs] 43570K->36110K(67300K), 0.0291559 secs] [Times: user=0.03 sys=0.00, real=0.02 secs] 
Heap after GC invocations=463 (full 59):
 par new generation   total 9216K, used 1024K [0x00000000e3400000, 0x00000000e3e00000, 0x00000000ecca0000)
  eden space 8192K,   0% used [0x00000000e3400000, 0x00000000e3400000, 0x00000000e3c00000)
  from space 1024K, 100% used [0x00000000e3d00000, 0x00000000e3e00000, 0x00000000e3e00000)
  to   space 1024K,   0% used [0x00000000e3c00000, 0x00000000e3c00000, 0x00000000e3d00000)
 concurrent mark-sweep generation total 58084K, used 35086K [0x00000000ecca0000, 0x00000000f0559000, 0x0000000100000000)
 Metaspace       used 42513K, capacity 44200K, committed 44288K, reserved 1087488K
  class space    used 5258K, capacity 5606K, committed 5632K, reserved 1048576K
}
2020-11-07T19:55:52.670+0800: 35.819: Application time: 0.0056479 seconds
2020-11-07T19:55:52.670+0800: 35.820: [GC (CMS Initial Mark) [1 CMS-initial-mark: 35086K(58084K)] 37093K(67300K), 0.0044630 secs] [Times: user=0.01 sys=0.00, real=0.00 secs] 
2020-11-07T19:55:52.674+0800: 35.824: [CMS-concurrent-mark-start]
2020-11-07T19:55:52.756+0800: 35.905: Application time: 0.0811463 seconds
{Heap before GC invocations=463 (full 60):
 par new generation   total 9216K, used 9216K [0x00000000e3400000, 0x00000000e3e00000, 0x00000000ecca0000)
  eden space 8192K, 100% used [0x00000000e3400000, 0x00000000e3c00000, 0x00000000e3c00000)
  from space 1024K, 100% used [0x00000000e3d00000, 0x00000000e3e00000, 0x00000000e3e00000)
  to   space 1024K,   0% used [0x00000000e3c00000, 0x00000000e3c00000, 0x00000000e3d00000)
 concurrent mark-sweep generation total 58084K, used 35086K [0x00000000ecca0000, 0x00000000f0559000, 0x0000000100000000)
 Metaspace       used 42632K, capacity 44270K, committed 44544K, reserved 1087488K
  class space    used 5264K, capacity 5607K, committed 5632K, reserved 1048576K
2020-11-07T19:55:52.756+0800: 35.905: [GC (Allocation Failure) 2020-11-07T19:55:52.756+0800: 35.905: [ParNew: 9216K->858K(9216K), 0.0251642 secs] 44302K->36266K(67300K), 0.0252437 secs] [Times: user=0.02 sys=0.00, real=0.02 secs] 
Heap after GC invocations=464 (full 60):
 par new generation   total 9216K, used 858K [0x00000000e3400000, 0x00000000e3e00000, 0x00000000ecca0000)
  eden space 8192K,   0% used [0x00000000e3400000, 0x00000000e3400000, 0x00000000e3c00000)
  from space 1024K,  83% used [0x00000000e3c00000, 0x00000000e3cd6940, 0x00000000e3d00000)
  to   space 1024K,   0% used [0x00000000e3d00000, 0x00000000e3d00000, 0x00000000e3e00000)
 concurrent mark-sweep generation total 58084K, used 35408K [0x00000000ecca0000, 0x00000000f0559000, 0x0000000100000000)
 Metaspace       used 42632K, capacity 44270K, committed 44544K, reserved 1087488K
  class space    used 5264K, capacity 5607K, committed 5632K, reserved 1048576K
}
2020-11-07T19:55:52.842+0800: 35.992: Application time: 0.0615361 seconds
{Heap before GC invocations=464 (full 60):
 par new generation   total 9216K, used 9050K [0x00000000e3400000, 0x00000000e3e00000, 0x00000000ecca0000)
  eden space 8192K, 100% used [0x00000000e3400000, 0x00000000e3c00000, 0x00000000e3c00000)
  from space 1024K,  83% used [0x00000000e3c00000, 0x00000000e3cd6940, 0x00000000e3d00000)
  to   space 1024K,   0% used [0x00000000e3d00000, 0x00000000e3d00000, 0x00000000e3e00000)
 concurrent mark-sweep generation total 58084K, used 35408K [0x00000000ecca0000, 0x00000000f0559000, 0x0000000100000000)
 Metaspace       used 42639K, capacity 44270K, committed 44544K, reserved 1087488K
  class space    used 5264K, capacity 5607K, committed 5632K, reserved 1048576K
2020-11-07T19:55:52.843+0800: 35.992: [GC (Allocation Failure) 2020-11-07T19:55:52.843+0800: 35.992: [ParNew: 9050K->192K(9216K), 0.0099076 secs] 44458K->35600K(67300K), 0.0099644 secs] [Times: user=0.00 sys=0.00, real=0.01 secs] 
Heap after GC invocations=465 (full 60):
 par new generation   total 9216K, used 192K [0x00000000e3400000, 0x00000000e3e00000, 0x00000000ecca0000)
  eden space 8192K,   0% used [0x00000000e3400000, 0x00000000e3400000, 0x00000000e3c00000)
  from space 1024K,  18% used [0x00000000e3d00000, 0x00000000e3d30198, 0x00000000e3e00000)
  to   space 1024K,   0% used [0x00000000e3c00000, 0x00000000e3c00000, 0x00000000e3d00000)
 concurrent mark-sweep generation total 58084K, used 35408K [0x00000000ecca0000, 0x00000000f0559000, 0x0000000100000000)
 Metaspace       used 42639K, capacity 44270K, committed 44544K, reserved 1087488K
  class space    used 5264K, capacity 5607K, committed 5632K, reserved 1048576K
}
2020-11-07T19:55:52.855+0800: 36.005: Application time: 0.0022987 seconds
2020-11-07T19:55:52.861+0800: 36.010: Application time: 0.0054521 seconds
2020-11-07T19:55:52.861+0800: 36.010: Application time: 0.0000717 seconds
2020-11-07T19:55:52.866+0800: 36.015: Application time: 0.0048814 seconds
2020-11-07T19:55:52.885+0800: 36.034: [CMS-concurrent-mark: 0.163/0.210 secs] [Times: user=0.21 sys=0.00, real=0.22 secs] 
2020-11-07T19:55:52.885+0800: 36.034: [CMS-concurrent-preclean-start]
2020-11-07T19:55:52.899+0800: 36.048: Application time: 0.0327911 seconds
{Heap before GC invocations=465 (full 60):
 par new generation   total 9216K, used 8384K [0x00000000e3400000, 0x00000000e3e00000, 0x00000000ecca0000)
  eden space 8192K, 100% used [0x00000000e3400000, 0x00000000e3c00000, 0x00000000e3c00000)
  from space 1024K,  18% used [0x00000000e3d00000, 0x00000000e3d30198, 0x00000000e3e00000)
  to   space 1024K,   0% used [0x00000000e3c00000, 0x00000000e3c00000, 0x00000000e3d00000)
 concurrent mark-sweep generation total 58084K, used 35408K [0x00000000ecca0000, 0x00000000f0559000, 0x0000000100000000)
 Metaspace       used 42668K, capacity 44338K, committed 44544K, reserved 1087488K
  class space    used 5268K, capacity 5609K, committed 5632K, reserved 1048576K
2020-11-07T19:55:52.899+0800: 36.049: [GC (Allocation Failure) 2020-11-07T19:55:52.899+0800: 36.049: [ParNew: 8384K->275K(9216K), 0.0318366 secs] 43792K->35683K(67300K), 0.0319143 secs] [Times: user=0.03 sys=0.01, real=0.03 secs] 
Heap after GC invocations=466 (full 60):
 par new generation   total 9216K, used 275K [0x00000000e3400000, 0x00000000e3e00000, 0x00000000ecca0000)
  eden space 8192K,   0% used [0x00000000e3400000, 0x00000000e3400000, 0x00000000e3c00000)
  from space 1024K,  26% used [0x00000000e3c00000, 0x00000000e3c44d60, 0x00000000e3d00000)
  to   space 1024K,   0% used [0x00000000e3d00000, 0x00000000e3d00000, 0x00000000e3e00000)
 concurrent mark-sweep generation total 58084K, used 35408K [0x00000000ecca0000, 0x00000000f0559000, 0x0000000100000000)
 Metaspace       used 42668K, capacity 44338K, committed 44544K, reserved 1087488K
  class space    used 5268K, capacity 5609K, committed 5632K, reserved 1048576K
}
2020-11-07T19:55:52.933+0800: 36.082: [CMS-concurrent-preclean: 0.016/0.048 secs] [Times: user=0.04 sys=0.01, real=0.04 secs] 
2020-11-07T19:55:52.943+0800: 36.092: Application time: 0.0117763 seconds
2020-11-07T19:55:52.943+0800: 36.092: [GC (CMS Final Remark) [YG occupancy: 1094 K (9216 K)]2020-11-07T19:55:52.943+0800: 36.093: [Rescan (parallel) , 0.0146780 secs]2020-11-07T19:55:52.958+0800: 36.107: [weak refs processing, 0.0029393 secs]2020-11-07T19:55:52.961+0800: 36.110: [class unloading, 0.0111401 secs]2020-11-07T19:55:52.972+0800: 36.121: [scrub symbol table, 0.0250533 secs]2020-11-07T19:55:52.997+0800: 36.146: [scrub string table, 0.0010368 secs][1 CMS-remark: 35408K(58084K)] 36502K(67300K), 0.0550858 secs] [Times: user=0.05 sys=0.00, real=0.06 secs] 
2020-11-07T19:55:53.002+0800: 36.151: [CMS-concurrent-sweep-start]
2020-11-07T19:55:53.036+0800: 36.185: Application time: 0.0376424 seconds
2020-11-07T19:55:53.040+0800: 36.189: [CMS-concurrent-sweep: 0.035/0.038 secs] [Times: user=0.04 sys=0.00, real=0.04 secs] 
2020-11-07T19:55:53.040+0800: 36.189: [CMS-concurrent-reset-start]
2020-11-07T19:55:53.041+0800: 36.190: [CMS-concurrent-reset: 0.001/0.001 secs] [Times: user=0.00 sys=0.00, real=0.00 secs] 
2020-11-07T19:55:53.069+0800: 36.219: Application time: 0.0337317 seconds
{Heap before GC invocations=466 (full 60):
 par new generation   total 9216K, used 8467K [0x00000000e3400000, 0x00000000e3e00000, 0x00000000ecca0000)
  eden space 8192K, 100% used [0x00000000e3400000, 0x00000000e3c00000, 0x00000000e3c00000)
  from space 1024K,  26% used [0x00000000e3c00000, 0x00000000e3c44d60, 0x00000000e3d00000)
  to   space 1024K,   0% used [0x00000000e3d00000, 0x00000000e3d00000, 0x00000000e3e00000)
 concurrent mark-sweep generation total 58828K, used 35295K [0x00000000ecca0000, 0x00000000f0613000, 0x0000000100000000)
 Metaspace       used 42685K, capacity 44338K, committed 44544K, reserved 1087488K
  class space    used 5270K, capacity 5609K, committed 5632K, reserved 1048576K
2020-11-07T19:55:53.070+0800: 36.219: [GC (Allocation Failure) 2020-11-07T19:55:53.070+0800: 36.219: [ParNew: 8467K->274K(9216K), 0.0371029 secs] 43763K->35570K(68044K), 0.0371808 secs] [Times: user=0.04 sys=0.00, real=0.04 secs] 
Heap after GC invocations=467 (full 60):
 par new generation   total 9216K, used 274K [0x00000000e3400000, 0x00000000e3e00000, 0x00000000ecca0000)
  eden space 8192K,   0% used [0x00000000e3400000, 0x00000000e3400000, 0x00000000e3c00000)
  from space 1024K,  26% used [0x00000000e3d00000, 0x00000000e3d44a78, 0x00000000e3e00000)
  to   space 1024K,   0% used [0x00000000e3c00000, 0x00000000e3c00000, 0x00000000e3d00000)
 concurrent mark-sweep generation total 58828K, used 35295K [0x00000000ecca0000, 0x00000000f0613000, 0x0000000100000000)
 Metaspace       used 42685K, capacity 44338K, committed 44544K, reserved 1087488K
  class space    used 5270K, capacity 5609K, committed 5632K, reserved 1048576K
}
2020-11-07T19:55:53.116+0800: 36.266: Application time: 0.0093268 seconds
2020-11-07T19:55:53.130+0800: 36.280: Application time: 0.0135437 seconds
{Heap before GC invocations=467 (full 60):
 par new generation   total 9216K, used 8466K [0x00000000e3400000, 0x00000000e3e00000, 0x00000000ecca0000)
  eden space 8192K, 100% used [0x00000000e3400000, 0x00000000e3c00000, 0x00000000e3c00000)
  from space 1024K,  26% used [0x00000000e3d00000, 0x00000000e3d44a78, 0x00000000e3e00000)
  to   space 1024K,   0% used [0x00000000e3c00000, 0x00000000e3c00000, 0x00000000e3d00000)
 concurrent mark-sweep generation total 58828K, used 35295K [0x00000000ecca0000, 0x00000000f0613000, 0x0000000100000000)
 Metaspace       used 42701K, capacity 44338K, committed 44544K, reserved 1087488K
  class space    used 5271K, capacity 5609K, committed 5632K, reserved 1048576K
2020-11-07T19:55:53.130+0800: 36.280: [GC (Allocation Failure) 2020-11-07T19:55:53.130+0800: 36.280: [ParNew: 8466K->312K(9216K), 0.0166940 secs] 43762K->35607K(68044K), 0.0167504 secs] [Times: user=0.01 sys=0.00, real=0.02 secs] 
Heap after GC invocations=468 (full 60):
 par new generation   total 9216K, used 312K [0x00000000e3400000, 0x00000000e3e00000, 0x00000000ecca0000)
  eden space 8192K,   0% used [0x00000000e3400000, 0x00000000e3400000, 0x00000000e3c00000)
  from space 1024K,  30% used [0x00000000e3c00000, 0x00000000e3c4e0e8, 0x00000000e3d00000)
  to   space 1024K,   0% used [0x00000000e3d00000, 0x00000000e3d00000, 0x00000000e3e00000)
 concurrent mark-sweep generation total 58828K, used 35295K [0x00000000ecca0000, 0x00000000f0613000, 0x0000000100000000)
 Metaspace       used 42701K, capacity 44338K, committed 44544K, reserved 1087488K
  class space    used 5271K, capacity 5609K, committed 5632K, reserved 1048576K
}
2020-11-07T19:55:53.150+0800: 36.299: Application time: 0.0029865 seconds
2020-11-07T19:55:53.218+0800: 36.368: Application time: 0.0684790 seconds
2020-11-07T19:55:53.241+0800: 36.391: Application time: 0.0217988 seconds
{Heap before GC invocations=468 (full 60):
 par new generation   total 9216K, used 8504K [0x00000000e3400000, 0x00000000e3e00000, 0x00000000ecca0000)
  eden space 8192K, 100% used [0x00000000e3400000, 0x00000000e3c00000, 0x00000000e3c00000)
  from space 1024K,  30% used [0x00000000e3c00000, 0x00000000e3c4e0e8, 0x00000000e3d00000)
  to   space 1024K,   0% used [0x00000000e3d00000, 0x00000000e3d00000, 0x00000000e3e00000)
 concurrent mark-sweep generation total 58828K, used 35295K [0x00000000ecca0000, 0x00000000f0613000, 0x0000000100000000)
 Metaspace       used 42919K, capacity 44568K, committed 44928K, reserved 1089536K
  class space    used 5298K, capacity 5644K, committed 5760K, reserved 1048576K
2020-11-07T19:55:53.241+0800: 36.391: [GC (Allocation Failure) 2020-11-07T19:55:53.241+0800: 36.391: [ParNew: 8504K->657K(9216K), 0.0185678 secs] 43799K->35952K(68044K), 0.0186234 secs] [Times: user=0.02 sys=0.00, real=0.02 secs] 
Heap after GC invocations=469 (full 60):
 par new generation   total 9216K, used 657K [0x00000000e3400000, 0x00000000e3e00000, 0x00000000ecca0000)
  eden space 8192K,   0% used [0x00000000e3400000, 0x00000000e3400000, 0x00000000e3c00000)
  from space 1024K,  64% used [0x00000000e3d00000, 0x00000000e3da44f0, 0x00000000e3e00000)
  to   space 1024K,   0% used [0x00000000e3c00000, 0x00000000e3c00000, 0x00000000e3d00000)
 concurrent mark-sweep generation total 58828K, used 35295K [0x00000000ecca0000, 0x00000000f0613000, 0x0000000100000000)
 Metaspace       used 42919K, capacity 44568K, committed 44928K, reserved 1089536K
  class space    used 5298K, capacity 5644K, committed 5760K, reserved 1048576K
}
2020-11-07T19:55:53.309+0800: 36.459: Application time: 0.0491011 seconds
{Heap before GC invocations=469 (full 60):
 par new generation   total 9216K, used 8849K [0x00000000e3400000, 0x00000000e3e00000, 0x00000000ecca0000)
  eden space 8192K, 100% used [0x00000000e3400000, 0x00000000e3c00000, 0x00000000e3c00000)
  from space 1024K,  64% used [0x00000000e3d00000, 0x00000000e3da44f0, 0x00000000e3e00000)
  to   space 1024K,   0% used [0x00000000e3c00000, 0x00000000e3c00000, 0x00000000e3d00000)
 concurrent mark-sweep generation total 58828K, used 35295K [0x00000000ecca0000, 0x00000000f0613000, 0x0000000100000000)
 Metaspace       used 42955K, capacity 44632K, committed 44928K, reserved 1089536K
  class space    used 5302K, capacity 5644K, committed 5760K, reserved 1048576K
2020-11-07T19:55:53.309+0800: 36.459: [GC (Allocation Failure) 2020-11-07T19:55:53.309+0800: 36.459: [ParNew: 8849K->551K(9216K), 0.0246212 secs] 44144K->35937K(68044K), 0.0246783 secs] [Times: user=0.03 sys=0.00, real=0.02 secs] 
Heap after GC invocations=470 (full 60):
 par new generation   total 9216K, used 551K [0x00000000e3400000, 0x00000000e3e00000, 0x00000000ecca0000)
  eden space 8192K,   0% used [0x00000000e3400000, 0x00000000e3400000, 0x00000000e3c00000)
  from space 1024K,  53% used [0x00000000e3c00000, 0x00000000e3c89c38, 0x00000000e3d00000)
  to   space 1024K,   0% used [0x00000000e3d00000, 0x00000000e3d00000, 0x00000000e3e00000)
 concurrent mark-sweep generation total 58828K, used 35386K [0x00000000ecca0000, 0x00000000f0613000, 0x0000000100000000)
 Metaspace       used 42955K, capacity 44632K, committed 44928K, reserved 1089536K
  class space    used 5302K, capacity 5644K, committed 5760K, reserved 1048576K
}
2020-11-07T19:55:53.340+0800: 36.489: Application time: 0.0056752 seconds
2020-11-07T19:55:53.340+0800: 36.489: [GC (CMS Initial Mark) [1 CMS-initial-mark: 35386K(58828K)] 40694K(68044K), 0.0060691 secs] [Times: user=0.01 sys=0.00, real=0.01 secs] 
2020-11-07T19:55:53.346+0800: 36.496: [CMS-concurrent-mark-start]
2020-11-07T19:55:53.377+0800: 36.526: Application time: 0.0307058 seconds
2020-11-07T19:55:53.389+0800: 36.539: Application time: 0.0128515 seconds
{Heap before GC invocations=470 (full 61):
 par new generation   total 9216K, used 8743K [0x00000000e3400000, 0x00000000e3e00000, 0x00000000ecca0000)
  eden space 8192K, 100% used [0x00000000e3400000, 0x00000000e3c00000, 0x00000000e3c00000)
  from space 1024K,  53% used [0x00000000e3c00000, 0x00000000e3c89c38, 0x00000000e3d00000)
  to   space 1024K,   0% used [0x00000000e3d00000, 0x00000000e3d00000, 0x00000000e3e00000)
 concurrent mark-sweep generation total 58828K, used 35386K [0x00000000ecca0000, 0x00000000f0613000, 0x0000000100000000)
 Metaspace       used 42970K, capacity 44632K, committed 44928K, reserved 1089536K
  class space    used 5303K, capacity 5644K, committed 5760K, reserved 1048576K
2020-11-07T19:55:53.390+0800: 36.539: [GC (Allocation Failure) 2020-11-07T19:55:53.390+0800: 36.539: [ParNew: 8743K->451K(9216K), 0.0067108 secs] 44129K->35837K(68044K), 0.0068110 secs] [Times: user=0.01 sys=0.00, real=0.01 secs] 
Heap after GC invocations=471 (full 61):
 par new generation   total 9216K, used 451K [0x00000000e3400000, 0x00000000e3e00000, 0x00000000ecca0000)
  eden space 8192K,   0% used [0x00000000e3400000, 0x00000000e3400000, 0x00000000e3c00000)
  from space 1024K,  44% used [0x00000000e3d00000, 0x00000000e3d70ca8, 0x00000000e3e00000)
  to   space 1024K,   0% used [0x00000000e3c00000, 0x00000000e3c00000, 0x00000000e3d00000)
 concurrent mark-sweep generation total 58828K, used 35386K [0x00000000ecca0000, 0x00000000f0613000, 0x0000000100000000)
 Metaspace       used 42970K, capacity 44632K, committed 44928K, reserved 1089536K
  class space    used 5303K, capacity 5644K, committed 5760K, reserved 1048576K
}
2020-11-07T19:55:53.417+0800: 36.566: Application time: 0.0202456 seconds
2020-11-07T19:55:53.425+0800: 36.574: Application time: 0.0076485 seconds
2020-11-07T19:55:53.432+0800: 36.582: Application time: 0.0075300 seconds
{Heap before GC invocations=471 (full 61):
 par new generation   total 9216K, used 8643K [0x00000000e3400000, 0x00000000e3e00000, 0x00000000ecca0000)
  eden space 8192K, 100% used [0x00000000e3400000, 0x00000000e3c00000, 0x00000000e3c00000)
  from space 1024K,  44% used [0x00000000e3d00000, 0x00000000e3d70ca8, 0x00000000e3e00000)
  to   space 1024K,   0% used [0x00000000e3c00000, 0x00000000e3c00000, 0x00000000e3d00000)
 concurrent mark-sweep generation total 58828K, used 35386K [0x00000000ecca0000, 0x00000000f0613000, 0x0000000100000000)
 Metaspace       used 42973K, capacity 44632K, committed 44928K, reserved 1089536K
  class space    used 5303K, capacity 5644K, committed 5760K, reserved 1048576K
2020-11-07T19:55:53.432+0800: 36.582: [GC (Allocation Failure) 2020-11-07T19:55:53.432+0800: 36.582: [ParNew: 8643K->600K(9216K), 0.2382662 secs] 44029K->35986K(68044K), 0.2383380 secs] [Times: user=0.23 sys=0.01, real=0.24 secs] 
Heap after GC invocations=472 (full 61):
 par new generation   total 9216K, used 600K [0x00000000e3400000, 0x00000000e3e00000, 0x00000000ecca0000)
  eden space 8192K,   0% used [0x00000000e3400000, 0x00000000e3400000, 0x00000000e3c00000)
  from space 1024K,  58% used [0x00000000e3c00000, 0x00000000e3c96360, 0x00000000e3d00000)
  to   space 1024K,   0% used [0x00000000e3d00000, 0x00000000e3d00000, 0x00000000e3e00000)
 concurrent mark-sweep generation total 58828K, used 35386K [0x00000000ecca0000, 0x00000000f0613000, 0x0000000100000000)
 Metaspace       used 42973K, capacity 44632K, committed 44928K, reserved 1089536K
  class space    used 5303K, capacity 5644K, committed 5760K, reserved 1048576K
}
2020-11-07T19:55:53.694+0800: 36.844: Application time: 0.0233110 seconds
2020-11-07T19:55:53.725+0800: 36.875: Application time: 0.0313376 seconds
2020-11-07T19:55:53.730+0800: 36.880: Application time: 0.0045101 seconds
{Heap before GC invocations=472 (full 61):
 par new generation   total 9216K, used 8792K [0x00000000e3400000, 0x00000000e3e00000, 0x00000000ecca0000)
  eden space 8192K, 100% used [0x00000000e3400000, 0x00000000e3c00000, 0x00000000e3c00000)
  from space 1024K,  58% used [0x00000000e3c00000, 0x00000000e3c96360, 0x00000000e3d00000)
  to   space 1024K,   0% used [0x00000000e3d00000, 0x00000000e3d00000, 0x00000000e3e00000)
 concurrent mark-sweep generation total 58828K, used 35386K [0x00000000ecca0000, 0x00000000f0613000, 0x0000000100000000)
 Metaspace       used 42986K, capacity 44632K, committed 44928K, reserved 1089536K
  class space    used 5303K, capacity 5644K, committed 5760K, reserved 1048576K
2020-11-07T19:55:53.730+0800: 36.880: [GC (Allocation Failure) 2020-11-07T19:55:53.730+0800: 36.880: [ParNew: 8792K->631K(9216K), 0.0275732 secs] 44178K->36018K(68044K), 0.0276459 secs] [Times: user=0.03 sys=0.00, real=0.03 secs] 
Heap after GC invocations=473 (full 61):
 par new generation   total 9216K, used 631K [0x00000000e3400000, 0x00000000e3e00000, 0x00000000ecca0000)
  eden space 8192K,   0% used [0x00000000e3400000, 0x00000000e3400000, 0x00000000e3c00000)
  from space 1024K,  61% used [0x00000000e3d00000, 0x00000000e3d9dfb0, 0x00000000e3e00000)
  to   space 1024K,   0% used [0x00000000e3c00000, 0x00000000e3c00000, 0x00000000e3d00000)
 concurrent mark-sweep generation total 58828K, used 35386K [0x00000000ecca0000, 0x00000000f0613000, 0x0000000100000000)
 Metaspace       used 42986K, capacity 44632K, committed 44928K, reserved 1089536K
  class space    used 5303K, capacity 5644K, committed 5760K, reserved 1048576K
}
2020-11-07T19:55:53.810+0800: 36.960: Application time: 0.0524706 seconds
{Heap before GC invocations=473 (full 61):
 par new generation   total 9216K, used 8823K [0x00000000e3400000, 0x00000000e3e00000, 0x00000000ecca0000)
  eden space 8192K, 100% used [0x00000000e3400000, 0x00000000e3c00000, 0x00000000e3c00000)
  from space 1024K,  61% used [0x00000000e3d00000, 0x00000000e3d9dfb0, 0x00000000e3e00000)
  to   space 1024K,   0% used [0x00000000e3c00000, 0x00000000e3c00000, 0x00000000e3d00000)
 concurrent mark-sweep generation total 58828K, used 35386K [0x00000000ecca0000, 0x00000000f0613000, 0x0000000100000000)
 Metaspace       used 42987K, capacity 44632K, committed 44928K, reserved 1089536K
  class space    used 5303K, capacity 5644K, committed 5760K, reserved 1048576K
2020-11-07T19:55:53.811+0800: 36.960: [GC (Allocation Failure) 2020-11-07T19:55:53.811+0800: 36.960: [ParNew: 8823K->698K(9216K), 0.0163998 secs] 44210K->36109K(68044K), 0.0164593 secs] [Times: user=0.02 sys=0.00, real=0.02 secs] 
Heap after GC invocations=474 (full 61):
 par new generation   total 9216K, used 698K [0x00000000e3400000, 0x00000000e3e00000, 0x00000000ecca0000)
  eden space 8192K,   0% used [0x00000000e3400000, 0x00000000e3400000, 0x00000000e3c00000)
  from space 1024K,  68% used [0x00000000e3c00000, 0x00000000e3caeb40, 0x00000000e3d00000)
  to   space 1024K,   0% used [0x00000000e3d00000, 0x00000000e3d00000, 0x00000000e3e00000)
 concurrent mark-sweep generation total 58828K, used 35411K [0x00000000ecca0000, 0x00000000f0613000, 0x0000000100000000)
 Metaspace       used 42987K, capacity 44632K, committed 44928K, reserved 1089536K
  class space    used 5303K, capacity 5644K, committed 5760K, reserved 1048576K
}
2020-11-07T19:55:53.835+0800: 36.985: Application time: 0.0075933 seconds
2020-11-07T19:55:53.863+0800: 37.012: [CMS-concurrent-mark: 0.185/0.517 secs] [Times: user=0.50 sys=0.01, real=0.51 secs] 
2020-11-07T19:55:53.863+0800: 37.013: [CMS-concurrent-preclean-start]
2020-11-07T19:55:53.870+0800: 37.020: [CMS-concurrent-preclean: 0.007/0.007 secs] [Times: user=0.01 sys=0.00, real=0.01 secs] 
2020-11-07T19:55:53.870+0800: 37.020: [CMS-concurrent-abortable-preclean-start]
2020-11-07T19:55:53.880+0800: 37.030: Application time: 0.0450001 seconds
2020-11-07T19:55:53.888+0800: 37.038: Application time: 0.0079256 seconds
{Heap before GC invocations=474 (full 61):
 par new generation   total 9216K, used 8890K [0x00000000e3400000, 0x00000000e3e00000, 0x00000000ecca0000)
  eden space 8192K, 100% used [0x00000000e3400000, 0x00000000e3c00000, 0x00000000e3c00000)
  from space 1024K,  68% used [0x00000000e3c00000, 0x00000000e3caeb40, 0x00000000e3d00000)
  to   space 1024K,   0% used [0x00000000e3d00000, 0x00000000e3d00000, 0x00000000e3e00000)
 concurrent mark-sweep generation total 58828K, used 35411K [0x00000000ecca0000, 0x00000000f0613000, 0x0000000100000000)
 Metaspace       used 43008K, capacity 44632K, committed 44928K, reserved 1089536K
  class space    used 5305K, capacity 5644K, committed 5760K, reserved 1048576K
2020-11-07T19:55:53.888+0800: 37.038: [GC (Allocation Failure) 2020-11-07T19:55:53.888+0800: 37.038: [ParNew2020-11-07T19:55:53.905+0800: 37.055: [CMS-concurrent-abortable-preclean: 0.005/0.035 secs] [Times: user=0.03 sys=0.00, real=0.04 secs] 
: 8890K->663K(9216K), 0.0290262 secs] 44301K->36115K(68044K), 0.0291194 secs] [Times: user=0.02 sys=0.00, real=0.03 secs] 
Heap after GC invocations=475 (full 61):
 par new generation   total 9216K, used 663K [0x00000000e3400000, 0x00000000e3e00000, 0x00000000ecca0000)
  eden space 8192K,   0% used [0x00000000e3400000, 0x00000000e3400000, 0x00000000e3c00000)
  from space 1024K,  64% used [0x00000000e3d00000, 0x00000000e3da5de0, 0x00000000e3e00000)
  to   space 1024K,   0% used [0x00000000e3c00000, 0x00000000e3c00000, 0x00000000e3d00000)
 concurrent mark-sweep generation total 58828K, used 35451K [0x00000000ecca0000, 0x00000000f0613000, 0x0000000100000000)
 Metaspace       used 43008K, capacity 44632K, committed 44928K, reserved 1089536K
  class space    used 5305K, capacity 5644K, committed 5760K, reserved 1048576K
}
2020-11-07T19:55:53.923+0800: 37.072: Application time: 0.0053093 seconds
2020-11-07T19:55:53.923+0800: 37.072: [GC (CMS Final Remark) [YG occupancy: 4761 K (9216 K)]2020-11-07T19:55:53.923+0800: 37.072: [Rescan (parallel) , 0.0198163 secs]2020-11-07T19:55:53.943+0800: 37.092: [weak refs processing, 0.0008140 secs]2020-11-07T19:55:53.943+0800: 37.093: [class unloading, 0.0147037 secs]2020-11-07T19:55:53.958+0800: 37.108: [scrub symbol table, 0.0153862 secs]2020-11-07T19:55:53.974+0800: 37.123: [scrub string table, 0.0009499 secs][1 CMS-remark: 35451K(58828K)] 40213K(68044K), 0.0518892 secs] [Times: user=0.05 sys=0.00, real=0.06 secs] 
2020-11-07T19:55:53.983+0800: 37.132: [CMS-concurrent-sweep-start]
2020-11-07T19:55:53.987+0800: 37.136: Application time: 0.0120631 seconds
2020-11-07T19:55:54.015+0800: 37.165: Application time: 0.0286006 seconds
{Heap before GC invocations=475 (full 61):
 par new generation   total 9216K, used 8855K [0x00000000e3400000, 0x00000000e3e00000, 0x00000000ecca0000)
  eden space 8192K, 100% used [0x00000000e3400000, 0x00000000e3c00000, 0x00000000e3c00000)
  from space 1024K,  64% used [0x00000000e3d00000, 0x00000000e3da5de0, 0x00000000e3e00000)
  to   space 1024K,   0% used [0x00000000e3c00000, 0x00000000e3c00000, 0x00000000e3d00000)
 concurrent mark-sweep generation total 58828K, used 35366K [0x00000000ecca0000, 0x00000000f0613000, 0x0000000100000000)
 Metaspace       used 43009K, capacity 44632K, committed 44928K, reserved 1089536K
  class space    used 5305K, capacity 5644K, committed 5760K, reserved 1048576K
2020-11-07T19:55:54.016+0800: 37.165: [GC (Allocation Failure) 2020-11-07T19:55:54.016+0800: 37.165: [ParNew: 8855K->604K(9216K), 0.0237980 secs] 44222K->36022K(68044K), 0.0238799 secs] [Times: user=0.02 sys=0.00, real=0.02 secs] 
Heap after GC invocations=476 (full 61):
 par new generation   total 9216K, used 604K [0x00000000e3400000, 0x00000000e3e00000, 0x00000000ecca0000)
  eden space 8192K,   0% used [0x00000000e3400000, 0x00000000e3400000, 0x00000000e3c00000)
  from space 1024K,  59% used [0x00000000e3c00000, 0x00000000e3c97150, 0x00000000e3d00000)
  to   space 1024K,   0% used [0x00000000e3d00000, 0x00000000e3d00000, 0x00000000e3e00000)
 concurrent mark-sweep generation total 58828K, used 35418K [0x00000000ecca0000, 0x00000000f0613000, 0x0000000100000000)
 Metaspace       used 43009K, capacity 44632K, committed 44928K, reserved 1089536K
  class space    used 5305K, capacity 5644K, committed 5760K, reserved 1048576K
}
2020-11-07T19:55:54.046+0800: 37.196: [CMS-concurrent-sweep: 0.030/0.064 secs] [Times: user=0.06 sys=0.00, real=0.07 secs] 
2020-11-07T19:55:54.046+0800: 37.196: [CMS-concurrent-reset-start]
2020-11-07T19:55:54.048+0800: 37.197: [CMS-concurrent-reset: 0.001/0.001 secs] [Times: user=0.00 sys=0.00, real=0.00 secs] 
2020-11-07T19:55:54.048+0800: 37.197: Application time: 0.0079931 seconds
2020-11-07T19:55:54.068+0800: 37.218: Application time: 0.0204210 seconds
2020-11-07T19:55:54.074+0800: 37.224: Application time: 0.0059725 seconds
2020-11-07T19:55:54.079+0800: 37.229: Application time: 0.0045126 seconds
{Heap before GC invocations=476 (full 61):
 par new generation   total 9216K, used 8796K [0x00000000e3400000, 0x00000000e3e00000, 0x00000000ecca0000)
  eden space 8192K, 100% used [0x00000000e3400000, 0x00000000e3c00000, 0x00000000e3c00000)
  from space 1024K,  59% used [0x00000000e3c00000, 0x00000000e3c97150, 0x00000000e3d00000)
  to   space 1024K,   0% used [0x00000000e3d00000, 0x00000000e3d00000, 0x00000000e3e00000)
 concurrent mark-sweep generation total 59020K, used 35364K [0x00000000ecca0000, 0x00000000f0643000, 0x0000000100000000)
 Metaspace       used 43008K, capacity 44620K, committed 44928K, reserved 1089536K
  class space    used 5305K, capacity 5642K, committed 5760K, reserved 1048576K
2020-11-07T19:55:54.079+0800: 37.229: [GC (Allocation Failure) 2020-11-07T19:55:54.079+0800: 37.229: [ParNew: 8796K->587K(9216K), 0.0221441 secs] 44160K->35978K(68236K), 0.0222423 secs] [Times: user=0.03 sys=0.00, real=0.02 secs] 
Heap after GC invocations=477 (full 61):
 par new generation   total 9216K, used 587K [0x00000000e3400000, 0x00000000e3e00000, 0x00000000ecca0000)
  eden space 8192K,   0% used [0x00000000e3400000, 0x00000000e3400000, 0x00000000e3c00000)
  from space 1024K,  57% used [0x00000000e3d00000, 0x00000000e3d92d00, 0x00000000e3e00000)
  to   space 1024K,   0% used [0x00000000e3c00000, 0x00000000e3c00000, 0x00000000e3d00000)
 concurrent mark-sweep generation total 59020K, used 35391K [0x00000000ecca0000, 0x00000000f0643000, 0x0000000100000000)
 Metaspace       used 43008K, capacity 44620K, committed 44928K, reserved 1089536K
  class space    used 5305K, capacity 5642K, committed 5760K, reserved 1048576K
}
2020-11-07T19:55:54.139+0800: 37.289: Application time: 0.0380523 seconds
{Heap before GC invocations=477 (full 61):
 par new generation   total 9216K, used 8779K [0x00000000e3400000, 0x00000000e3e00000, 0x00000000ecca0000)
  eden space 8192K, 100% used [0x00000000e3400000, 0x00000000e3c00000, 0x00000000e3c00000)
  from space 1024K,  57% used [0x00000000e3d00000, 0x00000000e3d92d00, 0x00000000e3e00000)
  to   space 1024K,   0% used [0x00000000e3c00000, 0x00000000e3c00000, 0x00000000e3d00000)
 concurrent mark-sweep generation total 59020K, used 35391K [0x00000000ecca0000, 0x00000000f0643000, 0x0000000100000000)
 Metaspace       used 43014K, capacity 44684K, committed 44928K, reserved 1089536K
  class space    used 5305K, capacity 5642K, committed 5760K, reserved 1048576K
2020-11-07T19:55:54.140+0800: 37.289: [GC (Allocation Failure) 2020-11-07T19:55:54.140+0800: 37.289: [ParNew: 8779K->448K(9216K), 0.0236977 secs] 44170K->35974K(68236K), 0.0237651 secs] [Times: user=0.03 sys=0.00, real=0.02 secs] 
Heap after GC invocations=478 (full 61):
 par new generation   total 9216K, used 448K [0x00000000e3400000, 0x00000000e3e00000, 0x00000000ecca0000)
  eden space 8192K,   0% used [0x00000000e3400000, 0x00000000e3400000, 0x00000000e3c00000)
  from space 1024K,  43% used [0x00000000e3c00000, 0x00000000e3c70120, 0x00000000e3d00000)
  to   space 1024K,   0% used [0x00000000e3d00000, 0x00000000e3d00000, 0x00000000e3e00000)
 concurrent mark-sweep generation total 59020K, used 35525K [0x00000000ecca0000, 0x00000000f0643000, 0x0000000100000000)
 Metaspace       used 43014K, capacity 44684K, committed 44928K, reserved 1089536K
  class space    used 5305K, capacity 5642K, committed 5760K, reserved 1048576K
}
2020-11-07T19:55:54.169+0800: 37.318: Application time: 0.0052321 seconds
2020-11-07T19:55:54.169+0800: 37.318: [GC (CMS Initial Mark) [1 CMS-initial-mark: 35525K(59020K)] 38761K(68236K), 0.0049808 secs] [Times: user=0.01 sys=0.00, real=0.00 secs] 
2020-11-07T19:55:54.182+0800: 37.332: [CMS-concurrent-mark-start]
2020-11-07T19:55:54.224+0800: 37.373: Application time: 0.0496982 seconds
{Heap before GC invocations=478 (full 62):
 par new generation   total 9216K, used 8640K [0x00000000e3400000, 0x00000000e3e00000, 0x00000000ecca0000)
  eden space 8192K, 100% used [0x00000000e3400000, 0x00000000e3c00000, 0x00000000e3c00000)
  from space 1024K,  43% used [0x00000000e3c00000, 0x00000000e3c70120, 0x00000000e3d00000)
  to   space 1024K,   0% used [0x00000000e3d00000, 0x00000000e3d00000, 0x00000000e3e00000)
 concurrent mark-sweep generation total 59020K, used 35525K [0x00000000ecca0000, 0x00000000f0643000, 0x0000000100000000)
 Metaspace       used 43025K, capacity 44684K, committed 44928K, reserved 1089536K
  class space    used 5307K, capacity 5642K, committed 5760K, reserved 1048576K
2020-11-07T19:55:54.224+0800: 37.373: [GC (Allocation Failure) 2020-11-07T19:55:54.224+0800: 37.373: [ParNew: 8640K->485K(9216K), 0.0298210 secs] 44166K->36103K(68236K), 0.0299222 secs] [Times: user=0.03 sys=0.01, real=0.03 secs] 
Heap after GC invocations=479 (full 62):
 par new generation   total 9216K, used 485K [0x00000000e3400000, 0x00000000e3e00000, 0x00000000ecca0000)
  eden space 8192K,   0% used [0x00000000e3400000, 0x00000000e3400000, 0x00000000e3c00000)
  from space 1024K,  47% used [0x00000000e3d00000, 0x00000000e3d79598, 0x00000000e3e00000)
  to   space 1024K,   0% used [0x00000000e3c00000, 0x00000000e3c00000, 0x00000000e3d00000)
 concurrent mark-sweep generation total 59020K, used 35617K [0x00000000ecca0000, 0x00000000f0643000, 0x0000000100000000)
 Metaspace       used 43025K, capacity 44684K, committed 44928K, reserved 1089536K
  class space    used 5307K, capacity 5642K, committed 5760K, reserved 1048576K
}
2020-11-07T19:55:54.306+0800: 37.455: Application time: 0.0519197 seconds
2020-11-07T19:55:54.357+0800: 37.506: Application time: 0.0507658 seconds
{Heap before GC invocations=479 (full 62):
 par new generation   total 9216K, used 8677K [0x00000000e3400000, 0x00000000e3e00000, 0x00000000ecca0000)
  eden space 8192K, 100% used [0x00000000e3400000, 0x00000000e3c00000, 0x00000000e3c00000)
  from space 1024K,  47% used [0x00000000e3d00000, 0x00000000e3d79598, 0x00000000e3e00000)
  to   space 1024K,   0% used [0x00000000e3c00000, 0x00000000e3c00000, 0x00000000e3d00000)
 concurrent mark-sweep generation total 59020K, used 35617K [0x00000000ecca0000, 0x00000000f0643000, 0x0000000100000000)
 Metaspace       used 43042K, capacity 44752K, committed 44928K, reserved 1089536K
  class space    used 5309K, capacity 5642K, committed 5760K, reserved 1048576K
2020-11-07T19:55:54.357+0800: 37.506: [GC (Allocation Failure) 2020-11-07T19:55:54.357+0800: 37.506: [ParNew: 8677K->501K(9216K), 0.0157736 secs] 44295K->36142K(68236K), 0.0158359 secs] [Times: user=0.01 sys=0.00, real=0.01 secs] 
Heap after GC invocations=480 (full 62):
 par new generation   total 9216K, used 501K [0x00000000e3400000, 0x00000000e3e00000, 0x00000000ecca0000)
  eden space 8192K,   0% used [0x00000000e3400000, 0x00000000e3400000, 0x00000000e3c00000)
  from space 1024K,  48% used [0x00000000e3c00000, 0x00000000e3c7d640, 0x00000000e3d00000)
  to   space 1024K,   0% used [0x00000000e3d00000, 0x00000000e3d00000, 0x00000000e3e00000)
 concurrent mark-sweep generation total 59020K, used 35640K [0x00000000ecca0000, 0x00000000f0643000, 0x0000000100000000)
 Metaspace       used 43042K, capacity 44752K, committed 44928K, reserved 1089536K
  class space    used 5309K, capacity 5642K, committed 5760K, reserved 1048576K
}
2020-11-07T19:55:54.430+0800: 37.580: Application time: 0.0574235 seconds
{Heap before GC invocations=480 (full 62):
 par new generation   total 9216K, used 8693K [0x00000000e3400000, 0x00000000e3e00000, 0x00000000ecca0000)
  eden space 8192K, 100% used [0x00000000e3400000, 0x00000000e3c00000, 0x00000000e3c00000)
  from space 1024K,  48% used [0x00000000e3c00000, 0x00000000e3c7d640, 0x00000000e3d00000)
  to   space 1024K,   0% used [0x00000000e3d00000, 0x00000000e3d00000, 0x00000000e3e00000)
 concurrent mark-sweep generation total 59020K, used 35640K [0x00000000ecca0000, 0x00000000f0643000, 0x0000000100000000)
 Metaspace       used 43043K, capacity 44752K, committed 44928K, reserved 1089536K
  class space    used 5309K, capacity 5642K, committed 5760K, reserved 1048576K
2020-11-07T19:55:54.430+0800: 37.580: [GC (Allocation Failure) 2020-11-07T19:55:54.430+0800: 37.580: [ParNew: 8693K->522K(9216K), 0.0258216 secs] 44334K->36187K(68236K), 0.0258985 secs] [Times: user=0.02 sys=0.00, real=0.03 secs] 
Heap after GC invocations=481 (full 62):
 par new generation   total 9216K, used 522K [0x00000000e3400000, 0x00000000e3e00000, 0x00000000ecca0000)
  eden space 8192K,   0% used [0x00000000e3400000, 0x00000000e3400000, 0x00000000e3c00000)
  from space 1024K,  51% used [0x00000000e3d00000, 0x00000000e3d82ac0, 0x00000000e3e00000)
  to   space 1024K,   0% used [0x00000000e3c00000, 0x00000000e3c00000, 0x00000000e3d00000)
 concurrent mark-sweep generation total 59020K, used 35665K [0x00000000ecca0000, 0x00000000f0643000, 0x0000000100000000)
 Metaspace       used 43043K, capacity 44752K, committed 44928K, reserved 1089536K
  class space    used 5309K, capacity 5642K, committed 5760K, reserved 1048576K
}
2020-11-07T19:55:54.462+0800: 37.612: Application time: 0.0061344 seconds
2020-11-07T19:55:54.465+0800: 37.614: [CMS-concurrent-mark: 0.191/0.282 secs] [Times: user=0.27 sys=0.01, real=0.29 secs] 
2020-11-07T19:55:54.465+0800: 37.614: [CMS-concurrent-preclean-start]
2020-11-07T19:55:54.468+0800: 37.617: [CMS-concurrent-preclean: 0.003/0.003 secs] [Times: user=0.00 sys=0.00, real=0.00 secs] 
2020-11-07T19:55:54.468+0800: 37.617: [CMS-concurrent-abortable-preclean-start]
2020-11-07T19:55:54.483+0800: 37.633: Application time: 0.0207523 seconds
2020-11-07T19:55:54.497+0800: 37.647: Application time: 0.0138604 seconds
2020-11-07T19:55:54.497+0800: 37.647: Application time: 0.0000388 seconds
2020-11-07T19:55:54.518+0800: 37.668: Application time: 0.0205203 seconds
{Heap before GC invocations=481 (full 62):
 par new generation   total 9216K, used 8714K [0x00000000e3400000, 0x00000000e3e00000, 0x00000000ecca0000)
  eden space 8192K, 100% used [0x00000000e3400000, 0x00000000e3c00000, 0x00000000e3c00000)
  from space 1024K,  51% used [0x00000000e3d00000, 0x00000000e3d82ac0, 0x00000000e3e00000)
  to   space 1024K,   0% used [0x00000000e3c00000, 0x00000000e3c00000, 0x00000000e3d00000)
 concurrent mark-sweep generation total 59020K, used 35665K [0x00000000ecca0000, 0x00000000f0643000, 0x0000000100000000)
 Metaspace       used 43114K, capacity 44766K, committed 45184K, reserved 1089536K
  class space    used 5319K, capacity 5645K, committed 5760K, reserved 1048576K
2020-11-07T19:55:54.518+0800: 37.668: [GC (Allocation Failure) 2020-11-07T19:55:54.518+0800: 37.668: [ParNew: 8714K->453K(9216K), 0.0083008 secs] 44379K->36168K(68236K), 0.0083571 secs] [Times: user=0.01 sys=0.00, real=0.01 secs] 
Heap after GC invocations=482 (full 62):
 par new generation   total 9216K, used 453K [0x00000000e3400000, 0x00000000e3e00000, 0x00000000ecca0000)
  eden space 8192K,   0% used [0x00000000e3400000, 0x00000000e3400000, 0x00000000e3c00000)
  from space 1024K,  44% used [0x00000000e3c00000, 0x00000000e3c71600, 0x00000000e3d00000)
  to   space 1024K,   0% used [0x00000000e3d00000, 0x00000000e3d00000, 0x00000000e3e00000)
 concurrent mark-sweep generation total 59020K, used 35714K [0x00000000ecca0000, 0x00000000f0643000, 0x0000000100000000)
 Metaspace       used 43114K, capacity 44766K, committed 45184K, reserved 1089536K
  class space    used 5319K, capacity 5645K, committed 5760K, reserved 1048576K
}
2020-11-07T19:55:54.559+0800: 37.708: [CMS-concurrent-abortable-preclean: 0.050/0.091 secs] [Times: user=0.09 sys=0.00, real=0.09 secs] 
2020-11-07T19:55:54.569+0800: 37.719: Application time: 0.0430202 seconds
2020-11-07T19:55:54.570+0800: 37.719: [GC (CMS Final Remark) [YG occupancy: 4715 K (9216 K)]2020-11-07T19:55:54.570+0800: 37.719: [Rescan (parallel) , 0.0305697 secs]2020-11-07T19:55:54.600+0800: 37.750: [weak refs processing, 0.0004856 secs]2020-11-07T19:55:54.601+0800: 37.751: [class unloading, 0.0144317 secs]2020-11-07T19:55:54.615+0800: 37.765: [scrub symbol table, 0.0155991 secs]2020-11-07T19:55:54.631+0800: 37.781: [scrub string table, 0.0009621 secs][1 CMS-remark: 35714K(59020K)] 40430K(68236K), 0.0622780 secs] [Times: user=0.06 sys=0.00, real=0.06 secs] 
2020-11-07T19:55:54.648+0800: 37.797: [CMS-concurrent-sweep-start]
2020-11-07T19:55:54.657+0800: 37.806: Application time: 0.0245774 seconds
{Heap before GC invocations=482 (full 62):
 par new generation   total 9216K, used 8645K [0x00000000e3400000, 0x00000000e3e00000, 0x00000000ecca0000)
  eden space 8192K, 100% used [0x00000000e3400000, 0x00000000e3c00000, 0x00000000e3c00000)
  from space 1024K,  44% used [0x00000000e3c00000, 0x00000000e3c71600, 0x00000000e3d00000)
  to   space 1024K,   0% used [0x00000000e3d00000, 0x00000000e3d00000, 0x00000000e3e00000)
 concurrent mark-sweep generation total 59020K, used 35712K [0x00000000ecca0000, 0x00000000f0643000, 0x0000000100000000)
 Metaspace       used 43115K, capacity 44766K, committed 45184K, reserved 1089536K
  class space    used 5319K, capacity 5645K, committed 5760K, reserved 1048576K
2020-11-07T19:55:54.657+0800: 37.806: [GC (Allocation Failure) 2020-11-07T19:55:54.657+0800: 37.806: [ParNew: 8645K->523K(9216K), 0.0409493 secs] 44357K->36259K(68236K), 0.0410335 secs] [Times: user=0.04 sys=0.00, real=0.04 secs] 
Heap after GC invocations=483 (full 62):
 par new generation   total 9216K, used 523K [0x00000000e3400000, 0x00000000e3e00000, 0x00000000ecca0000)
  eden space 8192K,   0% used [0x00000000e3400000, 0x00000000e3400000, 0x00000000e3c00000)
  from space 1024K,  51% used [0x00000000e3d00000, 0x00000000e3d82ed0, 0x00000000e3e00000)
  to   space 1024K,   0% used [0x00000000e3c00000, 0x00000000e3c00000, 0x00000000e3d00000)
 concurrent mark-sweep generation total 59020K, used 35735K [0x00000000ecca0000, 0x00000000f0643000, 0x0000000100000000)
 Metaspace       used 43115K, capacity 44766K, committed 45184K, reserved 1089536K
  class space    used 5319K, capacity 5645K, committed 5760K, reserved 1048576K
}
2020-11-07T19:55:54.709+0800: 37.858: Application time: 0.0106659 seconds
2020-11-07T19:55:54.722+0800: 37.871: [CMS-concurrent-sweep: 0.016/0.074 secs] [Times: user=0.07 sys=0.00, real=0.07 secs] 
2020-11-07T19:55:54.722+0800: 37.872: [CMS-concurrent-reset-start]
2020-11-07T19:55:54.723+0800: 37.873: [CMS-concurrent-reset: 0.001/0.001 secs] [Times: user=0.00 sys=0.00, real=0.00 secs] 
2020-11-07T19:55:54.745+0800: 37.895: Application time: 0.0366583 seconds
2020-11-07T19:55:54.786+0800: 37.936: Application time: 0.0398265 seconds
2020-11-07T19:55:54.896+0800: 38.046: Application time: 0.1090955 seconds
{Heap before GC invocations=483 (full 62):
 par new generation   total 9216K, used 8715K [0x00000000e3400000, 0x00000000e3e00000, 0x00000000ecca0000)
  eden space 8192K, 100% used [0x00000000e3400000, 0x00000000e3c00000, 0x00000000e3c00000)
  from space 1024K,  51% used [0x00000000e3d00000, 0x00000000e3d82ed0, 0x00000000e3e00000)
  to   space 1024K,   0% used [0x00000000e3c00000, 0x00000000e3c00000, 0x00000000e3d00000)
 concurrent mark-sweep generation total 59528K, used 35715K [0x00000000ecca0000, 0x00000000f06c2000, 0x0000000100000000)
 Metaspace       used 43495K, capacity 45456K, committed 45568K, reserved 1089536K
  class space    used 5405K, capacity 5812K, committed 5888K, reserved 1048576K
2020-11-07T19:55:54.896+0800: 38.046: [GC (Allocation Failure) 2020-11-07T19:55:54.896+0800: 38.046: [ParNew: 8715K->746K(9216K), 0.0427975 secs] 44431K->36501K(68744K), 0.0428990 secs] [Times: user=0.04 sys=0.00, real=0.04 secs] 
Heap after GC invocations=484 (full 62):
 par new generation   total 9216K, used 746K [0x00000000e3400000, 0x00000000e3e00000, 0x00000000ecca0000)
  eden space 8192K,   0% used [0x00000000e3400000, 0x00000000e3400000, 0x00000000e3c00000)
  from space 1024K,  72% used [0x00000000e3c00000, 0x00000000e3cbaac8, 0x00000000e3d00000)
  to   space 1024K,   0% used [0x00000000e3d00000, 0x00000000e3d00000, 0x00000000e3e00000)
 concurrent mark-sweep generation total 59528K, used 35754K [0x00000000ecca0000, 0x00000000f06c2000, 0x0000000100000000)
 Metaspace       used 43495K, capacity 45456K, committed 45568K, reserved 1089536K
  class space    used 5405K, capacity 5812K, committed 5888K, reserved 1048576K
}
2020-11-07T19:55:54.957+0800: 38.107: Application time: 0.0178622 seconds
2020-11-07T19:55:54.957+0800: 38.107: [GC (CMS Initial Mark) [1 CMS-initial-mark: 35754K(59528K)] 37659K(68744K), 0.0050991 secs] [Times: user=0.01 sys=0.00, real=0.00 secs] 
2020-11-07T19:55:54.962+0800: 38.112: [CMS-concurrent-mark-start]
2020-11-07T19:55:54.978+0800: 38.127: Application time: 0.0153913 seconds
2020-11-07T19:55:54.989+0800: 38.138: Application time: 0.0105469 seconds
2020-11-07T19:55:55.008+0800: 38.158: Application time: 0.0092468 seconds
{Heap before GC invocations=484 (full 63):
 par new generation   total 9216K, used 8938K [0x00000000e3400000, 0x00000000e3e00000, 0x00000000ecca0000)
  eden space 8192K, 100% used [0x00000000e3400000, 0x00000000e3c00000, 0x00000000e3c00000)
  from space 1024K,  72% used [0x00000000e3c00000, 0x00000000e3cbaac8, 0x00000000e3d00000)
  to   space 1024K,   0% used [0x00000000e3d00000, 0x00000000e3d00000, 0x00000000e3e00000)
 concurrent mark-sweep generation total 59528K, used 35754K [0x00000000ecca0000, 0x00000000f06c2000, 0x0000000100000000)
 Metaspace       used 43749K, capacity 45722K, committed 45824K, reserved 1089536K
  class space    used 5440K, capacity 5829K, committed 5888K, reserved 1048576K
2020-11-07T19:55:55.008+0800: 38.158: [GC (Allocation Failure) 2020-11-07T19:55:55.008+0800: 38.158: [ParNew: 8938K->709K(9216K), 0.0285377 secs] 44693K->36639K(68744K), 0.0286165 secs] [Times: user=0.03 sys=0.00, real=0.03 secs] 
Heap after GC invocations=485 (full 63):
 par new generation   total 9216K, used 709K [0x00000000e3400000, 0x00000000e3e00000, 0x00000000ecca0000)
  eden space 8192K,   0% used [0x00000000e3400000, 0x00000000e3400000, 0x00000000e3c00000)
  from space 1024K,  69% used [0x00000000e3d00000, 0x00000000e3db14d0, 0x00000000e3e00000)
  to   space 1024K,   0% used [0x00000000e3c00000, 0x00000000e3c00000, 0x00000000e3d00000)
 concurrent mark-sweep generation total 59528K, used 35929K [0x00000000ecca0000, 0x00000000f06c2000, 0x0000000100000000)
 Metaspace       used 43749K, capacity 45722K, committed 45824K, reserved 1089536K
  class space    used 5440K, capacity 5829K, committed 5888K, reserved 1048576K
}
2020-11-07T19:55:55.098+0800: 38.248: Application time: 0.0614689 seconds
{Heap before GC invocations=485 (full 63):
 par new generation   total 9216K, used 8901K [0x00000000e3400000, 0x00000000e3e00000, 0x00000000ecca0000)
  eden space 8192K, 100% used [0x00000000e3400000, 0x00000000e3c00000, 0x00000000e3c00000)
  from space 1024K,  69% used [0x00000000e3d00000, 0x00000000e3db14d0, 0x00000000e3e00000)
  to   space 1024K,   0% used [0x00000000e3c00000, 0x00000000e3c00000, 0x00000000e3d00000)
 concurrent mark-sweep generation total 59528K, used 35929K [0x00000000ecca0000, 0x00000000f06c2000, 0x0000000100000000)
 Metaspace       used 43922K, capacity 45904K, committed 46080K, reserved 1089536K
  class space    used 5467K, capacity 5866K, committed 5888K, reserved 1048576K
2020-11-07T19:55:55.099+0800: 38.248: [GC (Allocation Failure) 2020-11-07T19:55:55.099+0800: 38.248: [ParNew: 8901K->809K(9216K), 0.0670941 secs] 44831K->36861K(68744K), 0.0671576 secs] [Times: user=0.06 sys=0.00, real=0.07 secs] 
Heap after GC invocations=486 (full 63):
 par new generation   total 9216K, used 809K [0x00000000e3400000, 0x00000000e3e00000, 0x00000000ecca0000)
  eden space 8192K,   0% used [0x00000000e3400000, 0x00000000e3400000, 0x00000000e3c00000)
  from space 1024K,  79% used [0x00000000e3c00000, 0x00000000e3cca6b8, 0x00000000e3d00000)
  to   space 1024K,   0% used [0x00000000e3d00000, 0x00000000e3d00000, 0x00000000e3e00000)
 concurrent mark-sweep generation total 59528K, used 36051K [0x00000000ecca0000, 0x00000000f06c2000, 0x0000000100000000)
 Metaspace       used 43922K, capacity 45904K, committed 46080K, reserved 1089536K
  class space    used 5467K, capacity 5866K, committed 5888K, reserved 1048576K
}
2020-11-07T19:55:55.216+0800: 38.365: Application time: 0.0497342 seconds
{Heap before GC invocations=486 (full 63):
 par new generation   total 9216K, used 9001K [0x00000000e3400000, 0x00000000e3e00000, 0x00000000ecca0000)
  eden space 8192K, 100% used [0x00000000e3400000, 0x00000000e3c00000, 0x00000000e3c00000)
  from space 1024K,  79% used [0x00000000e3c00000, 0x00000000e3cca6b8, 0x00000000e3d00000)
  to   space 1024K,   0% used [0x00000000e3d00000, 0x00000000e3d00000, 0x00000000e3e00000)
 concurrent mark-sweep generation total 59528K, used 36051K [0x00000000ecca0000, 0x00000000f06c2000, 0x0000000100000000)
 Metaspace       used 44013K, capacity 45968K, committed 46080K, reserved 1089536K
  class space    used 5484K, capacity 5866K, committed 5888K, reserved 1048576K
2020-11-07T19:55:55.216+0800: 38.366: [GC (Allocation Failure) 2020-11-07T19:55:55.216+0800: 38.366: [ParNew: 9001K->535K(9216K), 0.0319374 secs] 45053K->36586K(68744K), 0.0319962 secs] [Times: user=0.04 sys=0.00, real=0.03 secs] 
Heap after GC invocations=487 (full 63):
 par new generation   total 9216K, used 535K [0x00000000e3400000, 0x00000000e3e00000, 0x00000000ecca0000)
  eden space 8192K,   0% used [0x00000000e3400000, 0x00000000e3400000, 0x00000000e3c00000)
  from space 1024K,  52% used [0x00000000e3d00000, 0x00000000e3d85c98, 0x00000000e3e00000)
  to   space 1024K,   0% used [0x00000000e3c00000, 0x00000000e3c00000, 0x00000000e3d00000)
 concurrent mark-sweep generation total 59528K, used 36051K [0x00000000ecca0000, 0x00000000f06c2000, 0x0000000100000000)
 Metaspace       used 44013K, capacity 45968K, committed 46080K, reserved 1089536K
  class space    used 5484K, capacity 5866K, committed 5888K, reserved 1048576K
}
2020-11-07T19:55:55.268+0800: 38.418: [CMS-concurrent-mark: 0.160/0.305 secs] [Times: user=0.30 sys=0.00, real=0.31 secs] 
2020-11-07T19:55:55.268+0800: 38.418: [CMS-concurrent-preclean-start]
2020-11-07T19:55:55.272+0800: 38.422: [CMS-concurrent-preclean: 0.004/0.004 secs] [Times: user=0.00 sys=0.00, real=0.00 secs] 
2020-11-07T19:55:55.272+0800: 38.422: Application time: 0.0240065 seconds
2020-11-07T19:55:55.272+0800: 38.422: [GC (CMS Final Remark) [YG occupancy: 1183 K (9216 K)]2020-11-07T19:55:55.272+0800: 38.422: [Rescan (parallel) , 0.0185143 secs]2020-11-07T19:55:55.291+0800: 38.440: [weak refs processing, 0.0004675 secs]2020-11-07T19:55:55.291+0800: 38.441: [class unloading, 0.0102326 secs]2020-11-07T19:55:55.301+0800: 38.451: [scrub symbol table, 0.0149235 secs]2020-11-07T19:55:55.316+0800: 38.466: [scrub string table, 0.0009739 secs][1 CMS-remark: 36051K(59528K)] 37235K(68744K), 0.0453138 secs] [Times: user=0.04 sys=0.00, real=0.05 secs] 
2020-11-07T19:55:55.322+0800: 38.471: [CMS-concurrent-sweep-start]
2020-11-07T19:55:55.355+0800: 38.505: [CMS-concurrent-sweep: 0.034/0.034 secs] [Times: user=0.03 sys=0.00, real=0.04 secs] 
2020-11-07T19:55:55.356+0800: 38.505: [CMS-concurrent-reset-start]
2020-11-07T19:55:55.357+0800: 38.506: [CMS-concurrent-reset: 0.001/0.001 secs] [Times: user=0.00 sys=0.00, real=0.00 secs] 
2020-11-07T19:55:55.373+0800: 38.523: Application time: 0.0555183 seconds
{Heap before GC invocations=487 (full 63):
 par new generation   total 9216K, used 8727K [0x00000000e3400000, 0x00000000e3e00000, 0x00000000ecca0000)
  eden space 8192K, 100% used [0x00000000e3400000, 0x00000000e3c00000, 0x00000000e3c00000)
  from space 1024K,  52% used [0x00000000e3d00000, 0x00000000e3d85c98, 0x00000000e3e00000)
  to   space 1024K,   0% used [0x00000000e3c00000, 0x00000000e3c00000, 0x00000000e3d00000)
 concurrent mark-sweep generation total 59528K, used 35712K [0x00000000ecca0000, 0x00000000f06c2000, 0x0000000100000000)
 Metaspace       used 44151K, capacity 46128K, committed 46464K, reserved 1089536K
  class space    used 5502K, capacity 5898K, committed 6016K, reserved 1048576K
2020-11-07T19:55:55.373+0800: 38.523: [GC (Allocation Failure) 2020-11-07T19:55:55.373+0800: 38.523: [ParNew: 8727K->577K(9216K), 0.0447803 secs] 44439K->36289K(68744K), 0.0448691 secs] [Times: user=0.04 sys=0.00, real=0.05 secs] 
Heap after GC invocations=488 (full 63):
 par new generation   total 9216K, used 577K [0x00000000e3400000, 0x00000000e3e00000, 0x00000000ecca0000)
  eden space 8192K,   0% used [0x00000000e3400000, 0x00000000e3400000, 0x00000000e3c00000)
  from space 1024K,  56% used [0x00000000e3c00000, 0x00000000e3c90538, 0x00000000e3d00000)
  to   space 1024K,   0% used [0x00000000e3d00000, 0x00000000e3d00000, 0x00000000e3e00000)
 concurrent mark-sweep generation total 59528K, used 35712K [0x00000000ecca0000, 0x00000000f06c2000, 0x0000000100000000)
 Metaspace       used 44151K, capacity 46128K, committed 46464K, reserved 1089536K
  class space    used 5502K, capacity 5898K, committed 6016K, reserved 1048576K
}
2020-11-07T19:55:55.643+0800: 38.792: Application time: 0.2245571 seconds
2020-11-07T19:55:55.905+0800: 39.055: Application time: 0.0113583 seconds
{Heap before GC invocations=488 (full 63):
 par new generation   total 9216K, used 8769K [0x00000000e3400000, 0x00000000e3e00000, 0x00000000ecca0000)
  eden space 8192K, 100% used [0x00000000e3400000, 0x00000000e3c00000, 0x00000000e3c00000)
  from space 1024K,  56% used [0x00000000e3c00000, 0x00000000e3c90538, 0x00000000e3d00000)
  to   space 1024K,   0% used [0x00000000e3d00000, 0x00000000e3d00000, 0x00000000e3e00000)
 concurrent mark-sweep generation total 59528K, used 35712K [0x00000000ecca0000, 0x00000000f06c2000, 0x0000000100000000)
 Metaspace       used 44212K, capacity 46192K, committed 46464K, reserved 1089536K
  class space    used 5512K, capacity 5898K, committed 6016K, reserved 1048576K
2020-11-07T19:55:55.906+0800: 39.055: [GC (Allocation Failure) 2020-11-07T19:55:55.906+0800: 39.055: [ParNew: 8769K->870K(9216K), 0.0291734 secs] 44481K->36622K(68744K), 0.0292424 secs] [Times: user=0.03 sys=0.00, real=0.03 secs] 
Heap after GC invocations=489 (full 63):
 par new generation   total 9216K, used 870K [0x00000000e3400000, 0x00000000e3e00000, 0x00000000ecca0000)
  eden space 8192K,   0% used [0x00000000e3400000, 0x00000000e3400000, 0x00000000e3c00000)
  from space 1024K,  84% used [0x00000000e3d00000, 0x00000000e3dd9828, 0x00000000e3e00000)
  to   space 1024K,   0% used [0x00000000e3c00000, 0x00000000e3c00000, 0x00000000e3d00000)
 concurrent mark-sweep generation total 59528K, used 35752K [0x00000000ecca0000, 0x00000000f06c2000, 0x0000000100000000)
 Metaspace       used 44212K, capacity 46192K, committed 46464K, reserved 1089536K
  class space    used 5512K, capacity 5898K, committed 6016K, reserved 1048576K
}
2020-11-07T19:55:55.944+0800: 39.093: Application time: 0.0087502 seconds
2020-11-07T19:55:55.944+0800: 39.094: [GC (CMS Initial Mark) [1 CMS-initial-mark: 35752K(59528K)] 38023K(68744K), 0.0046381 secs] [Times: user=0.00 sys=0.00, real=0.01 secs] 
2020-11-07T19:55:55.949+0800: 39.098: [CMS-concurrent-mark-start]
2020-11-07T19:55:56.018+0800: 39.168: Application time: 0.0699657 seconds
{Heap before GC invocations=489 (full 64):
 par new generation   total 9216K, used 9062K [0x00000000e3400000, 0x00000000e3e00000, 0x00000000ecca0000)
  eden space 8192K, 100% used [0x00000000e3400000, 0x00000000e3c00000, 0x00000000e3c00000)
  from space 1024K,  84% used [0x00000000e3d00000, 0x00000000e3dd9828, 0x00000000e3e00000)
  to   space 1024K,   0% used [0x00000000e3c00000, 0x00000000e3c00000, 0x00000000e3d00000)
 concurrent mark-sweep generation total 59528K, used 35752K [0x00000000ecca0000, 0x00000000f06c2000, 0x0000000100000000)
 Metaspace       used 44281K, capacity 46292K, committed 46464K, reserved 1089536K
  class space    used 5528K, capacity 5908K, committed 6016K, reserved 1048576K
2020-11-07T19:55:56.019+0800: 39.168: [GC (Allocation Failure) 2020-11-07T19:55:56.019+0800: 39.168: [ParNew: 9062K->765K(9216K), 0.0249663 secs] 44814K->36724K(68744K), 0.0250534 secs] [Times: user=0.03 sys=0.00, real=0.02 secs] 
Heap after GC invocations=490 (full 64):
 par new generation   total 9216K, used 765K [0x00000000e3400000, 0x00000000e3e00000, 0x00000000ecca0000)
  eden space 8192K,   0% used [0x00000000e3400000, 0x00000000e3400000, 0x00000000e3c00000)
  from space 1024K,  74% used [0x00000000e3c00000, 0x00000000e3cbf7c0, 0x00000000e3d00000)
  to   space 1024K,   0% used [0x00000000e3d00000, 0x00000000e3d00000, 0x00000000e3e00000)
 concurrent mark-sweep generation total 59528K, used 35958K [0x00000000ecca0000, 0x00000000f06c2000, 0x0000000100000000)
 Metaspace       used 44281K, capacity 46292K, committed 46464K, reserved 1089536K
  class space    used 5528K, capacity 5908K, committed 6016K, reserved 1048576K
}
2020-11-07T19:55:56.103+0800: 39.252: Application time: 0.0589913 seconds
{Heap before GC invocations=490 (full 64):
 par new generation   total 9216K, used 8957K [0x00000000e3400000, 0x00000000e3e00000, 0x00000000ecca0000)
  eden space 8192K, 100% used [0x00000000e3400000, 0x00000000e3c00000, 0x00000000e3c00000)
  from space 1024K,  74% used [0x00000000e3c00000, 0x00000000e3cbf7c0, 0x00000000e3d00000)
  to   space 1024K,   0% used [0x00000000e3d00000, 0x00000000e3d00000, 0x00000000e3e00000)
 concurrent mark-sweep generation total 59528K, used 35958K [0x00000000ecca0000, 0x00000000f06c2000, 0x0000000100000000)
 Metaspace       used 44295K, capacity 46296K, committed 46464K, reserved 1089536K
  class space    used 5528K, capacity 5908K, committed 6016K, reserved 1048576K
2020-11-07T19:55:56.103+0800: 39.253: [GC (Allocation Failure) 2020-11-07T19:55:56.103+0800: 39.253: [ParNew: 8957K->692K(9216K), 0.0186426 secs] 44916K->36726K(68744K), 0.0187031 secs] [Times: user=0.01 sys=0.01, real=0.02 secs] 
Heap after GC invocations=491 (full 64):
 par new generation   total 9216K, used 692K [0x00000000e3400000, 0x00000000e3e00000, 0x00000000ecca0000)
  eden space 8192K,   0% used [0x00000000e3400000, 0x00000000e3400000, 0x00000000e3c00000)
  from space 1024K,  67% used [0x00000000e3d00000, 0x00000000e3dad218, 0x00000000e3e00000)
  to   space 1024K,   0% used [0x00000000e3c00000, 0x00000000e3c00000, 0x00000000e3d00000)
 concurrent mark-sweep generation total 59528K, used 36033K [0x00000000ecca0000, 0x00000000f06c2000, 0x0000000100000000)
 Metaspace       used 44295K, capacity 46296K, committed 46464K, reserved 1089536K
  class space    used 5528K, capacity 5908K, committed 6016K, reserved 1048576K
}
2020-11-07T19:55:56.237+0800: 39.387: [CMS-concurrent-mark: 0.235/0.288 secs] [Times: user=0.28 sys=0.01, real=0.29 secs] 
2020-11-07T19:55:56.237+0800: 39.387: [CMS-concurrent-preclean-start]
2020-11-07T19:55:56.241+0800: 39.391: [CMS-concurrent-preclean: 0.004/0.004 secs] [Times: user=0.01 sys=0.00, real=0.00 secs] 
2020-11-07T19:55:56.241+0800: 39.391: [CMS-concurrent-abortable-preclean-start]
2020-11-07T19:55:56.252+0800: 39.402: Application time: 0.1307009 seconds
{Heap before GC invocations=491 (full 64):
 par new generation   total 9216K, used 8884K [0x00000000e3400000, 0x00000000e3e00000, 0x00000000ecca0000)
  eden space 8192K, 100% used [0x00000000e3400000, 0x00000000e3c00000, 0x00000000e3c00000)
  from space 1024K,  67% used [0x00000000e3d00000, 0x00000000e3dad218, 0x00000000e3e00000)
  to   space 1024K,   0% used [0x00000000e3c00000, 0x00000000e3c00000, 0x00000000e3d00000)
 concurrent mark-sweep generation total 59528K, used 36033K [0x00000000ecca0000, 0x00000000f06c2000, 0x0000000100000000)
 Metaspace       used 44434K, capacity 46528K, committed 46720K, reserved 1089536K
  class space    used 5550K, capacity 5984K, committed 6016K, reserved 1048576K
2020-11-07T19:55:56.253+0800: 39.402: [GC (Allocation Failure) 2020-11-07T19:55:56.253+0800: 39.402: [ParNew: 8884K->777K(9216K), 0.0290410 secs] 44918K->36884K(68744K), 0.0291166 secs] [Times: user=0.03 sys=0.00, real=0.03 secs] 
Heap after GC invocations=492 (full 64):
 par new generation   total 9216K, used 777K [0x00000000e3400000, 0x00000000e3e00000, 0x00000000ecca0000)
  eden space 8192K,   0% used [0x00000000e3400000, 0x00000000e3400000, 0x00000000e3c00000)
  from space 1024K,  75% used [0x00000000e3c00000, 0x00000000e3cc2420, 0x00000000e3d00000)
  to   space 1024K,   0% used [0x00000000e3d00000, 0x00000000e3d00000, 0x00000000e3e00000)
 concurrent mark-sweep generation total 59528K, used 36107K [0x00000000ecca0000, 0x00000000f06c2000, 0x0000000100000000)
 Metaspace       used 44434K, capacity 46528K, committed 46720K, reserved 1089536K
  class space    used 5550K, capacity 5984K, committed 6016K, reserved 1048576K
}
2020-11-07T19:55:56.312+0800: 39.461: Application time: 0.0297854 seconds
{Heap before GC invocations=492 (full 64):
 par new generation   total 9216K, used 8969K [0x00000000e3400000, 0x00000000e3e00000, 0x00000000ecca0000)
  eden space 8192K, 100% used [0x00000000e3400000, 0x00000000e3c00000, 0x00000000e3c00000)
  from space 1024K,  75% used [0x00000000e3c00000, 0x00000000e3cc2420, 0x00000000e3d00000)
  to   space 1024K,   0% used [0x00000000e3d00000, 0x00000000e3d00000, 0x00000000e3e00000)
 concurrent mark-sweep generation total 59528K, used 36107K [0x00000000ecca0000, 0x00000000f06c2000, 0x0000000100000000)
 Metaspace       used 44445K, capacity 46534K, committed 46720K, reserved 1089536K
  class space    used 5550K, capacity 5985K, committed 6016K, reserved 1048576K
2020-11-07T19:55:56.312+0800: 39.462: [GC (Allocation Failure) 2020-11-07T19:55:56.312+0800: 39.462: [ParNew: 8969K->522K(9216K), 0.0157924 secs] 45076K->36918K(68744K), 0.0158530 secs] [Times: user=0.01 sys=0.00, real=0.02 secs] 
Heap after GC invocations=493 (full 64):
 par new generation   total 9216K, used 522K [0x00000000e3400000, 0x00000000e3e00000, 0x00000000ecca0000)
  eden space 8192K,   0% used [0x00000000e3400000, 0x00000000e3400000, 0x00000000e3c00000)
  from space 1024K,  51% used [0x00000000e3d00000, 0x00000000e3d829c0, 0x00000000e3e00000)
  to   space 1024K,   0% used [0x00000000e3c00000, 0x00000000e3c00000, 0x00000000e3d00000)
 concurrent mark-sweep generation total 59528K, used 36395K [0x00000000ecca0000, 0x00000000f06c2000, 0x0000000100000000)
 Metaspace       used 44445K, capacity 46534K, committed 46720K, reserved 1089536K
  class space    used 5550K, capacity 5985K, committed 6016K, reserved 1048576K
}
2020-11-07T19:55:56.329+0800: 39.478: [CMS-concurrent-abortable-preclean: 0.025/0.088 secs] [Times: user=0.08 sys=0.00, real=0.09 secs] 
2020-11-07T19:55:56.337+0800: 39.486: Application time: 0.0088265 seconds
2020-11-07T19:55:56.337+0800: 39.486: [GC (CMS Final Remark) [YG occupancy: 1673 K (9216 K)]2020-11-07T19:55:56.337+0800: 39.486: [Rescan (parallel) , 0.0074580 secs]2020-11-07T19:55:56.344+0800: 39.494: [weak refs processing, 0.0002847 secs]2020-11-07T19:55:56.345+0800: 39.494: [class unloading, 0.0102421 secs]2020-11-07T19:55:56.355+0800: 39.505: [scrub symbol table, 0.0154109 secs]2020-11-07T19:55:56.370+0800: 39.520: [scrub string table, 0.0010123 secs][1 CMS-remark: 36395K(59528K)] 38069K(68744K), 0.0346431 secs] [Times: user=0.03 sys=0.00, real=0.03 secs] 
2020-11-07T19:55:56.379+0800: 39.529: [CMS-concurrent-sweep-start]
2020-11-07T19:55:56.417+0800: 39.566: Application time: 0.0449995 seconds
2020-11-07T19:55:56.427+0800: 39.577: [CMS-concurrent-sweep: 0.039/0.048 secs] [Times: user=0.05 sys=0.00, real=0.05 secs] 
2020-11-07T19:55:56.428+0800: 39.578: [CMS-concurrent-reset-start]
2020-11-07T19:55:56.429+0800: 39.579: [CMS-concurrent-reset: 0.001/0.001 secs] [Times: user=0.00 sys=0.00, real=0.00 secs] 
2020-11-07T19:55:56.438+0800: 39.587: Application time: 0.0205219 seconds
{Heap before GC invocations=493 (full 64):
 par new generation   total 9216K, used 8714K [0x00000000e3400000, 0x00000000e3e00000, 0x00000000ecca0000)
  eden space 8192K, 100% used [0x00000000e3400000, 0x00000000e3c00000, 0x00000000e3c00000)
  from space 1024K,  51% used [0x00000000e3d00000, 0x00000000e3d829c0, 0x00000000e3e00000)
  to   space 1024K,   0% used [0x00000000e3c00000, 0x00000000e3c00000, 0x00000000e3d00000)
 concurrent mark-sweep generation total 60600K, used 36357K [0x00000000ecca0000, 0x00000000f07ce000, 0x0000000100000000)
 Metaspace       used 44464K, capacity 46534K, committed 46720K, reserved 1089536K
  class space    used 5552K, capacity 5985K, committed 6016K, reserved 1048576K
2020-11-07T19:55:56.438+0800: 39.587: [GC (Allocation Failure) 2020-11-07T19:55:56.438+0800: 39.588: [ParNew: 8714K->565K(9216K), 0.0225517 secs] 45072K->36923K(69816K), 0.0226416 secs] [Times: user=0.02 sys=0.00, real=0.02 secs] 
Heap after GC invocations=494 (full 64):
 par new generation   total 9216K, used 565K [0x00000000e3400000, 0x00000000e3e00000, 0x00000000ecca0000)
  eden space 8192K,   0% used [0x00000000e3400000, 0x00000000e3400000, 0x00000000e3c00000)
  from space 1024K,  55% used [0x00000000e3c00000, 0x00000000e3c8d7f0, 0x00000000e3d00000)
  to   space 1024K,   0% used [0x00000000e3d00000, 0x00000000e3d00000, 0x00000000e3e00000)
 concurrent mark-sweep generation total 60600K, used 36357K [0x00000000ecca0000, 0x00000000f07ce000, 0x0000000100000000)
 Metaspace       used 44464K, capacity 46534K, committed 46720K, reserved 1089536K
  class space    used 5552K, capacity 5985K, committed 6016K, reserved 1048576K
}
2020-11-07T19:55:56.565+0800: 39.715: Application time: 0.1048771 seconds
{Heap before GC invocations=494 (full 64):
 par new generation   total 9216K, used 8757K [0x00000000e3400000, 0x00000000e3e00000, 0x00000000ecca0000)
  eden space 8192K, 100% used [0x00000000e3400000, 0x00000000e3c00000, 0x00000000e3c00000)
  from space 1024K,  55% used [0x00000000e3c00000, 0x00000000e3c8d7f0, 0x00000000e3d00000)
  to   space 1024K,   0% used [0x00000000e3d00000, 0x00000000e3d00000, 0x00000000e3e00000)
 concurrent mark-sweep generation total 60600K, used 36357K [0x00000000ecca0000, 0x00000000f07ce000, 0x0000000100000000)
 Metaspace       used 44567K, capacity 46602K, committed 46720K, reserved 1089536K
  class space    used 5560K, capacity 5987K, committed 6016K, reserved 1048576K
2020-11-07T19:55:56.566+0800: 39.715: [GC (Allocation Failure) 2020-11-07T19:55:56.566+0800: 39.715: [ParNew: 8757K->672K(9216K), 0.0433819 secs] 45115K->37030K(69816K), 0.0434440 secs] [Times: user=0.04 sys=0.00, real=0.04 secs] 
Heap after GC invocations=495 (full 64):
 par new generation   total 9216K, used 672K [0x00000000e3400000, 0x00000000e3e00000, 0x00000000ecca0000)
  eden space 8192K,   0% used [0x00000000e3400000, 0x00000000e3400000, 0x00000000e3c00000)
  from space 1024K,  65% used [0x00000000e3d00000, 0x00000000e3da82f8, 0x00000000e3e00000)
  to   space 1024K,   0% used [0x00000000e3c00000, 0x00000000e3c00000, 0x00000000e3d00000)
 concurrent mark-sweep generation total 60600K, used 36357K [0x00000000ecca0000, 0x00000000f07ce000, 0x0000000100000000)
 Metaspace       used 44567K, capacity 46602K, committed 46720K, reserved 1089536K
  class space    used 5560K, capacity 5987K, committed 6016K, reserved 1048576K
}
2020-11-07T19:55:56.651+0800: 39.800: Application time: 0.0414551 seconds
{Heap before GC invocations=495 (full 64):
 par new generation   total 9216K, used 8864K [0x00000000e3400000, 0x00000000e3e00000, 0x00000000ecca0000)
  eden space 8192K, 100% used [0x00000000e3400000, 0x00000000e3c00000, 0x00000000e3c00000)
  from space 1024K,  65% used [0x00000000e3d00000, 0x00000000e3da82f8, 0x00000000e3e00000)
  to   space 1024K,   0% used [0x00000000e3c00000, 0x00000000e3c00000, 0x00000000e3d00000)
 concurrent mark-sweep generation total 60600K, used 36357K [0x00000000ecca0000, 0x00000000f07ce000, 0x0000000100000000)
 Metaspace       used 44590K, capacity 46624K, committed 46720K, reserved 1089536K
  class space    used 5563K, capacity 5992K, committed 6016K, reserved 1048576K
2020-11-07T19:55:56.651+0800: 39.801: [GC (Allocation Failure) 2020-11-07T19:55:56.651+0800: 39.801: [ParNew: 8864K->631K(9216K), 0.0232894 secs] 45222K->37042K(69816K), 0.0233484 secs] [Times: user=0.02 sys=0.00, real=0.02 secs] 
Heap after GC invocations=496 (full 64):
 par new generation   total 9216K, used 631K [0x00000000e3400000, 0x00000000e3e00000, 0x00000000ecca0000)
  eden space 8192K,   0% used [0x00000000e3400000, 0x00000000e3400000, 0x00000000e3c00000)
  from space 1024K,  61% used [0x00000000e3c00000, 0x00000000e3c9dd10, 0x00000000e3d00000)
  to   space 1024K,   0% used [0x00000000e3d00000, 0x00000000e3d00000, 0x00000000e3e00000)
 concurrent mark-sweep generation total 60600K, used 36411K [0x00000000ecca0000, 0x00000000f07ce000, 0x0000000100000000)
 Metaspace       used 44590K, capacity 46624K, committed 46720K, reserved 1089536K
  class space    used 5563K, capacity 5992K, committed 6016K, reserved 1048576K
}
2020-11-07T19:55:56.682+0800: 39.831: Application time: 0.0073156 seconds
2020-11-07T19:55:56.682+0800: 39.831: [GC (CMS Initial Mark) [1 CMS-initial-mark: 36411K(60600K)] 39186K(69816K), 0.0051205 secs] [Times: user=0.00 sys=0.00, real=0.01 secs] 
2020-11-07T19:55:56.692+0800: 39.842: [CMS-concurrent-mark-start]
2020-11-07T19:55:56.726+0800: 39.875: Application time: 0.0385866 seconds
2020-11-07T19:55:56.759+0800: 39.909: Application time: 0.0334915 seconds
{Heap before GC invocations=496 (full 65):
 par new generation   total 9216K, used 8823K [0x00000000e3400000, 0x00000000e3e00000, 0x00000000ecca0000)
  eden space 8192K, 100% used [0x00000000e3400000, 0x00000000e3c00000, 0x00000000e3c00000)
  from space 1024K,  61% used [0x00000000e3c00000, 0x00000000e3c9dd10, 0x00000000e3d00000)
  to   space 1024K,   0% used [0x00000000e3d00000, 0x00000000e3d00000, 0x00000000e3e00000)
 concurrent mark-sweep generation total 60600K, used 36411K [0x00000000ecca0000, 0x00000000f07ce000, 0x0000000100000000)
 Metaspace       used 44619K, capacity 46694K, committed 46720K, reserved 1089536K
  class space    used 5566K, capacity 5993K, committed 6016K, reserved 1048576K
2020-11-07T19:55:56.759+0800: 39.909: [GC (Allocation Failure) 2020-11-07T19:55:56.759+0800: 39.909: [ParNew: 8823K->511K(9216K), 0.0304302 secs] 45234K->36990K(69816K), 0.0305103 secs] [Times: user=0.03 sys=0.00, real=0.03 secs] 
Heap after GC invocations=497 (full 65):
 par new generation   total 9216K, used 511K [0x00000000e3400000, 0x00000000e3e00000, 0x00000000ecca0000)
  eden space 8192K,   0% used [0x00000000e3400000, 0x00000000e3400000, 0x00000000e3c00000)
  from space 1024K,  49% used [0x00000000e3d00000, 0x00000000e3d7fd40, 0x00000000e3e00000)
  to   space 1024K,   0% used [0x00000000e3c00000, 0x00000000e3c00000, 0x00000000e3d00000)
 concurrent mark-sweep generation total 60600K, used 36479K [0x00000000ecca0000, 0x00000000f07ce000, 0x0000000100000000)
 Metaspace       used 44619K, capacity 46694K, committed 46720K, reserved 1089536K
  class space    used 5566K, capacity 5993K, committed 6016K, reserved 1048576K
}
2020-11-07T19:55:56.855+0800: 40.004: Application time: 0.0645926 seconds
{Heap before GC invocations=497 (full 65):
 par new generation   total 9216K, used 8703K [0x00000000e3400000, 0x00000000e3e00000, 0x00000000ecca0000)
  eden space 8192K, 100% used [0x00000000e3400000, 0x00000000e3c00000, 0x00000000e3c00000)
  from space 1024K,  49% used [0x00000000e3d00000, 0x00000000e3d7fd40, 0x00000000e3e00000)
  to   space 1024K,   0% used [0x00000000e3c00000, 0x00000000e3c00000, 0x00000000e3d00000)
 concurrent mark-sweep generation total 60600K, used 36479K [0x00000000ecca0000, 0x00000000f07ce000, 0x0000000100000000)
 Metaspace       used 44634K, capacity 46698K, committed 46720K, reserved 1089536K
  class space    used 5568K, capacity 5995K, committed 6016K, reserved 1048576K
2020-11-07T19:55:56.855+0800: 40.004: [GC (Allocation Failure) 2020-11-07T19:55:56.855+0800: 40.004: [ParNew: 8703K->687K(9216K), 0.0320612 secs] 45182K->37166K(69816K), 0.0321216 secs] [Times: user=0.03 sys=0.00, real=0.03 secs] 
Heap after GC invocations=498 (full 65):
 par new generation   total 9216K, used 687K [0x00000000e3400000, 0x00000000e3e00000, 0x00000000ecca0000)
  eden space 8192K,   0% used [0x00000000e3400000, 0x00000000e3400000, 0x00000000e3c00000)
  from space 1024K,  67% used [0x00000000e3c00000, 0x00000000e3cabc80, 0x00000000e3d00000)
  to   space 1024K,   0% used [0x00000000e3d00000, 0x00000000e3d00000, 0x00000000e3e00000)
 concurrent mark-sweep generation total 60600K, used 36479K [0x00000000ecca0000, 0x00000000f07ce000, 0x0000000100000000)
 Metaspace       used 44634K, capacity 46698K, committed 46720K, reserved 1089536K
  class space    used 5568K, capacity 5995K, committed 6016K, reserved 1048576K
}
2020-11-07T19:55:56.912+0800: 40.061: Application time: 0.0246913 seconds
2020-11-07T19:55:56.923+0800: 40.072: Application time: 0.0108599 seconds
{Heap before GC invocations=498 (full 65):
 par new generation   total 9216K, used 8879K [0x00000000e3400000, 0x00000000e3e00000, 0x00000000ecca0000)
  eden space 8192K, 100% used [0x00000000e3400000, 0x00000000e3c00000, 0x00000000e3c00000)
  from space 1024K,  67% used [0x00000000e3c00000, 0x00000000e3cabc80, 0x00000000e3d00000)
  to   space 1024K,   0% used [0x00000000e3d00000, 0x00000000e3d00000, 0x00000000e3e00000)
 concurrent mark-sweep generation total 60600K, used 36479K [0x00000000ecca0000, 0x00000000f07ce000, 0x0000000100000000)
 Metaspace       used 44652K, capacity 46700K, committed 46720K, reserved 1089536K
  class space    used 5570K, capacity 5996K, committed 6016K, reserved 1048576K
2020-11-07T19:55:56.923+0800: 40.073: [GC (Allocation Failure) 2020-11-07T19:55:56.923+0800: 40.073: [ParNew: 8879K->626K(9216K), 0.0339165 secs] 45358K->37156K(69816K), 0.0339768 secs] [Times: user=0.04 sys=0.00, real=0.04 secs] 
Heap after GC invocations=499 (full 65):
 par new generation   total 9216K, used 626K [0x00000000e3400000, 0x00000000e3e00000, 0x00000000ecca0000)
  eden space 8192K,   0% used [0x00000000e3400000, 0x00000000e3400000, 0x00000000e3c00000)
  from space 1024K,  61% used [0x00000000e3d00000, 0x00000000e3d9c9c8, 0x00000000e3e00000)
  to   space 1024K,   0% used [0x00000000e3c00000, 0x00000000e3c00000, 0x00000000e3d00000)
 concurrent mark-sweep generation total 60600K, used 36530K [0x00000000ecca0000, 0x00000000f07ce000, 0x0000000100000000)
 Metaspace       used 44652K, capacity 46700K, committed 46720K, reserved 1089536K
  class space    used 5570K, capacity 5996K, committed 6016K, reserved 1048576K
}
2020-11-07T19:55:56.989+0800: 40.138: [CMS-concurrent-mark: 0.179/0.296 secs] [Times: user=0.29 sys=0.00, real=0.30 secs] 
2020-11-07T19:55:56.989+0800: 40.138: [CMS-concurrent-preclean-start]
2020-11-07T19:55:56.992+0800: 40.142: [CMS-concurrent-preclean: 0.003/0.003 secs] [Times: user=0.00 sys=0.00, real=0.00 secs] 
2020-11-07T19:55:56.992+0800: 40.142: [CMS-concurrent-abortable-preclean-start]
2020-11-07T19:55:57.025+0800: 40.174: Application time: 0.0676190 seconds
{Heap before GC invocations=499 (full 65):
 par new generation   total 9216K, used 8818K [0x00000000e3400000, 0x00000000e3e00000, 0x00000000ecca0000)
  eden space 8192K, 100% used [0x00000000e3400000, 0x00000000e3c00000, 0x00000000e3c00000)
  from space 1024K,  61% used [0x00000000e3d00000, 0x00000000e3d9c9c8, 0x00000000e3e00000)
  to   space 1024K,   0% used [0x00000000e3c00000, 0x00000000e3c00000, 0x00000000e3d00000)
 concurrent mark-sweep generation total 60600K, used 36530K [0x00000000ecca0000, 0x00000000f07ce000, 0x0000000100000000)
 Metaspace       used 44670K, capacity 46770K, committed 46976K, reserved 1089536K
  class space    used 5571K, capacity 5997K, committed 6016K, reserved 1048576K
2020-11-07T19:55:57.025+0800: 40.174: [GC (Allocation Failure) 2020-11-07T19:55:57.025+0800: 40.174: [ParNew: 8818K->662K(9216K), 0.0489741 secs] 45348K->37193K(69816K), 0.0490637 secs] [Times: user=0.05 sys=0.01, real=0.04 secs] 
Heap after GC invocations=500 (full 65):
 par new generation   total 9216K, used 662K [0x00000000e3400000, 0x00000000e3e00000, 0x00000000ecca0000)
  eden space 8192K,   0% used [0x00000000e3400000, 0x00000000e3400000, 0x00000000e3c00000)
  from space 1024K,  64% used [0x00000000e3c00000, 0x00000000e3ca5b40, 0x00000000e3d00000)
  to   space 1024K,   0% used [0x00000000e3d00000, 0x00000000e3d00000, 0x00000000e3e00000)
 concurrent mark-sweep generation total 60600K, used 36530K [0x00000000ecca0000, 0x00000000f07ce000, 0x0000000100000000)
 Metaspace       used 44670K, capacity 46770K, committed 46976K, reserved 1089536K
  class space    used 5571K, capacity 5997K, committed 6016K, reserved 1048576K
}
2020-11-07T19:55:57.093+0800: 40.243: [CMS-concurrent-abortable-preclean: 0.034/0.101 secs] [Times: user=0.10 sys=0.01, real=0.10 secs] 
2020-11-07T19:55:57.098+0800: 40.247: Application time: 0.0236290 seconds
2020-11-07T19:55:57.102+0800: 40.251: [GC (CMS Final Remark) [YG occupancy: 8528 K (9216 K)]2020-11-07T19:55:57.102+0800: 40.251: [Rescan (parallel) , 0.0408663 secs]2020-11-07T19:55:57.143+0800: 40.292: [weak refs processing, 0.0027789 secs]2020-11-07T19:55:57.145+0800: 40.295: [class unloading, 0.0218611 secs]2020-11-07T19:55:57.167+0800: 40.317: [scrub symbol table, 0.0236011 secs]2020-11-07T19:55:57.191+0800: 40.341: [scrub string table, 0.0009970 secs][1 CMS-remark: 36530K(60600K)] 45058K(69816K), 0.0903824 secs] [Times: user=0.09 sys=0.00, real=0.09 secs] 
2020-11-07T19:55:57.197+0800: 40.347: [CMS-concurrent-sweep-start]
2020-11-07T19:55:57.202+0800: 40.351: Application time: 0.0094832 seconds
{Heap before GC invocations=500 (full 65):
 par new generation   total 9216K, used 8854K [0x00000000e3400000, 0x00000000e3e00000, 0x00000000ecca0000)
  eden space 8192K, 100% used [0x00000000e3400000, 0x00000000e3c00000, 0x00000000e3c00000)
  from space 1024K,  64% used [0x00000000e3c00000, 0x00000000e3ca5b40, 0x00000000e3d00000)
  to   space 1024K,   0% used [0x00000000e3d00000, 0x00000000e3d00000, 0x00000000e3e00000)
 concurrent mark-sweep generation total 60600K, used 36529K [0x00000000ecca0000, 0x00000000f07ce000, 0x0000000100000000)
 Metaspace       used 44671K, capacity 46770K, committed 46976K, reserved 1089536K
  class space    used 5571K, capacity 5997K, committed 6016K, reserved 1048576K
2020-11-07T19:55:57.202+0800: 40.351: [GC (Allocation Failure) 2020-11-07T19:55:57.202+0800: 40.351: [ParNew: 8854K->464K(9216K), 0.0090311 secs] 45384K->36994K(69816K), 0.0091112 secs] [Times: user=0.01 sys=0.00, real=0.01 secs] 
Heap after GC invocations=501 (full 65):
 par new generation   total 9216K, used 464K [0x00000000e3400000, 0x00000000e3e00000, 0x00000000ecca0000)
  eden space 8192K,   0% used [0x00000000e3400000, 0x00000000e3400000, 0x00000000e3c00000)
  from space 1024K,  45% used [0x00000000e3d00000, 0x00000000e3d74390, 0x00000000e3e00000)
  to   space 1024K,   0% used [0x00000000e3c00000, 0x00000000e3c00000, 0x00000000e3d00000)
 concurrent mark-sweep generation total 60600K, used 36529K [0x00000000ecca0000, 0x00000000f07ce000, 0x0000000100000000)
 Metaspace       used 44671K, capacity 46770K, committed 46976K, reserved 1089536K
  class space    used 5571K, capacity 5997K, committed 6016K, reserved 1048576K
}
2020-11-07T19:55:57.250+0800: 40.399: [CMS-concurrent-sweep: 0.036/0.053 secs] [Times: user=0.05 sys=0.00, real=0.05 secs] 
2020-11-07T19:55:57.250+0800: 40.400: [CMS-concurrent-reset-start]
2020-11-07T19:55:57.258+0800: 40.408: [CMS-concurrent-reset: 0.008/0.008 secs] [Times: user=0.01 sys=0.00, real=0.01 secs] 
2020-11-07T19:55:57.276+0800: 40.426: Application time: 0.0651524 seconds
{Heap before GC invocations=501 (full 65):
 par new generation   total 9216K, used 8654K [0x00000000e3400000, 0x00000000e3e00000, 0x00000000ecca0000)
  eden space 8192K,  99% used [0x00000000e3400000, 0x00000000e3bff490, 0x00000000e3c00000)
  from space 1024K,  45% used [0x00000000e3d00000, 0x00000000e3d74390, 0x00000000e3e00000)
  to   space 1024K,   0% used [0x00000000e3c00000, 0x00000000e3c00000, 0x00000000e3d00000)
 concurrent mark-sweep generation total 60832K, used 36497K [0x00000000ecca0000, 0x00000000f0808000, 0x0000000100000000)
 Metaspace       used 44709K, capacity 46828K, committed 46976K, reserved 1089536K
  class space    used 5575K, capacity 5996K, committed 6016K, reserved 1048576K
2020-11-07T19:55:57.276+0800: 40.426: [GC (Allocation Failure) 2020-11-07T19:55:57.276+0800: 40.426: [ParNew: 8654K->570K(9216K), 0.0214058 secs] 45151K->37203K(70048K), 0.0214833 secs] [Times: user=0.02 sys=0.00, real=0.02 secs] 
Heap after GC invocations=502 (full 65):
 par new generation   total 9216K, used 570K [0x00000000e3400000, 0x00000000e3e00000, 0x00000000ecca0000)
  eden space 8192K,   0% used [0x00000000e3400000, 0x00000000e3400000, 0x00000000e3c00000)
  from space 1024K,  55% used [0x00000000e3c00000, 0x00000000e3c8e898, 0x00000000e3d00000)
  to   space 1024K,   0% used [0x00000000e3d00000, 0x00000000e3d00000, 0x00000000e3e00000)
 concurrent mark-sweep generation total 60832K, used 36633K [0x00000000ecca0000, 0x00000000f0808000, 0x0000000100000000)
 Metaspace       used 44709K, capacity 46828K, committed 46976K, reserved 1089536K
  class space    used 5575K, capacity 5996K, committed 6016K, reserved 1048576K
}
2020-11-07T19:55:57.308+0800: 40.458: Application time: 0.0103178 seconds
{Heap before GC invocations=502 (full 65):
 par new generation   total 9216K, used 8737K [0x00000000e3400000, 0x00000000e3e00000, 0x00000000ecca0000)
  eden space 8192K,  99% used [0x00000000e3400000, 0x00000000e3bf9da8, 0x00000000e3c00000)
  from space 1024K,  55% used [0x00000000e3c00000, 0x00000000e3c8e898, 0x00000000e3d00000)
  to   space 1024K,   0% used [0x00000000e3d00000, 0x00000000e3d00000, 0x00000000e3e00000)
 concurrent mark-sweep generation total 60832K, used 36633K [0x00000000ecca0000, 0x00000000f0808000, 0x0000000100000000)
 Metaspace       used 44712K, capacity 46828K, committed 46976K, reserved 1089536K
  class space    used 5575K, capacity 5996K, committed 6016K, reserved 1048576K
2020-11-07T19:55:57.308+0800: 40.458: [GC (Allocation Failure) 2020-11-07T19:55:57.308+0800: 40.458: [ParNew: 8737K->555K(9216K), 0.0243378 secs] 45371K->37249K(70048K), 0.0243997 secs] [Times: user=0.02 sys=0.00, real=0.02 secs] 
Heap after GC invocations=503 (full 65):
 par new generation   total 9216K, used 555K [0x00000000e3400000, 0x00000000e3e00000, 0x00000000ecca0000)
  eden space 8192K,   0% used [0x00000000e3400000, 0x00000000e3400000, 0x00000000e3c00000)
  from space 1024K,  54% used [0x00000000e3d00000, 0x00000000e3d8af98, 0x00000000e3e00000)
  to   space 1024K,   0% used [0x00000000e3c00000, 0x00000000e3c00000, 0x00000000e3d00000)
 concurrent mark-sweep generation total 60832K, used 36693K [0x00000000ecca0000, 0x00000000f0808000, 0x0000000100000000)
 Metaspace       used 44712K, capacity 46828K, committed 46976K, reserved 1089536K
  class space    used 5575K, capacity 5996K, committed 6016K, reserved 1048576K
}
2020-11-07T19:55:57.342+0800: 40.492: Application time: 0.0096334 seconds
{Heap before GC invocations=503 (full 65):
 par new generation   total 9216K, used 8746K [0x00000000e3400000, 0x00000000e3e00000, 0x00000000ecca0000)
  eden space 8192K,  99% used [0x00000000e3400000, 0x00000000e3bff998, 0x00000000e3c00000)
  from space 1024K,  54% used [0x00000000e3d00000, 0x00000000e3d8af98, 0x00000000e3e00000)
  to   space 1024K,   0% used [0x00000000e3c00000, 0x00000000e3c00000, 0x00000000e3d00000)
 concurrent mark-sweep generation total 60832K, used 36693K [0x00000000ecca0000, 0x00000000f0808000, 0x0000000100000000)
 Metaspace       used 44714K, capacity 46828K, committed 46976K, reserved 1089536K
  class space    used 5575K, capacity 5996K, committed 6016K, reserved 1048576K
2020-11-07T19:55:57.343+0800: 40.492: [GC (Allocation Failure) 2020-11-07T19:55:57.343+0800: 40.492: [ParNew: 8746K->448K(9216K), 0.0074003 secs] 45440K->37176K(70048K), 0.0074709 secs] [Times: user=0.01 sys=0.00, real=0.01 secs] 
Heap after GC invocations=504 (full 65):
 par new generation   total 9216K, used 448K [0x00000000e3400000, 0x00000000e3e00000, 0x00000000ecca0000)
  eden space 8192K,   0% used [0x00000000e3400000, 0x00000000e3400000, 0x00000000e3c00000)
  from space 1024K,  43% used [0x00000000e3c00000, 0x00000000e3c70258, 0x00000000e3d00000)
  to   space 1024K,   0% used [0x00000000e3d00000, 0x00000000e3d00000, 0x00000000e3e00000)
 concurrent mark-sweep generation total 60832K, used 36727K [0x00000000ecca0000, 0x00000000f0808000, 0x0000000100000000)
 Metaspace       used 44714K, capacity 46828K, committed 46976K, reserved 1089536K
  class space    used 5575K, capacity 5996K, committed 6016K, reserved 1048576K
}
2020-11-07T19:55:57.355+0800: 40.504: Application time: 0.0043234 seconds
{Heap before GC invocations=504 (full 65):
 par new generation   total 9216K, used 8609K [0x00000000e3400000, 0x00000000e3e00000, 0x00000000ecca0000)
  eden space 8192K,  99% used [0x00000000e3400000, 0x00000000e3bf8498, 0x00000000e3c00000)
  from space 1024K,  43% used [0x00000000e3c00000, 0x00000000e3c70258, 0x00000000e3d00000)
  to   space 1024K,   0% used [0x00000000e3d00000, 0x00000000e3d00000, 0x00000000e3e00000)
 concurrent mark-sweep generation total 60832K, used 36727K [0x00000000ecca0000, 0x00000000f0808000, 0x0000000100000000)
 Metaspace       used 44715K, capacity 46828K, committed 46976K, reserved 1089536K
  class space    used 5575K, capacity 5996K, committed 6016K, reserved 1048576K
2020-11-07T19:55:57.355+0800: 40.504: [GC (Allocation Failure) 2020-11-07T19:55:57.355+0800: 40.505: [ParNew: 8609K->311K(9216K), 0.0055112 secs] 45337K->37105K(70048K), 0.0055840 secs] [Times: user=0.01 sys=0.00, real=0.00 secs] 
Heap after GC invocations=505 (full 65):
 par new generation   total 9216K, used 311K [0x00000000e3400000, 0x00000000e3e00000, 0x00000000ecca0000)
  eden space 8192K,   0% used [0x00000000e3400000, 0x00000000e3400000, 0x00000000e3c00000)
  from space 1024K,  30% used [0x00000000e3d00000, 0x00000000e3d4dc68, 0x00000000e3e00000)
  to   space 1024K,   0% used [0x00000000e3c00000, 0x00000000e3c00000, 0x00000000e3d00000)
 concurrent mark-sweep generation total 60832K, used 36793K [0x00000000ecca0000, 0x00000000f0808000, 0x0000000100000000)
 Metaspace       used 44715K, capacity 46828K, committed 46976K, reserved 1089536K
  class space    used 5575K, capacity 5996K, committed 6016K, reserved 1048576K
}
2020-11-07T19:55:57.367+0800: 40.517: Application time: 0.0067049 seconds
2020-11-07T19:55:57.367+0800: 40.517: [GC (CMS Initial Mark) [1 CMS-initial-mark: 36793K(60832K)] 37514K(70048K), 0.0031606 secs] [Times: user=0.00 sys=0.00, real=0.00 secs] 
2020-11-07T19:55:57.370+0800: 40.520: [CMS-concurrent-mark-start]
2020-11-07T19:55:57.489+0800: 40.639: Application time: 0.1190104 seconds
{Heap before GC invocations=505 (full 66):
 par new generation   total 9216K, used 8503K [0x00000000e3400000, 0x00000000e3e00000, 0x00000000ecca0000)
  eden space 8192K, 100% used [0x00000000e3400000, 0x00000000e3c00000, 0x00000000e3c00000)
  from space 1024K,  30% used [0x00000000e3d00000, 0x00000000e3d4dc68, 0x00000000e3e00000)
  to   space 1024K,   0% used [0x00000000e3c00000, 0x00000000e3c00000, 0x00000000e3d00000)
 concurrent mark-sweep generation total 60832K, used 36793K [0x00000000ecca0000, 0x00000000f0808000, 0x0000000100000000)
 Metaspace       used 44997K, capacity 47116K, committed 47360K, reserved 1091584K
  class space    used 5607K, capacity 6028K, committed 6144K, reserved 1048576K
2020-11-07T19:55:57.490+0800: 40.639: [GC (Allocation Failure) 2020-11-07T19:55:57.490+0800: 40.639: [ParNew: 8503K->587K(9216K), 0.0157976 secs] 45297K->37422K(70048K), 0.0158757 secs] [Times: user=0.02 sys=0.00, real=0.02 secs] 
Heap after GC invocations=506 (full 66):
 par new generation   total 9216K, used 587K [0x00000000e3400000, 0x00000000e3e00000, 0x00000000ecca0000)
  eden space 8192K,   0% used [0x00000000e3400000, 0x00000000e3400000, 0x00000000e3c00000)
  from space 1024K,  57% used [0x00000000e3c00000, 0x00000000e3c92e30, 0x00000000e3d00000)
  to   space 1024K,   0% used [0x00000000e3d00000, 0x00000000e3d00000, 0x00000000e3e00000)
 concurrent mark-sweep generation total 60832K, used 36834K [0x00000000ecca0000, 0x00000000f0808000, 0x0000000100000000)
 Metaspace       used 44997K, capacity 47116K, committed 47360K, reserved 1091584K
  class space    used 5607K, capacity 6028K, committed 6144K, reserved 1048576K
}
2020-11-07T19:55:57.519+0800: 40.669: Application time: 0.0135356 seconds
2020-11-07T19:55:57.519+0800: 40.669: Application time: 0.0000245 seconds
2020-11-07T19:55:57.544+0800: 40.694: Application time: 0.0252406 seconds
2020-11-07T19:55:57.589+0800: 40.739: Application time: 0.0445054 seconds
{Heap before GC invocations=506 (full 66):
 par new generation   total 9216K, used 8779K [0x00000000e3400000, 0x00000000e3e00000, 0x00000000ecca0000)
  eden space 8192K, 100% used [0x00000000e3400000, 0x00000000e3c00000, 0x00000000e3c00000)
  from space 1024K,  57% used [0x00000000e3c00000, 0x00000000e3c92e30, 0x00000000e3d00000)
  to   space 1024K,   0% used [0x00000000e3d00000, 0x00000000e3d00000, 0x00000000e3e00000)
 concurrent mark-sweep generation total 60832K, used 36834K [0x00000000ecca0000, 0x00000000f0808000, 0x0000000100000000)
 Metaspace       used 45187K, capacity 47284K, committed 47616K, reserved 1091584K
  class space    used 5626K, capacity 6062K, committed 6144K, reserved 1048576K
2020-11-07T19:55:57.590+0800: 40.739: [GC (Allocation Failure) 2020-11-07T19:55:57.590+0800: 40.739: [ParNew: 8779K->354K(9216K), 0.0244137 secs] 45614K->37222K(70048K), 0.0244969 secs] [Times: user=0.03 sys=0.00, real=0.02 secs] 
Heap after GC invocations=507 (full 66):
 par new generation   total 9216K, used 354K [0x00000000e3400000, 0x00000000e3e00000, 0x00000000ecca0000)
  eden space 8192K,   0% used [0x00000000e3400000, 0x00000000e3400000, 0x00000000e3c00000)
  from space 1024K,  34% used [0x00000000e3d00000, 0x00000000e3d589e8, 0x00000000e3e00000)
  to   space 1024K,   0% used [0x00000000e3c00000, 0x00000000e3c00000, 0x00000000e3d00000)
 concurrent mark-sweep generation total 60832K, used 36867K [0x00000000ecca0000, 0x00000000f0808000, 0x0000000100000000)
 Metaspace       used 45187K, capacity 47284K, committed 47616K, reserved 1091584K
  class space    used 5626K, capacity 6062K, committed 6144K, reserved 1048576K
}
2020-11-07T19:55:57.633+0800: 40.782: [CMS-concurrent-mark: 0.214/0.262 secs] [Times: user=0.26 sys=0.00, real=0.26 secs] 
2020-11-07T19:55:57.633+0800: 40.782: [CMS-concurrent-preclean-start]
2020-11-07T19:55:57.636+0800: 40.786: [CMS-concurrent-preclean: 0.003/0.003 secs] [Times: user=0.00 sys=0.00, real=0.01 secs] 
2020-11-07T19:55:57.644+0800: 40.793: Application time: 0.0296038 seconds
2020-11-07T19:55:57.644+0800: 40.794: [GC (CMS Final Remark) [YG occupancy: 1596 K (9216 K)]2020-11-07T19:55:57.644+0800: 40.794: [Rescan (parallel) , 0.0194411 secs]2020-11-07T19:55:57.663+0800: 40.813: [weak refs processing, 0.0006804 secs]2020-11-07T19:55:57.664+0800: 40.814: [class unloading, 0.0163472 secs]2020-11-07T19:55:57.680+0800: 40.830: [scrub symbol table, 0.0187723 secs]2020-11-07T19:55:57.699+0800: 40.849: [scrub string table, 0.0009917 secs][1 CMS-remark: 36867K(60832K)] 38464K(70048K), 0.0565237 secs] [Times: user=0.05 sys=0.00, real=0.06 secs] 
2020-11-07T19:55:57.709+0800: 40.858: [CMS-concurrent-sweep-start]
2020-11-07T19:55:57.758+0800: 40.907: [CMS-concurrent-sweep: 0.049/0.049 secs] [Times: user=0.05 sys=0.00, real=0.05 secs] 
2020-11-07T19:55:57.758+0800: 40.907: [CMS-concurrent-reset-start]
2020-11-07T19:55:57.759+0800: 40.909: [CMS-concurrent-reset: 0.001/0.001 secs] [Times: user=0.00 sys=0.00, real=0.00 secs] 
2020-11-07T19:55:57.809+0800: 40.958: Application time: 0.1083054 seconds
{Heap before GC invocations=507 (full 66):
 par new generation   total 9216K, used 8546K [0x00000000e3400000, 0x00000000e3e00000, 0x00000000ecca0000)
  eden space 8192K, 100% used [0x00000000e3400000, 0x00000000e3c00000, 0x00000000e3c00000)
  from space 1024K,  34% used [0x00000000e3d00000, 0x00000000e3d589e8, 0x00000000e3e00000)
  to   space 1024K,   0% used [0x00000000e3c00000, 0x00000000e3c00000, 0x00000000e3d00000)
 concurrent mark-sweep generation total 60832K, used 35872K [0x00000000ecca0000, 0x00000000f0808000, 0x0000000100000000)
 Metaspace       used 45421K, capacity 47480K, committed 47872K, reserved 1091584K
  class space    used 5656K, capacity 6064K, committed 6144K, reserved 1048576K
2020-11-07T19:55:57.809+0800: 40.959: [GC (Allocation Failure) 2020-11-07T19:55:57.809+0800: 40.959: [ParNew: 8546K->1024K(9216K), 0.0127968 secs] 44419K->37529K(70048K), 0.0128802 secs] [Times: user=0.01 sys=0.00, real=0.01 secs] 
Heap after GC invocations=508 (full 66):
 par new generation   total 9216K, used 1024K [0x00000000e3400000, 0x00000000e3e00000, 0x00000000ecca0000)
  eden space 8192K,   0% used [0x00000000e3400000, 0x00000000e3400000, 0x00000000e3c00000)
  from space 1024K, 100% used [0x00000000e3c00000, 0x00000000e3d00000, 0x00000000e3d00000)
  to   space 1024K,   0% used [0x00000000e3d00000, 0x00000000e3d00000, 0x00000000e3e00000)
 concurrent mark-sweep generation total 60832K, used 36505K [0x00000000ecca0000, 0x00000000f0808000, 0x0000000100000000)
 Metaspace       used 45421K, capacity 47480K, committed 47872K, reserved 1091584K
  class space    used 5656K, capacity 6064K, committed 6144K, reserved 1048576K
}
2020-11-07T19:55:57.832+0800: 40.982: Application time: 0.0105977 seconds
2020-11-07T19:55:57.833+0800: 40.983: [GC (CMS Initial Mark) [1 CMS-initial-mark: 36505K(60832K)] 39189K(70048K), 0.0055822 secs] [Times: user=0.01 sys=0.00, real=0.01 secs] 
2020-11-07T19:55:57.838+0800: 40.988: [CMS-concurrent-mark-start]
2020-11-07T19:55:57.974+0800: 41.124: Application time: 0.1354291 seconds
{Heap before GC invocations=508 (full 67):
 par new generation   total 9216K, used 9216K [0x00000000e3400000, 0x00000000e3e00000, 0x00000000ecca0000)
  eden space 8192K, 100% used [0x00000000e3400000, 0x00000000e3c00000, 0x00000000e3c00000)
  from space 1024K, 100% used [0x00000000e3c00000, 0x00000000e3d00000, 0x00000000e3d00000)
  to   space 1024K,   0% used [0x00000000e3d00000, 0x00000000e3d00000, 0x00000000e3e00000)
 concurrent mark-sweep generation total 60832K, used 36505K [0x00000000ecca0000, 0x00000000f0808000, 0x0000000100000000)
 Metaspace       used 45963K, capacity 48030K, committed 48128K, reserved 1091584K
  class space    used 5703K, capacity 6135K, committed 6144K, reserved 1048576K
2020-11-07T19:55:57.974+0800: 41.124: [GC (Allocation Failure) 2020-11-07T19:55:57.974+0800: 41.124: [ParNew: 9216K->653K(9216K), 0.0363021 secs] 45721K->38189K(70048K), 0.0363817 secs] [Times: user=0.03 sys=0.01, real=0.04 secs] 
Heap after GC invocations=509 (full 67):
 par new generation   total 9216K, used 653K [0x00000000e3400000, 0x00000000e3e00000, 0x00000000ecca0000)
  eden space 8192K,   0% used [0x00000000e3400000, 0x00000000e3400000, 0x00000000e3c00000)
  from space 1024K,  63% used [0x00000000e3d00000, 0x00000000e3da3698, 0x00000000e3e00000)
  to   space 1024K,   0% used [0x00000000e3c00000, 0x00000000e3c00000, 0x00000000e3d00000)
 concurrent mark-sweep generation total 60832K, used 37535K [0x00000000ecca0000, 0x00000000f0808000, 0x0000000100000000)
 Metaspace       used 45963K, capacity 48030K, committed 48128K, reserved 1091584K
  class space    used 5703K, capacity 6135K, committed 6144K, reserved 1048576K
}
2020-11-07T19:55:58.084+0800: 41.234: [CMS-concurrent-mark: 0.208/0.246 secs] [Times: user=0.23 sys=0.01, real=0.24 secs] 
2020-11-07T19:55:58.084+0800: 41.234: [CMS-concurrent-preclean-start]
2020-11-07T19:55:58.087+0800: 41.236: [CMS-concurrent-preclean: 0.002/0.002 secs] [Times: user=0.00 sys=0.00, real=0.01 secs] 
2020-11-07T19:55:58.087+0800: 41.236: [CMS-concurrent-abortable-preclean-start]
2020-11-07T19:55:58.106+0800: 41.256: Application time: 0.0955526 seconds
{Heap before GC invocations=509 (full 67):
 par new generation   total 9216K, used 8837K [0x00000000e3400000, 0x00000000e3e00000, 0x00000000ecca0000)
  eden space 8192K,  99% used [0x00000000e3400000, 0x00000000e3bfde18, 0x00000000e3c00000)
  from space 1024K,  63% used [0x00000000e3d00000, 0x00000000e3da3698, 0x00000000e3e00000)
  to   space 1024K,   0% used [0x00000000e3c00000, 0x00000000e3c00000, 0x00000000e3d00000)
 concurrent mark-sweep generation total 60832K, used 37535K [0x00000000ecca0000, 0x00000000f0808000, 0x0000000100000000)
 Metaspace       used 46512K, capacity 48638K, committed 49024K, reserved 1091584K
  class space    used 5752K, capacity 6167K, committed 6272K, reserved 1048576K
2020-11-07T19:55:58.106+0800: 41.256: [GC (Allocation Failure) 2020-11-07T19:55:58.106+0800: 41.256: [ParNew: 8837K->472K(9216K), 0.0045880 secs] 46372K->38007K(70048K), 0.0046493 secs] [Times: user=0.01 sys=0.00, real=0.00 secs] 
Heap after GC invocations=510 (full 67):
 par new generation   total 9216K, used 472K [0x00000000e3400000, 0x00000000e3e00000, 0x00000000ecca0000)
  eden space 8192K,   0% used [0x00000000e3400000, 0x00000000e3400000, 0x00000000e3c00000)
  from space 1024K,  46% used [0x00000000e3c00000, 0x00000000e3c76048, 0x00000000e3d00000)
  to   space 1024K,   0% used [0x00000000e3d00000, 0x00000000e3d00000, 0x00000000e3e00000)
 concurrent mark-sweep generation total 60832K, used 37535K [0x00000000ecca0000, 0x00000000f0808000, 0x0000000100000000)
 Metaspace       used 46512K, capacity 48638K, committed 49024K, reserved 1091584K
  class space    used 5752K, capacity 6167K, committed 6272K, reserved 1048576K
}
2020-11-07T19:55:58.213+0800: 41.363: Application time: 0.1024418 seconds
2020-11-07T19:55:58.218+0800: 41.368: [CMS-concurrent-abortable-preclean: 0.018/0.131 secs] [Times: user=0.13 sys=0.00, real=0.13 secs] 
2020-11-07T19:55:58.222+0800: 41.371: Application time: 0.0072798 seconds
2020-11-07T19:55:58.222+0800: 41.371: [GC (CMS Final Remark) [YG occupancy: 8664 K (9216 K)]2020-11-07T19:55:58.222+0800: 41.371: [Rescan (parallel) , 0.0339349 secs]2020-11-07T19:55:58.256+0800: 41.405: [weak refs processing, 0.0004414 secs]2020-11-07T19:55:58.256+0800: 41.406: [class unloading, 0.0159982 secs]2020-11-07T19:55:58.272+0800: 41.422: [scrub symbol table, 0.0347953 secs]2020-11-07T19:55:58.307+0800: 41.457: [scrub string table, 0.0011487 secs][1 CMS-remark: 37535K(60832K)] 46199K(70048K), 0.0865579 secs] [Times: user=0.08 sys=0.00, real=0.09 secs] 
2020-11-07T19:55:58.309+0800: 41.458: [CMS-concurrent-sweep-start]
2020-11-07T19:55:58.327+0800: 41.476: Application time: 0.0182562 seconds
{Heap before GC invocations=510 (full 67):
 par new generation   total 9216K, used 8664K [0x00000000e3400000, 0x00000000e3e00000, 0x00000000ecca0000)
  eden space 8192K, 100% used [0x00000000e3400000, 0x00000000e3c00000, 0x00000000e3c00000)
  from space 1024K,  46% used [0x00000000e3c00000, 0x00000000e3c76048, 0x00000000e3d00000)
  to   space 1024K,   0% used [0x00000000e3d00000, 0x00000000e3d00000, 0x00000000e3e00000)
 concurrent mark-sweep generation total 60832K, used 37446K [0x00000000ecca0000, 0x00000000f0808000, 0x0000000100000000)
 Metaspace       used 47010K, capacity 49092K, committed 49280K, reserved 1091584K
  class space    used 5806K, capacity 6232K, committed 6272K, reserved 1048576K
2020-11-07T19:55:58.327+0800: 41.476: [GC (Allocation Failure) 2020-11-07T19:55:58.327+0800: 41.476: [ParNew: 8664K->480K(9216K), 0.0057033 secs] 46110K->37926K(70048K), 0.0057890 secs] [Times: user=0.01 sys=0.00, real=0.00 secs] 
Heap after GC invocations=511 (full 67):
 par new generation   total 9216K, used 480K [0x00000000e3400000, 0x00000000e3e00000, 0x00000000ecca0000)
  eden space 8192K,   0% used [0x00000000e3400000, 0x00000000e3400000, 0x00000000e3c00000)
  from space 1024K,  46% used [0x00000000e3d00000, 0x00000000e3d780f8, 0x00000000e3e00000)
  to   space 1024K,   0% used [0x00000000e3c00000, 0x00000000e3c00000, 0x00000000e3d00000)
 concurrent mark-sweep generation total 60832K, used 37446K [0x00000000ecca0000, 0x00000000f0808000, 0x0000000100000000)
 Metaspace       used 47010K, capacity 49092K, committed 49280K, reserved 1091584K
  class space    used 5806K, capacity 6232K, committed 6272K, reserved 1048576K
}
2020-11-07T19:55:58.347+0800: 41.496: Application time: 0.0142207 seconds
2020-11-07T19:55:58.347+0800: 41.497: Application time: 0.0000236 seconds
2020-11-07T19:55:58.355+0800: 41.505: [CMS-concurrent-sweep: 0.029/0.047 secs] [Times: user=0.05 sys=0.00, real=0.05 secs] 
2020-11-07T19:55:58.356+0800: 41.505: [CMS-concurrent-reset-start]
2020-11-07T19:55:58.368+0800: 41.518: Application time: 0.0209392 seconds
2020-11-07T19:55:58.379+0800: 41.529: [CMS-concurrent-reset: 0.012/0.024 secs] [Times: user=0.02 sys=0.00, real=0.02 secs] 
2020-11-07T19:55:58.471+0800: 41.621: Application time: 0.1029432 seconds
{Heap before GC invocations=511 (full 67):
 par new generation   total 9216K, used 8672K [0x00000000e3400000, 0x00000000e3e00000, 0x00000000ecca0000)
  eden space 8192K, 100% used [0x00000000e3400000, 0x00000000e3c00000, 0x00000000e3c00000)
  from space 1024K,  46% used [0x00000000e3d00000, 0x00000000e3d780f8, 0x00000000e3e00000)
  to   space 1024K,   0% used [0x00000000e3c00000, 0x00000000e3c00000, 0x00000000e3d00000)
 concurrent mark-sweep generation total 61956K, used 37172K [0x00000000ecca0000, 0x00000000f0921000, 0x0000000100000000)
 Metaspace       used 47301K, capacity 49384K, committed 49536K, reserved 1093632K
  class space    used 5842K, capacity 6266K, committed 6272K, reserved 1048576K
2020-11-07T19:55:58.471+0800: 41.621: [GC (Allocation Failure) 2020-11-07T19:55:58.471+0800: 41.621: [ParNew: 8672K->777K(9216K), 0.0175940 secs] 45844K->37949K(71172K), 0.0176780 secs] [Times: user=0.02 sys=0.00, real=0.02 secs] 
Heap after GC invocations=512 (full 67):
 par new generation   total 9216K, used 777K [0x00000000e3400000, 0x00000000e3e00000, 0x00000000ecca0000)
  eden space 8192K,   0% used [0x00000000e3400000, 0x00000000e3400000, 0x00000000e3c00000)
  from space 1024K,  75% used [0x00000000e3c00000, 0x00000000e3cc2578, 0x00000000e3d00000)
  to   space 1024K,   0% used [0x00000000e3d00000, 0x00000000e3d00000, 0x00000000e3e00000)
 concurrent mark-sweep generation total 61956K, used 37172K [0x00000000ecca0000, 0x00000000f0921000, 0x0000000100000000)
 Metaspace       used 47301K, capacity 49384K, committed 49536K, reserved 1093632K
  class space    used 5842K, capacity 6266K, committed 6272K, reserved 1048576K
}
2020-11-07T19:55:58.562+0800: 41.711: Application time: 0.0727197 seconds
{Heap before GC invocations=512 (full 67):
 par new generation   total 9216K, used 8969K [0x00000000e3400000, 0x00000000e3e00000, 0x00000000ecca0000)
  eden space 8192K, 100% used [0x00000000e3400000, 0x00000000e3c00000, 0x00000000e3c00000)
  from space 1024K,  75% used [0x00000000e3c00000, 0x00000000e3cc2578, 0x00000000e3d00000)
  to   space 1024K,   0% used [0x00000000e3d00000, 0x00000000e3d00000, 0x00000000e3e00000)
 concurrent mark-sweep generation total 61956K, used 37172K [0x00000000ecca0000, 0x00000000f0921000, 0x0000000100000000)
 Metaspace       used 47480K, capacity 49570K, committed 49920K, reserved 1093632K
  class space    used 5866K, capacity 6307K, committed 6400K, reserved 1048576K
2020-11-07T19:55:58.562+0800: 41.712: [GC (Allocation Failure) 2020-11-07T19:55:58.562+0800: 41.712: [ParNew: 8969K->929K(9216K), 0.0460873 secs] 46141K->38349K(71172K), 0.0461546 secs] [Times: user=0.05 sys=0.00, real=0.05 secs] 
Heap after GC invocations=513 (full 67):
 par new generation   total 9216K, used 929K [0x00000000e3400000, 0x00000000e3e00000, 0x00000000ecca0000)
  eden space 8192K,   0% used [0x00000000e3400000, 0x00000000e3400000, 0x00000000e3c00000)
  from space 1024K,  90% used [0x00000000e3d00000, 0x00000000e3de8678, 0x00000000e3e00000)
  to   space 1024K,   0% used [0x00000000e3c00000, 0x00000000e3c00000, 0x00000000e3d00000)
 concurrent mark-sweep generation total 61956K, used 37420K [0x00000000ecca0000, 0x00000000f0921000, 0x0000000100000000)
 Metaspace       used 47480K, capacity 49570K, committed 49920K, reserved 1093632K
  class space    used 5866K, capacity 6307K, committed 6400K, reserved 1048576K
}
2020-11-07T19:55:58.623+0800: 41.772: Application time: 0.0145812 seconds
2020-11-07T19:55:58.629+0800: 41.778: [GC (CMS Initial Mark) [1 CMS-initial-mark: 37420K(61956K)] 41208K(71172K), 0.0080847 secs] [Times: user=0.01 sys=0.00, real=0.01 secs] 
2020-11-07T19:55:58.637+0800: 41.786: [CMS-concurrent-mark-start]
2020-11-07T19:55:58.649+0800: 41.799: Application time: 0.0123803 seconds
2020-11-07T19:55:58.650+0800: 41.800: Application time: 0.0007860 seconds
2020-11-07T19:55:58.669+0800: 41.818: Application time: 0.0183467 seconds
{Heap before GC invocations=513 (full 68):
 par new generation   total 9216K, used 9121K [0x00000000e3400000, 0x00000000e3e00000, 0x00000000ecca0000)
  eden space 8192K, 100% used [0x00000000e3400000, 0x00000000e3c00000, 0x00000000e3c00000)
  from space 1024K,  90% used [0x00000000e3d00000, 0x00000000e3de8678, 0x00000000e3e00000)
  to   space 1024K,   0% used [0x00000000e3c00000, 0x00000000e3c00000, 0x00000000e3d00000)
 concurrent mark-sweep generation total 61956K, used 37420K [0x00000000ecca0000, 0x00000000f0921000, 0x0000000100000000)
 Metaspace       used 47537K, capacity 49646K, committed 49920K, reserved 1093632K
  class space    used 5876K, capacity 6309K, committed 6400K, reserved 1048576K
2020-11-07T19:55:58.669+0800: 41.818: [GC (Allocation Failure) 2020-11-07T19:55:58.669+0800: 41.818: [ParNew: 9121K->362K(9216K), 0.0295656 secs] 46541K->38529K(71172K), 0.0296399 secs] [Times: user=0.03 sys=0.00, real=0.03 secs] 
Heap after GC invocations=514 (full 68):
 par new generation   total 9216K, used 362K [0x00000000e3400000, 0x00000000e3e00000, 0x00000000ecca0000)
  eden space 8192K,   0% used [0x00000000e3400000, 0x00000000e3400000, 0x00000000e3c00000)
  from space 1024K,  35% used [0x00000000e3c00000, 0x00000000e3c5a8b8, 0x00000000e3d00000)
  to   space 1024K,   0% used [0x00000000e3d00000, 0x00000000e3d00000, 0x00000000e3e00000)
 concurrent mark-sweep generation total 61956K, used 38167K [0x00000000ecca0000, 0x00000000f0921000, 0x0000000100000000)
 Metaspace       used 47537K, capacity 49646K, committed 49920K, reserved 1093632K
  class space    used 5876K, capacity 6309K, committed 6400K, reserved 1048576K
}
2020-11-07T19:55:58.711+0800: 41.860: Application time: 0.0120167 seconds
{Heap before GC invocations=514 (full 68):
 par new generation   total 9216K, used 8554K [0x00000000e3400000, 0x00000000e3e00000, 0x00000000ecca0000)
  eden space 8192K, 100% used [0x00000000e3400000, 0x00000000e3c00000, 0x00000000e3c00000)
  from space 1024K,  35% used [0x00000000e3c00000, 0x00000000e3c5a8b8, 0x00000000e3d00000)
  to   space 1024K,   0% used [0x00000000e3d00000, 0x00000000e3d00000, 0x00000000e3e00000)
 concurrent mark-sweep generation total 61956K, used 38167K [0x00000000ecca0000, 0x00000000f0921000, 0x0000000100000000)
 Metaspace       used 47560K, capacity 49646K, committed 49920K, reserved 1093632K
  class space    used 5877K, capacity 6309K, committed 6400K, reserved 1048576K
2020-11-07T19:55:58.711+0800: 41.860: [GC (Allocation Failure) 2020-11-07T19:55:58.711+0800: 41.860: [ParNew: 8554K->251K(9216K), 0.0047075 secs] 46721K->38419K(71172K), 0.0047760 secs] [Times: user=0.00 sys=0.00, real=0.01 secs] 
Heap after GC invocations=515 (full 68):
 par new generation   total 9216K, used 251K [0x00000000e3400000, 0x00000000e3e00000, 0x00000000ecca0000)
  eden space 8192K,   0% used [0x00000000e3400000, 0x00000000e3400000, 0x00000000e3c00000)
  from space 1024K,  24% used [0x00000000e3d00000, 0x00000000e3d3ee78, 0x00000000e3e00000)
  to   space 1024K,   0% used [0x00000000e3c00000, 0x00000000e3c00000, 0x00000000e3d00000)
 concurrent mark-sweep generation total 61956K, used 38167K [0x00000000ecca0000, 0x00000000f0921000, 0x0000000100000000)
 Metaspace       used 47560K, capacity 49646K, committed 49920K, reserved 1093632K
  class space    used 5877K, capacity 6309K, committed 6400K, reserved 1048576K
}
2020-11-07T19:55:58.735+0800: 41.885: Application time: 0.0198314 seconds
{Heap before GC invocations=515 (full 68):
 par new generation   total 9216K, used 8407K [0x00000000e3400000, 0x00000000e3e00000, 0x00000000ecca0000)
  eden space 8192K,  99% used [0x00000000e3400000, 0x00000000e3bf7008, 0x00000000e3c00000)
  from space 1024K,  24% used [0x00000000e3d00000, 0x00000000e3d3ee78, 0x00000000e3e00000)
  to   space 1024K,   0% used [0x00000000e3c00000, 0x00000000e3c00000, 0x00000000e3d00000)
 concurrent mark-sweep generation total 61956K, used 38167K [0x00000000ecca0000, 0x00000000f0921000, 0x0000000100000000)
 Metaspace       used 47560K, capacity 49646K, committed 49920K, reserved 1093632K
  class space    used 5877K, capacity 6309K, committed 6400K, reserved 1048576K
2020-11-07T19:55:58.736+0800: 41.885: [GC (Allocation Failure) 2020-11-07T19:55:58.736+0800: 41.885: [ParNew: 8407K->269K(9216K), 0.0108773 secs] 46575K->38437K(71172K), 0.0109358 secs] [Times: user=0.01 sys=0.00, real=0.01 secs] 
Heap after GC invocations=516 (full 68):
 par new generation   total 9216K, used 269K [0x00000000e3400000, 0x00000000e3e00000, 0x00000000ecca0000)
  eden space 8192K,   0% used [0x00000000e3400000, 0x00000000e3400000, 0x00000000e3c00000)
  from space 1024K,  26% used [0x00000000e3c00000, 0x00000000e3c43748, 0x00000000e3d00000)
  to   space 1024K,   0% used [0x00000000e3d00000, 0x00000000e3d00000, 0x00000000e3e00000)
 concurrent mark-sweep generation total 61956K, used 38167K [0x00000000ecca0000, 0x00000000f0921000, 0x0000000100000000)
 Metaspace       used 47560K, capacity 49646K, committed 49920K, reserved 1093632K
  class space    used 5877K, capacity 6309K, committed 6400K, reserved 1048576K
}
2020-11-07T19:55:58.749+0800: 41.898: Application time: 0.0022526 seconds
{Heap before GC invocations=516 (full 68):
 par new generation   total 9216K, used 8441K [0x00000000e3400000, 0x00000000e3e00000, 0x00000000ecca0000)
  eden space 8192K,  99% used [0x00000000e3400000, 0x00000000e3bfb090, 0x00000000e3c00000)
  from space 1024K,  26% used [0x00000000e3c00000, 0x00000000e3c43748, 0x00000000e3d00000)
  to   space 1024K,   0% used [0x00000000e3d00000, 0x00000000e3d00000, 0x00000000e3e00000)
 concurrent mark-sweep generation total 61956K, used 38167K [0x00000000ecca0000, 0x00000000f0921000, 0x0000000100000000)
 Metaspace       used 47560K, capacity 49646K, committed 49920K, reserved 1093632K
  class space    used 5877K, capacity 6309K, committed 6400K, reserved 1048576K
2020-11-07T19:55:58.749+0800: 41.899: [GC (Allocation Failure) 2020-11-07T19:55:58.749+0800: 41.899: [ParNew: 8441K->259K(9216K), 0.0043892 secs] 46609K->38427K(71172K), 0.0044346 secs] [Times: user=0.01 sys=0.00, real=0.00 secs] 
Heap after GC invocations=517 (full 68):
 par new generation   total 9216K, used 259K [0x00000000e3400000, 0x00000000e3e00000, 0x00000000ecca0000)
  eden space 8192K,   0% used [0x00000000e3400000, 0x00000000e3400000, 0x00000000e3c00000)
  from space 1024K,  25% used [0x00000000e3d00000, 0x00000000e3d40eb8, 0x00000000e3e00000)
  to   space 1024K,   0% used [0x00000000e3c00000, 0x00000000e3c00000, 0x00000000e3d00000)
 concurrent mark-sweep generation total 61956K, used 38167K [0x00000000ecca0000, 0x00000000f0921000, 0x0000000100000000)
 Metaspace       used 47560K, capacity 49646K, committed 49920K, reserved 1093632K
  class space    used 5877K, capacity 6309K, committed 6400K, reserved 1048576K
}
2020-11-07T19:55:58.775+0800: 41.925: Application time: 0.0218261 seconds
2020-11-07T19:55:58.803+0800: 41.952: Application time: 0.0270558 seconds
{Heap before GC invocations=517 (full 68):
 par new generation   total 9216K, used 8451K [0x00000000e3400000, 0x00000000e3e00000, 0x00000000ecca0000)
  eden space 8192K, 100% used [0x00000000e3400000, 0x00000000e3c00000, 0x00000000e3c00000)
  from space 1024K,  25% used [0x00000000e3d00000, 0x00000000e3d40eb8, 0x00000000e3e00000)
  to   space 1024K,   0% used [0x00000000e3c00000, 0x00000000e3c00000, 0x00000000e3d00000)
 concurrent mark-sweep generation total 61956K, used 38167K [0x00000000ecca0000, 0x00000000f0921000, 0x0000000100000000)
 Metaspace       used 47634K, capacity 49710K, committed 49920K, reserved 1093632K
  class space    used 5889K, capacity 6309K, committed 6400K, reserved 1048576K
2020-11-07T19:55:58.803+0800: 41.952: [GC (Allocation Failure) 2020-11-07T19:55:58.803+0800: 41.952: [ParNew: 8451K->351K(9216K), 0.0048805 secs] 46619K->38518K(71172K), 0.0049348 secs] [Times: user=0.00 sys=0.00, real=0.01 secs] 
Heap after GC invocations=518 (full 68):
 par new generation   total 9216K, used 351K [0x00000000e3400000, 0x00000000e3e00000, 0x00000000ecca0000)
  eden space 8192K,   0% used [0x00000000e3400000, 0x00000000e3400000, 0x00000000e3c00000)
  from space 1024K,  34% used [0x00000000e3c00000, 0x00000000e3c57c60, 0x00000000e3d00000)
  to   space 1024K,   0% used [0x00000000e3d00000, 0x00000000e3d00000, 0x00000000e3e00000)
 concurrent mark-sweep generation total 61956K, used 38167K [0x00000000ecca0000, 0x00000000f0921000, 0x0000000100000000)
 Metaspace       used 47634K, capacity 49710K, committed 49920K, reserved 1093632K
  class space    used 5889K, capacity 6309K, committed 6400K, reserved 1048576K
}
2020-11-07T19:55:58.862+0800: 42.012: Application time: 0.0548055 seconds
{Heap before GC invocations=518 (full 68):
 par new generation   total 9216K, used 8543K [0x00000000e3400000, 0x00000000e3e00000, 0x00000000ecca0000)
  eden space 8192K, 100% used [0x00000000e3400000, 0x00000000e3c00000, 0x00000000e3c00000)
  from space 1024K,  34% used [0x00000000e3c00000, 0x00000000e3c57c60, 0x00000000e3d00000)
  to   space 1024K,   0% used [0x00000000e3d00000, 0x00000000e3d00000, 0x00000000e3e00000)
 concurrent mark-sweep generation total 61956K, used 38167K [0x00000000ecca0000, 0x00000000f0921000, 0x0000000100000000)
 Metaspace       used 47650K, capacity 49780K, committed 50176K, reserved 1093632K
  class space    used 5890K, capacity 6310K, committed 6400K, reserved 1048576K
2020-11-07T19:55:58.863+0800: 42.012: [GC (Allocation Failure) 2020-11-07T19:55:58.863+0800: 42.012: [ParNew: 8543K->278K(9216K), 0.0104105 secs] 46710K->38445K(71172K), 0.0104780 secs] [Times: user=0.01 sys=0.00, real=0.01 secs] 
Heap after GC invocations=519 (full 68):
 par new generation   total 9216K, used 278K [0x00000000e3400000, 0x00000000e3e00000, 0x00000000ecca0000)
  eden space 8192K,   0% used [0x00000000e3400000, 0x00000000e3400000, 0x00000000e3c00000)
  from space 1024K,  27% used [0x00000000e3d00000, 0x00000000e3d45878, 0x00000000e3e00000)
  to   space 1024K,   0% used [0x00000000e3c00000, 0x00000000e3c00000, 0x00000000e3d00000)
 concurrent mark-sweep generation total 61956K, used 38167K [0x00000000ecca0000, 0x00000000f0921000, 0x0000000100000000)
 Metaspace       used 47650K, capacity 49780K, committed 50176K, reserved 1093632K
  class space    used 5890K, capacity 6310K, committed 6400K, reserved 1048576K
}
2020-11-07T19:55:58.893+0800: 42.043: Application time: 0.0196157 seconds
{Heap before GC invocations=519 (full 68):
 par new generation   total 9216K, used 8470K [0x00000000e3400000, 0x00000000e3e00000, 0x00000000ecca0000)
  eden space 8192K, 100% used [0x00000000e3400000, 0x00000000e3c00000, 0x00000000e3c00000)
  from space 1024K,  27% used [0x00000000e3d00000, 0x00000000e3d45878, 0x00000000e3e00000)
  to   space 1024K,   0% used [0x00000000e3c00000, 0x00000000e3c00000, 0x00000000e3d00000)
 concurrent mark-sweep generation total 61956K, used 38167K [0x00000000ecca0000, 0x00000000f0921000, 0x0000000100000000)
 Metaspace       used 47653K, capacity 49780K, committed 50176K, reserved 1093632K
  class space    used 5890K, capacity 6310K, committed 6400K, reserved 1048576K
2020-11-07T19:55:58.893+0800: 42.043: [GC (Allocation Failure) 2020-11-07T19:55:58.893+0800: 42.043: [ParNew: 8470K->293K(9216K), 0.0181235 secs] 46637K->38461K(71172K), 0.0181832 secs] [Times: user=0.01 sys=0.00, real=0.02 secs] 
Heap after GC invocations=520 (full 68):
 par new generation   total 9216K, used 293K [0x00000000e3400000, 0x00000000e3e00000, 0x00000000ecca0000)
  eden space 8192K,   0% used [0x00000000e3400000, 0x00000000e3400000, 0x00000000e3c00000)
  from space 1024K,  28% used [0x00000000e3c00000, 0x00000000e3c49610, 0x00000000e3d00000)
  to   space 1024K,   0% used [0x00000000e3d00000, 0x00000000e3d00000, 0x00000000e3e00000)
 concurrent mark-sweep generation total 61956K, used 38167K [0x00000000ecca0000, 0x00000000f0921000, 0x0000000100000000)
 Metaspace       used 47653K, capacity 49780K, committed 50176K, reserved 1093632K
  class space    used 5890K, capacity 6310K, committed 6400K, reserved 1048576K
}
2020-11-07T19:55:58.941+0800: 42.090: Application time: 0.0292545 seconds
{Heap before GC invocations=520 (full 68):
 par new generation   total 9216K, used 8485K [0x00000000e3400000, 0x00000000e3e00000, 0x00000000ecca0000)
  eden space 8192K, 100% used [0x00000000e3400000, 0x00000000e3c00000, 0x00000000e3c00000)
  from space 1024K,  28% used [0x00000000e3c00000, 0x00000000e3c49610, 0x00000000e3d00000)
  to   space 1024K,   0% used [0x00000000e3d00000, 0x00000000e3d00000, 0x00000000e3e00000)
 concurrent mark-sweep generation total 61956K, used 38167K [0x00000000ecca0000, 0x00000000f0921000, 0x0000000100000000)
 Metaspace       used 47654K, capacity 49780K, committed 50176K, reserved 1093632K
  class space    used 5890K, capacity 6310K, committed 6400K, reserved 1048576K
2020-11-07T19:55:58.941+0800: 42.090: [GC (Allocation Failure) 2020-11-07T19:55:58.941+0800: 42.090: [ParNew: 8485K->288K(9216K), 0.0170142 secs] 46653K->38456K(71172K), 0.0170682 secs] [Times: user=0.02 sys=0.00, real=0.02 secs] 
Heap after GC invocations=521 (full 68):
 par new generation   total 9216K, used 288K [0x00000000e3400000, 0x00000000e3e00000, 0x00000000ecca0000)
  eden space 8192K,   0% used [0x00000000e3400000, 0x00000000e3400000, 0x00000000e3c00000)
  from space 1024K,  28% used [0x00000000e3d00000, 0x00000000e3d482d8, 0x00000000e3e00000)
  to   space 1024K,   0% used [0x00000000e3c00000, 0x00000000e3c00000, 0x00000000e3d00000)
 concurrent mark-sweep generation total 61956K, used 38167K [0x00000000ecca0000, 0x00000000f0921000, 0x0000000100000000)
 Metaspace       used 47654K, capacity 49780K, committed 50176K, reserved 1093632K
  class space    used 5890K, capacity 6310K, committed 6400K, reserved 1048576K
}
2020-11-07T19:55:58.986+0800: 42.136: [CMS-concurrent-mark: 0.210/0.349 secs] [Times: user=0.35 sys=0.00, real=0.35 secs] 
2020-11-07T19:55:58.986+0800: 42.136: Application time: 0.0283633 seconds
2020-11-07T19:55:58.994+0800: 42.143: Application time: 0.0000486 seconds
2020-11-07T19:55:58.994+0800: 42.144: [CMS-concurrent-preclean-start]
2020-11-07T19:55:58.997+0800: 42.147: [CMS-concurrent-preclean: 0.003/0.003 secs] [Times: user=0.00 sys=0.00, real=0.01 secs] 
2020-11-07T19:55:59.002+0800: 42.151: Application time: 0.0078852 seconds
2020-11-07T19:55:59.002+0800: 42.152: [GC (CMS Final Remark) [YG occupancy: 4592 K (9216 K)]2020-11-07T19:55:59.002+0800: 42.152: [Rescan (parallel) , 0.0158685 secs]2020-11-07T19:55:59.018+0800: 42.168: [weak refs processing, 0.0019781 secs]2020-11-07T19:55:59.020+0800: 42.170: [class unloading, 0.0103132 secs]2020-11-07T19:55:59.030+0800: 42.180: [scrub symbol table, 0.0164001 secs]2020-11-07T19:55:59.047+0800: 42.196: [scrub string table, 0.0012952 secs][1 CMS-remark: 38167K(61956K)] 42759K(71172K), 0.0460712 secs] [Times: user=0.05 sys=0.00, real=0.05 secs] 
2020-11-07T19:55:59.056+0800: 42.206: [CMS-concurrent-sweep-start]
2020-11-07T19:55:59.082+0800: 42.232: Application time: 0.0339021 seconds
2020-11-07T19:55:59.099+0800: 42.249: Application time: 0.0174589 seconds
{Heap before GC invocations=521 (full 68):
 par new generation   total 9216K, used 8480K [0x00000000e3400000, 0x00000000e3e00000, 0x00000000ecca0000)
  eden space 8192K, 100% used [0x00000000e3400000, 0x00000000e3c00000, 0x00000000e3c00000)
  from space 1024K,  28% used [0x00000000e3d00000, 0x00000000e3d482d8, 0x00000000e3e00000)
  to   space 1024K,   0% used [0x00000000e3c00000, 0x00000000e3c00000, 0x00000000e3d00000)
 concurrent mark-sweep generation total 61956K, used 38055K [0x00000000ecca0000, 0x00000000f0921000, 0x0000000100000000)
 Metaspace       used 47688K, capacity 49844K, committed 50176K, reserved 1093632K
  class space    used 5895K, capacity 6310K, committed 6400K, reserved 1048576K
2020-11-07T19:55:59.100+0800: 42.249: [GC (Allocation Failure) 2020-11-07T19:55:59.100+0800: 42.249: [ParNew: 8480K->374K(9216K), 0.0158467 secs] 46535K->38429K(71172K), 0.0159329 secs] [Times: user=0.02 sys=0.00, real=0.02 secs] 
Heap after GC invocations=522 (full 68):
 par new generation   total 9216K, used 374K [0x00000000e3400000, 0x00000000e3e00000, 0x00000000ecca0000)
  eden space 8192K,   0% used [0x00000000e3400000, 0x00000000e3400000, 0x00000000e3c00000)
  from space 1024K,  36% used [0x00000000e3c00000, 0x00000000e3c5dac0, 0x00000000e3d00000)
  to   space 1024K,   0% used [0x00000000e3d00000, 0x00000000e3d00000, 0x00000000e3e00000)
 concurrent mark-sweep generation total 61956K, used 38055K [0x00000000ecca0000, 0x00000000f0921000, 0x0000000100000000)
 Metaspace       used 47688K, capacity 49844K, committed 50176K, reserved 1093632K
  class space    used 5895K, capacity 6310K, committed 6400K, reserved 1048576K
}
2020-11-07T19:55:59.128+0800: 42.278: [CMS-concurrent-sweep: 0.047/0.072 secs] [Times: user=0.07 sys=0.00, real=0.07 secs] 
2020-11-07T19:55:59.128+0800: 42.278: [CMS-concurrent-reset-start]
2020-11-07T19:55:59.139+0800: 42.288: Application time: 0.0231138 seconds
{Heap before GC invocations=522 (full 68):
 par new generation   total 9216K, used 8561K [0x00000000e3400000, 0x00000000e3e00000, 0x00000000ecca0000)
  eden space 8192K,  99% used [0x00000000e3400000, 0x00000000e3bfecb0, 0x00000000e3c00000)
  from space 1024K,  36% used [0x00000000e3c00000, 0x00000000e3c5dac0, 0x00000000e3d00000)
  to   space 1024K,   0% used [0x00000000e3d00000, 0x00000000e3d00000, 0x00000000e3e00000)
 concurrent mark-sweep generation total 63308K, used 37982K [0x00000000ecca0000, 0x00000000f0a73000, 0x0000000100000000)
 Metaspace       used 47698K, capacity 49876K, committed 50176K, reserved 1093632K
  class space    used 5897K, capacity 6342K, committed 6400K, reserved 1048576K
2020-11-07T19:55:59.139+0800: 42.289: [GC (Allocation Failure) 2020-11-07T19:55:59.139+0800: 42.289: [ParNew: 8561K->411K(9216K), 0.0222701 secs] 46544K->38490K(72524K), 0.0223679 secs] [Times: user=0.02 sys=0.00, real=0.02 secs] 
Heap after GC invocations=523 (full 68):
 par new generation   total 9216K, used 411K [0x00000000e3400000, 0x00000000e3e00000, 0x00000000ecca0000)
  eden space 8192K,   0% used [0x00000000e3400000, 0x00000000e3400000, 0x00000000e3c00000)
  from space 1024K,  40% used [0x00000000e3d00000, 0x00000000e3d66f28, 0x00000000e3e00000)
  to   space 1024K,   0% used [0x00000000e3c00000, 0x00000000e3c00000, 0x00000000e3d00000)
 concurrent mark-sweep generation total 63308K, used 38078K [0x00000000ecca0000, 0x00000000f0a73000, 0x0000000100000000)
 Metaspace       used 47698K, capacity 49876K, committed 50176K, reserved 1093632K
  class space    used 5897K, capacity 6342K, committed 6400K, reserved 1048576K
}
2020-11-07T19:55:59.163+0800: 42.312: [CMS-concurrent-reset: 0.011/0.034 secs] [Times: user=0.03 sys=0.00, real=0.03 secs] 
2020-11-07T19:55:59.164+0800: 42.314: Application time: 0.0029228 seconds
{Heap before GC invocations=523 (full 68):
 par new generation   total 9216K, used 8599K [0x00000000e3400000, 0x00000000e3e00000, 0x00000000ecca0000)
  eden space 8192K,  99% used [0x00000000e3400000, 0x00000000e3bfef58, 0x00000000e3c00000)
  from space 1024K,  40% used [0x00000000e3d00000, 0x00000000e3d66f28, 0x00000000e3e00000)
  to   space 1024K,   0% used [0x00000000e3c00000, 0x00000000e3c00000, 0x00000000e3d00000)
 concurrent mark-sweep generation total 63308K, used 38078K [0x00000000ecca0000, 0x00000000f0a73000, 0x0000000100000000)
 Metaspace       used 47698K, capacity 49876K, committed 50176K, reserved 1093632K
  class space    used 5897K, capacity 6342K, committed 6400K, reserved 1048576K
2020-11-07T19:55:59.165+0800: 42.314: [GC (Allocation Failure) 2020-11-07T19:55:59.165+0800: 42.314: [ParNew: 8599K->374K(9216K), 0.0048946 secs] 46678K->38459K(72524K), 0.0049444 secs] [Times: user=0.01 sys=0.00, real=0.00 secs] 
Heap after GC invocations=524 (full 68):
 par new generation   total 9216K, used 374K [0x00000000e3400000, 0x00000000e3e00000, 0x00000000ecca0000)
  eden space 8192K,   0% used [0x00000000e3400000, 0x00000000e3400000, 0x00000000e3c00000)
  from space 1024K,  36% used [0x00000000e3c00000, 0x00000000e3c5db18, 0x00000000e3d00000)
  to   space 1024K,   0% used [0x00000000e3d00000, 0x00000000e3d00000, 0x00000000e3e00000)
 concurrent mark-sweep generation total 63308K, used 38084K [0x00000000ecca0000, 0x00000000f0a73000, 0x0000000100000000)
 Metaspace       used 47698K, capacity 49876K, committed 50176K, reserved 1093632K
  class space    used 5897K, capacity 6342K, committed 6400K, reserved 1048576K
}
2020-11-07T19:55:59.173+0800: 42.323: Application time: 0.0034286 seconds
{Heap before GC invocations=524 (full 68):
 par new generation   total 9216K, used 8566K [0x00000000e3400000, 0x00000000e3e00000, 0x00000000ecca0000)
  eden space 8192K, 100% used [0x00000000e3400000, 0x00000000e3c00000, 0x00000000e3c00000)
  from space 1024K,  36% used [0x00000000e3c00000, 0x00000000e3c5db18, 0x00000000e3d00000)
  to   space 1024K,   0% used [0x00000000e3d00000, 0x00000000e3d00000, 0x00000000e3e00000)
 concurrent mark-sweep generation total 63308K, used 38084K [0x00000000ecca0000, 0x00000000f0a73000, 0x0000000100000000)
 Metaspace       used 47698K, capacity 49876K, committed 50176K, reserved 1093632K
  class space    used 5897K, capacity 6342K, committed 6400K, reserved 1048576K
2020-11-07T19:55:59.173+0800: 42.323: [GC (Allocation Failure) 2020-11-07T19:55:59.173+0800: 42.323: [ParNew: 8566K->351K(9216K), 0.0051791 secs] 46651K->38436K(72524K), 0.0052227 secs] [Times: user=0.01 sys=0.00, real=0.01 secs] 
Heap after GC invocations=525 (full 68):
 par new generation   total 9216K, used 351K [0x00000000e3400000, 0x00000000e3e00000, 0x00000000ecca0000)
  eden space 8192K,   0% used [0x00000000e3400000, 0x00000000e3400000, 0x00000000e3c00000)
  from space 1024K,  34% used [0x00000000e3d00000, 0x00000000e3d57ff8, 0x00000000e3e00000)
  to   space 1024K,   0% used [0x00000000e3c00000, 0x00000000e3c00000, 0x00000000e3d00000)
 concurrent mark-sweep generation total 63308K, used 38084K [0x00000000ecca0000, 0x00000000f0a73000, 0x0000000100000000)
 Metaspace       used 47698K, capacity 49876K, committed 50176K, reserved 1093632K
  class space    used 5897K, capacity 6342K, committed 6400K, reserved 1048576K
}
2020-11-07T19:55:59.213+0800: 42.362: Application time: 0.0342276 seconds
{Heap before GC invocations=525 (full 68):
 par new generation   total 9216K, used 8543K [0x00000000e3400000, 0x00000000e3e00000, 0x00000000ecca0000)
  eden space 8192K, 100% used [0x00000000e3400000, 0x00000000e3c00000, 0x00000000e3c00000)
  from space 1024K,  34% used [0x00000000e3d00000, 0x00000000e3d57ff8, 0x00000000e3e00000)
  to   space 1024K,   0% used [0x00000000e3c00000, 0x00000000e3c00000, 0x00000000e3d00000)
 concurrent mark-sweep generation total 63308K, used 38084K [0x00000000ecca0000, 0x00000000f0a73000, 0x0000000100000000)
 Metaspace       used 47834K, capacity 50012K, committed 50176K, reserved 1093632K
  class space    used 5911K, capacity 6344K, committed 6400K, reserved 1048576K
2020-11-07T19:55:59.213+0800: 42.362: [GC (Allocation Failure) 2020-11-07T19:55:59.213+0800: 42.363: [ParNew: 8543K->604K(9216K), 0.0207806 secs] 46628K->38688K(72524K), 0.0208356 secs] [Times: user=0.02 sys=0.00, real=0.02 secs] 
Heap after GC invocations=526 (full 68):
 par new generation   total 9216K, used 604K [0x00000000e3400000, 0x00000000e3e00000, 0x00000000ecca0000)
  eden space 8192K,   0% used [0x00000000e3400000, 0x00000000e3400000, 0x00000000e3c00000)
  from space 1024K,  58% used [0x00000000e3c00000, 0x00000000e3c97008, 0x00000000e3d00000)
  to   space 1024K,   0% used [0x00000000e3d00000, 0x00000000e3d00000, 0x00000000e3e00000)
 concurrent mark-sweep generation total 63308K, used 38084K [0x00000000ecca0000, 0x00000000f0a73000, 0x0000000100000000)
 Metaspace       used 47834K, capacity 50012K, committed 50176K, reserved 1093632K
  class space    used 5911K, capacity 6344K, committed 6400K, reserved 1048576K
}
2020-11-07T19:55:59.239+0800: 42.388: Application time: 0.0048323 seconds
2020-11-07T19:55:59.239+0800: 42.388: [GC (CMS Initial Mark) [1 CMS-initial-mark: 38084K(63308K)] 39394K(72524K), 0.0037105 secs] [Times: user=0.01 sys=0.00, real=0.00 secs] 
2020-11-07T19:55:59.242+0800: 42.392: [CMS-concurrent-mark-start]
2020-11-07T19:55:59.322+0800: 42.472: Application time: 0.0794787 seconds
{Heap before GC invocations=526 (full 69):
 par new generation   total 9216K, used 8796K [0x00000000e3400000, 0x00000000e3e00000, 0x00000000ecca0000)
  eden space 8192K, 100% used [0x00000000e3400000, 0x00000000e3c00000, 0x00000000e3c00000)
  from space 1024K,  58% used [0x00000000e3c00000, 0x00000000e3c97008, 0x00000000e3d00000)
  to   space 1024K,   0% used [0x00000000e3d00000, 0x00000000e3d00000, 0x00000000e3e00000)
 concurrent mark-sweep generation total 63308K, used 38084K [0x00000000ecca0000, 0x00000000f0a73000, 0x0000000100000000)
 Metaspace       used 48169K, capacity 50300K, committed 50432K, reserved 1093632K
  class space    used 5934K, capacity 6376K, committed 6400K, reserved 1048576K
2020-11-07T19:55:59.322+0800: 42.472: [GC (Allocation Failure) 2020-11-07T19:55:59.322+0800: 42.472: [ParNew: 8796K->663K(9216K), 0.0180234 secs] 46880K->38856K(72524K), 0.0180984 secs] [Times: user=0.02 sys=0.00, real=0.02 secs] 
Heap after GC invocations=527 (full 69):
 par new generation   total 9216K, used 663K [0x00000000e3400000, 0x00000000e3e00000, 0x00000000ecca0000)
  eden space 8192K,   0% used [0x00000000e3400000, 0x00000000e3400000, 0x00000000e3c00000)
  from space 1024K,  64% used [0x00000000e3d00000, 0x00000000e3da5ea0, 0x00000000e3e00000)
  to   space 1024K,   0% used [0x00000000e3c00000, 0x00000000e3c00000, 0x00000000e3d00000)
 concurrent mark-sweep generation total 63308K, used 38192K [0x00000000ecca0000, 0x00000000f0a73000, 0x0000000100000000)
 Metaspace       used 48169K, capacity 50300K, committed 50432K, reserved 1093632K
  class space    used 5934K, capacity 6376K, committed 6400K, reserved 1048576K
}
2020-11-07T19:55:59.416+0800: 42.565: Application time: 0.0754750 seconds
{Heap before GC invocations=527 (full 69):
 par new generation   total 9216K, used 8855K [0x00000000e3400000, 0x00000000e3e00000, 0x00000000ecca0000)
  eden space 8192K, 100% used [0x00000000e3400000, 0x00000000e3c00000, 0x00000000e3c00000)
  from space 1024K,  64% used [0x00000000e3d00000, 0x00000000e3da5ea0, 0x00000000e3e00000)
  to   space 1024K,   0% used [0x00000000e3c00000, 0x00000000e3c00000, 0x00000000e3d00000)
 concurrent mark-sweep generation total 63308K, used 38192K [0x00000000ecca0000, 0x00000000f0a73000, 0x0000000100000000)
 Metaspace       used 48456K, capacity 50556K, committed 50688K, reserved 1093632K
  class space    used 5958K, capacity 6376K, committed 6400K, reserved 1048576K
2020-11-07T19:55:59.416+0800: 42.566: [GC (Allocation Failure) 2020-11-07T19:55:59.416+0800: 42.566: [ParNew: 8855K->549K(9216K), 0.0144643 secs] 47048K->38875K(72524K), 0.0145368 secs] [Times: user=0.01 sys=0.00, real=0.01 secs] 
Heap after GC invocations=528 (full 69):
 par new generation   total 9216K, used 549K [0x00000000e3400000, 0x00000000e3e00000, 0x00000000ecca0000)
  eden space 8192K,   0% used [0x00000000e3400000, 0x00000000e3400000, 0x00000000e3c00000)
  from space 1024K,  53% used [0x00000000e3c00000, 0x00000000e3c89520, 0x00000000e3d00000)
  to   space 1024K,   0% used [0x00000000e3d00000, 0x00000000e3d00000, 0x00000000e3e00000)
 concurrent mark-sweep generation total 63308K, used 38326K [0x00000000ecca0000, 0x00000000f0a73000, 0x0000000100000000)
 Metaspace       used 48456K, capacity 50556K, committed 50688K, reserved 1093632K
  class space    used 5958K, capacity 6376K, committed 6400K, reserved 1048576K
}
2020-11-07T19:55:59.591+0800: 42.741: [CMS-concurrent-mark: 0.307/0.349 secs] [Times: user=0.34 sys=0.01, real=0.35 secs] 
2020-11-07T19:55:59.591+0800: 42.741: [CMS-concurrent-preclean-start]
2020-11-07T19:55:59.594+0800: 42.744: [CMS-concurrent-preclean: 0.002/0.003 secs] [Times: user=0.00 sys=0.00, real=0.00 secs] 
2020-11-07T19:55:59.594+0800: 42.744: Application time: 0.1638774 seconds
2020-11-07T19:55:59.684+0800: 42.834: [GC (CMS Final Remark) [YG occupancy: 1972 K (9216 K)]2020-11-07T19:55:59.684+0800: 42.834: [Rescan (parallel) , 0.0040480 secs]2020-11-07T19:55:59.688+0800: 42.838: [weak refs processing, 0.0009041 secs]2020-11-07T19:55:59.689+0800: 42.839: [class unloading, 0.0105792 secs]2020-11-07T19:55:59.700+0800: 42.849: [scrub symbol table, 0.0159836 secs]2020-11-07T19:55:59.716+0800: 42.865: [scrub string table, 0.0015203 secs][1 CMS-remark: 38326K(63308K)] 40298K(72524K), 0.0332708 secs] [Times: user=0.03 sys=0.00, real=0.04 secs] 
2020-11-07T19:55:59.722+0800: 42.872: [CMS-concurrent-sweep-start]
2020-11-07T19:55:59.758+0800: 42.908: [CMS-concurrent-sweep: 0.036/0.036 secs] [Times: user=0.03 sys=0.00, real=0.04 secs] 
2020-11-07T19:55:59.758+0800: 42.908: [CMS-concurrent-reset-start]
2020-11-07T19:55:59.759+0800: 42.909: [CMS-concurrent-reset: 0.001/0.001 secs] [Times: user=0.00 sys=0.00, real=0.00 secs] 
2020-11-07T19:55:59.780+0800: 42.929: Application time: 0.0623631 seconds
{Heap before GC invocations=528 (full 69):
 par new generation   total 9216K, used 8741K [0x00000000e3400000, 0x00000000e3e00000, 0x00000000ecca0000)
  eden space 8192K, 100% used [0x00000000e3400000, 0x00000000e3c00000, 0x00000000e3c00000)
  from space 1024K,  53% used [0x00000000e3c00000, 0x00000000e3c89520, 0x00000000e3d00000)
  to   space 1024K,   0% used [0x00000000e3d00000, 0x00000000e3d00000, 0x00000000e3e00000)
 concurrent mark-sweep generation total 63724K, used 38232K [0x00000000ecca0000, 0x00000000f0adb000, 0x0000000100000000)
 Metaspace       used 48762K, capacity 50880K, committed 51072K, reserved 1093632K
  class space    used 6018K, capacity 6442K, committed 6528K, reserved 1048576K
2020-11-07T19:55:59.780+0800: 42.929: [GC (Allocation Failure) 2020-11-07T19:55:59.780+0800: 42.929: [ParNew: 8741K->796K(9216K), 0.0193717 secs] 46973K->39028K(72940K), 0.0194546 secs] [Times: user=0.02 sys=0.01, real=0.02 secs] 
Heap after GC invocations=529 (full 69):
 par new generation   total 9216K, used 796K [0x00000000e3400000, 0x00000000e3e00000, 0x00000000ecca0000)
  eden space 8192K,   0% used [0x00000000e3400000, 0x00000000e3400000, 0x00000000e3c00000)
  from space 1024K,  77% used [0x00000000e3d00000, 0x00000000e3dc7070, 0x00000000e3e00000)
  to   space 1024K,   0% used [0x00000000e3c00000, 0x00000000e3c00000, 0x00000000e3d00000)
 concurrent mark-sweep generation total 63724K, used 38232K [0x00000000ecca0000, 0x00000000f0adb000, 0x0000000100000000)
 Metaspace       used 48762K, capacity 50880K, committed 51072K, reserved 1093632K
  class space    used 6018K, capacity 6442K, committed 6528K, reserved 1048576K
}
2020-11-07T19:55:59.848+0800: 42.998: Application time: 0.0491908 seconds
{Heap before GC invocations=529 (full 69):
 par new generation   total 9216K, used 8988K [0x00000000e3400000, 0x00000000e3e00000, 0x00000000ecca0000)
  eden space 8192K, 100% used [0x00000000e3400000, 0x00000000e3c00000, 0x00000000e3c00000)
  from space 1024K,  77% used [0x00000000e3d00000, 0x00000000e3dc7070, 0x00000000e3e00000)
  to   space 1024K,   0% used [0x00000000e3c00000, 0x00000000e3c00000, 0x00000000e3d00000)
 concurrent mark-sweep generation total 63724K, used 38232K [0x00000000ecca0000, 0x00000000f0adb000, 0x0000000100000000)
 Metaspace       used 49047K, capacity 51206K, committed 51328K, reserved 1093632K
  class space    used 6091K, capacity 6507K, committed 6528K, reserved 1048576K
2020-11-07T19:55:59.849+0800: 42.998: [GC (Allocation Failure) 2020-11-07T19:55:59.849+0800: 42.998: [ParNew: 8988K->572K(9216K), 0.0162852 secs] 47220K->39172K(72940K), 0.0163475 secs] [Times: user=0.01 sys=0.00, real=0.02 secs] 
Heap after GC invocations=530 (full 69):
 par new generation   total 9216K, used 572K [0x00000000e3400000, 0x00000000e3e00000, 0x00000000ecca0000)
  eden space 8192K,   0% used [0x00000000e3400000, 0x00000000e3400000, 0x00000000e3c00000)
  from space 1024K,  55% used [0x00000000e3c00000, 0x00000000e3c8f3f8, 0x00000000e3d00000)
  to   space 1024K,   0% used [0x00000000e3d00000, 0x00000000e3d00000, 0x00000000e3e00000)
 concurrent mark-sweep generation total 63724K, used 38599K [0x00000000ecca0000, 0x00000000f0adb000, 0x0000000100000000)
 Metaspace       used 49047K, capacity 51206K, committed 51328K, reserved 1093632K
  class space    used 6091K, capacity 6507K, committed 6528K, reserved 1048576K
}
2020-11-07T19:55:59.874+0800: 43.023: Application time: 0.0086156 seconds
2020-11-07T19:55:59.874+0800: 43.024: [GC (CMS Initial Mark) [1 CMS-initial-mark: 38599K(63724K)] 41129K(72940K), 0.0043224 secs] [Times: user=0.00 sys=0.00, real=0.01 secs] 
2020-11-07T19:55:59.878+0800: 43.028: [CMS-concurrent-mark-start]
2020-11-07T19:55:59.920+0800: 43.069: Application time: 0.0414516 seconds
{Heap before GC invocations=530 (full 70):
 par new generation   total 9216K, used 8764K [0x00000000e3400000, 0x00000000e3e00000, 0x00000000ecca0000)
  eden space 8192K, 100% used [0x00000000e3400000, 0x00000000e3c00000, 0x00000000e3c00000)
  from space 1024K,  55% used [0x00000000e3c00000, 0x00000000e3c8f3f8, 0x00000000e3d00000)
  to   space 1024K,   0% used [0x00000000e3d00000, 0x00000000e3d00000, 0x00000000e3e00000)
 concurrent mark-sweep generation total 63724K, used 38599K [0x00000000ecca0000, 0x00000000f0adb000, 0x0000000100000000)
 Metaspace       used 49158K, capacity 51302K, committed 51712K, reserved 1093632K
  class space    used 6110K, capacity 6539K, committed 6656K, reserved 1048576K
2020-11-07T19:55:59.920+0800: 43.069: [GC (Allocation Failure) 2020-11-07T19:55:59.920+0800: 43.069: [ParNew: 8764K->495K(9216K), 0.0149563 secs] 47364K->39095K(72940K), 0.0150239 secs] [Times: user=0.02 sys=0.00, real=0.02 secs] 
Heap after GC invocations=531 (full 70):
 par new generation   total 9216K, used 495K [0x00000000e3400000, 0x00000000e3e00000, 0x00000000ecca0000)
  eden space 8192K,   0% used [0x00000000e3400000, 0x00000000e3400000, 0x00000000e3c00000)
  from space 1024K,  48% used [0x00000000e3d00000, 0x00000000e3d7bf88, 0x00000000e3e00000)
  to   space 1024K,   0% used [0x00000000e3c00000, 0x00000000e3c00000, 0x00000000e3d00000)
 concurrent mark-sweep generation total 63724K, used 38599K [0x00000000ecca0000, 0x00000000f0adb000, 0x0000000100000000)
 Metaspace       used 49158K, capacity 51302K, committed 51712K, reserved 1093632K
  class space    used 6110K, capacity 6539K, committed 6656K, reserved 1048576K
}
2020-11-07T19:55:59.974+0800: 43.123: Application time: 0.0388306 seconds
{Heap before GC invocations=531 (full 70):
 par new generation   total 9216K, used 8687K [0x00000000e3400000, 0x00000000e3e00000, 0x00000000ecca0000)
  eden space 8192K, 100% used [0x00000000e3400000, 0x00000000e3c00000, 0x00000000e3c00000)
  from space 1024K,  48% used [0x00000000e3d00000, 0x00000000e3d7bf88, 0x00000000e3e00000)
  to   space 1024K,   0% used [0x00000000e3c00000, 0x00000000e3c00000, 0x00000000e3d00000)
 concurrent mark-sweep generation total 63724K, used 38599K [0x00000000ecca0000, 0x00000000f0adb000, 0x0000000100000000)
 Metaspace       used 49252K, capacity 51398K, committed 51712K, reserved 1093632K
  class space    used 6125K, capacity 6571K, committed 6656K, reserved 1048576K
2020-11-07T19:55:59.974+0800: 43.124: [GC (Allocation Failure) 2020-11-07T19:55:59.974+0800: 43.124: [ParNew: 8687K->540K(9216K), 0.0147582 secs] 47287K->39139K(72940K), 0.0148142 secs] [Times: user=0.01 sys=0.00, real=0.02 secs] 
Heap after GC invocations=532 (full 70):
 par new generation   total 9216K, used 540K [0x00000000e3400000, 0x00000000e3e00000, 0x00000000ecca0000)
  eden space 8192K,   0% used [0x00000000e3400000, 0x00000000e3400000, 0x00000000e3c00000)
  from space 1024K,  52% used [0x00000000e3c00000, 0x00000000e3c87030, 0x00000000e3d00000)
  to   space 1024K,   0% used [0x00000000e3d00000, 0x00000000e3d00000, 0x00000000e3e00000)
 concurrent mark-sweep generation total 63724K, used 38599K [0x00000000ecca0000, 0x00000000f0adb000, 0x0000000100000000)
 Metaspace       used 49252K, capacity 51398K, committed 51712K, reserved 1093632K
  class space    used 6125K, capacity 6571K, committed 6656K, reserved 1048576K
}
2020-11-07T19:56:00.035+0800: 43.185: Application time: 0.0464536 seconds
{Heap before GC invocations=532 (full 70):
 par new generation   total 9216K, used 8732K [0x00000000e3400000, 0x00000000e3e00000, 0x00000000ecca0000)
  eden space 8192K, 100% used [0x00000000e3400000, 0x00000000e3c00000, 0x00000000e3c00000)
  from space 1024K,  52% used [0x00000000e3c00000, 0x00000000e3c87030, 0x00000000e3d00000)
  to   space 1024K,   0% used [0x00000000e3d00000, 0x00000000e3d00000, 0x00000000e3e00000)
 concurrent mark-sweep generation total 63724K, used 38599K [0x00000000ecca0000, 0x00000000f0adb000, 0x0000000100000000)
 Metaspace       used 49289K, capacity 51462K, committed 51712K, reserved 1093632K
  class space    used 6130K, capacity 6571K, committed 6656K, reserved 1048576K
2020-11-07T19:56:00.035+0800: 43.185: [GC (Allocation Failure) 2020-11-07T19:56:00.035+0800: 43.185: [ParNew: 8732K->584K(9216K), 0.0168157 secs] 47331K->39184K(72940K), 0.0168731 secs] [Times: user=0.01 sys=0.00, real=0.01 secs] 
Heap after GC invocations=533 (full 70):
 par new generation   total 9216K, used 584K [0x00000000e3400000, 0x00000000e3e00000, 0x00000000ecca0000)
  eden space 8192K,   0% used [0x00000000e3400000, 0x00000000e3400000, 0x00000000e3c00000)
  from space 1024K,  57% used [0x00000000e3d00000, 0x00000000e3d92348, 0x00000000e3e00000)
  to   space 1024K,   0% used [0x00000000e3c00000, 0x00000000e3c00000, 0x00000000e3d00000)
 concurrent mark-sweep generation total 63724K, used 38599K [0x00000000ecca0000, 0x00000000f0adb000, 0x0000000100000000)
 Metaspace       used 49289K, capacity 51462K, committed 51712K, reserved 1093632K
  class space    used 6130K, capacity 6571K, committed 6656K, reserved 1048576K
}
2020-11-07T19:56:00.105+0800: 43.255: Application time: 0.0528601 seconds
{Heap before GC invocations=533 (full 70):
 par new generation   total 9216K, used 8776K [0x00000000e3400000, 0x00000000e3e00000, 0x00000000ecca0000)
  eden space 8192K, 100% used [0x00000000e3400000, 0x00000000e3c00000, 0x00000000e3c00000)
  from space 1024K,  57% used [0x00000000e3d00000, 0x00000000e3d92348, 0x00000000e3e00000)
  to   space 1024K,   0% used [0x00000000e3c00000, 0x00000000e3c00000, 0x00000000e3d00000)
 concurrent mark-sweep generation total 63724K, used 38599K [0x00000000ecca0000, 0x00000000f0adb000, 0x0000000100000000)
 Metaspace       used 49370K, capacity 51526K, committed 51712K, reserved 1093632K
  class space    used 6140K, capacity 6571K, committed 6656K, reserved 1048576K
2020-11-07T19:56:00.105+0800: 43.255: [GC (Allocation Failure) 2020-11-07T19:56:00.105+0800: 43.255: [ParNew: 8776K->558K(9216K), 0.0166708 secs] 47376K->39158K(72940K), 0.0167338 secs] [Times: user=0.02 sys=0.00, real=0.01 secs] 
Heap after GC invocations=534 (full 70):
 par new generation   total 9216K, used 558K [0x00000000e3400000, 0x00000000e3e00000, 0x00000000ecca0000)
  eden space 8192K,   0% used [0x00000000e3400000, 0x00000000e3400000, 0x00000000e3c00000)
  from space 1024K,  54% used [0x00000000e3c00000, 0x00000000e3c8b9e8, 0x00000000e3d00000)
  to   space 1024K,   0% used [0x00000000e3d00000, 0x00000000e3d00000, 0x00000000e3e00000)
 concurrent mark-sweep generation total 63724K, used 38599K [0x00000000ecca0000, 0x00000000f0adb000, 0x0000000100000000)
 Metaspace       used 49370K, capacity 51526K, committed 51712K, reserved 1093632K
  class space    used 6140K, capacity 6571K, committed 6656K, reserved 1048576K
}
2020-11-07T19:56:00.159+0800: 43.309: [CMS-concurrent-mark: 0.194/0.281 secs] [Times: user=0.28 sys=0.01, real=0.28 secs] 
2020-11-07T19:56:00.159+0800: 43.309: [CMS-concurrent-preclean-start]
2020-11-07T19:56:00.162+0800: 43.312: [CMS-concurrent-preclean: 0.003/0.003 secs] [Times: user=0.00 sys=0.00, real=0.00 secs] 
2020-11-07T19:56:00.162+0800: 43.312: [CMS-concurrent-abortable-preclean-start]
2020-11-07T19:56:00.172+0800: 43.322: Application time: 0.0498667 seconds
{Heap before GC invocations=534 (full 70):
 par new generation   total 9216K, used 8750K [0x00000000e3400000, 0x00000000e3e00000, 0x00000000ecca0000)
  eden space 8192K, 100% used [0x00000000e3400000, 0x00000000e3c00000, 0x00000000e3c00000)
  from space 1024K,  54% used [0x00000000e3c00000, 0x00000000e3c8b9e8, 0x00000000e3d00000)
  to   space 1024K,   0% used [0x00000000e3d00000, 0x00000000e3d00000, 0x00000000e3e00000)
 concurrent mark-sweep generation total 63724K, used 38599K [0x00000000ecca0000, 0x00000000f0adb000, 0x0000000100000000)
 Metaspace       used 49485K, capacity 51590K, committed 51968K, reserved 1095680K
  class space    used 6156K, capacity 6571K, committed 6656K, reserved 1048576K
2020-11-07T19:56:00.172+0800: 43.322: [GC (Allocation Failure) 2020-11-07T19:56:00.172+0800: 43.322: [ParNew: 8750K->610K(9216K), 0.0175138 secs] 47350K->39241K(72940K), 0.0175912 secs] [Times: user=0.02 sys=0.00, real=0.02 secs] 
Heap after GC invocations=535 (full 70):
 par new generation   total 9216K, used 610K [0x00000000e3400000, 0x00000000e3e00000, 0x00000000ecca0000)
  eden space 8192K,   0% used [0x00000000e3400000, 0x00000000e3400000, 0x00000000e3c00000)
  from space 1024K,  59% used [0x00000000e3d00000, 0x00000000e3d98928, 0x00000000e3e00000)
  to   space 1024K,   0% used [0x00000000e3c00000, 0x00000000e3c00000, 0x00000000e3d00000)
 concurrent mark-sweep generation total 63724K, used 38630K [0x00000000ecca0000, 0x00000000f0adb000, 0x0000000100000000)
 Metaspace       used 49485K, capacity 51590K, committed 51968K, reserved 1095680K
  class space    used 6156K, capacity 6571K, committed 6656K, reserved 1048576K
}
2020-11-07T19:56:00.193+0800: 43.342: Application time: 0.0026619 seconds
2020-11-07T19:56:00.212+0800: 43.361: Application time: 0.0191075 seconds
{Heap before GC invocations=535 (full 70):
 par new generation   total 9216K, used 8802K [0x00000000e3400000, 0x00000000e3e00000, 0x00000000ecca0000)
  eden space 8192K, 100% used [0x00000000e3400000, 0x00000000e3c00000, 0x00000000e3c00000)
  from space 1024K,  59% used [0x00000000e3d00000, 0x00000000e3d98928, 0x00000000e3e00000)
  to   space 1024K,   0% used [0x00000000e3c00000, 0x00000000e3c00000, 0x00000000e3d00000)
 concurrent mark-sweep generation total 63724K, used 38630K [0x00000000ecca0000, 0x00000000f0adb000, 0x0000000100000000)
 Metaspace       used 49585K, capacity 51750K, committed 51968K, reserved 1095680K
  class space    used 6172K, capacity 6603K, committed 6656K, reserved 1048576K
2020-11-07T19:56:00.212+0800: 43.362: [GC (Allocation Failure) 2020-11-07T19:56:00.212+0800: 43.362: [ParNew: 8802K->611K(9216K), 0.0229341 secs] 47433K->39379K(72940K), 0.0229900 secs] [Times: user=0.02 sys=0.00, real=0.03 secs] 
Heap after GC invocations=536 (full 70):
 par new generation   total 9216K, used 611K [0x00000000e3400000, 0x00000000e3e00000, 0x00000000ecca0000)
  eden space 8192K,   0% used [0x00000000e3400000, 0x00000000e3400000, 0x00000000e3c00000)
  from space 1024K,  59% used [0x00000000e3c00000, 0x00000000e3c98e78, 0x00000000e3d00000)
  to   space 1024K,   0% used [0x00000000e3d00000, 0x00000000e3d00000, 0x00000000e3e00000)
 concurrent mark-sweep generation total 63724K, used 38767K [0x00000000ecca0000, 0x00000000f0adb000, 0x0000000100000000)
 Metaspace       used 49585K, capacity 51750K, committed 51968K, reserved 1095680K
  class space    used 6172K, capacity 6603K, committed 6656K, reserved 1048576K
}
2020-11-07T19:56:00.279+0800: 43.428: Application time: 0.0436582 seconds
{Heap before GC invocations=536 (full 70):
 par new generation   total 9216K, used 8803K [0x00000000e3400000, 0x00000000e3e00000, 0x00000000ecca0000)
  eden space 8192K, 100% used [0x00000000e3400000, 0x00000000e3c00000, 0x00000000e3c00000)
  from space 1024K,  59% used [0x00000000e3c00000, 0x00000000e3c98e78, 0x00000000e3d00000)
  to   space 1024K,   0% used [0x00000000e3d00000, 0x00000000e3d00000, 0x00000000e3e00000)
 concurrent mark-sweep generation total 63724K, used 38767K [0x00000000ecca0000, 0x00000000f0adb000, 0x0000000100000000)
 Metaspace       used 49672K, capacity 51828K, committed 52224K, reserved 1095680K
  class space    used 6191K, capacity 6606K, committed 6656K, reserved 1048576K
2020-11-07T19:56:00.279+0800: 43.428: [GC (Allocation Failure) 2020-11-07T19:56:00.279+0800: 43.428: [ParNew: 8803K->517K(9216K), 0.0070270 secs] 47571K->39285K(72940K), 0.0070778 secs] [Times: user=0.01 sys=0.00, real=0.01 secs] 
Heap after GC invocations=537 (full 70):
 par new generation   total 9216K, used 517K [0x00000000e3400000, 0x00000000e3e00000, 0x00000000ecca0000)
  eden space 8192K,   0% used [0x00000000e3400000, 0x00000000e3400000, 0x00000000e3c00000)
  from space 1024K,  50% used [0x00000000e3d00000, 0x00000000e3d81698, 0x00000000e3e00000)
  to   space 1024K,   0% used [0x00000000e3c00000, 0x00000000e3c00000, 0x00000000e3d00000)
 concurrent mark-sweep generation total 63724K, used 38767K [0x00000000ecca0000, 0x00000000f0adb000, 0x0000000100000000)
 Metaspace       used 49672K, capacity 51828K, committed 52224K, reserved 1095680K
  class space    used 6191K, capacity 6606K, committed 6656K, reserved 1048576K
}
2020-11-07T19:56:00.286+0800: 43.436: [CMS-concurrent-abortable-preclean: 0.036/0.124 secs] [Times: user=0.12 sys=0.00, real=0.13 secs] 
2020-11-07T19:56:00.288+0800: 43.438: Application time: 0.0023181 seconds
2020-11-07T19:56:00.288+0800: 43.438: [GC (CMS Final Remark) [YG occupancy: 1031 K (9216 K)]2020-11-07T19:56:00.288+0800: 43.438: [Rescan (parallel) , 0.0138537 secs]2020-11-07T19:56:00.302+0800: 43.452: [weak refs processing, 0.0006803 secs]2020-11-07T19:56:00.303+0800: 43.453: [class unloading, 0.0147927 secs]2020-11-07T19:56:00.318+0800: 43.467: [scrub symbol table, 0.0172352 secs]2020-11-07T19:56:00.335+0800: 43.485: [scrub string table, 0.0010669 secs][1 CMS-remark: 38767K(63724K)] 39799K(72940K), 0.0478058 secs] [Times: user=0.05 sys=0.00, real=0.05 secs] 
2020-11-07T19:56:00.338+0800: 43.488: [CMS-concurrent-sweep-start]
2020-11-07T19:56:00.367+0800: 43.517: Application time: 0.0310652 seconds
{Heap before GC invocations=537 (full 70):
 par new generation   total 9216K, used 8705K [0x00000000e3400000, 0x00000000e3e00000, 0x00000000ecca0000)
  eden space 8192K,  99% used [0x00000000e3400000, 0x00000000e3bfeef8, 0x00000000e3c00000)
  from space 1024K,  50% used [0x00000000e3d00000, 0x00000000e3d81698, 0x00000000e3e00000)
  to   space 1024K,   0% used [0x00000000e3c00000, 0x00000000e3c00000, 0x00000000e3d00000)
 concurrent mark-sweep generation total 63724K, used 38687K [0x00000000ecca0000, 0x00000000f0adb000, 0x0000000100000000)
 Metaspace       used 49725K, capacity 51860K, committed 52224K, reserved 1095680K
  class space    used 6206K, capacity 6638K, committed 6656K, reserved 1048576K
2020-11-07T19:56:00.367+0800: 43.517: [GC (Allocation Failure) 2020-11-07T19:56:00.367+0800: 43.517: [ParNew: 8705K->627K(9216K), 0.0170161 secs] 47392K->39315K(72940K), 0.0171062 secs] [Times: user=0.01 sys=0.00, real=0.02 secs] 
Heap after GC invocations=538 (full 70):
 par new generation   total 9216K, used 627K [0x00000000e3400000, 0x00000000e3e00000, 0x00000000ecca0000)
  eden space 8192K,   0% used [0x00000000e3400000, 0x00000000e3400000, 0x00000000e3c00000)
  from space 1024K,  61% used [0x00000000e3c00000, 0x00000000e3c9ce10, 0x00000000e3d00000)
  to   space 1024K,   0% used [0x00000000e3d00000, 0x00000000e3d00000, 0x00000000e3e00000)
 concurrent mark-sweep generation total 63724K, used 38687K [0x00000000ecca0000, 0x00000000f0adb000, 0x0000000100000000)
 Metaspace       used 49725K, capacity 51860K, committed 52224K, reserved 1095680K
  class space    used 6206K, capacity 6638K, committed 6656K, reserved 1048576K
}
2020-11-07T19:56:00.387+0800: 43.537: Application time: 0.0024883 seconds
{Heap before GC invocations=538 (full 70):
 par new generation   total 9216K, used 8814K [0x00000000e3400000, 0x00000000e3e00000, 0x00000000ecca0000)
  eden space 8192K,  99% used [0x00000000e3400000, 0x00000000e3bfeab0, 0x00000000e3c00000)
  from space 1024K,  61% used [0x00000000e3c00000, 0x00000000e3c9ce10, 0x00000000e3d00000)
  to   space 1024K,   0% used [0x00000000e3d00000, 0x00000000e3d00000, 0x00000000e3e00000)
 concurrent mark-sweep generation total 63724K, used 38687K [0x00000000ecca0000, 0x00000000f0adb000, 0x0000000100000000)
 Metaspace       used 49725K, capacity 51860K, committed 52224K, reserved 1095680K
  class space    used 6206K, capacity 6638K, committed 6656K, reserved 1048576K
2020-11-07T19:56:00.387+0800: 43.537: [GC (Allocation Failure) 2020-11-07T19:56:00.387+0800: 43.537: [ParNew: 8814K->560K(9216K), 0.0208329 secs] 47501K->39349K(72940K), 0.0208950 secs] [Times: user=0.02 sys=0.00, real=0.02 secs] 
Heap after GC invocations=539 (full 70):
 par new generation   total 9216K, used 560K [0x00000000e3400000, 0x00000000e3e00000, 0x00000000ecca0000)
  eden space 8192K,   0% used [0x00000000e3400000, 0x00000000e3400000, 0x00000000e3c00000)
  from space 1024K,  54% used [0x00000000e3d00000, 0x00000000e3d8c3e8, 0x00000000e3e00000)
  to   space 1024K,   0% used [0x00000000e3c00000, 0x00000000e3c00000, 0x00000000e3d00000)
 concurrent mark-sweep generation total 63724K, used 38788K [0x00000000ecca0000, 0x00000000f0adb000, 0x0000000100000000)
 Metaspace       used 49725K, capacity 51860K, committed 52224K, reserved 1095680K
  class space    used 6206K, capacity 6638K, committed 6656K, reserved 1048576K
}
2020-11-07T19:56:00.412+0800: 43.562: [CMS-concurrent-sweep: 0.032/0.074 secs] [Times: user=0.07 sys=0.00, real=0.07 secs] 
2020-11-07T19:56:00.414+0800: 43.564: Application time: 0.0061071 seconds
{Heap before GC invocations=539 (full 70):
 par new generation   total 9216K, used 8717K [0x00000000e3400000, 0x00000000e3e00000, 0x00000000ecca0000)
  eden space 8192K,  99% used [0x00000000e3400000, 0x00000000e3bf73b0, 0x00000000e3c00000)
  from space 1024K,  54% used [0x00000000e3d00000, 0x00000000e3d8c3e8, 0x00000000e3e00000)
  to   space 1024K,   0% used [0x00000000e3c00000, 0x00000000e3c00000, 0x00000000e3d00000)
 concurrent mark-sweep generation total 63724K, used 38620K [0x00000000ecca0000, 0x00000000f0adb000, 0x0000000100000000)
 Metaspace       used 49722K, capacity 51854K, committed 52224K, reserved 1095680K
  class space    used 6205K, capacity 6637K, committed 6656K, reserved 1048576K
2020-11-07T19:56:00.414+0800: 43.564: [GC (Allocation Failure) 2020-11-07T19:56:00.414+0800: 43.564: [ParNew: 8717K->463K(9216K), 0.0053362 secs] 47338K->39126K(72940K), 0.0054147 secs] [Times: user=0.01 sys=0.01, real=0.01 secs] 
Heap after GC invocations=540 (full 70):
 par new generation   total 9216K, used 463K [0x00000000e3400000, 0x00000000e3e00000, 0x00000000ecca0000)
  eden space 8192K,   0% used [0x00000000e3400000, 0x00000000e3400000, 0x00000000e3c00000)
  from space 1024K,  45% used [0x00000000e3c00000, 0x00000000e3c73d40, 0x00000000e3d00000)
  to   space 1024K,   0% used [0x00000000e3d00000, 0x00000000e3d00000, 0x00000000e3e00000)
 concurrent mark-sweep generation total 63724K, used 38662K [0x00000000ecca0000, 0x00000000f0adb000, 0x0000000100000000)
 Metaspace       used 49722K, capacity 51854K, committed 52224K, reserved 1095680K
  class space    used 6205K, capacity 6637K, committed 6656K, reserved 1048576K
}
2020-11-07T19:56:00.424+0800: 43.573: Application time: 0.0037985 seconds
{Heap before GC invocations=540 (full 70):
 par new generation   total 9216K, used 8654K [0x00000000e3400000, 0x00000000e3e00000, 0x00000000ecca0000)
  eden space 8192K,  99% used [0x00000000e3400000, 0x00000000e3bffe38, 0x00000000e3c00000)
  from space 1024K,  45% used [0x00000000e3c00000, 0x00000000e3c73d40, 0x00000000e3d00000)
  to   space 1024K,   0% used [0x00000000e3d00000, 0x00000000e3d00000, 0x00000000e3e00000)
 concurrent mark-sweep generation total 63724K, used 38662K [0x00000000ecca0000, 0x00000000f0adb000, 0x0000000100000000)
 Metaspace       used 49723K, capacity 51854K, committed 52224K, reserved 1095680K
  class space    used 6205K, capacity 6637K, committed 6656K, reserved 1048576K
2020-11-07T19:56:00.424+0800: 43.574: [GC (Allocation Failure) 2020-11-07T19:56:00.424+0800: 43.574: [ParNew: 8654K->410K(9216K), 0.0050449 secs] 47317K->39139K(72940K), 0.0050906 secs] [Times: user=0.00 sys=0.00, real=0.01 secs] 
Heap after GC invocations=541 (full 70):
 par new generation   total 9216K, used 410K [0x00000000e3400000, 0x00000000e3e00000, 0x00000000ecca0000)
  eden space 8192K,   0% used [0x00000000e3400000, 0x00000000e3400000, 0x00000000e3c00000)
  from space 1024K,  40% used [0x00000000e3d00000, 0x00000000e3d66ba0, 0x00000000e3e00000)
  to   space 1024K,   0% used [0x00000000e3c00000, 0x00000000e3c00000, 0x00000000e3d00000)
 concurrent mark-sweep generation total 63724K, used 38728K [0x00000000ecca0000, 0x00000000f0adb000, 0x0000000100000000)
 Metaspace       used 49723K, capacity 51854K, committed 52224K, reserved 1095680K
  class space    used 6205K, capacity 6637K, committed 6656K, reserved 1048576K
}
2020-11-07T19:56:00.436+0800: 43.585: [CMS-concurrent-reset-start]
2020-11-07T19:56:00.437+0800: 43.586: [CMS-concurrent-reset: 0.001/0.001 secs] [Times: user=0.00 sys=0.00, real=0.00 secs] 
2020-11-07T19:56:00.444+0800: 43.594: Application time: 0.0148744 seconds
{Heap before GC invocations=541 (full 70):
 par new generation   total 9216K, used 8602K [0x00000000e3400000, 0x00000000e3e00000, 0x00000000ecca0000)
  eden space 8192K, 100% used [0x00000000e3400000, 0x00000000e3c00000, 0x00000000e3c00000)
  from space 1024K,  40% used [0x00000000e3d00000, 0x00000000e3d66ba0, 0x00000000e3e00000)
  to   space 1024K,   0% used [0x00000000e3c00000, 0x00000000e3c00000, 0x00000000e3d00000)
 concurrent mark-sweep generation total 64548K, used 38728K [0x00000000ecca0000, 0x00000000f0ba9000, 0x0000000100000000)
 Metaspace       used 49784K, capacity 51918K, committed 52224K, reserved 1095680K
  class space    used 6214K, capacity 6637K, committed 6656K, reserved 1048576K
2020-11-07T19:56:00.444+0800: 43.594: [GC (Allocation Failure) 2020-11-07T19:56:00.444+0800: 43.594: [ParNew: 8602K->494K(9216K), 0.0141030 secs] 47331K->39287K(73764K), 0.0141720 secs] [Times: user=0.01 sys=0.00, real=0.02 secs] 
Heap after GC invocations=542 (full 70):
 par new generation   total 9216K, used 494K [0x00000000e3400000, 0x00000000e3e00000, 0x00000000ecca0000)
  eden space 8192K,   0% used [0x00000000e3400000, 0x00000000e3400000, 0x00000000e3c00000)
  from space 1024K,  48% used [0x00000000e3c00000, 0x00000000e3c7bb48, 0x00000000e3d00000)
  to   space 1024K,   0% used [0x00000000e3d00000, 0x00000000e3d00000, 0x00000000e3e00000)
 concurrent mark-sweep generation total 64548K, used 38792K [0x00000000ecca0000, 0x00000000f0ba9000, 0x0000000100000000)
 Metaspace       used 49784K, capacity 51918K, committed 52224K, reserved 1095680K
  class space    used 6214K, capacity 6637K, committed 6656K, reserved 1048576K
}
2020-11-07T19:56:00.466+0800: 43.615: Application time: 0.0073388 seconds
2020-11-07T19:56:00.466+0800: 43.615: [GC (CMS Initial Mark) [1 CMS-initial-mark: 38792K(64548K)] 41106K(73764K), 0.0042418 secs] [Times: user=0.00 sys=0.00, real=0.00 secs] 
2020-11-07T19:56:00.470+0800: 43.620: [CMS-concurrent-mark-start]
2020-11-07T19:56:00.514+0800: 43.664: Application time: 0.0441987 seconds
{Heap before GC invocations=542 (full 71):
 par new generation   total 9216K, used 8686K [0x00000000e3400000, 0x00000000e3e00000, 0x00000000ecca0000)
  eden space 8192K, 100% used [0x00000000e3400000, 0x00000000e3c00000, 0x00000000e3c00000)
  from space 1024K,  48% used [0x00000000e3c00000, 0x00000000e3c7bb48, 0x00000000e3d00000)
  to   space 1024K,   0% used [0x00000000e3d00000, 0x00000000e3d00000, 0x00000000e3e00000)
 concurrent mark-sweep generation total 64548K, used 38792K [0x00000000ecca0000, 0x00000000f0ba9000, 0x0000000100000000)
 Metaspace       used 49945K, capacity 52078K, committed 52352K, reserved 1095680K
  class space    used 6237K, capacity 6669K, committed 6784K, reserved 1048576K
2020-11-07T19:56:00.514+0800: 43.664: [GC (Allocation Failure) 2020-11-07T19:56:00.514+0800: 43.664: [ParNew: 8686K->522K(9216K), 0.0169536 secs] 47479K->39338K(73764K), 0.0170255 secs] [Times: user=0.01 sys=0.00, real=0.02 secs] 
Heap after GC invocations=543 (full 71):
 par new generation   total 9216K, used 522K [0x00000000e3400000, 0x00000000e3e00000, 0x00000000ecca0000)
  eden space 8192K,   0% used [0x00000000e3400000, 0x00000000e3400000, 0x00000000e3c00000)
  from space 1024K,  50% used [0x00000000e3d00000, 0x00000000e3d82808, 0x00000000e3e00000)
  to   space 1024K,   0% used [0x00000000e3c00000, 0x00000000e3c00000, 0x00000000e3d00000)
 concurrent mark-sweep generation total 64548K, used 38816K [0x00000000ecca0000, 0x00000000f0ba9000, 0x0000000100000000)
 Metaspace       used 49945K, capacity 52078K, committed 52352K, reserved 1095680K
  class space    used 6237K, capacity 6669K, committed 6784K, reserved 1048576K
}
2020-11-07T19:56:00.567+0800: 43.717: Application time: 0.0356144 seconds
{Heap before GC invocations=543 (full 71):
 par new generation   total 9216K, used 8714K [0x00000000e3400000, 0x00000000e3e00000, 0x00000000ecca0000)
  eden space 8192K, 100% used [0x00000000e3400000, 0x00000000e3c00000, 0x00000000e3c00000)
  from space 1024K,  50% used [0x00000000e3d00000, 0x00000000e3d82808, 0x00000000e3e00000)
  to   space 1024K,   0% used [0x00000000e3c00000, 0x00000000e3c00000, 0x00000000e3d00000)
 concurrent mark-sweep generation total 64548K, used 38816K [0x00000000ecca0000, 0x00000000f0ba9000, 0x0000000100000000)
 Metaspace       used 50034K, capacity 52142K, committed 52608K, reserved 1095680K
  class space    used 6249K, capacity 6669K, committed 6784K, reserved 1048576K
2020-11-07T19:56:00.567+0800: 43.717: [GC (Allocation Failure) 2020-11-07T19:56:00.567+0800: 43.717: [ParNew: 8714K->241K(9216K), 0.0053540 secs] 47530K->39086K(73764K), 0.0054047 secs] [Times: user=0.01 sys=0.00, real=0.00 secs] 
Heap after GC invocations=544 (full 71):
 par new generation   total 9216K, used 241K [0x00000000e3400000, 0x00000000e3e00000, 0x00000000ecca0000)
  eden space 8192K,   0% used [0x00000000e3400000, 0x00000000e3400000, 0x00000000e3c00000)
  from space 1024K,  23% used [0x00000000e3c00000, 0x00000000e3c3c6d8, 0x00000000e3d00000)
  to   space 1024K,   0% used [0x00000000e3d00000, 0x00000000e3d00000, 0x00000000e3e00000)
 concurrent mark-sweep generation total 64548K, used 38844K [0x00000000ecca0000, 0x00000000f0ba9000, 0x0000000100000000)
 Metaspace       used 50034K, capacity 52142K, committed 52608K, reserved 1095680K
  class space    used 6249K, capacity 6669K, committed 6784K, reserved 1048576K
}
2020-11-07T19:56:00.605+0800: 43.754: Application time: 0.0319040 seconds
{Heap before GC invocations=544 (full 71):
 par new generation   total 9216K, used 8433K [0x00000000e3400000, 0x00000000e3e00000, 0x00000000ecca0000)
  eden space 8192K, 100% used [0x00000000e3400000, 0x00000000e3c00000, 0x00000000e3c00000)
  from space 1024K,  23% used [0x00000000e3c00000, 0x00000000e3c3c6d8, 0x00000000e3d00000)
  to   space 1024K,   0% used [0x00000000e3d00000, 0x00000000e3d00000, 0x00000000e3e00000)
 concurrent mark-sweep generation total 64548K, used 38844K [0x00000000ecca0000, 0x00000000f0ba9000, 0x0000000100000000)
 Metaspace       used 50138K, capacity 52270K, committed 52608K, reserved 1095680K
  class space    used 6261K, capacity 6669K, committed 6784K, reserved 1048576K
2020-11-07T19:56:00.605+0800: 43.754: [GC (Allocation Failure) 2020-11-07T19:56:00.605+0800: 43.754: [ParNew: 8433K->269K(9216K), 0.0151013 secs] 47278K->39132K(73764K), 0.0151596 secs] [Times: user=0.01 sys=0.00, real=0.01 secs] 
Heap after GC invocations=545 (full 71):
 par new generation   total 9216K, used 269K [0x00000000e3400000, 0x00000000e3e00000, 0x00000000ecca0000)
  eden space 8192K,   0% used [0x00000000e3400000, 0x00000000e3400000, 0x00000000e3c00000)
  from space 1024K,  26% used [0x00000000e3d00000, 0x00000000e3d43450, 0x00000000e3e00000)
  to   space 1024K,   0% used [0x00000000e3c00000, 0x00000000e3c00000, 0x00000000e3d00000)
 concurrent mark-sweep generation total 64548K, used 38863K [0x00000000ecca0000, 0x00000000f0ba9000, 0x0000000100000000)
 Metaspace       used 50138K, capacity 52270K, committed 52608K, reserved 1095680K
  class space    used 6261K, capacity 6669K, committed 6784K, reserved 1048576K
}
2020-11-07T19:56:00.672+0800: 43.822: Application time: 0.0523381 seconds
{Heap before GC invocations=545 (full 71):
 par new generation   total 9216K, used 8461K [0x00000000e3400000, 0x00000000e3e00000, 0x00000000ecca0000)
  eden space 8192K, 100% used [0x00000000e3400000, 0x00000000e3c00000, 0x00000000e3c00000)
  from space 1024K,  26% used [0x00000000e3d00000, 0x00000000e3d43450, 0x00000000e3e00000)
  to   space 1024K,   0% used [0x00000000e3c00000, 0x00000000e3c00000, 0x00000000e3d00000)
 concurrent mark-sweep generation total 64548K, used 38863K [0x00000000ecca0000, 0x00000000f0ba9000, 0x0000000100000000)
 Metaspace       used 50241K, capacity 52366K, committed 52608K, reserved 1095680K
  class space    used 6273K, capacity 6701K, committed 6784K, reserved 1048576K
2020-11-07T19:56:00.672+0800: 43.822: [GC (Allocation Failure) 2020-11-07T19:56:00.673+0800: 43.822: [ParNew: 8461K->274K(9216K), 0.0164691 secs] 47324K->39159K(73764K), 0.0165275 secs] [Times: user=0.01 sys=0.00, real=0.02 secs] 
Heap after GC invocations=546 (full 71):
 par new generation   total 9216K, used 274K [0x00000000e3400000, 0x00000000e3e00000, 0x00000000ecca0000)
  eden space 8192K,   0% used [0x00000000e3400000, 0x00000000e3400000, 0x00000000e3c00000)
  from space 1024K,  26% used [0x00000000e3c00000, 0x00000000e3c44bd0, 0x00000000e3d00000)
  to   space 1024K,   0% used [0x00000000e3d00000, 0x00000000e3d00000, 0x00000000e3e00000)
 concurrent mark-sweep generation total 64548K, used 38884K [0x00000000ecca0000, 0x00000000f0ba9000, 0x0000000100000000)
 Metaspace       used 50241K, capacity 52366K, committed 52608K, reserved 1095680K
  class space    used 6273K, capacity 6701K, committed 6784K, reserved 1048576K
}
2020-11-07T19:56:00.700+0800: 43.849: [CMS-concurrent-mark: 0.149/0.230 secs] [Times: user=0.23 sys=0.00, real=0.23 secs] 
2020-11-07T19:56:00.700+0800: 43.849: [CMS-concurrent-preclean-start]
2020-11-07T19:56:00.703+0800: 43.852: [CMS-concurrent-preclean: 0.003/0.003 secs] [Times: user=0.01 sys=0.00, real=0.00 secs] 
2020-11-07T19:56:00.703+0800: 43.852: [CMS-concurrent-abortable-preclean-start]
2020-11-07T19:56:00.735+0800: 43.885: Application time: 0.0463205 seconds
{Heap before GC invocations=546 (full 71):
 par new generation   total 9216K, used 8297K [0x00000000e3400000, 0x00000000e3e00000, 0x00000000ecca0000)
  eden space 8192K,  97% used [0x00000000e3400000, 0x00000000e3bd5bf8, 0x00000000e3c00000)
  from space 1024K,  26% used [0x00000000e3c00000, 0x00000000e3c44bd0, 0x00000000e3d00000)
  to   space 1024K,   0% used [0x00000000e3d00000, 0x00000000e3d00000, 0x00000000e3e00000)
 concurrent mark-sweep generation total 64548K, used 38884K [0x00000000ecca0000, 0x00000000f0ba9000, 0x0000000100000000)
 Metaspace       used 50312K, capacity 52430K, committed 52864K, reserved 1095680K
  class space    used 6282K, capacity 6701K, committed 6784K, reserved 1048576K
2020-11-07T19:56:00.736+0800: 43.885: [GC (Allocation Failure) 2020-11-07T19:56:00.736+0800: 43.885: [ParNew: 8297K->592K(9216K), 0.0052105 secs] 47182K->39493K(73764K), 0.0052730 secs] [Times: user=0.00 sys=0.00, real=0.00 secs] 
Heap after GC invocations=547 (full 71):
 par new generation   total 9216K, used 592K [0x00000000e3400000, 0x00000000e3e00000, 0x00000000ecca0000)
  eden space 8192K,   0% used [0x00000000e3400000, 0x00000000e3400000, 0x00000000e3c00000)
  from space 1024K,  57% used [0x00000000e3d00000, 0x00000000e3d94080, 0x00000000e3e00000)
  to   space 1024K,   0% used [0x00000000e3c00000, 0x00000000e3c00000, 0x00000000e3d00000)
 concurrent mark-sweep generation total 64548K, used 38900K [0x00000000ecca0000, 0x00000000f0ba9000, 0x0000000100000000)
 Metaspace       used 50312K, capacity 52430K, committed 52864K, reserved 1095680K
  class space    used 6282K, capacity 6701K, committed 6784K, reserved 1048576K
}
2020-11-07T19:56:00.829+0800: 43.979: Application time: 0.0883120 seconds
{Heap before GC invocations=547 (full 71):
 par new generation   total 9216K, used 8784K [0x00000000e3400000, 0x00000000e3e00000, 0x00000000ecca0000)
  eden space 8192K, 100% used [0x00000000e3400000, 0x00000000e3c00000, 0x00000000e3c00000)
  from space 1024K,  57% used [0x00000000e3d00000, 0x00000000e3d94080, 0x00000000e3e00000)
  to   space 1024K,   0% used [0x00000000e3c00000, 0x00000000e3c00000, 0x00000000e3d00000)
 concurrent mark-sweep generation total 64548K, used 38900K [0x00000000ecca0000, 0x00000000f0ba9000, 0x0000000100000000)
 Metaspace       used 50315K, capacity 52430K, committed 52864K, reserved 1095680K
  class space    used 6282K, capacity 6701K, committed 6784K, reserved 1048576K
2020-11-07T19:56:00.829+0800: 43.979: [GC (Allocation Failure) 2020-11-07T19:56:00.829+0800: 43.979: [ParNew: 8784K->845K(9216K), 0.0171730 secs] 47685K->39836K(73764K), 0.0172305 secs] [Times: user=0.01 sys=0.00, real=0.02 secs] 
Heap after GC invocations=548 (full 71):
 par new generation   total 9216K, used 845K [0x00000000e3400000, 0x00000000e3e00000, 0x00000000ecca0000)
  eden space 8192K,   0% used [0x00000000e3400000, 0x00000000e3400000, 0x00000000e3c00000)
  from space 1024K,  82% used [0x00000000e3c00000, 0x00000000e3cd3690, 0x00000000e3d00000)
  to   space 1024K,   0% used [0x00000000e3d00000, 0x00000000e3d00000, 0x00000000e3e00000)
 concurrent mark-sweep generation total 64548K, used 38991K [0x00000000ecca0000, 0x00000000f0ba9000, 0x0000000100000000)
 Metaspace       used 50315K, capacity 52430K, committed 52864K, reserved 1095680K
  class space    used 6282K, capacity 6701K, committed 6784K, reserved 1048576K
}
2020-11-07T19:56:00.858+0800: 44.007: Application time: 0.0110967 seconds
{Heap before GC invocations=548 (full 71):
 par new generation   total 9216K, used 8592K [0x00000000e3400000, 0x00000000e3e00000, 0x00000000ecca0000)
  eden space 8192K,  94% used [0x00000000e3400000, 0x00000000e3b90be8, 0x00000000e3c00000)
  from space 1024K,  82% used [0x00000000e3c00000, 0x00000000e3cd3690, 0x00000000e3d00000)
  to   space 1024K,   0% used [0x00000000e3d00000, 0x00000000e3d00000, 0x00000000e3e00000)
 concurrent mark-sweep generation total 64548K, used 38991K [0x00000000ecca0000, 0x00000000f0ba9000, 0x0000000100000000)
 Metaspace       used 50316K, capacity 52430K, committed 52864K, reserved 1095680K
  class space    used 6282K, capacity 6701K, committed 6784K, reserved 1048576K
2020-11-07T19:56:00.858+0800: 44.008: [GC (Allocation Failure) 2020-11-07T19:56:00.858+0800: 44.008: [ParNew: 8592K->1024K(9216K), 0.0053939 secs] 47583K->40192K(73764K), 0.0054533 secs] [Times: user=0.01 sys=0.00, real=0.00 secs] 
Heap after GC invocations=549 (full 71):
 par new generation   total 9216K, used 1024K [0x00000000e3400000, 0x00000000e3e00000, 0x00000000ecca0000)
  eden space 8192K,   0% used [0x00000000e3400000, 0x00000000e3400000, 0x00000000e3c00000)
  from space 1024K, 100% used [0x00000000e3d00000, 0x00000000e3e00000, 0x00000000e3e00000)
  to   space 1024K,   0% used [0x00000000e3c00000, 0x00000000e3c00000, 0x00000000e3d00000)
 concurrent mark-sweep generation total 64548K, used 39168K [0x00000000ecca0000, 0x00000000f0ba9000, 0x0000000100000000)
 Metaspace       used 50316K, capacity 52430K, committed 52864K, reserved 1095680K
  class space    used 6282K, capacity 6701K, committed 6784K, reserved 1048576K
}
2020-11-07T19:56:00.874+0800: 44.024: Application time: 0.0107011 seconds
{Heap before GC invocations=549 (full 71):
 par new generation   total 9216K, used 8690K [0x00000000e3400000, 0x00000000e3e00000, 0x00000000ecca0000)
  eden space 8192K,  93% used [0x00000000e3400000, 0x00000000e3b7c9c0, 0x00000000e3c00000)
  from space 1024K, 100% used [0x00000000e3d00000, 0x00000000e3e00000, 0x00000000e3e00000)
  to   space 1024K,   0% used [0x00000000e3c00000, 0x00000000e3c00000, 0x00000000e3d00000)
 concurrent mark-sweep generation total 64548K, used 39168K [0x00000000ecca0000, 0x00000000f0ba9000, 0x0000000100000000)
 Metaspace       used 50316K, capacity 52430K, committed 52864K, reserved 1095680K
  class space    used 6282K, capacity 6701K, committed 6784K, reserved 1048576K
2020-11-07T19:56:00.874+0800: 44.024: [GC (Allocation Failure) 2020-11-07T19:56:00.874+0800: 44.024: [ParNew: 8690K->904K(9216K), 0.0051703 secs] 47858K->41074K(73764K), 0.0052282 secs] [Times: user=0.00 sys=0.01, real=0.01 secs] 
Heap after GC invocations=550 (full 71):
 par new generation   total 9216K, used 904K [0x00000000e3400000, 0x00000000e3e00000, 0x00000000ecca0000)
  eden space 8192K,   0% used [0x00000000e3400000, 0x00000000e3400000, 0x00000000e3c00000)
  from space 1024K,  88% used [0x00000000e3c00000, 0x00000000e3ce21e0, 0x00000000e3d00000)
  to   space 1024K,   0% used [0x00000000e3d00000, 0x00000000e3d00000, 0x00000000e3e00000)
 concurrent mark-sweep generation total 64548K, used 40169K [0x00000000ecca0000, 0x00000000f0ba9000, 0x0000000100000000)
 Metaspace       used 50316K, capacity 52430K, committed 52864K, reserved 1095680K
  class space    used 6282K, capacity 6701K, committed 6784K, reserved 1048576K
}
2020-11-07T19:56:00.893+0800: 44.043: Application time: 0.0138983 seconds
{Heap before GC invocations=550 (full 71):
 par new generation   total 9216K, used 9096K [0x00000000e3400000, 0x00000000e3e00000, 0x00000000ecca0000)
  eden space 8192K, 100% used [0x00000000e3400000, 0x00000000e3c00000, 0x00000000e3c00000)
  from space 1024K,  88% used [0x00000000e3c00000, 0x00000000e3ce21e0, 0x00000000e3d00000)
  to   space 1024K,   0% used [0x00000000e3d00000, 0x00000000e3d00000, 0x00000000e3e00000)
 concurrent mark-sweep generation total 64548K, used 40169K [0x00000000ecca0000, 0x00000000f0ba9000, 0x0000000100000000)
 Metaspace       used 50317K, capacity 52430K, committed 52864K, reserved 1095680K
  class space    used 6282K, capacity 6701K, committed 6784K, reserved 1048576K
2020-11-07T19:56:00.894+0800: 44.043: [GC (Allocation Failure) 2020-11-07T19:56:00.894+0800: 44.043: [ParNew: 9096K->738K(9216K), 0.0039014 secs] 49266K->40909K(73764K), 0.0039548 secs] [Times: user=0.00 sys=0.00, real=0.01 secs] 
Heap after GC invocations=551 (full 71):
 par new generation   total 9216K, used 738K [0x00000000e3400000, 0x00000000e3e00000, 0x00000000ecca0000)
  eden space 8192K,   0% used [0x00000000e3400000, 0x00000000e3400000, 0x00000000e3c00000)
  from space 1024K,  72% used [0x00000000e3d00000, 0x00000000e3db8bb8, 0x00000000e3e00000)
  to   space 1024K,   0% used [0x00000000e3c00000, 0x00000000e3c00000, 0x00000000e3d00000)
 concurrent mark-sweep generation total 64548K, used 40170K [0x00000000ecca0000, 0x00000000f0ba9000, 0x0000000100000000)
 Metaspace       used 50317K, capacity 52430K, committed 52864K, reserved 1095680K
  class space    used 6282K, capacity 6701K, committed 6784K, reserved 1048576K
}
2020-11-07T19:56:00.907+0800: 44.057: Application time: 0.0092745 seconds
{Heap before GC invocations=551 (full 71):
 par new generation   total 9216K, used 6910K [0x00000000e3400000, 0x00000000e3e00000, 0x00000000ecca0000)
  eden space 8192K,  75% used [0x00000000e3400000, 0x00000000e3a07030, 0x00000000e3c00000)
  from space 1024K,  72% used [0x00000000e3d00000, 0x00000000e3db8bb8, 0x00000000e3e00000)
  to   space 1024K,   0% used [0x00000000e3c00000, 0x00000000e3c00000, 0x00000000e3d00000)
 concurrent mark-sweep generation total 64548K, used 40170K [0x00000000ecca0000, 0x00000000f0ba9000, 0x0000000100000000)
 Metaspace       used 50317K, capacity 52430K, committed 52864K, reserved 1095680K
  class space    used 6282K, capacity 6701K, committed 6784K, reserved 1048576K
2020-11-07T19:56:00.907+0800: 44.057: [GC (Allocation Failure) 2020-11-07T19:56:00.907+0800: 44.057: [ParNew: 6910K->1024K(9216K), 0.0214414 secs] 47081K->46826K(73764K), 0.0215008 secs] [Times: user=0.02 sys=0.00, real=0.02 secs] 
Heap after GC invocations=552 (full 71):
 par new generation   total 9216K, used 1024K [0x00000000e3400000, 0x00000000e3e00000, 0x00000000ecca0000)
  eden space 8192K,   0% used [0x00000000e3400000, 0x00000000e3400000, 0x00000000e3c00000)
  from space 1024K, 100% used [0x00000000e3c00000, 0x00000000e3d00000, 0x00000000e3d00000)
  to   space 1024K,   0% used [0x00000000e3d00000, 0x00000000e3d00000, 0x00000000e3e00000)
 concurrent mark-sweep generation total 64548K, used 45802K [0x00000000ecca0000, 0x00000000f0ba9000, 0x0000000100000000)
 Metaspace       used 50317K, capacity 52430K, committed 52864K, reserved 1095680K
  class space    used 6282K, capacity 6701K, committed 6784K, reserved 1048576K
}
2020-11-07T19:56:00.936+0800: 44.086: [CMS-concurrent-abortable-preclean: 0.036/0.234 secs] [Times: user=0.15 sys=0.01, real=0.24 secs] 
2020-11-07T19:56:00.940+0800: 44.090: Application time: 0.0112302 seconds
{Heap before GC invocations=552 (full 71):
 par new generation   total 9216K, used 9216K [0x00000000e3400000, 0x00000000e3e00000, 0x00000000ecca0000)
  eden space 8192K, 100% used [0x00000000e3400000, 0x00000000e3c00000, 0x00000000e3c00000)
  from space 1024K, 100% used [0x00000000e3c00000, 0x00000000e3d00000, 0x00000000e3d00000)
  to   space 1024K,   0% used [0x00000000e3d00000, 0x00000000e3d00000, 0x00000000e3e00000)
 concurrent mark-sweep generation total 64548K, used 45802K [0x00000000ecca0000, 0x00000000f0ba9000, 0x0000000100000000)
 Metaspace       used 50317K, capacity 52430K, committed 52864K, reserved 1095680K
  class space    used 6282K, capacity 6701K, committed 6784K, reserved 1048576K
2020-11-07T19:56:00.940+0800: 44.090: [GC (Allocation Failure) 2020-11-07T19:56:00.940+0800: 44.090: [ParNew: 9216K->234K(9216K), 0.0044801 secs] 55018K->47050K(73764K), 0.0045456 secs] [Times: user=0.00 sys=0.00, real=0.01 secs] 
Heap after GC invocations=553 (full 71):
 par new generation   total 9216K, used 234K [0x00000000e3400000, 0x00000000e3e00000, 0x00000000ecca0000)
  eden space 8192K,   0% used [0x00000000e3400000, 0x00000000e3400000, 0x00000000e3c00000)
  from space 1024K,  22% used [0x00000000e3d00000, 0x00000000e3d3aa50, 0x00000000e3e00000)
  to   space 1024K,   0% used [0x00000000e3c00000, 0x00000000e3c00000, 0x00000000e3d00000)
 concurrent mark-sweep generation total 64548K, used 46816K [0x00000000ecca0000, 0x00000000f0ba9000, 0x0000000100000000)
 Metaspace       used 50317K, capacity 52430K, committed 52864K, reserved 1095680K
  class space    used 6282K, capacity 6701K, committed 6784K, reserved 1048576K
}
2020-11-07T19:56:00.953+0800: 44.103: Application time: 0.0081115 seconds
{Heap before GC invocations=553 (full 71):
 par new generation   total 9216K, used 8426K [0x00000000e3400000, 0x00000000e3e00000, 0x00000000ecca0000)
  eden space 8192K, 100% used [0x00000000e3400000, 0x00000000e3c00000, 0x00000000e3c00000)
  from space 1024K,  22% used [0x00000000e3d00000, 0x00000000e3d3aa50, 0x00000000e3e00000)
  to   space 1024K,   0% used [0x00000000e3c00000, 0x00000000e3c00000, 0x00000000e3d00000)
 concurrent mark-sweep generation total 64548K, used 46816K [0x00000000ecca0000, 0x00000000f0ba9000, 0x0000000100000000)
 Metaspace       used 50319K, capacity 52430K, committed 52864K, reserved 1095680K
  class space    used 6282K, capacity 6701K, committed 6784K, reserved 1048576K
2020-11-07T19:56:00.953+0800: 44.103: [GC (Allocation Failure) 2020-11-07T19:56:00.953+0800: 44.103: [ParNew: 8426K->1024K(9216K), 0.0043200 secs] 55242K->48204K(73764K), 0.0043674 secs] [Times: user=0.00 sys=0.00, real=0.01 secs] 
Heap after GC invocations=554 (full 71):
 par new generation   total 9216K, used 1024K [0x00000000e3400000, 0x00000000e3e00000, 0x00000000ecca0000)
  eden space 8192K,   0% used [0x00000000e3400000, 0x00000000e3400000, 0x00000000e3c00000)
  from space 1024K, 100% used [0x00000000e3c00000, 0x00000000e3d00000, 0x00000000e3d00000)
  to   space 1024K,   0% used [0x00000000e3d00000, 0x00000000e3d00000, 0x00000000e3e00000)
 concurrent mark-sweep generation total 64548K, used 47180K [0x00000000ecca0000, 0x00000000f0ba9000, 0x0000000100000000)
 Metaspace       used 50319K, capacity 52430K, committed 52864K, reserved 1095680K
  class space    used 6282K, capacity 6701K, committed 6784K, reserved 1048576K
}
2020-11-07T19:56:00.964+0800: 44.113: Application time: 0.0061745 seconds
2020-11-07T19:56:00.964+0800: 44.114: [GC (CMS Final Remark) [YG occupancy: 7540 K (9216 K)]2020-11-07T19:56:00.964+0800: 44.114: [Rescan (parallel) , 0.0034565 secs]2020-11-07T19:56:00.967+0800: 44.117: [weak refs processing, 0.0000970 secs]2020-11-07T19:56:00.967+0800: 44.117: [class unloading, 0.0120966 secs]2020-11-07T19:56:00.980+0800: 44.129: [scrub symbol table, 0.0213775 secs]2020-11-07T19:56:01.001+0800: 44.151: [scrub string table, 0.0012525 secs][1 CMS-remark: 47180K(64548K)] 54720K(73764K), 0.0384816 secs] [Times: user=0.04 sys=0.00, real=0.04 secs] 
2020-11-07T19:56:01.005+0800: 44.154: [CMS-concurrent-sweep-start]
2020-11-07T19:56:01.009+0800: 44.158: Application time: 0.0064325 seconds
{Heap before GC invocations=554 (full 71):
 par new generation   total 9216K, used 9159K [0x00000000e3400000, 0x00000000e3e00000, 0x00000000ecca0000)
  eden space 8192K,  99% used [0x00000000e3400000, 0x00000000e3bf1fe0, 0x00000000e3c00000)
  from space 1024K, 100% used [0x00000000e3c00000, 0x00000000e3d00000, 0x00000000e3d00000)
  to   space 1024K,   0% used [0x00000000e3d00000, 0x00000000e3d00000, 0x00000000e3e00000)
 concurrent mark-sweep generation total 64548K, used 47180K [0x00000000ecca0000, 0x00000000f0ba9000, 0x0000000100000000)
 Metaspace       used 50319K, capacity 52430K, committed 52864K, reserved 1095680K
  class space    used 6282K, capacity 6701K, committed 6784K, reserved 1048576K
2020-11-07T19:56:01.009+0800: 44.159: [GC (Allocation Failure) 2020-11-07T19:56:01.009+0800: 44.159: [ParNew: 9159K->398K(9216K), 0.0049779 secs] 56339K->48547K(73764K), 0.0050486 secs] [Times: user=0.01 sys=0.00, real=0.00 secs] 
Heap after GC invocations=555 (full 71):
 par new generation   total 9216K, used 398K [0x00000000e3400000, 0x00000000e3e00000, 0x00000000ecca0000)
  eden space 8192K,   0% used [0x00000000e3400000, 0x00000000e3400000, 0x00000000e3c00000)
  from space 1024K,  38% used [0x00000000e3d00000, 0x00000000e3d63988, 0x00000000e3e00000)
  to   space 1024K,   0% used [0x00000000e3c00000, 0x00000000e3c00000, 0x00000000e3d00000)
 concurrent mark-sweep generation total 64548K, used 48149K [0x00000000ecca0000, 0x00000000f0ba9000, 0x0000000100000000)
 Metaspace       used 50319K, capacity 52430K, committed 52864K, reserved 1095680K
  class space    used 6282K, capacity 6701K, committed 6784K, reserved 1048576K
}
2020-11-07T19:56:01.026+0800: 44.176: Application time: 0.0120225 seconds
{Heap before GC invocations=555 (full 71):
 par new generation   total 9216K, used 8575K [0x00000000e3400000, 0x00000000e3e00000, 0x00000000ecca0000)
  eden space 8192K,  99% used [0x00000000e3400000, 0x00000000e3bfc660, 0x00000000e3c00000)
  from space 1024K,  38% used [0x00000000e3d00000, 0x00000000e3d63988, 0x00000000e3e00000)
  to   space 1024K,   0% used [0x00000000e3c00000, 0x00000000e3c00000, 0x00000000e3d00000)
 concurrent mark-sweep generation total 64548K, used 48149K [0x00000000ecca0000, 0x00000000f0ba9000, 0x0000000100000000)
 Metaspace       used 50319K, capacity 52430K, committed 52864K, reserved 1095680K
  class space    used 6282K, capacity 6701K, committed 6784K, reserved 1048576K
2020-11-07T19:56:01.026+0800: 44.176: [GC (Allocation Failure) 2020-11-07T19:56:01.026+0800: 44.176: [ParNew: 8575K->1024K(9216K), 0.0045592 secs] 56725K->49198K(73764K), 0.0046174 secs] [Times: user=0.00 sys=0.00, real=0.00 secs] 
Heap after GC invocations=556 (full 71):
 par new generation   total 9216K, used 1024K [0x00000000e3400000, 0x00000000e3e00000, 0x00000000ecca0000)
  eden space 8192K,   0% used [0x00000000e3400000, 0x00000000e3400000, 0x00000000e3c00000)
  from space 1024K, 100% used [0x00000000e3c00000, 0x00000000e3d00000, 0x00000000e3d00000)
  to   space 1024K,   0% used [0x00000000e3d00000, 0x00000000e3d00000, 0x00000000e3e00000)
 concurrent mark-sweep generation total 64548K, used 48174K [0x00000000ecca0000, 0x00000000f0ba9000, 0x0000000100000000)
 Metaspace       used 50319K, capacity 52430K, committed 52864K, reserved 1095680K
  class space    used 6282K, capacity 6701K, committed 6784K, reserved 1048576K
}
2020-11-07T19:56:01.037+0800: 44.187: Application time: 0.0059631 seconds
{Heap before GC invocations=556 (full 71):
 par new generation   total 9216K, used 9165K [0x00000000e3400000, 0x00000000e3e00000, 0x00000000ecca0000)
  eden space 8192K,  99% used [0x00000000e3400000, 0x00000000e3bf35c0, 0x00000000e3c00000)
  from space 1024K, 100% used [0x00000000e3c00000, 0x00000000e3d00000, 0x00000000e3d00000)
  to   space 1024K,   0% used [0x00000000e3d00000, 0x00000000e3d00000, 0x00000000e3e00000)
 concurrent mark-sweep generation total 64548K, used 48174K [0x00000000ecca0000, 0x00000000f0ba9000, 0x0000000100000000)
 Metaspace       used 50319K, capacity 52430K, committed 52864K, reserved 1095680K
  class space    used 6282K, capacity 6701K, committed 6784K, reserved 1048576K
2020-11-07T19:56:01.037+0800: 44.187: [GC (Allocation Failure) 2020-11-07T19:56:01.037+0800: 44.187: [ParNew: 9165K->654K(9216K), 0.0141863 secs] 57340K->49836K(73764K), 0.0142405 secs] [Times: user=0.01 sys=0.00, real=0.01 secs] 
Heap after GC invocations=557 (full 71):
 par new generation   total 9216K, used 654K [0x00000000e3400000, 0x00000000e3e00000, 0x00000000ecca0000)
  eden space 8192K,   0% used [0x00000000e3400000, 0x00000000e3400000, 0x00000000e3c00000)
  from space 1024K,  63% used [0x00000000e3d00000, 0x00000000e3da3bd8, 0x00000000e3e00000)
  to   space 1024K,   0% used [0x00000000e3c00000, 0x00000000e3c00000, 0x00000000e3d00000)
 concurrent mark-sweep generation total 64548K, used 49181K [0x00000000ecca0000, 0x00000000f0ba9000, 0x0000000100000000)
 Metaspace       used 50319K, capacity 52430K, committed 52864K, reserved 1095680K
  class space    used 6282K, capacity 6701K, committed 6784K, reserved 1048576K
}
2020-11-07T19:56:01.061+0800: 44.210: [CMS-concurrent-sweep: 0.020/0.056 secs] [Times: user=0.05 sys=0.01, real=0.05 secs] 
2020-11-07T19:56:01.068+0800: 44.218: Application time: 0.0165083 seconds
{Heap before GC invocations=557 (full 71):
 par new generation   total 9216K, used 8846K [0x00000000e3400000, 0x00000000e3e00000, 0x00000000ecca0000)
  eden space 8192K, 100% used [0x00000000e3400000, 0x00000000e3c00000, 0x00000000e3c00000)
  from space 1024K,  63% used [0x00000000e3d00000, 0x00000000e3da3bd8, 0x00000000e3e00000)
  to   space 1024K,   0% used [0x00000000e3c00000, 0x00000000e3c00000, 0x00000000e3d00000)
 concurrent mark-sweep generation total 64548K, used 49065K [0x00000000ecca0000, 0x00000000f0ba9000, 0x0000000100000000)
 Metaspace       used 50320K, capacity 52430K, committed 52864K, reserved 1095680K
  class space    used 6282K, capacity 6701K, committed 6784K, reserved 1048576K
2020-11-07T19:56:01.068+0800: 44.218: [GC (Allocation Failure) 2020-11-07T19:56:01.068+0800: 44.218: [ParNew: 8846K->71K(9216K), 0.0037253 secs] 57912K->49137K(73764K), 0.0038130 secs] [Times: user=0.00 sys=0.00, real=0.00 secs] 
Heap after GC invocations=558 (full 71):
 par new generation   total 9216K, used 71K [0x00000000e3400000, 0x00000000e3e00000, 0x00000000ecca0000)
  eden space 8192K,   0% used [0x00000000e3400000, 0x00000000e3400000, 0x00000000e3c00000)
  from space 1024K,   6% used [0x00000000e3c00000, 0x00000000e3c11d40, 0x00000000e3d00000)
  to   space 1024K,   0% used [0x00000000e3d00000, 0x00000000e3d00000, 0x00000000e3e00000)
 concurrent mark-sweep generation total 64548K, used 49065K [0x00000000ecca0000, 0x00000000f0ba9000, 0x0000000100000000)
 Metaspace       used 50320K, capacity 52430K, committed 52864K, reserved 1095680K
  class space    used 6282K, capacity 6701K, committed 6784K, reserved 1048576K
}
2020-11-07T19:56:01.080+0800: 44.230: Application time: 0.0082871 seconds
{Heap before GC invocations=558 (full 71):
 par new generation   total 9216K, used 8263K [0x00000000e3400000, 0x00000000e3e00000, 0x00000000ecca0000)
  eden space 8192K, 100% used [0x00000000e3400000, 0x00000000e3c00000, 0x00000000e3c00000)
  from space 1024K,   6% used [0x00000000e3c00000, 0x00000000e3c11d40, 0x00000000e3d00000)
  to   space 1024K,   0% used [0x00000000e3d00000, 0x00000000e3d00000, 0x00000000e3e00000)
 concurrent mark-sweep generation total 64548K, used 49065K [0x00000000ecca0000, 0x00000000f0ba9000, 0x0000000100000000)
 Metaspace       used 50320K, capacity 52430K, committed 52864K, reserved 1095680K
  class space    used 6282K, capacity 6701K, committed 6784K, reserved 1048576K
2020-11-07T19:56:01.080+0800: 44.230: [GC (Allocation Failure) 2020-11-07T19:56:01.080+0800: 44.230: [ParNew: 8263K->127K(9216K), 0.0035827 secs] 57329K->49193K(73764K), 0.0036279 secs] [Times: user=0.00 sys=0.00, real=0.00 secs] 
Heap after GC invocations=559 (full 71):
 par new generation   total 9216K, used 127K [0x00000000e3400000, 0x00000000e3e00000, 0x00000000ecca0000)
  eden space 8192K,   0% used [0x00000000e3400000, 0x00000000e3400000, 0x00000000e3c00000)
  from space 1024K,  12% used [0x00000000e3d00000, 0x00000000e3d1ff78, 0x00000000e3e00000)
  to   space 1024K,   0% used [0x00000000e3c00000, 0x00000000e3c00000, 0x00000000e3d00000)
 concurrent mark-sweep generation total 64548K, used 49065K [0x00000000ecca0000, 0x00000000f0ba9000, 0x0000000100000000)
 Metaspace       used 50320K, capacity 52430K, committed 52864K, reserved 1095680K
  class space    used 6282K, capacity 6701K, committed 6784K, reserved 1048576K
}
2020-11-07T19:56:01.088+0800: 44.238: [CMS-concurrent-reset-start]
2020-11-07T19:56:01.089+0800: 44.239: [CMS-concurrent-reset: 0.001/0.001 secs] [Times: user=0.00 sys=0.00, real=0.00 secs] 
2020-11-07T19:56:01.137+0800: 44.286: Application time: 0.0524667 seconds
{Heap before GC invocations=559 (full 71):
 par new generation   total 9216K, used 5819K [0x00000000e3400000, 0x00000000e3e00000, 0x00000000ecca0000)
  eden space 8192K,  69% used [0x00000000e3400000, 0x00000000e398edb8, 0x00000000e3c00000)
  from space 1024K,  12% used [0x00000000e3d00000, 0x00000000e3d1ff78, 0x00000000e3e00000)
  to   space 1024K,   0% used [0x00000000e3c00000, 0x00000000e3c00000, 0x00000000e3d00000)
 concurrent mark-sweep generation total 81780K, used 49065K [0x00000000ecca0000, 0x00000000f1c7d000, 0x0000000100000000)
 Metaspace       used 50320K, capacity 52430K, committed 52864K, reserved 1095680K
  class space    used 6282K, capacity 6701K, committed 6784K, reserved 1048576K
2020-11-07T19:56:01.137+0800: 44.286: [GC (Allocation Failure) 2020-11-07T19:56:01.137+0800: 44.286: [ParNew: 5819K->1024K(9216K), 0.0075764 secs] 54885K->53105K(90996K), 0.0076637 secs] [Times: user=0.00 sys=0.01, real=0.00 secs] 
Heap after GC invocations=560 (full 71):
 par new generation   total 9216K, used 1024K [0x00000000e3400000, 0x00000000e3e00000, 0x00000000ecca0000)
  eden space 8192K,   0% used [0x00000000e3400000, 0x00000000e3400000, 0x00000000e3c00000)
  from space 1024K, 100% used [0x00000000e3c00000, 0x00000000e3d00000, 0x00000000e3d00000)
  to   space 1024K,   0% used [0x00000000e3d00000, 0x00000000e3d00000, 0x00000000e3e00000)
 concurrent mark-sweep generation total 81780K, used 52081K [0x00000000ecca0000, 0x00000000f1c7d000, 0x0000000100000000)
 Metaspace       used 50320K, capacity 52430K, committed 52864K, reserved 1095680K
  class space    used 6282K, capacity 6701K, committed 6784K, reserved 1048576K
}
2020-11-07T19:56:01.150+0800: 44.300: Application time: 0.0060036 seconds
{Heap before GC invocations=560 (full 71):
 par new generation   total 9216K, used 9216K [0x00000000e3400000, 0x00000000e3e00000, 0x00000000ecca0000)
  eden space 8192K, 100% used [0x00000000e3400000, 0x00000000e3c00000, 0x00000000e3c00000)
  from space 1024K, 100% used [0x00000000e3c00000, 0x00000000e3d00000, 0x00000000e3d00000)
  to   space 1024K,   0% used [0x00000000e3d00000, 0x00000000e3d00000, 0x00000000e3e00000)
 concurrent mark-sweep generation total 81780K, used 52081K [0x00000000ecca0000, 0x00000000f1c7d000, 0x0000000100000000)
 Metaspace       used 50321K, capacity 52430K, committed 52864K, reserved 1095680K
  class space    used 6282K, capacity 6701K, committed 6784K, reserved 1048576K
2020-11-07T19:56:01.151+0800: 44.300: [GC (Allocation Failure) 2020-11-07T19:56:01.151+0800: 44.300: [ParNew: 9216K->166K(9216K), 0.0050855 secs] 61297K->53267K(90996K), 0.0051447 secs] [Times: user=0.01 sys=0.00, real=0.01 secs] 
Heap after GC invocations=561 (full 71):
 par new generation   total 9216K, used 166K [0x00000000e3400000, 0x00000000e3e00000, 0x00000000ecca0000)
  eden space 8192K,   0% used [0x00000000e3400000, 0x00000000e3400000, 0x00000000e3c00000)
  from space 1024K,  16% used [0x00000000e3d00000, 0x00000000e3d29928, 0x00000000e3e00000)
  to   space 1024K,   0% used [0x00000000e3c00000, 0x00000000e3c00000, 0x00000000e3d00000)
 concurrent mark-sweep generation total 81780K, used 53101K [0x00000000ecca0000, 0x00000000f1c7d000, 0x0000000100000000)
 Metaspace       used 50321K, capacity 52430K, committed 52864K, reserved 1095680K
  class space    used 6282K, capacity 6701K, committed 6784K, reserved 1048576K
}
2020-11-07T19:56:01.162+0800: 44.312: Application time: 0.0063590 seconds
{Heap before GC invocations=561 (full 71):
 par new generation   total 9216K, used 8214K [0x00000000e3400000, 0x00000000e3e00000, 0x00000000ecca0000)
  eden space 8192K,  98% used [0x00000000e3400000, 0x00000000e3bdbf70, 0x00000000e3c00000)
  from space 1024K,  16% used [0x00000000e3d00000, 0x00000000e3d29928, 0x00000000e3e00000)
  to   space 1024K,   0% used [0x00000000e3c00000, 0x00000000e3c00000, 0x00000000e3d00000)
 concurrent mark-sweep generation total 81780K, used 53101K [0x00000000ecca0000, 0x00000000f1c7d000, 0x0000000100000000)
 Metaspace       used 50321K, capacity 52430K, committed 52864K, reserved 1095680K
  class space    used 6282K, capacity 6701K, committed 6784K, reserved 1048576K
2020-11-07T19:56:01.162+0800: 44.312: [GC (Allocation Failure) 2020-11-07T19:56:01.162+0800: 44.312: [ParNew: 8214K->161K(9216K), 0.0039844 secs] 61315K->53262K(90996K), 0.0040592 secs] [Times: user=0.01 sys=0.00, real=0.01 secs] 
Heap after GC invocations=562 (full 71):
 par new generation   total 9216K, used 161K [0x00000000e3400000, 0x00000000e3e00000, 0x00000000ecca0000)
  eden space 8192K,   0% used [0x00000000e3400000, 0x00000000e3400000, 0x00000000e3c00000)
  from space 1024K,  15% used [0x00000000e3c00000, 0x00000000e3c28678, 0x00000000e3d00000)
  to   space 1024K,   0% used [0x00000000e3d00000, 0x00000000e3d00000, 0x00000000e3e00000)
 concurrent mark-sweep generation total 81780K, used 53101K [0x00000000ecca0000, 0x00000000f1c7d000, 0x0000000100000000)
 Metaspace       used 50321K, capacity 52430K, committed 52864K, reserved 1095680K
  class space    used 6282K, capacity 6701K, committed 6784K, reserved 1048576K
}
2020-11-07T19:56:01.169+0800: 44.318: Application time: 0.0022611 seconds
2020-11-07T19:56:01.169+0800: 44.319: [GC (CMS Initial Mark) [1 CMS-initial-mark: 53101K(81780K)] 54989K(90996K), 0.0038000 secs] [Times: user=0.00 sys=0.00, real=0.00 secs] 
2020-11-07T19:56:01.173+0800: 44.322: [CMS-concurrent-mark-start]
2020-11-07T19:56:01.189+0800: 44.339: Application time: 0.0163484 seconds
{Heap before GC invocations=562 (full 72):
 par new generation   total 9216K, used 8036K [0x00000000e3400000, 0x00000000e3e00000, 0x00000000ecca0000)
  eden space 8192K,  96% used [0x00000000e3400000, 0x00000000e3bb0b20, 0x00000000e3c00000)
  from space 1024K,  15% used [0x00000000e3c00000, 0x00000000e3c28678, 0x00000000e3d00000)
  to   space 1024K,   0% used [0x00000000e3d00000, 0x00000000e3d00000, 0x00000000e3e00000)
 concurrent mark-sweep generation total 81780K, used 53101K [0x00000000ecca0000, 0x00000000f1c7d000, 0x0000000100000000)
 Metaspace       used 50323K, capacity 52430K, committed 52864K, reserved 1095680K
  class space    used 6282K, capacity 6701K, committed 6784K, reserved 1048576K
2020-11-07T19:56:01.189+0800: 44.339: [GC (Allocation Failure) 2020-11-07T19:56:01.189+0800: 44.339: [ParNew: 8036K->1021K(9216K), 0.0044858 secs] 61137K->54262K(90996K), 0.0045573 secs] [Times: user=0.00 sys=0.00, real=0.00 secs] 
Heap after GC invocations=563 (full 72):
 par new generation   total 9216K, used 1021K [0x00000000e3400000, 0x00000000e3e00000, 0x00000000ecca0000)
  eden space 8192K,   0% used [0x00000000e3400000, 0x00000000e3400000, 0x00000000e3c00000)
  from space 1024K,  99% used [0x00000000e3d00000, 0x00000000e3dff458, 0x00000000e3e00000)
  to   space 1024K,   0% used [0x00000000e3c00000, 0x00000000e3c00000, 0x00000000e3d00000)
 concurrent mark-sweep generation total 81780K, used 53241K [0x00000000ecca0000, 0x00000000f1c7d000, 0x0000000100000000)
 Metaspace       used 50323K, capacity 52430K, committed 52864K, reserved 1095680K
  class space    used 6282K, capacity 6701K, committed 6784K, reserved 1048576K
}
2020-11-07T19:56:01.231+0800: 44.380: Application time: 0.0367022 seconds
{Heap before GC invocations=563 (full 72):
 par new generation   total 9216K, used 9204K [0x00000000e3400000, 0x00000000e3e00000, 0x00000000ecca0000)
  eden space 8192K,  99% used [0x00000000e3400000, 0x00000000e3bfdca8, 0x00000000e3c00000)
  from space 1024K,  99% used [0x00000000e3d00000, 0x00000000e3dff458, 0x00000000e3e00000)
  to   space 1024K,   0% used [0x00000000e3c00000, 0x00000000e3c00000, 0x00000000e3d00000)
 concurrent mark-sweep generation total 81780K, used 53241K [0x00000000ecca0000, 0x00000000f1c7d000, 0x0000000100000000)
 Metaspace       used 50329K, capacity 52430K, committed 52864K, reserved 1095680K
  class space    used 6282K, capacity 6701K, committed 6784K, reserved 1048576K
2020-11-07T19:56:01.231+0800: 44.380: [GC (Allocation Failure) 2020-11-07T19:56:01.231+0800: 44.380: [ParNew: 9204K->273K(9216K), 0.0054234 secs] 62445K->53514K(90996K), 0.0054883 secs] [Times: user=0.00 sys=0.00, real=0.01 secs] 
Heap after GC invocations=564 (full 72):
 par new generation   total 9216K, used 273K [0x00000000e3400000, 0x00000000e3e00000, 0x00000000ecca0000)
  eden space 8192K,   0% used [0x00000000e3400000, 0x00000000e3400000, 0x00000000e3c00000)
  from space 1024K,  26% used [0x00000000e3c00000, 0x00000000e3c44448, 0x00000000e3d00000)
  to   space 1024K,   0% used [0x00000000e3d00000, 0x00000000e3d00000, 0x00000000e3e00000)
 concurrent mark-sweep generation total 81780K, used 53241K [0x00000000ecca0000, 0x00000000f1c7d000, 0x0000000100000000)
 Metaspace       used 50329K, capacity 52430K, committed 52864K, reserved 1095680K
  class space    used 6282K, capacity 6701K, committed 6784K, reserved 1048576K
}
2020-11-07T19:56:01.243+0800: 44.393: Application time: 0.0065683 seconds
{Heap before GC invocations=564 (full 72):
 par new generation   total 9216K, used 8449K [0x00000000e3400000, 0x00000000e3e00000, 0x00000000ecca0000)
  eden space 8192K,  99% used [0x00000000e3400000, 0x00000000e3bfc118, 0x00000000e3c00000)
  from space 1024K,  26% used [0x00000000e3c00000, 0x00000000e3c44448, 0x00000000e3d00000)
  to   space 1024K,   0% used [0x00000000e3d00000, 0x00000000e3d00000, 0x00000000e3e00000)
 concurrent mark-sweep generation total 81780K, used 53241K [0x00000000ecca0000, 0x00000000f1c7d000, 0x0000000100000000)
 Metaspace       used 50329K, capacity 52430K, committed 52864K, reserved 1095680K
  class space    used 6282K, capacity 6701K, committed 6784K, reserved 1048576K
2020-11-07T19:56:01.243+0800: 44.393: [GC (Allocation Failure) 2020-11-07T19:56:01.243+0800: 44.393: [ParNew: 8449K->297K(9216K), 0.0044500 secs] 61691K->53539K(90996K), 0.0045155 secs] [Times: user=0.00 sys=0.00, real=0.01 secs] 
Heap after GC invocations=565 (full 72):
 par new generation   total 9216K, used 297K [0x00000000e3400000, 0x00000000e3e00000, 0x00000000ecca0000)
  eden space 8192K,   0% used [0x00000000e3400000, 0x00000000e3400000, 0x00000000e3c00000)
  from space 1024K,  29% used [0x00000000e3d00000, 0x00000000e3d4a7a8, 0x00000000e3e00000)
  to   space 1024K,   0% used [0x00000000e3c00000, 0x00000000e3c00000, 0x00000000e3d00000)
 concurrent mark-sweep generation total 81780K, used 53241K [0x00000000ecca0000, 0x00000000f1c7d000, 0x0000000100000000)
 Metaspace       used 50329K, capacity 52430K, committed 52864K, reserved 1095680K
  class space    used 6282K, capacity 6701K, committed 6784K, reserved 1048576K
}
2020-11-07T19:56:01.272+0800: 44.421: Application time: 0.0238129 seconds
{Heap before GC invocations=565 (full 72):
 par new generation   total 9216K, used 8444K [0x00000000e3400000, 0x00000000e3e00000, 0x00000000ecca0000)
  eden space 8192K,  99% used [0x00000000e3400000, 0x00000000e3bf4a10, 0x00000000e3c00000)
  from space 1024K,  29% used [0x00000000e3d00000, 0x00000000e3d4a7a8, 0x00000000e3e00000)
  to   space 1024K,   0% used [0x00000000e3c00000, 0x00000000e3c00000, 0x00000000e3d00000)
 concurrent mark-sweep generation total 81780K, used 53241K [0x00000000ecca0000, 0x00000000f1c7d000, 0x0000000100000000)
 Metaspace       used 50329K, capacity 52430K, committed 52864K, reserved 1095680K
  class space    used 6282K, capacity 6701K, committed 6784K, reserved 1048576K
2020-11-07T19:56:01.272+0800: 44.421: [GC (Allocation Failure) 2020-11-07T19:56:01.272+0800: 44.421: [ParNew: 8444K->310K(9216K), 0.0139358 secs] 61686K->53552K(90996K), 0.0140010 secs] [Times: user=0.01 sys=0.00, real=0.02 secs] 
Heap after GC invocations=566 (full 72):
 par new generation   total 9216K, used 310K [0x00000000e3400000, 0x00000000e3e00000, 0x00000000ecca0000)
  eden space 8192K,   0% used [0x00000000e3400000, 0x00000000e3400000, 0x00000000e3c00000)
  from space 1024K,  30% used [0x00000000e3c00000, 0x00000000e3c4d970, 0x00000000e3d00000)
  to   space 1024K,   0% used [0x00000000e3d00000, 0x00000000e3d00000, 0x00000000e3e00000)
 concurrent mark-sweep generation total 81780K, used 53241K [0x00000000ecca0000, 0x00000000f1c7d000, 0x0000000100000000)
 Metaspace       used 50329K, capacity 52430K, committed 52864K, reserved 1095680K
  class space    used 6282K, capacity 6701K, committed 6784K, reserved 1048576K
}
2020-11-07T19:56:01.288+0800: 44.438: Application time: 0.0022292 seconds
{Heap before GC invocations=566 (full 72):
 par new generation   total 9216K, used 8447K [0x00000000e3400000, 0x00000000e3e00000, 0x00000000ecca0000)
  eden space 8192K,  99% used [0x00000000e3400000, 0x00000000e3bf2448, 0x00000000e3c00000)
  from space 1024K,  30% used [0x00000000e3c00000, 0x00000000e3c4d970, 0x00000000e3d00000)
  to   space 1024K,   0% used [0x00000000e3d00000, 0x00000000e3d00000, 0x00000000e3e00000)
 concurrent mark-sweep generation total 81780K, used 53241K [0x00000000ecca0000, 0x00000000f1c7d000, 0x0000000100000000)
 Metaspace       used 50329K, capacity 52430K, committed 52864K, reserved 1095680K
  class space    used 6282K, capacity 6701K, committed 6784K, reserved 1048576K
2020-11-07T19:56:01.288+0800: 44.438: [GC (Allocation Failure) 2020-11-07T19:56:01.288+0800: 44.438: [ParNew: 8447K->339K(9216K), 0.0039593 secs] 61689K->53581K(90996K), 0.0040055 secs] [Times: user=0.01 sys=0.00, real=0.00 secs] 
Heap after GC invocations=567 (full 72):
 par new generation   total 9216K, used 339K [0x00000000e3400000, 0x00000000e3e00000, 0x00000000ecca0000)
  eden space 8192K,   0% used [0x00000000e3400000, 0x00000000e3400000, 0x00000000e3c00000)
  from space 1024K,  33% used [0x00000000e3d00000, 0x00000000e3d54f68, 0x00000000e3e00000)
  to   space 1024K,   0% used [0x00000000e3c00000, 0x00000000e3c00000, 0x00000000e3d00000)
 concurrent mark-sweep generation total 81780K, used 53241K [0x00000000ecca0000, 0x00000000f1c7d000, 0x0000000100000000)
 Metaspace       used 50329K, capacity 52430K, committed 52864K, reserved 1095680K
  class space    used 6282K, capacity 6701K, committed 6784K, reserved 1048576K
}
2020-11-07T19:56:01.350+0800: 44.500: Application time: 0.0577257 seconds
{Heap before GC invocations=567 (full 72):
 par new generation   total 9216K, used 8531K [0x00000000e3400000, 0x00000000e3e00000, 0x00000000ecca0000)
  eden space 8192K, 100% used [0x00000000e3400000, 0x00000000e3c00000, 0x00000000e3c00000)
  from space 1024K,  33% used [0x00000000e3d00000, 0x00000000e3d54f68, 0x00000000e3e00000)
  to   space 1024K,   0% used [0x00000000e3c00000, 0x00000000e3c00000, 0x00000000e3d00000)
 concurrent mark-sweep generation total 81780K, used 53241K [0x00000000ecca0000, 0x00000000f1c7d000, 0x0000000100000000)
 Metaspace       used 50515K, capacity 52654K, committed 52864K, reserved 1095680K
  class space    used 6321K, capacity 6733K, committed 6784K, reserved 1048576K
2020-11-07T19:56:01.350+0800: 44.500: [GC (Allocation Failure) 2020-11-07T19:56:01.350+0800: 44.500: [ParNew: 8531K->444K(9216K), 0.0175368 secs] 61773K->53686K(90996K), 0.0176001 secs] [Times: user=0.02 sys=0.00, real=0.02 secs] 
Heap after GC invocations=568 (full 72):
 par new generation   total 9216K, used 444K [0x00000000e3400000, 0x00000000e3e00000, 0x00000000ecca0000)
  eden space 8192K,   0% used [0x00000000e3400000, 0x00000000e3400000, 0x00000000e3c00000)
  from space 1024K,  43% used [0x00000000e3c00000, 0x00000000e3c6f1a8, 0x00000000e3d00000)
  to   space 1024K,   0% used [0x00000000e3d00000, 0x00000000e3d00000, 0x00000000e3e00000)
 concurrent mark-sweep generation total 81780K, used 53241K [0x00000000ecca0000, 0x00000000f1c7d000, 0x0000000100000000)
 Metaspace       used 50515K, capacity 52654K, committed 52864K, reserved 1095680K
  class space    used 6321K, capacity 6733K, committed 6784K, reserved 1048576K
}
2020-11-07T19:56:01.435+0800: 44.584: [CMS-concurrent-mark: 0.180/0.262 secs] [Times: user=0.26 sys=0.01, real=0.27 secs] 
2020-11-07T19:56:01.435+0800: 44.584: [CMS-concurrent-preclean-start]
2020-11-07T19:56:01.443+0800: 44.593: [CMS-concurrent-preclean: 0.009/0.009 secs] [Times: user=0.00 sys=0.00, real=0.00 secs] 
2020-11-07T19:56:01.443+0800: 44.593: [CMS-concurrent-abortable-preclean-start]
2020-11-07T19:56:01.449+0800: 44.599: Application time: 0.0815437 seconds
{Heap before GC invocations=568 (full 72):
 par new generation   total 9216K, used 8636K [0x00000000e3400000, 0x00000000e3e00000, 0x00000000ecca0000)
  eden space 8192K, 100% used [0x00000000e3400000, 0x00000000e3c00000, 0x00000000e3c00000)
  from space 1024K,  43% used [0x00000000e3c00000, 0x00000000e3c6f1a8, 0x00000000e3d00000)
  to   space 1024K,   0% used [0x00000000e3d00000, 0x00000000e3d00000, 0x00000000e3e00000)
 concurrent mark-sweep generation total 81780K, used 53241K [0x00000000ecca0000, 0x00000000f1c7d000, 0x0000000100000000)
 Metaspace       used 50834K, capacity 53022K, committed 53248K, reserved 1095680K
  class space    used 6403K, capacity 6837K, committed 6912K, reserved 1048576K
2020-11-07T19:56:01.450+0800: 44.599: [GC (Allocation Failure) 2020-11-07T19:56:01.450+0800: 44.599: [ParNew: 8636K->286K(9216K), 0.0047406 secs] 61878K->53528K(90996K), 0.0048105 secs] [Times: user=0.00 sys=0.00, real=0.00 secs] 
Heap after GC invocations=569 (full 72):
 par new generation   total 9216K, used 286K [0x00000000e3400000, 0x00000000e3e00000, 0x00000000ecca0000)
  eden space 8192K,   0% used [0x00000000e3400000, 0x00000000e3400000, 0x00000000e3c00000)
  from space 1024K,  27% used [0x00000000e3d00000, 0x00000000e3d47930, 0x00000000e3e00000)
  to   space 1024K,   0% used [0x00000000e3c00000, 0x00000000e3c00000, 0x00000000e3d00000)
 concurrent mark-sweep generation total 81780K, used 53241K [0x00000000ecca0000, 0x00000000f1c7d000, 0x0000000100000000)
 Metaspace       used 50834K, capacity 53022K, committed 53248K, reserved 1095680K
  class space    used 6403K, capacity 6837K, committed 6912K, reserved 1048576K
}
2020-11-07T19:56:01.487+0800: 44.637: Application time: 0.0328766 seconds
{Heap before GC invocations=569 (full 72):
 par new generation   total 9216K, used 8478K [0x00000000e3400000, 0x00000000e3e00000, 0x00000000ecca0000)
  eden space 8192K, 100% used [0x00000000e3400000, 0x00000000e3c00000, 0x00000000e3c00000)
  from space 1024K,  27% used [0x00000000e3d00000, 0x00000000e3d47930, 0x00000000e3e00000)
  to   space 1024K,   0% used [0x00000000e3c00000, 0x00000000e3c00000, 0x00000000e3d00000)
 concurrent mark-sweep generation total 81780K, used 53241K [0x00000000ecca0000, 0x00000000f1c7d000, 0x0000000100000000)
 Metaspace       used 51020K, capacity 53182K, committed 53504K, reserved 1095680K
  class space    used 6451K, capacity 6869K, committed 6912K, reserved 1048576K
2020-11-07T19:56:01.487+0800: 44.637: [GC (Allocation Failure) 2020-11-07T19:56:01.487+0800: 44.637: [ParNew: 8478K->394K(9216K), 0.0166445 secs] 61720K->53636K(90996K), 0.0167206 secs] [Times: user=0.01 sys=0.00, real=0.01 secs] 
Heap after GC invocations=570 (full 72):
 par new generation   total 9216K, used 394K [0x00000000e3400000, 0x00000000e3e00000, 0x00000000ecca0000)
  eden space 8192K,   0% used [0x00000000e3400000, 0x00000000e3400000, 0x00000000e3c00000)
  from space 1024K,  38% used [0x00000000e3c00000, 0x00000000e3c62a68, 0x00000000e3d00000)
  to   space 1024K,   0% used [0x00000000e3d00000, 0x00000000e3d00000, 0x00000000e3e00000)
 concurrent mark-sweep generation total 81780K, used 53241K [0x00000000ecca0000, 0x00000000f1c7d000, 0x0000000100000000)
 Metaspace       used 51020K, capacity 53182K, committed 53504K, reserved 1095680K
  class space    used 6451K, capacity 6869K, committed 6912K, reserved 1048576K
}
2020-11-07T19:56:01.534+0800: 44.684: Application time: 0.0296317 seconds
{Heap before GC invocations=570 (full 72):
 par new generation   total 9216K, used 8576K [0x00000000e3400000, 0x00000000e3e00000, 0x00000000ecca0000)
  eden space 8192K,  99% used [0x00000000e3400000, 0x00000000e3bfd788, 0x00000000e3c00000)
  from space 1024K,  38% used [0x00000000e3c00000, 0x00000000e3c62a68, 0x00000000e3d00000)
  to   space 1024K,   0% used [0x00000000e3d00000, 0x00000000e3d00000, 0x00000000e3e00000)
 concurrent mark-sweep generation total 81780K, used 53241K [0x00000000ecca0000, 0x00000000f1c7d000, 0x0000000100000000)
 Metaspace       used 51181K, capacity 53342K, committed 53504K, reserved 1095680K
  class space    used 6482K, capacity 6901K, committed 6912K, reserved 1048576K
2020-11-07T19:56:01.534+0800: 44.684: [GC (Allocation Failure) 2020-11-07T19:56:01.534+0800: 44.684: [ParNew: 8576K->365K(9216K), 0.0143753 secs] 61818K->53607K(90996K), 0.0144416 secs] [Times: user=0.02 sys=0.00, real=0.02 secs] 
Heap after GC invocations=571 (full 72):
 par new generation   total 9216K, used 365K [0x00000000e3400000, 0x00000000e3e00000, 0x00000000ecca0000)
  eden space 8192K,   0% used [0x00000000e3400000, 0x00000000e3400000, 0x00000000e3c00000)
  from space 1024K,  35% used [0x00000000e3d00000, 0x00000000e3d5b618, 0x00000000e3e00000)
  to   space 1024K,   0% used [0x00000000e3c00000, 0x00000000e3c00000, 0x00000000e3d00000)
 concurrent mark-sweep generation total 81780K, used 53241K [0x00000000ecca0000, 0x00000000f1c7d000, 0x0000000100000000)
 Metaspace       used 51181K, capacity 53342K, committed 53504K, reserved 1095680K
  class space    used 6482K, capacity 6901K, committed 6912K, reserved 1048576K
}
2020-11-07T19:56:01.560+0800: 44.709: Application time: 0.0111393 seconds
{Heap before GC invocations=571 (full 72):
 par new generation   total 9216K, used 8528K [0x00000000e3400000, 0x00000000e3e00000, 0x00000000ecca0000)
  eden space 8192K,  99% used [0x00000000e3400000, 0x00000000e3bf8ac8, 0x00000000e3c00000)
  from space 1024K,  35% used [0x00000000e3d00000, 0x00000000e3d5b618, 0x00000000e3e00000)
  to   space 1024K,   0% used [0x00000000e3c00000, 0x00000000e3c00000, 0x00000000e3d00000)
 concurrent mark-sweep generation total 81780K, used 53241K [0x00000000ecca0000, 0x00000000f1c7d000, 0x0000000100000000)
 Metaspace       used 51182K, capacity 53342K, committed 53504K, reserved 1095680K
  class space    used 6482K, capacity 6901K, committed 6912K, reserved 1048576K
2020-11-07T19:56:01.560+0800: 44.710: [GC (Allocation Failure) 2020-11-07T19:56:01.560+0800: 44.710: [ParNew: 8528K->340K(9216K), 0.0146641 secs] 61769K->53582K(90996K), 0.0147320 secs] [Times: user=0.01 sys=0.00, real=0.02 secs] 
Heap after GC invocations=572 (full 72):
 par new generation   total 9216K, used 340K [0x00000000e3400000, 0x00000000e3e00000, 0x00000000ecca0000)
  eden space 8192K,   0% used [0x00000000e3400000, 0x00000000e3400000, 0x00000000e3c00000)
  from space 1024K,  33% used [0x00000000e3c00000, 0x00000000e3c55338, 0x00000000e3d00000)
  to   space 1024K,   0% used [0x00000000e3d00000, 0x00000000e3d00000, 0x00000000e3e00000)
 concurrent mark-sweep generation total 81780K, used 53241K [0x00000000ecca0000, 0x00000000f1c7d000, 0x0000000100000000)
 Metaspace       used 51182K, capacity 53342K, committed 53504K, reserved 1095680K
  class space    used 6482K, capacity 6901K, committed 6912K, reserved 1048576K
}
2020-11-07T19:56:01.577+0800: 44.727: Application time: 0.0024042 seconds
{Heap before GC invocations=572 (full 72):
 par new generation   total 9216K, used 8513K [0x00000000e3400000, 0x00000000e3e00000, 0x00000000ecca0000)
  eden space 8192K,  99% used [0x00000000e3400000, 0x00000000e3bfb140, 0x00000000e3c00000)
  from space 1024K,  33% used [0x00000000e3c00000, 0x00000000e3c55338, 0x00000000e3d00000)
  to   space 1024K,   0% used [0x00000000e3d00000, 0x00000000e3d00000, 0x00000000e3e00000)
 concurrent mark-sweep generation total 81780K, used 53241K [0x00000000ecca0000, 0x00000000f1c7d000, 0x0000000100000000)
 Metaspace       used 51182K, capacity 53342K, committed 53504K, reserved 1095680K
  class space    used 6482K, capacity 6901K, committed 6912K, reserved 1048576K
2020-11-07T19:56:01.577+0800: 44.727: [GC (Allocation Failure) 2020-11-07T19:56:01.577+0800: 44.727: [ParNew: 8513K->377K(9216K), 0.0050634 secs] 61754K->53621K(90996K), 0.0051192 secs] [Times: user=0.01 sys=0.00, real=0.00 secs] 
Heap after GC invocations=573 (full 72):
 par new generation   total 9216K, used 377K [0x00000000e3400000, 0x00000000e3e00000, 0x00000000ecca0000)
  eden space 8192K,   0% used [0x00000000e3400000, 0x00000000e3400000, 0x00000000e3c00000)
  from space 1024K,  36% used [0x00000000e3d00000, 0x00000000e3d5e540, 0x00000000e3e00000)
  to   space 1024K,   0% used [0x00000000e3c00000, 0x00000000e3c00000, 0x00000000e3d00000)
 concurrent mark-sweep generation total 81780K, used 53244K [0x00000000ecca0000, 0x00000000f1c7d000, 0x0000000100000000)
 Metaspace       used 51182K, capacity 53342K, committed 53504K, reserved 1095680K
  class space    used 6482K, capacity 6901K, committed 6912K, reserved 1048576K
}
2020-11-07T19:56:01.593+0800: 44.743: Application time: 0.0105765 seconds
{Heap before GC invocations=573 (full 72):
 par new generation   total 9216K, used 8527K [0x00000000e3400000, 0x00000000e3e00000, 0x00000000ecca0000)
  eden space 8192K,  99% used [0x00000000e3400000, 0x00000000e3bf5a00, 0x00000000e3c00000)
  from space 1024K,  36% used [0x00000000e3d00000, 0x00000000e3d5e540, 0x00000000e3e00000)
  to   space 1024K,   0% used [0x00000000e3c00000, 0x00000000e3c00000, 0x00000000e3d00000)
 concurrent mark-sweep generation total 81780K, used 53244K [0x00000000ecca0000, 0x00000000f1c7d000, 0x0000000100000000)
 Metaspace       used 51183K, capacity 53342K, committed 53504K, reserved 1095680K
  class space    used 6482K, capacity 6901K, committed 6912K, reserved 1048576K
2020-11-07T19:56:01.593+0800: 44.743: [GC (Allocation Failure) 2020-11-07T19:56:01.593+0800: 44.743: [ParNew: 8527K->386K(9216K), 0.0050927 secs] 61771K->53630K(90996K), 0.0051628 secs] [Times: user=0.01 sys=0.00, real=0.01 secs] 
Heap after GC invocations=574 (full 72):
 par new generation   total 9216K, used 386K [0x00000000e3400000, 0x00000000e3e00000, 0x00000000ecca0000)
  eden space 8192K,   0% used [0x00000000e3400000, 0x00000000e3400000, 0x00000000e3c00000)
  from space 1024K,  37% used [0x00000000e3c00000, 0x00000000e3c60b28, 0x00000000e3d00000)
  to   space 1024K,   0% used [0x00000000e3d00000, 0x00000000e3d00000, 0x00000000e3e00000)
 concurrent mark-sweep generation total 81780K, used 53244K [0x00000000ecca0000, 0x00000000f1c7d000, 0x0000000100000000)
 Metaspace       used 51183K, capacity 53342K, committed 53504K, reserved 1095680K
  class space    used 6482K, capacity 6901K, committed 6912K, reserved 1048576K
}
2020-11-07T19:56:01.623+0800: 44.773: Application time: 0.0247310 seconds
{Heap before GC invocations=574 (full 72):
 par new generation   total 9216K, used 8578K [0x00000000e3400000, 0x00000000e3e00000, 0x00000000ecca0000)
  eden space 8192K, 100% used [0x00000000e3400000, 0x00000000e3c00000, 0x00000000e3c00000)
  from space 1024K,  37% used [0x00000000e3c00000, 0x00000000e3c60b28, 0x00000000e3d00000)
  to   space 1024K,   0% used [0x00000000e3d00000, 0x00000000e3d00000, 0x00000000e3e00000)
 concurrent mark-sweep generation total 81780K, used 53244K [0x00000000ecca0000, 0x00000000f1c7d000, 0x0000000100000000)
 Metaspace       used 51236K, capacity 53406K, committed 53760K, reserved 1095680K
  class space    used 6490K, capacity 6901K, committed 6912K, reserved 1048576K
2020-11-07T19:56:01.623+0800: 44.773: [GC (Allocation Failure) 2020-11-07T19:56:01.623+0800: 44.773: [ParNew: 8578K->505K(9216K), 0.0206683 secs] 61822K->53749K(90996K), 0.0207414 secs] [Times: user=0.02 sys=0.00, real=0.02 secs] 
Heap after GC invocations=575 (full 72):
 par new generation   total 9216K, used 505K [0x00000000e3400000, 0x00000000e3e00000, 0x00000000ecca0000)
  eden space 8192K,   0% used [0x00000000e3400000, 0x00000000e3400000, 0x00000000e3c00000)
  from space 1024K,  49% used [0x00000000e3d00000, 0x00000000e3d7e5a8, 0x00000000e3e00000)
  to   space 1024K,   0% used [0x00000000e3c00000, 0x00000000e3c00000, 0x00000000e3d00000)
 concurrent mark-sweep generation total 81780K, used 53244K [0x00000000ecca0000, 0x00000000f1c7d000, 0x0000000100000000)
 Metaspace       used 51236K, capacity 53406K, committed 53760K, reserved 1095680K
  class space    used 6490K, capacity 6901K, committed 6912K, reserved 1048576K
}
2020-11-07T19:56:01.678+0800: 44.828: Application time: 0.0340259 seconds
{Heap before GC invocations=575 (full 72):
 par new generation   total 9216K, used 8697K [0x00000000e3400000, 0x00000000e3e00000, 0x00000000ecca0000)
  eden space 8192K, 100% used [0x00000000e3400000, 0x00000000e3c00000, 0x00000000e3c00000)
  from space 1024K,  49% used [0x00000000e3d00000, 0x00000000e3d7e5a8, 0x00000000e3e00000)
  to   space 1024K,   0% used [0x00000000e3c00000, 0x00000000e3c00000, 0x00000000e3d00000)
 concurrent mark-sweep generation total 81780K, used 53244K [0x00000000ecca0000, 0x00000000f1c7d000, 0x0000000100000000)
 Metaspace       used 51370K, capacity 53502K, committed 53888K, reserved 1095680K
  class space    used 6512K, capacity 6933K, committed 7040K, reserved 1048576K
2020-11-07T19:56:01.678+0800: 44.828: [GC (Allocation Failure) 2020-11-07T19:56:01.678+0800: 44.828: [ParNew: 8697K->606K(9216K), 0.0168382 secs] 61941K->53851K(90996K), 0.0168949 secs] [Times: user=0.02 sys=0.00, real=0.02 secs] 
Heap after GC invocations=576 (full 72):
 par new generation   total 9216K, used 606K [0x00000000e3400000, 0x00000000e3e00000, 0x00000000ecca0000)
  eden space 8192K,   0% used [0x00000000e3400000, 0x00000000e3400000, 0x00000000e3c00000)
  from space 1024K,  59% used [0x00000000e3c00000, 0x00000000e3c97bb8, 0x00000000e3d00000)
  to   space 1024K,   0% used [0x00000000e3d00000, 0x00000000e3d00000, 0x00000000e3e00000)
 concurrent mark-sweep generation total 81780K, used 53244K [0x00000000ecca0000, 0x00000000f1c7d000, 0x0000000100000000)
 Metaspace       used 51370K, capacity 53502K, committed 53888K, reserved 1095680K
  class space    used 6512K, capacity 6933K, committed 7040K, reserved 1048576K
}
2020-11-07T19:56:01.756+0800: 44.906: Application time: 0.0607582 seconds
{Heap before GC invocations=576 (full 72):
 par new generation   total 9216K, used 8798K [0x00000000e3400000, 0x00000000e3e00000, 0x00000000ecca0000)
  eden space 8192K, 100% used [0x00000000e3400000, 0x00000000e3c00000, 0x00000000e3c00000)
  from space 1024K,  59% used [0x00000000e3c00000, 0x00000000e3c97bb8, 0x00000000e3d00000)
  to   space 1024K,   0% used [0x00000000e3d00000, 0x00000000e3d00000, 0x00000000e3e00000)
 concurrent mark-sweep generation total 81780K, used 53244K [0x00000000ecca0000, 0x00000000f1c7d000, 0x0000000100000000)
 Metaspace       used 51468K, capacity 53662K, committed 53888K, reserved 1095680K
  class space    used 6532K, capacity 6965K, committed 7040K, reserved 1048576K
2020-11-07T19:56:01.756+0800: 44.906: [GC (Allocation Failure) 2020-11-07T19:56:01.756+0800: 44.906: [ParNew: 8798K->623K(9216K), 0.0188815 secs] 62043K->53927K(90996K), 0.0189410 secs] [Times: user=0.02 sys=0.00, real=0.02 secs] 
Heap after GC invocations=577 (full 72):
 par new generation   total 9216K, used 623K [0x00000000e3400000, 0x00000000e3e00000, 0x00000000ecca0000)
  eden space 8192K,   0% used [0x00000000e3400000, 0x00000000e3400000, 0x00000000e3c00000)
  from space 1024K,  60% used [0x00000000e3d00000, 0x00000000e3d9bc68, 0x00000000e3e00000)
  to   space 1024K,   0% used [0x00000000e3c00000, 0x00000000e3c00000, 0x00000000e3d00000)
 concurrent mark-sweep generation total 81780K, used 53304K [0x00000000ecca0000, 0x00000000f1c7d000, 0x0000000100000000)
 Metaspace       used 51468K, capacity 53662K, committed 53888K, reserved 1095680K
  class space    used 6532K, capacity 6965K, committed 7040K, reserved 1048576K
}
2020-11-07T19:56:01.872+0800: 45.022: Application time: 0.0965604 seconds
{Heap before GC invocations=577 (full 72):
 par new generation   total 9216K, used 8815K [0x00000000e3400000, 0x00000000e3e00000, 0x00000000ecca0000)
  eden space 8192K, 100% used [0x00000000e3400000, 0x00000000e3c00000, 0x00000000e3c00000)
  from space 1024K,  60% used [0x00000000e3d00000, 0x00000000e3d9bc68, 0x00000000e3e00000)
  to   space 1024K,   0% used [0x00000000e3c00000, 0x00000000e3c00000, 0x00000000e3d00000)
 concurrent mark-sweep generation total 81780K, used 53304K [0x00000000ecca0000, 0x00000000f1c7d000, 0x0000000100000000)
 Metaspace       used 51706K, capacity 53886K, committed 54144K, reserved 1095680K
  class space    used 6559K, capacity 6997K, committed 7040K, reserved 1048576K
2020-11-07T19:56:01.872+0800: 45.022: [GC (Allocation Failure) 2020-11-07T19:56:01.872+0800: 45.022: [ParNew: 8815K->580K(9216K), 0.0140126 secs] 62119K->53931K(90996K), 0.0140875 secs] [Times: user=0.02 sys=0.00, real=0.02 secs] 
Heap after GC invocations=578 (full 72):
 par new generation   total 9216K, used 580K [0x00000000e3400000, 0x00000000e3e00000, 0x00000000ecca0000)
  eden space 8192K,   0% used [0x00000000e3400000, 0x00000000e3400000, 0x00000000e3c00000)
  from space 1024K,  56% used [0x00000000e3c00000, 0x00000000e3c91018, 0x00000000e3d00000)
  to   space 1024K,   0% used [0x00000000e3d00000, 0x00000000e3d00000, 0x00000000e3e00000)
 concurrent mark-sweep generation total 81780K, used 53351K [0x00000000ecca0000, 0x00000000f1c7d000, 0x0000000100000000)
 Metaspace       used 51706K, capacity 53886K, committed 54144K, reserved 1095680K
  class space    used 6559K, capacity 6997K, committed 7040K, reserved 1048576K
}
2020-11-07T19:56:01.900+0800: 45.050: Application time: 0.0138563 seconds
2020-11-07T19:56:01.913+0800: 45.063: Application time: 0.0120916 seconds
{Heap before GC invocations=578 (full 72):
 par new generation   total 9216K, used 8770K [0x00000000e3400000, 0x00000000e3e00000, 0x00000000ecca0000)
  eden space 8192K,  99% used [0x00000000e3400000, 0x00000000e3bff938, 0x00000000e3c00000)
  from space 1024K,  56% used [0x00000000e3c00000, 0x00000000e3c91018, 0x00000000e3d00000)
  to   space 1024K,   0% used [0x00000000e3d00000, 0x00000000e3d00000, 0x00000000e3e00000)
 concurrent mark-sweep generation total 81780K, used 53351K [0x00000000ecca0000, 0x00000000f1c7d000, 0x0000000100000000)
 Metaspace       used 51803K, capacity 53982K, committed 54144K, reserved 1095680K
  class space    used 6572K, capacity 7029K, committed 7040K, reserved 1048576K
2020-11-07T19:56:01.913+0800: 45.063: [GC (Allocation Failure) 2020-11-07T19:56:01.913+0800: 45.063: [ParNew: 8770K->400K(9216K), 0.0173193 secs] 62122K->53908K(90996K), 0.0173803 secs] [Times: user=0.02 sys=0.00, real=0.02 secs] 
Heap after GC invocations=579 (full 72):
 par new generation   total 9216K, used 400K [0x00000000e3400000, 0x00000000e3e00000, 0x00000000ecca0000)
  eden space 8192K,   0% used [0x00000000e3400000, 0x00000000e3400000, 0x00000000e3c00000)
  from space 1024K,  39% used [0x00000000e3d00000, 0x00000000e3d64280, 0x00000000e3e00000)
  to   space 1024K,   0% used [0x00000000e3c00000, 0x00000000e3c00000, 0x00000000e3d00000)
 concurrent mark-sweep generation total 81780K, used 53507K [0x00000000ecca0000, 0x00000000f1c7d000, 0x0000000100000000)
 Metaspace       used 51803K, capacity 53982K, committed 54144K, reserved 1095680K
  class space    used 6572K, capacity 7029K, committed 7040K, reserved 1048576K
}
2020-11-07T19:56:01.943+0800: 45.093: Application time: 0.0121562 seconds
{Heap before GC invocations=579 (full 72):
 par new generation   total 9216K, used 8569K [0x00000000e3400000, 0x00000000e3e00000, 0x00000000ecca0000)
  eden space 8192K,  99% used [0x00000000e3400000, 0x00000000e3bfa380, 0x00000000e3c00000)
  from space 1024K,  39% used [0x00000000e3d00000, 0x00000000e3d64280, 0x00000000e3e00000)
  to   space 1024K,   0% used [0x00000000e3c00000, 0x00000000e3c00000, 0x00000000e3d00000)
 concurrent mark-sweep generation total 81780K, used 53507K [0x00000000ecca0000, 0x00000000f1c7d000, 0x0000000100000000)
 Metaspace       used 51803K, capacity 53982K, committed 54144K, reserved 1095680K
  class space    used 6572K, capacity 7029K, committed 7040K, reserved 1048576K
2020-11-07T19:56:01.943+0800: 45.093: [GC (Allocation Failure) 2020-11-07T19:56:01.943+0800: 45.093: [ParNew: 8569K->352K(9216K), 0.0049108 secs] 62077K->53860K(90996K), 0.0049774 secs] [Times: user=0.01 sys=0.00, real=0.01 secs] 
Heap after GC invocations=580 (full 72):
 par new generation   total 9216K, used 352K [0x00000000e3400000, 0x00000000e3e00000, 0x00000000ecca0000)
  eden space 8192K,   0% used [0x00000000e3400000, 0x00000000e3400000, 0x00000000e3c00000)
  from space 1024K,  34% used [0x00000000e3c00000, 0x00000000e3c58250, 0x00000000e3d00000)
  to   space 1024K,   0% used [0x00000000e3d00000, 0x00000000e3d00000, 0x00000000e3e00000)
 concurrent mark-sweep generation total 81780K, used 53507K [0x00000000ecca0000, 0x00000000f1c7d000, 0x0000000100000000)
 Metaspace       used 51803K, capacity 53982K, committed 54144K, reserved 1095680K
  class space    used 6572K, capacity 7029K, committed 7040K, reserved 1048576K
}
2020-11-07T19:56:01.951+0800: 45.100: Application time: 0.0024030 seconds
{Heap before GC invocations=580 (full 72):
 par new generation   total 9216K, used 8529K [0x00000000e3400000, 0x00000000e3e00000, 0x00000000ecca0000)
  eden space 8192K,  99% used [0x00000000e3400000, 0x00000000e3bfc478, 0x00000000e3c00000)
  from space 1024K,  34% used [0x00000000e3c00000, 0x00000000e3c58250, 0x00000000e3d00000)
  to   space 1024K,   0% used [0x00000000e3d00000, 0x00000000e3d00000, 0x00000000e3e00000)
 concurrent mark-sweep generation total 81780K, used 53507K [0x00000000ecca0000, 0x00000000f1c7d000, 0x0000000100000000)
 Metaspace       used 51804K, capacity 53982K, committed 54144K, reserved 1095680K
  class space    used 6572K, capacity 7029K, committed 7040K, reserved 1048576K
2020-11-07T19:56:01.951+0800: 45.100: [GC (Allocation Failure) 2020-11-07T19:56:01.951+0800: 45.100: [ParNew: 8529K->382K(9216K), 0.0058304 secs] 62037K->53890K(90996K), 0.0059091 secs] [Times: user=0.01 sys=0.00, real=0.01 secs] 
Heap after GC invocations=581 (full 72):
 par new generation   total 9216K, used 382K [0x00000000e3400000, 0x00000000e3e00000, 0x00000000ecca0000)
  eden space 8192K,   0% used [0x00000000e3400000, 0x00000000e3400000, 0x00000000e3c00000)
  from space 1024K,  37% used [0x00000000e3d00000, 0x00000000e3d5f970, 0x00000000e3e00000)
  to   space 1024K,   0% used [0x00000000e3c00000, 0x00000000e3c00000, 0x00000000e3d00000)
 concurrent mark-sweep generation total 81780K, used 53507K [0x00000000ecca0000, 0x00000000f1c7d000, 0x0000000100000000)
 Metaspace       used 51804K, capacity 53982K, committed 54144K, reserved 1095680K
  class space    used 6572K, capacity 7029K, committed 7040K, reserved 1048576K
}
2020-11-07T19:56:01.972+0800: 45.121: Application time: 0.0150271 seconds
{Heap before GC invocations=581 (full 72):
 par new generation   total 9216K, used 8574K [0x00000000e3400000, 0x00000000e3e00000, 0x00000000ecca0000)
  eden space 8192K, 100% used [0x00000000e3400000, 0x00000000e3c00000, 0x00000000e3c00000)
  from space 1024K,  37% used [0x00000000e3d00000, 0x00000000e3d5f970, 0x00000000e3e00000)
  to   space 1024K,   0% used [0x00000000e3c00000, 0x00000000e3c00000, 0x00000000e3d00000)
 concurrent mark-sweep generation total 81780K, used 53507K [0x00000000ecca0000, 0x00000000f1c7d000, 0x0000000100000000)
 Metaspace       used 51857K, capacity 54046K, committed 54400K, reserved 1097728K
  class space    used 6577K, capacity 7029K, committed 7040K, reserved 1048576K
2020-11-07T19:56:01.972+0800: 45.122: [GC (Allocation Failure) 2020-11-07T19:56:01.972+0800: 45.122: [ParNew: 8574K->461K(9216K), 0.0169990 secs] 62082K->53969K(90996K), 0.0170582 secs] [Times: user=0.02 sys=0.00, real=0.02 secs] 
Heap after GC invocations=582 (full 72):
 par new generation   total 9216K, used 461K [0x00000000e3400000, 0x00000000e3e00000, 0x00000000ecca0000)
  eden space 8192K,   0% used [0x00000000e3400000, 0x00000000e3400000, 0x00000000e3c00000)
  from space 1024K,  45% used [0x00000000e3c00000, 0x00000000e3c737b0, 0x00000000e3d00000)
  to   space 1024K,   0% used [0x00000000e3d00000, 0x00000000e3d00000, 0x00000000e3e00000)
 concurrent mark-sweep generation total 81780K, used 53507K [0x00000000ecca0000, 0x00000000f1c7d000, 0x0000000100000000)
 Metaspace       used 51857K, capacity 54046K, committed 54400K, reserved 1097728K
  class space    used 6577K, capacity 7029K, committed 7040K, reserved 1048576K
}
2020-11-07T19:56:02.018+0800: 45.168: Application time: 0.0292833 seconds
2020-11-07T19:56:02.026+0800: 45.175: Application time: 0.0071778 seconds
{Heap before GC invocations=582 (full 72):
 par new generation   total 9216K, used 8653K [0x00000000e3400000, 0x00000000e3e00000, 0x00000000ecca0000)
  eden space 8192K, 100% used [0x00000000e3400000, 0x00000000e3c00000, 0x00000000e3c00000)
  from space 1024K,  45% used [0x00000000e3c00000, 0x00000000e3c737b0, 0x00000000e3d00000)
  to   space 1024K,   0% used [0x00000000e3d00000, 0x00000000e3d00000, 0x00000000e3e00000)
 concurrent mark-sweep generation total 81780K, used 53507K [0x00000000ecca0000, 0x00000000f1c7d000, 0x0000000100000000)
 Metaspace       used 52030K, capacity 54210K, committed 54528K, reserved 1097728K
  class space    used 6610K, capacity 7061K, committed 7168K, reserved 1048576K
2020-11-07T19:56:02.026+0800: 45.175: [GC (Allocation Failure) 2020-11-07T19:56:02.026+0800: 45.175: [ParNew: 8653K->409K(9216K), 0.0153652 secs] 62161K->53917K(90996K), 0.0154350 secs] [Times: user=0.01 sys=0.00, real=0.01 secs] 
Heap after GC invocations=583 (full 72):
 par new generation   total 9216K, used 409K [0x00000000e3400000, 0x00000000e3e00000, 0x00000000ecca0000)
  eden space 8192K,   0% used [0x00000000e3400000, 0x00000000e3400000, 0x00000000e3c00000)
  from space 1024K,  40% used [0x00000000e3d00000, 0x00000000e3d66748, 0x00000000e3e00000)
  to   space 1024K,   0% used [0x00000000e3c00000, 0x00000000e3c00000, 0x00000000e3d00000)
 concurrent mark-sweep generation total 81780K, used 53507K [0x00000000ecca0000, 0x00000000f1c7d000, 0x0000000100000000)
 Metaspace       used 52030K, capacity 54210K, committed 54528K, reserved 1097728K
  class space    used 6610K, capacity 7061K, committed 7168K, reserved 1048576K
}
2020-11-07T19:56:02.043+0800: 45.192: [CMS-concurrent-abortable-preclean: 0.147/0.599 secs] [Times: user=0.59 sys=0.01, real=0.60 secs] 
2020-11-07T19:56:02.045+0800: 45.195: Application time: 0.0041144 seconds
{Heap before GC invocations=583 (full 72):
 par new generation   total 9216K, used 8577K [0x00000000e3400000, 0x00000000e3e00000, 0x00000000ecca0000)
  eden space 8192K,  99% used [0x00000000e3400000, 0x00000000e3bfa038, 0x00000000e3c00000)
  from space 1024K,  40% used [0x00000000e3d00000, 0x00000000e3d66748, 0x00000000e3e00000)
  to   space 1024K,   0% used [0x00000000e3c00000, 0x00000000e3c00000, 0x00000000e3d00000)
 concurrent mark-sweep generation total 81780K, used 53507K [0x00000000ecca0000, 0x00000000f1c7d000, 0x0000000100000000)
 Metaspace       used 52031K, capacity 54210K, committed 54528K, reserved 1097728K
  class space    used 6610K, capacity 7061K, committed 7168K, reserved 1048576K
2020-11-07T19:56:02.046+0800: 45.195: [GC (Allocation Failure) 2020-11-07T19:56:02.046+0800: 45.195: [ParNew: 8577K->442K(9216K), 0.0057712 secs] 62085K->53950K(90996K), 0.0058435 secs] [Times: user=0.00 sys=0.00, real=0.00 secs] 
Heap after GC invocations=584 (full 72):
 par new generation   total 9216K, used 442K [0x00000000e3400000, 0x00000000e3e00000, 0x00000000ecca0000)
  eden space 8192K,   0% used [0x00000000e3400000, 0x00000000e3400000, 0x00000000e3c00000)
  from space 1024K,  43% used [0x00000000e3c00000, 0x00000000e3c6e930, 0x00000000e3d00000)
  to   space 1024K,   0% used [0x00000000e3d00000, 0x00000000e3d00000, 0x00000000e3e00000)
 concurrent mark-sweep generation total 81780K, used 53507K [0x00000000ecca0000, 0x00000000f1c7d000, 0x0000000100000000)
 Metaspace       used 52031K, capacity 54210K, committed 54528K, reserved 1097728K
  class space    used 6610K, capacity 7061K, committed 7168K, reserved 1048576K
}
2020-11-07T19:56:02.055+0800: 45.205: Application time: 0.0038796 seconds
{Heap before GC invocations=584 (full 72):
 par new generation   total 9216K, used 8610K [0x00000000e3400000, 0x00000000e3e00000, 0x00000000ecca0000)
  eden space 8192K,  99% used [0x00000000e3400000, 0x00000000e3bfa208, 0x00000000e3c00000)
  from space 1024K,  43% used [0x00000000e3c00000, 0x00000000e3c6e930, 0x00000000e3d00000)
  to   space 1024K,   0% used [0x00000000e3d00000, 0x00000000e3d00000, 0x00000000e3e00000)
 concurrent mark-sweep generation total 81780K, used 53507K [0x00000000ecca0000, 0x00000000f1c7d000, 0x0000000100000000)
 Metaspace       used 52031K, capacity 54210K, committed 54528K, reserved 1097728K
  class space    used 6610K, capacity 7061K, committed 7168K, reserved 1048576K
2020-11-07T19:56:02.056+0800: 45.205: [GC (Allocation Failure) 2020-11-07T19:56:02.056+0800: 45.205: [ParNew: 8610K->445K(9216K), 0.0057941 secs] 62118K->53976K(90996K), 0.0058508 secs] [Times: user=0.00 sys=0.00, real=0.00 secs] 
Heap after GC invocations=585 (full 72):
 par new generation   total 9216K, used 445K [0x00000000e3400000, 0x00000000e3e00000, 0x00000000ecca0000)
  eden space 8192K,   0% used [0x00000000e3400000, 0x00000000e3400000, 0x00000000e3c00000)
  from space 1024K,  43% used [0x00000000e3d00000, 0x00000000e3d6f790, 0x00000000e3e00000)
  to   space 1024K,   0% used [0x00000000e3c00000, 0x00000000e3c00000, 0x00000000e3d00000)
 concurrent mark-sweep generation total 81780K, used 53530K [0x00000000ecca0000, 0x00000000f1c7d000, 0x0000000100000000)
 Metaspace       used 52031K, capacity 54210K, committed 54528K, reserved 1097728K
  class space    used 6610K, capacity 7061K, committed 7168K, reserved 1048576K
}
2020-11-07T19:56:02.067+0800: 45.216: Application time: 0.0053260 seconds
{Heap before GC invocations=585 (full 72):
 par new generation   total 9216K, used 8607K [0x00000000e3400000, 0x00000000e3e00000, 0x00000000ecca0000)
  eden space 8192K,  99% used [0x00000000e3400000, 0x00000000e3bf84a0, 0x00000000e3c00000)
  from space 1024K,  43% used [0x00000000e3d00000, 0x00000000e3d6f790, 0x00000000e3e00000)
  to   space 1024K,   0% used [0x00000000e3c00000, 0x00000000e3c00000, 0x00000000e3d00000)
 concurrent mark-sweep generation total 81780K, used 53530K [0x00000000ecca0000, 0x00000000f1c7d000, 0x0000000100000000)
 Metaspace       used 52032K, capacity 54210K, committed 54528K, reserved 1097728K
  class space    used 6610K, capacity 7061K, committed 7168K, reserved 1048576K
2020-11-07T19:56:02.067+0800: 45.217: [GC (Allocation Failure) 2020-11-07T19:56:02.067+0800: 45.217: [ParNew: 8607K->535K(9216K), 0.0183838 secs] 62137K->54133K(90996K), 0.0184564 secs] [Times: user=0.01 sys=0.00, real=0.02 secs] 
Heap after GC invocations=586 (full 72):
 par new generation   total 9216K, used 535K [0x00000000e3400000, 0x00000000e3e00000, 0x00000000ecca0000)
  eden space 8192K,   0% used [0x00000000e3400000, 0x00000000e3400000, 0x00000000e3c00000)
  from space 1024K,  52% used [0x00000000e3c00000, 0x00000000e3c85dd8, 0x00000000e3d00000)
  to   space 1024K,   0% used [0x00000000e3d00000, 0x00000000e3d00000, 0x00000000e3e00000)
 concurrent mark-sweep generation total 81780K, used 53598K [0x00000000ecca0000, 0x00000000f1c7d000, 0x0000000100000000)
 Metaspace       used 52032K, capacity 54210K, committed 54528K, reserved 1097728K
  class space    used 6610K, capacity 7061K, committed 7168K, reserved 1048576K
}
2020-11-07T19:56:02.093+0800: 45.243: Application time: 0.0072910 seconds
2020-11-07T19:56:02.093+0800: 45.243: [GC (CMS Final Remark) [YG occupancy: 6394 K (9216 K)]2020-11-07T19:56:02.093+0800: 45.243: [Rescan (parallel) , 0.0144127 secs]2020-11-07T19:56:02.107+0800: 45.257: [weak refs processing, 0.0008274 secs]2020-11-07T19:56:02.108+0800: 45.258: [class unloading, 0.0144552 secs]2020-11-07T19:56:02.123+0800: 45.272: [scrub symbol table, 0.0225018 secs]2020-11-07T19:56:02.145+0800: 45.295: [scrub string table, 0.0013046 secs][1 CMS-remark: 53598K(81780K)] 59992K(90996K), 0.0537586 secs] [Times: user=0.06 sys=0.00, real=0.06 secs] 
2020-11-07T19:56:02.151+0800: 45.300: [CMS-concurrent-sweep-start]
2020-11-07T19:56:02.174+0800: 45.324: Application time: 0.0274871 seconds
{Heap before GC invocations=586 (full 72):
 par new generation   total 9216K, used 8727K [0x00000000e3400000, 0x00000000e3e00000, 0x00000000ecca0000)
  eden space 8192K, 100% used [0x00000000e3400000, 0x00000000e3c00000, 0x00000000e3c00000)
  from space 1024K,  52% used [0x00000000e3c00000, 0x00000000e3c85dd8, 0x00000000e3d00000)
  to   space 1024K,   0% used [0x00000000e3d00000, 0x00000000e3d00000, 0x00000000e3e00000)
 concurrent mark-sweep generation total 81780K, used 53538K [0x00000000ecca0000, 0x00000000f1c7d000, 0x0000000100000000)
 Metaspace       used 52130K, capacity 54306K, committed 54528K, reserved 1097728K
  class space    used 6625K, capacity 7093K, committed 7168K, reserved 1048576K
2020-11-07T19:56:02.174+0800: 45.324: [GC (Allocation Failure) 2020-11-07T19:56:02.174+0800: 45.324: [ParNew: 8727K->417K(9216K), 0.0208536 secs] 62265K->54051K(90996K), 0.0209396 secs] [Times: user=0.02 sys=0.00, real=0.03 secs] 
Heap after GC invocations=587 (full 72):
 par new generation   total 9216K, used 417K [0x00000000e3400000, 0x00000000e3e00000, 0x00000000ecca0000)
  eden space 8192K,   0% used [0x00000000e3400000, 0x00000000e3400000, 0x00000000e3c00000)
  from space 1024K,  40% used [0x00000000e3d00000, 0x00000000e3d68740, 0x00000000e3e00000)
  to   space 1024K,   0% used [0x00000000e3c00000, 0x00000000e3c00000, 0x00000000e3d00000)
 concurrent mark-sweep generation total 81780K, used 53633K [0x00000000ecca0000, 0x00000000f1c7d000, 0x0000000100000000)
 Metaspace       used 52130K, capacity 54306K, committed 54528K, reserved 1097728K
  class space    used 6625K, capacity 7093K, committed 7168K, reserved 1048576K
}
2020-11-07T19:56:02.216+0800: 45.366: [CMS-concurrent-sweep: 0.039/0.066 secs] [Times: user=0.06 sys=0.00, real=0.07 secs] 
2020-11-07T19:56:02.216+0800: 45.366: [CMS-concurrent-reset-start]
2020-11-07T19:56:02.223+0800: 45.373: [CMS-concurrent-reset: 0.007/0.007 secs] [Times: user=0.01 sys=0.00, real=0.00 secs] 
2020-11-07T19:56:02.237+0800: 45.387: Application time: 0.0418904 seconds
{Heap before GC invocations=587 (full 72):
 par new generation   total 9216K, used 8609K [0x00000000e3400000, 0x00000000e3e00000, 0x00000000ecca0000)
  eden space 8192K, 100% used [0x00000000e3400000, 0x00000000e3c00000, 0x00000000e3c00000)
  from space 1024K,  40% used [0x00000000e3d00000, 0x00000000e3d68740, 0x00000000e3e00000)
  to   space 1024K,   0% used [0x00000000e3c00000, 0x00000000e3c00000, 0x00000000e3d00000)
 concurrent mark-sweep generation total 81780K, used 38429K [0x00000000ecca0000, 0x00000000f1c7d000, 0x0000000100000000)
 Metaspace       used 52473K, capacity 54658K, committed 55040K, reserved 1097728K
  class space    used 6678K, capacity 7125K, committed 7168K, reserved 1048576K
2020-11-07T19:56:02.237+0800: 45.387: [GC (Allocation Failure) 2020-11-07T19:56:02.237+0800: 45.387: [ParNew: 8609K->468K(9216K), 0.0169571 secs] 47038K->38907K(90996K), 0.0170342 secs] [Times: user=0.01 sys=0.00, real=0.01 secs] 
Heap after GC invocations=588 (full 72):
 par new generation   total 9216K, used 468K [0x00000000e3400000, 0x00000000e3e00000, 0x00000000ecca0000)
  eden space 8192K,   0% used [0x00000000e3400000, 0x00000000e3400000, 0x00000000e3c00000)
  from space 1024K,  45% used [0x00000000e3c00000, 0x00000000e3c750c0, 0x00000000e3d00000)
  to   space 1024K,   0% used [0x00000000e3d00000, 0x00000000e3d00000, 0x00000000e3e00000)
 concurrent mark-sweep generation total 81780K, used 38439K [0x00000000ecca0000, 0x00000000f1c7d000, 0x0000000100000000)
 Metaspace       used 52473K, capacity 54658K, committed 55040K, reserved 1097728K
  class space    used 6678K, capacity 7125K, committed 7168K, reserved 1048576K
}
2020-11-07T19:56:02.283+0800: 45.433: Application time: 0.0284162 seconds
{Heap before GC invocations=588 (full 72):
 par new generation   total 9216K, used 8660K [0x00000000e3400000, 0x00000000e3e00000, 0x00000000ecca0000)
  eden space 8192K, 100% used [0x00000000e3400000, 0x00000000e3c00000, 0x00000000e3c00000)
  from space 1024K,  45% used [0x00000000e3c00000, 0x00000000e3c750c0, 0x00000000e3d00000)
  to   space 1024K,   0% used [0x00000000e3d00000, 0x00000000e3d00000, 0x00000000e3e00000)
 concurrent mark-sweep generation total 81780K, used 38439K [0x00000000ecca0000, 0x00000000f1c7d000, 0x0000000100000000)
 Metaspace       used 52619K, capacity 54818K, committed 55040K, reserved 1097728K
  class space    used 6700K, capacity 7157K, committed 7168K, reserved 1048576K
2020-11-07T19:56:02.283+0800: 45.433: [GC (Allocation Failure) 2020-11-07T19:56:02.283+0800: 45.433: [ParNew: 8660K->1024K(9216K), 0.0186884 secs] 47099K->39832K(90996K), 0.0187464 secs] [Times: user=0.02 sys=0.00, real=0.02 secs] 
Heap after GC invocations=589 (full 72):
 par new generation   total 9216K, used 1024K [0x00000000e3400000, 0x00000000e3e00000, 0x00000000ecca0000)
  eden space 8192K,   0% used [0x00000000e3400000, 0x00000000e3400000, 0x00000000e3c00000)
  from space 1024K, 100% used [0x00000000e3d00000, 0x00000000e3e00000, 0x00000000e3e00000)
  to   space 1024K,   0% used [0x00000000e3c00000, 0x00000000e3c00000, 0x00000000e3d00000)
 concurrent mark-sweep generation total 81780K, used 38808K [0x00000000ecca0000, 0x00000000f1c7d000, 0x0000000100000000)
 Metaspace       used 52619K, capacity 54818K, committed 55040K, reserved 1097728K
  class space    used 6700K, capacity 7157K, committed 7168K, reserved 1048576K
}
2020-11-07T19:56:02.391+0800: 45.541: Application time: 0.0891589 seconds
2020-11-07T19:56:02.395+0800: 45.544: Application time: 0.0021804 seconds
{Heap before GC invocations=589 (full 72):
 par new generation   total 9216K, used 9216K [0x00000000e3400000, 0x00000000e3e00000, 0x00000000ecca0000)
  eden space 8192K, 100% used [0x00000000e3400000, 0x00000000e3c00000, 0x00000000e3c00000)
  from space 1024K, 100% used [0x00000000e3d00000, 0x00000000e3e00000, 0x00000000e3e00000)
  to   space 1024K,   0% used [0x00000000e3c00000, 0x00000000e3c00000, 0x00000000e3d00000)
 concurrent mark-sweep generation total 81780K, used 38808K [0x00000000ecca0000, 0x00000000f1c7d000, 0x0000000100000000)
 Metaspace       used 52904K, capacity 55118K, committed 55424K, reserved 1097728K
  class space    used 6724K, capacity 7191K, committed 7296K, reserved 1048576K
2020-11-07T19:56:02.395+0800: 45.545: [GC (Allocation Failure) 2020-11-07T19:56:02.395+0800: 45.545: [ParNew: 9216K->458K(9216K), 0.0170085 secs] 48024K->40349K(90996K), 0.0170747 secs] [Times: user=0.01 sys=0.00, real=0.01 secs] 
Heap after GC invocations=590 (full 72):
 par new generation   total 9216K, used 458K [0x00000000e3400000, 0x00000000e3e00000, 0x00000000ecca0000)
  eden space 8192K,   0% used [0x00000000e3400000, 0x00000000e3400000, 0x00000000e3c00000)
  from space 1024K,  44% used [0x00000000e3c00000, 0x00000000e3c72b38, 0x00000000e3d00000)
  to   space 1024K,   0% used [0x00000000e3d00000, 0x00000000e3d00000, 0x00000000e3e00000)
 concurrent mark-sweep generation total 81780K, used 39890K [0x00000000ecca0000, 0x00000000f1c7d000, 0x0000000100000000)
 Metaspace       used 52904K, capacity 55118K, committed 55424K, reserved 1097728K
  class space    used 6724K, capacity 7191K, committed 7296K, reserved 1048576K
}
2020-11-07T19:56:02.470+0800: 45.619: Application time: 0.0575579 seconds
{Heap before GC invocations=590 (full 72):
 par new generation   total 9216K, used 8650K [0x00000000e3400000, 0x00000000e3e00000, 0x00000000ecca0000)
  eden space 8192K, 100% used [0x00000000e3400000, 0x00000000e3c00000, 0x00000000e3c00000)
  from space 1024K,  44% used [0x00000000e3c00000, 0x00000000e3c72b38, 0x00000000e3d00000)
  to   space 1024K,   0% used [0x00000000e3d00000, 0x00000000e3d00000, 0x00000000e3e00000)
 concurrent mark-sweep generation total 81780K, used 39890K [0x00000000ecca0000, 0x00000000f1c7d000, 0x0000000100000000)
 Metaspace       used 53009K, capacity 55188K, committed 55424K, reserved 1097728K
  class space    used 6736K, capacity 7192K, committed 7296K, reserved 1048576K
2020-11-07T19:56:02.470+0800: 45.619: [GC (Allocation Failure) 2020-11-07T19:56:02.470+0800: 45.619: [ParNew: 8650K->168K(9216K), 0.0076733 secs] 48541K->40058K(90996K), 0.0077448 secs] [Times: user=0.01 sys=0.00, real=0.01 secs] 
Heap after GC invocations=591 (full 72):
 par new generation   total 9216K, used 168K [0x00000000e3400000, 0x00000000e3e00000, 0x00000000ecca0000)
  eden space 8192K,   0% used [0x00000000e3400000, 0x00000000e3400000, 0x00000000e3c00000)
  from space 1024K,  16% used [0x00000000e3d00000, 0x00000000e3d2a088, 0x00000000e3e00000)
  to   space 1024K,   0% used [0x00000000e3c00000, 0x00000000e3c00000, 0x00000000e3d00000)
 concurrent mark-sweep generation total 81780K, used 39890K [0x00000000ecca0000, 0x00000000f1c7d000, 0x0000000100000000)
 Metaspace       used 53009K, capacity 55188K, committed 55424K, reserved 1097728K
  class space    used 6736K, capacity 7192K, committed 7296K, reserved 1048576K
}
2020-11-07T19:56:02.502+0800: 45.652: Application time: 0.0248807 seconds
{Heap before GC invocations=591 (full 72):
 par new generation   total 9216K, used 8360K [0x00000000e3400000, 0x00000000e3e00000, 0x00000000ecca0000)
  eden space 8192K, 100% used [0x00000000e3400000, 0x00000000e3c00000, 0x00000000e3c00000)
  from space 1024K,  16% used [0x00000000e3d00000, 0x00000000e3d2a088, 0x00000000e3e00000)
  to   space 1024K,   0% used [0x00000000e3c00000, 0x00000000e3c00000, 0x00000000e3d00000)
 concurrent mark-sweep generation total 81780K, used 39890K [0x00000000ecca0000, 0x00000000f1c7d000, 0x0000000100000000)
 Metaspace       used 53102K, capacity 55252K, committed 55680K, reserved 1097728K
  class space    used 6753K, capacity 7192K, committed 7296K, reserved 1048576K
2020-11-07T19:56:02.503+0800: 45.652: [GC (Allocation Failure) 2020-11-07T19:56:02.503+0800: 45.652: [ParNew: 8360K->204K(9216K), 0.0140246 secs] 48250K->40095K(90996K), 0.0140835 secs] [Times: user=0.01 sys=0.01, real=0.02 secs] 
Heap after GC invocations=592 (full 72):
 par new generation   total 9216K, used 204K [0x00000000e3400000, 0x00000000e3e00000, 0x00000000ecca0000)
  eden space 8192K,   0% used [0x00000000e3400000, 0x00000000e3400000, 0x00000000e3c00000)
  from space 1024K,  19% used [0x00000000e3c00000, 0x00000000e3c33220, 0x00000000e3d00000)
  to   space 1024K,   0% used [0x00000000e3d00000, 0x00000000e3d00000, 0x00000000e3e00000)
 concurrent mark-sweep generation total 81780K, used 39890K [0x00000000ecca0000, 0x00000000f1c7d000, 0x0000000100000000)
 Metaspace       used 53102K, capacity 55252K, committed 55680K, reserved 1097728K
  class space    used 6753K, capacity 7192K, committed 7296K, reserved 1048576K
}
2020-11-07T19:56:02.584+0800: 45.734: Application time: 0.0672543 seconds
{Heap before GC invocations=592 (full 72):
 par new generation   total 9216K, used 8396K [0x00000000e3400000, 0x00000000e3e00000, 0x00000000ecca0000)
  eden space 8192K, 100% used [0x00000000e3400000, 0x00000000e3c00000, 0x00000000e3c00000)
  from space 1024K,  19% used [0x00000000e3c00000, 0x00000000e3c33220, 0x00000000e3d00000)
  to   space 1024K,   0% used [0x00000000e3d00000, 0x00000000e3d00000, 0x00000000e3e00000)
 concurrent mark-sweep generation total 81780K, used 39890K [0x00000000ecca0000, 0x00000000f1c7d000, 0x0000000100000000)
 Metaspace       used 53309K, capacity 55508K, committed 55680K, reserved 1097728K
  class space    used 6786K, capacity 7256K, committed 7296K, reserved 1048576K
2020-11-07T19:56:02.584+0800: 45.734: [GC (Allocation Failure) 2020-11-07T19:56:02.584+0800: 45.734: [ParNew: 8396K->314K(9216K), 0.0199569 secs] 48287K->40205K(90996K), 0.0200233 secs] [Times: user=0.02 sys=0.00, real=0.02 secs] 
Heap after GC invocations=593 (full 72):
 par new generation   total 9216K, used 314K [0x00000000e3400000, 0x00000000e3e00000, 0x00000000ecca0000)
  eden space 8192K,   0% used [0x00000000e3400000, 0x00000000e3400000, 0x00000000e3c00000)
  from space 1024K,  30% used [0x00000000e3d00000, 0x00000000e3d4e9c8, 0x00000000e3e00000)
  to   space 1024K,   0% used [0x00000000e3c00000, 0x00000000e3c00000, 0x00000000e3d00000)
 concurrent mark-sweep generation total 81780K, used 39890K [0x00000000ecca0000, 0x00000000f1c7d000, 0x0000000100000000)
 Metaspace       used 53309K, capacity 55508K, committed 55680K, reserved 1097728K
  class space    used 6786K, capacity 7256K, committed 7296K, reserved 1048576K
}
2020-11-07T19:56:02.608+0800: 45.758: Application time: 0.0041097 seconds
2020-11-07T19:56:02.630+0800: 45.779: Application time: 0.0203490 seconds
{Heap before GC invocations=593 (full 72):
 par new generation   total 9216K, used 8506K [0x00000000e3400000, 0x00000000e3e00000, 0x00000000ecca0000)
  eden space 8192K, 100% used [0x00000000e3400000, 0x00000000e3c00000, 0x00000000e3c00000)
  from space 1024K,  30% used [0x00000000e3d00000, 0x00000000e3d4e9c8, 0x00000000e3e00000)
  to   space 1024K,   0% used [0x00000000e3c00000, 0x00000000e3c00000, 0x00000000e3d00000)
 concurrent mark-sweep generation total 81780K, used 39890K [0x00000000ecca0000, 0x00000000f1c7d000, 0x0000000100000000)
 Metaspace       used 53421K, capacity 55572K, committed 55936K, reserved 1097728K
  class space    used 6805K, capacity 7256K, committed 7296K, reserved 1048576K
2020-11-07T19:56:02.630+0800: 45.780: [GC (Allocation Failure) 2020-11-07T19:56:02.630+0800: 45.780: [ParNew: 8506K->252K(9216K), 0.0060257 secs] 48397K->40143K(90996K), 0.0060754 secs] [Times: user=0.00 sys=0.00, real=0.01 secs] 
Heap after GC invocations=594 (full 72):
 par new generation   total 9216K, used 252K [0x00000000e3400000, 0x00000000e3e00000, 0x00000000ecca0000)
  eden space 8192K,   0% used [0x00000000e3400000, 0x00000000e3400000, 0x00000000e3c00000)
  from space 1024K,  24% used [0x00000000e3c00000, 0x00000000e3c3f268, 0x00000000e3d00000)
  to   space 1024K,   0% used [0x00000000e3d00000, 0x00000000e3d00000, 0x00000000e3e00000)
 concurrent mark-sweep generation total 81780K, used 39890K [0x00000000ecca0000, 0x00000000f1c7d000, 0x0000000100000000)
 Metaspace       used 53421K, capacity 55572K, committed 55936K, reserved 1097728K
  class space    used 6805K, capacity 7256K, committed 7296K, reserved 1048576K
}
2020-11-07T19:56:02.746+0800: 45.896: Application time: 0.1100736 seconds
{Heap before GC invocations=594 (full 72):
 par new generation   total 9216K, used 8444K [0x00000000e3400000, 0x00000000e3e00000, 0x00000000ecca0000)
  eden space 8192K, 100% used [0x00000000e3400000, 0x00000000e3c00000, 0x00000000e3c00000)
  from space 1024K,  24% used [0x00000000e3c00000, 0x00000000e3c3f268, 0x00000000e3d00000)
  to   space 1024K,   0% used [0x00000000e3d00000, 0x00000000e3d00000, 0x00000000e3e00000)
 concurrent mark-sweep generation total 81780K, used 39890K [0x00000000ecca0000, 0x00000000f1c7d000, 0x0000000100000000)
 Metaspace       used 53544K, capacity 55738K, committed 55936K, reserved 1097728K
  class space    used 6822K, capacity 7289K, committed 7296K, reserved 1048576K
2020-11-07T19:56:02.746+0800: 45.896: [GC (Allocation Failure) 2020-11-07T19:56:02.746+0800: 45.896: [ParNew: 8444K->689K(9216K), 0.0215976 secs] 48335K->40580K(90996K), 0.0216566 secs] [Times: user=0.02 sys=0.00, real=0.02 secs] 
Heap after GC invocations=595 (full 72):
 par new generation   total 9216K, used 689K [0x00000000e3400000, 0x00000000e3e00000, 0x00000000ecca0000)
  eden space 8192K,   0% used [0x00000000e3400000, 0x00000000e3400000, 0x00000000e3c00000)
  from space 1024K,  67% used [0x00000000e3d00000, 0x00000000e3dac658, 0x00000000e3e00000)
  to   space 1024K,   0% used [0x00000000e3c00000, 0x00000000e3c00000, 0x00000000e3d00000)
 concurrent mark-sweep generation total 81780K, used 39890K [0x00000000ecca0000, 0x00000000f1c7d000, 0x0000000100000000)
 Metaspace       used 53544K, capacity 55738K, committed 55936K, reserved 1097728K
  class space    used 6822K, capacity 7289K, committed 7296K, reserved 1048576K
}
2020-11-07T19:56:02.819+0800: 45.969: Application time: 0.0508094 seconds
{Heap before GC invocations=595 (full 72):
 par new generation   total 9216K, used 8881K [0x00000000e3400000, 0x00000000e3e00000, 0x00000000ecca0000)
  eden space 8192K, 100% used [0x00000000e3400000, 0x00000000e3c00000, 0x00000000e3c00000)
  from space 1024K,  67% used [0x00000000e3d00000, 0x00000000e3dac658, 0x00000000e3e00000)
  to   space 1024K,   0% used [0x00000000e3c00000, 0x00000000e3c00000, 0x00000000e3d00000)
 concurrent mark-sweep generation total 81780K, used 39890K [0x00000000ecca0000, 0x00000000f1c7d000, 0x0000000100000000)
 Metaspace       used 53848K, capacity 56032K, committed 56320K, reserved 1097728K
  class space    used 6856K, capacity 7322K, committed 7424K, reserved 1048576K
2020-11-07T19:56:02.819+0800: 45.969: [GC (Allocation Failure) 2020-11-07T19:56:02.819+0800: 45.969: [ParNew: 8881K->707K(9216K), 0.0148362 secs] 48772K->40751K(90996K), 0.0148917 secs] [Times: user=0.02 sys=0.00, real=0.01 secs] 
Heap after GC invocations=596 (full 72):
 par new generation   total 9216K, used 707K [0x00000000e3400000, 0x00000000e3e00000, 0x00000000ecca0000)
  eden space 8192K,   0% used [0x00000000e3400000, 0x00000000e3400000, 0x00000000e3c00000)
  from space 1024K,  69% used [0x00000000e3c00000, 0x00000000e3cb0c70, 0x00000000e3d00000)
  to   space 1024K,   0% used [0x00000000e3d00000, 0x00000000e3d00000, 0x00000000e3e00000)
 concurrent mark-sweep generation total 81780K, used 40044K [0x00000000ecca0000, 0x00000000f1c7d000, 0x0000000100000000)
 Metaspace       used 53848K, capacity 56032K, committed 56320K, reserved 1097728K
  class space    used 6856K, capacity 7322K, committed 7424K, reserved 1048576K
}
2020-11-07T19:56:02.883+0800: 46.032: Application time: 0.0487306 seconds
{Heap before GC invocations=596 (full 72):
 par new generation   total 9216K, used 8899K [0x00000000e3400000, 0x00000000e3e00000, 0x00000000ecca0000)
  eden space 8192K, 100% used [0x00000000e3400000, 0x00000000e3c00000, 0x00000000e3c00000)
  from space 1024K,  69% used [0x00000000e3c00000, 0x00000000e3cb0c70, 0x00000000e3d00000)
  to   space 1024K,   0% used [0x00000000e3d00000, 0x00000000e3d00000, 0x00000000e3e00000)
 concurrent mark-sweep generation total 81780K, used 40044K [0x00000000ecca0000, 0x00000000f1c7d000, 0x0000000100000000)
 Metaspace       used 54029K, capacity 56224K, committed 56576K, reserved 1097728K
  class space    used 6873K, capacity 7322K, committed 7424K, reserved 1048576K
2020-11-07T19:56:02.883+0800: 46.032: [GC (Allocation Failure) 2020-11-07T19:56:02.883+0800: 46.033: [ParNew: 8899K->323K(9216K), 0.0211575 secs] 48943K->40716K(90996K), 0.0212303 secs] [Times: user=0.02 sys=0.00, real=0.02 secs] 
Heap after GC invocations=597 (full 72):
 par new generation   total 9216K, used 323K [0x00000000e3400000, 0x00000000e3e00000, 0x00000000ecca0000)
  eden space 8192K,   0% used [0x00000000e3400000, 0x00000000e3400000, 0x00000000e3c00000)
  from space 1024K,  31% used [0x00000000e3d00000, 0x00000000e3d50f50, 0x00000000e3e00000)
  to   space 1024K,   0% used [0x00000000e3c00000, 0x00000000e3c00000, 0x00000000e3d00000)
 concurrent mark-sweep generation total 81780K, used 40392K [0x00000000ecca0000, 0x00000000f1c7d000, 0x0000000100000000)
 Metaspace       used 54029K, capacity 56224K, committed 56576K, reserved 1097728K
  class space    used 6873K, capacity 7322K, committed 7424K, reserved 1048576K
}
2020-11-07T19:56:02.926+0800: 46.076: Application time: 0.0219007 seconds
{Heap before GC invocations=597 (full 72):
 par new generation   total 9216K, used 8515K [0x00000000e3400000, 0x00000000e3e00000, 0x00000000ecca0000)
  eden space 8192K, 100% used [0x00000000e3400000, 0x00000000e3c00000, 0x00000000e3c00000)
  from space 1024K,  31% used [0x00000000e3d00000, 0x00000000e3d50f50, 0x00000000e3e00000)
  to   space 1024K,   0% used [0x00000000e3c00000, 0x00000000e3c00000, 0x00000000e3d00000)
 concurrent mark-sweep generation total 81780K, used 40392K [0x00000000ecca0000, 0x00000000f1c7d000, 0x0000000100000000)
 Metaspace       used 54177K, capacity 56384K, committed 56832K, reserved 1099776K
  class space    used 6896K, capacity 7354K, committed 7424K, reserved 1048576K
2020-11-07T19:56:02.926+0800: 46.076: [GC (Allocation Failure) 2020-11-07T19:56:02.926+0800: 46.076: [ParNew: 8515K->220K(9216K), 0.0137143 secs] 48908K->40612K(90996K), 0.0137683 secs] [Times: user=0.01 sys=0.00, real=0.01 secs] 
Heap after GC invocations=598 (full 72):
 par new generation   total 9216K, used 220K [0x00000000e3400000, 0x00000000e3e00000, 0x00000000ecca0000)
  eden space 8192K,   0% used [0x00000000e3400000, 0x00000000e3400000, 0x00000000e3c00000)
  from space 1024K,  21% used [0x00000000e3c00000, 0x00000000e3c37020, 0x00000000e3d00000)
  to   space 1024K,   0% used [0x00000000e3d00000, 0x00000000e3d00000, 0x00000000e3e00000)
 concurrent mark-sweep generation total 81780K, used 40392K [0x00000000ecca0000, 0x00000000f1c7d000, 0x0000000100000000)
 Metaspace       used 54177K, capacity 56384K, committed 56832K, reserved 1099776K
  class space    used 6896K, capacity 7354K, committed 7424K, reserved 1048576K
}
2020-11-07T19:56:02.963+0800: 46.112: Application time: 0.0225143 seconds
{Heap before GC invocations=598 (full 72):
 par new generation   total 9216K, used 8412K [0x00000000e3400000, 0x00000000e3e00000, 0x00000000ecca0000)
  eden space 8192K, 100% used [0x00000000e3400000, 0x00000000e3c00000, 0x00000000e3c00000)
  from space 1024K,  21% used [0x00000000e3c00000, 0x00000000e3c37020, 0x00000000e3d00000)
  to   space 1024K,   0% used [0x00000000e3d00000, 0x00000000e3d00000, 0x00000000e3e00000)
 concurrent mark-sweep generation total 81780K, used 40392K [0x00000000ecca0000, 0x00000000f1c7d000, 0x0000000100000000)
 Metaspace       used 54325K, capacity 56512K, committed 56832K, reserved 1099776K
  class space    used 6915K, capacity 7354K, committed 7424K, reserved 1048576K
2020-11-07T19:56:02.963+0800: 46.112: [GC (Allocation Failure) 2020-11-07T19:56:02.963+0800: 46.112: [ParNew: 8412K->240K(9216K), 0.0155479 secs] 48804K->40633K(90996K), 0.0156036 secs] [Times: user=0.02 sys=0.00, real=0.02 secs] 
Heap after GC invocations=599 (full 72):
 par new generation   total 9216K, used 240K [0x00000000e3400000, 0x00000000e3e00000, 0x00000000ecca0000)
  eden space 8192K,   0% used [0x00000000e3400000, 0x00000000e3400000, 0x00000000e3c00000)
  from space 1024K,  23% used [0x00000000e3d00000, 0x00000000e3d3c2b0, 0x00000000e3e00000)
  to   space 1024K,   0% used [0x00000000e3c00000, 0x00000000e3c00000, 0x00000000e3d00000)
 concurrent mark-sweep generation total 81780K, used 40392K [0x00000000ecca0000, 0x00000000f1c7d000, 0x0000000100000000)
 Metaspace       used 54325K, capacity 56512K, committed 56832K, reserved 1099776K
  class space    used 6915K, capacity 7354K, committed 7424K, reserved 1048576K
}
2020-11-07T19:56:02.991+0800: 46.140: Application time: 0.0121698 seconds
{Heap before GC invocations=599 (full 72):
 par new generation   total 9216K, used 8432K [0x00000000e3400000, 0x00000000e3e00000, 0x00000000ecca0000)
  eden space 8192K, 100% used [0x00000000e3400000, 0x00000000e3c00000, 0x00000000e3c00000)
  from space 1024K,  23% used [0x00000000e3d00000, 0x00000000e3d3c2b0, 0x00000000e3e00000)
  to   space 1024K,   0% used [0x00000000e3c00000, 0x00000000e3c00000, 0x00000000e3d00000)
 concurrent mark-sweep generation total 81780K, used 40392K [0x00000000ecca0000, 0x00000000f1c7d000, 0x0000000100000000)
 Metaspace       used 54366K, capacity 56544K, committed 56832K, reserved 1099776K
  class space    used 6920K, capacity 7386K, committed 7424K, reserved 1048576K
2020-11-07T19:56:02.991+0800: 46.140: [GC (Allocation Failure) 2020-11-07T19:56:02.991+0800: 46.140: [ParNew: 8432K->172K(9216K), 0.0154246 secs] 48825K->40564K(90996K), 0.0154789 secs] [Times: user=0.02 sys=0.00, real=0.02 secs] 
Heap after GC invocations=600 (full 72):
 par new generation   total 9216K, used 172K [0x00000000e3400000, 0x00000000e3e00000, 0x00000000ecca0000)
  eden space 8192K,   0% used [0x00000000e3400000, 0x00000000e3400000, 0x00000000e3c00000)
  from space 1024K,  16% used [0x00000000e3c00000, 0x00000000e3c2b130, 0x00000000e3d00000)
  to   space 1024K,   0% used [0x00000000e3d00000, 0x00000000e3d00000, 0x00000000e3e00000)
 concurrent mark-sweep generation total 81780K, used 40392K [0x00000000ecca0000, 0x00000000f1c7d000, 0x0000000100000000)
 Metaspace       used 54366K, capacity 56544K, committed 56832K, reserved 1099776K
  class space    used 6920K, capacity 7386K, committed 7424K, reserved 1048576K
}
2020-11-07T19:56:03.022+0800: 46.172: Application time: 0.0161695 seconds
{Heap before GC invocations=600 (full 72):
 par new generation   total 9216K, used 8364K [0x00000000e3400000, 0x00000000e3e00000, 0x00000000ecca0000)
  eden space 8192K, 100% used [0x00000000e3400000, 0x00000000e3c00000, 0x00000000e3c00000)
  from space 1024K,  16% used [0x00000000e3c00000, 0x00000000e3c2b130, 0x00000000e3d00000)
  to   space 1024K,   0% used [0x00000000e3d00000, 0x00000000e3d00000, 0x00000000e3e00000)
 concurrent mark-sweep generation total 81780K, used 40392K [0x00000000ecca0000, 0x00000000f1c7d000, 0x0000000100000000)
 Metaspace       used 54438K, capacity 56608K, committed 56832K, reserved 1099776K
  class space    used 6926K, capacity 7386K, committed 7424K, reserved 1048576K
2020-11-07T19:56:03.023+0800: 46.172: [GC (Allocation Failure) 2020-11-07T19:56:03.023+0800: 46.172: [ParNew: 8364K->202K(9216K), 0.0159688 secs] 48756K->40595K(90996K), 0.0160287 secs] [Times: user=0.02 sys=0.00, real=0.02 secs] 
Heap after GC invocations=601 (full 72):
 par new generation   total 9216K, used 202K [0x00000000e3400000, 0x00000000e3e00000, 0x00000000ecca0000)
  eden space 8192K,   0% used [0x00000000e3400000, 0x00000000e3400000, 0x00000000e3c00000)
  from space 1024K,  19% used [0x00000000e3d00000, 0x00000000e3d32b20, 0x00000000e3e00000)
  to   space 1024K,   0% used [0x00000000e3c00000, 0x00000000e3c00000, 0x00000000e3d00000)
 concurrent mark-sweep generation total 81780K, used 40392K [0x00000000ecca0000, 0x00000000f1c7d000, 0x0000000100000000)
 Metaspace       used 54438K, capacity 56608K, committed 56832K, reserved 1099776K
  class space    used 6926K, capacity 7386K, committed 7424K, reserved 1048576K
}
2020-11-07T19:56:03.052+0800: 46.201: Application time: 0.0130068 seconds
{Heap before GC invocations=601 (full 72):
 par new generation   total 9216K, used 8394K [0x00000000e3400000, 0x00000000e3e00000, 0x00000000ecca0000)
  eden space 8192K, 100% used [0x00000000e3400000, 0x00000000e3c00000, 0x00000000e3c00000)
  from space 1024K,  19% used [0x00000000e3d00000, 0x00000000e3d32b20, 0x00000000e3e00000)
  to   space 1024K,   0% used [0x00000000e3c00000, 0x00000000e3c00000, 0x00000000e3d00000)
 concurrent mark-sweep generation total 81780K, used 40392K [0x00000000ecca0000, 0x00000000f1c7d000, 0x0000000100000000)
 Metaspace       used 54472K, capacity 56672K, committed 57088K, reserved 1099776K
  class space    used 6929K, capacity 7386K, committed 7424K, reserved 1048576K
2020-11-07T19:56:03.052+0800: 46.202: [GC (Allocation Failure) 2020-11-07T19:56:03.052+0800: 46.202: [ParNew: 8394K->173K(9216K), 0.0147861 secs] 48787K->40566K(90996K), 0.0148434 secs] [Times: user=0.01 sys=0.00, real=0.02 secs] 
Heap after GC invocations=602 (full 72):
 par new generation   total 9216K, used 173K [0x00000000e3400000, 0x00000000e3e00000, 0x00000000ecca0000)
  eden space 8192K,   0% used [0x00000000e3400000, 0x00000000e3400000, 0x00000000e3c00000)
  from space 1024K,  16% used [0x00000000e3c00000, 0x00000000e3c2b7c8, 0x00000000e3d00000)
  to   space 1024K,   0% used [0x00000000e3d00000, 0x00000000e3d00000, 0x00000000e3e00000)
 concurrent mark-sweep generation total 81780K, used 40392K [0x00000000ecca0000, 0x00000000f1c7d000, 0x0000000100000000)
 Metaspace       used 54472K, capacity 56672K, committed 57088K, reserved 1099776K
  class space    used 6929K, capacity 7386K, committed 7424K, reserved 1048576K
}
2020-11-07T19:56:03.087+0800: 46.237: Application time: 0.0204977 seconds
{Heap before GC invocations=602 (full 72):
 par new generation   total 9216K, used 8365K [0x00000000e3400000, 0x00000000e3e00000, 0x00000000ecca0000)
  eden space 8192K, 100% used [0x00000000e3400000, 0x00000000e3c00000, 0x00000000e3c00000)
  from space 1024K,  16% used [0x00000000e3c00000, 0x00000000e3c2b7c8, 0x00000000e3d00000)
  to   space 1024K,   0% used [0x00000000e3d00000, 0x00000000e3d00000, 0x00000000e3e00000)
 concurrent mark-sweep generation total 81780K, used 40392K [0x00000000ecca0000, 0x00000000f1c7d000, 0x0000000100000000)
 Metaspace       used 54546K, capacity 56736K, committed 57088K, reserved 1099776K
  class space    used 6937K, capacity 7386K, committed 7424K, reserved 1048576K
2020-11-07T19:56:03.087+0800: 46.237: [GC (Allocation Failure) 2020-11-07T19:56:03.087+0800: 46.237: [ParNew: 8365K->215K(9216K), 0.0061656 secs] 48758K->40607K(90996K), 0.0062184 secs] [Times: user=0.01 sys=0.00, real=0.00 secs] 
Heap after GC invocations=603 (full 72):
 par new generation   total 9216K, used 215K [0x00000000e3400000, 0x00000000e3e00000, 0x00000000ecca0000)
  eden space 8192K,   0% used [0x00000000e3400000, 0x00000000e3400000, 0x00000000e3c00000)
  from space 1024K,  20% used [0x00000000e3d00000, 0x00000000e3d35c00, 0x00000000e3e00000)
  to   space 1024K,   0% used [0x00000000e3c00000, 0x00000000e3c00000, 0x00000000e3d00000)
 concurrent mark-sweep generation total 81780K, used 40392K [0x00000000ecca0000, 0x00000000f1c7d000, 0x0000000100000000)
 Metaspace       used 54546K, capacity 56736K, committed 57088K, reserved 1099776K
  class space    used 6937K, capacity 7386K, committed 7424K, reserved 1048576K
}
2020-11-07T19:56:03.127+0800: 46.277: Application time: 0.0332790 seconds
{Heap before GC invocations=603 (full 72):
 par new generation   total 9216K, used 8407K [0x00000000e3400000, 0x00000000e3e00000, 0x00000000ecca0000)
  eden space 8192K, 100% used [0x00000000e3400000, 0x00000000e3c00000, 0x00000000e3c00000)
  from space 1024K,  20% used [0x00000000e3d00000, 0x00000000e3d35c00, 0x00000000e3e00000)
  to   space 1024K,   0% used [0x00000000e3c00000, 0x00000000e3c00000, 0x00000000e3d00000)
 concurrent mark-sweep generation total 81780K, used 40392K [0x00000000ecca0000, 0x00000000f1c7d000, 0x0000000100000000)
 Metaspace       used 54733K, capacity 56896K, committed 57088K, reserved 1099776K
  class space    used 6963K, capacity 7418K, committed 7424K, reserved 1048576K
2020-11-07T19:56:03.127+0800: 46.277: [GC (Allocation Failure) 2020-11-07T19:56:03.127+0800: 46.277: [ParNew: 8407K->369K(9216K), 0.0172145 secs] 48799K->40762K(90996K), 0.0172749 secs] [Times: user=0.02 sys=0.01, real=0.02 secs] 
Heap after GC invocations=604 (full 72):
 par new generation   total 9216K, used 369K [0x00000000e3400000, 0x00000000e3e00000, 0x00000000ecca0000)
  eden space 8192K,   0% used [0x00000000e3400000, 0x00000000e3400000, 0x00000000e3c00000)
  from space 1024K,  36% used [0x00000000e3c00000, 0x00000000e3c5c5e0, 0x00000000e3d00000)
  to   space 1024K,   0% used [0x00000000e3d00000, 0x00000000e3d00000, 0x00000000e3e00000)
 concurrent mark-sweep generation total 81780K, used 40392K [0x00000000ecca0000, 0x00000000f1c7d000, 0x0000000100000000)
 Metaspace       used 54733K, capacity 56896K, committed 57088K, reserved 1099776K
  class space    used 6963K, capacity 7418K, committed 7424K, reserved 1048576K
}
2020-11-07T19:56:03.182+0800: 46.332: Application time: 0.0374972 seconds
2020-11-07T19:56:03.182+0800: 46.332: Application time: 0.0000467 seconds
2020-11-07T19:56:03.193+0800: 46.343: Application time: 0.0112757 seconds
{Heap before GC invocations=604 (full 72):
 par new generation   total 9216K, used 8561K [0x00000000e3400000, 0x00000000e3e00000, 0x00000000ecca0000)
  eden space 8192K, 100% used [0x00000000e3400000, 0x00000000e3c00000, 0x00000000e3c00000)
  from space 1024K,  36% used [0x00000000e3c00000, 0x00000000e3c5c5e0, 0x00000000e3d00000)
  to   space 1024K,   0% used [0x00000000e3d00000, 0x00000000e3d00000, 0x00000000e3e00000)
 concurrent mark-sweep generation total 81780K, used 40392K [0x00000000ecca0000, 0x00000000f1c7d000, 0x0000000100000000)
 Metaspace       used 54864K, capacity 57024K, committed 57344K, reserved 1099776K
  class space    used 6971K, capacity 7418K, committed 7424K, reserved 1048576K
2020-11-07T19:56:03.194+0800: 46.343: [GC (Allocation Failure) 2020-11-07T19:56:03.194+0800: 46.343: [ParNew: 8561K->325K(9216K), 0.0154527 secs] 48954K->40755K(90996K), 0.0155147 secs] [Times: user=0.01 sys=0.00, real=0.02 secs] 
Heap after GC invocations=605 (full 72):
 par new generation   total 9216K, used 325K [0x00000000e3400000, 0x00000000e3e00000, 0x00000000ecca0000)
  eden space 8192K,   0% used [0x00000000e3400000, 0x00000000e3400000, 0x00000000e3c00000)
  from space 1024K,  31% used [0x00000000e3d00000, 0x00000000e3d51740, 0x00000000e3e00000)
  to   space 1024K,   0% used [0x00000000e3c00000, 0x00000000e3c00000, 0x00000000e3d00000)
 concurrent mark-sweep generation total 81780K, used 40430K [0x00000000ecca0000, 0x00000000f1c7d000, 0x0000000100000000)
 Metaspace       used 54864K, capacity 57024K, committed 57344K, reserved 1099776K
  class space    used 6971K, capacity 7418K, committed 7424K, reserved 1048576K
}
2020-11-07T19:56:03.307+0800: 46.457: Application time: 0.0982024 seconds
{Heap before GC invocations=605 (full 72):
 par new generation   total 9216K, used 8517K [0x00000000e3400000, 0x00000000e3e00000, 0x00000000ecca0000)
  eden space 8192K, 100% used [0x00000000e3400000, 0x00000000e3c00000, 0x00000000e3c00000)
  from space 1024K,  31% used [0x00000000e3d00000, 0x00000000e3d51740, 0x00000000e3e00000)
  to   space 1024K,   0% used [0x00000000e3c00000, 0x00000000e3c00000, 0x00000000e3d00000)
 concurrent mark-sweep generation total 81780K, used 40430K [0x00000000ecca0000, 0x00000000f1c7d000, 0x0000000100000000)
 Metaspace       used 55025K, capacity 57236K, committed 57728K, reserved 1099776K
  class space    used 6997K, capacity 7466K, committed 7552K, reserved 1048576K
2020-11-07T19:56:03.308+0800: 46.457: [GC (Allocation Failure) 2020-11-07T19:56:03.308+0800: 46.457: [ParNew: 8517K->455K(9216K), 0.0281759 secs] 48947K->40900K(90996K), 0.0282318 secs] [Times: user=0.03 sys=0.00, real=0.03 secs] 
Heap after GC invocations=606 (full 72):
 par new generation   total 9216K, used 455K [0x00000000e3400000, 0x00000000e3e00000, 0x00000000ecca0000)
  eden space 8192K,   0% used [0x00000000e3400000, 0x00000000e3400000, 0x00000000e3c00000)
  from space 1024K,  44% used [0x00000000e3c00000, 0x00000000e3c71c40, 0x00000000e3d00000)
  to   space 1024K,   0% used [0x00000000e3d00000, 0x00000000e3d00000, 0x00000000e3e00000)
 concurrent mark-sweep generation total 81780K, used 40445K [0x00000000ecca0000, 0x00000000f1c7d000, 0x0000000100000000)
 Metaspace       used 55025K, capacity 57236K, committed 57728K, reserved 1099776K
  class space    used 6997K, capacity 7466K, committed 7552K, reserved 1048576K
}
2020-11-07T19:56:03.432+0800: 46.582: Application time: 0.0959600 seconds
{Heap before GC invocations=606 (full 72):
 par new generation   total 9216K, used 8647K [0x00000000e3400000, 0x00000000e3e00000, 0x00000000ecca0000)
  eden space 8192K, 100% used [0x00000000e3400000, 0x00000000e3c00000, 0x00000000e3c00000)
  from space 1024K,  44% used [0x00000000e3c00000, 0x00000000e3c71c40, 0x00000000e3d00000)
  to   space 1024K,   0% used [0x00000000e3d00000, 0x00000000e3d00000, 0x00000000e3e00000)
 concurrent mark-sweep generation total 81780K, used 40445K [0x00000000ecca0000, 0x00000000f1c7d000, 0x0000000100000000)
 Metaspace       used 55135K, capacity 57310K, committed 57728K, reserved 1099776K
  class space    used 7011K, capacity 7469K, committed 7552K, reserved 1048576K
2020-11-07T19:56:03.432+0800: 46.582: [GC (Allocation Failure) 2020-11-07T19:56:03.432+0800: 46.582: [ParNew: 8647K->625K(9216K), 0.0660875 secs] 49092K->41095K(90996K), 0.0661428 secs] [Times: user=0.07 sys=0.00, real=0.07 secs] 
Heap after GC invocations=607 (full 72):
 par new generation   total 9216K, used 625K [0x00000000e3400000, 0x00000000e3e00000, 0x00000000ecca0000)
  eden space 8192K,   0% used [0x00000000e3400000, 0x00000000e3400000, 0x00000000e3c00000)
  from space 1024K,  61% used [0x00000000e3d00000, 0x00000000e3d9c610, 0x00000000e3e00000)
  to   space 1024K,   0% used [0x00000000e3c00000, 0x00000000e3c00000, 0x00000000e3d00000)
 concurrent mark-sweep generation total 81780K, used 40469K [0x00000000ecca0000, 0x00000000f1c7d000, 0x0000000100000000)
 Metaspace       used 55135K, capacity 57310K, committed 57728K, reserved 1099776K
  class space    used 7011K, capacity 7469K, committed 7552K, reserved 1048576K
}
2020-11-07T19:56:03.608+0800: 46.758: Application time: 0.1095356 seconds
{Heap before GC invocations=607 (full 72):
 par new generation   total 9216K, used 8817K [0x00000000e3400000, 0x00000000e3e00000, 0x00000000ecca0000)
  eden space 8192K, 100% used [0x00000000e3400000, 0x00000000e3c00000, 0x00000000e3c00000)
  from space 1024K,  61% used [0x00000000e3d00000, 0x00000000e3d9c610, 0x00000000e3e00000)
  to   space 1024K,   0% used [0x00000000e3c00000, 0x00000000e3c00000, 0x00000000e3d00000)
 concurrent mark-sweep generation total 81780K, used 40469K [0x00000000ecca0000, 0x00000000f1c7d000, 0x0000000100000000)
 Metaspace       used 55324K, capacity 57554K, committed 57984K, reserved 1099776K
  class space    used 7029K, capacity 7501K, committed 7552K, reserved 1048576K
2020-11-07T19:56:03.608+0800: 46.758: [GC (Allocation Failure) 2020-11-07T19:56:03.608+0800: 46.758: [ParNew: 8817K->439K(9216K), 0.0180628 secs] 49287K->40933K(90996K), 0.0181258 secs] [Times: user=0.02 sys=0.00, real=0.02 secs] 
Heap after GC invocations=608 (full 72):
 par new generation   total 9216K, used 439K [0x00000000e3400000, 0x00000000e3e00000, 0x00000000ecca0000)
  eden space 8192K,   0% used [0x00000000e3400000, 0x00000000e3400000, 0x00000000e3c00000)
  from space 1024K,  42% used [0x00000000e3c00000, 0x00000000e3c6df58, 0x00000000e3d00000)
  to   space 1024K,   0% used [0x00000000e3d00000, 0x00000000e3d00000, 0x00000000e3e00000)
 concurrent mark-sweep generation total 81780K, used 40493K [0x00000000ecca0000, 0x00000000f1c7d000, 0x0000000100000000)
 Metaspace       used 55324K, capacity 57554K, committed 57984K, reserved 1099776K
  class space    used 7029K, capacity 7501K, committed 7552K, reserved 1048576K
}
2020-11-07T19:56:03.667+0800: 46.817: Application time: 0.0408885 seconds
{Heap before GC invocations=608 (full 72):
 par new generation   total 9216K, used 8631K [0x00000000e3400000, 0x00000000e3e00000, 0x00000000ecca0000)
  eden space 8192K, 100% used [0x00000000e3400000, 0x00000000e3c00000, 0x00000000e3c00000)
  from space 1024K,  42% used [0x00000000e3c00000, 0x00000000e3c6df58, 0x00000000e3d00000)
  to   space 1024K,   0% used [0x00000000e3d00000, 0x00000000e3d00000, 0x00000000e3e00000)
 concurrent mark-sweep generation total 81780K, used 40493K [0x00000000ecca0000, 0x00000000f1c7d000, 0x0000000100000000)
 Metaspace       used 55397K, capacity 57652K, committed 57984K, reserved 1099776K
  class space    used 7045K, capacity 7510K, committed 7552K, reserved 1048576K
2020-11-07T19:56:03.667+0800: 46.817: [GC (Allocation Failure) 2020-11-07T19:56:03.667+0800: 46.817: [ParNew: 8631K->387K(9216K), 0.0312963 secs] 49125K->40887K(90996K), 0.0313754 secs] [Times: user=0.03 sys=0.00, real=0.03 secs] 
Heap after GC invocations=609 (full 72):
 par new generation   total 9216K, used 387K [0x00000000e3400000, 0x00000000e3e00000, 0x00000000ecca0000)
  eden space 8192K,   0% used [0x00000000e3400000, 0x00000000e3400000, 0x00000000e3c00000)
  from space 1024K,  37% used [0x00000000e3d00000, 0x00000000e3d60ed0, 0x00000000e3e00000)
  to   space 1024K,   0% used [0x00000000e3c00000, 0x00000000e3c00000, 0x00000000e3d00000)
 concurrent mark-sweep generation total 81780K, used 40500K [0x00000000ecca0000, 0x00000000f1c7d000, 0x0000000100000000)
 Metaspace       used 55397K, capacity 57652K, committed 57984K, reserved 1099776K
  class space    used 7045K, capacity 7510K, committed 7552K, reserved 1048576K
}
2020-11-07T19:56:03.771+0800: 46.920: Application time: 0.0716835 seconds
{Heap before GC invocations=609 (full 72):
 par new generation   total 9216K, used 8579K [0x00000000e3400000, 0x00000000e3e00000, 0x00000000ecca0000)
  eden space 8192K, 100% used [0x00000000e3400000, 0x00000000e3c00000, 0x00000000e3c00000)
  from space 1024K,  37% used [0x00000000e3d00000, 0x00000000e3d60ed0, 0x00000000e3e00000)
  to   space 1024K,   0% used [0x00000000e3c00000, 0x00000000e3c00000, 0x00000000e3d00000)
 concurrent mark-sweep generation total 81780K, used 40500K [0x00000000ecca0000, 0x00000000f1c7d000, 0x0000000100000000)
 Metaspace       used 55530K, capacity 57822K, committed 57984K, reserved 1099776K
  class space    used 7073K, capacity 7543K, committed 7552K, reserved 1048576K
2020-11-07T19:56:03.771+0800: 46.920: [GC (Allocation Failure) 2020-11-07T19:56:03.771+0800: 46.920: [ParNew: 8579K->464K(9216K), 0.0229374 secs] 49079K->40973K(90996K), 0.0229949 secs] [Times: user=0.03 sys=0.00, real=0.02 secs] 
Heap after GC invocations=610 (full 72):
 par new generation   total 9216K, used 464K [0x00000000e3400000, 0x00000000e3e00000, 0x00000000ecca0000)
  eden space 8192K,   0% used [0x00000000e3400000, 0x00000000e3400000, 0x00000000e3c00000)
  from space 1024K,  45% used [0x00000000e3c00000, 0x00000000e3c74098, 0x00000000e3d00000)
  to   space 1024K,   0% used [0x00000000e3d00000, 0x00000000e3d00000, 0x00000000e3e00000)
 concurrent mark-sweep generation total 81780K, used 40509K [0x00000000ecca0000, 0x00000000f1c7d000, 0x0000000100000000)
 Metaspace       used 55530K, capacity 57822K, committed 57984K, reserved 1099776K
  class space    used 7073K, capacity 7543K, committed 7552K, reserved 1048576K
}
2020-11-07T19:56:03.859+0800: 47.009: Application time: 0.0655312 seconds
{Heap before GC invocations=610 (full 72):
 par new generation   total 9216K, used 8656K [0x00000000e3400000, 0x00000000e3e00000, 0x00000000ecca0000)
  eden space 8192K, 100% used [0x00000000e3400000, 0x00000000e3c00000, 0x00000000e3c00000)
  from space 1024K,  45% used [0x00000000e3c00000, 0x00000000e3c74098, 0x00000000e3d00000)
  to   space 1024K,   0% used [0x00000000e3d00000, 0x00000000e3d00000, 0x00000000e3e00000)
 concurrent mark-sweep generation total 81780K, used 40509K [0x00000000ecca0000, 0x00000000f1c7d000, 0x0000000100000000)
 Metaspace       used 55718K, capacity 57994K, committed 58368K, reserved 1099776K
  class space    used 7102K, capacity 7579K, committed 7680K, reserved 1048576K
2020-11-07T19:56:03.859+0800: 47.009: [GC (Allocation Failure) 2020-11-07T19:56:03.860+0800: 47.009: [ParNew: 8656K->619K(9216K), 0.0347464 secs] 49165K->41138K(90996K), 0.0348084 secs] [Times: user=0.04 sys=0.00, real=0.03 secs] 
Heap after GC invocations=611 (full 72):
 par new generation   total 9216K, used 619K [0x00000000e3400000, 0x00000000e3e00000, 0x00000000ecca0000)
  eden space 8192K,   0% used [0x00000000e3400000, 0x00000000e3400000, 0x00000000e3c00000)
  from space 1024K,  60% used [0x00000000e3d00000, 0x00000000e3d9adb0, 0x00000000e3e00000)
  to   space 1024K,   0% used [0x00000000e3c00000, 0x00000000e3c00000, 0x00000000e3d00000)
 concurrent mark-sweep generation total 81780K, used 40518K [0x00000000ecca0000, 0x00000000f1c7d000, 0x0000000100000000)
 Metaspace       used 55718K, capacity 57994K, committed 58368K, reserved 1099776K
  class space    used 7102K, capacity 7579K, committed 7680K, reserved 1048576K
}
2020-11-07T19:56:03.951+0800: 47.101: Application time: 0.0567896 seconds
{Heap before GC invocations=611 (full 72):
 par new generation   total 9216K, used 8811K [0x00000000e3400000, 0x00000000e3e00000, 0x00000000ecca0000)
  eden space 8192K, 100% used [0x00000000e3400000, 0x00000000e3c00000, 0x00000000e3c00000)
  from space 1024K,  60% used [0x00000000e3d00000, 0x00000000e3d9adb0, 0x00000000e3e00000)
  to   space 1024K,   0% used [0x00000000e3c00000, 0x00000000e3c00000, 0x00000000e3d00000)
 concurrent mark-sweep generation total 81780K, used 40518K [0x00000000ecca0000, 0x00000000f1c7d000, 0x0000000100000000)
 Metaspace       used 56021K, capacity 58282K, committed 58624K, reserved 1099776K
  class space    used 7129K, capacity 7611K, committed 7680K, reserved 1048576K
2020-11-07T19:56:03.951+0800: 47.101: [GC (Allocation Failure) 2020-11-07T19:56:03.951+0800: 47.101: [ParNew: 8811K->435K(9216K), 0.0315376 secs] 49330K->41027K(90996K), 0.0315918 secs] [Times: user=0.03 sys=0.00, real=0.03 secs] 
Heap after GC invocations=612 (full 72):
 par new generation   total 9216K, used 435K [0x00000000e3400000, 0x00000000e3e00000, 0x00000000ecca0000)
  eden space 8192K,   0% used [0x00000000e3400000, 0x00000000e3400000, 0x00000000e3c00000)
  from space 1024K,  42% used [0x00000000e3c00000, 0x00000000e3c6cca8, 0x00000000e3d00000)
  to   space 1024K,   0% used [0x00000000e3d00000, 0x00000000e3d00000, 0x00000000e3e00000)
 concurrent mark-sweep generation total 81780K, used 40592K [0x00000000ecca0000, 0x00000000f1c7d000, 0x0000000100000000)
 Metaspace       used 56021K, capacity 58282K, committed 58624K, reserved 1099776K
  class space    used 7129K, capacity 7611K, committed 7680K, reserved 1048576K
}
2020-11-07T19:56:04.023+0800: 47.172: Application time: 0.0397429 seconds
{Heap before GC invocations=612 (full 72):
 par new generation   total 9216K, used 8627K [0x00000000e3400000, 0x00000000e3e00000, 0x00000000ecca0000)
  eden space 8192K, 100% used [0x00000000e3400000, 0x00000000e3c00000, 0x00000000e3c00000)
  from space 1024K,  42% used [0x00000000e3c00000, 0x00000000e3c6cca8, 0x00000000e3d00000)
  to   space 1024K,   0% used [0x00000000e3d00000, 0x00000000e3d00000, 0x00000000e3e00000)
 concurrent mark-sweep generation total 81780K, used 40592K [0x00000000ecca0000, 0x00000000f1c7d000, 0x0000000100000000)
 Metaspace       used 56244K, capacity 58506K, committed 58880K, reserved 1099776K
  class space    used 7178K, capacity 7643K, committed 7680K, reserved 1048576K
2020-11-07T19:56:04.023+0800: 47.173: [GC (Allocation Failure) 2020-11-07T19:56:04.023+0800: 47.173: [ParNew: 8627K->584K(9216K), 0.0319928 secs] 49219K->41177K(90996K), 0.0320471 secs] [Times: user=0.03 sys=0.00, real=0.04 secs] 
Heap after GC invocations=613 (full 72):
 par new generation   total 9216K, used 584K [0x00000000e3400000, 0x00000000e3e00000, 0x00000000ecca0000)
  eden space 8192K,   0% used [0x00000000e3400000, 0x00000000e3400000, 0x00000000e3c00000)
  from space 1024K,  57% used [0x00000000e3d00000, 0x00000000e3d92240, 0x00000000e3e00000)
  to   space 1024K,   0% used [0x00000000e3c00000, 0x00000000e3c00000, 0x00000000e3d00000)
 concurrent mark-sweep generation total 81780K, used 40592K [0x00000000ecca0000, 0x00000000f1c7d000, 0x0000000100000000)
 Metaspace       used 56244K, capacity 58506K, committed 58880K, reserved 1099776K
  class space    used 7178K, capacity 7643K, committed 7680K, reserved 1048576K
}
2020-11-07T19:56:04.078+0800: 47.227: Application time: 0.0225231 seconds
{Heap before GC invocations=613 (full 72):
 par new generation   total 9216K, used 8776K [0x00000000e3400000, 0x00000000e3e00000, 0x00000000ecca0000)
  eden space 8192K, 100% used [0x00000000e3400000, 0x00000000e3c00000, 0x00000000e3c00000)
  from space 1024K,  57% used [0x00000000e3d00000, 0x00000000e3d92240, 0x00000000e3e00000)
  to   space 1024K,   0% used [0x00000000e3c00000, 0x00000000e3c00000, 0x00000000e3d00000)
 concurrent mark-sweep generation total 81780K, used 40592K [0x00000000ecca0000, 0x00000000f1c7d000, 0x0000000100000000)
 Metaspace       used 56305K, capacity 58570K, committed 58880K, reserved 1099776K
  class space    used 7185K, capacity 7643K, committed 7680K, reserved 1048576K
2020-11-07T19:56:04.078+0800: 47.227: [GC (Allocation Failure) 2020-11-07T19:56:04.078+0800: 47.227: [ParNew: 8776K->466K(9216K), 0.0160938 secs] 49369K->41079K(90996K), 0.0161515 secs] [Times: user=0.02 sys=0.00, real=0.01 secs] 
Heap after GC invocations=614 (full 72):
 par new generation   total 9216K, used 466K [0x00000000e3400000, 0x00000000e3e00000, 0x00000000ecca0000)
  eden space 8192K,   0% used [0x00000000e3400000, 0x00000000e3400000, 0x00000000e3c00000)
  from space 1024K,  45% used [0x00000000e3c00000, 0x00000000e3c74b88, 0x00000000e3d00000)
  to   space 1024K,   0% used [0x00000000e3d00000, 0x00000000e3d00000, 0x00000000e3e00000)
 concurrent mark-sweep generation total 81780K, used 40612K [0x00000000ecca0000, 0x00000000f1c7d000, 0x0000000100000000)
 Metaspace       used 56305K, capacity 58570K, committed 58880K, reserved 1099776K
  class space    used 7185K, capacity 7643K, committed 7680K, reserved 1048576K
}
2020-11-07T19:56:04.144+0800: 47.294: Application time: 0.0500082 seconds
2020-11-07T19:56:04.147+0800: 47.297: Application time: 0.0029036 seconds
{Heap before GC invocations=614 (full 72):
 par new generation   total 9216K, used 8658K [0x00000000e3400000, 0x00000000e3e00000, 0x00000000ecca0000)
  eden space 8192K, 100% used [0x00000000e3400000, 0x00000000e3c00000, 0x00000000e3c00000)
  from space 1024K,  45% used [0x00000000e3c00000, 0x00000000e3c74b88, 0x00000000e3d00000)
  to   space 1024K,   0% used [0x00000000e3d00000, 0x00000000e3d00000, 0x00000000e3e00000)
 concurrent mark-sweep generation total 81780K, used 40612K [0x00000000ecca0000, 0x00000000f1c7d000, 0x0000000100000000)
 Metaspace       used 56416K, capacity 58638K, committed 58880K, reserved 1099776K
  class space    used 7196K, capacity 7645K, committed 7680K, reserved 1048576K
2020-11-07T19:56:04.147+0800: 47.297: [GC (Allocation Failure) 2020-11-07T19:56:04.147+0800: 47.297: [ParNew: 8658K->465K(9216K), 0.0217023 secs] 49271K->41143K(90996K), 0.0217646 secs] [Times: user=0.02 sys=0.00, real=0.02 secs] 
Heap after GC invocations=615 (full 72):
 par new generation   total 9216K, used 465K [0x00000000e3400000, 0x00000000e3e00000, 0x00000000ecca0000)
  eden space 8192K,   0% used [0x00000000e3400000, 0x00000000e3400000, 0x00000000e3c00000)
  from space 1024K,  45% used [0x00000000e3d00000, 0x00000000e3d74708, 0x00000000e3e00000)
  to   space 1024K,   0% used [0x00000000e3c00000, 0x00000000e3c00000, 0x00000000e3d00000)
 concurrent mark-sweep generation total 81780K, used 40677K [0x00000000ecca0000, 0x00000000f1c7d000, 0x0000000100000000)
 Metaspace       used 56416K, capacity 58638K, committed 58880K, reserved 1099776K
  class space    used 7196K, capacity 7645K, committed 7680K, reserved 1048576K
}
2020-11-07T19:56:04.221+0800: 47.371: Application time: 0.0521888 seconds
{Heap before GC invocations=615 (full 72):
 par new generation   total 9216K, used 8657K [0x00000000e3400000, 0x00000000e3e00000, 0x00000000ecca0000)
  eden space 8192K, 100% used [0x00000000e3400000, 0x00000000e3c00000, 0x00000000e3c00000)
  from space 1024K,  45% used [0x00000000e3d00000, 0x00000000e3d74708, 0x00000000e3e00000)
  to   space 1024K,   0% used [0x00000000e3c00000, 0x00000000e3c00000, 0x00000000e3d00000)
 concurrent mark-sweep generation total 81780K, used 40677K [0x00000000ecca0000, 0x00000000f1c7d000, 0x0000000100000000)
 Metaspace       used 56572K, capacity 58864K, committed 59264K, reserved 1101824K
  class space    used 7226K, capacity 7702K, committed 7808K, reserved 1048576K
2020-11-07T19:56:04.221+0800: 47.371: [GC (Allocation Failure) 2020-11-07T19:56:04.221+0800: 47.371: [ParNew: 8657K->548K(9216K), 0.0392310 secs] 49335K->41241K(90996K), 0.0393079 secs] [Times: user=0.04 sys=0.00, real=0.04 secs] 
Heap after GC invocations=616 (full 72):
 par new generation   total 9216K, used 548K [0x00000000e3400000, 0x00000000e3e00000, 0x00000000ecca0000)
  eden space 8192K,   0% used [0x00000000e3400000, 0x00000000e3400000, 0x00000000e3c00000)
  from space 1024K,  53% used [0x00000000e3c00000, 0x00000000e3c890b8, 0x00000000e3d00000)
  to   space 1024K,   0% used [0x00000000e3d00000, 0x00000000e3d00000, 0x00000000e3e00000)
 concurrent mark-sweep generation total 81780K, used 40693K [0x00000000ecca0000, 0x00000000f1c7d000, 0x0000000100000000)
 Metaspace       used 56572K, capacity 58864K, committed 59264K, reserved 1101824K
  class space    used 7226K, capacity 7702K, committed 7808K, reserved 1048576K
}
2020-11-07T19:56:04.370+0800: 47.520: Application time: 0.1090616 seconds
{Heap before GC invocations=616 (full 72):
 par new generation   total 9216K, used 8740K [0x00000000e3400000, 0x00000000e3e00000, 0x00000000ecca0000)
  eden space 8192K, 100% used [0x00000000e3400000, 0x00000000e3c00000, 0x00000000e3c00000)
  from space 1024K,  53% used [0x00000000e3c00000, 0x00000000e3c890b8, 0x00000000e3d00000)
  to   space 1024K,   0% used [0x00000000e3d00000, 0x00000000e3d00000, 0x00000000e3e00000)
 concurrent mark-sweep generation total 81780K, used 40693K [0x00000000ecca0000, 0x00000000f1c7d000, 0x0000000100000000)
 Metaspace       used 56783K, capacity 59056K, committed 59264K, reserved 1101824K
  class space    used 7245K, capacity 7702K, committed 7808K, reserved 1048576K
2020-11-07T19:56:04.370+0800: 47.520: [GC (Allocation Failure) 2020-11-07T19:56:04.370+0800: 47.520: [ParNew: 8740K->737K(9216K), 0.0247536 secs] 49433K->41452K(90996K), 0.0248101 secs] [Times: user=0.03 sys=0.00, real=0.03 secs] 
Heap after GC invocations=617 (full 72):
 par new generation   total 9216K, used 737K [0x00000000e3400000, 0x00000000e3e00000, 0x00000000ecca0000)
  eden space 8192K,   0% used [0x00000000e3400000, 0x00000000e3400000, 0x00000000e3c00000)
  from space 1024K,  72% used [0x00000000e3d00000, 0x00000000e3db87b8, 0x00000000e3e00000)
  to   space 1024K,   0% used [0x00000000e3c00000, 0x00000000e3c00000, 0x00000000e3d00000)
 concurrent mark-sweep generation total 81780K, used 40714K [0x00000000ecca0000, 0x00000000f1c7d000, 0x0000000100000000)
 Metaspace       used 56783K, capacity 59056K, committed 59264K, reserved 1101824K
  class space    used 7245K, capacity 7702K, committed 7808K, reserved 1048576K
}
2020-11-07T19:56:04.955+0800: 48.104: Application time: 0.5596110 seconds
{Heap before GC invocations=617 (full 72):
 par new generation   total 9216K, used 8929K [0x00000000e3400000, 0x00000000e3e00000, 0x00000000ecca0000)
  eden space 8192K, 100% used [0x00000000e3400000, 0x00000000e3c00000, 0x00000000e3c00000)
  from space 1024K,  72% used [0x00000000e3d00000, 0x00000000e3db87b8, 0x00000000e3e00000)
  to   space 1024K,   0% used [0x00000000e3c00000, 0x00000000e3c00000, 0x00000000e3d00000)
 concurrent mark-sweep generation total 81780K, used 40714K [0x00000000ecca0000, 0x00000000f1c7d000, 0x0000000100000000)
 Metaspace       used 57022K, capacity 59270K, committed 59520K, reserved 1101824K
  class space    used 7257K, capacity 7707K, committed 7808K, reserved 1048576K
2020-11-07T19:56:04.955+0800: 48.104: [GC (Allocation Failure) 2020-11-07T19:56:04.955+0800: 48.104: [ParNew: 8929K->969K(9216K), 0.0411480 secs] 49644K->41894K(90996K), 0.0412137 secs] [Times: user=0.04 sys=0.00, real=0.04 secs] 
Heap after GC invocations=618 (full 72):
 par new generation   total 9216K, used 969K [0x00000000e3400000, 0x00000000e3e00000, 0x00000000ecca0000)
  eden space 8192K,   0% used [0x00000000e3400000, 0x00000000e3400000, 0x00000000e3c00000)
  from space 1024K,  94% used [0x00000000e3c00000, 0x00000000e3cf27a8, 0x00000000e3d00000)
  to   space 1024K,   0% used [0x00000000e3d00000, 0x00000000e3d00000, 0x00000000e3e00000)
 concurrent mark-sweep generation total 81780K, used 40925K [0x00000000ecca0000, 0x00000000f1c7d000, 0x0000000100000000)
 Metaspace       used 57022K, capacity 59270K, committed 59520K, reserved 1101824K
  class space    used 7257K, capacity 7707K, committed 7808K, reserved 1048576K
}
2020-11-07T19:56:05.033+0800: 48.182: Application time: 0.0368060 seconds
{Heap before GC invocations=618 (full 72):
 par new generation   total 9216K, used 9161K [0x00000000e3400000, 0x00000000e3e00000, 0x00000000ecca0000)
  eden space 8192K, 100% used [0x00000000e3400000, 0x00000000e3c00000, 0x00000000e3c00000)
  from space 1024K,  94% used [0x00000000e3c00000, 0x00000000e3cf27a8, 0x00000000e3d00000)
  to   space 1024K,   0% used [0x00000000e3d00000, 0x00000000e3d00000, 0x00000000e3e00000)
 concurrent mark-sweep generation total 81780K, used 40925K [0x00000000ecca0000, 0x00000000f1c7d000, 0x0000000100000000)
 Metaspace       used 57166K, capacity 59434K, committed 59776K, reserved 1101824K
  class space    used 7275K, capacity 7739K, committed 7808K, reserved 1048576K
2020-11-07T19:56:05.033+0800: 48.183: [GC (Allocation Failure) 2020-11-07T19:56:05.033+0800: 48.183: [ParNew: 9161K->907K(9216K), 0.0370442 secs] 50086K->42204K(90996K), 0.0370970 secs] [Times: user=0.04 sys=0.00, real=0.04 secs] 
Heap after GC invocations=619 (full 72):
 par new generation   total 9216K, used 907K [0x00000000e3400000, 0x00000000e3e00000, 0x00000000ecca0000)
  eden space 8192K,   0% used [0x00000000e3400000, 0x00000000e3400000, 0x00000000e3c00000)
  from space 1024K,  88% used [0x00000000e3d00000, 0x00000000e3de2c10, 0x00000000e3e00000)
  to   space 1024K,   0% used [0x00000000e3c00000, 0x00000000e3c00000, 0x00000000e3d00000)
 concurrent mark-sweep generation total 81780K, used 41297K [0x00000000ecca0000, 0x00000000f1c7d000, 0x0000000100000000)
 Metaspace       used 57166K, capacity 59434K, committed 59776K, reserved 1101824K
  class space    used 7275K, capacity 7739K, committed 7808K, reserved 1048576K
}
2020-11-07T19:56:05.083+0800: 48.232: Application time: 0.0124008 seconds
2020-11-07T19:56:05.096+0800: 48.246: Application time: 0.0094500 seconds
{Heap before GC invocations=619 (full 72):
 par new generation   total 9216K, used 9099K [0x00000000e3400000, 0x00000000e3e00000, 0x00000000ecca0000)
  eden space 8192K, 100% used [0x00000000e3400000, 0x00000000e3c00000, 0x00000000e3c00000)
  from space 1024K,  88% used [0x00000000e3d00000, 0x00000000e3de2c10, 0x00000000e3e00000)
  to   space 1024K,   0% used [0x00000000e3c00000, 0x00000000e3c00000, 0x00000000e3d00000)
 concurrent mark-sweep generation total 81780K, used 41297K [0x00000000ecca0000, 0x00000000f1c7d000, 0x0000000100000000)
 Metaspace       used 57299K, capacity 59594K, committed 59776K, reserved 1101824K
  class space    used 7296K, capacity 7771K, committed 7808K, reserved 1048576K
2020-11-07T19:56:05.096+0800: 48.246: [GC (Allocation Failure) 2020-11-07T19:56:05.096+0800: 48.246: [ParNew: 9099K->261K(9216K), 0.0416735 secs] 50396K->41985K(90996K), 0.0417288 secs] [Times: user=0.04 sys=0.00, real=0.04 secs] 
Heap after GC invocations=620 (full 72):
 par new generation   total 9216K, used 261K [0x00000000e3400000, 0x00000000e3e00000, 0x00000000ecca0000)
  eden space 8192K,   0% used [0x00000000e3400000, 0x00000000e3400000, 0x00000000e3c00000)
  from space 1024K,  25% used [0x00000000e3c00000, 0x00000000e3c417c8, 0x00000000e3d00000)
  to   space 1024K,   0% used [0x00000000e3d00000, 0x00000000e3d00000, 0x00000000e3e00000)
 concurrent mark-sweep generation total 81780K, used 41723K [0x00000000ecca0000, 0x00000000f1c7d000, 0x0000000100000000)
 Metaspace       used 57299K, capacity 59594K, committed 59776K, reserved 1101824K
  class space    used 7296K, capacity 7771K, committed 7808K, reserved 1048576K
}
2020-11-07T19:56:05.175+0800: 48.325: Application time: 0.0368347 seconds
{Heap before GC invocations=620 (full 72):
 par new generation   total 9216K, used 8453K [0x00000000e3400000, 0x00000000e3e00000, 0x00000000ecca0000)
  eden space 8192K, 100% used [0x00000000e3400000, 0x00000000e3c00000, 0x00000000e3c00000)
  from space 1024K,  25% used [0x00000000e3c00000, 0x00000000e3c417c8, 0x00000000e3d00000)
  to   space 1024K,   0% used [0x00000000e3d00000, 0x00000000e3d00000, 0x00000000e3e00000)
 concurrent mark-sweep generation total 81780K, used 41723K [0x00000000ecca0000, 0x00000000f1c7d000, 0x0000000100000000)
 Metaspace       used 57511K, capacity 59818K, committed 60032K, reserved 1101824K
  class space    used 7330K, capacity 7803K, committed 7808K, reserved 1048576K
2020-11-07T19:56:05.175+0800: 48.325: [GC (Allocation Failure) 2020-11-07T19:56:05.175+0800: 48.325: [ParNew: 8453K->283K(9216K), 0.0207136 secs] 50177K->42006K(90996K), 0.0207715 secs] [Times: user=0.02 sys=0.00, real=0.02 secs] 
Heap after GC invocations=621 (full 72):
 par new generation   total 9216K, used 283K [0x00000000e3400000, 0x00000000e3e00000, 0x00000000ecca0000)
  eden space 8192K,   0% used [0x00000000e3400000, 0x00000000e3400000, 0x00000000e3c00000)
  from space 1024K,  27% used [0x00000000e3d00000, 0x00000000e3d46cf0, 0x00000000e3e00000)
  to   space 1024K,   0% used [0x00000000e3c00000, 0x00000000e3c00000, 0x00000000e3d00000)
 concurrent mark-sweep generation total 81780K, used 41723K [0x00000000ecca0000, 0x00000000f1c7d000, 0x0000000100000000)
 Metaspace       used 57511K, capacity 59818K, committed 60032K, reserved 1101824K
  class space    used 7330K, capacity 7803K, committed 7808K, reserved 1048576K
}
2020-11-07T19:56:05.281+0800: 48.430: Application time: 0.0849350 seconds
{Heap before GC invocations=621 (full 72):
 par new generation   total 9216K, used 8475K [0x00000000e3400000, 0x00000000e3e00000, 0x00000000ecca0000)
  eden space 8192K, 100% used [0x00000000e3400000, 0x00000000e3c00000, 0x00000000e3c00000)
  from space 1024K,  27% used [0x00000000e3d00000, 0x00000000e3d46cf0, 0x00000000e3e00000)
  to   space 1024K,   0% used [0x00000000e3c00000, 0x00000000e3c00000, 0x00000000e3d00000)
 concurrent mark-sweep generation total 81780K, used 41723K [0x00000000ecca0000, 0x00000000f1c7d000, 0x0000000100000000)
 Metaspace       used 57681K, capacity 59946K, committed 60288K, reserved 1101824K
  class space    used 7353K, capacity 7803K, committed 7808K, reserved 1048576K
2020-11-07T19:56:05.281+0800: 48.431: [GC (Allocation Failure) 2020-11-07T19:56:05.281+0800: 48.431: [ParNew: 8475K->334K(9216K), 0.0349932 secs] 50198K->42058K(90996K), 0.0350647 secs] [Times: user=0.04 sys=0.00, real=0.04 secs] 
Heap after GC invocations=622 (full 72):
 par new generation   total 9216K, used 334K [0x00000000e3400000, 0x00000000e3e00000, 0x00000000ecca0000)
  eden space 8192K,   0% used [0x00000000e3400000, 0x00000000e3400000, 0x00000000e3c00000)
  from space 1024K,  32% used [0x00000000e3c00000, 0x00000000e3c53988, 0x00000000e3d00000)
  to   space 1024K,   0% used [0x00000000e3d00000, 0x00000000e3d00000, 0x00000000e3e00000)
 concurrent mark-sweep generation total 81780K, used 41723K [0x00000000ecca0000, 0x00000000f1c7d000, 0x0000000100000000)
 Metaspace       used 57681K, capacity 59946K, committed 60288K, reserved 1101824K
  class space    used 7353K, capacity 7803K, committed 7808K, reserved 1048576K
}
2020-11-07T19:56:05.413+0800: 48.563: Application time: 0.0968691 seconds
{Heap before GC invocations=622 (full 72):
 par new generation   total 9216K, used 8526K [0x00000000e3400000, 0x00000000e3e00000, 0x00000000ecca0000)
  eden space 8192K, 100% used [0x00000000e3400000, 0x00000000e3c00000, 0x00000000e3c00000)
  from space 1024K,  32% used [0x00000000e3c00000, 0x00000000e3c53988, 0x00000000e3d00000)
  to   space 1024K,   0% used [0x00000000e3d00000, 0x00000000e3d00000, 0x00000000e3e00000)
 concurrent mark-sweep generation total 81780K, used 41723K [0x00000000ecca0000, 0x00000000f1c7d000, 0x0000000100000000)
 Metaspace       used 57739K, capacity 60014K, committed 60288K, reserved 1101824K
  class space    used 7356K, capacity 7805K, committed 7808K, reserved 1048576K
2020-11-07T19:56:05.414+0800: 48.564: [GC (Allocation Failure) 2020-11-07T19:56:05.414+0800: 48.564: [ParNew: 8526K->893K(9216K), 0.0174813 secs] 50250K->42617K(90996K), 0.0175621 secs] [Times: user=0.02 sys=0.00, real=0.02 secs] 
Heap after GC invocations=623 (full 72):
 par new generation   total 9216K, used 893K [0x00000000e3400000, 0x00000000e3e00000, 0x00000000ecca0000)
  eden space 8192K,   0% used [0x00000000e3400000, 0x00000000e3400000, 0x00000000e3c00000)
  from space 1024K,  87% used [0x00000000e3d00000, 0x00000000e3ddf768, 0x00000000e3e00000)
  to   space 1024K,   0% used [0x00000000e3c00000, 0x00000000e3c00000, 0x00000000e3d00000)
 concurrent mark-sweep generation total 81780K, used 41723K [0x00000000ecca0000, 0x00000000f1c7d000, 0x0000000100000000)
 Metaspace       used 57739K, capacity 60014K, committed 60288K, reserved 1101824K
  class space    used 7356K, capacity 7805K, committed 7808K, reserved 1048576K
}
2020-11-07T19:56:05.490+0800: 48.640: Application time: 0.0579677 seconds
{Heap before GC invocations=623 (full 72):
 par new generation   total 9216K, used 9085K [0x00000000e3400000, 0x00000000e3e00000, 0x00000000ecca0000)
  eden space 8192K, 100% used [0x00000000e3400000, 0x00000000e3c00000, 0x00000000e3c00000)
  from space 1024K,  87% used [0x00000000e3d00000, 0x00000000e3ddf768, 0x00000000e3e00000)
  to   space 1024K,   0% used [0x00000000e3c00000, 0x00000000e3c00000, 0x00000000e3d00000)
 concurrent mark-sweep generation total 81780K, used 41723K [0x00000000ecca0000, 0x00000000f1c7d000, 0x0000000100000000)
 Metaspace       used 57843K, capacity 60110K, committed 60416K, reserved 1101824K
  class space    used 7376K, capacity 7837K, committed 7936K, reserved 1048576K
2020-11-07T19:56:05.490+0800: 48.640: [GC (Allocation Failure) 2020-11-07T19:56:05.490+0800: 48.640: [ParNew: 9085K->411K(9216K), 0.0229573 secs] 50809K->42933K(90996K), 0.0230268 secs] [Times: user=0.02 sys=0.00, real=0.02 secs] 
Heap after GC invocations=624 (full 72):
 par new generation   total 9216K, used 411K [0x00000000e3400000, 0x00000000e3e00000, 0x00000000ecca0000)
  eden space 8192K,   0% used [0x00000000e3400000, 0x00000000e3400000, 0x00000000e3c00000)
  from space 1024K,  40% used [0x00000000e3c00000, 0x00000000e3c66d58, 0x00000000e3d00000)
  to   space 1024K,   0% used [0x00000000e3d00000, 0x00000000e3d00000, 0x00000000e3e00000)
 concurrent mark-sweep generation total 81780K, used 42522K [0x00000000ecca0000, 0x00000000f1c7d000, 0x0000000100000000)
 Metaspace       used 57843K, capacity 60110K, committed 60416K, reserved 1101824K
  class space    used 7376K, capacity 7837K, committed 7936K, reserved 1048576K
}
2020-11-07T19:56:05.543+0800: 48.693: Application time: 0.0301291 seconds
{Heap before GC invocations=624 (full 72):
 par new generation   total 9216K, used 8603K [0x00000000e3400000, 0x00000000e3e00000, 0x00000000ecca0000)
  eden space 8192K, 100% used [0x00000000e3400000, 0x00000000e3c00000, 0x00000000e3c00000)
  from space 1024K,  40% used [0x00000000e3c00000, 0x00000000e3c66d58, 0x00000000e3d00000)
  to   space 1024K,   0% used [0x00000000e3d00000, 0x00000000e3d00000, 0x00000000e3e00000)
 concurrent mark-sweep generation total 81780K, used 42522K [0x00000000ecca0000, 0x00000000f1c7d000, 0x0000000100000000)
 Metaspace       used 57852K, capacity 60110K, committed 60416K, reserved 1101824K
  class space    used 7378K, capacity 7837K, committed 7936K, reserved 1048576K
2020-11-07T19:56:05.544+0800: 48.693: [GC (Allocation Failure) 2020-11-07T19:56:05.544+0800: 48.693: [ParNew: 8603K->44K(9216K), 0.0057917 secs] 51125K->42566K(90996K), 0.0058534 secs] [Times: user=0.01 sys=0.00, real=0.01 secs] 
Heap after GC invocations=625 (full 72):
 par new generation   total 9216K, used 44K [0x00000000e3400000, 0x00000000e3e00000, 0x00000000ecca0000)
  eden space 8192K,   0% used [0x00000000e3400000, 0x00000000e3400000, 0x00000000e3c00000)
  from space 1024K,   4% used [0x00000000e3d00000, 0x00000000e3d0b240, 0x00000000e3e00000)
  to   space 1024K,   0% used [0x00000000e3c00000, 0x00000000e3c00000, 0x00000000e3d00000)
 concurrent mark-sweep generation total 81780K, used 42522K [0x00000000ecca0000, 0x00000000f1c7d000, 0x0000000100000000)
 Metaspace       used 57852K, capacity 60110K, committed 60416K, reserved 1101824K
  class space    used 7378K, capacity 7837K, committed 7936K, reserved 1048576K
}
2020-11-07T19:56:05.572+0800: 48.722: Application time: 0.0228948 seconds
{Heap before GC invocations=625 (full 72):
 par new generation   total 9216K, used 8236K [0x00000000e3400000, 0x00000000e3e00000, 0x00000000ecca0000)
  eden space 8192K, 100% used [0x00000000e3400000, 0x00000000e3c00000, 0x00000000e3c00000)
  from space 1024K,   4% used [0x00000000e3d00000, 0x00000000e3d0b240, 0x00000000e3e00000)
  to   space 1024K,   0% used [0x00000000e3c00000, 0x00000000e3c00000, 0x00000000e3d00000)
 concurrent mark-sweep generation total 81780K, used 42522K [0x00000000ecca0000, 0x00000000f1c7d000, 0x0000000100000000)
 Metaspace       used 57852K, capacity 60110K, committed 60416K, reserved 1101824K
  class space    used 7378K, capacity 7837K, committed 7936K, reserved 1048576K
2020-11-07T19:56:05.573+0800: 48.722: [GC (Allocation Failure) 2020-11-07T19:56:05.573+0800: 48.722: [ParNew: 8236K->57K(9216K), 0.0124118 secs] 50758K->42579K(90996K), 0.0124840 secs] [Times: user=0.01 sys=0.00, real=0.02 secs] 
Heap after GC invocations=626 (full 72):
 par new generation   total 9216K, used 57K [0x00000000e3400000, 0x00000000e3e00000, 0x00000000ecca0000)
  eden space 8192K,   0% used [0x00000000e3400000, 0x00000000e3400000, 0x00000000e3c00000)
  from space 1024K,   5% used [0x00000000e3c00000, 0x00000000e3c0e660, 0x00000000e3d00000)
  to   space 1024K,   0% used [0x00000000e3d00000, 0x00000000e3d00000, 0x00000000e3e00000)
 concurrent mark-sweep generation total 81780K, used 42522K [0x00000000ecca0000, 0x00000000f1c7d000, 0x0000000100000000)
 Metaspace       used 57852K, capacity 60110K, committed 60416K, reserved 1101824K
  class space    used 7378K, capacity 7837K, committed 7936K, reserved 1048576K
}
2020-11-07T19:56:05.604+0800: 48.754: Application time: 0.0190364 seconds
{Heap before GC invocations=626 (full 72):
 par new generation   total 9216K, used 8249K [0x00000000e3400000, 0x00000000e3e00000, 0x00000000ecca0000)
  eden space 8192K, 100% used [0x00000000e3400000, 0x00000000e3c00000, 0x00000000e3c00000)
  from space 1024K,   5% used [0x00000000e3c00000, 0x00000000e3c0e660, 0x00000000e3d00000)
  to   space 1024K,   0% used [0x00000000e3d00000, 0x00000000e3d00000, 0x00000000e3e00000)
 concurrent mark-sweep generation total 81780K, used 42522K [0x00000000ecca0000, 0x00000000f1c7d000, 0x0000000100000000)
 Metaspace       used 57853K, capacity 60110K, committed 60416K, reserved 1101824K
  class space    used 7378K, capacity 7837K, committed 7936K, reserved 1048576K
2020-11-07T19:56:05.604+0800: 48.754: [GC (Allocation Failure) 2020-11-07T19:56:05.604+0800: 48.754: [ParNew: 8249K->61K(9216K), 0.0183402 secs] 50771K->42583K(90996K), 0.0184023 secs] [Times: user=0.02 sys=0.00, real=0.01 secs] 
Heap after GC invocations=627 (full 72):
 par new generation   total 9216K, used 61K [0x00000000e3400000, 0x00000000e3e00000, 0x00000000ecca0000)
  eden space 8192K,   0% used [0x00000000e3400000, 0x00000000e3400000, 0x00000000e3c00000)
  from space 1024K,   6% used [0x00000000e3d00000, 0x00000000e3d0f618, 0x00000000e3e00000)
  to   space 1024K,   0% used [0x00000000e3c00000, 0x00000000e3c00000, 0x00000000e3d00000)
 concurrent mark-sweep generation total 81780K, used 42522K [0x00000000ecca0000, 0x00000000f1c7d000, 0x0000000100000000)
 Metaspace       used 57853K, capacity 60110K, committed 60416K, reserved 1101824K
  class space    used 7378K, capacity 7837K, committed 7936K, reserved 1048576K
}
2020-11-07T19:56:05.650+0800: 48.800: Application time: 0.0274709 seconds
{Heap before GC invocations=627 (full 72):
 par new generation   total 9216K, used 8253K [0x00000000e3400000, 0x00000000e3e00000, 0x00000000ecca0000)
  eden space 8192K, 100% used [0x00000000e3400000, 0x00000000e3c00000, 0x00000000e3c00000)
  from space 1024K,   6% used [0x00000000e3d00000, 0x00000000e3d0f618, 0x00000000e3e00000)
  to   space 1024K,   0% used [0x00000000e3c00000, 0x00000000e3c00000, 0x00000000e3d00000)
 concurrent mark-sweep generation total 81780K, used 42522K [0x00000000ecca0000, 0x00000000f1c7d000, 0x0000000100000000)
 Metaspace       used 57913K, capacity 60182K, committed 60416K, reserved 1101824K
  class space    used 7389K, capacity 7839K, committed 7936K, reserved 1048576K
2020-11-07T19:56:05.651+0800: 48.800: [GC (Allocation Failure) 2020-11-07T19:56:05.651+0800: 48.800: [ParNew: 8253K->140K(9216K), 0.0161830 secs] 50775K->42662K(90996K), 0.0162637 secs] [Times: user=0.02 sys=0.00, real=0.02 secs] 
Heap after GC invocations=628 (full 72):
 par new generation   total 9216K, used 140K [0x00000000e3400000, 0x00000000e3e00000, 0x00000000ecca0000)
  eden space 8192K,   0% used [0x00000000e3400000, 0x00000000e3400000, 0x00000000e3c00000)
  from space 1024K,  13% used [0x00000000e3c00000, 0x00000000e3c23090, 0x00000000e3d00000)
  to   space 1024K,   0% used [0x00000000e3d00000, 0x00000000e3d00000, 0x00000000e3e00000)
 concurrent mark-sweep generation total 81780K, used 42522K [0x00000000ecca0000, 0x00000000f1c7d000, 0x0000000100000000)
 Metaspace       used 57913K, capacity 60182K, committed 60416K, reserved 1101824K
  class space    used 7389K, capacity 7839K, committed 7936K, reserved 1048576K
}
2020-11-07T19:56:05.776+0800: 48.926: Application time: 0.1093467 seconds
{Heap before GC invocations=628 (full 72):
 par new generation   total 9216K, used 8332K [0x00000000e3400000, 0x00000000e3e00000, 0x00000000ecca0000)
  eden space 8192K, 100% used [0x00000000e3400000, 0x00000000e3c00000, 0x00000000e3c00000)
  from space 1024K,  13% used [0x00000000e3c00000, 0x00000000e3c23090, 0x00000000e3d00000)
  to   space 1024K,   0% used [0x00000000e3d00000, 0x00000000e3d00000, 0x00000000e3e00000)
 concurrent mark-sweep generation total 81780K, used 42522K [0x00000000ecca0000, 0x00000000f1c7d000, 0x0000000100000000)
 Metaspace       used 58074K, capacity 60354K, committed 60672K, reserved 1101824K
  class space    used 7399K, capacity 7873K, committed 7936K, reserved 1048576K
2020-11-07T19:56:05.777+0800: 48.926: [GC (Allocation Failure) 2020-11-07T19:56:05.777+0800: 48.926: [ParNew: 8332K->399K(9216K), 0.0301690 secs] 50854K->42921K(90996K), 0.0302391 secs] [Times: user=0.03 sys=0.00, real=0.03 secs] 
Heap after GC invocations=629 (full 72):
 par new generation   total 9216K, used 399K [0x00000000e3400000, 0x00000000e3e00000, 0x00000000ecca0000)
  eden space 8192K,   0% used [0x00000000e3400000, 0x00000000e3400000, 0x00000000e3c00000)
  from space 1024K,  39% used [0x00000000e3d00000, 0x00000000e3d63e50, 0x00000000e3e00000)
  to   space 1024K,   0% used [0x00000000e3c00000, 0x00000000e3c00000, 0x00000000e3d00000)
 concurrent mark-sweep generation total 81780K, used 42522K [0x00000000ecca0000, 0x00000000f1c7d000, 0x0000000100000000)
 Metaspace       used 58074K, capacity 60354K, committed 60672K, reserved 1101824K
  class space    used 7399K, capacity 7873K, committed 7936K, reserved 1048576K
}
2020-11-07T19:56:05.839+0800: 48.988: Application time: 0.0318165 seconds
{Heap before GC invocations=629 (full 72):
 par new generation   total 9216K, used 8591K [0x00000000e3400000, 0x00000000e3e00000, 0x00000000ecca0000)
  eden space 8192K, 100% used [0x00000000e3400000, 0x00000000e3c00000, 0x00000000e3c00000)
  from space 1024K,  39% used [0x00000000e3d00000, 0x00000000e3d63e50, 0x00000000e3e00000)
  to   space 1024K,   0% used [0x00000000e3c00000, 0x00000000e3c00000, 0x00000000e3d00000)
 concurrent mark-sweep generation total 81780K, used 42522K [0x00000000ecca0000, 0x00000000f1c7d000, 0x0000000100000000)
 Metaspace       used 58075K, capacity 60354K, committed 60672K, reserved 1101824K
  class space    used 7399K, capacity 7873K, committed 7936K, reserved 1048576K
2020-11-07T19:56:05.839+0800: 48.989: [GC (Allocation Failure) 2020-11-07T19:56:05.839+0800: 48.989: [ParNew: 8591K->416K(9216K), 0.0233254 secs] 51113K->42938K(90996K), 0.0233824 secs] [Times: user=0.02 sys=0.00, real=0.02 secs] 
Heap after GC invocations=630 (full 72):
 par new generation   total 9216K, used 416K [0x00000000e3400000, 0x00000000e3e00000, 0x00000000ecca0000)
  eden space 8192K,   0% used [0x00000000e3400000, 0x00000000e3400000, 0x00000000e3c00000)
  from space 1024K,  40% used [0x00000000e3c00000, 0x00000000e3c68190, 0x00000000e3d00000)
  to   space 1024K,   0% used [0x00000000e3d00000, 0x00000000e3d00000, 0x00000000e3e00000)
 concurrent mark-sweep generation total 81780K, used 42522K [0x00000000ecca0000, 0x00000000f1c7d000, 0x0000000100000000)
 Metaspace       used 58075K, capacity 60354K, committed 60672K, reserved 1101824K
  class space    used 7399K, capacity 7873K, committed 7936K, reserved 1048576K
}
2020-11-07T19:56:05.893+0800: 49.043: Application time: 0.0305934 seconds
{Heap before GC invocations=630 (full 72):
 par new generation   total 9216K, used 8608K [0x00000000e3400000, 0x00000000e3e00000, 0x00000000ecca0000)
  eden space 8192K, 100% used [0x00000000e3400000, 0x00000000e3c00000, 0x00000000e3c00000)
  from space 1024K,  40% used [0x00000000e3c00000, 0x00000000e3c68190, 0x00000000e3d00000)
  to   space 1024K,   0% used [0x00000000e3d00000, 0x00000000e3d00000, 0x00000000e3e00000)
 concurrent mark-sweep generation total 81780K, used 42522K [0x00000000ecca0000, 0x00000000f1c7d000, 0x0000000100000000)
 Metaspace       used 58076K, capacity 60354K, committed 60672K, reserved 1101824K
  class space    used 7399K, capacity 7873K, committed 7936K, reserved 1048576K
2020-11-07T19:56:05.893+0800: 49.043: [GC (Allocation Failure) 2020-11-07T19:56:05.893+0800: 49.043: [ParNew: 8608K->393K(9216K), 0.0219401 secs] 51130K->42915K(90996K), 0.0220107 secs] [Times: user=0.02 sys=0.00, real=0.03 secs] 
Heap after GC invocations=631 (full 72):
 par new generation   total 9216K, used 393K [0x00000000e3400000, 0x00000000e3e00000, 0x00000000ecca0000)
  eden space 8192K,   0% used [0x00000000e3400000, 0x00000000e3400000, 0x00000000e3c00000)
  from space 1024K,  38% used [0x00000000e3d00000, 0x00000000e3d624a8, 0x00000000e3e00000)
  to   space 1024K,   0% used [0x00000000e3c00000, 0x00000000e3c00000, 0x00000000e3d00000)
 concurrent mark-sweep generation total 81780K, used 42522K [0x00000000ecca0000, 0x00000000f1c7d000, 0x0000000100000000)
 Metaspace       used 58076K, capacity 60354K, committed 60672K, reserved 1101824K
  class space    used 7399K, capacity 7873K, committed 7936K, reserved 1048576K
}
2020-11-07T19:56:05.972+0800: 49.122: Application time: 0.0569095 seconds
{Heap before GC invocations=631 (full 72):
 par new generation   total 9216K, used 8585K [0x00000000e3400000, 0x00000000e3e00000, 0x00000000ecca0000)
  eden space 8192K, 100% used [0x00000000e3400000, 0x00000000e3c00000, 0x00000000e3c00000)
  from space 1024K,  38% used [0x00000000e3d00000, 0x00000000e3d624a8, 0x00000000e3e00000)
  to   space 1024K,   0% used [0x00000000e3c00000, 0x00000000e3c00000, 0x00000000e3d00000)
 concurrent mark-sweep generation total 81780K, used 42522K [0x00000000ecca0000, 0x00000000f1c7d000, 0x0000000100000000)
 Metaspace       used 58201K, capacity 60510K, committed 60672K, reserved 1101824K
  class space    used 7417K, capacity 7881K, committed 7936K, reserved 1048576K
2020-11-07T19:56:05.972+0800: 49.122: [GC (Allocation Failure) 2020-11-07T19:56:05.972+0800: 49.122: [ParNew: 8585K->547K(9216K), 0.0210025 secs] 51107K->43069K(90996K), 0.0210661 secs] [Times: user=0.02 sys=0.00, real=0.02 secs] 
Heap after GC invocations=632 (full 72):
 par new generation   total 9216K, used 547K [0x00000000e3400000, 0x00000000e3e00000, 0x00000000ecca0000)
  eden space 8192K,   0% used [0x00000000e3400000, 0x00000000e3400000, 0x00000000e3c00000)
  from space 1024K,  53% used [0x00000000e3c00000, 0x00000000e3c88ce8, 0x00000000e3d00000)
  to   space 1024K,   0% used [0x00000000e3d00000, 0x00000000e3d00000, 0x00000000e3e00000)
 concurrent mark-sweep generation total 81780K, used 42522K [0x00000000ecca0000, 0x00000000f1c7d000, 0x0000000100000000)
 Metaspace       used 58201K, capacity 60510K, committed 60672K, reserved 1101824K
  class space    used 7417K, capacity 7881K, committed 7936K, reserved 1048576K
}
2020-11-07T19:56:06.125+0800: 49.274: Application time: 0.1313159 seconds
{Heap before GC invocations=632 (full 72):
 par new generation   total 9216K, used 8739K [0x00000000e3400000, 0x00000000e3e00000, 0x00000000ecca0000)
  eden space 8192K, 100% used [0x00000000e3400000, 0x00000000e3c00000, 0x00000000e3c00000)
  from space 1024K,  53% used [0x00000000e3c00000, 0x00000000e3c88ce8, 0x00000000e3d00000)
  to   space 1024K,   0% used [0x00000000e3d00000, 0x00000000e3d00000, 0x00000000e3e00000)
 concurrent mark-sweep generation total 81780K, used 42522K [0x00000000ecca0000, 0x00000000f1c7d000, 0x0000000100000000)
 Metaspace       used 58735K, capacity 61036K, committed 61312K, reserved 1101824K
  class space    used 7468K, capacity 7948K, committed 8064K, reserved 1048576K
2020-11-07T19:56:06.125+0800: 49.275: [GC (Allocation Failure) 2020-11-07T19:56:06.125+0800: 49.275: [ParNew: 8739K->661K(9216K), 0.0151028 secs] 51261K->43210K(90996K), 0.0151568 secs] [Times: user=0.01 sys=0.00, real=0.01 secs] 
Heap after GC invocations=633 (full 72):
 par new generation   total 9216K, used 661K [0x00000000e3400000, 0x00000000e3e00000, 0x00000000ecca0000)
  eden space 8192K,   0% used [0x00000000e3400000, 0x00000000e3400000, 0x00000000e3c00000)
  from space 1024K,  64% used [0x00000000e3d00000, 0x00000000e3da5410, 0x00000000e3e00000)
  to   space 1024K,   0% used [0x00000000e3c00000, 0x00000000e3c00000, 0x00000000e3d00000)
 concurrent mark-sweep generation total 81780K, used 42549K [0x00000000ecca0000, 0x00000000f1c7d000, 0x0000000100000000)
 Metaspace       used 58735K, capacity 61036K, committed 61312K, reserved 1101824K
  class space    used 7468K, capacity 7948K, committed 8064K, reserved 1048576K
}
2020-11-07T19:56:06.145+0800: 49.295: Application time: 0.0052298 seconds
2020-11-07T19:56:06.181+0800: 49.331: Application time: 0.0357227 seconds
{Heap before GC invocations=633 (full 72):
 par new generation   total 9216K, used 8853K [0x00000000e3400000, 0x00000000e3e00000, 0x00000000ecca0000)
  eden space 8192K, 100% used [0x00000000e3400000, 0x00000000e3c00000, 0x00000000e3c00000)
  from space 1024K,  64% used [0x00000000e3d00000, 0x00000000e3da5410, 0x00000000e3e00000)
  to   space 1024K,   0% used [0x00000000e3c00000, 0x00000000e3c00000, 0x00000000e3d00000)
 concurrent mark-sweep generation total 81780K, used 42549K [0x00000000ecca0000, 0x00000000f1c7d000, 0x0000000100000000)
 Metaspace       used 58822K, capacity 61124K, committed 61312K, reserved 1101824K
  class space    used 7482K, capacity 7956K, committed 8064K, reserved 1048576K
2020-11-07T19:56:06.181+0800: 49.331: [GC (Allocation Failure) 2020-11-07T19:56:06.181+0800: 49.331: [ParNew: 8853K->358K(9216K), 0.0474194 secs] 51402K->43102K(90996K), 0.0474755 secs] [Times: user=0.05 sys=0.00, real=0.05 secs] 
Heap after GC invocations=634 (full 72):
 par new generation   total 9216K, used 358K [0x00000000e3400000, 0x00000000e3e00000, 0x00000000ecca0000)
  eden space 8192K,   0% used [0x00000000e3400000, 0x00000000e3400000, 0x00000000e3c00000)
  from space 1024K,  35% used [0x00000000e3c00000, 0x00000000e3c59ad8, 0x00000000e3d00000)
  to   space 1024K,   0% used [0x00000000e3d00000, 0x00000000e3d00000, 0x00000000e3e00000)
 concurrent mark-sweep generation total 81780K, used 42744K [0x00000000ecca0000, 0x00000000f1c7d000, 0x0000000100000000)
 Metaspace       used 58822K, capacity 61124K, committed 61312K, reserved 1101824K
  class space    used 7482K, capacity 7956K, committed 8064K, reserved 1048576K
}
2020-11-07T19:56:06.249+0800: 49.398: Application time: 0.0195053 seconds
{Heap before GC invocations=634 (full 72):
 par new generation   total 9216K, used 8550K [0x00000000e3400000, 0x00000000e3e00000, 0x00000000ecca0000)
  eden space 8192K, 100% used [0x00000000e3400000, 0x00000000e3c00000, 0x00000000e3c00000)
  from space 1024K,  35% used [0x00000000e3c00000, 0x00000000e3c59ad8, 0x00000000e3d00000)
  to   space 1024K,   0% used [0x00000000e3d00000, 0x00000000e3d00000, 0x00000000e3e00000)
 concurrent mark-sweep generation total 81780K, used 42744K [0x00000000ecca0000, 0x00000000f1c7d000, 0x0000000100000000)
 Metaspace       used 58900K, capacity 61188K, committed 61568K, reserved 1103872K
  class space    used 7497K, capacity 7956K, committed 8064K, reserved 1048576K
2020-11-07T19:56:06.249+0800: 49.398: [GC (Allocation Failure) 2020-11-07T19:56:06.249+0800: 49.398: [ParNew: 8550K->344K(9216K), 0.0120004 secs] 51294K->43088K(90996K), 0.0120721 secs] [Times: user=0.01 sys=0.00, real=0.01 secs] 
Heap after GC invocations=635 (full 72):
 par new generation   total 9216K, used 344K [0x00000000e3400000, 0x00000000e3e00000, 0x00000000ecca0000)
  eden space 8192K,   0% used [0x00000000e3400000, 0x00000000e3400000, 0x00000000e3c00000)
  from space 1024K,  33% used [0x00000000e3d00000, 0x00000000e3d56128, 0x00000000e3e00000)
  to   space 1024K,   0% used [0x00000000e3c00000, 0x00000000e3c00000, 0x00000000e3d00000)
 concurrent mark-sweep generation total 81780K, used 42744K [0x00000000ecca0000, 0x00000000f1c7d000, 0x0000000100000000)
 Metaspace       used 58900K, capacity 61188K, committed 61568K, reserved 1103872K
  class space    used 7497K, capacity 7956K, committed 8064K, reserved 1048576K
}
2020-11-07T19:56:06.282+0800: 49.432: Application time: 0.0214875 seconds
{Heap before GC invocations=635 (full 72):
 par new generation   total 9216K, used 8536K [0x00000000e3400000, 0x00000000e3e00000, 0x00000000ecca0000)
  eden space 8192K, 100% used [0x00000000e3400000, 0x00000000e3c00000, 0x00000000e3c00000)
  from space 1024K,  33% used [0x00000000e3d00000, 0x00000000e3d56128, 0x00000000e3e00000)
  to   space 1024K,   0% used [0x00000000e3c00000, 0x00000000e3c00000, 0x00000000e3d00000)
 concurrent mark-sweep generation total 81780K, used 42744K [0x00000000ecca0000, 0x00000000f1c7d000, 0x0000000100000000)
 Metaspace       used 59043K, capacity 61348K, committed 61568K, reserved 1103872K
  class space    used 7511K, capacity 7988K, committed 8064K, reserved 1048576K
2020-11-07T19:56:06.282+0800: 49.432: [GC (Allocation Failure) 2020-11-07T19:56:06.283+0800: 49.432: [ParNew: 8536K->458K(9216K), 0.0332032 secs] 51280K->43202K(90996K), 0.0332655 secs] [Times: user=0.04 sys=0.00, real=0.04 secs] 
Heap after GC invocations=636 (full 72):
 par new generation   total 9216K, used 458K [0x00000000e3400000, 0x00000000e3e00000, 0x00000000ecca0000)
  eden space 8192K,   0% used [0x00000000e3400000, 0x00000000e3400000, 0x00000000e3c00000)
  from space 1024K,  44% used [0x00000000e3c00000, 0x00000000e3c729b0, 0x00000000e3d00000)
  to   space 1024K,   0% used [0x00000000e3d00000, 0x00000000e3d00000, 0x00000000e3e00000)
 concurrent mark-sweep generation total 81780K, used 42744K [0x00000000ecca0000, 0x00000000f1c7d000, 0x0000000100000000)
 Metaspace       used 59043K, capacity 61348K, committed 61568K, reserved 1103872K
  class space    used 7511K, capacity 7988K, committed 8064K, reserved 1048576K
}
2020-11-07T19:56:06.341+0800: 49.491: Application time: 0.0250620 seconds
{Heap before GC invocations=636 (full 72):
 par new generation   total 9216K, used 8650K [0x00000000e3400000, 0x00000000e3e00000, 0x00000000ecca0000)
  eden space 8192K, 100% used [0x00000000e3400000, 0x00000000e3c00000, 0x00000000e3c00000)
  from space 1024K,  44% used [0x00000000e3c00000, 0x00000000e3c729b0, 0x00000000e3d00000)
  to   space 1024K,   0% used [0x00000000e3d00000, 0x00000000e3d00000, 0x00000000e3e00000)
 concurrent mark-sweep generation total 81780K, used 42744K [0x00000000ecca0000, 0x00000000f1c7d000, 0x0000000100000000)
 Metaspace       used 59176K, capacity 61476K, committed 61824K, reserved 1103872K
  class space    used 7525K, capacity 7988K, committed 8064K, reserved 1048576K
2020-11-07T19:56:06.341+0800: 49.491: [GC (Allocation Failure) 2020-11-07T19:56:06.341+0800: 49.491: [ParNew: 8650K->463K(9216K), 0.0316954 secs] 51394K->43207K(90996K), 0.0317568 secs] [Times: user=0.03 sys=0.00, real=0.03 secs] 
Heap after GC invocations=637 (full 72):
 par new generation   total 9216K, used 463K [0x00000000e3400000, 0x00000000e3e00000, 0x00000000ecca0000)
  eden space 8192K,   0% used [0x00000000e3400000, 0x00000000e3400000, 0x00000000e3c00000)
  from space 1024K,  45% used [0x00000000e3d00000, 0x00000000e3d73e78, 0x00000000e3e00000)
  to   space 1024K,   0% used [0x00000000e3c00000, 0x00000000e3c00000, 0x00000000e3d00000)
 concurrent mark-sweep generation total 81780K, used 42744K [0x00000000ecca0000, 0x00000000f1c7d000, 0x0000000100000000)
 Metaspace       used 59176K, capacity 61476K, committed 61824K, reserved 1103872K
  class space    used 7525K, capacity 7988K, committed 8064K, reserved 1048576K
}
2020-11-07T19:56:06.417+0800: 49.567: Application time: 0.0440878 seconds
{Heap before GC invocations=637 (full 72):
 par new generation   total 9216K, used 8655K [0x00000000e3400000, 0x00000000e3e00000, 0x00000000ecca0000)
  eden space 8192K, 100% used [0x00000000e3400000, 0x00000000e3c00000, 0x00000000e3c00000)
  from space 1024K,  45% used [0x00000000e3d00000, 0x00000000e3d73e78, 0x00000000e3e00000)
  to   space 1024K,   0% used [0x00000000e3c00000, 0x00000000e3c00000, 0x00000000e3d00000)
 concurrent mark-sweep generation total 81780K, used 42744K [0x00000000ecca0000, 0x00000000f1c7d000, 0x0000000100000000)
 Metaspace       used 59338K, capacity 61678K, committed 61824K, reserved 1103872K
  class space    used 7553K, capacity 8031K, committed 8064K, reserved 1048576K
2020-11-07T19:56:06.417+0800: 49.567: [GC (Allocation Failure) 2020-11-07T19:56:06.417+0800: 49.567: [ParNew: 8655K->517K(9216K), 0.2255573 secs] 51399K->43261K(90996K), 0.2256195 secs] [Times: user=0.21 sys=0.01, real=0.22 secs] 
Heap after GC invocations=638 (full 72):
 par new generation   total 9216K, used 517K [0x00000000e3400000, 0x00000000e3e00000, 0x00000000ecca0000)
  eden space 8192K,   0% used [0x00000000e3400000, 0x00000000e3400000, 0x00000000e3c00000)
  from space 1024K,  50% used [0x00000000e3c00000, 0x00000000e3c81658, 0x00000000e3d00000)
  to   space 1024K,   0% used [0x00000000e3d00000, 0x00000000e3d00000, 0x00000000e3e00000)
 concurrent mark-sweep generation total 81780K, used 42744K [0x00000000ecca0000, 0x00000000f1c7d000, 0x0000000100000000)
 Metaspace       used 59338K, capacity 61678K, committed 61824K, reserved 1103872K
  class space    used 7553K, capacity 8031K, committed 8064K, reserved 1048576K
}
2020-11-07T19:56:06.725+0800: 49.874: Application time: 0.0817592 seconds
{Heap before GC invocations=638 (full 72):
 par new generation   total 9216K, used 8709K [0x00000000e3400000, 0x00000000e3e00000, 0x00000000ecca0000)
  eden space 8192K, 100% used [0x00000000e3400000, 0x00000000e3c00000, 0x00000000e3c00000)
  from space 1024K,  50% used [0x00000000e3c00000, 0x00000000e3c81658, 0x00000000e3d00000)
  to   space 1024K,   0% used [0x00000000e3d00000, 0x00000000e3d00000, 0x00000000e3e00000)
 concurrent mark-sweep generation total 81780K, used 42744K [0x00000000ecca0000, 0x00000000f1c7d000, 0x0000000100000000)
 Metaspace       used 59677K, capacity 62274K, committed 62464K, reserved 1103872K
  class space    used 7613K, capacity 8137K, committed 8192K, reserved 1048576K
2020-11-07T19:56:06.725+0800: 49.874: [GC (Allocation Failure) 2020-11-07T19:56:06.725+0800: 49.874: [ParNew: 8709K->645K(9216K), 0.0234986 secs] 51453K->43466K(90996K), 0.0235554 secs] [Times: user=0.02 sys=0.00, real=0.02 secs] 
Heap after GC invocations=639 (full 72):
 par new generation   total 9216K, used 645K [0x00000000e3400000, 0x00000000e3e00000, 0x00000000ecca0000)
  eden space 8192K,   0% used [0x00000000e3400000, 0x00000000e3400000, 0x00000000e3c00000)
  from space 1024K,  62% used [0x00000000e3d00000, 0x00000000e3da1428, 0x00000000e3e00000)
  to   space 1024K,   0% used [0x00000000e3c00000, 0x00000000e3c00000, 0x00000000e3d00000)
 concurrent mark-sweep generation total 81780K, used 42821K [0x00000000ecca0000, 0x00000000f1c7d000, 0x0000000100000000)
 Metaspace       used 59677K, capacity 62274K, committed 62464K, reserved 1103872K
  class space    used 7613K, capacity 8137K, committed 8192K, reserved 1048576K
}
2020-11-07T19:56:06.769+0800: 49.919: Application time: 0.0204593 seconds
2020-11-07T19:56:06.773+0800: 49.923: Application time: 0.0030091 seconds
{Heap before GC invocations=639 (full 72):
 par new generation   total 9216K, used 8837K [0x00000000e3400000, 0x00000000e3e00000, 0x00000000ecca0000)
  eden space 8192K, 100% used [0x00000000e3400000, 0x00000000e3c00000, 0x00000000e3c00000)
  from space 1024K,  62% used [0x00000000e3d00000, 0x00000000e3da1428, 0x00000000e3e00000)
  to   space 1024K,   0% used [0x00000000e3c00000, 0x00000000e3c00000, 0x00000000e3d00000)
 concurrent mark-sweep generation total 81780K, used 42821K [0x00000000ecca0000, 0x00000000f1c7d000, 0x0000000100000000)
 Metaspace       used 59778K, capacity 62368K, committed 62464K, reserved 1103872K
  class space    used 7630K, capacity 8144K, committed 8192K, reserved 1048576K
2020-11-07T19:56:06.773+0800: 49.923: [GC (Allocation Failure) 2020-11-07T19:56:06.773+0800: 49.923: [ParNew: 8837K->480K(9216K), 0.0189659 secs] 51658K->43434K(90996K), 0.0190310 secs] [Times: user=0.02 sys=0.00, real=0.02 secs] 
Heap after GC invocations=640 (full 72):
 par new generation   total 9216K, used 480K [0x00000000e3400000, 0x00000000e3e00000, 0x00000000ecca0000)
  eden space 8192K,   0% used [0x00000000e3400000, 0x00000000e3400000, 0x00000000e3c00000)
  from space 1024K,  46% used [0x00000000e3c00000, 0x00000000e3c783d8, 0x00000000e3d00000)
  to   space 1024K,   0% used [0x00000000e3d00000, 0x00000000e3d00000, 0x00000000e3e00000)
 concurrent mark-sweep generation total 81780K, used 42953K [0x00000000ecca0000, 0x00000000f1c7d000, 0x0000000100000000)
 Metaspace       used 59778K, capacity 62368K, committed 62464K, reserved 1103872K
  class space    used 7630K, capacity 8144K, committed 8192K, reserved 1048576K
}
2020-11-07T19:56:06.813+0800: 49.963: Application time: 0.0208835 seconds
{Heap before GC invocations=640 (full 72):
 par new generation   total 9216K, used 8672K [0x00000000e3400000, 0x00000000e3e00000, 0x00000000ecca0000)
  eden space 8192K, 100% used [0x00000000e3400000, 0x00000000e3c00000, 0x00000000e3c00000)
  from space 1024K,  46% used [0x00000000e3c00000, 0x00000000e3c783d8, 0x00000000e3d00000)
  to   space 1024K,   0% used [0x00000000e3d00000, 0x00000000e3d00000, 0x00000000e3e00000)
 concurrent mark-sweep generation total 81780K, used 42953K [0x00000000ecca0000, 0x00000000f1c7d000, 0x0000000100000000)
 Metaspace       used 59852K, capacity 62452K, committed 62720K, reserved 1103872K
  class space    used 7641K, capacity 8148K, committed 8192K, reserved 1048576K
2020-11-07T19:56:06.813+0800: 49.963: [GC (Allocation Failure) 2020-11-07T19:56:06.813+0800: 49.963: [ParNew: 8672K->564K(9216K), 0.0209423 secs] 51626K->43518K(90996K), 0.0210000 secs] [Times: user=0.02 sys=0.00, real=0.02 secs] 
Heap after GC invocations=641 (full 72):
 par new generation   total 9216K, used 564K [0x00000000e3400000, 0x00000000e3e00000, 0x00000000ecca0000)
  eden space 8192K,   0% used [0x00000000e3400000, 0x00000000e3400000, 0x00000000e3c00000)
  from space 1024K,  55% used [0x00000000e3d00000, 0x00000000e3d8d270, 0x00000000e3e00000)
  to   space 1024K,   0% used [0x00000000e3c00000, 0x00000000e3c00000, 0x00000000e3d00000)
 concurrent mark-sweep generation total 81780K, used 42953K [0x00000000ecca0000, 0x00000000f1c7d000, 0x0000000100000000)
 Metaspace       used 59852K, capacity 62452K, committed 62720K, reserved 1103872K
  class space    used 7641K, capacity 8148K, committed 8192K, reserved 1048576K
}
2020-11-07T19:56:06.876+0800: 50.025: Application time: 0.0411301 seconds
{Heap before GC invocations=641 (full 72):
 par new generation   total 9216K, used 8756K [0x00000000e3400000, 0x00000000e3e00000, 0x00000000ecca0000)
  eden space 8192K, 100% used [0x00000000e3400000, 0x00000000e3c00000, 0x00000000e3c00000)
  from space 1024K,  55% used [0x00000000e3d00000, 0x00000000e3d8d270, 0x00000000e3e00000)
  to   space 1024K,   0% used [0x00000000e3c00000, 0x00000000e3c00000, 0x00000000e3d00000)
 concurrent mark-sweep generation total 81780K, used 42953K [0x00000000ecca0000, 0x00000000f1c7d000, 0x0000000100000000)
 Metaspace       used 60184K, capacity 62878K, committed 63104K, reserved 1103872K
  class space    used 7691K, capacity 8241K, committed 8320K, reserved 1048576K
2020-11-07T19:56:06.876+0800: 50.025: [GC (Allocation Failure) 2020-11-07T19:56:06.876+0800: 50.025: [ParNew: 8756K->641K(9216K), 0.0233687 secs] 51710K->43594K(90996K), 0.0234493 secs] [Times: user=0.02 sys=0.00, real=0.02 secs] 
Heap after GC invocations=642 (full 72):
 par new generation   total 9216K, used 641K [0x00000000e3400000, 0x00000000e3e00000, 0x00000000ecca0000)
  eden space 8192K,   0% used [0x00000000e3400000, 0x00000000e3400000, 0x00000000e3c00000)
  from space 1024K,  62% used [0x00000000e3c00000, 0x00000000e3ca0450, 0x00000000e3d00000)
  to   space 1024K,   0% used [0x00000000e3d00000, 0x00000000e3d00000, 0x00000000e3e00000)
 concurrent mark-sweep generation total 81780K, used 42953K [0x00000000ecca0000, 0x00000000f1c7d000, 0x0000000100000000)
 Metaspace       used 60184K, capacity 62878K, committed 63104K, reserved 1103872K
  class space    used 7691K, capacity 8241K, committed 8320K, reserved 1048576K
}
2020-11-07T19:56:06.947+0800: 50.097: Application time: 0.0481946 seconds
{Heap before GC invocations=642 (full 72):
 par new generation   total 9216K, used 8833K [0x00000000e3400000, 0x00000000e3e00000, 0x00000000ecca0000)
  eden space 8192K, 100% used [0x00000000e3400000, 0x00000000e3c00000, 0x00000000e3c00000)
  from space 1024K,  62% used [0x00000000e3c00000, 0x00000000e3ca0450, 0x00000000e3d00000)
  to   space 1024K,   0% used [0x00000000e3d00000, 0x00000000e3d00000, 0x00000000e3e00000)
 concurrent mark-sweep generation total 81780K, used 42953K [0x00000000ecca0000, 0x00000000f1c7d000, 0x0000000100000000)
 Metaspace       used 60509K, capacity 63276K, committed 63360K, reserved 1103872K
  class space    used 7742K, capacity 8284K, committed 8320K, reserved 1048576K
2020-11-07T19:56:06.948+0800: 50.097: [GC (Allocation Failure) 2020-11-07T19:56:06.948+0800: 50.097: [ParNew: 8833K->836K(9216K), 0.0164376 secs] 51786K->43833K(90996K), 0.0164946 secs] [Times: user=0.02 sys=0.00, real=0.01 secs] 
Heap after GC invocations=643 (full 72):
 par new generation   total 9216K, used 836K [0x00000000e3400000, 0x00000000e3e00000, 0x00000000ecca0000)
  eden space 8192K,   0% used [0x00000000e3400000, 0x00000000e3400000, 0x00000000e3c00000)
  from space 1024K,  81% used [0x00000000e3d00000, 0x00000000e3dd1398, 0x00000000e3e00000)
  to   space 1024K,   0% used [0x00000000e3c00000, 0x00000000e3c00000, 0x00000000e3d00000)
 concurrent mark-sweep generation total 81780K, used 42996K [0x00000000ecca0000, 0x00000000f1c7d000, 0x0000000100000000)
 Metaspace       used 60509K, capacity 63276K, committed 63360K, reserved 1103872K
  class space    used 7742K, capacity 8284K, committed 8320K, reserved 1048576K
}
2020-11-07T19:56:07.004+0800: 50.154: Application time: 0.0402384 seconds
{Heap before GC invocations=643 (full 72):
 par new generation   total 9216K, used 9028K [0x00000000e3400000, 0x00000000e3e00000, 0x00000000ecca0000)
  eden space 8192K, 100% used [0x00000000e3400000, 0x00000000e3c00000, 0x00000000e3c00000)
  from space 1024K,  81% used [0x00000000e3d00000, 0x00000000e3dd1398, 0x00000000e3e00000)
  to   space 1024K,   0% used [0x00000000e3c00000, 0x00000000e3c00000, 0x00000000e3d00000)
 concurrent mark-sweep generation total 81780K, used 42996K [0x00000000ecca0000, 0x00000000f1c7d000, 0x0000000100000000)
 Metaspace       used 60881K, capacity 63592K, committed 63744K, reserved 1103872K
  class space    used 7793K, capacity 8322K, committed 8448K, reserved 1048576K
2020-11-07T19:56:07.005+0800: 50.154: [GC (Allocation Failure) 2020-11-07T19:56:07.005+0800: 50.154: [ParNew: 9028K->710K(9216K), 0.0344028 secs] 52025K->43930K(90996K), 0.0344585 secs] [Times: user=0.04 sys=0.00, real=0.03 secs] 
Heap after GC invocations=644 (full 72):
 par new generation   total 9216K, used 710K [0x00000000e3400000, 0x00000000e3e00000, 0x00000000ecca0000)
  eden space 8192K,   0% used [0x00000000e3400000, 0x00000000e3400000, 0x00000000e3c00000)
  from space 1024K,  69% used [0x00000000e3c00000, 0x00000000e3cb1bc8, 0x00000000e3d00000)
  to   space 1024K,   0% used [0x00000000e3d00000, 0x00000000e3d00000, 0x00000000e3e00000)
 concurrent mark-sweep generation total 81780K, used 43219K [0x00000000ecca0000, 0x00000000f1c7d000, 0x0000000100000000)
 Metaspace       used 60881K, capacity 63592K, committed 63744K, reserved 1103872K
  class space    used 7793K, capacity 8322K, committed 8448K, reserved 1048576K
}
2020-11-07T19:56:07.071+0800: 50.220: Application time: 0.0315468 seconds
2020-11-07T19:56:07.081+0800: 50.230: Application time: 0.0098768 seconds
2020-11-07T19:56:07.115+0800: 50.265: Application time: 0.0343876 seconds
{Heap before GC invocations=644 (full 72):
 par new generation   total 9216K, used 8902K [0x00000000e3400000, 0x00000000e3e00000, 0x00000000ecca0000)
  eden space 8192K, 100% used [0x00000000e3400000, 0x00000000e3c00000, 0x00000000e3c00000)
  from space 1024K,  69% used [0x00000000e3c00000, 0x00000000e3cb1bc8, 0x00000000e3d00000)
  to   space 1024K,   0% used [0x00000000e3d00000, 0x00000000e3d00000, 0x00000000e3e00000)
 concurrent mark-sweep generation total 81780K, used 43219K [0x00000000ecca0000, 0x00000000f1c7d000, 0x0000000100000000)
 Metaspace       used 61144K, capacity 63936K, committed 64256K, reserved 1105920K
  class space    used 7836K, capacity 8366K, committed 8448K, reserved 1048576K
2020-11-07T19:56:07.115+0800: 50.265: [GC (Allocation Failure) 2020-11-07T19:56:07.115+0800: 50.265: [ParNew: 8902K->749K(9216K), 0.0377144 secs] 52122K->44046K(90996K), 0.0377722 secs] [Times: user=0.04 sys=0.00, real=0.03 secs] 
Heap after GC invocations=645 (full 72):
 par new generation   total 9216K, used 749K [0x00000000e3400000, 0x00000000e3e00000, 0x00000000ecca0000)
  eden space 8192K,   0% used [0x00000000e3400000, 0x00000000e3400000, 0x00000000e3c00000)
  from space 1024K,  73% used [0x00000000e3d00000, 0x00000000e3dbb708, 0x00000000e3e00000)
  to   space 1024K,   0% used [0x00000000e3c00000, 0x00000000e3c00000, 0x00000000e3d00000)
 concurrent mark-sweep generation total 81780K, used 43296K [0x00000000ecca0000, 0x00000000f1c7d000, 0x0000000100000000)
 Metaspace       used 61144K, capacity 63936K, committed 64256K, reserved 1105920K
  class space    used 7836K, capacity 8366K, committed 8448K, reserved 1048576K
}
2020-11-07T19:56:07.236+0800: 50.385: Application time: 0.0825596 seconds
{Heap before GC invocations=645 (full 72):
 par new generation   total 9216K, used 8941K [0x00000000e3400000, 0x00000000e3e00000, 0x00000000ecca0000)
  eden space 8192K, 100% used [0x00000000e3400000, 0x00000000e3c00000, 0x00000000e3c00000)
  from space 1024K,  73% used [0x00000000e3d00000, 0x00000000e3dbb708, 0x00000000e3e00000)
  to   space 1024K,   0% used [0x00000000e3c00000, 0x00000000e3c00000, 0x00000000e3d00000)
 concurrent mark-sweep generation total 81780K, used 43296K [0x00000000ecca0000, 0x00000000f1c7d000, 0x0000000100000000)
 Metaspace       used 61631K, capacity 64416K, committed 64640K, reserved 1105920K
  class space    used 7915K, capacity 8462K, committed 8576K, reserved 1048576K
2020-11-07T19:56:07.236+0800: 50.385: [GC (Allocation Failure) 2020-11-07T19:56:07.236+0800: 50.386: [ParNew: 8941K->793K(9216K), 0.0384068 secs] 52238K->44299K(90996K), 0.0384705 secs] [Times: user=0.03 sys=0.00, real=0.03 secs] 
Heap after GC invocations=646 (full 72):
 par new generation   total 9216K, used 793K [0x00000000e3400000, 0x00000000e3e00000, 0x00000000ecca0000)
  eden space 8192K,   0% used [0x00000000e3400000, 0x00000000e3400000, 0x00000000e3c00000)
  from space 1024K,  77% used [0x00000000e3c00000, 0x00000000e3cc6788, 0x00000000e3d00000)
  to   space 1024K,   0% used [0x00000000e3d00000, 0x00000000e3d00000, 0x00000000e3e00000)
 concurrent mark-sweep generation total 81780K, used 43505K [0x00000000ecca0000, 0x00000000f1c7d000, 0x0000000100000000)
 Metaspace       used 61631K, capacity 64416K, committed 64640K, reserved 1105920K
  class space    used 7915K, capacity 8462K, committed 8576K, reserved 1048576K
}
2020-11-07T19:56:07.286+0800: 50.435: Application time: 0.0111886 seconds
2020-11-07T19:56:07.333+0800: 50.482: Application time: 0.0471767 seconds
{Heap before GC invocations=646 (full 72):
 par new generation   total 9216K, used 8985K [0x00000000e3400000, 0x00000000e3e00000, 0x00000000ecca0000)
  eden space 8192K, 100% used [0x00000000e3400000, 0x00000000e3c00000, 0x00000000e3c00000)
  from space 1024K,  77% used [0x00000000e3c00000, 0x00000000e3cc6788, 0x00000000e3d00000)
  to   space 1024K,   0% used [0x00000000e3d00000, 0x00000000e3d00000, 0x00000000e3e00000)
 concurrent mark-sweep generation total 81780K, used 43505K [0x00000000ecca0000, 0x00000000f1c7d000, 0x0000000100000000)
 Metaspace       used 61764K, capacity 64498K, committed 64640K, reserved 1105920K
  class space    used 7939K, capacity 8465K, committed 8576K, reserved 1048576K
2020-11-07T19:56:07.333+0800: 50.483: [GC (Allocation Failure) 2020-11-07T19:56:07.333+0800: 50.483: [ParNew: 8985K->398K(9216K), 0.0424906 secs] 52491K->44072K(90996K), 0.0425484 secs] [Times: user=0.04 sys=0.00, real=0.05 secs] 
Heap after GC invocations=647 (full 72):
 par new generation   total 9216K, used 398K [0x00000000e3400000, 0x00000000e3e00000, 0x00000000ecca0000)
  eden space 8192K,   0% used [0x00000000e3400000, 0x00000000e3400000, 0x00000000e3c00000)
  from space 1024K,  38% used [0x00000000e3d00000, 0x00000000e3d63b00, 0x00000000e3e00000)
  to   space 1024K,   0% used [0x00000000e3c00000, 0x00000000e3c00000, 0x00000000e3d00000)
 concurrent mark-sweep generation total 81780K, used 43673K [0x00000000ecca0000, 0x00000000f1c7d000, 0x0000000100000000)
 Metaspace       used 61764K, capacity 64498K, committed 64640K, reserved 1105920K
  class space    used 7939K, capacity 8465K, committed 8576K, reserved 1048576K
}
2020-11-07T19:56:07.409+0800: 50.559: Application time: 0.0334695 seconds
{Heap before GC invocations=647 (full 72):
 par new generation   total 9216K, used 8590K [0x00000000e3400000, 0x00000000e3e00000, 0x00000000ecca0000)
  eden space 8192K, 100% used [0x00000000e3400000, 0x00000000e3c00000, 0x00000000e3c00000)
  from space 1024K,  38% used [0x00000000e3d00000, 0x00000000e3d63b00, 0x00000000e3e00000)
  to   space 1024K,   0% used [0x00000000e3c00000, 0x00000000e3c00000, 0x00000000e3d00000)
 concurrent mark-sweep generation total 81780K, used 43673K [0x00000000ecca0000, 0x00000000f1c7d000, 0x0000000100000000)
 Metaspace       used 61808K, capacity 64600K, committed 64896K, reserved 1105920K
  class space    used 7944K, capacity 8498K, committed 8576K, reserved 1048576K
2020-11-07T19:56:07.409+0800: 50.559: [GC (Allocation Failure) 2020-11-07T19:56:07.409+0800: 50.559: [ParNew: 8590K->340K(9216K), 0.0334803 secs] 52264K->44013K(90996K), 0.0335427 secs] [Times: user=0.03 sys=0.00, real=0.03 secs] 
Heap after GC invocations=648 (full 72):
 par new generation   total 9216K, used 340K [0x00000000e3400000, 0x00000000e3e00000, 0x00000000ecca0000)
  eden space 8192K,   0% used [0x00000000e3400000, 0x00000000e3400000, 0x00000000e3c00000)
  from space 1024K,  33% used [0x00000000e3c00000, 0x00000000e3c551d0, 0x00000000e3d00000)
  to   space 1024K,   0% used [0x00000000e3d00000, 0x00000000e3d00000, 0x00000000e3e00000)
 concurrent mark-sweep generation total 81780K, used 43673K [0x00000000ecca0000, 0x00000000f1c7d000, 0x0000000100000000)
 Metaspace       used 61808K, capacity 64600K, committed 64896K, reserved 1105920K
  class space    used 7944K, capacity 8498K, committed 8576K, reserved 1048576K
}
2020-11-07T19:56:07.464+0800: 50.614: Application time: 0.0215624 seconds
{Heap before GC invocations=648 (full 72):
 par new generation   total 9216K, used 8532K [0x00000000e3400000, 0x00000000e3e00000, 0x00000000ecca0000)
  eden space 8192K, 100% used [0x00000000e3400000, 0x00000000e3c00000, 0x00000000e3c00000)
  from space 1024K,  33% used [0x00000000e3c00000, 0x00000000e3c551d0, 0x00000000e3d00000)
  to   space 1024K,   0% used [0x00000000e3d00000, 0x00000000e3d00000, 0x00000000e3e00000)
 concurrent mark-sweep generation total 81780K, used 43673K [0x00000000ecca0000, 0x00000000f1c7d000, 0x0000000100000000)
 Metaspace       used 61846K, capacity 64600K, committed 64896K, reserved 1105920K
  class space    used 7951K, capacity 8498K, committed 8576K, reserved 1048576K
2020-11-07T19:56:07.465+0800: 50.614: [GC (Allocation Failure) 2020-11-07T19:56:07.465+0800: 50.614: [ParNew: 8532K->405K(9216K), 0.0252828 secs] 52205K->44078K(90996K), 0.0253543 secs] [Times: user=0.02 sys=0.00, real=0.02 secs] 
Heap after GC invocations=649 (full 72):
 par new generation   total 9216K, used 405K [0x00000000e3400000, 0x00000000e3e00000, 0x00000000ecca0000)
  eden space 8192K,   0% used [0x00000000e3400000, 0x00000000e3400000, 0x00000000e3c00000)
  from space 1024K,  39% used [0x00000000e3d00000, 0x00000000e3d654e0, 0x00000000e3e00000)
  to   space 1024K,   0% used [0x00000000e3c00000, 0x00000000e3c00000, 0x00000000e3d00000)
 concurrent mark-sweep generation total 81780K, used 43673K [0x00000000ecca0000, 0x00000000f1c7d000, 0x0000000100000000)
 Metaspace       used 61846K, capacity 64600K, committed 64896K, reserved 1105920K
  class space    used 7951K, capacity 8498K, committed 8576K, reserved 1048576K
}
2020-11-07T19:56:07.564+0800: 50.714: Application time: 0.0743900 seconds
{Heap before GC invocations=649 (full 72):
 par new generation   total 9216K, used 8597K [0x00000000e3400000, 0x00000000e3e00000, 0x00000000ecca0000)
  eden space 8192K, 100% used [0x00000000e3400000, 0x00000000e3c00000, 0x00000000e3c00000)
  from space 1024K,  39% used [0x00000000e3d00000, 0x00000000e3d654e0, 0x00000000e3e00000)
  to   space 1024K,   0% used [0x00000000e3c00000, 0x00000000e3c00000, 0x00000000e3d00000)
 concurrent mark-sweep generation total 81780K, used 43673K [0x00000000ecca0000, 0x00000000f1c7d000, 0x0000000100000000)
 Metaspace       used 62093K, capacity 64920K, committed 65152K, reserved 1105920K
  class space    used 7989K, capacity 8536K, committed 8576K, reserved 1048576K
2020-11-07T19:56:07.565+0800: 50.714: [GC (Allocation Failure) 2020-11-07T19:56:07.565+0800: 50.714: [ParNew: 8597K->537K(9216K), 0.0277142 secs] 52270K->44210K(90996K), 0.0277767 secs] [Times: user=0.03 sys=0.00, real=0.02 secs] 
Heap after GC invocations=650 (full 72):
 par new generation   total 9216K, used 537K [0x00000000e3400000, 0x00000000e3e00000, 0x00000000ecca0000)
  eden space 8192K,   0% used [0x00000000e3400000, 0x00000000e3400000, 0x00000000e3c00000)
  from space 1024K,  52% used [0x00000000e3c00000, 0x00000000e3c865d8, 0x00000000e3d00000)
  to   space 1024K,   0% used [0x00000000e3d00000, 0x00000000e3d00000, 0x00000000e3e00000)
 concurrent mark-sweep generation total 81780K, used 43673K [0x00000000ecca0000, 0x00000000f1c7d000, 0x0000000100000000)
 Metaspace       used 62093K, capacity 64920K, committed 65152K, reserved 1105920K
  class space    used 7989K, capacity 8536K, committed 8576K, reserved 1048576K
}
2020-11-07T19:56:07.650+0800: 50.800: Application time: 0.0576913 seconds
{Heap before GC invocations=650 (full 72):
 par new generation   total 9216K, used 8729K [0x00000000e3400000, 0x00000000e3e00000, 0x00000000ecca0000)
  eden space 8192K, 100% used [0x00000000e3400000, 0x00000000e3c00000, 0x00000000e3c00000)
  from space 1024K,  52% used [0x00000000e3c00000, 0x00000000e3c865d8, 0x00000000e3d00000)
  to   space 1024K,   0% used [0x00000000e3d00000, 0x00000000e3d00000, 0x00000000e3e00000)
 concurrent mark-sweep generation total 81780K, used 43673K [0x00000000ecca0000, 0x00000000f1c7d000, 0x0000000100000000)
 Metaspace       used 62305K, capacity 65112K, committed 65152K, reserved 1105920K
  class space    used 8003K, capacity 8536K, committed 8576K, reserved 1048576K
2020-11-07T19:56:07.650+0800: 50.800: [GC (Allocation Failure) 2020-11-07T19:56:07.650+0800: 50.800: [ParNew: 8729K->510K(9216K), 0.0259696 secs] 52402K->44184K(90996K), 0.0260295 secs] [Times: user=0.02 sys=0.00, real=0.03 secs] 
Heap after GC invocations=651 (full 72):
 par new generation   total 9216K, used 510K [0x00000000e3400000, 0x00000000e3e00000, 0x00000000ecca0000)
  eden space 8192K,   0% used [0x00000000e3400000, 0x00000000e3400000, 0x00000000e3c00000)
  from space 1024K,  49% used [0x00000000e3d00000, 0x00000000e3d7fb60, 0x00000000e3e00000)
  to   space 1024K,   0% used [0x00000000e3c00000, 0x00000000e3c00000, 0x00000000e3d00000)
 concurrent mark-sweep generation total 81780K, used 43673K [0x00000000ecca0000, 0x00000000f1c7d000, 0x0000000100000000)
 Metaspace       used 62305K, capacity 65112K, committed 65152K, reserved 1105920K
  class space    used 8003K, capacity 8536K, committed 8576K, reserved 1048576K
}
2020-11-07T19:56:07.726+0800: 50.876: Application time: 0.0495599 seconds
2020-11-07T19:56:07.742+0800: 50.892: Application time: 0.0160392 seconds
2020-11-07T19:56:07.751+0800: 50.900: Application time: 0.0074793 seconds
{Heap before GC invocations=651 (full 72):
 par new generation   total 9216K, used 8702K [0x00000000e3400000, 0x00000000e3e00000, 0x00000000ecca0000)
  eden space 8192K, 100% used [0x00000000e3400000, 0x00000000e3c00000, 0x00000000e3c00000)
  from space 1024K,  49% used [0x00000000e3d00000, 0x00000000e3d7fb60, 0x00000000e3e00000)
  to   space 1024K,   0% used [0x00000000e3c00000, 0x00000000e3c00000, 0x00000000e3d00000)
 concurrent mark-sweep generation total 81780K, used 43673K [0x00000000ecca0000, 0x00000000f1c7d000, 0x0000000100000000)
 Metaspace       used 62509K, capacity 65284K, committed 65408K, reserved 1105920K
  class space    used 8031K, capacity 8570K, committed 8576K, reserved 1048576K
2020-11-07T19:56:07.751+0800: 50.901: [GC (Allocation Failure) 2020-11-07T19:56:07.751+0800: 50.901: [ParNew: 8702K->684K(9216K), 0.0279903 secs] 52376K->44357K(90996K), 0.0280532 secs] [Times: user=0.03 sys=0.00, real=0.03 secs] 
Heap after GC invocations=652 (full 72):
 par new generation   total 9216K, used 684K [0x00000000e3400000, 0x00000000e3e00000, 0x00000000ecca0000)
  eden space 8192K,   0% used [0x00000000e3400000, 0x00000000e3400000, 0x00000000e3c00000)
  from space 1024K,  66% used [0x00000000e3c00000, 0x00000000e3cab170, 0x00000000e3d00000)
  to   space 1024K,   0% used [0x00000000e3d00000, 0x00000000e3d00000, 0x00000000e3e00000)
 concurrent mark-sweep generation total 81780K, used 43673K [0x00000000ecca0000, 0x00000000f1c7d000, 0x0000000100000000)
 Metaspace       used 62509K, capacity 65284K, committed 65408K, reserved 1105920K
  class space    used 8031K, capacity 8570K, committed 8576K, reserved 1048576K
}
2020-11-07T19:56:07.869+0800: 51.018: Application time: 0.0897921 seconds
{Heap before GC invocations=652 (full 72):
 par new generation   total 9216K, used 8876K [0x00000000e3400000, 0x00000000e3e00000, 0x00000000ecca0000)
  eden space 8192K, 100% used [0x00000000e3400000, 0x00000000e3c00000, 0x00000000e3c00000)
  from space 1024K,  66% used [0x00000000e3c00000, 0x00000000e3cab170, 0x00000000e3d00000)
  to   space 1024K,   0% used [0x00000000e3d00000, 0x00000000e3d00000, 0x00000000e3e00000)
 concurrent mark-sweep generation total 81780K, used 43673K [0x00000000ecca0000, 0x00000000f1c7d000, 0x0000000100000000)
 Metaspace       used 62752K, capacity 65572K, committed 65792K, reserved 1105920K
  class space    used 8044K, capacity 8602K, committed 8704K, reserved 1048576K
2020-11-07T19:56:07.869+0800: 51.019: [GC (Allocation Failure) 2020-11-07T19:56:07.869+0800: 51.019: [ParNew: 8876K->607K(9216K), 0.0277746 secs] 52549K->44441K(90996K), 0.0278338 secs] [Times: user=0.02 sys=0.00, real=0.03 secs] 
Heap after GC invocations=653 (full 72):
 par new generation   total 9216K, used 607K [0x00000000e3400000, 0x00000000e3e00000, 0x00000000ecca0000)
  eden space 8192K,   0% used [0x00000000e3400000, 0x00000000e3400000, 0x00000000e3c00000)
  from space 1024K,  59% used [0x00000000e3d00000, 0x00000000e3d97fc8, 0x00000000e3e00000)
  to   space 1024K,   0% used [0x00000000e3c00000, 0x00000000e3c00000, 0x00000000e3d00000)
 concurrent mark-sweep generation total 81780K, used 43833K [0x00000000ecca0000, 0x00000000f1c7d000, 0x0000000100000000)
 Metaspace       used 62752K, capacity 65572K, committed 65792K, reserved 1105920K
  class space    used 8044K, capacity 8602K, committed 8704K, reserved 1048576K
}
2020-11-07T19:56:07.940+0800: 51.090: Application time: 0.0430172 seconds
{Heap before GC invocations=653 (full 72):
 par new generation   total 9216K, used 8799K [0x00000000e3400000, 0x00000000e3e00000, 0x00000000ecca0000)
  eden space 8192K, 100% used [0x00000000e3400000, 0x00000000e3c00000, 0x00000000e3c00000)
  from space 1024K,  59% used [0x00000000e3d00000, 0x00000000e3d97fc8, 0x00000000e3e00000)
  to   space 1024K,   0% used [0x00000000e3c00000, 0x00000000e3c00000, 0x00000000e3d00000)
 concurrent mark-sweep generation total 81780K, used 43833K [0x00000000ecca0000, 0x00000000f1c7d000, 0x0000000100000000)
 Metaspace       used 62843K, capacity 65636K, committed 65792K, reserved 1105920K
  class space    used 8061K, capacity 8602K, committed 8704K, reserved 1048576K
2020-11-07T19:56:07.940+0800: 51.090: [GC (Allocation Failure) 2020-11-07T19:56:07.940+0800: 51.090: [ParNew: 8799K->580K(9216K), 0.0405772 secs] 52633K->44414K(90996K), 0.0406499 secs] [Times: user=0.04 sys=0.00, real=0.04 secs] 
Heap after GC invocations=654 (full 72):
 par new generation   total 9216K, used 580K [0x00000000e3400000, 0x00000000e3e00000, 0x00000000ecca0000)
  eden space 8192K,   0% used [0x00000000e3400000, 0x00000000e3400000, 0x00000000e3c00000)
  from space 1024K,  56% used [0x00000000e3c00000, 0x00000000e3c91388, 0x00000000e3d00000)
  to   space 1024K,   0% used [0x00000000e3d00000, 0x00000000e3d00000, 0x00000000e3e00000)
 concurrent mark-sweep generation total 81780K, used 43833K [0x00000000ecca0000, 0x00000000f1c7d000, 0x0000000100000000)
 Metaspace       used 62843K, capacity 65636K, committed 65792K, reserved 1105920K
  class space    used 8061K, capacity 8602K, committed 8704K, reserved 1048576K
}
2020-11-07T19:56:08.008+0800: 51.158: Application time: 0.0273895 seconds
{Heap before GC invocations=654 (full 72):
 par new generation   total 9216K, used 8772K [0x00000000e3400000, 0x00000000e3e00000, 0x00000000ecca0000)
  eden space 8192K, 100% used [0x00000000e3400000, 0x00000000e3c00000, 0x00000000e3c00000)
  from space 1024K,  56% used [0x00000000e3c00000, 0x00000000e3c91388, 0x00000000e3d00000)
  to   space 1024K,   0% used [0x00000000e3d00000, 0x00000000e3d00000, 0x00000000e3e00000)
 concurrent mark-sweep generation total 81780K, used 43833K [0x00000000ecca0000, 0x00000000f1c7d000, 0x0000000100000000)
 Metaspace       used 62918K, capacity 65700K, committed 66048K, reserved 1105920K
  class space    used 8068K, capacity 8602K, committed 8704K, reserved 1048576K
2020-11-07T19:56:08.008+0800: 51.158: [GC (Allocation Failure) 2020-11-07T19:56:08.008+0800: 51.158: [ParNew: 8772K->573K(9216K), 0.0333047 secs] 52606K->44407K(90996K), 0.0333610 secs] [Times: user=0.03 sys=0.00, real=0.03 secs] 
Heap after GC invocations=655 (full 72):
 par new generation   total 9216K, used 573K [0x00000000e3400000, 0x00000000e3e00000, 0x00000000ecca0000)
  eden space 8192K,   0% used [0x00000000e3400000, 0x00000000e3400000, 0x00000000e3c00000)
  from space 1024K,  55% used [0x00000000e3d00000, 0x00000000e3d8f570, 0x00000000e3e00000)
  to   space 1024K,   0% used [0x00000000e3c00000, 0x00000000e3c00000, 0x00000000e3d00000)
 concurrent mark-sweep generation total 81780K, used 43833K [0x00000000ecca0000, 0x00000000f1c7d000, 0x0000000100000000)
 Metaspace       used 62918K, capacity 65700K, committed 66048K, reserved 1105920K
  class space    used 8068K, capacity 8602K, committed 8704K, reserved 1048576K
}
2020-11-07T19:56:08.104+0800: 51.254: Application time: 0.0621209 seconds
{Heap before GC invocations=655 (full 72):
 par new generation   total 9216K, used 8765K [0x00000000e3400000, 0x00000000e3e00000, 0x00000000ecca0000)
  eden space 8192K, 100% used [0x00000000e3400000, 0x00000000e3c00000, 0x00000000e3c00000)
  from space 1024K,  55% used [0x00000000e3d00000, 0x00000000e3d8f570, 0x00000000e3e00000)
  to   space 1024K,   0% used [0x00000000e3c00000, 0x00000000e3c00000, 0x00000000e3d00000)
 concurrent mark-sweep generation total 81780K, used 43833K [0x00000000ecca0000, 0x00000000f1c7d000, 0x0000000100000000)
 Metaspace       used 63112K, capacity 65924K, committed 66048K, reserved 1105920K
  class space    used 8087K, capacity 8634K, committed 8704K, reserved 1048576K
2020-11-07T19:56:08.104+0800: 51.254: [GC (Allocation Failure) 2020-11-07T19:56:08.104+0800: 51.254: [ParNew: 8765K->673K(9216K), 0.0387040 secs] 52599K->44507K(90996K), 0.0387614 secs] [Times: user=0.04 sys=0.00, real=0.04 secs] 
Heap after GC invocations=656 (full 72):
 par new generation   total 9216K, used 673K [0x00000000e3400000, 0x00000000e3e00000, 0x00000000ecca0000)
  eden space 8192K,   0% used [0x00000000e3400000, 0x00000000e3400000, 0x00000000e3c00000)
  from space 1024K,  65% used [0x00000000e3c00000, 0x00000000e3ca86e8, 0x00000000e3d00000)
  to   space 1024K,   0% used [0x00000000e3d00000, 0x00000000e3d00000, 0x00000000e3e00000)
 concurrent mark-sweep generation total 81780K, used 43833K [0x00000000ecca0000, 0x00000000f1c7d000, 0x0000000100000000)
 Metaspace       used 63112K, capacity 65924K, committed 66048K, reserved 1105920K
  class space    used 8087K, capacity 8634K, committed 8704K, reserved 1048576K
}
2020-11-07T19:56:08.216+0800: 51.366: Application time: 0.0734497 seconds
{Heap before GC invocations=656 (full 72):
 par new generation   total 9216K, used 8865K [0x00000000e3400000, 0x00000000e3e00000, 0x00000000ecca0000)
  eden space 8192K, 100% used [0x00000000e3400000, 0x00000000e3c00000, 0x00000000e3c00000)
  from space 1024K,  65% used [0x00000000e3c00000, 0x00000000e3ca86e8, 0x00000000e3d00000)
  to   space 1024K,   0% used [0x00000000e3d00000, 0x00000000e3d00000, 0x00000000e3e00000)
 concurrent mark-sweep generation total 81780K, used 43833K [0x00000000ecca0000, 0x00000000f1c7d000, 0x0000000100000000)
 Metaspace       used 63382K, capacity 66230K, committed 66560K, reserved 1107968K
  class space    used 8128K, capacity 8669K, committed 8704K, reserved 1048576K
2020-11-07T19:56:08.217+0800: 51.366: [GC (Allocation Failure) 2020-11-07T19:56:08.217+0800: 51.366: [ParNew: 8865K->682K(9216K), 0.0323243 secs] 52699K->44602K(90996K), 0.0323820 secs] [Times: user=0.03 sys=0.00, real=0.03 secs] 
Heap after GC invocations=657 (full 72):
 par new generation   total 9216K, used 682K [0x00000000e3400000, 0x00000000e3e00000, 0x00000000ecca0000)
  eden space 8192K,   0% used [0x00000000e3400000, 0x00000000e3400000, 0x00000000e3c00000)
  from space 1024K,  66% used [0x00000000e3d00000, 0x00000000e3daa9f0, 0x00000000e3e00000)
  to   space 1024K,   0% used [0x00000000e3c00000, 0x00000000e3c00000, 0x00000000e3d00000)
 concurrent mark-sweep generation total 81780K, used 43920K [0x00000000ecca0000, 0x00000000f1c7d000, 0x0000000100000000)
 Metaspace       used 63382K, capacity 66230K, committed 66560K, reserved 1107968K
  class space    used 8128K, capacity 8669K, committed 8704K, reserved 1048576K
}
2020-11-07T19:56:08.340+0800: 51.490: Application time: 0.0910069 seconds
{Heap before GC invocations=657 (full 72):
 par new generation   total 9216K, used 8874K [0x00000000e3400000, 0x00000000e3e00000, 0x00000000ecca0000)
  eden space 8192K, 100% used [0x00000000e3400000, 0x00000000e3c00000, 0x00000000e3c00000)
  from space 1024K,  66% used [0x00000000e3d00000, 0x00000000e3daa9f0, 0x00000000e3e00000)
  to   space 1024K,   0% used [0x00000000e3c00000, 0x00000000e3c00000, 0x00000000e3d00000)
 concurrent mark-sweep generation total 81780K, used 43920K [0x00000000ecca0000, 0x00000000f1c7d000, 0x0000000100000000)
 Metaspace       used 63723K, capacity 66588K, committed 66816K, reserved 1107968K
  class space    used 8157K, capacity 8702K, committed 8704K, reserved 1048576K
2020-11-07T19:56:08.340+0800: 51.490: [GC (Allocation Failure) 2020-11-07T19:56:08.340+0800: 51.490: [ParNew: 8874K->593K(9216K), 0.0337664 secs] 52794K->44611K(90996K), 0.0338315 secs] [Times: user=0.03 sys=0.00, real=0.03 secs] 
Heap after GC invocations=658 (full 72):
 par new generation   total 9216K, used 593K [0x00000000e3400000, 0x00000000e3e00000, 0x00000000ecca0000)
  eden space 8192K,   0% used [0x00000000e3400000, 0x00000000e3400000, 0x00000000e3c00000)
  from space 1024K,  57% used [0x00000000e3c00000, 0x00000000e3c946a0, 0x00000000e3d00000)
  to   space 1024K,   0% used [0x00000000e3d00000, 0x00000000e3d00000, 0x00000000e3e00000)
 concurrent mark-sweep generation total 81780K, used 44017K [0x00000000ecca0000, 0x00000000f1c7d000, 0x0000000100000000)
 Metaspace       used 63723K, capacity 66588K, committed 66816K, reserved 1107968K
  class space    used 8157K, capacity 8702K, committed 8704K, reserved 1048576K
}
2020-11-07T19:56:08.654+0800: 51.804: Application time: 0.2802039 seconds
{Heap before GC invocations=658 (full 72):
 par new generation   total 9216K, used 8785K [0x00000000e3400000, 0x00000000e3e00000, 0x00000000ecca0000)
  eden space 8192K, 100% used [0x00000000e3400000, 0x00000000e3c00000, 0x00000000e3c00000)
  from space 1024K,  57% used [0x00000000e3c00000, 0x00000000e3c946a0, 0x00000000e3d00000)
  to   space 1024K,   0% used [0x00000000e3d00000, 0x00000000e3d00000, 0x00000000e3e00000)
 concurrent mark-sweep generation total 81780K, used 44017K [0x00000000ecca0000, 0x00000000f1c7d000, 0x0000000100000000)
 Metaspace       used 63833K, capacity 66668K, committed 66944K, reserved 1107968K
  class space    used 8174K, capacity 8706K, committed 8832K, reserved 1048576K
2020-11-07T19:56:08.654+0800: 51.804: [GC (Allocation Failure) 2020-11-07T19:56:08.655+0800: 51.804: [ParNew: 8785K->507K(9216K), 0.0126924 secs] 52803K->44525K(90996K), 0.0127506 secs] [Times: user=0.01 sys=0.00, real=0.01 secs] 
Heap after GC invocations=659 (full 72):
 par new generation   total 9216K, used 507K [0x00000000e3400000, 0x00000000e3e00000, 0x00000000ecca0000)
  eden space 8192K,   0% used [0x00000000e3400000, 0x00000000e3400000, 0x00000000e3c00000)
  from space 1024K,  49% used [0x00000000e3d00000, 0x00000000e3d7ee00, 0x00000000e3e00000)
  to   space 1024K,   0% used [0x00000000e3c00000, 0x00000000e3c00000, 0x00000000e3d00000)
 concurrent mark-sweep generation total 81780K, used 44017K [0x00000000ecca0000, 0x00000000f1c7d000, 0x0000000100000000)
 Metaspace       used 63833K, capacity 66668K, committed 66944K, reserved 1107968K
  class space    used 8174K, capacity 8706K, committed 8832K, reserved 1048576K
}
2020-11-07T19:56:08.723+0800: 51.872: Application time: 0.0554417 seconds
{Heap before GC invocations=659 (full 72):
 par new generation   total 9216K, used 8699K [0x00000000e3400000, 0x00000000e3e00000, 0x00000000ecca0000)
  eden space 8192K, 100% used [0x00000000e3400000, 0x00000000e3c00000, 0x00000000e3c00000)
  from space 1024K,  49% used [0x00000000e3d00000, 0x00000000e3d7ee00, 0x00000000e3e00000)
  to   space 1024K,   0% used [0x00000000e3c00000, 0x00000000e3c00000, 0x00000000e3d00000)
 concurrent mark-sweep generation total 81780K, used 44017K [0x00000000ecca0000, 0x00000000f1c7d000, 0x0000000100000000)
 Metaspace       used 63857K, capacity 66698K, committed 66944K, reserved 1107968K
  class space    used 8175K, capacity 8709K, committed 8832K, reserved 1048576K
2020-11-07T19:56:08.723+0800: 51.873: [GC (Allocation Failure) 2020-11-07T19:56:08.723+0800: 51.873: [ParNew: 8699K->897K(9216K), 0.0224919 secs] 52717K->44915K(90996K), 0.0225482 secs] [Times: user=0.02 sys=0.00, real=0.03 secs] 
Heap after GC invocations=660 (full 72):
 par new generation   total 9216K, used 897K [0x00000000e3400000, 0x00000000e3e00000, 0x00000000ecca0000)
  eden space 8192K,   0% used [0x00000000e3400000, 0x00000000e3400000, 0x00000000e3c00000)
  from space 1024K,  87% used [0x00000000e3c00000, 0x00000000e3ce05e8, 0x00000000e3d00000)
  to   space 1024K,   0% used [0x00000000e3d00000, 0x00000000e3d00000, 0x00000000e3e00000)
 concurrent mark-sweep generation total 81780K, used 44017K [0x00000000ecca0000, 0x00000000f1c7d000, 0x0000000100000000)
 Metaspace       used 63857K, capacity 66698K, committed 66944K, reserved 1107968K
  class space    used 8175K, capacity 8709K, committed 8832K, reserved 1048576K
}
2020-11-07T19:56:08.802+0800: 51.952: Application time: 0.0566189 seconds
{Heap before GC invocations=660 (full 72):
 par new generation   total 9216K, used 9089K [0x00000000e3400000, 0x00000000e3e00000, 0x00000000ecca0000)
  eden space 8192K, 100% used [0x00000000e3400000, 0x00000000e3c00000, 0x00000000e3c00000)
  from space 1024K,  87% used [0x00000000e3c00000, 0x00000000e3ce05e8, 0x00000000e3d00000)
  to   space 1024K,   0% used [0x00000000e3d00000, 0x00000000e3d00000, 0x00000000e3e00000)
 concurrent mark-sweep generation total 81780K, used 44017K [0x00000000ecca0000, 0x00000000f1c7d000, 0x0000000100000000)
 Metaspace       used 64113K, capacity 66968K, committed 67200K, reserved 1107968K
  class space    used 8211K, capacity 8748K, committed 8832K, reserved 1048576K
2020-11-07T19:56:08.802+0800: 51.952: [GC (Allocation Failure) 2020-11-07T19:56:08.802+0800: 51.952: [ParNew: 9089K->660K(9216K), 0.0212036 secs] 53107K->45062K(90996K), 0.0212690 secs] [Times: user=0.02 sys=0.00, real=0.02 secs] 
Heap after GC invocations=661 (full 72):
 par new generation   total 9216K, used 660K [0x00000000e3400000, 0x00000000e3e00000, 0x00000000ecca0000)
  eden space 8192K,   0% used [0x00000000e3400000, 0x00000000e3400000, 0x00000000e3c00000)
  from space 1024K,  64% used [0x00000000e3d00000, 0x00000000e3da5340, 0x00000000e3e00000)
  to   space 1024K,   0% used [0x00000000e3c00000, 0x00000000e3c00000, 0x00000000e3d00000)
 concurrent mark-sweep generation total 81780K, used 44402K [0x00000000ecca0000, 0x00000000f1c7d000, 0x0000000100000000)
 Metaspace       used 64113K, capacity 66968K, committed 67200K, reserved 1107968K
  class space    used 8211K, capacity 8748K, committed 8832K, reserved 1048576K
}
2020-11-07T19:56:08.912+0800: 52.062: Application time: 0.0884523 seconds
{Heap before GC invocations=661 (full 72):
 par new generation   total 9216K, used 8852K [0x00000000e3400000, 0x00000000e3e00000, 0x00000000ecca0000)
  eden space 8192K, 100% used [0x00000000e3400000, 0x00000000e3c00000, 0x00000000e3c00000)
  from space 1024K,  64% used [0x00000000e3d00000, 0x00000000e3da5340, 0x00000000e3e00000)
  to   space 1024K,   0% used [0x00000000e3c00000, 0x00000000e3c00000, 0x00000000e3d00000)
 concurrent mark-sweep generation total 81780K, used 44402K [0x00000000ecca0000, 0x00000000f1c7d000, 0x0000000100000000)
 Metaspace       used 64379K, capacity 67244K, committed 67456K, reserved 1107968K
  class space    used 8246K, capacity 8790K, committed 8832K, reserved 1048576K
2020-11-07T19:56:08.923+0800: 52.072: [GC (Allocation Failure) 2020-11-07T19:56:08.923+0800: 52.072: [ParNew: 8852K->652K(9216K), 0.0303696 secs] 53254K->45290K(90996K), 0.0304510 secs] [Times: user=0.03 sys=0.00, real=0.03 secs] 
Heap after GC invocations=662 (full 72):
 par new generation   total 9216K, used 652K [0x00000000e3400000, 0x00000000e3e00000, 0x00000000ecca0000)
  eden space 8192K,   0% used [0x00000000e3400000, 0x00000000e3400000, 0x00000000e3c00000)
  from space 1024K,  63% used [0x00000000e3c00000, 0x00000000e3ca3170, 0x00000000e3d00000)
  to   space 1024K,   0% used [0x00000000e3d00000, 0x00000000e3d00000, 0x00000000e3e00000)
 concurrent mark-sweep generation total 81780K, used 44638K [0x00000000ecca0000, 0x00000000f1c7d000, 0x0000000100000000)
 Metaspace       used 64379K, capacity 67244K, committed 67456K, reserved 1107968K
  class space    used 8246K, capacity 8790K, committed 8832K, reserved 1048576K
}
2020-11-07T19:56:09.021+0800: 52.171: Application time: 0.0681887 seconds
{Heap before GC invocations=662 (full 72):
 par new generation   total 9216K, used 8844K [0x00000000e3400000, 0x00000000e3e00000, 0x00000000ecca0000)
  eden space 8192K, 100% used [0x00000000e3400000, 0x00000000e3c00000, 0x00000000e3c00000)
  from space 1024K,  63% used [0x00000000e3c00000, 0x00000000e3ca3170, 0x00000000e3d00000)
  to   space 1024K,   0% used [0x00000000e3d00000, 0x00000000e3d00000, 0x00000000e3e00000)
 concurrent mark-sweep generation total 81780K, used 44638K [0x00000000ecca0000, 0x00000000f1c7d000, 0x0000000100000000)
 Metaspace       used 64412K, capacity 67308K, committed 67456K, reserved 1107968K
  class space    used 8247K, capacity 8790K, committed 8832K, reserved 1048576K
2020-11-07T19:56:09.022+0800: 52.171: [GC (Allocation Failure) 2020-11-07T19:56:09.022+0800: 52.171: [ParNew: 8844K->361K(9216K), 0.0403168 secs] 53482K->45131K(90996K), 0.0403773 secs] [Times: user=0.04 sys=0.00, real=0.04 secs] 
Heap after GC invocations=663 (full 72):
 par new generation   total 9216K, used 361K [0x00000000e3400000, 0x00000000e3e00000, 0x00000000ecca0000)
  eden space 8192K,   0% used [0x00000000e3400000, 0x00000000e3400000, 0x00000000e3c00000)
  from space 1024K,  35% used [0x00000000e3d00000, 0x00000000e3d5a4d8, 0x00000000e3e00000)
  to   space 1024K,   0% used [0x00000000e3c00000, 0x00000000e3c00000, 0x00000000e3d00000)
 concurrent mark-sweep generation total 81780K, used 44770K [0x00000000ecca0000, 0x00000000f1c7d000, 0x0000000100000000)
 Metaspace       used 64412K, capacity 67308K, committed 67456K, reserved 1107968K
  class space    used 8247K, capacity 8790K, committed 8832K, reserved 1048576K
}
2020-11-07T19:56:09.089+0800: 52.239: Application time: 0.0274331 seconds
{Heap before GC invocations=663 (full 72):
 par new generation   total 9216K, used 8553K [0x00000000e3400000, 0x00000000e3e00000, 0x00000000ecca0000)
  eden space 8192K, 100% used [0x00000000e3400000, 0x00000000e3c00000, 0x00000000e3c00000)
  from space 1024K,  35% used [0x00000000e3d00000, 0x00000000e3d5a4d8, 0x00000000e3e00000)
  to   space 1024K,   0% used [0x00000000e3c00000, 0x00000000e3c00000, 0x00000000e3d00000)
 concurrent mark-sweep generation total 81780K, used 44770K [0x00000000ecca0000, 0x00000000f1c7d000, 0x0000000100000000)
 Metaspace       used 64414K, capacity 67308K, committed 67456K, reserved 1107968K
  class space    used 8248K, capacity 8790K, committed 8832K, reserved 1048576K
2020-11-07T19:56:09.090+0800: 52.239: [GC (Allocation Failure) 2020-11-07T19:56:09.090+0800: 52.239: [ParNew: 8553K->337K(9216K), 0.0470603 secs] 53323K->45108K(90996K), 0.0471180 secs] [Times: user=0.05 sys=0.00, real=0.05 secs] 
Heap after GC invocations=664 (full 72):
 par new generation   total 9216K, used 337K [0x00000000e3400000, 0x00000000e3e00000, 0x00000000ecca0000)
  eden space 8192K,   0% used [0x00000000e3400000, 0x00000000e3400000, 0x00000000e3c00000)
  from space 1024K,  32% used [0x00000000e3c00000, 0x00000000e3c54680, 0x00000000e3d00000)
  to   space 1024K,   0% used [0x00000000e3d00000, 0x00000000e3d00000, 0x00000000e3e00000)
 concurrent mark-sweep generation total 81780K, used 44770K [0x00000000ecca0000, 0x00000000f1c7d000, 0x0000000100000000)
 Metaspace       used 64414K, capacity 67308K, committed 67456K, reserved 1107968K
  class space    used 8248K, capacity 8790K, committed 8832K, reserved 1048576K
}
2020-11-07T19:56:09.161+0800: 52.311: Application time: 0.0246581 seconds
{Heap before GC invocations=664 (full 72):
 par new generation   total 9216K, used 8529K [0x00000000e3400000, 0x00000000e3e00000, 0x00000000ecca0000)
  eden space 8192K, 100% used [0x00000000e3400000, 0x00000000e3c00000, 0x00000000e3c00000)
  from space 1024K,  32% used [0x00000000e3c00000, 0x00000000e3c54680, 0x00000000e3d00000)
  to   space 1024K,   0% used [0x00000000e3d00000, 0x00000000e3d00000, 0x00000000e3e00000)
 concurrent mark-sweep generation total 81780K, used 44770K [0x00000000ecca0000, 0x00000000f1c7d000, 0x0000000100000000)
 Metaspace       used 64436K, capacity 67312K, committed 67456K, reserved 1107968K
  class space    used 8252K, capacity 8792K, committed 8832K, reserved 1048576K
2020-11-07T19:56:09.162+0800: 52.311: [GC (Allocation Failure) 2020-11-07T19:56:09.162+0800: 52.311: [ParNew: 8529K->443K(9216K), 0.0380533 secs] 53300K->45213K(90996K), 0.0381106 secs] [Times: user=0.04 sys=0.00, real=0.04 secs] 
Heap after GC invocations=665 (full 72):
 par new generation   total 9216K, used 443K [0x00000000e3400000, 0x00000000e3e00000, 0x00000000ecca0000)
  eden space 8192K,   0% used [0x00000000e3400000, 0x00000000e3400000, 0x00000000e3c00000)
  from space 1024K,  43% used [0x00000000e3d00000, 0x00000000e3d6ecf0, 0x00000000e3e00000)
  to   space 1024K,   0% used [0x00000000e3c00000, 0x00000000e3c00000, 0x00000000e3d00000)
 concurrent mark-sweep generation total 81780K, used 44770K [0x00000000ecca0000, 0x00000000f1c7d000, 0x0000000100000000)
 Metaspace       used 64436K, capacity 67312K, committed 67456K, reserved 1107968K
  class space    used 8252K, capacity 8792K, committed 8832K, reserved 1048576K
}
2020-11-07T19:56:09.221+0800: 52.371: Application time: 0.0210211 seconds
{Heap before GC invocations=665 (full 72):
 par new generation   total 9216K, used 8635K [0x00000000e3400000, 0x00000000e3e00000, 0x00000000ecca0000)
  eden space 8192K, 100% used [0x00000000e3400000, 0x00000000e3c00000, 0x00000000e3c00000)
  from space 1024K,  43% used [0x00000000e3d00000, 0x00000000e3d6ecf0, 0x00000000e3e00000)
  to   space 1024K,   0% used [0x00000000e3c00000, 0x00000000e3c00000, 0x00000000e3d00000)
 concurrent mark-sweep generation total 81780K, used 44770K [0x00000000ecca0000, 0x00000000f1c7d000, 0x0000000100000000)
 Metaspace       used 64440K, capacity 67312K, committed 67456K, reserved 1107968K
  class space    used 8252K, capacity 8792K, committed 8832K, reserved 1048576K
2020-11-07T19:56:09.221+0800: 52.371: [GC (Allocation Failure) 2020-11-07T19:56:09.221+0800: 52.371: [ParNew: 8635K->449K(9216K), 0.0337870 secs] 53405K->45219K(90996K), 0.0338465 secs] [Times: user=0.03 sys=0.00, real=0.04 secs] 
Heap after GC invocations=666 (full 72):
 par new generation   total 9216K, used 449K [0x00000000e3400000, 0x00000000e3e00000, 0x00000000ecca0000)
  eden space 8192K,   0% used [0x00000000e3400000, 0x00000000e3400000, 0x00000000e3c00000)
  from space 1024K,  43% used [0x00000000e3c00000, 0x00000000e3c704b8, 0x00000000e3d00000)
  to   space 1024K,   0% used [0x00000000e3d00000, 0x00000000e3d00000, 0x00000000e3e00000)
 concurrent mark-sweep generation total 81780K, used 44770K [0x00000000ecca0000, 0x00000000f1c7d000, 0x0000000100000000)
 Metaspace       used 64440K, capacity 67312K, committed 67456K, reserved 1107968K
  class space    used 8252K, capacity 8792K, committed 8832K, reserved 1048576K
}
2020-11-07T19:56:09.292+0800: 52.442: Application time: 0.0372403 seconds
{Heap before GC invocations=666 (full 72):
 par new generation   total 9216K, used 8641K [0x00000000e3400000, 0x00000000e3e00000, 0x00000000ecca0000)
  eden space 8192K, 100% used [0x00000000e3400000, 0x00000000e3c00000, 0x00000000e3c00000)
  from space 1024K,  43% used [0x00000000e3c00000, 0x00000000e3c704b8, 0x00000000e3d00000)
  to   space 1024K,   0% used [0x00000000e3d00000, 0x00000000e3d00000, 0x00000000e3e00000)
 concurrent mark-sweep generation total 81780K, used 44770K [0x00000000ecca0000, 0x00000000f1c7d000, 0x0000000100000000)
 Metaspace       used 64455K, capacity 67324K, committed 67456K, reserved 1107968K
  class space    used 8253K, capacity 8794K, committed 8832K, reserved 1048576K
2020-11-07T19:56:09.292+0800: 52.442: [GC (Allocation Failure) 2020-11-07T19:56:09.292+0800: 52.442: [ParNew: 8641K->620K(9216K), 0.0374115 secs] 53411K->45390K(90996K), 0.0374704 secs] [Times: user=0.04 sys=0.00, real=0.04 secs] 
Heap after GC invocations=667 (full 72):
 par new generation   total 9216K, used 620K [0x00000000e3400000, 0x00000000e3e00000, 0x00000000ecca0000)
  eden space 8192K,   0% used [0x00000000e3400000, 0x00000000e3400000, 0x00000000e3c00000)
  from space 1024K,  60% used [0x00000000e3d00000, 0x00000000e3d9b110, 0x00000000e3e00000)
  to   space 1024K,   0% used [0x00000000e3c00000, 0x00000000e3c00000, 0x00000000e3d00000)
 concurrent mark-sweep generation total 81780K, used 44770K [0x00000000ecca0000, 0x00000000f1c7d000, 0x0000000100000000)
 Metaspace       used 64455K, capacity 67324K, committed 67456K, reserved 1107968K
  class space    used 8253K, capacity 8794K, committed 8832K, reserved 1048576K
}
2020-11-07T19:56:09.349+0800: 52.499: Application time: 0.0195647 seconds
{Heap before GC invocations=667 (full 72):
 par new generation   total 9216K, used 8812K [0x00000000e3400000, 0x00000000e3e00000, 0x00000000ecca0000)
  eden space 8192K, 100% used [0x00000000e3400000, 0x00000000e3c00000, 0x00000000e3c00000)
  from space 1024K,  60% used [0x00000000e3d00000, 0x00000000e3d9b110, 0x00000000e3e00000)
  to   space 1024K,   0% used [0x00000000e3c00000, 0x00000000e3c00000, 0x00000000e3d00000)
 concurrent mark-sweep generation total 81780K, used 44770K [0x00000000ecca0000, 0x00000000f1c7d000, 0x0000000100000000)
 Metaspace       used 64466K, capacity 67324K, committed 67456K, reserved 1107968K
  class space    used 8253K, capacity 8794K, committed 8832K, reserved 1048576K
2020-11-07T19:56:09.350+0800: 52.499: [GC (Allocation Failure) 2020-11-07T19:56:09.350+0800: 52.499: [ParNew: 8812K->563K(9216K), 0.0361174 secs] 53582K->45334K(90996K), 0.0361906 secs] [Times: user=0.03 sys=0.00, real=0.04 secs] 
Heap after GC invocations=668 (full 72):
 par new generation   total 9216K, used 563K [0x00000000e3400000, 0x00000000e3e00000, 0x00000000ecca0000)
  eden space 8192K,   0% used [0x00000000e3400000, 0x00000000e3400000, 0x00000000e3c00000)
  from space 1024K,  55% used [0x00000000e3c00000, 0x00000000e3c8ce10, 0x00000000e3d00000)
  to   space 1024K,   0% used [0x00000000e3d00000, 0x00000000e3d00000, 0x00000000e3e00000)
 concurrent mark-sweep generation total 81780K, used 44770K [0x00000000ecca0000, 0x00000000f1c7d000, 0x0000000100000000)
 Metaspace       used 64466K, capacity 67324K, committed 67456K, reserved 1107968K
  class space    used 8253K, capacity 8794K, committed 8832K, reserved 1048576K
}
2020-11-07T19:56:09.415+0800: 52.564: Application time: 0.0286899 seconds
{Heap before GC invocations=668 (full 72):
 par new generation   total 9216K, used 8755K [0x00000000e3400000, 0x00000000e3e00000, 0x00000000ecca0000)
  eden space 8192K, 100% used [0x00000000e3400000, 0x00000000e3c00000, 0x00000000e3c00000)
  from space 1024K,  55% used [0x00000000e3c00000, 0x00000000e3c8ce10, 0x00000000e3d00000)
  to   space 1024K,   0% used [0x00000000e3d00000, 0x00000000e3d00000, 0x00000000e3e00000)
 concurrent mark-sweep generation total 81780K, used 44770K [0x00000000ecca0000, 0x00000000f1c7d000, 0x0000000100000000)
 Metaspace       used 64478K, capacity 67388K, committed 67456K, reserved 1107968K
  class space    used 8253K, capacity 8794K, committed 8832K, reserved 1048576K
2020-11-07T19:56:09.415+0800: 52.564: [GC (Allocation Failure) 2020-11-07T19:56:09.415+0800: 52.564: [ParNew: 8755K->697K(9216K), 0.0350147 secs] 53526K->45467K(90996K), 0.0350749 secs] [Times: user=0.04 sys=0.00, real=0.03 secs] 
Heap after GC invocations=669 (full 72):
 par new generation   total 9216K, used 697K [0x00000000e3400000, 0x00000000e3e00000, 0x00000000ecca0000)
  eden space 8192K,   0% used [0x00000000e3400000, 0x00000000e3400000, 0x00000000e3c00000)
  from space 1024K,  68% used [0x00000000e3d00000, 0x00000000e3dae510, 0x00000000e3e00000)
  to   space 1024K,   0% used [0x00000000e3c00000, 0x00000000e3c00000, 0x00000000e3d00000)
 concurrent mark-sweep generation total 81780K, used 44770K [0x00000000ecca0000, 0x00000000f1c7d000, 0x0000000100000000)
 Metaspace       used 64478K, capacity 67388K, committed 67456K, reserved 1107968K
  class space    used 8253K, capacity 8794K, committed 8832K, reserved 1048576K
}
2020-11-07T19:56:09.496+0800: 52.646: Application time: 0.0465660 seconds
{Heap before GC invocations=669 (full 72):
 par new generation   total 9216K, used 8889K [0x00000000e3400000, 0x00000000e3e00000, 0x00000000ecca0000)
  eden space 8192K, 100% used [0x00000000e3400000, 0x00000000e3c00000, 0x00000000e3c00000)
  from space 1024K,  68% used [0x00000000e3d00000, 0x00000000e3dae510, 0x00000000e3e00000)
  to   space 1024K,   0% used [0x00000000e3c00000, 0x00000000e3c00000, 0x00000000e3d00000)
 concurrent mark-sweep generation total 81780K, used 44770K [0x00000000ecca0000, 0x00000000f1c7d000, 0x0000000100000000)
 Metaspace       used 64514K, capacity 67394K, committed 67456K, reserved 1107968K
  class space    used 8256K, capacity 8795K, committed 8832K, reserved 1048576K
2020-11-07T19:56:09.497+0800: 52.646: [GC (Allocation Failure) 2020-11-07T19:56:09.497+0800: 52.646: [ParNew: 8889K->512K(9216K), 0.0361082 secs] 53659K->45463K(90996K), 0.0361644 secs] [Times: user=0.03 sys=0.01, real=0.03 secs] 
Heap after GC invocations=670 (full 72):
 par new generation   total 9216K, used 512K [0x00000000e3400000, 0x00000000e3e00000, 0x00000000ecca0000)
  eden space 8192K,   0% used [0x00000000e3400000, 0x00000000e3400000, 0x00000000e3c00000)
  from space 1024K,  50% used [0x00000000e3c00000, 0x00000000e3c80358, 0x00000000e3d00000)
  to   space 1024K,   0% used [0x00000000e3d00000, 0x00000000e3d00000, 0x00000000e3e00000)
 concurrent mark-sweep generation total 81780K, used 44950K [0x00000000ecca0000, 0x00000000f1c7d000, 0x0000000100000000)
 Metaspace       used 64514K, capacity 67394K, committed 67456K, reserved 1107968K
  class space    used 8256K, capacity 8795K, committed 8832K, reserved 1048576K
}
2020-11-07T19:56:09.546+0800: 52.696: Application time: 0.0130209 seconds
{Heap before GC invocations=670 (full 72):
 par new generation   total 9216K, used 8704K [0x00000000e3400000, 0x00000000e3e00000, 0x00000000ecca0000)
  eden space 8192K, 100% used [0x00000000e3400000, 0x00000000e3c00000, 0x00000000e3c00000)
  from space 1024K,  50% used [0x00000000e3c00000, 0x00000000e3c80358, 0x00000000e3d00000)
  to   space 1024K,   0% used [0x00000000e3d00000, 0x00000000e3d00000, 0x00000000e3e00000)
 concurrent mark-sweep generation total 81780K, used 44950K [0x00000000ecca0000, 0x00000000f1c7d000, 0x0000000100000000)
 Metaspace       used 64514K, capacity 67394K, committed 67456K, reserved 1107968K
  class space    used 8256K, capacity 8795K, committed 8832K, reserved 1048576K
2020-11-07T19:56:09.546+0800: 52.696: [GC (Allocation Failure) 2020-11-07T19:56:09.546+0800: 52.696: [ParNew: 8704K->521K(9216K), 0.0305708 secs] 53655K->45471K(90996K), 0.0306304 secs] [Times: user=0.03 sys=0.00, real=0.03 secs] 
Heap after GC invocations=671 (full 72):
 par new generation   total 9216K, used 521K [0x00000000e3400000, 0x00000000e3e00000, 0x00000000ecca0000)
  eden space 8192K,   0% used [0x00000000e3400000, 0x00000000e3400000, 0x00000000e3c00000)
  from space 1024K,  50% used [0x00000000e3d00000, 0x00000000e3d82438, 0x00000000e3e00000)
  to   space 1024K,   0% used [0x00000000e3c00000, 0x00000000e3c00000, 0x00000000e3d00000)
 concurrent mark-sweep generation total 81780K, used 44950K [0x00000000ecca0000, 0x00000000f1c7d000, 0x0000000100000000)
 Metaspace       used 64514K, capacity 67394K, committed 67456K, reserved 1107968K
  class space    used 8256K, capacity 8795K, committed 8832K, reserved 1048576K
}
2020-11-07T19:56:09.621+0800: 52.771: Application time: 0.0443003 seconds
{Heap before GC invocations=671 (full 72):
 par new generation   total 9216K, used 8713K [0x00000000e3400000, 0x00000000e3e00000, 0x00000000ecca0000)
  eden space 8192K, 100% used [0x00000000e3400000, 0x00000000e3c00000, 0x00000000e3c00000)
  from space 1024K,  50% used [0x00000000e3d00000, 0x00000000e3d82438, 0x00000000e3e00000)
  to   space 1024K,   0% used [0x00000000e3c00000, 0x00000000e3c00000, 0x00000000e3d00000)
 concurrent mark-sweep generation total 81780K, used 44950K [0x00000000ecca0000, 0x00000000f1c7d000, 0x0000000100000000)
 Metaspace       used 64546K, capacity 67426K, committed 67456K, reserved 1107968K
  class space    used 8261K, capacity 8827K, committed 8832K, reserved 1048576K
2020-11-07T19:56:09.621+0800: 52.771: [GC (Allocation Failure) 2020-11-07T19:56:09.621+0800: 52.771: [ParNew: 8713K->714K(9216K), 0.0386978 secs] 53663K->45724K(90996K), 0.0387577 secs] [Times: user=0.04 sys=0.00, real=0.04 secs] 
Heap after GC invocations=672 (full 72):
 par new generation   total 9216K, used 714K [0x00000000e3400000, 0x00000000e3e00000, 0x00000000ecca0000)
  eden space 8192K,   0% used [0x00000000e3400000, 0x00000000e3400000, 0x00000000e3c00000)
  from space 1024K,  69% used [0x00000000e3c00000, 0x00000000e3cb29a8, 0x00000000e3d00000)
  to   space 1024K,   0% used [0x00000000e3d00000, 0x00000000e3d00000, 0x00000000e3e00000)
 concurrent mark-sweep generation total 81780K, used 45009K [0x00000000ecca0000, 0x00000000f1c7d000, 0x0000000100000000)
 Metaspace       used 64546K, capacity 67426K, committed 67456K, reserved 1107968K
  class space    used 8261K, capacity 8827K, committed 8832K, reserved 1048576K
}
2020-11-07T19:56:09.728+0800: 52.877: Application time: 0.0676355 seconds
{Heap before GC invocations=672 (full 72):
 par new generation   total 9216K, used 8906K [0x00000000e3400000, 0x00000000e3e00000, 0x00000000ecca0000)
  eden space 8192K, 100% used [0x00000000e3400000, 0x00000000e3c00000, 0x00000000e3c00000)
  from space 1024K,  69% used [0x00000000e3c00000, 0x00000000e3cb29a8, 0x00000000e3d00000)
  to   space 1024K,   0% used [0x00000000e3d00000, 0x00000000e3d00000, 0x00000000e3e00000)
 concurrent mark-sweep generation total 81780K, used 45009K [0x00000000ecca0000, 0x00000000f1c7d000, 0x0000000100000000)
 Metaspace       used 64611K, capacity 67490K, committed 67712K, reserved 1107968K
  class space    used 8266K, capacity 8827K, committed 8832K, reserved 1048576K
2020-11-07T19:56:09.728+0800: 52.878: [GC (Allocation Failure) 2020-11-07T19:56:09.728+0800: 52.878: [ParNew: 8906K->763K(9216K), 0.0369799 secs] 53916K->45839K(90996K), 0.0370492 secs] [Times: user=0.03 sys=0.00, real=0.04 secs] 
Heap after GC invocations=673 (full 72):
 par new generation   total 9216K, used 763K [0x00000000e3400000, 0x00000000e3e00000, 0x00000000ecca0000)
  eden space 8192K,   0% used [0x00000000e3400000, 0x00000000e3400000, 0x00000000e3c00000)
  from space 1024K,  74% used [0x00000000e3d00000, 0x00000000e3dbee70, 0x00000000e3e00000)
  to   space 1024K,   0% used [0x00000000e3c00000, 0x00000000e3c00000, 0x00000000e3d00000)
 concurrent mark-sweep generation total 81780K, used 45076K [0x00000000ecca0000, 0x00000000f1c7d000, 0x0000000100000000)
 Metaspace       used 64611K, capacity 67490K, committed 67712K, reserved 1107968K
  class space    used 8266K, capacity 8827K, committed 8832K, reserved 1048576K
}
2020-11-07T19:56:09.856+0800: 53.006: Application time: 0.0912710 seconds
{Heap before GC invocations=673 (full 72):
 par new generation   total 9216K, used 8955K [0x00000000e3400000, 0x00000000e3e00000, 0x00000000ecca0000)
  eden space 8192K, 100% used [0x00000000e3400000, 0x00000000e3c00000, 0x00000000e3c00000)
  from space 1024K,  74% used [0x00000000e3d00000, 0x00000000e3dbee70, 0x00000000e3e00000)
  to   space 1024K,   0% used [0x00000000e3c00000, 0x00000000e3c00000, 0x00000000e3d00000)
 concurrent mark-sweep generation total 81780K, used 45076K [0x00000000ecca0000, 0x00000000f1c7d000, 0x0000000100000000)
 Metaspace       used 64650K, capacity 67566K, committed 67712K, reserved 1107968K
  class space    used 8270K, capacity 8829K, committed 8832K, reserved 1048576K
2020-11-07T19:56:09.856+0800: 53.006: [GC (Allocation Failure) 2020-11-07T19:56:09.857+0800: 53.006: [ParNew: 8955K->1024K(9216K), 0.0422749 secs] 54031K->46315K(90996K), 0.0423318 secs] [Times: user=0.04 sys=0.00, real=0.04 secs] 
Heap after GC invocations=674 (full 72):
 par new generation   total 9216K, used 1024K [0x00000000e3400000, 0x00000000e3e00000, 0x00000000ecca0000)
  eden space 8192K,   0% used [0x00000000e3400000, 0x00000000e3400000, 0x00000000e3c00000)
  from space 1024K, 100% used [0x00000000e3c00000, 0x00000000e3d00000, 0x00000000e3d00000)
  to   space 1024K,   0% used [0x00000000e3d00000, 0x00000000e3d00000, 0x00000000e3e00000)
 concurrent mark-sweep generation total 81780K, used 45291K [0x00000000ecca0000, 0x00000000f1c7d000, 0x0000000100000000)
 Metaspace       used 64650K, capacity 67566K, committed 67712K, reserved 1107968K
  class space    used 8270K, capacity 8829K, committed 8832K, reserved 1048576K
}
2020-11-07T19:56:09.900+0800: 53.050: Application time: 0.0013314 seconds
2020-11-07T19:56:09.906+0800: 53.056: Application time: 0.0059580 seconds
2020-11-07T19:56:09.907+0800: 53.056: Application time: 0.0001002 seconds
2020-11-07T19:56:09.908+0800: 53.057: Application time: 0.0009845 seconds
2020-11-07T19:56:09.908+0800: 53.057: Application time: 0.0000773 seconds
2020-11-07T19:56:09.909+0800: 53.059: Application time: 0.0011839 seconds
2020-11-07T19:56:09.909+0800: 53.059: Application time: 0.0000509 seconds
2020-11-07T19:56:09.909+0800: 53.059: Application time: 0.0001073 seconds
2020-11-07T19:56:09.955+0800: 53.104: Application time: 0.0452270 seconds
{Heap before GC invocations=674 (full 72):
 par new generation   total 9216K, used 9216K [0x00000000e3400000, 0x00000000e3e00000, 0x00000000ecca0000)
  eden space 8192K, 100% used [0x00000000e3400000, 0x00000000e3c00000, 0x00000000e3c00000)
  from space 1024K, 100% used [0x00000000e3c00000, 0x00000000e3d00000, 0x00000000e3d00000)
  to   space 1024K,   0% used [0x00000000e3d00000, 0x00000000e3d00000, 0x00000000e3e00000)
 concurrent mark-sweep generation total 81780K, used 45291K [0x00000000ecca0000, 0x00000000f1c7d000, 0x0000000100000000)
 Metaspace       used 64685K, capacity 67566K, committed 67712K, reserved 1107968K
  class space    used 8273K, capacity 8829K, committed 8832K, reserved 1048576K
2020-11-07T19:56:09.955+0800: 53.105: [GC (Allocation Failure) 2020-11-07T19:56:09.955+0800: 53.105: [ParNew: 9216K->1024K(9216K), 0.0240126 secs] 54507K->46733K(90996K), 0.0240698 secs] [Times: user=0.03 sys=0.00, real=0.02 secs] 
Heap after GC invocations=675 (full 72):
 par new generation   total 9216K, used 1024K [0x00000000e3400000, 0x00000000e3e00000, 0x00000000ecca0000)
  eden space 8192K,   0% used [0x00000000e3400000, 0x00000000e3400000, 0x00000000e3c00000)
  from space 1024K, 100% used [0x00000000e3d00000, 0x00000000e3e00000, 0x00000000e3e00000)
  to   space 1024K,   0% used [0x00000000e3c00000, 0x00000000e3c00000, 0x00000000e3d00000)
 concurrent mark-sweep generation total 81780K, used 45709K [0x00000000ecca0000, 0x00000000f1c7d000, 0x0000000100000000)
 Metaspace       used 64685K, capacity 67566K, committed 67712K, reserved 1107968K
  class space    used 8273K, capacity 8829K, committed 8832K, reserved 1048576K
}
2020-11-07T19:56:10.053+0800: 53.203: Application time: 0.0741402 seconds
{Heap before GC invocations=675 (full 72):
 par new generation   total 9216K, used 9216K [0x00000000e3400000, 0x00000000e3e00000, 0x00000000ecca0000)
  eden space 8192K, 100% used [0x00000000e3400000, 0x00000000e3c00000, 0x00000000e3c00000)
  from space 1024K, 100% used [0x00000000e3d00000, 0x00000000e3e00000, 0x00000000e3e00000)
  to   space 1024K,   0% used [0x00000000e3c00000, 0x00000000e3c00000, 0x00000000e3d00000)
 concurrent mark-sweep generation total 81780K, used 45709K [0x00000000ecca0000, 0x00000000f1c7d000, 0x0000000100000000)
 Metaspace       used 64707K, capacity 67566K, committed 67712K, reserved 1107968K
  class space    used 8280K, capacity 8829K, committed 8832K, reserved 1048576K
2020-11-07T19:56:10.053+0800: 53.203: [GC (Allocation Failure) 2020-11-07T19:56:10.053+0800: 53.203: [ParNew: 9216K->1023K(9216K), 0.0490793 secs] 54925K->47169K(90996K), 0.0491450 secs] [Times: user=0.05 sys=0.00, real=0.05 secs] 
Heap after GC invocations=676 (full 72):
 par new generation   total 9216K, used 1023K [0x00000000e3400000, 0x00000000e3e00000, 0x00000000ecca0000)
  eden space 8192K,   0% used [0x00000000e3400000, 0x00000000e3400000, 0x00000000e3c00000)
  from space 1024K,  99% used [0x00000000e3c00000, 0x00000000e3cffff8, 0x00000000e3d00000)
  to   space 1024K,   0% used [0x00000000e3d00000, 0x00000000e3d00000, 0x00000000e3e00000)
 concurrent mark-sweep generation total 81780K, used 46145K [0x00000000ecca0000, 0x00000000f1c7d000, 0x0000000100000000)
 Metaspace       used 64707K, capacity 67566K, committed 67712K, reserved 1107968K
  class space    used 8280K, capacity 8829K, committed 8832K, reserved 1048576K
}
2020-11-07T19:56:10.168+0800: 53.317: Application time: 0.0649516 seconds
{Heap before GC invocations=676 (full 72):
 par new generation   total 9216K, used 9215K [0x00000000e3400000, 0x00000000e3e00000, 0x00000000ecca0000)
  eden space 8192K, 100% used [0x00000000e3400000, 0x00000000e3c00000, 0x00000000e3c00000)
  from space 1024K,  99% used [0x00000000e3c00000, 0x00000000e3cffff8, 0x00000000e3d00000)
  to   space 1024K,   0% used [0x00000000e3d00000, 0x00000000e3d00000, 0x00000000e3e00000)
 concurrent mark-sweep generation total 81780K, used 46145K [0x00000000ecca0000, 0x00000000f1c7d000, 0x0000000100000000)
 Metaspace       used 64754K, capacity 67642K, committed 67712K, reserved 1107968K
  class space    used 8291K, capacity 8831K, committed 8832K, reserved 1048576K
2020-11-07T19:56:10.168+0800: 53.317: [GC (Allocation Failure) 2020-11-07T19:56:10.168+0800: 53.317: [ParNew: 9215K->519K(9216K), 0.0331613 secs] 55361K->46891K(90996K), 0.0332180 secs] [Times: user=0.03 sys=0.00, real=0.03 secs] 
Heap after GC invocations=677 (full 72):
 par new generation   total 9216K, used 519K [0x00000000e3400000, 0x00000000e3e00000, 0x00000000ecca0000)
  eden space 8192K,   0% used [0x00000000e3400000, 0x00000000e3400000, 0x00000000e3c00000)
  from space 1024K,  50% used [0x00000000e3d00000, 0x00000000e3d81c68, 0x00000000e3e00000)
  to   space 1024K,   0% used [0x00000000e3c00000, 0x00000000e3c00000, 0x00000000e3d00000)
 concurrent mark-sweep generation total 81780K, used 46372K [0x00000000ecca0000, 0x00000000f1c7d000, 0x0000000100000000)
 Metaspace       used 64754K, capacity 67642K, committed 67712K, reserved 1107968K
  class space    used 8291K, capacity 8831K, committed 8832K, reserved 1048576K
}
2020-11-07T19:56:10.271+0800: 53.420: Application time: 0.0695680 seconds
{Heap before GC invocations=677 (full 72):
 par new generation   total 9216K, used 8711K [0x00000000e3400000, 0x00000000e3e00000, 0x00000000ecca0000)
  eden space 8192K, 100% used [0x00000000e3400000, 0x00000000e3c00000, 0x00000000e3c00000)
  from space 1024K,  50% used [0x00000000e3d00000, 0x00000000e3d81c68, 0x00000000e3e00000)
  to   space 1024K,   0% used [0x00000000e3c00000, 0x00000000e3c00000, 0x00000000e3d00000)
 concurrent mark-sweep generation total 81780K, used 46372K [0x00000000ecca0000, 0x00000000f1c7d000, 0x0000000100000000)
 Metaspace       used 64793K, capacity 67680K, committed 67840K, reserved 1107968K
  class space    used 8298K, capacity 8864K, committed 8960K, reserved 1048576K
2020-11-07T19:56:10.271+0800: 53.420: [GC (Allocation Failure) 2020-11-07T19:56:10.271+0800: 53.420: [ParNew: 8711K->730K(9216K), 0.0371598 secs] 55083K->47103K(90996K), 0.0372141 secs] [Times: user=0.04 sys=0.00, real=0.04 secs] 
Heap after GC invocations=678 (full 72):
 par new generation   total 9216K, used 730K [0x00000000e3400000, 0x00000000e3e00000, 0x00000000ecca0000)
  eden space 8192K,   0% used [0x00000000e3400000, 0x00000000e3400000, 0x00000000e3c00000)
  from space 1024K,  71% used [0x00000000e3c00000, 0x00000000e3cb6ae8, 0x00000000e3d00000)
  to   space 1024K,   0% used [0x00000000e3d00000, 0x00000000e3d00000, 0x00000000e3e00000)
 concurrent mark-sweep generation total 81780K, used 46372K [0x00000000ecca0000, 0x00000000f1c7d000, 0x0000000100000000)
 Metaspace       used 64793K, capacity 67680K, committed 67840K, reserved 1107968K
  class space    used 8298K, capacity 8864K, committed 8960K, reserved 1048576K
}
2020-11-07T19:56:10.339+0800: 53.488: Application time: 0.0305643 seconds
{Heap before GC invocations=678 (full 72):
 par new generation   total 9216K, used 8922K [0x00000000e3400000, 0x00000000e3e00000, 0x00000000ecca0000)
  eden space 8192K, 100% used [0x00000000e3400000, 0x00000000e3c00000, 0x00000000e3c00000)
  from space 1024K,  71% used [0x00000000e3c00000, 0x00000000e3cb6ae8, 0x00000000e3d00000)
  to   space 1024K,   0% used [0x00000000e3d00000, 0x00000000e3d00000, 0x00000000e3e00000)
 concurrent mark-sweep generation total 81780K, used 46372K [0x00000000ecca0000, 0x00000000f1c7d000, 0x0000000100000000)
 Metaspace       used 64807K, capacity 67744K, committed 67840K, reserved 1107968K
  class space    used 8300K, capacity 8864K, committed 8960K, reserved 1048576K
2020-11-07T19:56:10.339+0800: 53.488: [GC (Allocation Failure) 2020-11-07T19:56:10.339+0800: 53.488: [ParNew: 8922K->146K(9216K), 0.0499212 secs] 55295K->46622K(90996K), 0.0499790 secs] [Times: user=0.05 sys=0.00, real=0.05 secs] 
Heap after GC invocations=679 (full 72):
 par new generation   total 9216K, used 146K [0x00000000e3400000, 0x00000000e3e00000, 0x00000000ecca0000)
  eden space 8192K,   0% used [0x00000000e3400000, 0x00000000e3400000, 0x00000000e3c00000)
  from space 1024K,  14% used [0x00000000e3d00000, 0x00000000e3d24bf0, 0x00000000e3e00000)
  to   space 1024K,   0% used [0x00000000e3c00000, 0x00000000e3c00000, 0x00000000e3d00000)
 concurrent mark-sweep generation total 81780K, used 46475K [0x00000000ecca0000, 0x00000000f1c7d000, 0x0000000100000000)
 Metaspace       used 64807K, capacity 67744K, committed 67840K, reserved 1107968K
  class space    used 8300K, capacity 8864K, committed 8960K, reserved 1048576K
}
2020-11-07T19:56:10.422+0800: 53.571: Application time: 0.0327053 seconds
{Heap before GC invocations=679 (full 72):
 par new generation   total 9216K, used 8338K [0x00000000e3400000, 0x00000000e3e00000, 0x00000000ecca0000)
  eden space 8192K, 100% used [0x00000000e3400000, 0x00000000e3c00000, 0x00000000e3c00000)
  from space 1024K,  14% used [0x00000000e3d00000, 0x00000000e3d24bf0, 0x00000000e3e00000)
  to   space 1024K,   0% used [0x00000000e3c00000, 0x00000000e3c00000, 0x00000000e3d00000)
 concurrent mark-sweep generation total 81780K, used 46475K [0x00000000ecca0000, 0x00000000f1c7d000, 0x0000000100000000)
 Metaspace       used 64864K, capacity 67744K, committed 67840K, reserved 1107968K
  class space    used 8305K, capacity 8864K, committed 8960K, reserved 1048576K
2020-11-07T19:56:10.422+0800: 53.571: [GC (Allocation Failure) 2020-11-07T19:56:10.422+0800: 53.571: [ParNew: 8338K->314K(9216K), 0.2315811 secs] 54814K->46790K(90996K), 0.2316461 secs] [Times: user=0.22 sys=0.01, real=0.23 secs] 
Heap after GC invocations=680 (full 72):
 par new generation   total 9216K, used 314K [0x00000000e3400000, 0x00000000e3e00000, 0x00000000ecca0000)
  eden space 8192K,   0% used [0x00000000e3400000, 0x00000000e3400000, 0x00000000e3c00000)
  from space 1024K,  30% used [0x00000000e3c00000, 0x00000000e3c4ebb8, 0x00000000e3d00000)
  to   space 1024K,   0% used [0x00000000e3d00000, 0x00000000e3d00000, 0x00000000e3e00000)
 concurrent mark-sweep generation total 81780K, used 46475K [0x00000000ecca0000, 0x00000000f1c7d000, 0x0000000100000000)
 Metaspace       used 64864K, capacity 67744K, committed 67840K, reserved 1107968K
  class space    used 8305K, capacity 8864K, committed 8960K, reserved 1048576K
}
2020-11-07T19:56:10.701+0800: 53.851: Application time: 0.0479129 seconds
{Heap before GC invocations=680 (full 72):
 par new generation   total 9216K, used 8506K [0x00000000e3400000, 0x00000000e3e00000, 0x00000000ecca0000)
  eden space 8192K, 100% used [0x00000000e3400000, 0x00000000e3c00000, 0x00000000e3c00000)
  from space 1024K,  30% used [0x00000000e3c00000, 0x00000000e3c4ebb8, 0x00000000e3d00000)
  to   space 1024K,   0% used [0x00000000e3d00000, 0x00000000e3d00000, 0x00000000e3e00000)
 concurrent mark-sweep generation total 81780K, used 46475K [0x00000000ecca0000, 0x00000000f1c7d000, 0x0000000100000000)
 Metaspace       used 64864K, capacity 67744K, committed 67840K, reserved 1107968K
  class space    used 8305K, capacity 8864K, committed 8960K, reserved 1048576K
2020-11-07T19:56:10.702+0800: 53.851: [GC (Allocation Failure) 2020-11-07T19:56:10.702+0800: 53.851: [ParNew: 8506K->175K(9216K), 0.0092519 secs] 54982K->46651K(90996K), 0.0093109 secs] [Times: user=0.01 sys=0.00, real=0.01 secs] 
Heap after GC invocations=681 (full 72):
 par new generation   total 9216K, used 175K [0x00000000e3400000, 0x00000000e3e00000, 0x00000000ecca0000)
  eden space 8192K,   0% used [0x00000000e3400000, 0x00000000e3400000, 0x00000000e3c00000)
  from space 1024K,  17% used [0x00000000e3d00000, 0x00000000e3d2be80, 0x00000000e3e00000)
  to   space 1024K,   0% used [0x00000000e3c00000, 0x00000000e3c00000, 0x00000000e3d00000)
 concurrent mark-sweep generation total 81780K, used 46475K [0x00000000ecca0000, 0x00000000f1c7d000, 0x0000000100000000)
 Metaspace       used 64864K, capacity 67744K, committed 67840K, reserved 1107968K
  class space    used 8305K, capacity 8864K, committed 8960K, reserved 1048576K
}
2020-11-07T19:56:10.749+0800: 53.899: Application time: 0.0380555 seconds
{Heap before GC invocations=681 (full 72):
 par new generation   total 9216K, used 8367K [0x00000000e3400000, 0x00000000e3e00000, 0x00000000ecca0000)
  eden space 8192K, 100% used [0x00000000e3400000, 0x00000000e3c00000, 0x00000000e3c00000)
  from space 1024K,  17% used [0x00000000e3d00000, 0x00000000e3d2be80, 0x00000000e3e00000)
  to   space 1024K,   0% used [0x00000000e3c00000, 0x00000000e3c00000, 0x00000000e3d00000)
 concurrent mark-sweep generation total 81780K, used 46475K [0x00000000ecca0000, 0x00000000f1c7d000, 0x0000000100000000)
 Metaspace       used 64884K, capacity 67808K, committed 68096K, reserved 1107968K
  class space    used 8306K, capacity 8864K, committed 8960K, reserved 1048576K
2020-11-07T19:56:10.749+0800: 53.899: [GC (Allocation Failure) 2020-11-07T19:56:10.749+0800: 53.899: [ParNew: 8367K->222K(9216K), 0.0246136 secs] 54843K->46698K(90996K), 0.0246912 secs] [Times: user=0.02 sys=0.00, real=0.02 secs] 
Heap after GC invocations=682 (full 72):
 par new generation   total 9216K, used 222K [0x00000000e3400000, 0x00000000e3e00000, 0x00000000ecca0000)
  eden space 8192K,   0% used [0x00000000e3400000, 0x00000000e3400000, 0x00000000e3c00000)
  from space 1024K,  21% used [0x00000000e3c00000, 0x00000000e3c37920, 0x00000000e3d00000)
  to   space 1024K,   0% used [0x00000000e3d00000, 0x00000000e3d00000, 0x00000000e3e00000)
 concurrent mark-sweep generation total 81780K, used 46475K [0x00000000ecca0000, 0x00000000f1c7d000, 0x0000000100000000)
 Metaspace       used 64884K, capacity 67808K, committed 68096K, reserved 1107968K
  class space    used 8306K, capacity 8864K, committed 8960K, reserved 1048576K
}
2020-11-07T19:56:10.834+0800: 53.983: Application time: 0.0596823 seconds
{Heap before GC invocations=682 (full 72):
 par new generation   total 9216K, used 8414K [0x00000000e3400000, 0x00000000e3e00000, 0x00000000ecca0000)
  eden space 8192K, 100% used [0x00000000e3400000, 0x00000000e3c00000, 0x00000000e3c00000)
  from space 1024K,  21% used [0x00000000e3c00000, 0x00000000e3c37920, 0x00000000e3d00000)
  to   space 1024K,   0% used [0x00000000e3d00000, 0x00000000e3d00000, 0x00000000e3e00000)
 concurrent mark-sweep generation total 81780K, used 46475K [0x00000000ecca0000, 0x00000000f1c7d000, 0x0000000100000000)
 Metaspace       used 64893K, capacity 67808K, committed 68096K, reserved 1107968K
  class space    used 8308K, capacity 8864K, committed 8960K, reserved 1048576K
2020-11-07T19:56:10.834+0800: 53.983: [GC (Allocation Failure) 2020-11-07T19:56:10.834+0800: 53.983: [ParNew: 8414K->283K(9216K), 0.0388847 secs] 54890K->46759K(90996K), 0.0389411 secs] [Times: user=0.04 sys=0.00, real=0.04 secs] 
Heap after GC invocations=683 (full 72):
 par new generation   total 9216K, used 283K [0x00000000e3400000, 0x00000000e3e00000, 0x00000000ecca0000)
  eden space 8192K,   0% used [0x00000000e3400000, 0x00000000e3400000, 0x00000000e3c00000)
  from space 1024K,  27% used [0x00000000e3d00000, 0x00000000e3d46ea8, 0x00000000e3e00000)
  to   space 1024K,   0% used [0x00000000e3c00000, 0x00000000e3c00000, 0x00000000e3d00000)
 concurrent mark-sweep generation total 81780K, used 46475K [0x00000000ecca0000, 0x00000000f1c7d000, 0x0000000100000000)
 Metaspace       used 64893K, capacity 67808K, committed 68096K, reserved 1107968K
  class space    used 8308K, capacity 8864K, committed 8960K, reserved 1048576K
}
2020-11-07T19:56:10.902+0800: 54.052: Application time: 0.0295355 seconds
{Heap before GC invocations=683 (full 72):
 par new generation   total 9216K, used 8475K [0x00000000e3400000, 0x00000000e3e00000, 0x00000000ecca0000)
  eden space 8192K, 100% used [0x00000000e3400000, 0x00000000e3c00000, 0x00000000e3c00000)
  from space 1024K,  27% used [0x00000000e3d00000, 0x00000000e3d46ea8, 0x00000000e3e00000)
  to   space 1024K,   0% used [0x00000000e3c00000, 0x00000000e3c00000, 0x00000000e3d00000)
 concurrent mark-sweep generation total 81780K, used 46475K [0x00000000ecca0000, 0x00000000f1c7d000, 0x0000000100000000)
 Metaspace       used 64904K, capacity 67808K, committed 68096K, reserved 1107968K
  class space    used 8310K, capacity 8864K, committed 8960K, reserved 1048576K
2020-11-07T19:56:10.903+0800: 54.052: [GC (Allocation Failure) 2020-11-07T19:56:10.903+0800: 54.052: [ParNew: 8475K->393K(9216K), 0.0224989 secs] 54951K->46869K(90996K), 0.0225628 secs] [Times: user=0.02 sys=0.00, real=0.03 secs] 
Heap after GC invocations=684 (full 72):
 par new generation   total 9216K, used 393K [0x00000000e3400000, 0x00000000e3e00000, 0x00000000ecca0000)
  eden space 8192K,   0% used [0x00000000e3400000, 0x00000000e3400000, 0x00000000e3c00000)
  from space 1024K,  38% used [0x00000000e3c00000, 0x00000000e3c62660, 0x00000000e3d00000)
  to   space 1024K,   0% used [0x00000000e3d00000, 0x00000000e3d00000, 0x00000000e3e00000)
 concurrent mark-sweep generation total 81780K, used 46475K [0x00000000ecca0000, 0x00000000f1c7d000, 0x0000000100000000)
 Metaspace       used 64904K, capacity 67808K, committed 68096K, reserved 1107968K
  class space    used 8310K, capacity 8864K, committed 8960K, reserved 1048576K
}
2020-11-07T19:56:10.957+0800: 54.107: Application time: 0.0319007 seconds
{Heap before GC invocations=684 (full 72):
 par new generation   total 9216K, used 8585K [0x00000000e3400000, 0x00000000e3e00000, 0x00000000ecca0000)
  eden space 8192K, 100% used [0x00000000e3400000, 0x00000000e3c00000, 0x00000000e3c00000)
  from space 1024K,  38% used [0x00000000e3c00000, 0x00000000e3c62660, 0x00000000e3d00000)
  to   space 1024K,   0% used [0x00000000e3d00000, 0x00000000e3d00000, 0x00000000e3e00000)
 concurrent mark-sweep generation total 81780K, used 46475K [0x00000000ecca0000, 0x00000000f1c7d000, 0x0000000100000000)
 Metaspace       used 64905K, capacity 67808K, committed 68096K, reserved 1107968K
  class space    used 8310K, capacity 8864K, committed 8960K, reserved 1048576K
2020-11-07T19:56:10.957+0800: 54.107: [GC (Allocation Failure) 2020-11-07T19:56:10.957+0800: 54.107: [ParNew: 8585K->408K(9216K), 0.0212924 secs] 55061K->46883K(90996K), 0.0213540 secs] [Times: user=0.02 sys=0.00, real=0.02 secs] 
Heap after GC invocations=685 (full 72):
 par new generation   total 9216K, used 408K [0x00000000e3400000, 0x00000000e3e00000, 0x00000000ecca0000)
  eden space 8192K,   0% used [0x00000000e3400000, 0x00000000e3400000, 0x00000000e3c00000)
  from space 1024K,  39% used [0x00000000e3d00000, 0x00000000e3d66060, 0x00000000e3e00000)
  to   space 1024K,   0% used [0x00000000e3c00000, 0x00000000e3c00000, 0x00000000e3d00000)
 concurrent mark-sweep generation total 81780K, used 46475K [0x00000000ecca0000, 0x00000000f1c7d000, 0x0000000100000000)
 Metaspace       used 64905K, capacity 67808K, committed 68096K, reserved 1107968K
  class space    used 8310K, capacity 8864K, committed 8960K, reserved 1048576K
}
2020-11-07T19:56:11.016+0800: 54.166: Application time: 0.0376728 seconds
{Heap before GC invocations=685 (full 72):
 par new generation   total 9216K, used 8600K [0x00000000e3400000, 0x00000000e3e00000, 0x00000000ecca0000)
  eden space 8192K, 100% used [0x00000000e3400000, 0x00000000e3c00000, 0x00000000e3c00000)
  from space 1024K,  39% used [0x00000000e3d00000, 0x00000000e3d66060, 0x00000000e3e00000)
  to   space 1024K,   0% used [0x00000000e3c00000, 0x00000000e3c00000, 0x00000000e3d00000)
 concurrent mark-sweep generation total 81780K, used 46475K [0x00000000ecca0000, 0x00000000f1c7d000, 0x0000000100000000)
 Metaspace       used 64907K, capacity 67872K, committed 68096K, reserved 1107968K
  class space    used 8310K, capacity 8864K, committed 8960K, reserved 1048576K
2020-11-07T19:56:11.017+0800: 54.166: [GC (Allocation Failure) 2020-11-07T19:56:11.017+0800: 54.166: [ParNew: 8600K->357K(9216K), 0.0256237 secs] 55075K->46833K(90996K), 0.0256862 secs] [Times: user=0.03 sys=0.00, real=0.02 secs] 
Heap after GC invocations=686 (full 72):
 par new generation   total 9216K, used 357K [0x00000000e3400000, 0x00000000e3e00000, 0x00000000ecca0000)
  eden space 8192K,   0% used [0x00000000e3400000, 0x00000000e3400000, 0x00000000e3c00000)
  from space 1024K,  34% used [0x00000000e3c00000, 0x00000000e3c597b8, 0x00000000e3d00000)
  to   space 1024K,   0% used [0x00000000e3d00000, 0x00000000e3d00000, 0x00000000e3e00000)
 concurrent mark-sweep generation total 81780K, used 46475K [0x00000000ecca0000, 0x00000000f1c7d000, 0x0000000100000000)
 Metaspace       used 64907K, capacity 67872K, committed 68096K, reserved 1107968K
  class space    used 8310K, capacity 8864K, committed 8960K, reserved 1048576K
}
2020-11-07T19:56:11.062+0800: 54.212: Application time: 0.0195735 seconds
{Heap before GC invocations=686 (full 72):
 par new generation   total 9216K, used 8549K [0x00000000e3400000, 0x00000000e3e00000, 0x00000000ecca0000)
  eden space 8192K, 100% used [0x00000000e3400000, 0x00000000e3c00000, 0x00000000e3c00000)
  from space 1024K,  34% used [0x00000000e3c00000, 0x00000000e3c597b8, 0x00000000e3d00000)
  to   space 1024K,   0% used [0x00000000e3d00000, 0x00000000e3d00000, 0x00000000e3e00000)
 concurrent mark-sweep generation total 81780K, used 46475K [0x00000000ecca0000, 0x00000000f1c7d000, 0x0000000100000000)
 Metaspace       used 64909K, capacity 67872K, committed 68096K, reserved 1107968K
  class space    used 8310K, capacity 8864K, committed 8960K, reserved 1048576K
2020-11-07T19:56:11.062+0800: 54.212: [GC (Allocation Failure) 2020-11-07T19:56:11.062+0800: 54.212: [ParNew: 8549K->404K(9216K), 0.0467783 secs] 55025K->46879K(90996K), 0.0468441 secs] [Times: user=0.05 sys=0.00, real=0.05 secs] 
Heap after GC invocations=687 (full 72):
 par new generation   total 9216K, used 404K [0x00000000e3400000, 0x00000000e3e00000, 0x00000000ecca0000)
  eden space 8192K,   0% used [0x00000000e3400000, 0x00000000e3400000, 0x00000000e3c00000)
  from space 1024K,  39% used [0x00000000e3d00000, 0x00000000e3d65070, 0x00000000e3e00000)
  to   space 1024K,   0% used [0x00000000e3c00000, 0x00000000e3c00000, 0x00000000e3d00000)
 concurrent mark-sweep generation total 81780K, used 46475K [0x00000000ecca0000, 0x00000000f1c7d000, 0x0000000100000000)
 Metaspace       used 64909K, capacity 67872K, committed 68096K, reserved 1107968K
  class space    used 8310K, capacity 8864K, committed 8960K, reserved 1048576K
}
2020-11-07T19:56:11.138+0800: 54.287: Application time: 0.0287980 seconds
{Heap before GC invocations=687 (full 72):
 par new generation   total 9216K, used 8596K [0x00000000e3400000, 0x00000000e3e00000, 0x00000000ecca0000)
  eden space 8192K, 100% used [0x00000000e3400000, 0x00000000e3c00000, 0x00000000e3c00000)
  from space 1024K,  39% used [0x00000000e3d00000, 0x00000000e3d65070, 0x00000000e3e00000)
  to   space 1024K,   0% used [0x00000000e3c00000, 0x00000000e3c00000, 0x00000000e3d00000)
 concurrent mark-sweep generation total 81780K, used 46475K [0x00000000ecca0000, 0x00000000f1c7d000, 0x0000000100000000)
 Metaspace       used 64929K, capacity 67892K, committed 68096K, reserved 1107968K
  class space    used 8313K, capacity 8868K, committed 8960K, reserved 1048576K
2020-11-07T19:56:11.138+0800: 54.288: [GC (Allocation Failure) 2020-11-07T19:56:11.138+0800: 54.288: [ParNew: 8596K->390K(9216K), 0.0235324 secs] 55071K->46937K(90996K), 0.0235953 secs] [Times: user=0.03 sys=0.00, real=0.02 secs] 
Heap after GC invocations=688 (full 72):
 par new generation   total 9216K, used 390K [0x00000000e3400000, 0x00000000e3e00000, 0x00000000ecca0000)
  eden space 8192K,   0% used [0x00000000e3400000, 0x00000000e3400000, 0x00000000e3c00000)
  from space 1024K,  38% used [0x00000000e3c00000, 0x00000000e3c61be8, 0x00000000e3d00000)
  to   space 1024K,   0% used [0x00000000e3d00000, 0x00000000e3d00000, 0x00000000e3e00000)
 concurrent mark-sweep generation total 81780K, used 46546K [0x00000000ecca0000, 0x00000000f1c7d000, 0x0000000100000000)
 Metaspace       used 64929K, capacity 67892K, committed 68096K, reserved 1107968K
  class space    used 8313K, capacity 8868K, committed 8960K, reserved 1048576K
}
2020-11-07T19:56:11.204+0800: 54.353: Application time: 0.0420879 seconds
{Heap before GC invocations=688 (full 72):
 par new generation   total 9216K, used 8582K [0x00000000e3400000, 0x00000000e3e00000, 0x00000000ecca0000)
  eden space 8192K, 100% used [0x00000000e3400000, 0x00000000e3c00000, 0x00000000e3c00000)
  from space 1024K,  38% used [0x00000000e3c00000, 0x00000000e3c61be8, 0x00000000e3d00000)
  to   space 1024K,   0% used [0x00000000e3d00000, 0x00000000e3d00000, 0x00000000e3e00000)
 concurrent mark-sweep generation total 81780K, used 46546K [0x00000000ecca0000, 0x00000000f1c7d000, 0x0000000100000000)
 Metaspace       used 64932K, capacity 67892K, committed 68096K, reserved 1107968K
  class space    used 8313K, capacity 8868K, committed 8960K, reserved 1048576K
2020-11-07T19:56:11.204+0800: 54.353: [GC (Allocation Failure) 2020-11-07T19:56:11.204+0800: 54.354: [ParNew: 8582K->386K(9216K), 0.0245796 secs] 55129K->46970K(90996K), 0.0246503 secs] [Times: user=0.02 sys=0.00, real=0.03 secs] 
Heap after GC invocations=689 (full 72):
 par new generation   total 9216K, used 386K [0x00000000e3400000, 0x00000000e3e00000, 0x00000000ecca0000)
  eden space 8192K,   0% used [0x00000000e3400000, 0x00000000e3400000, 0x00000000e3c00000)
  from space 1024K,  37% used [0x00000000e3d00000, 0x00000000e3d608b0, 0x00000000e3e00000)
  to   space 1024K,   0% used [0x00000000e3c00000, 0x00000000e3c00000, 0x00000000e3d00000)
 concurrent mark-sweep generation total 81780K, used 46584K [0x00000000ecca0000, 0x00000000f1c7d000, 0x0000000100000000)
 Metaspace       used 64932K, capacity 67892K, committed 68096K, reserved 1107968K
  class space    used 8313K, capacity 8868K, committed 8960K, reserved 1048576K
}
2020-11-07T19:56:11.254+0800: 54.404: Application time: 0.0254613 seconds
{Heap before GC invocations=689 (full 72):
 par new generation   total 9216K, used 8578K [0x00000000e3400000, 0x00000000e3e00000, 0x00000000ecca0000)
  eden space 8192K, 100% used [0x00000000e3400000, 0x00000000e3c00000, 0x00000000e3c00000)
  from space 1024K,  37% used [0x00000000e3d00000, 0x00000000e3d608b0, 0x00000000e3e00000)
  to   space 1024K,   0% used [0x00000000e3c00000, 0x00000000e3c00000, 0x00000000e3d00000)
 concurrent mark-sweep generation total 81780K, used 46584K [0x00000000ecca0000, 0x00000000f1c7d000, 0x0000000100000000)
 Metaspace       used 64938K, capacity 67892K, committed 68096K, reserved 1107968K
  class space    used 8313K, capacity 8868K, committed 8960K, reserved 1048576K
2020-11-07T19:56:11.254+0800: 54.404: [GC (Allocation Failure) 2020-11-07T19:56:11.254+0800: 54.404: [ParNew: 8578K->467K(9216K), 0.0243183 secs] 55162K->47077K(90996K), 0.0243817 secs] [Times: user=0.02 sys=0.00, real=0.03 secs] 
Heap after GC invocations=690 (full 72):
 par new generation   total 9216K, used 467K [0x00000000e3400000, 0x00000000e3e00000, 0x00000000ecca0000)
  eden space 8192K,   0% used [0x00000000e3400000, 0x00000000e3400000, 0x00000000e3c00000)
  from space 1024K,  45% used [0x00000000e3c00000, 0x00000000e3c74d90, 0x00000000e3d00000)
  to   space 1024K,   0% used [0x00000000e3d00000, 0x00000000e3d00000, 0x00000000e3e00000)
 concurrent mark-sweep generation total 81780K, used 46610K [0x00000000ecca0000, 0x00000000f1c7d000, 0x0000000100000000)
 Metaspace       used 64938K, capacity 67892K, committed 68096K, reserved 1107968K
  class space    used 8313K, capacity 8868K, committed 8960K, reserved 1048576K
}
2020-11-07T19:56:11.323+0800: 54.473: Application time: 0.0443054 seconds
{Heap before GC invocations=690 (full 72):
 par new generation   total 9216K, used 8659K [0x00000000e3400000, 0x00000000e3e00000, 0x00000000ecca0000)
  eden space 8192K, 100% used [0x00000000e3400000, 0x00000000e3c00000, 0x00000000e3c00000)
  from space 1024K,  45% used [0x00000000e3c00000, 0x00000000e3c74d90, 0x00000000e3d00000)
  to   space 1024K,   0% used [0x00000000e3d00000, 0x00000000e3d00000, 0x00000000e3e00000)
 concurrent mark-sweep generation total 81780K, used 46610K [0x00000000ecca0000, 0x00000000f1c7d000, 0x0000000100000000)
 Metaspace       used 64978K, capacity 67958K, committed 68096K, reserved 1107968K
  class space    used 8317K, capacity 8869K, committed 8960K, reserved 1048576K
2020-11-07T19:56:11.323+0800: 54.473: [GC (Allocation Failure) 2020-11-07T19:56:11.323+0800: 54.473: [ParNew: 8659K->393K(9216K), 0.0217263 secs] 55269K->47024K(90996K), 0.0217866 secs] [Times: user=0.02 sys=0.00, real=0.03 secs] 
Heap after GC invocations=691 (full 72):
 par new generation   total 9216K, used 393K [0x00000000e3400000, 0x00000000e3e00000, 0x00000000ecca0000)
  eden space 8192K,   0% used [0x00000000e3400000, 0x00000000e3400000, 0x00000000e3c00000)
  from space 1024K,  38% used [0x00000000e3d00000, 0x00000000e3d62408, 0x00000000e3e00000)
  to   space 1024K,   0% used [0x00000000e3c00000, 0x00000000e3c00000, 0x00000000e3d00000)
 concurrent mark-sweep generation total 81780K, used 46631K [0x00000000ecca0000, 0x00000000f1c7d000, 0x0000000100000000)
 Metaspace       used 64978K, capacity 67958K, committed 68096K, reserved 1107968K
  class space    used 8317K, capacity 8869K, committed 8960K, reserved 1048576K
}
2020-11-07T19:56:11.373+0800: 54.523: Application time: 0.0280340 seconds
{Heap before GC invocations=691 (full 72):
 par new generation   total 9216K, used 8585K [0x00000000e3400000, 0x00000000e3e00000, 0x00000000ecca0000)
  eden space 8192K, 100% used [0x00000000e3400000, 0x00000000e3c00000, 0x00000000e3c00000)
  from space 1024K,  38% used [0x00000000e3d00000, 0x00000000e3d62408, 0x00000000e3e00000)
  to   space 1024K,   0% used [0x00000000e3c00000, 0x00000000e3c00000, 0x00000000e3d00000)
 concurrent mark-sweep generation total 81780K, used 46631K [0x00000000ecca0000, 0x00000000f1c7d000, 0x0000000100000000)
 Metaspace       used 64992K, capacity 67962K, committed 68096K, reserved 1107968K
  class space    used 8320K, capacity 8871K, committed 8960K, reserved 1048576K
2020-11-07T19:56:11.373+0800: 54.523: [GC (Allocation Failure) 2020-11-07T19:56:11.373+0800: 54.523: [ParNew: 8585K->428K(9216K), 0.0276226 secs] 55216K->47107K(90996K), 0.0276904 secs] [Times: user=0.02 sys=0.00, real=0.03 secs] 
Heap after GC invocations=692 (full 72):
 par new generation   total 9216K, used 428K [0x00000000e3400000, 0x00000000e3e00000, 0x00000000ecca0000)
  eden space 8192K,   0% used [0x00000000e3400000, 0x00000000e3400000, 0x00000000e3c00000)
  from space 1024K,  41% used [0x00000000e3c00000, 0x00000000e3c6b1e8, 0x00000000e3d00000)
  to   space 1024K,   0% used [0x00000000e3d00000, 0x00000000e3d00000, 0x00000000e3e00000)
 concurrent mark-sweep generation total 81780K, used 46678K [0x00000000ecca0000, 0x00000000f1c7d000, 0x0000000100000000)
 Metaspace       used 64992K, capacity 67962K, committed 68096K, reserved 1107968K
  class space    used 8320K, capacity 8871K, committed 8960K, reserved 1048576K
}
2020-11-07T19:56:11.434+0800: 54.584: Application time: 0.0331718 seconds
{Heap before GC invocations=692 (full 72):
 par new generation   total 9216K, used 8620K [0x00000000e3400000, 0x00000000e3e00000, 0x00000000ecca0000)
  eden space 8192K, 100% used [0x00000000e3400000, 0x00000000e3c00000, 0x00000000e3c00000)
  from space 1024K,  41% used [0x00000000e3c00000, 0x00000000e3c6b1e8, 0x00000000e3d00000)
  to   space 1024K,   0% used [0x00000000e3d00000, 0x00000000e3d00000, 0x00000000e3e00000)
 concurrent mark-sweep generation total 81780K, used 46678K [0x00000000ecca0000, 0x00000000f1c7d000, 0x0000000100000000)
 Metaspace       used 65017K, capacity 67964K, committed 68096K, reserved 1107968K
  class space    used 8326K, capacity 8872K, committed 8960K, reserved 1048576K
2020-11-07T19:56:11.434+0800: 54.584: [GC (Allocation Failure) 2020-11-07T19:56:11.434+0800: 54.584: [ParNew: 8620K->404K(9216K), 0.0188067 secs] 55299K->47128K(90996K), 0.0188665 secs] [Times: user=0.01 sys=0.00, real=0.02 secs] 
Heap after GC invocations=693 (full 72):
 par new generation   total 9216K, used 404K [0x00000000e3400000, 0x00000000e3e00000, 0x00000000ecca0000)
  eden space 8192K,   0% used [0x00000000e3400000, 0x00000000e3400000, 0x00000000e3c00000)
  from space 1024K,  39% used [0x00000000e3d00000, 0x00000000e3d651d0, 0x00000000e3e00000)
  to   space 1024K,   0% used [0x00000000e3c00000, 0x00000000e3c00000, 0x00000000e3d00000)
 concurrent mark-sweep generation total 81780K, used 46723K [0x00000000ecca0000, 0x00000000f1c7d000, 0x0000000100000000)
 Metaspace       used 65017K, capacity 67964K, committed 68096K, reserved 1107968K
  class space    used 8326K, capacity 8872K, committed 8960K, reserved 1048576K
}
2020-11-07T19:56:11.512+0800: 54.662: Application time: 0.0585935 seconds
{Heap before GC invocations=693 (full 72):
 par new generation   total 9216K, used 8596K [0x00000000e3400000, 0x00000000e3e00000, 0x00000000ecca0000)
  eden space 8192K, 100% used [0x00000000e3400000, 0x00000000e3c00000, 0x00000000e3c00000)
  from space 1024K,  39% used [0x00000000e3d00000, 0x00000000e3d651d0, 0x00000000e3e00000)
  to   space 1024K,   0% used [0x00000000e3c00000, 0x00000000e3c00000, 0x00000000e3d00000)
 concurrent mark-sweep generation total 81780K, used 46723K [0x00000000ecca0000, 0x00000000f1c7d000, 0x0000000100000000)
 Metaspace       used 65030K, capacity 67964K, committed 68096K, reserved 1107968K
  class space    used 8328K, capacity 8872K, committed 8960K, reserved 1048576K
2020-11-07T19:56:11.512+0800: 54.662: [GC (Allocation Failure) 2020-11-07T19:56:11.512+0800: 54.662: [ParNew: 8596K->523K(9216K), 0.0226661 secs] 55320K->47255K(90996K), 0.0227565 secs] [Times: user=0.02 sys=0.00, real=0.03 secs] 
Heap after GC invocations=694 (full 72):
 par new generation   total 9216K, used 523K [0x00000000e3400000, 0x00000000e3e00000, 0x00000000ecca0000)
  eden space 8192K,   0% used [0x00000000e3400000, 0x00000000e3400000, 0x00000000e3c00000)
  from space 1024K,  51% used [0x00000000e3c00000, 0x00000000e3c82c90, 0x00000000e3d00000)
  to   space 1024K,   0% used [0x00000000e3d00000, 0x00000000e3d00000, 0x00000000e3e00000)
 concurrent mark-sweep generation total 81780K, used 46732K [0x00000000ecca0000, 0x00000000f1c7d000, 0x0000000100000000)
 Metaspace       used 65030K, capacity 67964K, committed 68096K, reserved 1107968K
  class space    used 8328K, capacity 8872K, committed 8960K, reserved 1048576K
}
2020-11-07T19:56:11.552+0800: 54.702: Application time: 0.0171386 seconds
{Heap before GC invocations=694 (full 72):
 par new generation   total 9216K, used 8715K [0x00000000e3400000, 0x00000000e3e00000, 0x00000000ecca0000)
  eden space 8192K, 100% used [0x00000000e3400000, 0x00000000e3c00000, 0x00000000e3c00000)
  from space 1024K,  51% used [0x00000000e3c00000, 0x00000000e3c82c90, 0x00000000e3d00000)
  to   space 1024K,   0% used [0x00000000e3d00000, 0x00000000e3d00000, 0x00000000e3e00000)
 concurrent mark-sweep generation total 81780K, used 46732K [0x00000000ecca0000, 0x00000000f1c7d000, 0x0000000100000000)
 Metaspace       used 65045K, capacity 67970K, committed 68096K, reserved 1107968K
  class space    used 8330K, capacity 8873K, committed 8960K, reserved 1048576K
2020-11-07T19:56:11.552+0800: 54.702: [GC (Allocation Failure) 2020-11-07T19:56:11.552+0800: 54.702: [ParNew: 8715K->516K(9216K), 0.0209086 secs] 55447K->47271K(90996K), 0.0209638 secs] [Times: user=0.02 sys=0.00, real=0.02 secs] 
Heap after GC invocations=695 (full 72):
 par new generation   total 9216K, used 516K [0x00000000e3400000, 0x00000000e3e00000, 0x00000000ecca0000)
  eden space 8192K,   0% used [0x00000000e3400000, 0x00000000e3400000, 0x00000000e3c00000)
  from space 1024K,  50% used [0x00000000e3d00000, 0x00000000e3d81010, 0x00000000e3e00000)
  to   space 1024K,   0% used [0x00000000e3c00000, 0x00000000e3c00000, 0x00000000e3d00000)
 concurrent mark-sweep generation total 81780K, used 46755K [0x00000000ecca0000, 0x00000000f1c7d000, 0x0000000100000000)
 Metaspace       used 65045K, capacity 67970K, committed 68096K, reserved 1107968K
  class space    used 8330K, capacity 8873K, committed 8960K, reserved 1048576K
}
2020-11-07T19:56:11.599+0800: 54.749: Application time: 0.0260217 seconds
{Heap before GC invocations=695 (full 72):
 par new generation   total 9216K, used 8708K [0x00000000e3400000, 0x00000000e3e00000, 0x00000000ecca0000)
  eden space 8192K, 100% used [0x00000000e3400000, 0x00000000e3c00000, 0x00000000e3c00000)
  from space 1024K,  50% used [0x00000000e3d00000, 0x00000000e3d81010, 0x00000000e3e00000)
  to   space 1024K,   0% used [0x00000000e3c00000, 0x00000000e3c00000, 0x00000000e3d00000)
 concurrent mark-sweep generation total 81780K, used 46755K [0x00000000ecca0000, 0x00000000f1c7d000, 0x0000000100000000)
 Metaspace       used 65050K, capacity 68046K, committed 68352K, reserved 1107968K
  class space    used 8331K, capacity 8875K, committed 8960K, reserved 1048576K
2020-11-07T19:56:11.599+0800: 54.749: [GC (Allocation Failure) 2020-11-07T19:56:11.600+0800: 54.749: [ParNew: 8708K->465K(9216K), 0.0164180 secs] 55463K->47240K(90996K), 0.0164829 secs] [Times: user=0.01 sys=0.00, real=0.02 secs] 
Heap after GC invocations=696 (full 72):
 par new generation   total 9216K, used 465K [0x00000000e3400000, 0x00000000e3e00000, 0x00000000ecca0000)
  eden space 8192K,   0% used [0x00000000e3400000, 0x00000000e3400000, 0x00000000e3c00000)
  from space 1024K,  45% used [0x00000000e3c00000, 0x00000000e3c74720, 0x00000000e3d00000)
  to   space 1024K,   0% used [0x00000000e3d00000, 0x00000000e3d00000, 0x00000000e3e00000)
 concurrent mark-sweep generation total 81780K, used 46774K [0x00000000ecca0000, 0x00000000f1c7d000, 0x0000000100000000)
 Metaspace       used 65050K, capacity 68046K, committed 68352K, reserved 1107968K
  class space    used 8331K, capacity 8875K, committed 8960K, reserved 1048576K
}
2020-11-07T19:56:11.644+0800: 54.793: Application time: 0.0276627 seconds
{Heap before GC invocations=696 (full 72):
 par new generation   total 9216K, used 8657K [0x00000000e3400000, 0x00000000e3e00000, 0x00000000ecca0000)
  eden space 8192K, 100% used [0x00000000e3400000, 0x00000000e3c00000, 0x00000000e3c00000)
  from space 1024K,  45% used [0x00000000e3c00000, 0x00000000e3c74720, 0x00000000e3d00000)
  to   space 1024K,   0% used [0x00000000e3d00000, 0x00000000e3d00000, 0x00000000e3e00000)
 concurrent mark-sweep generation total 81780K, used 46774K [0x00000000ecca0000, 0x00000000f1c7d000, 0x0000000100000000)
 Metaspace       used 65052K, capacity 68050K, committed 68352K, reserved 1107968K
  class space    used 8331K, capacity 8875K, committed 8960K, reserved 1048576K
2020-11-07T19:56:11.644+0800: 54.794: [GC (Allocation Failure) 2020-11-07T19:56:11.644+0800: 54.794: [ParNew: 8657K->463K(9216K), 0.0225772 secs] 55432K->47289K(90996K), 0.0226399 secs] [Times: user=0.02 sys=0.00, real=0.03 secs] 
Heap after GC invocations=697 (full 72):
 par new generation   total 9216K, used 463K [0x00000000e3400000, 0x00000000e3e00000, 0x00000000ecca0000)
  eden space 8192K,   0% used [0x00000000e3400000, 0x00000000e3400000, 0x00000000e3c00000)
  from space 1024K,  45% used [0x00000000e3d00000, 0x00000000e3d73ca8, 0x00000000e3e00000)
  to   space 1024K,   0% used [0x00000000e3c00000, 0x00000000e3c00000, 0x00000000e3d00000)
 concurrent mark-sweep generation total 81780K, used 46826K [0x00000000ecca0000, 0x00000000f1c7d000, 0x0000000100000000)
 Metaspace       used 65052K, capacity 68050K, committed 68352K, reserved 1107968K
  class space    used 8331K, capacity 8875K, committed 8960K, reserved 1048576K
}
2020-11-07T19:56:11.695+0800: 54.844: Application time: 0.0281510 seconds
{Heap before GC invocations=697 (full 72):
 par new generation   total 9216K, used 8655K [0x00000000e3400000, 0x00000000e3e00000, 0x00000000ecca0000)
  eden space 8192K, 100% used [0x00000000e3400000, 0x00000000e3c00000, 0x00000000e3c00000)
  from space 1024K,  45% used [0x00000000e3d00000, 0x00000000e3d73ca8, 0x00000000e3e00000)
  to   space 1024K,   0% used [0x00000000e3c00000, 0x00000000e3c00000, 0x00000000e3d00000)
 concurrent mark-sweep generation total 81780K, used 46826K [0x00000000ecca0000, 0x00000000f1c7d000, 0x0000000100000000)
 Metaspace       used 65068K, capacity 68082K, committed 68352K, reserved 1107968K
  class space    used 8334K, capacity 8907K, committed 8960K, reserved 1048576K
2020-11-07T19:56:11.695+0800: 54.845: [GC (Allocation Failure) 2020-11-07T19:56:11.695+0800: 54.845: [ParNew: 8655K->455K(9216K), 0.0230865 secs] 55481K->47321K(90996K), 0.0231524 secs] [Times: user=0.02 sys=0.00, real=0.02 secs] 
Heap after GC invocations=698 (full 72):
 par new generation   total 9216K, used 455K [0x00000000e3400000, 0x00000000e3e00000, 0x00000000ecca0000)
  eden space 8192K,   0% used [0x00000000e3400000, 0x00000000e3400000, 0x00000000e3c00000)
  from space 1024K,  44% used [0x00000000e3c00000, 0x00000000e3c71e10, 0x00000000e3d00000)
  to   space 1024K,   0% used [0x00000000e3d00000, 0x00000000e3d00000, 0x00000000e3e00000)
 concurrent mark-sweep generation total 81780K, used 46865K [0x00000000ecca0000, 0x00000000f1c7d000, 0x0000000100000000)
 Metaspace       used 65068K, capacity 68082K, committed 68352K, reserved 1107968K
  class space    used 8334K, capacity 8907K, committed 8960K, reserved 1048576K
}
2020-11-07T19:56:11.747+0800: 54.897: Application time: 0.0291131 seconds
{Heap before GC invocations=698 (full 72):
 par new generation   total 9216K, used 8647K [0x00000000e3400000, 0x00000000e3e00000, 0x00000000ecca0000)
  eden space 8192K, 100% used [0x00000000e3400000, 0x00000000e3c00000, 0x00000000e3c00000)
  from space 1024K,  44% used [0x00000000e3c00000, 0x00000000e3c71e10, 0x00000000e3d00000)
  to   space 1024K,   0% used [0x00000000e3d00000, 0x00000000e3d00000, 0x00000000e3e00000)
 concurrent mark-sweep generation total 81780K, used 46865K [0x00000000ecca0000, 0x00000000f1c7d000, 0x0000000100000000)
 Metaspace       used 65083K, capacity 68086K, committed 68352K, reserved 1107968K
  class space    used 8335K, capacity 8907K, committed 8960K, reserved 1048576K
2020-11-07T19:56:11.747+0800: 54.897: [GC (Allocation Failure) 2020-11-07T19:56:11.747+0800: 54.897: [ParNew: 8647K->441K(9216K), 0.0330089 secs] 55513K->47332K(90996K), 0.0330693 secs] [Times: user=0.04 sys=0.01, real=0.03 secs] 
Heap after GC invocations=699 (full 72):
 par new generation   total 9216K, used 441K [0x00000000e3400000, 0x00000000e3e00000, 0x00000000ecca0000)
  eden space 8192K,   0% used [0x00000000e3400000, 0x00000000e3400000, 0x00000000e3c00000)
  from space 1024K,  43% used [0x00000000e3d00000, 0x00000000e3d6e5d0, 0x00000000e3e00000)
  to   space 1024K,   0% used [0x00000000e3c00000, 0x00000000e3c00000, 0x00000000e3d00000)
 concurrent mark-sweep generation total 81780K, used 46891K [0x00000000ecca0000, 0x00000000f1c7d000, 0x0000000100000000)
 Metaspace       used 65083K, capacity 68086K, committed 68352K, reserved 1107968K
  class space    used 8335K, capacity 8907K, committed 8960K, reserved 1048576K
}
2020-11-07T19:56:11.815+0800: 54.965: Application time: 0.0343732 seconds
{Heap before GC invocations=699 (full 72):
 par new generation   total 9216K, used 8633K [0x00000000e3400000, 0x00000000e3e00000, 0x00000000ecca0000)
  eden space 8192K, 100% used [0x00000000e3400000, 0x00000000e3c00000, 0x00000000e3c00000)
  from space 1024K,  43% used [0x00000000e3d00000, 0x00000000e3d6e5d0, 0x00000000e3e00000)
  to   space 1024K,   0% used [0x00000000e3c00000, 0x00000000e3c00000, 0x00000000e3d00000)
 concurrent mark-sweep generation total 81780K, used 46891K [0x00000000ecca0000, 0x00000000f1c7d000, 0x0000000100000000)
 Metaspace       used 65100K, capacity 68086K, committed 68352K, reserved 1107968K
  class space    used 8337K, capacity 8907K, committed 8960K, reserved 1048576K
2020-11-07T19:56:11.815+0800: 54.965: [GC (Allocation Failure) 2020-11-07T19:56:11.815+0800: 54.965: [ParNew: 8633K->454K(9216K), 0.0361193 secs] 55524K->47384K(90996K), 0.0361762 secs] [Times: user=0.04 sys=0.00, real=0.03 secs] 
Heap after GC invocations=700 (full 72):
 par new generation   total 9216K, used 454K [0x00000000e3400000, 0x00000000e3e00000, 0x00000000ecca0000)
  eden space 8192K,   0% used [0x00000000e3400000, 0x00000000e3400000, 0x00000000e3c00000)
  from space 1024K,  44% used [0x00000000e3c00000, 0x00000000e3c71ad8, 0x00000000e3d00000)
  to   space 1024K,   0% used [0x00000000e3d00000, 0x00000000e3d00000, 0x00000000e3e00000)
 concurrent mark-sweep generation total 81780K, used 46929K [0x00000000ecca0000, 0x00000000f1c7d000, 0x0000000100000000)
 Metaspace       used 65100K, capacity 68086K, committed 68352K, reserved 1107968K
  class space    used 8337K, capacity 8907K, committed 8960K, reserved 1048576K
}
2020-11-07T19:56:11.879+0800: 55.029: Application time: 0.0278920 seconds
{Heap before GC invocations=700 (full 72):
 par new generation   total 9216K, used 8646K [0x00000000e3400000, 0x00000000e3e00000, 0x00000000ecca0000)
  eden space 8192K, 100% used [0x00000000e3400000, 0x00000000e3c00000, 0x00000000e3c00000)
  from space 1024K,  44% used [0x00000000e3c00000, 0x00000000e3c71ad8, 0x00000000e3d00000)
  to   space 1024K,   0% used [0x00000000e3d00000, 0x00000000e3d00000, 0x00000000e3e00000)
 concurrent mark-sweep generation total 81780K, used 46929K [0x00000000ecca0000, 0x00000000f1c7d000, 0x0000000100000000)
 Metaspace       used 65113K, capacity 68086K, committed 68352K, reserved 1107968K
  class space    used 8339K, capacity 8907K, committed 8960K, reserved 1048576K
2020-11-07T19:56:11.879+0800: 55.029: [GC (Allocation Failure) 2020-11-07T19:56:11.879+0800: 55.029: [ParNew: 8646K->456K(9216K), 0.0369240 secs] 55576K->47414K(90996K), 0.0370007 secs] [Times: user=0.04 sys=0.00, real=0.04 secs] 
Heap after GC invocations=701 (full 72):
 par new generation   total 9216K, used 456K [0x00000000e3400000, 0x00000000e3e00000, 0x00000000ecca0000)
  eden space 8192K,   0% used [0x00000000e3400000, 0x00000000e3400000, 0x00000000e3c00000)
  from space 1024K,  44% used [0x00000000e3d00000, 0x00000000e3d723e8, 0x00000000e3e00000)
  to   space 1024K,   0% used [0x00000000e3c00000, 0x00000000e3c00000, 0x00000000e3d00000)
 concurrent mark-sweep generation total 81780K, used 46957K [0x00000000ecca0000, 0x00000000f1c7d000, 0x0000000100000000)
 Metaspace       used 65113K, capacity 68086K, committed 68352K, reserved 1107968K
  class space    used 8339K, capacity 8907K, committed 8960K, reserved 1048576K
}
2020-11-07T19:56:11.934+0800: 55.084: Application time: 0.0176783 seconds
{Heap before GC invocations=701 (full 72):
 par new generation   total 9216K, used 8648K [0x00000000e3400000, 0x00000000e3e00000, 0x00000000ecca0000)
  eden space 8192K, 100% used [0x00000000e3400000, 0x00000000e3c00000, 0x00000000e3c00000)
  from space 1024K,  44% used [0x00000000e3d00000, 0x00000000e3d723e8, 0x00000000e3e00000)
  to   space 1024K,   0% used [0x00000000e3c00000, 0x00000000e3c00000, 0x00000000e3d00000)
 concurrent mark-sweep generation total 81780K, used 46957K [0x00000000ecca0000, 0x00000000f1c7d000, 0x0000000100000000)
 Metaspace       used 65123K, capacity 68092K, committed 68352K, reserved 1107968K
  class space    used 8339K, capacity 8908K, committed 8960K, reserved 1048576K
2020-11-07T19:56:11.934+0800: 55.084: [GC (Allocation Failure) 2020-11-07T19:56:11.934+0800: 55.084: [ParNew: 8648K->448K(9216K), 0.0208354 secs] 55606K->47453K(90996K), 0.0208899 secs] [Times: user=0.02 sys=0.00, real=0.03 secs] 
Heap after GC invocations=702 (full 72):
 par new generation   total 9216K, used 448K [0x00000000e3400000, 0x00000000e3e00000, 0x00000000ecca0000)
  eden space 8192K,   0% used [0x00000000e3400000, 0x00000000e3400000, 0x00000000e3c00000)
  from space 1024K,  43% used [0x00000000e3c00000, 0x00000000e3c703c8, 0x00000000e3d00000)
  to   space 1024K,   0% used [0x00000000e3d00000, 0x00000000e3d00000, 0x00000000e3e00000)
 concurrent mark-sweep generation total 81780K, used 47004K [0x00000000ecca0000, 0x00000000f1c7d000, 0x0000000100000000)
 Metaspace       used 65123K, capacity 68092K, committed 68352K, reserved 1107968K
  class space    used 8339K, capacity 8908K, committed 8960K, reserved 1048576K
}
2020-11-07T19:56:11.996+0800: 55.146: Application time: 0.0407809 seconds
{Heap before GC invocations=702 (full 72):
 par new generation   total 9216K, used 8640K [0x00000000e3400000, 0x00000000e3e00000, 0x00000000ecca0000)
  eden space 8192K, 100% used [0x00000000e3400000, 0x00000000e3c00000, 0x00000000e3c00000)
  from space 1024K,  43% used [0x00000000e3c00000, 0x00000000e3c703c8, 0x00000000e3d00000)
  to   space 1024K,   0% used [0x00000000e3d00000, 0x00000000e3d00000, 0x00000000e3e00000)
 concurrent mark-sweep generation total 81780K, used 47004K [0x00000000ecca0000, 0x00000000f1c7d000, 0x0000000100000000)
 Metaspace       used 65143K, capacity 68156K, committed 68352K, reserved 1107968K
  class space    used 8341K, capacity 8908K, committed 8960K, reserved 1048576K
2020-11-07T19:56:11.996+0800: 55.146: [GC (Allocation Failure) 2020-11-07T19:56:11.996+0800: 55.146: [ParNew: 8640K->439K(9216K), 0.0250257 secs] 55645K->47515K(90996K), 0.0250823 secs] [Times: user=0.02 sys=0.00, real=0.02 secs] 
Heap after GC invocations=703 (full 72):
 par new generation   total 9216K, used 439K [0x00000000e3400000, 0x00000000e3e00000, 0x00000000ecca0000)
  eden space 8192K,   0% used [0x00000000e3400000, 0x00000000e3400000, 0x00000000e3c00000)
  from space 1024K,  42% used [0x00000000e3d00000, 0x00000000e3d6dca0, 0x00000000e3e00000)
  to   space 1024K,   0% used [0x00000000e3c00000, 0x00000000e3c00000, 0x00000000e3d00000)
 concurrent mark-sweep generation total 81780K, used 47076K [0x00000000ecca0000, 0x00000000f1c7d000, 0x0000000100000000)
 Metaspace       used 65143K, capacity 68156K, committed 68352K, reserved 1107968K
  class space    used 8341K, capacity 8908K, committed 8960K, reserved 1048576K
}
2020-11-07T19:56:12.085+0800: 55.235: Application time: 0.0637802 seconds
{Heap before GC invocations=703 (full 72):
 par new generation   total 9216K, used 8631K [0x00000000e3400000, 0x00000000e3e00000, 0x00000000ecca0000)
  eden space 8192K, 100% used [0x00000000e3400000, 0x00000000e3c00000, 0x00000000e3c00000)
  from space 1024K,  42% used [0x00000000e3d00000, 0x00000000e3d6dca0, 0x00000000e3e00000)
  to   space 1024K,   0% used [0x00000000e3c00000, 0x00000000e3c00000, 0x00000000e3d00000)
 concurrent mark-sweep generation total 81780K, used 47076K [0x00000000ecca0000, 0x00000000f1c7d000, 0x0000000100000000)
 Metaspace       used 65156K, capacity 68156K, committed 68352K, reserved 1107968K
  class space    used 8343K, capacity 8908K, committed 8960K, reserved 1048576K
2020-11-07T19:56:12.085+0800: 55.235: [GC (Allocation Failure) 2020-11-07T19:56:12.085+0800: 55.235: [ParNew: 8631K->578K(9216K), 0.0171218 secs] 55707K->47681K(90996K), 0.0171785 secs] [Times: user=0.01 sys=0.00, real=0.01 secs] 
Heap after GC invocations=704 (full 72):
 par new generation   total 9216K, used 578K [0x00000000e3400000, 0x00000000e3e00000, 0x00000000ecca0000)
  eden space 8192K,   0% used [0x00000000e3400000, 0x00000000e3400000, 0x00000000e3c00000)
  from space 1024K,  56% used [0x00000000e3c00000, 0x00000000e3c90aa8, 0x00000000e3d00000)
  to   space 1024K,   0% used [0x00000000e3d00000, 0x00000000e3d00000, 0x00000000e3e00000)
 concurrent mark-sweep generation total 81780K, used 47102K [0x00000000ecca0000, 0x00000000f1c7d000, 0x0000000100000000)
 Metaspace       used 65156K, capacity 68156K, committed 68352K, reserved 1107968K
  class space    used 8343K, capacity 8908K, committed 8960K, reserved 1048576K
}
2020-11-07T19:56:12.138+0800: 55.287: Application time: 0.0349286 seconds
2020-11-07T19:56:12.220+0800: 55.369: Application time: 0.0819866 seconds
{Heap before GC invocations=704 (full 72):
 par new generation   total 9216K, used 8770K [0x00000000e3400000, 0x00000000e3e00000, 0x00000000ecca0000)
  eden space 8192K, 100% used [0x00000000e3400000, 0x00000000e3c00000, 0x00000000e3c00000)
  from space 1024K,  56% used [0x00000000e3c00000, 0x00000000e3c90aa8, 0x00000000e3d00000)
  to   space 1024K,   0% used [0x00000000e3d00000, 0x00000000e3d00000, 0x00000000e3e00000)
 concurrent mark-sweep generation total 81780K, used 47102K [0x00000000ecca0000, 0x00000000f1c7d000, 0x0000000100000000)
 Metaspace       used 65262K, capacity 68246K, committed 68352K, reserved 1107968K
  class space    used 8355K, capacity 8913K, committed 8960K, reserved 1048576K
2020-11-07T19:56:12.220+0800: 55.370: [GC (Allocation Failure) 2020-11-07T19:56:12.220+0800: 55.370: [ParNew: 8770K->903K(9216K), 0.0369325 secs] 55873K->48068K(90996K), 0.0369897 secs] [Times: user=0.03 sys=0.00, real=0.04 secs] 
Heap after GC invocations=705 (full 72):
 par new generation   total 9216K, used 903K [0x00000000e3400000, 0x00000000e3e00000, 0x00000000ecca0000)
  eden space 8192K,   0% used [0x00000000e3400000, 0x00000000e3400000, 0x00000000e3c00000)
  from space 1024K,  88% used [0x00000000e3d00000, 0x00000000e3de1d70, 0x00000000e3e00000)
  to   space 1024K,   0% used [0x00000000e3c00000, 0x00000000e3c00000, 0x00000000e3d00000)
 concurrent mark-sweep generation total 81780K, used 47164K [0x00000000ecca0000, 0x00000000f1c7d000, 0x0000000100000000)
 Metaspace       used 65262K, capacity 68246K, committed 68352K, reserved 1107968K
  class space    used 8355K, capacity 8913K, committed 8960K, reserved 1048576K
}
2020-11-07T19:56:12.320+0800: 55.470: Application time: 0.0629516 seconds
{Heap before GC invocations=705 (full 72):
 par new generation   total 9216K, used 9095K [0x00000000e3400000, 0x00000000e3e00000, 0x00000000ecca0000)
  eden space 8192K, 100% used [0x00000000e3400000, 0x00000000e3c00000, 0x00000000e3c00000)
  from space 1024K,  88% used [0x00000000e3d00000, 0x00000000e3de1d70, 0x00000000e3e00000)
  to   space 1024K,   0% used [0x00000000e3c00000, 0x00000000e3c00000, 0x00000000e3d00000)
 concurrent mark-sweep generation total 81780K, used 47164K [0x00000000ecca0000, 0x00000000f1c7d000, 0x0000000100000000)
 Metaspace       used 65292K, capacity 68246K, committed 68352K, reserved 1107968K
  class space    used 8357K, capacity 8913K, committed 8960K, reserved 1048576K
2020-11-07T19:56:12.320+0800: 55.470: [GC (Allocation Failure) 2020-11-07T19:56:12.320+0800: 55.470: [ParNew: 9095K->710K(9216K), 0.0388437 secs] 56260K->48331K(90996K), 0.0389120 secs] [Times: user=0.04 sys=0.00, real=0.04 secs] 
Heap after GC invocations=706 (full 72):
 par new generation   total 9216K, used 710K [0x00000000e3400000, 0x00000000e3e00000, 0x00000000ecca0000)
  eden space 8192K,   0% used [0x00000000e3400000, 0x00000000e3400000, 0x00000000e3c00000)
  from space 1024K,  69% used [0x00000000e3c00000, 0x00000000e3cb1a10, 0x00000000e3d00000)
  to   space 1024K,   0% used [0x00000000e3d00000, 0x00000000e3d00000, 0x00000000e3e00000)
 concurrent mark-sweep generation total 81780K, used 47621K [0x00000000ecca0000, 0x00000000f1c7d000, 0x0000000100000000)
 Metaspace       used 65292K, capacity 68246K, committed 68352K, reserved 1107968K
  class space    used 8357K, capacity 8913K, committed 8960K, reserved 1048576K
}
2020-11-07T19:56:12.382+0800: 55.532: Application time: 0.0232615 seconds
{Heap before GC invocations=706 (full 72):
 par new generation   total 9216K, used 8902K [0x00000000e3400000, 0x00000000e3e00000, 0x00000000ecca0000)
  eden space 8192K, 100% used [0x00000000e3400000, 0x00000000e3c00000, 0x00000000e3c00000)
  from space 1024K,  69% used [0x00000000e3c00000, 0x00000000e3cb1a10, 0x00000000e3d00000)
  to   space 1024K,   0% used [0x00000000e3d00000, 0x00000000e3d00000, 0x00000000e3e00000)
 concurrent mark-sweep generation total 81780K, used 47621K [0x00000000ecca0000, 0x00000000f1c7d000, 0x0000000100000000)
 Metaspace       used 65321K, capacity 68316K, committed 68608K, reserved 1110016K
  class space    used 8359K, capacity 8914K, committed 8960K, reserved 1048576K
2020-11-07T19:56:12.383+0800: 55.532: [GC (Allocation Failure) 2020-11-07T19:56:12.383+0800: 55.532: [ParNew: 8902K->435K(9216K), 0.0343856 secs] 56523K->48327K(90996K), 0.0344508 secs] [Times: user=0.04 sys=0.00, real=0.04 secs] 
Heap after GC invocations=707 (full 72):
 par new generation   total 9216K, used 435K [0x00000000e3400000, 0x00000000e3e00000, 0x00000000ecca0000)
  eden space 8192K,   0% used [0x00000000e3400000, 0x00000000e3400000, 0x00000000e3c00000)
  from space 1024K,  42% used [0x00000000e3d00000, 0x00000000e3d6ce38, 0x00000000e3e00000)
  to   space 1024K,   0% used [0x00000000e3c00000, 0x00000000e3c00000, 0x00000000e3d00000)
 concurrent mark-sweep generation total 81780K, used 47892K [0x00000000ecca0000, 0x00000000f1c7d000, 0x0000000100000000)
 Metaspace       used 65321K, capacity 68316K, committed 68608K, reserved 1110016K
  class space    used 8359K, capacity 8914K, committed 8960K, reserved 1048576K
}
2020-11-07T19:56:12.437+0800: 55.587: Application time: 0.0198888 seconds
{Heap before GC invocations=707 (full 72):
 par new generation   total 9216K, used 8627K [0x00000000e3400000, 0x00000000e3e00000, 0x00000000ecca0000)
  eden space 8192K, 100% used [0x00000000e3400000, 0x00000000e3c00000, 0x00000000e3c00000)
  from space 1024K,  42% used [0x00000000e3d00000, 0x00000000e3d6ce38, 0x00000000e3e00000)
  to   space 1024K,   0% used [0x00000000e3c00000, 0x00000000e3c00000, 0x00000000e3d00000)
 concurrent mark-sweep generation total 81780K, used 47892K [0x00000000ecca0000, 0x00000000f1c7d000, 0x0000000100000000)
 Metaspace       used 65332K, capacity 68316K, committed 68608K, reserved 1110016K
  class space    used 8360K, capacity 8914K, committed 8960K, reserved 1048576K
2020-11-07T19:56:12.437+0800: 55.587: [GC (Allocation Failure) 2020-11-07T19:56:12.437+0800: 55.587: [ParNew: 8627K->455K(9216K), 1.0494527 secs] 56519K->48348K(90996K), 1.0495220 secs] [Times: user=1.02 sys=0.02, real=1.05 secs] 
Heap after GC invocations=708 (full 72):
 par new generation   total 9216K, used 455K [0x00000000e3400000, 0x00000000e3e00000, 0x00000000ecca0000)
  eden space 8192K,   0% used [0x00000000e3400000, 0x00000000e3400000, 0x00000000e3c00000)
  from space 1024K,  44% used [0x00000000e3c00000, 0x00000000e3c71f70, 0x00000000e3d00000)
  to   space 1024K,   0% used [0x00000000e3d00000, 0x00000000e3d00000, 0x00000000e3e00000)
 concurrent mark-sweep generation total 81780K, used 47892K [0x00000000ecca0000, 0x00000000f1c7d000, 0x0000000100000000)
 Metaspace       used 65332K, capacity 68316K, committed 68608K, reserved 1110016K
  class space    used 8360K, capacity 8914K, committed 8960K, reserved 1048576K
}
2020-11-07T19:56:13.504+0800: 56.654: Application time: 0.0176917 seconds
{Heap before GC invocations=708 (full 72):
 par new generation   total 9216K, used 8647K [0x00000000e3400000, 0x00000000e3e00000, 0x00000000ecca0000)
  eden space 8192K, 100% used [0x00000000e3400000, 0x00000000e3c00000, 0x00000000e3c00000)
  from space 1024K,  44% used [0x00000000e3c00000, 0x00000000e3c71f70, 0x00000000e3d00000)
  to   space 1024K,   0% used [0x00000000e3d00000, 0x00000000e3d00000, 0x00000000e3e00000)
 concurrent mark-sweep generation total 81780K, used 47892K [0x00000000ecca0000, 0x00000000f1c7d000, 0x0000000100000000)
 Metaspace       used 65341K, capacity 68322K, committed 68608K, reserved 1110016K
  class space    used 8361K, capacity 8915K, committed 8960K, reserved 1048576K
2020-11-07T19:56:13.505+0800: 56.654: [GC (Allocation Failure) 2020-11-07T19:56:13.505+0800: 56.654: [ParNew: 8647K->400K(9216K), 0.0260249 secs] 56540K->48293K(90996K), 0.0260922 secs] [Times: user=0.03 sys=0.00, real=0.02 secs] 
Heap after GC invocations=709 (full 72):
 par new generation   total 9216K, used 400K [0x00000000e3400000, 0x00000000e3e00000, 0x00000000ecca0000)
  eden space 8192K,   0% used [0x00000000e3400000, 0x00000000e3400000, 0x00000000e3c00000)
  from space 1024K,  39% used [0x00000000e3d00000, 0x00000000e3d642b8, 0x00000000e3e00000)
  to   space 1024K,   0% used [0x00000000e3c00000, 0x00000000e3c00000, 0x00000000e3d00000)
 concurrent mark-sweep generation total 81780K, used 47892K [0x00000000ecca0000, 0x00000000f1c7d000, 0x0000000100000000)
 Metaspace       used 65341K, capacity 68322K, committed 68608K, reserved 1110016K
  class space    used 8361K, capacity 8915K, committed 8960K, reserved 1048576K
}
2020-11-07T19:56:13.551+0800: 56.701: Application time: 0.0200127 seconds
{Heap before GC invocations=709 (full 72):
 par new generation   total 9216K, used 8592K [0x00000000e3400000, 0x00000000e3e00000, 0x00000000ecca0000)
  eden space 8192K, 100% used [0x00000000e3400000, 0x00000000e3c00000, 0x00000000e3c00000)
  from space 1024K,  39% used [0x00000000e3d00000, 0x00000000e3d642b8, 0x00000000e3e00000)
  to   space 1024K,   0% used [0x00000000e3c00000, 0x00000000e3c00000, 0x00000000e3d00000)
 concurrent mark-sweep generation total 81780K, used 47892K [0x00000000ecca0000, 0x00000000f1c7d000, 0x0000000100000000)
 Metaspace       used 65344K, capacity 68328K, committed 68608K, reserved 1110016K
  class space    used 8361K, capacity 8916K, committed 8960K, reserved 1048576K
2020-11-07T19:56:13.551+0800: 56.701: [GC (Allocation Failure) 2020-11-07T19:56:13.551+0800: 56.701: [ParNew: 8592K->494K(9216K), 0.0307223 secs] 56485K->48386K(90996K), 0.0307844 secs] [Times: user=0.03 sys=0.00, real=0.03 secs] 
Heap after GC invocations=710 (full 72):
 par new generation   total 9216K, used 494K [0x00000000e3400000, 0x00000000e3e00000, 0x00000000ecca0000)
  eden space 8192K,   0% used [0x00000000e3400000, 0x00000000e3400000, 0x00000000e3c00000)
  from space 1024K,  48% used [0x00000000e3c00000, 0x00000000e3c7b9c0, 0x00000000e3d00000)
  to   space 1024K,   0% used [0x00000000e3d00000, 0x00000000e3d00000, 0x00000000e3e00000)
 concurrent mark-sweep generation total 81780K, used 47892K [0x00000000ecca0000, 0x00000000f1c7d000, 0x0000000100000000)
 Metaspace       used 65344K, capacity 68328K, committed 68608K, reserved 1110016K
  class space    used 8361K, capacity 8916K, committed 8960K, reserved 1048576K
}
2020-11-07T19:56:13.600+0800: 56.750: Application time: 0.0180971 seconds
{Heap before GC invocations=710 (full 72):
 par new generation   total 9216K, used 8686K [0x00000000e3400000, 0x00000000e3e00000, 0x00000000ecca0000)
  eden space 8192K, 100% used [0x00000000e3400000, 0x00000000e3c00000, 0x00000000e3c00000)
  from space 1024K,  48% used [0x00000000e3c00000, 0x00000000e3c7b9c0, 0x00000000e3d00000)
  to   space 1024K,   0% used [0x00000000e3d00000, 0x00000000e3d00000, 0x00000000e3e00000)
 concurrent mark-sweep generation total 81780K, used 47892K [0x00000000ecca0000, 0x00000000f1c7d000, 0x0000000100000000)
 Metaspace       used 65357K, capacity 68328K, committed 68608K, reserved 1110016K
  class space    used 8363K, capacity 8916K, committed 8960K, reserved 1048576K
2020-11-07T19:56:13.600+0800: 56.750: [GC (Allocation Failure) 2020-11-07T19:56:13.600+0800: 56.750: [ParNew: 8686K->530K(9216K), 0.0256055 secs] 56578K->48423K(90996K), 0.0256766 secs] [Times: user=0.03 sys=0.00, real=0.03 secs] 
Heap after GC invocations=711 (full 72):
 par new generation   total 9216K, used 530K [0x00000000e3400000, 0x00000000e3e00000, 0x00000000ecca0000)
  eden space 8192K,   0% used [0x00000000e3400000, 0x00000000e3400000, 0x00000000e3c00000)
  from space 1024K,  51% used [0x00000000e3d00000, 0x00000000e3d84b70, 0x00000000e3e00000)
  to   space 1024K,   0% used [0x00000000e3c00000, 0x00000000e3c00000, 0x00000000e3d00000)
 concurrent mark-sweep generation total 81780K, used 47892K [0x00000000ecca0000, 0x00000000f1c7d000, 0x0000000100000000)
 Metaspace       used 65357K, capacity 68328K, committed 68608K, reserved 1110016K
  class space    used 8363K, capacity 8916K, committed 8960K, reserved 1048576K
}
2020-11-07T19:56:13.642+0800: 56.791: Application time: 0.0155972 seconds
{Heap before GC invocations=711 (full 72):
 par new generation   total 9216K, used 8722K [0x00000000e3400000, 0x00000000e3e00000, 0x00000000ecca0000)
  eden space 8192K, 100% used [0x00000000e3400000, 0x00000000e3c00000, 0x00000000e3c00000)
  from space 1024K,  51% used [0x00000000e3d00000, 0x00000000e3d84b70, 0x00000000e3e00000)
  to   space 1024K,   0% used [0x00000000e3c00000, 0x00000000e3c00000, 0x00000000e3d00000)
 concurrent mark-sweep generation total 81780K, used 47892K [0x00000000ecca0000, 0x00000000f1c7d000, 0x0000000100000000)
 Metaspace       used 65358K, capacity 68328K, committed 68608K, reserved 1110016K
  class space    used 8363K, capacity 8916K, committed 8960K, reserved 1048576K
2020-11-07T19:56:13.642+0800: 56.791: [GC (Allocation Failure) 2020-11-07T19:56:13.642+0800: 56.791: [ParNew: 8722K->573K(9216K), 0.0300371 secs] 56615K->48465K(90996K), 0.0301066 secs] [Times: user=0.03 sys=0.00, real=0.03 secs] 
Heap after GC invocations=712 (full 72):
 par new generation   total 9216K, used 573K [0x00000000e3400000, 0x00000000e3e00000, 0x00000000ecca0000)
  eden space 8192K,   0% used [0x00000000e3400000, 0x00000000e3400000, 0x00000000e3c00000)
  from space 1024K,  55% used [0x00000000e3c00000, 0x00000000e3c8f580, 0x00000000e3d00000)
  to   space 1024K,   0% used [0x00000000e3d00000, 0x00000000e3d00000, 0x00000000e3e00000)
 concurrent mark-sweep generation total 81780K, used 47892K [0x00000000ecca0000, 0x00000000f1c7d000, 0x0000000100000000)
 Metaspace       used 65358K, capacity 68328K, committed 68608K, reserved 1110016K
  class space    used 8363K, capacity 8916K, committed 8960K, reserved 1048576K
}
2020-11-07T19:56:13.689+0800: 56.839: Application time: 0.0173869 seconds
{Heap before GC invocations=712 (full 72):
 par new generation   total 9216K, used 8765K [0x00000000e3400000, 0x00000000e3e00000, 0x00000000ecca0000)
  eden space 8192K, 100% used [0x00000000e3400000, 0x00000000e3c00000, 0x00000000e3c00000)
  from space 1024K,  55% used [0x00000000e3c00000, 0x00000000e3c8f580, 0x00000000e3d00000)
  to   space 1024K,   0% used [0x00000000e3d00000, 0x00000000e3d00000, 0x00000000e3e00000)
 concurrent mark-sweep generation total 81780K, used 47892K [0x00000000ecca0000, 0x00000000f1c7d000, 0x0000000100000000)
 Metaspace       used 65358K, capacity 68328K, committed 68608K, reserved 1110016K
  class space    used 8363K, capacity 8916K, committed 8960K, reserved 1048576K
2020-11-07T19:56:13.689+0800: 56.839: [GC (Allocation Failure) 2020-11-07T19:56:13.690+0800: 56.839: [ParNew: 8765K->502K(9216K), 0.0337859 secs] 56657K->48394K(90996K), 0.0338559 secs] [Times: user=0.03 sys=0.00, real=0.03 secs] 
Heap after GC invocations=713 (full 72):
 par new generation   total 9216K, used 502K [0x00000000e3400000, 0x00000000e3e00000, 0x00000000ecca0000)
  eden space 8192K,   0% used [0x00000000e3400000, 0x00000000e3400000, 0x00000000e3c00000)
  from space 1024K,  49% used [0x00000000e3d00000, 0x00000000e3d7d9b0, 0x00000000e3e00000)
  to   space 1024K,   0% used [0x00000000e3c00000, 0x00000000e3c00000, 0x00000000e3d00000)
 concurrent mark-sweep generation total 81780K, used 47892K [0x00000000ecca0000, 0x00000000f1c7d000, 0x0000000100000000)
 Metaspace       used 65358K, capacity 68328K, committed 68608K, reserved 1110016K
  class space    used 8363K, capacity 8916K, committed 8960K, reserved 1048576K
}
2020-11-07T19:56:13.737+0800: 56.886: Application time: 0.0132451 seconds
{Heap before GC invocations=713 (full 72):
 par new generation   total 9216K, used 8694K [0x00000000e3400000, 0x00000000e3e00000, 0x00000000ecca0000)
  eden space 8192K, 100% used [0x00000000e3400000, 0x00000000e3c00000, 0x00000000e3c00000)
  from space 1024K,  49% used [0x00000000e3d00000, 0x00000000e3d7d9b0, 0x00000000e3e00000)
  to   space 1024K,   0% used [0x00000000e3c00000, 0x00000000e3c00000, 0x00000000e3d00000)
 concurrent mark-sweep generation total 81780K, used 47892K [0x00000000ecca0000, 0x00000000f1c7d000, 0x0000000100000000)
 Metaspace       used 65368K, capacity 68328K, committed 68608K, reserved 1110016K
  class space    used 8364K, capacity 8916K, committed 8960K, reserved 1048576K
2020-11-07T19:56:13.737+0800: 56.886: [GC (Allocation Failure) 2020-11-07T19:56:13.737+0800: 56.886: [ParNew: 8694K->538K(9216K), 0.0152172 secs] 56586K->48430K(90996K), 0.0152705 secs] [Times: user=0.01 sys=0.00, real=0.01 secs] 
Heap after GC invocations=714 (full 72):
 par new generation   total 9216K, used 538K [0x00000000e3400000, 0x00000000e3e00000, 0x00000000ecca0000)
  eden space 8192K,   0% used [0x00000000e3400000, 0x00000000e3400000, 0x00000000e3c00000)
  from space 1024K,  52% used [0x00000000e3c00000, 0x00000000e3c86808, 0x00000000e3d00000)
  to   space 1024K,   0% used [0x00000000e3d00000, 0x00000000e3d00000, 0x00000000e3e00000)
 concurrent mark-sweep generation total 81780K, used 47892K [0x00000000ecca0000, 0x00000000f1c7d000, 0x0000000100000000)
 Metaspace       used 65368K, capacity 68328K, committed 68608K, reserved 1110016K
  class space    used 8364K, capacity 8916K, committed 8960K, reserved 1048576K
}
2020-11-07T19:56:13.769+0800: 56.919: Application time: 0.0173470 seconds
{Heap before GC invocations=714 (full 72):
 par new generation   total 9216K, used 8730K [0x00000000e3400000, 0x00000000e3e00000, 0x00000000ecca0000)
  eden space 8192K, 100% used [0x00000000e3400000, 0x00000000e3c00000, 0x00000000e3c00000)
  from space 1024K,  52% used [0x00000000e3c00000, 0x00000000e3c86808, 0x00000000e3d00000)
  to   space 1024K,   0% used [0x00000000e3d00000, 0x00000000e3d00000, 0x00000000e3e00000)
 concurrent mark-sweep generation total 81780K, used 47892K [0x00000000ecca0000, 0x00000000f1c7d000, 0x0000000100000000)
 Metaspace       used 65371K, capacity 68328K, committed 68608K, reserved 1110016K
  class space    used 8364K, capacity 8916K, committed 8960K, reserved 1048576K
2020-11-07T19:56:13.770+0800: 56.919: [GC (Allocation Failure) 2020-11-07T19:56:13.770+0800: 56.919: [ParNew: 8730K->455K(9216K), 0.0169478 secs] 56622K->48574K(90996K), 0.0170106 secs] [Times: user=0.01 sys=0.00, real=0.02 secs] 
Heap after GC invocations=715 (full 72):
 par new generation   total 9216K, used 455K [0x00000000e3400000, 0x00000000e3e00000, 0x00000000ecca0000)
  eden space 8192K,   0% used [0x00000000e3400000, 0x00000000e3400000, 0x00000000e3c00000)
  from space 1024K,  44% used [0x00000000e3d00000, 0x00000000e3d71ee0, 0x00000000e3e00000)
  to   space 1024K,   0% used [0x00000000e3c00000, 0x00000000e3c00000, 0x00000000e3d00000)
 concurrent mark-sweep generation total 81780K, used 48118K [0x00000000ecca0000, 0x00000000f1c7d000, 0x0000000100000000)
 Metaspace       used 65371K, capacity 68328K, committed 68608K, reserved 1110016K
  class space    used 8364K, capacity 8916K, committed 8960K, reserved 1048576K
}
2020-11-07T19:56:13.830+0800: 56.980: Application time: 0.0436998 seconds
{Heap before GC invocations=715 (full 72):
 par new generation   total 9216K, used 8647K [0x00000000e3400000, 0x00000000e3e00000, 0x00000000ecca0000)
  eden space 8192K, 100% used [0x00000000e3400000, 0x00000000e3c00000, 0x00000000e3c00000)
  from space 1024K,  44% used [0x00000000e3d00000, 0x00000000e3d71ee0, 0x00000000e3e00000)
  to   space 1024K,   0% used [0x00000000e3c00000, 0x00000000e3c00000, 0x00000000e3d00000)
 concurrent mark-sweep generation total 81780K, used 48118K [0x00000000ecca0000, 0x00000000f1c7d000, 0x0000000100000000)
 Metaspace       used 65371K, capacity 68328K, committed 68608K, reserved 1110016K
  class space    used 8364K, capacity 8916K, committed 8960K, reserved 1048576K
2020-11-07T19:56:13.831+0800: 56.980: [GC (Allocation Failure) 2020-11-07T19:56:13.831+0800: 56.980: [ParNew: 8647K->323K(9216K), 0.0246795 secs] 56766K->48481K(90996K), 0.0247336 secs] [Times: user=0.02 sys=0.00, real=0.03 secs] 
Heap after GC invocations=716 (full 72):
 par new generation   total 9216K, used 323K [0x00000000e3400000, 0x00000000e3e00000, 0x00000000ecca0000)
  eden space 8192K,   0% used [0x00000000e3400000, 0x00000000e3400000, 0x00000000e3c00000)
  from space 1024K,  31% used [0x00000000e3c00000, 0x00000000e3c50da0, 0x00000000e3d00000)
  to   space 1024K,   0% used [0x00000000e3d00000, 0x00000000e3d00000, 0x00000000e3e00000)
 concurrent mark-sweep generation total 81780K, used 48157K [0x00000000ecca0000, 0x00000000f1c7d000, 0x0000000100000000)
 Metaspace       used 65371K, capacity 68328K, committed 68608K, reserved 1110016K
  class space    used 8364K, capacity 8916K, committed 8960K, reserved 1048576K
}
2020-11-07T19:56:13.898+0800: 57.048: Application time: 0.0426471 seconds
{Heap before GC invocations=716 (full 72):
 par new generation   total 9216K, used 8515K [0x00000000e3400000, 0x00000000e3e00000, 0x00000000ecca0000)
  eden space 8192K, 100% used [0x00000000e3400000, 0x00000000e3c00000, 0x00000000e3c00000)
  from space 1024K,  31% used [0x00000000e3c00000, 0x00000000e3c50da0, 0x00000000e3d00000)
  to   space 1024K,   0% used [0x00000000e3d00000, 0x00000000e3d00000, 0x00000000e3e00000)
 concurrent mark-sweep generation total 81780K, used 48157K [0x00000000ecca0000, 0x00000000f1c7d000, 0x0000000100000000)
 Metaspace       used 65372K, capacity 68328K, committed 68608K, reserved 1110016K
  class space    used 8364K, capacity 8916K, committed 8960K, reserved 1048576K
2020-11-07T19:56:13.898+0800: 57.048: [GC (Allocation Failure) 2020-11-07T19:56:13.898+0800: 57.048: [ParNew: 8515K->282K(9216K), 0.0204950 secs] 56673K->48467K(90996K), 0.0205565 secs] [Times: user=0.02 sys=0.00, real=0.02 secs] 
Heap after GC invocations=717 (full 72):
 par new generation   total 9216K, used 282K [0x00000000e3400000, 0x00000000e3e00000, 0x00000000ecca0000)
  eden space 8192K,   0% used [0x00000000e3400000, 0x00000000e3400000, 0x00000000e3c00000)
  from space 1024K,  27% used [0x00000000e3d00000, 0x00000000e3d46b20, 0x00000000e3e00000)
  to   space 1024K,   0% used [0x00000000e3c00000, 0x00000000e3c00000, 0x00000000e3d00000)
 concurrent mark-sweep generation total 81780K, used 48185K [0x00000000ecca0000, 0x00000000f1c7d000, 0x0000000100000000)
 Metaspace       used 65372K, capacity 68328K, committed 68608K, reserved 1110016K
  class space    used 8364K, capacity 8916K, committed 8960K, reserved 1048576K
}
2020-11-07T19:56:13.934+0800: 57.084: Application time: 0.0152145 seconds
{Heap before GC invocations=717 (full 72):
 par new generation   total 9216K, used 8474K [0x00000000e3400000, 0x00000000e3e00000, 0x00000000ecca0000)
  eden space 8192K, 100% used [0x00000000e3400000, 0x00000000e3c00000, 0x00000000e3c00000)
  from space 1024K,  27% used [0x00000000e3d00000, 0x00000000e3d46b20, 0x00000000e3e00000)
  to   space 1024K,   0% used [0x00000000e3c00000, 0x00000000e3c00000, 0x00000000e3d00000)
 concurrent mark-sweep generation total 81780K, used 48185K [0x00000000ecca0000, 0x00000000f1c7d000, 0x0000000100000000)
 Metaspace       used 65372K, capacity 68328K, committed 68608K, reserved 1110016K
  class space    used 8364K, capacity 8916K, committed 8960K, reserved 1048576K
2020-11-07T19:56:13.934+0800: 57.084: [GC (Allocation Failure) 2020-11-07T19:56:13.934+0800: 57.084: [ParNew: 8474K->349K(9216K), 0.0214526 secs] 56659K->48562K(90996K), 0.0215180 secs] [Times: user=0.02 sys=0.00, real=0.03 secs] 
Heap after GC invocations=718 (full 72):
 par new generation   total 9216K, used 349K [0x00000000e3400000, 0x00000000e3e00000, 0x00000000ecca0000)
  eden space 8192K,   0% used [0x00000000e3400000, 0x00000000e3400000, 0x00000000e3c00000)
  from space 1024K,  34% used [0x00000000e3c00000, 0x00000000e3c57620, 0x00000000e3d00000)
  to   space 1024K,   0% used [0x00000000e3d00000, 0x00000000e3d00000, 0x00000000e3e00000)
 concurrent mark-sweep generation total 81780K, used 48213K [0x00000000ecca0000, 0x00000000f1c7d000, 0x0000000100000000)
 Metaspace       used 65372K, capacity 68328K, committed 68608K, reserved 1110016K
  class space    used 8364K, capacity 8916K, committed 8960K, reserved 1048576K
}
2020-11-07T19:56:13.990+0800: 57.139: Application time: 0.0339442 seconds
{Heap before GC invocations=718 (full 72):
 par new generation   total 9216K, used 8541K [0x00000000e3400000, 0x00000000e3e00000, 0x00000000ecca0000)
  eden space 8192K, 100% used [0x00000000e3400000, 0x00000000e3c00000, 0x00000000e3c00000)
  from space 1024K,  34% used [0x00000000e3c00000, 0x00000000e3c57620, 0x00000000e3d00000)
  to   space 1024K,   0% used [0x00000000e3d00000, 0x00000000e3d00000, 0x00000000e3e00000)
 concurrent mark-sweep generation total 81780K, used 48213K [0x00000000ecca0000, 0x00000000f1c7d000, 0x0000000100000000)
 Metaspace       used 65382K, capacity 68328K, committed 68608K, reserved 1110016K
  class space    used 8365K, capacity 8916K, committed 8960K, reserved 1048576K
2020-11-07T19:56:13.990+0800: 57.140: [GC (Allocation Failure) 2020-11-07T19:56:13.990+0800: 57.140: [ParNew: 8541K->351K(9216K), 0.0228690 secs] 56754K->48590K(90996K), 0.0229277 secs] [Times: user=0.02 sys=0.00, real=0.02 secs] 
Heap after GC invocations=719 (full 72):
 par new generation   total 9216K, used 351K [0x00000000e3400000, 0x00000000e3e00000, 0x00000000ecca0000)
  eden space 8192K,   0% used [0x00000000e3400000, 0x00000000e3400000, 0x00000000e3c00000)
  from space 1024K,  34% used [0x00000000e3d00000, 0x00000000e3d57f80, 0x00000000e3e00000)
  to   space 1024K,   0% used [0x00000000e3c00000, 0x00000000e3c00000, 0x00000000e3d00000)
 concurrent mark-sweep generation total 81780K, used 48238K [0x00000000ecca0000, 0x00000000f1c7d000, 0x0000000100000000)
 Metaspace       used 65382K, capacity 68328K, committed 68608K, reserved 1110016K
  class space    used 8365K, capacity 8916K, committed 8960K, reserved 1048576K
}
2020-11-07T19:56:14.076+0800: 57.225: Application time: 0.0627824 seconds
{Heap before GC invocations=719 (full 72):
 par new generation   total 9216K, used 8543K [0x00000000e3400000, 0x00000000e3e00000, 0x00000000ecca0000)
  eden space 8192K, 100% used [0x00000000e3400000, 0x00000000e3c00000, 0x00000000e3c00000)
  from space 1024K,  34% used [0x00000000e3d00000, 0x00000000e3d57f80, 0x00000000e3e00000)
  to   space 1024K,   0% used [0x00000000e3c00000, 0x00000000e3c00000, 0x00000000e3d00000)
 concurrent mark-sweep generation total 81780K, used 48238K [0x00000000ecca0000, 0x00000000f1c7d000, 0x0000000100000000)
 Metaspace       used 65409K, capacity 68392K, committed 68608K, reserved 1110016K
  class space    used 8367K, capacity 8916K, committed 8960K, reserved 1048576K
2020-11-07T19:56:14.076+0800: 57.226: [GC (Allocation Failure) 2020-11-07T19:56:14.076+0800: 57.226: [ParNew: 8543K->429K(9216K), 0.0298805 secs] 56782K->48699K(90996K), 0.0299501 secs] [Times: user=0.03 sys=0.00, real=0.03 secs] 
Heap after GC invocations=720 (full 72):
 par new generation   total 9216K, used 429K [0x00000000e3400000, 0x00000000e3e00000, 0x00000000ecca0000)
  eden space 8192K,   0% used [0x00000000e3400000, 0x00000000e3400000, 0x00000000e3c00000)
  from space 1024K,  41% used [0x00000000e3c00000, 0x00000000e3c6b688, 0x00000000e3d00000)
  to   space 1024K,   0% used [0x00000000e3d00000, 0x00000000e3d00000, 0x00000000e3e00000)
 concurrent mark-sweep generation total 81780K, used 48269K [0x00000000ecca0000, 0x00000000f1c7d000, 0x0000000100000000)
 Metaspace       used 65409K, capacity 68392K, committed 68608K, reserved 1110016K
  class space    used 8367K, capacity 8916K, committed 8960K, reserved 1048576K
}
2020-11-07T19:56:14.119+0800: 57.269: Application time: 0.0128980 seconds
2020-11-07T19:56:14.137+0800: 57.287: Application time: 0.0170334 seconds
{Heap before GC invocations=720 (full 72):
 par new generation   total 9216K, used 8621K [0x00000000e3400000, 0x00000000e3e00000, 0x00000000ecca0000)
  eden space 8192K, 100% used [0x00000000e3400000, 0x00000000e3c00000, 0x00000000e3c00000)
  from space 1024K,  41% used [0x00000000e3c00000, 0x00000000e3c6b688, 0x00000000e3d00000)
  to   space 1024K,   0% used [0x00000000e3d00000, 0x00000000e3d00000, 0x00000000e3e00000)
 concurrent mark-sweep generation total 81780K, used 48269K [0x00000000ecca0000, 0x00000000f1c7d000, 0x0000000100000000)
 Metaspace       used 65422K, capacity 68424K, committed 68608K, reserved 1110016K
  class space    used 8370K, capacity 8948K, committed 8960K, reserved 1048576K
2020-11-07T19:56:14.137+0800: 57.287: [GC (Allocation Failure) 2020-11-07T19:56:14.137+0800: 57.287: [ParNew: 8621K->503K(9216K), 0.0195920 secs] 56891K->48798K(90996K), 0.0196597 secs] [Times: user=0.02 sys=0.01, real=0.02 secs] 
Heap after GC invocations=721 (full 72):
 par new generation   total 9216K, used 503K [0x00000000e3400000, 0x00000000e3e00000, 0x00000000ecca0000)
  eden space 8192K,   0% used [0x00000000e3400000, 0x00000000e3400000, 0x00000000e3c00000)
  from space 1024K,  49% used [0x00000000e3d00000, 0x00000000e3d7dca0, 0x00000000e3e00000)
  to   space 1024K,   0% used [0x00000000e3c00000, 0x00000000e3c00000, 0x00000000e3d00000)
 concurrent mark-sweep generation total 81780K, used 48295K [0x00000000ecca0000, 0x00000000f1c7d000, 0x0000000100000000)
 Metaspace       used 65422K, capacity 68424K, committed 68608K, reserved 1110016K
  class space    used 8370K, capacity 8948K, committed 8960K, reserved 1048576K
}
2020-11-07T19:56:14.219+0800: 57.368: Application time: 0.0617750 seconds
{Heap before GC invocations=721 (full 72):
 par new generation   total 9216K, used 8695K [0x00000000e3400000, 0x00000000e3e00000, 0x00000000ecca0000)
  eden space 8192K, 100% used [0x00000000e3400000, 0x00000000e3c00000, 0x00000000e3c00000)
  from space 1024K,  49% used [0x00000000e3d00000, 0x00000000e3d7dca0, 0x00000000e3e00000)
  to   space 1024K,   0% used [0x00000000e3c00000, 0x00000000e3c00000, 0x00000000e3d00000)
 concurrent mark-sweep generation total 81780K, used 48295K [0x00000000ecca0000, 0x00000000f1c7d000, 0x0000000100000000)
 Metaspace       used 65435K, capacity 68460K, committed 68736K, reserved 1110016K
  class space    used 8372K, capacity 8980K, committed 9088K, reserved 1048576K
2020-11-07T19:56:14.219+0800: 57.369: [GC (Allocation Failure) 2020-11-07T19:56:14.219+0800: 57.369: [ParNew: 8695K->522K(9216K), 0.0229114 secs] 56990K->48843K(90996K), 0.0229826 secs] [Times: user=0.02 sys=0.00, real=0.02 secs] 
Heap after GC invocations=722 (full 72):
 par new generation   total 9216K, used 522K [0x00000000e3400000, 0x00000000e3e00000, 0x00000000ecca0000)
  eden space 8192K,   0% used [0x00000000e3400000, 0x00000000e3400000, 0x00000000e3c00000)
  from space 1024K,  50% used [0x00000000e3c00000, 0x00000000e3c82898, 0x00000000e3d00000)
  to   space 1024K,   0% used [0x00000000e3d00000, 0x00000000e3d00000, 0x00000000e3e00000)
 concurrent mark-sweep generation total 81780K, used 48321K [0x00000000ecca0000, 0x00000000f1c7d000, 0x0000000100000000)
 Metaspace       used 65435K, capacity 68460K, committed 68736K, reserved 1110016K
  class space    used 8372K, capacity 8980K, committed 9088K, reserved 1048576K
}
2020-11-07T19:56:14.282+0800: 57.431: Application time: 0.0396507 seconds
{Heap before GC invocations=722 (full 72):
 par new generation   total 9216K, used 8714K [0x00000000e3400000, 0x00000000e3e00000, 0x00000000ecca0000)
  eden space 8192K, 100% used [0x00000000e3400000, 0x00000000e3c00000, 0x00000000e3c00000)
  from space 1024K,  50% used [0x00000000e3c00000, 0x00000000e3c82898, 0x00000000e3d00000)
  to   space 1024K,   0% used [0x00000000e3d00000, 0x00000000e3d00000, 0x00000000e3e00000)
 concurrent mark-sweep generation total 81780K, used 48321K [0x00000000ecca0000, 0x00000000f1c7d000, 0x0000000100000000)
 Metaspace       used 65435K, capacity 68460K, committed 68736K, reserved 1110016K
  class space    used 8372K, capacity 8980K, committed 9088K, reserved 1048576K
2020-11-07T19:56:14.282+0800: 57.432: [GC (Allocation Failure) 2020-11-07T19:56:14.282+0800: 57.432: [ParNew: 8714K->558K(9216K), 0.0228381 secs] 57035K->48909K(90996K), 0.0229005 secs] [Times: user=0.03 sys=0.00, real=0.03 secs] 
Heap after GC invocations=723 (full 72):
 par new generation   total 9216K, used 558K [0x00000000e3400000, 0x00000000e3e00000, 0x00000000ecca0000)
  eden space 8192K,   0% used [0x00000000e3400000, 0x00000000e3400000, 0x00000000e3c00000)
  from space 1024K,  54% used [0x00000000e3d00000, 0x00000000e3d8ba88, 0x00000000e3e00000)
  to   space 1024K,   0% used [0x00000000e3c00000, 0x00000000e3c00000, 0x00000000e3d00000)
 concurrent mark-sweep generation total 81780K, used 48350K [0x00000000ecca0000, 0x00000000f1c7d000, 0x0000000100000000)
 Metaspace       used 65435K, capacity 68460K, committed 68736K, reserved 1110016K
  class space    used 8372K, capacity 8980K, committed 9088K, reserved 1048576K
}
2020-11-07T19:56:14.353+0800: 57.503: Application time: 0.0482036 seconds
{Heap before GC invocations=723 (full 72):
 par new generation   total 9216K, used 8750K [0x00000000e3400000, 0x00000000e3e00000, 0x00000000ecca0000)
  eden space 8192K, 100% used [0x00000000e3400000, 0x00000000e3c00000, 0x00000000e3c00000)
  from space 1024K,  54% used [0x00000000e3d00000, 0x00000000e3d8ba88, 0x00000000e3e00000)
  to   space 1024K,   0% used [0x00000000e3c00000, 0x00000000e3c00000, 0x00000000e3d00000)
 concurrent mark-sweep generation total 81780K, used 48350K [0x00000000ecca0000, 0x00000000f1c7d000, 0x0000000100000000)
 Metaspace       used 65439K, capacity 68460K, committed 68736K, reserved 1110016K
  class space    used 8372K, capacity 8980K, committed 9088K, reserved 1048576K
2020-11-07T19:56:14.353+0800: 57.503: [GC (Allocation Failure) 2020-11-07T19:56:14.353+0800: 57.503: [ParNew: 8750K->565K(9216K), 0.0178366 secs] 57101K->48941K(90996K), 0.0178927 secs] [Times: user=0.02 sys=0.00, real=0.02 secs] 
Heap after GC invocations=724 (full 72):
 par new generation   total 9216K, used 565K [0x00000000e3400000, 0x00000000e3e00000, 0x00000000ecca0000)
  eden space 8192K,   0% used [0x00000000e3400000, 0x00000000e3400000, 0x00000000e3c00000)
  from space 1024K,  55% used [0x00000000e3c00000, 0x00000000e3c8d530, 0x00000000e3d00000)
  to   space 1024K,   0% used [0x00000000e3d00000, 0x00000000e3d00000, 0x00000000e3e00000)
 concurrent mark-sweep generation total 81780K, used 48376K [0x00000000ecca0000, 0x00000000f1c7d000, 0x0000000100000000)
 Metaspace       used 65439K, capacity 68460K, committed 68736K, reserved 1110016K
  class space    used 8372K, capacity 8980K, committed 9088K, reserved 1048576K
}
2020-11-07T19:56:14.424+0800: 57.574: Application time: 0.0528846 seconds
{Heap before GC invocations=724 (full 72):
 par new generation   total 9216K, used 8757K [0x00000000e3400000, 0x00000000e3e00000, 0x00000000ecca0000)
  eden space 8192K, 100% used [0x00000000e3400000, 0x00000000e3c00000, 0x00000000e3c00000)
  from space 1024K,  55% used [0x00000000e3c00000, 0x00000000e3c8d530, 0x00000000e3d00000)
  to   space 1024K,   0% used [0x00000000e3d00000, 0x00000000e3d00000, 0x00000000e3e00000)
 concurrent mark-sweep generation total 81780K, used 48376K [0x00000000ecca0000, 0x00000000f1c7d000, 0x0000000100000000)
 Metaspace       used 65459K, capacity 68464K, committed 68736K, reserved 1110016K
  class space    used 8374K, capacity 8980K, committed 9088K, reserved 1048576K
2020-11-07T19:56:14.424+0800: 57.574: [GC (Allocation Failure) 2020-11-07T19:56:14.424+0800: 57.574: [ParNew: 8757K->593K(9216K), 0.4245362 secs] 57133K->48997K(90996K), 0.4246064 secs] [Times: user=0.42 sys=0.01, real=0.43 secs] 
Heap after GC invocations=725 (full 72):
 par new generation   total 9216K, used 593K [0x00000000e3400000, 0x00000000e3e00000, 0x00000000ecca0000)
  eden space 8192K,   0% used [0x00000000e3400000, 0x00000000e3400000, 0x00000000e3c00000)
  from space 1024K,  57% used [0x00000000e3d00000, 0x00000000e3d944a0, 0x00000000e3e00000)
  to   space 1024K,   0% used [0x00000000e3c00000, 0x00000000e3c00000, 0x00000000e3d00000)
 concurrent mark-sweep generation total 81780K, used 48404K [0x00000000ecca0000, 0x00000000f1c7d000, 0x0000000100000000)
 Metaspace       used 65459K, capacity 68464K, committed 68736K, reserved 1110016K
  class space    used 8374K, capacity 8980K, committed 9088K, reserved 1048576K
}
2020-11-07T19:56:14.886+0800: 58.036: Application time: 0.0371273 seconds
{Heap before GC invocations=725 (full 72):
 par new generation   total 9216K, used 8785K [0x00000000e3400000, 0x00000000e3e00000, 0x00000000ecca0000)
  eden space 8192K, 100% used [0x00000000e3400000, 0x00000000e3c00000, 0x00000000e3c00000)
  from space 1024K,  57% used [0x00000000e3d00000, 0x00000000e3d944a0, 0x00000000e3e00000)
  to   space 1024K,   0% used [0x00000000e3c00000, 0x00000000e3c00000, 0x00000000e3d00000)
 concurrent mark-sweep generation total 81780K, used 48404K [0x00000000ecca0000, 0x00000000f1c7d000, 0x0000000100000000)
 Metaspace       used 65474K, capacity 68468K, committed 68736K, reserved 1110016K
  class space    used 8376K, capacity 8980K, committed 9088K, reserved 1048576K
2020-11-07T19:56:14.886+0800: 58.036: [GC (Allocation Failure) 2020-11-07T19:56:14.886+0800: 58.036: [ParNew: 8785K->590K(9216K), 0.0184731 secs] 57189K->49026K(90996K), 0.0185360 secs] [Times: user=0.01 sys=0.00, real=0.02 secs] 
Heap after GC invocations=726 (full 72):
 par new generation   total 9216K, used 590K [0x00000000e3400000, 0x00000000e3e00000, 0x00000000ecca0000)
  eden space 8192K,   0% used [0x00000000e3400000, 0x00000000e3400000, 0x00000000e3c00000)
  from space 1024K,  57% used [0x00000000e3c00000, 0x00000000e3c93918, 0x00000000e3d00000)
  to   space 1024K,   0% used [0x00000000e3d00000, 0x00000000e3d00000, 0x00000000e3e00000)
 concurrent mark-sweep generation total 81780K, used 48436K [0x00000000ecca0000, 0x00000000f1c7d000, 0x0000000100000000)
 Metaspace       used 65474K, capacity 68468K, committed 68736K, reserved 1110016K
  class space    used 8376K, capacity 8980K, committed 9088K, reserved 1048576K
}
2020-11-07T19:56:14.929+0800: 58.079: Application time: 0.0242668 seconds
{Heap before GC invocations=726 (full 72):
 par new generation   total 9216K, used 8782K [0x00000000e3400000, 0x00000000e3e00000, 0x00000000ecca0000)
  eden space 8192K, 100% used [0x00000000e3400000, 0x00000000e3c00000, 0x00000000e3c00000)
  from space 1024K,  57% used [0x00000000e3c00000, 0x00000000e3c93918, 0x00000000e3d00000)
  to   space 1024K,   0% used [0x00000000e3d00000, 0x00000000e3d00000, 0x00000000e3e00000)
 concurrent mark-sweep generation total 81780K, used 48436K [0x00000000ecca0000, 0x00000000f1c7d000, 0x0000000100000000)
 Metaspace       used 65477K, capacity 68532K, committed 68736K, reserved 1110016K
  class space    used 8376K, capacity 8980K, committed 9088K, reserved 1048576K
2020-11-07T19:56:14.929+0800: 58.079: [GC (Allocation Failure) 2020-11-07T19:56:14.929+0800: 58.079: [ParNew: 8782K->611K(9216K), 0.0321114 secs] 57218K->49078K(90996K), 0.0321704 secs] [Times: user=0.03 sys=0.00, real=0.03 secs] 
Heap after GC invocations=727 (full 72):
 par new generation   total 9216K, used 611K [0x00000000e3400000, 0x00000000e3e00000, 0x00000000ecca0000)
  eden space 8192K,   0% used [0x00000000e3400000, 0x00000000e3400000, 0x00000000e3c00000)
  from space 1024K,  59% used [0x00000000e3d00000, 0x00000000e3d98d00, 0x00000000e3e00000)
  to   space 1024K,   0% used [0x00000000e3c00000, 0x00000000e3c00000, 0x00000000e3d00000)
 concurrent mark-sweep generation total 81780K, used 48466K [0x00000000ecca0000, 0x00000000f1c7d000, 0x0000000100000000)
 Metaspace       used 65477K, capacity 68532K, committed 68736K, reserved 1110016K
  class space    used 8376K, capacity 8980K, committed 9088K, reserved 1048576K
}
2020-11-07T19:56:14.985+0800: 58.135: Application time: 0.0235558 seconds
{Heap before GC invocations=727 (full 72):
 par new generation   total 9216K, used 8803K [0x00000000e3400000, 0x00000000e3e00000, 0x00000000ecca0000)
  eden space 8192K, 100% used [0x00000000e3400000, 0x00000000e3c00000, 0x00000000e3c00000)
  from space 1024K,  59% used [0x00000000e3d00000, 0x00000000e3d98d00, 0x00000000e3e00000)
  to   space 1024K,   0% used [0x00000000e3c00000, 0x00000000e3c00000, 0x00000000e3d00000)
 concurrent mark-sweep generation total 81780K, used 48466K [0x00000000ecca0000, 0x00000000f1c7d000, 0x0000000100000000)
 Metaspace       used 65495K, capacity 68532K, committed 68736K, reserved 1110016K
  class space    used 8377K, capacity 8980K, committed 9088K, reserved 1048576K
2020-11-07T19:56:14.985+0800: 58.135: [GC (Allocation Failure) 2020-11-07T19:56:14.985+0800: 58.135: [ParNew: 8803K->639K(9216K), 0.0236453 secs] 57270K->49137K(90996K), 0.0237047 secs] [Times: user=0.03 sys=0.00, real=0.02 secs] 
Heap after GC invocations=728 (full 72):
 par new generation   total 9216K, used 639K [0x00000000e3400000, 0x00000000e3e00000, 0x00000000ecca0000)
  eden space 8192K,   0% used [0x00000000e3400000, 0x00000000e3400000, 0x00000000e3c00000)
  from space 1024K,  62% used [0x00000000e3c00000, 0x00000000e3c9fdc8, 0x00000000e3d00000)
  to   space 1024K,   0% used [0x00000000e3d00000, 0x00000000e3d00000, 0x00000000e3e00000)
 concurrent mark-sweep generation total 81780K, used 48497K [0x00000000ecca0000, 0x00000000f1c7d000, 0x0000000100000000)
 Metaspace       used 65495K, capacity 68532K, committed 68736K, reserved 1110016K
  class space    used 8377K, capacity 8980K, committed 9088K, reserved 1048576K
}
2020-11-07T19:56:15.024+0800: 58.174: Application time: 0.0147478 seconds
{Heap before GC invocations=728 (full 72):
 par new generation   total 9216K, used 8831K [0x00000000e3400000, 0x00000000e3e00000, 0x00000000ecca0000)
  eden space 8192K, 100% used [0x00000000e3400000, 0x00000000e3c00000, 0x00000000e3c00000)
  from space 1024K,  62% used [0x00000000e3c00000, 0x00000000e3c9fdc8, 0x00000000e3d00000)
  to   space 1024K,   0% used [0x00000000e3d00000, 0x00000000e3d00000, 0x00000000e3e00000)
 concurrent mark-sweep generation total 81780K, used 48497K [0x00000000ecca0000, 0x00000000f1c7d000, 0x0000000100000000)
 Metaspace       used 65498K, capacity 68532K, committed 68736K, reserved 1110016K
  class space    used 8378K, capacity 8980K, committed 9088K, reserved 1048576K
2020-11-07T19:56:15.024+0800: 58.174: [GC (Allocation Failure) 2020-11-07T19:56:15.024+0800: 58.174: [ParNew: 8831K->610K(9216K), 0.0158898 secs] 57329K->49176K(90996K), 0.0159500 secs] [Times: user=0.02 sys=0.00, real=0.02 secs] 
Heap after GC invocations=729 (full 72):
 par new generation   total 9216K, used 610K [0x00000000e3400000, 0x00000000e3e00000, 0x00000000ecca0000)
  eden space 8192K,   0% used [0x00000000e3400000, 0x00000000e3400000, 0x00000000e3c00000)
  from space 1024K,  59% used [0x00000000e3d00000, 0x00000000e3d98978, 0x00000000e3e00000)
  to   space 1024K,   0% used [0x00000000e3c00000, 0x00000000e3c00000, 0x00000000e3d00000)
 concurrent mark-sweep generation total 81780K, used 48565K [0x00000000ecca0000, 0x00000000f1c7d000, 0x0000000100000000)
 Metaspace       used 65498K, capacity 68532K, committed 68736K, reserved 1110016K
  class space    used 8378K, capacity 8980K, committed 9088K, reserved 1048576K
}
2020-11-07T19:56:15.065+0800: 58.215: Application time: 0.0248325 seconds
{Heap before GC invocations=729 (full 72):
 par new generation   total 9216K, used 8802K [0x00000000e3400000, 0x00000000e3e00000, 0x00000000ecca0000)
  eden space 8192K, 100% used [0x00000000e3400000, 0x00000000e3c00000, 0x00000000e3c00000)
  from space 1024K,  59% used [0x00000000e3d00000, 0x00000000e3d98978, 0x00000000e3e00000)
  to   space 1024K,   0% used [0x00000000e3c00000, 0x00000000e3c00000, 0x00000000e3d00000)
 concurrent mark-sweep generation total 81780K, used 48565K [0x00000000ecca0000, 0x00000000f1c7d000, 0x0000000100000000)
 Metaspace       used 65501K, capacity 68532K, committed 68736K, reserved 1110016K
  class space    used 8378K, capacity 8980K, committed 9088K, reserved 1048576K
2020-11-07T19:56:15.065+0800: 58.215: [GC (Allocation Failure) 2020-11-07T19:56:15.065+0800: 58.215: [ParNew: 8802K->459K(9216K), 0.0431997 secs] 57368K->49152K(90996K), 0.0432562 secs] [Times: user=0.04 sys=0.00, real=0.04 secs] 
Heap after GC invocations=730 (full 72):
 par new generation   total 9216K, used 459K [0x00000000e3400000, 0x00000000e3e00000, 0x00000000ecca0000)
  eden space 8192K,   0% used [0x00000000e3400000, 0x00000000e3400000, 0x00000000e3c00000)
  from space 1024K,  44% used [0x00000000e3c00000, 0x00000000e3c72d20, 0x00000000e3d00000)
  to   space 1024K,   0% used [0x00000000e3d00000, 0x00000000e3d00000, 0x00000000e3e00000)
 concurrent mark-sweep generation total 81780K, used 48693K [0x00000000ecca0000, 0x00000000f1c7d000, 0x0000000100000000)
 Metaspace       used 65501K, capacity 68532K, committed 68736K, reserved 1110016K
  class space    used 8378K, capacity 8980K, committed 9088K, reserved 1048576K
}
2020-11-07T19:56:15.123+0800: 58.272: Application time: 0.0142840 seconds
{Heap before GC invocations=730 (full 72):
 par new generation   total 9216K, used 8651K [0x00000000e3400000, 0x00000000e3e00000, 0x00000000ecca0000)
  eden space 8192K, 100% used [0x00000000e3400000, 0x00000000e3c00000, 0x00000000e3c00000)
  from space 1024K,  44% used [0x00000000e3c00000, 0x00000000e3c72d20, 0x00000000e3d00000)
  to   space 1024K,   0% used [0x00000000e3d00000, 0x00000000e3d00000, 0x00000000e3e00000)
 concurrent mark-sweep generation total 81780K, used 48693K [0x00000000ecca0000, 0x00000000f1c7d000, 0x0000000100000000)
 Metaspace       used 65511K, capacity 68532K, committed 68736K, reserved 1110016K
  class space    used 8379K, capacity 8980K, committed 9088K, reserved 1048576K
2020-11-07T19:56:15.123+0800: 58.272: [GC (Allocation Failure) 2020-11-07T19:56:15.123+0800: 58.272: [ParNew: 8651K->470K(9216K), 0.0152852 secs] 57344K->49219K(90996K), 0.0153528 secs] [Times: user=0.02 sys=0.00, real=0.02 secs] 
Heap after GC invocations=731 (full 72):
 par new generation   total 9216K, used 470K [0x00000000e3400000, 0x00000000e3e00000, 0x00000000ecca0000)
  eden space 8192K,   0% used [0x00000000e3400000, 0x00000000e3400000, 0x00000000e3c00000)
  from space 1024K,  45% used [0x00000000e3d00000, 0x00000000e3d75918, 0x00000000e3e00000)
  to   space 1024K,   0% used [0x00000000e3c00000, 0x00000000e3c00000, 0x00000000e3d00000)
 concurrent mark-sweep generation total 81780K, used 48748K [0x00000000ecca0000, 0x00000000f1c7d000, 0x0000000100000000)
 Metaspace       used 65511K, capacity 68532K, committed 68736K, reserved 1110016K
  class space    used 8379K, capacity 8980K, committed 9088K, reserved 1048576K
}
2020-11-07T19:56:15.163+0800: 58.313: Application time: 0.0248351 seconds
{Heap before GC invocations=731 (full 72):
 par new generation   total 9216K, used 8662K [0x00000000e3400000, 0x00000000e3e00000, 0x00000000ecca0000)
  eden space 8192K, 100% used [0x00000000e3400000, 0x00000000e3c00000, 0x00000000e3c00000)
  from space 1024K,  45% used [0x00000000e3d00000, 0x00000000e3d75918, 0x00000000e3e00000)
  to   space 1024K,   0% used [0x00000000e3c00000, 0x00000000e3c00000, 0x00000000e3d00000)
 concurrent mark-sweep generation total 81780K, used 48748K [0x00000000ecca0000, 0x00000000f1c7d000, 0x0000000100000000)
 Metaspace       used 65517K, capacity 68532K, committed 68736K, reserved 1110016K
  class space    used 8380K, capacity 8980K, committed 9088K, reserved 1048576K
2020-11-07T19:56:15.163+0800: 58.313: [GC (Allocation Failure) 2020-11-07T19:56:15.163+0800: 58.313: [ParNew: 8662K->409K(9216K), 0.0264173 secs] 57411K->49189K(90996K), 0.0264887 secs] [Times: user=0.03 sys=0.00, real=0.03 secs] 
Heap after GC invocations=732 (full 72):
 par new generation   total 9216K, used 409K [0x00000000e3400000, 0x00000000e3e00000, 0x00000000ecca0000)
  eden space 8192K,   0% used [0x00000000e3400000, 0x00000000e3400000, 0x00000000e3c00000)
  from space 1024K,  40% used [0x00000000e3c00000, 0x00000000e3c667d0, 0x00000000e3d00000)
  to   space 1024K,   0% used [0x00000000e3d00000, 0x00000000e3d00000, 0x00000000e3e00000)
 concurrent mark-sweep generation total 81780K, used 48779K [0x00000000ecca0000, 0x00000000f1c7d000, 0x0000000100000000)
 Metaspace       used 65517K, capacity 68532K, committed 68736K, reserved 1110016K
  class space    used 8380K, capacity 8980K, committed 9088K, reserved 1048576K
}
2020-11-07T19:56:15.223+0800: 58.373: Application time: 0.0333040 seconds
{Heap before GC invocations=732 (full 72):
 par new generation   total 9216K, used 8601K [0x00000000e3400000, 0x00000000e3e00000, 0x00000000ecca0000)
  eden space 8192K, 100% used [0x00000000e3400000, 0x00000000e3c00000, 0x00000000e3c00000)
  from space 1024K,  40% used [0x00000000e3c00000, 0x00000000e3c667d0, 0x00000000e3d00000)
  to   space 1024K,   0% used [0x00000000e3d00000, 0x00000000e3d00000, 0x00000000e3e00000)
 concurrent mark-sweep generation total 81780K, used 48779K [0x00000000ecca0000, 0x00000000f1c7d000, 0x0000000100000000)
 Metaspace       used 65529K, capacity 68532K, committed 68736K, reserved 1110016K
  class space    used 8382K, capacity 8980K, committed 9088K, reserved 1048576K
2020-11-07T19:56:15.223+0800: 58.373: [GC (Allocation Failure) 2020-11-07T19:56:15.223+0800: 58.373: [ParNew: 8601K->394K(9216K), 0.0237774 secs] 57381K->49213K(90996K), 0.0238354 secs] [Times: user=0.02 sys=0.00, real=0.03 secs] 
Heap after GC invocations=733 (full 72):
 par new generation   total 9216K, used 394K [0x00000000e3400000, 0x00000000e3e00000, 0x00000000ecca0000)
  eden space 8192K,   0% used [0x00000000e3400000, 0x00000000e3400000, 0x00000000e3c00000)
  from space 1024K,  38% used [0x00000000e3d00000, 0x00000000e3d62ac0, 0x00000000e3e00000)
  to   space 1024K,   0% used [0x00000000e3c00000, 0x00000000e3c00000, 0x00000000e3d00000)
 concurrent mark-sweep generation total 81780K, used 48818K [0x00000000ecca0000, 0x00000000f1c7d000, 0x0000000100000000)
 Metaspace       used 65529K, capacity 68532K, committed 68736K, reserved 1110016K
  class space    used 8382K, capacity 8980K, committed 9088K, reserved 1048576K
}
2020-11-07T19:56:15.274+0800: 58.423: Application time: 0.0265603 seconds
{Heap before GC invocations=733 (full 72):
 par new generation   total 9216K, used 8586K [0x00000000e3400000, 0x00000000e3e00000, 0x00000000ecca0000)
  eden space 8192K, 100% used [0x00000000e3400000, 0x00000000e3c00000, 0x00000000e3c00000)
  from space 1024K,  38% used [0x00000000e3d00000, 0x00000000e3d62ac0, 0x00000000e3e00000)
  to   space 1024K,   0% used [0x00000000e3c00000, 0x00000000e3c00000, 0x00000000e3d00000)
 concurrent mark-sweep generation total 81780K, used 48818K [0x00000000ecca0000, 0x00000000f1c7d000, 0x0000000100000000)
 Metaspace       used 65529K, capacity 68532K, committed 68736K, reserved 1110016K
  class space    used 8382K, capacity 8980K, committed 9088K, reserved 1048576K
2020-11-07T19:56:15.274+0800: 58.424: [GC (Allocation Failure) 2020-11-07T19:56:15.274+0800: 58.424: [ParNew: 8586K->387K(9216K), 0.0190517 secs] 57405K->49240K(90996K), 0.0191105 secs] [Times: user=0.02 sys=0.00, real=0.02 secs] 
Heap after GC invocations=734 (full 72):
 par new generation   total 9216K, used 387K [0x00000000e3400000, 0x00000000e3e00000, 0x00000000ecca0000)
  eden space 8192K,   0% used [0x00000000e3400000, 0x00000000e3400000, 0x00000000e3c00000)
  from space 1024K,  37% used [0x00000000e3c00000, 0x00000000e3c60f68, 0x00000000e3d00000)
  to   space 1024K,   0% used [0x00000000e3d00000, 0x00000000e3d00000, 0x00000000e3e00000)
 concurrent mark-sweep generation total 81780K, used 48852K [0x00000000ecca0000, 0x00000000f1c7d000, 0x0000000100000000)
 Metaspace       used 65529K, capacity 68532K, committed 68736K, reserved 1110016K
  class space    used 8382K, capacity 8980K, committed 9088K, reserved 1048576K
}
2020-11-07T19:56:15.327+0800: 58.477: Application time: 0.0343830 seconds
{Heap before GC invocations=734 (full 72):
 par new generation   total 9216K, used 8579K [0x00000000e3400000, 0x00000000e3e00000, 0x00000000ecca0000)
  eden space 8192K, 100% used [0x00000000e3400000, 0x00000000e3c00000, 0x00000000e3c00000)
  from space 1024K,  37% used [0x00000000e3c00000, 0x00000000e3c60f68, 0x00000000e3d00000)
  to   space 1024K,   0% used [0x00000000e3d00000, 0x00000000e3d00000, 0x00000000e3e00000)
 concurrent mark-sweep generation total 81780K, used 48852K [0x00000000ecca0000, 0x00000000f1c7d000, 0x0000000100000000)
 Metaspace       used 65575K, capacity 68596K, committed 68736K, reserved 1110016K
  class space    used 8390K, capacity 8980K, committed 9088K, reserved 1048576K
2020-11-07T19:56:15.328+0800: 58.477: [GC (Allocation Failure) 2020-11-07T19:56:15.328+0800: 58.477: [ParNew: 8579K->408K(9216K), 0.0264088 secs] 57432K->49308K(90996K), 0.0264784 secs] [Times: user=0.03 sys=0.00, real=0.02 secs] 
Heap after GC invocations=735 (full 72):
 par new generation   total 9216K, used 408K [0x00000000e3400000, 0x00000000e3e00000, 0x00000000ecca0000)
  eden space 8192K,   0% used [0x00000000e3400000, 0x00000000e3400000, 0x00000000e3c00000)
  from space 1024K,  39% used [0x00000000e3d00000, 0x00000000e3d661e0, 0x00000000e3e00000)
  to   space 1024K,   0% used [0x00000000e3c00000, 0x00000000e3c00000, 0x00000000e3d00000)
 concurrent mark-sweep generation total 81780K, used 48899K [0x00000000ecca0000, 0x00000000f1c7d000, 0x0000000100000000)
 Metaspace       used 65575K, capacity 68596K, committed 68736K, reserved 1110016K
  class space    used 8390K, capacity 8980K, committed 9088K, reserved 1048576K
}
2020-11-07T19:56:15.372+0800: 58.522: Application time: 0.0178875 seconds
{Heap before GC invocations=735 (full 72):
 par new generation   total 9216K, used 8600K [0x00000000e3400000, 0x00000000e3e00000, 0x00000000ecca0000)
  eden space 8192K, 100% used [0x00000000e3400000, 0x00000000e3c00000, 0x00000000e3c00000)
  from space 1024K,  39% used [0x00000000e3d00000, 0x00000000e3d661e0, 0x00000000e3e00000)
  to   space 1024K,   0% used [0x00000000e3c00000, 0x00000000e3c00000, 0x00000000e3d00000)
 concurrent mark-sweep generation total 81780K, used 48899K [0x00000000ecca0000, 0x00000000f1c7d000, 0x0000000100000000)
 Metaspace       used 65576K, capacity 68596K, committed 68736K, reserved 1110016K
  class space    used 8390K, capacity 8980K, committed 9088K, reserved 1048576K
2020-11-07T19:56:15.372+0800: 58.522: [GC (Allocation Failure) 2020-11-07T19:56:15.372+0800: 58.522: [ParNew: 8600K->363K(9216K), 0.0177867 secs] 57500K->49302K(90996K), 0.0178488 secs] [Times: user=0.02 sys=0.00, real=0.02 secs] 
Heap after GC invocations=736 (full 72):
 par new generation   total 9216K, used 363K [0x00000000e3400000, 0x00000000e3e00000, 0x00000000ecca0000)
  eden space 8192K,   0% used [0x00000000e3400000, 0x00000000e3400000, 0x00000000e3c00000)
  from space 1024K,  35% used [0x00000000e3c00000, 0x00000000e3c5afc8, 0x00000000e3d00000)
  to   space 1024K,   0% used [0x00000000e3d00000, 0x00000000e3d00000, 0x00000000e3e00000)
 concurrent mark-sweep generation total 81780K, used 48938K [0x00000000ecca0000, 0x00000000f1c7d000, 0x0000000100000000)
 Metaspace       used 65576K, capacity 68596K, committed 68736K, reserved 1110016K
  class space    used 8390K, capacity 8980K, committed 9088K, reserved 1048576K
}
2020-11-07T19:56:15.427+0800: 58.577: Application time: 0.0366808 seconds
{Heap before GC invocations=736 (full 72):
 par new generation   total 9216K, used 8555K [0x00000000e3400000, 0x00000000e3e00000, 0x00000000ecca0000)
  eden space 8192K, 100% used [0x00000000e3400000, 0x00000000e3c00000, 0x00000000e3c00000)
  from space 1024K,  35% used [0x00000000e3c00000, 0x00000000e3c5afc8, 0x00000000e3d00000)
  to   space 1024K,   0% used [0x00000000e3d00000, 0x00000000e3d00000, 0x00000000e3e00000)
 concurrent mark-sweep generation total 81780K, used 48938K [0x00000000ecca0000, 0x00000000f1c7d000, 0x0000000100000000)
 Metaspace       used 65601K, capacity 68596K, committed 68736K, reserved 1110016K
  class space    used 8393K, capacity 8980K, committed 9088K, reserved 1048576K
2020-11-07T19:56:15.427+0800: 58.577: [GC (Allocation Failure) 2020-11-07T19:56:15.427+0800: 58.577: [ParNew: 8555K->450K(9216K), 0.0224968 secs] 57494K->49415K(90996K), 0.0225604 secs] [Times: user=0.02 sys=0.00, real=0.02 secs] 
Heap after GC invocations=737 (full 72):
 par new generation   total 9216K, used 450K [0x00000000e3400000, 0x00000000e3e00000, 0x00000000ecca0000)
  eden space 8192K,   0% used [0x00000000e3400000, 0x00000000e3400000, 0x00000000e3c00000)
  from space 1024K,  44% used [0x00000000e3d00000, 0x00000000e3d70ab8, 0x00000000e3e00000)
  to   space 1024K,   0% used [0x00000000e3c00000, 0x00000000e3c00000, 0x00000000e3d00000)
 concurrent mark-sweep generation total 81780K, used 48964K [0x00000000ecca0000, 0x00000000f1c7d000, 0x0000000100000000)
 Metaspace       used 65601K, capacity 68596K, committed 68736K, reserved 1110016K
  class space    used 8393K, capacity 8980K, committed 9088K, reserved 1048576K
}
2020-11-07T19:56:15.475+0800: 58.624: Application time: 0.0249409 seconds
{Heap before GC invocations=737 (full 72):
 par new generation   total 9216K, used 8642K [0x00000000e3400000, 0x00000000e3e00000, 0x00000000ecca0000)
  eden space 8192K, 100% used [0x00000000e3400000, 0x00000000e3c00000, 0x00000000e3c00000)
  from space 1024K,  44% used [0x00000000e3d00000, 0x00000000e3d70ab8, 0x00000000e3e00000)
  to   space 1024K,   0% used [0x00000000e3c00000, 0x00000000e3c00000, 0x00000000e3d00000)
 concurrent mark-sweep generation total 81780K, used 48964K [0x00000000ecca0000, 0x00000000f1c7d000, 0x0000000100000000)
 Metaspace       used 65601K, capacity 68596K, committed 68736K, reserved 1110016K
  class space    used 8393K, capacity 8980K, committed 9088K, reserved 1048576K
2020-11-07T19:56:15.475+0800: 58.624: [GC (Allocation Failure) 2020-11-07T19:56:15.475+0800: 58.624: [ParNew: 8642K->374K(9216K), 0.0351424 secs] 57607K->49374K(90996K), 0.0352006 secs] [Times: user=0.04 sys=0.01, real=0.03 secs] 
Heap after GC invocations=738 (full 72):
 par new generation   total 9216K, used 374K [0x00000000e3400000, 0x00000000e3e00000, 0x00000000ecca0000)
  eden space 8192K,   0% used [0x00000000e3400000, 0x00000000e3400000, 0x00000000e3c00000)
  from space 1024K,  36% used [0x00000000e3c00000, 0x00000000e3c5d818, 0x00000000e3d00000)
  to   space 1024K,   0% used [0x00000000e3d00000, 0x00000000e3d00000, 0x00000000e3e00000)
 concurrent mark-sweep generation total 81780K, used 49000K [0x00000000ecca0000, 0x00000000f1c7d000, 0x0000000100000000)
 Metaspace       used 65601K, capacity 68596K, committed 68736K, reserved 1110016K
  class space    used 8393K, capacity 8980K, committed 9088K, reserved 1048576K
}
2020-11-07T19:56:15.537+0800: 58.686: Application time: 0.0266833 seconds
{Heap before GC invocations=738 (full 72):
 par new generation   total 9216K, used 8566K [0x00000000e3400000, 0x00000000e3e00000, 0x00000000ecca0000)
  eden space 8192K, 100% used [0x00000000e3400000, 0x00000000e3c00000, 0x00000000e3c00000)
  from space 1024K,  36% used [0x00000000e3c00000, 0x00000000e3c5d818, 0x00000000e3d00000)
  to   space 1024K,   0% used [0x00000000e3d00000, 0x00000000e3d00000, 0x00000000e3e00000)
 concurrent mark-sweep generation total 81780K, used 49000K [0x00000000ecca0000, 0x00000000f1c7d000, 0x0000000100000000)
 Metaspace       used 65615K, capacity 68598K, committed 68992K, reserved 1110016K
  class space    used 8396K, capacity 8981K, committed 9088K, reserved 1048576K
2020-11-07T19:56:15.537+0800: 58.687: [GC (Allocation Failure) 2020-11-07T19:56:15.537+0800: 58.687: [ParNew: 8566K->376K(9216K), 0.0308748 secs] 57566K->49399K(90996K), 0.0309324 secs] [Times: user=0.03 sys=0.00, real=0.03 secs] 
Heap after GC invocations=739 (full 72):
 par new generation   total 9216K, used 376K [0x00000000e3400000, 0x00000000e3e00000, 0x00000000ecca0000)
  eden space 8192K,   0% used [0x00000000e3400000, 0x00000000e3400000, 0x00000000e3c00000)
  from space 1024K,  36% used [0x00000000e3d00000, 0x00000000e3d5e0e8, 0x00000000e3e00000)
  to   space 1024K,   0% used [0x00000000e3c00000, 0x00000000e3c00000, 0x00000000e3d00000)
 concurrent mark-sweep generation total 81780K, used 49023K [0x00000000ecca0000, 0x00000000f1c7d000, 0x0000000100000000)
 Metaspace       used 65615K, capacity 68598K, committed 68992K, reserved 1110016K
  class space    used 8396K, capacity 8981K, committed 9088K, reserved 1048576K
}
2020-11-07T19:56:15.581+0800: 58.730: Application time: 0.0128931 seconds
{Heap before GC invocations=739 (full 72):
 par new generation   total 9216K, used 8568K [0x00000000e3400000, 0x00000000e3e00000, 0x00000000ecca0000)
  eden space 8192K, 100% used [0x00000000e3400000, 0x00000000e3c00000, 0x00000000e3c00000)
  from space 1024K,  36% used [0x00000000e3d00000, 0x00000000e3d5e0e8, 0x00000000e3e00000)
  to   space 1024K,   0% used [0x00000000e3c00000, 0x00000000e3c00000, 0x00000000e3d00000)
 concurrent mark-sweep generation total 81780K, used 49023K [0x00000000ecca0000, 0x00000000f1c7d000, 0x0000000100000000)
 Metaspace       used 65615K, capacity 68598K, committed 68992K, reserved 1110016K
  class space    used 8396K, capacity 8981K, committed 9088K, reserved 1048576K
2020-11-07T19:56:15.581+0800: 58.731: [GC (Allocation Failure) 2020-11-07T19:56:15.581+0800: 58.731: [ParNew: 8568K->389K(9216K), 0.0248281 secs] 57591K->49434K(90996K), 0.0248833 secs] [Times: user=0.03 sys=0.00, real=0.03 secs] 
Heap after GC invocations=740 (full 72):
 par new generation   total 9216K, used 389K [0x00000000e3400000, 0x00000000e3e00000, 0x00000000ecca0000)
  eden space 8192K,   0% used [0x00000000e3400000, 0x00000000e3400000, 0x00000000e3c00000)
  from space 1024K,  38% used [0x00000000e3c00000, 0x00000000e3c61490, 0x00000000e3d00000)
  to   space 1024K,   0% used [0x00000000e3d00000, 0x00000000e3d00000, 0x00000000e3e00000)
 concurrent mark-sweep generation total 81780K, used 49045K [0x00000000ecca0000, 0x00000000f1c7d000, 0x0000000100000000)
 Metaspace       used 65615K, capacity 68598K, committed 68992K, reserved 1110016K
  class space    used 8396K, capacity 8981K, committed 9088K, reserved 1048576K
}
2020-11-07T19:56:15.645+0800: 58.794: Application time: 0.0386573 seconds
{Heap before GC invocations=740 (full 72):
 par new generation   total 9216K, used 8581K [0x00000000e3400000, 0x00000000e3e00000, 0x00000000ecca0000)
  eden space 8192K, 100% used [0x00000000e3400000, 0x00000000e3c00000, 0x00000000e3c00000)
  from space 1024K,  38% used [0x00000000e3c00000, 0x00000000e3c61490, 0x00000000e3d00000)
  to   space 1024K,   0% used [0x00000000e3d00000, 0x00000000e3d00000, 0x00000000e3e00000)
 concurrent mark-sweep generation total 81780K, used 49045K [0x00000000ecca0000, 0x00000000f1c7d000, 0x0000000100000000)
 Metaspace       used 65632K, capacity 68598K, committed 68992K, reserved 1110016K
  class space    used 8398K, capacity 8981K, committed 9088K, reserved 1048576K
2020-11-07T19:56:15.645+0800: 58.794: [GC (Allocation Failure) 2020-11-07T19:56:15.645+0800: 58.794: [ParNew: 8581K->469K(9216K), 0.0461630 secs] 57626K->49542K(90996K), 0.0462241 secs] [Times: user=0.05 sys=0.00, real=0.04 secs] 
Heap after GC invocations=741 (full 72):
 par new generation   total 9216K, used 469K [0x00000000e3400000, 0x00000000e3e00000, 0x00000000ecca0000)
  eden space 8192K,   0% used [0x00000000e3400000, 0x00000000e3400000, 0x00000000e3c00000)
  from space 1024K,  45% used [0x00000000e3d00000, 0x00000000e3d75428, 0x00000000e3e00000)
  to   space 1024K,   0% used [0x00000000e3c00000, 0x00000000e3c00000, 0x00000000e3d00000)
 concurrent mark-sweep generation total 81780K, used 49073K [0x00000000ecca0000, 0x00000000f1c7d000, 0x0000000100000000)
 Metaspace       used 65632K, capacity 68598K, committed 68992K, reserved 1110016K
  class space    used 8398K, capacity 8981K, committed 9088K, reserved 1048576K
}
2020-11-07T19:56:15.696+0800: 58.845: Application time: 0.0045689 seconds
2020-11-07T19:56:15.696+0800: 58.845: [GC (CMS Initial Mark) [1 CMS-initial-mark: 49073K(81780K)] 51364K(90996K), 0.0055743 secs] [Times: user=0.01 sys=0.00, real=0.00 secs] 
2020-11-07T19:56:15.706+0800: 58.856: [CMS-concurrent-mark-start]
2020-11-07T19:56:15.719+0800: 58.868: Application time: 0.0171826 seconds
{Heap before GC invocations=741 (full 73):
 par new generation   total 9216K, used 8661K [0x00000000e3400000, 0x00000000e3e00000, 0x00000000ecca0000)
  eden space 8192K, 100% used [0x00000000e3400000, 0x00000000e3c00000, 0x00000000e3c00000)
  from space 1024K,  45% used [0x00000000e3d00000, 0x00000000e3d75428, 0x00000000e3e00000)
  to   space 1024K,   0% used [0x00000000e3c00000, 0x00000000e3c00000, 0x00000000e3d00000)
 concurrent mark-sweep generation total 81780K, used 49073K [0x00000000ecca0000, 0x00000000f1c7d000, 0x0000000100000000)
 Metaspace       used 65632K, capacity 68598K, committed 68992K, reserved 1110016K
  class space    used 8398K, capacity 8981K, committed 9088K, reserved 1048576K
2020-11-07T19:56:15.719+0800: 58.868: [GC (Allocation Failure) 2020-11-07T19:56:15.719+0800: 58.868: [ParNew: 8661K->410K(9216K), 0.0156123 secs] 57734K->49521K(90996K), 0.0156884 secs] [Times: user=0.01 sys=0.00, real=0.01 secs] 
Heap after GC invocations=742 (full 73):
 par new generation   total 9216K, used 410K [0x00000000e3400000, 0x00000000e3e00000, 0x00000000ecca0000)
  eden space 8192K,   0% used [0x00000000e3400000, 0x00000000e3400000, 0x00000000e3c00000)
  from space 1024K,  40% used [0x00000000e3c00000, 0x00000000e3c66918, 0x00000000e3d00000)
  to   space 1024K,   0% used [0x00000000e3d00000, 0x00000000e3d00000, 0x00000000e3e00000)
 concurrent mark-sweep generation total 81780K, used 49111K [0x00000000ecca0000, 0x00000000f1c7d000, 0x0000000100000000)
 Metaspace       used 65632K, capacity 68598K, committed 68992K, reserved 1110016K
  class space    used 8398K, capacity 8981K, committed 9088K, reserved 1048576K
}
2020-11-07T19:56:15.791+0800: 58.940: Application time: 0.0560740 seconds
{Heap before GC invocations=742 (full 73):
 par new generation   total 9216K, used 8602K [0x00000000e3400000, 0x00000000e3e00000, 0x00000000ecca0000)
  eden space 8192K, 100% used [0x00000000e3400000, 0x00000000e3c00000, 0x00000000e3c00000)
  from space 1024K,  40% used [0x00000000e3c00000, 0x00000000e3c66918, 0x00000000e3d00000)
  to   space 1024K,   0% used [0x00000000e3d00000, 0x00000000e3d00000, 0x00000000e3e00000)
 concurrent mark-sweep generation total 81780K, used 49111K [0x00000000ecca0000, 0x00000000f1c7d000, 0x0000000100000000)
 Metaspace       used 65662K, capacity 68662K, committed 68992K, reserved 1110016K
  class space    used 8401K, capacity 8981K, committed 9088K, reserved 1048576K
2020-11-07T19:56:15.791+0800: 58.940: [GC (Allocation Failure) 2020-11-07T19:56:15.791+0800: 58.940: [ParNew: 8602K->479K(9216K), 0.0406137 secs] 57713K->49616K(90996K), 0.0406728 secs] [Times: user=0.04 sys=0.00, real=0.04 secs] 
Heap after GC invocations=743 (full 73):
 par new generation   total 9216K, used 479K [0x00000000e3400000, 0x00000000e3e00000, 0x00000000ecca0000)
  eden space 8192K,   0% used [0x00000000e3400000, 0x00000000e3400000, 0x00000000e3c00000)
  from space 1024K,  46% used [0x00000000e3d00000, 0x00000000e3d77d48, 0x00000000e3e00000)
  to   space 1024K,   0% used [0x00000000e3c00000, 0x00000000e3c00000, 0x00000000e3d00000)
 concurrent mark-sweep generation total 81780K, used 49137K [0x00000000ecca0000, 0x00000000f1c7d000, 0x0000000100000000)
 Metaspace       used 65662K, capacity 68662K, committed 68992K, reserved 1110016K
  class space    used 8401K, capacity 8981K, committed 9088K, reserved 1048576K
}
2020-11-07T19:56:15.859+0800: 59.009: Application time: 0.0280244 seconds
{Heap before GC invocations=743 (full 73):
 par new generation   total 9216K, used 8671K [0x00000000e3400000, 0x00000000e3e00000, 0x00000000ecca0000)
  eden space 8192K, 100% used [0x00000000e3400000, 0x00000000e3c00000, 0x00000000e3c00000)
  from space 1024K,  46% used [0x00000000e3d00000, 0x00000000e3d77d48, 0x00000000e3e00000)
  to   space 1024K,   0% used [0x00000000e3c00000, 0x00000000e3c00000, 0x00000000e3d00000)
 concurrent mark-sweep generation total 81780K, used 49137K [0x00000000ecca0000, 0x00000000f1c7d000, 0x0000000100000000)
 Metaspace       used 65672K, capacity 68662K, committed 68992K, reserved 1110016K
  class space    used 8401K, capacity 8981K, committed 9088K, reserved 1048576K
2020-11-07T19:56:15.860+0800: 59.009: [GC (Allocation Failure) 2020-11-07T19:56:15.860+0800: 59.009: [ParNew: 8671K->347K(9216K), 0.0140915 secs] 57808K->49521K(90996K), 0.0141481 secs] [Times: user=0.02 sys=0.00, real=0.01 secs] 
Heap after GC invocations=744 (full 73):
 par new generation   total 9216K, used 347K [0x00000000e3400000, 0x00000000e3e00000, 0x00000000ecca0000)
  eden space 8192K,   0% used [0x00000000e3400000, 0x00000000e3400000, 0x00000000e3c00000)
  from space 1024K,  33% used [0x00000000e3c00000, 0x00000000e3c56da0, 0x00000000e3d00000)
  to   space 1024K,   0% used [0x00000000e3d00000, 0x00000000e3d00000, 0x00000000e3e00000)
 concurrent mark-sweep generation total 81780K, used 49174K [0x00000000ecca0000, 0x00000000f1c7d000, 0x0000000100000000)
 Metaspace       used 65672K, capacity 68662K, committed 68992K, reserved 1110016K
  class space    used 8401K, capacity 8981K, committed 9088K, reserved 1048576K
}
2020-11-07T19:56:15.920+0800: 59.070: Application time: 0.0460367 seconds
{Heap before GC invocations=744 (full 73):
 par new generation   total 9216K, used 8539K [0x00000000e3400000, 0x00000000e3e00000, 0x00000000ecca0000)
  eden space 8192K, 100% used [0x00000000e3400000, 0x00000000e3c00000, 0x00000000e3c00000)
  from space 1024K,  33% used [0x00000000e3c00000, 0x00000000e3c56da0, 0x00000000e3d00000)
  to   space 1024K,   0% used [0x00000000e3d00000, 0x00000000e3d00000, 0x00000000e3e00000)
 concurrent mark-sweep generation total 81780K, used 49174K [0x00000000ecca0000, 0x00000000f1c7d000, 0x0000000100000000)
 Metaspace       used 65687K, capacity 68674K, committed 68992K, reserved 1110016K
  class space    used 8402K, capacity 8983K, committed 9088K, reserved 1048576K
2020-11-07T19:56:15.920+0800: 59.070: [GC (Allocation Failure) 2020-11-07T19:56:15.920+0800: 59.070: [ParNew: 8539K->409K(9216K), 0.0176150 secs] 57713K->49625K(90996K), 0.0176777 secs] [Times: user=0.02 sys=0.00, real=0.02 secs] 
Heap after GC invocations=745 (full 73):
 par new generation   total 9216K, used 409K [0x00000000e3400000, 0x00000000e3e00000, 0x00000000ecca0000)
  eden space 8192K,   0% used [0x00000000e3400000, 0x00000000e3400000, 0x00000000e3c00000)
  from space 1024K,  39% used [0x00000000e3d00000, 0x00000000e3d66620, 0x00000000e3e00000)
  to   space 1024K,   0% used [0x00000000e3c00000, 0x00000000e3c00000, 0x00000000e3d00000)
 concurrent mark-sweep generation total 81780K, used 49215K [0x00000000ecca0000, 0x00000000f1c7d000, 0x0000000100000000)
 Metaspace       used 65687K, capacity 68674K, committed 68992K, reserved 1110016K
  class space    used 8402K, capacity 8983K, committed 9088K, reserved 1048576K
}
2020-11-07T19:56:15.981+0800: 59.131: Application time: 0.0436110 seconds
{Heap before GC invocations=745 (full 73):
 par new generation   total 9216K, used 8601K [0x00000000e3400000, 0x00000000e3e00000, 0x00000000ecca0000)
  eden space 8192K, 100% used [0x00000000e3400000, 0x00000000e3c00000, 0x00000000e3c00000)
  from space 1024K,  39% used [0x00000000e3d00000, 0x00000000e3d66620, 0x00000000e3e00000)
  to   space 1024K,   0% used [0x00000000e3c00000, 0x00000000e3c00000, 0x00000000e3d00000)
 concurrent mark-sweep generation total 81780K, used 49215K [0x00000000ecca0000, 0x00000000f1c7d000, 0x0000000100000000)
 Metaspace       used 65702K, capacity 68674K, committed 68992K, reserved 1110016K
  class space    used 8403K, capacity 8983K, committed 9088K, reserved 1048576K
2020-11-07T19:56:15.982+0800: 59.131: [GC (Allocation Failure) 2020-11-07T19:56:15.982+0800: 59.131: [ParNew: 8601K->414K(9216K), 0.0310863 secs] 57817K->49665K(90996K), 0.0311670 secs] [Times: user=0.03 sys=0.01, real=0.03 secs] 
Heap after GC invocations=746 (full 73):
 par new generation   total 9216K, used 414K [0x00000000e3400000, 0x00000000e3e00000, 0x00000000ecca0000)
  eden space 8192K,   0% used [0x00000000e3400000, 0x00000000e3400000, 0x00000000e3c00000)
  from space 1024K,  40% used [0x00000000e3c00000, 0x00000000e3c67b60, 0x00000000e3d00000)
  to   space 1024K,   0% used [0x00000000e3d00000, 0x00000000e3d00000, 0x00000000e3e00000)
 concurrent mark-sweep generation total 81780K, used 49250K [0x00000000ecca0000, 0x00000000f1c7d000, 0x0000000100000000)
 Metaspace       used 65702K, capacity 68674K, committed 68992K, reserved 1110016K
  class space    used 8403K, capacity 8983K, committed 9088K, reserved 1048576K
}
2020-11-07T19:56:16.042+0800: 59.192: Application time: 0.0289352 seconds
2020-11-07T19:56:16.056+0800: 59.205: Application time: 0.0135072 seconds
{Heap before GC invocations=746 (full 73):
 par new generation   total 9216K, used 8606K [0x00000000e3400000, 0x00000000e3e00000, 0x00000000ecca0000)
  eden space 8192K, 100% used [0x00000000e3400000, 0x00000000e3c00000, 0x00000000e3c00000)
  from space 1024K,  40% used [0x00000000e3c00000, 0x00000000e3c67b60, 0x00000000e3d00000)
  to   space 1024K,   0% used [0x00000000e3d00000, 0x00000000e3d00000, 0x00000000e3e00000)
 concurrent mark-sweep generation total 81780K, used 49250K [0x00000000ecca0000, 0x00000000f1c7d000, 0x0000000100000000)
 Metaspace       used 65719K, capacity 68674K, committed 68992K, reserved 1110016K
  class space    used 8405K, capacity 8983K, committed 9088K, reserved 1048576K
2020-11-07T19:56:16.056+0800: 59.205: [GC (Allocation Failure) 2020-11-07T19:56:16.056+0800: 59.205: [ParNew: 8606K->415K(9216K), 0.0311570 secs] 57857K->49697K(90996K), 0.0312167 secs] [Times: user=0.03 sys=0.00, real=0.03 secs] 
Heap after GC invocations=747 (full 73):
 par new generation   total 9216K, used 415K [0x00000000e3400000, 0x00000000e3e00000, 0x00000000ecca0000)
  eden space 8192K,   0% used [0x00000000e3400000, 0x00000000e3400000, 0x00000000e3c00000)
  from space 1024K,  40% used [0x00000000e3d00000, 0x00000000e3d67f50, 0x00000000e3e00000)
  to   space 1024K,   0% used [0x00000000e3c00000, 0x00000000e3c00000, 0x00000000e3d00000)
 concurrent mark-sweep generation total 81780K, used 49282K [0x00000000ecca0000, 0x00000000f1c7d000, 0x0000000100000000)
 Metaspace       used 65719K, capacity 68674K, committed 68992K, reserved 1110016K
  class space    used 8405K, capacity 8983K, committed 9088K, reserved 1048576K
}
2020-11-07T19:56:16.102+0800: 59.251: Application time: 0.0146558 seconds
{Heap before GC invocations=747 (full 73):
 par new generation   total 9216K, used 8607K [0x00000000e3400000, 0x00000000e3e00000, 0x00000000ecca0000)
  eden space 8192K, 100% used [0x00000000e3400000, 0x00000000e3c00000, 0x00000000e3c00000)
  from space 1024K,  40% used [0x00000000e3d00000, 0x00000000e3d67f50, 0x00000000e3e00000)
  to   space 1024K,   0% used [0x00000000e3c00000, 0x00000000e3c00000, 0x00000000e3d00000)
 concurrent mark-sweep generation total 81780K, used 49282K [0x00000000ecca0000, 0x00000000f1c7d000, 0x0000000100000000)
 Metaspace       used 65720K, capacity 68674K, committed 68992K, reserved 1110016K
  class space    used 8405K, capacity 8983K, committed 9088K, reserved 1048576K
2020-11-07T19:56:16.102+0800: 59.251: [GC (Allocation Failure) 2020-11-07T19:56:16.102+0800: 59.251: [ParNew: 8607K->401K(9216K), 0.0210195 secs] 57889K->49715K(90996K), 0.0210812 secs] [Times: user=0.02 sys=0.00, real=0.02 secs] 
Heap after GC invocations=748 (full 73):
 par new generation   total 9216K, used 401K [0x00000000e3400000, 0x00000000e3e00000, 0x00000000ecca0000)
  eden space 8192K,   0% used [0x00000000e3400000, 0x00000000e3400000, 0x00000000e3c00000)
  from space 1024K,  39% used [0x00000000e3c00000, 0x00000000e3c646e0, 0x00000000e3d00000)
  to   space 1024K,   0% used [0x00000000e3d00000, 0x00000000e3d00000, 0x00000000e3e00000)
 concurrent mark-sweep generation total 81780K, used 49313K [0x00000000ecca0000, 0x00000000f1c7d000, 0x0000000100000000)
 Metaspace       used 65720K, capacity 68674K, committed 68992K, reserved 1110016K
  class space    used 8405K, capacity 8983K, committed 9088K, reserved 1048576K
}
2020-11-07T19:56:16.130+0800: 59.280: [CMS-concurrent-mark: 0.234/0.424 secs] [Times: user=0.42 sys=0.01, real=0.42 secs] 
2020-11-07T19:56:16.130+0800: 59.280: [CMS-concurrent-preclean-start]
2020-11-07T19:56:16.134+0800: 59.284: [CMS-concurrent-preclean: 0.004/0.004 secs] [Times: user=0.00 sys=0.00, real=0.00 secs] 
2020-11-07T19:56:16.145+0800: 59.294: Application time: 0.0217702 seconds
2020-11-07T19:56:16.151+0800: 59.300: [GC (CMS Final Remark) [YG occupancy: 4508 K (9216 K)]2020-11-07T19:56:16.151+0800: 59.300: [Rescan (parallel) , 0.0070435 secs]2020-11-07T19:56:16.158+0800: 59.307: [weak refs processing, 0.0030681 secs]2020-11-07T19:56:16.161+0800: 59.310: [class unloading, 0.0344873 secs]2020-11-07T19:56:16.195+0800: 59.345: [scrub symbol table, 0.0459307 secs]2020-11-07T19:56:16.241+0800: 59.391: [scrub string table, 0.0161975 secs][1 CMS-remark: 49313K(81780K)] 53822K(90996K), 0.1071471 secs] [Times: user=0.11 sys=0.00, real=0.11 secs] 
2020-11-07T19:56:16.264+0800: 59.413: [CMS-concurrent-sweep-start]
2020-11-07T19:56:16.284+0800: 59.433: Application time: 0.0258439 seconds
{Heap before GC invocations=748 (full 73):
 par new generation   total 9216K, used 8593K [0x00000000e3400000, 0x00000000e3e00000, 0x00000000ecca0000)
  eden space 8192K, 100% used [0x00000000e3400000, 0x00000000e3c00000, 0x00000000e3c00000)
  from space 1024K,  39% used [0x00000000e3c00000, 0x00000000e3c646e0, 0x00000000e3d00000)
  to   space 1024K,   0% used [0x00000000e3d00000, 0x00000000e3d00000, 0x00000000e3e00000)
 concurrent mark-sweep generation total 81780K, used 49255K [0x00000000ecca0000, 0x00000000f1c7d000, 0x0000000100000000)
 Metaspace       used 65737K, capacity 68770K, committed 68992K, reserved 1110016K
  class space    used 8408K, capacity 9015K, committed 9088K, reserved 1048576K
2020-11-07T19:56:16.284+0800: 59.433: [GC (Allocation Failure) 2020-11-07T19:56:16.284+0800: 59.434: [ParNew: 8593K->399K(9216K), 0.0399925 secs] 57849K->49681K(90996K), 0.0400718 secs] [Times: user=0.04 sys=0.00, real=0.04 secs] 
Heap after GC invocations=749 (full 73):
 par new generation   total 9216K, used 399K [0x00000000e3400000, 0x00000000e3e00000, 0x00000000ecca0000)
  eden space 8192K,   0% used [0x00000000e3400000, 0x00000000e3400000, 0x00000000e3c00000)
  from space 1024K,  38% used [0x00000000e3d00000, 0x00000000e3d63d28, 0x00000000e3e00000)
  to   space 1024K,   0% used [0x00000000e3c00000, 0x00000000e3c00000, 0x00000000e3d00000)
 concurrent mark-sweep generation total 81780K, used 49281K [0x00000000ecca0000, 0x00000000f1c7d000, 0x0000000100000000)
 Metaspace       used 65737K, capacity 68770K, committed 68992K, reserved 1110016K
  class space    used 8408K, capacity 9015K, committed 9088K, reserved 1048576K
}
2020-11-07T19:56:16.353+0800: 59.502: [CMS-concurrent-sweep: 0.044/0.089 secs] [Times: user=0.09 sys=0.00, real=0.09 secs] 
2020-11-07T19:56:16.353+0800: 59.502: [CMS-concurrent-reset-start]
2020-11-07T19:56:16.354+0800: 59.503: [CMS-concurrent-reset: 0.001/0.001 secs] [Times: user=0.00 sys=0.00, real=0.00 secs] 
2020-11-07T19:56:16.355+0800: 59.504: Application time: 0.0307828 seconds
{Heap before GC invocations=749 (full 73):
 par new generation   total 9216K, used 8591K [0x00000000e3400000, 0x00000000e3e00000, 0x00000000ecca0000)
  eden space 8192K, 100% used [0x00000000e3400000, 0x00000000e3c00000, 0x00000000e3c00000)
  from space 1024K,  38% used [0x00000000e3d00000, 0x00000000e3d63d28, 0x00000000e3e00000)
  to   space 1024K,   0% used [0x00000000e3c00000, 0x00000000e3c00000, 0x00000000e3d00000)
 concurrent mark-sweep generation total 81780K, used 47626K [0x00000000ecca0000, 0x00000000f1c7d000, 0x0000000100000000)
 Metaspace       used 65649K, capacity 68616K, committed 68992K, reserved 1110016K
  class space    used 8393K, capacity 8984K, committed 9088K, reserved 1048576K
2020-11-07T19:56:16.355+0800: 59.505: [GC (Allocation Failure) 2020-11-07T19:56:16.355+0800: 59.505: [ParNew: 8591K->413K(9216K), 0.0357960 secs] 56217K->48080K(90996K), 0.0358844 secs] [Times: user=0.04 sys=0.00, real=0.03 secs] 
Heap after GC invocations=750 (full 73):
 par new generation   total 9216K, used 413K [0x00000000e3400000, 0x00000000e3e00000, 0x00000000ecca0000)
  eden space 8192K,   0% used [0x00000000e3400000, 0x00000000e3400000, 0x00000000e3c00000)
  from space 1024K,  40% used [0x00000000e3c00000, 0x00000000e3c676c0, 0x00000000e3d00000)
  to   space 1024K,   0% used [0x00000000e3d00000, 0x00000000e3d00000, 0x00000000e3e00000)
 concurrent mark-sweep generation total 81780K, used 47666K [0x00000000ecca0000, 0x00000000f1c7d000, 0x0000000100000000)
 Metaspace       used 65649K, capacity 68616K, committed 68992K, reserved 1110016K
  class space    used 8393K, capacity 8984K, committed 9088K, reserved 1048576K
}
2020-11-07T19:56:16.401+0800: 59.551: Application time: 0.0103661 seconds
{Heap before GC invocations=750 (full 73):
 par new generation   total 9216K, used 8605K [0x00000000e3400000, 0x00000000e3e00000, 0x00000000ecca0000)
  eden space 8192K, 100% used [0x00000000e3400000, 0x00000000e3c00000, 0x00000000e3c00000)
  from space 1024K,  40% used [0x00000000e3c00000, 0x00000000e3c676c0, 0x00000000e3d00000)
  to   space 1024K,   0% used [0x00000000e3d00000, 0x00000000e3d00000, 0x00000000e3e00000)
 concurrent mark-sweep generation total 81780K, used 47666K [0x00000000ecca0000, 0x00000000f1c7d000, 0x0000000100000000)
 Metaspace       used 65650K, capacity 68616K, committed 68992K, reserved 1110016K
  class space    used 8393K, capacity 8984K, committed 9088K, reserved 1048576K
2020-11-07T19:56:16.402+0800: 59.551: [GC (Allocation Failure) 2020-11-07T19:56:16.402+0800: 59.551: [ParNew: 8605K->393K(9216K), 0.2412606 secs] 56272K->48087K(90996K), 0.2413141 secs] [Times: user=0.23 sys=0.01, real=0.24 secs] 
Heap after GC invocations=751 (full 73):
 par new generation   total 9216K, used 393K [0x00000000e3400000, 0x00000000e3e00000, 0x00000000ecca0000)
  eden space 8192K,   0% used [0x00000000e3400000, 0x00000000e3400000, 0x00000000e3c00000)
  from space 1024K,  38% used [0x00000000e3d00000, 0x00000000e3d627a0, 0x00000000e3e00000)
  to   space 1024K,   0% used [0x00000000e3c00000, 0x00000000e3c00000, 0x00000000e3d00000)
 concurrent mark-sweep generation total 81780K, used 47693K [0x00000000ecca0000, 0x00000000f1c7d000, 0x0000000100000000)
 Metaspace       used 65650K, capacity 68616K, committed 68992K, reserved 1110016K
  class space    used 8393K, capacity 8984K, committed 9088K, reserved 1048576K
}
2020-11-07T19:56:16.662+0800: 59.811: Application time: 0.0188202 seconds
{Heap before GC invocations=751 (full 73):
 par new generation   total 9216K, used 8585K [0x00000000e3400000, 0x00000000e3e00000, 0x00000000ecca0000)
  eden space 8192K, 100% used [0x00000000e3400000, 0x00000000e3c00000, 0x00000000e3c00000)
  from space 1024K,  38% used [0x00000000e3d00000, 0x00000000e3d627a0, 0x00000000e3e00000)
  to   space 1024K,   0% used [0x00000000e3c00000, 0x00000000e3c00000, 0x00000000e3d00000)
 concurrent mark-sweep generation total 81780K, used 47693K [0x00000000ecca0000, 0x00000000f1c7d000, 0x0000000100000000)
 Metaspace       used 65652K, capacity 68616K, committed 68992K, reserved 1110016K
  class space    used 8395K, capacity 8984K, committed 9088K, reserved 1048576K
2020-11-07T19:56:16.662+0800: 59.812: [GC (Allocation Failure) 2020-11-07T19:56:16.662+0800: 59.812: [ParNew: 8585K->386K(9216K), 0.0144384 secs] 56279K->48134K(90996K), 0.0144960 secs] [Times: user=0.01 sys=0.00, real=0.02 secs] 
Heap after GC invocations=752 (full 73):
 par new generation   total 9216K, used 386K [0x00000000e3400000, 0x00000000e3e00000, 0x00000000ecca0000)
  eden space 8192K,   0% used [0x00000000e3400000, 0x00000000e3400000, 0x00000000e3c00000)
  from space 1024K,  37% used [0x00000000e3c00000, 0x00000000e3c60a40, 0x00000000e3d00000)
  to   space 1024K,   0% used [0x00000000e3d00000, 0x00000000e3d00000, 0x00000000e3e00000)
 concurrent mark-sweep generation total 81780K, used 47748K [0x00000000ecca0000, 0x00000000f1c7d000, 0x0000000100000000)
 Metaspace       used 65652K, capacity 68616K, committed 68992K, reserved 1110016K
  class space    used 8395K, capacity 8984K, committed 9088K, reserved 1048576K
}
2020-11-07T19:56:16.694+0800: 59.843: Application time: 0.0172517 seconds
{Heap before GC invocations=752 (full 73):
 par new generation   total 9216K, used 8578K [0x00000000e3400000, 0x00000000e3e00000, 0x00000000ecca0000)
  eden space 8192K, 100% used [0x00000000e3400000, 0x00000000e3c00000, 0x00000000e3c00000)
  from space 1024K,  37% used [0x00000000e3c00000, 0x00000000e3c60a40, 0x00000000e3d00000)
  to   space 1024K,   0% used [0x00000000e3d00000, 0x00000000e3d00000, 0x00000000e3e00000)
 concurrent mark-sweep generation total 81780K, used 47748K [0x00000000ecca0000, 0x00000000f1c7d000, 0x0000000100000000)
 Metaspace       used 65658K, capacity 68616K, committed 68992K, reserved 1110016K
  class space    used 8398K, capacity 8984K, committed 9088K, reserved 1048576K
2020-11-07T19:56:16.694+0800: 59.844: [GC (Allocation Failure) 2020-11-07T19:56:16.694+0800: 59.844: [ParNew: 8578K->388K(9216K), 0.0226748 secs] 56326K->48157K(90996K), 0.0227298 secs] [Times: user=0.02 sys=0.00, real=0.03 secs] 
Heap after GC invocations=753 (full 73):
 par new generation   total 9216K, used 388K [0x00000000e3400000, 0x00000000e3e00000, 0x00000000ecca0000)
  eden space 8192K,   0% used [0x00000000e3400000, 0x00000000e3400000, 0x00000000e3c00000)
  from space 1024K,  37% used [0x00000000e3d00000, 0x00000000e3d61378, 0x00000000e3e00000)
  to   space 1024K,   0% used [0x00000000e3c00000, 0x00000000e3c00000, 0x00000000e3d00000)
 concurrent mark-sweep generation total 81780K, used 47768K [0x00000000ecca0000, 0x00000000f1c7d000, 0x0000000100000000)
 Metaspace       used 65658K, capacity 68616K, committed 68992K, reserved 1110016K
  class space    used 8398K, capacity 8984K, committed 9088K, reserved 1048576K
}
2020-11-07T19:56:16.728+0800: 59.878: Application time: 0.0116205 seconds
{Heap before GC invocations=753 (full 73):
 par new generation   total 9216K, used 8580K [0x00000000e3400000, 0x00000000e3e00000, 0x00000000ecca0000)
  eden space 8192K, 100% used [0x00000000e3400000, 0x00000000e3c00000, 0x00000000e3c00000)
  from space 1024K,  37% used [0x00000000e3d00000, 0x00000000e3d61378, 0x00000000e3e00000)
  to   space 1024K,   0% used [0x00000000e3c00000, 0x00000000e3c00000, 0x00000000e3d00000)
 concurrent mark-sweep generation total 81780K, used 47768K [0x00000000ecca0000, 0x00000000f1c7d000, 0x0000000100000000)
 Metaspace       used 65659K, capacity 68616K, committed 68992K, reserved 1110016K
  class space    used 8398K, capacity 8984K, committed 9088K, reserved 1048576K
2020-11-07T19:56:16.729+0800: 59.878: [GC (Allocation Failure) 2020-11-07T19:56:16.729+0800: 59.878: [ParNew: 8580K->383K(9216K), 0.0165999 secs] 56349K->48192K(90996K), 0.0166557 secs] [Times: user=0.02 sys=0.00, real=0.02 secs] 
Heap after GC invocations=754 (full 73):
 par new generation   total 9216K, used 383K [0x00000000e3400000, 0x00000000e3e00000, 0x00000000ecca0000)
  eden space 8192K,   0% used [0x00000000e3400000, 0x00000000e3400000, 0x00000000e3c00000)
  from space 1024K,  37% used [0x00000000e3c00000, 0x00000000e3c5ffb8, 0x00000000e3d00000)
  to   space 1024K,   0% used [0x00000000e3d00000, 0x00000000e3d00000, 0x00000000e3e00000)
 concurrent mark-sweep generation total 81780K, used 47808K [0x00000000ecca0000, 0x00000000f1c7d000, 0x0000000100000000)
 Metaspace       used 65659K, capacity 68616K, committed 68992K, reserved 1110016K
  class space    used 8398K, capacity 8984K, committed 9088K, reserved 1048576K
}
2020-11-07T19:56:16.785+0800: 59.934: Application time: 0.0393841 seconds
{Heap before GC invocations=754 (full 73):
 par new generation   total 9216K, used 8575K [0x00000000e3400000, 0x00000000e3e00000, 0x00000000ecca0000)
  eden space 8192K, 100% used [0x00000000e3400000, 0x00000000e3c00000, 0x00000000e3c00000)
  from space 1024K,  37% used [0x00000000e3c00000, 0x00000000e3c5ffb8, 0x00000000e3d00000)
  to   space 1024K,   0% used [0x00000000e3d00000, 0x00000000e3d00000, 0x00000000e3e00000)
 concurrent mark-sweep generation total 81780K, used 47808K [0x00000000ecca0000, 0x00000000f1c7d000, 0x0000000100000000)
 Metaspace       used 65679K, capacity 68624K, committed 68992K, reserved 1110016K
  class space    used 8403K, capacity 8986K, committed 9088K, reserved 1048576K
2020-11-07T19:56:16.785+0800: 59.934: [GC (Allocation Failure) 2020-11-07T19:56:16.785+0800: 59.934: [ParNew: 8575K->388K(9216K), 0.0230785 secs] 56384K->48233K(90996K), 0.0231453 secs] [Times: user=0.02 sys=0.00, real=0.02 secs] 
Heap after GC invocations=755 (full 73):
 par new generation   total 9216K, used 388K [0x00000000e3400000, 0x00000000e3e00000, 0x00000000ecca0000)
  eden space 8192K,   0% used [0x00000000e3400000, 0x00000000e3400000, 0x00000000e3c00000)
  from space 1024K,  37% used [0x00000000e3d00000, 0x00000000e3d61340, 0x00000000e3e00000)
  to   space 1024K,   0% used [0x00000000e3c00000, 0x00000000e3c00000, 0x00000000e3d00000)
 concurrent mark-sweep generation total 81780K, used 47844K [0x00000000ecca0000, 0x00000000f1c7d000, 0x0000000100000000)
 Metaspace       used 65679K, capacity 68624K, committed 68992K, reserved 1110016K
  class space    used 8403K, capacity 8986K, committed 9088K, reserved 1048576K
}
2020-11-07T19:56:16.826+0800: 59.975: Application time: 0.0175216 seconds
{Heap before GC invocations=755 (full 73):
 par new generation   total 9216K, used 8580K [0x00000000e3400000, 0x00000000e3e00000, 0x00000000ecca0000)
  eden space 8192K, 100% used [0x00000000e3400000, 0x00000000e3c00000, 0x00000000e3c00000)
  from space 1024K,  37% used [0x00000000e3d00000, 0x00000000e3d61340, 0x00000000e3e00000)
  to   space 1024K,   0% used [0x00000000e3c00000, 0x00000000e3c00000, 0x00000000e3d00000)
 concurrent mark-sweep generation total 81780K, used 47844K [0x00000000ecca0000, 0x00000000f1c7d000, 0x0000000100000000)
 Metaspace       used 65689K, capacity 68624K, committed 68992K, reserved 1110016K
  class space    used 8404K, capacity 8986K, committed 9088K, reserved 1048576K
2020-11-07T19:56:16.826+0800: 59.975: [GC (Allocation Failure) 2020-11-07T19:56:16.826+0800: 59.975: [ParNew: 8580K->388K(9216K), 0.0238298 secs] 56425K->48264K(90996K), 0.0238869 secs] [Times: user=0.02 sys=0.00, real=0.02 secs] 
Heap after GC invocations=756 (full 73):
 par new generation   total 9216K, used 388K [0x00000000e3400000, 0x00000000e3e00000, 0x00000000ecca0000)
  eden space 8192K,   0% used [0x00000000e3400000, 0x00000000e3400000, 0x00000000e3c00000)
  from space 1024K,  37% used [0x00000000e3c00000, 0x00000000e3c61398, 0x00000000e3d00000)
  to   space 1024K,   0% used [0x00000000e3d00000, 0x00000000e3d00000, 0x00000000e3e00000)
 concurrent mark-sweep generation total 81780K, used 47875K [0x00000000ecca0000, 0x00000000f1c7d000, 0x0000000100000000)
 Metaspace       used 65689K, capacity 68624K, committed 68992K, reserved 1110016K
  class space    used 8404K, capacity 8986K, committed 9088K, reserved 1048576K
}
2020-11-07T19:56:16.863+0800: 60.013: Application time: 0.0137245 seconds
{Heap before GC invocations=756 (full 73):
 par new generation   total 9216K, used 8580K [0x00000000e3400000, 0x00000000e3e00000, 0x00000000ecca0000)
  eden space 8192K, 100% used [0x00000000e3400000, 0x00000000e3c00000, 0x00000000e3c00000)
  from space 1024K,  37% used [0x00000000e3c00000, 0x00000000e3c61398, 0x00000000e3d00000)
  to   space 1024K,   0% used [0x00000000e3d00000, 0x00000000e3d00000, 0x00000000e3e00000)
 concurrent mark-sweep generation total 81780K, used 47875K [0x00000000ecca0000, 0x00000000f1c7d000, 0x0000000100000000)
 Metaspace       used 65689K, capacity 68624K, committed 68992K, reserved 1110016K
  class space    used 8404K, capacity 8986K, committed 9088K, reserved 1048576K
2020-11-07T19:56:16.864+0800: 60.013: [GC (Allocation Failure) 2020-11-07T19:56:16.864+0800: 60.013: [ParNew: 8580K->372K(9216K), 0.0063640 secs] 56456K->48273K(90996K), 0.0064165 secs] [Times: user=0.01 sys=0.00, real=0.01 secs] 
Heap after GC invocations=757 (full 73):
 par new generation   total 9216K, used 372K [0x00000000e3400000, 0x00000000e3e00000, 0x00000000ecca0000)
  eden space 8192K,   0% used [0x00000000e3400000, 0x00000000e3400000, 0x00000000e3c00000)
  from space 1024K,  36% used [0x00000000e3d00000, 0x00000000e3d5d390, 0x00000000e3e00000)
  to   space 1024K,   0% used [0x00000000e3c00000, 0x00000000e3c00000, 0x00000000e3d00000)
 concurrent mark-sweep generation total 81780K, used 47900K [0x00000000ecca0000, 0x00000000f1c7d000, 0x0000000100000000)
 Metaspace       used 65689K, capacity 68624K, committed 68992K, reserved 1110016K
  class space    used 8404K, capacity 8986K, committed 9088K, reserved 1048576K
}
2020-11-07T19:56:16.888+0800: 60.037: Application time: 0.0177743 seconds
{Heap before GC invocations=757 (full 73):
 par new generation   total 9216K, used 8564K [0x00000000e3400000, 0x00000000e3e00000, 0x00000000ecca0000)
  eden space 8192K, 100% used [0x00000000e3400000, 0x00000000e3c00000, 0x00000000e3c00000)
  from space 1024K,  36% used [0x00000000e3d00000, 0x00000000e3d5d390, 0x00000000e3e00000)
  to   space 1024K,   0% used [0x00000000e3c00000, 0x00000000e3c00000, 0x00000000e3d00000)
 concurrent mark-sweep generation total 81780K, used 47900K [0x00000000ecca0000, 0x00000000f1c7d000, 0x0000000100000000)
 Metaspace       used 65699K, capacity 68628K, committed 68992K, reserved 1110016K
  class space    used 8406K, capacity 8988K, committed 9088K, reserved 1048576K
2020-11-07T19:56:16.888+0800: 60.038: [GC (Allocation Failure) 2020-11-07T19:56:16.888+0800: 60.038: [ParNew: 8564K->299K(9216K), 0.0230755 secs] 56465K->48241K(90996K), 0.0231527 secs] [Times: user=0.02 sys=0.00, real=0.02 secs] 
Heap after GC invocations=758 (full 73):
 par new generation   total 9216K, used 299K [0x00000000e3400000, 0x00000000e3e00000, 0x00000000ecca0000)
  eden space 8192K,   0% used [0x00000000e3400000, 0x00000000e3400000, 0x00000000e3c00000)
  from space 1024K,  29% used [0x00000000e3c00000, 0x00000000e3c4aec0, 0x00000000e3d00000)
  to   space 1024K,   0% used [0x00000000e3d00000, 0x00000000e3d00000, 0x00000000e3e00000)
 concurrent mark-sweep generation total 81780K, used 47941K [0x00000000ecca0000, 0x00000000f1c7d000, 0x0000000100000000)
 Metaspace       used 65699K, capacity 68628K, committed 68992K, reserved 1110016K
  class space    used 8406K, capacity 8988K, committed 9088K, reserved 1048576K
}
2020-11-07T19:56:16.938+0800: 60.087: Application time: 0.0263178 seconds
{Heap before GC invocations=758 (full 73):
 par new generation   total 9216K, used 8491K [0x00000000e3400000, 0x00000000e3e00000, 0x00000000ecca0000)
  eden space 8192K, 100% used [0x00000000e3400000, 0x00000000e3c00000, 0x00000000e3c00000)
  from space 1024K,  29% used [0x00000000e3c00000, 0x00000000e3c4aec0, 0x00000000e3d00000)
  to   space 1024K,   0% used [0x00000000e3d00000, 0x00000000e3d00000, 0x00000000e3e00000)
 concurrent mark-sweep generation total 81780K, used 47941K [0x00000000ecca0000, 0x00000000f1c7d000, 0x0000000100000000)
 Metaspace       used 65723K, capacity 68698K, committed 68992K, reserved 1110016K
  class space    used 8410K, capacity 8989K, committed 9088K, reserved 1048576K
2020-11-07T19:56:16.938+0800: 60.087: [GC (Allocation Failure) 2020-11-07T19:56:16.938+0800: 60.087: [ParNew: 8491K->379K(9216K), 0.0234995 secs] 56433K->48345K(90996K), 0.0235594 secs] [Times: user=0.02 sys=0.00, real=0.02 secs] 
Heap after GC invocations=759 (full 73):
 par new generation   total 9216K, used 379K [0x00000000e3400000, 0x00000000e3e00000, 0x00000000ecca0000)
  eden space 8192K,   0% used [0x00000000e3400000, 0x00000000e3400000, 0x00000000e3c00000)
  from space 1024K,  37% used [0x00000000e3d00000, 0x00000000e3d5ef90, 0x00000000e3e00000)
  to   space 1024K,   0% used [0x00000000e3c00000, 0x00000000e3c00000, 0x00000000e3d00000)
 concurrent mark-sweep generation total 81780K, used 47965K [0x00000000ecca0000, 0x00000000f1c7d000, 0x0000000100000000)
 Metaspace       used 65723K, capacity 68698K, committed 68992K, reserved 1110016K
  class space    used 8410K, capacity 8989K, committed 9088K, reserved 1048576K
}
2020-11-07T19:56:16.975+0800: 60.125: Application time: 0.0136874 seconds
{Heap before GC invocations=759 (full 73):
 par new generation   total 9216K, used 8571K [0x00000000e3400000, 0x00000000e3e00000, 0x00000000ecca0000)
  eden space 8192K, 100% used [0x00000000e3400000, 0x00000000e3c00000, 0x00000000e3c00000)
  from space 1024K,  37% used [0x00000000e3d00000, 0x00000000e3d5ef90, 0x00000000e3e00000)
  to   space 1024K,   0% used [0x00000000e3c00000, 0x00000000e3c00000, 0x00000000e3d00000)
 concurrent mark-sweep generation total 81780K, used 47965K [0x00000000ecca0000, 0x00000000f1c7d000, 0x0000000100000000)
 Metaspace       used 65725K, capacity 68698K, committed 68992K, reserved 1110016K
  class space    used 8411K, capacity 8989K, committed 9088K, reserved 1048576K
2020-11-07T19:56:16.975+0800: 60.125: [GC (Allocation Failure) 2020-11-07T19:56:16.975+0800: 60.125: [ParNew: 8571K->379K(9216K), 0.0216555 secs] 56537K->48365K(90996K), 0.0217122 secs] [Times: user=0.03 sys=0.00, real=0.02 secs] 
Heap after GC invocations=760 (full 73):
 par new generation   total 9216K, used 379K [0x00000000e3400000, 0x00000000e3e00000, 0x00000000ecca0000)
  eden space 8192K,   0% used [0x00000000e3400000, 0x00000000e3400000, 0x00000000e3c00000)
  from space 1024K,  37% used [0x00000000e3c00000, 0x00000000e3c5efe0, 0x00000000e3d00000)
  to   space 1024K,   0% used [0x00000000e3d00000, 0x00000000e3d00000, 0x00000000e3e00000)
 concurrent mark-sweep generation total 81780K, used 47985K [0x00000000ecca0000, 0x00000000f1c7d000, 0x0000000100000000)
 Metaspace       used 65725K, capacity 68698K, committed 68992K, reserved 1110016K
  class space    used 8411K, capacity 8989K, committed 9088K, reserved 1048576K
}
2020-11-07T19:56:17.010+0800: 60.160: Application time: 0.0133499 seconds
{Heap before GC invocations=760 (full 73):
 par new generation   total 9216K, used 8571K [0x00000000e3400000, 0x00000000e3e00000, 0x00000000ecca0000)
  eden space 8192K, 100% used [0x00000000e3400000, 0x00000000e3c00000, 0x00000000e3c00000)
  from space 1024K,  37% used [0x00000000e3c00000, 0x00000000e3c5efe0, 0x00000000e3d00000)
  to   space 1024K,   0% used [0x00000000e3d00000, 0x00000000e3d00000, 0x00000000e3e00000)
 concurrent mark-sweep generation total 81780K, used 47985K [0x00000000ecca0000, 0x00000000f1c7d000, 0x0000000100000000)
 Metaspace       used 65735K, capacity 68698K, committed 68992K, reserved 1110016K
  class space    used 8412K, capacity 8989K, committed 9088K, reserved 1048576K
2020-11-07T19:56:17.011+0800: 60.160: [GC (Allocation Failure) 2020-11-07T19:56:17.011+0800: 60.160: [ParNew: 8571K->383K(9216K), 0.0161304 secs] 56557K->48412K(90996K), 0.0161891 secs] [Times: user=0.02 sys=0.00, real=0.02 secs] 
Heap after GC invocations=761 (full 73):
 par new generation   total 9216K, used 383K [0x00000000e3400000, 0x00000000e3e00000, 0x00000000ecca0000)
  eden space 8192K,   0% used [0x00000000e3400000, 0x00000000e3400000, 0x00000000e3c00000)
  from space 1024K,  37% used [0x00000000e3d00000, 0x00000000e3d5ffa0, 0x00000000e3e00000)
  to   space 1024K,   0% used [0x00000000e3c00000, 0x00000000e3c00000, 0x00000000e3d00000)
 concurrent mark-sweep generation total 81780K, used 48028K [0x00000000ecca0000, 0x00000000f1c7d000, 0x0000000100000000)
 Metaspace       used 65735K, capacity 68698K, committed 68992K, reserved 1110016K
  class space    used 8412K, capacity 8989K, committed 9088K, reserved 1048576K
}
2020-11-07T19:56:17.042+0800: 60.192: Application time: 0.0151149 seconds
{Heap before GC invocations=761 (full 73):
 par new generation   total 9216K, used 8575K [0x00000000e3400000, 0x00000000e3e00000, 0x00000000ecca0000)
  eden space 8192K, 100% used [0x00000000e3400000, 0x00000000e3c00000, 0x00000000e3c00000)
  from space 1024K,  37% used [0x00000000e3d00000, 0x00000000e3d5ffa0, 0x00000000e3e00000)
  to   space 1024K,   0% used [0x00000000e3c00000, 0x00000000e3c00000, 0x00000000e3d00000)
 concurrent mark-sweep generation total 81780K, used 48028K [0x00000000ecca0000, 0x00000000f1c7d000, 0x0000000100000000)
 Metaspace       used 65744K, capacity 68698K, committed 68992K, reserved 1110016K
  class space    used 8414K, capacity 8989K, committed 9088K, reserved 1048576K
2020-11-07T19:56:17.042+0800: 60.192: [GC (Allocation Failure) 2020-11-07T19:56:17.042+0800: 60.192: [ParNew: 8575K->368K(9216K), 0.0142083 secs] 56604K->48432K(90996K), 0.0142775 secs] [Times: user=0.02 sys=0.00, real=0.02 secs] 
Heap after GC invocations=762 (full 73):
 par new generation   total 9216K, used 368K [0x00000000e3400000, 0x00000000e3e00000, 0x00000000ecca0000)
  eden space 8192K,   0% used [0x00000000e3400000, 0x00000000e3400000, 0x00000000e3c00000)
  from space 1024K,  36% used [0x00000000e3c00000, 0x00000000e3c5c2a8, 0x00000000e3d00000)
  to   space 1024K,   0% used [0x00000000e3d00000, 0x00000000e3d00000, 0x00000000e3e00000)
 concurrent mark-sweep generation total 81780K, used 48063K [0x00000000ecca0000, 0x00000000f1c7d000, 0x0000000100000000)
 Metaspace       used 65744K, capacity 68698K, committed 68992K, reserved 1110016K
  class space    used 8414K, capacity 8989K, committed 9088K, reserved 1048576K
}
2020-11-07T19:56:17.068+0800: 60.218: Application time: 0.0113683 seconds
{Heap before GC invocations=762 (full 73):
 par new generation   total 9216K, used 8560K [0x00000000e3400000, 0x00000000e3e00000, 0x00000000ecca0000)
  eden space 8192K, 100% used [0x00000000e3400000, 0x00000000e3c00000, 0x00000000e3c00000)
  from space 1024K,  36% used [0x00000000e3c00000, 0x00000000e3c5c2a8, 0x00000000e3d00000)
  to   space 1024K,   0% used [0x00000000e3d00000, 0x00000000e3d00000, 0x00000000e3e00000)
 concurrent mark-sweep generation total 81780K, used 48063K [0x00000000ecca0000, 0x00000000f1c7d000, 0x0000000100000000)
 Metaspace       used 65745K, capacity 68698K, committed 68992K, reserved 1110016K
  class space    used 8414K, capacity 8989K, committed 9088K, reserved 1048576K
2020-11-07T19:56:17.068+0800: 60.218: [GC (Allocation Failure) 2020-11-07T19:56:17.068+0800: 60.218: [ParNew: 8560K->350K(9216K), 0.0225878 secs] 56624K->48439K(90996K), 0.0226467 secs] [Times: user=0.02 sys=0.00, real=0.02 secs] 
Heap after GC invocations=763 (full 73):
 par new generation   total 9216K, used 350K [0x00000000e3400000, 0x00000000e3e00000, 0x00000000ecca0000)
  eden space 8192K,   0% used [0x00000000e3400000, 0x00000000e3400000, 0x00000000e3c00000)
  from space 1024K,  34% used [0x00000000e3d00000, 0x00000000e3d57968, 0x00000000e3e00000)
  to   space 1024K,   0% used [0x00000000e3c00000, 0x00000000e3c00000, 0x00000000e3d00000)
 concurrent mark-sweep generation total 81780K, used 48089K [0x00000000ecca0000, 0x00000000f1c7d000, 0x0000000100000000)
 Metaspace       used 65745K, capacity 68698K, committed 68992K, reserved 1110016K
  class space    used 8414K, capacity 8989K, committed 9088K, reserved 1048576K
}
2020-11-07T19:56:17.107+0800: 60.257: Application time: 0.0164068 seconds
{Heap before GC invocations=763 (full 73):
 par new generation   total 9216K, used 8542K [0x00000000e3400000, 0x00000000e3e00000, 0x00000000ecca0000)
  eden space 8192K, 100% used [0x00000000e3400000, 0x00000000e3c00000, 0x00000000e3c00000)
  from space 1024K,  34% used [0x00000000e3d00000, 0x00000000e3d57968, 0x00000000e3e00000)
  to   space 1024K,   0% used [0x00000000e3c00000, 0x00000000e3c00000, 0x00000000e3d00000)
 concurrent mark-sweep generation total 81780K, used 48089K [0x00000000ecca0000, 0x00000000f1c7d000, 0x0000000100000000)
 Metaspace       used 65748K, capacity 68698K, committed 68992K, reserved 1110016K
  class space    used 8414K, capacity 8989K, committed 9088K, reserved 1048576K
2020-11-07T19:56:17.107+0800: 60.257: [GC (Allocation Failure) 2020-11-07T19:56:17.107+0800: 60.257: [ParNew: 8542K->348K(9216K), 0.0213626 secs] 56631K->48482K(90996K), 0.0214285 secs] [Times: user=0.02 sys=0.00, real=0.02 secs] 
Heap after GC invocations=764 (full 73):
 par new generation   total 9216K, used 348K [0x00000000e3400000, 0x00000000e3e00000, 0x00000000ecca0000)
  eden space 8192K,   0% used [0x00000000e3400000, 0x00000000e3400000, 0x00000000e3c00000)
  from space 1024K,  34% used [0x00000000e3c00000, 0x00000000e3c572d8, 0x00000000e3d00000)
  to   space 1024K,   0% used [0x00000000e3d00000, 0x00000000e3d00000, 0x00000000e3e00000)
 concurrent mark-sweep generation total 81780K, used 48133K [0x00000000ecca0000, 0x00000000f1c7d000, 0x0000000100000000)
 Metaspace       used 65748K, capacity 68698K, committed 68992K, reserved 1110016K
  class space    used 8414K, capacity 8989K, committed 9088K, reserved 1048576K
}
2020-11-07T19:56:17.157+0800: 60.306: Application time: 0.0278170 seconds
{Heap before GC invocations=764 (full 73):
 par new generation   total 9216K, used 8540K [0x00000000e3400000, 0x00000000e3e00000, 0x00000000ecca0000)
  eden space 8192K, 100% used [0x00000000e3400000, 0x00000000e3c00000, 0x00000000e3c00000)
  from space 1024K,  34% used [0x00000000e3c00000, 0x00000000e3c572d8, 0x00000000e3d00000)
  to   space 1024K,   0% used [0x00000000e3d00000, 0x00000000e3d00000, 0x00000000e3e00000)
 concurrent mark-sweep generation total 81780K, used 48133K [0x00000000ecca0000, 0x00000000f1c7d000, 0x0000000100000000)
 Metaspace       used 65773K, capacity 68698K, committed 68992K, reserved 1110016K
  class space    used 8417K, capacity 8989K, committed 9088K, reserved 1048576K
2020-11-07T19:56:17.157+0800: 60.306: [GC (Allocation Failure) 2020-11-07T19:56:17.157+0800: 60.306: [ParNew: 8540K->413K(9216K), 0.0232279 secs] 56674K->48572K(90996K), 0.0232824 secs] [Times: user=0.02 sys=0.00, real=0.02 secs] 
Heap after GC invocations=765 (full 73):
 par new generation   total 9216K, used 413K [0x00000000e3400000, 0x00000000e3e00000, 0x00000000ecca0000)
  eden space 8192K,   0% used [0x00000000e3400000, 0x00000000e3400000, 0x00000000e3c00000)
  from space 1024K,  40% used [0x00000000e3d00000, 0x00000000e3d67590, 0x00000000e3e00000)
  to   space 1024K,   0% used [0x00000000e3c00000, 0x00000000e3c00000, 0x00000000e3d00000)
 concurrent mark-sweep generation total 81780K, used 48158K [0x00000000ecca0000, 0x00000000f1c7d000, 0x0000000100000000)
 Metaspace       used 65773K, capacity 68698K, committed 68992K, reserved 1110016K
  class space    used 8417K, capacity 8989K, committed 9088K, reserved 1048576K
}
2020-11-07T19:56:17.193+0800: 60.342: Application time: 0.0125480 seconds
{Heap before GC invocations=765 (full 73):
 par new generation   total 9216K, used 8605K [0x00000000e3400000, 0x00000000e3e00000, 0x00000000ecca0000)
  eden space 8192K, 100% used [0x00000000e3400000, 0x00000000e3c00000, 0x00000000e3c00000)
  from space 1024K,  40% used [0x00000000e3d00000, 0x00000000e3d67590, 0x00000000e3e00000)
  to   space 1024K,   0% used [0x00000000e3c00000, 0x00000000e3c00000, 0x00000000e3d00000)
 concurrent mark-sweep generation total 81780K, used 48158K [0x00000000ecca0000, 0x00000000f1c7d000, 0x0000000100000000)
 Metaspace       used 65776K, capacity 68702K, committed 68992K, reserved 1110016K
  class space    used 8417K, capacity 8989K, committed 9088K, reserved 1048576K
2020-11-07T19:56:17.193+0800: 60.343: [GC (Allocation Failure) 2020-11-07T19:56:17.193+0800: 60.343: [ParNew: 8605K->355K(9216K), 0.0358939 secs] 56764K->48542K(90996K), 0.0359591 secs] [Times: user=0.04 sys=0.00, real=0.04 secs] 
Heap after GC invocations=766 (full 73):
 par new generation   total 9216K, used 355K [0x00000000e3400000, 0x00000000e3e00000, 0x00000000ecca0000)
  eden space 8192K,   0% used [0x00000000e3400000, 0x00000000e3400000, 0x00000000e3c00000)
  from space 1024K,  34% used [0x00000000e3c00000, 0x00000000e3c58e08, 0x00000000e3d00000)
  to   space 1024K,   0% used [0x00000000e3d00000, 0x00000000e3d00000, 0x00000000e3e00000)
 concurrent mark-sweep generation total 81780K, used 48186K [0x00000000ecca0000, 0x00000000f1c7d000, 0x0000000100000000)
 Metaspace       used 65776K, capacity 68702K, committed 68992K, reserved 1110016K
  class space    used 8417K, capacity 8989K, committed 9088K, reserved 1048576K
}
2020-11-07T19:56:17.251+0800: 60.401: Application time: 0.0221499 seconds
{Heap before GC invocations=766 (full 73):
 par new generation   total 9216K, used 8547K [0x00000000e3400000, 0x00000000e3e00000, 0x00000000ecca0000)
  eden space 8192K, 100% used [0x00000000e3400000, 0x00000000e3c00000, 0x00000000e3c00000)
  from space 1024K,  34% used [0x00000000e3c00000, 0x00000000e3c58e08, 0x00000000e3d00000)
  to   space 1024K,   0% used [0x00000000e3d00000, 0x00000000e3d00000, 0x00000000e3e00000)
 concurrent mark-sweep generation total 81780K, used 48186K [0x00000000ecca0000, 0x00000000f1c7d000, 0x0000000100000000)
 Metaspace       used 65784K, capacity 68708K, committed 68992K, reserved 1110016K
  class space    used 8418K, capacity 8990K, committed 9088K, reserved 1048576K
2020-11-07T19:56:17.251+0800: 60.401: [GC (Allocation Failure) 2020-11-07T19:56:17.251+0800: 60.401: [ParNew: 8547K->453K(9216K), 0.0274948 secs] 56734K->48661K(90996K), 0.0275529 secs] [Times: user=0.02 sys=0.01, real=0.03 secs] 
Heap after GC invocations=767 (full 73):
 par new generation   total 9216K, used 453K [0x00000000e3400000, 0x00000000e3e00000, 0x00000000ecca0000)
  eden space 8192K,   0% used [0x00000000e3400000, 0x00000000e3400000, 0x00000000e3c00000)
  from space 1024K,  44% used [0x00000000e3d00000, 0x00000000e3d715f8, 0x00000000e3e00000)
  to   space 1024K,   0% used [0x00000000e3c00000, 0x00000000e3c00000, 0x00000000e3d00000)
 concurrent mark-sweep generation total 81780K, used 48208K [0x00000000ecca0000, 0x00000000f1c7d000, 0x0000000100000000)
 Metaspace       used 65784K, capacity 68708K, committed 68992K, reserved 1110016K
  class space    used 8418K, capacity 8990K, committed 9088K, reserved 1048576K
}
2020-11-07T19:56:17.295+0800: 60.444: Application time: 0.0159041 seconds
{Heap before GC invocations=767 (full 73):
 par new generation   total 9216K, used 8645K [0x00000000e3400000, 0x00000000e3e00000, 0x00000000ecca0000)
  eden space 8192K, 100% used [0x00000000e3400000, 0x00000000e3c00000, 0x00000000e3c00000)
  from space 1024K,  44% used [0x00000000e3d00000, 0x00000000e3d715f8, 0x00000000e3e00000)
  to   space 1024K,   0% used [0x00000000e3c00000, 0x00000000e3c00000, 0x00000000e3d00000)
 concurrent mark-sweep generation total 81780K, used 48208K [0x00000000ecca0000, 0x00000000f1c7d000, 0x0000000100000000)
 Metaspace       used 65785K, capacity 68708K, committed 68992K, reserved 1110016K
  class space    used 8418K, capacity 8990K, committed 9088K, reserved 1048576K
2020-11-07T19:56:17.295+0800: 60.445: [GC (Allocation Failure) 2020-11-07T19:56:17.295+0800: 60.445: [ParNew: 8645K->429K(9216K), 0.0248023 secs] 56853K->48676K(90996K), 0.0248589 secs] [Times: user=0.02 sys=0.00, real=0.02 secs] 
Heap after GC invocations=768 (full 73):
 par new generation   total 9216K, used 429K [0x00000000e3400000, 0x00000000e3e00000, 0x00000000ecca0000)
  eden space 8192K,   0% used [0x00000000e3400000, 0x00000000e3400000, 0x00000000e3c00000)
  from space 1024K,  41% used [0x00000000e3c00000, 0x00000000e3c6b698, 0x00000000e3d00000)
  to   space 1024K,   0% used [0x00000000e3d00000, 0x00000000e3d00000, 0x00000000e3e00000)
 concurrent mark-sweep generation total 81780K, used 48246K [0x00000000ecca0000, 0x00000000f1c7d000, 0x0000000100000000)
 Metaspace       used 65785K, capacity 68708K, committed 68992K, reserved 1110016K
  class space    used 8418K, capacity 8990K, committed 9088K, reserved 1048576K
}
2020-11-07T19:56:17.361+0800: 60.511: Application time: 0.0414467 seconds
{Heap before GC invocations=768 (full 73):
 par new generation   total 9216K, used 8621K [0x00000000e3400000, 0x00000000e3e00000, 0x00000000ecca0000)
  eden space 8192K, 100% used [0x00000000e3400000, 0x00000000e3c00000, 0x00000000e3c00000)
  from space 1024K,  41% used [0x00000000e3c00000, 0x00000000e3c6b698, 0x00000000e3d00000)
  to   space 1024K,   0% used [0x00000000e3d00000, 0x00000000e3d00000, 0x00000000e3e00000)
 concurrent mark-sweep generation total 81780K, used 48246K [0x00000000ecca0000, 0x00000000f1c7d000, 0x0000000100000000)
 Metaspace       used 65811K, capacity 68776K, committed 69248K, reserved 1110016K
  class space    used 8421K, capacity 8990K, committed 9088K, reserved 1048576K
2020-11-07T19:56:17.362+0800: 60.511: [GC (Allocation Failure) 2020-11-07T19:56:17.362+0800: 60.511: [ParNew: 8621K->582K(9216K), 0.0432824 secs] 56868K->48854K(90996K), 0.0433374 secs] [Times: user=0.05 sys=0.00, real=0.05 secs] 
Heap after GC invocations=769 (full 73):
 par new generation   total 9216K, used 582K [0x00000000e3400000, 0x00000000e3e00000, 0x00000000ecca0000)
  eden space 8192K,   0% used [0x00000000e3400000, 0x00000000e3400000, 0x00000000e3c00000)
  from space 1024K,  56% used [0x00000000e3d00000, 0x00000000e3d918c0, 0x00000000e3e00000)
  to   space 1024K,   0% used [0x00000000e3c00000, 0x00000000e3c00000, 0x00000000e3d00000)
 concurrent mark-sweep generation total 81780K, used 48272K [0x00000000ecca0000, 0x00000000f1c7d000, 0x0000000100000000)
 Metaspace       used 65811K, capacity 68776K, committed 69248K, reserved 1110016K
  class space    used 8421K, capacity 8990K, committed 9088K, reserved 1048576K
}
2020-11-07T19:56:17.420+0800: 60.570: Application time: 0.0152390 seconds
{Heap before GC invocations=769 (full 73):
 par new generation   total 9216K, used 8774K [0x00000000e3400000, 0x00000000e3e00000, 0x00000000ecca0000)
  eden space 8192K, 100% used [0x00000000e3400000, 0x00000000e3c00000, 0x00000000e3c00000)
  from space 1024K,  56% used [0x00000000e3d00000, 0x00000000e3d918c0, 0x00000000e3e00000)
  to   space 1024K,   0% used [0x00000000e3c00000, 0x00000000e3c00000, 0x00000000e3d00000)
 concurrent mark-sweep generation total 81780K, used 48272K [0x00000000ecca0000, 0x00000000f1c7d000, 0x0000000100000000)
 Metaspace       used 65814K, capacity 68776K, committed 69248K, reserved 1110016K
  class space    used 8421K, capacity 8990K, committed 9088K, reserved 1048576K
2020-11-07T19:56:17.420+0800: 60.570: [GC (Allocation Failure) 2020-11-07T19:56:17.420+0800: 60.570: [ParNew: 8774K->545K(9216K), 0.0284395 secs] 57046K->48840K(90996K), 0.0284943 secs] [Times: user=0.03 sys=0.00, real=0.03 secs] 
Heap after GC invocations=770 (full 73):
 par new generation   total 9216K, used 545K [0x00000000e3400000, 0x00000000e3e00000, 0x00000000ecca0000)
  eden space 8192K,   0% used [0x00000000e3400000, 0x00000000e3400000, 0x00000000e3c00000)
  from space 1024K,  53% used [0x00000000e3c00000, 0x00000000e3c88608, 0x00000000e3d00000)
  to   space 1024K,   0% used [0x00000000e3d00000, 0x00000000e3d00000, 0x00000000e3e00000)
 concurrent mark-sweep generation total 81780K, used 48294K [0x00000000ecca0000, 0x00000000f1c7d000, 0x0000000100000000)
 Metaspace       used 65814K, capacity 68776K, committed 69248K, reserved 1110016K
  class space    used 8421K, capacity 8990K, committed 9088K, reserved 1048576K
}
2020-11-07T19:56:17.512+0800: 60.661: Application time: 0.0626719 seconds
{Heap before GC invocations=770 (full 73):
 par new generation   total 9216K, used 8737K [0x00000000e3400000, 0x00000000e3e00000, 0x00000000ecca0000)
  eden space 8192K, 100% used [0x00000000e3400000, 0x00000000e3c00000, 0x00000000e3c00000)
  from space 1024K,  53% used [0x00000000e3c00000, 0x00000000e3c88608, 0x00000000e3d00000)
  to   space 1024K,   0% used [0x00000000e3d00000, 0x00000000e3d00000, 0x00000000e3e00000)
 concurrent mark-sweep generation total 81780K, used 48294K [0x00000000ecca0000, 0x00000000f1c7d000, 0x0000000100000000)
 Metaspace       used 65865K, capacity 68814K, committed 69248K, reserved 1110016K
  class space    used 8426K, capacity 9023K, committed 9088K, reserved 1048576K
2020-11-07T19:56:17.512+0800: 60.662: [GC (Allocation Failure) 2020-11-07T19:56:17.512+0800: 60.662: [ParNew: 8737K->559K(9216K), 0.0248725 secs] 57032K->48886K(90996K), 0.0249386 secs] [Times: user=0.03 sys=0.00, real=0.03 secs] 
Heap after GC invocations=771 (full 73):
 par new generation   total 9216K, used 559K [0x00000000e3400000, 0x00000000e3e00000, 0x00000000ecca0000)
  eden space 8192K,   0% used [0x00000000e3400000, 0x00000000e3400000, 0x00000000e3c00000)
  from space 1024K,  54% used [0x00000000e3d00000, 0x00000000e3d8bc98, 0x00000000e3e00000)
  to   space 1024K,   0% used [0x00000000e3c00000, 0x00000000e3c00000, 0x00000000e3d00000)
 concurrent mark-sweep generation total 81780K, used 48327K [0x00000000ecca0000, 0x00000000f1c7d000, 0x0000000100000000)
 Metaspace       used 65865K, capacity 68814K, committed 69248K, reserved 1110016K
  class space    used 8426K, capacity 9023K, committed 9088K, reserved 1048576K
}
2020-11-07T19:56:17.552+0800: 60.702: Application time: 0.0151326 seconds
{Heap before GC invocations=771 (full 73):
 par new generation   total 9216K, used 8751K [0x00000000e3400000, 0x00000000e3e00000, 0x00000000ecca0000)
  eden space 8192K, 100% used [0x00000000e3400000, 0x00000000e3c00000, 0x00000000e3c00000)
  from space 1024K,  54% used [0x00000000e3d00000, 0x00000000e3d8bc98, 0x00000000e3e00000)
  to   space 1024K,   0% used [0x00000000e3c00000, 0x00000000e3c00000, 0x00000000e3d00000)
 concurrent mark-sweep generation total 81780K, used 48327K [0x00000000ecca0000, 0x00000000f1c7d000, 0x0000000100000000)
 Metaspace       used 65901K, capacity 68878K, committed 69248K, reserved 1110016K
  class space    used 8429K, capacity 9023K, committed 9088K, reserved 1048576K
2020-11-07T19:56:17.552+0800: 60.702: [GC (Allocation Failure) 2020-11-07T19:56:17.552+0800: 60.702: [ParNew: 8751K->566K(9216K), 0.0275464 secs] 57078K->48917K(90996K), 0.0276019 secs] [Times: user=0.03 sys=0.00, real=0.03 secs] 
Heap after GC invocations=772 (full 73):
 par new generation   total 9216K, used 566K [0x00000000e3400000, 0x00000000e3e00000, 0x00000000ecca0000)
  eden space 8192K,   0% used [0x00000000e3400000, 0x00000000e3400000, 0x00000000e3c00000)
  from space 1024K,  55% used [0x00000000e3c00000, 0x00000000e3c8d810, 0x00000000e3d00000)
  to   space 1024K,   0% used [0x00000000e3d00000, 0x00000000e3d00000, 0x00000000e3e00000)
 concurrent mark-sweep generation total 81780K, used 48351K [0x00000000ecca0000, 0x00000000f1c7d000, 0x0000000100000000)
 Metaspace       used 65901K, capacity 68878K, committed 69248K, reserved 1110016K
  class space    used 8429K, capacity 9023K, committed 9088K, reserved 1048576K
}
2020-11-07T19:56:17.603+0800: 60.752: Application time: 0.0228217 seconds
{Heap before GC invocations=772 (full 73):
 par new generation   total 9216K, used 8758K [0x00000000e3400000, 0x00000000e3e00000, 0x00000000ecca0000)
  eden space 8192K, 100% used [0x00000000e3400000, 0x00000000e3c00000, 0x00000000e3c00000)
  from space 1024K,  55% used [0x00000000e3c00000, 0x00000000e3c8d810, 0x00000000e3d00000)
  to   space 1024K,   0% used [0x00000000e3d00000, 0x00000000e3d00000, 0x00000000e3e00000)
 concurrent mark-sweep generation total 81780K, used 48351K [0x00000000ecca0000, 0x00000000f1c7d000, 0x0000000100000000)
 Metaspace       used 65918K, capacity 68950K, committed 69248K, reserved 1110016K
  class space    used 8433K, capacity 9027K, committed 9088K, reserved 1048576K
2020-11-07T19:56:17.603+0800: 60.753: [GC (Allocation Failure) 2020-11-07T19:56:17.603+0800: 60.753: [ParNew: 8758K->672K(9216K), 0.0468353 secs] 57109K->49059K(90996K), 0.0468890 secs] [Times: user=0.05 sys=0.00, real=0.05 secs] 
Heap after GC invocations=773 (full 73):
 par new generation   total 9216K, used 672K [0x00000000e3400000, 0x00000000e3e00000, 0x00000000ecca0000)
  eden space 8192K,   0% used [0x00000000e3400000, 0x00000000e3400000, 0x00000000e3c00000)
  from space 1024K,  65% used [0x00000000e3d00000, 0x00000000e3da80f0, 0x00000000e3e00000)
  to   space 1024K,   0% used [0x00000000e3c00000, 0x00000000e3c00000, 0x00000000e3d00000)
 concurrent mark-sweep generation total 81780K, used 48387K [0x00000000ecca0000, 0x00000000f1c7d000, 0x0000000100000000)
 Metaspace       used 65918K, capacity 68950K, committed 69248K, reserved 1110016K
  class space    used 8433K, capacity 9027K, committed 9088K, reserved 1048576K
}
2020-11-07T19:56:17.668+0800: 60.818: Application time: 0.0181050 seconds
{Heap before GC invocations=773 (full 73):
 par new generation   total 9216K, used 8864K [0x00000000e3400000, 0x00000000e3e00000, 0x00000000ecca0000)
  eden space 8192K, 100% used [0x00000000e3400000, 0x00000000e3c00000, 0x00000000e3c00000)
  from space 1024K,  65% used [0x00000000e3d00000, 0x00000000e3da80f0, 0x00000000e3e00000)
  to   space 1024K,   0% used [0x00000000e3c00000, 0x00000000e3c00000, 0x00000000e3d00000)
 concurrent mark-sweep generation total 81780K, used 48387K [0x00000000ecca0000, 0x00000000f1c7d000, 0x0000000100000000)
 Metaspace       used 65919K, capacity 68950K, committed 69248K, reserved 1110016K
  class space    used 8433K, capacity 9027K, committed 9088K, reserved 1048576K
2020-11-07T19:56:17.668+0800: 60.818: [GC (Allocation Failure) 2020-11-07T19:56:17.668+0800: 60.818: [ParNew: 8864K->407K(9216K), 0.0398215 secs] 57251K->48961K(90996K), 0.0398889 secs] [Times: user=0.04 sys=0.00, real=0.04 secs] 
Heap after GC invocations=774 (full 73):
 par new generation   total 9216K, used 407K [0x00000000e3400000, 0x00000000e3e00000, 0x00000000ecca0000)
  eden space 8192K,   0% used [0x00000000e3400000, 0x00000000e3400000, 0x00000000e3c00000)
  from space 1024K,  39% used [0x00000000e3c00000, 0x00000000e3c65e20, 0x00000000e3d00000)
  to   space 1024K,   0% used [0x00000000e3d00000, 0x00000000e3d00000, 0x00000000e3e00000)
 concurrent mark-sweep generation total 81780K, used 48554K [0x00000000ecca0000, 0x00000000f1c7d000, 0x0000000100000000)
 Metaspace       used 65919K, capacity 68950K, committed 69248K, reserved 1110016K
  class space    used 8433K, capacity 9027K, committed 9088K, reserved 1048576K
}
2020-11-07T19:56:17.735+0800: 60.885: Application time: 0.0270683 seconds
{Heap before GC invocations=774 (full 73):
 par new generation   total 9216K, used 8599K [0x00000000e3400000, 0x00000000e3e00000, 0x00000000ecca0000)
  eden space 8192K, 100% used [0x00000000e3400000, 0x00000000e3c00000, 0x00000000e3c00000)
  from space 1024K,  39% used [0x00000000e3c00000, 0x00000000e3c65e20, 0x00000000e3d00000)
  to   space 1024K,   0% used [0x00000000e3d00000, 0x00000000e3d00000, 0x00000000e3e00000)
 concurrent mark-sweep generation total 81780K, used 48554K [0x00000000ecca0000, 0x00000000f1c7d000, 0x0000000100000000)
 Metaspace       used 65938K, capacity 68950K, committed 69248K, reserved 1110016K
  class space    used 8434K, capacity 9027K, committed 9088K, reserved 1048576K
2020-11-07T19:56:17.735+0800: 60.885: [GC (Allocation Failure) 2020-11-07T19:56:17.735+0800: 60.885: [ParNew: 8599K->502K(9216K), 0.0412929 secs] 57153K->49056K(90996K), 0.0413498 secs] [Times: user=0.04 sys=0.00, real=0.04 secs] 
Heap after GC invocations=775 (full 73):
 par new generation   total 9216K, used 502K [0x00000000e3400000, 0x00000000e3e00000, 0x00000000ecca0000)
  eden space 8192K,   0% used [0x00000000e3400000, 0x00000000e3400000, 0x00000000e3c00000)
  from space 1024K,  49% used [0x00000000e3d00000, 0x00000000e3d7d988, 0x00000000e3e00000)
  to   space 1024K,   0% used [0x00000000e3c00000, 0x00000000e3c00000, 0x00000000e3d00000)
 concurrent mark-sweep generation total 81780K, used 48554K [0x00000000ecca0000, 0x00000000f1c7d000, 0x0000000100000000)
 Metaspace       used 65938K, capacity 68950K, committed 69248K, reserved 1110016K
  class space    used 8434K, capacity 9027K, committed 9088K, reserved 1048576K
}
2020-11-07T19:56:17.799+0800: 60.949: Application time: 0.0226014 seconds
{Heap before GC invocations=775 (full 73):
 par new generation   total 9216K, used 8694K [0x00000000e3400000, 0x00000000e3e00000, 0x00000000ecca0000)
  eden space 8192K, 100% used [0x00000000e3400000, 0x00000000e3c00000, 0x00000000e3c00000)
  from space 1024K,  49% used [0x00000000e3d00000, 0x00000000e3d7d988, 0x00000000e3e00000)
  to   space 1024K,   0% used [0x00000000e3c00000, 0x00000000e3c00000, 0x00000000e3d00000)
 concurrent mark-sweep generation total 81780K, used 48554K [0x00000000ecca0000, 0x00000000f1c7d000, 0x0000000100000000)
 Metaspace       used 65950K, capacity 68950K, committed 69248K, reserved 1110016K
  class space    used 8436K, capacity 9027K, committed 9088K, reserved 1048576K
2020-11-07T19:56:17.800+0800: 60.949: [GC (Allocation Failure) 2020-11-07T19:56:17.800+0800: 60.949: [ParNew: 8694K->599K(9216K), 0.0281497 secs] 57248K->49153K(90996K), 0.0282092 secs] [Times: user=0.03 sys=0.00, real=0.03 secs] 
Heap after GC invocations=776 (full 73):
 par new generation   total 9216K, used 599K [0x00000000e3400000, 0x00000000e3e00000, 0x00000000ecca0000)
  eden space 8192K,   0% used [0x00000000e3400000, 0x00000000e3400000, 0x00000000e3c00000)
  from space 1024K,  58% used [0x00000000e3c00000, 0x00000000e3c95d80, 0x00000000e3d00000)
  to   space 1024K,   0% used [0x00000000e3d00000, 0x00000000e3d00000, 0x00000000e3e00000)
 concurrent mark-sweep generation total 81780K, used 48554K [0x00000000ecca0000, 0x00000000f1c7d000, 0x0000000100000000)
 Metaspace       used 65950K, capacity 68950K, committed 69248K, reserved 1110016K
  class space    used 8436K, capacity 9027K, committed 9088K, reserved 1048576K
}
2020-11-07T19:56:17.848+0800: 60.998: Application time: 0.0202564 seconds
{Heap before GC invocations=776 (full 73):
 par new generation   total 9216K, used 8791K [0x00000000e3400000, 0x00000000e3e00000, 0x00000000ecca0000)
  eden space 8192K, 100% used [0x00000000e3400000, 0x00000000e3c00000, 0x00000000e3c00000)
  from space 1024K,  58% used [0x00000000e3c00000, 0x00000000e3c95d80, 0x00000000e3d00000)
  to   space 1024K,   0% used [0x00000000e3d00000, 0x00000000e3d00000, 0x00000000e3e00000)
 concurrent mark-sweep generation total 81780K, used 48554K [0x00000000ecca0000, 0x00000000f1c7d000, 0x0000000100000000)
 Metaspace       used 65958K, capacity 68964K, committed 69248K, reserved 1110016K
  class space    used 8438K, capacity 9030K, committed 9088K, reserved 1048576K
2020-11-07T19:56:17.848+0800: 60.998: [GC (Allocation Failure) 2020-11-07T19:56:17.848+0800: 60.998: [ParNew: 8791K->470K(9216K), 0.0355921 secs] 57345K->49066K(90996K), 0.0356519 secs] [Times: user=0.04 sys=0.00, real=0.03 secs] 
Heap after GC invocations=777 (full 73):
 par new generation   total 9216K, used 470K [0x00000000e3400000, 0x00000000e3e00000, 0x00000000ecca0000)
  eden space 8192K,   0% used [0x00000000e3400000, 0x00000000e3400000, 0x00000000e3c00000)
  from space 1024K,  45% used [0x00000000e3d00000, 0x00000000e3d75bf8, 0x00000000e3e00000)
  to   space 1024K,   0% used [0x00000000e3c00000, 0x00000000e3c00000, 0x00000000e3d00000)
 concurrent mark-sweep generation total 81780K, used 48595K [0x00000000ecca0000, 0x00000000f1c7d000, 0x0000000100000000)
 Metaspace       used 65958K, capacity 68964K, committed 69248K, reserved 1110016K
  class space    used 8438K, capacity 9030K, committed 9088K, reserved 1048576K
}
2020-11-07T19:56:17.911+0800: 61.061: Application time: 0.0273007 seconds
{Heap before GC invocations=777 (full 73):
 par new generation   total 9216K, used 8662K [0x00000000e3400000, 0x00000000e3e00000, 0x00000000ecca0000)
  eden space 8192K, 100% used [0x00000000e3400000, 0x00000000e3c00000, 0x00000000e3c00000)
  from space 1024K,  45% used [0x00000000e3d00000, 0x00000000e3d75bf8, 0x00000000e3e00000)
  to   space 1024K,   0% used [0x00000000e3c00000, 0x00000000e3c00000, 0x00000000e3d00000)
 concurrent mark-sweep generation total 81780K, used 48595K [0x00000000ecca0000, 0x00000000f1c7d000, 0x0000000100000000)
 Metaspace       used 65972K, capacity 68964K, committed 69248K, reserved 1110016K
  class space    used 8440K, capacity 9030K, committed 9088K, reserved 1048576K
2020-11-07T19:56:17.912+0800: 61.061: [GC (Allocation Failure) 2020-11-07T19:56:17.912+0800: 61.061: [ParNew: 8662K->444K(9216K), 0.0494100 secs] 57258K->49102K(90996K), 0.0494675 secs] [Times: user=0.05 sys=0.00, real=0.05 secs] 
Heap after GC invocations=778 (full 73):
 par new generation   total 9216K, used 444K [0x00000000e3400000, 0x00000000e3e00000, 0x00000000ecca0000)
  eden space 8192K,   0% used [0x00000000e3400000, 0x00000000e3400000, 0x00000000e3c00000)
  from space 1024K,  43% used [0x00000000e3c00000, 0x00000000e3c6f1a0, 0x00000000e3d00000)
  to   space 1024K,   0% used [0x00000000e3d00000, 0x00000000e3d00000, 0x00000000e3e00000)
 concurrent mark-sweep generation total 81780K, used 48658K [0x00000000ecca0000, 0x00000000f1c7d000, 0x0000000100000000)
 Metaspace       used 65972K, capacity 68964K, committed 69248K, reserved 1110016K
  class space    used 8440K, capacity 9030K, committed 9088K, reserved 1048576K
}
2020-11-07T19:56:17.980+0800: 61.130: Application time: 0.0192878 seconds
{Heap before GC invocations=778 (full 73):
 par new generation   total 9216K, used 8636K [0x00000000e3400000, 0x00000000e3e00000, 0x00000000ecca0000)
  eden space 8192K, 100% used [0x00000000e3400000, 0x00000000e3c00000, 0x00000000e3c00000)
  from space 1024K,  43% used [0x00000000e3c00000, 0x00000000e3c6f1a0, 0x00000000e3d00000)
  to   space 1024K,   0% used [0x00000000e3d00000, 0x00000000e3d00000, 0x00000000e3e00000)
 concurrent mark-sweep generation total 81780K, used 48658K [0x00000000ecca0000, 0x00000000f1c7d000, 0x0000000100000000)
 Metaspace       used 65972K, capacity 68964K, committed 69248K, reserved 1110016K
  class space    used 8440K, capacity 9030K, committed 9088K, reserved 1048576K
2020-11-07T19:56:17.981+0800: 61.130: [GC (Allocation Failure) 2020-11-07T19:56:17.981+0800: 61.130: [ParNew: 8636K->527K(9216K), 0.0302660 secs] 57294K->49209K(90996K), 0.0303252 secs] [Times: user=0.03 sys=0.00, real=0.03 secs] 
Heap after GC invocations=779 (full 73):
 par new generation   total 9216K, used 527K [0x00000000e3400000, 0x00000000e3e00000, 0x00000000ecca0000)
  eden space 8192K,   0% used [0x00000000e3400000, 0x00000000e3400000, 0x00000000e3c00000)
  from space 1024K,  51% used [0x00000000e3d00000, 0x00000000e3d83dd8, 0x00000000e3e00000)
  to   space 1024K,   0% used [0x00000000e3c00000, 0x00000000e3c00000, 0x00000000e3d00000)
 concurrent mark-sweep generation total 81780K, used 48682K [0x00000000ecca0000, 0x00000000f1c7d000, 0x0000000100000000)
 Metaspace       used 65972K, capacity 68964K, committed 69248K, reserved 1110016K
  class space    used 8440K, capacity 9030K, committed 9088K, reserved 1048576K
}
2020-11-07T19:56:18.036+0800: 61.186: Application time: 0.0254691 seconds
{Heap before GC invocations=779 (full 73):
 par new generation   total 9216K, used 8719K [0x00000000e3400000, 0x00000000e3e00000, 0x00000000ecca0000)
  eden space 8192K, 100% used [0x00000000e3400000, 0x00000000e3c00000, 0x00000000e3c00000)
  from space 1024K,  51% used [0x00000000e3d00000, 0x00000000e3d83dd8, 0x00000000e3e00000)
  to   space 1024K,   0% used [0x00000000e3c00000, 0x00000000e3c00000, 0x00000000e3d00000)
 concurrent mark-sweep generation total 81780K, used 48682K [0x00000000ecca0000, 0x00000000f1c7d000, 0x0000000100000000)
 Metaspace       used 65985K, capacity 68964K, committed 69248K, reserved 1110016K
  class space    used 8441K, capacity 9030K, committed 9088K, reserved 1048576K
2020-11-07T19:56:18.037+0800: 61.186: [GC (Allocation Failure) 2020-11-07T19:56:18.037+0800: 61.186: [ParNew: 8719K->427K(9216K), 0.0443446 secs] 57401K->49176K(90996K), 0.0443981 secs] [Times: user=0.04 sys=0.00, real=0.04 secs] 
Heap after GC invocations=780 (full 73):
 par new generation   total 9216K, used 427K [0x00000000e3400000, 0x00000000e3e00000, 0x00000000ecca0000)
  eden space 8192K,   0% used [0x00000000e3400000, 0x00000000e3400000, 0x00000000e3c00000)
  from space 1024K,  41% used [0x00000000e3c00000, 0x00000000e3c6ad20, 0x00000000e3d00000)
  to   space 1024K,   0% used [0x00000000e3d00000, 0x00000000e3d00000, 0x00000000e3e00000)
 concurrent mark-sweep generation total 81780K, used 48749K [0x00000000ecca0000, 0x00000000f1c7d000, 0x0000000100000000)
 Metaspace       used 65985K, capacity 68964K, committed 69248K, reserved 1110016K
  class space    used 8441K, capacity 9030K, committed 9088K, reserved 1048576K
}
2020-11-07T19:56:18.090+0800: 61.240: Application time: 0.0093908 seconds
{Heap before GC invocations=780 (full 73):
 par new generation   total 9216K, used 8619K [0x00000000e3400000, 0x00000000e3e00000, 0x00000000ecca0000)
  eden space 8192K, 100% used [0x00000000e3400000, 0x00000000e3c00000, 0x00000000e3c00000)
  from space 1024K,  41% used [0x00000000e3c00000, 0x00000000e3c6ad20, 0x00000000e3d00000)
  to   space 1024K,   0% used [0x00000000e3d00000, 0x00000000e3d00000, 0x00000000e3e00000)
 concurrent mark-sweep generation total 81780K, used 48749K [0x00000000ecca0000, 0x00000000f1c7d000, 0x0000000100000000)
 Metaspace       used 65985K, capacity 68964K, committed 69248K, reserved 1110016K
  class space    used 8441K, capacity 9030K, committed 9088K, reserved 1048576K
2020-11-07T19:56:18.091+0800: 61.240: [GC (Allocation Failure) 2020-11-07T19:56:18.091+0800: 61.240: [ParNew: 8619K->496K(9216K), 0.0412396 secs] 57368K->49279K(90996K), 0.0413126 secs] [Times: user=0.04 sys=0.00, real=0.04 secs] 
Heap after GC invocations=781 (full 73):
 par new generation   total 9216K, used 496K [0x00000000e3400000, 0x00000000e3e00000, 0x00000000ecca0000)
  eden space 8192K,   0% used [0x00000000e3400000, 0x00000000e3400000, 0x00000000e3c00000)
  from space 1024K,  48% used [0x00000000e3d00000, 0x00000000e3d7c268, 0x00000000e3e00000)
  to   space 1024K,   0% used [0x00000000e3c00000, 0x00000000e3c00000, 0x00000000e3d00000)
 concurrent mark-sweep generation total 81780K, used 48783K [0x00000000ecca0000, 0x00000000f1c7d000, 0x0000000100000000)
 Metaspace       used 65985K, capacity 68964K, committed 69248K, reserved 1110016K
  class space    used 8441K, capacity 9030K, committed 9088K, reserved 1048576K
}
2020-11-07T19:56:18.142+0800: 61.292: Application time: 0.0105096 seconds
{Heap before GC invocations=781 (full 73):
 par new generation   total 9216K, used 8688K [0x00000000e3400000, 0x00000000e3e00000, 0x00000000ecca0000)
  eden space 8192K, 100% used [0x00000000e3400000, 0x00000000e3c00000, 0x00000000e3c00000)
  from space 1024K,  48% used [0x00000000e3d00000, 0x00000000e3d7c268, 0x00000000e3e00000)
  to   space 1024K,   0% used [0x00000000e3c00000, 0x00000000e3c00000, 0x00000000e3d00000)
 concurrent mark-sweep generation total 81780K, used 48783K [0x00000000ecca0000, 0x00000000f1c7d000, 0x0000000100000000)
 Metaspace       used 65985K, capacity 68964K, committed 69248K, reserved 1110016K
  class space    used 8441K, capacity 9030K, committed 9088K, reserved 1048576K
2020-11-07T19:56:18.143+0800: 61.292: [GC (Allocation Failure) 2020-11-07T19:56:18.143+0800: 61.292: [ParNew: 8688K->359K(9216K), 0.0159582 secs] 57471K->49214K(90996K), 0.0160130 secs] [Times: user=0.02 sys=0.00, real=0.02 secs] 
Heap after GC invocations=782 (full 73):
 par new generation   total 9216K, used 359K [0x00000000e3400000, 0x00000000e3e00000, 0x00000000ecca0000)
  eden space 8192K,   0% used [0x00000000e3400000, 0x00000000e3400000, 0x00000000e3c00000)
  from space 1024K,  35% used [0x00000000e3c00000, 0x00000000e3c59f80, 0x00000000e3d00000)
  to   space 1024K,   0% used [0x00000000e3d00000, 0x00000000e3d00000, 0x00000000e3e00000)
 concurrent mark-sweep generation total 81780K, used 48854K [0x00000000ecca0000, 0x00000000f1c7d000, 0x0000000100000000)
 Metaspace       used 65985K, capacity 68964K, committed 69248K, reserved 1110016K
  class space    used 8441K, capacity 9030K, committed 9088K, reserved 1048576K
}
2020-11-07T19:56:18.173+0800: 61.322: Application time: 0.0139062 seconds
{Heap before GC invocations=782 (full 73):
 par new generation   total 9216K, used 8551K [0x00000000e3400000, 0x00000000e3e00000, 0x00000000ecca0000)
  eden space 8192K, 100% used [0x00000000e3400000, 0x00000000e3c00000, 0x00000000e3c00000)
  from space 1024K,  35% used [0x00000000e3c00000, 0x00000000e3c59f80, 0x00000000e3d00000)
  to   space 1024K,   0% used [0x00000000e3d00000, 0x00000000e3d00000, 0x00000000e3e00000)
 concurrent mark-sweep generation total 81780K, used 48854K [0x00000000ecca0000, 0x00000000f1c7d000, 0x0000000100000000)
 Metaspace       used 65985K, capacity 68964K, committed 69248K, reserved 1110016K
  class space    used 8441K, capacity 9030K, committed 9088K, reserved 1048576K
2020-11-07T19:56:18.173+0800: 61.322: [GC (Allocation Failure) 2020-11-07T19:56:18.173+0800: 61.322: [ParNew: 8551K->365K(9216K), 0.0269458 secs] 57406K->49247K(90996K), 0.0270038 secs] [Times: user=0.03 sys=0.00, real=0.03 secs] 
Heap after GC invocations=783 (full 73):
 par new generation   total 9216K, used 365K [0x00000000e3400000, 0x00000000e3e00000, 0x00000000ecca0000)
  eden space 8192K,   0% used [0x00000000e3400000, 0x00000000e3400000, 0x00000000e3c00000)
  from space 1024K,  35% used [0x00000000e3d00000, 0x00000000e3d5b4f0, 0x00000000e3e00000)
  to   space 1024K,   0% used [0x00000000e3c00000, 0x00000000e3c00000, 0x00000000e3d00000)
 concurrent mark-sweep generation total 81780K, used 48882K [0x00000000ecca0000, 0x00000000f1c7d000, 0x0000000100000000)
 Metaspace       used 65985K, capacity 68964K, committed 69248K, reserved 1110016K
  class space    used 8441K, capacity 9030K, committed 9088K, reserved 1048576K
}
2020-11-07T19:56:18.214+0800: 61.364: Application time: 0.0141035 seconds
{Heap before GC invocations=783 (full 73):
 par new generation   total 9216K, used 8557K [0x00000000e3400000, 0x00000000e3e00000, 0x00000000ecca0000)
  eden space 8192K, 100% used [0x00000000e3400000, 0x00000000e3c00000, 0x00000000e3c00000)
  from space 1024K,  35% used [0x00000000e3d00000, 0x00000000e3d5b4f0, 0x00000000e3e00000)
  to   space 1024K,   0% used [0x00000000e3c00000, 0x00000000e3c00000, 0x00000000e3d00000)
 concurrent mark-sweep generation total 81780K, used 48882K [0x00000000ecca0000, 0x00000000f1c7d000, 0x0000000100000000)
 Metaspace       used 66000K, capacity 69028K, committed 69248K, reserved 1110016K
  class space    used 8444K, capacity 9030K, committed 9088K, reserved 1048576K
2020-11-07T19:56:18.214+0800: 61.364: [GC (Allocation Failure) 2020-11-07T19:56:18.214+0800: 61.364: [ParNew: 8557K->300K(9216K), 0.0217224 secs] 57439K->49229K(90996K), 0.0217789 secs] [Times: user=0.02 sys=0.00, real=0.03 secs] 
Heap after GC invocations=784 (full 73):
 par new generation   total 9216K, used 300K [0x00000000e3400000, 0x00000000e3e00000, 0x00000000ecca0000)
  eden space 8192K,   0% used [0x00000000e3400000, 0x00000000e3400000, 0x00000000e3c00000)
  from space 1024K,  29% used [0x00000000e3c00000, 0x00000000e3c4b070, 0x00000000e3d00000)
  to   space 1024K,   0% used [0x00000000e3d00000, 0x00000000e3d00000, 0x00000000e3e00000)
 concurrent mark-sweep generation total 81780K, used 48929K [0x00000000ecca0000, 0x00000000f1c7d000, 0x0000000100000000)
 Metaspace       used 66000K, capacity 69028K, committed 69248K, reserved 1110016K
  class space    used 8444K, capacity 9030K, committed 9088K, reserved 1048576K
}
2020-11-07T19:56:18.259+0800: 61.409: Application time: 0.0233920 seconds
{Heap before GC invocations=784 (full 73):
 par new generation   total 9216K, used 8492K [0x00000000e3400000, 0x00000000e3e00000, 0x00000000ecca0000)
  eden space 8192K, 100% used [0x00000000e3400000, 0x00000000e3c00000, 0x00000000e3c00000)
  from space 1024K,  29% used [0x00000000e3c00000, 0x00000000e3c4b070, 0x00000000e3d00000)
  to   space 1024K,   0% used [0x00000000e3d00000, 0x00000000e3d00000, 0x00000000e3e00000)
 concurrent mark-sweep generation total 81780K, used 48929K [0x00000000ecca0000, 0x00000000f1c7d000, 0x0000000100000000)
 Metaspace       used 66000K, capacity 69028K, committed 69248K, reserved 1110016K
  class space    used 8444K, capacity 9030K, committed 9088K, reserved 1048576K
2020-11-07T19:56:18.260+0800: 61.409: [GC (Allocation Failure) 2020-11-07T19:56:18.260+0800: 61.409: [ParNew: 8492K->356K(9216K), 0.0331032 secs] 57421K->49333K(90996K), 0.0331702 secs] [Times: user=0.03 sys=0.00, real=0.03 secs] 
Heap after GC invocations=785 (full 73):
 par new generation   total 9216K, used 356K [0x00000000e3400000, 0x00000000e3e00000, 0x00000000ecca0000)
  eden space 8192K,   0% used [0x00000000e3400000, 0x00000000e3400000, 0x00000000e3c00000)
  from space 1024K,  34% used [0x00000000e3d00000, 0x00000000e3d59330, 0x00000000e3e00000)
  to   space 1024K,   0% used [0x00000000e3c00000, 0x00000000e3c00000, 0x00000000e3d00000)
 concurrent mark-sweep generation total 81780K, used 48976K [0x00000000ecca0000, 0x00000000f1c7d000, 0x0000000100000000)
 Metaspace       used 66000K, capacity 69028K, committed 69248K, reserved 1110016K
  class space    used 8444K, capacity 9030K, committed 9088K, reserved 1048576K
}
2020-11-07T19:56:18.302+0800: 61.452: Application time: 0.0095843 seconds
{Heap before GC invocations=785 (full 73):
 par new generation   total 9216K, used 8548K [0x00000000e3400000, 0x00000000e3e00000, 0x00000000ecca0000)
  eden space 8192K, 100% used [0x00000000e3400000, 0x00000000e3c00000, 0x00000000e3c00000)
  from space 1024K,  34% used [0x00000000e3d00000, 0x00000000e3d59330, 0x00000000e3e00000)
  to   space 1024K,   0% used [0x00000000e3c00000, 0x00000000e3c00000, 0x00000000e3d00000)
 concurrent mark-sweep generation total 81780K, used 48976K [0x00000000ecca0000, 0x00000000f1c7d000, 0x0000000100000000)
 Metaspace       used 66000K, capacity 69028K, committed 69248K, reserved 1110016K
  class space    used 8444K, capacity 9030K, committed 9088K, reserved 1048576K
2020-11-07T19:56:18.303+0800: 61.452: [GC (Allocation Failure) 2020-11-07T19:56:18.303+0800: 61.452: [ParNew: 8548K->244K(9216K), 0.0063700 secs] 57525K->49249K(90996K), 0.0064462 secs] [Times: user=0.01 sys=0.00, real=0.01 secs] 
Heap after GC invocations=786 (full 73):
 par new generation   total 9216K, used 244K [0x00000000e3400000, 0x00000000e3e00000, 0x00000000ecca0000)
  eden space 8192K,   0% used [0x00000000e3400000, 0x00000000e3400000, 0x00000000e3c00000)
  from space 1024K,  23% used [0x00000000e3c00000, 0x00000000e3c3d240, 0x00000000e3d00000)
  to   space 1024K,   0% used [0x00000000e3d00000, 0x00000000e3d00000, 0x00000000e3e00000)
 concurrent mark-sweep generation total 81780K, used 49005K [0x00000000ecca0000, 0x00000000f1c7d000, 0x0000000100000000)
 Metaspace       used 66000K, capacity 69028K, committed 69248K, reserved 1110016K
  class space    used 8444K, capacity 9030K, committed 9088K, reserved 1048576K
}
2020-11-07T19:56:18.314+0800: 61.464: Application time: 0.0050513 seconds
2020-11-07T19:56:18.319+0800: 61.469: Application time: 0.0051750 seconds
2020-11-07T19:56:18.341+0800: 61.491: Application time: 0.0218140 seconds
{Heap before GC invocations=786 (full 73):
 par new generation   total 9216K, used 8436K [0x00000000e3400000, 0x00000000e3e00000, 0x00000000ecca0000)
  eden space 8192K, 100% used [0x00000000e3400000, 0x00000000e3c00000, 0x00000000e3c00000)
  from space 1024K,  23% used [0x00000000e3c00000, 0x00000000e3c3d240, 0x00000000e3d00000)
  to   space 1024K,   0% used [0x00000000e3d00000, 0x00000000e3d00000, 0x00000000e3e00000)
 concurrent mark-sweep generation total 81780K, used 49005K [0x00000000ecca0000, 0x00000000f1c7d000, 0x0000000100000000)
 Metaspace       used 66002K, capacity 69028K, committed 69248K, reserved 1110016K
  class space    used 8444K, capacity 9030K, committed 9088K, reserved 1048576K
2020-11-07T19:56:18.342+0800: 61.491: [GC (Allocation Failure) 2020-11-07T19:56:18.342+0800: 61.491: [ParNew: 8436K->261K(9216K), 0.0255334 secs] 57441K->49311K(90996K), 0.0256109 secs] [Times: user=0.03 sys=0.00, real=0.03 secs] 
Heap after GC invocations=787 (full 73):
 par new generation   total 9216K, used 261K [0x00000000e3400000, 0x00000000e3e00000, 0x00000000ecca0000)
  eden space 8192K,   0% used [0x00000000e3400000, 0x00000000e3400000, 0x00000000e3c00000)
  from space 1024K,  25% used [0x00000000e3d00000, 0x00000000e3d41438, 0x00000000e3e00000)
  to   space 1024K,   0% used [0x00000000e3c00000, 0x00000000e3c00000, 0x00000000e3d00000)
 concurrent mark-sweep generation total 81780K, used 49049K [0x00000000ecca0000, 0x00000000f1c7d000, 0x0000000100000000)
 Metaspace       used 66002K, capacity 69028K, committed 69248K, reserved 1110016K
  class space    used 8444K, capacity 9030K, committed 9088K, reserved 1048576K
}
2020-11-07T19:56:18.384+0800: 61.534: Application time: 0.0168991 seconds
{Heap before GC invocations=787 (full 73):
 par new generation   total 9216K, used 8453K [0x00000000e3400000, 0x00000000e3e00000, 0x00000000ecca0000)
  eden space 8192K, 100% used [0x00000000e3400000, 0x00000000e3c00000, 0x00000000e3c00000)
  from space 1024K,  25% used [0x00000000e3d00000, 0x00000000e3d41438, 0x00000000e3e00000)
  to   space 1024K,   0% used [0x00000000e3c00000, 0x00000000e3c00000, 0x00000000e3d00000)
 concurrent mark-sweep generation total 81780K, used 49049K [0x00000000ecca0000, 0x00000000f1c7d000, 0x0000000100000000)
 Metaspace       used 66002K, capacity 69028K, committed 69248K, reserved 1110016K
  class space    used 8444K, capacity 9030K, committed 9088K, reserved 1048576K
2020-11-07T19:56:18.384+0800: 61.534: [GC (Allocation Failure) 2020-11-07T19:56:18.384+0800: 61.534: [ParNew: 8453K->214K(9216K), 0.0191873 secs] 57503K->49294K(90996K), 0.0192628 secs] [Times: user=0.02 sys=0.00, real=0.02 secs] 
Heap after GC invocations=788 (full 73):
 par new generation   total 9216K, used 214K [0x00000000e3400000, 0x00000000e3e00000, 0x00000000ecca0000)
  eden space 8192K,   0% used [0x00000000e3400000, 0x00000000e3400000, 0x00000000e3c00000)
  from space 1024K,  20% used [0x00000000e3c00000, 0x00000000e3c35a80, 0x00000000e3d00000)
  to   space 1024K,   0% used [0x00000000e3d00000, 0x00000000e3d00000, 0x00000000e3e00000)
 concurrent mark-sweep generation total 81780K, used 49079K [0x00000000ecca0000, 0x00000000f1c7d000, 0x0000000100000000)
 Metaspace       used 66002K, capacity 69028K, committed 69248K, reserved 1110016K
  class space    used 8444K, capacity 9030K, committed 9088K, reserved 1048576K
}
2020-11-07T19:56:18.410+0800: 61.559: Application time: 0.0059475 seconds
2020-11-07T19:56:18.410+0800: 61.559: [GC (CMS Initial Mark) [1 CMS-initial-mark: 49079K(81780K)] 53077K(90996K), 0.0061868 secs] [Times: user=0.00 sys=0.00, real=0.01 secs] 
2020-11-07T19:56:18.426+0800: 61.576: [CMS-concurrent-mark-start]
2020-11-07T19:56:18.835+0800: 61.985: [CMS-concurrent-mark: 0.409/0.409 secs] [Times: user=0.40 sys=0.01, real=0.41 secs] 
2020-11-07T19:56:18.835+0800: 61.985: [CMS-concurrent-preclean-start]
2020-11-07T19:56:18.838+0800: 61.987: [CMS-concurrent-preclean: 0.002/0.002 secs] [Times: user=0.00 sys=0.00, real=0.00 secs] 
2020-11-07T19:56:18.838+0800: 61.987: [CMS-concurrent-abortable-preclean-start]
2020-11-07T19:56:18.949+0800: 62.098: Application time: 0.5328153 seconds
{Heap before GC invocations=788 (full 74):
 par new generation   total 9216K, used 8406K [0x00000000e3400000, 0x00000000e3e00000, 0x00000000ecca0000)
  eden space 8192K, 100% used [0x00000000e3400000, 0x00000000e3c00000, 0x00000000e3c00000)
  from space 1024K,  20% used [0x00000000e3c00000, 0x00000000e3c35a80, 0x00000000e3d00000)
  to   space 1024K,   0% used [0x00000000e3d00000, 0x00000000e3d00000, 0x00000000e3e00000)
 concurrent mark-sweep generation total 81780K, used 49079K [0x00000000ecca0000, 0x00000000f1c7d000, 0x0000000100000000)
 Metaspace       used 66002K, capacity 69028K, committed 69248K, reserved 1110016K
  class space    used 8444K, capacity 9030K, committed 9088K, reserved 1048576K
2020-11-07T19:56:18.949+0800: 62.099: [GC (Allocation Failure) 2020-11-07T19:56:18.949+0800: 62.099: [ParNew: 8406K->199K(9216K), 0.0086513 secs] 57486K->49309K(90996K), 0.0087305 secs] [Times: user=0.01 sys=0.00, real=0.01 secs] 
Heap after GC invocations=789 (full 74):
 par new generation   total 9216K, used 199K [0x00000000e3400000, 0x00000000e3e00000, 0x00000000ecca0000)
  eden space 8192K,   0% used [0x00000000e3400000, 0x00000000e3400000, 0x00000000e3c00000)
  from space 1024K,  19% used [0x00000000e3d00000, 0x00000000e3d31e60, 0x00000000e3e00000)
  to   space 1024K,   0% used [0x00000000e3c00000, 0x00000000e3c00000, 0x00000000e3d00000)
 concurrent mark-sweep generation total 81780K, used 49110K [0x00000000ecca0000, 0x00000000f1c7d000, 0x0000000100000000)
 Metaspace       used 66002K, capacity 69028K, committed 69248K, reserved 1110016K
  class space    used 8444K, capacity 9030K, committed 9088K, reserved 1048576K
}
2020-11-07T19:56:18.968+0800: 62.118: [CMS-concurrent-abortable-preclean: 0.012/0.130 secs] [Times: user=0.13 sys=0.00, real=0.13 secs] 
2020-11-07T19:56:18.968+0800: 62.118: Application time: 0.0105302 seconds
2020-11-07T19:56:18.968+0800: 62.118: [GC (CMS Final Remark) [YG occupancy: 4472 K (9216 K)]2020-11-07T19:56:18.968+0800: 62.118: [Rescan (parallel) , 0.0061641 secs]2020-11-07T19:56:18.975+0800: 62.124: [weak refs processing, 0.0001444 secs]2020-11-07T19:56:18.975+0800: 62.124: [class unloading, 0.0206612 secs]2020-11-07T19:56:18.995+0800: 62.145: [scrub symbol table, 0.0254099 secs]2020-11-07T19:56:19.021+0800: 62.171: [scrub string table, 0.0020571 secs][1 CMS-remark: 49110K(81780K)] 53583K(90996K), 0.0546660 secs] [Times: user=0.05 sys=0.00, real=0.05 secs] 
2020-11-07T19:56:19.038+0800: 62.187: [CMS-concurrent-sweep-start]
2020-11-07T19:56:19.057+0800: 62.207: Application time: 0.0338772 seconds
{Heap before GC invocations=789 (full 74):
 par new generation   total 9216K, used 8391K [0x00000000e3400000, 0x00000000e3e00000, 0x00000000ecca0000)
  eden space 8192K, 100% used [0x00000000e3400000, 0x00000000e3c00000, 0x00000000e3c00000)
  from space 1024K,  19% used [0x00000000e3d00000, 0x00000000e3d31e60, 0x00000000e3e00000)
  to   space 1024K,   0% used [0x00000000e3c00000, 0x00000000e3c00000, 0x00000000e3d00000)
 concurrent mark-sweep generation total 81780K, used 49105K [0x00000000ecca0000, 0x00000000f1c7d000, 0x0000000100000000)
 Metaspace       used 66006K, capacity 69028K, committed 69248K, reserved 1110016K
  class space    used 8445K, capacity 9030K, committed 9088K, reserved 1048576K
2020-11-07T19:56:19.057+0800: 62.207: [GC (Allocation Failure) 2020-11-07T19:56:19.057+0800: 62.207: [ParNew: 8391K->253K(9216K), 0.0182543 secs] 57496K->49367K(90996K), 0.0183535 secs] [Times: user=0.02 sys=0.00, real=0.02 secs] 
Heap after GC invocations=790 (full 74):
 par new generation   total 9216K, used 253K [0x00000000e3400000, 0x00000000e3e00000, 0x00000000ecca0000)
  eden space 8192K,   0% used [0x00000000e3400000, 0x00000000e3400000, 0x00000000e3c00000)
  from space 1024K,  24% used [0x00000000e3c00000, 0x00000000e3c3f660, 0x00000000e3d00000)
  to   space 1024K,   0% used [0x00000000e3d00000, 0x00000000e3d00000, 0x00000000e3e00000)
 concurrent mark-sweep generation total 81780K, used 49114K [0x00000000ecca0000, 0x00000000f1c7d000, 0x0000000100000000)
 Metaspace       used 66006K, capacity 69028K, committed 69248K, reserved 1110016K
  class space    used 8445K, capacity 9030K, committed 9088K, reserved 1048576K
}
2020-11-07T19:56:19.098+0800: 62.248: Application time: 0.0226108 seconds
{Heap before GC invocations=790 (full 74):
 par new generation   total 9216K, used 8445K [0x00000000e3400000, 0x00000000e3e00000, 0x00000000ecca0000)
  eden space 8192K, 100% used [0x00000000e3400000, 0x00000000e3c00000, 0x00000000e3c00000)
  from space 1024K,  24% used [0x00000000e3c00000, 0x00000000e3c3f660, 0x00000000e3d00000)
  to   space 1024K,   0% used [0x00000000e3d00000, 0x00000000e3d00000, 0x00000000e3e00000)
 concurrent mark-sweep generation total 81780K, used 49006K [0x00000000ecca0000, 0x00000000f1c7d000, 0x0000000100000000)
 Metaspace       used 66006K, capacity 69028K, committed 69248K, reserved 1110016K
  class space    used 8445K, capacity 9030K, committed 9088K, reserved 1048576K
2020-11-07T19:56:19.098+0800: 62.248: [GC (Allocation Failure) 2020-11-07T19:56:19.098+0800: 62.248: [ParNew: 8445K->254K(9216K), 0.0063763 secs] 57452K->49263K(90996K), 0.0064335 secs] [Times: user=0.00 sys=0.00, real=0.01 secs] 
Heap after GC invocations=791 (full 74):
 par new generation   total 9216K, used 254K [0x00000000e3400000, 0x00000000e3e00000, 0x00000000ecca0000)
  eden space 8192K,   0% used [0x00000000e3400000, 0x00000000e3400000, 0x00000000e3c00000)
  from space 1024K,  24% used [0x00000000e3d00000, 0x00000000e3d3fac0, 0x00000000e3e00000)
  to   space 1024K,   0% used [0x00000000e3c00000, 0x00000000e3c00000, 0x00000000e3d00000)
 concurrent mark-sweep generation total 81780K, used 49009K [0x00000000ecca0000, 0x00000000f1c7d000, 0x0000000100000000)
 Metaspace       used 66006K, capacity 69028K, committed 69248K, reserved 1110016K
  class space    used 8445K, capacity 9030K, committed 9088K, reserved 1048576K
}
2020-11-07T19:56:19.113+0800: 62.263: [CMS-concurrent-sweep: 0.049/0.075 secs] [Times: user=0.07 sys=0.00, real=0.07 secs] 
2020-11-07T19:56:19.126+0800: 62.275: Application time: 0.0207868 seconds
{Heap before GC invocations=791 (full 74):
 par new generation   total 9216K, used 8446K [0x00000000e3400000, 0x00000000e3e00000, 0x00000000ecca0000)
  eden space 8192K, 100% used [0x00000000e3400000, 0x00000000e3c00000, 0x00000000e3c00000)
  from space 1024K,  24% used [0x00000000e3d00000, 0x00000000e3d3fac0, 0x00000000e3e00000)
  to   space 1024K,   0% used [0x00000000e3c00000, 0x00000000e3c00000, 0x00000000e3d00000)
 concurrent mark-sweep generation total 81780K, used 48713K [0x00000000ecca0000, 0x00000000f1c7d000, 0x0000000100000000)
 Metaspace       used 65993K, capacity 69004K, committed 69248K, reserved 1110016K
  class space    used 8442K, capacity 9026K, committed 9088K, reserved 1048576K
2020-11-07T19:56:19.126+0800: 62.275: [GC (Allocation Failure) 2020-11-07T19:56:19.126+0800: 62.275: [ParNew: 8446K->208K(9216K), 0.0065445 secs] 57160K->48963K(90996K), 0.0066343 secs] [Times: user=0.01 sys=0.00, real=0.00 secs] 
Heap after GC invocations=792 (full 74):
 par new generation   total 9216K, used 208K [0x00000000e3400000, 0x00000000e3e00000, 0x00000000ecca0000)
  eden space 8192K,   0% used [0x00000000e3400000, 0x00000000e3400000, 0x00000000e3c00000)
  from space 1024K,  20% used [0x00000000e3c00000, 0x00000000e3c34080, 0x00000000e3d00000)
  to   space 1024K,   0% used [0x00000000e3d00000, 0x00000000e3d00000, 0x00000000e3e00000)
 concurrent mark-sweep generation total 81780K, used 48755K [0x00000000ecca0000, 0x00000000f1c7d000, 0x0000000100000000)
 Metaspace       used 65993K, capacity 69004K, committed 69248K, reserved 1110016K
  class space    used 8442K, capacity 9026K, committed 9088K, reserved 1048576K
}
2020-11-07T19:56:19.146+0800: 62.296: Application time: 0.0138832 seconds
2020-11-07T19:56:19.147+0800: 62.297: [CMS-concurrent-reset-start]
2020-11-07T19:56:19.148+0800: 62.298: [CMS-concurrent-reset: 0.001/0.001 secs] [Times: user=0.00 sys=0.00, real=0.00 secs] 
2020-11-07T19:56:19.199+0800: 62.348: Application time: 0.0511628 seconds
{Heap before GC invocations=792 (full 74):
 par new generation   total 9216K, used 8400K [0x00000000e3400000, 0x00000000e3e00000, 0x00000000ecca0000)
  eden space 8192K, 100% used [0x00000000e3400000, 0x00000000e3c00000, 0x00000000e3c00000)
  from space 1024K,  20% used [0x00000000e3c00000, 0x00000000e3c34080, 0x00000000e3d00000)
  to   space 1024K,   0% used [0x00000000e3d00000, 0x00000000e3d00000, 0x00000000e3e00000)
 concurrent mark-sweep generation total 81780K, used 48755K [0x00000000ecca0000, 0x00000000f1c7d000, 0x0000000100000000)
 Metaspace       used 66008K, capacity 69008K, committed 69248K, reserved 1110016K
  class space    used 8447K, capacity 9028K, committed 9088K, reserved 1048576K
2020-11-07T19:56:19.199+0800: 62.348: [GC (Allocation Failure) 2020-11-07T19:56:19.199+0800: 62.348: [ParNew: 8400K->291K(9216K), 0.0154254 secs] 57155K->49071K(90996K), 0.0155014 secs] [Times: user=0.01 sys=0.00, real=0.01 secs] 
Heap after GC invocations=793 (full 74):
 par new generation   total 9216K, used 291K [0x00000000e3400000, 0x00000000e3e00000, 0x00000000ecca0000)
  eden space 8192K,   0% used [0x00000000e3400000, 0x00000000e3400000, 0x00000000e3c00000)
  from space 1024K,  28% used [0x00000000e3d00000, 0x00000000e3d48f80, 0x00000000e3e00000)
  to   space 1024K,   0% used [0x00000000e3c00000, 0x00000000e3c00000, 0x00000000e3d00000)
 concurrent mark-sweep generation total 81780K, used 48779K [0x00000000ecca0000, 0x00000000f1c7d000, 0x0000000100000000)
 Metaspace       used 66008K, capacity 69008K, committed 69248K, reserved 1110016K
  class space    used 8447K, capacity 9028K, committed 9088K, reserved 1048576K
}
2020-11-07T19:56:19.275+0800: 62.425: Application time: 0.0610025 seconds
{Heap before GC invocations=793 (full 74):
 par new generation   total 9216K, used 8483K [0x00000000e3400000, 0x00000000e3e00000, 0x00000000ecca0000)
  eden space 8192K, 100% used [0x00000000e3400000, 0x00000000e3c00000, 0x00000000e3c00000)
  from space 1024K,  28% used [0x00000000e3d00000, 0x00000000e3d48f80, 0x00000000e3e00000)
  to   space 1024K,   0% used [0x00000000e3c00000, 0x00000000e3c00000, 0x00000000e3d00000)
 concurrent mark-sweep generation total 81780K, used 48779K [0x00000000ecca0000, 0x00000000f1c7d000, 0x0000000100000000)
 Metaspace       used 66160K, capacity 69144K, committed 69504K, reserved 1110016K
  class space    used 8463K, capacity 9030K, committed 9088K, reserved 1048576K
2020-11-07T19:56:19.275+0800: 62.425: [GC (Allocation Failure) 2020-11-07T19:56:19.276+0800: 62.425: [ParNew: 8483K->507K(9216K), 0.0228627 secs] 57263K->49294K(90996K), 0.0229187 secs] [Times: user=0.02 sys=0.01, real=0.02 secs] 
Heap after GC invocations=794 (full 74):
 par new generation   total 9216K, used 507K [0x00000000e3400000, 0x00000000e3e00000, 0x00000000ecca0000)
  eden space 8192K,   0% used [0x00000000e3400000, 0x00000000e3400000, 0x00000000e3c00000)
  from space 1024K,  49% used [0x00000000e3c00000, 0x00000000e3c7ec28, 0x00000000e3d00000)
  to   space 1024K,   0% used [0x00000000e3d00000, 0x00000000e3d00000, 0x00000000e3e00000)
 concurrent mark-sweep generation total 81780K, used 48787K [0x00000000ecca0000, 0x00000000f1c7d000, 0x0000000100000000)
 Metaspace       used 66160K, capacity 69144K, committed 69504K, reserved 1110016K
  class space    used 8463K, capacity 9030K, committed 9088K, reserved 1048576K
}
2020-11-07T19:56:19.316+0800: 62.466: Application time: 0.0174940 seconds
2020-11-07T19:56:19.342+0800: 62.492: Application time: 0.0247292 seconds
{Heap before GC invocations=794 (full 74):
 par new generation   total 9216K, used 8699K [0x00000000e3400000, 0x00000000e3e00000, 0x00000000ecca0000)
  eden space 8192K, 100% used [0x00000000e3400000, 0x00000000e3c00000, 0x00000000e3c00000)
  from space 1024K,  49% used [0x00000000e3c00000, 0x00000000e3c7ec28, 0x00000000e3d00000)
  to   space 1024K,   0% used [0x00000000e3d00000, 0x00000000e3d00000, 0x00000000e3e00000)
 concurrent mark-sweep generation total 81780K, used 48787K [0x00000000ecca0000, 0x00000000f1c7d000, 0x0000000100000000)
 Metaspace       used 66223K, capacity 69176K, committed 69504K, reserved 1110016K
  class space    used 8473K, capacity 9062K, committed 9088K, reserved 1048576K
2020-11-07T19:56:19.342+0800: 62.492: [GC (Allocation Failure) 2020-11-07T19:56:19.342+0800: 62.492: [ParNew: 8699K->514K(9216K), 0.0221181 secs] 57486K->49302K(90996K), 0.0221725 secs] [Times: user=0.02 sys=0.00, real=0.02 secs] 
Heap after GC invocations=795 (full 74):
 par new generation   total 9216K, used 514K [0x00000000e3400000, 0x00000000e3e00000, 0x00000000ecca0000)
  eden space 8192K,   0% used [0x00000000e3400000, 0x00000000e3400000, 0x00000000e3c00000)
  from space 1024K,  50% used [0x00000000e3d00000, 0x00000000e3d80bd0, 0x00000000e3e00000)
  to   space 1024K,   0% used [0x00000000e3c00000, 0x00000000e3c00000, 0x00000000e3d00000)
 concurrent mark-sweep generation total 81780K, used 48787K [0x00000000ecca0000, 0x00000000f1c7d000, 0x0000000100000000)
 Metaspace       used 66223K, capacity 69176K, committed 69504K, reserved 1110016K
  class space    used 8473K, capacity 9062K, committed 9088K, reserved 1048576K
}
2020-11-07T19:56:19.371+0800: 62.520: Application time: 0.0062545 seconds
2020-11-07T19:56:19.377+0800: 62.526: Application time: 0.0056577 seconds
2020-11-07T19:56:19.379+0800: 62.529: Application time: 0.0021542 seconds
{Heap before GC invocations=795 (full 74):
 par new generation   total 9216K, used 8706K [0x00000000e3400000, 0x00000000e3e00000, 0x00000000ecca0000)
  eden space 8192K, 100% used [0x00000000e3400000, 0x00000000e3c00000, 0x00000000e3c00000)
  from space 1024K,  50% used [0x00000000e3d00000, 0x00000000e3d80bd0, 0x00000000e3e00000)
  to   space 1024K,   0% used [0x00000000e3c00000, 0x00000000e3c00000, 0x00000000e3d00000)
 concurrent mark-sweep generation total 81780K, used 48787K [0x00000000ecca0000, 0x00000000f1c7d000, 0x0000000100000000)
 Metaspace       used 66223K, capacity 69176K, committed 69504K, reserved 1110016K
  class space    used 8473K, capacity 9062K, committed 9088K, reserved 1048576K
2020-11-07T19:56:19.379+0800: 62.529: [GC (Allocation Failure) 2020-11-07T19:56:19.379+0800: 62.529: [ParNew: 8706K->346K(9216K), 0.0187974 secs] 57494K->49180K(90996K), 0.0188543 secs] [Times: user=0.02 sys=0.00, real=0.02 secs] 
Heap after GC invocations=796 (full 74):
 par new generation   total 9216K, used 346K [0x00000000e3400000, 0x00000000e3e00000, 0x00000000ecca0000)
  eden space 8192K,   0% used [0x00000000e3400000, 0x00000000e3400000, 0x00000000e3c00000)
  from space 1024K,  33% used [0x00000000e3c00000, 0x00000000e3c56930, 0x00000000e3d00000)
  to   space 1024K,   0% used [0x00000000e3d00000, 0x00000000e3d00000, 0x00000000e3e00000)
 concurrent mark-sweep generation total 81780K, used 48834K [0x00000000ecca0000, 0x00000000f1c7d000, 0x0000000100000000)
 Metaspace       used 66223K, capacity 69176K, committed 69504K, reserved 1110016K
  class space    used 8473K, capacity 9062K, committed 9088K, reserved 1048576K
}
2020-11-07T19:56:19.410+0800: 62.560: Application time: 0.0121494 seconds
{Heap before GC invocations=796 (full 74):
 par new generation   total 9216K, used 8538K [0x00000000e3400000, 0x00000000e3e00000, 0x00000000ecca0000)
  eden space 8192K, 100% used [0x00000000e3400000, 0x00000000e3c00000, 0x00000000e3c00000)
  from space 1024K,  33% used [0x00000000e3c00000, 0x00000000e3c56930, 0x00000000e3d00000)
  to   space 1024K,   0% used [0x00000000e3d00000, 0x00000000e3d00000, 0x00000000e3e00000)
 concurrent mark-sweep generation total 81780K, used 48834K [0x00000000ecca0000, 0x00000000f1c7d000, 0x0000000100000000)
 Metaspace       used 66242K, capacity 69240K, committed 69504K, reserved 1110016K
  class space    used 8477K, capacity 9062K, committed 9088K, reserved 1048576K
2020-11-07T19:56:19.410+0800: 62.560: [GC (Allocation Failure) 2020-11-07T19:56:19.410+0800: 62.560: [ParNew: 8538K->401K(9216K), 0.0434732 secs] 57372K->49255K(90996K), 0.0435285 secs] [Times: user=0.05 sys=0.00, real=0.04 secs] 
Heap after GC invocations=797 (full 74):
 par new generation   total 9216K, used 401K [0x00000000e3400000, 0x00000000e3e00000, 0x00000000ecca0000)
  eden space 8192K,   0% used [0x00000000e3400000, 0x00000000e3400000, 0x00000000e3c00000)
  from space 1024K,  39% used [0x00000000e3d00000, 0x00000000e3d64740, 0x00000000e3e00000)
  to   space 1024K,   0% used [0x00000000e3c00000, 0x00000000e3c00000, 0x00000000e3d00000)
 concurrent mark-sweep generation total 81780K, used 48854K [0x00000000ecca0000, 0x00000000f1c7d000, 0x0000000100000000)
 Metaspace       used 66242K, capacity 69240K, committed 69504K, reserved 1110016K
  class space    used 8477K, capacity 9062K, committed 9088K, reserved 1048576K
}
2020-11-07T19:56:19.462+0800: 62.612: Application time: 0.0083633 seconds
2020-11-07T19:56:19.484+0800: 62.633: Application time: 0.0202745 seconds
{Heap before GC invocations=797 (full 74):
 par new generation   total 9216K, used 8593K [0x00000000e3400000, 0x00000000e3e00000, 0x00000000ecca0000)
  eden space 8192K, 100% used [0x00000000e3400000, 0x00000000e3c00000, 0x00000000e3c00000)
  from space 1024K,  39% used [0x00000000e3d00000, 0x00000000e3d64740, 0x00000000e3e00000)
  to   space 1024K,   0% used [0x00000000e3c00000, 0x00000000e3c00000, 0x00000000e3d00000)
 concurrent mark-sweep generation total 81780K, used 48854K [0x00000000ecca0000, 0x00000000f1c7d000, 0x0000000100000000)
 Metaspace       used 66315K, capacity 69304K, committed 69504K, reserved 1110016K
  class space    used 8487K, capacity 9062K, committed 9088K, reserved 1048576K
2020-11-07T19:56:19.484+0800: 62.633: [GC (Allocation Failure) 2020-11-07T19:56:19.484+0800: 62.633: [ParNew: 8593K->716K(9216K), 0.0269224 secs] 57447K->49570K(90996K), 0.0269869 secs] [Times: user=0.02 sys=0.00, real=0.03 secs] 
Heap after GC invocations=798 (full 74):
 par new generation   total 9216K, used 716K [0x00000000e3400000, 0x00000000e3e00000, 0x00000000ecca0000)
  eden space 8192K,   0% used [0x00000000e3400000, 0x00000000e3400000, 0x00000000e3c00000)
  from space 1024K,  69% used [0x00000000e3c00000, 0x00000000e3cb3158, 0x00000000e3d00000)
  to   space 1024K,   0% used [0x00000000e3d00000, 0x00000000e3d00000, 0x00000000e3e00000)
 concurrent mark-sweep generation total 81780K, used 48854K [0x00000000ecca0000, 0x00000000f1c7d000, 0x0000000100000000)
 Metaspace       used 66315K, capacity 69304K, committed 69504K, reserved 1110016K
  class space    used 8487K, capacity 9062K, committed 9088K, reserved 1048576K
}
2020-11-07T19:56:19.551+0800: 62.701: Application time: 0.0404213 seconds
{Heap before GC invocations=798 (full 74):
 par new generation   total 9216K, used 8908K [0x00000000e3400000, 0x00000000e3e00000, 0x00000000ecca0000)
  eden space 8192K, 100% used [0x00000000e3400000, 0x00000000e3c00000, 0x00000000e3c00000)
  from space 1024K,  69% used [0x00000000e3c00000, 0x00000000e3cb3158, 0x00000000e3d00000)
  to   space 1024K,   0% used [0x00000000e3d00000, 0x00000000e3d00000, 0x00000000e3e00000)
 concurrent mark-sweep generation total 81780K, used 48854K [0x00000000ecca0000, 0x00000000f1c7d000, 0x0000000100000000)
 Metaspace       used 66391K, capacity 69368K, committed 69760K, reserved 1110016K
  class space    used 8496K, capacity 9062K, committed 9088K, reserved 1048576K
2020-11-07T19:56:19.551+0800: 62.701: [GC (Allocation Failure) 2020-11-07T19:56:19.551+0800: 62.701: [ParNew: 8908K->747K(9216K), 0.0335018 secs] 57762K->49767K(90996K), 0.0335742 secs] [Times: user=0.04 sys=0.00, real=0.04 secs] 
Heap after GC invocations=799 (full 74):
 par new generation   total 9216K, used 747K [0x00000000e3400000, 0x00000000e3e00000, 0x00000000ecca0000)
  eden space 8192K,   0% used [0x00000000e3400000, 0x00000000e3400000, 0x00000000e3c00000)
  from space 1024K,  73% used [0x00000000e3d00000, 0x00000000e3dbaf20, 0x00000000e3e00000)
  to   space 1024K,   0% used [0x00000000e3c00000, 0x00000000e3c00000, 0x00000000e3d00000)
 concurrent mark-sweep generation total 81780K, used 49020K [0x00000000ecca0000, 0x00000000f1c7d000, 0x0000000100000000)
 Metaspace       used 66391K, capacity 69368K, committed 69760K, reserved 1110016K
  class space    used 8496K, capacity 9062K, committed 9088K, reserved 1048576K
}
2020-11-07T19:56:19.607+0800: 62.757: Application time: 0.0219620 seconds
{Heap before GC invocations=799 (full 74):
 par new generation   total 9216K, used 8939K [0x00000000e3400000, 0x00000000e3e00000, 0x00000000ecca0000)
  eden space 8192K, 100% used [0x00000000e3400000, 0x00000000e3c00000, 0x00000000e3c00000)
  from space 1024K,  73% used [0x00000000e3d00000, 0x00000000e3dbaf20, 0x00000000e3e00000)
  to   space 1024K,   0% used [0x00000000e3c00000, 0x00000000e3c00000, 0x00000000e3d00000)
 concurrent mark-sweep generation total 81780K, used 49020K [0x00000000ecca0000, 0x00000000f1c7d000, 0x0000000100000000)
 Metaspace       used 66440K, capacity 69400K, committed 69888K, reserved 1110016K
  class space    used 8507K, capacity 9094K, committed 9216K, reserved 1048576K
2020-11-07T19:56:19.607+0800: 62.757: [GC (Allocation Failure) 2020-11-07T19:56:19.607+0800: 62.757: [ParNew: 8939K->434K(9216K), 0.0358638 secs] 57959K->49830K(90996K), 0.0359393 secs] [Times: user=0.04 sys=0.00, real=0.03 secs] 
Heap after GC invocations=800 (full 74):
 par new generation   total 9216K, used 434K [0x00000000e3400000, 0x00000000e3e00000, 0x00000000ecca0000)
  eden space 8192K,   0% used [0x00000000e3400000, 0x00000000e3400000, 0x00000000e3c00000)
  from space 1024K,  42% used [0x00000000e3c00000, 0x00000000e3c6c998, 0x00000000e3d00000)
  to   space 1024K,   0% used [0x00000000e3d00000, 0x00000000e3d00000, 0x00000000e3e00000)
 concurrent mark-sweep generation total 81780K, used 49395K [0x00000000ecca0000, 0x00000000f1c7d000, 0x0000000100000000)
 Metaspace       used 66440K, capacity 69400K, committed 69888K, reserved 1110016K
  class space    used 8507K, capacity 9094K, committed 9216K, reserved 1048576K
}
2020-11-07T19:56:19.648+0800: 62.797: Application time: 0.0044159 seconds
2020-11-07T19:56:19.648+0800: 62.797: [GC (CMS Initial Mark) [1 CMS-initial-mark: 49395K(81780K)] 51325K(90996K), 0.0050912 secs] [Times: user=0.01 sys=0.00, real=0.00 secs] 
2020-11-07T19:56:19.653+0800: 62.803: [CMS-concurrent-mark-start]
2020-11-07T19:56:19.722+0800: 62.872: Application time: 0.0690058 seconds
{Heap before GC invocations=800 (full 75):
 par new generation   total 9216K, used 8626K [0x00000000e3400000, 0x00000000e3e00000, 0x00000000ecca0000)
  eden space 8192K, 100% used [0x00000000e3400000, 0x00000000e3c00000, 0x00000000e3c00000)
  from space 1024K,  42% used [0x00000000e3c00000, 0x00000000e3c6c998, 0x00000000e3d00000)
  to   space 1024K,   0% used [0x00000000e3d00000, 0x00000000e3d00000, 0x00000000e3e00000)
 concurrent mark-sweep generation total 81780K, used 49395K [0x00000000ecca0000, 0x00000000f1c7d000, 0x0000000100000000)
 Metaspace       used 66562K, capacity 69528K, committed 69888K, reserved 1110016K
  class space    used 8524K, capacity 9094K, committed 9216K, reserved 1048576K
2020-11-07T19:56:19.722+0800: 62.872: [GC (Allocation Failure) 2020-11-07T19:56:19.722+0800: 62.872: [ParNew: 8626K->315K(9216K), 0.0165870 secs] 58022K->49711K(90996K), 0.0166685 secs] [Times: user=0.02 sys=0.00, real=0.02 secs] 
Heap after GC invocations=801 (full 75):
 par new generation   total 9216K, used 315K [0x00000000e3400000, 0x00000000e3e00000, 0x00000000ecca0000)
  eden space 8192K,   0% used [0x00000000e3400000, 0x00000000e3400000, 0x00000000e3c00000)
  from space 1024K,  30% used [0x00000000e3d00000, 0x00000000e3d4ed18, 0x00000000e3e00000)
  to   space 1024K,   0% used [0x00000000e3c00000, 0x00000000e3c00000, 0x00000000e3d00000)
 concurrent mark-sweep generation total 81780K, used 49395K [0x00000000ecca0000, 0x00000000f1c7d000, 0x0000000100000000)
 Metaspace       used 66562K, capacity 69528K, committed 69888K, reserved 1110016K
  class space    used 8524K, capacity 9094K, committed 9216K, reserved 1048576K
}
2020-11-07T19:56:19.804+0800: 62.954: Application time: 0.0650758 seconds
{Heap before GC invocations=801 (full 75):
 par new generation   total 9216K, used 8507K [0x00000000e3400000, 0x00000000e3e00000, 0x00000000ecca0000)
  eden space 8192K, 100% used [0x00000000e3400000, 0x00000000e3c00000, 0x00000000e3c00000)
  from space 1024K,  30% used [0x00000000e3d00000, 0x00000000e3d4ed18, 0x00000000e3e00000)
  to   space 1024K,   0% used [0x00000000e3c00000, 0x00000000e3c00000, 0x00000000e3d00000)
 concurrent mark-sweep generation total 81780K, used 49395K [0x00000000ecca0000, 0x00000000f1c7d000, 0x0000000100000000)
 Metaspace       used 66674K, capacity 69624K, committed 69888K, reserved 1110016K
  class space    used 8541K, capacity 9126K, committed 9216K, reserved 1048576K
2020-11-07T19:56:19.804+0800: 62.954: [GC (Allocation Failure) 2020-11-07T19:56:19.804+0800: 62.954: [ParNew: 8507K->410K(9216K), 0.0306554 secs] 57903K->49805K(90996K), 0.0307120 secs] [Times: user=0.03 sys=0.00, real=0.04 secs] 
Heap after GC invocations=802 (full 75):
 par new generation   total 9216K, used 410K [0x00000000e3400000, 0x00000000e3e00000, 0x00000000ecca0000)
  eden space 8192K,   0% used [0x00000000e3400000, 0x00000000e3400000, 0x00000000e3c00000)
  from space 1024K,  40% used [0x00000000e3c00000, 0x00000000e3c66900, 0x00000000e3d00000)
  to   space 1024K,   0% used [0x00000000e3d00000, 0x00000000e3d00000, 0x00000000e3e00000)
 concurrent mark-sweep generation total 81780K, used 49395K [0x00000000ecca0000, 0x00000000f1c7d000, 0x0000000100000000)
 Metaspace       used 66674K, capacity 69624K, committed 69888K, reserved 1110016K
  class space    used 8541K, capacity 9126K, committed 9216K, reserved 1048576K
}
2020-11-07T19:56:19.898+0800: 63.047: Application time: 0.0628733 seconds
{Heap before GC invocations=802 (full 75):
 par new generation   total 9216K, used 8602K [0x00000000e3400000, 0x00000000e3e00000, 0x00000000ecca0000)
  eden space 8192K, 100% used [0x00000000e3400000, 0x00000000e3c00000, 0x00000000e3c00000)
  from space 1024K,  40% used [0x00000000e3c00000, 0x00000000e3c66900, 0x00000000e3d00000)
  to   space 1024K,   0% used [0x00000000e3d00000, 0x00000000e3d00000, 0x00000000e3e00000)
 concurrent mark-sweep generation total 81780K, used 49395K [0x00000000ecca0000, 0x00000000f1c7d000, 0x0000000100000000)
 Metaspace       used 66764K, capacity 69752K, committed 70144K, reserved 1110016K
  class space    used 8550K, capacity 9126K, committed 9216K, reserved 1048576K
2020-11-07T19:56:19.898+0800: 63.047: [GC (Allocation Failure) 2020-11-07T19:56:19.898+0800: 63.048: [ParNew: 8602K->423K(9216K), 0.0448337 secs] 57997K->49819K(90996K), 0.0448916 secs] [Times: user=0.04 sys=0.00, real=0.04 secs] 
Heap after GC invocations=803 (full 75):
 par new generation   total 9216K, used 423K [0x00000000e3400000, 0x00000000e3e00000, 0x00000000ecca0000)
  eden space 8192K,   0% used [0x00000000e3400000, 0x00000000e3400000, 0x00000000e3c00000)
  from space 1024K,  41% used [0x00000000e3d00000, 0x00000000e3d69f58, 0x00000000e3e00000)
  to   space 1024K,   0% used [0x00000000e3c00000, 0x00000000e3c00000, 0x00000000e3d00000)
 concurrent mark-sweep generation total 81780K, used 49395K [0x00000000ecca0000, 0x00000000f1c7d000, 0x0000000100000000)
 Metaspace       used 66764K, capacity 69752K, committed 70144K, reserved 1110016K
  class space    used 8550K, capacity 9126K, committed 9216K, reserved 1048576K
}
2020-11-07T19:56:19.988+0800: 63.138: Application time: 0.0456318 seconds
{Heap before GC invocations=803 (full 75):
 par new generation   total 9216K, used 8615K [0x00000000e3400000, 0x00000000e3e00000, 0x00000000ecca0000)
  eden space 8192K, 100% used [0x00000000e3400000, 0x00000000e3c00000, 0x00000000e3c00000)
  from space 1024K,  41% used [0x00000000e3d00000, 0x00000000e3d69f58, 0x00000000e3e00000)
  to   space 1024K,   0% used [0x00000000e3c00000, 0x00000000e3c00000, 0x00000000e3d00000)
 concurrent mark-sweep generation total 81780K, used 49395K [0x00000000ecca0000, 0x00000000f1c7d000, 0x0000000100000000)
 Metaspace       used 66832K, capacity 69816K, committed 70144K, reserved 1110016K
  class space    used 8561K, capacity 9126K, committed 9216K, reserved 1048576K
2020-11-07T19:56:19.989+0800: 63.138: [GC (Allocation Failure) 2020-11-07T19:56:19.989+0800: 63.138: [ParNew: 8615K->417K(9216K), 0.0460900 secs] 58011K->49813K(90996K), 0.0461473 secs] [Times: user=0.04 sys=0.00, real=0.05 secs] 
Heap after GC invocations=804 (full 75):
 par new generation   total 9216K, used 417K [0x00000000e3400000, 0x00000000e3e00000, 0x00000000ecca0000)
  eden space 8192K,   0% used [0x00000000e3400000, 0x00000000e3400000, 0x00000000e3c00000)
  from space 1024K,  40% used [0x00000000e3c00000, 0x00000000e3c68680, 0x00000000e3d00000)
  to   space 1024K,   0% used [0x00000000e3d00000, 0x00000000e3d00000, 0x00000000e3e00000)
 concurrent mark-sweep generation total 81780K, used 49395K [0x00000000ecca0000, 0x00000000f1c7d000, 0x0000000100000000)
 Metaspace       used 66832K, capacity 69816K, committed 70144K, reserved 1110016K
  class space    used 8561K, capacity 9126K, committed 9216K, reserved 1048576K
}
2020-11-07T19:56:20.040+0800: 63.190: [CMS-concurrent-mark: 0.230/0.387 secs] [Times: user=0.38 sys=0.00, real=0.39 secs] 
2020-11-07T19:56:20.040+0800: 63.190: [CMS-concurrent-preclean-start]
2020-11-07T19:56:20.056+0800: 63.206: [CMS-concurrent-preclean: 0.016/0.016 secs] [Times: user=0.01 sys=0.00, real=0.02 secs] 
2020-11-07T19:56:20.056+0800: 63.206: [CMS-concurrent-abortable-preclean-start]
2020-11-07T19:56:20.085+0800: 63.235: Application time: 0.0503466 seconds
{Heap before GC invocations=804 (full 75):
 par new generation   total 9216K, used 8609K [0x00000000e3400000, 0x00000000e3e00000, 0x00000000ecca0000)
  eden space 8192K, 100% used [0x00000000e3400000, 0x00000000e3c00000, 0x00000000e3c00000)
  from space 1024K,  40% used [0x00000000e3c00000, 0x00000000e3c68680, 0x00000000e3d00000)
  to   space 1024K,   0% used [0x00000000e3d00000, 0x00000000e3d00000, 0x00000000e3e00000)
 concurrent mark-sweep generation total 81780K, used 49395K [0x00000000ecca0000, 0x00000000f1c7d000, 0x0000000100000000)
 Metaspace       used 66922K, capacity 69912K, committed 70144K, reserved 1110016K
  class space    used 8578K, capacity 9158K, committed 9216K, reserved 1048576K
2020-11-07T19:56:20.085+0800: 63.235: [GC (Allocation Failure) 2020-11-07T19:56:20.085+0800: 63.235: [ParNew: 8609K->494K(9216K), 0.0453623 secs] 58005K->49889K(90996K), 0.0454504 secs] [Times: user=0.05 sys=0.00, real=0.04 secs] 
Heap after GC invocations=805 (full 75):
 par new generation   total 9216K, used 494K [0x00000000e3400000, 0x00000000e3e00000, 0x00000000ecca0000)
  eden space 8192K,   0% used [0x00000000e3400000, 0x00000000e3400000, 0x00000000e3c00000)
  from space 1024K,  48% used [0x00000000e3d00000, 0x00000000e3d7b8f0, 0x00000000e3e00000)
  to   space 1024K,   0% used [0x00000000e3c00000, 0x00000000e3c00000, 0x00000000e3d00000)
 concurrent mark-sweep generation total 81780K, used 49395K [0x00000000ecca0000, 0x00000000f1c7d000, 0x0000000100000000)
 Metaspace       used 66922K, capacity 69912K, committed 70144K, reserved 1110016K
  class space    used 8578K, capacity 9158K, committed 9216K, reserved 1048576K
}
2020-11-07T19:56:20.131+0800: 63.281: [CMS-concurrent-abortable-preclean: 0.012/0.075 secs] [Times: user=0.08 sys=0.00, real=0.07 secs] 
2020-11-07T19:56:20.137+0800: 63.286: Application time: 0.0058031 seconds
2020-11-07T19:56:20.137+0800: 63.286: [GC (CMS Final Remark) [YG occupancy: 2150 K (9216 K)]2020-11-07T19:56:20.137+0800: 63.286: [Rescan (parallel) , 0.0162032 secs]2020-11-07T19:56:20.153+0800: 63.303: [weak refs processing, 0.0003500 secs]2020-11-07T19:56:20.153+0800: 63.303: [class unloading, 0.0215651 secs]2020-11-07T19:56:20.175+0800: 63.325: [scrub symbol table, 0.0548538 secs]2020-11-07T19:56:20.230+0800: 63.380: [scrub string table, 0.0014599 secs][1 CMS-remark: 49395K(81780K)] 51546K(90996K), 0.0946369 secs] [Times: user=0.10 sys=0.00, real=0.09 secs] 
2020-11-07T19:56:20.238+0800: 63.387: [CMS-concurrent-sweep-start]
2020-11-07T19:56:20.293+0800: 63.443: Application time: 0.0620270 seconds
{Heap before GC invocations=805 (full 75):
 par new generation   total 9216K, used 8686K [0x00000000e3400000, 0x00000000e3e00000, 0x00000000ecca0000)
  eden space 8192K, 100% used [0x00000000e3400000, 0x00000000e3c00000, 0x00000000e3c00000)
  from space 1024K,  48% used [0x00000000e3d00000, 0x00000000e3d7b8f0, 0x00000000e3e00000)
  to   space 1024K,   0% used [0x00000000e3c00000, 0x00000000e3c00000, 0x00000000e3d00000)
 concurrent mark-sweep generation total 81780K, used 49116K [0x00000000ecca0000, 0x00000000f1c7d000, 0x0000000100000000)
 Metaspace       used 66979K, capacity 69912K, committed 70144K, reserved 1110016K
  class space    used 8589K, capacity 9158K, committed 9216K, reserved 1048576K
2020-11-07T19:56:20.294+0800: 63.443: [GC (Allocation Failure) 2020-11-07T19:56:20.294+0800: 63.443: [ParNew: 8686K->736K(9216K), 0.0330040 secs] 57802K->49853K(90996K), 0.0330938 secs] [Times: user=0.03 sys=0.00, real=0.04 secs] 
Heap after GC invocations=806 (full 75):
 par new generation   total 9216K, used 736K [0x00000000e3400000, 0x00000000e3e00000, 0x00000000ecca0000)
  eden space 8192K,   0% used [0x00000000e3400000, 0x00000000e3400000, 0x00000000e3c00000)
  from space 1024K,  71% used [0x00000000e3c00000, 0x00000000e3cb8360, 0x00000000e3d00000)
  to   space 1024K,   0% used [0x00000000e3d00000, 0x00000000e3d00000, 0x00000000e3e00000)
 concurrent mark-sweep generation total 81780K, used 49116K [0x00000000ecca0000, 0x00000000f1c7d000, 0x0000000100000000)
 Metaspace       used 66979K, capacity 69912K, committed 70144K, reserved 1110016K
  class space    used 8589K, capacity 9158K, committed 9216K, reserved 1048576K
}
2020-11-07T19:56:20.335+0800: 63.485: [CMS-concurrent-sweep: 0.057/0.098 secs] [Times: user=0.10 sys=0.00, real=0.10 secs] 
2020-11-07T19:56:20.335+0800: 63.485: [CMS-concurrent-reset-start]
2020-11-07T19:56:20.336+0800: 63.486: [CMS-concurrent-reset: 0.001/0.001 secs] [Times: user=0.00 sys=0.00, real=0.00 secs] 
2020-11-07T19:56:20.356+0800: 63.505: Application time: 0.0286989 seconds
{Heap before GC invocations=806 (full 75):
 par new generation   total 9216K, used 8928K [0x00000000e3400000, 0x00000000e3e00000, 0x00000000ecca0000)
  eden space 8192K, 100% used [0x00000000e3400000, 0x00000000e3c00000, 0x00000000e3c00000)
  from space 1024K,  71% used [0x00000000e3c00000, 0x00000000e3cb8360, 0x00000000e3d00000)
  to   space 1024K,   0% used [0x00000000e3d00000, 0x00000000e3d00000, 0x00000000e3e00000)
 concurrent mark-sweep generation total 81780K, used 49058K [0x00000000ecca0000, 0x00000000f1c7d000, 0x0000000100000000)
 Metaspace       used 67028K, capacity 70002K, committed 70400K, reserved 1110016K
  class space    used 8598K, capacity 9189K, committed 9216K, reserved 1048576K
2020-11-07T19:56:20.356+0800: 63.505: [GC (Allocation Failure) 2020-11-07T19:56:20.356+0800: 63.505: [ParNew: 8928K->555K(9216K), 0.0450906 secs] 57986K->49776K(90996K), 0.0451727 secs] [Times: user=0.04 sys=0.00, real=0.04 secs] 
Heap after GC invocations=807 (full 75):
 par new generation   total 9216K, used 555K [0x00000000e3400000, 0x00000000e3e00000, 0x00000000ecca0000)
  eden space 8192K,   0% used [0x00000000e3400000, 0x00000000e3400000, 0x00000000e3c00000)
  from space 1024K,  54% used [0x00000000e3d00000, 0x00000000e3d8aea8, 0x00000000e3e00000)
  to   space 1024K,   0% used [0x00000000e3c00000, 0x00000000e3c00000, 0x00000000e3d00000)
 concurrent mark-sweep generation total 81780K, used 49221K [0x00000000ecca0000, 0x00000000f1c7d000, 0x0000000100000000)
 Metaspace       used 67028K, capacity 70002K, committed 70400K, reserved 1110016K
  class space    used 8598K, capacity 9189K, committed 9216K, reserved 1048576K
}
2020-11-07T19:56:20.406+0800: 63.555: Application time: 0.0047454 seconds
2020-11-07T19:56:20.406+0800: 63.556: [GC (CMS Initial Mark) [1 CMS-initial-mark: 49221K(81780K)] 50943K(90996K), 0.0052157 secs] [Times: user=0.00 sys=0.00, real=0.00 secs] 
2020-11-07T19:56:20.411+0800: 63.561: [CMS-concurrent-mark-start]
2020-11-07T19:56:20.817+0800: 63.967: [CMS-concurrent-mark: 0.406/0.406 secs] [Times: user=0.40 sys=0.01, real=0.41 secs] 
2020-11-07T19:56:20.817+0800: 63.967: [CMS-concurrent-preclean-start]
2020-11-07T19:56:20.837+0800: 63.987: [CMS-concurrent-preclean: 0.019/0.019 secs] [Times: user=0.02 sys=0.00, real=0.02 secs] 
2020-11-07T19:56:20.837+0800: 63.987: [CMS-concurrent-abortable-preclean-start]
2020-11-07T19:56:20.954+0800: 64.104: Application time: 0.5429259 seconds
{Heap before GC invocations=807 (full 76):
 par new generation   total 9216K, used 8747K [0x00000000e3400000, 0x00000000e3e00000, 0x00000000ecca0000)
  eden space 8192K, 100% used [0x00000000e3400000, 0x00000000e3c00000, 0x00000000e3c00000)
  from space 1024K,  54% used [0x00000000e3d00000, 0x00000000e3d8aea8, 0x00000000e3e00000)
  to   space 1024K,   0% used [0x00000000e3c00000, 0x00000000e3c00000, 0x00000000e3d00000)
 concurrent mark-sweep generation total 81780K, used 49221K [0x00000000ecca0000, 0x00000000f1c7d000, 0x0000000100000000)
 Metaspace       used 67086K, capacity 70066K, committed 70400K, reserved 1110016K
  class space    used 8609K, capacity 9189K, committed 9216K, reserved 1048576K
2020-11-07T19:56:20.954+0800: 64.104: [GC (Allocation Failure) 2020-11-07T19:56:20.954+0800: 64.104: [ParNew: 8747K->378K(9216K), 0.0364347 secs] 57968K->49599K(90996K), 0.0365096 secs] [Times: user=0.03 sys=0.00, real=0.04 secs] 
Heap after GC invocations=808 (full 76):
 par new generation   total 9216K, used 378K [0x00000000e3400000, 0x00000000e3e00000, 0x00000000ecca0000)
  eden space 8192K,   0% used [0x00000000e3400000, 0x00000000e3400000, 0x00000000e3c00000)
  from space 1024K,  36% used [0x00000000e3c00000, 0x00000000e3c5e830, 0x00000000e3d00000)
  to   space 1024K,   0% used [0x00000000e3d00000, 0x00000000e3d00000, 0x00000000e3e00000)
 concurrent mark-sweep generation total 81780K, used 49221K [0x00000000ecca0000, 0x00000000f1c7d000, 0x0000000100000000)
 Metaspace       used 67086K, capacity 70066K, committed 70400K, reserved 1110016K
  class space    used 8609K, capacity 9189K, committed 9216K, reserved 1048576K
}
2020-11-07T19:56:21.019+0800: 64.168: Application time: 0.0280122 seconds
{Heap before GC invocations=808 (full 76):
 par new generation   total 9216K, used 8570K [0x00000000e3400000, 0x00000000e3e00000, 0x00000000ecca0000)
  eden space 8192K, 100% used [0x00000000e3400000, 0x00000000e3c00000, 0x00000000e3c00000)
  from space 1024K,  36% used [0x00000000e3c00000, 0x00000000e3c5e830, 0x00000000e3d00000)
  to   space 1024K,   0% used [0x00000000e3d00000, 0x00000000e3d00000, 0x00000000e3e00000)
 concurrent mark-sweep generation total 81780K, used 49221K [0x00000000ecca0000, 0x00000000f1c7d000, 0x0000000100000000)
 Metaspace       used 67123K, capacity 70066K, committed 70400K, reserved 1110016K
  class space    used 8615K, capacity 9189K, committed 9216K, reserved 1048576K
2020-11-07T19:56:21.019+0800: 64.169: [GC (Allocation Failure) 2020-11-07T19:56:21.019+0800: 64.169: [ParNew: 8570K->540K(9216K), 0.0308077 secs] 57791K->49774K(90996K), 0.0308681 secs] [Times: user=0.03 sys=0.00, real=0.03 secs] 
Heap after GC invocations=809 (full 76):
 par new generation   total 9216K, used 540K [0x00000000e3400000, 0x00000000e3e00000, 0x00000000ecca0000)
  eden space 8192K,   0% used [0x00000000e3400000, 0x00000000e3400000, 0x00000000e3c00000)
  from space 1024K,  52% used [0x00000000e3d00000, 0x00000000e3d871d0, 0x00000000e3e00000)
  to   space 1024K,   0% used [0x00000000e3c00000, 0x00000000e3c00000, 0x00000000e3d00000)
 concurrent mark-sweep generation total 81780K, used 49234K [0x00000000ecca0000, 0x00000000f1c7d000, 0x0000000100000000)
 Metaspace       used 67123K, capacity 70066K, committed 70400K, reserved 1110016K
  class space    used 8615K, capacity 9189K, committed 9216K, reserved 1048576K
}
2020-11-07T19:56:21.104+0800: 64.253: Application time: 0.0537393 seconds
{Heap before GC invocations=809 (full 76):
 par new generation   total 9216K, used 8732K [0x00000000e3400000, 0x00000000e3e00000, 0x00000000ecca0000)
  eden space 8192K, 100% used [0x00000000e3400000, 0x00000000e3c00000, 0x00000000e3c00000)
  from space 1024K,  52% used [0x00000000e3d00000, 0x00000000e3d871d0, 0x00000000e3e00000)
  to   space 1024K,   0% used [0x00000000e3c00000, 0x00000000e3c00000, 0x00000000e3d00000)
 concurrent mark-sweep generation total 81780K, used 49234K [0x00000000ecca0000, 0x00000000f1c7d000, 0x0000000100000000)
 Metaspace       used 67235K, capacity 70226K, committed 70528K, reserved 1110016K
  class space    used 8629K, capacity 9221K, committed 9344K, reserved 1048576K
2020-11-07T19:56:21.104+0800: 64.253: [GC (Allocation Failure) 2020-11-07T19:56:21.104+0800: 64.253: [ParNew: 8732K->572K(9216K), 0.0439483 secs] 57966K->49841K(90996K), 0.0440071 secs] [Times: user=0.05 sys=0.00, real=0.05 secs] 
Heap after GC invocations=810 (full 76):
 par new generation   total 9216K, used 572K [0x00000000e3400000, 0x00000000e3e00000, 0x00000000ecca0000)
  eden space 8192K,   0% used [0x00000000e3400000, 0x00000000e3400000, 0x00000000e3c00000)
  from space 1024K,  55% used [0x00000000e3c00000, 0x00000000e3c8f0a8, 0x00000000e3d00000)
  to   space 1024K,   0% used [0x00000000e3d00000, 0x00000000e3d00000, 0x00000000e3e00000)
 concurrent mark-sweep generation total 81780K, used 49269K [0x00000000ecca0000, 0x00000000f1c7d000, 0x0000000100000000)
 Metaspace       used 67235K, capacity 70226K, committed 70528K, reserved 1110016K
  class space    used 8629K, capacity 9221K, committed 9344K, reserved 1048576K
}
2020-11-07T19:56:21.148+0800: 64.298: [CMS-concurrent-abortable-preclean: 0.058/0.311 secs] [Times: user=0.31 sys=0.00, real=0.31 secs] 
2020-11-07T19:56:21.153+0800: 64.302: Application time: 0.0047676 seconds
2020-11-07T19:56:21.153+0800: 64.303: [GC (CMS Final Remark) [YG occupancy: 1573 K (9216 K)]2020-11-07T19:56:21.153+0800: 64.303: [Rescan (parallel) , 0.0294907 secs]2020-11-07T19:56:21.183+0800: 64.332: [weak refs processing, 0.0000915 secs]2020-11-07T19:56:21.183+0800: 64.333: [class unloading, 0.0264829 secs]2020-11-07T19:56:21.209+0800: 64.359: [scrub symbol table, 0.0365838 secs]2020-11-07T19:56:21.246+0800: 64.396: [scrub string table, 0.0014477 secs][1 CMS-remark: 49269K(81780K)] 50843K(90996K), 0.0942930 secs] [Times: user=0.10 sys=0.00, real=0.10 secs] 
2020-11-07T19:56:21.252+0800: 64.401: [CMS-concurrent-sweep-start]
2020-11-07T19:56:21.317+0800: 64.466: Application time: 0.0690154 seconds
{Heap before GC invocations=810 (full 76):
 par new generation   total 9216K, used 8764K [0x00000000e3400000, 0x00000000e3e00000, 0x00000000ecca0000)
  eden space 8192K, 100% used [0x00000000e3400000, 0x00000000e3c00000, 0x00000000e3c00000)
  from space 1024K,  55% used [0x00000000e3c00000, 0x00000000e3c8f0a8, 0x00000000e3d00000)
  to   space 1024K,   0% used [0x00000000e3d00000, 0x00000000e3d00000, 0x00000000e3e00000)
 concurrent mark-sweep generation total 81780K, used 49244K [0x00000000ecca0000, 0x00000000f1c7d000, 0x0000000100000000)
 Metaspace       used 67363K, capacity 70290K, committed 70784K, reserved 1110016K
  class space    used 8645K, capacity 9221K, committed 9344K, reserved 1048576K
2020-11-07T19:56:21.317+0800: 64.466: [GC (Allocation Failure) 2020-11-07T19:56:21.317+0800: 64.466: [ParNew: 8764K->502K(9216K), 0.0269532 secs] 58008K->49787K(90996K), 0.0270456 secs] [Times: user=0.02 sys=0.00, real=0.02 secs] 
Heap after GC invocations=811 (full 76):
 par new generation   total 9216K, used 502K [0x00000000e3400000, 0x00000000e3e00000, 0x00000000ecca0000)
  eden space 8192K,   0% used [0x00000000e3400000, 0x00000000e3400000, 0x00000000e3c00000)
  from space 1024K,  49% used [0x00000000e3d00000, 0x00000000e3d7db58, 0x00000000e3e00000)
  to   space 1024K,   0% used [0x00000000e3c00000, 0x00000000e3c00000, 0x00000000e3d00000)
 concurrent mark-sweep generation total 81780K, used 49285K [0x00000000ecca0000, 0x00000000f1c7d000, 0x0000000100000000)
 Metaspace       used 67363K, capacity 70290K, committed 70784K, reserved 1110016K
  class space    used 8645K, capacity 9221K, committed 9344K, reserved 1048576K
}
2020-11-07T19:56:21.345+0800: 64.495: [CMS-concurrent-sweep: 0.066/0.094 secs] [Times: user=0.09 sys=0.00, real=0.10 secs] 
2020-11-07T19:56:21.350+0800: 64.499: [CMS-concurrent-reset-start]
2020-11-07T19:56:21.351+0800: 64.500: [CMS-concurrent-reset: 0.001/0.001 secs] [Times: user=0.00 sys=0.00, real=0.00 secs] 
2020-11-07T19:56:21.372+0800: 64.522: Application time: 0.0285172 seconds
{Heap before GC invocations=811 (full 76):
 par new generation   total 9216K, used 8694K [0x00000000e3400000, 0x00000000e3e00000, 0x00000000ecca0000)
  eden space 8192K, 100% used [0x00000000e3400000, 0x00000000e3c00000, 0x00000000e3c00000)
  from space 1024K,  49% used [0x00000000e3d00000, 0x00000000e3d7db58, 0x00000000e3e00000)
  to   space 1024K,   0% used [0x00000000e3c00000, 0x00000000e3c00000, 0x00000000e3d00000)
 concurrent mark-sweep generation total 82012K, used 49205K [0x00000000ecca0000, 0x00000000f1cb7000, 0x0000000100000000)
 Metaspace       used 67465K, capacity 70450K, committed 70784K, reserved 1110016K
  class space    used 8663K, capacity 9253K, committed 9344K, reserved 1048576K
2020-11-07T19:56:21.373+0800: 64.522: [GC (Allocation Failure) 2020-11-07T19:56:21.373+0800: 64.522: [ParNew: 8694K->293K(9216K), 0.0362456 secs] 57900K->49539K(91228K), 0.0363237 secs] [Times: user=0.04 sys=0.00, real=0.04 secs] 
Heap after GC invocations=812 (full 76):
 par new generation   total 9216K, used 293K [0x00000000e3400000, 0x00000000e3e00000, 0x00000000ecca0000)
  eden space 8192K,   0% used [0x00000000e3400000, 0x00000000e3400000, 0x00000000e3c00000)
  from space 1024K,  28% used [0x00000000e3c00000, 0x00000000e3c497f8, 0x00000000e3d00000)
  to   space 1024K,   0% used [0x00000000e3d00000, 0x00000000e3d00000, 0x00000000e3e00000)
 concurrent mark-sweep generation total 82012K, used 49245K [0x00000000ecca0000, 0x00000000f1cb7000, 0x0000000100000000)
 Metaspace       used 67465K, capacity 70450K, committed 70784K, reserved 1110016K
  class space    used 8663K, capacity 9253K, committed 9344K, reserved 1048576K
}
2020-11-07T19:56:21.416+0800: 64.565: Application time: 0.0066554 seconds
2020-11-07T19:56:21.416+0800: 64.565: [GC (CMS Initial Mark) [1 CMS-initial-mark: 49245K(82012K)] 51208K(91228K), 0.0050933 secs] [Times: user=0.01 sys=0.00, real=0.00 secs] 
2020-11-07T19:56:21.421+0800: 64.570: [CMS-concurrent-mark-start]
2020-11-07T19:56:21.454+0800: 64.604: Application time: 0.0335745 seconds
2020-11-07T19:56:21.470+0800: 64.620: Application time: 0.0147870 seconds
{Heap before GC invocations=812 (full 77):
 par new generation   total 9216K, used 8485K [0x00000000e3400000, 0x00000000e3e00000, 0x00000000ecca0000)
  eden space 8192K, 100% used [0x00000000e3400000, 0x00000000e3c00000, 0x00000000e3c00000)
  from space 1024K,  28% used [0x00000000e3c00000, 0x00000000e3c497f8, 0x00000000e3d00000)
  to   space 1024K,   0% used [0x00000000e3d00000, 0x00000000e3d00000, 0x00000000e3e00000)
 concurrent mark-sweep generation total 82012K, used 49245K [0x00000000ecca0000, 0x00000000f1cb7000, 0x0000000100000000)
 Metaspace       used 67567K, capacity 70514K, committed 70784K, reserved 1110016K
  class space    used 8681K, capacity 9253K, committed 9344K, reserved 1048576K
2020-11-07T19:56:21.470+0800: 64.620: [GC (Allocation Failure) 2020-11-07T19:56:21.470+0800: 64.620: [ParNew: 8485K->293K(9216K), 0.0332250 secs] 57731K->49567K(91228K), 0.0333230 secs] [Times: user=0.03 sys=0.00, real=0.03 secs] 
Heap after GC invocations=813 (full 77):
 par new generation   total 9216K, used 293K [0x00000000e3400000, 0x00000000e3e00000, 0x00000000ecca0000)
  eden space 8192K,   0% used [0x00000000e3400000, 0x00000000e3400000, 0x00000000e3c00000)
  from space 1024K,  28% used [0x00000000e3d00000, 0x00000000e3d49780, 0x00000000e3e00000)
  to   space 1024K,   0% used [0x00000000e3c00000, 0x00000000e3c00000, 0x00000000e3d00000)
 concurrent mark-sweep generation total 82012K, used 49274K [0x00000000ecca0000, 0x00000000f1cb7000, 0x0000000100000000)
 Metaspace       used 67567K, capacity 70514K, committed 70784K, reserved 1110016K
  class space    used 8681K, capacity 9253K, committed 9344K, reserved 1048576K
}
2020-11-07T19:56:21.584+0800: 64.733: Application time: 0.0797043 seconds
{Heap before GC invocations=813 (full 77):
 par new generation   total 9216K, used 8485K [0x00000000e3400000, 0x00000000e3e00000, 0x00000000ecca0000)
  eden space 8192K, 100% used [0x00000000e3400000, 0x00000000e3c00000, 0x00000000e3c00000)
  from space 1024K,  28% used [0x00000000e3d00000, 0x00000000e3d49780, 0x00000000e3e00000)
  to   space 1024K,   0% used [0x00000000e3c00000, 0x00000000e3c00000, 0x00000000e3d00000)
 concurrent mark-sweep generation total 82012K, used 49274K [0x00000000ecca0000, 0x00000000f1cb7000, 0x0000000100000000)
 Metaspace       used 67693K, capacity 70674K, committed 71040K, reserved 1112064K
  class space    used 8702K, capacity 9285K, committed 9344K, reserved 1048576K
2020-11-07T19:56:21.584+0800: 64.733: [GC (Allocation Failure) 2020-11-07T19:56:21.584+0800: 64.733: [ParNew: 8485K->454K(9216K), 0.0439315 secs] 57759K->49745K(91228K), 0.0439933 secs] [Times: user=0.04 sys=0.00, real=0.05 secs] 
Heap after GC invocations=814 (full 77):
 par new generation   total 9216K, used 454K [0x00000000e3400000, 0x00000000e3e00000, 0x00000000ecca0000)
  eden space 8192K,   0% used [0x00000000e3400000, 0x00000000e3400000, 0x00000000e3c00000)
  from space 1024K,  44% used [0x00000000e3c00000, 0x00000000e3c71a68, 0x00000000e3d00000)
  to   space 1024K,   0% used [0x00000000e3d00000, 0x00000000e3d00000, 0x00000000e3e00000)
 concurrent mark-sweep generation total 82012K, used 49291K [0x00000000ecca0000, 0x00000000f1cb7000, 0x0000000100000000)
 Metaspace       used 67693K, capacity 70674K, committed 71040K, reserved 1112064K
  class space    used 8702K, capacity 9285K, committed 9344K, reserved 1048576K
}
2020-11-07T19:56:21.638+0800: 64.788: Application time: 0.0105269 seconds
2020-11-07T19:56:21.708+0800: 64.858: Application time: 0.0686657 seconds
2020-11-07T19:56:21.711+0800: 64.860: Application time: 0.0012483 seconds
2020-11-07T19:56:21.769+0800: 64.918: Application time: 0.0571984 seconds
{Heap before GC invocations=814 (full 77):
 par new generation   total 9216K, used 8646K [0x00000000e3400000, 0x00000000e3e00000, 0x00000000ecca0000)
  eden space 8192K, 100% used [0x00000000e3400000, 0x00000000e3c00000, 0x00000000e3c00000)
  from space 1024K,  44% used [0x00000000e3c00000, 0x00000000e3c71a68, 0x00000000e3d00000)
  to   space 1024K,   0% used [0x00000000e3d00000, 0x00000000e3d00000, 0x00000000e3e00000)
 concurrent mark-sweep generation total 82012K, used 49291K [0x00000000ecca0000, 0x00000000f1cb7000, 0x0000000100000000)
 Metaspace       used 68138K, capacity 71090K, committed 71296K, reserved 1112064K
  class space    used 8746K, capacity 9317K, committed 9344K, reserved 1048576K
2020-11-07T19:56:21.769+0800: 64.919: [GC (Allocation Failure) 2020-11-07T19:56:21.769+0800: 64.919: [ParNew: 8646K->356K(9216K), 0.0457906 secs] 57937K->49677K(91228K), 0.0458517 secs] [Times: user=0.05 sys=0.00, real=0.05 secs] 
Heap after GC invocations=815 (full 77):
 par new generation   total 9216K, used 356K [0x00000000e3400000, 0x00000000e3e00000, 0x00000000ecca0000)
  eden space 8192K,   0% used [0x00000000e3400000, 0x00000000e3400000, 0x00000000e3c00000)
  from space 1024K,  34% used [0x00000000e3d00000, 0x00000000e3d592f0, 0x00000000e3e00000)
  to   space 1024K,   0% used [0x00000000e3c00000, 0x00000000e3c00000, 0x00000000e3d00000)
 concurrent mark-sweep generation total 82012K, used 49321K [0x00000000ecca0000, 0x00000000f1cb7000, 0x0000000100000000)
 Metaspace       used 68138K, capacity 71090K, committed 71296K, reserved 1112064K
  class space    used 8746K, capacity 9317K, committed 9344K, reserved 1048576K
}
2020-11-07T19:56:21.836+0800: 64.986: [CMS-concurrent-mark: 0.271/0.415 secs] [Times: user=0.41 sys=0.00, real=0.42 secs] 
2020-11-07T19:56:21.836+0800: 64.986: [CMS-concurrent-preclean-start]
2020-11-07T19:56:21.844+0800: 64.994: [CMS-concurrent-preclean: 0.008/0.008 secs] [Times: user=0.01 sys=0.00, real=0.00 secs] 
2020-11-07T19:56:21.844+0800: 64.994: [CMS-concurrent-abortable-preclean-start]
2020-11-07T19:56:21.857+0800: 65.007: Application time: 0.0423068 seconds
2020-11-07T19:56:21.864+0800: 65.014: Application time: 0.0060281 seconds
{Heap before GC invocations=815 (full 77):
 par new generation   total 9216K, used 8548K [0x00000000e3400000, 0x00000000e3e00000, 0x00000000ecca0000)
  eden space 8192K, 100% used [0x00000000e3400000, 0x00000000e3c00000, 0x00000000e3c00000)
  from space 1024K,  34% used [0x00000000e3d00000, 0x00000000e3d592f0, 0x00000000e3e00000)
  to   space 1024K,   0% used [0x00000000e3c00000, 0x00000000e3c00000, 0x00000000e3d00000)
 concurrent mark-sweep generation total 82012K, used 49321K [0x00000000ecca0000, 0x00000000f1cb7000, 0x0000000100000000)
 Metaspace       used 68237K, capacity 71186K, committed 71680K, reserved 1112064K
  class space    used 8763K, capacity 9349K, committed 9472K, reserved 1048576K
2020-11-07T19:56:21.864+0800: 65.014: [GC (Allocation Failure) 2020-11-07T19:56:21.864+0800: 65.014: [ParNew: 8548K->291K(9216K), 0.0372097 secs] 57869K->49631K(91228K), 0.0372985 secs] [Times: user=0.03 sys=0.01, real=0.04 secs] 
Heap after GC invocations=816 (full 77):
 par new generation   total 9216K, used 291K [0x00000000e3400000, 0x00000000e3e00000, 0x00000000ecca0000)
  eden space 8192K,   0% used [0x00000000e3400000, 0x00000000e3400000, 0x00000000e3c00000)
  from space 1024K,  28% used [0x00000000e3c00000, 0x00000000e3c48d08, 0x00000000e3d00000)
  to   space 1024K,   0% used [0x00000000e3d00000, 0x00000000e3d00000, 0x00000000e3e00000)
 concurrent mark-sweep generation total 82012K, used 49340K [0x00000000ecca0000, 0x00000000f1cb7000, 0x0000000100000000)
 Metaspace       used 68237K, capacity 71186K, committed 71680K, reserved 1112064K
  class space    used 8763K, capacity 9349K, committed 9472K, reserved 1048576K
}
2020-11-07T19:56:21.936+0800: 65.086: Application time: 0.0346143 seconds
{Heap before GC invocations=816 (full 77):
 par new generation   total 9216K, used 8483K [0x00000000e3400000, 0x00000000e3e00000, 0x00000000ecca0000)
  eden space 8192K, 100% used [0x00000000e3400000, 0x00000000e3c00000, 0x00000000e3c00000)
  from space 1024K,  28% used [0x00000000e3c00000, 0x00000000e3c48d08, 0x00000000e3d00000)
  to   space 1024K,   0% used [0x00000000e3d00000, 0x00000000e3d00000, 0x00000000e3e00000)
 concurrent mark-sweep generation total 82012K, used 49340K [0x00000000ecca0000, 0x00000000f1cb7000, 0x0000000100000000)
 Metaspace       used 68310K, capacity 71250K, committed 71680K, reserved 1112064K
  class space    used 8776K, capacity 9349K, committed 9472K, reserved 1048576K
2020-11-07T19:56:21.937+0800: 65.086: [GC (Allocation Failure) 2020-11-07T19:56:21.937+0800: 65.086: [ParNew: 8483K->323K(9216K), 0.0380464 secs] 57823K->49679K(91228K), 0.0381138 secs] [Times: user=0.04 sys=0.00, real=0.04 secs] 
Heap after GC invocations=817 (full 77):
 par new generation   total 9216K, used 323K [0x00000000e3400000, 0x00000000e3e00000, 0x00000000ecca0000)
  eden space 8192K,   0% used [0x00000000e3400000, 0x00000000e3400000, 0x00000000e3c00000)
  from space 1024K,  31% used [0x00000000e3d00000, 0x00000000e3d50ca8, 0x00000000e3e00000)
  to   space 1024K,   0% used [0x00000000e3c00000, 0x00000000e3c00000, 0x00000000e3d00000)
 concurrent mark-sweep generation total 82012K, used 49356K [0x00000000ecca0000, 0x00000000f1cb7000, 0x0000000100000000)
 Metaspace       used 68310K, capacity 71250K, committed 71680K, reserved 1112064K
  class space    used 8776K, capacity 9349K, committed 9472K, reserved 1048576K
}
2020-11-07T19:56:22.006+0800: 65.156: Application time: 0.0315665 seconds
{Heap before GC invocations=817 (full 77):
 par new generation   total 9216K, used 8515K [0x00000000e3400000, 0x00000000e3e00000, 0x00000000ecca0000)
  eden space 8192K, 100% used [0x00000000e3400000, 0x00000000e3c00000, 0x00000000e3c00000)
  from space 1024K,  31% used [0x00000000e3d00000, 0x00000000e3d50ca8, 0x00000000e3e00000)
  to   space 1024K,   0% used [0x00000000e3c00000, 0x00000000e3c00000, 0x00000000e3d00000)
 concurrent mark-sweep generation total 82012K, used 49356K [0x00000000ecca0000, 0x00000000f1cb7000, 0x0000000100000000)
 Metaspace       used 68389K, capacity 71314K, committed 71680K, reserved 1112064K
  class space    used 8788K, capacity 9349K, committed 9472K, reserved 1048576K
2020-11-07T19:56:22.007+0800: 65.156: [GC (Allocation Failure) 2020-11-07T19:56:22.007+0800: 65.156: [ParNew: 8515K->319K(9216K), 0.0361364 secs] 57871K->49690K(91228K), 0.0361963 secs] [Times: user=0.03 sys=0.00, real=0.03 secs] 
Heap after GC invocations=818 (full 77):
 par new generation   total 9216K, used 319K [0x00000000e3400000, 0x00000000e3e00000, 0x00000000ecca0000)
  eden space 8192K,   0% used [0x00000000e3400000, 0x00000000e3400000, 0x00000000e3c00000)
  from space 1024K,  31% used [0x00000000e3c00000, 0x00000000e3c4fdb8, 0x00000000e3d00000)
  to   space 1024K,   0% used [0x00000000e3d00000, 0x00000000e3d00000, 0x00000000e3e00000)
 concurrent mark-sweep generation total 82012K, used 49370K [0x00000000ecca0000, 0x00000000f1cb7000, 0x0000000100000000)
 Metaspace       used 68389K, capacity 71314K, committed 71680K, reserved 1112064K
  class space    used 8788K, capacity 9349K, committed 9472K, reserved 1048576K
}
2020-11-07T19:56:22.094+0800: 65.244: Application time: 0.0516636 seconds
{Heap before GC invocations=818 (full 77):
 par new generation   total 9216K, used 8511K [0x00000000e3400000, 0x00000000e3e00000, 0x00000000ecca0000)
  eden space 8192K, 100% used [0x00000000e3400000, 0x00000000e3c00000, 0x00000000e3c00000)
  from space 1024K,  31% used [0x00000000e3c00000, 0x00000000e3c4fdb8, 0x00000000e3d00000)
  to   space 1024K,   0% used [0x00000000e3d00000, 0x00000000e3d00000, 0x00000000e3e00000)
 concurrent mark-sweep generation total 82012K, used 49370K [0x00000000ecca0000, 0x00000000f1cb7000, 0x0000000100000000)
 Metaspace       used 68532K, capacity 71538K, committed 71936K, reserved 1112064K
  class space    used 8807K, capacity 9381K, committed 9472K, reserved 1048576K
2020-11-07T19:56:22.095+0800: 65.244: [GC (Allocation Failure) 2020-11-07T19:56:22.095+0800: 65.244: [ParNew: 8511K->572K(9216K), 0.0370608 secs] 57882K->49957K(91228K), 0.0371203 secs] [Times: user=0.04 sys=0.00, real=0.03 secs] 
Heap after GC invocations=819 (full 77):
 par new generation   total 9216K, used 572K [0x00000000e3400000, 0x00000000e3e00000, 0x00000000ecca0000)
  eden space 8192K,   0% used [0x00000000e3400000, 0x00000000e3400000, 0x00000000e3c00000)
  from space 1024K,  55% used [0x00000000e3d00000, 0x00000000e3d8f108, 0x00000000e3e00000)
  to   space 1024K,   0% used [0x00000000e3c00000, 0x00000000e3c00000, 0x00000000e3d00000)
 concurrent mark-sweep generation total 82012K, used 49385K [0x00000000ecca0000, 0x00000000f1cb7000, 0x0000000100000000)
 Metaspace       used 68532K, capacity 71538K, committed 71936K, reserved 1112064K
  class space    used 8807K, capacity 9381K, committed 9472K, reserved 1048576K
}
2020-11-07T19:56:22.178+0800: 65.327: Application time: 0.0459018 seconds
{Heap before GC invocations=819 (full 77):
 par new generation   total 9216K, used 8764K [0x00000000e3400000, 0x00000000e3e00000, 0x00000000ecca0000)
  eden space 8192K, 100% used [0x00000000e3400000, 0x00000000e3c00000, 0x00000000e3c00000)
  from space 1024K,  55% used [0x00000000e3d00000, 0x00000000e3d8f108, 0x00000000e3e00000)
  to   space 1024K,   0% used [0x00000000e3c00000, 0x00000000e3c00000, 0x00000000e3d00000)
 concurrent mark-sweep generation total 82012K, used 49385K [0x00000000ecca0000, 0x00000000f1cb7000, 0x0000000100000000)
 Metaspace       used 68604K, capacity 71602K, committed 71936K, reserved 1112064K
  class space    used 8820K, capacity 9381K, committed 9472K, reserved 1048576K
2020-11-07T19:56:22.178+0800: 65.328: [GC (Allocation Failure) 2020-11-07T19:56:22.178+0800: 65.328: [ParNew: 8764K->368K(9216K), 0.0339071 secs] 58149K->49788K(91228K), 0.0339663 secs] [Times: user=0.03 sys=0.00, real=0.03 secs] 
Heap after GC invocations=820 (full 77):
 par new generation   total 9216K, used 368K [0x00000000e3400000, 0x00000000e3e00000, 0x00000000ecca0000)
  eden space 8192K,   0% used [0x00000000e3400000, 0x00000000e3400000, 0x00000000e3c00000)
  from space 1024K,  35% used [0x00000000e3c00000, 0x00000000e3c5c1a8, 0x00000000e3d00000)
  to   space 1024K,   0% used [0x00000000e3d00000, 0x00000000e3d00000, 0x00000000e3e00000)
 concurrent mark-sweep generation total 82012K, used 49419K [0x00000000ecca0000, 0x00000000f1cb7000, 0x0000000100000000)
 Metaspace       used 68604K, capacity 71602K, committed 71936K, reserved 1112064K
  class space    used 8820K, capacity 9381K, committed 9472K, reserved 1048576K
}
2020-11-07T19:56:22.253+0800: 65.402: Application time: 0.0406268 seconds
{Heap before GC invocations=820 (full 77):
 par new generation   total 9216K, used 8560K [0x00000000e3400000, 0x00000000e3e00000, 0x00000000ecca0000)
  eden space 8192K, 100% used [0x00000000e3400000, 0x00000000e3c00000, 0x00000000e3c00000)
  from space 1024K,  35% used [0x00000000e3c00000, 0x00000000e3c5c1a8, 0x00000000e3d00000)
  to   space 1024K,   0% used [0x00000000e3d00000, 0x00000000e3d00000, 0x00000000e3e00000)
 concurrent mark-sweep generation total 82012K, used 49419K [0x00000000ecca0000, 0x00000000f1cb7000, 0x0000000100000000)
 Metaspace       used 68693K, capacity 71698K, committed 71936K, reserved 1112064K
  class space    used 8836K, capacity 9413K, committed 9472K, reserved 1048576K
2020-11-07T19:56:22.253+0800: 65.402: [GC (Allocation Failure) 2020-11-07T19:56:22.253+0800: 65.402: [ParNew: 8560K->398K(9216K), 0.0360530 secs] 57980K->49818K(91228K), 0.0361152 secs] [Times: user=0.03 sys=0.00, real=0.04 secs] 
Heap after GC invocations=821 (full 77):
 par new generation   total 9216K, used 398K [0x00000000e3400000, 0x00000000e3e00000, 0x00000000ecca0000)
  eden space 8192K,   0% used [0x00000000e3400000, 0x00000000e3400000, 0x00000000e3c00000)
  from space 1024K,  38% used [0x00000000e3d00000, 0x00000000e3d63b10, 0x00000000e3e00000)
  to   space 1024K,   0% used [0x00000000e3c00000, 0x00000000e3c00000, 0x00000000e3d00000)
 concurrent mark-sweep generation total 82012K, used 49419K [0x00000000ecca0000, 0x00000000f1cb7000, 0x0000000100000000)
 Metaspace       used 68693K, capacity 71698K, committed 71936K, reserved 1112064K
  class space    used 8836K, capacity 9413K, committed 9472K, reserved 1048576K
}
2020-11-07T19:56:22.348+0800: 65.498: Application time: 0.0592850 seconds
{Heap before GC invocations=821 (full 77):
 par new generation   total 9216K, used 8590K [0x00000000e3400000, 0x00000000e3e00000, 0x00000000ecca0000)
  eden space 8192K, 100% used [0x00000000e3400000, 0x00000000e3c00000, 0x00000000e3c00000)
  from space 1024K,  38% used [0x00000000e3d00000, 0x00000000e3d63b10, 0x00000000e3e00000)
  to   space 1024K,   0% used [0x00000000e3c00000, 0x00000000e3c00000, 0x00000000e3d00000)
 concurrent mark-sweep generation total 82012K, used 49419K [0x00000000ecca0000, 0x00000000f1cb7000, 0x0000000100000000)
 Metaspace       used 68785K, capacity 71762K, committed 72192K, reserved 1112064K
  class space    used 8852K, capacity 9413K, committed 9472K, reserved 1048576K
2020-11-07T19:56:22.348+0800: 65.498: [GC (Allocation Failure) 2020-11-07T19:56:22.348+0800: 65.498: [ParNew: 8590K->836K(9216K), 0.0339175 secs] 58010K->50269K(91228K), 0.0339783 secs] [Times: user=0.03 sys=0.00, real=0.03 secs] 
Heap after GC invocations=822 (full 77):
 par new generation   total 9216K, used 836K [0x00000000e3400000, 0x00000000e3e00000, 0x00000000ecca0000)
  eden space 8192K,   0% used [0x00000000e3400000, 0x00000000e3400000, 0x00000000e3c00000)
  from space 1024K,  81% used [0x00000000e3c00000, 0x00000000e3cd1030, 0x00000000e3d00000)
  to   space 1024K,   0% used [0x00000000e3d00000, 0x00000000e3d00000, 0x00000000e3e00000)
 concurrent mark-sweep generation total 82012K, used 49433K [0x00000000ecca0000, 0x00000000f1cb7000, 0x0000000100000000)
 Metaspace       used 68785K, capacity 71762K, committed 72192K, reserved 1112064K
  class space    used 8852K, capacity 9413K, committed 9472K, reserved 1048576K
}
2020-11-07T19:56:22.426+0800: 65.575: Application time: 0.0431807 seconds
{Heap before GC invocations=822 (full 77):
 par new generation   total 9216K, used 9028K [0x00000000e3400000, 0x00000000e3e00000, 0x00000000ecca0000)
  eden space 8192K, 100% used [0x00000000e3400000, 0x00000000e3c00000, 0x00000000e3c00000)
  from space 1024K,  81% used [0x00000000e3c00000, 0x00000000e3cd1030, 0x00000000e3d00000)
  to   space 1024K,   0% used [0x00000000e3d00000, 0x00000000e3d00000, 0x00000000e3e00000)
 concurrent mark-sweep generation total 82012K, used 49433K [0x00000000ecca0000, 0x00000000f1cb7000, 0x0000000100000000)
 Metaspace       used 68891K, capacity 71858K, committed 72192K, reserved 1112064K
  class space    used 8872K, capacity 9445K, committed 9472K, reserved 1048576K
2020-11-07T19:56:22.426+0800: 65.575: [GC (Allocation Failure) 2020-11-07T19:56:22.426+0800: 65.575: [ParNew2020-11-07T19:56:22.512+0800: 65.662: [CMS-concurrent-abortable-preclean: 0.123/0.668 secs] [Times: user=0.65 sys=0.01, real=0.67 secs] 
: 9028K->440K(9216K), 0.1869724 secs] 58461K->50619K(91228K), 0.1870411 secs] [Times: user=0.18 sys=0.01, real=0.18 secs] 
Heap after GC invocations=823 (full 77):
 par new generation   total 9216K, used 440K [0x00000000e3400000, 0x00000000e3e00000, 0x00000000ecca0000)
  eden space 8192K,   0% used [0x00000000e3400000, 0x00000000e3400000, 0x00000000e3c00000)
  from space 1024K,  43% used [0x00000000e3d00000, 0x00000000e3d6e328, 0x00000000e3e00000)
  to   space 1024K,   0% used [0x00000000e3c00000, 0x00000000e3c00000, 0x00000000e3d00000)
 concurrent mark-sweep generation total 82012K, used 50178K [0x00000000ecca0000, 0x00000000f1cb7000, 0x0000000100000000)
 Metaspace       used 68891K, capacity 71858K, committed 72192K, reserved 1112064K
  class space    used 8872K, capacity 9445K, committed 9472K, reserved 1048576K
}
2020-11-07T19:56:22.631+0800: 65.780: Application time: 0.0178884 seconds
2020-11-07T19:56:22.631+0800: 65.780: [GC (CMS Final Remark) [YG occupancy: 1609 K (9216 K)]2020-11-07T19:56:22.631+0800: 65.781: [Rescan (parallel) , 0.0322184 secs]2020-11-07T19:56:22.663+0800: 65.813: [weak refs processing, 0.0009357 secs]2020-11-07T19:56:22.664+0800: 65.814: [class unloading, 0.0166459 secs]2020-11-07T19:56:22.681+0800: 65.830: [scrub symbol table, 0.0288270 secs]2020-11-07T19:56:22.710+0800: 65.859: [scrub string table, 0.0014656 secs][1 CMS-remark: 50178K(82012K)] 51787K(91228K), 0.0803331 secs] [Times: user=0.07 sys=0.00, real=0.08 secs] 
2020-11-07T19:56:22.726+0800: 65.875: [CMS-concurrent-sweep-start]
2020-11-07T19:56:22.748+0800: 65.898: Application time: 0.0366716 seconds
2020-11-07T19:56:22.789+0800: 65.938: [CMS-concurrent-sweep: 0.049/0.063 secs] [Times: user=0.06 sys=0.00, real=0.06 secs] 
2020-11-07T19:56:22.789+0800: 65.938: [CMS-concurrent-reset-start]
2020-11-07T19:56:22.790+0800: 65.939: [CMS-concurrent-reset: 0.001/0.001 secs] [Times: user=0.00 sys=0.00, real=0.00 secs] 
2020-11-07T19:56:22.826+0800: 65.976: Application time: 0.0641939 seconds
{Heap before GC invocations=823 (full 77):
 par new generation   total 9216K, used 8632K [0x00000000e3400000, 0x00000000e3e00000, 0x00000000ecca0000)
  eden space 8192K, 100% used [0x00000000e3400000, 0x00000000e3c00000, 0x00000000e3c00000)
  from space 1024K,  43% used [0x00000000e3d00000, 0x00000000e3d6e328, 0x00000000e3e00000)
  to   space 1024K,   0% used [0x00000000e3c00000, 0x00000000e3c00000, 0x00000000e3d00000)
 concurrent mark-sweep generation total 83120K, used 49870K [0x00000000ecca0000, 0x00000000f1dcc000, 0x0000000100000000)
 Metaspace       used 68969K, capacity 71940K, committed 72192K, reserved 1112064K
  class space    used 8883K, capacity 9448K, committed 9472K, reserved 1048576K
2020-11-07T19:56:22.826+0800: 65.976: [GC (Allocation Failure) 2020-11-07T19:56:22.826+0800: 65.976: [ParNew: 8632K->460K(9216K), 0.0115989 secs] 58502K->50330K(92336K), 0.0117127 secs] [Times: user=0.02 sys=0.00, real=0.01 secs] 
Heap after GC invocations=824 (full 77):
 par new generation   total 9216K, used 460K [0x00000000e3400000, 0x00000000e3e00000, 0x00000000ecca0000)
  eden space 8192K,   0% used [0x00000000e3400000, 0x00000000e3400000, 0x00000000e3c00000)
  from space 1024K,  44% used [0x00000000e3c00000, 0x00000000e3c73128, 0x00000000e3d00000)
  to   space 1024K,   0% used [0x00000000e3d00000, 0x00000000e3d00000, 0x00000000e3e00000)
 concurrent mark-sweep generation total 83120K, used 49870K [0x00000000ecca0000, 0x00000000f1dcc000, 0x0000000100000000)
 Metaspace       used 68969K, capacity 71940K, committed 72192K, reserved 1112064K
  class space    used 8883K, capacity 9448K, committed 9472K, reserved 1048576K
}
2020-11-07T19:56:22.942+0800: 66.092: Application time: 0.1042164 seconds
{Heap before GC invocations=824 (full 77):
 par new generation   total 9216K, used 8652K [0x00000000e3400000, 0x00000000e3e00000, 0x00000000ecca0000)
  eden space 8192K, 100% used [0x00000000e3400000, 0x00000000e3c00000, 0x00000000e3c00000)
  from space 1024K,  44% used [0x00000000e3c00000, 0x00000000e3c73128, 0x00000000e3d00000)
  to   space 1024K,   0% used [0x00000000e3d00000, 0x00000000e3d00000, 0x00000000e3e00000)
 concurrent mark-sweep generation total 83120K, used 49870K [0x00000000ecca0000, 0x00000000f1dcc000, 0x0000000100000000)
 Metaspace       used 69030K, capacity 71940K, committed 72192K, reserved 1112064K
  class space    used 8890K, capacity 9448K, committed 9472K, reserved 1048576K
2020-11-07T19:56:22.942+0800: 66.092: [GC (Allocation Failure) 2020-11-07T19:56:22.942+0800: 66.092: [ParNew: 8652K->790K(9216K), 0.0165700 secs] 58522K->50660K(92336K), 0.0166369 secs] [Times: user=0.02 sys=0.00, real=0.02 secs] 
Heap after GC invocations=825 (full 77):
 par new generation   total 9216K, used 790K [0x00000000e3400000, 0x00000000e3e00000, 0x00000000ecca0000)
  eden space 8192K,   0% used [0x00000000e3400000, 0x00000000e3400000, 0x00000000e3c00000)
  from space 1024K,  77% used [0x00000000e3d00000, 0x00000000e3dc5970, 0x00000000e3e00000)
  to   space 1024K,   0% used [0x00000000e3c00000, 0x00000000e3c00000, 0x00000000e3d00000)
 concurrent mark-sweep generation total 83120K, used 49870K [0x00000000ecca0000, 0x00000000f1dcc000, 0x0000000100000000)
 Metaspace       used 69030K, capacity 71940K, committed 72192K, reserved 1112064K
  class space    used 8890K, capacity 9448K, committed 9472K, reserved 1048576K
}
2020-11-07T19:56:23.019+0800: 66.169: Application time: 0.0596584 seconds
{Heap before GC invocations=825 (full 77):
 par new generation   total 9216K, used 8982K [0x00000000e3400000, 0x00000000e3e00000, 0x00000000ecca0000)
  eden space 8192K, 100% used [0x00000000e3400000, 0x00000000e3c00000, 0x00000000e3c00000)
  from space 1024K,  77% used [0x00000000e3d00000, 0x00000000e3dc5970, 0x00000000e3e00000)
  to   space 1024K,   0% used [0x00000000e3c00000, 0x00000000e3c00000, 0x00000000e3d00000)
 concurrent mark-sweep generation total 83120K, used 49870K [0x00000000ecca0000, 0x00000000f1dcc000, 0x0000000100000000)
 Metaspace       used 69064K, capacity 72010K, committed 72192K, reserved 1112064K
  class space    used 8897K, capacity 9449K, committed 9472K, reserved 1048576K
2020-11-07T19:56:23.019+0800: 66.169: [GC (Allocation Failure) 2020-11-07T19:56:23.019+0800: 66.169: [ParNew: 8982K->592K(9216K), 0.0432089 secs] 58852K->50838K(92336K), 0.0432762 secs] [Times: user=0.04 sys=0.00, real=0.04 secs] 
Heap after GC invocations=826 (full 77):
 par new generation   total 9216K, used 592K [0x00000000e3400000, 0x00000000e3e00000, 0x00000000ecca0000)
  eden space 8192K,   0% used [0x00000000e3400000, 0x00000000e3400000, 0x00000000e3c00000)
  from space 1024K,  57% used [0x00000000e3c00000, 0x00000000e3c94080, 0x00000000e3d00000)
  to   space 1024K,   0% used [0x00000000e3d00000, 0x00000000e3d00000, 0x00000000e3e00000)
 concurrent mark-sweep generation total 83120K, used 50246K [0x00000000ecca0000, 0x00000000f1dcc000, 0x0000000100000000)
 Metaspace       used 69064K, capacity 72010K, committed 72192K, reserved 1112064K
  class space    used 8897K, capacity 9449K, committed 9472K, reserved 1048576K
}
2020-11-07T19:56:23.070+0800: 66.220: Application time: 0.0076225 seconds
2020-11-07T19:56:23.070+0800: 66.220: [GC (CMS Initial Mark) [1 CMS-initial-mark: 50246K(83120K)] 51841K(92336K), 0.0062317 secs] [Times: user=0.01 sys=0.00, real=0.01 secs] 
2020-11-07T19:56:23.076+0800: 66.226: [CMS-concurrent-mark-start]
2020-11-07T19:56:23.120+0800: 66.270: Application time: 0.0437076 seconds
{Heap before GC invocations=826 (full 78):
 par new generation   total 9216K, used 8784K [0x00000000e3400000, 0x00000000e3e00000, 0x00000000ecca0000)
  eden space 8192K, 100% used [0x00000000e3400000, 0x00000000e3c00000, 0x00000000e3c00000)
  from space 1024K,  57% used [0x00000000e3c00000, 0x00000000e3c94080, 0x00000000e3d00000)
  to   space 1024K,   0% used [0x00000000e3d00000, 0x00000000e3d00000, 0x00000000e3e00000)
 concurrent mark-sweep generation total 83120K, used 50246K [0x00000000ecca0000, 0x00000000f1dcc000, 0x0000000100000000)
 Metaspace       used 69116K, capacity 72042K, committed 72320K, reserved 1112064K
  class space    used 8904K, capacity 9481K, committed 9600K, reserved 1048576K
2020-11-07T19:56:23.120+0800: 66.270: [GC (Allocation Failure) 2020-11-07T19:56:23.120+0800: 66.270: [ParNew: 8784K->481K(9216K), 0.0428343 secs] 59030K->50728K(92336K), 0.0429207 secs] [Times: user=0.04 sys=0.00, real=0.04 secs] 
Heap after GC invocations=827 (full 78):
 par new generation   total 9216K, used 481K [0x00000000e3400000, 0x00000000e3e00000, 0x00000000ecca0000)
  eden space 8192K,   0% used [0x00000000e3400000, 0x00000000e3400000, 0x00000000e3c00000)
  from space 1024K,  47% used [0x00000000e3d00000, 0x00000000e3d787d0, 0x00000000e3e00000)
  to   space 1024K,   0% used [0x00000000e3c00000, 0x00000000e3c00000, 0x00000000e3d00000)
 concurrent mark-sweep generation total 83120K, used 50246K [0x00000000ecca0000, 0x00000000f1dcc000, 0x0000000100000000)
 Metaspace       used 69116K, capacity 72042K, committed 72320K, reserved 1112064K
  class space    used 8904K, capacity 9481K, committed 9600K, reserved 1048576K
}
2020-11-07T19:56:23.261+0800: 66.410: Application time: 0.0973013 seconds
2020-11-07T19:56:23.266+0800: 66.415: Application time: 0.0039446 seconds
{Heap before GC invocations=827 (full 78):
 par new generation   total 9216K, used 8673K [0x00000000e3400000, 0x00000000e3e00000, 0x00000000ecca0000)
  eden space 8192K, 100% used [0x00000000e3400000, 0x00000000e3c00000, 0x00000000e3c00000)
  from space 1024K,  47% used [0x00000000e3d00000, 0x00000000e3d787d0, 0x00000000e3e00000)
  to   space 1024K,   0% used [0x00000000e3c00000, 0x00000000e3c00000, 0x00000000e3d00000)
 concurrent mark-sweep generation total 83120K, used 50246K [0x00000000ecca0000, 0x00000000f1dcc000, 0x0000000100000000)
 Metaspace       used 69269K, capacity 72252K, committed 72576K, reserved 1112064K
  class space    used 8922K, capacity 9484K, committed 9600K, reserved 1048576K
2020-11-07T19:56:23.266+0800: 66.416: [GC (Allocation Failure) 2020-11-07T19:56:23.266+0800: 66.416: [ParNew: 8673K->549K(9216K), 0.0449976 secs] 58920K->50796K(92336K), 0.0450684 secs] [Times: user=0.04 sys=0.00, real=0.04 secs] 
Heap after GC invocations=828 (full 78):
 par new generation   total 9216K, used 549K [0x00000000e3400000, 0x00000000e3e00000, 0x00000000ecca0000)
  eden space 8192K,   0% used [0x00000000e3400000, 0x00000000e3400000, 0x00000000e3c00000)
  from space 1024K,  53% used [0x00000000e3c00000, 0x00000000e3c89750, 0x00000000e3d00000)
  to   space 1024K,   0% used [0x00000000e3d00000, 0x00000000e3d00000, 0x00000000e3e00000)
 concurrent mark-sweep generation total 83120K, used 50246K [0x00000000ecca0000, 0x00000000f1dcc000, 0x0000000100000000)
 Metaspace       used 69269K, capacity 72252K, committed 72576K, reserved 1112064K
  class space    used 8922K, capacity 9484K, committed 9600K, reserved 1048576K
}
2020-11-07T19:56:23.382+0800: 66.531: Application time: 0.0707972 seconds
{Heap before GC invocations=828 (full 78):
 par new generation   total 9216K, used 8741K [0x00000000e3400000, 0x00000000e3e00000, 0x00000000ecca0000)
  eden space 8192K, 100% used [0x00000000e3400000, 0x00000000e3c00000, 0x00000000e3c00000)
  from space 1024K,  53% used [0x00000000e3c00000, 0x00000000e3c89750, 0x00000000e3d00000)
  to   space 1024K,   0% used [0x00000000e3d00000, 0x00000000e3d00000, 0x00000000e3e00000)
 concurrent mark-sweep generation total 83120K, used 50246K [0x00000000ecca0000, 0x00000000f1dcc000, 0x0000000100000000)
 Metaspace       used 69358K, capacity 72380K, committed 72832K, reserved 1112064K
  class space    used 8934K, capacity 9484K, committed 9600K, reserved 1048576K
2020-11-07T19:56:23.382+0800: 66.532: [GC (Allocation Failure) 2020-11-07T19:56:23.382+0800: 66.532: [ParNew: 8741K->534K(9216K), 0.0246458 secs] 58988K->50781K(92336K), 0.0247069 secs] [Times: user=0.02 sys=0.00, real=0.03 secs] 
Heap after GC invocations=829 (full 78):
 par new generation   total 9216K, used 534K [0x00000000e3400000, 0x00000000e3e00000, 0x00000000ecca0000)
  eden space 8192K,   0% used [0x00000000e3400000, 0x00000000e3400000, 0x00000000e3c00000)
  from space 1024K,  52% used [0x00000000e3d00000, 0x00000000e3d85bf0, 0x00000000e3e00000)
  to   space 1024K,   0% used [0x00000000e3c00000, 0x00000000e3c00000, 0x00000000e3d00000)
 concurrent mark-sweep generation total 83120K, used 50246K [0x00000000ecca0000, 0x00000000f1dcc000, 0x0000000100000000)
 Metaspace       used 69358K, capacity 72380K, committed 72832K, reserved 1112064K
  class space    used 8934K, capacity 9484K, committed 9600K, reserved 1048576K
}
2020-11-07T19:56:23.467+0800: 66.617: Application time: 0.0601821 seconds
{Heap before GC invocations=829 (full 78):
 par new generation   total 9216K, used 8726K [0x00000000e3400000, 0x00000000e3e00000, 0x00000000ecca0000)
  eden space 8192K, 100% used [0x00000000e3400000, 0x00000000e3c00000, 0x00000000e3c00000)
  from space 1024K,  52% used [0x00000000e3d00000, 0x00000000e3d85bf0, 0x00000000e3e00000)
  to   space 1024K,   0% used [0x00000000e3c00000, 0x00000000e3c00000, 0x00000000e3d00000)
 concurrent mark-sweep generation total 83120K, used 50246K [0x00000000ecca0000, 0x00000000f1dcc000, 0x0000000100000000)
 Metaspace       used 69466K, capacity 72476K, committed 72832K, reserved 1112064K
  class space    used 8944K, capacity 9516K, committed 9600K, reserved 1048576K
2020-11-07T19:56:23.467+0800: 66.617: [GC (Allocation Failure) 2020-11-07T19:56:23.467+0800: 66.617: [ParNew: 8726K->551K(9216K), 0.0365545 secs] 58973K->50797K(92336K), 0.0366231 secs] [Times: user=0.03 sys=0.00, real=0.03 secs] 
Heap after GC invocations=830 (full 78):
 par new generation   total 9216K, used 551K [0x00000000e3400000, 0x00000000e3e00000, 0x00000000ecca0000)
  eden space 8192K,   0% used [0x00000000e3400000, 0x00000000e3400000, 0x00000000e3c00000)
  from space 1024K,  53% used [0x00000000e3c00000, 0x00000000e3c89d08, 0x00000000e3d00000)
  to   space 1024K,   0% used [0x00000000e3d00000, 0x00000000e3d00000, 0x00000000e3e00000)
 concurrent mark-sweep generation total 83120K, used 50246K [0x00000000ecca0000, 0x00000000f1dcc000, 0x0000000100000000)
 Metaspace       used 69466K, capacity 72476K, committed 72832K, reserved 1112064K
  class space    used 8944K, capacity 9516K, committed 9600K, reserved 1048576K
}
2020-11-07T19:56:23.533+0800: 66.683: [CMS-concurrent-mark: 0.288/0.457 secs] [Times: user=0.44 sys=0.01, real=0.45 secs] 
2020-11-07T19:56:23.533+0800: 66.683: [CMS-concurrent-preclean-start]
2020-11-07T19:56:23.537+0800: 66.686: [CMS-concurrent-preclean: 0.003/0.003 secs] [Times: user=0.00 sys=0.00, real=0.01 secs] 
2020-11-07T19:56:23.537+0800: 66.686: [CMS-concurrent-abortable-preclean-start]
2020-11-07T19:56:23.564+0800: 66.713: Application time: 0.0598497 seconds
{Heap before GC invocations=830 (full 78):
 par new generation   total 9216K, used 8743K [0x00000000e3400000, 0x00000000e3e00000, 0x00000000ecca0000)
  eden space 8192K, 100% used [0x00000000e3400000, 0x00000000e3c00000, 0x00000000e3c00000)
  from space 1024K,  53% used [0x00000000e3c00000, 0x00000000e3c89d08, 0x00000000e3d00000)
  to   space 1024K,   0% used [0x00000000e3d00000, 0x00000000e3d00000, 0x00000000e3e00000)
 concurrent mark-sweep generation total 83120K, used 50246K [0x00000000ecca0000, 0x00000000f1dcc000, 0x0000000100000000)
 Metaspace       used 69544K, capacity 72540K, committed 72832K, reserved 1112064K
  class space    used 8956K, capacity 9516K, committed 9600K, reserved 1048576K
2020-11-07T19:56:23.564+0800: 66.713: [GC (Allocation Failure) 2020-11-07T19:56:23.564+0800: 66.714: [ParNew: 8743K->544K(9216K), 0.0318300 secs] 58989K->50790K(92336K), 0.0319074 secs] [Times: user=0.03 sys=0.00, real=0.04 secs] 
Heap after GC invocations=831 (full 78):
 par new generation   total 9216K, used 544K [0x00000000e3400000, 0x00000000e3e00000, 0x00000000ecca0000)
  eden space 8192K,   0% used [0x00000000e3400000, 0x00000000e3400000, 0x00000000e3c00000)
  from space 1024K,  53% used [0x00000000e3d00000, 0x00000000e3d88210, 0x00000000e3e00000)
  to   space 1024K,   0% used [0x00000000e3c00000, 0x00000000e3c00000, 0x00000000e3d00000)
 concurrent mark-sweep generation total 83120K, used 50246K [0x00000000ecca0000, 0x00000000f1dcc000, 0x0000000100000000)
 Metaspace       used 69544K, capacity 72540K, committed 72832K, reserved 1112064K
  class space    used 8956K, capacity 9516K, committed 9600K, reserved 1048576K
}
2020-11-07T19:56:23.631+0800: 66.781: Application time: 0.0351303 seconds
{Heap before GC invocations=831 (full 78):
 par new generation   total 9216K, used 8736K [0x00000000e3400000, 0x00000000e3e00000, 0x00000000ecca0000)
  eden space 8192K, 100% used [0x00000000e3400000, 0x00000000e3c00000, 0x00000000e3c00000)
  from space 1024K,  53% used [0x00000000e3d00000, 0x00000000e3d88210, 0x00000000e3e00000)
  to   space 1024K,   0% used [0x00000000e3c00000, 0x00000000e3c00000, 0x00000000e3d00000)
 concurrent mark-sweep generation total 83120K, used 50246K [0x00000000ecca0000, 0x00000000f1dcc000, 0x0000000100000000)
 Metaspace       used 69629K, capacity 72604K, committed 72832K, reserved 1112064K
  class space    used 8967K, capacity 9516K, committed 9600K, reserved 1048576K
2020-11-07T19:56:23.631+0800: 66.781: [GC (Allocation Failure) 2020-11-07T19:56:23.631+0800: 66.781: [ParNew: 8736K->550K(9216K), 0.0356104 secs] 58982K->50797K(92336K), 0.0356685 secs] [Times: user=0.03 sys=0.00, real=0.04 secs] 
Heap after GC invocations=832 (full 78):
 par new generation   total 9216K, used 550K [0x00000000e3400000, 0x00000000e3e00000, 0x00000000ecca0000)
  eden space 8192K,   0% used [0x00000000e3400000, 0x00000000e3400000, 0x00000000e3c00000)
  from space 1024K,  53% used [0x00000000e3c00000, 0x00000000e3c89b98, 0x00000000e3d00000)
  to   space 1024K,   0% used [0x00000000e3d00000, 0x00000000e3d00000, 0x00000000e3e00000)
 concurrent mark-sweep generation total 83120K, used 50246K [0x00000000ecca0000, 0x00000000f1dcc000, 0x0000000100000000)
 Metaspace       used 69629K, capacity 72604K, committed 72832K, reserved 1112064K
  class space    used 8967K, capacity 9516K, committed 9600K, reserved 1048576K
}
2020-11-07T19:56:23.667+0800: 66.817: [CMS-concurrent-abortable-preclean: 0.046/0.131 secs] [Times: user=0.13 sys=0.00, real=0.13 secs] 
2020-11-07T19:56:23.672+0800: 66.822: Application time: 0.0056891 seconds
2020-11-07T19:56:23.679+0800: 66.828: [GC (CMS Final Remark) [YG occupancy: 1952 K (9216 K)]2020-11-07T19:56:23.679+0800: 66.828: [Rescan (parallel) , 0.0428221 secs]2020-11-07T19:56:23.722+0800: 66.871: [weak refs processing, 0.0005489 secs]2020-11-07T19:56:23.722+0800: 66.872: [class unloading, 0.0163581 secs]2020-11-07T19:56:23.739+0800: 66.888: [scrub symbol table, 0.0500501 secs]2020-11-07T19:56:23.789+0800: 66.938: [scrub string table, 0.0014031 secs][1 CMS-remark: 50246K(83120K)] 52199K(92336K), 0.1113871 secs] [Times: user=0.11 sys=0.00, real=0.11 secs] 
2020-11-07T19:56:23.795+0800: 66.944: [CMS-concurrent-sweep-start]
2020-11-07T19:56:23.836+0800: 66.986: Application time: 0.0458443 seconds
{Heap before GC invocations=832 (full 78):
 par new generation   total 9216K, used 8742K [0x00000000e3400000, 0x00000000e3e00000, 0x00000000ecca0000)
  eden space 8192K, 100% used [0x00000000e3400000, 0x00000000e3c00000, 0x00000000e3c00000)
  from space 1024K,  53% used [0x00000000e3c00000, 0x00000000e3c89b98, 0x00000000e3d00000)
  to   space 1024K,   0% used [0x00000000e3d00000, 0x00000000e3d00000, 0x00000000e3e00000)
 concurrent mark-sweep generation total 83120K, used 50231K [0x00000000ecca0000, 0x00000000f1dcc000, 0x0000000100000000)
 Metaspace       used 69747K, capacity 72764K, committed 73088K, reserved 1112064K
  class space    used 8980K, capacity 9548K, committed 9600K, reserved 1048576K
2020-11-07T19:56:23.836+0800: 66.986: [GC (Allocation Failure) 2020-11-07T19:56:23.836+0800: 66.986: [ParNew: 8742K->615K(9216K), 0.0385664 secs] 58974K->50846K(92336K), 0.0386525 secs] [Times: user=0.03 sys=0.01, real=0.04 secs] 
Heap after GC invocations=833 (full 78):
 par new generation   total 9216K, used 615K [0x00000000e3400000, 0x00000000e3e00000, 0x00000000ecca0000)
  eden space 8192K,   0% used [0x00000000e3400000, 0x00000000e3400000, 0x00000000e3c00000)
  from space 1024K,  60% used [0x00000000e3d00000, 0x00000000e3d99e28, 0x00000000e3e00000)
  to   space 1024K,   0% used [0x00000000e3c00000, 0x00000000e3c00000, 0x00000000e3d00000)
 concurrent mark-sweep generation total 83120K, used 50231K [0x00000000ecca0000, 0x00000000f1dcc000, 0x0000000100000000)
 Metaspace       used 69747K, capacity 72764K, committed 73088K, reserved 1112064K
  class space    used 8980K, capacity 9548K, committed 9600K, reserved 1048576K
}
2020-11-07T19:56:23.889+0800: 67.039: [CMS-concurrent-sweep: 0.055/0.094 secs] [Times: user=0.09 sys=0.01, real=0.09 secs] 
2020-11-07T19:56:23.889+0800: 67.039: [CMS-concurrent-reset-start]
2020-11-07T19:56:23.890+0800: 67.040: [CMS-concurrent-reset: 0.001/0.001 secs] [Times: user=0.00 sys=0.00, real=0.00 secs] 
2020-11-07T19:56:23.921+0800: 67.070: Application time: 0.0459899 seconds
{Heap before GC invocations=833 (full 78):
 par new generation   total 9216K, used 8807K [0x00000000e3400000, 0x00000000e3e00000, 0x00000000ecca0000)
  eden space 8192K, 100% used [0x00000000e3400000, 0x00000000e3c00000, 0x00000000e3c00000)
  from space 1024K,  60% used [0x00000000e3d00000, 0x00000000e3d99e28, 0x00000000e3e00000)
  to   space 1024K,   0% used [0x00000000e3c00000, 0x00000000e3c00000, 0x00000000e3d00000)
 concurrent mark-sweep generation total 83120K, used 49745K [0x00000000ecca0000, 0x00000000f1dcc000, 0x0000000100000000)
 Metaspace       used 69855K, capacity 72828K, committed 73088K, reserved 1112064K
  class space    used 8991K, capacity 9548K, committed 9600K, reserved 1048576K
2020-11-07T19:56:23.921+0800: 67.071: [GC (Allocation Failure) 2020-11-07T19:56:23.921+0800: 67.071: [ParNew: 8807K->376K(9216K), 0.0419336 secs] 58553K->50344K(92336K), 0.0420124 secs] [Times: user=0.04 sys=0.00, real=0.04 secs] 
Heap after GC invocations=834 (full 78):
 par new generation   total 9216K, used 376K [0x00000000e3400000, 0x00000000e3e00000, 0x00000000ecca0000)
  eden space 8192K,   0% used [0x00000000e3400000, 0x00000000e3400000, 0x00000000e3c00000)
  from space 1024K,  36% used [0x00000000e3c00000, 0x00000000e3c5e228, 0x00000000e3d00000)
  to   space 1024K,   0% used [0x00000000e3d00000, 0x00000000e3d00000, 0x00000000e3e00000)
 concurrent mark-sweep generation total 83120K, used 49968K [0x00000000ecca0000, 0x00000000f1dcc000, 0x0000000100000000)
 Metaspace       used 69855K, capacity 72828K, committed 73088K, reserved 1112064K
  class space    used 8991K, capacity 9548K, committed 9600K, reserved 1048576K
}
2020-11-07T19:56:23.968+0800: 67.117: Application time: 0.0046145 seconds
2020-11-07T19:56:23.968+0800: 67.117: [GC (CMS Initial Mark) [1 CMS-initial-mark: 49968K(83120K)] 51843K(92336K), 0.0089264 secs] [Times: user=0.00 sys=0.00, real=0.01 secs] 
2020-11-07T19:56:23.982+0800: 67.132: [CMS-concurrent-mark-start]
2020-11-07T19:56:24.042+0800: 67.192: Application time: 0.0658154 seconds
{Heap before GC invocations=834 (full 79):
 par new generation   total 9216K, used 8568K [0x00000000e3400000, 0x00000000e3e00000, 0x00000000ecca0000)
  eden space 8192K, 100% used [0x00000000e3400000, 0x00000000e3c00000, 0x00000000e3c00000)
  from space 1024K,  36% used [0x00000000e3c00000, 0x00000000e3c5e228, 0x00000000e3d00000)
  to   space 1024K,   0% used [0x00000000e3d00000, 0x00000000e3d00000, 0x00000000e3e00000)
 concurrent mark-sweep generation total 83120K, used 49968K [0x00000000ecca0000, 0x00000000f1dcc000, 0x0000000100000000)
 Metaspace       used 70069K, capacity 73084K, committed 73472K, reserved 1114112K
  class space    used 9018K, capacity 9612K, committed 9728K, reserved 1048576K
2020-11-07T19:56:24.043+0800: 67.192: [GC (Allocation Failure) 2020-11-07T19:56:24.043+0800: 67.192: [ParNew: 8568K->299K(9216K), 0.0440416 secs] 58536K->50293K(92336K), 0.0441222 secs] [Times: user=0.04 sys=0.00, real=0.05 secs] 
Heap after GC invocations=835 (full 79):
 par new generation   total 9216K, used 299K [0x00000000e3400000, 0x00000000e3e00000, 0x00000000ecca0000)
  eden space 8192K,   0% used [0x00000000e3400000, 0x00000000e3400000, 0x00000000e3c00000)
  from space 1024K,  29% used [0x00000000e3d00000, 0x00000000e3d4ad70, 0x00000000e3e00000)
  to   space 1024K,   0% used [0x00000000e3c00000, 0x00000000e3c00000, 0x00000000e3d00000)
 concurrent mark-sweep generation total 83120K, used 49994K [0x00000000ecca0000, 0x00000000f1dcc000, 0x0000000100000000)
 Metaspace       used 70069K, capacity 73084K, committed 73472K, reserved 1114112K
  class space    used 9018K, capacity 9612K, committed 9728K, reserved 1048576K
}
2020-11-07T19:56:24.140+0800: 67.290: Application time: 0.0530591 seconds
{Heap before GC invocations=835 (full 79):
 par new generation   total 9216K, used 8491K [0x00000000e3400000, 0x00000000e3e00000, 0x00000000ecca0000)
  eden space 8192K, 100% used [0x00000000e3400000, 0x00000000e3c00000, 0x00000000e3c00000)
  from space 1024K,  29% used [0x00000000e3d00000, 0x00000000e3d4ad70, 0x00000000e3e00000)
  to   space 1024K,   0% used [0x00000000e3c00000, 0x00000000e3c00000, 0x00000000e3d00000)
 concurrent mark-sweep generation total 83120K, used 49994K [0x00000000ecca0000, 0x00000000f1dcc000, 0x0000000100000000)
 Metaspace       used 70188K, capacity 73218K, committed 73472K, reserved 1114112K
  class space    used 9039K, capacity 9613K, committed 9728K, reserved 1048576K
2020-11-07T19:56:24.140+0800: 67.290: [GC (Allocation Failure) 2020-11-07T19:56:24.140+0800: 67.290: [ParNew: 8491K->305K(9216K), 0.0356852 secs] 58485K->50309K(92336K), 0.0357447 secs] [Times: user=0.04 sys=0.00, real=0.04 secs] 
Heap after GC invocations=836 (full 79):
 par new generation   total 9216K, used 305K [0x00000000e3400000, 0x00000000e3e00000, 0x00000000ecca0000)
  eden space 8192K,   0% used [0x00000000e3400000, 0x00000000e3400000, 0x00000000e3c00000)
  from space 1024K,  29% used [0x00000000e3c00000, 0x00000000e3c4c500, 0x00000000e3d00000)
  to   space 1024K,   0% used [0x00000000e3d00000, 0x00000000e3d00000, 0x00000000e3e00000)
 concurrent mark-sweep generation total 83120K, used 50004K [0x00000000ecca0000, 0x00000000f1dcc000, 0x0000000100000000)
 Metaspace       used 70188K, capacity 73218K, committed 73472K, reserved 1114112K
  class space    used 9039K, capacity 9613K, committed 9728K, reserved 1048576K
}
2020-11-07T19:56:24.245+0800: 67.394: Application time: 0.0686572 seconds
{Heap before GC invocations=836 (full 79):
 par new generation   total 9216K, used 8497K [0x00000000e3400000, 0x00000000e3e00000, 0x00000000ecca0000)
  eden space 8192K, 100% used [0x00000000e3400000, 0x00000000e3c00000, 0x00000000e3c00000)
  from space 1024K,  29% used [0x00000000e3c00000, 0x00000000e3c4c500, 0x00000000e3d00000)
  to   space 1024K,   0% used [0x00000000e3d00000, 0x00000000e3d00000, 0x00000000e3e00000)
 concurrent mark-sweep generation total 83120K, used 50004K [0x00000000ecca0000, 0x00000000f1dcc000, 0x0000000100000000)
 Metaspace       used 70258K, capacity 73250K, committed 73472K, reserved 1114112K
  class space    used 9057K, capacity 9645K, committed 9728K, reserved 1048576K
2020-11-07T19:56:24.245+0800: 67.394: [GC (Allocation Failure) 2020-11-07T19:56:24.245+0800: 67.394: [ParNew: 8497K->265K(9216K), 0.0399609 secs] 58501K->50326K(92336K), 0.0400414 secs] [Times: user=0.04 sys=0.00, real=0.04 secs] 
Heap after GC invocations=837 (full 79):
 par new generation   total 9216K, used 265K [0x00000000e3400000, 0x00000000e3e00000, 0x00000000ecca0000)
  eden space 8192K,   0% used [0x00000000e3400000, 0x00000000e3400000, 0x00000000e3c00000)
  from space 1024K,  25% used [0x00000000e3d00000, 0x00000000e3d425d0, 0x00000000e3e00000)
  to   space 1024K,   0% used [0x00000000e3c00000, 0x00000000e3c00000, 0x00000000e3d00000)
 concurrent mark-sweep generation total 83120K, used 50061K [0x00000000ecca0000, 0x00000000f1dcc000, 0x0000000100000000)
 Metaspace       used 70258K, capacity 73250K, committed 73472K, reserved 1114112K
  class space    used 9057K, capacity 9645K, committed 9728K, reserved 1048576K
}
2020-11-07T19:56:24.342+0800: 67.491: Application time: 0.0567989 seconds
{Heap before GC invocations=837 (full 79):
 par new generation   total 9216K, used 8457K [0x00000000e3400000, 0x00000000e3e00000, 0x00000000ecca0000)
  eden space 8192K, 100% used [0x00000000e3400000, 0x00000000e3c00000, 0x00000000e3c00000)
  from space 1024K,  25% used [0x00000000e3d00000, 0x00000000e3d425d0, 0x00000000e3e00000)
  to   space 1024K,   0% used [0x00000000e3c00000, 0x00000000e3c00000, 0x00000000e3d00000)
 concurrent mark-sweep generation total 83120K, used 50061K [0x00000000ecca0000, 0x00000000f1dcc000, 0x0000000100000000)
 Metaspace       used 70336K, capacity 73314K, committed 73728K, reserved 1114112K
  class space    used 9071K, capacity 9645K, committed 9728K, reserved 1048576K
2020-11-07T19:56:24.342+0800: 67.491: [GC (Allocation Failure) 2020-11-07T19:56:24.342+0800: 67.492: [ParNew: 8457K->321K(9216K), 0.0251969 secs] 58518K->50399K(92336K), 0.0252573 secs] [Times: user=0.03 sys=0.00, real=0.03 secs] 
Heap after GC invocations=838 (full 79):
 par new generation   total 9216K, used 321K [0x00000000e3400000, 0x00000000e3e00000, 0x00000000ecca0000)
  eden space 8192K,   0% used [0x00000000e3400000, 0x00000000e3400000, 0x00000000e3c00000)
  from space 1024K,  31% used [0x00000000e3c00000, 0x00000000e3c50730, 0x00000000e3d00000)
  to   space 1024K,   0% used [0x00000000e3d00000, 0x00000000e3d00000, 0x00000000e3e00000)
 concurrent mark-sweep generation total 83120K, used 50077K [0x00000000ecca0000, 0x00000000f1dcc000, 0x0000000100000000)
 Metaspace       used 70336K, capacity 73314K, committed 73728K, reserved 1114112K
  class space    used 9071K, capacity 9645K, committed 9728K, reserved 1048576K
}
2020-11-07T19:56:24.410+0800: 67.559: [CMS-concurrent-mark: 0.261/0.427 secs] [Times: user=0.42 sys=0.00, real=0.43 secs] 
2020-11-07T19:56:24.410+0800: 67.559: [CMS-concurrent-preclean-start]
2020-11-07T19:56:24.424+0800: 67.573: [CMS-concurrent-preclean: 0.014/0.014 secs] [Times: user=0.01 sys=0.00, real=0.01 secs] 
2020-11-07T19:56:24.424+0800: 67.573: [CMS-concurrent-abortable-preclean-start]
2020-11-07T19:56:24.438+0800: 67.588: Application time: 0.0708908 seconds
{Heap before GC invocations=838 (full 79):
 par new generation   total 9216K, used 8513K [0x00000000e3400000, 0x00000000e3e00000, 0x00000000ecca0000)
  eden space 8192K, 100% used [0x00000000e3400000, 0x00000000e3c00000, 0x00000000e3c00000)
  from space 1024K,  31% used [0x00000000e3c00000, 0x00000000e3c50730, 0x00000000e3d00000)
  to   space 1024K,   0% used [0x00000000e3d00000, 0x00000000e3d00000, 0x00000000e3e00000)
 concurrent mark-sweep generation total 83120K, used 50077K [0x00000000ecca0000, 0x00000000f1dcc000, 0x0000000100000000)
 Metaspace       used 70429K, capacity 73378K, committed 73728K, reserved 1114112K
  class space    used 9087K, capacity 9645K, committed 9728K, reserved 1048576K
2020-11-07T19:56:24.438+0800: 67.588: [GC (Allocation Failure) 2020-11-07T19:56:24.438+0800: 67.588: [ParNew: 8513K->324K(9216K), 0.0187719 secs] 58591K->50430K(92336K), 0.0188666 secs] [Times: user=0.02 sys=0.00, real=0.02 secs] 
Heap after GC invocations=839 (full 79):
 par new generation   total 9216K, used 324K [0x00000000e3400000, 0x00000000e3e00000, 0x00000000ecca0000)
  eden space 8192K,   0% used [0x00000000e3400000, 0x00000000e3400000, 0x00000000e3c00000)
  from space 1024K,  31% used [0x00000000e3d00000, 0x00000000e3d512b8, 0x00000000e3e00000)
  to   space 1024K,   0% used [0x00000000e3c00000, 0x00000000e3c00000, 0x00000000e3d00000)
 concurrent mark-sweep generation total 83120K, used 50105K [0x00000000ecca0000, 0x00000000f1dcc000, 0x0000000100000000)
 Metaspace       used 70429K, capacity 73378K, committed 73728K, reserved 1114112K
  class space    used 9087K, capacity 9645K, committed 9728K, reserved 1048576K
}
2020-11-07T19:56:24.493+0800: 67.642: Application time: 0.0355950 seconds
{Heap before GC invocations=839 (full 79):
 par new generation   total 9216K, used 8516K [0x00000000e3400000, 0x00000000e3e00000, 0x00000000ecca0000)
  eden space 8192K, 100% used [0x00000000e3400000, 0x00000000e3c00000, 0x00000000e3c00000)
  from space 1024K,  31% used [0x00000000e3d00000, 0x00000000e3d512b8, 0x00000000e3e00000)
  to   space 1024K,   0% used [0x00000000e3c00000, 0x00000000e3c00000, 0x00000000e3d00000)
 concurrent mark-sweep generation total 83120K, used 50105K [0x00000000ecca0000, 0x00000000f1dcc000, 0x0000000100000000)
 Metaspace       used 70479K, capacity 73474K, committed 73728K, reserved 1114112K
  class space    used 9100K, capacity 9677K, committed 9728K, reserved 1048576K
2020-11-07T19:56:24.493+0800: 67.643: [GC (Allocation Failure) 2020-11-07T19:56:24.493+0800: 67.643: [ParNew: 8516K->270K(9216K), 0.0154283 secs] 58622K->50385K(92336K), 0.0154872 secs] [Times: user=0.02 sys=0.00, real=0.02 secs] 
Heap after GC invocations=840 (full 79):
 par new generation   total 9216K, used 270K [0x00000000e3400000, 0x00000000e3e00000, 0x00000000ecca0000)
  eden space 8192K,   0% used [0x00000000e3400000, 0x00000000e3400000, 0x00000000e3c00000)
  from space 1024K,  26% used [0x00000000e3c00000, 0x00000000e3c43a88, 0x00000000e3d00000)
  to   space 1024K,   0% used [0x00000000e3d00000, 0x00000000e3d00000, 0x00000000e3e00000)
 concurrent mark-sweep generation total 83120K, used 50115K [0x00000000ecca0000, 0x00000000f1dcc000, 0x0000000100000000)
 Metaspace       used 70479K, capacity 73474K, committed 73728K, reserved 1114112K
  class space    used 9100K, capacity 9677K, committed 9728K, reserved 1048576K
}
2020-11-07T19:56:24.560+0800: 67.710: Application time: 0.0514882 seconds
{Heap before GC invocations=840 (full 79):
 par new generation   total 9216K, used 8462K [0x00000000e3400000, 0x00000000e3e00000, 0x00000000ecca0000)
  eden space 8192K, 100% used [0x00000000e3400000, 0x00000000e3c00000, 0x00000000e3c00000)
  from space 1024K,  26% used [0x00000000e3c00000, 0x00000000e3c43a88, 0x00000000e3d00000)
  to   space 1024K,   0% used [0x00000000e3d00000, 0x00000000e3d00000, 0x00000000e3e00000)
 concurrent mark-sweep generation total 83120K, used 50115K [0x00000000ecca0000, 0x00000000f1dcc000, 0x0000000100000000)
 Metaspace       used 70566K, capacity 73538K, committed 73728K, reserved 1114112K
  class space    used 9120K, capacity 9677K, committed 9728K, reserved 1048576K
2020-11-07T19:56:24.560+0800: 67.710: [GC (Allocation Failure) 2020-11-07T19:56:24.560+0800: 67.710: [ParNew: 8462K->311K(9216K), 0.0219706 secs] 58577K->50435K(92336K), 0.0220332 secs] [Times: user=0.02 sys=0.00, real=0.02 secs] 
Heap after GC invocations=841 (full 79):
 par new generation   total 9216K, used 311K [0x00000000e3400000, 0x00000000e3e00000, 0x00000000ecca0000)
  eden space 8192K,   0% used [0x00000000e3400000, 0x00000000e3400000, 0x00000000e3c00000)
  from space 1024K,  30% used [0x00000000e3d00000, 0x00000000e3d4dd10, 0x00000000e3e00000)
  to   space 1024K,   0% used [0x00000000e3c00000, 0x00000000e3c00000, 0x00000000e3d00000)
 concurrent mark-sweep generation total 83120K, used 50124K [0x00000000ecca0000, 0x00000000f1dcc000, 0x0000000100000000)
 Metaspace       used 70566K, capacity 73538K, committed 73728K, reserved 1114112K
  class space    used 9120K, capacity 9677K, committed 9728K, reserved 1048576K
}
2020-11-07T19:56:24.675+0800: 67.824: Application time: 0.0925174 seconds
{Heap before GC invocations=841 (full 79):
 par new generation   total 9216K, used 8503K [0x00000000e3400000, 0x00000000e3e00000, 0x00000000ecca0000)
  eden space 8192K, 100% used [0x00000000e3400000, 0x00000000e3c00000, 0x00000000e3c00000)
  from space 1024K,  30% used [0x00000000e3d00000, 0x00000000e3d4dd10, 0x00000000e3e00000)
  to   space 1024K,   0% used [0x00000000e3c00000, 0x00000000e3c00000, 0x00000000e3d00000)
 concurrent mark-sweep generation total 83120K, used 50124K [0x00000000ecca0000, 0x00000000f1dcc000, 0x0000000100000000)
 Metaspace       used 70679K, capacity 73730K, committed 74112K, reserved 1114112K
  class space    used 9140K, capacity 9741K, committed 9856K, reserved 1048576K
2020-11-07T19:56:24.675+0800: 67.825: [GC (Allocation Failure) 2020-11-07T19:56:24.675+0800: 67.825: [ParNew2020-11-07T19:56:24.703+0800: 67.853: [CMS-concurrent-abortable-preclean: 0.043/0.280 secs] [Times: user=0.28 sys=0.01, real=0.28 secs] 
: 8503K->340K(9216K), 0.0287051 secs] 58627K->50472K(92336K), 0.0287423 secs] [Times: user=0.03 sys=0.00, real=0.02 secs] 
Heap after GC invocations=842 (full 79):
 par new generation   total 9216K, used 340K [0x00000000e3400000, 0x00000000e3e00000, 0x00000000ecca0000)
  eden space 8192K,   0% used [0x00000000e3400000, 0x00000000e3400000, 0x00000000e3c00000)
  from space 1024K,  33% used [0x00000000e3c00000, 0x00000000e3c551e0, 0x00000000e3d00000)
  to   space 1024K,   0% used [0x00000000e3d00000, 0x00000000e3d00000, 0x00000000e3e00000)
 concurrent mark-sweep generation total 83120K, used 50132K [0x00000000ecca0000, 0x00000000f1dcc000, 0x0000000100000000)
 Metaspace       used 70679K, capacity 73730K, committed 74112K, reserved 1114112K
  class space    used 9140K, capacity 9741K, committed 9856K, reserved 1048576K
}
2020-11-07T19:56:24.710+0800: 67.859: Application time: 0.0057372 seconds
2020-11-07T19:56:24.714+0800: 67.863: [GC (CMS Final Remark) [YG occupancy: 1182 K (9216 K)]2020-11-07T19:56:24.714+0800: 67.863: [Rescan (parallel) , 0.0066603 secs]2020-11-07T19:56:24.720+0800: 67.870: [weak refs processing, 0.0009233 secs]2020-11-07T19:56:24.721+0800: 67.871: [class unloading, 0.0211105 secs]2020-11-07T19:56:24.742+0800: 67.892: [scrub symbol table, 0.0342548 secs]2020-11-07T19:56:24.777+0800: 67.926: [scrub string table, 0.0014028 secs][1 CMS-remark: 50132K(83120K)] 51314K(92336K), 0.0645862 secs] [Times: user=0.06 sys=0.00, real=0.07 secs] 
2020-11-07T19:56:24.793+0800: 67.942: [CMS-concurrent-sweep-start]
2020-11-07T19:56:24.803+0800: 67.952: Application time: 0.0245713 seconds
2020-11-07T19:56:24.879+0800: 68.028: [CMS-concurrent-sweep: 0.086/0.086 secs] [Times: user=0.08 sys=0.00, real=0.09 secs] 
2020-11-07T19:56:24.879+0800: 68.029: [CMS-concurrent-reset-start]
2020-11-07T19:56:24.881+0800: 68.030: [CMS-concurrent-reset: 0.002/0.002 secs] [Times: user=0.00 sys=0.00, real=0.00 secs] 
2020-11-07T19:56:24.930+0800: 68.080: Application time: 0.1266734 seconds
{Heap before GC invocations=842 (full 79):
 par new generation   total 9216K, used 8532K [0x00000000e3400000, 0x00000000e3e00000, 0x00000000ecca0000)
  eden space 8192K, 100% used [0x00000000e3400000, 0x00000000e3c00000, 0x00000000e3c00000)
  from space 1024K,  33% used [0x00000000e3c00000, 0x00000000e3c551e0, 0x00000000e3d00000)
  to   space 1024K,   0% used [0x00000000e3d00000, 0x00000000e3d00000, 0x00000000e3e00000)
 concurrent mark-sweep generation total 83360K, used 50013K [0x00000000ecca0000, 0x00000000f1e08000, 0x0000000100000000)
 Metaspace       used 70820K, capacity 73818K, committed 74112K, reserved 1114112K
  class space    used 9161K, capacity 9745K, committed 9856K, reserved 1048576K
2020-11-07T19:56:24.930+0800: 68.080: [GC (Allocation Failure) 2020-11-07T19:56:24.930+0800: 68.080: [ParNew: 8532K->552K(9216K), 0.0200320 secs] 58546K->50580K(92576K), 0.0201285 secs] [Times: user=0.02 sys=0.00, real=0.02 secs] 
Heap after GC invocations=843 (full 79):
 par new generation   total 9216K, used 552K [0x00000000e3400000, 0x00000000e3e00000, 0x00000000ecca0000)
  eden space 8192K,   0% used [0x00000000e3400000, 0x00000000e3400000, 0x00000000e3c00000)
  from space 1024K,  53% used [0x00000000e3d00000, 0x00000000e3d8a220, 0x00000000e3e00000)
  to   space 1024K,   0% used [0x00000000e3c00000, 0x00000000e3c00000, 0x00000000e3d00000)
 concurrent mark-sweep generation total 83360K, used 50027K [0x00000000ecca0000, 0x00000000f1e08000, 0x0000000100000000)
 Metaspace       used 70820K, capacity 73818K, committed 74112K, reserved 1114112K
  class space    used 9161K, capacity 9745K, committed 9856K, reserved 1048576K
}
2020-11-07T19:56:24.955+0800: 68.104: Application time: 0.0044745 seconds
2020-11-07T19:56:24.955+0800: 68.105: [GC (CMS Initial Mark) [1 CMS-initial-mark: 50027K(83360K)] 52271K(92576K), 0.0059260 secs] [Times: user=0.00 sys=0.00, real=0.00 secs] 
2020-11-07T19:56:24.961+0800: 68.111: [CMS-concurrent-mark-start]
2020-11-07T19:56:25.020+0800: 68.170: Application time: 0.0596704 seconds
{Heap before GC invocations=843 (full 80):
 par new generation   total 9216K, used 8744K [0x00000000e3400000, 0x00000000e3e00000, 0x00000000ecca0000)
  eden space 8192K, 100% used [0x00000000e3400000, 0x00000000e3c00000, 0x00000000e3c00000)
  from space 1024K,  53% used [0x00000000e3d00000, 0x00000000e3d8a220, 0x00000000e3e00000)
  to   space 1024K,   0% used [0x00000000e3c00000, 0x00000000e3c00000, 0x00000000e3d00000)
 concurrent mark-sweep generation total 83360K, used 50027K [0x00000000ecca0000, 0x00000000f1e08000, 0x0000000100000000)
 Metaspace       used 70908K, capacity 73882K, committed 74112K, reserved 1114112K
  class space    used 9175K, capacity 9745K, committed 9856K, reserved 1048576K
2020-11-07T19:56:25.021+0800: 68.170: [GC (Allocation Failure) 2020-11-07T19:56:25.021+0800: 68.170: [ParNew: 8744K->682K(9216K), 0.0245812 secs] 58772K->50726K(92576K), 0.0246621 secs] [Times: user=0.03 sys=0.00, real=0.03 secs] 
Heap after GC invocations=844 (full 80):
 par new generation   total 9216K, used 682K [0x00000000e3400000, 0x00000000e3e00000, 0x00000000ecca0000)
  eden space 8192K,   0% used [0x00000000e3400000, 0x00000000e3400000, 0x00000000e3c00000)
  from space 1024K,  66% used [0x00000000e3c00000, 0x00000000e3caa8f8, 0x00000000e3d00000)
  to   space 1024K,   0% used [0x00000000e3d00000, 0x00000000e3d00000, 0x00000000e3e00000)
 concurrent mark-sweep generation total 83360K, used 50043K [0x00000000ecca0000, 0x00000000f1e08000, 0x0000000100000000)
 Metaspace       used 70908K, capacity 73882K, committed 74112K, reserved 1114112K
  class space    used 9175K, capacity 9745K, committed 9856K, reserved 1048576K
}
2020-11-07T19:56:25.117+0800: 68.266: Application time: 0.0711807 seconds
{Heap before GC invocations=844 (full 80):
 par new generation   total 9216K, used 8874K [0x00000000e3400000, 0x00000000e3e00000, 0x00000000ecca0000)
  eden space 8192K, 100% used [0x00000000e3400000, 0x00000000e3c00000, 0x00000000e3c00000)
  from space 1024K,  66% used [0x00000000e3c00000, 0x00000000e3caa8f8, 0x00000000e3d00000)
  to   space 1024K,   0% used [0x00000000e3d00000, 0x00000000e3d00000, 0x00000000e3e00000)
 concurrent mark-sweep generation total 83360K, used 50043K [0x00000000ecca0000, 0x00000000f1e08000, 0x0000000100000000)
 Metaspace       used 70969K, capacity 73978K, committed 74368K, reserved 1114112K
  class space    used 9185K, capacity 9777K, committed 9856K, reserved 1048576K
2020-11-07T19:56:25.117+0800: 68.266: [GC (Allocation Failure) 2020-11-07T19:56:25.117+0800: 68.266: [ParNew: 8874K->477K(9216K), 0.0237382 secs] 58918K->50635K(92576K), 0.0237967 secs] [Times: user=0.02 sys=0.00, real=0.02 secs] 
Heap after GC invocations=845 (full 80):
 par new generation   total 9216K, used 477K [0x00000000e3400000, 0x00000000e3e00000, 0x00000000ecca0000)
  eden space 8192K,   0% used [0x00000000e3400000, 0x00000000e3400000, 0x00000000e3c00000)
  from space 1024K,  46% used [0x00000000e3d00000, 0x00000000e3d777b8, 0x00000000e3e00000)
  to   space 1024K,   0% used [0x00000000e3c00000, 0x00000000e3c00000, 0x00000000e3d00000)
 concurrent mark-sweep generation total 83360K, used 50158K [0x00000000ecca0000, 0x00000000f1e08000, 0x0000000100000000)
 Metaspace       used 70969K, capacity 73978K, committed 74368K, reserved 1114112K
  class space    used 9185K, capacity 9777K, committed 9856K, reserved 1048576K
}
2020-11-07T19:56:25.217+0800: 68.366: Application time: 0.0759019 seconds
{Heap before GC invocations=845 (full 80):
 par new generation   total 9216K, used 8669K [0x00000000e3400000, 0x00000000e3e00000, 0x00000000ecca0000)
  eden space 8192K, 100% used [0x00000000e3400000, 0x00000000e3c00000, 0x00000000e3c00000)
  from space 1024K,  46% used [0x00000000e3d00000, 0x00000000e3d777b8, 0x00000000e3e00000)
  to   space 1024K,   0% used [0x00000000e3c00000, 0x00000000e3c00000, 0x00000000e3d00000)
 concurrent mark-sweep generation total 83360K, used 50158K [0x00000000ecca0000, 0x00000000f1e08000, 0x0000000100000000)
 Metaspace       used 71053K, capacity 74072K, committed 74368K, reserved 1114112K
  class space    used 9197K, capacity 9782K, committed 9856K, reserved 1048576K
2020-11-07T19:56:25.217+0800: 68.366: [GC (Allocation Failure) 2020-11-07T19:56:25.217+0800: 68.366: [ParNew: 8669K->477K(9216K), 0.0419493 secs] 58827K->50635K(92576K), 0.0420135 secs] [Times: user=0.04 sys=0.00, real=0.04 secs] 
Heap after GC invocations=846 (full 80):
 par new generation   total 9216K, used 477K [0x00000000e3400000, 0x00000000e3e00000, 0x00000000ecca0000)
  eden space 8192K,   0% used [0x00000000e3400000, 0x00000000e3400000, 0x00000000e3c00000)
  from space 1024K,  46% used [0x00000000e3c00000, 0x00000000e3c77628, 0x00000000e3d00000)
  to   space 1024K,   0% used [0x00000000e3d00000, 0x00000000e3d00000, 0x00000000e3e00000)
 concurrent mark-sweep generation total 83360K, used 50158K [0x00000000ecca0000, 0x00000000f1e08000, 0x0000000100000000)
 Metaspace       used 71053K, capacity 74072K, committed 74368K, reserved 1114112K
  class space    used 9197K, capacity 9782K, committed 9856K, reserved 1048576K
}
2020-11-07T19:56:25.320+0800: 68.470: Application time: 0.0615849 seconds
{Heap before GC invocations=846 (full 80):
 par new generation   total 9216K, used 8669K [0x00000000e3400000, 0x00000000e3e00000, 0x00000000ecca0000)
  eden space 8192K, 100% used [0x00000000e3400000, 0x00000000e3c00000, 0x00000000e3c00000)
  from space 1024K,  46% used [0x00000000e3c00000, 0x00000000e3c77628, 0x00000000e3d00000)
  to   space 1024K,   0% used [0x00000000e3d00000, 0x00000000e3d00000, 0x00000000e3e00000)
 concurrent mark-sweep generation total 83360K, used 50158K [0x00000000ecca0000, 0x00000000f1e08000, 0x0000000100000000)
 Metaspace       used 71128K, capacity 74136K, committed 74368K, reserved 1114112K
  class space    used 9207K, capacity 9782K, committed 9856K, reserved 1048576K
2020-11-07T19:56:25.321+0800: 68.470: [GC (Allocation Failure) 2020-11-07T19:56:25.321+0800: 68.470: [ParNew: 8669K->492K(9216K), 0.0240821 secs] 58827K->50664K(92576K), 0.0241557 secs] [Times: user=0.02 sys=0.00, real=0.03 secs] 
Heap after GC invocations=847 (full 80):
 par new generation   total 9216K, used 492K [0x00000000e3400000, 0x00000000e3e00000, 0x00000000ecca0000)
  eden space 8192K,   0% used [0x00000000e3400000, 0x00000000e3400000, 0x00000000e3c00000)
  from space 1024K,  48% used [0x00000000e3d00000, 0x00000000e3d7b3d0, 0x00000000e3e00000)
  to   space 1024K,   0% used [0x00000000e3c00000, 0x00000000e3c00000, 0x00000000e3d00000)
 concurrent mark-sweep generation total 83360K, used 50171K [0x00000000ecca0000, 0x00000000f1e08000, 0x0000000100000000)
 Metaspace       used 71128K, capacity 74136K, committed 74368K, reserved 1114112K
  class space    used 9207K, capacity 9782K, committed 9856K, reserved 1048576K
}
2020-11-07T19:56:25.403+0800: 68.553: [CMS-concurrent-mark: 0.309/0.443 secs] [Times: user=0.43 sys=0.00, real=0.44 secs] 
2020-11-07T19:56:25.404+0800: 68.553: [CMS-concurrent-preclean-start]
2020-11-07T19:56:25.407+0800: 68.557: [CMS-concurrent-preclean: 0.004/0.004 secs] [Times: user=0.01 sys=0.00, real=0.01 secs] 
2020-11-07T19:56:25.407+0800: 68.557: [CMS-concurrent-abortable-preclean-start]
2020-11-07T19:56:25.421+0800: 68.570: Application time: 0.0757879 seconds
{Heap before GC invocations=847 (full 80):
 par new generation   total 9216K, used 8684K [0x00000000e3400000, 0x00000000e3e00000, 0x00000000ecca0000)
  eden space 8192K, 100% used [0x00000000e3400000, 0x00000000e3c00000, 0x00000000e3c00000)
  from space 1024K,  48% used [0x00000000e3d00000, 0x00000000e3d7b3d0, 0x00000000e3e00000)
  to   space 1024K,   0% used [0x00000000e3c00000, 0x00000000e3c00000, 0x00000000e3d00000)
 concurrent mark-sweep generation total 83360K, used 50171K [0x00000000ecca0000, 0x00000000f1e08000, 0x0000000100000000)
 Metaspace       used 71173K, capacity 74186K, committed 74368K, reserved 1114112K
  class space    used 9219K, capacity 9817K, committed 9856K, reserved 1048576K
2020-11-07T19:56:25.421+0800: 68.571: [GC (Allocation Failure) 2020-11-07T19:56:25.421+0800: 68.571: [ParNew: 8684K->447K(9216K), 0.3974847 secs] 58856K->50638K(92576K), 0.3975653 secs] [Times: user=0.39 sys=0.01, real=0.40 secs] 
Heap after GC invocations=848 (full 80):
 par new generation   total 9216K, used 447K [0x00000000e3400000, 0x00000000e3e00000, 0x00000000ecca0000)
  eden space 8192K,   0% used [0x00000000e3400000, 0x00000000e3400000, 0x00000000e3c00000)
  from space 1024K,  43% used [0x00000000e3c00000, 0x00000000e3c6fc70, 0x00000000e3d00000)
  to   space 1024K,   0% used [0x00000000e3d00000, 0x00000000e3d00000, 0x00000000e3e00000)
 concurrent mark-sweep generation total 83360K, used 50191K [0x00000000ecca0000, 0x00000000f1e08000, 0x0000000100000000)
 Metaspace       used 71173K, capacity 74186K, committed 74368K, reserved 1114112K
  class space    used 9219K, capacity 9817K, committed 9856K, reserved 1048576K
}
2020-11-07T19:56:25.871+0800: 69.021: Application time: 0.0529728 seconds
{Heap before GC invocations=848 (full 80):
 par new generation   total 9216K, used 8639K [0x00000000e3400000, 0x00000000e3e00000, 0x00000000ecca0000)
  eden space 8192K, 100% used [0x00000000e3400000, 0x00000000e3c00000, 0x00000000e3c00000)
  from space 1024K,  43% used [0x00000000e3c00000, 0x00000000e3c6fc70, 0x00000000e3d00000)
  to   space 1024K,   0% used [0x00000000e3d00000, 0x00000000e3d00000, 0x00000000e3e00000)
 concurrent mark-sweep generation total 83360K, used 50191K [0x00000000ecca0000, 0x00000000f1e08000, 0x0000000100000000)
 Metaspace       used 71206K, capacity 74250K, committed 74624K, reserved 1114112K
  class space    used 9230K, capacity 9817K, committed 9856K, reserved 1048576K
2020-11-07T19:56:25.872+0800: 69.021: [GC (Allocation Failure) 2020-11-07T19:56:25.872+0800: 69.021: [ParNew: 8639K->439K(9216K), 0.0370253 secs] 58830K->50638K(92576K), 0.0370861 secs] [Times: user=0.03 sys=0.00, real=0.04 secs] 
Heap after GC invocations=849 (full 80):
 par new generation   total 9216K, used 439K [0x00000000e3400000, 0x00000000e3e00000, 0x00000000ecca0000)
  eden space 8192K,   0% used [0x00000000e3400000, 0x00000000e3400000, 0x00000000e3c00000)
  from space 1024K,  42% used [0x00000000e3d00000, 0x00000000e3d6dd30, 0x00000000e3e00000)
  to   space 1024K,   0% used [0x00000000e3c00000, 0x00000000e3c00000, 0x00000000e3d00000)
 concurrent mark-sweep generation total 83360K, used 50199K [0x00000000ecca0000, 0x00000000f1e08000, 0x0000000100000000)
 Metaspace       used 71206K, capacity 74250K, committed 74624K, reserved 1114112K
  class space    used 9230K, capacity 9817K, committed 9856K, reserved 1048576K
}
2020-11-07T19:56:25.938+0800: 69.088: Application time: 0.0297407 seconds
{Heap before GC invocations=849 (full 80):
 par new generation   total 9216K, used 8631K [0x00000000e3400000, 0x00000000e3e00000, 0x00000000ecca0000)
  eden space 8192K, 100% used [0x00000000e3400000, 0x00000000e3c00000, 0x00000000e3c00000)
  from space 1024K,  42% used [0x00000000e3d00000, 0x00000000e3d6dd30, 0x00000000e3e00000)
  to   space 1024K,   0% used [0x00000000e3c00000, 0x00000000e3c00000, 0x00000000e3d00000)
 concurrent mark-sweep generation total 83360K, used 50199K [0x00000000ecca0000, 0x00000000f1e08000, 0x0000000100000000)
 Metaspace       used 71244K, capacity 74256K, committed 74624K, reserved 1114112K
  class space    used 9242K, capacity 9818K, committed 9856K, reserved 1048576K
2020-11-07T19:56:25.939+0800: 69.088: [GC (Allocation Failure) 2020-11-07T19:56:25.939+0800: 69.088: [ParNew: 8631K->448K(9216K), 0.0278731 secs] 58830K->50678K(92576K), 0.0279519 secs] [Times: user=0.03 sys=0.00, real=0.03 secs] 
Heap after GC invocations=850 (full 80):
 par new generation   total 9216K, used 448K [0x00000000e3400000, 0x00000000e3e00000, 0x00000000ecca0000)
  eden space 8192K,   0% used [0x00000000e3400000, 0x00000000e3400000, 0x00000000e3c00000)
  from space 1024K,  43% used [0x00000000e3c00000, 0x00000000e3c702b0, 0x00000000e3d00000)
  to   space 1024K,   0% used [0x00000000e3d00000, 0x00000000e3d00000, 0x00000000e3e00000)
 concurrent mark-sweep generation total 83360K, used 50229K [0x00000000ecca0000, 0x00000000f1e08000, 0x0000000100000000)
 Metaspace       used 71244K, capacity 74256K, committed 74624K, reserved 1114112K
  class space    used 9242K, capacity 9818K, committed 9856K, reserved 1048576K
}
2020-11-07T19:56:26.013+0800: 69.163: Application time: 0.0464782 seconds
{Heap before GC invocations=850 (full 80):
 par new generation   total 9216K, used 8640K [0x00000000e3400000, 0x00000000e3e00000, 0x00000000ecca0000)
  eden space 8192K, 100% used [0x00000000e3400000, 0x00000000e3c00000, 0x00000000e3c00000)
  from space 1024K,  43% used [0x00000000e3c00000, 0x00000000e3c702b0, 0x00000000e3d00000)
  to   space 1024K,   0% used [0x00000000e3d00000, 0x00000000e3d00000, 0x00000000e3e00000)
 concurrent mark-sweep generation total 83360K, used 50229K [0x00000000ecca0000, 0x00000000f1e08000, 0x0000000100000000)
 Metaspace       used 71304K, capacity 74352K, committed 74624K, reserved 1114112K
  class space    used 9253K, capacity 9850K, committed 9856K, reserved 1048576K
2020-11-07T19:56:26.013+0800: 69.163: [GC (Allocation Failure) 2020-11-07T19:56:26.013+0800: 69.163: [ParNew: 8640K->452K(9216K), 0.0423106 secs] 58870K->50718K(92576K), 0.0423830 secs] [Times: user=0.04 sys=0.00, real=0.05 secs] 
Heap after GC invocations=851 (full 80):
 par new generation   total 9216K, used 452K [0x00000000e3400000, 0x00000000e3e00000, 0x00000000ecca0000)
  eden space 8192K,   0% used [0x00000000e3400000, 0x00000000e3400000, 0x00000000e3c00000)
  from space 1024K,  44% used [0x00000000e3d00000, 0x00000000e3d71348, 0x00000000e3e00000)
  to   space 1024K,   0% used [0x00000000e3c00000, 0x00000000e3c00000, 0x00000000e3d00000)
 concurrent mark-sweep generation total 83360K, used 50265K [0x00000000ecca0000, 0x00000000f1e08000, 0x0000000100000000)
 Metaspace       used 71304K, capacity 74352K, committed 74624K, reserved 1114112K
  class space    used 9253K, capacity 9850K, committed 9856K, reserved 1048576K
}
2020-11-07T19:56:26.088+0800: 69.238: Application time: 0.0320218 seconds
{Heap before GC invocations=851 (full 80):
 par new generation   total 9216K, used 8644K [0x00000000e3400000, 0x00000000e3e00000, 0x00000000ecca0000)
  eden space 8192K, 100% used [0x00000000e3400000, 0x00000000e3c00000, 0x00000000e3c00000)
  from space 1024K,  44% used [0x00000000e3d00000, 0x00000000e3d71348, 0x00000000e3e00000)
  to   space 1024K,   0% used [0x00000000e3c00000, 0x00000000e3c00000, 0x00000000e3d00000)
 concurrent mark-sweep generation total 83360K, used 50265K [0x00000000ecca0000, 0x00000000f1e08000, 0x0000000100000000)
 Metaspace       used 71368K, capacity 74352K, committed 74624K, reserved 1114112K
  class space    used 9263K, capacity 9850K, committed 9856K, reserved 1048576K
2020-11-07T19:56:26.088+0800: 69.238: [GC (Allocation Failure) 2020-11-07T19:56:26.088+0800: 69.238: [ParNew: 8644K->328K(9216K), 0.0200233 secs] 58910K->50772K(92576K), 0.0200936 secs] [Times: user=0.02 sys=0.00, real=0.02 secs] 
Heap after GC invocations=852 (full 80):
 par new generation   total 9216K, used 328K [0x00000000e3400000, 0x00000000e3e00000, 0x00000000ecca0000)
  eden space 8192K,   0% used [0x00000000e3400000, 0x00000000e3400000, 0x00000000e3c00000)
  from space 1024K,  32% used [0x00000000e3c00000, 0x00000000e3c52198, 0x00000000e3d00000)
  to   space 1024K,   0% used [0x00000000e3d00000, 0x00000000e3d00000, 0x00000000e3e00000)
 concurrent mark-sweep generation total 83360K, used 50444K [0x00000000ecca0000, 0x00000000f1e08000, 0x0000000100000000)
 Metaspace       used 71368K, capacity 74352K, committed 74624K, reserved 1114112K
  class space    used 9263K, capacity 9850K, committed 9856K, reserved 1048576K
}
2020-11-07T19:56:26.156+0800: 69.306: Application time: 0.0480351 seconds
{Heap before GC invocations=852 (full 80):
 par new generation   total 9216K, used 8520K [0x00000000e3400000, 0x00000000e3e00000, 0x00000000ecca0000)
  eden space 8192K, 100% used [0x00000000e3400000, 0x00000000e3c00000, 0x00000000e3c00000)
  from space 1024K,  32% used [0x00000000e3c00000, 0x00000000e3c52198, 0x00000000e3d00000)
  to   space 1024K,   0% used [0x00000000e3d00000, 0x00000000e3d00000, 0x00000000e3e00000)
 concurrent mark-sweep generation total 83360K, used 50444K [0x00000000ecca0000, 0x00000000f1e08000, 0x0000000100000000)
 Metaspace       used 71433K, capacity 74416K, committed 74624K, reserved 1114112K
  class space    used 9273K, capacity 9850K, committed 9856K, reserved 1048576K
2020-11-07T19:56:26.156+0800: 69.306: [GC (Allocation Failure) 2020-11-07T19:56:26.156+0800: 69.306: [ParNew: 8520K->338K(9216K), 0.0357490 secs] 58964K->50793K(92576K), 0.0358138 secs] [Times: user=0.03 sys=0.00, real=0.03 secs] 
Heap after GC invocations=853 (full 80):
 par new generation   total 9216K, used 338K [0x00000000e3400000, 0x00000000e3e00000, 0x00000000ecca0000)
  eden space 8192K,   0% used [0x00000000e3400000, 0x00000000e3400000, 0x00000000e3c00000)
  from space 1024K,  33% used [0x00000000e3d00000, 0x00000000e3d54980, 0x00000000e3e00000)
  to   space 1024K,   0% used [0x00000000e3c00000, 0x00000000e3c00000, 0x00000000e3d00000)
 concurrent mark-sweep generation total 83360K, used 50454K [0x00000000ecca0000, 0x00000000f1e08000, 0x0000000100000000)
 Metaspace       used 71433K, capacity 74416K, committed 74624K, reserved 1114112K
  class space    used 9273K, capacity 9850K, committed 9856K, reserved 1048576K
}
2020-11-07T19:56:26.223+0800: 69.373: Application time: 0.0306996 seconds
{Heap before GC invocations=853 (full 80):
 par new generation   total 9216K, used 8530K [0x00000000e3400000, 0x00000000e3e00000, 0x00000000ecca0000)
  eden space 8192K, 100% used [0x00000000e3400000, 0x00000000e3c00000, 0x00000000e3c00000)
  from space 1024K,  33% used [0x00000000e3d00000, 0x00000000e3d54980, 0x00000000e3e00000)
  to   space 1024K,   0% used [0x00000000e3c00000, 0x00000000e3c00000, 0x00000000e3d00000)
 concurrent mark-sweep generation total 83360K, used 50454K [0x00000000ecca0000, 0x00000000f1e08000, 0x0000000100000000)
 Metaspace       used 71515K, capacity 74512K, committed 74752K, reserved 1114112K
  class space    used 9284K, capacity 9882K, committed 9984K, reserved 1048576K
2020-11-07T19:56:26.223+0800: 69.373: [GC (Allocation Failure) 2020-11-07T19:56:26.223+0800: 69.373: [ParNew: 8530K->327K(9216K), 0.0179381 secs] 58985K->50792K(92576K), 0.0180056 secs] [Times: user=0.02 sys=0.00, real=0.02 secs] 
Heap after GC invocations=854 (full 80):
 par new generation   total 9216K, used 327K [0x00000000e3400000, 0x00000000e3e00000, 0x00000000ecca0000)
  eden space 8192K,   0% used [0x00000000e3400000, 0x00000000e3400000, 0x00000000e3c00000)
  from space 1024K,  31% used [0x00000000e3c00000, 0x00000000e3c51e20, 0x00000000e3d00000)
  to   space 1024K,   0% used [0x00000000e3d00000, 0x00000000e3d00000, 0x00000000e3e00000)
 concurrent mark-sweep generation total 83360K, used 50465K [0x00000000ecca0000, 0x00000000f1e08000, 0x0000000100000000)
 Metaspace       used 71515K, capacity 74512K, committed 74752K, reserved 1114112K
  class space    used 9284K, capacity 9882K, committed 9984K, reserved 1048576K
}
2020-11-07T19:56:26.333+0800: 69.483: Application time: 0.0917703 seconds
{Heap before GC invocations=854 (full 80):
 par new generation   total 9216K, used 8519K [0x00000000e3400000, 0x00000000e3e00000, 0x00000000ecca0000)
  eden space 8192K, 100% used [0x00000000e3400000, 0x00000000e3c00000, 0x00000000e3c00000)
  from space 1024K,  31% used [0x00000000e3c00000, 0x00000000e3c51e20, 0x00000000e3d00000)
  to   space 1024K,   0% used [0x00000000e3d00000, 0x00000000e3d00000, 0x00000000e3e00000)
 concurrent mark-sweep generation total 83360K, used 50465K [0x00000000ecca0000, 0x00000000f1e08000, 0x0000000100000000)
 Metaspace       used 71583K, capacity 74646K, committed 75008K, reserved 1114112K
  class space    used 9295K, capacity 9883K, committed 9984K, reserved 1048576K
2020-11-07T19:56:26.333+0800: 69.483: [GC (Allocation Failure) 2020-11-07T19:56:26.333+0800: 69.483: [ParNew: 8519K->354K(9216K), 0.0261555 secs] 58984K->50838K(92576K), 0.0262169 secs] [Times: user=0.03 sys=0.00, real=0.03 secs] 
Heap after GC invocations=855 (full 80):
 par new generation   total 9216K, used 354K [0x00000000e3400000, 0x00000000e3e00000, 0x00000000ecca0000)
  eden space 8192K,   0% used [0x00000000e3400000, 0x00000000e3400000, 0x00000000e3c00000)
  from space 1024K,  34% used [0x00000000e3d00000, 0x00000000e3d589a8, 0x00000000e3e00000)
  to   space 1024K,   0% used [0x00000000e3c00000, 0x00000000e3c00000, 0x00000000e3d00000)
 concurrent mark-sweep generation total 83360K, used 50484K [0x00000000ecca0000, 0x00000000f1e08000, 0x0000000100000000)
 Metaspace       used 71583K, capacity 74646K, committed 75008K, reserved 1114112K
  class space    used 9295K, capacity 9883K, committed 9984K, reserved 1048576K
}
2020-11-07T19:56:26.415+0800: 69.564: Application time: 0.0552734 seconds
{Heap before GC invocations=855 (full 80):
 par new generation   total 9216K, used 8546K [0x00000000e3400000, 0x00000000e3e00000, 0x00000000ecca0000)
  eden space 8192K, 100% used [0x00000000e3400000, 0x00000000e3c00000, 0x00000000e3c00000)
  from space 1024K,  34% used [0x00000000e3d00000, 0x00000000e3d589a8, 0x00000000e3e00000)
  to   space 1024K,   0% used [0x00000000e3c00000, 0x00000000e3c00000, 0x00000000e3d00000)
 concurrent mark-sweep generation total 83360K, used 50484K [0x00000000ecca0000, 0x00000000f1e08000, 0x0000000100000000)
 Metaspace       used 71629K, capacity 74722K, committed 75008K, reserved 1114112K
  class space    used 9304K, capacity 9885K, committed 9984K, reserved 1048576K
2020-11-07T19:56:26.415+0800: 69.565: [GC (Allocation Failure) 2020-11-07T19:56:26.415+0800: 69.565: [ParNew: 8546K->512K(9216K), 0.0238686 secs] 59030K->51015K(92576K), 0.0239283 secs] [Times: user=0.02 sys=0.00, real=0.02 secs] 
Heap after GC invocations=856 (full 80):
 par new generation   total 9216K, used 512K [0x00000000e3400000, 0x00000000e3e00000, 0x00000000ecca0000)
  eden space 8192K,   0% used [0x00000000e3400000, 0x00000000e3400000, 0x00000000e3c00000)
  from space 1024K,  50% used [0x00000000e3c00000, 0x00000000e3c80028, 0x00000000e3d00000)
  to   space 1024K,   0% used [0x00000000e3d00000, 0x00000000e3d00000, 0x00000000e3e00000)
 concurrent mark-sweep generation total 83360K, used 50503K [0x00000000ecca0000, 0x00000000f1e08000, 0x0000000100000000)
 Metaspace       used 71629K, capacity 74722K, committed 75008K, reserved 1114112K
  class space    used 9304K, capacity 9885K, committed 9984K, reserved 1048576K
}
2020-11-07T19:56:26.471+0800: 69.621: Application time: 0.0322110 seconds
2020-11-07T19:56:26.471+0800: 69.621: Application time: 0.0000920 seconds
2020-11-07T19:56:26.478+0800: 69.627: Application time: 0.0064246 seconds
2020-11-07T19:56:26.495+0800: 69.645: Application time: 0.0057116 seconds
2020-11-07T19:56:26.497+0800: 69.647: Application time: 0.0019059 seconds
2020-11-07T19:56:26.521+0800: 69.671: Application time: 0.0239868 seconds
{Heap before GC invocations=856 (full 80):
 par new generation   total 9216K, used 8704K [0x00000000e3400000, 0x00000000e3e00000, 0x00000000ecca0000)
  eden space 8192K, 100% used [0x00000000e3400000, 0x00000000e3c00000, 0x00000000e3c00000)
  from space 1024K,  50% used [0x00000000e3c00000, 0x00000000e3c80028, 0x00000000e3d00000)
  to   space 1024K,   0% used [0x00000000e3d00000, 0x00000000e3d00000, 0x00000000e3e00000)
 concurrent mark-sweep generation total 83360K, used 50503K [0x00000000ecca0000, 0x00000000f1e08000, 0x0000000100000000)
 Metaspace       used 71659K, capacity 74722K, committed 75008K, reserved 1114112K
  class space    used 9309K, capacity 9885K, committed 9984K, reserved 1048576K
2020-11-07T19:56:26.521+0800: 69.671: [GC (Allocation Failure) 2020-11-07T19:56:26.522+0800: 69.671: [ParNew: 8704K->455K(9216K), 0.0239079 secs] 59207K->50976K(92576K), 0.0240253 secs] [Times: user=0.02 sys=0.00, real=0.03 secs] 
Heap after GC invocations=857 (full 80):
 par new generation   total 9216K, used 455K [0x00000000e3400000, 0x00000000e3e00000, 0x00000000ecca0000)
  eden space 8192K,   0% used [0x00000000e3400000, 0x00000000e3400000, 0x00000000e3c00000)
  from space 1024K,  44% used [0x00000000e3d00000, 0x00000000e3d71db8, 0x00000000e3e00000)
  to   space 1024K,   0% used [0x00000000e3c00000, 0x00000000e3c00000, 0x00000000e3d00000)
 concurrent mark-sweep generation total 83360K, used 50521K [0x00000000ecca0000, 0x00000000f1e08000, 0x0000000100000000)
 Metaspace       used 71659K, capacity 74722K, committed 75008K, reserved 1114112K
  class space    used 9309K, capacity 9885K, committed 9984K, reserved 1048576K
}
2020-11-07T19:56:26.546+0800: 69.696: [CMS-concurrent-abortable-preclean: 0.197/1.139 secs] [Times: user=1.11 sys=0.02, real=1.14 secs] 
2020-11-07T19:56:26.552+0800: 69.701: Application time: 0.0060147 seconds
2020-11-07T19:56:26.552+0800: 69.701: [GC (CMS Final Remark) [YG occupancy: 3850 K (9216 K)]2020-11-07T19:56:26.552+0800: 69.701: [Rescan (parallel) , 0.0233822 secs]2020-11-07T19:56:26.575+0800: 69.725: [weak refs processing, 0.0014827 secs]2020-11-07T19:56:26.577+0800: 69.726: [class unloading, 0.0214223 secs]2020-11-07T19:56:26.598+0800: 69.748: [scrub symbol table, 0.0292122 secs]2020-11-07T19:56:26.627+0800: 69.777: [scrub string table, 0.0014133 secs][1 CMS-remark: 50521K(83360K)] 54371K(92576K), 0.0771157 secs] [Times: user=0.07 sys=0.00, real=0.08 secs] 
2020-11-07T19:56:26.646+0800: 69.795: [CMS-concurrent-sweep-start]
2020-11-07T19:56:26.653+0800: 69.803: Application time: 0.0243614 seconds
{Heap before GC invocations=857 (full 80):
 par new generation   total 9216K, used 8647K [0x00000000e3400000, 0x00000000e3e00000, 0x00000000ecca0000)
  eden space 8192K, 100% used [0x00000000e3400000, 0x00000000e3c00000, 0x00000000e3c00000)
  from space 1024K,  44% used [0x00000000e3d00000, 0x00000000e3d71db8, 0x00000000e3e00000)
  to   space 1024K,   0% used [0x00000000e3c00000, 0x00000000e3c00000, 0x00000000e3d00000)
 concurrent mark-sweep generation total 83360K, used 50520K [0x00000000ecca0000, 0x00000000f1e08000, 0x0000000100000000)
 Metaspace       used 71659K, capacity 74722K, committed 75008K, reserved 1114112K
  class space    used 9309K, capacity 9885K, committed 9984K, reserved 1048576K
2020-11-07T19:56:26.653+0800: 69.803: [GC (Allocation Failure) 2020-11-07T19:56:26.653+0800: 69.803: [ParNew: 8647K->479K(9216K), 0.0441754 secs] 59168K->51014K(92576K), 0.0442755 secs] [Times: user=0.04 sys=0.00, real=0.05 secs] 
Heap after GC invocations=858 (full 80):
 par new generation   total 9216K, used 479K [0x00000000e3400000, 0x00000000e3e00000, 0x00000000ecca0000)
  eden space 8192K,   0% used [0x00000000e3400000, 0x00000000e3400000, 0x00000000e3c00000)
  from space 1024K,  46% used [0x00000000e3c00000, 0x00000000e3c77e20, 0x00000000e3d00000)
  to   space 1024K,   0% used [0x00000000e3d00000, 0x00000000e3d00000, 0x00000000e3e00000)
 concurrent mark-sweep generation total 83360K, used 50535K [0x00000000ecca0000, 0x00000000f1e08000, 0x0000000100000000)
 Metaspace       used 71659K, capacity 74722K, committed 75008K, reserved 1114112K
  class space    used 9309K, capacity 9885K, committed 9984K, reserved 1048576K
}
2020-11-07T19:56:26.736+0800: 69.885: [CMS-concurrent-sweep: 0.045/0.090 secs] [Times: user=0.09 sys=0.00, real=0.09 secs] 
2020-11-07T19:56:26.736+0800: 69.885: [CMS-concurrent-reset-start]
2020-11-07T19:56:26.737+0800: 69.886: [CMS-concurrent-reset: 0.001/0.001 secs] [Times: user=0.00 sys=0.00, real=0.00 secs] 
2020-11-07T19:56:26.741+0800: 69.891: Application time: 0.0431308 seconds
{Heap before GC invocations=858 (full 80):
 par new generation   total 9216K, used 8671K [0x00000000e3400000, 0x00000000e3e00000, 0x00000000ecca0000)
  eden space 8192K, 100% used [0x00000000e3400000, 0x00000000e3c00000, 0x00000000e3c00000)
  from space 1024K,  46% used [0x00000000e3c00000, 0x00000000e3c77e20, 0x00000000e3d00000)
  to   space 1024K,   0% used [0x00000000e3d00000, 0x00000000e3d00000, 0x00000000e3e00000)
 concurrent mark-sweep generation total 83608K, used 50164K [0x00000000ecca0000, 0x00000000f1e46000, 0x0000000100000000)
 Metaspace       used 71644K, capacity 74698K, committed 75008K, reserved 1114112K
  class space    used 9307K, capacity 9881K, committed 9984K, reserved 1048576K
2020-11-07T19:56:26.741+0800: 69.891: [GC (Allocation Failure) 2020-11-07T19:56:26.741+0800: 69.891: [ParNew: 8671K->482K(9216K), 0.0215362 secs] 58836K->50662K(92824K), 0.0216102 secs] [Times: user=0.02 sys=0.00, real=0.02 secs] 
Heap after GC invocations=859 (full 80):
 par new generation   total 9216K, used 482K [0x00000000e3400000, 0x00000000e3e00000, 0x00000000ecca0000)
  eden space 8192K,   0% used [0x00000000e3400000, 0x00000000e3400000, 0x00000000e3c00000)
  from space 1024K,  47% used [0x00000000e3d00000, 0x00000000e3d78a50, 0x00000000e3e00000)
  to   space 1024K,   0% used [0x00000000e3c00000, 0x00000000e3c00000, 0x00000000e3d00000)
 concurrent mark-sweep generation total 83608K, used 50179K [0x00000000ecca0000, 0x00000000f1e46000, 0x0000000100000000)
 Metaspace       used 71644K, capacity 74698K, committed 75008K, reserved 1114112K
  class space    used 9307K, capacity 9881K, committed 9984K, reserved 1048576K
}
2020-11-07T19:56:26.769+0800: 69.918: Application time: 0.0057501 seconds
2020-11-07T19:56:26.769+0800: 69.918: [GC (CMS Initial Mark) [1 CMS-initial-mark: 50179K(83608K)] 53406K(92824K), 0.0067371 secs] [Times: user=0.01 sys=0.00, real=0.01 secs] 
2020-11-07T19:56:26.782+0800: 69.931: [CMS-concurrent-mark-start]
2020-11-07T19:56:26.808+0800: 69.957: Application time: 0.0321766 seconds
{Heap before GC invocations=859 (full 81):
 par new generation   total 9216K, used 8674K [0x00000000e3400000, 0x00000000e3e00000, 0x00000000ecca0000)
  eden space 8192K, 100% used [0x00000000e3400000, 0x00000000e3c00000, 0x00000000e3c00000)
  from space 1024K,  47% used [0x00000000e3d00000, 0x00000000e3d78a50, 0x00000000e3e00000)
  to   space 1024K,   0% used [0x00000000e3c00000, 0x00000000e3c00000, 0x00000000e3d00000)
 concurrent mark-sweep generation total 83608K, used 50179K [0x00000000ecca0000, 0x00000000f1e46000, 0x0000000100000000)
 Metaspace       used 71644K, capacity 74698K, committed 75008K, reserved 1114112K
  class space    used 9307K, capacity 9881K, committed 9984K, reserved 1048576K
2020-11-07T19:56:26.808+0800: 69.957: [GC (Allocation Failure) 2020-11-07T19:56:26.808+0800: 69.958: [ParNew: 8674K->503K(9216K), 0.0208719 secs] 58854K->50696K(92824K), 0.0209550 secs] [Times: user=0.02 sys=0.00, real=0.02 secs] 
Heap after GC invocations=860 (full 81):
 par new generation   total 9216K, used 503K [0x00000000e3400000, 0x00000000e3e00000, 0x00000000ecca0000)
  eden space 8192K,   0% used [0x00000000e3400000, 0x00000000e3400000, 0x00000000e3c00000)
  from space 1024K,  49% used [0x00000000e3c00000, 0x00000000e3c7dc58, 0x00000000e3d00000)
  to   space 1024K,   0% used [0x00000000e3d00000, 0x00000000e3d00000, 0x00000000e3e00000)
 concurrent mark-sweep generation total 83608K, used 50193K [0x00000000ecca0000, 0x00000000f1e46000, 0x0000000100000000)
 Metaspace       used 71644K, capacity 74698K, committed 75008K, reserved 1114112K
  class space    used 9307K, capacity 9881K, committed 9984K, reserved 1048576K
}
2020-11-07T19:56:26.873+0800: 70.022: Application time: 0.0437425 seconds
2020-11-07T19:56:26.876+0800: 70.026: Application time: 0.0035404 seconds
{Heap before GC invocations=860 (full 81):
 par new generation   total 9216K, used 8695K [0x00000000e3400000, 0x00000000e3e00000, 0x00000000ecca0000)
  eden space 8192K, 100% used [0x00000000e3400000, 0x00000000e3c00000, 0x00000000e3c00000)
  from space 1024K,  49% used [0x00000000e3c00000, 0x00000000e3c7dc58, 0x00000000e3d00000)
  to   space 1024K,   0% used [0x00000000e3d00000, 0x00000000e3d00000, 0x00000000e3e00000)
 concurrent mark-sweep generation total 83608K, used 50193K [0x00000000ecca0000, 0x00000000f1e46000, 0x0000000100000000)
 Metaspace       used 71675K, capacity 74730K, committed 75008K, reserved 1114112K
  class space    used 9313K, capacity 9913K, committed 9984K, reserved 1048576K
2020-11-07T19:56:26.876+0800: 70.026: [GC (Allocation Failure) 2020-11-07T19:56:26.876+0800: 70.026: [ParNew: 8695K->539K(9216K), 0.0272985 secs] 58888K->50752K(92824K), 0.0273624 secs] [Times: user=0.02 sys=0.00, real=0.02 secs] 
Heap after GC invocations=861 (full 81):
 par new generation   total 9216K, used 539K [0x00000000e3400000, 0x00000000e3e00000, 0x00000000ecca0000)
  eden space 8192K,   0% used [0x00000000e3400000, 0x00000000e3400000, 0x00000000e3c00000)
  from space 1024K,  52% used [0x00000000e3d00000, 0x00000000e3d86f80, 0x00000000e3e00000)
  to   space 1024K,   0% used [0x00000000e3c00000, 0x00000000e3c00000, 0x00000000e3d00000)
 concurrent mark-sweep generation total 83608K, used 50212K [0x00000000ecca0000, 0x00000000f1e46000, 0x0000000100000000)
 Metaspace       used 71675K, capacity 74730K, committed 75008K, reserved 1114112K
  class space    used 9313K, capacity 9913K, committed 9984K, reserved 1048576K
}
2020-11-07T19:56:26.934+0800: 70.084: Application time: 0.0305290 seconds
{Heap before GC invocations=861 (full 81):
 par new generation   total 9216K, used 8731K [0x00000000e3400000, 0x00000000e3e00000, 0x00000000ecca0000)
  eden space 8192K, 100% used [0x00000000e3400000, 0x00000000e3c00000, 0x00000000e3c00000)
  from space 1024K,  52% used [0x00000000e3d00000, 0x00000000e3d86f80, 0x00000000e3e00000)
  to   space 1024K,   0% used [0x00000000e3c00000, 0x00000000e3c00000, 0x00000000e3d00000)
 concurrent mark-sweep generation total 83608K, used 50212K [0x00000000ecca0000, 0x00000000f1e46000, 0x0000000100000000)
 Metaspace       used 71683K, capacity 74738K, committed 75008K, reserved 1114112K
  class space    used 9313K, capacity 9913K, committed 9984K, reserved 1048576K
2020-11-07T19:56:26.935+0800: 70.084: [GC (Allocation Failure) 2020-11-07T19:56:26.935+0800: 70.084: [ParNew: 8731K->656K(9216K), 0.0391439 secs] 58944K->50881K(92824K), 0.0392048 secs] [Times: user=0.04 sys=0.01, real=0.03 secs] 
Heap after GC invocations=862 (full 81):
 par new generation   total 9216K, used 656K [0x00000000e3400000, 0x00000000e3e00000, 0x00000000ecca0000)
  eden space 8192K,   0% used [0x00000000e3400000, 0x00000000e3400000, 0x00000000e3c00000)
  from space 1024K,  64% used [0x00000000e3c00000, 0x00000000e3ca4100, 0x00000000e3d00000)
  to   space 1024K,   0% used [0x00000000e3d00000, 0x00000000e3d00000, 0x00000000e3e00000)
 concurrent mark-sweep generation total 83608K, used 50225K [0x00000000ecca0000, 0x00000000f1e46000, 0x0000000100000000)
 Metaspace       used 71683K, capacity 74738K, committed 75008K, reserved 1114112K
  class space    used 9313K, capacity 9913K, committed 9984K, reserved 1048576K
}
2020-11-07T19:56:27.009+0800: 70.158: Application time: 0.0349665 seconds
{Heap before GC invocations=862 (full 81):
 par new generation   total 9216K, used 8848K [0x00000000e3400000, 0x00000000e3e00000, 0x00000000ecca0000)
  eden space 8192K, 100% used [0x00000000e3400000, 0x00000000e3c00000, 0x00000000e3c00000)
  from space 1024K,  64% used [0x00000000e3c00000, 0x00000000e3ca4100, 0x00000000e3d00000)
  to   space 1024K,   0% used [0x00000000e3d00000, 0x00000000e3d00000, 0x00000000e3e00000)
 concurrent mark-sweep generation total 83608K, used 50225K [0x00000000ecca0000, 0x00000000f1e46000, 0x0000000100000000)
 Metaspace       used 71685K, capacity 74738K, committed 75008K, reserved 1114112K
  class space    used 9313K, capacity 9913K, committed 9984K, reserved 1048576K
2020-11-07T19:56:27.009+0800: 70.159: [GC (Allocation Failure) 2020-11-07T19:56:27.009+0800: 70.159: [ParNew: 8848K->577K(9216K), 0.0277720 secs] 59073K->50820K(92824K), 0.0278503 secs] [Times: user=0.02 sys=0.00, real=0.03 secs] 
Heap after GC invocations=863 (full 81):
 par new generation   total 9216K, used 577K [0x00000000e3400000, 0x00000000e3e00000, 0x00000000ecca0000)
  eden space 8192K,   0% used [0x00000000e3400000, 0x00000000e3400000, 0x00000000e3c00000)
  from space 1024K,  56% used [0x00000000e3d00000, 0x00000000e3d90448, 0x00000000e3e00000)
  to   space 1024K,   0% used [0x00000000e3c00000, 0x00000000e3c00000, 0x00000000e3d00000)
 concurrent mark-sweep generation total 83608K, used 50243K [0x00000000ecca0000, 0x00000000f1e46000, 0x0000000100000000)
 Metaspace       used 71685K, capacity 74738K, committed 75008K, reserved 1114112K
  class space    used 9313K, capacity 9913K, committed 9984K, reserved 1048576K
}
2020-11-07T19:56:27.091+0800: 70.241: Application time: 0.0543637 seconds
2020-11-07T19:56:27.102+0800: 70.251: Application time: 0.0102193 seconds
2020-11-07T19:56:27.102+0800: 70.251: Application time: 0.0000264 seconds
2020-11-07T19:56:27.102+0800: 70.252: Application time: 0.0001001 seconds
2020-11-07T19:56:27.102+0800: 70.252: Application time: 0.0000470 seconds
2020-11-07T19:56:27.102+0800: 70.252: Application time: 0.0000172 seconds
2020-11-07T19:56:27.102+0800: 70.252: Application time: 0.0000147 seconds
2020-11-07T19:56:27.102+0800: 70.252: Application time: 0.0000150 seconds
2020-11-07T19:56:27.102+0800: 70.252: Application time: 0.0000140 seconds
2020-11-07T19:56:27.102+0800: 70.252: Application time: 0.0000183 seconds
2020-11-07T19:56:27.102+0800: 70.252: Application time: 0.0000159 seconds
2020-11-07T19:56:27.104+0800: 70.253: Application time: 0.0013624 seconds
2020-11-07T19:56:27.123+0800: 70.272: Application time: 0.0189869 seconds
2020-11-07T19:56:27.123+0800: 70.272: Application time: 0.0000466 seconds
2020-11-07T19:56:27.123+0800: 70.272: Application time: 0.0000160 seconds
2020-11-07T19:56:27.123+0800: 70.273: Application time: 0.0000148 seconds
2020-11-07T19:56:27.123+0800: 70.273: Application time: 0.0000148 seconds
2020-11-07T19:56:27.123+0800: 70.273: Application time: 0.0000143 seconds
2020-11-07T19:56:27.123+0800: 70.273: Application time: 0.0000335 seconds
2020-11-07T19:56:27.123+0800: 70.273: Application time: 0.0000153 seconds
2020-11-07T19:56:27.127+0800: 70.277: Application time: 0.0040002 seconds
2020-11-07T19:56:27.128+0800: 70.278: Application time: 0.0010427 seconds
2020-11-07T19:56:27.151+0800: 70.300: Application time: 0.0221912 seconds
{Heap before GC invocations=863 (full 81):
 par new generation   total 9216K, used 8769K [0x00000000e3400000, 0x00000000e3e00000, 0x00000000ecca0000)
  eden space 8192K, 100% used [0x00000000e3400000, 0x00000000e3c00000, 0x00000000e3c00000)
  from space 1024K,  56% used [0x00000000e3d00000, 0x00000000e3d90448, 0x00000000e3e00000)
  to   space 1024K,   0% used [0x00000000e3c00000, 0x00000000e3c00000, 0x00000000e3d00000)
 concurrent mark-sweep generation total 83608K, used 50243K [0x00000000ecca0000, 0x00000000f1e46000, 0x0000000100000000)
 Metaspace       used 71688K, capacity 74738K, committed 75008K, reserved 1114112K
  class space    used 9313K, capacity 9913K, committed 9984K, reserved 1048576K
2020-11-07T19:56:27.151+0800: 70.300: [GC (Allocation Failure) 2020-11-07T19:56:27.151+0800: 70.300: [ParNew: 8769K->807K(9216K), 0.0210339 secs] 59012K->51116K(92824K), 0.0210945 secs] [Times: user=0.02 sys=0.00, real=0.02 secs] 
Heap after GC invocations=864 (full 81):
 par new generation   total 9216K, used 807K [0x00000000e3400000, 0x00000000e3e00000, 0x00000000ecca0000)
  eden space 8192K,   0% used [0x00000000e3400000, 0x00000000e3400000, 0x00000000e3c00000)
  from space 1024K,  78% used [0x00000000e3c00000, 0x00000000e3cc9d10, 0x00000000e3d00000)
  to   space 1024K,   0% used [0x00000000e3d00000, 0x00000000e3d00000, 0x00000000e3e00000)
 concurrent mark-sweep generation total 83608K, used 50309K [0x00000000ecca0000, 0x00000000f1e46000, 0x0000000100000000)
 Metaspace       used 71688K, capacity 74738K, committed 75008K, reserved 1114112K
  class space    used 9313K, capacity 9913K, committed 9984K, reserved 1048576K
}
2020-11-07T19:56:27.220+0800: 70.370: [CMS-concurrent-mark: 0.285/0.438 secs] [Times: user=0.43 sys=0.01, real=0.44 secs] 
2020-11-07T19:56:27.220+0800: 70.370: [CMS-concurrent-preclean-start]
2020-11-07T19:56:27.225+0800: 70.375: [CMS-concurrent-preclean: 0.005/0.005 secs] [Times: user=0.01 sys=0.00, real=0.01 secs] 
2020-11-07T19:56:27.225+0800: 70.375: [CMS-concurrent-abortable-preclean-start]
2020-11-07T19:56:27.282+0800: 70.431: Application time: 0.1095852 seconds
2020-11-07T19:56:27.321+0800: 70.471: Application time: 0.0391805 seconds
2020-11-07T19:56:27.325+0800: 70.475: Application time: 0.0039841 seconds
2020-11-07T19:56:27.358+0800: 70.508: Application time: 0.0331132 seconds
{Heap before GC invocations=864 (full 81):
 par new generation   total 9216K, used 8999K [0x00000000e3400000, 0x00000000e3e00000, 0x00000000ecca0000)
  eden space 8192K, 100% used [0x00000000e3400000, 0x00000000e3c00000, 0x00000000e3c00000)
  from space 1024K,  78% used [0x00000000e3c00000, 0x00000000e3cc9d10, 0x00000000e3d00000)
  to   space 1024K,   0% used [0x00000000e3d00000, 0x00000000e3d00000, 0x00000000e3e00000)
 concurrent mark-sweep generation total 83608K, used 50309K [0x00000000ecca0000, 0x00000000f1e46000, 0x0000000100000000)
 Metaspace       used 71771K, capacity 74830K, committed 75008K, reserved 1114112K
  class space    used 9317K, capacity 9917K, committed 9984K, reserved 1048576K
2020-11-07T19:56:27.359+0800: 70.508: [GC (Allocation Failure) 2020-11-07T19:56:27.359+0800: 70.508: [ParNew: 8999K->842K(9216K), 0.0374741 secs] 59308K->51390K(92824K), 0.0375354 secs] [Times: user=0.04 sys=0.00, real=0.04 secs] 
Heap after GC invocations=865 (full 81):
 par new generation   total 9216K, used 842K [0x00000000e3400000, 0x00000000e3e00000, 0x00000000ecca0000)
  eden space 8192K,   0% used [0x00000000e3400000, 0x00000000e3400000, 0x00000000e3c00000)
  from space 1024K,  82% used [0x00000000e3d00000, 0x00000000e3dd29a8, 0x00000000e3e00000)
  to   space 1024K,   0% used [0x00000000e3c00000, 0x00000000e3c00000, 0x00000000e3d00000)
 concurrent mark-sweep generation total 83608K, used 50547K [0x00000000ecca0000, 0x00000000f1e46000, 0x0000000100000000)
 Metaspace       used 71771K, capacity 74830K, committed 75008K, reserved 1114112K
  class space    used 9317K, capacity 9917K, committed 9984K, reserved 1048576K
}
2020-11-07T19:56:27.864+0800: 71.013: Application time: 0.4674359 seconds
{Heap before GC invocations=865 (full 81):
 par new generation   total 9216K, used 9034K [0x00000000e3400000, 0x00000000e3e00000, 0x00000000ecca0000)
  eden space 8192K, 100% used [0x00000000e3400000, 0x00000000e3c00000, 0x00000000e3c00000)
  from space 1024K,  82% used [0x00000000e3d00000, 0x00000000e3dd29a8, 0x00000000e3e00000)
  to   space 1024K,   0% used [0x00000000e3c00000, 0x00000000e3c00000, 0x00000000e3d00000)
 concurrent mark-sweep generation total 83608K, used 50547K [0x00000000ecca0000, 0x00000000f1e46000, 0x0000000100000000)
 Metaspace       used 71823K, capacity 74912K, committed 75264K, reserved 1114112K
  class space    used 9320K, capacity 9920K, committed 9984K, reserved 1048576K
2020-11-07T19:56:27.864+0800: 71.013: [GC (Allocation Failure) 2020-11-07T19:56:27.864+0800: 71.013: [ParNew: 9034K->804K(9216K), 0.0441498 secs] 59582K->51492K(92824K), 0.0442139 secs] [Times: user=0.05 sys=0.00, real=0.05 secs] 
Heap after GC invocations=866 (full 81):
 par new generation   total 9216K, used 804K [0x00000000e3400000, 0x00000000e3e00000, 0x00000000ecca0000)
  eden space 8192K,   0% used [0x00000000e3400000, 0x00000000e3400000, 0x00000000e3c00000)
  from space 1024K,  78% used [0x00000000e3c00000, 0x00000000e3cc9218, 0x00000000e3d00000)
  to   space 1024K,   0% used [0x00000000e3d00000, 0x00000000e3d00000, 0x00000000e3e00000)
 concurrent mark-sweep generation total 83608K, used 50687K [0x00000000ecca0000, 0x00000000f1e46000, 0x0000000100000000)
 Metaspace       used 71823K, capacity 74912K, committed 75264K, reserved 1114112K
  class space    used 9320K, capacity 9920K, committed 9984K, reserved 1048576K
}
2020-11-07T19:56:27.927+0800: 71.076: [CMS-concurrent-abortable-preclean: 0.579/0.701 secs] [Times: user=0.68 sys=0.01, real=0.70 secs] 
2020-11-07T19:56:27.927+0800: 71.077: Application time: 0.0187828 seconds
2020-11-07T19:56:27.927+0800: 71.077: [GC (CMS Final Remark) [YG occupancy: 2778 K (9216 K)]2020-11-07T19:56:27.927+0800: 71.077: [Rescan (parallel) , 0.0326088 secs]2020-11-07T19:56:27.960+0800: 71.109: [weak refs processing, 0.0020163 secs]2020-11-07T19:56:27.962+0800: 71.111: [class unloading, 0.0336650 secs]2020-11-07T19:56:27.995+0800: 71.145: [scrub symbol table, 0.0467818 secs]2020-11-07T19:56:28.042+0800: 71.192: [scrub string table, 0.0016718 secs][1 CMS-remark: 50687K(83608K)] 53465K(92824K), 0.1169497 secs] [Times: user=0.12 sys=0.01, real=0.11 secs] 
2020-11-07T19:56:28.056+0800: 71.205: [CMS-concurrent-sweep-start]
2020-11-07T19:56:28.131+0800: 71.280: Application time: 0.0865033 seconds
2020-11-07T19:56:28.132+0800: 71.282: [CMS-concurrent-sweep: 0.076/0.076 secs] [Times: user=0.07 sys=0.00, real=0.07 secs] 
2020-11-07T19:56:28.132+0800: 71.282: [CMS-concurrent-reset-start]
2020-11-07T19:56:28.133+0800: 71.283: [CMS-concurrent-reset: 0.001/0.001 secs] [Times: user=0.00 sys=0.00, real=0.00 secs] 
2020-11-07T19:56:28.134+0800: 71.284: Application time: 0.0032986 seconds
2020-11-07T19:56:28.135+0800: 71.284: Application time: 0.0000390 seconds
2020-11-07T19:56:28.135+0800: 71.284: Application time: 0.0000191 seconds
2020-11-07T19:56:28.147+0800: 71.297: Application time: 0.0121195 seconds
{Heap before GC invocations=866 (full 81):
 par new generation   total 9216K, used 8989K [0x00000000e3400000, 0x00000000e3e00000, 0x00000000ecca0000)
  eden space 8192K,  99% used [0x00000000e3400000, 0x00000000e3bfe540, 0x00000000e3c00000)
  from space 1024K,  78% used [0x00000000e3c00000, 0x00000000e3cc9218, 0x00000000e3d00000)
  to   space 1024K,   0% used [0x00000000e3d00000, 0x00000000e3d00000, 0x00000000e3e00000)
 concurrent mark-sweep generation total 84404K, used 50642K [0x00000000ecca0000, 0x00000000f1f0d000, 0x0000000100000000)
 Metaspace       used 71852K, capacity 74894K, committed 75264K, reserved 1114112K
  class space    used 9322K, capacity 9917K, committed 9984K, reserved 1048576K
2020-11-07T19:56:28.147+0800: 71.297: [GC (Allocation Failure) 2020-11-07T19:56:28.147+0800: 71.297: [ParNew: 8989K->667K(9216K), 0.0228861 secs] 59632K->51678K(93620K), 0.0229808 secs] [Times: user=0.02 sys=0.00, real=0.02 secs] 
Heap after GC invocations=867 (full 81):
 par new generation   total 9216K, used 667K [0x00000000e3400000, 0x00000000e3e00000, 0x00000000ecca0000)
  eden space 8192K,   0% used [0x00000000e3400000, 0x00000000e3400000, 0x00000000e3c00000)
  from space 1024K,  65% used [0x00000000e3d00000, 0x00000000e3da6e10, 0x00000000e3e00000)
  to   space 1024K,   0% used [0x00000000e3c00000, 0x00000000e3c00000, 0x00000000e3d00000)
 concurrent mark-sweep generation total 84404K, used 51011K [0x00000000ecca0000, 0x00000000f1f0d000, 0x0000000100000000)
 Metaspace       used 71852K, capacity 74894K, committed 75264K, reserved 1114112K
  class space    used 9322K, capacity 9917K, committed 9984K, reserved 1048576K
}
2020-11-07T19:56:28.173+0800: 71.322: Application time: 0.0024946 seconds
{Heap before GC invocations=867 (full 81):
 par new generation   total 9216K, used 8845K [0x00000000e3400000, 0x00000000e3e00000, 0x00000000ecca0000)
  eden space 8192K,  99% used [0x00000000e3400000, 0x00000000e3bfc9d0, 0x00000000e3c00000)
  from space 1024K,  65% used [0x00000000e3d00000, 0x00000000e3da6e10, 0x00000000e3e00000)
  to   space 1024K,   0% used [0x00000000e3c00000, 0x00000000e3c00000, 0x00000000e3d00000)
 concurrent mark-sweep generation total 84404K, used 51011K [0x00000000ecca0000, 0x00000000f1f0d000, 0x0000000100000000)
 Metaspace       used 71852K, capacity 74894K, committed 75264K, reserved 1114112K
  class space    used 9322K, capacity 9917K, committed 9984K, reserved 1048576K
2020-11-07T19:56:28.173+0800: 71.322: [GC (Allocation Failure) 2020-11-07T19:56:28.173+0800: 71.322: [ParNew: 8845K->457K(9216K), 0.0227924 secs] 59857K->51468K(93620K), 0.0228668 secs] [Times: user=0.03 sys=0.00, real=0.03 secs] 
Heap after GC invocations=868 (full 81):
 par new generation   total 9216K, used 457K [0x00000000e3400000, 0x00000000e3e00000, 0x00000000ecca0000)
  eden space 8192K,   0% used [0x00000000e3400000, 0x00000000e3400000, 0x00000000e3c00000)
  from space 1024K,  44% used [0x00000000e3c00000, 0x00000000e3c72520, 0x00000000e3d00000)
  to   space 1024K,   0% used [0x00000000e3d00000, 0x00000000e3d00000, 0x00000000e3e00000)
 concurrent mark-sweep generation total 84404K, used 51011K [0x00000000ecca0000, 0x00000000f1f0d000, 0x0000000100000000)
 Metaspace       used 71852K, capacity 74894K, committed 75264K, reserved 1114112K
  class space    used 9322K, capacity 9917K, committed 9984K, reserved 1048576K
}
2020-11-07T19:56:28.203+0800: 71.353: Application time: 0.0074149 seconds
{Heap before GC invocations=868 (full 81):
 par new generation   total 9216K, used 8636K [0x00000000e3400000, 0x00000000e3e00000, 0x00000000ecca0000)
  eden space 8192K,  99% used [0x00000000e3400000, 0x00000000e3bfce38, 0x00000000e3c00000)
  from space 1024K,  44% used [0x00000000e3c00000, 0x00000000e3c72520, 0x00000000e3d00000)
  to   space 1024K,   0% used [0x00000000e3d00000, 0x00000000e3d00000, 0x00000000e3e00000)
 concurrent mark-sweep generation total 84404K, used 51011K [0x00000000ecca0000, 0x00000000f1f0d000, 0x0000000100000000)
 Metaspace       used 71852K, capacity 74894K, committed 75264K, reserved 1114112K
  class space    used 9322K, capacity 9917K, committed 9984K, reserved 1048576K
2020-11-07T19:56:28.203+0800: 71.353: [GC (Allocation Failure) 2020-11-07T19:56:28.203+0800: 71.353: [ParNew: 8636K->394K(9216K), 0.0064433 secs] 59648K->51405K(93620K), 0.0064999 secs] [Times: user=0.01 sys=0.00, real=0.01 secs] 
Heap after GC invocations=869 (full 81):
 par new generation   total 9216K, used 394K [0x00000000e3400000, 0x00000000e3e00000, 0x00000000ecca0000)
  eden space 8192K,   0% used [0x00000000e3400000, 0x00000000e3400000, 0x00000000e3c00000)
  from space 1024K,  38% used [0x00000000e3d00000, 0x00000000e3d628e0, 0x00000000e3e00000)
  to   space 1024K,   0% used [0x00000000e3c00000, 0x00000000e3c00000, 0x00000000e3d00000)
 concurrent mark-sweep generation total 84404K, used 51011K [0x00000000ecca0000, 0x00000000f1f0d000, 0x0000000100000000)
 Metaspace       used 71852K, capacity 74894K, committed 75264K, reserved 1114112K
  class space    used 9322K, capacity 9917K, committed 9984K, reserved 1048576K
}
2020-11-07T19:56:28.217+0800: 71.367: Application time: 0.0072650 seconds
{Heap before GC invocations=869 (full 81):
 par new generation   total 9216K, used 8539K [0x00000000e3400000, 0x00000000e3e00000, 0x00000000ecca0000)
  eden space 8192K,  99% used [0x00000000e3400000, 0x00000000e3bf4648, 0x00000000e3c00000)
  from space 1024K,  38% used [0x00000000e3d00000, 0x00000000e3d628e0, 0x00000000e3e00000)
  to   space 1024K,   0% used [0x00000000e3c00000, 0x00000000e3c00000, 0x00000000e3d00000)
 concurrent mark-sweep generation total 84404K, used 51011K [0x00000000ecca0000, 0x00000000f1f0d000, 0x0000000100000000)
 Metaspace       used 71852K, capacity 74894K, committed 75264K, reserved 1114112K
  class space    used 9322K, capacity 9917K, committed 9984K, reserved 1048576K
2020-11-07T19:56:28.217+0800: 71.367: [GC (Allocation Failure) 2020-11-07T19:56:28.217+0800: 71.367: [ParNew: 8539K->486K(9216K), 0.0182471 secs] 59551K->51498K(93620K), 0.0183127 secs] [Times: user=0.01 sys=0.00, real=0.02 secs] 
Heap after GC invocations=870 (full 81):
 par new generation   total 9216K, used 486K [0x00000000e3400000, 0x00000000e3e00000, 0x00000000ecca0000)
  eden space 8192K,   0% used [0x00000000e3400000, 0x00000000e3400000, 0x00000000e3c00000)
  from space 1024K,  47% used [0x00000000e3c00000, 0x00000000e3c79ab8, 0x00000000e3d00000)
  to   space 1024K,   0% used [0x00000000e3d00000, 0x00000000e3d00000, 0x00000000e3e00000)
 concurrent mark-sweep generation total 84404K, used 51011K [0x00000000ecca0000, 0x00000000f1f0d000, 0x0000000100000000)
 Metaspace       used 71852K, capacity 74894K, committed 75264K, reserved 1114112K
  class space    used 9322K, capacity 9917K, committed 9984K, reserved 1048576K
}
2020-11-07T19:56:28.243+0800: 71.393: Application time: 0.0071934 seconds
2020-11-07T19:56:28.243+0800: 71.393: [GC (CMS Initial Mark) [1 CMS-initial-mark: 51011K(84404K)] 55524K(93620K), 0.0051336 secs] [Times: user=0.01 sys=0.00, real=0.01 secs] 
2020-11-07T19:56:28.253+0800: 71.403: [CMS-concurrent-mark-start]
2020-11-07T19:56:28.312+0800: 71.461: Application time: 0.0632167 seconds
{Heap before GC invocations=870 (full 82):
 par new generation   total 9216K, used 8678K [0x00000000e3400000, 0x00000000e3e00000, 0x00000000ecca0000)
  eden space 8192K, 100% used [0x00000000e3400000, 0x00000000e3c00000, 0x00000000e3c00000)
  from space 1024K,  47% used [0x00000000e3c00000, 0x00000000e3c79ab8, 0x00000000e3d00000)
  to   space 1024K,   0% used [0x00000000e3d00000, 0x00000000e3d00000, 0x00000000e3e00000)
 concurrent mark-sweep generation total 84404K, used 51011K [0x00000000ecca0000, 0x00000000f1f0d000, 0x0000000100000000)
 Metaspace       used 71885K, capacity 74958K, committed 75264K, reserved 1114112K
  class space    used 9325K, capacity 9917K, committed 9984K, reserved 1048576K
2020-11-07T19:56:28.312+0800: 71.461: [GC (Allocation Failure) 2020-11-07T19:56:28.312+0800: 71.462: [ParNew: 8678K->831K(9216K), 0.0227498 secs] 59690K->51843K(93620K), 0.0228381 secs] [Times: user=0.02 sys=0.00, real=0.03 secs] 
Heap after GC invocations=871 (full 82):
 par new generation   total 9216K, used 831K [0x00000000e3400000, 0x00000000e3e00000, 0x00000000ecca0000)
  eden space 8192K,   0% used [0x00000000e3400000, 0x00000000e3400000, 0x00000000e3c00000)
  from space 1024K,  81% used [0x00000000e3d00000, 0x00000000e3dcffd8, 0x00000000e3e00000)
  to   space 1024K,   0% used [0x00000000e3c00000, 0x00000000e3c00000, 0x00000000e3d00000)
 concurrent mark-sweep generation total 84404K, used 51011K [0x00000000ecca0000, 0x00000000f1f0d000, 0x0000000100000000)
 Metaspace       used 71885K, capacity 74958K, committed 75264K, reserved 1114112K
  class space    used 9325K, capacity 9917K, committed 9984K, reserved 1048576K
}
2020-11-07T19:56:28.368+0800: 71.517: Application time: 0.0329496 seconds
2020-11-07T19:56:28.450+0800: 71.600: Application time: 0.0808093 seconds
{Heap before GC invocations=871 (full 82):
 par new generation   total 9216K, used 9023K [0x00000000e3400000, 0x00000000e3e00000, 0x00000000ecca0000)
  eden space 8192K, 100% used [0x00000000e3400000, 0x00000000e3c00000, 0x00000000e3c00000)
  from space 1024K,  81% used [0x00000000e3d00000, 0x00000000e3dcffd8, 0x00000000e3e00000)
  to   space 1024K,   0% used [0x00000000e3c00000, 0x00000000e3c00000, 0x00000000e3d00000)
 concurrent mark-sweep generation total 84404K, used 51011K [0x00000000ecca0000, 0x00000000f1f0d000, 0x0000000100000000)
 Metaspace       used 71930K, capacity 74970K, committed 75264K, reserved 1114112K
  class space    used 9328K, capacity 9919K, committed 9984K, reserved 1048576K
2020-11-07T19:56:28.450+0800: 71.600: [GC (Allocation Failure) 2020-11-07T19:56:28.450+0800: 71.600: [ParNew: 9023K->420K(9216K), 0.0117142 secs] 60035K->51693K(93620K), 0.0117894 secs] [Times: user=0.01 sys=0.00, real=0.01 secs] 
Heap after GC invocations=872 (full 82):
 par new generation   total 9216K, used 420K [0x00000000e3400000, 0x00000000e3e00000, 0x00000000ecca0000)
  eden space 8192K,   0% used [0x00000000e3400000, 0x00000000e3400000, 0x00000000e3c00000)
  from space 1024K,  41% used [0x00000000e3c00000, 0x00000000e3c69030, 0x00000000e3d00000)
  to   space 1024K,   0% used [0x00000000e3d00000, 0x00000000e3d00000, 0x00000000e3e00000)
 concurrent mark-sweep generation total 84404K, used 51273K [0x00000000ecca0000, 0x00000000f1f0d000, 0x0000000100000000)
 Metaspace       used 71930K, capacity 74970K, committed 75264K, reserved 1114112K
  class space    used 9328K, capacity 9919K, committed 9984K, reserved 1048576K
}
2020-11-07T19:56:28.613+0800: 71.763: Application time: 0.1512906 seconds
{Heap before GC invocations=872 (full 82):
 par new generation   total 9216K, used 8612K [0x00000000e3400000, 0x00000000e3e00000, 0x00000000ecca0000)
  eden space 8192K, 100% used [0x00000000e3400000, 0x00000000e3c00000, 0x00000000e3c00000)
  from space 1024K,  41% used [0x00000000e3c00000, 0x00000000e3c69030, 0x00000000e3d00000)
  to   space 1024K,   0% used [0x00000000e3d00000, 0x00000000e3d00000, 0x00000000e3e00000)
 concurrent mark-sweep generation total 84404K, used 51273K [0x00000000ecca0000, 0x00000000f1f0d000, 0x0000000100000000)
 Metaspace       used 71963K, capacity 75052K, committed 75264K, reserved 1114112K
  class space    used 9330K, capacity 9922K, committed 9984K, reserved 1048576K
2020-11-07T19:56:28.614+0800: 71.763: [GC (Allocation Failure) 2020-11-07T19:56:28.614+0800: 71.763: [ParNew: 8612K->669K(9216K), 0.0254260 secs] 59885K->51943K(93620K), 0.0254892 secs] [Times: user=0.02 sys=0.00, real=0.03 secs] 
Heap after GC invocations=873 (full 82):
 par new generation   total 9216K, used 669K [0x00000000e3400000, 0x00000000e3e00000, 0x00000000ecca0000)
  eden space 8192K,   0% used [0x00000000e3400000, 0x00000000e3400000, 0x00000000e3c00000)
  from space 1024K,  65% used [0x00000000e3d00000, 0x00000000e3da7650, 0x00000000e3e00000)
  to   space 1024K,   0% used [0x00000000e3c00000, 0x00000000e3c00000, 0x00000000e3d00000)
 concurrent mark-sweep generation total 84404K, used 51273K [0x00000000ecca0000, 0x00000000f1f0d000, 0x0000000100000000)
 Metaspace       used 71963K, capacity 75052K, committed 75264K, reserved 1114112K
  class space    used 9330K, capacity 9922K, committed 9984K, reserved 1048576K
}
2020-11-07T19:56:28.684+0800: 71.833: [CMS-concurrent-mark: 0.361/0.430 secs] [Times: user=0.43 sys=0.00, real=0.43 secs] 
2020-11-07T19:56:28.684+0800: 71.834: [CMS-concurrent-preclean-start]
2020-11-07T19:56:28.711+0800: 71.860: [CMS-concurrent-preclean: 0.027/0.027 secs] [Times: user=0.02 sys=0.00, real=0.03 secs] 
2020-11-07T19:56:28.711+0800: 71.860: [CMS-concurrent-abortable-preclean-start]
2020-11-07T19:56:28.724+0800: 71.874: Application time: 0.0851743 seconds
{Heap before GC invocations=873 (full 82):
 par new generation   total 9216K, used 8861K [0x00000000e3400000, 0x00000000e3e00000, 0x00000000ecca0000)
  eden space 8192K, 100% used [0x00000000e3400000, 0x00000000e3c00000, 0x00000000e3c00000)
  from space 1024K,  65% used [0x00000000e3d00000, 0x00000000e3da7650, 0x00000000e3e00000)
  to   space 1024K,   0% used [0x00000000e3c00000, 0x00000000e3c00000, 0x00000000e3d00000)
 concurrent mark-sweep generation total 84404K, used 51273K [0x00000000ecca0000, 0x00000000f1f0d000, 0x0000000100000000)
 Metaspace       used 71995K, capacity 75064K, committed 75264K, reserved 1114112K
  class space    used 9332K, capacity 9924K, committed 9984K, reserved 1048576K
2020-11-07T19:56:28.725+0800: 71.874: [GC (Allocation Failure) 2020-11-07T19:56:28.725+0800: 71.874: [ParNew: 8861K->528K(9216K), 0.0244187 secs] 60135K->52000K(93620K), 0.0245161 secs] [Times: user=0.02 sys=0.00, real=0.02 secs] 
Heap after GC invocations=874 (full 82):
 par new generation   total 9216K, used 528K [0x00000000e3400000, 0x00000000e3e00000, 0x00000000ecca0000)
  eden space 8192K,   0% used [0x00000000e3400000, 0x00000000e3400000, 0x00000000e3c00000)
  from space 1024K,  51% used [0x00000000e3c00000, 0x00000000e3c843e0, 0x00000000e3d00000)
  to   space 1024K,   0% used [0x00000000e3d00000, 0x00000000e3d00000, 0x00000000e3e00000)
 concurrent mark-sweep generation total 84404K, used 51471K [0x00000000ecca0000, 0x00000000f1f0d000, 0x0000000100000000)
 Metaspace       used 71995K, capacity 75064K, committed 75264K, reserved 1114112K
  class space    used 9332K, capacity 9924K, committed 9984K, reserved 1048576K
}
2020-11-07T19:56:28.870+0800: 72.019: Application time: 0.1204442 seconds
{Heap before GC invocations=874 (full 82):
 par new generation   total 9216K, used 8720K [0x00000000e3400000, 0x00000000e3e00000, 0x00000000ecca0000)
  eden space 8192K, 100% used [0x00000000e3400000, 0x00000000e3c00000, 0x00000000e3c00000)
  from space 1024K,  51% used [0x00000000e3c00000, 0x00000000e3c843e0, 0x00000000e3d00000)
  to   space 1024K,   0% used [0x00000000e3d00000, 0x00000000e3d00000, 0x00000000e3e00000)
 concurrent mark-sweep generation total 84404K, used 51471K [0x00000000ecca0000, 0x00000000f1f0d000, 0x0000000100000000)
 Metaspace       used 72045K, capacity 75134K, committed 75264K, reserved 1114112K
  class space    used 9335K, capacity 9925K, committed 9984K, reserved 1048576K
2020-11-07T19:56:28.870+0800: 72.020: [GC (Allocation Failure) 2020-11-07T19:56:28.870+0800: 72.020: [ParNew2020-11-07T19:56:28.891+0800: 72.041: [CMS-concurrent-abortable-preclean: 0.021/0.180 secs] [Times: user=0.18 sys=0.00, real=0.18 secs] 
: 8720K->791K(9216K), 0.0283058 secs] 60192K->52263K(93620K), 0.0283722 secs] [Times: user=0.03 sys=0.00, real=0.03 secs] 
Heap after GC invocations=875 (full 82):
 par new generation   total 9216K, used 791K [0x00000000e3400000, 0x00000000e3e00000, 0x00000000ecca0000)
  eden space 8192K,   0% used [0x00000000e3400000, 0x00000000e3400000, 0x00000000e3c00000)
  from space 1024K,  77% used [0x00000000e3d00000, 0x00000000e3dc5d38, 0x00000000e3e00000)
  to   space 1024K,   0% used [0x00000000e3c00000, 0x00000000e3c00000, 0x00000000e3d00000)
 concurrent mark-sweep generation total 84404K, used 51471K [0x00000000ecca0000, 0x00000000f1f0d000, 0x0000000100000000)
 Metaspace       used 72045K, capacity 75134K, committed 75264K, reserved 1114112K
  class space    used 9335K, capacity 9925K, committed 9984K, reserved 1048576K
}
2020-11-07T19:56:28.905+0800: 72.055: Application time: 0.0069119 seconds
2020-11-07T19:56:28.905+0800: 72.055: [GC (CMS Final Remark) [YG occupancy: 3262 K (9216 K)]2020-11-07T19:56:28.905+0800: 72.055: [Rescan (parallel) , 0.0080711 secs]2020-11-07T19:56:28.914+0800: 72.063: [weak refs processing, 0.0005475 secs]2020-11-07T19:56:28.914+0800: 72.064: [class unloading, 0.0215327 secs]2020-11-07T19:56:28.936+0800: 72.085: [scrub symbol table, 0.0283906 secs]2020-11-07T19:56:28.964+0800: 72.114: [scrub string table, 0.0015112 secs][1 CMS-remark: 51471K(84404K)] 54734K(93620K), 0.0602796 secs] [Times: user=0.06 sys=0.00, real=0.06 secs] 
2020-11-07T19:56:28.986+0800: 72.136: [CMS-concurrent-sweep-start]
2020-11-07T19:56:29.057+0800: 72.207: [CMS-concurrent-sweep: 0.071/0.071 secs] [Times: user=0.07 sys=0.00, real=0.07 secs] 
2020-11-07T19:56:29.057+0800: 72.207: [CMS-concurrent-reset-start]
2020-11-07T19:56:29.058+0800: 72.208: [CMS-concurrent-reset: 0.001/0.001 secs] [Times: user=0.00 sys=0.00, real=0.00 secs] 
2020-11-07T19:56:29.079+0800: 72.228: Application time: 0.1128913 seconds
2020-11-07T19:56:29.104+0800: 72.254: Application time: 0.0253188 seconds
{Heap before GC invocations=875 (full 82):
 par new generation   total 9216K, used 8983K [0x00000000e3400000, 0x00000000e3e00000, 0x00000000ecca0000)
  eden space 8192K, 100% used [0x00000000e3400000, 0x00000000e3c00000, 0x00000000e3c00000)
  from space 1024K,  77% used [0x00000000e3d00000, 0x00000000e3dc5d38, 0x00000000e3e00000)
  to   space 1024K,   0% used [0x00000000e3c00000, 0x00000000e3c00000, 0x00000000e3d00000)
 concurrent mark-sweep generation total 85644K, used 51385K [0x00000000ecca0000, 0x00000000f2043000, 0x0000000100000000)
 Metaspace       used 72087K, capacity 75190K, committed 75520K, reserved 1114112K
  class space    used 9335K, capacity 9923K, committed 9984K, reserved 1048576K
2020-11-07T19:56:29.104+0800: 72.254: [GC (Allocation Failure) 2020-11-07T19:56:29.105+0800: 72.254: [ParNew: 8983K->751K(9216K), 0.0416126 secs] 60369K->52366K(94860K), 0.0416970 secs] [Times: user=0.04 sys=0.01, real=0.04 secs] 
Heap after GC invocations=876 (full 82):
 par new generation   total 9216K, used 751K [0x00000000e3400000, 0x00000000e3e00000, 0x00000000ecca0000)
  eden space 8192K,   0% used [0x00000000e3400000, 0x00000000e3400000, 0x00000000e3c00000)
  from space 1024K,  73% used [0x00000000e3c00000, 0x00000000e3cbbdf0, 0x00000000e3d00000)
  to   space 1024K,   0% used [0x00000000e3d00000, 0x00000000e3d00000, 0x00000000e3e00000)
 concurrent mark-sweep generation total 85644K, used 51614K [0x00000000ecca0000, 0x00000000f2043000, 0x0000000100000000)
 Metaspace       used 72087K, capacity 75190K, committed 75520K, reserved 1114112K
  class space    used 9335K, capacity 9923K, committed 9984K, reserved 1048576K
}
2020-11-07T19:56:29.153+0800: 72.303: Application time: 0.0067930 seconds
2020-11-07T19:56:29.164+0800: 72.313: [GC (CMS Initial Mark) [1 CMS-initial-mark: 51614K(85644K)] 52879K(94860K), 0.0071120 secs] [Times: user=0.00 sys=0.00, real=0.01 secs] 
2020-11-07T19:56:29.171+0800: 72.321: [CMS-concurrent-mark-start]
2020-11-07T19:56:29.297+0800: 72.446: Application time: 0.1259291 seconds
{Heap before GC invocations=876 (full 83):
 par new generation   total 9216K, used 8943K [0x00000000e3400000, 0x00000000e3e00000, 0x00000000ecca0000)
  eden space 8192K, 100% used [0x00000000e3400000, 0x00000000e3c00000, 0x00000000e3c00000)
  from space 1024K,  73% used [0x00000000e3c00000, 0x00000000e3cbbdf0, 0x00000000e3d00000)
  to   space 1024K,   0% used [0x00000000e3d00000, 0x00000000e3d00000, 0x00000000e3e00000)
 concurrent mark-sweep generation total 85644K, used 51614K [0x00000000ecca0000, 0x00000000f2043000, 0x0000000100000000)
 Metaspace       used 72184K, capacity 75236K, committed 75520K, reserved 1114112K
  class space    used 9351K, capacity 9934K, committed 9984K, reserved 1048576K
2020-11-07T19:56:29.297+0800: 72.447: [GC (Allocation Failure) 2020-11-07T19:56:29.297+0800: 72.447: [ParNew: 8943K->673K(9216K), 0.0410052 secs] 60558K->52611K(94860K), 0.0410951 secs] [Times: user=0.04 sys=0.00, real=0.04 secs] 
Heap after GC invocations=877 (full 83):
 par new generation   total 9216K, used 673K [0x00000000e3400000, 0x00000000e3e00000, 0x00000000ecca0000)
  eden space 8192K,   0% used [0x00000000e3400000, 0x00000000e3400000, 0x00000000e3c00000)
  from space 1024K,  65% used [0x00000000e3d00000, 0x00000000e3da87c8, 0x00000000e3e00000)
  to   space 1024K,   0% used [0x00000000e3c00000, 0x00000000e3c00000, 0x00000000e3d00000)
 concurrent mark-sweep generation total 85644K, used 51937K [0x00000000ecca0000, 0x00000000f2043000, 0x0000000100000000)
 Metaspace       used 72184K, capacity 75236K, committed 75520K, reserved 1114112K
  class space    used 9351K, capacity 9934K, committed 9984K, reserved 1048576K
}
2020-11-07T19:56:29.431+0800: 72.580: Application time: 0.0926470 seconds
{Heap before GC invocations=877 (full 83):
 par new generation   total 9216K, used 8865K [0x00000000e3400000, 0x00000000e3e00000, 0x00000000ecca0000)
  eden space 8192K, 100% used [0x00000000e3400000, 0x00000000e3c00000, 0x00000000e3c00000)
  from space 1024K,  65% used [0x00000000e3d00000, 0x00000000e3da87c8, 0x00000000e3e00000)
  to   space 1024K,   0% used [0x00000000e3c00000, 0x00000000e3c00000, 0x00000000e3d00000)
 concurrent mark-sweep generation total 85644K, used 51937K [0x00000000ecca0000, 0x00000000f2043000, 0x0000000100000000)
 Metaspace       used 72212K, capacity 75306K, committed 75520K, reserved 1114112K
  class space    used 9353K, capacity 9935K, committed 9984K, reserved 1048576K
2020-11-07T19:56:29.431+0800: 72.581: [GC (Allocation Failure) 2020-11-07T19:56:29.431+0800: 72.581: [ParNew: 8865K->585K(9216K), 0.3103577 secs] 60803K->52796K(94860K), 0.3104320 secs] [Times: user=0.30 sys=0.01, real=0.31 secs] 
Heap after GC invocations=878 (full 83):
 par new generation   total 9216K, used 585K [0x00000000e3400000, 0x00000000e3e00000, 0x00000000ecca0000)
  eden space 8192K,   0% used [0x00000000e3400000, 0x00000000e3400000, 0x00000000e3c00000)
  from space 1024K,  57% used [0x00000000e3c00000, 0x00000000e3c92470, 0x00000000e3d00000)
  to   space 1024K,   0% used [0x00000000e3d00000, 0x00000000e3d00000, 0x00000000e3e00000)
 concurrent mark-sweep generation total 85644K, used 52211K [0x00000000ecca0000, 0x00000000f2043000, 0x0000000100000000)
 Metaspace       used 72212K, capacity 75306K, committed 75520K, reserved 1114112K
  class space    used 9353K, capacity 9935K, committed 9984K, reserved 1048576K
}
2020-11-07T19:56:29.843+0800: 72.992: Application time: 0.1012539 seconds
{Heap before GC invocations=878 (full 83):
 par new generation   total 9216K, used 8777K [0x00000000e3400000, 0x00000000e3e00000, 0x00000000ecca0000)
  eden space 8192K, 100% used [0x00000000e3400000, 0x00000000e3c00000, 0x00000000e3c00000)
  from space 1024K,  57% used [0x00000000e3c00000, 0x00000000e3c92470, 0x00000000e3d00000)
  to   space 1024K,   0% used [0x00000000e3d00000, 0x00000000e3d00000, 0x00000000e3e00000)
 concurrent mark-sweep generation total 85644K, used 52211K [0x00000000ecca0000, 0x00000000f2043000, 0x0000000100000000)
 Metaspace       used 72234K, capacity 75344K, committed 75520K, reserved 1114112K
  class space    used 9356K, capacity 9968K, committed 9984K, reserved 1048576K
2020-11-07T19:56:29.843+0800: 72.993: [GC (Allocation Failure) 2020-11-07T19:56:29.843+0800: 72.993: [ParNew: 8777K->759K(9216K), 0.0230232 secs] 60988K->52970K(94860K), 0.0230931 secs] [Times: user=0.02 sys=0.00, real=0.03 secs] 
Heap after GC invocations=879 (full 83):
 par new generation   total 9216K, used 759K [0x00000000e3400000, 0x00000000e3e00000, 0x00000000ecca0000)
  eden space 8192K,   0% used [0x00000000e3400000, 0x00000000e3400000, 0x00000000e3c00000)
  from space 1024K,  74% used [0x00000000e3d00000, 0x00000000e3dbde88, 0x00000000e3e00000)
  to   space 1024K,   0% used [0x00000000e3c00000, 0x00000000e3c00000, 0x00000000e3d00000)
 concurrent mark-sweep generation total 85644K, used 52211K [0x00000000ecca0000, 0x00000000f2043000, 0x0000000100000000)
 Metaspace       used 72234K, capacity 75344K, committed 75520K, reserved 1114112K
  class space    used 9356K, capacity 9968K, committed 9984K, reserved 1048576K
}
2020-11-07T19:56:29.920+0800: 73.070: [CMS-concurrent-mark: 0.360/0.750 secs] [Times: user=0.73 sys=0.02, real=0.75 secs] 
2020-11-07T19:56:29.920+0800: 73.070: [CMS-concurrent-preclean-start]
2020-11-07T19:56:29.946+0800: 73.096: [CMS-concurrent-preclean: 0.026/0.026 secs] [Times: user=0.03 sys=0.00, real=0.03 secs] 
2020-11-07T19:56:29.946+0800: 73.096: [CMS-concurrent-abortable-preclean-start]
2020-11-07T19:56:29.981+0800: 73.131: Application time: 0.1148847 seconds
{Heap before GC invocations=879 (full 83):
 par new generation   total 9216K, used 8951K [0x00000000e3400000, 0x00000000e3e00000, 0x00000000ecca0000)
  eden space 8192K, 100% used [0x00000000e3400000, 0x00000000e3c00000, 0x00000000e3c00000)
  from space 1024K,  74% used [0x00000000e3d00000, 0x00000000e3dbde88, 0x00000000e3e00000)
  to   space 1024K,   0% used [0x00000000e3c00000, 0x00000000e3c00000, 0x00000000e3d00000)
 concurrent mark-sweep generation total 85644K, used 52211K [0x00000000ecca0000, 0x00000000f2043000, 0x0000000100000000)
 Metaspace       used 72286K, capacity 75432K, committed 75520K, reserved 1114112K
  class space    used 9361K, capacity 9972K, committed 9984K, reserved 1048576K
2020-11-07T19:56:29.981+0800: 73.131: [GC (Allocation Failure) 2020-11-07T19:56:29.981+0800: 73.131: [ParNew: 8951K->761K(9216K), 0.0427481 secs] 61162K->53229K(94860K), 0.0428312 secs] [Times: user=0.04 sys=0.00, real=0.04 secs] 
Heap after GC invocations=880 (full 83):
 par new generation   total 9216K, used 761K [0x00000000e3400000, 0x00000000e3e00000, 0x00000000ecca0000)
  eden space 8192K,   0% used [0x00000000e3400000, 0x00000000e3400000, 0x00000000e3c00000)
  from space 1024K,  74% used [0x00000000e3c00000, 0x00000000e3cbe610, 0x00000000e3d00000)
  to   space 1024K,   0% used [0x00000000e3d00000, 0x00000000e3d00000, 0x00000000e3e00000)
 concurrent mark-sweep generation total 85644K, used 52467K [0x00000000ecca0000, 0x00000000f2043000, 0x0000000100000000)
 Metaspace       used 72286K, capacity 75432K, committed 75520K, reserved 1114112K
  class space    used 9361K, capacity 9972K, committed 9984K, reserved 1048576K
}
2020-11-07T19:56:30.059+0800: 73.209: Application time: 0.0352898 seconds
2020-11-07T19:56:30.109+0800: 73.259: Application time: 0.0497142 seconds
{Heap before GC invocations=880 (full 83):
 par new generation   total 9216K, used 8953K [0x00000000e3400000, 0x00000000e3e00000, 0x00000000ecca0000)
  eden space 8192K, 100% used [0x00000000e3400000, 0x00000000e3c00000, 0x00000000e3c00000)
  from space 1024K,  74% used [0x00000000e3c00000, 0x00000000e3cbe610, 0x00000000e3d00000)
  to   space 1024K,   0% used [0x00000000e3d00000, 0x00000000e3d00000, 0x00000000e3e00000)
 concurrent mark-sweep generation total 85644K, used 52467K [0x00000000ecca0000, 0x00000000f2043000, 0x0000000100000000)
 Metaspace       used 72380K, capacity 75528K, committed 75776K, reserved 1116160K
  class space    used 9366K, capacity 9978K, committed 9984K, reserved 1048576K
2020-11-07T19:56:30.109+0800: 73.259: [GC (Allocation Failure) 2020-11-07T19:56:30.109+0800: 73.259: [ParNew: 8953K->542K(9216K), 0.0355559 secs] 61421K->53184K(94860K), 0.0356215 secs] [Times: user=0.03 sys=0.00, real=0.04 secs] 
Heap after GC invocations=881 (full 83):
 par new generation   total 9216K, used 542K [0x00000000e3400000, 0x00000000e3e00000, 0x00000000ecca0000)
  eden space 8192K,   0% used [0x00000000e3400000, 0x00000000e3400000, 0x00000000e3c00000)
  from space 1024K,  53% used [0x00000000e3d00000, 0x00000000e3d87b98, 0x00000000e3e00000)
  to   space 1024K,   0% used [0x00000000e3c00000, 0x00000000e3c00000, 0x00000000e3d00000)
 concurrent mark-sweep generation total 85644K, used 52641K [0x00000000ecca0000, 0x00000000f2043000, 0x0000000100000000)
 Metaspace       used 72380K, capacity 75528K, committed 75776K, reserved 1116160K
  class space    used 9366K, capacity 9978K, committed 9984K, reserved 1048576K
}
2020-11-07T19:56:30.146+0800: 73.295: [CMS-concurrent-abortable-preclean: 0.043/0.199 secs] [Times: user=0.19 sys=0.00, real=0.20 secs] 
2020-11-07T19:56:30.159+0800: 73.308: Application time: 0.0136506 seconds
2020-11-07T19:56:30.169+0800: 73.318: [GC (CMS Final Remark) [YG occupancy: 4164 K (9216 K)]2020-11-07T19:56:30.169+0800: 73.318: [Rescan (parallel) , 0.0089957 secs]2020-11-07T19:56:30.178+0800: 73.327: [weak refs processing, 0.0003156 secs]2020-11-07T19:56:30.178+0800: 73.328: [class unloading, 0.0226241 secs]2020-11-07T19:56:30.201+0800: 73.350: [scrub symbol table, 0.0668312 secs]2020-11-07T19:56:30.268+0800: 73.417: [scrub string table, 0.0015322 secs][1 CMS-remark: 52641K(85644K)] 56806K(94860K), 0.1005332 secs] [Times: user=0.10 sys=0.00, real=0.10 secs] 
2020-11-07T19:56:30.286+0800: 73.435: [CMS-concurrent-sweep-start]
2020-11-07T19:56:30.353+0800: 73.502: [CMS-concurrent-sweep: 0.067/0.067 secs] [Times: user=0.07 sys=0.00, real=0.06 secs] 
2020-11-07T19:56:30.353+0800: 73.502: [CMS-concurrent-reset-start]
2020-11-07T19:56:30.354+0800: 73.503: [CMS-concurrent-reset: 0.001/0.001 secs] [Times: user=0.00 sys=0.00, real=0.00 secs] 
2020-11-07T19:56:30.398+0800: 73.547: Application time: 0.1284765 seconds
{Heap before GC invocations=881 (full 83):
 par new generation   total 9216K, used 8734K [0x00000000e3400000, 0x00000000e3e00000, 0x00000000ecca0000)
  eden space 8192K, 100% used [0x00000000e3400000, 0x00000000e3c00000, 0x00000000e3c00000)
  from space 1024K,  53% used [0x00000000e3d00000, 0x00000000e3d87b98, 0x00000000e3e00000)
  to   space 1024K,   0% used [0x00000000e3c00000, 0x00000000e3c00000, 0x00000000e3d00000)
 concurrent mark-sweep generation total 87660K, used 52594K [0x00000000ecca0000, 0x00000000f223b000, 0x0000000100000000)
 Metaspace       used 72497K, capacity 75630K, committed 75776K, reserved 1116160K
  class space    used 9370K, capacity 9973K, committed 9984K, reserved 1048576K
2020-11-07T19:56:30.398+0800: 73.548: [GC (Allocation Failure) 2020-11-07T19:56:30.398+0800: 73.548: [ParNew: 8734K->700K(9216K), 0.0445885 secs] 61329K->53295K(96876K), 0.0446706 secs] [Times: user=0.04 sys=0.00, real=0.04 secs] 
Heap after GC invocations=882 (full 83):
 par new generation   total 9216K, used 700K [0x00000000e3400000, 0x00000000e3e00000, 0x00000000ecca0000)
  eden space 8192K,   0% used [0x00000000e3400000, 0x00000000e3400000, 0x00000000e3c00000)
  from space 1024K,  68% used [0x00000000e3c00000, 0x00000000e3caf3b8, 0x00000000e3d00000)
  to   space 1024K,   0% used [0x00000000e3d00000, 0x00000000e3d00000, 0x00000000e3e00000)
 concurrent mark-sweep generation total 87660K, used 52594K [0x00000000ecca0000, 0x00000000f223b000, 0x0000000100000000)
 Metaspace       used 72497K, capacity 75630K, committed 75776K, reserved 1116160K
  class space    used 9370K, capacity 9973K, committed 9984K, reserved 1048576K
}
2020-11-07T19:56:30.513+0800: 73.663: Application time: 0.0703136 seconds
{Heap before GC invocations=882 (full 83):
 par new generation   total 9216K, used 8892K [0x00000000e3400000, 0x00000000e3e00000, 0x00000000ecca0000)
  eden space 8192K, 100% used [0x00000000e3400000, 0x00000000e3c00000, 0x00000000e3c00000)
  from space 1024K,  68% used [0x00000000e3c00000, 0x00000000e3caf3b8, 0x00000000e3d00000)
  to   space 1024K,   0% used [0x00000000e3d00000, 0x00000000e3d00000, 0x00000000e3e00000)
 concurrent mark-sweep generation total 87660K, used 52594K [0x00000000ecca0000, 0x00000000f223b000, 0x0000000100000000)
 Metaspace       used 72586K, capacity 75700K, committed 75776K, reserved 1116160K
  class space    used 9378K, capacity 9974K, committed 9984K, reserved 1048576K
2020-11-07T19:56:30.513+0800: 73.663: [GC (Allocation Failure) 2020-11-07T19:56:30.513+0800: 73.663: [ParNew: 8892K->746K(9216K), 0.0265227 secs] 61487K->53508K(96876K), 0.0265978 secs] [Times: user=0.03 sys=0.00, real=0.03 secs] 
Heap after GC invocations=883 (full 83):
 par new generation   total 9216K, used 746K [0x00000000e3400000, 0x00000000e3e00000, 0x00000000ecca0000)
  eden space 8192K,   0% used [0x00000000e3400000, 0x00000000e3400000, 0x00000000e3c00000)
  from space 1024K,  72% used [0x00000000e3d00000, 0x00000000e3dbabc0, 0x00000000e3e00000)
  to   space 1024K,   0% used [0x00000000e3c00000, 0x00000000e3c00000, 0x00000000e3d00000)
 concurrent mark-sweep generation total 87660K, used 52761K [0x00000000ecca0000, 0x00000000f223b000, 0x0000000100000000)
 Metaspace       used 72586K, capacity 75700K, committed 75776K, reserved 1116160K
  class space    used 9378K, capacity 9974K, committed 9984K, reserved 1048576K
}
2020-11-07T19:56:30.548+0800: 73.698: Application time: 0.0079420 seconds
2020-11-07T19:56:30.559+0800: 73.708: [GC (CMS Initial Mark) [1 CMS-initial-mark: 52761K(87660K)] 53858K(96876K), 0.0064907 secs] [Times: user=0.00 sys=0.00, real=0.01 secs] 
2020-11-07T19:56:30.565+0800: 73.715: [CMS-concurrent-mark-start]
2020-11-07T19:56:30.726+0800: 73.876: Application time: 0.1611647 seconds
{Heap before GC invocations=883 (full 84):
 par new generation   total 9216K, used 8938K [0x00000000e3400000, 0x00000000e3e00000, 0x00000000ecca0000)
  eden space 8192K, 100% used [0x00000000e3400000, 0x00000000e3c00000, 0x00000000e3c00000)
  from space 1024K,  72% used [0x00000000e3d00000, 0x00000000e3dbabc0, 0x00000000e3e00000)
  to   space 1024K,   0% used [0x00000000e3c00000, 0x00000000e3c00000, 0x00000000e3d00000)
 concurrent mark-sweep generation total 87660K, used 52761K [0x00000000ecca0000, 0x00000000f223b000, 0x0000000100000000)
 Metaspace       used 72733K, capacity 75858K, committed 76032K, reserved 1116160K
  class space    used 9385K, capacity 9979K, committed 9984K, reserved 1048576K
2020-11-07T19:56:30.726+0800: 73.876: [GC (Allocation Failure) 2020-11-07T19:56:30.727+0800: 73.876: [ParNew: 8938K->749K(9216K), 0.0248298 secs] 61700K->53699K(96876K), 0.0249171 secs] [Times: user=0.03 sys=0.00, real=0.02 secs] 
Heap after GC invocations=884 (full 84):
 par new generation   total 9216K, used 749K [0x00000000e3400000, 0x00000000e3e00000, 0x00000000ecca0000)
  eden space 8192K,   0% used [0x00000000e3400000, 0x00000000e3400000, 0x00000000e3c00000)
  from space 1024K,  73% used [0x00000000e3c00000, 0x00000000e3cbb558, 0x00000000e3d00000)
  to   space 1024K,   0% used [0x00000000e3d00000, 0x00000000e3d00000, 0x00000000e3e00000)
 concurrent mark-sweep generation total 87660K, used 52950K [0x00000000ecca0000, 0x00000000f223b000, 0x0000000100000000)
 Metaspace       used 72733K, capacity 75858K, committed 76032K, reserved 1116160K
  class space    used 9385K, capacity 9979K, committed 9984K, reserved 1048576K
}
2020-11-07T19:56:30.865+0800: 74.015: Application time: 0.1137049 seconds
{Heap before GC invocations=884 (full 84):
 par new generation   total 9216K, used 8941K [0x00000000e3400000, 0x00000000e3e00000, 0x00000000ecca0000)
  eden space 8192K, 100% used [0x00000000e3400000, 0x00000000e3c00000, 0x00000000e3c00000)
  from space 1024K,  73% used [0x00000000e3c00000, 0x00000000e3cbb558, 0x00000000e3d00000)
  to   space 1024K,   0% used [0x00000000e3d00000, 0x00000000e3d00000, 0x00000000e3e00000)
 concurrent mark-sweep generation total 87660K, used 52950K [0x00000000ecca0000, 0x00000000f223b000, 0x0000000100000000)
 Metaspace       used 72820K, capacity 75994K, committed 76160K, reserved 1116160K
  class space    used 9394K, capacity 9991K, committed 10112K, reserved 1048576K
2020-11-07T19:56:30.865+0800: 74.015: [GC (Allocation Failure) 2020-11-07T19:56:30.865+0800: 74.015: [ParNew: 8941K->598K(9216K), 0.0329182 secs] 61891K->53726K(96876K), 0.0329822 secs] [Times: user=0.03 sys=0.00, real=0.03 secs] 
Heap after GC invocations=885 (full 84):
 par new generation   total 9216K, used 598K [0x00000000e3400000, 0x00000000e3e00000, 0x00000000ecca0000)
  eden space 8192K,   0% used [0x00000000e3400000, 0x00000000e3400000, 0x00000000e3c00000)
  from space 1024K,  58% used [0x00000000e3d00000, 0x00000000e3d95af0, 0x00000000e3e00000)
  to   space 1024K,   0% used [0x00000000e3c00000, 0x00000000e3c00000, 0x00000000e3d00000)
 concurrent mark-sweep generation total 87660K, used 53127K [0x00000000ecca0000, 0x00000000f223b000, 0x0000000100000000)
 Metaspace       used 72820K, capacity 75994K, committed 76160K, reserved 1116160K
  class space    used 9394K, capacity 9991K, committed 10112K, reserved 1048576K
}
2020-11-07T19:56:30.962+0800: 74.111: Application time: 0.0631199 seconds
{Heap before GC invocations=885 (full 84):
 par new generation   total 9216K, used 8790K [0x00000000e3400000, 0x00000000e3e00000, 0x00000000ecca0000)
  eden space 8192K, 100% used [0x00000000e3400000, 0x00000000e3c00000, 0x00000000e3c00000)
  from space 1024K,  58% used [0x00000000e3d00000, 0x00000000e3d95af0, 0x00000000e3e00000)
  to   space 1024K,   0% used [0x00000000e3c00000, 0x00000000e3c00000, 0x00000000e3d00000)
 concurrent mark-sweep generation total 87660K, used 53127K [0x00000000ecca0000, 0x00000000f223b000, 0x0000000100000000)
 Metaspace       used 72849K, capacity 76000K, committed 76160K, reserved 1116160K
  class space    used 9397K, capacity 9992K, committed 10112K, reserved 1048576K
2020-11-07T19:56:30.962+0800: 74.111: [GC (Allocation Failure) 2020-11-07T19:56:30.962+0800: 74.111: [ParNew: 8790K->659K(9216K), 0.0242363 secs] 61918K->53787K(96876K), 0.0243033 secs] [Times: user=0.03 sys=0.00, real=0.03 secs] 
Heap after GC invocations=886 (full 84):
 par new generation   total 9216K, used 659K [0x00000000e3400000, 0x00000000e3e00000, 0x00000000ecca0000)
  eden space 8192K,   0% used [0x00000000e3400000, 0x00000000e3400000, 0x00000000e3c00000)
  from space 1024K,  64% used [0x00000000e3c00000, 0x00000000e3ca4ea8, 0x00000000e3d00000)
  to   space 1024K,   0% used [0x00000000e3d00000, 0x00000000e3d00000, 0x00000000e3e00000)
 concurrent mark-sweep generation total 87660K, used 53127K [0x00000000ecca0000, 0x00000000f223b000, 0x0000000100000000)
 Metaspace       used 72849K, capacity 76000K, committed 76160K, reserved 1116160K
  class space    used 9397K, capacity 9992K, committed 10112K, reserved 1048576K
}
2020-11-07T19:56:31.000+0800: 74.149: [CMS-concurrent-mark: 0.339/0.435 secs] [Times: user=0.43 sys=0.00, real=0.43 secs] 
2020-11-07T19:56:31.000+0800: 74.149: [CMS-concurrent-preclean-start]
2020-11-07T19:56:31.016+0800: 74.165: [CMS-concurrent-preclean: 0.016/0.016 secs] [Times: user=0.02 sys=0.00, real=0.02 secs] 
2020-11-07T19:56:31.016+0800: 74.165: [CMS-concurrent-abortable-preclean-start]
2020-11-07T19:56:31.037+0800: 74.187: Application time: 0.0508781 seconds
{Heap before GC invocations=886 (full 84):
 par new generation   total 9216K, used 8851K [0x00000000e3400000, 0x00000000e3e00000, 0x00000000ecca0000)
  eden space 8192K, 100% used [0x00000000e3400000, 0x00000000e3c00000, 0x00000000e3c00000)
  from space 1024K,  64% used [0x00000000e3c00000, 0x00000000e3ca4ea8, 0x00000000e3d00000)
  to   space 1024K,   0% used [0x00000000e3d00000, 0x00000000e3d00000, 0x00000000e3e00000)
 concurrent mark-sweep generation total 87660K, used 53127K [0x00000000ecca0000, 0x00000000f223b000, 0x0000000100000000)
 Metaspace       used 72860K, capacity 76006K, committed 76160K, reserved 1116160K
  class space    used 9399K, capacity 9993K, committed 10112K, reserved 1048576K
2020-11-07T19:56:31.037+0800: 74.187: [GC (Allocation Failure) 2020-11-07T19:56:31.037+0800: 74.187: [ParNew: 8851K->646K(9216K), 0.0334597 secs] 61979K->53774K(96876K), 0.0335484 secs] [Times: user=0.03 sys=0.00, real=0.03 secs] 
Heap after GC invocations=887 (full 84):
 par new generation   total 9216K, used 646K [0x00000000e3400000, 0x00000000e3e00000, 0x00000000ecca0000)
  eden space 8192K,   0% used [0x00000000e3400000, 0x00000000e3400000, 0x00000000e3c00000)
  from space 1024K,  63% used [0x00000000e3d00000, 0x00000000e3da1b00, 0x00000000e3e00000)
  to   space 1024K,   0% used [0x00000000e3c00000, 0x00000000e3c00000, 0x00000000e3d00000)
 concurrent mark-sweep generation total 87660K, used 53127K [0x00000000ecca0000, 0x00000000f223b000, 0x0000000100000000)
 Metaspace       used 72860K, capacity 76006K, committed 76160K, reserved 1116160K
  class space    used 9399K, capacity 9993K, committed 10112K, reserved 1048576K
}
2020-11-07T19:56:31.121+0800: 74.271: Application time: 0.0503428 seconds
{Heap before GC invocations=887 (full 84):
 par new generation   total 9216K, used 8838K [0x00000000e3400000, 0x00000000e3e00000, 0x00000000ecca0000)
  eden space 8192K, 100% used [0x00000000e3400000, 0x00000000e3c00000, 0x00000000e3c00000)
  from space 1024K,  63% used [0x00000000e3d00000, 0x00000000e3da1b00, 0x00000000e3e00000)
  to   space 1024K,   0% used [0x00000000e3c00000, 0x00000000e3c00000, 0x00000000e3d00000)
 concurrent mark-sweep generation total 87660K, used 53127K [0x00000000ecca0000, 0x00000000f223b000, 0x0000000100000000)
 Metaspace       used 72872K, capacity 76038K, committed 76160K, reserved 1116160K
  class space    used 9401K, capacity 10025K, committed 10112K, reserved 1048576K
2020-11-07T19:56:31.121+0800: 74.271: [GC (Allocation Failure) 2020-11-07T19:56:31.121+0800: 74.271: [ParNew: 8838K->555K(9216K), 0.0465172 secs] 61966K->53878K(96876K), 0.0465870 secs] [Times: user=0.04 sys=0.00, real=0.05 secs] 
Heap after GC invocations=888 (full 84):
 par new generation   total 9216K, used 555K [0x00000000e3400000, 0x00000000e3e00000, 0x00000000ecca0000)
  eden space 8192K,   0% used [0x00000000e3400000, 0x00000000e3400000, 0x00000000e3c00000)
  from space 1024K,  54% used [0x00000000e3c00000, 0x00000000e3c8ada8, 0x00000000e3d00000)
  to   space 1024K,   0% used [0x00000000e3d00000, 0x00000000e3d00000, 0x00000000e3e00000)
 concurrent mark-sweep generation total 87660K, used 53322K [0x00000000ecca0000, 0x00000000f223b000, 0x0000000100000000)
 Metaspace       used 72872K, capacity 76038K, committed 76160K, reserved 1116160K
  class space    used 9401K, capacity 10025K, committed 10112K, reserved 1048576K
}
2020-11-07T19:56:31.182+0800: 74.332: [CMS-concurrent-abortable-preclean: 0.046/0.167 secs] [Times: user=0.16 sys=0.00, real=0.16 secs] 
2020-11-07T19:56:31.188+0800: 74.338: Application time: 0.0199073 seconds
2020-11-07T19:56:31.188+0800: 74.338: [GC (CMS Final Remark) [YG occupancy: 8747 K (9216 K)]2020-11-07T19:56:31.188+0800: 74.338: [Rescan (parallel) , 0.0391427 secs]2020-11-07T19:56:31.227+0800: 74.377: [weak refs processing, 0.0041546 secs]2020-11-07T19:56:31.231+0800: 74.381: [class unloading, 0.0290680 secs]2020-11-07T19:56:31.260+0800: 74.410: [scrub symbol table, 0.0291922 secs]2020-11-07T19:56:31.290+0800: 74.439: [scrub string table, 0.0017227 secs][1 CMS-remark: 53322K(87660K)] 62070K(96876K), 0.1035634 secs] [Times: user=0.10 sys=0.00, real=0.10 secs] 
2020-11-07T19:56:31.298+0800: 74.447: [CMS-concurrent-sweep-start]
2020-11-07T19:56:31.319+0800: 74.468: Application time: 0.0269089 seconds
{Heap before GC invocations=888 (full 84):
 par new generation   total 9216K, used 8747K [0x00000000e3400000, 0x00000000e3e00000, 0x00000000ecca0000)
  eden space 8192K, 100% used [0x00000000e3400000, 0x00000000e3c00000, 0x00000000e3c00000)
  from space 1024K,  54% used [0x00000000e3c00000, 0x00000000e3c8ada8, 0x00000000e3d00000)
  to   space 1024K,   0% used [0x00000000e3d00000, 0x00000000e3d00000, 0x00000000e3e00000)
 concurrent mark-sweep generation total 87660K, used 53322K [0x00000000ecca0000, 0x00000000f223b000, 0x0000000100000000)
 Metaspace       used 72872K, capacity 76038K, committed 76160K, reserved 1116160K
  class space    used 9401K, capacity 10025K, committed 10112K, reserved 1048576K
2020-11-07T19:56:31.319+0800: 74.468: [GC (Allocation Failure) 2020-11-07T19:56:31.319+0800: 74.468: [ParNew: 8747K->444K(9216K), 0.0179464 secs] 62069K->53766K(96876K), 0.0180298 secs] [Times: user=0.02 sys=0.00, real=0.02 secs] 
Heap after GC invocations=889 (full 84):
 par new generation   total 9216K, used 444K [0x00000000e3400000, 0x00000000e3e00000, 0x00000000ecca0000)
  eden space 8192K,   0% used [0x00000000e3400000, 0x00000000e3400000, 0x00000000e3c00000)
  from space 1024K,  43% used [0x00000000e3d00000, 0x00000000e3d6f1c0, 0x00000000e3e00000)
  to   space 1024K,   0% used [0x00000000e3c00000, 0x00000000e3c00000, 0x00000000e3d00000)
 concurrent mark-sweep generation total 87660K, used 53322K [0x00000000ecca0000, 0x00000000f223b000, 0x0000000100000000)
 Metaspace       used 72872K, capacity 76038K, committed 76160K, reserved 1116160K
  class space    used 9401K, capacity 10025K, committed 10112K, reserved 1048576K
}
2020-11-07T19:56:31.371+0800: 74.521: [CMS-concurrent-sweep: 0.054/0.073 secs] [Times: user=0.07 sys=0.00, real=0.07 secs] 
2020-11-07T19:56:31.371+0800: 74.521: [CMS-concurrent-reset-start]
2020-11-07T19:56:31.372+0800: 74.522: [CMS-concurrent-reset: 0.001/0.001 secs] [Times: user=0.01 sys=0.00, real=0.00 secs] 
2020-11-07T19:56:31.384+0800: 74.534: Application time: 0.0472957 seconds
{Heap before GC invocations=889 (full 84):
 par new generation   total 9216K, used 8636K [0x00000000e3400000, 0x00000000e3e00000, 0x00000000ecca0000)
  eden space 8192K, 100% used [0x00000000e3400000, 0x00000000e3c00000, 0x00000000e3c00000)
  from space 1024K,  43% used [0x00000000e3d00000, 0x00000000e3d6f1c0, 0x00000000e3e00000)
  to   space 1024K,   0% used [0x00000000e3c00000, 0x00000000e3c00000, 0x00000000e3d00000)
 concurrent mark-sweep generation total 88584K, used 53150K [0x00000000ecca0000, 0x00000000f2322000, 0x0000000100000000)
 Metaspace       used 72853K, capacity 76008K, committed 76160K, reserved 1116160K
  class space    used 9398K, capacity 10020K, committed 10112K, reserved 1048576K
2020-11-07T19:56:31.384+0800: 74.534: [GC (Allocation Failure) 2020-11-07T19:56:31.384+0800: 74.534: [ParNew: 8636K->468K(9216K), 0.0313393 secs] 61786K->53618K(97800K), 0.0314309 secs] [Times: user=0.03 sys=0.00, real=0.04 secs] 
Heap after GC invocations=890 (full 84):
 par new generation   total 9216K, used 468K [0x00000000e3400000, 0x00000000e3e00000, 0x00000000ecca0000)
  eden space 8192K,   0% used [0x00000000e3400000, 0x00000000e3400000, 0x00000000e3c00000)
  from space 1024K,  45% used [0x00000000e3c00000, 0x00000000e3c752b0, 0x00000000e3d00000)
  to   space 1024K,   0% used [0x00000000e3d00000, 0x00000000e3d00000, 0x00000000e3e00000)
 concurrent mark-sweep generation total 88584K, used 53150K [0x00000000ecca0000, 0x00000000f2322000, 0x0000000100000000)
 Metaspace       used 72853K, capacity 76008K, committed 76160K, reserved 1116160K
  class space    used 9398K, capacity 10020K, committed 10112K, reserved 1048576K
}
2020-11-07T19:56:31.476+0800: 74.625: Application time: 0.0596551 seconds
{Heap before GC invocations=890 (full 84):
 par new generation   total 9216K, used 8660K [0x00000000e3400000, 0x00000000e3e00000, 0x00000000ecca0000)
  eden space 8192K, 100% used [0x00000000e3400000, 0x00000000e3c00000, 0x00000000e3c00000)
  from space 1024K,  45% used [0x00000000e3c00000, 0x00000000e3c752b0, 0x00000000e3d00000)
  to   space 1024K,   0% used [0x00000000e3d00000, 0x00000000e3d00000, 0x00000000e3e00000)
 concurrent mark-sweep generation total 88584K, used 53150K [0x00000000ecca0000, 0x00000000f2322000, 0x0000000100000000)
 Metaspace       used 72863K, capacity 76008K, committed 76160K, reserved 1116160K
  class space    used 9399K, capacity 10020K, committed 10112K, reserved 1048576K
2020-11-07T19:56:31.476+0800: 74.625: [GC (Allocation Failure) 2020-11-07T19:56:31.476+0800: 74.626: [ParNew: 8660K->515K(9216K), 0.0277238 secs] 61810K->53665K(97800K), 0.0277877 secs] [Times: user=0.03 sys=0.00, real=0.02 secs] 
Heap after GC invocations=891 (full 84):
 par new generation   total 9216K, used 515K [0x00000000e3400000, 0x00000000e3e00000, 0x00000000ecca0000)
  eden space 8192K,   0% used [0x00000000e3400000, 0x00000000e3400000, 0x00000000e3c00000)
  from space 1024K,  50% used [0x00000000e3d00000, 0x00000000e3d80dc8, 0x00000000e3e00000)
  to   space 1024K,   0% used [0x00000000e3c00000, 0x00000000e3c00000, 0x00000000e3d00000)
 concurrent mark-sweep generation total 88584K, used 53150K [0x00000000ecca0000, 0x00000000f2322000, 0x0000000100000000)
 Metaspace       used 72863K, capacity 76008K, committed 76160K, reserved 1116160K
  class space    used 9399K, capacity 10020K, committed 10112K, reserved 1048576K
}
2020-11-07T19:56:31.524+0800: 74.673: Application time: 0.0200323 seconds
{Heap before GC invocations=891 (full 84):
 par new generation   total 9216K, used 8707K [0x00000000e3400000, 0x00000000e3e00000, 0x00000000ecca0000)
  eden space 8192K, 100% used [0x00000000e3400000, 0x00000000e3c00000, 0x00000000e3c00000)
  from space 1024K,  50% used [0x00000000e3d00000, 0x00000000e3d80dc8, 0x00000000e3e00000)
  to   space 1024K,   0% used [0x00000000e3c00000, 0x00000000e3c00000, 0x00000000e3d00000)
 concurrent mark-sweep generation total 88584K, used 53150K [0x00000000ecca0000, 0x00000000f2322000, 0x0000000100000000)
 Metaspace       used 72864K, capacity 76008K, committed 76160K, reserved 1116160K
  class space    used 9399K, capacity 10020K, committed 10112K, reserved 1048576K
2020-11-07T19:56:31.524+0800: 74.674: [GC (Allocation Failure) 2020-11-07T19:56:31.524+0800: 74.674: [ParNew: 8707K->573K(9216K), 0.0074966 secs] 61857K->53723K(97800K), 0.0075635 secs] [Times: user=0.01 sys=0.00, real=0.01 secs] 
Heap after GC invocations=892 (full 84):
 par new generation   total 9216K, used 573K [0x00000000e3400000, 0x00000000e3e00000, 0x00000000ecca0000)
  eden space 8192K,   0% used [0x00000000e3400000, 0x00000000e3400000, 0x00000000e3c00000)
  from space 1024K,  56% used [0x00000000e3c00000, 0x00000000e3c8f6b0, 0x00000000e3d00000)
  to   space 1024K,   0% used [0x00000000e3d00000, 0x00000000e3d00000, 0x00000000e3e00000)
 concurrent mark-sweep generation total 88584K, used 53150K [0x00000000ecca0000, 0x00000000f2322000, 0x0000000100000000)
 Metaspace       used 72864K, capacity 76008K, committed 76160K, reserved 1116160K
  class space    used 9399K, capacity 10020K, committed 10112K, reserved 1048576K
}
2020-11-07T19:56:31.554+0800: 74.704: Application time: 0.0229489 seconds
{Heap before GC invocations=892 (full 84):
 par new generation   total 9216K, used 8765K [0x00000000e3400000, 0x00000000e3e00000, 0x00000000ecca0000)
  eden space 8192K, 100% used [0x00000000e3400000, 0x00000000e3c00000, 0x00000000e3c00000)
  from space 1024K,  56% used [0x00000000e3c00000, 0x00000000e3c8f6b0, 0x00000000e3d00000)
  to   space 1024K,   0% used [0x00000000e3d00000, 0x00000000e3d00000, 0x00000000e3e00000)
 concurrent mark-sweep generation total 88584K, used 53150K [0x00000000ecca0000, 0x00000000f2322000, 0x0000000100000000)
 Metaspace       used 72864K, capacity 76008K, committed 76160K, reserved 1116160K
  class space    used 9399K, capacity 10020K, committed 10112K, reserved 1048576K
2020-11-07T19:56:31.555+0800: 74.704: [GC (Allocation Failure) 2020-11-07T19:56:31.555+0800: 74.704: [ParNew: 8765K->473K(9216K), 0.0306893 secs] 61915K->53776K(97800K), 0.0307538 secs] [Times: user=0.03 sys=0.00, real=0.03 secs] 
Heap after GC invocations=893 (full 84):
 par new generation   total 9216K, used 473K [0x00000000e3400000, 0x00000000e3e00000, 0x00000000ecca0000)
  eden space 8192K,   0% used [0x00000000e3400000, 0x00000000e3400000, 0x00000000e3c00000)
  from space 1024K,  46% used [0x00000000e3d00000, 0x00000000e3d76460, 0x00000000e3e00000)
  to   space 1024K,   0% used [0x00000000e3c00000, 0x00000000e3c00000, 0x00000000e3d00000)
 concurrent mark-sweep generation total 88584K, used 53303K [0x00000000ecca0000, 0x00000000f2322000, 0x0000000100000000)
 Metaspace       used 72864K, capacity 76008K, committed 76160K, reserved 1116160K
  class space    used 9399K, capacity 10020K, committed 10112K, reserved 1048576K
}
2020-11-07T19:56:31.600+0800: 74.750: Application time: 0.0145109 seconds
2020-11-07T19:56:31.600+0800: 74.750: [GC (CMS Initial Mark) [1 CMS-initial-mark: 53303K(88584K)] 57218K(97800K), 0.0070331 secs] [Times: user=0.00 sys=0.00, real=0.01 secs] 
2020-11-07T19:56:31.613+0800: 74.762: [CMS-concurrent-mark-start]
2020-11-07T19:56:31.642+0800: 74.792: Application time: 0.0348001 seconds
{Heap before GC invocations=893 (full 85):
 par new generation   total 9216K, used 8665K [0x00000000e3400000, 0x00000000e3e00000, 0x00000000ecca0000)
  eden space 8192K, 100% used [0x00000000e3400000, 0x00000000e3c00000, 0x00000000e3c00000)
  from space 1024K,  46% used [0x00000000e3d00000, 0x00000000e3d76460, 0x00000000e3e00000)
  to   space 1024K,   0% used [0x00000000e3c00000, 0x00000000e3c00000, 0x00000000e3d00000)
 concurrent mark-sweep generation total 88584K, used 53303K [0x00000000ecca0000, 0x00000000f2322000, 0x0000000100000000)
 Metaspace       used 72870K, capacity 76008K, committed 76160K, reserved 1116160K
  class space    used 9399K, capacity 10020K, committed 10112K, reserved 1048576K
2020-11-07T19:56:31.642+0800: 74.792: [GC (Allocation Failure) 2020-11-07T19:56:31.642+0800: 74.792: [ParNew: 8665K->360K(9216K), 0.0220656 secs] 61968K->53752K(97800K), 0.0221425 secs] [Times: user=0.02 sys=0.00, real=0.02 secs] 
Heap after GC invocations=894 (full 85):
 par new generation   total 9216K, used 360K [0x00000000e3400000, 0x00000000e3e00000, 0x00000000ecca0000)
  eden space 8192K,   0% used [0x00000000e3400000, 0x00000000e3400000, 0x00000000e3c00000)
  from space 1024K,  35% used [0x00000000e3c00000, 0x00000000e3c5a1a0, 0x00000000e3d00000)
  to   space 1024K,   0% used [0x00000000e3d00000, 0x00000000e3d00000, 0x00000000e3e00000)
 concurrent mark-sweep generation total 88584K, used 53391K [0x00000000ecca0000, 0x00000000f2322000, 0x0000000100000000)
 Metaspace       used 72870K, capacity 76008K, committed 76160K, reserved 1116160K
  class space    used 9399K, capacity 10020K, committed 10112K, reserved 1048576K
}
2020-11-07T19:56:31.714+0800: 74.863: Application time: 0.0493906 seconds
{Heap before GC invocations=894 (full 85):
 par new generation   total 9216K, used 8552K [0x00000000e3400000, 0x00000000e3e00000, 0x00000000ecca0000)
  eden space 8192K, 100% used [0x00000000e3400000, 0x00000000e3c00000, 0x00000000e3c00000)
  from space 1024K,  35% used [0x00000000e3c00000, 0x00000000e3c5a1a0, 0x00000000e3d00000)
  to   space 1024K,   0% used [0x00000000e3d00000, 0x00000000e3d00000, 0x00000000e3e00000)
 concurrent mark-sweep generation total 88584K, used 53391K [0x00000000ecca0000, 0x00000000f2322000, 0x0000000100000000)
 Metaspace       used 72870K, capacity 76008K, committed 76160K, reserved 1116160K
  class space    used 9399K, capacity 10020K, committed 10112K, reserved 1048576K
2020-11-07T19:56:31.714+0800: 74.864: [GC (Allocation Failure) 2020-11-07T19:56:31.714+0800: 74.864: [ParNew: 8552K->380K(9216K), 0.0165977 secs] 61944K->53810K(97800K), 0.0166568 secs] [Times: user=0.01 sys=0.00, real=0.02 secs] 
Heap after GC invocations=895 (full 85):
 par new generation   total 9216K, used 380K [0x00000000e3400000, 0x00000000e3e00000, 0x00000000ecca0000)
  eden space 8192K,   0% used [0x00000000e3400000, 0x00000000e3400000, 0x00000000e3c00000)
  from space 1024K,  37% used [0x00000000e3d00000, 0x00000000e3d5f1b8, 0x00000000e3e00000)
  to   space 1024K,   0% used [0x00000000e3c00000, 0x00000000e3c00000, 0x00000000e3d00000)
 concurrent mark-sweep generation total 88584K, used 53429K [0x00000000ecca0000, 0x00000000f2322000, 0x0000000100000000)
 Metaspace       used 72870K, capacity 76008K, committed 76160K, reserved 1116160K
  class space    used 9399K, capacity 10020K, committed 10112K, reserved 1048576K
}
2020-11-07T19:56:31.783+0800: 74.932: Application time: 0.0518673 seconds
{Heap before GC invocations=895 (full 85):
 par new generation   total 9216K, used 8572K [0x00000000e3400000, 0x00000000e3e00000, 0x00000000ecca0000)
  eden space 8192K, 100% used [0x00000000e3400000, 0x00000000e3c00000, 0x00000000e3c00000)
  from space 1024K,  37% used [0x00000000e3d00000, 0x00000000e3d5f1b8, 0x00000000e3e00000)
  to   space 1024K,   0% used [0x00000000e3c00000, 0x00000000e3c00000, 0x00000000e3d00000)
 concurrent mark-sweep generation total 88584K, used 53429K [0x00000000ecca0000, 0x00000000f2322000, 0x0000000100000000)
 Metaspace       used 72870K, capacity 76008K, committed 76160K, reserved 1116160K
  class space    used 9399K, capacity 10020K, committed 10112K, reserved 1048576K
2020-11-07T19:56:31.783+0800: 74.932: [GC (Allocation Failure) 2020-11-07T19:56:31.783+0800: 74.932: [ParNew: 8572K->414K(9216K), 0.0279459 secs] 62002K->53870K(97800K), 0.0280048 secs] [Times: user=0.02 sys=0.00, real=0.03 secs] 
Heap after GC invocations=896 (full 85):
 par new generation   total 9216K, used 414K [0x00000000e3400000, 0x00000000e3e00000, 0x00000000ecca0000)
  eden space 8192K,   0% used [0x00000000e3400000, 0x00000000e3400000, 0x00000000e3c00000)
  from space 1024K,  40% used [0x00000000e3c00000, 0x00000000e3c678f0, 0x00000000e3d00000)
  to   space 1024K,   0% used [0x00000000e3d00000, 0x00000000e3d00000, 0x00000000e3e00000)
 concurrent mark-sweep generation total 88584K, used 53456K [0x00000000ecca0000, 0x00000000f2322000, 0x0000000100000000)
 Metaspace       used 72870K, capacity 76008K, committed 76160K, reserved 1116160K
  class space    used 9399K, capacity 10020K, committed 10112K, reserved 1048576K
}
2020-11-07T19:56:31.867+0800: 75.016: Application time: 0.0558804 seconds
{Heap before GC invocations=896 (full 85):
 par new generation   total 9216K, used 8606K [0x00000000e3400000, 0x00000000e3e00000, 0x00000000ecca0000)
  eden space 8192K, 100% used [0x00000000e3400000, 0x00000000e3c00000, 0x00000000e3c00000)
  from space 1024K,  40% used [0x00000000e3c00000, 0x00000000e3c678f0, 0x00000000e3d00000)
  to   space 1024K,   0% used [0x00000000e3d00000, 0x00000000e3d00000, 0x00000000e3e00000)
 concurrent mark-sweep generation total 88584K, used 53456K [0x00000000ecca0000, 0x00000000f2322000, 0x0000000100000000)
 Metaspace       used 72883K, capacity 76080K, committed 76416K, reserved 1116160K
  class space    used 9401K, capacity 10022K, committed 10112K, reserved 1048576K
2020-11-07T19:56:31.867+0800: 75.017: [GC (Allocation Failure) 2020-11-07T19:56:31.867+0800: 75.017: [ParNew: 8606K->297K(9216K), 0.0257478 secs] 62062K->53776K(97800K), 0.0258095 secs] [Times: user=0.03 sys=0.01, real=0.02 secs] 
Heap after GC invocations=897 (full 85):
 par new generation   total 9216K, used 297K [0x00000000e3400000, 0x00000000e3e00000, 0x00000000ecca0000)
  eden space 8192K,   0% used [0x00000000e3400000, 0x00000000e3400000, 0x00000000e3c00000)
  from space 1024K,  29% used [0x00000000e3d00000, 0x00000000e3d4a680, 0x00000000e3e00000)
  to   space 1024K,   0% used [0x00000000e3c00000, 0x00000000e3c00000, 0x00000000e3d00000)
 concurrent mark-sweep generation total 88584K, used 53479K [0x00000000ecca0000, 0x00000000f2322000, 0x0000000100000000)
 Metaspace       used 72883K, capacity 76080K, committed 76416K, reserved 1116160K
  class space    used 9401K, capacity 10022K, committed 10112K, reserved 1048576K
}
2020-11-07T19:56:31.967+0800: 75.116: Application time: 0.0737414 seconds
{Heap before GC invocations=897 (full 85):
 par new generation   total 9216K, used 8489K [0x00000000e3400000, 0x00000000e3e00000, 0x00000000ecca0000)
  eden space 8192K, 100% used [0x00000000e3400000, 0x00000000e3c00000, 0x00000000e3c00000)
  from space 1024K,  29% used [0x00000000e3d00000, 0x00000000e3d4a680, 0x00000000e3e00000)
  to   space 1024K,   0% used [0x00000000e3c00000, 0x00000000e3c00000, 0x00000000e3d00000)
 concurrent mark-sweep generation total 88584K, used 53479K [0x00000000ecca0000, 0x00000000f2322000, 0x0000000100000000)
 Metaspace       used 72898K, capacity 76096K, committed 76416K, reserved 1116160K
  class space    used 9403K, capacity 10024K, committed 10112K, reserved 1048576K
2020-11-07T19:56:31.967+0800: 75.116: [GC (Allocation Failure) 2020-11-07T19:56:31.967+0800: 75.116: [ParNew: 8489K->537K(9216K), 0.0479259 secs] 61968K->54037K(97800K), 0.0479873 secs] [Times: user=0.05 sys=0.00, real=0.05 secs] 
Heap after GC invocations=898 (full 85):
 par new generation   total 9216K, used 537K [0x00000000e3400000, 0x00000000e3e00000, 0x00000000ecca0000)
  eden space 8192K,   0% used [0x00000000e3400000, 0x00000000e3400000, 0x00000000e3c00000)
  from space 1024K,  52% used [0x00000000e3c00000, 0x00000000e3c86700, 0x00000000e3d00000)
  to   space 1024K,   0% used [0x00000000e3d00000, 0x00000000e3d00000, 0x00000000e3e00000)
 concurrent mark-sweep generation total 88584K, used 53499K [0x00000000ecca0000, 0x00000000f2322000, 0x0000000100000000)
 Metaspace       used 72898K, capacity 76096K, committed 76416K, reserved 1116160K
  class space    used 9403K, capacity 10024K, committed 10112K, reserved 1048576K
}
2020-11-07T19:56:32.068+0800: 75.217: Application time: 0.0527005 seconds
{Heap before GC invocations=898 (full 85):
 par new generation   total 9216K, used 8729K [0x00000000e3400000, 0x00000000e3e00000, 0x00000000ecca0000)
  eden space 8192K, 100% used [0x00000000e3400000, 0x00000000e3c00000, 0x00000000e3c00000)
  from space 1024K,  52% used [0x00000000e3c00000, 0x00000000e3c86700, 0x00000000e3d00000)
  to   space 1024K,   0% used [0x00000000e3d00000, 0x00000000e3d00000, 0x00000000e3e00000)
 concurrent mark-sweep generation total 88584K, used 53499K [0x00000000ecca0000, 0x00000000f2322000, 0x0000000100000000)
 Metaspace       used 72953K, capacity 76104K, committed 76416K, reserved 1116160K
  class space    used 9409K, capacity 10026K, committed 10112K, reserved 1048576K
2020-11-07T19:56:32.068+0800: 75.217: [GC (Allocation Failure) 2020-11-07T19:56:32.068+0800: 75.218: [ParNew: 8729K->422K(9216K), 0.0201715 secs] 62229K->53948K(97800K), 0.0202375 secs] [Times: user=0.02 sys=0.00, real=0.02 secs] 
Heap after GC invocations=899 (full 85):
 par new generation   total 9216K, used 422K [0x00000000e3400000, 0x00000000e3e00000, 0x00000000ecca0000)
  eden space 8192K,   0% used [0x00000000e3400000, 0x00000000e3400000, 0x00000000e3c00000)
  from space 1024K,  41% used [0x00000000e3d00000, 0x00000000e3d698f0, 0x00000000e3e00000)
  to   space 1024K,   0% used [0x00000000e3c00000, 0x00000000e3c00000, 0x00000000e3d00000)
 concurrent mark-sweep generation total 88584K, used 53526K [0x00000000ecca0000, 0x00000000f2322000, 0x0000000100000000)
 Metaspace       used 72953K, capacity 76104K, committed 76416K, reserved 1116160K
  class space    used 9409K, capacity 10026K, committed 10112K, reserved 1048576K
}
2020-11-07T19:56:32.092+0800: 75.242: [CMS-concurrent-mark: 0.308/0.479 secs] [Times: user=0.47 sys=0.01, real=0.48 secs] 
2020-11-07T19:56:32.092+0800: 75.242: [CMS-concurrent-preclean-start]
2020-11-07T19:56:32.103+0800: 75.253: [CMS-concurrent-preclean: 0.011/0.011 secs] [Times: user=0.01 sys=0.00, real=0.01 secs] 
2020-11-07T19:56:32.108+0800: 75.257: Application time: 0.0195030 seconds
2020-11-07T19:56:32.119+0800: 75.268: [GC (CMS Final Remark) [YG occupancy: 3715 K (9216 K)]2020-11-07T19:56:32.119+0800: 75.268: [Rescan (parallel) , 0.0298951 secs]2020-11-07T19:56:32.149+0800: 75.298: [weak refs processing, 0.0033914 secs]2020-11-07T19:56:32.152+0800: 75.302: [class unloading, 0.0231493 secs]2020-11-07T19:56:32.175+0800: 75.325: [scrub symbol table, 0.0651991 secs]2020-11-07T19:56:32.240+0800: 75.390: [scrub string table, 0.0015665 secs][1 CMS-remark: 53526K(88584K)] 57242K(97800K), 0.1234419 secs] [Times: user=0.12 sys=0.00, real=0.12 secs] 
2020-11-07T19:56:32.248+0800: 75.397: [CMS-concurrent-sweep-start]
2020-11-07T19:56:32.271+0800: 75.421: Application time: 0.0287658 seconds
{Heap before GC invocations=899 (full 85):
 par new generation   total 9216K, used 8614K [0x00000000e3400000, 0x00000000e3e00000, 0x00000000ecca0000)
  eden space 8192K, 100% used [0x00000000e3400000, 0x00000000e3c00000, 0x00000000e3c00000)
  from space 1024K,  41% used [0x00000000e3d00000, 0x00000000e3d698f0, 0x00000000e3e00000)
  to   space 1024K,   0% used [0x00000000e3c00000, 0x00000000e3c00000, 0x00000000e3d00000)
 concurrent mark-sweep generation total 88584K, used 53523K [0x00000000ecca0000, 0x00000000f2322000, 0x0000000100000000)
 Metaspace       used 72953K, capacity 76104K, committed 76416K, reserved 1116160K
  class space    used 9409K, capacity 10026K, committed 10112K, reserved 1048576K
2020-11-07T19:56:32.271+0800: 75.421: [GC (Allocation Failure) 2020-11-07T19:56:32.271+0800: 75.421: [ParNew: 8614K->358K(9216K), 0.0398754 secs] 62137K->53929K(97800K), 0.0399540 secs] [Times: user=0.04 sys=0.00, real=0.04 secs] 
Heap after GC invocations=900 (full 85):
 par new generation   total 9216K, used 358K [0x00000000e3400000, 0x00000000e3e00000, 0x00000000ecca0000)
  eden space 8192K,   0% used [0x00000000e3400000, 0x00000000e3400000, 0x00000000e3c00000)
  from space 1024K,  34% used [0x00000000e3c00000, 0x00000000e3c59940, 0x00000000e3d00000)
  to   space 1024K,   0% used [0x00000000e3d00000, 0x00000000e3d00000, 0x00000000e3e00000)
 concurrent mark-sweep generation total 88584K, used 53571K [0x00000000ecca0000, 0x00000000f2322000, 0x0000000100000000)
 Metaspace       used 72953K, capacity 76104K, committed 76416K, reserved 1116160K
  class space    used 9409K, capacity 10026K, committed 10112K, reserved 1048576K
}
2020-11-07T19:56:32.362+0800: 75.512: [CMS-concurrent-sweep: 0.068/0.115 secs] [Times: user=0.11 sys=0.00, real=0.11 secs] 
2020-11-07T19:56:32.362+0800: 75.512: [CMS-concurrent-reset-start]
2020-11-07T19:56:32.363+0800: 75.513: [CMS-concurrent-reset: 0.001/0.001 secs] [Times: user=0.00 sys=0.00, real=0.00 secs] 
2020-11-07T19:56:32.363+0800: 75.513: Application time: 0.0523375 seconds
{Heap before GC invocations=900 (full 85):
 par new generation   total 9216K, used 8550K [0x00000000e3400000, 0x00000000e3e00000, 0x00000000ecca0000)
  eden space 8192K, 100% used [0x00000000e3400000, 0x00000000e3c00000, 0x00000000e3c00000)
  from space 1024K,  34% used [0x00000000e3c00000, 0x00000000e3c59940, 0x00000000e3d00000)
  to   space 1024K,   0% used [0x00000000e3d00000, 0x00000000e3d00000, 0x00000000e3e00000)
 concurrent mark-sweep generation total 89128K, used 53476K [0x00000000ecca0000, 0x00000000f23aa000, 0x0000000100000000)
 Metaspace       used 72924K, capacity 76050K, committed 76416K, reserved 1116160K
  class space    used 9404K, capacity 10017K, committed 10112K, reserved 1048576K
2020-11-07T19:56:32.385+0800: 75.534: [GC (Allocation Failure) 2020-11-07T19:56:32.385+0800: 75.534: [ParNew: 8550K->418K(9216K), 0.0489627 secs] 62026K->53919K(98344K), 0.0490513 secs] [Times: user=0.05 sys=0.00, real=0.04 secs] 
Heap after GC invocations=901 (full 85):
 par new generation   total 9216K, used 418K [0x00000000e3400000, 0x00000000e3e00000, 0x00000000ecca0000)
  eden space 8192K,   0% used [0x00000000e3400000, 0x00000000e3400000, 0x00000000e3c00000)
  from space 1024K,  40% used [0x00000000e3d00000, 0x00000000e3d68ab8, 0x00000000e3e00000)
  to   space 1024K,   0% used [0x00000000e3c00000, 0x00000000e3c00000, 0x00000000e3d00000)
 concurrent mark-sweep generation total 89128K, used 53500K [0x00000000ecca0000, 0x00000000f23aa000, 0x0000000100000000)
 Metaspace       used 72924K, capacity 76050K, committed 76416K, reserved 1116160K
  class space    used 9404K, capacity 10017K, committed 10112K, reserved 1048576K
}
2020-11-07T19:56:32.443+0800: 75.592: Application time: 0.0087057 seconds
2020-11-07T19:56:32.443+0800: 75.592: [GC (CMS Initial Mark) [1 CMS-initial-mark: 53500K(89128K)] 56242K(98344K), 0.0062848 secs] [Times: user=0.00 sys=0.00, real=0.01 secs] 
2020-11-07T19:56:32.449+0800: 75.599: [CMS-concurrent-mark-start]
2020-11-07T19:56:32.474+0800: 75.624: Application time: 0.0252716 seconds
{Heap before GC invocations=901 (full 86):
 par new generation   total 9216K, used 8610K [0x00000000e3400000, 0x00000000e3e00000, 0x00000000ecca0000)
  eden space 8192K, 100% used [0x00000000e3400000, 0x00000000e3c00000, 0x00000000e3c00000)
  from space 1024K,  40% used [0x00000000e3d00000, 0x00000000e3d68ab8, 0x00000000e3e00000)
  to   space 1024K,   0% used [0x00000000e3c00000, 0x00000000e3c00000, 0x00000000e3d00000)
 concurrent mark-sweep generation total 89128K, used 53500K [0x00000000ecca0000, 0x00000000f23aa000, 0x0000000100000000)
 Metaspace       used 72926K, capacity 76050K, committed 76416K, reserved 1116160K
  class space    used 9404K, capacity 10017K, committed 10112K, reserved 1048576K
2020-11-07T19:56:32.475+0800: 75.624: [GC (Allocation Failure) 2020-11-07T19:56:32.475+0800: 75.624: [ParNew: 8610K->328K(9216K), 0.0141760 secs] 62111K->53841K(98344K), 0.0142642 secs] [Times: user=0.01 sys=0.00, real=0.01 secs] 
Heap after GC invocations=902 (full 86):
 par new generation   total 9216K, used 328K [0x00000000e3400000, 0x00000000e3e00000, 0x00000000ecca0000)
  eden space 8192K,   0% used [0x00000000e3400000, 0x00000000e3400000, 0x00000000e3c00000)
  from space 1024K,  32% used [0x00000000e3c00000, 0x00000000e3c52040, 0x00000000e3d00000)
  to   space 1024K,   0% used [0x00000000e3d00000, 0x00000000e3d00000, 0x00000000e3e00000)
 concurrent mark-sweep generation total 89128K, used 53513K [0x00000000ecca0000, 0x00000000f23aa000, 0x0000000100000000)
 Metaspace       used 72926K, capacity 76050K, committed 76416K, reserved 1116160K
  class space    used 9404K, capacity 10017K, committed 10112K, reserved 1048576K
}
2020-11-07T19:56:32.526+0800: 75.676: Application time: 0.0372653 seconds
{Heap before GC invocations=902 (full 86):
 par new generation   total 9216K, used 8520K [0x00000000e3400000, 0x00000000e3e00000, 0x00000000ecca0000)
  eden space 8192K, 100% used [0x00000000e3400000, 0x00000000e3c00000, 0x00000000e3c00000)
  from space 1024K,  32% used [0x00000000e3c00000, 0x00000000e3c52040, 0x00000000e3d00000)
  to   space 1024K,   0% used [0x00000000e3d00000, 0x00000000e3d00000, 0x00000000e3e00000)
 concurrent mark-sweep generation total 89128K, used 53513K [0x00000000ecca0000, 0x00000000f23aa000, 0x0000000100000000)
 Metaspace       used 72926K, capacity 76050K, committed 76416K, reserved 1116160K
  class space    used 9404K, capacity 10017K, committed 10112K, reserved 1048576K
2020-11-07T19:56:32.526+0800: 75.676: [GC (Allocation Failure) 2020-11-07T19:56:32.526+0800: 75.676: [ParNew: 8520K->408K(9216K), 0.0513697 secs] 62033K->53950K(98344K), 0.0514347 secs] [Times: user=0.05 sys=0.00, real=0.05 secs] 
Heap after GC invocations=903 (full 86):
 par new generation   total 9216K, used 408K [0x00000000e3400000, 0x00000000e3e00000, 0x00000000ecca0000)
  eden space 8192K,   0% used [0x00000000e3400000, 0x00000000e3400000, 0x00000000e3c00000)
  from space 1024K,  39% used [0x00000000e3d00000, 0x00000000e3d661c0, 0x00000000e3e00000)
  to   space 1024K,   0% used [0x00000000e3c00000, 0x00000000e3c00000, 0x00000000e3d00000)
 concurrent mark-sweep generation total 89128K, used 53541K [0x00000000ecca0000, 0x00000000f23aa000, 0x0000000100000000)
 Metaspace       used 72926K, capacity 76050K, committed 76416K, reserved 1116160K
  class space    used 9404K, capacity 10017K, committed 10112K, reserved 1048576K
}
2020-11-07T19:56:32.664+0800: 75.814: Application time: 0.0862899 seconds
{Heap before GC invocations=903 (full 86):
 par new generation   total 9216K, used 8600K [0x00000000e3400000, 0x00000000e3e00000, 0x00000000ecca0000)
  eden space 8192K, 100% used [0x00000000e3400000, 0x00000000e3c00000, 0x00000000e3c00000)
  from space 1024K,  39% used [0x00000000e3d00000, 0x00000000e3d661c0, 0x00000000e3e00000)
  to   space 1024K,   0% used [0x00000000e3c00000, 0x00000000e3c00000, 0x00000000e3d00000)
 concurrent mark-sweep generation total 89128K, used 53541K [0x00000000ecca0000, 0x00000000f23aa000, 0x0000000100000000)
 Metaspace       used 72987K, capacity 76114K, committed 76416K, reserved 1116160K
  class space    used 9413K, capacity 10017K, committed 10112K, reserved 1048576K
2020-11-07T19:56:32.664+0800: 75.814: [GC (Allocation Failure) 2020-11-07T19:56:32.664+0800: 75.814: [ParNew: 8600K->557K(9216K), 0.0483984 secs] 62142K->54121K(98344K), 0.0484736 secs] [Times: user=0.04 sys=0.00, real=0.05 secs] 
Heap after GC invocations=904 (full 86):
 par new generation   total 9216K, used 557K [0x00000000e3400000, 0x00000000e3e00000, 0x00000000ecca0000)
  eden space 8192K,   0% used [0x00000000e3400000, 0x00000000e3400000, 0x00000000e3c00000)
  from space 1024K,  54% used [0x00000000e3c00000, 0x00000000e3c8b598, 0x00000000e3d00000)
  to   space 1024K,   0% used [0x00000000e3d00000, 0x00000000e3d00000, 0x00000000e3e00000)
 concurrent mark-sweep generation total 89128K, used 53564K [0x00000000ecca0000, 0x00000000f23aa000, 0x0000000100000000)
 Metaspace       used 72987K, capacity 76114K, committed 76416K, reserved 1116160K
  class space    used 9413K, capacity 10017K, committed 10112K, reserved 1048576K
}
2020-11-07T19:56:32.759+0800: 75.909: Application time: 0.0460344 seconds
{Heap before GC invocations=904 (full 86):
 par new generation   total 9216K, used 8749K [0x00000000e3400000, 0x00000000e3e00000, 0x00000000ecca0000)
  eden space 8192K, 100% used [0x00000000e3400000, 0x00000000e3c00000, 0x00000000e3c00000)
  from space 1024K,  54% used [0x00000000e3c00000, 0x00000000e3c8b598, 0x00000000e3d00000)
  to   space 1024K,   0% used [0x00000000e3d00000, 0x00000000e3d00000, 0x00000000e3e00000)
 concurrent mark-sweep generation total 89128K, used 53564K [0x00000000ecca0000, 0x00000000f23aa000, 0x0000000100000000)
 Metaspace       used 73021K, capacity 76178K, committed 76416K, reserved 1116160K
  class space    used 9425K, capacity 10017K, committed 10112K, reserved 1048576K
2020-11-07T19:56:32.759+0800: 75.909: [GC (Allocation Failure) 2020-11-07T19:56:32.759+0800: 75.909: [ParNew: 8749K->382K(9216K), 0.0436352 secs] 62313K->53972K(98344K), 0.0436962 secs] [Times: user=0.04 sys=0.00, real=0.04 secs] 
Heap after GC invocations=905 (full 86):
 par new generation   total 9216K, used 382K [0x00000000e3400000, 0x00000000e3e00000, 0x00000000ecca0000)
  eden space 8192K,   0% used [0x00000000e3400000, 0x00000000e3400000, 0x00000000e3c00000)
  from space 1024K,  37% used [0x00000000e3d00000, 0x00000000e3d5f858, 0x00000000e3e00000)
  to   space 1024K,   0% used [0x00000000e3c00000, 0x00000000e3c00000, 0x00000000e3d00000)
 concurrent mark-sweep generation total 89128K, used 53590K [0x00000000ecca0000, 0x00000000f23aa000, 0x0000000100000000)
 Metaspace       used 73021K, capacity 76178K, committed 76416K, reserved 1116160K
  class space    used 9425K, capacity 10017K, committed 10112K, reserved 1048576K
}
2020-11-07T19:56:32.844+0800: 75.993: Application time: 0.0408756 seconds
{Heap before GC invocations=905 (full 86):
 par new generation   total 9216K, used 8574K [0x00000000e3400000, 0x00000000e3e00000, 0x00000000ecca0000)
  eden space 8192K, 100% used [0x00000000e3400000, 0x00000000e3c00000, 0x00000000e3c00000)
  from space 1024K,  37% used [0x00000000e3d00000, 0x00000000e3d5f858, 0x00000000e3e00000)
  to   space 1024K,   0% used [0x00000000e3c00000, 0x00000000e3c00000, 0x00000000e3d00000)
 concurrent mark-sweep generation total 89128K, used 53590K [0x00000000ecca0000, 0x00000000f23aa000, 0x0000000100000000)
 Metaspace       used 73029K, capacity 76178K, committed 76416K, reserved 1116160K
  class space    used 9426K, capacity 10017K, committed 10112K, reserved 1048576K
2020-11-07T19:56:32.844+0800: 75.994: [GC (Allocation Failure) 2020-11-07T19:56:32.844+0800: 75.994: [ParNew: 8574K->445K(9216K), 0.0367930 secs] 62164K->54062K(98344K), 0.0368532 secs] [Times: user=0.04 sys=0.00, real=0.04 secs] 
Heap after GC invocations=906 (full 86):
 par new generation   total 9216K, used 445K [0x00000000e3400000, 0x00000000e3e00000, 0x00000000ecca0000)
  eden space 8192K,   0% used [0x00000000e3400000, 0x00000000e3400000, 0x00000000e3c00000)
  from space 1024K,  43% used [0x00000000e3c00000, 0x00000000e3c6f7a0, 0x00000000e3d00000)
  to   space 1024K,   0% used [0x00000000e3d00000, 0x00000000e3d00000, 0x00000000e3e00000)
 concurrent mark-sweep generation total 89128K, used 53616K [0x00000000ecca0000, 0x00000000f23aa000, 0x0000000100000000)
 Metaspace       used 73029K, capacity 76178K, committed 76416K, reserved 1116160K
  class space    used 9426K, capacity 10017K, committed 10112K, reserved 1048576K
}
2020-11-07T19:56:32.904+0800: 76.054: Application time: 0.0231279 seconds
{Heap before GC invocations=906 (full 86):
 par new generation   total 9216K, used 8637K [0x00000000e3400000, 0x00000000e3e00000, 0x00000000ecca0000)
  eden space 8192K, 100% used [0x00000000e3400000, 0x00000000e3c00000, 0x00000000e3c00000)
  from space 1024K,  43% used [0x00000000e3c00000, 0x00000000e3c6f7a0, 0x00000000e3d00000)
  to   space 1024K,   0% used [0x00000000e3d00000, 0x00000000e3d00000, 0x00000000e3e00000)
 concurrent mark-sweep generation total 89128K, used 53616K [0x00000000ecca0000, 0x00000000f23aa000, 0x0000000100000000)
 Metaspace       used 73029K, capacity 76178K, committed 76416K, reserved 1116160K
  class space    used 9426K, capacity 10017K, committed 10112K, reserved 1048576K
2020-11-07T19:56:32.904+0800: 76.054: [GC (Allocation Failure) 2020-11-07T19:56:32.904+0800: 76.054: [ParNew: 8637K->366K(9216K), 0.0165742 secs] 62254K->54070K(98344K), 0.0166349 secs] [Times: user=0.02 sys=0.00, real=0.02 secs] 
Heap after GC invocations=907 (full 86):
 par new generation   total 9216K, used 366K [0x00000000e3400000, 0x00000000e3e00000, 0x00000000ecca0000)
  eden space 8192K,   0% used [0x00000000e3400000, 0x00000000e3400000, 0x00000000e3c00000)
  from space 1024K,  35% used [0x00000000e3d00000, 0x00000000e3d5b860, 0x00000000e3e00000)
  to   space 1024K,   0% used [0x00000000e3c00000, 0x00000000e3c00000, 0x00000000e3d00000)
 concurrent mark-sweep generation total 89128K, used 53704K [0x00000000ecca0000, 0x00000000f23aa000, 0x0000000100000000)
 Metaspace       used 73029K, capacity 76178K, committed 76416K, reserved 1116160K
  class space    used 9426K, capacity 10017K, committed 10112K, reserved 1048576K
}
2020-11-07T19:56:32.938+0800: 76.088: [CMS-concurrent-mark: 0.267/0.489 secs] [Times: user=0.48 sys=0.01, real=0.49 secs] 
2020-11-07T19:56:32.938+0800: 76.088: [CMS-concurrent-preclean-start]
2020-11-07T19:56:32.951+0800: 76.101: [CMS-concurrent-preclean: 0.013/0.013 secs] [Times: user=0.02 sys=0.00, real=0.01 secs] 
2020-11-07T19:56:32.951+0800: 76.101: [CMS-concurrent-abortable-preclean-start]
2020-11-07T19:56:32.957+0800: 76.107: Application time: 0.0365448 seconds
{Heap before GC invocations=907 (full 86):
 par new generation   total 9216K, used 8558K [0x00000000e3400000, 0x00000000e3e00000, 0x00000000ecca0000)
  eden space 8192K, 100% used [0x00000000e3400000, 0x00000000e3c00000, 0x00000000e3c00000)
  from space 1024K,  35% used [0x00000000e3d00000, 0x00000000e3d5b860, 0x00000000e3e00000)
  to   space 1024K,   0% used [0x00000000e3c00000, 0x00000000e3c00000, 0x00000000e3d00000)
 concurrent mark-sweep generation total 89128K, used 53704K [0x00000000ecca0000, 0x00000000f23aa000, 0x0000000100000000)
 Metaspace       used 73060K, capacity 76210K, committed 76416K, reserved 1116160K
  class space    used 9431K, capacity 10049K, committed 10112K, reserved 1048576K
2020-11-07T19:56:32.958+0800: 76.107: [GC (Allocation Failure) 2020-11-07T19:56:32.958+0800: 76.107: [ParNew: 8558K->441K(9216K), 0.0401164 secs] 62262K->54174K(98344K), 0.0402089 secs] [Times: user=0.04 sys=0.00, real=0.04 secs] 
Heap after GC invocations=908 (full 86):
 par new generation   total 9216K, used 441K [0x00000000e3400000, 0x00000000e3e00000, 0x00000000ecca0000)
  eden space 8192K,   0% used [0x00000000e3400000, 0x00000000e3400000, 0x00000000e3c00000)
  from space 1024K,  43% used [0x00000000e3c00000, 0x00000000e3c6e5f0, 0x00000000e3d00000)
  to   space 1024K,   0% used [0x00000000e3d00000, 0x00000000e3d00000, 0x00000000e3e00000)
 concurrent mark-sweep generation total 89128K, used 53733K [0x00000000ecca0000, 0x00000000f23aa000, 0x0000000100000000)
 Metaspace       used 73060K, capacity 76210K, committed 76416K, reserved 1116160K
  class space    used 9431K, capacity 10049K, committed 10112K, reserved 1048576K
}
2020-11-07T19:56:33.088+0800: 76.238: Application time: 0.0905476 seconds
{Heap before GC invocations=908 (full 86):
 par new generation   total 9216K, used 8633K [0x00000000e3400000, 0x00000000e3e00000, 0x00000000ecca0000)
  eden space 8192K, 100% used [0x00000000e3400000, 0x00000000e3c00000, 0x00000000e3c00000)
  from space 1024K,  43% used [0x00000000e3c00000, 0x00000000e3c6e5f0, 0x00000000e3d00000)
  to   space 1024K,   0% used [0x00000000e3d00000, 0x00000000e3d00000, 0x00000000e3e00000)
 concurrent mark-sweep generation total 89128K, used 53733K [0x00000000ecca0000, 0x00000000f23aa000, 0x0000000100000000)
 Metaspace       used 73235K, capacity 76412K, committed 76672K, reserved 1116160K
  class space    used 9455K, capacity 10052K, committed 10112K, reserved 1048576K
2020-11-07T19:56:33.089+0800: 76.238: [GC (Allocation Failure) 2020-11-07T19:56:33.089+0800: 76.238: [ParNew2020-11-07T19:56:33.123+0800: 76.273: [CMS-concurrent-abortable-preclean: 0.028/0.172 secs] [Times: user=0.17 sys=0.00, real=0.17 secs] 
: 8633K->678K(9216K), 0.0422360 secs] 62366K->54456K(98344K), 0.0423074 secs] [Times: user=0.04 sys=0.00, real=0.04 secs] 
Heap after GC invocations=909 (full 86):
 par new generation   total 9216K, used 678K [0x00000000e3400000, 0x00000000e3e00000, 0x00000000ecca0000)
  eden space 8192K,   0% used [0x00000000e3400000, 0x00000000e3400000, 0x00000000e3c00000)
  from space 1024K,  66% used [0x00000000e3d00000, 0x00000000e3da9958, 0x00000000e3e00000)
  to   space 1024K,   0% used [0x00000000e3c00000, 0x00000000e3c00000, 0x00000000e3d00000)
 concurrent mark-sweep generation total 89128K, used 53777K [0x00000000ecca0000, 0x00000000f23aa000, 0x0000000100000000)
 Metaspace       used 73235K, capacity 76412K, committed 76672K, reserved 1116160K
  class space    used 9455K, capacity 10052K, committed 10112K, reserved 1048576K
}
2020-11-07T19:56:33.138+0800: 76.287: Application time: 0.0066470 seconds
2020-11-07T19:56:33.138+0800: 76.288: [GC (CMS Final Remark) [YG occupancy: 4296 K (9216 K)]2020-11-07T19:56:33.138+0800: 76.288: [Rescan (parallel) , 0.0092111 secs]2020-11-07T19:56:33.147+0800: 76.297: [weak refs processing, 0.0006639 secs]2020-11-07T19:56:33.148+0800: 76.298: [class unloading, 0.0326404 secs]2020-11-07T19:56:33.181+0800: 76.330: [scrub symbol table, 0.0601919 secs]2020-11-07T19:56:33.241+0800: 76.390: [scrub string table, 0.0014393 secs][1 CMS-remark: 53777K(89128K)] 58074K(98344K), 0.1043501 secs] [Times: user=0.10 sys=0.00, real=0.10 secs] 
2020-11-07T19:56:33.251+0800: 76.401: [CMS-concurrent-sweep-start]
2020-11-07T19:56:33.321+0800: 76.470: Application time: 0.0784301 seconds
{Heap before GC invocations=909 (full 86):
 par new generation   total 9216K, used 8870K [0x00000000e3400000, 0x00000000e3e00000, 0x00000000ecca0000)
  eden space 8192K, 100% used [0x00000000e3400000, 0x00000000e3c00000, 0x00000000e3c00000)
  from space 1024K,  66% used [0x00000000e3d00000, 0x00000000e3da9958, 0x00000000e3e00000)
  to   space 1024K,   0% used [0x00000000e3c00000, 0x00000000e3c00000, 0x00000000e3d00000)
 concurrent mark-sweep generation total 89128K, used 53768K [0x00000000ecca0000, 0x00000000f23aa000, 0x0000000100000000)
 Metaspace       used 73245K, capacity 76420K, committed 76672K, reserved 1116160K
  class space    used 9455K, capacity 10052K, committed 10112K, reserved 1048576K
2020-11-07T19:56:33.321+0800: 76.471: [GC (Allocation Failure) 2020-11-07T19:56:33.321+0800: 76.471: [ParNew: 8870K->631K(9216K), 0.0100659 secs] 62638K->54466K(98344K), 0.0101552 secs] [Times: user=0.01 sys=0.00, real=0.01 secs] 
Heap after GC invocations=910 (full 86):
 par new generation   total 9216K, used 631K [0x00000000e3400000, 0x00000000e3e00000, 0x00000000ecca0000)
  eden space 8192K,   0% used [0x00000000e3400000, 0x00000000e3400000, 0x00000000e3c00000)
  from space 1024K,  61% used [0x00000000e3c00000, 0x00000000e3c9def0, 0x00000000e3d00000)
  to   space 1024K,   0% used [0x00000000e3d00000, 0x00000000e3d00000, 0x00000000e3e00000)
 concurrent mark-sweep generation total 89128K, used 53835K [0x00000000ecca0000, 0x00000000f23aa000, 0x0000000100000000)
 Metaspace       used 73245K, capacity 76420K, committed 76672K, reserved 1116160K
  class space    used 9455K, capacity 10052K, committed 10112K, reserved 1048576K
}
2020-11-07T19:56:33.341+0800: 76.491: [CMS-concurrent-sweep: 0.073/0.090 secs] [Times: user=0.09 sys=0.00, real=0.09 secs] 
2020-11-07T19:56:33.348+0800: 76.498: [CMS-concurrent-reset-start]
2020-11-07T19:56:33.349+0800: 76.499: [CMS-concurrent-reset: 0.001/0.001 secs] [Times: user=0.00 sys=0.00, real=0.00 secs] 
2020-11-07T19:56:33.757+0800: 76.907: Application time: 0.4262425 seconds
{Heap before GC invocations=910 (full 86):
 par new generation   total 9216K, used 8823K [0x00000000e3400000, 0x00000000e3e00000, 0x00000000ecca0000)
  eden space 8192K, 100% used [0x00000000e3400000, 0x00000000e3c00000, 0x00000000e3c00000)
  from space 1024K,  61% used [0x00000000e3c00000, 0x00000000e3c9def0, 0x00000000e3d00000)
  to   space 1024K,   0% used [0x00000000e3d00000, 0x00000000e3d00000, 0x00000000e3e00000)
 concurrent mark-sweep generation total 89648K, used 53787K [0x00000000ecca0000, 0x00000000f242c000, 0x0000000100000000)
 Metaspace       used 73267K, capacity 76388K, committed 76672K, reserved 1116160K
  class space    used 9449K, capacity 10036K, committed 10112K, reserved 1048576K
2020-11-07T19:56:33.758+0800: 76.908: [GC (Allocation Failure) 2020-11-07T19:56:33.758+0800: 76.908: [ParNew: 8823K->706K(9216K), 0.0145703 secs] 62611K->54609K(98864K), 0.0146553 secs] [Times: user=0.01 sys=0.00, real=0.01 secs] 
Heap after GC invocations=911 (full 86):
 par new generation   total 9216K, used 706K [0x00000000e3400000, 0x00000000e3e00000, 0x00000000ecca0000)
  eden space 8192K,   0% used [0x00000000e3400000, 0x00000000e3400000, 0x00000000e3c00000)
  from space 1024K,  69% used [0x00000000e3d00000, 0x00000000e3db0ad8, 0x00000000e3e00000)
  to   space 1024K,   0% used [0x00000000e3c00000, 0x00000000e3c00000, 0x00000000e3d00000)
 concurrent mark-sweep generation total 89648K, used 53902K [0x00000000ecca0000, 0x00000000f242c000, 0x0000000100000000)
 Metaspace       used 73267K, capacity 76388K, committed 76672K, reserved 1116160K
  class space    used 9449K, capacity 10036K, committed 10112K, reserved 1048576K
}
2020-11-07T19:56:33.791+0800: 76.940: Application time: 0.0180983 seconds
2020-11-07T19:56:33.797+0800: 76.947: [GC (CMS Initial Mark) [1 CMS-initial-mark: 53902K(89648K)] 56939K(98864K), 0.0074153 secs] [Times: user=0.01 sys=0.00, real=0.01 secs] 
2020-11-07T19:56:33.805+0800: 76.955: [CMS-concurrent-mark-start]
2020-11-07T19:56:33.898+0800: 77.048: Application time: 0.0935607 seconds
{Heap before GC invocations=911 (full 87):
 par new generation   total 9216K, used 8898K [0x00000000e3400000, 0x00000000e3e00000, 0x00000000ecca0000)
  eden space 8192K, 100% used [0x00000000e3400000, 0x00000000e3c00000, 0x00000000e3c00000)
  from space 1024K,  69% used [0x00000000e3d00000, 0x00000000e3db0ad8, 0x00000000e3e00000)
  to   space 1024K,   0% used [0x00000000e3c00000, 0x00000000e3c00000, 0x00000000e3d00000)
 concurrent mark-sweep generation total 89648K, used 53902K [0x00000000ecca0000, 0x00000000f242c000, 0x0000000100000000)
 Metaspace       used 73340K, capacity 76478K, committed 76672K, reserved 1116160K
  class space    used 9458K, capacity 10051K, committed 10112K, reserved 1048576K
2020-11-07T19:56:33.899+0800: 77.048: [GC (Allocation Failure) 2020-11-07T19:56:33.899+0800: 77.048: [ParNew: 8898K->773K(9216K), 0.0240348 secs] 62801K->54838K(98864K), 0.0241310 secs] [Times: user=0.03 sys=0.00, real=0.02 secs] 
Heap after GC invocations=912 (full 87):
 par new generation   total 9216K, used 773K [0x00000000e3400000, 0x00000000e3e00000, 0x00000000ecca0000)
  eden space 8192K,   0% used [0x00000000e3400000, 0x00000000e3400000, 0x00000000e3c00000)
  from space 1024K,  75% used [0x00000000e3c00000, 0x00000000e3cc15c8, 0x00000000e3d00000)
  to   space 1024K,   0% used [0x00000000e3d00000, 0x00000000e3d00000, 0x00000000e3e00000)
 concurrent mark-sweep generation total 89648K, used 54064K [0x00000000ecca0000, 0x00000000f242c000, 0x0000000100000000)
 Metaspace       used 73340K, capacity 76478K, committed 76672K, reserved 1116160K
  class space    used 9458K, capacity 10051K, committed 10112K, reserved 1048576K
}
2020-11-07T19:56:34.080+0800: 77.229: Application time: 0.1567629 seconds
{Heap before GC invocations=912 (full 87):
 par new generation   total 9216K, used 8965K [0x00000000e3400000, 0x00000000e3e00000, 0x00000000ecca0000)
  eden space 8192K, 100% used [0x00000000e3400000, 0x00000000e3c00000, 0x00000000e3c00000)
  from space 1024K,  75% used [0x00000000e3c00000, 0x00000000e3cc15c8, 0x00000000e3d00000)
  to   space 1024K,   0% used [0x00000000e3d00000, 0x00000000e3d00000, 0x00000000e3e00000)
 concurrent mark-sweep generation total 89648K, used 54064K [0x00000000ecca0000, 0x00000000f242c000, 0x0000000100000000)
 Metaspace       used 73400K, capacity 76558K, committed 76672K, reserved 1116160K
  class space    used 9464K, capacity 10055K, committed 10112K, reserved 1048576K
2020-11-07T19:56:34.080+0800: 77.230: [GC (Allocation Failure) 2020-11-07T19:56:34.080+0800: 77.230: [ParNew: 8965K->930K(9216K), 0.0235589 secs] 63030K->55167K(98864K), 0.0236256 secs] [Times: user=0.03 sys=0.01, real=0.02 secs] 
Heap after GC invocations=913 (full 87):
 par new generation   total 9216K, used 930K [0x00000000e3400000, 0x00000000e3e00000, 0x00000000ecca0000)
  eden space 8192K,   0% used [0x00000000e3400000, 0x00000000e3400000, 0x00000000e3c00000)
  from space 1024K,  90% used [0x00000000e3d00000, 0x00000000e3de8958, 0x00000000e3e00000)
  to   space 1024K,   0% used [0x00000000e3c00000, 0x00000000e3c00000, 0x00000000e3d00000)
 concurrent mark-sweep generation total 89648K, used 54237K [0x00000000ecca0000, 0x00000000f242c000, 0x0000000100000000)
 Metaspace       used 73400K, capacity 76558K, committed 76672K, reserved 1116160K
  class space    used 9464K, capacity 10055K, committed 10112K, reserved 1048576K
}
2020-11-07T19:56:34.155+0800: 77.304: Application time: 0.0509732 seconds
{Heap before GC invocations=913 (full 87):
 par new generation   total 9216K, used 9122K [0x00000000e3400000, 0x00000000e3e00000, 0x00000000ecca0000)
  eden space 8192K, 100% used [0x00000000e3400000, 0x00000000e3c00000, 0x00000000e3c00000)
  from space 1024K,  90% used [0x00000000e3d00000, 0x00000000e3de8958, 0x00000000e3e00000)
  to   space 1024K,   0% used [0x00000000e3c00000, 0x00000000e3c00000, 0x00000000e3d00000)
 concurrent mark-sweep generation total 89648K, used 54237K [0x00000000ecca0000, 0x00000000f242c000, 0x0000000100000000)
 Metaspace       used 73412K, capacity 76576K, committed 76672K, reserved 1116160K
  class space    used 9465K, capacity 10058K, committed 10112K, reserved 1048576K
2020-11-07T19:56:34.155+0800: 77.304: [GC (Allocation Failure) 2020-11-07T19:56:34.155+0800: 77.304: [ParNew: 9122K->880K(9216K), 0.0205363 secs] 63359K->55490K(98864K), 0.0206057 secs] [Times: user=0.02 sys=0.00, real=0.02 secs] 
Heap after GC invocations=914 (full 87):
 par new generation   total 9216K, used 880K [0x00000000e3400000, 0x00000000e3e00000, 0x00000000ecca0000)
  eden space 8192K,   0% used [0x00000000e3400000, 0x00000000e3400000, 0x00000000e3c00000)
  from space 1024K,  86% used [0x00000000e3c00000, 0x00000000e3cdc338, 0x00000000e3d00000)
  to   space 1024K,   0% used [0x00000000e3d00000, 0x00000000e3d00000, 0x00000000e3e00000)
 concurrent mark-sweep generation total 89648K, used 54609K [0x00000000ecca0000, 0x00000000f242c000, 0x0000000100000000)
 Metaspace       used 73412K, capacity 76576K, committed 76672K, reserved 1116160K
  class space    used 9465K, capacity 10058K, committed 10112K, reserved 1048576K
}
2020-11-07T19:56:34.235+0800: 77.384: Application time: 0.0591008 seconds
2020-11-07T19:56:34.235+0800: 77.384: Application time: 0.0000329 seconds
2020-11-07T19:56:34.246+0800: 77.395: [CMS-concurrent-mark: 0.354/0.441 secs] [Times: user=0.43 sys=0.01, real=0.44 secs] 
2020-11-07T19:56:34.246+0800: 77.395: [CMS-concurrent-preclean-start]
2020-11-07T19:56:34.270+0800: 77.420: [CMS-concurrent-preclean: 0.024/0.025 secs] [Times: user=0.03 sys=0.00, real=0.02 secs] 
2020-11-07T19:56:34.270+0800: 77.420: [CMS-concurrent-abortable-preclean-start]
2020-11-07T19:56:34.299+0800: 77.449: Application time: 0.0641560 seconds
{Heap before GC invocations=914 (full 87):
 par new generation   total 9216K, used 9072K [0x00000000e3400000, 0x00000000e3e00000, 0x00000000ecca0000)
  eden space 8192K, 100% used [0x00000000e3400000, 0x00000000e3c00000, 0x00000000e3c00000)
  from space 1024K,  86% used [0x00000000e3c00000, 0x00000000e3cdc338, 0x00000000e3d00000)
  to   space 1024K,   0% used [0x00000000e3d00000, 0x00000000e3d00000, 0x00000000e3e00000)
 concurrent mark-sweep generation total 89648K, used 54609K [0x00000000ecca0000, 0x00000000f242c000, 0x0000000100000000)
 Metaspace       used 73477K, capacity 76692K, committed 76928K, reserved 1116160K
  class space    used 9472K, capacity 10094K, committed 10112K, reserved 1048576K
2020-11-07T19:56:34.299+0800: 77.449: [GC (Allocation Failure) 2020-11-07T19:56:34.299+0800: 77.449: [ParNew: 9072K->603K(9216K), 0.0147297 secs] 63682K->55213K(98864K), 0.0148114 secs] [Times: user=0.01 sys=0.00, real=0.01 secs] 
Heap after GC invocations=915 (full 87):
 par new generation   total 9216K, used 603K [0x00000000e3400000, 0x00000000e3e00000, 0x00000000ecca0000)
  eden space 8192K,   0% used [0x00000000e3400000, 0x00000000e3400000, 0x00000000e3c00000)
  from space 1024K,  58% used [0x00000000e3d00000, 0x00000000e3d96e98, 0x00000000e3e00000)
  to   space 1024K,   0% used [0x00000000e3c00000, 0x00000000e3c00000, 0x00000000e3d00000)
 concurrent mark-sweep generation total 89648K, used 54609K [0x00000000ecca0000, 0x00000000f242c000, 0x0000000100000000)
 Metaspace       used 73477K, capacity 76692K, committed 76928K, reserved 1116160K
  class space    used 9472K, capacity 10094K, committed 10112K, reserved 1048576K
}
2020-11-07T19:56:34.344+0800: 77.494: [CMS-concurrent-abortable-preclean: 0.044/0.074 secs] [Times: user=0.07 sys=0.00, real=0.07 secs] 
2020-11-07T19:56:34.344+0800: 77.494: Application time: 0.0303808 seconds
2020-11-07T19:56:34.347+0800: 77.496: [GC (CMS Final Remark) [YG occupancy: 7169 K (9216 K)]2020-11-07T19:56:34.347+0800: 77.496: [Rescan (parallel) , 0.0319351 secs]2020-11-07T19:56:34.379+0800: 77.528: [weak refs processing, 0.0033104 secs]2020-11-07T19:56:34.382+0800: 77.532: [class unloading, 0.0243194 secs]2020-11-07T19:56:34.406+0800: 77.556: [scrub symbol table, 0.0278451 secs]2020-11-07T19:56:34.434+0800: 77.584: [scrub string table, 0.0014576 secs][1 CMS-remark: 54609K(89648K)] 61778K(98864K), 0.0891024 secs] [Times: user=0.09 sys=0.00, real=0.09 secs] 
2020-11-07T19:56:34.444+0800: 77.593: [CMS-concurrent-sweep-start]
2020-11-07T19:56:34.456+0800: 77.605: Application time: 0.0197857 seconds
{Heap before GC invocations=915 (full 87):
 par new generation   total 9216K, used 8795K [0x00000000e3400000, 0x00000000e3e00000, 0x00000000ecca0000)
  eden space 8192K, 100% used [0x00000000e3400000, 0x00000000e3c00000, 0x00000000e3c00000)
  from space 1024K,  58% used [0x00000000e3d00000, 0x00000000e3d96e98, 0x00000000e3e00000)
  to   space 1024K,   0% used [0x00000000e3c00000, 0x00000000e3c00000, 0x00000000e3d00000)
 concurrent mark-sweep generation total 89648K, used 54607K [0x00000000ecca0000, 0x00000000f242c000, 0x0000000100000000)
 Metaspace       used 73479K, capacity 76692K, committed 76928K, reserved 1116160K
  class space    used 9472K, capacity 10094K, committed 10112K, reserved 1048576K
2020-11-07T19:56:34.456+0800: 77.605: [GC (Allocation Failure) 2020-11-07T19:56:34.456+0800: 77.605: [ParNew: 8795K->238K(9216K), 0.0211456 secs] 63402K->55092K(98864K), 0.0212290 secs] [Times: user=0.02 sys=0.00, real=0.02 secs] 
Heap after GC invocations=916 (full 87):
 par new generation   total 9216K, used 238K [0x00000000e3400000, 0x00000000e3e00000, 0x00000000ecca0000)
  eden space 8192K,   0% used [0x00000000e3400000, 0x00000000e3400000, 0x00000000e3c00000)
  from space 1024K,  23% used [0x00000000e3c00000, 0x00000000e3c3bae8, 0x00000000e3d00000)
  to   space 1024K,   0% used [0x00000000e3d00000, 0x00000000e3d00000, 0x00000000e3e00000)
 concurrent mark-sweep generation total 89648K, used 54853K [0x00000000ecca0000, 0x00000000f242c000, 0x0000000100000000)
 Metaspace       used 73479K, capacity 76692K, committed 76928K, reserved 1116160K
  class space    used 9472K, capacity 10094K, committed 10112K, reserved 1048576K
}
2020-11-07T19:56:34.515+0800: 77.664: [CMS-concurrent-sweep: 0.049/0.071 secs] [Times: user=0.07 sys=0.00, real=0.08 secs] 
2020-11-07T19:56:34.515+0800: 77.665: [CMS-concurrent-reset-start]
2020-11-07T19:56:34.516+0800: 77.666: [CMS-concurrent-reset: 0.001/0.001 secs] [Times: user=0.00 sys=0.00, real=0.00 secs] 
2020-11-07T19:56:34.530+0800: 77.680: Application time: 0.0528465 seconds
2020-11-07T19:56:34.541+0800: 77.691: Application time: 0.0001882 seconds
2020-11-07T19:56:34.572+0800: 77.722: Application time: 0.0314414 seconds
{Heap before GC invocations=916 (full 87):
 par new generation   total 9216K, used 8430K [0x00000000e3400000, 0x00000000e3e00000, 0x00000000ecca0000)
  eden space 8192K, 100% used [0x00000000e3400000, 0x00000000e3c00000, 0x00000000e3c00000)
  from space 1024K,  23% used [0x00000000e3c00000, 0x00000000e3c3bae8, 0x00000000e3d00000)
  to   space 1024K,   0% used [0x00000000e3d00000, 0x00000000e3d00000, 0x00000000e3e00000)
 concurrent mark-sweep generation total 91316K, used 54787K [0x00000000ecca0000, 0x00000000f25cd000, 0x0000000100000000)
 Metaspace       used 73615K, capacity 76776K, committed 76928K, reserved 1116160K
  class space    used 9487K, capacity 10098K, committed 10112K, reserved 1048576K
2020-11-07T19:56:34.573+0800: 77.722: [GC (Allocation Failure) 2020-11-07T19:56:34.573+0800: 77.722: [ParNew: 8430K->545K(9216K), 0.0164220 secs] 63217K->55332K(100532K), 0.0165127 secs] [Times: user=0.02 sys=0.00, real=0.02 secs] 
Heap after GC invocations=917 (full 87):
 par new generation   total 9216K, used 545K [0x00000000e3400000, 0x00000000e3e00000, 0x00000000ecca0000)
  eden space 8192K,   0% used [0x00000000e3400000, 0x00000000e3400000, 0x00000000e3c00000)
  from space 1024K,  53% used [0x00000000e3d00000, 0x00000000e3d886c8, 0x00000000e3e00000)
  to   space 1024K,   0% used [0x00000000e3c00000, 0x00000000e3c00000, 0x00000000e3d00000)
 concurrent mark-sweep generation total 91316K, used 54787K [0x00000000ecca0000, 0x00000000f25cd000, 0x0000000100000000)
 Metaspace       used 73615K, capacity 76776K, committed 76928K, reserved 1116160K
  class space    used 9487K, capacity 10098K, committed 10112K, reserved 1048576K
}
2020-11-07T19:56:34.611+0800: 77.761: Application time: 0.0217611 seconds
{Heap before GC invocations=917 (full 87):
 par new generation   total 9216K, used 8737K [0x00000000e3400000, 0x00000000e3e00000, 0x00000000ecca0000)
  eden space 8192K, 100% used [0x00000000e3400000, 0x00000000e3c00000, 0x00000000e3c00000)
  from space 1024K,  53% used [0x00000000e3d00000, 0x00000000e3d886c8, 0x00000000e3e00000)
  to   space 1024K,   0% used [0x00000000e3c00000, 0x00000000e3c00000, 0x00000000e3d00000)
 concurrent mark-sweep generation total 91316K, used 54787K [0x00000000ecca0000, 0x00000000f25cd000, 0x0000000100000000)
 Metaspace       used 73616K, capacity 76776K, committed 76928K, reserved 1116160K
  class space    used 9487K, capacity 10098K, committed 10112K, reserved 1048576K
2020-11-07T19:56:34.611+0800: 77.761: [GC (Allocation Failure) 2020-11-07T19:56:34.611+0800: 77.761: [ParNew: 8737K->376K(9216K), 0.0232652 secs] 63524K->55164K(100532K), 0.0233412 secs] [Times: user=0.02 sys=0.00, real=0.03 secs] 
Heap after GC invocations=918 (full 87):
 par new generation   total 9216K, used 376K [0x00000000e3400000, 0x00000000e3e00000, 0x00000000ecca0000)
  eden space 8192K,   0% used [0x00000000e3400000, 0x00000000e3400000, 0x00000000e3c00000)
  from space 1024K,  36% used [0x00000000e3c00000, 0x00000000e3c5e380, 0x00000000e3d00000)
  to   space 1024K,   0% used [0x00000000e3d00000, 0x00000000e3d00000, 0x00000000e3e00000)
 concurrent mark-sweep generation total 91316K, used 54787K [0x00000000ecca0000, 0x00000000f25cd000, 0x0000000100000000)
 Metaspace       used 73616K, capacity 76776K, committed 76928K, reserved 1116160K
  class space    used 9487K, capacity 10098K, committed 10112K, reserved 1048576K
}
2020-11-07T19:56:34.667+0800: 77.817: Application time: 0.0325691 seconds
{Heap before GC invocations=918 (full 87):
 par new generation   total 9216K, used 8568K [0x00000000e3400000, 0x00000000e3e00000, 0x00000000ecca0000)
  eden space 8192K, 100% used [0x00000000e3400000, 0x00000000e3c00000, 0x00000000e3c00000)
  from space 1024K,  36% used [0x00000000e3c00000, 0x00000000e3c5e380, 0x00000000e3d00000)
  to   space 1024K,   0% used [0x00000000e3d00000, 0x00000000e3d00000, 0x00000000e3e00000)
 concurrent mark-sweep generation total 91316K, used 54787K [0x00000000ecca0000, 0x00000000f25cd000, 0x0000000100000000)
 Metaspace       used 73638K, capacity 76776K, committed 76928K, reserved 1116160K
  class space    used 9491K, capacity 10098K, committed 10112K, reserved 1048576K
2020-11-07T19:56:34.667+0800: 77.817: [GC (Allocation Failure) 2020-11-07T19:56:34.667+0800: 77.817: [ParNew: 8568K->524K(9216K), 0.0472584 secs] 63356K->55311K(100532K), 0.0473373 secs] [Times: user=0.05 sys=0.00, real=0.05 secs] 
Heap after GC invocations=919 (full 87):
 par new generation   total 9216K, used 524K [0x00000000e3400000, 0x00000000e3e00000, 0x00000000ecca0000)
  eden space 8192K,   0% used [0x00000000e3400000, 0x00000000e3400000, 0x00000000e3c00000)
  from space 1024K,  51% used [0x00000000e3d00000, 0x00000000e3d83270, 0x00000000e3e00000)
  to   space 1024K,   0% used [0x00000000e3c00000, 0x00000000e3c00000, 0x00000000e3d00000)
 concurrent mark-sweep generation total 91316K, used 54787K [0x00000000ecca0000, 0x00000000f25cd000, 0x0000000100000000)
 Metaspace       used 73638K, capacity 76776K, committed 76928K, reserved 1116160K
  class space    used 9491K, capacity 10098K, committed 10112K, reserved 1048576K
}
2020-11-07T19:56:34.756+0800: 77.905: Application time: 0.0409274 seconds
{Heap before GC invocations=919 (full 87):
 par new generation   total 9216K, used 8716K [0x00000000e3400000, 0x00000000e3e00000, 0x00000000ecca0000)
  eden space 8192K, 100% used [0x00000000e3400000, 0x00000000e3c00000, 0x00000000e3c00000)
  from space 1024K,  51% used [0x00000000e3d00000, 0x00000000e3d83270, 0x00000000e3e00000)
  to   space 1024K,   0% used [0x00000000e3c00000, 0x00000000e3c00000, 0x00000000e3d00000)
 concurrent mark-sweep generation total 91316K, used 54787K [0x00000000ecca0000, 0x00000000f25cd000, 0x0000000100000000)
 Metaspace       used 73727K, capacity 76840K, committed 76928K, reserved 1116160K
  class space    used 9506K, capacity 10098K, committed 10112K, reserved 1048576K
2020-11-07T19:56:34.756+0800: 77.906: [GC (Allocation Failure) 2020-11-07T19:56:34.756+0800: 77.906: [ParNew: 8716K->550K(9216K), 0.0255841 secs] 63503K->55337K(100532K), 0.0256435 secs] [Times: user=0.02 sys=0.00, real=0.02 secs] 
Heap after GC invocations=920 (full 87):
 par new generation   total 9216K, used 550K [0x00000000e3400000, 0x00000000e3e00000, 0x00000000ecca0000)
  eden space 8192K,   0% used [0x00000000e3400000, 0x00000000e3400000, 0x00000000e3c00000)
  from space 1024K,  53% used [0x00000000e3c00000, 0x00000000e3c89908, 0x00000000e3d00000)
  to   space 1024K,   0% used [0x00000000e3d00000, 0x00000000e3d00000, 0x00000000e3e00000)
 concurrent mark-sweep generation total 91316K, used 54787K [0x00000000ecca0000, 0x00000000f25cd000, 0x0000000100000000)
 Metaspace       used 73727K, capacity 76840K, committed 76928K, reserved 1116160K
  class space    used 9506K, capacity 10098K, committed 10112K, reserved 1048576K
}
2020-11-07T19:56:34.905+0800: 78.055: Application time: 0.1237863 seconds
{Heap before GC invocations=920 (full 87):
 par new generation   total 9216K, used 8742K [0x00000000e3400000, 0x00000000e3e00000, 0x00000000ecca0000)
  eden space 8192K, 100% used [0x00000000e3400000, 0x00000000e3c00000, 0x00000000e3c00000)
  from space 1024K,  53% used [0x00000000e3c00000, 0x00000000e3c89908, 0x00000000e3d00000)
  to   space 1024K,   0% used [0x00000000e3d00000, 0x00000000e3d00000, 0x00000000e3e00000)
 concurrent mark-sweep generation total 91316K, used 54787K [0x00000000ecca0000, 0x00000000f25cd000, 0x0000000100000000)
 Metaspace       used 73981K, capacity 77168K, committed 77312K, reserved 1116160K
  class space    used 9545K, capacity 10164K, committed 10240K, reserved 1048576K
2020-11-07T19:56:34.906+0800: 78.055: [GC (Allocation Failure) 2020-11-07T19:56:34.906+0800: 78.055: [ParNew: 8742K->894K(9216K), 0.0371053 secs] 63529K->55681K(100532K), 0.0371680 secs] [Times: user=0.04 sys=0.00, real=0.03 secs] 
Heap after GC invocations=921 (full 87):
 par new generation   total 9216K, used 894K [0x00000000e3400000, 0x00000000e3e00000, 0x00000000ecca0000)
  eden space 8192K,   0% used [0x00000000e3400000, 0x00000000e3400000, 0x00000000e3c00000)
  from space 1024K,  87% used [0x00000000e3d00000, 0x00000000e3ddfae0, 0x00000000e3e00000)
  to   space 1024K,   0% used [0x00000000e3c00000, 0x00000000e3c00000, 0x00000000e3d00000)
 concurrent mark-sweep generation total 91316K, used 54787K [0x00000000ecca0000, 0x00000000f25cd000, 0x0000000100000000)
 Metaspace       used 73981K, capacity 77168K, committed 77312K, reserved 1116160K
  class space    used 9545K, capacity 10164K, committed 10240K, reserved 1048576K
}
2020-11-07T19:56:34.985+0800: 78.135: Application time: 0.0419377 seconds
{Heap before GC invocations=921 (full 87):
 par new generation   total 9216K, used 9086K [0x00000000e3400000, 0x00000000e3e00000, 0x00000000ecca0000)
  eden space 8192K, 100% used [0x00000000e3400000, 0x00000000e3c00000, 0x00000000e3c00000)
  from space 1024K,  87% used [0x00000000e3d00000, 0x00000000e3ddfae0, 0x00000000e3e00000)
  to   space 1024K,   0% used [0x00000000e3c00000, 0x00000000e3c00000, 0x00000000e3d00000)
 concurrent mark-sweep generation total 91316K, used 54787K [0x00000000ecca0000, 0x00000000f25cd000, 0x0000000100000000)
 Metaspace       used 73995K, capacity 77174K, committed 77312K, reserved 1116160K
  class space    used 9546K, capacity 10165K, committed 10240K, reserved 1048576K
2020-11-07T19:56:34.985+0800: 78.135: [GC (Allocation Failure) 2020-11-07T19:56:34.985+0800: 78.135: [ParNew: 9086K->281K(9216K), 0.0369640 secs] 63873K->55440K(100532K), 0.0370478 secs] [Times: user=0.04 sys=0.00, real=0.03 secs] 
Heap after GC invocations=922 (full 87):
 par new generation   total 9216K, used 281K [0x00000000e3400000, 0x00000000e3e00000, 0x00000000ecca0000)
  eden space 8192K,   0% used [0x00000000e3400000, 0x00000000e3400000, 0x00000000e3c00000)
  from space 1024K,  27% used [0x00000000e3c00000, 0x00000000e3c466d0, 0x00000000e3d00000)
  to   space 1024K,   0% used [0x00000000e3d00000, 0x00000000e3d00000, 0x00000000e3e00000)
 concurrent mark-sweep generation total 91316K, used 55158K [0x00000000ecca0000, 0x00000000f25cd000, 0x0000000100000000)
 Metaspace       used 73995K, capacity 77174K, committed 77312K, reserved 1116160K
  class space    used 9546K, capacity 10165K, committed 10240K, reserved 1048576K
}
2020-11-07T19:56:35.037+0800: 78.187: Application time: 0.0150086 seconds
2020-11-07T19:56:35.037+0800: 78.187: [GC (CMS Initial Mark) [1 CMS-initial-mark: 55158K(91316K)] 62156K(100532K), 0.0085973 secs] [Times: user=0.01 sys=0.00, real=0.01 secs] 
2020-11-07T19:56:35.046+0800: 78.196: [CMS-concurrent-mark-start]
2020-11-07T19:56:35.065+0800: 78.214: Application time: 0.0184031 seconds
{Heap before GC invocations=922 (full 88):
 par new generation   total 9216K, used 8473K [0x00000000e3400000, 0x00000000e3e00000, 0x00000000ecca0000)
  eden space 8192K, 100% used [0x00000000e3400000, 0x00000000e3c00000, 0x00000000e3c00000)
  from space 1024K,  27% used [0x00000000e3c00000, 0x00000000e3c466d0, 0x00000000e3d00000)
  to   space 1024K,   0% used [0x00000000e3d00000, 0x00000000e3d00000, 0x00000000e3e00000)
 concurrent mark-sweep generation total 91316K, used 55158K [0x00000000ecca0000, 0x00000000f25cd000, 0x0000000100000000)
 Metaspace       used 74007K, capacity 77174K, committed 77312K, reserved 1116160K
  class space    used 9547K, capacity 10165K, committed 10240K, reserved 1048576K
2020-11-07T19:56:35.065+0800: 78.214: [GC (Allocation Failure) 2020-11-07T19:56:35.065+0800: 78.214: [ParNew: 8473K->341K(9216K), 0.0388918 secs] 63632K->55500K(100532K), 0.0389964 secs] [Times: user=0.04 sys=0.00, real=0.03 secs] 
Heap after GC invocations=923 (full 88):
 par new generation   total 9216K, used 341K [0x00000000e3400000, 0x00000000e3e00000, 0x00000000ecca0000)
  eden space 8192K,   0% used [0x00000000e3400000, 0x00000000e3400000, 0x00000000e3c00000)
  from space 1024K,  33% used [0x00000000e3d00000, 0x00000000e3d555c8, 0x00000000e3e00000)
  to   space 1024K,   0% used [0x00000000e3c00000, 0x00000000e3c00000, 0x00000000e3d00000)
 concurrent mark-sweep generation total 91316K, used 55158K [0x00000000ecca0000, 0x00000000f25cd000, 0x0000000100000000)
 Metaspace       used 74007K, capacity 77174K, committed 77312K, reserved 1116160K
  class space    used 9547K, capacity 10165K, committed 10240K, reserved 1048576K
}
2020-11-07T19:56:35.120+0800: 78.269: Application time: 0.0158828 seconds
2020-11-07T19:56:35.127+0800: 78.277: Application time: 0.0071940 seconds
2020-11-07T19:56:35.131+0800: 78.280: Application time: 0.0036682 seconds
2020-11-07T19:56:35.131+0800: 78.281: Application time: 0.0000506 seconds
2020-11-07T19:56:35.131+0800: 78.281: Application time: 0.0001079 seconds
2020-11-07T19:56:35.131+0800: 78.281: Application time: 0.0001995 seconds
2020-11-07T19:56:35.136+0800: 78.285: Application time: 0.0044041 seconds
2020-11-07T19:56:35.136+0800: 78.286: Application time: 0.0000354 seconds
2020-11-07T19:56:35.136+0800: 78.286: Application time: 0.0000320 seconds
2020-11-07T19:56:35.136+0800: 78.286: Application time: 0.0000201 seconds
2020-11-07T19:56:35.136+0800: 78.286: Application time: 0.0000209 seconds
2020-11-07T19:56:35.141+0800: 78.291: Application time: 0.0053479 seconds
{Heap before GC invocations=923 (full 88):
 par new generation   total 9216K, used 8533K [0x00000000e3400000, 0x00000000e3e00000, 0x00000000ecca0000)
  eden space 8192K, 100% used [0x00000000e3400000, 0x00000000e3c00000, 0x00000000e3c00000)
  from space 1024K,  33% used [0x00000000e3d00000, 0x00000000e3d555c8, 0x00000000e3e00000)
  to   space 1024K,   0% used [0x00000000e3c00000, 0x00000000e3c00000, 0x00000000e3d00000)
 concurrent mark-sweep generation total 91316K, used 55158K [0x00000000ecca0000, 0x00000000f25cd000, 0x0000000100000000)
 Metaspace       used 74056K, capacity 77314K, committed 77568K, reserved 1116160K
  class space    used 9561K, capacity 10189K, committed 10240K, reserved 1048576K
2020-11-07T19:56:35.142+0800: 78.291: [GC (Allocation Failure) 2020-11-07T19:56:35.142+0800: 78.291: [ParNew: 8533K->350K(9216K), 0.0460857 secs] 63692K->55509K(100532K), 0.0461480 secs] [Times: user=0.05 sys=0.00, real=0.05 secs] 
Heap after GC invocations=924 (full 88):
 par new generation   total 9216K, used 350K [0x00000000e3400000, 0x00000000e3e00000, 0x00000000ecca0000)
  eden space 8192K,   0% used [0x00000000e3400000, 0x00000000e3400000, 0x00000000e3c00000)
  from space 1024K,  34% used [0x00000000e3c00000, 0x00000000e3c57ab8, 0x00000000e3d00000)
  to   space 1024K,   0% used [0x00000000e3d00000, 0x00000000e3d00000, 0x00000000e3e00000)
 concurrent mark-sweep generation total 91316K, used 55158K [0x00000000ecca0000, 0x00000000f25cd000, 0x0000000100000000)
 Metaspace       used 74056K, capacity 77314K, committed 77568K, reserved 1116160K
  class space    used 9561K, capacity 10189K, committed 10240K, reserved 1048576K
}
2020-11-07T19:56:35.227+0800: 78.377: Application time: 0.0391785 seconds
{Heap before GC invocations=924 (full 88):
 par new generation   total 9216K, used 8542K [0x00000000e3400000, 0x00000000e3e00000, 0x00000000ecca0000)
  eden space 8192K, 100% used [0x00000000e3400000, 0x00000000e3c00000, 0x00000000e3c00000)
  from space 1024K,  34% used [0x00000000e3c00000, 0x00000000e3c57ab8, 0x00000000e3d00000)
  to   space 1024K,   0% used [0x00000000e3d00000, 0x00000000e3d00000, 0x00000000e3e00000)
 concurrent mark-sweep generation total 91316K, used 55158K [0x00000000ecca0000, 0x00000000f25cd000, 0x0000000100000000)
 Metaspace       used 74080K, capacity 77390K, committed 77568K, reserved 1116160K
  class space    used 9565K, capacity 10193K, committed 10240K, reserved 1048576K
2020-11-07T19:56:35.227+0800: 78.377: [GC (Allocation Failure) 2020-11-07T19:56:35.227+0800: 78.377: [ParNew: 8542K->463K(9216K), 0.0375553 secs] 63701K->55622K(100532K), 0.0376303 secs] [Times: user=0.03 sys=0.00, real=0.04 secs] 
Heap after GC invocations=925 (full 88):
 par new generation   total 9216K, used 463K [0x00000000e3400000, 0x00000000e3e00000, 0x00000000ecca0000)
  eden space 8192K,   0% used [0x00000000e3400000, 0x00000000e3400000, 0x00000000e3c00000)
  from space 1024K,  45% used [0x00000000e3d00000, 0x00000000e3d73f18, 0x00000000e3e00000)
  to   space 1024K,   0% used [0x00000000e3c00000, 0x00000000e3c00000, 0x00000000e3d00000)
 concurrent mark-sweep generation total 91316K, used 55158K [0x00000000ecca0000, 0x00000000f25cd000, 0x0000000100000000)
 Metaspace       used 74080K, capacity 77390K, committed 77568K, reserved 1116160K
  class space    used 9565K, capacity 10193K, committed 10240K, reserved 1048576K
}
2020-11-07T19:56:35.298+0800: 78.448: Application time: 0.0334166 seconds
2020-11-07T19:56:35.324+0800: 78.474: Application time: 0.0155533 seconds
{Heap before GC invocations=925 (full 88):
 par new generation   total 9216K, used 8655K [0x00000000e3400000, 0x00000000e3e00000, 0x00000000ecca0000)
  eden space 8192K, 100% used [0x00000000e3400000, 0x00000000e3c00000, 0x00000000e3c00000)
  from space 1024K,  45% used [0x00000000e3d00000, 0x00000000e3d73f18, 0x00000000e3e00000)
  to   space 1024K,   0% used [0x00000000e3c00000, 0x00000000e3c00000, 0x00000000e3d00000)
 concurrent mark-sweep generation total 91316K, used 55158K [0x00000000ecca0000, 0x00000000f25cd000, 0x0000000100000000)
 Metaspace       used 74095K, capacity 77392K, committed 77568K, reserved 1116160K
  class space    used 9567K, capacity 10194K, committed 10240K, reserved 1048576K
2020-11-07T19:56:35.324+0800: 78.474: [GC (Allocation Failure) 2020-11-07T19:56:35.325+0800: 78.474: [ParNew: 8655K->491K(9216K), 0.0082358 secs] 63814K->55650K(100532K), 0.0082953 secs] [Times: user=0.01 sys=0.00, real=0.00 secs] 
Heap after GC invocations=926 (full 88):
 par new generation   total 9216K, used 491K [0x00000000e3400000, 0x00000000e3e00000, 0x00000000ecca0000)
  eden space 8192K,   0% used [0x00000000e3400000, 0x00000000e3400000, 0x00000000e3c00000)
  from space 1024K,  48% used [0x00000000e3c00000, 0x00000000e3c7aee0, 0x00000000e3d00000)
  to   space 1024K,   0% used [0x00000000e3d00000, 0x00000000e3d00000, 0x00000000e3e00000)
 concurrent mark-sweep generation total 91316K, used 55158K [0x00000000ecca0000, 0x00000000f25cd000, 0x0000000100000000)
 Metaspace       used 74095K, capacity 77392K, committed 77568K, reserved 1116160K
  class space    used 9567K, capacity 10194K, committed 10240K, reserved 1048576K
}
2020-11-07T19:56:35.370+0800: 78.519: Application time: 0.0367505 seconds
{Heap before GC invocations=926 (full 88):
 par new generation   total 9216K, used 8683K [0x00000000e3400000, 0x00000000e3e00000, 0x00000000ecca0000)
  eden space 8192K, 100% used [0x00000000e3400000, 0x00000000e3c00000, 0x00000000e3c00000)
  from space 1024K,  48% used [0x00000000e3c00000, 0x00000000e3c7aee0, 0x00000000e3d00000)
  to   space 1024K,   0% used [0x00000000e3d00000, 0x00000000e3d00000, 0x00000000e3e00000)
 concurrent mark-sweep generation total 91316K, used 55158K [0x00000000ecca0000, 0x00000000f25cd000, 0x0000000100000000)
 Metaspace       used 74100K, capacity 77394K, committed 77568K, reserved 1116160K
  class space    used 9568K, capacity 10195K, committed 10240K, reserved 1048576K
2020-11-07T19:56:35.370+0800: 78.520: [GC (Allocation Failure) 2020-11-07T19:56:35.370+0800: 78.520: [ParNew: 8683K->523K(9216K), 0.0347179 secs] 63842K->55682K(100532K), 0.0347854 secs] [Times: user=0.03 sys=0.00, real=0.04 secs] 
Heap after GC invocations=927 (full 88):
 par new generation   total 9216K, used 523K [0x00000000e3400000, 0x00000000e3e00000, 0x00000000ecca0000)
  eden space 8192K,   0% used [0x00000000e3400000, 0x00000000e3400000, 0x00000000e3c00000)
  from space 1024K,  51% used [0x00000000e3d00000, 0x00000000e3d82ea8, 0x00000000e3e00000)
  to   space 1024K,   0% used [0x00000000e3c00000, 0x00000000e3c00000, 0x00000000e3d00000)
 concurrent mark-sweep generation total 91316K, used 55158K [0x00000000ecca0000, 0x00000000f25cd000, 0x0000000100000000)
 Metaspace       used 74100K, capacity 77394K, committed 77568K, reserved 1116160K
  class space    used 9568K, capacity 10195K, committed 10240K, reserved 1048576K
}
2020-11-07T19:56:35.420+0800: 78.570: Application time: 0.0152776 seconds
{Heap before GC invocations=927 (full 88):
 par new generation   total 9216K, used 8715K [0x00000000e3400000, 0x00000000e3e00000, 0x00000000ecca0000)
  eden space 8192K, 100% used [0x00000000e3400000, 0x00000000e3c00000, 0x00000000e3c00000)
  from space 1024K,  51% used [0x00000000e3d00000, 0x00000000e3d82ea8, 0x00000000e3e00000)
  to   space 1024K,   0% used [0x00000000e3c00000, 0x00000000e3c00000, 0x00000000e3d00000)
 concurrent mark-sweep generation total 91316K, used 55158K [0x00000000ecca0000, 0x00000000f25cd000, 0x0000000100000000)
 Metaspace       used 74100K, capacity 77394K, committed 77568K, reserved 1116160K
  class space    used 9568K, capacity 10195K, committed 10240K, reserved 1048576K
2020-11-07T19:56:35.420+0800: 78.570: [GC (Allocation Failure) 2020-11-07T19:56:35.420+0800: 78.570: [ParNew: 8715K->535K(9216K), 0.0084801 secs] 63874K->55694K(100532K), 0.0085451 secs] [Times: user=0.01 sys=0.00, real=0.01 secs] 
Heap after GC invocations=928 (full 88):
 par new generation   total 9216K, used 535K [0x00000000e3400000, 0x00000000e3e00000, 0x00000000ecca0000)
  eden space 8192K,   0% used [0x00000000e3400000, 0x00000000e3400000, 0x00000000e3c00000)
  from space 1024K,  52% used [0x00000000e3c00000, 0x00000000e3c85ea8, 0x00000000e3d00000)
  to   space 1024K,   0% used [0x00000000e3d00000, 0x00000000e3d00000, 0x00000000e3e00000)
 concurrent mark-sweep generation total 91316K, used 55158K [0x00000000ecca0000, 0x00000000f25cd000, 0x0000000100000000)
 Metaspace       used 74100K, capacity 77394K, committed 77568K, reserved 1116160K
  class space    used 9568K, capacity 10195K, committed 10240K, reserved 1048576K
}
2020-11-07T19:56:35.507+0800: 78.657: Application time: 0.0787366 seconds
{Heap before GC invocations=928 (full 88):
 par new generation   total 9216K, used 8727K [0x00000000e3400000, 0x00000000e3e00000, 0x00000000ecca0000)
  eden space 8192K, 100% used [0x00000000e3400000, 0x00000000e3c00000, 0x00000000e3c00000)
  from space 1024K,  52% used [0x00000000e3c00000, 0x00000000e3c85ea8, 0x00000000e3d00000)
  to   space 1024K,   0% used [0x00000000e3d00000, 0x00000000e3d00000, 0x00000000e3e00000)
 concurrent mark-sweep generation total 91316K, used 55158K [0x00000000ecca0000, 0x00000000f25cd000, 0x0000000100000000)
 Metaspace       used 74125K, capacity 77458K, committed 77568K, reserved 1116160K
  class space    used 9572K, capacity 10195K, committed 10240K, reserved 1048576K
2020-11-07T19:56:35.508+0800: 78.657: [GC (Allocation Failure) 2020-11-07T19:56:35.508+0800: 78.657: [ParNew: 8727K->573K(9216K), 0.0242673 secs] 63886K->55731K(100532K), 0.0243478 secs] [Times: user=0.02 sys=0.00, real=0.02 secs] 
Heap after GC invocations=929 (full 88):
 par new generation   total 9216K, used 573K [0x00000000e3400000, 0x00000000e3e00000, 0x00000000ecca0000)
  eden space 8192K,   0% used [0x00000000e3400000, 0x00000000e3400000, 0x00000000e3c00000)
  from space 1024K,  55% used [0x00000000e3d00000, 0x00000000e3d8f4d8, 0x00000000e3e00000)
  to   space 1024K,   0% used [0x00000000e3c00000, 0x00000000e3c00000, 0x00000000e3d00000)
 concurrent mark-sweep generation total 91316K, used 55158K [0x00000000ecca0000, 0x00000000f25cd000, 0x0000000100000000)
 Metaspace       used 74125K, capacity 77458K, committed 77568K, reserved 1116160K
  class space    used 9572K, capacity 10195K, committed 10240K, reserved 1048576K
}
2020-11-07T19:56:35.577+0800: 78.726: Application time: 0.0443271 seconds
{Heap before GC invocations=929 (full 88):
 par new generation   total 9216K, used 8765K [0x00000000e3400000, 0x00000000e3e00000, 0x00000000ecca0000)
  eden space 8192K, 100% used [0x00000000e3400000, 0x00000000e3c00000, 0x00000000e3c00000)
  from space 1024K,  55% used [0x00000000e3d00000, 0x00000000e3d8f4d8, 0x00000000e3e00000)
  to   space 1024K,   0% used [0x00000000e3c00000, 0x00000000e3c00000, 0x00000000e3d00000)
 concurrent mark-sweep generation total 91316K, used 55158K [0x00000000ecca0000, 0x00000000f25cd000, 0x0000000100000000)
 Metaspace       used 74140K, capacity 77458K, committed 77568K, reserved 1116160K
  class space    used 9574K, capacity 10195K, committed 10240K, reserved 1048576K
2020-11-07T19:56:35.577+0800: 78.726: [GC (Allocation Failure) 2020-11-07T19:56:35.577+0800: 78.726: [ParNew: 8765K->516K(9216K), 0.0238263 secs] 63923K->55782K(100532K), 0.0238920 secs] [Times: user=0.03 sys=0.00, real=0.02 secs] 
Heap after GC invocations=930 (full 88):
 par new generation   total 9216K, used 516K [0x00000000e3400000, 0x00000000e3e00000, 0x00000000ecca0000)
  eden space 8192K,   0% used [0x00000000e3400000, 0x00000000e3400000, 0x00000000e3c00000)
  from space 1024K,  50% used [0x00000000e3c00000, 0x00000000e3c810e0, 0x00000000e3d00000)
  to   space 1024K,   0% used [0x00000000e3d00000, 0x00000000e3d00000, 0x00000000e3e00000)
 concurrent mark-sweep generation total 91316K, used 55266K [0x00000000ecca0000, 0x00000000f25cd000, 0x0000000100000000)
 Metaspace       used 74140K, capacity 77458K, committed 77568K, reserved 1116160K
  class space    used 9574K, capacity 10195K, committed 10240K, reserved 1048576K
}
2020-11-07T19:56:35.642+0800: 78.792: Application time: 0.0414718 seconds
{Heap before GC invocations=930 (full 88):
 par new generation   total 9216K, used 8708K [0x00000000e3400000, 0x00000000e3e00000, 0x00000000ecca0000)
  eden space 8192K, 100% used [0x00000000e3400000, 0x00000000e3c00000, 0x00000000e3c00000)
  from space 1024K,  50% used [0x00000000e3c00000, 0x00000000e3c810e0, 0x00000000e3d00000)
  to   space 1024K,   0% used [0x00000000e3d00000, 0x00000000e3d00000, 0x00000000e3e00000)
 concurrent mark-sweep generation total 91316K, used 55266K [0x00000000ecca0000, 0x00000000f25cd000, 0x0000000100000000)
 Metaspace       used 74143K, capacity 77458K, committed 77568K, reserved 1116160K
  class space    used 9575K, capacity 10195K, committed 10240K, reserved 1048576K
2020-11-07T19:56:35.642+0800: 78.792: [GC (Allocation Failure) 2020-11-07T19:56:35.642+0800: 78.792: [ParNew: 8708K->556K(9216K), 0.0212299 secs] 63974K->55866K(100532K), 0.0213054 secs] [Times: user=0.02 sys=0.00, real=0.02 secs] 
Heap after GC invocations=931 (full 88):
 par new generation   total 9216K, used 556K [0x00000000e3400000, 0x00000000e3e00000, 0x00000000ecca0000)
  eden space 8192K,   0% used [0x00000000e3400000, 0x00000000e3400000, 0x00000000e3c00000)
  from space 1024K,  54% used [0x00000000e3d00000, 0x00000000e3d8b258, 0x00000000e3e00000)
  to   space 1024K,   0% used [0x00000000e3c00000, 0x00000000e3c00000, 0x00000000e3d00000)
 concurrent mark-sweep generation total 91316K, used 55309K [0x00000000ecca0000, 0x00000000f25cd000, 0x0000000100000000)
 Metaspace       used 74143K, capacity 77458K, committed 77568K, reserved 1116160K
  class space    used 9575K, capacity 10195K, committed 10240K, reserved 1048576K
}
2020-11-07T19:56:35.693+0800: 78.843: Application time: 0.0296474 seconds
{Heap before GC invocations=931 (full 88):
 par new generation   total 9216K, used 8748K [0x00000000e3400000, 0x00000000e3e00000, 0x00000000ecca0000)
  eden space 8192K, 100% used [0x00000000e3400000, 0x00000000e3c00000, 0x00000000e3c00000)
  from space 1024K,  54% used [0x00000000e3d00000, 0x00000000e3d8b258, 0x00000000e3e00000)
  to   space 1024K,   0% used [0x00000000e3c00000, 0x00000000e3c00000, 0x00000000e3d00000)
 concurrent mark-sweep generation total 91316K, used 55309K [0x00000000ecca0000, 0x00000000f25cd000, 0x0000000100000000)
 Metaspace       used 74143K, capacity 77458K, committed 77568K, reserved 1116160K
  class space    used 9575K, capacity 10195K, committed 10240K, reserved 1048576K
2020-11-07T19:56:35.694+0800: 78.843: [GC (Allocation Failure) 2020-11-07T19:56:35.694+0800: 78.843: [ParNew: 8748K->524K(9216K), 0.0258584 secs] 64058K->55889K(100532K), 0.0259581 secs] [Times: user=0.03 sys=0.00, real=0.03 secs] 
Heap after GC invocations=932 (full 88):
 par new generation   total 9216K, used 524K [0x00000000e3400000, 0x00000000e3e00000, 0x00000000ecca0000)
  eden space 8192K,   0% used [0x00000000e3400000, 0x00000000e3400000, 0x00000000e3c00000)
  from space 1024K,  51% used [0x00000000e3c00000, 0x00000000e3c83220, 0x00000000e3d00000)
  to   space 1024K,   0% used [0x00000000e3d00000, 0x00000000e3d00000, 0x00000000e3e00000)
 concurrent mark-sweep generation total 91316K, used 55365K [0x00000000ecca0000, 0x00000000f25cd000, 0x0000000100000000)
 Metaspace       used 74143K, capacity 77458K, committed 77568K, reserved 1116160K
  class space    used 9575K, capacity 10195K, committed 10240K, reserved 1048576K
}
2020-11-07T19:56:35.733+0800: 78.883: Application time: 0.0134644 seconds
{Heap before GC invocations=932 (full 88):
 par new generation   total 9216K, used 8716K [0x00000000e3400000, 0x00000000e3e00000, 0x00000000ecca0000)
  eden space 8192K, 100% used [0x00000000e3400000, 0x00000000e3c00000, 0x00000000e3c00000)
  from space 1024K,  51% used [0x00000000e3c00000, 0x00000000e3c83220, 0x00000000e3d00000)
  to   space 1024K,   0% used [0x00000000e3d00000, 0x00000000e3d00000, 0x00000000e3e00000)
 concurrent mark-sweep generation total 91316K, used 55365K [0x00000000ecca0000, 0x00000000f25cd000, 0x0000000100000000)
 Metaspace       used 74143K, capacity 77458K, committed 77568K, reserved 1116160K
  class space    used 9575K, capacity 10195K, committed 10240K, reserved 1048576K
2020-11-07T19:56:35.733+0800: 78.883: [GC (Allocation Failure) 2020-11-07T19:56:35.733+0800: 78.883: [ParNew: 8716K->408K(9216K), 0.0095090 secs] 64081K->55853K(100532K), 0.0095784 secs] [Times: user=0.01 sys=0.00, real=0.01 secs] 
Heap after GC invocations=933 (full 88):
 par new generation   total 9216K, used 408K [0x00000000e3400000, 0x00000000e3e00000, 0x00000000ecca0000)
  eden space 8192K,   0% used [0x00000000e3400000, 0x00000000e3400000, 0x00000000e3c00000)
  from space 1024K,  39% used [0x00000000e3d00000, 0x00000000e3d661e0, 0x00000000e3e00000)
  to   space 1024K,   0% used [0x00000000e3c00000, 0x00000000e3c00000, 0x00000000e3d00000)
 concurrent mark-sweep generation total 91316K, used 55444K [0x00000000ecca0000, 0x00000000f25cd000, 0x0000000100000000)
 Metaspace       used 74143K, capacity 77458K, committed 77568K, reserved 1116160K
  class space    used 9575K, capacity 10195K, committed 10240K, reserved 1048576K
}
2020-11-07T19:56:35.754+0800: 78.904: [CMS-concurrent-mark: 0.370/0.708 secs] [Times: user=0.70 sys=0.00, real=0.70 secs] 
2020-11-07T19:56:35.754+0800: 78.904: [CMS-concurrent-preclean-start]
2020-11-07T19:56:35.776+0800: 78.925: [CMS-concurrent-preclean: 0.021/0.021 secs] [Times: user=0.02 sys=0.00, real=0.03 secs] 
2020-11-07T19:56:35.776+0800: 78.925: [CMS-concurrent-abortable-preclean-start]
2020-11-07T19:56:35.824+0800: 78.973: Application time: 0.0805766 seconds
2020-11-07T19:56:35.853+0800: 79.003: Application time: 0.0284083 seconds
{Heap before GC invocations=933 (full 88):
 par new generation   total 9216K, used 8600K [0x00000000e3400000, 0x00000000e3e00000, 0x00000000ecca0000)
  eden space 8192K, 100% used [0x00000000e3400000, 0x00000000e3c00000, 0x00000000e3c00000)
  from space 1024K,  39% used [0x00000000e3d00000, 0x00000000e3d661e0, 0x00000000e3e00000)
  to   space 1024K,   0% used [0x00000000e3c00000, 0x00000000e3c00000, 0x00000000e3d00000)
 concurrent mark-sweep generation total 91316K, used 55444K [0x00000000ecca0000, 0x00000000f25cd000, 0x0000000100000000)
 Metaspace       used 74447K, capacity 77746K, committed 77824K, reserved 1116160K
  class space    used 9612K, capacity 10227K, committed 10240K, reserved 1048576K
2020-11-07T19:56:35.853+0800: 79.003: [GC (Allocation Failure) 2020-11-07T19:56:35.853+0800: 79.003: [ParNew: 8600K->648K(9216K), 0.0138699 secs] 64045K->56163K(100532K), 0.0139674 secs] [Times: user=0.02 sys=0.00, real=0.02 secs] 
Heap after GC invocations=934 (full 88):
 par new generation   total 9216K, used 648K [0x00000000e3400000, 0x00000000e3e00000, 0x00000000ecca0000)
  eden space 8192K,   0% used [0x00000000e3400000, 0x00000000e3400000, 0x00000000e3c00000)
  from space 1024K,  63% used [0x00000000e3c00000, 0x00000000e3ca2090, 0x00000000e3d00000)
  to   space 1024K,   0% used [0x00000000e3d00000, 0x00000000e3d00000, 0x00000000e3e00000)
 concurrent mark-sweep generation total 91316K, used 55515K [0x00000000ecca0000, 0x00000000f25cd000, 0x0000000100000000)
 Metaspace       used 74447K, capacity 77746K, committed 77824K, reserved 1116160K
  class space    used 9612K, capacity 10227K, committed 10240K, reserved 1048576K
}
2020-11-07T19:56:35.868+0800: 79.018: [CMS-concurrent-abortable-preclean: 0.021/0.092 secs] [Times: user=0.09 sys=0.01, real=0.09 secs] 
2020-11-07T19:56:35.873+0800: 79.022: Application time: 0.0051277 seconds
2020-11-07T19:56:35.873+0800: 79.022: [GC (CMS Final Remark) [YG occupancy: 2954 K (9216 K)]2020-11-07T19:56:35.873+0800: 79.022: [Rescan (parallel) , 0.0218783 secs]2020-11-07T19:56:35.895+0800: 79.044: [weak refs processing, 0.0023201 secs]2020-11-07T19:56:35.897+0800: 79.047: [class unloading, 0.0222809 secs]2020-11-07T19:56:35.919+0800: 79.069: [scrub symbol table, 0.0283761 secs]2020-11-07T19:56:35.948+0800: 79.097: [scrub string table, 0.0014509 secs][1 CMS-remark: 55515K(91316K)] 58469K(100532K), 0.0765028 secs] [Times: user=0.08 sys=0.00, real=0.08 secs] 
2020-11-07T19:56:35.962+0800: 79.112: [CMS-concurrent-sweep-start]
2020-11-07T19:56:36.043+0800: 79.192: [CMS-concurrent-sweep: 0.081/0.081 secs] [Times: user=0.08 sys=0.00, real=0.08 secs] 
2020-11-07T19:56:36.043+0800: 79.192: [CMS-concurrent-reset-start]
2020-11-07T19:56:36.044+0800: 79.193: [CMS-concurrent-reset: 0.001/0.001 secs] [Times: user=0.00 sys=0.00, real=0.00 secs] 
2020-11-07T19:56:36.047+0800: 79.197: Application time: 0.0982687 seconds
{Heap before GC invocations=934 (full 88):
 par new generation   total 9216K, used 8840K [0x00000000e3400000, 0x00000000e3e00000, 0x00000000ecca0000)
  eden space 8192K, 100% used [0x00000000e3400000, 0x00000000e3c00000, 0x00000000e3c00000)
  from space 1024K,  63% used [0x00000000e3c00000, 0x00000000e3ca2090, 0x00000000e3d00000)
  to   space 1024K,   0% used [0x00000000e3d00000, 0x00000000e3d00000, 0x00000000e3e00000)
 concurrent mark-sweep generation total 92280K, used 55366K [0x00000000ecca0000, 0x00000000f26be000, 0x0000000100000000)
 Metaspace       used 74558K, capacity 77862K, committed 78208K, reserved 1118208K
  class space    used 9627K, capacity 10253K, committed 10368K, reserved 1048576K
2020-11-07T19:56:36.048+0800: 79.197: [GC (Allocation Failure) 2020-11-07T19:56:36.048+0800: 79.197: [ParNew: 8840K->431K(9216K), 0.0234907 secs] 64206K->55939K(101496K), 0.0235703 secs] [Times: user=0.03 sys=0.00, real=0.02 secs] 
Heap after GC invocations=935 (full 88):
 par new generation   total 9216K, used 431K [0x00000000e3400000, 0x00000000e3e00000, 0x00000000ecca0000)
  eden space 8192K,   0% used [0x00000000e3400000, 0x00000000e3400000, 0x00000000e3c00000)
  from space 1024K,  42% used [0x00000000e3d00000, 0x00000000e3d6bda8, 0x00000000e3e00000)
  to   space 1024K,   0% used [0x00000000e3c00000, 0x00000000e3c00000, 0x00000000e3d00000)
 concurrent mark-sweep generation total 92280K, used 55507K [0x00000000ecca0000, 0x00000000f26be000, 0x0000000100000000)
 Metaspace       used 74558K, capacity 77862K, committed 78208K, reserved 1118208K
  class space    used 9627K, capacity 10253K, committed 10368K, reserved 1048576K
}
2020-11-07T19:56:36.080+0800: 79.230: Application time: 0.0086537 seconds
2020-11-07T19:56:36.080+0800: 79.230: [GC (CMS Initial Mark) [1 CMS-initial-mark: 55507K(92280K)] 59384K(101496K), 0.0072668 secs] [Times: user=0.01 sys=0.00, real=0.01 secs] 
2020-11-07T19:56:36.094+0800: 79.243: [CMS-concurrent-mark-start]
2020-11-07T19:56:36.111+0800: 79.261: Application time: 0.0238886 seconds
{Heap before GC invocations=935 (full 89):
 par new generation   total 9216K, used 8623K [0x00000000e3400000, 0x00000000e3e00000, 0x00000000ecca0000)
  eden space 8192K, 100% used [0x00000000e3400000, 0x00000000e3c00000, 0x00000000e3c00000)
  from space 1024K,  42% used [0x00000000e3d00000, 0x00000000e3d6bda8, 0x00000000e3e00000)
  to   space 1024K,   0% used [0x00000000e3c00000, 0x00000000e3c00000, 0x00000000e3d00000)
 concurrent mark-sweep generation total 92280K, used 55507K [0x00000000ecca0000, 0x00000000f26be000, 0x0000000100000000)
 Metaspace       used 74559K, capacity 77862K, committed 78208K, reserved 1118208K
  class space    used 9627K, capacity 10253K, committed 10368K, reserved 1048576K
2020-11-07T19:56:36.112+0800: 79.261: [GC (Allocation Failure) 2020-11-07T19:56:36.112+0800: 79.261: [ParNew: 8623K->333K(9216K), 0.0278540 secs] 64131K->55841K(101496K), 0.0279382 secs] [Times: user=0.03 sys=0.00, real=0.03 secs] 
Heap after GC invocations=936 (full 89):
 par new generation   total 9216K, used 333K [0x00000000e3400000, 0x00000000e3e00000, 0x00000000ecca0000)
  eden space 8192K,   0% used [0x00000000e3400000, 0x00000000e3400000, 0x00000000e3c00000)
  from space 1024K,  32% used [0x00000000e3c00000, 0x00000000e3c53598, 0x00000000e3d00000)
  to   space 1024K,   0% used [0x00000000e3d00000, 0x00000000e3d00000, 0x00000000e3e00000)
 concurrent mark-sweep generation total 92280K, used 55507K [0x00000000ecca0000, 0x00000000f26be000, 0x0000000100000000)
 Metaspace       used 74559K, capacity 77862K, committed 78208K, reserved 1118208K
  class space    used 9627K, capacity 10253K, committed 10368K, reserved 1048576K
}
2020-11-07T19:56:36.167+0800: 79.316: Application time: 0.0269940 seconds
{Heap before GC invocations=936 (full 89):
 par new generation   total 9216K, used 8525K [0x00000000e3400000, 0x00000000e3e00000, 0x00000000ecca0000)
  eden space 8192K, 100% used [0x00000000e3400000, 0x00000000e3c00000, 0x00000000e3c00000)
  from space 1024K,  32% used [0x00000000e3c00000, 0x00000000e3c53598, 0x00000000e3d00000)
  to   space 1024K,   0% used [0x00000000e3d00000, 0x00000000e3d00000, 0x00000000e3e00000)
 concurrent mark-sweep generation total 92280K, used 55507K [0x00000000ecca0000, 0x00000000f26be000, 0x0000000100000000)
 Metaspace       used 74563K, capacity 77862K, committed 78208K, reserved 1118208K
  class space    used 9628K, capacity 10253K, committed 10368K, reserved 1048576K
2020-11-07T19:56:36.167+0800: 79.317: [GC (Allocation Failure) 2020-11-07T19:56:36.167+0800: 79.317: [ParNew: 8525K->350K(9216K), 0.0226836 secs] 64033K->55858K(101496K), 0.0227544 secs] [Times: user=0.02 sys=0.01, real=0.02 secs] 
Heap after GC invocations=937 (full 89):
 par new generation   total 9216K, used 350K [0x00000000e3400000, 0x00000000e3e00000, 0x00000000ecca0000)
  eden space 8192K,   0% used [0x00000000e3400000, 0x00000000e3400000, 0x00000000e3c00000)
  from space 1024K,  34% used [0x00000000e3d00000, 0x00000000e3d578c0, 0x00000000e3e00000)
  to   space 1024K,   0% used [0x00000000e3c00000, 0x00000000e3c00000, 0x00000000e3d00000)
 concurrent mark-sweep generation total 92280K, used 55507K [0x00000000ecca0000, 0x00000000f26be000, 0x0000000100000000)
 Metaspace       used 74563K, capacity 77862K, committed 78208K, reserved 1118208K
  class space    used 9628K, capacity 10253K, committed 10368K, reserved 1048576K
}
2020-11-07T19:56:36.254+0800: 79.404: Application time: 0.0641513 seconds
{Heap before GC invocations=937 (full 89):
 par new generation   total 9216K, used 8542K [0x00000000e3400000, 0x00000000e3e00000, 0x00000000ecca0000)
  eden space 8192K, 100% used [0x00000000e3400000, 0x00000000e3c00000, 0x00000000e3c00000)
  from space 1024K,  34% used [0x00000000e3d00000, 0x00000000e3d578c0, 0x00000000e3e00000)
  to   space 1024K,   0% used [0x00000000e3c00000, 0x00000000e3c00000, 0x00000000e3d00000)
 concurrent mark-sweep generation total 92280K, used 55507K [0x00000000ecca0000, 0x00000000f26be000, 0x0000000100000000)
 Metaspace       used 74593K, capacity 77862K, committed 78208K, reserved 1118208K
  class space    used 9633K, capacity 10253K, committed 10368K, reserved 1048576K
2020-11-07T19:56:36.254+0800: 79.404: [GC (Allocation Failure) 2020-11-07T19:56:36.254+0800: 79.404: [ParNew: 8542K->641K(9216K), 0.0385156 secs] 64050K->56149K(101496K), 0.0385913 secs] [Times: user=0.04 sys=0.00, real=0.04 secs] 
Heap after GC invocations=938 (full 89):
 par new generation   total 9216K, used 641K [0x00000000e3400000, 0x00000000e3e00000, 0x00000000ecca0000)
  eden space 8192K,   0% used [0x00000000e3400000, 0x00000000e3400000, 0x00000000e3c00000)
  from space 1024K,  62% used [0x00000000e3c00000, 0x00000000e3ca05a0, 0x00000000e3d00000)
  to   space 1024K,   0% used [0x00000000e3d00000, 0x00000000e3d00000, 0x00000000e3e00000)
 concurrent mark-sweep generation total 92280K, used 55507K [0x00000000ecca0000, 0x00000000f26be000, 0x0000000100000000)
 Metaspace       used 74593K, capacity 77862K, committed 78208K, reserved 1118208K
  class space    used 9633K, capacity 10253K, committed 10368K, reserved 1048576K
}
2020-11-07T19:56:36.317+0800: 79.466: Application time: 0.0238773 seconds
{Heap before GC invocations=938 (full 89):
 par new generation   total 9216K, used 8833K [0x00000000e3400000, 0x00000000e3e00000, 0x00000000ecca0000)
  eden space 8192K, 100% used [0x00000000e3400000, 0x00000000e3c00000, 0x00000000e3c00000)
  from space 1024K,  62% used [0x00000000e3c00000, 0x00000000e3ca05a0, 0x00000000e3d00000)
  to   space 1024K,   0% used [0x00000000e3d00000, 0x00000000e3d00000, 0x00000000e3e00000)
 concurrent mark-sweep generation total 92280K, used 55507K [0x00000000ecca0000, 0x00000000f26be000, 0x0000000100000000)
 Metaspace       used 74593K, capacity 77862K, committed 78208K, reserved 1118208K
  class space    used 9633K, capacity 10253K, committed 10368K, reserved 1048576K
2020-11-07T19:56:36.317+0800: 79.467: [GC (Allocation Failure) 2020-11-07T19:56:36.317+0800: 79.467: [ParNew: 8833K->461K(9216K), 0.0357387 secs] 64341K->55991K(101496K), 0.0358140 secs] [Times: user=0.04 sys=0.00, real=0.03 secs] 
Heap after GC invocations=939 (full 89):
 par new generation   total 9216K, used 461K [0x00000000e3400000, 0x00000000e3e00000, 0x00000000ecca0000)
  eden space 8192K,   0% used [0x00000000e3400000, 0x00000000e3400000, 0x00000000e3c00000)
  from space 1024K,  45% used [0x00000000e3d00000, 0x00000000e3d73740, 0x00000000e3e00000)
  to   space 1024K,   0% used [0x00000000e3c00000, 0x00000000e3c00000, 0x00000000e3d00000)
 concurrent mark-sweep generation total 92280K, used 55529K [0x00000000ecca0000, 0x00000000f26be000, 0x0000000100000000)
 Metaspace       used 74593K, capacity 77862K, committed 78208K, reserved 1118208K
  class space    used 9633K, capacity 10253K, committed 10368K, reserved 1048576K
}
2020-11-07T19:56:36.376+0800: 79.526: Application time: 0.0235473 seconds
{Heap before GC invocations=939 (full 89):
 par new generation   total 9216K, used 8653K [0x00000000e3400000, 0x00000000e3e00000, 0x00000000ecca0000)
  eden space 8192K, 100% used [0x00000000e3400000, 0x00000000e3c00000, 0x00000000e3c00000)
  from space 1024K,  45% used [0x00000000e3d00000, 0x00000000e3d73740, 0x00000000e3e00000)
  to   space 1024K,   0% used [0x00000000e3c00000, 0x00000000e3c00000, 0x00000000e3d00000)
 concurrent mark-sweep generation total 92280K, used 55529K [0x00000000ecca0000, 0x00000000f26be000, 0x0000000100000000)
 Metaspace       used 74597K, capacity 77862K, committed 78208K, reserved 1118208K
  class space    used 9633K, capacity 10253K, committed 10368K, reserved 1048576K
2020-11-07T19:56:36.377+0800: 79.526: [GC (Allocation Failure) 2020-11-07T19:56:36.377+0800: 79.526: [ParNew: 8653K->513K(9216K), 0.0201686 secs] 64183K->56081K(101496K), 0.0202330 secs] [Times: user=0.02 sys=0.00, real=0.02 secs] 
Heap after GC invocations=940 (full 89):
 par new generation   total 9216K, used 513K [0x00000000e3400000, 0x00000000e3e00000, 0x00000000ecca0000)
  eden space 8192K,   0% used [0x00000000e3400000, 0x00000000e3400000, 0x00000000e3c00000)
  from space 1024K,  50% used [0x00000000e3c00000, 0x00000000e3c80780, 0x00000000e3d00000)
  to   space 1024K,   0% used [0x00000000e3d00000, 0x00000000e3d00000, 0x00000000e3e00000)
 concurrent mark-sweep generation total 92280K, used 55567K [0x00000000ecca0000, 0x00000000f26be000, 0x0000000100000000)
 Metaspace       used 74597K, capacity 77862K, committed 78208K, reserved 1118208K
  class space    used 9633K, capacity 10253K, committed 10368K, reserved 1048576K
}
2020-11-07T19:56:36.476+0800: 79.625: Application time: 0.0788005 seconds
2020-11-07T19:56:36.482+0800: 79.632: Application time: 0.0062179 seconds
{Heap before GC invocations=940 (full 89):
 par new generation   total 9216K, used 8705K [0x00000000e3400000, 0x00000000e3e00000, 0x00000000ecca0000)
  eden space 8192K, 100% used [0x00000000e3400000, 0x00000000e3c00000, 0x00000000e3c00000)
  from space 1024K,  50% used [0x00000000e3c00000, 0x00000000e3c80780, 0x00000000e3d00000)
  to   space 1024K,   0% used [0x00000000e3d00000, 0x00000000e3d00000, 0x00000000e3e00000)
 concurrent mark-sweep generation total 92280K, used 55567K [0x00000000ecca0000, 0x00000000f26be000, 0x0000000100000000)
 Metaspace       used 74817K, capacity 78086K, committed 78464K, reserved 1118208K
  class space    used 9662K, capacity 10285K, committed 10368K, reserved 1048576K
2020-11-07T19:56:36.482+0800: 79.632: [GC (Allocation Failure) 2020-11-07T19:56:36.482+0800: 79.632: [ParNew: 8705K->807K(9216K), 0.0379952 secs] 64273K->56406K(101496K), 0.0380579 secs] [Times: user=0.04 sys=0.00, real=0.04 secs] 
Heap after GC invocations=941 (full 89):
 par new generation   total 9216K, used 807K [0x00000000e3400000, 0x00000000e3e00000, 0x00000000ecca0000)
  eden space 8192K,   0% used [0x00000000e3400000, 0x00000000e3400000, 0x00000000e3c00000)
  from space 1024K,  78% used [0x00000000e3d00000, 0x00000000e3dc9cf0, 0x00000000e3e00000)
  to   space 1024K,   0% used [0x00000000e3c00000, 0x00000000e3c00000, 0x00000000e3d00000)
 concurrent mark-sweep generation total 92280K, used 55599K [0x00000000ecca0000, 0x00000000f26be000, 0x0000000100000000)
 Metaspace       used 74817K, capacity 78086K, committed 78464K, reserved 1118208K
  class space    used 9662K, capacity 10285K, committed 10368K, reserved 1048576K
}
2020-11-07T19:56:36.571+0800: 79.720: Application time: 0.0503819 seconds
2020-11-07T19:56:36.610+0800: 79.760: Application time: 0.0351209 seconds
{Heap before GC invocations=941 (full 89):
 par new generation   total 9216K, used 8999K [0x00000000e3400000, 0x00000000e3e00000, 0x00000000ecca0000)
  eden space 8192K, 100% used [0x00000000e3400000, 0x00000000e3c00000, 0x00000000e3c00000)
  from space 1024K,  78% used [0x00000000e3d00000, 0x00000000e3dc9cf0, 0x00000000e3e00000)
  to   space 1024K,   0% used [0x00000000e3c00000, 0x00000000e3c00000, 0x00000000e3d00000)
 concurrent mark-sweep generation total 92280K, used 55599K [0x00000000ecca0000, 0x00000000f26be000, 0x0000000100000000)
 Metaspace       used 74996K, capacity 78314K, committed 78464K, reserved 1118208K
  class space    used 9695K, capacity 10319K, committed 10368K, reserved 1048576K
2020-11-07T19:56:36.610+0800: 79.760: [GC (Allocation Failure) 2020-11-07T19:56:36.610+0800: 79.760: [ParNew: 8999K->669K(9216K), 0.0519545 secs] 64598K->56467K(101496K), 0.0520272 secs] [Times: user=0.05 sys=0.01, real=0.05 secs] 
Heap after GC invocations=942 (full 89):
 par new generation   total 9216K, used 669K [0x00000000e3400000, 0x00000000e3e00000, 0x00000000ecca0000)
  eden space 8192K,   0% used [0x00000000e3400000, 0x00000000e3400000, 0x00000000e3c00000)
  from space 1024K,  65% used [0x00000000e3c00000, 0x00000000e3ca7498, 0x00000000e3d00000)
  to   space 1024K,   0% used [0x00000000e3d00000, 0x00000000e3d00000, 0x00000000e3e00000)
 concurrent mark-sweep generation total 92280K, used 55798K [0x00000000ecca0000, 0x00000000f26be000, 0x0000000100000000)
 Metaspace       used 74996K, capacity 78314K, committed 78464K, reserved 1118208K
  class space    used 9695K, capacity 10319K, committed 10368K, reserved 1048576K
}
2020-11-07T19:56:36.681+0800: 79.830: [CMS-concurrent-mark: 0.332/0.587 secs] [Times: user=0.57 sys=0.02, real=0.59 secs] 
2020-11-07T19:56:36.681+0800: 79.830: [CMS-concurrent-preclean-start]
2020-11-07T19:56:36.697+0800: 79.846: Application time: 0.0343823 seconds
{Heap before GC invocations=942 (full 89):
 par new generation   total 9216K, used 8861K [0x00000000e3400000, 0x00000000e3e00000, 0x00000000ecca0000)
  eden space 8192K, 100% used [0x00000000e3400000, 0x00000000e3c00000, 0x00000000e3c00000)
  from space 1024K,  65% used [0x00000000e3c00000, 0x00000000e3ca7498, 0x00000000e3d00000)
  to   space 1024K,   0% used [0x00000000e3d00000, 0x00000000e3d00000, 0x00000000e3e00000)
 concurrent mark-sweep generation total 92280K, used 55798K [0x00000000ecca0000, 0x00000000f26be000, 0x0000000100000000)
 Metaspace       used 75062K, capacity 78378K, committed 78720K, reserved 1118208K
  class space    used 9706K, capacity 10319K, committed 10368K, reserved 1048576K
2020-11-07T19:56:36.697+0800: 79.846: [GC (Allocation Failure) 2020-11-07T19:56:36.697+0800: 79.846: [ParNew: 8861K->392K(9216K), 0.0340339 secs] 64659K->56190K(101496K), 0.0341155 secs] [Times: user=0.04 sys=0.00, real=0.03 secs] 
Heap after GC invocations=943 (full 89):
 par new generation   total 9216K, used 392K [0x00000000e3400000, 0x00000000e3e00000, 0x00000000ecca0000)
  eden space 8192K,   0% used [0x00000000e3400000, 0x00000000e3400000, 0x00000000e3c00000)
  from space 1024K,  38% used [0x00000000e3d00000, 0x00000000e3d621b0, 0x00000000e3e00000)
  to   space 1024K,   0% used [0x00000000e3c00000, 0x00000000e3c00000, 0x00000000e3d00000)
 concurrent mark-sweep generation total 92280K, used 55798K [0x00000000ecca0000, 0x00000000f26be000, 0x0000000100000000)
 Metaspace       used 75062K, capacity 78378K, committed 78720K, reserved 1118208K
  class space    used 9706K, capacity 10319K, committed 10368K, reserved 1048576K
}
2020-11-07T19:56:36.732+0800: 79.881: [CMS-concurrent-preclean: 0.016/0.051 secs] [Times: user=0.05 sys=0.00, real=0.05 secs] 
2020-11-07T19:56:36.738+0800: 79.887: Application time: 0.0067036 seconds
2020-11-07T19:56:36.738+0800: 79.887: [GC (CMS Final Remark) [YG occupancy: 4985 K (9216 K)]2020-11-07T19:56:36.738+0800: 79.887: [Rescan (parallel) , 0.0317243 secs]2020-11-07T19:56:36.770+0800: 79.919: [weak refs processing, 0.0026270 secs]2020-11-07T19:56:36.772+0800: 79.922: [class unloading, 0.0322053 secs]2020-11-07T19:56:36.804+0800: 79.954: [scrub symbol table, 0.0518579 secs]2020-11-07T19:56:36.856+0800: 80.006: [scrub string table, 0.0014765 secs][1 CMS-remark: 55798K(92280K)] 60784K(101496K), 0.1201161 secs] [Times: user=0.12 sys=0.00, real=0.12 secs] 
2020-11-07T19:56:36.866+0800: 80.016: [CMS-concurrent-sweep-start]
2020-11-07T19:56:36.905+0800: 80.055: Application time: 0.0475434 seconds
{Heap before GC invocations=943 (full 89):
 par new generation   total 9216K, used 8584K [0x00000000e3400000, 0x00000000e3e00000, 0x00000000ecca0000)
  eden space 8192K, 100% used [0x00000000e3400000, 0x00000000e3c00000, 0x00000000e3c00000)
  from space 1024K,  38% used [0x00000000e3d00000, 0x00000000e3d621b0, 0x00000000e3e00000)
  to   space 1024K,   0% used [0x00000000e3c00000, 0x00000000e3c00000, 0x00000000e3d00000)
 concurrent mark-sweep generation total 92280K, used 55776K [0x00000000ecca0000, 0x00000000f26be000, 0x0000000100000000)
 Metaspace       used 75066K, capacity 78378K, committed 78720K, reserved 1118208K
  class space    used 9707K, capacity 10319K, committed 10368K, reserved 1048576K
2020-11-07T19:56:36.906+0800: 80.055: [GC (Allocation Failure) 2020-11-07T19:56:36.906+0800: 80.055: [ParNew: 8584K->367K(9216K), 0.0139134 secs] 64360K->56143K(101496K), 0.0139990 secs] [Times: user=0.01 sys=0.00, real=0.01 secs] 
Heap after GC invocations=944 (full 89):
 par new generation   total 9216K, used 367K [0x00000000e3400000, 0x00000000e3e00000, 0x00000000ecca0000)
  eden space 8192K,   0% used [0x00000000e3400000, 0x00000000e3400000, 0x00000000e3c00000)
  from space 1024K,  35% used [0x00000000e3c00000, 0x00000000e3c5bf08, 0x00000000e3d00000)
  to   space 1024K,   0% used [0x00000000e3d00000, 0x00000000e3d00000, 0x00000000e3e00000)
 concurrent mark-sweep generation total 92280K, used 55776K [0x00000000ecca0000, 0x00000000f26be000, 0x0000000100000000)
 Metaspace       used 75066K, capacity 78378K, committed 78720K, reserved 1118208K
  class space    used 9707K, capacity 10319K, committed 10368K, reserved 1048576K
}
2020-11-07T19:56:36.951+0800: 80.101: [CMS-concurrent-sweep: 0.070/0.085 secs] [Times: user=0.08 sys=0.00, real=0.08 secs] 
2020-11-07T19:56:36.951+0800: 80.101: [CMS-concurrent-reset-start]
2020-11-07T19:56:36.952+0800: 80.102: [CMS-concurrent-reset: 0.001/0.001 secs] [Times: user=0.00 sys=0.00, real=0.00 secs] 
2020-11-07T19:56:36.958+0800: 80.108: Application time: 0.0382794 seconds
{Heap before GC invocations=944 (full 89):
 par new generation   total 9216K, used 8559K [0x00000000e3400000, 0x00000000e3e00000, 0x00000000ecca0000)
  eden space 8192K, 100% used [0x00000000e3400000, 0x00000000e3c00000, 0x00000000e3c00000)
  from space 1024K,  35% used [0x00000000e3c00000, 0x00000000e3c5bf08, 0x00000000e3d00000)
  to   space 1024K,   0% used [0x00000000e3d00000, 0x00000000e3d00000, 0x00000000e3e00000)
 concurrent mark-sweep generation total 92820K, used 55691K [0x00000000ecca0000, 0x00000000f2745000, 0x0000000100000000)
 Metaspace       used 75100K, capacity 78354K, committed 78720K, reserved 1118208K
  class space    used 9713K, capacity 10315K, committed 10368K, reserved 1048576K
2020-11-07T19:56:36.958+0800: 80.108: [GC (Allocation Failure) 2020-11-07T19:56:36.958+0800: 80.108: [ParNew: 8559K->407K(9216K), 0.0383634 secs] 64251K->56099K(102036K), 0.0384434 secs] [Times: user=0.03 sys=0.00, real=0.04 secs] 
Heap after GC invocations=945 (full 89):
 par new generation   total 9216K, used 407K [0x00000000e3400000, 0x00000000e3e00000, 0x00000000ecca0000)
  eden space 8192K,   0% used [0x00000000e3400000, 0x00000000e3400000, 0x00000000e3c00000)
  from space 1024K,  39% used [0x00000000e3d00000, 0x00000000e3d65cf8, 0x00000000e3e00000)
  to   space 1024K,   0% used [0x00000000e3c00000, 0x00000000e3c00000, 0x00000000e3d00000)
 concurrent mark-sweep generation total 92820K, used 55691K [0x00000000ecca0000, 0x00000000f2745000, 0x0000000100000000)
 Metaspace       used 75100K, capacity 78354K, committed 78720K, reserved 1118208K
  class space    used 9713K, capacity 10315K, committed 10368K, reserved 1048576K
}
2020-11-07T19:56:37.009+0800: 80.158: Application time: 0.0117943 seconds
{Heap before GC invocations=945 (full 89):
 par new generation   total 9216K, used 8599K [0x00000000e3400000, 0x00000000e3e00000, 0x00000000ecca0000)
  eden space 8192K, 100% used [0x00000000e3400000, 0x00000000e3c00000, 0x00000000e3c00000)
  from space 1024K,  39% used [0x00000000e3d00000, 0x00000000e3d65cf8, 0x00000000e3e00000)
  to   space 1024K,   0% used [0x00000000e3c00000, 0x00000000e3c00000, 0x00000000e3d00000)
 concurrent mark-sweep generation total 92820K, used 55691K [0x00000000ecca0000, 0x00000000f2745000, 0x0000000100000000)
 Metaspace       used 75107K, capacity 78358K, committed 78720K, reserved 1118208K
  class space    used 9715K, capacity 10317K, committed 10368K, reserved 1048576K
2020-11-07T19:56:37.009+0800: 80.158: [GC (Allocation Failure) 2020-11-07T19:56:37.009+0800: 80.159: [ParNew: 8599K->388K(9216K), 0.0208779 secs] 64291K->56079K(102036K), 0.0209373 secs] [Times: user=0.02 sys=0.00, real=0.02 secs] 
Heap after GC invocations=946 (full 89):
 par new generation   total 9216K, used 388K [0x00000000e3400000, 0x00000000e3e00000, 0x00000000ecca0000)
  eden space 8192K,   0% used [0x00000000e3400000, 0x00000000e3400000, 0x00000000e3c00000)
  from space 1024K,  37% used [0x00000000e3c00000, 0x00000000e3c61010, 0x00000000e3d00000)
  to   space 1024K,   0% used [0x00000000e3d00000, 0x00000000e3d00000, 0x00000000e3e00000)
 concurrent mark-sweep generation total 92820K, used 55691K [0x00000000ecca0000, 0x00000000f2745000, 0x0000000100000000)
 Metaspace       used 75107K, capacity 78358K, committed 78720K, reserved 1118208K
  class space    used 9715K, capacity 10317K, committed 10368K, reserved 1048576K
}
2020-11-07T19:56:37.045+0800: 80.194: Application time: 0.0149899 seconds
{Heap before GC invocations=946 (full 89):
 par new generation   total 9216K, used 8580K [0x00000000e3400000, 0x00000000e3e00000, 0x00000000ecca0000)
  eden space 8192K, 100% used [0x00000000e3400000, 0x00000000e3c00000, 0x00000000e3c00000)
  from space 1024K,  37% used [0x00000000e3c00000, 0x00000000e3c61010, 0x00000000e3d00000)
  to   space 1024K,   0% used [0x00000000e3d00000, 0x00000000e3d00000, 0x00000000e3e00000)
 concurrent mark-sweep generation total 92820K, used 55691K [0x00000000ecca0000, 0x00000000f2745000, 0x0000000100000000)
 Metaspace       used 75131K, capacity 78454K, committed 78720K, reserved 1118208K
  class space    used 9720K, capacity 10349K, committed 10368K, reserved 1048576K
2020-11-07T19:56:37.045+0800: 80.195: [GC (Allocation Failure) 2020-11-07T19:56:37.045+0800: 80.195: [ParNew: 8580K->503K(9216K), 0.0269508 secs] 64271K->56288K(102036K), 0.0270111 secs] [Times: user=0.03 sys=0.00, real=0.02 secs] 
Heap after GC invocations=947 (full 89):
 par new generation   total 9216K, used 503K [0x00000000e3400000, 0x00000000e3e00000, 0x00000000ecca0000)
  eden space 8192K,   0% used [0x00000000e3400000, 0x00000000e3400000, 0x00000000e3c00000)
  from space 1024K,  49% used [0x00000000e3d00000, 0x00000000e3d7dd38, 0x00000000e3e00000)
  to   space 1024K,   0% used [0x00000000e3c00000, 0x00000000e3c00000, 0x00000000e3d00000)
 concurrent mark-sweep generation total 92820K, used 55785K [0x00000000ecca0000, 0x00000000f2745000, 0x0000000100000000)
 Metaspace       used 75131K, capacity 78454K, committed 78720K, reserved 1118208K
  class space    used 9720K, capacity 10349K, committed 10368K, reserved 1048576K
}
2020-11-07T19:56:37.080+0800: 80.229: Application time: 0.0077342 seconds
{Heap before GC invocations=947 (full 89):
 par new generation   total 9216K, used 8695K [0x00000000e3400000, 0x00000000e3e00000, 0x00000000ecca0000)
  eden space 8192K, 100% used [0x00000000e3400000, 0x00000000e3c00000, 0x00000000e3c00000)
  from space 1024K,  49% used [0x00000000e3d00000, 0x00000000e3d7dd38, 0x00000000e3e00000)
  to   space 1024K,   0% used [0x00000000e3c00000, 0x00000000e3c00000, 0x00000000e3d00000)
 concurrent mark-sweep generation total 92820K, used 55785K [0x00000000ecca0000, 0x00000000f2745000, 0x0000000100000000)
 Metaspace       used 75131K, capacity 78454K, committed 78720K, reserved 1118208K
  class space    used 9720K, capacity 10349K, committed 10368K, reserved 1048576K
2020-11-07T19:56:37.080+0800: 80.230: [GC (Allocation Failure) 2020-11-07T19:56:37.080+0800: 80.230: [ParNew: 8695K->335K(9216K), 0.0250326 secs] 64480K->56144K(102036K), 0.0250916 secs] [Times: user=0.02 sys=0.00, real=0.03 secs] 
Heap after GC invocations=948 (full 89):
 par new generation   total 9216K, used 335K [0x00000000e3400000, 0x00000000e3e00000, 0x00000000ecca0000)
  eden space 8192K,   0% used [0x00000000e3400000, 0x00000000e3400000, 0x00000000e3c00000)
  from space 1024K,  32% used [0x00000000e3c00000, 0x00000000e3c53e80, 0x00000000e3d00000)
  to   space 1024K,   0% used [0x00000000e3d00000, 0x00000000e3d00000, 0x00000000e3e00000)
 concurrent mark-sweep generation total 92820K, used 55809K [0x00000000ecca0000, 0x00000000f2745000, 0x0000000100000000)
 Metaspace       used 75131K, capacity 78454K, committed 78720K, reserved 1118208K
  class space    used 9720K, capacity 10349K, committed 10368K, reserved 1048576K
}
2020-11-07T19:56:37.110+0800: 80.259: Application time: 0.0044344 seconds
2020-11-07T19:56:37.110+0800: 80.259: [GC (CMS Initial Mark) [1 CMS-initial-mark: 55809K(92820K)] 59762K(102036K), 0.0069258 secs] [Times: user=0.00 sys=0.00, real=0.01 secs] 
2020-11-07T19:56:37.117+0800: 80.266: [CMS-concurrent-mark-start]
2020-11-07T19:56:37.127+0800: 80.276: Application time: 0.0100766 seconds
{Heap before GC invocations=948 (full 90):
 par new generation   total 9216K, used 8527K [0x00000000e3400000, 0x00000000e3e00000, 0x00000000ecca0000)
  eden space 8192K, 100% used [0x00000000e3400000, 0x00000000e3c00000, 0x00000000e3c00000)
  from space 1024K,  32% used [0x00000000e3c00000, 0x00000000e3c53e80, 0x00000000e3d00000)
  to   space 1024K,   0% used [0x00000000e3d00000, 0x00000000e3d00000, 0x00000000e3e00000)
 concurrent mark-sweep generation total 92820K, used 55809K [0x00000000ecca0000, 0x00000000f2745000, 0x0000000100000000)
 Metaspace       used 75131K, capacity 78454K, committed 78720K, reserved 1118208K
  class space    used 9720K, capacity 10349K, committed 10368K, reserved 1048576K
2020-11-07T19:56:37.127+0800: 80.277: [GC (Allocation Failure) 2020-11-07T19:56:37.127+0800: 80.277: [ParNew: 8527K->262K(9216K), 0.0128699 secs] 64336K->56099K(102036K), 0.0129752 secs] [Times: user=0.02 sys=0.00, real=0.01 secs] 
Heap after GC invocations=949 (full 90):
 par new generation   total 9216K, used 262K [0x00000000e3400000, 0x00000000e3e00000, 0x00000000ecca0000)
  eden space 8192K,   0% used [0x00000000e3400000, 0x00000000e3400000, 0x00000000e3c00000)
  from space 1024K,  25% used [0x00000000e3d00000, 0x00000000e3d41800, 0x00000000e3e00000)
  to   space 1024K,   0% used [0x00000000e3c00000, 0x00000000e3c00000, 0x00000000e3d00000)
 concurrent mark-sweep generation total 92820K, used 55837K [0x00000000ecca0000, 0x00000000f2745000, 0x0000000100000000)
 Metaspace       used 75131K, capacity 78454K, committed 78720K, reserved 1118208K
  class space    used 9720K, capacity 10349K, committed 10368K, reserved 1048576K
}
2020-11-07T19:56:37.162+0800: 80.312: Application time: 0.0222080 seconds
{Heap before GC invocations=949 (full 90):
 par new generation   total 9216K, used 8454K [0x00000000e3400000, 0x00000000e3e00000, 0x00000000ecca0000)
  eden space 8192K, 100% used [0x00000000e3400000, 0x00000000e3c00000, 0x00000000e3c00000)
  from space 1024K,  25% used [0x00000000e3d00000, 0x00000000e3d41800, 0x00000000e3e00000)
  to   space 1024K,   0% used [0x00000000e3c00000, 0x00000000e3c00000, 0x00000000e3d00000)
 concurrent mark-sweep generation total 92820K, used 55837K [0x00000000ecca0000, 0x00000000f2745000, 0x0000000100000000)
 Metaspace       used 75132K, capacity 78454K, committed 78720K, reserved 1118208K
  class space    used 9720K, capacity 10349K, committed 10368K, reserved 1048576K
2020-11-07T19:56:37.162+0800: 80.312: [GC (Allocation Failure) 2020-11-07T19:56:37.162+0800: 80.312: [ParNew: 8454K->308K(9216K), 0.0232602 secs] 64291K->56180K(102036K), 0.0233340 secs] [Times: user=0.02 sys=0.01, real=0.03 secs] 
Heap after GC invocations=950 (full 90):
 par new generation   total 9216K, used 308K [0x00000000e3400000, 0x00000000e3e00000, 0x00000000ecca0000)
  eden space 8192K,   0% used [0x00000000e3400000, 0x00000000e3400000, 0x00000000e3c00000)
  from space 1024K,  30% used [0x00000000e3c00000, 0x00000000e3c4d300, 0x00000000e3d00000)
  to   space 1024K,   0% used [0x00000000e3d00000, 0x00000000e3d00000, 0x00000000e3e00000)
 concurrent mark-sweep generation total 92820K, used 55871K [0x00000000ecca0000, 0x00000000f2745000, 0x0000000100000000)
 Metaspace       used 75132K, capacity 78454K, committed 78720K, reserved 1118208K
  class space    used 9720K, capacity 10349K, committed 10368K, reserved 1048576K
}
2020-11-07T19:56:37.211+0800: 80.361: Application time: 0.0250323 seconds
{Heap before GC invocations=950 (full 90):
 par new generation   total 9216K, used 8500K [0x00000000e3400000, 0x00000000e3e00000, 0x00000000ecca0000)
  eden space 8192K, 100% used [0x00000000e3400000, 0x00000000e3c00000, 0x00000000e3c00000)
  from space 1024K,  30% used [0x00000000e3c00000, 0x00000000e3c4d300, 0x00000000e3d00000)
  to   space 1024K,   0% used [0x00000000e3d00000, 0x00000000e3d00000, 0x00000000e3e00000)
 concurrent mark-sweep generation total 92820K, used 55871K [0x00000000ecca0000, 0x00000000f2745000, 0x0000000100000000)
 Metaspace       used 75132K, capacity 78454K, committed 78720K, reserved 1118208K
  class space    used 9720K, capacity 10349K, committed 10368K, reserved 1048576K
2020-11-07T19:56:37.211+0800: 80.361: [GC (Allocation Failure) 2020-11-07T19:56:37.211+0800: 80.361: [ParNew: 8500K->251K(9216K), 0.0436499 secs] 64372K->56170K(102036K), 0.0437126 secs] [Times: user=0.05 sys=0.00, real=0.05 secs] 
Heap after GC invocations=951 (full 90):
 par new generation   total 9216K, used 251K [0x00000000e3400000, 0x00000000e3e00000, 0x00000000ecca0000)
  eden space 8192K,   0% used [0x00000000e3400000, 0x00000000e3400000, 0x00000000e3c00000)
  from space 1024K,  24% used [0x00000000e3d00000, 0x00000000e3d3eea0, 0x00000000e3e00000)
  to   space 1024K,   0% used [0x00000000e3c00000, 0x00000000e3c00000, 0x00000000e3d00000)
 concurrent mark-sweep generation total 92820K, used 55919K [0x00000000ecca0000, 0x00000000f2745000, 0x0000000100000000)
 Metaspace       used 75132K, capacity 78454K, committed 78720K, reserved 1118208K
  class space    used 9720K, capacity 10349K, committed 10368K, reserved 1048576K
}
2020-11-07T19:56:37.283+0800: 80.432: Application time: 0.0277487 seconds
{Heap before GC invocations=951 (full 90):
 par new generation   total 9216K, used 8443K [0x00000000e3400000, 0x00000000e3e00000, 0x00000000ecca0000)
  eden space 8192K, 100% used [0x00000000e3400000, 0x00000000e3c00000, 0x00000000e3c00000)
  from space 1024K,  24% used [0x00000000e3d00000, 0x00000000e3d3eea0, 0x00000000e3e00000)
  to   space 1024K,   0% used [0x00000000e3c00000, 0x00000000e3c00000, 0x00000000e3d00000)
 concurrent mark-sweep generation total 92820K, used 55919K [0x00000000ecca0000, 0x00000000f2745000, 0x0000000100000000)
 Metaspace       used 75143K, capacity 78454K, committed 78720K, reserved 1118208K
  class space    used 9722K, capacity 10349K, committed 10368K, reserved 1048576K
2020-11-07T19:56:37.283+0800: 80.432: [GC (Allocation Failure) 2020-11-07T19:56:37.283+0800: 80.432: [ParNew: 8443K->270K(9216K), 0.0261013 secs] 64362K->56217K(102036K), 0.0261690 secs] [Times: user=0.03 sys=0.00, real=0.03 secs] 
Heap after GC invocations=952 (full 90):
 par new generation   total 9216K, used 270K [0x00000000e3400000, 0x00000000e3e00000, 0x00000000ecca0000)
  eden space 8192K,   0% used [0x00000000e3400000, 0x00000000e3400000, 0x00000000e3c00000)
  from space 1024K,  26% used [0x00000000e3c00000, 0x00000000e3c438e0, 0x00000000e3d00000)
  to   space 1024K,   0% used [0x00000000e3d00000, 0x00000000e3d00000, 0x00000000e3e00000)
 concurrent mark-sweep generation total 92820K, used 55947K [0x00000000ecca0000, 0x00000000f2745000, 0x0000000100000000)
 Metaspace       used 75143K, capacity 78454K, committed 78720K, reserved 1118208K
  class space    used 9722K, capacity 10349K, committed 10368K, reserved 1048576K
}
2020-11-07T19:56:37.317+0800: 80.467: Application time: 0.0081535 seconds
{Heap before GC invocations=952 (full 90):
 par new generation   total 9216K, used 8462K [0x00000000e3400000, 0x00000000e3e00000, 0x00000000ecca0000)
  eden space 8192K, 100% used [0x00000000e3400000, 0x00000000e3c00000, 0x00000000e3c00000)
  from space 1024K,  26% used [0x00000000e3c00000, 0x00000000e3c438e0, 0x00000000e3d00000)
  to   space 1024K,   0% used [0x00000000e3d00000, 0x00000000e3d00000, 0x00000000e3e00000)
 concurrent mark-sweep generation total 92820K, used 55947K [0x00000000ecca0000, 0x00000000f2745000, 0x0000000100000000)
 Metaspace       used 75143K, capacity 78454K, committed 78720K, reserved 1118208K
  class space    used 9722K, capacity 10349K, committed 10368K, reserved 1048576K
2020-11-07T19:56:37.317+0800: 80.467: [GC (Allocation Failure) 2020-11-07T19:56:37.317+0800: 80.467: [ParNew: 8462K->208K(9216K), 0.0173498 secs] 64409K->56172K(102036K), 0.0174107 secs] [Times: user=0.02 sys=0.00, real=0.02 secs] 
Heap after GC invocations=953 (full 90):
 par new generation   total 9216K, used 208K [0x00000000e3400000, 0x00000000e3e00000, 0x00000000ecca0000)
  eden space 8192K,   0% used [0x00000000e3400000, 0x00000000e3400000, 0x00000000e3c00000)
  from space 1024K,  20% used [0x00000000e3d00000, 0x00000000e3d34320, 0x00000000e3e00000)
  to   space 1024K,   0% used [0x00000000e3c00000, 0x00000000e3c00000, 0x00000000e3d00000)
 concurrent mark-sweep generation total 92820K, used 55963K [0x00000000ecca0000, 0x00000000f2745000, 0x0000000100000000)
 Metaspace       used 75143K, capacity 78454K, committed 78720K, reserved 1118208K
  class space    used 9722K, capacity 10349K, committed 10368K, reserved 1048576K
}
2020-11-07T19:56:37.359+0800: 80.509: Application time: 0.0241140 seconds
{Heap before GC invocations=953 (full 90):
 par new generation   total 9216K, used 8400K [0x00000000e3400000, 0x00000000e3e00000, 0x00000000ecca0000)
  eden space 8192K, 100% used [0x00000000e3400000, 0x00000000e3c00000, 0x00000000e3c00000)
  from space 1024K,  20% used [0x00000000e3d00000, 0x00000000e3d34320, 0x00000000e3e00000)
  to   space 1024K,   0% used [0x00000000e3c00000, 0x00000000e3c00000, 0x00000000e3d00000)
 concurrent mark-sweep generation total 92820K, used 55963K [0x00000000ecca0000, 0x00000000f2745000, 0x0000000100000000)
 Metaspace       used 75144K, capacity 78454K, committed 78720K, reserved 1118208K
  class space    used 9722K, capacity 10349K, committed 10368K, reserved 1048576K
2020-11-07T19:56:37.359+0800: 80.509: [GC (Allocation Failure) 2020-11-07T19:56:37.359+0800: 80.509: [ParNew: 8400K->204K(9216K), 0.0127352 secs] 64364K->56199K(102036K), 0.0127961 secs] [Times: user=0.01 sys=0.00, real=0.01 secs] 
Heap after GC invocations=954 (full 90):
 par new generation   total 9216K, used 204K [0x00000000e3400000, 0x00000000e3e00000, 0x00000000ecca0000)
  eden space 8192K,   0% used [0x00000000e3400000, 0x00000000e3400000, 0x00000000e3c00000)
  from space 1024K,  19% used [0x00000000e3c00000, 0x00000000e3c33080, 0x00000000e3d00000)
  to   space 1024K,   0% used [0x00000000e3d00000, 0x00000000e3d00000, 0x00000000e3e00000)
 concurrent mark-sweep generation total 92820K, used 55995K [0x00000000ecca0000, 0x00000000f2745000, 0x0000000100000000)
 Metaspace       used 75144K, capacity 78454K, committed 78720K, reserved 1118208K
  class space    used 9722K, capacity 10349K, committed 10368K, reserved 1048576K
}
2020-11-07T19:56:37.391+0800: 80.541: Application time: 0.0194342 seconds
{Heap before GC invocations=954 (full 90):
 par new generation   total 9216K, used 8396K [0x00000000e3400000, 0x00000000e3e00000, 0x00000000ecca0000)
  eden space 8192K, 100% used [0x00000000e3400000, 0x00000000e3c00000, 0x00000000e3c00000)
  from space 1024K,  19% used [0x00000000e3c00000, 0x00000000e3c33080, 0x00000000e3d00000)
  to   space 1024K,   0% used [0x00000000e3d00000, 0x00000000e3d00000, 0x00000000e3e00000)
 concurrent mark-sweep generation total 92820K, used 55995K [0x00000000ecca0000, 0x00000000f2745000, 0x0000000100000000)
 Metaspace       used 75144K, capacity 78454K, committed 78720K, reserved 1118208K
  class space    used 9722K, capacity 10349K, committed 10368K, reserved 1048576K
2020-11-07T19:56:37.392+0800: 80.541: [GC (Allocation Failure) 2020-11-07T19:56:37.392+0800: 80.541: [ParNew: 8396K->242K(9216K), 0.0410700 secs] 64391K->56259K(102036K), 0.0411316 secs] [Times: user=0.04 sys=0.00, real=0.04 secs] 
Heap after GC invocations=955 (full 90):
 par new generation   total 9216K, used 242K [0x00000000e3400000, 0x00000000e3e00000, 0x00000000ecca0000)
  eden space 8192K,   0% used [0x00000000e3400000, 0x00000000e3400000, 0x00000000e3c00000)
  from space 1024K,  23% used [0x00000000e3d00000, 0x00000000e3d3cb68, 0x00000000e3e00000)
  to   space 1024K,   0% used [0x00000000e3c00000, 0x00000000e3c00000, 0x00000000e3d00000)
 concurrent mark-sweep generation total 92820K, used 56016K [0x00000000ecca0000, 0x00000000f2745000, 0x0000000100000000)
 Metaspace       used 75144K, capacity 78454K, committed 78720K, reserved 1118208K
  class space    used 9722K, capacity 10349K, committed 10368K, reserved 1048576K
}
2020-11-07T19:56:38.415+0800: 81.564: Application time: 0.9817181 seconds
{Heap before GC invocations=955 (full 90):
 par new generation   total 9216K, used 8434K [0x00000000e3400000, 0x00000000e3e00000, 0x00000000ecca0000)
  eden space 8192K, 100% used [0x00000000e3400000, 0x00000000e3c00000, 0x00000000e3c00000)
  from space 1024K,  23% used [0x00000000e3d00000, 0x00000000e3d3cb68, 0x00000000e3e00000)
  to   space 1024K,   0% used [0x00000000e3c00000, 0x00000000e3c00000, 0x00000000e3d00000)
 concurrent mark-sweep generation total 92820K, used 56016K [0x00000000ecca0000, 0x00000000f2745000, 0x0000000100000000)
 Metaspace       used 75146K, capacity 78454K, committed 78720K, reserved 1118208K
  class space    used 9722K, capacity 10349K, committed 10368K, reserved 1048576K
2020-11-07T19:56:38.415+0800: 81.564: [GC (Allocation Failure) 2020-11-07T19:56:38.415+0800: 81.564: [ParNew: 8434K->177K(9216K), 0.0078258 secs] 64451K->56237K(102036K), 0.0079094 secs] [Times: user=0.01 sys=0.00, real=0.00 secs] 
Heap after GC invocations=956 (full 90):
 par new generation   total 9216K, used 177K [0x00000000e3400000, 0x00000000e3e00000, 0x00000000ecca0000)
  eden space 8192K,   0% used [0x00000000e3400000, 0x00000000e3400000, 0x00000000e3c00000)
  from space 1024K,  17% used [0x00000000e3c00000, 0x00000000e3c2c400, 0x00000000e3d00000)
  to   space 1024K,   0% used [0x00000000e3d00000, 0x00000000e3d00000, 0x00000000e3e00000)
 concurrent mark-sweep generation total 92820K, used 56060K [0x00000000ecca0000, 0x00000000f2745000, 0x0000000100000000)
 Metaspace       used 75146K, capacity 78454K, committed 78720K, reserved 1118208K
  class space    used 9722K, capacity 10349K, committed 10368K, reserved 1048576K
}
2020-11-07T19:56:38.448+0800: 81.598: Application time: 0.0256108 seconds
{Heap before GC invocations=956 (full 90):
 par new generation   total 9216K, used 8369K [0x00000000e3400000, 0x00000000e3e00000, 0x00000000ecca0000)
  eden space 8192K, 100% used [0x00000000e3400000, 0x00000000e3c00000, 0x00000000e3c00000)
  from space 1024K,  17% used [0x00000000e3c00000, 0x00000000e3c2c400, 0x00000000e3d00000)
  to   space 1024K,   0% used [0x00000000e3d00000, 0x00000000e3d00000, 0x00000000e3e00000)
 concurrent mark-sweep generation total 92820K, used 56060K [0x00000000ecca0000, 0x00000000f2745000, 0x0000000100000000)
 Metaspace       used 75146K, capacity 78454K, committed 78720K, reserved 1118208K
  class space    used 9722K, capacity 10349K, committed 10368K, reserved 1048576K
2020-11-07T19:56:38.449+0800: 81.598: [GC (Allocation Failure) 2020-11-07T19:56:38.449+0800: 81.598: [ParNew: 8369K->169K(9216K), 0.0086973 secs] 64429K->56247K(102036K), 0.0087703 secs] [Times: user=0.01 sys=0.00, real=0.01 secs] 
Heap after GC invocations=957 (full 90):
 par new generation   total 9216K, used 169K [0x00000000e3400000, 0x00000000e3e00000, 0x00000000ecca0000)
  eden space 8192K,   0% used [0x00000000e3400000, 0x00000000e3400000, 0x00000000e3c00000)
  from space 1024K,  16% used [0x00000000e3d00000, 0x00000000e3d2a580, 0x00000000e3e00000)
  to   space 1024K,   0% used [0x00000000e3c00000, 0x00000000e3c00000, 0x00000000e3d00000)
 concurrent mark-sweep generation total 92820K, used 56078K [0x00000000ecca0000, 0x00000000f2745000, 0x0000000100000000)
 Metaspace       used 75146K, capacity 78454K, committed 78720K, reserved 1118208K
  class space    used 9722K, capacity 10349K, committed 10368K, reserved 1048576K
}
2020-11-07T19:56:38.480+0800: 81.629: Application time: 0.0220184 seconds
2020-11-07T19:56:38.497+0800: 81.646: Application time: 0.0157306 seconds
{Heap before GC invocations=957 (full 90):
 par new generation   total 9216K, used 8361K [0x00000000e3400000, 0x00000000e3e00000, 0x00000000ecca0000)
  eden space 8192K, 100% used [0x00000000e3400000, 0x00000000e3c00000, 0x00000000e3c00000)
  from space 1024K,  16% used [0x00000000e3d00000, 0x00000000e3d2a580, 0x00000000e3e00000)
  to   space 1024K,   0% used [0x00000000e3c00000, 0x00000000e3c00000, 0x00000000e3d00000)
 concurrent mark-sweep generation total 92820K, used 56078K [0x00000000ecca0000, 0x00000000f2745000, 0x0000000100000000)
 Metaspace       used 75152K, capacity 78454K, committed 78720K, reserved 1118208K
  class space    used 9723K, capacity 10349K, committed 10368K, reserved 1048576K
2020-11-07T19:56:38.497+0800: 81.646: [GC (Allocation Failure) 2020-11-07T19:56:38.497+0800: 81.646: [ParNew: 8361K->200K(9216K), 0.0295480 secs] 64439K->56278K(102036K), 0.0296156 secs] [Times: user=0.03 sys=0.00, real=0.03 secs] 
Heap after GC invocations=958 (full 90):
 par new generation   total 9216K, used 200K [0x00000000e3400000, 0x00000000e3e00000, 0x00000000ecca0000)
  eden space 8192K,   0% used [0x00000000e3400000, 0x00000000e3400000, 0x00000000e3c00000)
  from space 1024K,  19% used [0x00000000e3c00000, 0x00000000e3c320a8, 0x00000000e3d00000)
  to   space 1024K,   0% used [0x00000000e3d00000, 0x00000000e3d00000, 0x00000000e3e00000)
 concurrent mark-sweep generation total 92820K, used 56078K [0x00000000ecca0000, 0x00000000f2745000, 0x0000000100000000)
 Metaspace       used 75152K, capacity 78454K, committed 78720K, reserved 1118208K
  class space    used 9723K, capacity 10349K, committed 10368K, reserved 1048576K
}
2020-11-07T19:56:38.539+0800: 81.688: Application time: 0.0120494 seconds
2020-11-07T19:56:38.566+0800: 81.716: Application time: 0.0272952 seconds
{Heap before GC invocations=958 (full 90):
 par new generation   total 9216K, used 8392K [0x00000000e3400000, 0x00000000e3e00000, 0x00000000ecca0000)
  eden space 8192K, 100% used [0x00000000e3400000, 0x00000000e3c00000, 0x00000000e3c00000)
  from space 1024K,  19% used [0x00000000e3c00000, 0x00000000e3c320a8, 0x00000000e3d00000)
  to   space 1024K,   0% used [0x00000000e3d00000, 0x00000000e3d00000, 0x00000000e3e00000)
 concurrent mark-sweep generation total 92820K, used 56078K [0x00000000ecca0000, 0x00000000f2745000, 0x0000000100000000)
 Metaspace       used 75153K, capacity 78454K, committed 78720K, reserved 1118208K
  class space    used 9723K, capacity 10349K, committed 10368K, reserved 1048576K
2020-11-07T19:56:38.566+0800: 81.716: [GC (Allocation Failure) 2020-11-07T19:56:38.566+0800: 81.716: [ParNew: 8392K->212K(9216K), 0.0869647 secs] 64470K->56324K(102036K), 0.0870355 secs] [Times: user=0.09 sys=0.00, real=0.08 secs] 
Heap after GC invocations=959 (full 90):
 par new generation   total 9216K, used 212K [0x00000000e3400000, 0x00000000e3e00000, 0x00000000ecca0000)
  eden space 8192K,   0% used [0x00000000e3400000, 0x00000000e3400000, 0x00000000e3c00000)
  from space 1024K,  20% used [0x00000000e3d00000, 0x00000000e3d35368, 0x00000000e3e00000)
  to   space 1024K,   0% used [0x00000000e3c00000, 0x00000000e3c00000, 0x00000000e3d00000)
 concurrent mark-sweep generation total 92820K, used 56111K [0x00000000ecca0000, 0x00000000f2745000, 0x0000000100000000)
 Metaspace       used 75153K, capacity 78454K, committed 78720K, reserved 1118208K
  class space    used 9723K, capacity 10349K, committed 10368K, reserved 1048576K
}
2020-11-07T19:56:38.694+0800: 81.843: Application time: 0.0403532 seconds
{Heap before GC invocations=959 (full 90):
 par new generation   total 9216K, used 8404K [0x00000000e3400000, 0x00000000e3e00000, 0x00000000ecca0000)
  eden space 8192K, 100% used [0x00000000e3400000, 0x00000000e3c00000, 0x00000000e3c00000)
  from space 1024K,  20% used [0x00000000e3d00000, 0x00000000e3d35368, 0x00000000e3e00000)
  to   space 1024K,   0% used [0x00000000e3c00000, 0x00000000e3c00000, 0x00000000e3d00000)
 concurrent mark-sweep generation total 92820K, used 56111K [0x00000000ecca0000, 0x00000000f2745000, 0x0000000100000000)
 Metaspace       used 75153K, capacity 78454K, committed 78720K, reserved 1118208K
  class space    used 9723K, capacity 10349K, committed 10368K, reserved 1048576K
2020-11-07T19:56:38.694+0800: 81.844: [GC (Allocation Failure) 2020-11-07T19:56:38.694+0800: 81.844: [ParNew: 8404K->157K(9216K), 0.0068323 secs] 64516K->56269K(102036K), 0.0068946 secs] [Times: user=0.00 sys=0.00, real=0.01 secs] 
Heap after GC invocations=960 (full 90):
 par new generation   total 9216K, used 157K [0x00000000e3400000, 0x00000000e3e00000, 0x00000000ecca0000)
  eden space 8192K,   0% used [0x00000000e3400000, 0x00000000e3400000, 0x00000000e3c00000)
  from space 1024K,  15% used [0x00000000e3c00000, 0x00000000e3c277e0, 0x00000000e3d00000)
  to   space 1024K,   0% used [0x00000000e3d00000, 0x00000000e3d00000, 0x00000000e3e00000)
 concurrent mark-sweep generation total 92820K, used 56111K [0x00000000ecca0000, 0x00000000f2745000, 0x0000000100000000)
 Metaspace       used 75153K, capacity 78454K, committed 78720K, reserved 1118208K
  class space    used 9723K, capacity 10349K, committed 10368K, reserved 1048576K
}
2020-11-07T19:56:38.733+0800: 81.882: [CMS-concurrent-mark: 1.255/1.616 secs] [Times: user=1.58 sys=0.04, real=1.61 secs] 
2020-11-07T19:56:38.733+0800: 81.883: [CMS-concurrent-preclean-start]
2020-11-07T19:56:38.742+0800: 81.892: Application time: 0.0415993 seconds
{Heap before GC invocations=960 (full 90):
 par new generation   total 9216K, used 8349K [0x00000000e3400000, 0x00000000e3e00000, 0x00000000ecca0000)
  eden space 8192K, 100% used [0x00000000e3400000, 0x00000000e3c00000, 0x00000000e3c00000)
  from space 1024K,  15% used [0x00000000e3c00000, 0x00000000e3c277e0, 0x00000000e3d00000)
  to   space 1024K,   0% used [0x00000000e3d00000, 0x00000000e3d00000, 0x00000000e3e00000)
 concurrent mark-sweep generation total 92820K, used 56111K [0x00000000ecca0000, 0x00000000f2745000, 0x0000000100000000)
 Metaspace       used 75171K, capacity 78454K, committed 78720K, reserved 1118208K
  class space    used 9726K, capacity 10349K, committed 10368K, reserved 1048576K
2020-11-07T19:56:38.743+0800: 81.892: [GC (Allocation Failure) 2020-11-07T19:56:38.743+0800: 81.892: [ParNew: 8349K->239K(9216K), 0.0233938 secs] 64461K->56382K(102036K), 0.0234726 secs] [Times: user=0.02 sys=0.00, real=0.03 secs] 
Heap after GC invocations=961 (full 90):
 par new generation   total 9216K, used 239K [0x00000000e3400000, 0x00000000e3e00000, 0x00000000ecca0000)
  eden space 8192K,   0% used [0x00000000e3400000, 0x00000000e3400000, 0x00000000e3c00000)
  from space 1024K,  23% used [0x00000000e3d00000, 0x00000000e3d3bf58, 0x00000000e3e00000)
  to   space 1024K,   0% used [0x00000000e3c00000, 0x00000000e3c00000, 0x00000000e3d00000)
 concurrent mark-sweep generation total 92820K, used 56142K [0x00000000ecca0000, 0x00000000f2745000, 0x0000000100000000)
 Metaspace       used 75171K, capacity 78454K, committed 78720K, reserved 1118208K
  class space    used 9726K, capacity 10349K, committed 10368K, reserved 1048576K
}
2020-11-07T19:56:38.770+0800: 81.919: [CMS-concurrent-preclean: 0.013/0.037 secs] [Times: user=0.03 sys=0.00, real=0.04 secs] 
2020-11-07T19:56:38.787+0800: 81.936: Application time: 0.0202560 seconds
2020-11-07T19:56:38.787+0800: 81.936: [GC (CMS Final Remark) [YG occupancy: 6796 K (9216 K)]2020-11-07T19:56:38.787+0800: 81.936: [Rescan (parallel) , 0.0278322 secs]2020-11-07T19:56:38.815+0800: 81.964: [weak refs processing, 0.0033226 secs]2020-11-07T19:56:38.818+0800: 81.968: [class unloading, 0.0158408 secs]2020-11-07T19:56:38.834+0800: 81.984: [scrub symbol table, 0.0268086 secs]2020-11-07T19:56:38.861+0800: 82.010: [scrub string table, 0.0014589 secs][1 CMS-remark: 56142K(92820K)] 62939K(102036K), 0.0754650 secs] [Times: user=0.08 sys=0.00, real=0.07 secs] 
2020-11-07T19:56:38.872+0800: 82.021: [CMS-concurrent-sweep-start]
2020-11-07T19:56:38.889+0800: 82.038: Application time: 0.0262732 seconds
{Heap before GC invocations=961 (full 90):
 par new generation   total 9216K, used 8431K [0x00000000e3400000, 0x00000000e3e00000, 0x00000000ecca0000)
  eden space 8192K, 100% used [0x00000000e3400000, 0x00000000e3c00000, 0x00000000e3c00000)
  from space 1024K,  23% used [0x00000000e3d00000, 0x00000000e3d3bf58, 0x00000000e3e00000)
  to   space 1024K,   0% used [0x00000000e3c00000, 0x00000000e3c00000, 0x00000000e3d00000)
 concurrent mark-sweep generation total 92820K, used 56139K [0x00000000ecca0000, 0x00000000f2745000, 0x0000000100000000)
 Metaspace       used 75172K, capacity 78454K, committed 78720K, reserved 1118208K
  class space    used 9726K, capacity 10349K, committed 10368K, reserved 1048576K
2020-11-07T19:56:38.889+0800: 82.038: [GC (Allocation Failure) 2020-11-07T19:56:38.889+0800: 82.038: [ParNew: 8431K->205K(9216K), 0.0231761 secs] 64571K->56354K(102036K), 0.0232626 secs] [Times: user=0.02 sys=0.00, real=0.02 secs] 
Heap after GC invocations=962 (full 90):
 par new generation   total 9216K, used 205K [0x00000000e3400000, 0x00000000e3e00000, 0x00000000ecca0000)
  eden space 8192K,   0% used [0x00000000e3400000, 0x00000000e3400000, 0x00000000e3c00000)
  from space 1024K,  20% used [0x00000000e3c00000, 0x00000000e3c336f8, 0x00000000e3d00000)
  to   space 1024K,   0% used [0x00000000e3d00000, 0x00000000e3d00000, 0x00000000e3e00000)
 concurrent mark-sweep generation total 92820K, used 56148K [0x00000000ecca0000, 0x00000000f2745000, 0x0000000100000000)
 Metaspace       used 75172K, capacity 78454K, committed 78720K, reserved 1118208K
  class space    used 9726K, capacity 10349K, committed 10368K, reserved 1048576K
}
2020-11-07T19:56:38.942+0800: 82.092: Application time: 0.0300166 seconds
{Heap before GC invocations=962 (full 90):
 par new generation   total 9216K, used 8397K [0x00000000e3400000, 0x00000000e3e00000, 0x00000000ecca0000)
  eden space 8192K, 100% used [0x00000000e3400000, 0x00000000e3c00000, 0x00000000e3c00000)
  from space 1024K,  20% used [0x00000000e3c00000, 0x00000000e3c336f8, 0x00000000e3d00000)
  to   space 1024K,   0% used [0x00000000e3d00000, 0x00000000e3d00000, 0x00000000e3e00000)
 concurrent mark-sweep generation total 92820K, used 56143K [0x00000000ecca0000, 0x00000000f2745000, 0x0000000100000000)
 Metaspace       used 75177K, capacity 78454K, committed 78720K, reserved 1118208K
  class space    used 9727K, capacity 10349K, committed 10368K, reserved 1048576K
2020-11-07T19:56:38.952+0800: 82.101: [GC (Allocation Failure) 2020-11-07T19:56:38.952+0800: 82.101: [ParNew: 8397K->203K(9216K), 0.0240803 secs] 64541K->56370K(102036K), 0.0241533 secs] [Times: user=0.02 sys=0.00, real=0.03 secs] 
Heap after GC invocations=963 (full 90):
 par new generation   total 9216K, used 203K [0x00000000e3400000, 0x00000000e3e00000, 0x00000000ecca0000)
  eden space 8192K,   0% used [0x00000000e3400000, 0x00000000e3400000, 0x00000000e3c00000)
  from space 1024K,  19% used [0x00000000e3d00000, 0x00000000e3d32cc8, 0x00000000e3e00000)
  to   space 1024K,   0% used [0x00000000e3c00000, 0x00000000e3c00000, 0x00000000e3d00000)
 concurrent mark-sweep generation total 92820K, used 56167K [0x00000000ecca0000, 0x00000000f2745000, 0x0000000100000000)
 Metaspace       used 75177K, capacity 78454K, committed 78720K, reserved 1118208K
  class space    used 9727K, capacity 10349K, committed 10368K, reserved 1048576K
}
2020-11-07T19:56:39.004+0800: 82.154: Application time: 0.0280369 seconds
{Heap before GC invocations=963 (full 90):
 par new generation   total 9216K, used 8395K [0x00000000e3400000, 0x00000000e3e00000, 0x00000000ecca0000)
  eden space 8192K, 100% used [0x00000000e3400000, 0x00000000e3c00000, 0x00000000e3c00000)
  from space 1024K,  19% used [0x00000000e3d00000, 0x00000000e3d32cc8, 0x00000000e3e00000)
  to   space 1024K,   0% used [0x00000000e3c00000, 0x00000000e3c00000, 0x00000000e3d00000)
 concurrent mark-sweep generation total 92820K, used 56150K [0x00000000ecca0000, 0x00000000f2745000, 0x0000000100000000)
 Metaspace       used 75177K, capacity 78454K, committed 78720K, reserved 1118208K
  class space    used 9727K, capacity 10349K, committed 10368K, reserved 1048576K
2020-11-07T19:56:39.004+0800: 82.154: [GC (Allocation Failure) 2020-11-07T19:56:39.004+0800: 82.154: [ParNew: 8395K->204K(9216K), 0.0325950 secs] 64545K->56359K(102036K), 0.0326624 secs] [Times: user=0.04 sys=0.00, real=0.04 secs] 
Heap after GC invocations=964 (full 90):
 par new generation   total 9216K, used 204K [0x00000000e3400000, 0x00000000e3e00000, 0x00000000ecca0000)
  eden space 8192K,   0% used [0x00000000e3400000, 0x00000000e3400000, 0x00000000e3c00000)
  from space 1024K,  19% used [0x00000000e3c00000, 0x00000000e3c33090, 0x00000000e3d00000)
  to   space 1024K,   0% used [0x00000000e3d00000, 0x00000000e3d00000, 0x00000000e3e00000)
 concurrent mark-sweep generation total 92820K, used 56155K [0x00000000ecca0000, 0x00000000f2745000, 0x0000000100000000)
 Metaspace       used 75177K, capacity 78454K, committed 78720K, reserved 1118208K
  class space    used 9727K, capacity 10349K, committed 10368K, reserved 1048576K
}
2020-11-07T19:56:39.041+0800: 82.191: [CMS-concurrent-sweep: 0.069/0.170 secs] [Times: user=0.17 sys=0.00, real=0.17 secs] 
2020-11-07T19:56:39.052+0800: 82.201: [CMS-concurrent-reset-start]
2020-11-07T19:56:39.053+0800: 82.202: [CMS-concurrent-reset: 0.001/0.001 secs] [Times: user=0.00 sys=0.00, real=0.00 secs] 
2020-11-07T19:56:39.053+0800: 82.203: Application time: 0.0162001 seconds
2020-11-07T19:56:39.062+0800: 82.212: Application time: 0.0088601 seconds
{Heap before GC invocations=964 (full 90):
 par new generation   total 9216K, used 8396K [0x00000000e3400000, 0x00000000e3e00000, 0x00000000ecca0000)
  eden space 8192K, 100% used [0x00000000e3400000, 0x00000000e3c00000, 0x00000000e3c00000)
  from space 1024K,  19% used [0x00000000e3c00000, 0x00000000e3c33090, 0x00000000e3d00000)
  to   space 1024K,   0% used [0x00000000e3d00000, 0x00000000e3d00000, 0x00000000e3e00000)
 concurrent mark-sweep generation total 93556K, used 56132K [0x00000000ecca0000, 0x00000000f27fd000, 0x0000000100000000)
 Metaspace       used 75206K, capacity 78518K, committed 78720K, reserved 1118208K
  class space    used 9731K, capacity 10349K, committed 10368K, reserved 1048576K
2020-11-07T19:56:39.062+0800: 82.212: [GC (Allocation Failure) 2020-11-07T19:56:39.062+0800: 82.212: [ParNew: 8396K->242K(9216K), 0.0299635 secs] 64528K->56390K(102772K), 0.0300405 secs] [Times: user=0.03 sys=0.00, real=0.03 secs] 
Heap after GC invocations=965 (full 90):
 par new generation   total 9216K, used 242K [0x00000000e3400000, 0x00000000e3e00000, 0x00000000ecca0000)
  eden space 8192K,   0% used [0x00000000e3400000, 0x00000000e3400000, 0x00000000e3c00000)
  from space 1024K,  23% used [0x00000000e3d00000, 0x00000000e3d3cb60, 0x00000000e3e00000)
  to   space 1024K,   0% used [0x00000000e3c00000, 0x00000000e3c00000, 0x00000000e3d00000)
 concurrent mark-sweep generation total 93556K, used 56147K [0x00000000ecca0000, 0x00000000f27fd000, 0x0000000100000000)
 Metaspace       used 75206K, capacity 78518K, committed 78720K, reserved 1118208K
  class space    used 9731K, capacity 10349K, committed 10368K, reserved 1048576K
}
2020-11-07T19:56:39.099+0800: 82.248: Application time: 0.0061469 seconds
2020-11-07T19:56:39.109+0800: 82.259: [GC (CMS Initial Mark) [1 CMS-initial-mark: 56147K(93556K)] 61623K(102772K), 0.0078176 secs] [Times: user=0.00 sys=0.00, real=0.01 secs] 
2020-11-07T19:56:39.117+0800: 82.267: [CMS-concurrent-mark-start]
2020-11-07T19:56:39.126+0800: 82.276: Application time: 0.0091903 seconds
{Heap before GC invocations=965 (full 91):
 par new generation   total 9216K, used 8434K [0x00000000e3400000, 0x00000000e3e00000, 0x00000000ecca0000)
  eden space 8192K, 100% used [0x00000000e3400000, 0x00000000e3c00000, 0x00000000e3c00000)
  from space 1024K,  23% used [0x00000000e3d00000, 0x00000000e3d3cb60, 0x00000000e3e00000)
  to   space 1024K,   0% used [0x00000000e3c00000, 0x00000000e3c00000, 0x00000000e3d00000)
 concurrent mark-sweep generation total 93556K, used 56147K [0x00000000ecca0000, 0x00000000f27fd000, 0x0000000100000000)
 Metaspace       used 75206K, capacity 78518K, committed 78720K, reserved 1118208K
  class space    used 9731K, capacity 10349K, committed 10368K, reserved 1048576K
2020-11-07T19:56:39.126+0800: 82.276: [GC (Allocation Failure) 2020-11-07T19:56:39.126+0800: 82.276: [ParNew: 8434K->176K(9216K), 0.0144455 secs] 64582K->56334K(102772K), 0.0145329 secs] [Times: user=0.02 sys=0.00, real=0.01 secs] 
Heap after GC invocations=966 (full 91):
 par new generation   total 9216K, used 176K [0x00000000e3400000, 0x00000000e3e00000, 0x00000000ecca0000)
  eden space 8192K,   0% used [0x00000000e3400000, 0x00000000e3400000, 0x00000000e3c00000)
  from space 1024K,  17% used [0x00000000e3c00000, 0x00000000e3c2c200, 0x00000000e3d00000)
  to   space 1024K,   0% used [0x00000000e3d00000, 0x00000000e3d00000, 0x00000000e3e00000)
 concurrent mark-sweep generation total 93556K, used 56157K [0x00000000ecca0000, 0x00000000f27fd000, 0x0000000100000000)
 Metaspace       used 75206K, capacity 78518K, committed 78720K, reserved 1118208K
  class space    used 9731K, capacity 10349K, committed 10368K, reserved 1048576K
}
2020-11-07T19:56:39.162+0800: 82.312: Application time: 0.0212289 seconds
{Heap before GC invocations=966 (full 91):
 par new generation   total 9216K, used 8368K [0x00000000e3400000, 0x00000000e3e00000, 0x00000000ecca0000)
  eden space 8192K, 100% used [0x00000000e3400000, 0x00000000e3c00000, 0x00000000e3c00000)
  from space 1024K,  17% used [0x00000000e3c00000, 0x00000000e3c2c200, 0x00000000e3d00000)
  to   space 1024K,   0% used [0x00000000e3d00000, 0x00000000e3d00000, 0x00000000e3e00000)
 concurrent mark-sweep generation total 93556K, used 56157K [0x00000000ecca0000, 0x00000000f27fd000, 0x0000000100000000)
 Metaspace       used 75206K, capacity 78518K, committed 78720K, reserved 1118208K
  class space    used 9731K, capacity 10349K, committed 10368K, reserved 1048576K
2020-11-07T19:56:39.162+0800: 82.312: [GC (Allocation Failure) 2020-11-07T19:56:39.162+0800: 82.312: [ParNew: 8368K->175K(9216K), 0.0265550 secs] 64526K->56349K(102772K), 0.0266194 secs] [Times: user=0.03 sys=0.00, real=0.03 secs] 
Heap after GC invocations=967 (full 91):
 par new generation   total 9216K, used 175K [0x00000000e3400000, 0x00000000e3e00000, 0x00000000ecca0000)
  eden space 8192K,   0% used [0x00000000e3400000, 0x00000000e3400000, 0x00000000e3c00000)
  from space 1024K,  17% used [0x00000000e3d00000, 0x00000000e3d2be60, 0x00000000e3e00000)
  to   space 1024K,   0% used [0x00000000e3c00000, 0x00000000e3c00000, 0x00000000e3d00000)
 concurrent mark-sweep generation total 93556K, used 56174K [0x00000000ecca0000, 0x00000000f27fd000, 0x0000000100000000)
 Metaspace       used 75206K, capacity 78518K, committed 78720K, reserved 1118208K
  class space    used 9731K, capacity 10349K, committed 10368K, reserved 1048576K
}
2020-11-07T19:56:39.209+0800: 82.359: Application time: 0.0203690 seconds
{Heap before GC invocations=967 (full 91):
 par new generation   total 9216K, used 8367K [0x00000000e3400000, 0x00000000e3e00000, 0x00000000ecca0000)
  eden space 8192K, 100% used [0x00000000e3400000, 0x00000000e3c00000, 0x00000000e3c00000)
  from space 1024K,  17% used [0x00000000e3d00000, 0x00000000e3d2be60, 0x00000000e3e00000)
  to   space 1024K,   0% used [0x00000000e3c00000, 0x00000000e3c00000, 0x00000000e3d00000)
 concurrent mark-sweep generation total 93556K, used 56174K [0x00000000ecca0000, 0x00000000f27fd000, 0x0000000100000000)
 Metaspace       used 75211K, capacity 78518K, committed 78720K, reserved 1118208K
  class space    used 9731K, capacity 10349K, committed 10368K, reserved 1048576K
2020-11-07T19:56:39.210+0800: 82.359: [GC (Allocation Failure) 2020-11-07T19:56:39.210+0800: 82.359: [ParNew: 8367K->234K(9216K), 0.0251397 secs] 64541K->56434K(102772K), 0.0252006 secs] [Times: user=0.02 sys=0.00, real=0.03 secs] 
Heap after GC invocations=968 (full 91):
 par new generation   total 9216K, used 234K [0x00000000e3400000, 0x00000000e3e00000, 0x00000000ecca0000)
  eden space 8192K,   0% used [0x00000000e3400000, 0x00000000e3400000, 0x00000000e3c00000)
  from space 1024K,  22% used [0x00000000e3c00000, 0x00000000e3c3a980, 0x00000000e3d00000)
  to   space 1024K,   0% used [0x00000000e3d00000, 0x00000000e3d00000, 0x00000000e3e00000)
 concurrent mark-sweep generation total 93556K, used 56199K [0x00000000ecca0000, 0x00000000f27fd000, 0x0000000100000000)
 Metaspace       used 75211K, capacity 78518K, committed 78720K, reserved 1118208K
  class space    used 9731K, capacity 10349K, committed 10368K, reserved 1048576K
}
2020-11-07T19:56:39.273+0800: 82.422: Application time: 0.0379340 seconds
{Heap before GC invocations=968 (full 91):
 par new generation   total 9216K, used 8426K [0x00000000e3400000, 0x00000000e3e00000, 0x00000000ecca0000)
  eden space 8192K, 100% used [0x00000000e3400000, 0x00000000e3c00000, 0x00000000e3c00000)
  from space 1024K,  22% used [0x00000000e3c00000, 0x00000000e3c3a980, 0x00000000e3d00000)
  to   space 1024K,   0% used [0x00000000e3d00000, 0x00000000e3d00000, 0x00000000e3e00000)
 concurrent mark-sweep generation total 93556K, used 56199K [0x00000000ecca0000, 0x00000000f27fd000, 0x0000000100000000)
 Metaspace       used 75217K, capacity 78522K, committed 78720K, reserved 1118208K
  class space    used 9732K, capacity 10349K, committed 10368K, reserved 1048576K
2020-11-07T19:56:39.273+0800: 82.423: [GC (Allocation Failure) 2020-11-07T19:56:39.273+0800: 82.423: [ParNew: 8426K->282K(9216K), 0.0236780 secs] 64626K->56482K(102772K), 0.0237498 secs] [Times: user=0.02 sys=0.00, real=0.03 secs] 
Heap after GC invocations=969 (full 91):
 par new generation   total 9216K, used 282K [0x00000000e3400000, 0x00000000e3e00000, 0x00000000ecca0000)
  eden space 8192K,   0% used [0x00000000e3400000, 0x00000000e3400000, 0x00000000e3c00000)
  from space 1024K,  27% used [0x00000000e3d00000, 0x00000000e3d46ad8, 0x00000000e3e00000)
  to   space 1024K,   0% used [0x00000000e3c00000, 0x00000000e3c00000, 0x00000000e3d00000)
 concurrent mark-sweep generation total 93556K, used 56199K [0x00000000ecca0000, 0x00000000f27fd000, 0x0000000100000000)
 Metaspace       used 75217K, capacity 78522K, committed 78720K, reserved 1118208K
  class space    used 9732K, capacity 10349K, committed 10368K, reserved 1048576K
}
2020-11-07T19:56:39.350+0800: 82.499: Application time: 0.0527685 seconds
{Heap before GC invocations=969 (full 91):
 par new generation   total 9216K, used 8474K [0x00000000e3400000, 0x00000000e3e00000, 0x00000000ecca0000)
  eden space 8192K, 100% used [0x00000000e3400000, 0x00000000e3c00000, 0x00000000e3c00000)
  from space 1024K,  27% used [0x00000000e3d00000, 0x00000000e3d46ad8, 0x00000000e3e00000)
  to   space 1024K,   0% used [0x00000000e3c00000, 0x00000000e3c00000, 0x00000000e3d00000)
 concurrent mark-sweep generation total 93556K, used 56199K [0x00000000ecca0000, 0x00000000f27fd000, 0x0000000100000000)
 Metaspace       used 75270K, capacity 78522K, committed 78720K, reserved 1118208K
  class space    used 9742K, capacity 10349K, committed 10368K, reserved 1048576K
2020-11-07T19:56:39.350+0800: 82.499: [GC (Allocation Failure) 2020-11-07T19:56:39.350+0800: 82.499: [ParNew: 8474K->551K(9216K), 0.0377880 secs] 64674K->56790K(102772K), 0.0378496 secs] [Times: user=0.03 sys=0.01, real=0.04 secs] 
Heap after GC invocations=970 (full 91):
 par new generation   total 9216K, used 551K [0x00000000e3400000, 0x00000000e3e00000, 0x00000000ecca0000)
  eden space 8192K,   0% used [0x00000000e3400000, 0x00000000e3400000, 0x00000000e3c00000)
  from space 1024K,  53% used [0x00000000e3c00000, 0x00000000e3c89cd0, 0x00000000e3d00000)
  to   space 1024K,   0% used [0x00000000e3d00000, 0x00000000e3d00000, 0x00000000e3e00000)
 concurrent mark-sweep generation total 93556K, used 56239K [0x00000000ecca0000, 0x00000000f27fd000, 0x0000000100000000)
 Metaspace       used 75270K, capacity 78522K, committed 78720K, reserved 1118208K
  class space    used 9742K, capacity 10349K, committed 10368K, reserved 1048576K
}
2020-11-07T19:56:39.405+0800: 82.555: Application time: 0.0173205 seconds
{Heap before GC invocations=970 (full 91):
 par new generation   total 9216K, used 8743K [0x00000000e3400000, 0x00000000e3e00000, 0x00000000ecca0000)
  eden space 8192K, 100% used [0x00000000e3400000, 0x00000000e3c00000, 0x00000000e3c00000)
  from space 1024K,  53% used [0x00000000e3c00000, 0x00000000e3c89cd0, 0x00000000e3d00000)
  to   space 1024K,   0% used [0x00000000e3d00000, 0x00000000e3d00000, 0x00000000e3e00000)
 concurrent mark-sweep generation total 93556K, used 56239K [0x00000000ecca0000, 0x00000000f27fd000, 0x0000000100000000)
 Metaspace       used 75270K, capacity 78522K, committed 78720K, reserved 1118208K
  class space    used 9742K, capacity 10349K, committed 10368K, reserved 1048576K
2020-11-07T19:56:39.405+0800: 82.555: [GC (Allocation Failure) 2020-11-07T19:56:39.405+0800: 82.555: [ParNew: 8743K->478K(9216K), 0.0073688 secs] 64982K->56717K(102772K), 0.0074250 secs] [Times: user=0.01 sys=0.00, real=0.00 secs] 
Heap after GC invocations=971 (full 91):
 par new generation   total 9216K, used 478K [0x00000000e3400000, 0x00000000e3e00000, 0x00000000ecca0000)
  eden space 8192K,   0% used [0x00000000e3400000, 0x00000000e3400000, 0x00000000e3c00000)
  from space 1024K,  46% used [0x00000000e3d00000, 0x00000000e3d77a18, 0x00000000e3e00000)
  to   space 1024K,   0% used [0x00000000e3c00000, 0x00000000e3c00000, 0x00000000e3d00000)
 concurrent mark-sweep generation total 93556K, used 56239K [0x00000000ecca0000, 0x00000000f27fd000, 0x0000000100000000)
 Metaspace       used 75270K, capacity 78522K, committed 78720K, reserved 1118208K
  class space    used 9742K, capacity 10349K, committed 10368K, reserved 1048576K
}
2020-11-07T19:56:39.428+0800: 82.578: Application time: 0.0153906 seconds
{Heap before GC invocations=971 (full 91):
 par new generation   total 9216K, used 8670K [0x00000000e3400000, 0x00000000e3e00000, 0x00000000ecca0000)
  eden space 8192K, 100% used [0x00000000e3400000, 0x00000000e3c00000, 0x00000000e3c00000)
  from space 1024K,  46% used [0x00000000e3d00000, 0x00000000e3d77a18, 0x00000000e3e00000)
  to   space 1024K,   0% used [0x00000000e3c00000, 0x00000000e3c00000, 0x00000000e3d00000)
 concurrent mark-sweep generation total 93556K, used 56239K [0x00000000ecca0000, 0x00000000f27fd000, 0x0000000100000000)
 Metaspace       used 75270K, capacity 78522K, committed 78720K, reserved 1118208K
  class space    used 9742K, capacity 10349K, committed 10368K, reserved 1048576K
2020-11-07T19:56:39.428+0800: 82.578: [GC (Allocation Failure) 2020-11-07T19:56:39.428+0800: 82.578: [ParNew: 8670K->500K(9216K), 0.0077131 secs] 64909K->56774K(102772K), 0.0077682 secs] [Times: user=0.01 sys=0.00, real=0.01 secs] 
Heap after GC invocations=972 (full 91):
 par new generation   total 9216K, used 500K [0x00000000e3400000, 0x00000000e3e00000, 0x00000000ecca0000)
  eden space 8192K,   0% used [0x00000000e3400000, 0x00000000e3400000, 0x00000000e3c00000)
  from space 1024K,  48% used [0x00000000e3c00000, 0x00000000e3c7d238, 0x00000000e3d00000)
  to   space 1024K,   0% used [0x00000000e3d00000, 0x00000000e3d00000, 0x00000000e3e00000)
 concurrent mark-sweep generation total 93556K, used 56274K [0x00000000ecca0000, 0x00000000f27fd000, 0x0000000100000000)
 Metaspace       used 75270K, capacity 78522K, committed 78720K, reserved 1118208K
  class space    used 9742K, capacity 10349K, committed 10368K, reserved 1048576K
}
2020-11-07T19:56:39.470+0800: 82.619: Application time: 0.0335302 seconds
{Heap before GC invocations=972 (full 91):
 par new generation   total 9216K, used 8692K [0x00000000e3400000, 0x00000000e3e00000, 0x00000000ecca0000)
  eden space 8192K, 100% used [0x00000000e3400000, 0x00000000e3c00000, 0x00000000e3c00000)
  from space 1024K,  48% used [0x00000000e3c00000, 0x00000000e3c7d238, 0x00000000e3d00000)
  to   space 1024K,   0% used [0x00000000e3d00000, 0x00000000e3d00000, 0x00000000e3e00000)
 concurrent mark-sweep generation total 93556K, used 56274K [0x00000000ecca0000, 0x00000000f27fd000, 0x0000000100000000)
 Metaspace       used 75271K, capacity 78522K, committed 78720K, reserved 1118208K
  class space    used 9742K, capacity 10349K, committed 10368K, reserved 1048576K
2020-11-07T19:56:39.470+0800: 82.619: [GC (Allocation Failure) 2020-11-07T19:56:39.470+0800: 82.619: [ParNew: 8692K->511K(9216K), 0.0173603 secs] 64966K->56797K(102772K), 0.0174266 secs] [Times: user=0.02 sys=0.00, real=0.02 secs] 
Heap after GC invocations=973 (full 91):
 par new generation   total 9216K, used 511K [0x00000000e3400000, 0x00000000e3e00000, 0x00000000ecca0000)
  eden space 8192K,   0% used [0x00000000e3400000, 0x00000000e3400000, 0x00000000e3c00000)
  from space 1024K,  49% used [0x00000000e3d00000, 0x00000000e3d7fc40, 0x00000000e3e00000)
  to   space 1024K,   0% used [0x00000000e3c00000, 0x00000000e3c00000, 0x00000000e3d00000)
 concurrent mark-sweep generation total 93556K, used 56286K [0x00000000ecca0000, 0x00000000f27fd000, 0x0000000100000000)
 Metaspace       used 75271K, capacity 78522K, committed 78720K, reserved 1118208K
  class space    used 9742K, capacity 10349K, committed 10368K, reserved 1048576K
}
2020-11-07T19:56:39.526+0800: 82.676: Application time: 0.0386024 seconds
{Heap before GC invocations=973 (full 91):
 par new generation   total 9216K, used 8703K [0x00000000e3400000, 0x00000000e3e00000, 0x00000000ecca0000)
  eden space 8192K, 100% used [0x00000000e3400000, 0x00000000e3c00000, 0x00000000e3c00000)
  from space 1024K,  49% used [0x00000000e3d00000, 0x00000000e3d7fc40, 0x00000000e3e00000)
  to   space 1024K,   0% used [0x00000000e3c00000, 0x00000000e3c00000, 0x00000000e3d00000)
 concurrent mark-sweep generation total 93556K, used 56286K [0x00000000ecca0000, 0x00000000f27fd000, 0x0000000100000000)
 Metaspace       used 75284K, capacity 78522K, committed 78720K, reserved 1118208K
  class space    used 9744K, capacity 10349K, committed 10368K, reserved 1048576K
2020-11-07T19:56:39.526+0800: 82.676: [GC (Allocation Failure) 2020-11-07T19:56:39.526+0800: 82.676: [ParNew: 8703K->513K(9216K), 0.0126444 secs] 64989K->56812K(102772K), 0.0127154 secs] [Times: user=0.01 sys=0.00, real=0.01 secs] 
Heap after GC invocations=974 (full 91):
 par new generation   total 9216K, used 513K [0x00000000e3400000, 0x00000000e3e00000, 0x00000000ecca0000)
  eden space 8192K,   0% used [0x00000000e3400000, 0x00000000e3400000, 0x00000000e3c00000)
  from space 1024K,  50% used [0x00000000e3c00000, 0x00000000e3c805f0, 0x00000000e3d00000)
  to   space 1024K,   0% used [0x00000000e3d00000, 0x00000000e3d00000, 0x00000000e3e00000)
 concurrent mark-sweep generation total 93556K, used 56298K [0x00000000ecca0000, 0x00000000f27fd000, 0x0000000100000000)
 Metaspace       used 75284K, capacity 78522K, committed 78720K, reserved 1118208K
  class space    used 9744K, capacity 10349K, committed 10368K, reserved 1048576K
}
2020-11-07T19:56:39.630+0800: 82.779: Application time: 0.0907147 seconds
{Heap before GC invocations=974 (full 91):
 par new generation   total 9216K, used 8705K [0x00000000e3400000, 0x00000000e3e00000, 0x00000000ecca0000)
  eden space 8192K, 100% used [0x00000000e3400000, 0x00000000e3c00000, 0x00000000e3c00000)
  from space 1024K,  50% used [0x00000000e3c00000, 0x00000000e3c805f0, 0x00000000e3d00000)
  to   space 1024K,   0% used [0x00000000e3d00000, 0x00000000e3d00000, 0x00000000e3e00000)
 concurrent mark-sweep generation total 93556K, used 56298K [0x00000000ecca0000, 0x00000000f27fd000, 0x0000000100000000)
 Metaspace       used 75306K, capacity 78600K, committed 78720K, reserved 1118208K
  class space    used 9746K, capacity 10352K, committed 10368K, reserved 1048576K
2020-11-07T19:56:39.630+0800: 82.780: [GC (Allocation Failure) 2020-11-07T19:56:39.630+0800: 82.780: [ParNew: 8705K->793K(9216K), 0.0237011 secs] 65004K->57113K(102772K), 0.0237622 secs] [Times: user=0.02 sys=0.00, real=0.02 secs] 
Heap after GC invocations=975 (full 91):
 par new generation   total 9216K, used 793K [0x00000000e3400000, 0x00000000e3e00000, 0x00000000ecca0000)
  eden space 8192K,   0% used [0x00000000e3400000, 0x00000000e3400000, 0x00000000e3c00000)
  from space 1024K,  77% used [0x00000000e3d00000, 0x00000000e3dc6490, 0x00000000e3e00000)
  to   space 1024K,   0% used [0x00000000e3c00000, 0x00000000e3c00000, 0x00000000e3d00000)
 concurrent mark-sweep generation total 93556K, used 56320K [0x00000000ecca0000, 0x00000000f27fd000, 0x0000000100000000)
 Metaspace       used 75306K, capacity 78600K, committed 78720K, reserved 1118208K
  class space    used 9746K, capacity 10352K, committed 10368K, reserved 1048576K
}
2020-11-07T19:56:39.658+0800: 82.808: [CMS-concurrent-mark: 0.319/0.541 secs] [Times: user=0.54 sys=0.01, real=0.54 secs] 
2020-11-07T19:56:39.658+0800: 82.808: [CMS-concurrent-preclean-start]
2020-11-07T19:56:39.670+0800: 82.819: [CMS-concurrent-preclean: 0.011/0.011 secs] [Times: user=0.01 sys=0.00, real=0.01 secs] 
2020-11-07T19:56:39.670+0800: 82.819: [CMS-concurrent-abortable-preclean-start]
2020-11-07T19:56:39.697+0800: 82.846: Application time: 0.0428394 seconds
{Heap before GC invocations=975 (full 91):
 par new generation   total 9216K, used 8985K [0x00000000e3400000, 0x00000000e3e00000, 0x00000000ecca0000)
  eden space 8192K, 100% used [0x00000000e3400000, 0x00000000e3c00000, 0x00000000e3c00000)
  from space 1024K,  77% used [0x00000000e3d00000, 0x00000000e3dc6490, 0x00000000e3e00000)
  to   space 1024K,   0% used [0x00000000e3c00000, 0x00000000e3c00000, 0x00000000e3d00000)
 concurrent mark-sweep generation total 93556K, used 56320K [0x00000000ecca0000, 0x00000000f27fd000, 0x0000000100000000)
 Metaspace       used 75306K, capacity 78600K, committed 78720K, reserved 1118208K
  class space    used 9746K, capacity 10352K, committed 10368K, reserved 1048576K
2020-11-07T19:56:39.697+0800: 82.846: [GC (Allocation Failure) 2020-11-07T19:56:39.697+0800: 82.846: [ParNew: 8985K->349K(9216K), 0.0490569 secs] 65305K->56976K(102772K), 0.0491556 secs] [Times: user=0.05 sys=0.00, real=0.05 secs] 
Heap after GC invocations=976 (full 91):
 par new generation   total 9216K, used 349K [0x00000000e3400000, 0x00000000e3e00000, 0x00000000ecca0000)
  eden space 8192K,   0% used [0x00000000e3400000, 0x00000000e3400000, 0x00000000e3c00000)
  from space 1024K,  34% used [0x00000000e3c00000, 0x00000000e3c57540, 0x00000000e3d00000)
  to   space 1024K,   0% used [0x00000000e3d00000, 0x00000000e3d00000, 0x00000000e3e00000)
 concurrent mark-sweep generation total 93556K, used 56626K [0x00000000ecca0000, 0x00000000f27fd000, 0x0000000100000000)
 Metaspace       used 75306K, capacity 78600K, committed 78720K, reserved 1118208K
  class space    used 9746K, capacity 10352K, committed 10368K, reserved 1048576K
}
2020-11-07T19:56:39.752+0800: 82.901: [CMS-concurrent-abortable-preclean: 0.032/0.082 secs] [Times: user=0.08 sys=0.00, real=0.08 secs] 
2020-11-07T19:56:39.765+0800: 82.914: Application time: 0.0185954 seconds
2020-11-07T19:56:39.765+0800: 82.914: [GC (CMS Final Remark) [YG occupancy: 4621 K (9216 K)]2020-11-07T19:56:39.765+0800: 82.914: [Rescan (parallel) , 0.0298110 secs]2020-11-07T19:56:39.795+0800: 82.944: [weak refs processing, 0.0005175 secs]2020-11-07T19:56:39.795+0800: 82.945: [class unloading, 0.0170748 secs]2020-11-07T19:56:39.812+0800: 82.962: [scrub symbol table, 0.0579483 secs]2020-11-07T19:56:39.870+0800: 83.020: [scrub string table, 0.0015489 secs][1 CMS-remark: 56626K(93556K)] 61248K(102772K), 0.1070975 secs] [Times: user=0.11 sys=0.00, real=0.10 secs] 
2020-11-07T19:56:39.877+0800: 83.027: [CMS-concurrent-sweep-start]
2020-11-07T19:56:39.883+0800: 83.032: Application time: 0.0108554 seconds
{Heap before GC invocations=976 (full 91):
 par new generation   total 9216K, used 8541K [0x00000000e3400000, 0x00000000e3e00000, 0x00000000ecca0000)
  eden space 8192K, 100% used [0x00000000e3400000, 0x00000000e3c00000, 0x00000000e3c00000)
  from space 1024K,  34% used [0x00000000e3c00000, 0x00000000e3c57540, 0x00000000e3d00000)
  to   space 1024K,   0% used [0x00000000e3d00000, 0x00000000e3d00000, 0x00000000e3e00000)
 concurrent mark-sweep generation total 93556K, used 56620K [0x00000000ecca0000, 0x00000000f27fd000, 0x0000000100000000)
 Metaspace       used 75313K, capacity 78600K, committed 78720K, reserved 1118208K
  class space    used 9746K, capacity 10352K, committed 10368K, reserved 1048576K
2020-11-07T19:56:39.883+0800: 83.033: [GC (Allocation Failure) 2020-11-07T19:56:39.883+0800: 83.033: [ParNew: 8541K->284K(9216K), 0.0448288 secs] 65161K->56904K(102772K), 0.0449084 secs] [Times: user=0.04 sys=0.00, real=0.05 secs] 
Heap after GC invocations=977 (full 91):
 par new generation   total 9216K, used 284K [0x00000000e3400000, 0x00000000e3e00000, 0x00000000ecca0000)
  eden space 8192K,   0% used [0x00000000e3400000, 0x00000000e3400000, 0x00000000e3c00000)
  from space 1024K,  27% used [0x00000000e3d00000, 0x00000000e3d470e0, 0x00000000e3e00000)
  to   space 1024K,   0% used [0x00000000e3c00000, 0x00000000e3c00000, 0x00000000e3d00000)
 concurrent mark-sweep generation total 93556K, used 56620K [0x00000000ecca0000, 0x00000000f27fd000, 0x0000000100000000)
 Metaspace       used 75313K, capacity 78600K, committed 78720K, reserved 1118208K
  class space    used 9746K, capacity 10352K, committed 10368K, reserved 1048576K
}
2020-11-07T19:56:39.954+0800: 83.104: Application time: 0.0261710 seconds
{Heap before GC invocations=977 (full 91):
 par new generation   total 9216K, used 8476K [0x00000000e3400000, 0x00000000e3e00000, 0x00000000ecca0000)
  eden space 8192K, 100% used [0x00000000e3400000, 0x00000000e3c00000, 0x00000000e3c00000)
  from space 1024K,  27% used [0x00000000e3d00000, 0x00000000e3d470e0, 0x00000000e3e00000)
  to   space 1024K,   0% used [0x00000000e3c00000, 0x00000000e3c00000, 0x00000000e3d00000)
 concurrent mark-sweep generation total 93556K, used 56586K [0x00000000ecca0000, 0x00000000f27fd000, 0x0000000100000000)
 Metaspace       used 75314K, capacity 78600K, committed 78720K, reserved 1118208K
  class space    used 9746K, capacity 10352K, committed 10368K, reserved 1048576K
2020-11-07T19:56:39.954+0800: 83.104: [GC (Allocation Failure) 2020-11-07T19:56:39.954+0800: 83.104: [ParNew: 8476K->362K(9216K), 0.0274966 secs] 65062K->56948K(102772K), 0.0275715 secs] [Times: user=0.02 sys=0.00, real=0.03 secs] 
Heap after GC invocations=978 (full 91):
 par new generation   total 9216K, used 362K [0x00000000e3400000, 0x00000000e3e00000, 0x00000000ecca0000)
  eden space 8192K,   0% used [0x00000000e3400000, 0x00000000e3400000, 0x00000000e3c00000)
  from space 1024K,  35% used [0x00000000e3c00000, 0x00000000e3c5a8d0, 0x00000000e3d00000)
  to   space 1024K,   0% used [0x00000000e3d00000, 0x00000000e3d00000, 0x00000000e3e00000)
 concurrent mark-sweep generation total 93556K, used 56586K [0x00000000ecca0000, 0x00000000f27fd000, 0x0000000100000000)
 Metaspace       used 75314K, capacity 78600K, committed 78720K, reserved 1118208K
  class space    used 9746K, capacity 10352K, committed 10368K, reserved 1048576K
}
2020-11-07T19:56:39.998+0800: 83.147: Application time: 0.0159556 seconds
{Heap before GC invocations=978 (full 91):
 par new generation   total 9216K, used 8554K [0x00000000e3400000, 0x00000000e3e00000, 0x00000000ecca0000)
  eden space 8192K, 100% used [0x00000000e3400000, 0x00000000e3c00000, 0x00000000e3c00000)
  from space 1024K,  35% used [0x00000000e3c00000, 0x00000000e3c5a8d0, 0x00000000e3d00000)
  to   space 1024K,   0% used [0x00000000e3d00000, 0x00000000e3d00000, 0x00000000e3e00000)
 concurrent mark-sweep generation total 93556K, used 56568K [0x00000000ecca0000, 0x00000000f27fd000, 0x0000000100000000)
 Metaspace       used 75314K, capacity 78600K, committed 78720K, reserved 1118208K
  class space    used 9746K, capacity 10352K, committed 10368K, reserved 1048576K
2020-11-07T19:56:39.998+0800: 83.148: [GC (Allocation Failure) 2020-11-07T19:56:39.998+0800: 83.148: [ParNew: 8554K->328K(9216K), 0.0243988 secs] 65122K->56896K(102772K), 0.0244741 secs] [Times: user=0.02 sys=0.00, real=0.02 secs] 
Heap after GC invocations=979 (full 91):
 par new generation   total 9216K, used 328K [0x00000000e3400000, 0x00000000e3e00000, 0x00000000ecca0000)
  eden space 8192K,   0% used [0x00000000e3400000, 0x00000000e3400000, 0x00000000e3c00000)
  from space 1024K,  32% used [0x00000000e3d00000, 0x00000000e3d52120, 0x00000000e3e00000)
  to   space 1024K,   0% used [0x00000000e3c00000, 0x00000000e3c00000, 0x00000000e3d00000)
 concurrent mark-sweep generation total 93556K, used 56568K [0x00000000ecca0000, 0x00000000f27fd000, 0x0000000100000000)
 Metaspace       used 75314K, capacity 78600K, committed 78720K, reserved 1118208K
  class space    used 9746K, capacity 10352K, committed 10368K, reserved 1048576K
}
2020-11-07T19:56:40.041+0800: 83.191: [CMS-concurrent-sweep: 0.053/0.164 secs] [Times: user=0.16 sys=0.01, real=0.16 secs] 
2020-11-07T19:56:40.057+0800: 83.207: [CMS-concurrent-reset-start]
2020-11-07T19:56:40.058+0800: 83.208: [CMS-concurrent-reset: 0.001/0.001 secs] [Times: user=0.00 sys=0.00, real=0.00 secs] 
2020-11-07T19:56:40.064+0800: 83.213: Application time: 0.0410032 seconds
{Heap before GC invocations=979 (full 91):
 par new generation   total 9216K, used 8520K [0x00000000e3400000, 0x00000000e3e00000, 0x00000000ecca0000)
  eden space 8192K, 100% used [0x00000000e3400000, 0x00000000e3c00000, 0x00000000e3c00000)
  from space 1024K,  32% used [0x00000000e3d00000, 0x00000000e3d52120, 0x00000000e3e00000)
  to   space 1024K,   0% used [0x00000000e3c00000, 0x00000000e3c00000, 0x00000000e3d00000)
 concurrent mark-sweep generation total 94244K, used 56546K [0x00000000ecca0000, 0x00000000f28a9000, 0x0000000100000000)
 Metaspace       used 75320K, capacity 78600K, committed 78720K, reserved 1118208K
  class space    used 9746K, capacity 10352K, committed 10368K, reserved 1048576K
2020-11-07T19:56:40.064+0800: 83.213: [GC (Allocation Failure) 2020-11-07T19:56:40.064+0800: 83.213: [ParNew: 8520K->346K(9216K), 0.0360546 secs] 65066K->56926K(103460K), 0.0361592 secs] [Times: user=0.03 sys=0.00, real=0.04 secs] 
Heap after GC invocations=980 (full 91):
 par new generation   total 9216K, used 346K [0x00000000e3400000, 0x00000000e3e00000, 0x00000000ecca0000)
  eden space 8192K,   0% used [0x00000000e3400000, 0x00000000e3400000, 0x00000000e3c00000)
  from space 1024K,  33% used [0x00000000e3c00000, 0x00000000e3c56860, 0x00000000e3d00000)
  to   space 1024K,   0% used [0x00000000e3d00000, 0x00000000e3d00000, 0x00000000e3e00000)
 concurrent mark-sweep generation total 94244K, used 56580K [0x00000000ecca0000, 0x00000000f28a9000, 0x0000000100000000)
 Metaspace       used 75320K, capacity 78600K, committed 78720K, reserved 1118208K
  class space    used 9746K, capacity 10352K, committed 10368K, reserved 1048576K
}
2020-11-07T19:56:40.108+0800: 83.257: Application time: 0.0078637 seconds
2020-11-07T19:56:40.108+0800: 83.258: [GC (CMS Initial Mark) [1 CMS-initial-mark: 56580K(94244K)] 62485K(103460K), 0.0076394 secs] [Times: user=0.01 sys=0.00, real=0.01 secs] 
2020-11-07T19:56:40.116+0800: 83.265: [CMS-concurrent-mark-start]
2020-11-07T19:56:40.147+0800: 83.297: Application time: 0.0318259 seconds
2020-11-07T19:56:40.168+0800: 83.318: Application time: 0.0209138 seconds
{Heap before GC invocations=980 (full 92):
 par new generation   total 9216K, used 8538K [0x00000000e3400000, 0x00000000e3e00000, 0x00000000ecca0000)
  eden space 8192K, 100% used [0x00000000e3400000, 0x00000000e3c00000, 0x00000000e3c00000)
  from space 1024K,  33% used [0x00000000e3c00000, 0x00000000e3c56860, 0x00000000e3d00000)
  to   space 1024K,   0% used [0x00000000e3d00000, 0x00000000e3d00000, 0x00000000e3e00000)
 concurrent mark-sweep generation total 94244K, used 56580K [0x00000000ecca0000, 0x00000000f28a9000, 0x0000000100000000)
 Metaspace       used 75350K, capacity 78600K, committed 78720K, reserved 1118208K
  class space    used 9748K, capacity 10352K, committed 10368K, reserved 1048576K
2020-11-07T19:56:40.169+0800: 83.318: [GC (Allocation Failure) 2020-11-07T19:56:40.169+0800: 83.318: [ParNew: 8538K->498K(9216K), 0.0459853 secs] 65118K->57102K(103460K), 0.0460807 secs] [Times: user=0.05 sys=0.00, real=0.05 secs] 
Heap after GC invocations=981 (full 92):
 par new generation   total 9216K, used 498K [0x00000000e3400000, 0x00000000e3e00000, 0x00000000ecca0000)
  eden space 8192K,   0% used [0x00000000e3400000, 0x00000000e3400000, 0x00000000e3c00000)
  from space 1024K,  48% used [0x00000000e3d00000, 0x00000000e3d7cb08, 0x00000000e3e00000)
  to   space 1024K,   0% used [0x00000000e3c00000, 0x00000000e3c00000, 0x00000000e3d00000)
 concurrent mark-sweep generation total 94244K, used 56603K [0x00000000ecca0000, 0x00000000f28a9000, 0x0000000100000000)
 Metaspace       used 75350K, capacity 78600K, committed 78720K, reserved 1118208K
  class space    used 9748K, capacity 10352K, committed 10368K, reserved 1048576K
}
2020-11-07T19:56:40.232+0800: 83.382: Application time: 0.0171997 seconds
{Heap before GC invocations=981 (full 92):
 par new generation   total 9216K, used 8690K [0x00000000e3400000, 0x00000000e3e00000, 0x00000000ecca0000)
  eden space 8192K, 100% used [0x00000000e3400000, 0x00000000e3c00000, 0x00000000e3c00000)
  from space 1024K,  48% used [0x00000000e3d00000, 0x00000000e3d7cb08, 0x00000000e3e00000)
  to   space 1024K,   0% used [0x00000000e3c00000, 0x00000000e3c00000, 0x00000000e3d00000)
 concurrent mark-sweep generation total 94244K, used 56603K [0x00000000ecca0000, 0x00000000f28a9000, 0x0000000100000000)
 Metaspace       used 75350K, capacity 78600K, committed 78720K, reserved 1118208K
  class space    used 9748K, capacity 10352K, committed 10368K, reserved 1048576K
2020-11-07T19:56:40.232+0800: 83.382: [GC (Allocation Failure) 2020-11-07T19:56:40.232+0800: 83.382: [ParNew: 8690K->345K(9216K), 0.0072200 secs] 65294K->56972K(103460K), 0.0072763 secs] [Times: user=0.01 sys=0.00, real=0.01 secs] 
Heap after GC invocations=982 (full 92):
 par new generation   total 9216K, used 345K [0x00000000e3400000, 0x00000000e3e00000, 0x00000000ecca0000)
  eden space 8192K,   0% used [0x00000000e3400000, 0x00000000e3400000, 0x00000000e3c00000)
  from space 1024K,  33% used [0x00000000e3c00000, 0x00000000e3c566c0, 0x00000000e3d00000)
  to   space 1024K,   0% used [0x00000000e3d00000, 0x00000000e3d00000, 0x00000000e3e00000)
 concurrent mark-sweep generation total 94244K, used 56627K [0x00000000ecca0000, 0x00000000f28a9000, 0x0000000100000000)
 Metaspace       used 75350K, capacity 78600K, committed 78720K, reserved 1118208K
  class space    used 9748K, capacity 10352K, committed 10368K, reserved 1048576K
}
2020-11-07T19:56:40.271+0800: 83.421: Application time: 0.0317935 seconds
{Heap before GC invocations=982 (full 92):
 par new generation   total 9216K, used 8537K [0x00000000e3400000, 0x00000000e3e00000, 0x00000000ecca0000)
  eden space 8192K, 100% used [0x00000000e3400000, 0x00000000e3c00000, 0x00000000e3c00000)
  from space 1024K,  33% used [0x00000000e3c00000, 0x00000000e3c566c0, 0x00000000e3d00000)
  to   space 1024K,   0% used [0x00000000e3d00000, 0x00000000e3d00000, 0x00000000e3e00000)
 concurrent mark-sweep generation total 94244K, used 56627K [0x00000000ecca0000, 0x00000000f28a9000, 0x0000000100000000)
 Metaspace       used 75351K, capacity 78600K, committed 78720K, reserved 1118208K
  class space    used 9748K, capacity 10352K, committed 10368K, reserved 1048576K
2020-11-07T19:56:40.272+0800: 83.421: [GC (Allocation Failure) 2020-11-07T19:56:40.272+0800: 83.421: [ParNew: 8537K->435K(9216K), 0.0193293 secs] 65164K->57094K(103460K), 0.0193949 secs] [Times: user=0.02 sys=0.01, real=0.02 secs] 
Heap after GC invocations=983 (full 92):
 par new generation   total 9216K, used 435K [0x00000000e3400000, 0x00000000e3e00000, 0x00000000ecca0000)
  eden space 8192K,   0% used [0x00000000e3400000, 0x00000000e3400000, 0x00000000e3c00000)
  from space 1024K,  42% used [0x00000000e3d00000, 0x00000000e3d6cff0, 0x00000000e3e00000)
  to   space 1024K,   0% used [0x00000000e3c00000, 0x00000000e3c00000, 0x00000000e3d00000)
 concurrent mark-sweep generation total 94244K, used 56658K [0x00000000ecca0000, 0x00000000f28a9000, 0x0000000100000000)
 Metaspace       used 75351K, capacity 78600K, committed 78720K, reserved 1118208K
  class space    used 9748K, capacity 10352K, committed 10368K, reserved 1048576K
}
2020-11-07T19:56:40.329+0800: 83.479: Application time: 0.0384173 seconds
{Heap before GC invocations=983 (full 92):
 par new generation   total 9216K, used 8627K [0x00000000e3400000, 0x00000000e3e00000, 0x00000000ecca0000)
  eden space 8192K, 100% used [0x00000000e3400000, 0x00000000e3c00000, 0x00000000e3c00000)
  from space 1024K,  42% used [0x00000000e3d00000, 0x00000000e3d6cff0, 0x00000000e3e00000)
  to   space 1024K,   0% used [0x00000000e3c00000, 0x00000000e3c00000, 0x00000000e3d00000)
 concurrent mark-sweep generation total 94244K, used 56658K [0x00000000ecca0000, 0x00000000f28a9000, 0x0000000100000000)
 Metaspace       used 75368K, capacity 78600K, committed 78720K, reserved 1118208K
  class space    used 9750K, capacity 10352K, committed 10368K, reserved 1048576K
2020-11-07T19:56:40.330+0800: 83.479: [GC (Allocation Failure) 2020-11-07T19:56:40.330+0800: 83.479: [ParNew: 8627K->376K(9216K), 0.0291364 secs] 65286K->57106K(103460K), 0.0291976 secs] [Times: user=0.03 sys=0.00, real=0.03 secs] 
Heap after GC invocations=984 (full 92):
 par new generation   total 9216K, used 376K [0x00000000e3400000, 0x00000000e3e00000, 0x00000000ecca0000)
  eden space 8192K,   0% used [0x00000000e3400000, 0x00000000e3400000, 0x00000000e3c00000)
  from space 1024K,  36% used [0x00000000e3c00000, 0x00000000e3c5e1c0, 0x00000000e3d00000)
  to   space 1024K,   0% used [0x00000000e3d00000, 0x00000000e3d00000, 0x00000000e3e00000)
 concurrent mark-sweep generation total 94244K, used 56730K [0x00000000ecca0000, 0x00000000f28a9000, 0x0000000100000000)
 Metaspace       used 75368K, capacity 78600K, committed 78720K, reserved 1118208K
  class space    used 9750K, capacity 10352K, committed 10368K, reserved 1048576K
}
2020-11-07T19:56:40.389+0800: 83.539: Application time: 0.0300979 seconds
{Heap before GC invocations=984 (full 92):
 par new generation   total 9216K, used 8568K [0x00000000e3400000, 0x00000000e3e00000, 0x00000000ecca0000)
  eden space 8192K, 100% used [0x00000000e3400000, 0x00000000e3c00000, 0x00000000e3c00000)
  from space 1024K,  36% used [0x00000000e3c00000, 0x00000000e3c5e1c0, 0x00000000e3d00000)
  to   space 1024K,   0% used [0x00000000e3d00000, 0x00000000e3d00000, 0x00000000e3e00000)
 concurrent mark-sweep generation total 94244K, used 56730K [0x00000000ecca0000, 0x00000000f28a9000, 0x0000000100000000)
 Metaspace       used 75374K, capacity 78664K, committed 78976K, reserved 1118208K
  class space    used 9751K, capacity 10352K, committed 10368K, reserved 1048576K
2020-11-07T19:56:40.389+0800: 83.539: [GC (Allocation Failure) 2020-11-07T19:56:40.389+0800: 83.539: [ParNew: 8568K->489K(9216K), 0.0219144 secs] 65298K->57239K(103460K), 0.0219864 secs] [Times: user=0.02 sys=0.00, real=0.02 secs] 
Heap after GC invocations=985 (full 92):
 par new generation   total 9216K, used 489K [0x00000000e3400000, 0x00000000e3e00000, 0x00000000ecca0000)
  eden space 8192K,   0% used [0x00000000e3400000, 0x00000000e3400000, 0x00000000e3c00000)
  from space 1024K,  47% used [0x00000000e3d00000, 0x00000000e3d7a478, 0x00000000e3e00000)
  to   space 1024K,   0% used [0x00000000e3c00000, 0x00000000e3c00000, 0x00000000e3d00000)
 concurrent mark-sweep generation total 94244K, used 56749K [0x00000000ecca0000, 0x00000000f28a9000, 0x0000000100000000)
 Metaspace       used 75374K, capacity 78664K, committed 78976K, reserved 1118208K
  class space    used 9751K, capacity 10352K, committed 10368K, reserved 1048576K
}
2020-11-07T19:56:40.434+0800: 83.584: Application time: 0.0230612 seconds
{Heap before GC invocations=985 (full 92):
 par new generation   total 9216K, used 8681K [0x00000000e3400000, 0x00000000e3e00000, 0x00000000ecca0000)
  eden space 8192K,  99% used [0x00000000e3400000, 0x00000000e3bffff0, 0x00000000e3c00000)
  from space 1024K,  47% used [0x00000000e3d00000, 0x00000000e3d7a478, 0x00000000e3e00000)
  to   space 1024K,   0% used [0x00000000e3c00000, 0x00000000e3c00000, 0x00000000e3d00000)
 concurrent mark-sweep generation total 94244K, used 56749K [0x00000000ecca0000, 0x00000000f28a9000, 0x0000000100000000)
 Metaspace       used 75374K, capacity 78664K, committed 78976K, reserved 1118208K
  class space    used 9751K, capacity 10352K, committed 10368K, reserved 1048576K
2020-11-07T19:56:40.435+0800: 83.584: [GC (Allocation Failure) 2020-11-07T19:56:40.435+0800: 83.584: [ParNew: 8681K->365K(9216K), 0.8396648 secs] 65431K->57134K(103460K), 0.8397299 secs] [Times: user=0.83 sys=0.01, real=0.83 secs] 
Heap after GC invocations=986 (full 92):
 par new generation   total 9216K, used 365K [0x00000000e3400000, 0x00000000e3e00000, 0x00000000ecca0000)
  eden space 8192K,   0% used [0x00000000e3400000, 0x00000000e3400000, 0x00000000e3c00000)
  from space 1024K,  35% used [0x00000000e3c00000, 0x00000000e3c5b4c0, 0x00000000e3d00000)
  to   space 1024K,   0% used [0x00000000e3d00000, 0x00000000e3d00000, 0x00000000e3e00000)
 concurrent mark-sweep generation total 94244K, used 56769K [0x00000000ecca0000, 0x00000000f28a9000, 0x0000000100000000)
 Metaspace       used 75374K, capacity 78664K, committed 78976K, reserved 1118208K
  class space    used 9751K, capacity 10352K, committed 10368K, reserved 1048576K
}
2020-11-07T19:56:41.332+0800: 84.481: Application time: 0.0571879 seconds
2020-11-07T19:56:41.349+0800: 84.498: Application time: 0.0061882 seconds
{Heap before GC invocations=986 (full 92):
 par new generation   total 9216K, used 8557K [0x00000000e3400000, 0x00000000e3e00000, 0x00000000ecca0000)
  eden space 8192K, 100% used [0x00000000e3400000, 0x00000000e3c00000, 0x00000000e3c00000)
  from space 1024K,  35% used [0x00000000e3c00000, 0x00000000e3c5b4c0, 0x00000000e3d00000)
  to   space 1024K,   0% used [0x00000000e3d00000, 0x00000000e3d00000, 0x00000000e3e00000)
 concurrent mark-sweep generation total 94244K, used 56769K [0x00000000ecca0000, 0x00000000f28a9000, 0x0000000100000000)
 Metaspace       used 75395K, capacity 78706K, committed 79104K, reserved 1118208K
  class space    used 9754K, capacity 10387K, committed 10496K, reserved 1048576K
2020-11-07T19:56:41.349+0800: 84.499: [GC (Allocation Failure) 2020-11-07T19:56:41.349+0800: 84.499: [ParNew: 8557K->436K(9216K), 0.0268794 secs] 65326K->57223K(103460K), 0.0269616 secs] [Times: user=0.03 sys=0.00, real=0.03 secs] 
Heap after GC invocations=987 (full 92):
 par new generation   total 9216K, used 436K [0x00000000e3400000, 0x00000000e3e00000, 0x00000000ecca0000)
  eden space 8192K,   0% used [0x00000000e3400000, 0x00000000e3400000, 0x00000000e3c00000)
  from space 1024K,  42% used [0x00000000e3d00000, 0x00000000e3d6d070, 0x00000000e3e00000)
  to   space 1024K,   0% used [0x00000000e3c00000, 0x00000000e3c00000, 0x00000000e3d00000)
 concurrent mark-sweep generation total 94244K, used 56787K [0x00000000ecca0000, 0x00000000f28a9000, 0x0000000100000000)
 Metaspace       used 75395K, capacity 78706K, committed 79104K, reserved 1118208K
  class space    used 9754K, capacity 10387K, committed 10496K, reserved 1048576K
}
2020-11-07T19:56:41.395+0800: 84.544: Application time: 0.0186391 seconds
2020-11-07T19:56:41.401+0800: 84.550: Application time: 0.0044906 seconds
2020-11-07T19:56:41.401+0800: 84.551: Application time: 0.0001430 seconds
2020-11-07T19:56:41.421+0800: 84.571: Application time: 0.0201901 seconds
{Heap before GC invocations=987 (full 92):
 par new generation   total 9216K, used 8628K [0x00000000e3400000, 0x00000000e3e00000, 0x00000000ecca0000)
  eden space 8192K, 100% used [0x00000000e3400000, 0x00000000e3c00000, 0x00000000e3c00000)
  from space 1024K,  42% used [0x00000000e3d00000, 0x00000000e3d6d070, 0x00000000e3e00000)
  to   space 1024K,   0% used [0x00000000e3c00000, 0x00000000e3c00000, 0x00000000e3d00000)
 concurrent mark-sweep generation total 94244K, used 56787K [0x00000000ecca0000, 0x00000000f28a9000, 0x0000000100000000)
 Metaspace       used 75398K, capacity 78706K, committed 79104K, reserved 1118208K
  class space    used 9755K, capacity 10387K, committed 10496K, reserved 1048576K
2020-11-07T19:56:41.421+0800: 84.571: [GC (Allocation Failure) 2020-11-07T19:56:41.421+0800: 84.571: [ParNew: 8628K->460K(9216K), 0.0395359 secs] 65415K->57268K(103460K), 0.0396002 secs] [Times: user=0.04 sys=0.00, real=0.04 secs] 
Heap after GC invocations=988 (full 92):
 par new generation   total 9216K, used 460K [0x00000000e3400000, 0x00000000e3e00000, 0x00000000ecca0000)
  eden space 8192K,   0% used [0x00000000e3400000, 0x00000000e3400000, 0x00000000e3c00000)
  from space 1024K,  45% used [0x00000000e3c00000, 0x00000000e3c733e0, 0x00000000e3d00000)
  to   space 1024K,   0% used [0x00000000e3d00000, 0x00000000e3d00000, 0x00000000e3e00000)
 concurrent mark-sweep generation total 94244K, used 56807K [0x00000000ecca0000, 0x00000000f28a9000, 0x0000000100000000)
 Metaspace       used 75398K, capacity 78706K, committed 79104K, reserved 1118208K
  class space    used 9755K, capacity 10387K, committed 10496K, reserved 1048576K
}
2020-11-07T19:56:41.490+0800: 84.639: Application time: 0.0285539 seconds
{Heap before GC invocations=988 (full 92):
 par new generation   total 9216K, used 8652K [0x00000000e3400000, 0x00000000e3e00000, 0x00000000ecca0000)
  eden space 8192K, 100% used [0x00000000e3400000, 0x00000000e3c00000, 0x00000000e3c00000)
  from space 1024K,  45% used [0x00000000e3c00000, 0x00000000e3c733e0, 0x00000000e3d00000)
  to   space 1024K,   0% used [0x00000000e3d00000, 0x00000000e3d00000, 0x00000000e3e00000)
 concurrent mark-sweep generation total 94244K, used 56807K [0x00000000ecca0000, 0x00000000f28a9000, 0x0000000100000000)
 Metaspace       used 75410K, capacity 78706K, committed 79104K, reserved 1118208K
  class space    used 9756K, capacity 10387K, committed 10496K, reserved 1048576K
2020-11-07T19:56:41.490+0800: 84.639: [GC (Allocation Failure) 2020-11-07T19:56:41.490+0800: 84.639: [ParNew: 8652K->486K(9216K), 0.0084809 secs] 65460K->57317K(103460K), 0.0085588 secs] [Times: user=0.01 sys=0.00, real=0.01 secs] 
Heap after GC invocations=989 (full 92):
 par new generation   total 9216K, used 486K [0x00000000e3400000, 0x00000000e3e00000, 0x00000000ecca0000)
  eden space 8192K,   0% used [0x00000000e3400000, 0x00000000e3400000, 0x00000000e3c00000)
  from space 1024K,  47% used [0x00000000e3d00000, 0x00000000e3d79ba8, 0x00000000e3e00000)
  to   space 1024K,   0% used [0x00000000e3c00000, 0x00000000e3c00000, 0x00000000e3d00000)
 concurrent mark-sweep generation total 94244K, used 56830K [0x00000000ecca0000, 0x00000000f28a9000, 0x0000000100000000)
 Metaspace       used 75410K, capacity 78706K, committed 79104K, reserved 1118208K
  class space    used 9756K, capacity 10387K, committed 10496K, reserved 1048576K
}
2020-11-07T19:56:41.525+0800: 84.675: [CMS-concurrent-mark: 0.326/1.409 secs] [Times: user=1.38 sys=0.02, real=1.41 secs] 
2020-11-07T19:56:41.525+0800: 84.675: Application time: 0.0264913 seconds
{Heap before GC invocations=989 (full 92):
 par new generation   total 9216K, used 8678K [0x00000000e3400000, 0x00000000e3e00000, 0x00000000ecca0000)
  eden space 8192K, 100% used [0x00000000e3400000, 0x00000000e3c00000, 0x00000000e3c00000)
  from space 1024K,  47% used [0x00000000e3d00000, 0x00000000e3d79ba8, 0x00000000e3e00000)
  to   space 1024K,   0% used [0x00000000e3c00000, 0x00000000e3c00000, 0x00000000e3d00000)
 concurrent mark-sweep generation total 94244K, used 56830K [0x00000000ecca0000, 0x00000000f28a9000, 0x0000000100000000)
 Metaspace       used 75410K, capacity 78706K, committed 79104K, reserved 1118208K
  class space    used 9756K, capacity 10387K, committed 10496K, reserved 1048576K
2020-11-07T19:56:41.525+0800: 84.675: [GC (Allocation Failure) 2020-11-07T19:56:41.525+0800: 84.675: [ParNew: 8678K->520K(9216K), 0.0436741 secs] 65509K->57400K(103460K), 0.0437383 secs] [Times: user=0.05 sys=0.00, real=0.04 secs] 
Heap after GC invocations=990 (full 92):
 par new generation   total 9216K, used 520K [0x00000000e3400000, 0x00000000e3e00000, 0x00000000ecca0000)
  eden space 8192K,   0% used [0x00000000e3400000, 0x00000000e3400000, 0x00000000e3c00000)
  from space 1024K,  50% used [0x00000000e3c00000, 0x00000000e3c820a0, 0x00000000e3d00000)
  to   space 1024K,   0% used [0x00000000e3d00000, 0x00000000e3d00000, 0x00000000e3e00000)
 concurrent mark-sweep generation total 94244K, used 56880K [0x00000000ecca0000, 0x00000000f28a9000, 0x0000000100000000)
 Metaspace       used 75410K, capacity 78706K, committed 79104K, reserved 1118208K
  class space    used 9756K, capacity 10387K, committed 10496K, reserved 1048576K
}
2020-11-07T19:56:41.569+0800: 84.719: [CMS-concurrent-preclean-start]
2020-11-07T19:56:41.586+0800: 84.736: Application time: 0.0170818 seconds
{Heap before GC invocations=990 (full 92):
 par new generation   total 9216K, used 8712K [0x00000000e3400000, 0x00000000e3e00000, 0x00000000ecca0000)
  eden space 8192K, 100% used [0x00000000e3400000, 0x00000000e3c00000, 0x00000000e3c00000)
  from space 1024K,  50% used [0x00000000e3c00000, 0x00000000e3c820a0, 0x00000000e3d00000)
  to   space 1024K,   0% used [0x00000000e3d00000, 0x00000000e3d00000, 0x00000000e3e00000)
 concurrent mark-sweep generation total 94244K, used 56880K [0x00000000ecca0000, 0x00000000f28a9000, 0x0000000100000000)
 Metaspace       used 75412K, capacity 78706K, committed 79104K, reserved 1118208K
  class space    used 9756K, capacity 10387K, committed 10496K, reserved 1048576K
2020-11-07T19:56:41.586+0800: 84.736: [GC (Allocation Failure) 2020-11-07T19:56:41.586+0800: 84.736: [ParNew: 8712K->480K(9216K), 0.0086121 secs] 65592K->57373K(103460K), 0.0086725 secs] [Times: user=0.01 sys=0.00, real=0.01 secs] 
Heap after GC invocations=991 (full 92):
 par new generation   total 9216K, used 480K [0x00000000e3400000, 0x00000000e3e00000, 0x00000000ecca0000)
  eden space 8192K,   0% used [0x00000000e3400000, 0x00000000e3400000, 0x00000000e3c00000)
  from space 1024K,  46% used [0x00000000e3d00000, 0x00000000e3d78140, 0x00000000e3e00000)
  to   space 1024K,   0% used [0x00000000e3c00000, 0x00000000e3c00000, 0x00000000e3d00000)
 concurrent mark-sweep generation total 94244K, used 56893K [0x00000000ecca0000, 0x00000000f28a9000, 0x0000000100000000)
 Metaspace       used 75412K, capacity 78706K, committed 79104K, reserved 1118208K
  class space    used 9756K, capacity 10387K, committed 10496K, reserved 1048576K
}
2020-11-07T19:56:41.600+0800: 84.749: [CMS-concurrent-preclean: 0.009/0.030 secs] [Times: user=0.03 sys=0.00, real=0.03 secs] 
2020-11-07T19:56:41.606+0800: 84.755: Application time: 0.0106906 seconds
2020-11-07T19:56:41.617+0800: 84.766: [GC (CMS Final Remark) [YG occupancy: 3569 K (9216 K)]2020-11-07T19:56:41.617+0800: 84.766: [Rescan (parallel) , 0.0078038 secs]2020-11-07T19:56:41.624+0800: 84.774: [weak refs processing, 0.0010502 secs]2020-11-07T19:56:41.626+0800: 84.775: [class unloading, 0.0245680 secs]2020-11-07T19:56:41.650+0800: 84.800: [scrub symbol table, 0.0610373 secs]2020-11-07T19:56:41.711+0800: 84.861: [scrub string table, 0.0014828 secs][1 CMS-remark: 56893K(94244K)] 60462K(103460K), 0.0961668 secs] [Times: user=0.10 sys=0.00, real=0.09 secs] 
2020-11-07T19:56:41.713+0800: 84.863: [CMS-concurrent-sweep-start]
2020-11-07T19:56:41.762+0800: 84.911: Application time: 0.0487668 seconds
{Heap before GC invocations=991 (full 92):
 par new generation   total 9216K, used 8672K [0x00000000e3400000, 0x00000000e3e00000, 0x00000000ecca0000)
  eden space 8192K, 100% used [0x00000000e3400000, 0x00000000e3c00000, 0x00000000e3c00000)
  from space 1024K,  46% used [0x00000000e3d00000, 0x00000000e3d78140, 0x00000000e3e00000)
  to   space 1024K,   0% used [0x00000000e3c00000, 0x00000000e3c00000, 0x00000000e3d00000)
 concurrent mark-sweep generation total 94244K, used 56792K [0x00000000ecca0000, 0x00000000f28a9000, 0x0000000100000000)
 Metaspace       used 75416K, capacity 78706K, committed 79104K, reserved 1118208K
  class space    used 9756K, capacity 10387K, committed 10496K, reserved 1048576K
2020-11-07T19:56:41.762+0800: 84.911: [GC (Allocation Failure) 2020-11-07T19:56:41.762+0800: 84.912: [ParNew: 8672K->624K(9216K), 0.0244081 secs] 65464K->57533K(103460K), 0.0245014 secs] [Times: user=0.02 sys=0.00, real=0.03 secs] 
Heap after GC invocations=992 (full 92):
 par new generation   total 9216K, used 624K [0x00000000e3400000, 0x00000000e3e00000, 0x00000000ecca0000)
  eden space 8192K,   0% used [0x00000000e3400000, 0x00000000e3400000, 0x00000000e3c00000)
  from space 1024K,  60% used [0x00000000e3c00000, 0x00000000e3c9c200, 0x00000000e3d00000)
  to   space 1024K,   0% used [0x00000000e3d00000, 0x00000000e3d00000, 0x00000000e3e00000)
 concurrent mark-sweep generation total 94244K, used 56908K [0x00000000ecca0000, 0x00000000f28a9000, 0x0000000100000000)
 Metaspace       used 75416K, capacity 78706K, committed 79104K, reserved 1118208K
  class space    used 9756K, capacity 10387K, committed 10496K, reserved 1048576K
}
2020-11-07T19:56:41.814+0800: 84.964: Application time: 0.0276004 seconds
{Heap before GC invocations=992 (full 92):
 par new generation   total 9216K, used 8816K [0x00000000e3400000, 0x00000000e3e00000, 0x00000000ecca0000)
  eden space 8192K, 100% used [0x00000000e3400000, 0x00000000e3c00000, 0x00000000e3c00000)
  from space 1024K,  60% used [0x00000000e3c00000, 0x00000000e3c9c200, 0x00000000e3d00000)
  to   space 1024K,   0% used [0x00000000e3d00000, 0x00000000e3d00000, 0x00000000e3e00000)
 concurrent mark-sweep generation total 94244K, used 56905K [0x00000000ecca0000, 0x00000000f28a9000, 0x0000000100000000)
 Metaspace       used 75416K, capacity 78706K, committed 79104K, reserved 1118208K
  class space    used 9756K, capacity 10387K, committed 10496K, reserved 1048576K
2020-11-07T19:56:41.814+0800: 84.964: [GC (Allocation Failure) 2020-11-07T19:56:41.814+0800: 84.964: [ParNew: 8816K->599K(9216K), 0.0230493 secs] 65721K->57520K(103460K), 0.0231212 secs] [Times: user=0.02 sys=0.00, real=0.03 secs] 
Heap after GC invocations=993 (full 92):
 par new generation   total 9216K, used 599K [0x00000000e3400000, 0x00000000e3e00000, 0x00000000ecca0000)
  eden space 8192K,   0% used [0x00000000e3400000, 0x00000000e3400000, 0x00000000e3c00000)
  from space 1024K,  58% used [0x00000000e3d00000, 0x00000000e3d95d38, 0x00000000e3e00000)
  to   space 1024K,   0% used [0x00000000e3c00000, 0x00000000e3c00000, 0x00000000e3d00000)
 concurrent mark-sweep generation total 94244K, used 56920K [0x00000000ecca0000, 0x00000000f28a9000, 0x0000000100000000)
 Metaspace       used 75416K, capacity 78706K, committed 79104K, reserved 1118208K
  class space    used 9756K, capacity 10387K, committed 10496K, reserved 1048576K
}
2020-11-07T19:56:41.849+0800: 84.999: Application time: 0.0117289 seconds
{Heap before GC invocations=993 (full 92):
 par new generation   total 9216K, used 8791K [0x00000000e3400000, 0x00000000e3e00000, 0x00000000ecca0000)
  eden space 8192K, 100% used [0x00000000e3400000, 0x00000000e3c00000, 0x00000000e3c00000)
  from space 1024K,  58% used [0x00000000e3d00000, 0x00000000e3d95d38, 0x00000000e3e00000)
  to   space 1024K,   0% used [0x00000000e3c00000, 0x00000000e3c00000, 0x00000000e3d00000)
 concurrent mark-sweep generation total 94244K, used 56873K [0x00000000ecca0000, 0x00000000f28a9000, 0x0000000100000000)
 Metaspace       used 75416K, capacity 78706K, committed 79104K, reserved 1118208K
  class space    used 9756K, capacity 10387K, committed 10496K, reserved 1048576K
2020-11-07T19:56:41.849+0800: 84.999: [GC (Allocation Failure) 2020-11-07T19:56:41.849+0800: 84.999: [ParNew: 8791K->510K(9216K), 0.0209730 secs] 65664K->57451K(103460K), 0.0210306 secs] [Times: user=0.02 sys=0.00, real=0.02 secs] 
Heap after GC invocations=994 (full 92):
 par new generation   total 9216K, used 510K [0x00000000e3400000, 0x00000000e3e00000, 0x00000000ecca0000)
  eden space 8192K,   0% used [0x00000000e3400000, 0x00000000e3400000, 0x00000000e3c00000)
  from space 1024K,  49% used [0x00000000e3c00000, 0x00000000e3c7fb90, 0x00000000e3d00000)
  to   space 1024K,   0% used [0x00000000e3d00000, 0x00000000e3d00000, 0x00000000e3e00000)
 concurrent mark-sweep generation total 94244K, used 56940K [0x00000000ecca0000, 0x00000000f28a9000, 0x0000000100000000)
 Metaspace       used 75416K, capacity 78706K, committed 79104K, reserved 1118208K
  class space    used 9756K, capacity 10387K, committed 10496K, reserved 1048576K
}
2020-11-07T19:56:41.871+0800: 85.021: [CMS-concurrent-sweep: 0.082/0.159 secs] [Times: user=0.15 sys=0.00, real=0.16 secs] 
2020-11-07T19:56:41.884+0800: 85.033: [CMS-concurrent-reset-start]
2020-11-07T19:56:41.885+0800: 85.034: [CMS-concurrent-reset: 0.001/0.001 secs] [Times: user=0.00 sys=0.00, real=0.01 secs] 
2020-11-07T19:56:41.911+0800: 85.061: Application time: 0.0410242 seconds
{Heap before GC invocations=994 (full 92):
 par new generation   total 9216K, used 8702K [0x00000000e3400000, 0x00000000e3e00000, 0x00000000ecca0000)
  eden space 8192K, 100% used [0x00000000e3400000, 0x00000000e3c00000, 0x00000000e3c00000)
  from space 1024K,  49% used [0x00000000e3c00000, 0x00000000e3c7fb90, 0x00000000e3d00000)
  to   space 1024K,   0% used [0x00000000e3d00000, 0x00000000e3d00000, 0x00000000e3e00000)
 concurrent mark-sweep generation total 94888K, used 56932K [0x00000000ecca0000, 0x00000000f294a000, 0x0000000100000000)
 Metaspace       used 75486K, capacity 78790K, committed 79104K, reserved 1118208K
  class space    used 9765K, capacity 10391K, committed 10496K, reserved 1048576K
2020-11-07T19:56:41.912+0800: 85.061: [GC (Allocation Failure) 2020-11-07T19:56:41.912+0800: 85.061: [ParNew: 8702K->652K(9216K), 0.0357574 secs] 65635K->57585K(104104K), 0.0358492 secs] [Times: user=0.04 sys=0.00, real=0.04 secs] 
Heap after GC invocations=995 (full 92):
 par new generation   total 9216K, used 652K [0x00000000e3400000, 0x00000000e3e00000, 0x00000000ecca0000)
  eden space 8192K,   0% used [0x00000000e3400000, 0x00000000e3400000, 0x00000000e3c00000)
  from space 1024K,  63% used [0x00000000e3d00000, 0x00000000e3da3028, 0x00000000e3e00000)
  to   space 1024K,   0% used [0x00000000e3c00000, 0x00000000e3c00000, 0x00000000e3d00000)
 concurrent mark-sweep generation total 94888K, used 56933K [0x00000000ecca0000, 0x00000000f294a000, 0x0000000100000000)
 Metaspace       used 75486K, capacity 78790K, committed 79104K, reserved 1118208K
  class space    used 9765K, capacity 10391K, committed 10496K, reserved 1048576K
}
2020-11-07T19:56:41.955+0800: 85.104: Application time: 0.0071252 seconds
2020-11-07T19:56:41.955+0800: 85.104: [GC (CMS Initial Mark) [1 CMS-initial-mark: 56933K(94888K)] 61689K(104104K), 0.0079406 secs] [Times: user=0.01 sys=0.00, real=0.00 secs] 
2020-11-07T19:56:41.963+0800: 85.113: [CMS-concurrent-mark-start]
2020-11-07T19:56:41.982+0800: 85.132: Application time: 0.0190236 seconds
{Heap before GC invocations=995 (full 93):
 par new generation   total 9216K, used 8844K [0x00000000e3400000, 0x00000000e3e00000, 0x00000000ecca0000)
  eden space 8192K, 100% used [0x00000000e3400000, 0x00000000e3c00000, 0x00000000e3c00000)
  from space 1024K,  63% used [0x00000000e3d00000, 0x00000000e3da3028, 0x00000000e3e00000)
  to   space 1024K,   0% used [0x00000000e3c00000, 0x00000000e3c00000, 0x00000000e3d00000)
 concurrent mark-sweep generation total 94888K, used 56933K [0x00000000ecca0000, 0x00000000f294a000, 0x0000000100000000)
 Metaspace       used 75493K, capacity 78796K, committed 79104K, reserved 1118208K
  class space    used 9767K, capacity 10392K, committed 10496K, reserved 1048576K
2020-11-07T19:56:41.982+0800: 85.132: [GC (Allocation Failure) 2020-11-07T19:56:41.982+0800: 85.132: [ParNew: 8844K->622K(9216K), 0.0194257 secs] 65777K->57634K(104104K), 0.0195177 secs] [Times: user=0.02 sys=0.00, real=0.02 secs] 
Heap after GC invocations=996 (full 93):
 par new generation   total 9216K, used 622K [0x00000000e3400000, 0x00000000e3e00000, 0x00000000ecca0000)
  eden space 8192K,   0% used [0x00000000e3400000, 0x00000000e3400000, 0x00000000e3c00000)
  from space 1024K,  60% used [0x00000000e3c00000, 0x00000000e3c9b880, 0x00000000e3d00000)
  to   space 1024K,   0% used [0x00000000e3d00000, 0x00000000e3d00000, 0x00000000e3e00000)
 concurrent mark-sweep generation total 94888K, used 57012K [0x00000000ecca0000, 0x00000000f294a000, 0x0000000100000000)
 Metaspace       used 75493K, capacity 78796K, committed 79104K, reserved 1118208K
  class space    used 9767K, capacity 10392K, committed 10496K, reserved 1048576K
}
2020-11-07T19:56:42.035+0800: 85.185: Application time: 0.0338125 seconds
{Heap before GC invocations=996 (full 93):
 par new generation   total 9216K, used 8814K [0x00000000e3400000, 0x00000000e3e00000, 0x00000000ecca0000)
  eden space 8192K, 100% used [0x00000000e3400000, 0x00000000e3c00000, 0x00000000e3c00000)
  from space 1024K,  60% used [0x00000000e3c00000, 0x00000000e3c9b880, 0x00000000e3d00000)
  to   space 1024K,   0% used [0x00000000e3d00000, 0x00000000e3d00000, 0x00000000e3e00000)
 concurrent mark-sweep generation total 94888K, used 57012K [0x00000000ecca0000, 0x00000000f294a000, 0x0000000100000000)
 Metaspace       used 75510K, capacity 78796K, committed 79104K, reserved 1118208K
  class space    used 9768K, capacity 10392K, committed 10496K, reserved 1048576K
2020-11-07T19:56:42.036+0800: 85.185: [GC (Allocation Failure) 2020-11-07T19:56:42.036+0800: 85.185: [ParNew: 8814K->617K(9216K), 0.0224816 secs] 65826K->57630K(104104K), 0.0225425 secs] [Times: user=0.02 sys=0.00, real=0.02 secs] 
Heap after GC invocations=997 (full 93):
 par new generation   total 9216K, used 617K [0x00000000e3400000, 0x00000000e3e00000, 0x00000000ecca0000)
  eden space 8192K,   0% used [0x00000000e3400000, 0x00000000e3400000, 0x00000000e3c00000)
  from space 1024K,  60% used [0x00000000e3d00000, 0x00000000e3d9a570, 0x00000000e3e00000)
  to   space 1024K,   0% used [0x00000000e3c00000, 0x00000000e3c00000, 0x00000000e3d00000)
 concurrent mark-sweep generation total 94888K, used 57012K [0x00000000ecca0000, 0x00000000f294a000, 0x0000000100000000)
 Metaspace       used 75510K, capacity 78796K, committed 79104K, reserved 1118208K
  class space    used 9768K, capacity 10392K, committed 10496K, reserved 1048576K
}
2020-11-07T19:56:42.100+0800: 85.250: Application time: 0.0422542 seconds
{Heap before GC invocations=997 (full 93):
 par new generation   total 9216K, used 8809K [0x00000000e3400000, 0x00000000e3e00000, 0x00000000ecca0000)
  eden space 8192K, 100% used [0x00000000e3400000, 0x00000000e3c00000, 0x00000000e3c00000)
  from space 1024K,  60% used [0x00000000e3d00000, 0x00000000e3d9a570, 0x00000000e3e00000)
  to   space 1024K,   0% used [0x00000000e3c00000, 0x00000000e3c00000, 0x00000000e3d00000)
 concurrent mark-sweep generation total 94888K, used 57012K [0x00000000ecca0000, 0x00000000f294a000, 0x0000000100000000)
 Metaspace       used 75517K, capacity 78796K, committed 79104K, reserved 1118208K
  class space    used 9770K, capacity 10392K, committed 10496K, reserved 1048576K
2020-11-07T19:56:42.101+0800: 85.250: [GC (Allocation Failure) 2020-11-07T19:56:42.101+0800: 85.250: [ParNew: 8809K->623K(9216K), 0.0239627 secs] 65822K->57688K(104104K), 0.0240240 secs] [Times: user=0.02 sys=0.00, real=0.03 secs] 
Heap after GC invocations=998 (full 93):
 par new generation   total 9216K, used 623K [0x00000000e3400000, 0x00000000e3e00000, 0x00000000ecca0000)
  eden space 8192K,   0% used [0x00000000e3400000, 0x00000000e3400000, 0x00000000e3c00000)
  from space 1024K,  60% used [0x00000000e3c00000, 0x00000000e3c9bfc0, 0x00000000e3d00000)
  to   space 1024K,   0% used [0x00000000e3d00000, 0x00000000e3d00000, 0x00000000e3e00000)
 concurrent mark-sweep generation total 94888K, used 57064K [0x00000000ecca0000, 0x00000000f294a000, 0x0000000100000000)
 Metaspace       used 75517K, capacity 78796K, committed 79104K, reserved 1118208K
  class space    used 9770K, capacity 10392K, committed 10496K, reserved 1048576K
}
2020-11-07T19:56:42.153+0800: 85.302: Application time: 0.0277387 seconds
{Heap before GC invocations=998 (full 93):
 par new generation   total 9216K, used 8815K [0x00000000e3400000, 0x00000000e3e00000, 0x00000000ecca0000)
  eden space 8192K, 100% used [0x00000000e3400000, 0x00000000e3c00000, 0x00000000e3c00000)
  from space 1024K,  60% used [0x00000000e3c00000, 0x00000000e3c9bfc0, 0x00000000e3d00000)
  to   space 1024K,   0% used [0x00000000e3d00000, 0x00000000e3d00000, 0x00000000e3e00000)
 concurrent mark-sweep generation total 94888K, used 57064K [0x00000000ecca0000, 0x00000000f294a000, 0x0000000100000000)
 Metaspace       used 75517K, capacity 78796K, committed 79104K, reserved 1118208K
  class space    used 9770K, capacity 10392K, committed 10496K, reserved 1048576K
2020-11-07T19:56:42.153+0800: 85.302: [GC (Allocation Failure) 2020-11-07T19:56:42.153+0800: 85.302: [ParNew: 8815K->412K(9216K), 0.0239701 secs] 65880K->57740K(104104K), 0.0240332 secs] [Times: user=0.02 sys=0.00, real=0.03 secs] 
Heap after GC invocations=999 (full 93):
 par new generation   total 9216K, used 412K [0x00000000e3400000, 0x00000000e3e00000, 0x00000000ecca0000)
  eden space 8192K,   0% used [0x00000000e3400000, 0x00000000e3400000, 0x00000000e3c00000)
  from space 1024K,  40% used [0x00000000e3d00000, 0x00000000e3d67340, 0x00000000e3e00000)
  to   space 1024K,   0% used [0x00000000e3c00000, 0x00000000e3c00000, 0x00000000e3d00000)
 concurrent mark-sweep generation total 94888K, used 57327K [0x00000000ecca0000, 0x00000000f294a000, 0x0000000100000000)
 Metaspace       used 75517K, capacity 78796K, committed 79104K, reserved 1118208K
  class space    used 9770K, capacity 10392K, committed 10496K, reserved 1048576K
}
2020-11-07T19:56:42.243+0800: 85.392: Application time: 0.0658063 seconds
{Heap before GC invocations=999 (full 93):
 par new generation   total 9216K, used 8604K [0x00000000e3400000, 0x00000000e3e00000, 0x00000000ecca0000)
  eden space 8192K, 100% used [0x00000000e3400000, 0x00000000e3c00000, 0x00000000e3c00000)
  from space 1024K,  40% used [0x00000000e3d00000, 0x00000000e3d67340, 0x00000000e3e00000)
  to   space 1024K,   0% used [0x00000000e3c00000, 0x00000000e3c00000, 0x00000000e3d00000)
 concurrent mark-sweep generation total 94888K, used 57327K [0x00000000ecca0000, 0x00000000f294a000, 0x0000000100000000)
 Metaspace       used 75577K, capacity 78888K, committed 79104K, reserved 1118208K
  class space    used 9780K, capacity 10400K, committed 10496K, reserved 1048576K
2020-11-07T19:56:42.243+0800: 85.392: [GC (Allocation Failure) 2020-11-07T19:56:42.243+0800: 85.393: [ParNew: 8604K->593K(9216K), 0.0269906 secs] 65932K->57920K(104104K), 0.0270632 secs] [Times: user=0.03 sys=0.00, real=0.03 secs] 
Heap after GC invocations=1000 (full 93):
 par new generation   total 9216K, used 593K [0x00000000e3400000, 0x00000000e3e00000, 0x00000000ecca0000)
  eden space 8192K,   0% used [0x00000000e3400000, 0x00000000e3400000, 0x00000000e3c00000)
  from space 1024K,  57% used [0x00000000e3c00000, 0x00000000e3c944a8, 0x00000000e3d00000)
  to   space 1024K,   0% used [0x00000000e3d00000, 0x00000000e3d00000, 0x00000000e3e00000)
 concurrent mark-sweep generation total 94888K, used 57327K [0x00000000ecca0000, 0x00000000f294a000, 0x0000000100000000)
 Metaspace       used 75577K, capacity 78888K, committed 79104K, reserved 1118208K
  class space    used 9780K, capacity 10400K, committed 10496K, reserved 1048576K
}
2020-11-07T19:56:42.327+0800: 85.477: Application time: 0.0574375 seconds
{Heap before GC invocations=1000 (full 93):
 par new generation   total 9216K, used 8785K [0x00000000e3400000, 0x00000000e3e00000, 0x00000000ecca0000)
  eden space 8192K, 100% used [0x00000000e3400000, 0x00000000e3c00000, 0x00000000e3c00000)
  from space 1024K,  57% used [0x00000000e3c00000, 0x00000000e3c944a8, 0x00000000e3d00000)
  to   space 1024K,   0% used [0x00000000e3d00000, 0x00000000e3d00000, 0x00000000e3e00000)
 concurrent mark-sweep generation total 94888K, used 57327K [0x00000000ecca0000, 0x00000000f294a000, 0x0000000100000000)
 Metaspace       used 75628K, capacity 78890K, committed 79104K, reserved 1118208K
  class space    used 9786K, capacity 10401K, committed 10496K, reserved 1048576K
2020-11-07T19:56:42.328+0800: 85.477: [GC (Allocation Failure) 2020-11-07T19:56:42.328+0800: 85.477: [ParNew: 8785K->399K(9216K), 0.0262900 secs] 66112K->57727K(104104K), 0.0263547 secs] [Times: user=0.03 sys=0.00, real=0.02 secs] 
Heap after GC invocations=1001 (full 93):
 par new generation   total 9216K, used 399K [0x00000000e3400000, 0x00000000e3e00000, 0x00000000ecca0000)
  eden space 8192K,   0% used [0x00000000e3400000, 0x00000000e3400000, 0x00000000e3c00000)
  from space 1024K,  39% used [0x00000000e3d00000, 0x00000000e3d63ef0, 0x00000000e3e00000)
  to   space 1024K,   0% used [0x00000000e3c00000, 0x00000000e3c00000, 0x00000000e3d00000)
 concurrent mark-sweep generation total 94888K, used 57327K [0x00000000ecca0000, 0x00000000f294a000, 0x0000000100000000)
 Metaspace       used 75628K, capacity 78890K, committed 79104K, reserved 1118208K
  class space    used 9786K, capacity 10401K, committed 10496K, reserved 1048576K
}
2020-11-07T19:56:42.412+0800: 85.561: Application time: 0.0577688 seconds
{Heap before GC invocations=1001 (full 93):
 par new generation   total 9216K, used 8591K [0x00000000e3400000, 0x00000000e3e00000, 0x00000000ecca0000)
  eden space 8192K, 100% used [0x00000000e3400000, 0x00000000e3c00000, 0x00000000e3c00000)
  from space 1024K,  39% used [0x00000000e3d00000, 0x00000000e3d63ef0, 0x00000000e3e00000)
  to   space 1024K,   0% used [0x00000000e3c00000, 0x00000000e3c00000, 0x00000000e3d00000)
 concurrent mark-sweep generation total 94888K, used 57327K [0x00000000ecca0000, 0x00000000f294a000, 0x0000000100000000)
 Metaspace       used 75636K, capacity 78904K, committed 79104K, reserved 1118208K
  class space    used 9788K, capacity 10404K, committed 10496K, reserved 1048576K
2020-11-07T19:56:42.412+0800: 85.562: [GC (Allocation Failure) 2020-11-07T19:56:42.412+0800: 85.562: [ParNew: 8591K->427K(9216K), 0.2308841 secs] 65919K->57784K(104104K), 0.2309445 secs] [Times: user=0.23 sys=0.01, real=0.23 secs] 
Heap after GC invocations=1002 (full 93):
 par new generation   total 9216K, used 427K [0x00000000e3400000, 0x00000000e3e00000, 0x00000000ecca0000)
  eden space 8192K,   0% used [0x00000000e3400000, 0x00000000e3400000, 0x00000000e3c00000)
  from space 1024K,  41% used [0x00000000e3c00000, 0x00000000e3c6afb8, 0x00000000e3d00000)
  to   space 1024K,   0% used [0x00000000e3d00000, 0x00000000e3d00000, 0x00000000e3e00000)
 concurrent mark-sweep generation total 94888K, used 57356K [0x00000000ecca0000, 0x00000000f294a000, 0x0000000100000000)
 Metaspace       used 75636K, capacity 78904K, committed 79104K, reserved 1118208K
  class space    used 9788K, capacity 10404K, committed 10496K, reserved 1048576K
}
2020-11-07T19:56:42.722+0800: 85.872: [CMS-concurrent-mark: 0.368/0.759 secs] [Times: user=0.74 sys=0.01, real=0.76 secs] 
2020-11-07T19:56:42.722+0800: 85.872: [CMS-concurrent-preclean-start]
2020-11-07T19:56:42.727+0800: 85.877: [CMS-concurrent-preclean: 0.005/0.005 secs] [Times: user=0.00 sys=0.00, real=0.01 secs] 
2020-11-07T19:56:42.727+0800: 85.877: [CMS-concurrent-abortable-preclean-start]
2020-11-07T19:56:42.736+0800: 85.885: Application time: 0.0926465 seconds
{Heap before GC invocations=1002 (full 93):
 par new generation   total 9216K, used 8619K [0x00000000e3400000, 0x00000000e3e00000, 0x00000000ecca0000)
  eden space 8192K, 100% used [0x00000000e3400000, 0x00000000e3c00000, 0x00000000e3c00000)
  from space 1024K,  41% used [0x00000000e3c00000, 0x00000000e3c6afb8, 0x00000000e3d00000)
  to   space 1024K,   0% used [0x00000000e3d00000, 0x00000000e3d00000, 0x00000000e3e00000)
 concurrent mark-sweep generation total 94888K, used 57356K [0x00000000ecca0000, 0x00000000f294a000, 0x0000000100000000)
 Metaspace       used 75708K, capacity 79024K, committed 79360K, reserved 1118208K
  class space    used 9799K, capacity 10440K, committed 10496K, reserved 1048576K
2020-11-07T19:56:42.736+0800: 85.886: [GC (Allocation Failure) 2020-11-07T19:56:42.736+0800: 85.886: [ParNew: 8619K->753K(9216K), 0.0230149 secs] 65976K->58120K(104104K), 0.0230952 secs] [Times: user=0.02 sys=0.00, real=0.02 secs] 
Heap after GC invocations=1003 (full 93):
 par new generation   total 9216K, used 753K [0x00000000e3400000, 0x00000000e3e00000, 0x00000000ecca0000)
  eden space 8192K,   0% used [0x00000000e3400000, 0x00000000e3400000, 0x00000000e3c00000)
  from space 1024K,  73% used [0x00000000e3d00000, 0x00000000e3dbc720, 0x00000000e3e00000)
  to   space 1024K,   0% used [0x00000000e3c00000, 0x00000000e3c00000, 0x00000000e3d00000)
 concurrent mark-sweep generation total 94888K, used 57366K [0x00000000ecca0000, 0x00000000f294a000, 0x0000000100000000)
 Metaspace       used 75708K, capacity 79024K, committed 79360K, reserved 1118208K
  class space    used 9799K, capacity 10440K, committed 10496K, reserved 1048576K
}
2020-11-07T19:56:42.787+0800: 85.936: Application time: 0.0275897 seconds
2020-11-07T19:56:42.787+0800: 85.936: Application time: 0.0000314 seconds
2020-11-07T19:56:42.787+0800: 85.936: Application time: 0.0000154 seconds
2020-11-07T19:56:42.787+0800: 85.937: Application time: 0.0000148 seconds
2020-11-07T19:56:42.787+0800: 85.937: Application time: 0.0000343 seconds
2020-11-07T19:56:42.787+0800: 85.937: Application time: 0.0000143 seconds
2020-11-07T19:56:42.787+0800: 85.937: Application time: 0.0000139 seconds
2020-11-07T19:56:42.787+0800: 85.937: Application time: 0.0000138 seconds
2020-11-07T19:56:42.787+0800: 85.937: Application time: 0.0000145 seconds
2020-11-07T19:56:42.787+0800: 85.937: Application time: 0.0000138 seconds
2020-11-07T19:56:42.787+0800: 85.937: Application time: 0.0000142 seconds
2020-11-07T19:56:42.787+0800: 85.937: Application time: 0.0000137 seconds
2020-11-07T19:56:42.787+0800: 85.937: Application time: 0.0001002 seconds
2020-11-07T19:56:42.815+0800: 85.965: Application time: 0.0278950 seconds
{Heap before GC invocations=1003 (full 93):
 par new generation   total 9216K, used 8945K [0x00000000e3400000, 0x00000000e3e00000, 0x00000000ecca0000)
  eden space 8192K, 100% used [0x00000000e3400000, 0x00000000e3c00000, 0x00000000e3c00000)
  from space 1024K,  73% used [0x00000000e3d00000, 0x00000000e3dbc720, 0x00000000e3e00000)
  to   space 1024K,   0% used [0x00000000e3c00000, 0x00000000e3c00000, 0x00000000e3d00000)
 concurrent mark-sweep generation total 94888K, used 57366K [0x00000000ecca0000, 0x00000000f294a000, 0x0000000100000000)
 Metaspace       used 75760K, capacity 79106K, committed 79360K, reserved 1118208K
  class space    used 9805K, capacity 10443K, committed 10496K, reserved 1048576K
2020-11-07T19:56:42.816+0800: 85.965: [GC (Allocation Failure) 2020-11-07T19:56:42.816+0800: 85.965: [ParNew: 8945K->917K(9216K), 0.0393686 secs] 66312K->58497K(104104K), 0.0394662 secs] [Times: user=0.04 sys=0.00, real=0.04 secs] 
Heap after GC invocations=1004 (full 93):
 par new generation   total 9216K, used 917K [0x00000000e3400000, 0x00000000e3e00000, 0x00000000ecca0000)
  eden space 8192K,   0% used [0x00000000e3400000, 0x00000000e3400000, 0x00000000e3c00000)
  from space 1024K,  89% used [0x00000000e3c00000, 0x00000000e3ce54f0, 0x00000000e3d00000)
  to   space 1024K,   0% used [0x00000000e3d00000, 0x00000000e3d00000, 0x00000000e3e00000)
 concurrent mark-sweep generation total 94888K, used 57580K [0x00000000ecca0000, 0x00000000f294a000, 0x0000000100000000)
 Metaspace       used 75760K, capacity 79106K, committed 79360K, reserved 1118208K
  class space    used 9805K, capacity 10443K, committed 10496K, reserved 1048576K
}
2020-11-07T19:56:42.856+0800: 86.005: [CMS-concurrent-abortable-preclean: 0.029/0.129 secs] [Times: user=0.13 sys=0.00, real=0.13 secs] 
2020-11-07T19:56:42.864+0800: 86.013: Application time: 0.0084618 seconds
2020-11-07T19:56:42.864+0800: 86.013: [GC (CMS Final Remark) [YG occupancy: 6314 K (9216 K)]2020-11-07T19:56:42.864+0800: 86.014: [Rescan (parallel) , 0.0430258 secs]2020-11-07T19:56:42.907+0800: 86.057: [weak refs processing, 0.0007973 secs]2020-11-07T19:56:42.908+0800: 86.057: [class unloading, 0.0162717 secs]2020-11-07T19:56:42.924+0800: 86.074: [scrub symbol table, 0.0292130 secs]2020-11-07T19:56:42.953+0800: 86.103: [scrub string table, 0.0020691 secs][1 CMS-remark: 57580K(94888K)] 63895K(104104K), 0.0915921 secs] [Times: user=0.09 sys=0.00, real=0.10 secs] 
2020-11-07T19:56:42.959+0800: 86.109: [CMS-concurrent-sweep-start]
2020-11-07T19:56:42.967+0800: 86.116: Application time: 0.0113936 seconds
{Heap before GC invocations=1004 (full 93):
 par new generation   total 9216K, used 9109K [0x00000000e3400000, 0x00000000e3e00000, 0x00000000ecca0000)
  eden space 8192K, 100% used [0x00000000e3400000, 0x00000000e3c00000, 0x00000000e3c00000)
  from space 1024K,  89% used [0x00000000e3c00000, 0x00000000e3ce54f0, 0x00000000e3d00000)
  to   space 1024K,   0% used [0x00000000e3d00000, 0x00000000e3d00000, 0x00000000e3e00000)
 concurrent mark-sweep generation total 94888K, used 57564K [0x00000000ecca0000, 0x00000000f294a000, 0x0000000100000000)
 Metaspace       used 75760K, capacity 79106K, committed 79360K, reserved 1118208K
  class space    used 9805K, capacity 10443K, committed 10496K, reserved 1048576K
2020-11-07T19:56:42.967+0800: 86.117: [GC (Allocation Failure) 2020-11-07T19:56:42.967+0800: 86.117: [ParNew: 9109K->421K(9216K), 0.0081834 secs] 66673K->58057K(104104K), 0.0082632 secs] [Times: user=0.01 sys=0.00, real=0.01 secs] 
Heap after GC invocations=1005 (full 93):
 par new generation   total 9216K, used 421K [0x00000000e3400000, 0x00000000e3e00000, 0x00000000ecca0000)
  eden space 8192K,   0% used [0x00000000e3400000, 0x00000000e3400000, 0x00000000e3c00000)
  from space 1024K,  41% used [0x00000000e3d00000, 0x00000000e3d69528, 0x00000000e3e00000)
  to   space 1024K,   0% used [0x00000000e3c00000, 0x00000000e3c00000, 0x00000000e3d00000)
 concurrent mark-sweep generation total 94888K, used 57636K [0x00000000ecca0000, 0x00000000f294a000, 0x0000000100000000)
 Metaspace       used 75760K, capacity 79106K, committed 79360K, reserved 1118208K
  class space    used 9805K, capacity 10443K, committed 10496K, reserved 1048576K
}
2020-11-07T19:56:43.009+0800: 86.158: Application time: 0.0334063 seconds
{Heap before GC invocations=1005 (full 93):
 par new generation   total 9216K, used 8613K [0x00000000e3400000, 0x00000000e3e00000, 0x00000000ecca0000)
  eden space 8192K, 100% used [0x00000000e3400000, 0x00000000e3c00000, 0x00000000e3c00000)
  from space 1024K,  41% used [0x00000000e3d00000, 0x00000000e3d69528, 0x00000000e3e00000)
  to   space 1024K,   0% used [0x00000000e3c00000, 0x00000000e3c00000, 0x00000000e3d00000)
 concurrent mark-sweep generation total 94888K, used 57496K [0x00000000ecca0000, 0x00000000f294a000, 0x0000000100000000)
 Metaspace       used 75769K, capacity 79112K, committed 79360K, reserved 1118208K
  class space    used 9806K, capacity 10444K, committed 10496K, reserved 1048576K
2020-11-07T19:56:43.009+0800: 86.159: [GC (Allocation Failure) 2020-11-07T19:56:43.009+0800: 86.159: [ParNew: 8613K->491K(9216K), 0.0224644 secs] 66109K->57987K(104104K), 0.0225532 secs] [Times: user=0.02 sys=0.00, real=0.02 secs] 
Heap after GC invocations=1006 (full 93):
 par new generation   total 9216K, used 491K [0x00000000e3400000, 0x00000000e3e00000, 0x00000000ecca0000)
  eden space 8192K,   0% used [0x00000000e3400000, 0x00000000e3400000, 0x00000000e3c00000)
  from space 1024K,  47% used [0x00000000e3c00000, 0x00000000e3c7adf0, 0x00000000e3d00000)
  to   space 1024K,   0% used [0x00000000e3d00000, 0x00000000e3d00000, 0x00000000e3e00000)
 concurrent mark-sweep generation total 94888K, used 57496K [0x00000000ecca0000, 0x00000000f294a000, 0x0000000100000000)
 Metaspace       used 75769K, capacity 79112K, committed 79360K, reserved 1118208K
  class space    used 9806K, capacity 10444K, committed 10496K, reserved 1048576K
}
2020-11-07T19:56:43.043+0800: 86.193: [CMS-concurrent-sweep: 0.046/0.084 secs] [Times: user=0.08 sys=0.00, real=0.08 secs] 
2020-11-07T19:56:43.043+0800: 86.193: [CMS-concurrent-reset-start]
2020-11-07T19:56:43.047+0800: 86.196: Application time: 0.0151581 seconds
{Heap before GC invocations=1006 (full 93):
 par new generation   total 9216K, used 8683K [0x00000000e3400000, 0x00000000e3e00000, 0x00000000ecca0000)
  eden space 8192K, 100% used [0x00000000e3400000, 0x00000000e3c00000, 0x00000000e3c00000)
  from space 1024K,  47% used [0x00000000e3c00000, 0x00000000e3c7adf0, 0x00000000e3d00000)
  to   space 1024K,   0% used [0x00000000e3d00000, 0x00000000e3d00000, 0x00000000e3e00000)
 concurrent mark-sweep generation total 95796K, used 57476K [0x00000000ecca0000, 0x00000000f2a2d000, 0x0000000100000000)
 Metaspace       used 75769K, capacity 79112K, committed 79360K, reserved 1118208K
  class space    used 9806K, capacity 10444K, committed 10496K, reserved 1048576K
2020-11-07T19:56:43.047+0800: 86.197: [GC (Allocation Failure) 2020-11-07T19:56:43.047+0800: 86.197: [ParNew: 8683K->413K(9216K), 0.0235107 secs] 66159K->57889K(105012K), 0.0236090 secs] [Times: user=0.02 sys=0.00, real=0.02 secs] 
Heap after GC invocations=1007 (full 93):
 par new generation   total 9216K, used 413K [0x00000000e3400000, 0x00000000e3e00000, 0x00000000ecca0000)
  eden space 8192K,   0% used [0x00000000e3400000, 0x00000000e3400000, 0x00000000e3c00000)
  from space 1024K,  40% used [0x00000000e3d00000, 0x00000000e3d67620, 0x00000000e3e00000)
  to   space 1024K,   0% used [0x00000000e3c00000, 0x00000000e3c00000, 0x00000000e3d00000)
 concurrent mark-sweep generation total 95796K, used 57476K [0x00000000ecca0000, 0x00000000f2a2d000, 0x0000000100000000)
 Metaspace       used 75769K, capacity 79112K, committed 79360K, reserved 1118208K
  class space    used 9806K, capacity 10444K, committed 10496K, reserved 1048576K
}
2020-11-07T19:56:43.072+0800: 86.221: [CMS-concurrent-reset: 0.004/0.028 secs] [Times: user=0.03 sys=0.00, real=0.03 secs] 
2020-11-07T19:56:43.096+0800: 86.246: Application time: 0.0256549 seconds
{Heap before GC invocations=1007 (full 93):
 par new generation   total 9216K, used 8605K [0x00000000e3400000, 0x00000000e3e00000, 0x00000000ecca0000)
  eden space 8192K, 100% used [0x00000000e3400000, 0x00000000e3c00000, 0x00000000e3c00000)
  from space 1024K,  40% used [0x00000000e3d00000, 0x00000000e3d67620, 0x00000000e3e00000)
  to   space 1024K,   0% used [0x00000000e3c00000, 0x00000000e3c00000, 0x00000000e3d00000)
 concurrent mark-sweep generation total 95796K, used 57476K [0x00000000ecca0000, 0x00000000f2a2d000, 0x0000000100000000)
 Metaspace       used 75826K, capacity 79132K, committed 79360K, reserved 1118208K
  class space    used 9813K, capacity 10448K, committed 10496K, reserved 1048576K
2020-11-07T19:56:43.096+0800: 86.246: [GC (Allocation Failure) 2020-11-07T19:56:43.096+0800: 86.246: [ParNew: 8605K->576K(9216K), 0.0210867 secs] 66081K->58052K(105012K), 0.0211760 secs] [Times: user=0.03 sys=0.00, real=0.02 secs] 
Heap after GC invocations=1008 (full 93):
 par new generation   total 9216K, used 576K [0x00000000e3400000, 0x00000000e3e00000, 0x00000000ecca0000)
  eden space 8192K,   0% used [0x00000000e3400000, 0x00000000e3400000, 0x00000000e3c00000)
  from space 1024K,  56% used [0x00000000e3c00000, 0x00000000e3c90240, 0x00000000e3d00000)
  to   space 1024K,   0% used [0x00000000e3d00000, 0x00000000e3d00000, 0x00000000e3e00000)
 concurrent mark-sweep generation total 95796K, used 57476K [0x00000000ecca0000, 0x00000000f2a2d000, 0x0000000100000000)
 Metaspace       used 75826K, capacity 79132K, committed 79360K, reserved 1118208K
  class space    used 9813K, capacity 10448K, committed 10496K, reserved 1048576K
}
2020-11-07T19:56:43.137+0800: 86.287: Application time: 0.0193850 seconds
{Heap before GC invocations=1008 (full 93):
 par new generation   total 9216K, used 8768K [0x00000000e3400000, 0x00000000e3e00000, 0x00000000ecca0000)
  eden space 8192K, 100% used [0x00000000e3400000, 0x00000000e3c00000, 0x00000000e3c00000)
  from space 1024K,  56% used [0x00000000e3c00000, 0x00000000e3c90240, 0x00000000e3d00000)
  to   space 1024K,   0% used [0x00000000e3d00000, 0x00000000e3d00000, 0x00000000e3e00000)
 concurrent mark-sweep generation total 95796K, used 57476K [0x00000000ecca0000, 0x00000000f2a2d000, 0x0000000100000000)
 Metaspace       used 75874K, capacity 79202K, committed 79360K, reserved 1118208K
  class space    used 9819K, capacity 10449K, committed 10496K, reserved 1048576K
2020-11-07T19:56:43.137+0800: 86.287: [GC (Allocation Failure) 2020-11-07T19:56:43.137+0800: 86.287: [ParNew: 8768K->643K(9216K), 0.0437816 secs] 66244K->58254K(105012K), 0.0438411 secs] [Times: user=0.05 sys=0.00, real=0.04 secs] 
Heap after GC invocations=1009 (full 93):
 par new generation   total 9216K, used 643K [0x00000000e3400000, 0x00000000e3e00000, 0x00000000ecca0000)
  eden space 8192K,   0% used [0x00000000e3400000, 0x00000000e3400000, 0x00000000e3c00000)
  from space 1024K,  62% used [0x00000000e3d00000, 0x00000000e3da0fb0, 0x00000000e3e00000)
  to   space 1024K,   0% used [0x00000000e3c00000, 0x00000000e3c00000, 0x00000000e3d00000)
 concurrent mark-sweep generation total 95796K, used 57610K [0x00000000ecca0000, 0x00000000f2a2d000, 0x0000000100000000)
 Metaspace       used 75874K, capacity 79202K, committed 79360K, reserved 1118208K
  class space    used 9819K, capacity 10449K, committed 10496K, reserved 1048576K
}
2020-11-07T19:56:43.190+0800: 86.339: Application time: 0.0085696 seconds
{Heap before GC invocations=1009 (full 93):
 par new generation   total 9216K, used 8835K [0x00000000e3400000, 0x00000000e3e00000, 0x00000000ecca0000)
  eden space 8192K, 100% used [0x00000000e3400000, 0x00000000e3c00000, 0x00000000e3c00000)
  from space 1024K,  62% used [0x00000000e3d00000, 0x00000000e3da0fb0, 0x00000000e3e00000)
  to   space 1024K,   0% used [0x00000000e3c00000, 0x00000000e3c00000, 0x00000000e3d00000)
 concurrent mark-sweep generation total 95796K, used 57610K [0x00000000ecca0000, 0x00000000f2a2d000, 0x0000000100000000)
 Metaspace       used 75877K, capacity 79208K, committed 79360K, reserved 1118208K
  class space    used 9820K, capacity 10450K, committed 10496K, reserved 1048576K
2020-11-07T19:56:43.190+0800: 86.340: [GC (Allocation Failure) 2020-11-07T19:56:43.190+0800: 86.340: [ParNew: 8835K->562K(9216K), 0.0226907 secs] 66446K->58172K(105012K), 0.0227557 secs] [Times: user=0.02 sys=0.00, real=0.02 secs] 
Heap after GC invocations=1010 (full 93):
 par new generation   total 9216K, used 562K [0x00000000e3400000, 0x00000000e3e00000, 0x00000000ecca0000)
  eden space 8192K,   0% used [0x00000000e3400000, 0x00000000e3400000, 0x00000000e3c00000)
  from space 1024K,  54% used [0x00000000e3c00000, 0x00000000e3c8c8e8, 0x00000000e3d00000)
  to   space 1024K,   0% used [0x00000000e3d00000, 0x00000000e3d00000, 0x00000000e3e00000)
 concurrent mark-sweep generation total 95796K, used 57610K [0x00000000ecca0000, 0x00000000f2a2d000, 0x0000000100000000)
 Metaspace       used 75877K, capacity 79208K, committed 79360K, reserved 1118208K
  class space    used 9820K, capacity 10450K, committed 10496K, reserved 1048576K
}
2020-11-07T19:56:43.217+0800: 86.366: Application time: 0.0040020 seconds
2020-11-07T19:56:43.217+0800: 86.366: [GC (CMS Initial Mark) [1 CMS-initial-mark: 57610K(95796K)] 59831K(105012K), 0.0061976 secs] [Times: user=0.01 sys=0.00, real=0.00 secs] 
2020-11-07T19:56:43.223+0800: 86.373: [CMS-concurrent-mark-start]
2020-11-07T19:56:43.235+0800: 86.385: Application time: 0.0123009 seconds
{Heap before GC invocations=1010 (full 94):
 par new generation   total 9216K, used 8754K [0x00000000e3400000, 0x00000000e3e00000, 0x00000000ecca0000)
  eden space 8192K, 100% used [0x00000000e3400000, 0x00000000e3c00000, 0x00000000e3c00000)
  from space 1024K,  54% used [0x00000000e3c00000, 0x00000000e3c8c8e8, 0x00000000e3d00000)
  to   space 1024K,   0% used [0x00000000e3d00000, 0x00000000e3d00000, 0x00000000e3e00000)
 concurrent mark-sweep generation total 95796K, used 57610K [0x00000000ecca0000, 0x00000000f2a2d000, 0x0000000100000000)
 Metaspace       used 75878K, capacity 79208K, committed 79360K, reserved 1118208K
  class space    used 9820K, capacity 10450K, committed 10496K, reserved 1048576K
2020-11-07T19:56:43.236+0800: 86.385: [GC (Allocation Failure) 2020-11-07T19:56:43.236+0800: 86.385: [ParNew: 8754K->574K(9216K), 0.0431607 secs] 66364K->58184K(105012K), 0.0432423 secs] [Times: user=0.04 sys=0.01, real=0.04 secs] 
Heap after GC invocations=1011 (full 94):
 par new generation   total 9216K, used 574K [0x00000000e3400000, 0x00000000e3e00000, 0x00000000ecca0000)
  eden space 8192K,   0% used [0x00000000e3400000, 0x00000000e3400000, 0x00000000e3c00000)
  from space 1024K,  56% used [0x00000000e3d00000, 0x00000000e3d8f970, 0x00000000e3e00000)
  to   space 1024K,   0% used [0x00000000e3c00000, 0x00000000e3c00000, 0x00000000e3d00000)
 concurrent mark-sweep generation total 95796K, used 57610K [0x00000000ecca0000, 0x00000000f2a2d000, 0x0000000100000000)
 Metaspace       used 75878K, capacity 79208K, committed 79360K, reserved 1118208K
  class space    used 9820K, capacity 10450K, committed 10496K, reserved 1048576K
}
2020-11-07T19:56:43.336+0800: 86.486: Application time: 0.0571110 seconds
2020-11-07T19:56:43.357+0800: 86.507: Application time: 0.0201547 seconds
{Heap before GC invocations=1011 (full 94):
 par new generation   total 9216K, used 8766K [0x00000000e3400000, 0x00000000e3e00000, 0x00000000ecca0000)
  eden space 8192K, 100% used [0x00000000e3400000, 0x00000000e3c00000, 0x00000000e3c00000)
  from space 1024K,  56% used [0x00000000e3d00000, 0x00000000e3d8f970, 0x00000000e3e00000)
  to   space 1024K,   0% used [0x00000000e3c00000, 0x00000000e3c00000, 0x00000000e3d00000)
 concurrent mark-sweep generation total 95796K, used 57610K [0x00000000ecca0000, 0x00000000f2a2d000, 0x0000000100000000)
 Metaspace       used 75945K, capacity 79286K, committed 79360K, reserved 1118208K
  class space    used 9832K, capacity 10453K, committed 10496K, reserved 1048576K
2020-11-07T19:56:43.358+0800: 86.507: [GC (Allocation Failure) 2020-11-07T19:56:43.358+0800: 86.507: [ParNew: 8766K->902K(9216K), 0.0431847 secs] 66376K->58512K(105012K), 0.0432470 secs] [Times: user=0.04 sys=0.00, real=0.04 secs] 
Heap after GC invocations=1012 (full 94):
 par new generation   total 9216K, used 902K [0x00000000e3400000, 0x00000000e3e00000, 0x00000000ecca0000)
  eden space 8192K,   0% used [0x00000000e3400000, 0x00000000e3400000, 0x00000000e3c00000)
  from space 1024K,  88% used [0x00000000e3c00000, 0x00000000e3ce19b8, 0x00000000e3d00000)
  to   space 1024K,   0% used [0x00000000e3d00000, 0x00000000e3d00000, 0x00000000e3e00000)
 concurrent mark-sweep generation total 95796K, used 57610K [0x00000000ecca0000, 0x00000000f2a2d000, 0x0000000100000000)
 Metaspace       used 75945K, capacity 79286K, committed 79360K, reserved 1118208K
  class space    used 9832K, capacity 10453K, committed 10496K, reserved 1048576K
}
2020-11-07T19:56:43.417+0800: 86.566: Application time: 0.0157159 seconds
2020-11-07T19:56:43.460+0800: 86.609: Application time: 0.0417425 seconds
2020-11-07T19:56:43.474+0800: 86.623: Application time: 0.0125907 seconds
{Heap before GC invocations=1012 (full 94):
 par new generation   total 9216K, used 9094K [0x00000000e3400000, 0x00000000e3e00000, 0x00000000ecca0000)
  eden space 8192K, 100% used [0x00000000e3400000, 0x00000000e3c00000, 0x00000000e3c00000)
  from space 1024K,  88% used [0x00000000e3c00000, 0x00000000e3ce19b8, 0x00000000e3d00000)
  to   space 1024K,   0% used [0x00000000e3d00000, 0x00000000e3d00000, 0x00000000e3e00000)
 concurrent mark-sweep generation total 95796K, used 57610K [0x00000000ecca0000, 0x00000000f2a2d000, 0x0000000100000000)
 Metaspace       used 76143K, capacity 79510K, committed 79616K, reserved 1118208K
  class space    used 9856K, capacity 10485K, committed 10496K, reserved 1048576K
2020-11-07T19:56:43.474+0800: 86.623: [GC (Allocation Failure) 2020-11-07T19:56:43.474+0800: 86.623: [ParNew: 9094K->717K(9216K), 0.0335761 secs] 66704K->58632K(105012K), 0.0336408 secs] [Times: user=0.03 sys=0.00, real=0.04 secs] 
Heap after GC invocations=1013 (full 94):
 par new generation   total 9216K, used 717K [0x00000000e3400000, 0x00000000e3e00000, 0x00000000ecca0000)
  eden space 8192K,   0% used [0x00000000e3400000, 0x00000000e3400000, 0x00000000e3c00000)
  from space 1024K,  70% used [0x00000000e3d00000, 0x00000000e3db3488, 0x00000000e3e00000)
  to   space 1024K,   0% used [0x00000000e3c00000, 0x00000000e3c00000, 0x00000000e3d00000)
 concurrent mark-sweep generation total 95796K, used 57915K [0x00000000ecca0000, 0x00000000f2a2d000, 0x0000000100000000)
 Metaspace       used 76143K, capacity 79510K, committed 79616K, reserved 1118208K
  class space    used 9856K, capacity 10485K, committed 10496K, reserved 1048576K
}
2020-11-07T19:56:43.572+0800: 86.722: Application time: 0.0647295 seconds
2020-11-07T19:56:43.585+0800: 86.734: Application time: 0.0112770 seconds
2020-11-07T19:56:43.598+0800: 86.748: Application time: 0.0121211 seconds
2020-11-07T19:56:43.607+0800: 86.756: Application time: 0.0082031 seconds
2020-11-07T19:56:43.624+0800: 86.773: Application time: 0.0171226 seconds
{Heap before GC invocations=1013 (full 94):
 par new generation   total 9216K, used 8909K [0x00000000e3400000, 0x00000000e3e00000, 0x00000000ecca0000)
  eden space 8192K, 100% used [0x00000000e3400000, 0x00000000e3c00000, 0x00000000e3c00000)
  from space 1024K,  70% used [0x00000000e3d00000, 0x00000000e3db3488, 0x00000000e3e00000)
  to   space 1024K,   0% used [0x00000000e3c00000, 0x00000000e3c00000, 0x00000000e3d00000)
 concurrent mark-sweep generation total 95796K, used 57915K [0x00000000ecca0000, 0x00000000f2a2d000, 0x0000000100000000)
 Metaspace       used 76303K, capacity 79686K, committed 80000K, reserved 1118208K
  class space    used 9875K, capacity 10521K, committed 10624K, reserved 1048576K
2020-11-07T19:56:43.624+0800: 86.774: [GC (Allocation Failure) 2020-11-07T19:56:43.624+0800: 86.774: [ParNew: 8909K->670K(9216K), 0.0272174 secs] 66824K->58585K(105012K), 0.0272792 secs] [Times: user=0.02 sys=0.00, real=0.03 secs] 
Heap after GC invocations=1014 (full 94):
 par new generation   total 9216K, used 670K [0x00000000e3400000, 0x00000000e3e00000, 0x00000000ecca0000)
  eden space 8192K,   0% used [0x00000000e3400000, 0x00000000e3400000, 0x00000000e3c00000)
  from space 1024K,  65% used [0x00000000e3c00000, 0x00000000e3ca7900, 0x00000000e3d00000)
  to   space 1024K,   0% used [0x00000000e3d00000, 0x00000000e3d00000, 0x00000000e3e00000)
 concurrent mark-sweep generation total 95796K, used 57915K [0x00000000ecca0000, 0x00000000f2a2d000, 0x0000000100000000)
 Metaspace       used 76303K, capacity 79686K, committed 80000K, reserved 1118208K
  class space    used 9875K, capacity 10521K, committed 10624K, reserved 1048576K
}
2020-11-07T19:56:43.697+0800: 86.847: Application time: 0.0456882 seconds
{Heap before GC invocations=1014 (full 94):
 par new generation   total 9216K, used 8862K [0x00000000e3400000, 0x00000000e3e00000, 0x00000000ecca0000)
  eden space 8192K, 100% used [0x00000000e3400000, 0x00000000e3c00000, 0x00000000e3c00000)
  from space 1024K,  65% used [0x00000000e3c00000, 0x00000000e3ca7900, 0x00000000e3d00000)
  to   space 1024K,   0% used [0x00000000e3d00000, 0x00000000e3d00000, 0x00000000e3e00000)
 concurrent mark-sweep generation total 95796K, used 57915K [0x00000000ecca0000, 0x00000000f2a2d000, 0x0000000100000000)
 Metaspace       used 76334K, capacity 79750K, committed 80000K, reserved 1118208K
  class space    used 9879K, capacity 10521K, committed 10624K, reserved 1048576K
2020-11-07T19:56:43.697+0800: 86.847: [GC (Allocation Failure) 2020-11-07T19:56:43.697+0800: 86.847: [ParNew: 8862K->447K(9216K), 0.0215166 secs] 66777K->58534K(105012K), 0.0215779 secs] [Times: user=0.02 sys=0.00, real=0.02 secs] 
Heap after GC invocations=1015 (full 94):
 par new generation   total 9216K, used 447K [0x00000000e3400000, 0x00000000e3e00000, 0x00000000ecca0000)
  eden space 8192K,   0% used [0x00000000e3400000, 0x00000000e3400000, 0x00000000e3c00000)
  from space 1024K,  43% used [0x00000000e3d00000, 0x00000000e3d6fe70, 0x00000000e3e00000)
  to   space 1024K,   0% used [0x00000000e3c00000, 0x00000000e3c00000, 0x00000000e3d00000)
 concurrent mark-sweep generation total 95796K, used 58087K [0x00000000ecca0000, 0x00000000f2a2d000, 0x0000000100000000)
 Metaspace       used 76334K, capacity 79750K, committed 80000K, reserved 1118208K
  class space    used 9879K, capacity 10521K, committed 10624K, reserved 1048576K
}
2020-11-07T19:56:43.779+0800: 86.929: [CMS-concurrent-mark: 0.337/0.556 secs] [Times: user=0.55 sys=0.01, real=0.56 secs] 
2020-11-07T19:56:43.779+0800: 86.929: [CMS-concurrent-preclean-start]
2020-11-07T19:56:43.793+0800: 86.942: Application time: 0.0736940 seconds
{Heap before GC invocations=1015 (full 94):
 par new generation   total 9216K, used 8639K [0x00000000e3400000, 0x00000000e3e00000, 0x00000000ecca0000)
  eden space 8192K, 100% used [0x00000000e3400000, 0x00000000e3c00000, 0x00000000e3c00000)
  from space 1024K,  43% used [0x00000000e3d00000, 0x00000000e3d6fe70, 0x00000000e3e00000)
  to   space 1024K,   0% used [0x00000000e3c00000, 0x00000000e3c00000, 0x00000000e3d00000)
 concurrent mark-sweep generation total 95796K, used 58087K [0x00000000ecca0000, 0x00000000f2a2d000, 0x0000000100000000)
 Metaspace       used 76358K, capacity 79762K, committed 80000K, reserved 1118208K
  class space    used 9882K, capacity 10525K, committed 10624K, reserved 1048576K
2020-11-07T19:56:43.793+0800: 86.942: [GC (Allocation Failure) 2020-11-07T19:56:43.793+0800: 86.943: [ParNew: 8639K->453K(9216K), 0.0120644 secs] 66726K->58540K(105012K), 0.0121612 secs] [Times: user=0.02 sys=0.00, real=0.02 secs] 
Heap after GC invocations=1016 (full 94):
 par new generation   total 9216K, used 453K [0x00000000e3400000, 0x00000000e3e00000, 0x00000000ecca0000)
  eden space 8192K,   0% used [0x00000000e3400000, 0x00000000e3400000, 0x00000000e3c00000)
  from space 1024K,  44% used [0x00000000e3c00000, 0x00000000e3c71598, 0x00000000e3d00000)
  to   space 1024K,   0% used [0x00000000e3d00000, 0x00000000e3d00000, 0x00000000e3e00000)
 concurrent mark-sweep generation total 95796K, used 58087K [0x00000000ecca0000, 0x00000000f2a2d000, 0x0000000100000000)
 Metaspace       used 76358K, capacity 79762K, committed 80000K, reserved 1118208K
  class space    used 9882K, capacity 10525K, committed 10624K, reserved 1048576K
}
2020-11-07T19:56:43.813+0800: 86.963: [CMS-concurrent-preclean: 0.020/0.034 secs] [Times: user=0.03 sys=0.00, real=0.03 secs] 
2020-11-07T19:56:43.841+0800: 86.991: Application time: 0.0364476 seconds
2020-11-07T19:56:43.842+0800: 86.991: [GC (CMS Final Remark) [YG occupancy: 8645 K (9216 K)]2020-11-07T19:56:43.842+0800: 86.991: [Rescan (parallel) , 0.0282711 secs]2020-11-07T19:56:43.870+0800: 87.020: [weak refs processing, 0.0001102 secs]2020-11-07T19:56:43.870+0800: 87.020: [class unloading, 0.0261355 secs]2020-11-07T19:56:43.896+0800: 87.046: [scrub symbol table, 0.0294610 secs]2020-11-07T19:56:43.926+0800: 87.075: [scrub string table, 0.0021396 secs][1 CMS-remark: 58087K(95796K)] 66732K(105012K), 0.0863658 secs] [Times: user=0.09 sys=0.00, real=0.09 secs] 
2020-11-07T19:56:43.935+0800: 87.085: [CMS-concurrent-sweep-start]
2020-11-07T19:56:43.951+0800: 87.101: Application time: 0.0234944 seconds
{Heap before GC invocations=1016 (full 94):
 par new generation   total 9216K, used 8645K [0x00000000e3400000, 0x00000000e3e00000, 0x00000000ecca0000)
  eden space 8192K, 100% used [0x00000000e3400000, 0x00000000e3c00000, 0x00000000e3c00000)
  from space 1024K,  44% used [0x00000000e3c00000, 0x00000000e3c71598, 0x00000000e3d00000)
  to   space 1024K,   0% used [0x00000000e3d00000, 0x00000000e3d00000, 0x00000000e3e00000)
 concurrent mark-sweep generation total 95796K, used 58082K [0x00000000ecca0000, 0x00000000f2a2d000, 0x0000000100000000)
 Metaspace       used 76363K, capacity 79762K, committed 80000K, reserved 1118208K
  class space    used 9882K, capacity 10525K, committed 10624K, reserved 1048576K
2020-11-07T19:56:43.952+0800: 87.101: [GC (Allocation Failure) 2020-11-07T19:56:43.952+0800: 87.101: [ParNew: 8645K->400K(9216K), 0.0258276 secs] 66728K->58483K(105012K), 0.0259167 secs] [Times: user=0.03 sys=0.00, real=0.03 secs] 
Heap after GC invocations=1017 (full 94):
 par new generation   total 9216K, used 400K [0x00000000e3400000, 0x00000000e3e00000, 0x00000000ecca0000)
  eden space 8192K,   0% used [0x00000000e3400000, 0x00000000e3400000, 0x00000000e3c00000)
  from space 1024K,  39% used [0x00000000e3d00000, 0x00000000e3d64260, 0x00000000e3e00000)
  to   space 1024K,   0% used [0x00000000e3c00000, 0x00000000e3c00000, 0x00000000e3d00000)
 concurrent mark-sweep generation total 95796K, used 58082K [0x00000000ecca0000, 0x00000000f2a2d000, 0x0000000100000000)
 Metaspace       used 76363K, capacity 79762K, committed 80000K, reserved 1118208K
  class space    used 9882K, capacity 10525K, committed 10624K, reserved 1048576K
}
2020-11-07T19:56:44.008+0800: 87.157: Application time: 0.0298403 seconds
{Heap before GC invocations=1017 (full 94):
 par new generation   total 9216K, used 8592K [0x00000000e3400000, 0x00000000e3e00000, 0x00000000ecca0000)
  eden space 8192K, 100% used [0x00000000e3400000, 0x00000000e3c00000, 0x00000000e3c00000)
  from space 1024K,  39% used [0x00000000e3d00000, 0x00000000e3d64260, 0x00000000e3e00000)
  to   space 1024K,   0% used [0x00000000e3c00000, 0x00000000e3c00000, 0x00000000e3d00000)
 concurrent mark-sweep generation total 95796K, used 58058K [0x00000000ecca0000, 0x00000000f2a2d000, 0x0000000100000000)
 Metaspace       used 76363K, capacity 79762K, committed 80000K, reserved 1118208K
  class space    used 9882K, capacity 10525K, committed 10624K, reserved 1048576K
2020-11-07T19:56:44.008+0800: 87.158: [GC (Allocation Failure) 2020-11-07T19:56:44.008+0800: 87.158: [ParNew: 8592K->536K(9216K), 0.0374232 secs] 66650K->58594K(105012K), 0.0374938 secs] [Times: user=0.03 sys=0.00, real=0.04 secs] 
Heap after GC invocations=1018 (full 94):
 par new generation   total 9216K, used 536K [0x00000000e3400000, 0x00000000e3e00000, 0x00000000ecca0000)
  eden space 8192K,   0% used [0x00000000e3400000, 0x00000000e3400000, 0x00000000e3c00000)
  from space 1024K,  52% used [0x00000000e3c00000, 0x00000000e3c86100, 0x00000000e3d00000)
  to   space 1024K,   0% used [0x00000000e3d00000, 0x00000000e3d00000, 0x00000000e3e00000)
 concurrent mark-sweep generation total 95796K, used 58058K [0x00000000ecca0000, 0x00000000f2a2d000, 0x0000000100000000)
 Metaspace       used 76363K, capacity 79762K, committed 80000K, reserved 1118208K
  class space    used 9882K, capacity 10525K, committed 10624K, reserved 1048576K
}
2020-11-07T19:56:44.069+0800: 87.219: [CMS-concurrent-sweep: 0.062/0.134 secs] [Times: user=0.14 sys=0.00, real=0.13 secs] 
2020-11-07T19:56:44.069+0800: 87.219: [CMS-concurrent-reset-start]
2020-11-07T19:56:44.070+0800: 87.220: [CMS-concurrent-reset: 0.001/0.001 secs] [Times: user=0.00 sys=0.00, real=0.00 secs] 
2020-11-07T19:56:44.070+0800: 87.220: Application time: 0.0248715 seconds
{Heap before GC invocations=1018 (full 94):
 par new generation   total 9216K, used 8728K [0x00000000e3400000, 0x00000000e3e00000, 0x00000000ecca0000)
  eden space 8192K, 100% used [0x00000000e3400000, 0x00000000e3c00000, 0x00000000e3c00000)
  from space 1024K,  52% used [0x00000000e3c00000, 0x00000000e3c86100, 0x00000000e3d00000)
  to   space 1024K,   0% used [0x00000000e3d00000, 0x00000000e3d00000, 0x00000000e3e00000)
 concurrent mark-sweep generation total 96628K, used 57976K [0x00000000ecca0000, 0x00000000f2afd000, 0x0000000100000000)
 Metaspace       used 76344K, capacity 79732K, committed 80000K, reserved 1118208K
  class space    used 9880K, capacity 10520K, committed 10624K, reserved 1048576K
2020-11-07T19:56:44.071+0800: 87.220: [GC (Allocation Failure) 2020-11-07T19:56:44.071+0800: 87.220: [ParNew: 8728K->462K(9216K), 0.0242804 secs] 66705K->58438K(105844K), 0.0243594 secs] [Times: user=0.02 sys=0.00, real=0.03 secs] 
Heap after GC invocations=1019 (full 94):
 par new generation   total 9216K, used 462K [0x00000000e3400000, 0x00000000e3e00000, 0x00000000ecca0000)
  eden space 8192K,   0% used [0x00000000e3400000, 0x00000000e3400000, 0x00000000e3c00000)
  from space 1024K,  45% used [0x00000000e3d00000, 0x00000000e3d73870, 0x00000000e3e00000)
  to   space 1024K,   0% used [0x00000000e3c00000, 0x00000000e3c00000, 0x00000000e3d00000)
 concurrent mark-sweep generation total 96628K, used 57976K [0x00000000ecca0000, 0x00000000f2afd000, 0x0000000100000000)
 Metaspace       used 76344K, capacity 79732K, committed 80000K, reserved 1118208K
  class space    used 9880K, capacity 10520K, committed 10624K, reserved 1048576K
}
2020-11-07T19:56:44.254+0800: 87.404: Application time: 0.1592877 seconds
{Heap before GC invocations=1019 (full 94):
 par new generation   total 9216K, used 8654K [0x00000000e3400000, 0x00000000e3e00000, 0x00000000ecca0000)
  eden space 8192K, 100% used [0x00000000e3400000, 0x00000000e3c00000, 0x00000000e3c00000)
  from space 1024K,  45% used [0x00000000e3d00000, 0x00000000e3d73870, 0x00000000e3e00000)
  to   space 1024K,   0% used [0x00000000e3c00000, 0x00000000e3c00000, 0x00000000e3d00000)
 concurrent mark-sweep generation total 96628K, used 57976K [0x00000000ecca0000, 0x00000000f2afd000, 0x0000000100000000)
 Metaspace       used 76494K, capacity 79950K, committed 80256K, reserved 1118208K
  class space    used 9898K, capacity 10537K, committed 10624K, reserved 1048576K
2020-11-07T19:56:44.255+0800: 87.404: [GC (Allocation Failure) 2020-11-07T19:56:44.255+0800: 87.404: [ParNew: 8654K->913K(9216K), 0.0402416 secs] 66630K->58890K(105844K), 0.0403048 secs] [Times: user=0.04 sys=0.01, real=0.04 secs] 
Heap after GC invocations=1020 (full 94):
 par new generation   total 9216K, used 913K [0x00000000e3400000, 0x00000000e3e00000, 0x00000000ecca0000)
  eden space 8192K,   0% used [0x00000000e3400000, 0x00000000e3400000, 0x00000000e3c00000)
  from space 1024K,  89% used [0x00000000e3c00000, 0x00000000e3ce4648, 0x00000000e3d00000)
  to   space 1024K,   0% used [0x00000000e3d00000, 0x00000000e3d00000, 0x00000000e3e00000)
 concurrent mark-sweep generation total 96628K, used 57976K [0x00000000ecca0000, 0x00000000f2afd000, 0x0000000100000000)
 Metaspace       used 76494K, capacity 79950K, committed 80256K, reserved 1118208K
  class space    used 9898K, capacity 10537K, committed 10624K, reserved 1048576K
}
2020-11-07T19:56:44.309+0800: 87.459: Application time: 0.0144288 seconds
{Heap before GC invocations=1020 (full 94):
 par new generation   total 9216K, used 9105K [0x00000000e3400000, 0x00000000e3e00000, 0x00000000ecca0000)
  eden space 8192K, 100% used [0x00000000e3400000, 0x00000000e3c00000, 0x00000000e3c00000)
  from space 1024K,  89% used [0x00000000e3c00000, 0x00000000e3ce4648, 0x00000000e3d00000)
  to   space 1024K,   0% used [0x00000000e3d00000, 0x00000000e3d00000, 0x00000000e3e00000)
 concurrent mark-sweep generation total 96628K, used 57976K [0x00000000ecca0000, 0x00000000f2afd000, 0x0000000100000000)
 Metaspace       used 76495K, capacity 79950K, committed 80256K, reserved 1118208K
  class space    used 9898K, capacity 10537K, committed 10624K, reserved 1048576K
2020-11-07T19:56:44.310+0800: 87.459: [GC (Allocation Failure) 2020-11-07T19:56:44.310+0800: 87.459: [ParNew: 9105K->341K(9216K), 0.0387276 secs] 67082K->59117K(105844K), 0.0388348 secs] [Times: user=0.03 sys=0.00, real=0.04 secs] 
Heap after GC invocations=1021 (full 94):
 par new generation   total 9216K, used 341K [0x00000000e3400000, 0x00000000e3e00000, 0x00000000ecca0000)
  eden space 8192K,   0% used [0x00000000e3400000, 0x00000000e3400000, 0x00000000e3c00000)
  from space 1024K,  33% used [0x00000000e3d00000, 0x00000000e3d55570, 0x00000000e3e00000)
  to   space 1024K,   0% used [0x00000000e3c00000, 0x00000000e3c00000, 0x00000000e3d00000)
 concurrent mark-sweep generation total 96628K, used 58776K [0x00000000ecca0000, 0x00000000f2afd000, 0x0000000100000000)
 Metaspace       used 76495K, capacity 79950K, committed 80256K, reserved 1118208K
  class space    used 9898K, capacity 10537K, committed 10624K, reserved 1048576K
}
2020-11-07T19:56:44.362+0800: 87.511: Application time: 0.0129953 seconds
2020-11-07T19:56:44.362+0800: 87.511: [GC (CMS Initial Mark) [1 CMS-initial-mark: 58776K(96628K)] 64948K(105844K), 0.0081035 secs] [Times: user=0.00 sys=0.00, real=0.01 secs] 
2020-11-07T19:56:44.370+0800: 87.520: [CMS-concurrent-mark-start]
2020-11-07T19:56:44.385+0800: 87.534: Application time: 0.0148265 seconds
{Heap before GC invocations=1021 (full 95):
 par new generation   total 9216K, used 8533K [0x00000000e3400000, 0x00000000e3e00000, 0x00000000ecca0000)
  eden space 8192K, 100% used [0x00000000e3400000, 0x00000000e3c00000, 0x00000000e3c00000)
  from space 1024K,  33% used [0x00000000e3d00000, 0x00000000e3d55570, 0x00000000e3e00000)
  to   space 1024K,   0% used [0x00000000e3c00000, 0x00000000e3c00000, 0x00000000e3d00000)
 concurrent mark-sweep generation total 96628K, used 58776K [0x00000000ecca0000, 0x00000000f2afd000, 0x0000000100000000)
 Metaspace       used 76499K, capacity 79950K, committed 80256K, reserved 1118208K
  class space    used 9898K, capacity 10537K, committed 10624K, reserved 1048576K
2020-11-07T19:56:44.385+0800: 87.535: [GC (Allocation Failure) 2020-11-07T19:56:44.385+0800: 87.535: [ParNew: 8533K->196K(9216K), 0.0312055 secs] 67309K->58972K(105844K), 0.0312876 secs] [Times: user=0.03 sys=0.00, real=0.03 secs] 
Heap after GC invocations=1022 (full 95):
 par new generation   total 9216K, used 196K [0x00000000e3400000, 0x00000000e3e00000, 0x00000000ecca0000)
  eden space 8192K,   0% used [0x00000000e3400000, 0x00000000e3400000, 0x00000000e3c00000)
  from space 1024K,  19% used [0x00000000e3c00000, 0x00000000e3c31260, 0x00000000e3d00000)
  to   space 1024K,   0% used [0x00000000e3d00000, 0x00000000e3d00000, 0x00000000e3e00000)
 concurrent mark-sweep generation total 96628K, used 58776K [0x00000000ecca0000, 0x00000000f2afd000, 0x0000000100000000)
 Metaspace       used 76499K, capacity 79950K, committed 80256K, reserved 1118208K
  class space    used 9898K, capacity 10537K, committed 10624K, reserved 1048576K
}
2020-11-07T19:56:44.441+0800: 87.591: Application time: 0.0251167 seconds
{Heap before GC invocations=1022 (full 95):
 par new generation   total 9216K, used 8388K [0x00000000e3400000, 0x00000000e3e00000, 0x00000000ecca0000)
  eden space 8192K, 100% used [0x00000000e3400000, 0x00000000e3c00000, 0x00000000e3c00000)
  from space 1024K,  19% used [0x00000000e3c00000, 0x00000000e3c31260, 0x00000000e3d00000)
  to   space 1024K,   0% used [0x00000000e3d00000, 0x00000000e3d00000, 0x00000000e3e00000)
 concurrent mark-sweep generation total 96628K, used 58776K [0x00000000ecca0000, 0x00000000f2afd000, 0x0000000100000000)
 Metaspace       used 76500K, capacity 79950K, committed 80256K, reserved 1118208K
  class space    used 9898K, capacity 10537K, committed 10624K, reserved 1048576K
2020-11-07T19:56:44.442+0800: 87.591: [GC (Allocation Failure) 2020-11-07T19:56:44.442+0800: 87.591: [ParNew: 8388K->205K(9216K), 0.8804442 secs] 67164K->58981K(105844K), 0.8805054 secs] [Times: user=0.86 sys=0.02, real=0.88 secs] 
Heap after GC invocations=1023 (full 95):
 par new generation   total 9216K, used 205K [0x00000000e3400000, 0x00000000e3e00000, 0x00000000ecca0000)
  eden space 8192K,   0% used [0x00000000e3400000, 0x00000000e3400000, 0x00000000e3c00000)
  from space 1024K,  20% used [0x00000000e3d00000, 0x00000000e3d336b0, 0x00000000e3e00000)
  to   space 1024K,   0% used [0x00000000e3c00000, 0x00000000e3c00000, 0x00000000e3d00000)
 concurrent mark-sweep generation total 96628K, used 58776K [0x00000000ecca0000, 0x00000000f2afd000, 0x0000000100000000)
 Metaspace       used 76500K, capacity 79950K, committed 80256K, reserved 1118208K
  class space    used 9898K, capacity 10537K, committed 10624K, reserved 1048576K
}
2020-11-07T19:56:45.352+0800: 88.501: Application time: 0.0293281 seconds
{Heap before GC invocations=1023 (full 95):
 par new generation   total 9216K, used 8397K [0x00000000e3400000, 0x00000000e3e00000, 0x00000000ecca0000)
  eden space 8192K, 100% used [0x00000000e3400000, 0x00000000e3c00000, 0x00000000e3c00000)
  from space 1024K,  20% used [0x00000000e3d00000, 0x00000000e3d336b0, 0x00000000e3e00000)
  to   space 1024K,   0% used [0x00000000e3c00000, 0x00000000e3c00000, 0x00000000e3d00000)
 concurrent mark-sweep generation total 96628K, used 58776K [0x00000000ecca0000, 0x00000000f2afd000, 0x0000000100000000)
 Metaspace       used 76500K, capacity 79950K, committed 80256K, reserved 1118208K
  class space    used 9898K, capacity 10537K, committed 10624K, reserved 1048576K
2020-11-07T19:56:45.352+0800: 88.501: [GC (Allocation Failure) 2020-11-07T19:56:45.352+0800: 88.501: [ParNew: 8397K->190K(9216K), 0.0090791 secs] 67173K->58966K(105844K), 0.0091530 secs] [Times: user=0.01 sys=0.00, real=0.01 secs] 
Heap after GC invocations=1024 (full 95):
 par new generation   total 9216K, used 190K [0x00000000e3400000, 0x00000000e3e00000, 0x00000000ecca0000)
  eden space 8192K,   0% used [0x00000000e3400000, 0x00000000e3400000, 0x00000000e3c00000)
  from space 1024K,  18% used [0x00000000e3c00000, 0x00000000e3c2f918, 0x00000000e3d00000)
  to   space 1024K,   0% used [0x00000000e3d00000, 0x00000000e3d00000, 0x00000000e3e00000)
 concurrent mark-sweep generation total 96628K, used 58776K [0x00000000ecca0000, 0x00000000f2afd000, 0x0000000100000000)
 Metaspace       used 76500K, capacity 79950K, committed 80256K, reserved 1118208K
  class space    used 9898K, capacity 10537K, committed 10624K, reserved 1048576K
}
2020-11-07T19:56:45.389+0800: 88.539: Application time: 0.0282528 seconds
{Heap before GC invocations=1024 (full 95):
 par new generation   total 9216K, used 8382K [0x00000000e3400000, 0x00000000e3e00000, 0x00000000ecca0000)
  eden space 8192K, 100% used [0x00000000e3400000, 0x00000000e3c00000, 0x00000000e3c00000)
  from space 1024K,  18% used [0x00000000e3c00000, 0x00000000e3c2f918, 0x00000000e3d00000)
  to   space 1024K,   0% used [0x00000000e3d00000, 0x00000000e3d00000, 0x00000000e3e00000)
 concurrent mark-sweep generation total 96628K, used 58776K [0x00000000ecca0000, 0x00000000f2afd000, 0x0000000100000000)
 Metaspace       used 76502K, capacity 79956K, committed 80256K, reserved 1118208K
  class space    used 9899K, capacity 10538K, committed 10624K, reserved 1048576K
2020-11-07T19:56:45.389+0800: 88.539: [GC (Allocation Failure) 2020-11-07T19:56:45.390+0800: 88.539: [ParNew: 8382K->222K(9216K), 0.0298914 secs] 67158K->58999K(105844K), 0.0299802 secs] [Times: user=0.03 sys=0.00, real=0.03 secs] 
Heap after GC invocations=1025 (full 95):
 par new generation   total 9216K, used 222K [0x00000000e3400000, 0x00000000e3e00000, 0x00000000ecca0000)
  eden space 8192K,   0% used [0x00000000e3400000, 0x00000000e3400000, 0x00000000e3c00000)
  from space 1024K,  21% used [0x00000000e3d00000, 0x00000000e3d37b68, 0x00000000e3e00000)
  to   space 1024K,   0% used [0x00000000e3c00000, 0x00000000e3c00000, 0x00000000e3d00000)
 concurrent mark-sweep generation total 96628K, used 58776K [0x00000000ecca0000, 0x00000000f2afd000, 0x0000000100000000)
 Metaspace       used 76502K, capacity 79956K, committed 80256K, reserved 1118208K
  class space    used 9899K, capacity 10538K, committed 10624K, reserved 1048576K
}
2020-11-07T19:56:45.444+0800: 88.593: Application time: 0.0240354 seconds
2020-11-07T19:56:45.523+0800: 88.672: Application time: 0.0787936 seconds
{Heap before GC invocations=1025 (full 95):
 par new generation   total 9216K, used 8414K [0x00000000e3400000, 0x00000000e3e00000, 0x00000000ecca0000)
  eden space 8192K, 100% used [0x00000000e3400000, 0x00000000e3c00000, 0x00000000e3c00000)
  from space 1024K,  21% used [0x00000000e3d00000, 0x00000000e3d37b68, 0x00000000e3e00000)
  to   space 1024K,   0% used [0x00000000e3c00000, 0x00000000e3c00000, 0x00000000e3d00000)
 concurrent mark-sweep generation total 96628K, used 58776K [0x00000000ecca0000, 0x00000000f2afd000, 0x0000000100000000)
 Metaspace       used 76583K, capacity 80074K, committed 80256K, reserved 1118208K
  class space    used 9911K, capacity 10557K, committed 10624K, reserved 1048576K
2020-11-07T19:56:45.523+0800: 88.673: [GC (Allocation Failure) 2020-11-07T19:56:45.523+0800: 88.673: [ParNew: 8414K->363K(9216K), 0.0286547 secs] 67191K->59139K(105844K), 0.0287188 secs] [Times: user=0.03 sys=0.00, real=0.03 secs] 
Heap after GC invocations=1026 (full 95):
 par new generation   total 9216K, used 363K [0x00000000e3400000, 0x00000000e3e00000, 0x00000000ecca0000)
  eden space 8192K,   0% used [0x00000000e3400000, 0x00000000e3400000, 0x00000000e3c00000)
  from space 1024K,  35% used [0x00000000e3c00000, 0x00000000e3c5aed8, 0x00000000e3d00000)
  to   space 1024K,   0% used [0x00000000e3d00000, 0x00000000e3d00000, 0x00000000e3e00000)
 concurrent mark-sweep generation total 96628K, used 58776K [0x00000000ecca0000, 0x00000000f2afd000, 0x0000000100000000)
 Metaspace       used 76583K, capacity 80074K, committed 80256K, reserved 1118208K
  class space    used 9911K, capacity 10557K, committed 10624K, reserved 1048576K
}
2020-11-07T19:56:45.573+0800: 88.723: Application time: 0.0213799 seconds
{Heap before GC invocations=1026 (full 95):
 par new generation   total 9216K, used 8555K [0x00000000e3400000, 0x00000000e3e00000, 0x00000000ecca0000)
  eden space 8192K, 100% used [0x00000000e3400000, 0x00000000e3c00000, 0x00000000e3c00000)
  from space 1024K,  35% used [0x00000000e3c00000, 0x00000000e3c5aed8, 0x00000000e3d00000)
  to   space 1024K,   0% used [0x00000000e3d00000, 0x00000000e3d00000, 0x00000000e3e00000)
 concurrent mark-sweep generation total 96628K, used 58776K [0x00000000ecca0000, 0x00000000f2afd000, 0x0000000100000000)
 Metaspace       used 76583K, capacity 80074K, committed 80256K, reserved 1118208K
  class space    used 9911K, capacity 10557K, committed 10624K, reserved 1048576K
2020-11-07T19:56:45.573+0800: 88.723: [GC (Allocation Failure) 2020-11-07T19:56:45.573+0800: 88.723: [ParNew: 8555K->312K(9216K), 0.0412947 secs] 67331K->59088K(105844K), 0.0413623 secs] [Times: user=0.04 sys=0.00, real=0.05 secs] 
Heap after GC invocations=1027 (full 95):
 par new generation   total 9216K, used 312K [0x00000000e3400000, 0x00000000e3e00000, 0x00000000ecca0000)
  eden space 8192K,   0% used [0x00000000e3400000, 0x00000000e3400000, 0x00000000e3c00000)
  from space 1024K,  30% used [0x00000000e3d00000, 0x00000000e3d4e188, 0x00000000e3e00000)
  to   space 1024K,   0% used [0x00000000e3c00000, 0x00000000e3c00000, 0x00000000e3d00000)
 concurrent mark-sweep generation total 96628K, used 58776K [0x00000000ecca0000, 0x00000000f2afd000, 0x0000000100000000)
 Metaspace       used 76583K, capacity 80074K, committed 80256K, reserved 1118208K
  class space    used 9911K, capacity 10557K, committed 10624K, reserved 1048576K
}
2020-11-07T19:56:45.641+0800: 88.791: Application time: 0.0260850 seconds
{Heap before GC invocations=1027 (full 95):
 par new generation   total 9216K, used 8504K [0x00000000e3400000, 0x00000000e3e00000, 0x00000000ecca0000)
  eden space 8192K, 100% used [0x00000000e3400000, 0x00000000e3c00000, 0x00000000e3c00000)
  from space 1024K,  30% used [0x00000000e3d00000, 0x00000000e3d4e188, 0x00000000e3e00000)
  to   space 1024K,   0% used [0x00000000e3c00000, 0x00000000e3c00000, 0x00000000e3d00000)
 concurrent mark-sweep generation total 96628K, used 58776K [0x00000000ecca0000, 0x00000000f2afd000, 0x0000000100000000)
 Metaspace       used 76591K, capacity 80138K, committed 80256K, reserved 1118208K
  class space    used 9911K, capacity 10557K, committed 10624K, reserved 1048576K
2020-11-07T19:56:45.641+0800: 88.791: [GC (Allocation Failure) 2020-11-07T19:56:45.641+0800: 88.791: [ParNew: 8504K->357K(9216K), 0.0235647 secs] 67280K->59133K(105844K), 0.0236411 secs] [Times: user=0.02 sys=0.00, real=0.03 secs] 
Heap after GC invocations=1028 (full 95):
 par new generation   total 9216K, used 357K [0x00000000e3400000, 0x00000000e3e00000, 0x00000000ecca0000)
  eden space 8192K,   0% used [0x00000000e3400000, 0x00000000e3400000, 0x00000000e3c00000)
  from space 1024K,  34% used [0x00000000e3c00000, 0x00000000e3c594c0, 0x00000000e3d00000)
  to   space 1024K,   0% used [0x00000000e3d00000, 0x00000000e3d00000, 0x00000000e3e00000)
 concurrent mark-sweep generation total 96628K, used 58776K [0x00000000ecca0000, 0x00000000f2afd000, 0x0000000100000000)
 Metaspace       used 76591K, capacity 80138K, committed 80256K, reserved 1118208K
  class space    used 9911K, capacity 10557K, committed 10624K, reserved 1048576K
}
2020-11-07T19:56:45.716+0800: 88.865: Application time: 0.0506871 seconds
{Heap before GC invocations=1028 (full 95):
 par new generation   total 9216K, used 8549K [0x00000000e3400000, 0x00000000e3e00000, 0x00000000ecca0000)
  eden space 8192K, 100% used [0x00000000e3400000, 0x00000000e3c00000, 0x00000000e3c00000)
  from space 1024K,  34% used [0x00000000e3c00000, 0x00000000e3c594c0, 0x00000000e3d00000)
  to   space 1024K,   0% used [0x00000000e3d00000, 0x00000000e3d00000, 0x00000000e3e00000)
 concurrent mark-sweep generation total 96628K, used 58776K [0x00000000ecca0000, 0x00000000f2afd000, 0x0000000100000000)
 Metaspace       used 76621K, capacity 80142K, committed 80256K, reserved 1118208K
  class space    used 9914K, capacity 10559K, committed 10624K, reserved 1048576K
2020-11-07T19:56:45.716+0800: 88.865: [GC (Allocation Failure) 2020-11-07T19:56:45.716+0800: 88.865: [ParNew: 8549K->427K(9216K), 0.0210999 secs] 67325K->59203K(105844K), 0.0211592 secs] [Times: user=0.02 sys=0.00, real=0.02 secs] 
Heap after GC invocations=1029 (full 95):
 par new generation   total 9216K, used 427K [0x00000000e3400000, 0x00000000e3e00000, 0x00000000ecca0000)
  eden space 8192K,   0% used [0x00000000e3400000, 0x00000000e3400000, 0x00000000e3c00000)
  from space 1024K,  41% used [0x00000000e3d00000, 0x00000000e3d6aed8, 0x00000000e3e00000)
  to   space 1024K,   0% used [0x00000000e3c00000, 0x00000000e3c00000, 0x00000000e3d00000)
 concurrent mark-sweep generation total 96628K, used 58776K [0x00000000ecca0000, 0x00000000f2afd000, 0x0000000100000000)
 Metaspace       used 76621K, capacity 80142K, committed 80256K, reserved 1118208K
  class space    used 9914K, capacity 10559K, committed 10624K, reserved 1048576K
}
2020-11-07T19:56:45.762+0800: 88.911: Application time: 0.0248295 seconds
{Heap before GC invocations=1029 (full 95):
 par new generation   total 9216K, used 8619K [0x00000000e3400000, 0x00000000e3e00000, 0x00000000ecca0000)
  eden space 8192K, 100% used [0x00000000e3400000, 0x00000000e3c00000, 0x00000000e3c00000)
  from space 1024K,  41% used [0x00000000e3d00000, 0x00000000e3d6aed8, 0x00000000e3e00000)
  to   space 1024K,   0% used [0x00000000e3c00000, 0x00000000e3c00000, 0x00000000e3d00000)
 concurrent mark-sweep generation total 96628K, used 58776K [0x00000000ecca0000, 0x00000000f2afd000, 0x0000000100000000)
 Metaspace       used 76636K, capacity 80142K, committed 80256K, reserved 1118208K
  class space    used 9918K, capacity 10559K, committed 10624K, reserved 1048576K
2020-11-07T19:56:45.762+0800: 88.912: [GC (Allocation Failure) 2020-11-07T19:56:45.762+0800: 88.912: [ParNew: 8619K->369K(9216K), 0.0398673 secs] 67395K->59234K(105844K), 0.0399283 secs] [Times: user=0.04 sys=0.00, real=0.04 secs] 
Heap after GC invocations=1030 (full 95):
 par new generation   total 9216K, used 369K [0x00000000e3400000, 0x00000000e3e00000, 0x00000000ecca0000)
  eden space 8192K,   0% used [0x00000000e3400000, 0x00000000e3400000, 0x00000000e3c00000)
  from space 1024K,  36% used [0x00000000e3c00000, 0x00000000e3c5c698, 0x00000000e3d00000)
  to   space 1024K,   0% used [0x00000000e3d00000, 0x00000000e3d00000, 0x00000000e3e00000)
 concurrent mark-sweep generation total 96628K, used 58865K [0x00000000ecca0000, 0x00000000f2afd000, 0x0000000100000000)
 Metaspace       used 76636K, capacity 80142K, committed 80256K, reserved 1118208K
  class space    used 9918K, capacity 10559K, committed 10624K, reserved 1048576K
}
2020-11-07T19:56:45.845+0800: 88.994: Application time: 0.0425516 seconds
{Heap before GC invocations=1030 (full 95):
 par new generation   total 9216K, used 8561K [0x00000000e3400000, 0x00000000e3e00000, 0x00000000ecca0000)
  eden space 8192K, 100% used [0x00000000e3400000, 0x00000000e3c00000, 0x00000000e3c00000)
  from space 1024K,  36% used [0x00000000e3c00000, 0x00000000e3c5c698, 0x00000000e3d00000)
  to   space 1024K,   0% used [0x00000000e3d00000, 0x00000000e3d00000, 0x00000000e3e00000)
 concurrent mark-sweep generation total 96628K, used 58865K [0x00000000ecca0000, 0x00000000f2afd000, 0x0000000100000000)
 Metaspace       used 76699K, capacity 80238K, committed 80512K, reserved 1120256K
  class space    used 9924K, capacity 10591K, committed 10624K, reserved 1048576K
2020-11-07T19:56:45.845+0800: 88.994: [GC (Allocation Failure) 2020-11-07T19:56:45.845+0800: 88.994: [ParNew: 8561K->433K(9216K), 0.0329736 secs] 67426K->59329K(105844K), 0.0330378 secs] [Times: user=0.03 sys=0.01, real=0.03 secs] 
Heap after GC invocations=1031 (full 95):
 par new generation   total 9216K, used 433K [0x00000000e3400000, 0x00000000e3e00000, 0x00000000ecca0000)
  eden space 8192K,   0% used [0x00000000e3400000, 0x00000000e3400000, 0x00000000e3c00000)
  from space 1024K,  42% used [0x00000000e3d00000, 0x00000000e3d6c418, 0x00000000e3e00000)
  to   space 1024K,   0% used [0x00000000e3c00000, 0x00000000e3c00000, 0x00000000e3d00000)
 concurrent mark-sweep generation total 96628K, used 58895K [0x00000000ecca0000, 0x00000000f2afd000, 0x0000000100000000)
 Metaspace       used 76699K, capacity 80238K, committed 80512K, reserved 1120256K
  class space    used 9924K, capacity 10591K, committed 10624K, reserved 1048576K
}
2020-11-07T19:56:45.897+0800: 89.047: [CMS-concurrent-mark: 0.362/1.527 secs] [Times: user=1.49 sys=0.03, real=1.53 secs] 
2020-11-07T19:56:45.897+0800: 89.047: [CMS-concurrent-preclean-start]
2020-11-07T19:56:45.900+0800: 89.050: Application time: 0.0223319 seconds
{Heap before GC invocations=1031 (full 95):
 par new generation   total 9216K, used 8625K [0x00000000e3400000, 0x00000000e3e00000, 0x00000000ecca0000)
  eden space 8192K, 100% used [0x00000000e3400000, 0x00000000e3c00000, 0x00000000e3c00000)
  from space 1024K,  42% used [0x00000000e3d00000, 0x00000000e3d6c418, 0x00000000e3e00000)
  to   space 1024K,   0% used [0x00000000e3c00000, 0x00000000e3c00000, 0x00000000e3d00000)
 concurrent mark-sweep generation total 96628K, used 58895K [0x00000000ecca0000, 0x00000000f2afd000, 0x0000000100000000)
 Metaspace       used 76702K, capacity 80238K, committed 80512K, reserved 1120256K
  class space    used 9925K, capacity 10591K, committed 10624K, reserved 1048576K
2020-11-07T19:56:45.900+0800: 89.050: [GC (Allocation Failure) 2020-11-07T19:56:45.900+0800: 89.050: [ParNew: 8625K->389K(9216K), 0.0133569 secs] 67521K->59311K(105844K), 0.0134361 secs] [Times: user=0.01 sys=0.00, real=0.01 secs] 
Heap after GC invocations=1032 (full 95):
 par new generation   total 9216K, used 389K [0x00000000e3400000, 0x00000000e3e00000, 0x00000000ecca0000)
  eden space 8192K,   0% used [0x00000000e3400000, 0x00000000e3400000, 0x00000000e3c00000)
  from space 1024K,  38% used [0x00000000e3c00000, 0x00000000e3c616e8, 0x00000000e3d00000)
  to   space 1024K,   0% used [0x00000000e3d00000, 0x00000000e3d00000, 0x00000000e3e00000)
 concurrent mark-sweep generation total 96628K, used 58922K [0x00000000ecca0000, 0x00000000f2afd000, 0x0000000100000000)
 Metaspace       used 76702K, capacity 80238K, committed 80512K, reserved 1120256K
  class space    used 9925K, capacity 10591K, committed 10624K, reserved 1048576K
}
2020-11-07T19:56:45.919+0800: 89.069: [CMS-concurrent-preclean: 0.008/0.022 secs] [Times: user=0.03 sys=0.00, real=0.02 secs] 
2020-11-07T19:56:45.930+0800: 89.080: Application time: 0.0159682 seconds
{Heap before GC invocations=1032 (full 95):
 par new generation   total 9216K, used 8581K [0x00000000e3400000, 0x00000000e3e00000, 0x00000000ecca0000)
  eden space 8192K, 100% used [0x00000000e3400000, 0x00000000e3c00000, 0x00000000e3c00000)
  from space 1024K,  38% used [0x00000000e3c00000, 0x00000000e3c616e8, 0x00000000e3d00000)
  to   space 1024K,   0% used [0x00000000e3d00000, 0x00000000e3d00000, 0x00000000e3e00000)
 concurrent mark-sweep generation total 96628K, used 58922K [0x00000000ecca0000, 0x00000000f2afd000, 0x0000000100000000)
 Metaspace       used 76702K, capacity 80238K, committed 80512K, reserved 1120256K
  class space    used 9925K, capacity 10591K, committed 10624K, reserved 1048576K
2020-11-07T19:56:45.930+0800: 89.080: [GC (Allocation Failure) 2020-11-07T19:56:45.930+0800: 89.080: [ParNew: 8581K->397K(9216K), 0.0267381 secs] 67503K->59352K(105844K), 0.0268233 secs] [Times: user=0.02 sys=0.00, real=0.03 secs] 
Heap after GC invocations=1033 (full 95):
 par new generation   total 9216K, used 397K [0x00000000e3400000, 0x00000000e3e00000, 0x00000000ecca0000)
  eden space 8192K,   0% used [0x00000000e3400000, 0x00000000e3400000, 0x00000000e3c00000)
  from space 1024K,  38% used [0x00000000e3d00000, 0x00000000e3d635b0, 0x00000000e3e00000)
  to   space 1024K,   0% used [0x00000000e3c00000, 0x00000000e3c00000, 0x00000000e3d00000)
 concurrent mark-sweep generation total 96628K, used 58955K [0x00000000ecca0000, 0x00000000f2afd000, 0x0000000100000000)
 Metaspace       used 76702K, capacity 80238K, committed 80512K, reserved 1120256K
  class space    used 9925K, capacity 10591K, committed 10624K, reserved 1048576K
}
2020-11-07T19:56:45.963+0800: 89.112: Application time: 0.0056846 seconds
2020-11-07T19:56:45.963+0800: 89.112: [GC (CMS Final Remark) [YG occupancy: 4179 K (9216 K)]2020-11-07T19:56:45.963+0800: 89.112: [Rescan (parallel) , 0.0158160 secs]2020-11-07T19:56:45.979+0800: 89.128: [weak refs processing, 0.0017330 secs]2020-11-07T19:56:45.980+0800: 89.130: [class unloading, 0.0430591 secs]2020-11-07T19:56:46.023+0800: 89.173: [scrub symbol table, 0.0651623 secs]2020-11-07T19:56:46.089+0800: 89.238: [scrub string table, 0.0015989 secs][1 CMS-remark: 58955K(96628K)] 63134K(105844K), 0.1276931 secs] [Times: user=0.12 sys=0.00, real=0.13 secs] 
2020-11-07T19:56:46.097+0800: 89.246: [CMS-concurrent-sweep-start]
2020-11-07T19:56:46.140+0800: 89.289: Application time: 0.0490839 seconds
{Heap before GC invocations=1033 (full 95):
 par new generation   total 9216K, used 8589K [0x00000000e3400000, 0x00000000e3e00000, 0x00000000ecca0000)
  eden space 8192K, 100% used [0x00000000e3400000, 0x00000000e3c00000, 0x00000000e3c00000)
  from space 1024K,  38% used [0x00000000e3d00000, 0x00000000e3d635b0, 0x00000000e3e00000)
  to   space 1024K,   0% used [0x00000000e3c00000, 0x00000000e3c00000, 0x00000000e3d00000)
 concurrent mark-sweep generation total 96628K, used 58932K [0x00000000ecca0000, 0x00000000f2afd000, 0x0000000100000000)
 Metaspace       used 76707K, capacity 80238K, committed 80512K, reserved 1120256K
  class space    used 9925K, capacity 10591K, committed 10624K, reserved 1048576K
2020-11-07T19:56:46.140+0800: 89.289: [GC (Allocation Failure) 2020-11-07T19:56:46.140+0800: 89.289: [ParNew: 8589K->404K(9216K), 0.0399299 secs] 67522K->59347K(105844K), 0.0400139 secs] [Times: user=0.04 sys=0.00, real=0.04 secs] 
Heap after GC invocations=1034 (full 95):
 par new generation   total 9216K, used 404K [0x00000000e3400000, 0x00000000e3e00000, 0x00000000ecca0000)
  eden space 8192K,   0% used [0x00000000e3400000, 0x00000000e3400000, 0x00000000e3c00000)
  from space 1024K,  39% used [0x00000000e3c00000, 0x00000000e3c650e0, 0x00000000e3d00000)
  to   space 1024K,   0% used [0x00000000e3d00000, 0x00000000e3d00000, 0x00000000e3e00000)
 concurrent mark-sweep generation total 96628K, used 58943K [0x00000000ecca0000, 0x00000000f2afd000, 0x0000000100000000)
 Metaspace       used 76707K, capacity 80238K, committed 80512K, reserved 1120256K
  class space    used 9925K, capacity 10591K, committed 10624K, reserved 1048576K
}
2020-11-07T19:56:46.195+0800: 89.344: Application time: 0.0147913 seconds
{Heap before GC invocations=1034 (full 95):
 par new generation   total 9216K, used 8596K [0x00000000e3400000, 0x00000000e3e00000, 0x00000000ecca0000)
  eden space 8192K, 100% used [0x00000000e3400000, 0x00000000e3c00000, 0x00000000e3c00000)
  from space 1024K,  39% used [0x00000000e3c00000, 0x00000000e3c650e0, 0x00000000e3d00000)
  to   space 1024K,   0% used [0x00000000e3d00000, 0x00000000e3d00000, 0x00000000e3e00000)
 concurrent mark-sweep generation total 96628K, used 58934K [0x00000000ecca0000, 0x00000000f2afd000, 0x0000000100000000)
 Metaspace       used 76707K, capacity 80238K, committed 80512K, reserved 1120256K
  class space    used 9925K, capacity 10591K, committed 10624K, reserved 1048576K
2020-11-07T19:56:46.195+0800: 89.345: [GC (Allocation Failure) 2020-11-07T19:56:46.195+0800: 89.345: [ParNew: 8596K->438K(9216K), 0.0499496 secs] 67531K->59437K(105844K), 0.0500129 secs] [Times: user=0.05 sys=0.00, real=0.05 secs] 
Heap after GC invocations=1035 (full 95):
 par new generation   total 9216K, used 438K [0x00000000e3400000, 0x00000000e3e00000, 0x00000000ecca0000)
  eden space 8192K,   0% used [0x00000000e3400000, 0x00000000e3400000, 0x00000000e3c00000)
  from space 1024K,  42% used [0x00000000e3d00000, 0x00000000e3d6d8a8, 0x00000000e3e00000)
  to   space 1024K,   0% used [0x00000000e3c00000, 0x00000000e3c00000, 0x00000000e3d00000)
 concurrent mark-sweep generation total 96628K, used 58998K [0x00000000ecca0000, 0x00000000f2afd000, 0x0000000100000000)
 Metaspace       used 76707K, capacity 80238K, committed 80512K, reserved 1120256K
  class space    used 9925K, capacity 10591K, committed 10624K, reserved 1048576K
}
2020-11-07T19:56:46.263+0800: 89.412: [CMS-concurrent-sweep: 0.068/0.166 secs] [Times: user=0.15 sys=0.01, real=0.16 secs] 
2020-11-07T19:56:46.263+0800: 89.412: [CMS-concurrent-reset-start]
2020-11-07T19:56:46.264+0800: 89.414: [CMS-concurrent-reset: 0.001/0.001 secs] [Times: user=0.01 sys=0.00, real=0.00 secs] 
2020-11-07T19:56:46.269+0800: 89.418: Application time: 0.0237519 seconds
{Heap before GC invocations=1035 (full 95):
 par new generation   total 9216K, used 8630K [0x00000000e3400000, 0x00000000e3e00000, 0x00000000ecca0000)
  eden space 8192K, 100% used [0x00000000e3400000, 0x00000000e3c00000, 0x00000000e3c00000)
  from space 1024K,  42% used [0x00000000e3d00000, 0x00000000e3d6d8a8, 0x00000000e3e00000)
  to   space 1024K,   0% used [0x00000000e3c00000, 0x00000000e3c00000, 0x00000000e3d00000)
 concurrent mark-sweep generation total 97956K, used 58771K [0x00000000ecca0000, 0x00000000f2c49000, 0x0000000100000000)
 Metaspace       used 76696K, capacity 80220K, committed 80512K, reserved 1120256K
  class space    used 9924K, capacity 10588K, committed 10624K, reserved 1048576K
2020-11-07T19:56:46.269+0800: 89.419: [GC (Allocation Failure) 2020-11-07T19:56:46.269+0800: 89.419: [ParNew: 8630K->389K(9216K), 0.0374663 secs] 67401K->59193K(107172K), 0.0375545 secs] [Times: user=0.04 sys=0.00, real=0.04 secs] 
Heap after GC invocations=1036 (full 95):
 par new generation   total 9216K, used 389K [0x00000000e3400000, 0x00000000e3e00000, 0x00000000ecca0000)
  eden space 8192K,   0% used [0x00000000e3400000, 0x00000000e3400000, 0x00000000e3c00000)
  from space 1024K,  38% used [0x00000000e3c00000, 0x00000000e3c615a8, 0x00000000e3d00000)
  to   space 1024K,   0% used [0x00000000e3d00000, 0x00000000e3d00000, 0x00000000e3e00000)
 concurrent mark-sweep generation total 97956K, used 58804K [0x00000000ecca0000, 0x00000000f2c49000, 0x0000000100000000)
 Metaspace       used 76696K, capacity 80220K, committed 80512K, reserved 1120256K
  class space    used 9924K, capacity 10588K, committed 10624K, reserved 1048576K
}
2020-11-07T19:56:46.313+0800: 89.462: Application time: 0.0059979 seconds
2020-11-07T19:56:46.313+0800: 89.462: [GC (CMS Initial Mark) [1 CMS-initial-mark: 58804K(97956K)] 63953K(107172K), 0.0077766 secs] [Times: user=0.01 sys=0.00, real=0.01 secs] 
2020-11-07T19:56:46.321+0800: 89.470: [CMS-concurrent-mark-start]
2020-11-07T19:56:46.338+0800: 89.488: Application time: 0.0173558 seconds
{Heap before GC invocations=1036 (full 96):
 par new generation   total 9216K, used 8581K [0x00000000e3400000, 0x00000000e3e00000, 0x00000000ecca0000)
  eden space 8192K, 100% used [0x00000000e3400000, 0x00000000e3c00000, 0x00000000e3c00000)
  from space 1024K,  38% used [0x00000000e3c00000, 0x00000000e3c615a8, 0x00000000e3d00000)
  to   space 1024K,   0% used [0x00000000e3d00000, 0x00000000e3d00000, 0x00000000e3e00000)
 concurrent mark-sweep generation total 97956K, used 58804K [0x00000000ecca0000, 0x00000000f2c49000, 0x0000000100000000)
 Metaspace       used 76696K, capacity 80220K, committed 80512K, reserved 1120256K
  class space    used 9924K, capacity 10588K, committed 10624K, reserved 1048576K
2020-11-07T19:56:46.338+0800: 89.488: [GC (Allocation Failure) 2020-11-07T19:56:46.338+0800: 89.488: [ParNew: 8581K->481K(9216K), 0.0446564 secs] 67385K->59306K(107172K), 0.0447537 secs] [Times: user=0.04 sys=0.00, real=0.04 secs] 
Heap after GC invocations=1037 (full 96):
 par new generation   total 9216K, used 481K [0x00000000e3400000, 0x00000000e3e00000, 0x00000000ecca0000)
  eden space 8192K,   0% used [0x00000000e3400000, 0x00000000e3400000, 0x00000000e3c00000)
  from space 1024K,  46% used [0x00000000e3d00000, 0x00000000e3d78480, 0x00000000e3e00000)
  to   space 1024K,   0% used [0x00000000e3c00000, 0x00000000e3c00000, 0x00000000e3d00000)
 concurrent mark-sweep generation total 97956K, used 58825K [0x00000000ecca0000, 0x00000000f2c49000, 0x0000000100000000)
 Metaspace       used 76696K, capacity 80220K, committed 80512K, reserved 1120256K
  class space    used 9924K, capacity 10588K, committed 10624K, reserved 1048576K
}
2020-11-07T19:56:46.410+0800: 89.559: Application time: 0.0268049 seconds
{Heap before GC invocations=1037 (full 96):
 par new generation   total 9216K, used 8673K [0x00000000e3400000, 0x00000000e3e00000, 0x00000000ecca0000)
  eden space 8192K, 100% used [0x00000000e3400000, 0x00000000e3c00000, 0x00000000e3c00000)
  from space 1024K,  46% used [0x00000000e3d00000, 0x00000000e3d78480, 0x00000000e3e00000)
  to   space 1024K,   0% used [0x00000000e3c00000, 0x00000000e3c00000, 0x00000000e3d00000)
 concurrent mark-sweep generation total 97956K, used 58825K [0x00000000ecca0000, 0x00000000f2c49000, 0x0000000100000000)
 Metaspace       used 76715K, capacity 80220K, committed 80512K, reserved 1120256K
  class space    used 9926K, capacity 10588K, committed 10624K, reserved 1048576K
2020-11-07T19:56:46.410+0800: 89.560: [GC (Allocation Failure) 2020-11-07T19:56:46.410+0800: 89.560: [ParNew: 8673K->498K(9216K), 0.0151812 secs] 67498K->59365K(107172K), 0.0152531 secs] [Times: user=0.01 sys=0.00, real=0.02 secs] 
Heap after GC invocations=1038 (full 96):
 par new generation   total 9216K, used 498K [0x00000000e3400000, 0x00000000e3e00000, 0x00000000ecca0000)
  eden space 8192K,   0% used [0x00000000e3400000, 0x00000000e3400000, 0x00000000e3c00000)
  from space 1024K,  48% used [0x00000000e3c00000, 0x00000000e3c7cb58, 0x00000000e3d00000)
  to   space 1024K,   0% used [0x00000000e3d00000, 0x00000000e3d00000, 0x00000000e3e00000)
 concurrent mark-sweep generation total 97956K, used 58866K [0x00000000ecca0000, 0x00000000f2c49000, 0x0000000100000000)
 Metaspace       used 76715K, capacity 80220K, committed 80512K, reserved 1120256K
  class space    used 9926K, capacity 10588K, committed 10624K, reserved 1048576K
}
2020-11-07T19:56:46.823+0800: 89.972: Application time: 0.3973272 seconds
{Heap before GC invocations=1038 (full 96):
 par new generation   total 9216K, used 8690K [0x00000000e3400000, 0x00000000e3e00000, 0x00000000ecca0000)
  eden space 8192K, 100% used [0x00000000e3400000, 0x00000000e3c00000, 0x00000000e3c00000)
  from space 1024K,  48% used [0x00000000e3c00000, 0x00000000e3c7cb58, 0x00000000e3d00000)
  to   space 1024K,   0% used [0x00000000e3d00000, 0x00000000e3d00000, 0x00000000e3e00000)
 concurrent mark-sweep generation total 97956K, used 58866K [0x00000000ecca0000, 0x00000000f2c49000, 0x0000000100000000)
 Metaspace       used 76725K, capacity 80284K, committed 80512K, reserved 1120256K
  class space    used 9927K, capacity 10588K, committed 10624K, reserved 1048576K
2020-11-07T19:56:46.823+0800: 89.973: [GC (Allocation Failure) 2020-11-07T19:56:46.823+0800: 89.973: [ParNew: 8690K->461K(9216K), 0.0349366 secs] 67557K->59360K(107172K), 0.0350174 secs] [Times: user=0.03 sys=0.00, real=0.04 secs] 
Heap after GC invocations=1039 (full 96):
 par new generation   total 9216K, used 461K [0x00000000e3400000, 0x00000000e3e00000, 0x00000000ecca0000)
  eden space 8192K,   0% used [0x00000000e3400000, 0x00000000e3400000, 0x00000000e3c00000)
  from space 1024K,  45% used [0x00000000e3d00000, 0x00000000e3d734d0, 0x00000000e3e00000)
  to   space 1024K,   0% used [0x00000000e3c00000, 0x00000000e3c00000, 0x00000000e3d00000)
 concurrent mark-sweep generation total 97956K, used 58899K [0x00000000ecca0000, 0x00000000f2c49000, 0x0000000100000000)
 Metaspace       used 76725K, capacity 80284K, committed 80512K, reserved 1120256K
  class space    used 9927K, capacity 10588K, committed 10624K, reserved 1048576K
}
2020-11-07T19:56:46.873+0800: 90.022: Application time: 0.0146119 seconds
{Heap before GC invocations=1039 (full 96):
 par new generation   total 9216K, used 8653K [0x00000000e3400000, 0x00000000e3e00000, 0x00000000ecca0000)
  eden space 8192K, 100% used [0x00000000e3400000, 0x00000000e3c00000, 0x00000000e3c00000)
  from space 1024K,  45% used [0x00000000e3d00000, 0x00000000e3d734d0, 0x00000000e3e00000)
  to   space 1024K,   0% used [0x00000000e3c00000, 0x00000000e3c00000, 0x00000000e3d00000)
 concurrent mark-sweep generation total 97956K, used 58899K [0x00000000ecca0000, 0x00000000f2c49000, 0x0000000100000000)
 Metaspace       used 76727K, capacity 80284K, committed 80512K, reserved 1120256K
  class space    used 9927K, capacity 10588K, committed 10624K, reserved 1048576K
2020-11-07T19:56:46.873+0800: 90.022: [GC (Allocation Failure) 2020-11-07T19:56:46.873+0800: 90.022: [ParNew: 8653K->438K(9216K), 0.0310766 secs] 67552K->59362K(107172K), 0.0311517 secs] [Times: user=0.03 sys=0.00, real=0.03 secs] 
Heap after GC invocations=1040 (full 96):
 par new generation   total 9216K, used 438K [0x00000000e3400000, 0x00000000e3e00000, 0x00000000ecca0000)
  eden space 8192K,   0% used [0x00000000e3400000, 0x00000000e3400000, 0x00000000e3c00000)
  from space 1024K,  42% used [0x00000000e3c00000, 0x00000000e3c6d808, 0x00000000e3d00000)
  to   space 1024K,   0% used [0x00000000e3d00000, 0x00000000e3d00000, 0x00000000e3e00000)
 concurrent mark-sweep generation total 97956K, used 58924K [0x00000000ecca0000, 0x00000000f2c49000, 0x0000000100000000)
 Metaspace       used 76727K, capacity 80284K, committed 80512K, reserved 1120256K
  class space    used 9927K, capacity 10588K, committed 10624K, reserved 1048576K
}
2020-11-07T19:56:46.947+0800: 90.097: Application time: 0.0433391 seconds
{Heap before GC invocations=1040 (full 96):
 par new generation   total 9216K, used 8630K [0x00000000e3400000, 0x00000000e3e00000, 0x00000000ecca0000)
  eden space 8192K, 100% used [0x00000000e3400000, 0x00000000e3c00000, 0x00000000e3c00000)
  from space 1024K,  42% used [0x00000000e3c00000, 0x00000000e3c6d808, 0x00000000e3d00000)
  to   space 1024K,   0% used [0x00000000e3d00000, 0x00000000e3d00000, 0x00000000e3e00000)
 concurrent mark-sweep generation total 97956K, used 58924K [0x00000000ecca0000, 0x00000000f2c49000, 0x0000000100000000)
 Metaspace       used 76734K, capacity 80298K, committed 80512K, reserved 1120256K
  class space    used 9929K, capacity 10591K, committed 10624K, reserved 1048576K
2020-11-07T19:56:46.948+0800: 90.097: [GC (Allocation Failure) 2020-11-07T19:56:46.948+0800: 90.097: [ParNew: 8630K->555K(9216K), 0.0193428 secs] 67554K->59516K(107172K), 0.0194158 secs] [Times: user=0.02 sys=0.00, real=0.02 secs] 
Heap after GC invocations=1041 (full 96):
 par new generation   total 9216K, used 555K [0x00000000e3400000, 0x00000000e3e00000, 0x00000000ecca0000)
  eden space 8192K,   0% used [0x00000000e3400000, 0x00000000e3400000, 0x00000000e3c00000)
  from space 1024K,  54% used [0x00000000e3d00000, 0x00000000e3d8acd0, 0x00000000e3e00000)
  to   space 1024K,   0% used [0x00000000e3c00000, 0x00000000e3c00000, 0x00000000e3d00000)
 concurrent mark-sweep generation total 97956K, used 58961K [0x00000000ecca0000, 0x00000000f2c49000, 0x0000000100000000)
 Metaspace       used 76734K, capacity 80298K, committed 80512K, reserved 1120256K
  class space    used 9929K, capacity 10591K, committed 10624K, reserved 1048576K
}
2020-11-07T19:56:46.986+0800: 90.135: Application time: 0.0187063 seconds
{Heap before GC invocations=1041 (full 96):
 par new generation   total 9216K, used 8747K [0x00000000e3400000, 0x00000000e3e00000, 0x00000000ecca0000)
  eden space 8192K, 100% used [0x00000000e3400000, 0x00000000e3c00000, 0x00000000e3c00000)
  from space 1024K,  54% used [0x00000000e3d00000, 0x00000000e3d8acd0, 0x00000000e3e00000)
  to   space 1024K,   0% used [0x00000000e3c00000, 0x00000000e3c00000, 0x00000000e3d00000)
 concurrent mark-sweep generation total 97956K, used 58961K [0x00000000ecca0000, 0x00000000f2c49000, 0x0000000100000000)
 Metaspace       used 76734K, capacity 80298K, committed 80512K, reserved 1120256K
  class space    used 9929K, capacity 10591K, committed 10624K, reserved 1048576K
2020-11-07T19:56:46.986+0800: 90.136: [GC (Allocation Failure) 2020-11-07T19:56:46.986+0800: 90.136: [ParNew: 8747K->442K(9216K), 0.0275231 secs] 67708K->59444K(107172K), 0.0275895 secs] [Times: user=0.02 sys=0.00, real=0.02 secs] 
Heap after GC invocations=1042 (full 96):
 par new generation   total 9216K, used 442K [0x00000000e3400000, 0x00000000e3e00000, 0x00000000ecca0000)
  eden space 8192K,   0% used [0x00000000e3400000, 0x00000000e3400000, 0x00000000e3c00000)
  from space 1024K,  43% used [0x00000000e3c00000, 0x00000000e3c6e8c0, 0x00000000e3d00000)
  to   space 1024K,   0% used [0x00000000e3d00000, 0x00000000e3d00000, 0x00000000e3e00000)
 concurrent mark-sweep generation total 97956K, used 59001K [0x00000000ecca0000, 0x00000000f2c49000, 0x0000000100000000)
 Metaspace       used 76734K, capacity 80298K, committed 80512K, reserved 1120256K
  class space    used 9929K, capacity 10591K, committed 10624K, reserved 1048576K
}
2020-11-07T19:56:47.040+0800: 90.189: Application time: 0.0260391 seconds
{Heap before GC invocations=1042 (full 96):
 par new generation   total 9216K, used 8634K [0x00000000e3400000, 0x00000000e3e00000, 0x00000000ecca0000)
  eden space 8192K, 100% used [0x00000000e3400000, 0x00000000e3c00000, 0x00000000e3c00000)
  from space 1024K,  43% used [0x00000000e3c00000, 0x00000000e3c6e8c0, 0x00000000e3d00000)
  to   space 1024K,   0% used [0x00000000e3d00000, 0x00000000e3d00000, 0x00000000e3e00000)
 concurrent mark-sweep generation total 97956K, used 59001K [0x00000000ecca0000, 0x00000000f2c49000, 0x0000000100000000)
 Metaspace       used 76734K, capacity 80298K, committed 80512K, reserved 1120256K
  class space    used 9929K, capacity 10591K, committed 10624K, reserved 1048576K
2020-11-07T19:56:47.040+0800: 90.190: [GC (Allocation Failure) 2020-11-07T19:56:47.040+0800: 90.190: [ParNew: 8634K->341K(9216K), 0.0083145 secs] 67636K->59383K(107172K), 0.0083735 secs] [Times: user=0.01 sys=0.00, real=0.01 secs] 
Heap after GC invocations=1043 (full 96):
 par new generation   total 9216K, used 341K [0x00000000e3400000, 0x00000000e3e00000, 0x00000000ecca0000)
  eden space 8192K,   0% used [0x00000000e3400000, 0x00000000e3400000, 0x00000000e3c00000)
  from space 1024K,  33% used [0x00000000e3d00000, 0x00000000e3d554a0, 0x00000000e3e00000)
  to   space 1024K,   0% used [0x00000000e3c00000, 0x00000000e3c00000, 0x00000000e3d00000)
 concurrent mark-sweep generation total 97956K, used 59042K [0x00000000ecca0000, 0x00000000f2c49000, 0x0000000100000000)
 Metaspace       used 76734K, capacity 80298K, committed 80512K, reserved 1120256K
  class space    used 9929K, capacity 10591K, committed 10624K, reserved 1048576K
}
2020-11-07T19:56:47.079+0800: 90.229: Application time: 0.0306126 seconds
{Heap before GC invocations=1043 (full 96):
 par new generation   total 9216K, used 8533K [0x00000000e3400000, 0x00000000e3e00000, 0x00000000ecca0000)
  eden space 8192K, 100% used [0x00000000e3400000, 0x00000000e3c00000, 0x00000000e3c00000)
  from space 1024K,  33% used [0x00000000e3d00000, 0x00000000e3d554a0, 0x00000000e3e00000)
  to   space 1024K,   0% used [0x00000000e3c00000, 0x00000000e3c00000, 0x00000000e3d00000)
 concurrent mark-sweep generation total 97956K, used 59042K [0x00000000ecca0000, 0x00000000f2c49000, 0x0000000100000000)
 Metaspace       used 76734K, capacity 80298K, committed 80512K, reserved 1120256K
  class space    used 9929K, capacity 10591K, committed 10624K, reserved 1048576K
2020-11-07T19:56:47.079+0800: 90.229: [GC (Allocation Failure) 2020-11-07T19:56:47.079+0800: 90.229: [ParNew: 8533K->371K(9216K), 0.0223659 secs] 67575K->59434K(107172K), 0.0224527 secs] [Times: user=0.02 sys=0.00, real=0.02 secs] 
Heap after GC invocations=1044 (full 96):
 par new generation   total 9216K, used 371K [0x00000000e3400000, 0x00000000e3e00000, 0x00000000ecca0000)
  eden space 8192K,   0% used [0x00000000e3400000, 0x00000000e3400000, 0x00000000e3c00000)
  from space 1024K,  36% used [0x00000000e3c00000, 0x00000000e3c5cf30, 0x00000000e3d00000)
  to   space 1024K,   0% used [0x00000000e3d00000, 0x00000000e3d00000, 0x00000000e3e00000)
 concurrent mark-sweep generation total 97956K, used 59063K [0x00000000ecca0000, 0x00000000f2c49000, 0x0000000100000000)
 Metaspace       used 76734K, capacity 80298K, committed 80512K, reserved 1120256K
  class space    used 9929K, capacity 10591K, committed 10624K, reserved 1048576K
}
2020-11-07T19:56:47.154+0800: 90.303: Application time: 0.0519101 seconds
{Heap before GC invocations=1044 (full 96):
 par new generation   total 9216K, used 8563K [0x00000000e3400000, 0x00000000e3e00000, 0x00000000ecca0000)
  eden space 8192K, 100% used [0x00000000e3400000, 0x00000000e3c00000, 0x00000000e3c00000)
  from space 1024K,  36% used [0x00000000e3c00000, 0x00000000e3c5cf30, 0x00000000e3d00000)
  to   space 1024K,   0% used [0x00000000e3d00000, 0x00000000e3d00000, 0x00000000e3e00000)
 concurrent mark-sweep generation total 97956K, used 59063K [0x00000000ecca0000, 0x00000000f2c49000, 0x0000000100000000)
 Metaspace       used 76734K, capacity 80298K, committed 80512K, reserved 1120256K
  class space    used 9929K, capacity 10591K, committed 10624K, reserved 1048576K
2020-11-07T19:56:47.154+0800: 90.303: [GC (Allocation Failure) 2020-11-07T19:56:47.154+0800: 90.303: [ParNew: 8563K->355K(9216K), 0.0121978 secs] 67626K->59459K(107172K), 0.0122633 secs] [Times: user=0.02 sys=0.00, real=0.02 secs] 
Heap after GC invocations=1045 (full 96):
 par new generation   total 9216K, used 355K [0x00000000e3400000, 0x00000000e3e00000, 0x00000000ecca0000)
  eden space 8192K,   0% used [0x00000000e3400000, 0x00000000e3400000, 0x00000000e3c00000)
  from space 1024K,  34% used [0x00000000e3d00000, 0x00000000e3d58c78, 0x00000000e3e00000)
  to   space 1024K,   0% used [0x00000000e3c00000, 0x00000000e3c00000, 0x00000000e3d00000)
 concurrent mark-sweep generation total 97956K, used 59104K [0x00000000ecca0000, 0x00000000f2c49000, 0x0000000100000000)
 Metaspace       used 76734K, capacity 80298K, committed 80512K, reserved 1120256K
  class space    used 9929K, capacity 10591K, committed 10624K, reserved 1048576K
}
2020-11-07T19:56:47.205+0800: 90.355: Application time: 0.0387541 seconds
{Heap before GC invocations=1045 (full 96):
 par new generation   total 9216K, used 8547K [0x00000000e3400000, 0x00000000e3e00000, 0x00000000ecca0000)
  eden space 8192K, 100% used [0x00000000e3400000, 0x00000000e3c00000, 0x00000000e3c00000)
  from space 1024K,  34% used [0x00000000e3d00000, 0x00000000e3d58c78, 0x00000000e3e00000)
  to   space 1024K,   0% used [0x00000000e3c00000, 0x00000000e3c00000, 0x00000000e3d00000)
 concurrent mark-sweep generation total 97956K, used 59104K [0x00000000ecca0000, 0x00000000f2c49000, 0x0000000100000000)
 Metaspace       used 76747K, capacity 80298K, committed 80512K, reserved 1120256K
  class space    used 9930K, capacity 10591K, committed 10624K, reserved 1048576K
2020-11-07T19:56:47.205+0800: 90.355: [GC (Allocation Failure) 2020-11-07T19:56:47.205+0800: 90.355: [ParNew: 8547K->300K(9216K), 0.0221598 secs] 67651K->59471K(107172K), 0.0222610 secs] [Times: user=0.03 sys=0.01, real=0.02 secs] 
Heap after GC invocations=1046 (full 96):
 par new generation   total 9216K, used 300K [0x00000000e3400000, 0x00000000e3e00000, 0x00000000ecca0000)
  eden space 8192K,   0% used [0x00000000e3400000, 0x00000000e3400000, 0x00000000e3c00000)
  from space 1024K,  29% used [0x00000000e3c00000, 0x00000000e3c4b0a8, 0x00000000e3d00000)
  to   space 1024K,   0% used [0x00000000e3d00000, 0x00000000e3d00000, 0x00000000e3e00000)
 concurrent mark-sweep generation total 97956K, used 59171K [0x00000000ecca0000, 0x00000000f2c49000, 0x0000000100000000)
 Metaspace       used 76747K, capacity 80298K, committed 80512K, reserved 1120256K
  class space    used 9930K, capacity 10591K, committed 10624K, reserved 1048576K
}
2020-11-07T19:56:47.265+0800: 90.414: Application time: 0.0372430 seconds
